bench-hist/spaceleaks_hashable/ghcide --lsp --cwd bench/example/Cabal-3.0.0.0 +RTS -I0 -qg -A128M -Scode_actions.benchmark-gcStats -I0.5 
    Alloc    Copied     Live     GC     GC      TOT      TOT  Page Flts
    bytes     bytes     bytes   user   elap     user     elap
557503296      2160  14644824  0.034  0.039    0.726    6.346    0    0  (Gen:  0)
550898264  15682688  21941024  0.048  0.058    1.126    7.159    0    0  (Gen:  1)
546118136  15681296  28255504  0.022  0.023    1.471    7.730    0    0  (Gen:  0)
527035768  15680408  35595440  0.027  0.028    2.216    8.198    0    0  (Gen:  0)
550530216  63319048 110218824  0.153  0.174    3.248    8.817    0    0  (Gen:  0)
528072552  63326472 138715936  0.234  0.268    3.860    9.219    0    0  (Gen:  1)
531475456  63323664 170972248  0.123  0.124    4.391    9.473    0    0  (Gen:  0)
539301768  57488448 206389744  0.124  0.132    5.042    9.768    0    0  (Gen:  0)
550295312  40049264 214495128  0.077  0.083    5.739   10.017    0    0  (Gen:  0)
542387640  40061928 239541016  0.093  0.097    6.423   10.268    0    0  (Gen:  0)
539888888  40038704 215216112  0.347  0.396    7.301   10.805    0    0  (Gen:  1)
544311976  29620560 227197976  0.066  0.066    7.924   11.024    0    0  (Gen:  0)
530986384  31345376 237290648  0.073  0.073    8.457   11.452    0    0  (Gen:  0)
538133416  31395832 239593136  0.042  0.042    8.943   11.806    0    0  (Gen:  0)
534249616  32939856 257701448  0.080  0.080    9.621   12.045    0    0  (Gen:  0)
537740000  32933184 273298352  0.096  0.096   10.263   12.288    0    0  (Gen:  0)
532928536  32931216 282323384  0.081  0.081   10.861   12.503    0    0  (Gen:  0)
542865376  24986592 284666936  0.054  0.054   11.456   12.706    0    0  (Gen:  0)
541933312  24987664 269344832  0.018  0.018   11.913   13.059    0    0  (Gen:  0)
530249600  25000960 286537128  0.052  0.052   12.373   13.378    0    0  (Gen:  0)
564390856  38355032 309876992  0.083  0.083   13.013   13.899    0    0  (Gen:  0)
566323088  38357280 336543032  0.088  0.088   13.673   14.456    0    0  (Gen:  0)
534296664  41932712 346590152  0.060  0.060   14.190   14.851    0    0  (Gen:  0)
539666816  26287664 359035600  0.021  0.022   14.632   15.238    0    0  (Gen:  0)
540332128  26287664 371385416  0.018  0.018   15.073   15.622    0    0  (Gen:  0)
537465872  26287664 383597184  0.020  0.022   15.515   16.010    0    0  (Gen:  0)
470032136 222349624 264467096  0.434  0.500   16.360   17.573    0    0  (Gen:  1)
   104208  12297288  20174264  0.018  0.047   16.379   17.624    0    0  (Gen:  1)
     1368                      0.000  0.000

  14,549,518,648 bytes allocated in the heap
   1,112,950,248 bytes copied during GC
     264,467,096 bytes maximum residency (5 sample(s))
       4,148,584 bytes maximum slop
             252 MB total memory in use (0 MB lost due to fragmentation)

                                     Tot time (elapsed)  Avg pause  Max pause
  Gen  0        23 colls,     0 par    1.504s   1.555s     0.0676s    0.1744s
  Gen  1         5 colls,     0 par    1.082s   1.270s     0.2540s    0.5005s

  TASKS: 19 (1 bound, 18 peak workers (18 total), using -N4)

  SPARKS: 0 (0 converted, 0 overflowed, 0 dud, 0 GC'd, 0 fizzled)

  INIT    time    0.001s  (  0.006s elapsed)
  MUT     time   13.792s  ( 14.793s elapsed)
  GC      time    2.585s  (  2.825s elapsed)
  EXIT    time    0.000s  (  0.009s elapsed)
  Total   time   16.379s  ( 17.633s elapsed)

  Alloc rate    1,054,905,374 bytes per MUT second

  Productivity  84.2% of total user, 83.9% of total elapsed

