bench-hist/spaceleaks_hashable/ghcide --lsp --cwd bench/example/Cabal-3.0.0.0 +RTS -I0 -qg -A128M -SdocumentSymbols_after_edit.benchmark-gcStats -I0.5 
    Alloc    Copied     Live     GC     GC      TOT      TOT  Page Flts
    bytes     bytes     bytes   user   elap     user     elap
554486808      2160  14635712  0.033  0.037    0.748    6.568    0 9760  (Gen:  0)
545773472      6464  21739320  0.047  0.057    1.144    7.352    0    0  (Gen:  1)
538266728      5136  28084648  0.021  0.022    1.484    7.944    0    0  (Gen:  0)
535886496  12804888  35930560  0.028  0.030    2.242    8.425    0    0  (Gen:  0)
545950776  12807976 109351280  0.146  0.168    3.218    9.083    0    0  (Gen:  0)
531384296  12817832 139012968  0.234  0.269    3.843    9.487    0    0  (Gen:  1)
528270400  60979328 169237688  0.122  0.123    4.381    9.750    0    0  (Gen:  0)
543670208  60994856 208058016  0.127  0.136    5.031   10.050    0    0  (Gen:  0)
541841392  60978232 225489512  0.104  0.113    5.748   10.326    0    0  (Gen:  0)
543259240  60975936 216955480  0.345  0.395    6.659   10.898    0    0  (Gen:  1)
540171672  60978848 236186048  0.084  0.085    7.276   11.132    0    0  (Gen:  0)
541786568  60974168 229452216  0.046  0.046    7.875   11.334    0    0  (Gen:  0)
536402904  60973168 245992040  0.075  0.075    8.412   11.794    0    0  (Gen:  0)
533025040  60972576 248963512  0.053  0.054    8.903   12.162    0    0  (Gen:  0)
537970416  60973624 267279976  0.087  0.087    9.585   12.407    0    0  (Gen:  0)
540576920  61026672 272456536  0.074  0.074   10.160   12.620    0    0  (Gen:  0)
538599088  32441152 284092664  0.076  0.076   10.824   12.863    0    0  (Gen:  0)
532571952  32441560 274172872  0.039  0.040   11.299   13.063    0    0  (Gen:  0)
533122376  32441568 283211256  0.047  0.047   11.820   13.387    0    0  (Gen:  0)
532549416  32441496 290374632  0.052  0.052   12.293   13.715    0    0  (Gen:  0)
565634168  32440512 311663752  0.080  0.080   12.917   14.225    0    0  (Gen:  0)
538262344  32440864 315767640  0.044  0.044   13.229   14.475    0    0  (Gen:  0)
533515736   6982472 317079600  0.011  0.011   13.479   14.651    0    0  (Gen:  0)
539408712   6982480 321384688  0.013  0.013   13.737   14.838    0    0  (Gen:  0)
535771496   6982480 321901424  0.010  0.010   13.995   15.023    0    0  (Gen:  0)
542931040   6982480 323612480  0.009  0.009   14.250   15.211    0    0  (Gen:  0)
534392440   6982480 327010472  0.015  0.015   14.502   15.390    0    0  (Gen:  0)
543843432   6982480 327278792  0.011  0.011   14.759   15.580    0    0  (Gen:  0)
538422448   5711832 327812936  0.009  0.009   15.013   15.765    0    0  (Gen:  0)
541435168   5711824 328741888  0.008  0.008   15.263   15.944    0    0  (Gen:  0)
538863368   7908176 333397688  0.015  0.015   15.517   16.127    0    0  (Gen:  0)
538243216   7908176 333796536  0.011  0.011   15.775   16.317    0    0  (Gen:  0)
539897352   5538720 334205664  0.008  0.008   16.025   16.498    0    0  (Gen:  0)
538572624   5054400 335268312  0.008  0.008   16.272   16.674    0    0  (Gen:  0)
540298336   7892296 339995720  0.014  0.014   16.530   16.859    0    0  (Gen:  0)
540511696   6763104 340259904  0.012  0.012   16.790   17.049    0    0  (Gen:  0)
546195592   6763104 340347056  0.008  0.008   17.050   17.241    0    0  (Gen:  0)
539824816   6763176 342043080  0.008  0.008   17.296   17.414    0    0  (Gen:  0)
541892128   6763464 345845632  0.012  0.012   17.554   17.602    0    0  (Gen:  0)
544184400   6763480 346525984  0.010  0.010   17.810   17.789    0    0  (Gen:  0)
542029312   6763472 347409976  0.009  0.009   18.062   17.970    0    0  (Gen:  0)
541215888   6763480 352165040  0.015  0.015   18.318   18.155    0    0  (Gen:  0)
542002448   6763480 352698760  0.011  0.011   18.577   18.345    0    0  (Gen:  0)
539264592   6763480 353908536  0.009  0.009   18.829   18.523    0    0  (Gen:  0)
542471072   5427784 354938768  0.008  0.008   19.082   18.706    0    0  (Gen:  0)
542060552   5427792 359760224  0.015  0.015   19.342   18.896    0    0  (Gen:  0)
540811664   5427792 360238512  0.012  0.012   19.604   19.087    0    0  (Gen:  0)
544093864   5427792 360951768  0.008  0.008   19.861   19.274    0    0  (Gen:  0)
538690512   5427784 362596600  0.009  0.009   20.108   19.447    0    0  (Gen:  0)
533992752   5427792 367252864  0.014  0.014   20.362   19.627    0    0  (Gen:  0)
609153600   5427800 379966032  0.059  0.064   20.734   19.972    0    0  (Gen:  0)
293336360  11153696  18226608  0.020  0.035   21.071   20.917    0    0  (Gen:  1)
     1584                      0.000  0.000

  27,906,790,880 bytes allocated in the heap
   1,040,557,784 bytes copied during GC
     216,955,480 bytes maximum residency (4 sample(s))
       4,281,768 bytes maximum slop
             206 MB total memory in use (0 MB lost due to fragmentation)

                                     Tot time (elapsed)  Avg pause  Max pause
  Gen  0        48 colls,     0 par    1.699s   1.755s     0.0366s    0.1676s
  Gen  1         4 colls,     0 par    0.647s   0.756s     0.1889s    0.3948s

  TASKS: 21 (1 bound, 20 peak workers (20 total), using -N4)

  SPARKS: 0 (0 converted, 0 overflowed, 0 dud, 0 GC'd, 0 fizzled)

  INIT    time    0.001s  (  0.006s elapsed)
  MUT     time   18.723s  ( 18.401s elapsed)
  GC      time    2.346s  (  2.510s elapsed)
  EXIT    time    0.001s  (  0.007s elapsed)
  Total   time   21.071s  ( 20.924s elapsed)

  Alloc rate    1,490,499,118 bytes per MUT second

  Productivity  88.9% of total user, 87.9% of total elapsed

