bench-hist/spaceleaks_hashable/ghcide --lsp --cwd bench/example/Cabal-3.0.0.0 +RTS -I0 -qg -A128M -Sedit.benchmark-gcStats -I0.5 
    Alloc    Copied     Live     GC     GC      TOT      TOT  Page Flts
    bytes     bytes     bytes   user   elap     user     elap
557006232  11092128  14750968  0.033  0.037    0.721    6.362    0    0  (Gen:  0)
549504008  11096488  21948552  0.048  0.057    1.119    7.149    0    0  (Gen:  1)
541390000   9428656  28450304  0.021  0.022    1.461    7.748    0    0  (Gen:  0)
534223904   9427800  35676256  0.026  0.028    2.210    8.222    0    0  (Gen:  0)
545835824  62667608 109563448  0.147  0.169    3.190    8.801    0    0  (Gen:  0)
526282424  62677080 139847104  0.233  0.267    3.810    9.196    0    0  (Gen:  1)
529315136  62671072 171878592  0.125  0.126    4.327    9.453    0    0  (Gen:  0)
536577872  59262032 207576072  0.126  0.134    5.065    9.772    0    0  (Gen:  0)
557231328  59271560 218462624  0.088  0.097    5.747   10.030    0    0  (Gen:  0)
537914664  59254576 219786064  0.350  0.398    6.638   10.601    0    0  (Gen:  1)
543659448  16490520 213917664  0.037  0.037    7.185   10.798    0    0  (Gen:  0)
542730760  30116752 231325008  0.064  0.065    7.823   11.018    0    0  (Gen:  0)
530862904  30118336 246587136  0.091  0.091    8.378   11.437    0    0  (Gen:  0)
536432176  20967328 244697720  0.045  0.045    8.872   11.806    0    0  (Gen:  0)
537822616  38043864 264839432  0.091  0.091    9.532   12.047    0    0  (Gen:  0)
535276176  38043504 271415152  0.081  0.081   10.114   12.259    0    0  (Gen:  0)
543048704  38096536 270062224  0.052  0.052   10.692   12.477    0    0  (Gen:  0)
533539672  38045272 272307112  0.053  0.053   11.193   12.737    0    0  (Gen:  0)
536459984  19308392 280347832  0.052  0.052   11.710   13.054    0    0  (Gen:  0)
533720584  22279536 285166056  0.052  0.052   12.181   13.380    0    0  (Gen:  0)
559068992  22278352 305621688  0.078  0.079   12.802   13.878    0    0  (Gen:  0)
534974872  22278064 309341336  0.056  0.056   13.392   14.441    0    0  (Gen:  0)
538328912  22278064 308469712  0.033  0.033   13.995   14.960    0    0  (Gen:  0)
530825424  21518864 317336536  0.051  0.051   14.661   15.565    0    0  (Gen:  0)
541799656  13779720 311287952  0.035  0.035   15.277   16.118    0    0  (Gen:  0)
535914344  13779800 311000160  0.035  0.035   15.866   16.677    0    0  (Gen:  0)
530867200  13779792 311996240  0.037  0.037   16.459   17.181    0    0  (Gen:  0)
531820488  13781792 318628904  0.051  0.051   17.122   17.786    0    0  (Gen:  0)
535259264  13779840 312582128  0.035  0.035   17.691   18.321    0    0  (Gen:  0)
535532464  13779912 312379928  0.035  0.035   18.304   18.864    0    0  (Gen:  0)
531974816  13779928 311473632  0.032  0.032   18.929   19.415    0    0  (Gen:  0)
536719192  13782552 317922560  0.044  0.044   19.566   19.987    0    0  (Gen:  0)
535120584  13779976 313222584  0.035  0.035   20.138   20.532    0    0  (Gen:  0)
532687096  13779992 312291352  0.034  0.034   20.733   21.040    0    0  (Gen:  0)
531870656  13780000 321300528  0.052  0.052   21.406   21.654    0    0  (Gen:  0)
535710976  13780016 315178664  0.036  0.036   22.017   22.210    0    0  (Gen:  0)
535978344  14032320 315220656  0.037  0.037   22.619   22.770    0    0  (Gen:  0)
527811800  14032344 315013536  0.036  0.036   23.217   23.282    0    0  (Gen:  0)
534816856  14036624 321505128  0.048  0.048   23.872   23.876    0    0  (Gen:  0)
537179072  14032360 316284472  0.036  0.036   24.430   24.407    0    0  (Gen:  0)
537986704  14032392 315726304  0.035  0.035   25.059   24.955    0    0  (Gen:  0)
528677064  14032392 314429584  0.031  0.031   25.687   25.512    0    0  (Gen:  0)
534311920  14035648 319541408  0.041  0.041   26.323   26.083    0    0  (Gen:  0)
535418320  14032424 316418968  0.035  0.036   26.904   26.636    0    0  (Gen:  0)
533147912  14032456 315580520  0.033  0.033   27.500   27.141    0    0  (Gen:  0)
532307768  14032464 324822696  0.054  0.054   28.177   27.760    0    0  (Gen:  0)
534370864  14032536 318480600  0.038  0.038   28.761   28.302    0    0  (Gen:  0)
534788160  13821136 318133880  0.036  0.036   29.377   28.858    0    0  (Gen:  0)
531767008  13821160 317703824  0.034  0.035   29.990   29.391    0    0  (Gen:  0)
536230680  13825032 323967904  0.046  0.047   30.645   29.984    0    0  (Gen:  0)
535766256  13769456 319047176  0.036  0.036   31.219   30.531    0    0  (Gen:  0)
537150408  13769456 318447968  0.034  0.035   31.839   31.068    0    0  (Gen:  0)
533611432  13769480 317128424  0.031  0.031   32.478   31.640    0    0  (Gen:  0)
537151152  17207112 322681728  0.041  0.041   33.119   32.212    0    0  (Gen:  0)
537701584  17204952 319342576  0.036  0.036   33.705   32.772    0    0  (Gen:  0)
528590024  17205008 318475648  0.034  0.034   34.297   33.275    0    0  (Gen:  0)
533197472  21806224 327546488  0.053  0.054   34.976   33.897    0    0  (Gen:  0)
535474472  21806248 321619208  0.038  0.038   35.552   34.436    0    0  (Gen:  0)
539532840  21806304 321078904  0.037  0.037   36.179   34.999    0    0  (Gen:  0)
531822216  21806368 320678328  0.035  0.035   36.790   35.528    0    0  (Gen:  0)
532511952  21809280 326937384  0.046  0.046   37.439   36.112    0    0  (Gen:  0)
535042760  21806416 322026784  0.036  0.036   38.017   36.662    0    0  (Gen:  0)
537500088  21806464 321294176  0.034  0.034   38.636   37.197    0    0  (Gen:  0)
532855512  21806464 319840936  0.031  0.031   39.281   37.775    0    0  (Gen:  0)
533975904  21806472 322125280  0.036  0.036   39.907   38.334    0    0  (Gen:  0)
536437696  21806544 322097968  0.035  0.035   40.495   38.893    0    0  (Gen:  0)
528286520  21806544 323022248  0.038  0.038   41.093   39.400    0    0  (Gen:  0)
535798248  21811296 330150992  0.053  0.053   41.773   40.020    0    0  (Gen:  0)
537665152  21806608 324078272  0.037  0.037   42.353   40.566    0    0  (Gen:  0)
535127376  21806640 323568704  0.037  0.037   42.976   41.123    0    0  (Gen:  0)
531719000  21806720 322840872  0.034  0.034   43.600   41.669    0    0  (Gen:  0)
537337824  19331000 329436680  0.047  0.047   44.252   42.257    0    0  (Gen:  0)
538502656  19329656 324468864  0.037  0.037   44.834   42.812    0    0  (Gen:  0)
536966168  19329648 323685352  0.035  0.035   45.449   43.343    0    0  (Gen:  0)
530539712  19329656 323763776  0.033  0.033   46.100   43.930    0    0  (Gen:  0)
535645328  19329728 324724896  0.036  0.036   46.729   44.489    0    0  (Gen:  0)
539568328  19329728 324505576  0.036  0.036   47.324   45.057    0    0  (Gen:  0)
530014544  19329736 324218256  0.035  0.035   47.921   45.562    0    0  (Gen:  0)
536931856  19329800 332704704  0.054  0.054   48.602   46.183    0    0  (Gen:  0)
535947144  19329808 326732752  0.038  0.038   49.179   46.725    0    0  (Gen:  0)
538905544  13787312 326161816  0.037  0.037   49.809   47.288    0    0  (Gen:  0)
529330584  13787320 325442512  0.034  0.034   50.431   47.827    0    0  (Gen:  0)
534948120  19392432 332010536  0.047  0.048   51.085   48.415    0    0  (Gen:  0)
537200592  19388728 327053568  0.037  0.037   51.664   48.967    0    0  (Gen:  0)
535645952  19388800 326267888  0.035  0.035   52.278   49.495    0    0  (Gen:  0)
535942096  19388808 324856944  0.031  0.031   52.933   50.085    0    0  (Gen:  0)
539851152  19388832 330661584  0.042  0.042   53.571   50.654    0    0  (Gen:  0)
532171408  19388880 327155696  0.037  0.037   54.157   51.211    0    0  (Gen:  0)
527502936  19388872 328120312  0.038  0.038   54.757   51.720    0    0  (Gen:  0)
532955640  19393656 334989200  0.054  0.054   55.437   52.340    0    0  (Gen:  0)
536051624  19388880 328531744  0.036  0.036   56.017   52.885    0    0  (Gen:  0)
535520696  19388872 328532336  0.037  0.037   56.640   53.436    0    0  (Gen:  0)
535899880  19388880 327958664  0.034  0.034   57.268   53.986    0    0  (Gen:  0)
532718712  19392632 334237312  0.047  0.047   57.917   54.570    0    0  (Gen:  0)
532351496  19388984 329472528  0.037  0.037   58.501   55.125    0    0  (Gen:  0)
536873744  19388992 328676112  0.035  0.035   59.110   55.647    0    0  (Gen:  0)
533890640  11694224 327183320  0.031  0.031   59.774   56.252    0    0  (Gen:  0)
536258976  11694264 329916608  0.036  0.037   60.395   56.811    0    0  (Gen:  0)
536804544  11694280 329841264  0.037  0.037   60.997   57.377    0    0  (Gen:  0)
530622200  11694280 330174744  0.038  0.038   61.602   57.894    0    0  (Gen:  0)
535475688  11696744 337078280  0.053  0.053   62.278   58.509    0    0  (Gen:  0)
531768048  13930272 331192224  0.037  0.037   62.839   59.040    0    0  (Gen:  0)
535041664  13930304 330583104  0.036  0.036   63.472   59.594    0    0  (Gen:  0)
532345600  13930328 329408672  0.033  0.033   64.112   60.163    0    0  (Gen:  0)
538157272  13931352 335396784  0.045  0.045   64.758   60.742    0    0  (Gen:  0)
538470416  13706128 331381416  0.036  0.037   65.343   61.296    0    0  (Gen:  0)
538042288  13706120 330487592  0.035  0.035   65.953   61.816    0    0  (Gen:  0)
533304944  21531912 339314472  0.054  0.054   66.636   62.438    0    0  (Gen:  0)
534972680  13827776 333165960  0.037  0.038   67.251   62.992    0    0  (Gen:  0)
534557768  13827768 333287296  0.038  0.038   67.857   63.560    0    0  (Gen:  0)
530875888  14180296 333184456  0.038  0.038   68.463   64.075    0    0  (Gen:  0)
534077264  14184576 339849112  0.051  0.051   69.131   64.680    0    0  (Gen:  0)
535405240  14180304 334337576  0.037  0.037   69.698   65.219    0    0  (Gen:  0)
536298168  13488328 333806920  0.036  0.036   70.330   65.769    0    0  (Gen:  0)
529520872  12182824 332476440  0.032  0.032   70.969   66.337    0    0  (Gen:  0)
537222352  12186168 337798760  0.043  0.043   71.614   66.912    0    0  (Gen:  0)
535640872  12182864 334506912  0.037  0.037   72.200   67.470    0    0  (Gen:  0)
532100672  12182920 333604512  0.036  0.036   72.832   68.012    0    0  (Gen:  0)
531265536  21849088 342752872  0.055  0.056   73.525   68.646    0    0  (Gen:  0)
536712192  21849088 336461048  0.038  0.038   74.116   69.194    0    0  (Gen:  0)
539439640  21849128 336352648  0.038  0.038   74.744   69.764    0    0  (Gen:  0)
528704608  21849176 335802488  0.035  0.036   75.360   70.296    0    0  (Gen:  0)
530615928  21852144 342015808  0.048  0.048   76.016   70.887    0    0  (Gen:  0)
535073312  21849184 337164064  0.037  0.037   76.600   71.443    0    0  (Gen:  0)
534814224  21849208 336396424  0.035  0.036   77.217   71.972    0    0  (Gen:  0)
534231296  21849264 336392832  0.033  0.033   77.876   72.572    0    0  (Gen:  0)
537275264  21849256 337389320  0.037  0.037   78.511   73.135    0    0  (Gen:  0)
539323280  13655440 337238312  0.036  0.037   79.106   73.702    0    0  (Gen:  0)
532718040  13655432 336438952  0.035  0.035   79.708   74.212    0    0  (Gen:  0)
533356568  13655432 345373864  0.056  0.056   80.398   74.844    0    0  (Gen:  0)
532084960  13655448 338799696  0.038  0.038   80.974   75.385    0    0  (Gen:  0)
536182664  13655536 338761600  0.037  0.038   81.607   75.946    0    0  (Gen:  0)
531394208  13007432 337946872  0.034  0.035   82.238   76.498    0    0  (Gen:  0)
532774488  13010280 344283072  0.047  0.047   82.887   77.080    0    0  (Gen:  0)
532782600  13007544 339711312  0.037  0.037   83.471   77.636    0    0  (Gen:  0)
535091944  13007560 338884680  0.036  0.036   84.093   78.359    0    0  (Gen:  0)
533806624  13007568 347893616  0.054  0.054   84.785   78.992    0    0  (Gen:  0)
  2989320  13004480 239461472  0.349  0.388   85.139   80.113    0    0  (Gen:  1)
   104616  13004280  18208016  0.024  0.044   85.163   80.158    0    0  (Gen:  1)
     1392                      0.000  0.000

  73,355,940,384 bytes allocated in the heap
   2,692,472,688 bytes copied during GC
     239,461,472 bytes maximum residency (5 sample(s))
       3,357,600 bytes maximum slop
             228 MB total memory in use (0 MB lost due to fragmentation)

                                     Tot time (elapsed)  Avg pause  Max pause
  Gen  0       134 colls,     0 par    5.785s   5.846s     0.0436s    0.1691s
  Gen  1         5 colls,     0 par    1.004s   1.154s     0.2308s    0.3982s

  TASKS: 21 (1 bound, 20 peak workers (20 total), using -N4)

  SPARKS: 0 (0 converted, 0 overflowed, 0 dud, 0 GC'd, 0 fizzled)

  INIT    time    0.001s  (  0.006s elapsed)
  MUT     time   78.372s  ( 73.152s elapsed)
  GC      time    6.789s  (  7.000s elapsed)
  EXIT    time    0.000s  (  0.006s elapsed)
  Total   time   85.163s  ( 80.164s elapsed)

  Alloc rate    935,992,501 bytes per MUT second

  Productivity  92.0% of total user, 91.3% of total elapsed

