bench-hist/spaceleaks_hashable/ghcide --lsp --cwd bench/example/Cabal-3.0.0.0 +RTS -I0 -qg -A128M -SgetDefinition.benchmark-gcStats -I0.5 
    Alloc    Copied     Live     GC     GC      TOT      TOT  Page Flts
    bytes     bytes     bytes   user   elap     user     elap
560158248  11135496  14759296  0.033  0.038    0.732    6.588    0    0  (Gen:  0)
548147504  15677640  21952048  0.048  0.058    1.131    7.397    0    0  (Gen:  1)
542015232  15676248  28264168  0.021  0.022    1.478    7.972    0    0  (Gen:  0)
525165400  15675344  36003072  0.028  0.030    2.225    8.447    0    0  (Gen:  0)
545500640  15678408 109481840  0.147  0.168    3.166    9.040    0    0  (Gen:  0)
531846808  15693336 139658368  0.235  0.270    3.798    9.440    0    0  (Gen:  1)
524703192  15681368 171906864  0.126  0.127    4.289    9.687    0    0  (Gen:  0)
539976608  15708120 213322936  0.135  0.145    5.037   10.040    0    0  (Gen:  0)
544909936  41596024 220208456  0.083  0.090    5.687   10.288    0    0  (Gen:  0)
540226352 184405496 218610976  0.349  0.396    6.549   10.872    0    0  (Gen:  1)
545368216 184401624 211869736  0.033  0.033    7.099   11.075    0    0  (Gen:  0)
542049256 184406632 240144632  0.093  0.093    7.784   11.324    0    0  (Gen:  0)
533454280 184413632 240328984  0.068  0.068    8.326   11.650    0    0  (Gen:  0)
537282552 184400936 243065672  0.040  0.040    8.810   12.005    0    0  (Gen:  0)
539074000 184402920 266472952  0.093  0.093    9.484   12.250    0    0  (Gen:  0)
534428816 184454344 279383472  0.097  0.097   10.085   12.481    0    0  (Gen:  0)
537857032 184401376 281763776  0.081  0.081   10.745   12.738    0    0  (Gen:  0)
534435704 184401432 273027456  0.048  0.048   11.220   12.930    0    0  (Gen:  0)
533130360 184401496 282625744  0.053  0.053   11.741   13.254    0    0  (Gen:  0)
534237096 184402520 287783104  0.054  0.054   12.215   13.582    0    0  (Gen:  0)
559774136  37875320 308174832  0.078  0.079   12.828   14.082    0    0  (Gen:  0)
538867808  29555520 314906488  0.054  0.054   13.244   14.470    0    0  (Gen:  0)
520388032  10996312 317087656  0.019  0.019   13.418   14.645    0    0  (Gen:  0)
526344128  10997008 319636928  0.010  0.010   13.646   14.889    0    0  (Gen:  0)
527501976  10996496 321871328  0.009  0.009   14.440   15.575    0    0  (Gen:  0)
530839504  10996584 321173728  0.008  0.008   15.234   16.260    0    0  (Gen:  0)
537580208  10996776 321213160  0.008  0.008   16.035   16.953    0    0  (Gen:  0)
532533952  10996840 321332320  0.008  0.008   16.821   17.631    0    0  (Gen:  0)
535021536  10996880 321183672  0.008  0.008   17.609   18.311    0    0  (Gen:  0)
530320128   2337400 321166992  0.008  0.008   18.390   18.979    0    0  (Gen:  0)
535195392   2337488 321335440  0.008  0.008   19.183   19.659    0    0  (Gen:  0)
535809264   2337552 321432064  0.008  0.008   19.970   20.336    0    0  (Gen:  0)
533382160   2684088 322124864  0.009  0.009   20.747   21.019    0    0  (Gen:  0)
533944152   2684088 322150024  0.010  0.010   21.524   21.703    0    0  (Gen:  0)
530120088   2684200 321867368  0.009  0.009   22.304   22.387    0    0  (Gen:  0)
532674048   2544144 321886336  0.009  0.009   23.098   23.076    0    0  (Gen:  0)
529721464   2544144 321667320  0.009  0.009   23.897   23.772    0    0  (Gen:  0)
531669240   2544240 321625232  0.008  0.008   24.697   24.464    0    0  (Gen:  0)
535917064   2385192 321763464  0.008  0.008   25.499   25.159    0    0  (Gen:  0)
537478464   2385264 321700616  0.008  0.008   26.296   25.848    0    0  (Gen:  0)
531526104   2385376 322279136  0.009  0.009   27.082   26.520    0    0  (Gen:  0)
534175304   2385488 321527504  0.008  0.008   27.877   27.205    0    0  (Gen:  0)
532096480   2385520 321339880  0.008  0.008   28.666   27.879    0    0  (Gen:  0)
535650664   2385632 322119856  0.009  0.009   29.460   28.565    0    0  (Gen:  0)
531522448   2814000 322789928  0.010  0.010   30.235   29.250    0    0  (Gen:  0)
532815632   2814000 322584432  0.011  0.011   31.014   29.937    0    0  (Gen:  0)
527095304   2814024 322414544  0.009  0.009   31.796   30.614    0    0  (Gen:  0)
533277800   2814128 322092648  0.009  0.009   32.605   31.315    0    0  (Gen:  0)
529259696   2814136 321933464  0.009  0.009   33.405   32.007    0    0  (Gen:  0)
530941248   2814176 321913472  0.008  0.008   34.207   32.699    0    0  (Gen:  0)
531085960   2627736 322477096  0.009  0.009   35.002   33.386    0    0  (Gen:  0)
530717072   2627808 321832072  0.008  0.008   35.790   34.060    0    0  (Gen:  0)
534782440   2265008 321714576  0.008  0.008   36.585   34.744    0    0  (Gen:  0)
528984432   2628056 322557784  0.009  0.009   37.370   35.417    0    0  (Gen:  0)
532183184   2628184 322907552  0.010  0.010   38.152   36.104    0    0  (Gen:  0)
531072240   2628200 322905888  0.011  0.011   38.931   36.788    0    0  (Gen:  0)
528493760   2589464 322434880  0.009  0.009   39.714   37.471    0    0  (Gen:  0)
530278048   2589472 322831448  0.009  0.009   40.517   38.164    0    0  (Gen:  0)
530797840   2589632 322255368  0.009  0.009   41.320   38.855    0    0  (Gen:  0)
530705032   2577984 322730928  0.009  0.009   42.122   39.547    0    0  (Gen:  0)
530473296   2452360 322219216  0.008  0.008   42.914   40.229    0    0  (Gen:  0)
537396432   2452368 322218264  0.008  0.008   43.716   40.921    0    0  (Gen:  0)
532399800   2452440 322172976  0.008  0.008   44.511   41.603    0    0  (Gen:  0)
532298872   2227680 321923336  0.008  0.008   45.301   42.278    0    0  (Gen:  0)
533275848   2227832 322814008  0.009  0.009   46.086   42.961    0    0  (Gen:  0)
536735936   2227880 322951504  0.010  0.010   46.879   43.656    0    0  (Gen:  0)
530901640   2887256 323012136  0.010  0.010   47.661   44.344    0    0  (Gen:  0)
531991656   2887256 322713624  0.009  0.009   48.452   45.030    0    0  (Gen:  0)
535158760   2887288 322939360  0.009  0.009   49.260   45.725    0    0  (Gen:  0)
527814984   2887408 322561392  0.009  0.009   50.062   46.418    0    0  (Gen:  0)
531795776   2887440 322635600  0.008  0.009   50.867   47.114    0    0  (Gen:  0)
537072768   2887464 322568944  0.008  0.008   51.673   47.811    0    0  (Gen:  0)
535617128   2887528 322880288  0.009  0.009   52.473   48.500    0    0  (Gen:  0)
534216520   2887640 323281472  0.009  0.009   53.270   49.180    0    0  (Gen:  0)
378637552 208555200 244343616  0.360  0.391   54.187   50.764    0    0  (Gen:  1)
   103536  11159280  18252664  0.016  0.037   54.204   50.802    0    0  (Gen:  1)
     2440                      0.000  0.000

  39,922,403,608 bytes allocated in the heap
   2,671,922,272 bytes copied during GC
     244,343,616 bytes maximum residency (5 sample(s))
       4,260,576 bytes maximum slop
             233 MB total memory in use (0 MB lost due to fragmentation)

                                     Tot time (elapsed)  Avg pause  Max pause
  Gen  0        71 colls,     0 par    1.829s   1.880s     0.0265s    0.1675s
  Gen  1         5 colls,     0 par    1.009s   1.152s     0.2305s    0.3959s

  TASKS: 22 (1 bound, 21 peak workers (21 total), using -N4)

  SPARKS: 0 (0 converted, 0 overflowed, 0 dud, 0 GC'd, 0 fizzled)

  INIT    time    0.001s  (  0.006s elapsed)
  MUT     time   51.365s  ( 47.764s elapsed)
  GC      time    2.837s  (  3.032s elapsed)
  EXIT    time    0.000s  (  0.009s elapsed)
  Total   time   54.204s  ( 50.811s elapsed)

  Alloc rate    777,228,369 bytes per MUT second

  Productivity  94.8% of total user, 94.0% of total elapsed

