bench-hist/spaceleaks_hashable/ghcide --lsp --cwd bench/example/Cabal-3.0.0.0 +RTS -I0 -qg -A128M -Shover_after_edit.benchmark-gcStats -I0.5 
    Alloc    Copied     Live     GC     GC      TOT      TOT  Page Flts
    bytes     bytes     bytes   user   elap     user     elap
560763328      2160  14760352  0.035  0.039    0.763    6.724    0    0  (Gen:  0)
543390656  15644736  21717920  0.048  0.057    1.160    7.549    0    0  (Gen:  1)
540016760  15643424  28162592  0.021  0.022    1.504    8.153    0    0  (Gen:  0)
533022752  15642840  35628264  0.029  0.030    2.276    8.637    0    0  (Gen:  0)
547974120  15645648 110903408  0.156  0.177    3.248    9.247    0    0  (Gen:  0)
527528072 112496184 139935440  0.244  0.278    3.882    9.660    0    0  (Gen:  1)
524970368 112488488 169435736  0.125  0.126    4.408    9.916    0    0  (Gen:  0)
538171696 112508464 217375736  0.143  0.152    5.139   10.246    0    0  (Gen:  0)
551569200  43739136 216962216  0.090  0.098    5.864   10.518    0    0  (Gen:  0)
541672120  43705664 221713280  0.410  0.463    6.821   11.166    0    0  (Gen:  1)
542424136  43703608 218204408  0.043  0.044    7.385   11.371    0    0  (Gen:  0)
539335640  43721640 233201744  0.068  0.068    8.027   11.588    0    0  (Gen:  0)
535430144  30638048 243003056  0.077  0.077    8.605   12.058    0    0  (Gen:  0)
538398992  23043464 242627848  0.044  0.045    9.084   12.424    0    0  (Gen:  0)
545887392  23044248 253827320  0.069  0.069    9.749   12.649    0    0  (Gen:  0)
535468152  23047160 274356840  0.106  0.107   10.392   12.898    0    0  (Gen:  0)
536215416  23050496 268089784  0.055  0.055   11.012   13.101    0    0  (Gen:  0)
534104008  23046216 272050960  0.045  0.045   11.491   13.341    0    0  (Gen:  0)
538612432  23052672 272121688  0.046  0.046   12.042   13.660    0    0  (Gen:  0)
533775504  21929992 286153656  0.054  0.054   12.520   13.992    0    0  (Gen:  0)
563440512  39462952 308063248  0.083  0.083   13.179   14.542    0    0  (Gen:  0)
533709704  39462992 312844264  0.062  0.062   13.682   15.012    0    0  (Gen:  0)
520837960  39463080 314902720  0.028  0.029   13.880   15.211    0    0  (Gen:  0)
520719896  39462648 318001792  0.010  0.010   14.041   15.372    0    0  (Gen:  0)
533548176  39463240 332309360  0.042  0.042   14.511   15.811    0    0  (Gen:  0)
520822912  39462736 334257880  0.028  0.028   14.710   16.010    0    0  (Gen:  0)
520705056  39462528 337207432  0.009  0.009   14.871   16.171    0    0  (Gen:  0)
533135600  39463344 351229544  0.041  0.041   15.341   16.609    0    0  (Gen:  0)
520805944  39462784 353142344  0.029  0.029   15.539   16.807    0    0  (Gen:  0)
520701152  39462576 356104440  0.009  0.009   15.701   16.969    0    0  (Gen:  0)
533251328  39463392 370234864  0.041  0.041   16.170   17.406    0    0  (Gen:  0)
524192896  17422712 372187896  0.027  0.027   16.371   17.608    0    0  (Gen:  0)
520688176   5031240 375200128  0.009  0.009   16.523   17.760    0    0  (Gen:  0)
534193192   5032056 389401192  0.039  0.039   16.965   18.169    0    0  (Gen:  0)
520832408   5031520 391097776  0.026  0.026   17.146   18.350    0    0  (Gen:  0)
520603760   5031312 394375864  0.010  0.010   17.302   18.506    0    0  (Gen:  0)
533085240   5032128 408593920  0.042  0.045   17.749   18.922    0    0  (Gen:  0)
520787288   5031600 410215600  0.026  0.026   17.930   19.103    0    0  (Gen:  0)
520650976   5030904 263316536  0.412  0.468   18.486   19.716    0    0  (Gen:  1)
534235176   5031712 277476696  0.039  0.039   18.927   20.123    0    0  (Gen:  0)
520790056   5031176 279187208  0.027  0.027   19.111   20.308    0    0  (Gen:  0)
520640512   5030968 282587400  0.009  0.010   19.268   20.466    0    0  (Gen:  0)
533146272  16459320 296538016  0.039  0.039   19.709   20.873    0    0  (Gen:  0)
520806224  17181528 298249520  0.026  0.027   19.893   21.057    0    0  (Gen:  0)
520629928   4946096 301454544  0.009  0.009   20.050   21.214    0    0  (Gen:  0)
536739608   4946856 315644408  0.039  0.039   20.489   21.619    0    0  (Gen:  0)
523210232   4946456 317315848  0.027  0.027   20.671   21.801    0    0  (Gen:  0)
520669888   4946080 320498968  0.009  0.009   20.834   21.965    0    0  (Gen:  0)
535551488   4946904 334865720  0.039  0.039   21.276   22.374    0    0  (Gen:  0)
524561000   4946824 336570264  0.025  0.026   21.459   22.558    0    0  (Gen:  0)
520603256   4946224 339442144  0.009  0.009   21.623   22.721    0    0  (Gen:  0)
539695152   4947040 354150376  0.040  0.040   22.065   23.130    0    0  (Gen:  0)
520754848   4946888 355645184  0.026  0.026   22.246   23.311    0    0  (Gen:  0)
520650712   4946304 358545208  0.009  0.009   22.405   23.471    0    0  (Gen:  0)
534836856   4947104 373505448  0.039  0.039   22.840   23.873    0    0  (Gen:  0)
520734008   4949392 374775504  0.027  0.027   23.029   24.062    0    0  (Gen:  0)
520629096   4946352 377295624  0.008  0.008   23.187   24.220    0    0  (Gen:  0)
537214000   4947144 389556528  0.033  0.033   23.602   24.604    0    0  (Gen:  0)
526119632   4946752 393646464  0.028  0.028   23.798   24.799    0    0  (Gen:  0)
520639136   4946384 396042776  0.012  0.012   23.963   24.964    0    0  (Gen:  0)
536034184  13995312 408737424  0.035  0.035   24.376   25.346    0    0  (Gen:  0)
524967152  13995432 412596184  0.029  0.029   24.576   25.544    0    0  (Gen:  0)
520619984  13994616 414715224  0.014  0.014   24.742   25.711    0    0  (Gen:  0)
539232992  13995408 427240248  0.034  0.034   25.150   26.087    0    0  (Gen:  0)
527065280  13995304 431376040  0.029  0.029   25.357   26.293    0    0  (Gen:  0)
520606056  13994752 433574248  0.015  0.015   25.526   26.463    0    0  (Gen:  0)
538822240  13995488 445601296  0.032  0.032   25.928   26.832    0    0  (Gen:  0)
525913000  13995400 449934736  0.030  0.030   26.142   27.045    0    0  (Gen:  0)
520608768  13994736 452282344  0.015  0.015   26.310   27.213    0    0  (Gen:  0)
538722696  12618264 463530320  0.030  0.030   26.701   27.572    0    0  (Gen:  0)
523610376  12618088 468537384  0.028  0.029   26.922   27.791    0    0  (Gen:  0)
523667624  12617528 471049656  0.017  0.017   27.093   27.962    0    0  (Gen:  0)
534434592  11730352 481347056  0.026  0.026   27.470   28.306    0    0  (Gen:  0)
525061008  16426456 487359888  0.029  0.029   27.701   28.536    0    0  (Gen:  0)
520650264   8957920 489856768  0.016  0.016   27.870   28.705    0    0  (Gen:  0)
539771152  11556144 499918672  0.026  0.026   28.242   29.045    0    0  (Gen:  0)
525181880  11557800 506178872  0.029  0.029   28.477   29.279    0    0  (Gen:  0)
520638992  11555456 508558992  0.016  0.016   28.648   29.451    0    0  (Gen:  0)
536108168  11556248 517191848  0.023  0.023   29.012   29.782    0    0  (Gen:  0)
524863080  11561072 524762168  0.030  0.030   29.251   30.021    0    0  (Gen:  0)
520637648  11555544 527398016  0.017  0.017   29.426   30.196    0    0  (Gen:  0)
540312368  11555336 253715696  0.369  0.406   30.136   30.912    0    0  (Gen:  1)
523126216  16396048 261890232  0.033  0.033   30.381   31.157    0    0  (Gen:  0)
520628784  10466840 264437432  0.020  0.020   30.560   31.337    0    0  (Gen:  0)
537454736  10467632 268793792  0.016  0.016   30.902   31.653    0    0  (Gen:  0)
524144392  10467504 280635256  0.034  0.034   31.164   31.909    0    0  (Gen:  0)
521415952  15112056 283351480  0.025  0.025   31.348   32.095    0    0  (Gen:  0)
536465248  15112840 287416552  0.015  0.015   31.662   32.395    0    0  (Gen:  0)
521409960  15112256 299578784  0.034  0.034   31.947   32.662    0    0  (Gen:  0)
520594664  15112128 302226352  0.025  0.025   32.131   32.846    0    0  (Gen:  0)
540090472  15112912 306482144  0.016  0.016   32.422   33.139    0    0  (Gen:  0)
525477752  15112320 318673520  0.035  0.035   32.734   33.418    0    0  (Gen:  0)
520588488  15112248 321445656  0.025  0.025   32.920   33.604    0    0  (Gen:  0)
541027464  15113048 325107192  0.015  0.015   33.202   33.889    0    0  (Gen:  0)
521518312  15112416 337828840  0.035  0.035   33.519   34.169    0    0  (Gen:  0)
520586336  15112288 340426944  0.026  0.026   33.706   34.357    0    0  (Gen:  0)
535307120  15113088 343842816  0.014  0.014   33.965   34.626    0    0  (Gen:  0)
521486672  15112512 356735040  0.035  0.035   34.303   34.922    0    0  (Gen:  0)
520575456  15112464 359459608  0.025  0.025   34.491   35.110    0    0  (Gen:  0)
539211168  15113264 362772832  0.013  0.013   34.745   35.374    0    0  (Gen:  0)
522077504  16436712 375800808  0.035  0.035   35.086   35.673    0    0  (Gen:  0)
520557528  16000320 378281912  0.025  0.025   35.271   35.857    0    0  (Gen:  0)
539694760  16001120 381744272  0.013  0.013   35.524   36.121    0    0  (Gen:  0)
526818712  16352360 394771256  0.038  0.039   35.876   36.431    0    0  (Gen:  0)
520549528  15813832 397145240  0.024  0.024   36.067   36.623    0    0  (Gen:  0)
540539408  15814600 400765800  0.013  0.013   36.319   36.886    0    0  (Gen:  0)
525557064  15813984 413637944  0.034  0.034   36.665   37.188    0    0  (Gen:  0)
520544456  15813856 415855440  0.024  0.024   36.852   37.375    0    0  (Gen:  0)
539345776  15814648 419740584  0.013  0.013   37.101   37.635    0    0  (Gen:  0)
524930320  15814024 432697880  0.034  0.035   37.448   37.940    0    0  (Gen:  0)
520485992  15813896 434651768  0.025  0.025   37.636   38.128    0    0  (Gen:  0)
538751152  15814696 438746080  0.013  0.014   37.884   38.387    0    0  (Gen:  0)
521741072  15814056 451646576  0.035  0.035   38.232   38.692    0    0  (Gen:  0)
520625816  15813992 453644872  0.023  0.024   38.417   38.878    0    0  (Gen:  0)
535424112  15814784 457854504  0.014  0.014   38.654   39.123    0    0  (Gen:  0)
523059872  15814152 470751896  0.035  0.035   39.013   39.441    0    0  (Gen:  0)
520691488  15814032 472738464  0.025  0.025   39.200   39.628    0    0  (Gen:  0)
530707528  15814800 476368456  0.012  0.012   39.415   39.847    0    0  (Gen:  0)
529117008  15814248 489622800  0.035  0.035   39.796   40.192    0    0  (Gen:  0)
520676984  15814104 491600752  0.024  0.024   39.981   40.377    0    0  (Gen:  0)
533804456 213532096 249730320  0.322  0.323   40.498   40.897    0    0  (Gen:  1)
527791792  16138864 263362312  0.036  0.036   40.885   41.251    0    0  (Gen:  0)
520694144  15543832 265236040  0.026  0.026   41.075   41.440    0    0  (Gen:  0)
528384160  15544616 268258936  0.011  0.011   41.270   41.632    0    0  (Gen:  0)
532902368  15992896 282253952  0.037  0.037   41.684   42.017    0    0  (Gen:  0)
520632176  15820368 284331456  0.026  0.026   41.872   42.207    0    0  (Gen:  0)
527193416  15821160 286990576  0.010  0.010   42.050   42.377    0    0  (Gen:  0)
534035968  16134976 301476232  0.037  0.037   42.473   42.773    0    0  (Gen:  0)
520690624  15854488 303421880  0.025  0.026   42.659   42.960    0    0  (Gen:  0)
533322424  15855256 306028088  0.009  0.009   42.834   43.125    0    0  (Gen:  0)
530658344  15854648 320518328  0.037  0.037   43.260   43.527    0    0  (Gen:  0)
520724232  15854600 322501024  0.026  0.026   43.454   43.721    0    0  (Gen:  0)
524400224  15855280 325043608  0.009  0.009   43.621   43.877    0    0  (Gen:  0)
533858000  16015328 339417504  0.037  0.037   44.055   44.290    0    0  (Gen:  0)
520676736  15774976 341347704  0.025  0.025   44.243   44.479    0    0  (Gen:  0)
524314472  15775592 345116528  0.011  0.011   44.412   44.640    0    0  (Gen:  0)
536966032  15779416 358643872  0.038  0.038   44.850   45.053    0    0  (Gen:  0)
520758944  16211304 360572760  0.026  0.026   45.038   45.241    0    0  (Gen:  0)
525006232   4764864 363641496  0.010  0.010   45.202   45.399    0    0  (Gen:  0)
533619936  16097640 377586888  0.037  0.037   45.640   45.811    0    0  (Gen:  0)
520679104  16479792 379632264  0.026  0.026   45.827   45.998    0    0  (Gen:  0)
524308896  16480368 381731152  0.008  0.008   45.989   46.157    0    0  (Gen:  0)
533891728  16482872 396612968  0.039  0.040   46.434   46.572    0    0  (Gen:  0)
520765320  16479904 398663424  0.029  0.039   46.648   46.980    0    0  (Gen:  0)
525571232   3130424 400066096  0.006  0.006   46.808   47.141    0    0  (Gen:  0)
536791744   3132848 415657592  0.038  0.038   47.254   47.555    0    0  (Gen:  0)
520696696   3129880 417658112  0.028  0.028   47.447   47.748    0    0  (Gen:  0)
526396040   4167400 420067992  0.007  0.007   47.603   47.905    0    0  (Gen:  0)
533432344   4166832 434745824  0.039  0.039   48.047   48.317    0    0  (Gen:  0)
520740176   4166944 436751912  0.027  0.028   48.238   48.508    0    0  (Gen:  0)
520763536   4166736 439462640  0.008  0.008   48.392   48.663    0    0  (Gen:  0)
534268408   4167552 453819776  0.040  0.040   48.844   49.081    0    0  (Gen:  0)
520812808   4167088 455678256  0.027  0.027   49.032   49.269    0    0  (Gen:  0)
520747400   4166880 458635560  0.009  0.009   49.186   49.423    0    0  (Gen:  0)
537418552   4167712 473070008  0.040  0.040   49.642   49.846    0    0  (Gen:  0)
520883344   4167216 474877504  0.027  0.027   49.830   50.035    0    0  (Gen:  0)
520731680   4167008 477856032  0.008  0.008   49.986   50.191    0    0  (Gen:  0)
533281384   4167896 491976280  0.040  0.040   50.438   50.608    0    0  (Gen:  0)
523286856   4167288 493956280  0.027  0.027   50.626   50.797    0    0  (Gen:  0)
520727088   4166072 263593096  0.344  0.345   51.116   51.287    0    0  (Gen:  1)
533677384   4166896 277795192  0.041  0.041   51.569   51.707    0    0  (Gen:  0)
520792912  17507360 279743992  0.028  0.028   51.764   51.902    0    0  (Gen:  0)
520712336   4939008 282682568  0.009  0.009   51.923   52.062    0    0  (Gen:  0)
537486696  16424840 297001472  0.040  0.040   52.379   52.483    0    0  (Gen:  0)
520791080  17519128 298879392  0.029  0.029   52.574   52.679    0    0  (Gen:  0)
520696928   5015152 301871928  0.009  0.009   52.733   52.837    0    0  (Gen:  0)
533399336   5015984 316048480  0.041  0.041   53.184   53.254    0    0  (Gen:  0)
520830288   5015448 317757584  0.027  0.027   53.373   53.443    0    0  (Gen:  0)
520684144   5015240 321052712  0.009  0.009   53.533   53.604    0    0  (Gen:  0)
533609704   5016048 335120296  0.040  0.040   53.984   54.021    0    0  (Gen:  0)
520855000   5015496 336807152  0.027  0.027   54.174   54.212    0    0  (Gen:  0)
520653872   5015288 340062608  0.009  0.009   54.335   54.373    0    0  (Gen:  0)
533577696   5016104 354179552  0.040  0.040   54.786   54.790    0    0  (Gen:  0)
522044304   5015568 355886712  0.027  0.027   54.974   54.979    0    0  (Gen:  0)
520656552   5015360 359166736  0.009  0.009   55.134   55.139    0    0  (Gen:  0)
533262280   5016176 373356784  0.040  0.040   55.580   55.550    0    0  (Gen:  0)
522755936   5015648 375112160  0.027  0.027   55.768   55.738    0    0  (Gen:  0)
520641408   5015440 378516480  0.010  0.010   55.929   55.899    0    0  (Gen:  0)
537156696   5016256 392538360  0.039  0.040   56.377   56.312    0    0  (Gen:  0)
524013136   5015688 394290240  0.026  0.026   56.566   56.503    0    0  (Gen:  0)
520620624   5015480 397582520  0.010  0.010   56.729   56.665    0    0  (Gen:  0)
536097968   5016288 411609152  0.040  0.040   57.178   57.080    0    0  (Gen:  0)
522701152   5015808 413243560  0.026  0.026   57.367   57.270    0    0  (Gen:  0)
520618552   5015592 416552976  0.009  0.009   57.528   57.431    0    0  (Gen:  0)
540007912  16561840 430785816  0.040  0.040   57.979   57.846    0    0  (Gen:  0)
523665840  16561320 432463856  0.026  0.026   58.166   58.034    0    0  (Gen:  0)
520612008  16561064 435447848  0.009  0.009   58.328   58.196    0    0  (Gen:  0)
534024152  16561880 449866816  0.040  0.040   58.775   58.610    0    0  (Gen:  0)
521308776  16561664 451537696  0.025  0.025   58.961   58.795    0    0  (Gen:  0)
520594008  16561176 454297624  0.009  0.009   59.124   58.958    0    0  (Gen:  0)
536745368  16562008 469282816  0.040  0.040   59.567   59.367    0    0  (Gen:  0)
520811576  16562304 470579392  0.027  0.027   59.757   59.558    0    0  (Gen:  0)
520618496  16561296 473351256  0.009  0.009   59.923   59.724    0    0  (Gen:  0)
536089864  16562096 485156256  0.034  0.034   60.350   60.117    0    0  (Gen:  0)
520697168  16563176 489757520  0.027  0.027   60.548   60.316    0    0  (Gen:  0)
520624360  16561376 492141008  0.013  0.013   60.716   60.485    0    0  (Gen:  0)
536544016  16562184 504678560  0.036  0.036   61.136   60.873    0    0  (Gen:  0)
521540424  16561968 508595768  0.029  0.029   61.344   61.079    0    0  (Gen:  0)
520615632  16561480 510852024  0.015  0.015   61.516   61.251    0    0  (Gen:  0)
539937264  13543592 523018272  0.034  0.034   61.923   61.627    0    0  (Gen:  0)
528235888  13543392 527301376  0.029  0.029   62.143   61.846    0    0  (Gen:  0)
520613552  13541800 261931344  0.330  0.330   62.631   62.335    0    0  (Gen:  1)
534766424  13542592 273328568  0.032  0.032   63.033   62.703    0    0  (Gen:  0)
528210232  16605472 278508408  0.032  0.032   63.263   62.932    0    0  (Gen:  0)
520582224   8735488 280677496  0.016  0.016   63.441   63.110    0    0  (Gen:  0)
533735440   8736296 291055464  0.029  0.029   63.831   63.468    0    0  (Gen:  0)
527442512   8736168 297051368  0.032  0.032   64.071   63.706    0    0  (Gen:  0)
520641360   8735568 299563520  0.017  0.017   64.247   63.883    0    0  (Gen:  0)
542280608   8736360 309835200  0.028  0.028   64.637   64.241    0    0  (Gen:  0)
522988712  16435488 315916136  0.030  0.030   64.875   64.478    0    0  (Gen:  0)
520646640   8962696 318416040  0.017  0.017   65.051   64.654    0    0  (Gen:  0)
534150528   8963440 327265792  0.025  0.025   65.426   64.998    0    0  (Gen:  0)
522950352  16319368 334560712  0.031  0.031   65.675   65.246    0    0  (Gen:  0)
520625536   9903088 337184376  0.018  0.018   65.854   65.425    0    0  (Gen:  0)
538050608   8551128 344019568  0.020  0.020   66.220   65.760    0    0  (Gen:  0)
521859448   8555312 353415448  0.034  0.034   66.474   66.012    0    0  (Gen:  0)
520623648   8550408 356007576  0.021  0.021   66.660   66.197    0    0  (Gen:  0)
536747368   6020696 360172712  0.016  0.016   66.999   66.514    0    0  (Gen:  0)
521200640   6020160 372136192  0.034  0.034   67.276   66.780    0    0  (Gen:  0)
520620256   6019960 374729272  0.025  0.025   67.463   66.968    0    0  (Gen:  0)
539040568   6020744 378708224  0.016  0.016   67.771   67.269    0    0  (Gen:  0)
524920072   6020176 391211224  0.036  0.036   68.078   67.549    0    0  (Gen:  0)
520579976   6020048 393840104  0.025  0.025   68.268   67.739    0    0  (Gen:  0)
537850800   6020848 397642008  0.016  0.016   68.557   68.030    0    0  (Gen:  0)
521371792   6020224 410183568  0.035  0.035   68.881   68.319    0    0  (Gen:  0)
520585216   6020096 412963272  0.026  0.026   69.071   68.510    0    0  (Gen:  0)
535804280   6020904 416290232  0.014  0.014   69.334   68.782    0    0  (Gen:  0)
521943512   6020328 429082992  0.035  0.035   69.684   69.089    0    0  (Gen:  0)
520568320   6020208 431811024  0.025  0.026   69.873   69.280    0    0  (Gen:  0)
536312632   6021000 435137312  0.014  0.014   70.131   69.548    0    0  (Gen:  0)
522058632   6020360 448159296  0.035  0.035   70.482   69.856    0    0  (Gen:  0)
520556368   6020232 450636304  0.026  0.026   70.673   70.048    0    0  (Gen:  0)
538426216   6021032 454087824  0.013  0.013   70.930   70.315    0    0  (Gen:  0)
523224904   6020408 467120960  0.035  0.035   71.281   70.623    0    0  (Gen:  0)
520541152   6020360 469317272  0.025  0.025   71.470   70.812    0    0  (Gen:  0)
540732152   6021152 473111936  0.014  0.014   71.725   71.077    0    0  (Gen:  0)
522536472   6020536 486147224  0.036  0.036   72.078   71.386    0    0  (Gen:  0)
520531824   6020408 487876520  0.024  0.024   72.270   71.578    0    0  (Gen:  0)
537573680   6021200 492199880  0.014  0.014   72.524   71.843    0    0  (Gen:  0)
521249568  16252712 505037704  0.035  0.035   72.880   72.154    0    0  (Gen:  0)
520688904  15261720 506929552  0.024  0.024   73.069   72.345    0    0  (Gen:  0)
540161736   5799840 511236384  0.014  0.014   73.315   72.602    0    0  (Gen:  0)
522812592   5799200 523994448  0.035  0.036   73.682   72.924    0    0  (Gen:  0)
520692744   5799072 525869824  0.024  0.024   73.870   73.114    0    0  (Gen:  0)
537399120 213804320 250241168  0.325  0.326   74.413   73.664    0    0  (Gen:  1)
529939008 213803656 263333040  0.037  0.037   74.790   74.001    0    0  (Gen:  0)
520773864  15389136 265290544  0.026  0.026   74.984   74.195    0    0  (Gen:  0)
533836144  15389928 269054752  0.013  0.013   75.211   74.426    0    0  (Gen:  0)
527664616  16056928 282297504  0.037  0.037   75.601   74.780    0    0  (Gen:  0)
520688936  15462376 284283640  0.026  0.026   75.793   74.973    0    0  (Gen:  0)
534127576  15463128 287737512  0.012  0.012   76.008   75.189    0    0  (Gen:  0)
527313000  15462536 301409880  0.038  0.038   76.412   75.559    0    0  (Gen:  0)
520691944  15462408 303341328  0.026  0.026   76.603   75.750    0    0  (Gen:  0)
533599184  15463184 306378048  0.011  0.011   76.805   75.948    0    0  (Gen:  0)
529308864  15462616 320404568  0.037  0.037   77.219   76.331    0    0  (Gen:  0)
520704776  15462528 322354016  0.025  0.025   77.410   76.523    0    0  (Gen:  0)
530100648  15463312 325076624  0.010  0.010   77.596   76.702    0    0  (Gen:  0)
532927928  16116936 339480144  0.038  0.038   78.026   77.107    0    0  (Gen:  0)
520684360  15800376 341435864  0.025  0.025   78.216   77.297    0    0  (Gen:  0)
526752376   4353704 343947928  0.009  0.009   78.388   77.461    0    0  (Gen:  0)
532132352   4353104 358352664  0.038  0.038   78.828   77.877    0    0  (Gen:  0)
520675280   4353232 360407096  0.026  0.026   79.018   78.067    0    0  (Gen:  0)
523717168   4353808 364557408  0.013  0.013   79.189   78.228    0    0  (Gen:  0)
533119480   4356256 377390200  0.037  0.037   79.630   78.645    0    0  (Gen:  0)
520753000   4353256 379330232  0.025  0.025   79.822   78.837    0    0  (Gen:  0)
524656368   4353832 382743904  0.011  0.011   79.990   78.998    0    0  (Gen:  0)
537045080  16164800 396584680  0.038  0.038   80.437   79.420    0    0  (Gen:  0)
520793376  16159824 398505488  0.026  0.026   80.630   79.613    0    0  (Gen:  0)
522572952  16160400 401113664  0.009  0.009   80.795   79.774    0    0  (Gen:  0)
536113880  16164112 415792272  0.039  0.039   81.244   80.195    0    0  (Gen:  0)
520681688  16159992 417630256  0.027  0.027   81.437   80.388    0    0  (Gen:  0)
524618576   3600168 419560288  0.007  0.007   81.600   80.549    0    0  (Gen:  0)
533071952   3602648 434836592  0.039  0.039   82.051   80.970    0    0  (Gen:  0)
520705632   3599712 436684560  0.026  0.026   82.244   81.163    0    0  (Gen:  0)
526210296   3600240 437922688  0.005  0.005   82.406   81.326    0    0  (Gen:  0)
533752488   3599664 454042936  0.040  0.040   82.857   81.746    0    0  (Gen:  0)
520602944   3599776 455846016  0.027  0.027   83.050   81.940    0    0  (Gen:  0)
520762584   3599792 458707800  0.009  0.009   83.207   82.098    0    0  (Gen:  0)
533509152  16233760 473048208  0.040  0.040   83.665   82.521    0    0  (Gen:  0)
520783400  17288488 475015056  0.027  0.027   83.857   82.714    0    0  (Gen:  0)
520743552   4862432 477853216  0.008  0.008   84.015   82.871    0    0  (Gen:  0)
533934784   4863256 492205448  0.041  0.041   84.474   83.297    0    0  (Gen:  0)
520876352  17524600 494013504  0.027  0.027   84.668   83.491    0    0  (Gen:  0)
520736312 227089744 263745304  0.345  0.346   85.159   83.983    0    0  (Gen:  1)
533937264 227090568 277942384  0.041  0.041   85.614   84.405    0    0  (Gen:  0)
520796496 227090008 279723112  0.029  0.030   85.811   84.602    0    0  (Gen:  0)
520727088 227089800 282732072  0.010  0.010   85.971   84.762    0    0  (Gen:  0)
533607200 227090600 296900776  0.041  0.041   86.428   85.185    0    0  (Gen:  0)
524191840  17455136 298835592  0.029  0.029   86.626   85.383    0    0  (Gen:  0)
520717632   4904760 301778616  0.009  0.009   86.787   85.544    0    0  (Gen:  0)
535864144   4905576 316008104  0.041  0.042   87.245   85.967    0    0  (Gen:  0)
520818176   4905008 317904416  0.029  0.029   87.440   86.162    0    0  (Gen:  0)
520697176   4904800 320879144  0.009  0.009   87.602   86.324    0    0  (Gen:  0)
536879832   4905616 335054432  0.042  0.042   88.061   86.748    0    0  (Gen:  0)
520811648   4905048 336856344  0.029  0.029   88.256   86.944    0    0  (Gen:  0)
520687472   4904840 340045632  0.009  0.009   88.416   87.104    0    0  (Gen:  0)
533098232   4905656 354249568  0.041  0.041   88.871   87.526    0    0  (Gen:  0)
520821848   4905096 355949440  0.027  0.027   89.065   87.720    0    0  (Gen:  0)
520656552   4904888 359038000  0.009  0.009   89.228   87.883    0    0  (Gen:  0)
537081504   4905696 373279432  0.041  0.041   89.684   88.304    0    0  (Gen:  0)
520762680   4905136 375059024  0.027  0.027   89.876   88.497    0    0  (Gen:  0)
520697392   4904928 378370152  0.010  0.010   90.039   88.661    0    0  (Gen:  0)
534038632   4905744 392401248  0.041  0.041   90.494   89.081    0    0  (Gen:  0)
520806664   4905216 394086952  0.026  0.026   90.683   89.271    0    0  (Gen:  0)
520706576   4905000 397379872  0.010  0.010   90.848   89.436    0    0  (Gen:  0)
537398288   4905816 411621168  0.042  0.042   91.305   89.858    0    0  (Gen:  0)
523951432   4905256 413132880  0.027  0.027   91.496   90.050    0    0  (Gen:  0)
520630840   4905048 416473944  0.010  0.010   91.659   90.214    0    0  (Gen:  0)
533492848   4905872 430641200  0.041  0.041   92.115   90.634    0    0  (Gen:  0)
520803736   4905408 432306880  0.027  0.027   92.304   90.824    0    0  (Gen:  0)
520619304   4905168 435542232  0.010  0.010   92.469   90.989    0    0  (Gen:  0)
534541112   4905992 449828608  0.041  0.041   92.927   91.411    0    0  (Gen:  0)
522324448  17107552 451480864  0.026  0.026   93.116   91.601    0    0  (Gen:  0)
520608440   4737696 454524200  0.010  0.010   93.282   91.767    0    0  (Gen:  0)
538218504   4738520 469082824  0.041  0.041   93.734   92.185    0    0  (Gen:  0)
523894248  17095408 470646360  0.027  0.027   93.926   92.377    0    0  (Gen:  0)
520589920   4486952 473392160  0.009  0.009   94.091   92.543    0    0  (Gen:  0)
540237352   4487784 488259048  0.040  0.040   94.543   92.959    0    0  (Gen:  0)
522241784   4487808 489719864  0.026  0.026   94.735   93.151    0    0  (Gen:  0)
520525208   4427168 492493984  0.009  0.009   94.901   93.317    0    0  (Gen:  0)
537704872  15594448 506324344  0.038  0.038   95.342   93.725    0    0  (Gen:  0)
520701664  15595536 508882376  0.027  0.027   95.542   93.925    0    0  (Gen:  0)
520639312  15593728 511351448  0.010  0.010   95.709   94.093    0    0  (Gen:  0)
536765144  15594512 523164784  0.034  0.034   96.136   94.486    0    0  (Gen:  0)
524589952  15594160 527840248  0.028  0.028   96.342   94.693    0    0  (Gen:  0)
520621384  15592880 262308904  0.330  0.330   96.831   95.182    0    0  (Gen:  1)
536451104  15593680 274535664  0.036  0.036   97.250   95.568    0    0  (Gen:  0)
526791496  15593560 278606712  0.031  0.031   97.469   95.786    0    0  (Gen:  0)
520626296  15593008 280803456  0.016  0.016   97.644   95.962    0    0  (Gen:  0)
539088720  15593728 292885448  0.034  0.035   98.060   96.345    0    0  (Gen:  0)
526751952  16654408 297453912  0.031  0.031   98.289   96.573    0    0  (Gen:  0)
520614768   8686776 299612368  0.017  0.018   98.467   96.752    0    0  (Gen:  0)
538268392   8687632 310946728  0.032  0.032   98.873   97.123    0    0  (Gen:  0)
524394408   8687456 315996512  0.031  0.031   99.105   97.354    0    0  (Gen:  0)
520740064   8686912 318429840  0.016  0.016   99.283   97.532    0    0  (Gen:  0)
534963512   8687720 328719032  0.028  0.028   99.671   97.885    0    0  (Gen:  0)
520837512  16323192 334708272  0.030  0.030   99.912   98.125    0    0  (Gen:  0)
520640992   8974216 337334112  0.017  0.017  100.092   98.306    0    0  (Gen:  0)
536084344   8974968 345962600  0.025  0.025  100.467   98.647    0    0  (Gen:  0)
528570744   8979576 353613992  0.032  0.032  100.722   98.902    0    0  (Gen:  0)
520639360   8974240 355979984  0.018  0.018  100.904   99.084    0    0  (Gen:  0)
540788408   8975040 364228360  0.024  0.024  101.281   99.428    0    0  (Gen:  0)
522515208   8981480 372321840  0.033  0.033  101.535   99.681    0    0  (Gen:  0)
520563160   8974312 374902024  0.019  0.019  101.718   99.865    0    0  (Gen:  0)
542777112   8702640 381849984  0.022  0.022  102.091  100.204    0    0  (Gen:  0)
523360600   8710376 391099600  0.034  0.034  102.348  100.461    0    0  (Gen:  0)
521540448  11345320 393719032  0.021  0.021  102.533  100.646    0    0  (Gen:  0)
536491472  11346120 397924896  0.016  0.017  102.879  100.966    0    0  (Gen:  0)
521535512  11345792 409922664  0.035  0.035  103.153  101.232    0    0  (Gen:  0)
520617704  11345400 412582624  0.025  0.026  103.342  101.422    0    0  (Gen:  0)
535260872  11346192 416413000  0.016  0.016  103.647  101.721    0    0  (Gen:  0)
521498440  11345608 428935072  0.035  0.035  103.958  102.004    0    0  (Gen:  0)
520584632  11345480 431527728  0.025  0.025  104.149  102.196    0    0  (Gen:  0)
541434296  11346272 435261320  0.015  0.015  104.441  102.491    0    0  (Gen:  0)
521918648  11345648 448016664  0.036  0.036  104.770  102.784    0    0  (Gen:  0)
520566544  11345584 450779696  0.026  0.026  104.964  102.979    0    0  (Gen:  0)
537765304  11346376 454195048  0.014  0.014  105.232  103.256    0    0  (Gen:  0)
523265832  16420528 467043280  0.036  0.036  105.583  103.564    0    0  (Gen:  0)
520565376  16256336 469820688  0.026  0.026  105.782  103.763    0    0  (Gen:  0)
538279992  16257136 473057040  0.014  0.014  106.043  104.033    0    0  (Gen:  0)
525368528  16256504 486182384  0.036  0.036  106.397  104.344    0    0  (Gen:  0)
520583192  16256480 488703496  0.026  0.026  106.591  104.538    0    0  (Gen:  0)
538493360  16257216 492074728  0.014  0.014  106.851  104.809    0    0  (Gen:  0)
525664816  16333440 505033648  0.035  0.035  107.207  105.120    0    0  (Gen:  0)
521549104  16333312 507539960  0.025  0.025  107.400  105.313    0    0  (Gen:  0)
539985768  16334104 511054104  0.014  0.014  107.661  105.586    0    0  (Gen:  0)
524124768  16349680 524096888  0.036  0.036  108.016  105.896    0    0  (Gen:  0)
520547976  15645664 526316792  0.027  0.028  108.213  106.094    0    0  (Gen:  0)
537940296  15645344 250408432  0.363  0.366  108.837  106.736    0    0  (Gen:  1)
522727944  15644664 263193536  0.036  0.036  109.214  107.077    0    0  (Gen:  0)
520537224  15644544 265148400  0.025  0.025  109.423  107.285    0    0  (Gen:  0)
537493136  15645336 269162016  0.014  0.014  109.683  107.556    0    0  (Gen:  0)
521535352  15644744 282193304  0.037  0.037  110.042  107.870    0    0  (Gen:  0)
520683488  15644656 284099192  0.026  0.026  110.241  108.070    0    0  (Gen:  0)
536870408  15645440 288298632  0.015  0.015  110.489  108.326    0    0  (Gen:  0)
526985984  15644832 301195568  0.037  0.037  110.865  108.660    0    0  (Gen:  0)
520685272  15644768 303214368  0.026  0.026  111.063  108.859    0    0  (Gen:  0)
536211576  15645608 307099944  0.014  0.014  111.303  109.105    0    0  (Gen:  0)
535203088  16248352 320266536  0.037  0.037  111.692  109.455    0    0  (Gen:  0)
520683144  15395616 322103896  0.025  0.026  111.888  109.651    0    0  (Gen:  0)
534874536  15396392 326006896  0.014  0.014  112.122  109.891    0    0  (Gen:  0)
527952720  16105640 339107360  0.037  0.037  112.512  110.241    0    0  (Gen:  0)
520731520  15369776 341071744  0.025  0.025  112.706  110.436    0    0  (Gen:  0)
534343880   5242440 344728496  0.013  0.013  112.928  110.661    0    0  (Gen:  0)
526444112   5241848 358129736  0.037  0.037  113.325  111.021    0    0  (Gen:  0)
520692552   5241752 360130808  0.026  0.026  113.517  111.215    0    0  (Gen:  0)
531354208   5242528 363330376  0.011  0.011  113.725  111.421    0    0  (Gen:  0)
531415824   5241928 377117520  0.037  0.037  114.140  111.803    0    0  (Gen:  0)
520702192   5241776 379084504  0.026  0.026  114.332  111.995    0    0  (Gen:  0)
531267872   5242560 381984328  0.011  0.011  114.529  112.187    0    0  (Gen:  0)
535864888  15988512 396069624  0.037  0.037  114.956  112.584    0    0  (Gen:  0)
520677128  15842744 398147920  0.026  0.026  115.148  112.777    0    0  (Gen:  0)
530609296  15843528 400877264  0.010  0.010  115.336  112.960    0    0  (Gen:  0)
533810408  15842944 415131712  0.038  0.038  115.766  113.363    0    0  (Gen:  0)
520684936  15842848 417141944  0.025  0.025  115.960  113.557    0    0  (Gen:  0)
528142552   4441616 419823032  0.009  0.009  116.135  113.723    0    0  (Gen:  0)
531479992   4441032 434254312  0.038  0.038  116.574  114.137    0    0  (Gen:  0)
520674832   4441104 436217016  0.026  0.026  116.769  114.332    0    0  (Gen:  0)
526420520   4441720 438840320  0.009  0.009  116.939  114.491    0    0  (Gen:  0)
533976248   4441096 453340696  0.038  0.038  117.384  114.913    0    0  (Gen:  0)
520761896   4441152 455281640  0.025  0.025  117.576  115.107    0    0  (Gen:  0)
527345792   5614328 459164040  0.013  0.013  117.751  115.271    0    0  (Gen:  0)
533845456   5619448 472389752  0.039  0.039  118.197  115.692    0    0  (Gen:  0)
520739352  16128096 474319880  0.025  0.025  118.391  115.886    0    0  (Gen:  0)
525259304  16128664 477513656  0.011  0.011  118.561  116.049    0    0  (Gen:  0)
533202448  16132288 491398456  0.039  0.039  119.007  116.468    0    0  (Gen:  0)
520680736  16128192 493269168  0.025  0.025  119.201  116.662    0    0  (Gen:  0)
527553440   4183080 495863056  0.009  0.009  119.369  116.825    0    0  (Gen:  0)
534479816 222166288 258989984  0.383  0.384  120.209  117.646    0    0  (Gen:  1)
520684088  16525760 260830504  0.031  0.031  120.436  117.874    0    0  (Gen:  0)
524127096  16526344 262512000  0.007  0.007  120.614  118.050    0    0  (Gen:  0)
536242296  16528792 277795648  0.040  0.040  121.076  118.483    0    0  (Gen:  0)
520681456  16525808 279803368  0.029  0.029  121.276  118.684    0    0  (Gen:  0)
527447088  16526392 281020424  0.006  0.006  121.443  118.850    0    0  (Gen:  0)
532885160  16525808 297043600  0.041  0.041  121.898  119.271    0    0  (Gen:  0)
520843936  17265456 298888144  0.029  0.030  122.098  119.471    0    0  (Gen:  0)
520764120   4812208 301700608  0.009  0.009  122.258  119.632    0    0  (Gen:  0)
533935048  16264304 315982416  0.044  0.044  122.731  120.070    0    0  (Gen:  0)
520795864  17122512 317765512  0.029  0.029  122.927  120.267    0    0  (Gen:  0)
520753696   4921168 320786456  0.009  0.009  123.087  120.427    0    0  (Gen:  0)
537956232   4921992 335031472  0.042  0.042  123.552  120.857    0    0  (Gen:  0)
520799112   4921488 336819424  0.029  0.029  123.751  121.056    0    0  (Gen:  0)
520731840   4921280 339804632  0.009  0.009  123.912  121.218    0    0  (Gen:  0)
533150512   4922072 354112208  0.042  0.042  124.374  121.646    0    0  (Gen:  0)
520842240   4921520 355967776  0.028  0.028  124.571  121.843    0    0  (Gen:  0)
520732008   4921312 358804944  0.009  0.009  124.734  122.006    0    0  (Gen:  0)
533875432  16299672 373093056  0.042  0.042  125.196  122.433    0    0  (Gen:  0)
520810608  17481512 375042640  0.028  0.028  125.393  122.630    0    0  (Gen:  0)
520716416   4927256 377976992  0.009  0.009  125.555  122.793    0    0  (Gen:  0)
536859544  16436344 392258376  0.041  0.041  126.017  123.221    0    0  (Gen:  0)
520785040  17364144 393962496  0.028  0.028  126.213  123.417    0    0  (Gen:  0)
520696200   5048552 397133256  0.009  0.009  126.376  123.581    0    0  (Gen:  0)
536783640   5049360 411248472  0.041  0.041  126.837  124.008    0    0  (Gen:  0)
520998480   5048816 413089800  0.027  0.027  127.031  124.203    0    0  (Gen:  0)
520697672   5048608 416090672  0.009  0.009  127.195  124.367    0    0  (Gen:  0)
533563400  16284272 430276320  0.041  0.041  127.658  124.796    0    0  (Gen:  0)
520839832  17319168 432153416  0.027  0.027  127.850  124.989    0    0  (Gen:  0)
520673840   4992704 435245928  0.009  0.009  128.015  125.154    0    0  (Gen:  0)
534767952   4993528 449538664  0.042  0.042  128.478  125.581    0    0  (Gen:  0)
521162424  17303128 451225424  0.027  0.027  128.671  125.775    0    0  (Gen:  0)
520717656   5140688 454527944  0.010  0.010  128.838  125.941    0    0  (Gen:  0)
536108488   5141512 468648216  0.041  0.041  129.299  126.367    0    0  (Gen:  0)
520795184   5140952 470175096  0.027  0.027  129.493  126.561    0    0  (Gen:  0)
520706024   5140744 473665288  0.010  0.010  129.658  126.727    0    0  (Gen:  0)
533522616   5141568 487780760  0.041  0.041  130.119  127.153    0    0  (Gen:  0)
520798488   5141032 489415880  0.026  0.026  130.311  127.345    0    0  (Gen:  0)
520684896   5140104 263847792  0.352  0.352  130.819  127.855    0    0  (Gen:  1)
538568072   5140920 278063480  0.042  0.042  131.276  128.276    0    0  (Gen:  0)
520814432   5140472 279728456  0.029  0.029  131.472  128.473    0    0  (Gen:  0)
520673816   5140232 282957168  0.010  0.010  131.642  128.643    0    0  (Gen:  0)
534459336   5141088 297234720  0.042  0.042  132.097  129.063    0    0  (Gen:  0)
520813264   5140696 298740688  0.028  0.028  132.293  129.259    0    0  (Gen:  0)
520645392   5140288 301776128  0.010  0.010  132.463  129.430    0    0  (Gen:  0)
539199672  16575752 316278936  0.042  0.042  132.919  129.852    0    0  (Gen:  0)
520803376  16575536 317958624  0.028  0.028  133.115  130.049    0    0  (Gen:  0)
520591288  16575016 320659568  0.009  0.009  133.286  130.220    0    0  (Gen:  0)
540288136  16575800 335799256  0.043  0.043  133.739  130.639    0    0  (Gen:  0)
520840224  16580688 337070784  0.029  0.029  133.940  130.840    0    0  (Gen:  0)
520645328  16575136 339620408  0.009  0.009  134.108  131.009    0    0  (Gen:  0)
537081672  16575872 351858944  0.036  0.036  134.543  131.410    0    0  (Gen:  0)
523190744  16927416 356149848  0.030  0.030  134.753  131.620    0    0  (Gen:  0)
520617800   7295960 358524944  0.013  0.013  134.927  131.794    0    0  (Gen:  0)
539206120   7296760 371295296  0.038  0.038  135.362  132.196    0    0  (Gen:  0)
523613672   7297208 375138464  0.030  0.030  135.575  132.408    0    0  (Gen:  0)
520607632   7296048 377252520  0.015  0.015  135.752  132.587    0    0  (Gen:  0)
539455336   7296840 389753680  0.036  0.036  136.175  132.976    0    0  (Gen:  0)
524764160   7296600 393946080  0.030  0.030  136.396  133.196    0    0  (Gen:  0)
520608368   7296128 396047536  0.015  0.015  136.574  133.375    0    0  (Gen:  0)
538501072   7296896 407760504  0.033  0.034  136.987  133.755    0    0  (Gen:  0)
525793680   7296792 412543888  0.031  0.031  137.218  133.985    0    0  (Gen:  0)
520587680   7296168 414760064  0.016  0.016  137.397  134.164    0    0  (Gen:  0)
537116248   7296952 425686784  0.030  0.030  137.796  134.528    0    0  (Gen:  0)
522858792   7296816 431329936  0.030  0.030  138.035  134.766    0    0  (Gen:  0)
520656672   7296256 433645408  0.016  0.016  138.215  134.947    0    0  (Gen:  0)
540329720   7297056 443919672  0.029  0.029  138.606  135.306    0    0  (Gen:  0)
522917312   7298040 450067512  0.030  0.030  138.851  135.550    0    0  (Gen:  0)
520639296   7296392 452443520  0.016  0.016  139.034  135.733    0    0  (Gen:  0)
541003984  11013816 461915256  0.026  0.026  139.414  136.080    0    0  (Gen:  0)
526636608  11014488 468810696  0.031  0.031  139.670  136.334    0    0  (Gen:  0)
520631488  11013064 471284616  0.018  0.018  139.852  136.516    0    0  (Gen:  0)
544644528  11013856 480524656  0.025  0.025  140.233  136.863    0    0  (Gen:  0)
521837760  11016576 487464192  0.032  0.032  140.487  137.117    0    0  (Gen:  0)
520623888  11013136 490087536  0.018  0.018  140.671  137.302    0    0  (Gen:  0)
536250960  11013928 496386712  0.020  0.020  141.037  137.633    0    0  (Gen:  0)
521085296  11017840 506274528  0.034  0.034  141.297  137.892    0    0  (Gen:  0)
520615768  11013192 508856136  0.021  0.021  141.484  138.080    0    0  (Gen:  0)
541423760   6076200 513102056  0.017  0.017  141.836  138.405    0    0  (Gen:  0)
521048576  16326064 525015832  0.035  0.035  142.113  138.675    0    0  (Gen:  0)
520603368  15222016 527672864  0.025  0.025  142.304  138.866    0    0  (Gen:  0)
539813976 213982584 251074720  0.329  0.330  142.937  139.489    0    0  (Gen:  1)
521462536 213981880 263354728  0.036  0.037  143.240  139.769    0    0  (Gen:  0)
520600592 213981824 265981936  0.027  0.027  143.437  139.967    0    0  (Gen:  0)
537841672 213982624 269802832  0.016  0.016  143.731  140.262    0    0  (Gen:  0)
524913224  16567528 282455472  0.038  0.038  144.063  140.557    0    0  (Gen:  0)
520587248  16089280 285104480  0.028  0.028  144.261  140.756    0    0  (Gen:  0)
536396568  16090016 288580160  0.015  0.015  144.535  141.039    0    0  (Gen:  0)
521766208  16535184 301443616  0.038  0.038  144.888  141.350    0    0  (Gen:  0)
520582240  16181736 304052088  0.027  0.027  145.088  141.549    0    0  (Gen:  0)
536232832  16182544 307346256  0.015  0.015  145.353  141.824    0    0  (Gen:  0)
524563096  16181888 320376792  0.037  0.038  145.710  142.136    0    0  (Gen:  0)
520549056  16181784 322994056  0.027  0.027  145.908  142.335    0    0  (Gen:  0)
535902016   5515256 326285912  0.014  0.014  146.174  142.611    0    0  (Gen:  0)
526360688  16340232 339275208  0.037  0.037  146.534  142.927    0    0  (Gen:  0)
520544008  15785528 341648912  0.027  0.027  146.730  143.124    0    0  (Gen:  0)
537060560  15786280 345282704  0.014  0.014  146.993  143.396    0    0  (Gen:  0)
526413152  16320616 358344680  0.037  0.037  147.354  143.714    0    0  (Gen:  0)
520537400  15580472 360532672  0.026  0.026  147.550  143.911    0    0  (Gen:  0)
538556000  15581272 364368984  0.014  0.014  147.810  144.180    0    0  (Gen:  0)
521850968  15580688 377283880  0.037  0.037  148.168  144.493    0    0  (Gen:  0)
520633112  15580608 379131880  0.025  0.025  148.364  144.690    0    0  (Gen:  0)
540024600  15581392 383608120  0.014  0.014  148.620  144.956    0    0  (Gen:  0)
529545024  15580792 396392864  0.037  0.037  148.987  145.278    0    0  (Gen:  0)
520623992  15580664 398237160  0.025  0.025  149.186  145.477    0    0  (Gen:  0)
537429768  15581456 402644984  0.015  0.015  149.445  145.747    0    0  (Gen:  0)
524106600  15580832 415295160  0.040  0.043  149.819  146.082    0    0  (Gen:  0)
522158600  15580704 417270752  0.027  0.027  150.022  146.286    0    0  (Gen:  0)
533504048   5554240 421267088  0.014  0.014  150.264  146.535    0    0  (Gen:  0)
525790136   5553600 434254768  0.036  0.036  150.647  146.878    0    0  (Gen:  0)
520737104   5553512 436250408  0.025  0.025  150.842  147.073    0    0  (Gen:  0)
533028024   5232120 439842720  0.013  0.013  151.066  147.300    0    0  (Gen:  0)
527305328   5231520 453181904  0.037  0.037  151.464  147.660    0    0  (Gen:  0)
520705768   5231368 455194832  0.025  0.025  151.657  147.854    0    0  (Gen:  0)
529303912   4867648 458338712  0.011  0.011  151.862  148.056    0    0  (Gen:  0)
527995776   4867064 472228576  0.037  0.037  152.275  148.436    0    0  (Gen:  0)
520683384   4866968 474305584  0.025  0.025  152.468  148.630    0    0  (Gen:  0)
526780288   4867752 476850904  0.010  0.010  152.653  148.807    0    0  (Gen:  0)
533669168   4867200 491159456  0.039  0.039  153.089  149.217    0    0  (Gen:  0)
520673576   4867056 493116328  0.024  0.024  153.281  149.409    0    0  (Gen:  0)
529993768 213224648 249818816  0.315  0.316  153.766  149.886    0    0  (Gen:  1)
531392808  16102672 264195888  0.040  0.040  154.206  150.300    0    0  (Gen:  0)
520680400  15853240 266187336  0.027  0.027  154.406  150.501    0    0  (Gen:  0)
521663008  15853816 270314496  0.014  0.014  154.585  150.669    0    0  (Gen:  0)
537308472  15857944 283179168  0.039  0.039  155.034  151.096    0    0  (Gen:  0)
520690728  15853296 285110848  0.027  0.028  155.235  151.297    0    0  (Gen:  0)
525815328  15853872 288763032  0.012  0.012  155.411  151.465    0    0  (Gen:  0)
533691576  15856424 302386584  0.040  0.040  155.862  151.891    0    0  (Gen:  0)
520662120  15853416 304295920  0.028  0.028  156.063  152.093    0    0  (Gen:  0)
528709880   4736888 307317544  0.010  0.010  156.238  152.261    0    0  (Gen:  0)
537860528  16169272 321360240  0.041  0.041  156.689  152.685    0    0  (Gen:  0)
520700088  16390544 323233104  0.028  0.028  156.889  152.885    0    0  (Gen:  0)
527686264  16391080 325936408  0.009  0.009  157.061  153.052    0    0  (Gen:  0)
539867096  16255632 340507232  0.040  0.040  157.514  153.474    0    0  (Gen:  0)
520753432  16251664 342387640  0.028  0.028  157.712  153.673    0    0  (Gen:  0)
525229776  16252208 344532328  0.008  0.008  157.884  153.841    0    0  (Gen:  0)
536364696  16254680 359540480  0.040  0.041  158.340  154.267    0    0  (Gen:  0)
520742688  16251712 361395504  0.028  0.028  158.538  154.466    0    0  (Gen:  0)
527000240  16252248 363033056  0.007  0.007  158.706  154.632    0    0  (Gen:  0)
533228280  16255032 378458264  0.041  0.041  159.156  155.051    0    0  (Gen:  0)
520653776  16251728 380449784  0.028  0.028  159.355  155.250    0    0  (Gen:  0)
530452480  16252304 381596600  0.006  0.006  159.521  155.416    0    0  (Gen:  0)
533472696  16251752 397593640  0.040  0.041  159.974  155.835    0    0  (Gen:  0)
520647336  16251880 399390640  0.028  0.028  160.171  156.033    0    0  (Gen:  0)
520768696  16251832 402267480  0.009  0.009  160.332  156.194    0    0  (Gen:  0)
533719488  16301576 416610872  0.041  0.041  160.793  156.620    0    0  (Gen:  0)
520800824  17170136 418395064  0.027  0.027  160.990  156.818    0    0  (Gen:  0)
520754592   4924848 421413080  0.009  0.009  161.149  156.978    0    0  (Gen:  0)
534346056   4925672 435629600  0.041  0.041  161.611  157.405    0    0  (Gen:  0)
520912752   4925144 437630408  0.028  0.028  161.806  157.600    0    0  (Gen:  0)
520735760   4924936 440592248  0.009  0.009  161.969  157.764    0    0  (Gen:  0)
535826968   4925768 454729352  0.042  0.042  162.432  158.191    0    0  (Gen:  0)
520870584   4925280 456562848  0.027  0.027  162.627  158.386    0    0  (Gen:  0)
520723192   4925056 459573208  0.009  0.009  162.790  158.550    0    0  (Gen:  0)
533649776   4925864 473820048  0.041  0.041  163.253  158.977    0    0  (Gen:  0)
520796896   4925328 475764808  0.028  0.028  163.450  159.174    0    0  (Gen:  0)
520694192   4925120 478697392  0.009  0.009  163.613  159.338    0    0  (Gen:  0)
533928040  16397256 492920232  0.041  0.042  164.071  159.761    0    0  (Gen:  0)
520817792  17364704 494669352  0.027  0.027  164.268  159.957    0    0  (Gen:  0)
520696872   5002216 497774872  0.009  0.009  164.433  160.123    0    0  (Gen:  0)
533480112 222226888 259237216  0.349  0.350  165.202  160.859    0    0  (Gen:  1)
520831600  17370960 260983240  0.027  0.027  165.395  161.052    0    0  (Gen:  0)
520677864   5069736 264227552  0.010  0.010  165.562  161.218    0    0  (Gen:  0)
539015056   5070544 278314136  0.043  0.043  166.027  161.649    0    0  (Gen:  0)
521144576  17236704 280067832  0.029  0.029  166.224  161.847    0    0  (Gen:  0)
520659720   5043800 283311592  0.010  0.010  166.392  162.015    0    0  (Gen:  0)
537642368   5044616 297476680  0.042  0.043  166.856  162.444    0    0  (Gen:  0)
523097000   5044072 299208608  0.029  0.029  167.055  162.644    0    0  (Gen:  0)
520702840   5043864 302506800  0.010  0.010  167.224  162.814    0    0  (Gen:  0)
533713872   5044680 316682808  0.043  0.043  167.687  163.242    0    0  (Gen:  0)
520799576   5044112 318356672  0.028  0.028  167.884  163.439    0    0  (Gen:  0)
520692752   5043904 321645408  0.011  0.011  168.056  163.612    0    0  (Gen:  0)
533892744  16558456 335811272  0.043  0.043  168.520  164.041    0    0  (Gen:  0)
521914136  16557880 337318240  0.028  0.028  168.715  164.237    0    0  (Gen:  0)
520678552  16557672 340759768  0.010  0.010  168.883  164.405    0    0  (Gen:  0)
536221160  16562944 354952928  0.042  0.042  169.343  164.829    0    0  (Gen:  0)
520807976  17074184 356487584  0.027  0.027  169.537  165.024    0    0  (Gen:  0)
520657488   4841560 359655688  0.010  0.010  169.709  165.196    0    0  (Gen:  0)
533616672  16506208 373977912  0.042  0.042  170.167  165.620    0    0  (Gen:  0)
520892312  16505832 375550768  0.027  0.027  170.361  165.815    0    0  (Gen:  0)
520655904  16505464 378491432  0.009  0.009  170.531  165.986    0    0  (Gen:  0)
534545376  16506280 393466480  0.042  0.042  170.987  166.408    0    0  (Gen:  0)
521497968  16907232 394674216  0.028  0.028  171.188  166.609    0    0  (Gen:  0)
520631256   4537976 397437808  0.009  0.009  171.359  166.781    0    0  (Gen:  0)
532922640   4538768 409531496  0.035  0.036  171.792  167.180    0    0  (Gen:  0)
523565488   4538392 413768816  0.028  0.028  172.001  167.389    0    0  (Gen:  0)
520635000   4538040 416151296  0.013  0.013  172.178  167.567    0    0  (Gen:  0)
539735768  14069456 428804224  0.038  0.038  172.612  167.968    0    0  (Gen:  0)
524589096  14069904 432625520  0.031  0.031  172.827  168.182    0    0  (Gen:  0)
520614368  14068728 434735944  0.015  0.015  173.004  168.360    0    0  (Gen:  0)
535662032  14069536 447202880  0.036  0.036  173.424  168.746    0    0  (Gen:  0)
524466080  16530208 451262064  0.030  0.030  173.647  168.969    0    0  (Gen:  0)
520603400   8699688 453608272  0.015  0.015  173.828  169.150    0    0  (Gen:  0)
536765504   8700488 464875440  0.032  0.032  174.231  169.521    0    0  (Gen:  0)
528553032   8700400 470218824  0.030  0.030  174.468  169.757    0    0  (Gen:  0)
520595544   8699776 472448520  0.016  0.016  174.649  169.938    0    0  (Gen:  0)
538992624  12125440 483140520  0.030  0.030  175.048  170.303    0    0  (Gen:  0)
521883736  12125552 488881392  0.031  0.031  175.290  170.544    0    0  (Gen:  0)
520656816  12124768 491190720  0.016  0.016  175.470  170.724    0    0  (Gen:  0)
533328504  12124688 255902304  0.333  0.333  176.157  171.379    0    0  (Gen:  1)
524164728  16498168 262713888  0.032  0.032  176.409  171.631    0    0  (Gen:  0)
520640192   9451408 265115112  0.018  0.018  176.597  171.820    0    0  (Gen:  0)
540157072   9452200 273095096  0.024  0.024  176.980  172.170    0    0  (Gen:  0)
525399000   9459064 281340256  0.034  0.034  177.240  172.429    0    0  (Gen:  0)
520628864   9451496 283937816  0.019  0.019  177.427  172.616    0    0  (Gen:  0)
534430792   9452296 288363008  0.018  0.018  177.791  172.947    0    0  (Gen:  0)
526723616   9451968 300216704  0.036  0.036  178.061  173.215    0    0  (Gen:  0)
520612560   9451536 302794720  0.027  0.027  178.257  173.412    0    0  (Gen:  0)
539036368   9452328 307048152  0.017  0.017  178.604  173.736    0    0  (Gen:  0)
521067928  16368160 319029032  0.036  0.036  178.887  174.009    0    0  (Gen:  0)
520597632  15262240 321615336  0.026  0.026  179.083  174.205    0    0  (Gen:  0)
538980584  15263032 325553672  0.016  0.016  179.399  174.514    0    0  (Gen:  0)
525267936  16455280 337943392  0.037  0.037  179.715  174.803    0    0  (Gen:  0)
520597960  15761512 340571128  0.027  0.027  179.912  175.000    0    0  (Gen:  0)
534028504  15762336 343758504  0.014  0.014  180.206  175.296    0    0  (Gen:  0)
521675432  15761680 356904104  0.038  0.038  180.540  175.593    0    0  (Gen:  0)
520576160  15761552 359622112  0.027  0.027  180.737  175.791    0    0  (Gen:  0)
340354904  15761696 247979784  0.315  0.316  181.151  176.954    0    0  (Gen:  1)
   104368  11188480  19014056  0.017  0.034  181.168  177.029    0    0  (Gen:  1)
     1368                      0.000  0.000

 329,914,072,400 bytes allocated in the heap
  10,782,610,840 bytes copied during GC
     263,847,792 bytes maximum residency (20 sample(s))
       3,611,296 bytes maximum slop
             251 MB total memory in use (0 MB lost due to fragmentation)

                                     Tot time (elapsed)  Avg pause  Max pause
  Gen  0       607 colls,     0 par   16.378s  16.485s     0.0272s    0.1770s
  Gen  1        20 colls,     0 par    6.235s   6.453s     0.3227s    0.4680s

  TASKS: 21 (1 bound, 20 peak workers (20 total), using -N4)

  SPARKS: 0 (0 converted, 0 overflowed, 0 dud, 0 GC'd, 0 fizzled)

  INIT    time    0.001s  (  0.006s elapsed)
  MUT     time  158.553s  (154.085s elapsed)
  GC      time   22.613s  ( 22.938s elapsed)
  EXIT    time    0.000s  (  0.010s elapsed)
  Total   time  181.169s  (177.039s elapsed)

  Alloc rate    2,080,776,934 bytes per MUT second

  Productivity  87.5% of total user, 87.0% of total elapsed

