bench-hist/spaceleaks_hashable/ghcide --lsp --cwd bench/example/Cabal-3.0.0.0 +RTS -I0 -qg -A128M -Shover.benchmark-gcStats -I0.5 
    Alloc    Copied     Live     GC     GC      TOT      TOT  Page Flts
    bytes     bytes     bytes   user   elap     user     elap
559947944      2160  14755656  0.034  0.037    0.729    6.335    0    0  (Gen:  0)
546669504  15671600  21827192  0.047  0.056    1.128    7.119    0    0  (Gen:  1)
539568352   9335120  28186752  0.022  0.023    1.471    7.716    0    0  (Gen:  0)
533272808   9334256  35545008  0.026  0.028    2.224    8.190    0    0  (Gen:  0)
546260264   9337336 110193264  0.150  0.172    3.203    8.792    0    0  (Gen:  0)
530394512   9336952 133489464  0.216  0.246    3.746    9.171    0    0  (Gen:  1)
522792128   9340544 161953384  0.111  0.113    4.200    9.407    0    0  (Gen:  0)
538170072   9376992 216578896  0.145  0.155    4.944    9.878    0    0  (Gen:  0)
553308584  38448264 219476768  0.072  0.076    5.611   10.117    0    0  (Gen:  0)
537068376 186541752 219665496  0.355  0.408    6.505   10.718    0    0  (Gen:  1)
538742680 186539064 219925240  0.049  0.049    7.051   10.924    0    0  (Gen:  0)
548830768  29061080 231668576  0.066  0.066    7.672   11.150    0    0  (Gen:  0)
530572696  36815144 240093800  0.080  0.080    8.235   11.591    0    0  (Gen:  0)
537304016  21706184 242653992  0.045  0.045    8.730   11.956    0    0  (Gen:  0)
546549560  21712936 257761656  0.073  0.073    9.350   12.180    0    0  (Gen:  0)
538804632  21706720 272985968  0.077  0.077    9.966   12.398    0    0  (Gen:  0)
532222104  21705728 279935000  0.078  0.078   10.649   12.631    0    0  (Gen:  0)
537683144  21704960 268890072  0.038  0.038   11.147   12.816    0    0  (Gen:  0)
533470528  21706112 277445896  0.046  0.046   11.666   13.141    0    0  (Gen:  0)
534093144  21706352 285718352  0.054  0.054   12.145   13.472    0    0  (Gen:  0)
561018896  38919528 306982168  0.080  0.080   12.772   13.979    0    0  (Gen:  0)
540652336  38920096 312686192  0.051  0.052   13.174   14.356    0    0  (Gen:  0)
520608336  38919144 314951072  0.020  0.020   13.354   14.537    0    0  (Gen:  0)
523046800  38919688 318084792  0.011  0.011   13.611   14.795    0    0  (Gen:  0)
529067224  38919160 319094688  0.009  0.009   14.378   15.469    0    0  (Gen:  0)
531870792   2507896 318906152  0.008  0.008   15.181   16.164    0    0  (Gen:  0)
532567160   2507952 318862544  0.008  0.008   15.989   16.866    0    0  (Gen:  0)
536326656   2380168 318871160  0.008  0.008   16.797   17.565    0    0  (Gen:  0)
537880888   2380216 318896472  0.008  0.008   17.600   18.264    0    0  (Gen:  0)
533581400   2380344 319133912  0.008  0.008   18.391   18.941    0    0  (Gen:  0)
531651968   2380344 318777440  0.007  0.007   19.183   19.619    0    0  (Gen:  0)
537406536   2380376 318616072  0.007  0.007   19.986   20.312    0    0  (Gen:  0)
532347304   2380384 319552416  0.009  0.009   20.771   20.990    0    0  (Gen:  0)
535480872   2380448 319543760  0.010  0.010   21.553   21.679    0    0  (Gen:  0)
535710032   2380448 319732704  0.009  0.009   22.345   22.375    0    0  (Gen:  0)
530353808   2380488 319402896  0.009  0.009   23.137   23.065    0    0  (Gen:  0)
529960184   2380504 319287744  0.009  0.009   23.947   23.765    0    0  (Gen:  0)
531053864   2373816 319201784  0.008  0.008   24.757   24.463    0    0  (Gen:  0)
531576392   2373808 319317160  0.008  0.008   25.554   25.151    0    0  (Gen:  0)
534364840   2373888 319160992  0.008  0.008   26.353   25.836    0    0  (Gen:  0)
528956792   2373880 318865816  0.008  0.008   27.146   26.512    0    0  (Gen:  0)
535082280   2373888 319697376  0.009  0.009   27.944   27.197    0    0  (Gen:  0)
532523384   2374040 319838248  0.009  0.009   28.723   27.890    0    0  (Gen:  0)
534919696   2374064 320226592  0.010  0.010   29.513   28.586    0    0  (Gen:  0)
532750056   2374152 319676080  0.009  0.009   30.305   29.274    0    0  (Gen:  0)
532573160   2470888 319443952  0.011  0.011   31.122   29.982    0    0  (Gen:  0)
530194056   2470936 319375528  0.008  0.008   31.930   30.679    0    0  (Gen:  0)
536487032   2373536 319456784  0.008  0.008   32.742   31.380    0    0  (Gen:  0)
528877736   2488776 319382696  0.008  0.008   33.535   32.057    0    0  (Gen:  0)
532842504   2366616 319181552  0.008  0.008   34.331   32.737    0    0  (Gen:  0)
536009792   2366680 318974688  0.007  0.007   35.136   33.427    0    0  (Gen:  0)
534818216   2366744 319948968  0.009  0.009   35.932   34.111    0    0  (Gen:  0)
529002256   2366768 320085344  0.010  0.010   36.708   34.797    0    0  (Gen:  0)
534078128   2392960 319887528  0.009  0.009   37.506   35.498    0    0  (Gen:  0)
530392544   2392992 319668912  0.009  0.009   38.303   36.190    0    0  (Gen:  0)
531336824   2393048 319700512  0.009  0.009   39.113   36.888    0    0  (Gen:  0)
531477224   2393128 319763720  0.009  0.009   39.927   37.589    0    0  (Gen:  0)
530927984   2393200 319658392  0.008  0.008   40.738   38.289    0    0  (Gen:  0)
533305736   2404272 319580720  0.008  0.008   41.535   38.972    0    0  (Gen:  0)
531927616   2404360 319350984  0.008  0.008   42.333   39.656    0    0  (Gen:  0)
532356208   2404416 320115152  0.009  0.009   43.123   40.337    0    0  (Gen:  0)
536635464   2404424 320304096  0.010  0.010   43.918   41.035    0    0  (Gen:  0)
530563496   2484344 320143808  0.009  0.009   44.707   41.731    0    0  (Gen:  0)
528824792   2508384 320026240  0.009  0.009   45.503   42.424    0    0  (Gen:  0)
533507416   2437344 320172864  0.009  0.009   46.322   43.135    0    0  (Gen:  0)
534032064   2437408 320198560  0.009  0.009   47.139   43.841    0    0  (Gen:  0)
536551472   2437432 320011352  0.008  0.008   47.953   44.544    0    0  (Gen:  0)
533274600   2437432 320148984  0.008  0.008   48.751   45.229    0    0  (Gen:  0)
534315536   2437504 320058544  0.008  0.008   49.555   45.917    0    0  (Gen:  0)
538059512   2236824 319827392  0.008  0.008   50.365   46.612    0    0  (Gen:  0)
535353432   2236888 320574160  0.009  0.009   51.168   47.300    0    0  (Gen:  0)
533240152   2236904 320886152  0.010  0.010   51.960   48.003    0    0  (Gen:  0)
532182648   2236968 320704976  0.010  0.010   52.751   48.698    0    0  (Gen:  0)
531443080   2237024 320417888  0.010  0.010   53.549   49.391    0    0  (Gen:  0)
457497664 211869480 247704216  0.357  0.390   54.624   51.089    0    0  (Gen:  1)
   103984  11158168  18279608  0.016  0.038   54.640   51.128    0    0  (Gen:  1)
     1368                      0.000  0.000

  40,038,678,008 bytes allocated in the heap
   1,235,743,824 bytes copied during GC
     247,704,216 bytes maximum residency (5 sample(s))
       3,515,752 bytes maximum slop
             236 MB total memory in use (0 MB lost due to fragmentation)

                                     Tot time (elapsed)  Avg pause  Max pause
  Gen  0        71 colls,     0 par    1.761s   1.806s     0.0254s    0.1715s
  Gen  1         5 colls,     0 par    0.992s   1.138s     0.2277s    0.4078s

  TASKS: 21 (1 bound, 20 peak workers (20 total), using -N4)

  SPARKS: 0 (0 converted, 0 overflowed, 0 dud, 0 GC'd, 0 fizzled)

  INIT    time    0.001s  (  0.006s elapsed)
  MUT     time   51.886s  ( 48.177s elapsed)
  GC      time    2.753s  (  2.945s elapsed)
  EXIT    time    0.000s  (  0.003s elapsed)
  Total   time   54.640s  ( 51.131s elapsed)

  Alloc rate    771,668,418 bytes per MUT second

  Productivity  95.0% of total user, 94.2% of total elapsed

