bench-hist/spaceleaks_progress2/ghcide --lsp --cwd bench/example/Cabal-3.0.0.0 +RTS -I0 -qg -A128M -Scode_actions.benchmark-gcStats -I0.5 
    Alloc    Copied     Live     GC     GC      TOT      TOT  Page Flts
    bytes     bytes     bytes   user   elap     user     elap
554385928  11103688  14664264  0.036  0.040    0.737    6.432    0    0  (Gen:  0)
552489344  11108032  21846968  0.048  0.057    1.144    7.228    0    0  (Gen:  1)
537742224   9411888  28289000  0.022  0.023    1.489    7.829    0    0  (Gen:  0)
527244576  12319584  35581336  0.026  0.028    2.218    8.297    0    0  (Gen:  0)
549060120  12322728 110254488  0.154  0.174    3.239    8.896    0    0  (Gen:  0)
527368264  12339848 139030008  0.233  0.264    3.861    9.291    0    0  (Gen:  1)
525977392  59202720 167471232  0.119  0.120    4.394    9.551    0    0  (Gen:  0)
541466584  59218800 204059208  0.123  0.130    5.033    9.840    0    0  (Gen:  0)
549839248  48299488 218315632  0.094  0.103    5.760   10.115    0    0  (Gen:  0)
536988664 185121168 218167880  0.352  0.399    6.688   10.690    0    0  (Gen:  1)
538970232 185123944 224504608  0.058  0.058    7.255   10.896    0    0  (Gen:  0)
544489480  28071792 234536912  0.058  0.059    7.892   11.110    0    0  (Gen:  0)
531446920  28074168 252187264  0.092  0.093    8.446   11.557    0    0  (Gen:  0)
539856424  28070624 244335792  0.036  0.036    8.927   11.916    0    0  (Gen:  0)
540618056  37448256 268501216  0.086  0.086    9.580   12.151    0    0  (Gen:  0)
539349344  42734664 285195280  0.094  0.094   10.211   12.389    0    0  (Gen:  0)
537364680  42734568 282553440  0.068  0.069   10.845   12.607    0    0  (Gen:  0)
540589984  42735440 274502040  0.042  0.042   11.330   12.865    0    0  (Gen:  0)
528804184  17615808 284334464  0.048  0.048   11.852   13.189    0    0  (Gen:  0)
533304136  22927224 291178600  0.052  0.052   12.323   13.514    0    0  (Gen:  0)
570411296  39522720 313060336  0.082  0.082   12.975   14.037    0    0  (Gen:  0)
564680216  39525288 349180864  0.102  0.102   13.670   14.623    0    0  (Gen:  0)
542802328  39522896 357558248  0.057  0.057   14.186   15.013    0    0  (Gen:  0)
536996416  26727280 369773040  0.021  0.021   14.623   15.394    0    0  (Gen:  0)
536792944  26727280 381939688  0.019  0.019   15.056   15.773    0    0  (Gen:  0)
537251072  24506872 394121240  0.018  0.018   15.488   16.152    0    0  (Gen:  0)
482553392 224649584 266684448  0.414  0.474   16.335   17.716    0    0  (Gen:  1)
   104136  12293784  20266376  0.018  0.042   16.353   17.759    0    0  (Gen:  1)
     1800                      0.000  0.000

  14,548,949,384 bytes allocated in the heap
   1,329,460,136 bytes copied during GC
     266,684,448 bytes maximum residency (5 sample(s))
       4,155,360 bytes maximum slop
             254 MB total memory in use (0 MB lost due to fragmentation)

                                     Tot time (elapsed)  Avg pause  Max pause
  Gen  0        23 colls,     0 par    1.508s   1.554s     0.0676s    0.1736s
  Gen  1         5 colls,     0 par    1.065s   1.236s     0.2472s    0.4742s

  TASKS: 20 (1 bound, 19 peak workers (19 total), using -N4)

  SPARKS: 0 (0 converted, 0 overflowed, 0 dud, 0 GC'd, 0 fizzled)

  INIT    time    0.001s  (  0.006s elapsed)
  MUT     time   13.778s  ( 14.963s elapsed)
  GC      time    2.573s  (  2.790s elapsed)
  EXIT    time    0.000s  (  0.011s elapsed)
  Total   time   16.353s  ( 17.770s elapsed)

  Alloc rate    1,055,963,608 bytes per MUT second

  Productivity  84.3% of total user, 84.2% of total elapsed

