bench-hist/spaceleaks_progress2/ghcide --lsp --cwd bench/example/Cabal-3.0.0.0 +RTS -I0 -qg -A128M -SdocumentSymbols_after_edit.benchmark-gcStats -I0.5 
    Alloc    Copied     Live     GC     GC      TOT      TOT  Page Flts
    bytes     bytes     bytes   user   elap     user     elap
557563488      2160  14709392  0.034  0.038    0.737    6.433    0    0  (Gen:  0)
546156688      6488  21734616  0.047  0.056    1.139    7.224    0    0  (Gen:  1)
541282328      5128  28192616  0.022  0.023    1.486    7.831    0    0  (Gen:  0)
533053072  12562272  35676336  0.027  0.028    2.245    8.314    0    0  (Gen:  0)
547964888  12565328 109625824  0.149  0.168    3.228    8.921    0    0  (Gen:  0)
528346072 113173592 140890560  0.240  0.270    3.889    9.356    0    0  (Gen:  1)
527325072 113160720 163824632  0.106  0.107    4.378    9.590    0    0  (Gen:  0)
538858416 113166536 203521480  0.110  0.113    4.978    9.858    0    0  (Gen:  0)
548933344 113172216 217724760  0.098  0.107    5.780   10.165    0    0  (Gen:  0)
546608456 113159184 233367968  0.086  0.092    6.415   10.436    0    0  (Gen:  0)
541404480 113157088 212414456  0.333  0.374    7.247   10.970    0    0  (Gen:  1)
549528856 113158712 230530272  0.075  0.075    7.906   11.199    0    0  (Gen:  0)
528278752  40162200 241715432  0.096  0.097    8.473   11.648    0    0  (Gen:  0)
531325488  40209520 237651680  0.045  0.045    8.970   12.018    0    0  (Gen:  0)
540661016  36470168 259762048  0.086  0.086    9.626   12.255    0    0  (Gen:  0)
537012712  36461840 271084880  0.084  0.084   10.215   12.473    0    0  (Gen:  0)
537942080  32557400 274093464  0.070  0.070   10.870   12.701    0    0  (Gen:  0)
533129936  32557656 267498280  0.048  0.048   11.364   12.924    0    0  (Gen:  0)
529075072  32557704 276306456  0.051  0.051   11.890   13.253    0    0  (Gen:  0)
527826360  23489080 282287072  0.052  0.052   12.355   13.576    0    0  (Gen:  0)
565301832  23488520 300828544  0.075  0.075   12.984   14.074    0    0  (Gen:  0)
538017800  23497776 314975768  0.065  0.065   13.326   14.353    0    0  (Gen:  0)
537570416  23487960 329927984  0.050  0.050   13.618   14.571    0    0  (Gen:  0)
543085160  23487960 342017416  0.045  0.045   13.920   14.798    0    0  (Gen:  0)
540235288  23487960 354288616  0.044  0.044   14.209   15.017    0    0  (Gen:  0)
539706488  24405136 366587712  0.044  0.044   14.494   15.235    0    0  (Gen:  0)
539457296  24405160 381593320  0.047  0.047   14.783   15.451    0    0  (Gen:  0)
543349672  24405168 393796840  0.047  0.048   15.079   15.680    0    0  (Gen:  0)
539952608  24405248 406108712  0.044  0.044   15.367   15.898    0    0  (Gen:  0)
539614408  24405064 368565072  0.580  0.668   16.190   16.739    0    0  (Gen:  1)
539547544  24405088 383710752  0.049  0.049   16.484   16.960    0    0  (Gen:  0)
539404200  24405072 396390128  0.050  0.051   16.780   17.182    0    0  (Gen:  0)
540774592  24405072 408986504  0.046  0.046   17.074   17.404    0    0  (Gen:  0)
543636536  24405072 421037424  0.044  0.045   17.371   17.635    0    0  (Gen:  0)
534770712  24405064 434135800  0.045  0.045   17.657   17.848    0    0  (Gen:  0)
538387680  26679784 448838464  0.049  0.049   17.953   18.069    0    0  (Gen:  0)
542447408  26247784 461666248  0.047  0.047   18.247   18.295    0    0  (Gen:  0)
540075168  26247776 474224888  0.047  0.047   18.542   18.521    0    0  (Gen:  0)
541294376  26247792 487557736  0.046  0.046   18.837   18.745    0    0  (Gen:  0)
534832144  26247768 500312224  0.046  0.046   19.119   18.952    0    0  (Gen:  0)
542070736  26937256 515351824  0.050  0.050   19.427   19.183    0    0  (Gen:  0)
542092488  26937264 527923184  0.048  0.048   19.721   19.408    0    0  (Gen:  0)
543587936  26937272 540507144  0.046  0.046   20.022   19.637    0    0  (Gen:  0)
542639768  26937256 553391944  0.048  0.048   20.319   19.862    0    0  (Gen:  0)
540427984  26937256 568369608  0.049  0.049   20.614   20.086    0    0  (Gen:  0)
543462376  26937264 580879192  0.047  0.047   20.916   20.316    0    0  (Gen:  0)
536306440  26937264 593650976  0.045  0.045   21.203   20.531    0    0  (Gen:  0)
542092312  26937272 606735184  0.046  0.046   21.499   20.758    0    0  (Gen:  0)
538331584  26701080 621212832  0.053  0.053   21.797   20.984    0    0  (Gen:  0)
542138208  26701080 633534600  0.046  0.047   22.096   21.212    0    0  (Gen:  0)
619646456  40877760 661802264  0.115  0.122   22.557   21.657    0    0  (Gen:  0)
217320856  11150656  18169072  0.022  0.049   22.847   22.490    0    0  (Gen:  1)
     1584                      0.000  0.000

  27,843,856,632 bytes allocated in the heap
   1,905,855,896 bytes copied during GC
     368,565,072 bytes maximum residency (5 sample(s))
       5,395,632 bytes maximum slop
             351 MB total memory in use (0 MB lost due to fragmentation)

                                     Tot time (elapsed)  Avg pause  Max pause
  Gen  0        47 colls,     0 par    2.764s   2.822s     0.0600s    0.1679s
  Gen  1         5 colls,     0 par    1.222s   1.418s     0.2836s    0.6676s

  TASKS: 21 (1 bound, 20 peak workers (20 total), using -N4)

  SPARKS: 0 (0 converted, 0 overflowed, 0 dud, 0 GC'd, 0 fizzled)

  INIT    time    0.001s  (  0.006s elapsed)
  MUT     time   18.859s  ( 18.245s elapsed)
  GC      time    3.986s  (  4.239s elapsed)
  EXIT    time    0.001s  (  0.005s elapsed)
  Total   time   22.847s  ( 22.495s elapsed)

  Alloc rate    1,476,443,809 bytes per MUT second

  Productivity  82.5% of total user, 81.1% of total elapsed

