bench-hist/spaceleaks_progress2/ghcide --lsp --cwd bench/example/Cabal-3.0.0.0 +RTS -I0 -qg -A128M -Sedit.benchmark-gcStats -I0.5 
    Alloc    Copied     Live     GC     GC      TOT      TOT  Page Flts
    bytes     bytes     bytes   user   elap     user     elap
558564584  11164928  14753288  0.033  0.037    0.738    6.274    0    0  (Gen:  0)
545494056  15705640  21778712  0.049  0.057    1.136    7.054    0    0  (Gen:  1)
540672072  15704256  28235920  0.022  0.023    1.485    7.659    0    0  (Gen:  0)
533561248  15703384  35589136  0.027  0.028    2.237    8.144    0    0  (Gen:  0)
546730552  15706480 110132064  0.150  0.169    3.254    8.717    0    0  (Gen:  0)
524136752  15721448 139349552  0.235  0.267    3.874    9.119    0    0  (Gen:  1)
528166144  15710512 169793496  0.120  0.122    4.406    9.377    0    0  (Gen:  0)
537975136  56939320 204586872  0.124  0.130    5.032    9.662    0    0  (Gen:  0)
550362552  56924712 217213752  0.094  0.104    5.746    9.935    0    0  (Gen:  0)
547551632  56919896 233425432  0.075  0.078    6.385   10.197    0    0  (Gen:  0)
539807376  56919728 219837232  0.353  0.398    7.265   10.746    0    0  (Gen:  1)
545907872  32908440 229982152  0.066  0.066    7.883   10.964    0    0  (Gen:  0)
536162912  32910784 238674264  0.075  0.075    8.422   11.398    0    0  (Gen:  0)
541694904  32961384 239672784  0.043  0.044    8.916   11.756    0    0  (Gen:  0)
541323256  32916000 254276720  0.067  0.067    9.562   11.980    0    0  (Gen:  0)
539253440  32909408 262837392  0.067  0.067   10.184   12.197    0    0  (Gen:  0)
529230280  32912576 293174952  0.118  0.118   10.834   12.451    0    0  (Gen:  0)
536870616   3549800 261701808  0.008  0.008   11.348   12.617    0    0  (Gen:  0)
530782936  13251224 274432408  0.033  0.033   11.848   12.916    0    0  (Gen:  0)
533624536  13252504 286172184  0.053  0.053   12.325   13.244    0    0  (Gen:  0)
559624584  39357528 307972032  0.081  0.082   12.961   13.755    0    0  (Gen:  0)
530802120  39357416 320486472  0.071  0.071   13.561   14.321    0    0  (Gen:  0)
540433560  39357200 339034704  0.072  0.072   14.237   14.897    0    0  (Gen:  0)
529731056  39357264 356848456  0.074  0.074   14.930   15.504    0    0  (Gen:  0)
538778584  35178456 372338304  0.067  0.067   15.604   16.093    0    0  (Gen:  0)
534350384  33016736 387918704  0.067  0.067   16.219   16.672    0    0  (Gen:  0)
530165128  35690272 406233432  0.072  0.072   16.864   17.208    0    0  (Gen:  0)
532940496  35690376 425271368  0.083  0.087   17.590   17.861    0    0  (Gen:  0)
538265328  35690368 383864408  0.651  0.747   18.803   19.118    0    0  (Gen:  1)
533401928  35690096 402453504  0.072  0.073   19.461   19.705    0    0  (Gen:  0)
533591016  40666400 421265576  0.080  0.081   20.132   20.277    0    0  (Gen:  0)
532671288  40669072 437511928  0.072  0.073   20.820   20.889    0    0  (Gen:  0)
532715680  40667104 450800344  0.065  0.065   21.425   21.458    0    0  (Gen:  0)
534898752  40666400 469087928  0.073  0.073   22.086   22.017    0    0  (Gen:  0)
534919504  38861080 486940256  0.077  0.077   22.798   22.647    0    0  (Gen:  0)
535342040  38861080 499273600  0.062  0.062   23.464   23.228    0    0  (Gen:  0)
534152448  33064688 518281272  0.070  0.070   24.089   23.816    0    0  (Gen:  0)
527937712  33064616 538163880  0.083  0.083   24.742   24.364    0    0  (Gen:  0)
533173512  33066880 554934168  0.078  0.078   25.452   24.996    0    0  (Gen:  0)
534673928  33064928 566542080  0.063  0.063   26.059   25.558    0    0  (Gen:  0)
533477944  34536440 585418208  0.074  0.074   26.723   26.136    0    0  (Gen:  0)
530059128  39655368 603545336  0.077  0.077   27.408   26.730    0    0  (Gen:  0)
536258072  39655448 619585176  0.070  0.070   28.093   27.331    0    0  (Gen:  0)
532562224  32778240 634069016  0.067  0.067   28.709   27.911    0    0  (Gen:  0)
537750176  32771552 652455456  0.073  0.073   29.361   28.457    0    0  (Gen:  0)
535418944  32771648 671325312  0.078  0.078   30.084   29.102    0    0  (Gen:  0)
534886880  32771624 682850224  0.064  0.064   30.731   29.679    0    0  (Gen:  0)
539335704  32771680 701856040  0.071  0.071   31.385   30.281    0    0  (Gen:  0)
530753856  32771680 721208400  0.083  0.083   32.043   30.832    0    0  (Gen:  0)
537243176  32776328 738250152  0.078  0.078   32.757   31.467    0    0  (Gen:  0)
533724752  32772048 750049984  0.065  0.065   33.362   32.030    0    0  (Gen:  0)
533273232  32771440 768482992  1.361  1.562   35.324   34.102    0    0  (Gen:  1)
531378040  39577824 786688568  0.079  0.079   36.017   34.705    0    0  (Gen:  0)
535209088  39580608 802409032  0.070  0.070   36.703   35.307    0    0  (Gen:  0)
533886936  39582552 817256760  0.068  0.068   37.324   35.891    0    0  (Gen:  0)
531842016  35093632 835477400  0.073  0.074   37.981   36.443    0    0  (Gen:  0)
533512608  35093648 855036688  0.082  0.082   38.710   37.096    0    0  (Gen:  0)
537528912  35093776 866028584  0.065  0.065   39.350   37.672    0    0  (Gen:  0)
539195696  35093656 885054304  0.073  0.073   40.014   38.277    0    0  (Gen:  0)
530648136  35093688 904133304  0.083  0.083   40.680   38.839    0    0  (Gen:  0)
540739256  39057336 921382856  0.078  0.079   41.399   39.481    0    0  (Gen:  0)
530491264  39055328 933380000  0.066  0.066   41.994   40.039    0    0  (Gen:  0)
538418768  39055088 952000272  0.073  0.073   42.684   40.634    0    0  (Gen:  0)
530805656  39055096 970126968  0.078  0.079   43.374   41.234    0    0  (Gen:  0)
535277944  39058048 985921224  0.070  0.071   44.063   41.839    0    0  (Gen:  0)
530013528  32786064 1000765840  0.069  0.069   44.685   42.425    0    0  (Gen:  0)
527724120  32781432 1019086096  0.074  0.074   45.333   42.966    0    0  (Gen:  0)
534871216  32781432 1038100176  0.081  0.081   46.059   43.617    0    0  (Gen:  0)
533190000  32781864 1049715792  0.067  0.067   46.679   44.189    0    0  (Gen:  0)
534914664  34532032 1068182024  0.074  0.074   47.359   44.790    0    0  (Gen:  0)
531925472  34532072 1086710104  0.081  0.081   48.042   45.376    0    0  (Gen:  0)
531728504  34535360 1102965960  0.073  0.073   48.732   45.985    0    0  (Gen:  0)
534689560  34533432 1116711328  0.068  0.068   49.351   46.568    0    0  (Gen:  0)
537879504  34532144 1135005192  0.073  0.073   50.018   47.132    0    0  (Gen:  0)
538124432  34532144 1152890552  0.078  0.079   50.742   47.775    0    0  (Gen:  0)
533174192  34532144 1165295024  0.063  0.063   51.409   48.356    0    0  (Gen:  0)
534701696  34532160 1184172688  0.071  0.071   52.045   48.951    0    0  (Gen:  0)
526969320  34532168 1203847704  0.083  0.084   52.704   49.502    0    0  (Gen:  0)
532668864  34534936 1220376680  0.077  0.077   53.419   50.139    0    0  (Gen:  0)
535067184  34532424 1232702832  0.066  0.066   54.022   50.710    0    0  (Gen:  0)
535761144  34520400 1251223352  0.075  0.075   54.711   51.304    0    0  (Gen:  0)
532152488  39499448 1269322912  0.079  0.079   55.412   51.916    0    0  (Gen:  0)
536782672  39502944 1285277256  0.070  0.071   56.102   52.521    0    0  (Gen:  0)
536951200  32871320 1300079392  0.069  0.069   56.729   53.111    0    0  (Gen:  0)
536067672  35227344 1318362616  0.074  0.074   57.389   53.665    0    0  (Gen:  0)
535448032  35227344 1337048672  0.080  0.080   58.120   54.319    0    0  (Gen:  0)
541308320  35227336 1348670208  0.063  0.063   58.791   54.906    0    0  (Gen:  0)
534874632  35227344 1367663880  0.071  0.072   59.430   55.505    0    0  (Gen:  0)
530454016  35227400 1387444792  0.084  0.084   60.096   56.062    0    0  (Gen:  0)
538748112  35230296 1404633712  0.080  0.080   60.821   56.711    0    0  (Gen:  0)
536060680  35227792 1415949632  0.066  0.066   61.445   57.287    0    0  (Gen:  0)
539096208  34654864 1435132080  0.075  0.075   62.129   57.889    0    0  (Gen:  0)
531747632  34654944 1453692552  0.082  0.082   62.816   58.480    0    0  (Gen:  0)
534835896  34654960 1470239392  0.078  0.083   63.520   59.107    0    0  (Gen:  0)
539238016  34657056 1483677976  0.071  0.075   64.142   59.698    0    0  (Gen:  0)
534273176  34655080 1502011912  0.078  0.083   64.822   60.279    0    0  (Gen:  0)
532693376  38852320 1519777296  0.085  0.091   65.547   60.927    0    0  (Gen:  0)
537847664  38851056 1532479304  2.776  3.194   68.938   64.650    0    0  (Gen:  1)
535896784  38859720 1550151984  0.072  0.072   69.570   65.244    0    0  (Gen:  0)
532294376  38851056 1568416560  0.079  0.079   70.231   65.798    0    0  (Gen:  0)
533680904  38851056 1587341536  0.081  0.081   70.963   66.455    0    0  (Gen:  0)
539232992  38851352 1599188688  0.067  0.067   71.591   67.033    0    0  (Gen:  0)
537958720  38851104 1617659104  0.075  0.075   72.276   67.640    0    0  (Gen:  0)
529149888  38851104 1636240192  0.082  0.082   72.955   68.221    0    0  (Gen:  0)
531883944  37297496 1652458032  0.073  0.074   73.647   68.833    0    0  (Gen:  0)
536614680  37295680 1666037960  0.068  0.069   74.269   69.417    0    0  (Gen:  0)
535704480  37294568 1684330600  0.075  0.075   74.939   69.985    0    0  (Gen:  0)
536108040  37294584 1702152632  0.078  0.078   75.664   70.628    0    0  (Gen:  0)
536400088  32828688 1715573720  0.065  0.065   76.346   71.224    0    0  (Gen:  0)
537465264  32833464 1733530688  0.071  0.072   76.980   71.821    0    0  (Gen:  0)
530464808  32828688 1751791512  0.079  0.079   77.640   72.372    0    0  (Gen:  0)
535992776  32828696 1770842608  0.081  0.081   78.372   73.029    0    0  (Gen:  0)
536089064  32828928 1782620736  0.067  0.067   78.991   73.601    0    0  (Gen:  0)
535027192  32828728 1800969896  0.075  0.075   79.673   74.202    0    0  (Gen:  0)
530464208  32828760 1819448384  0.082  0.082   80.364   74.795    0    0  (Gen:  0)
537021272  32828776 1836042528  0.074  0.075   81.069   75.417    0    0  (Gen:  0)
536222576  32565048 1849469456  0.067  0.067   81.691   76.004    0    0  (Gen:  0)
533392392  32565256 1867846040  0.074  0.075   82.360   76.568    0    0  (Gen:  0)
530066704  32563560 1885649024  0.077  0.077   83.080   77.208    0    0  (Gen:  0)
541059240  32563584 1898142896  0.064  0.064   83.758   77.797    0    0  (Gen:  0)
535406728  32563592 1917052456  0.073  0.073   84.395   78.395    0    0  (Gen:  0)
530800200  41837688 1937043992  0.085  0.086   85.063   78.955    0    0  (Gen:  0)
533276840  41840648 1953821976  0.079  0.080   85.787   79.600    0    0  (Gen:  0)
535287240  41838152 1965232920  0.065  0.065   86.409   80.175    0    0  (Gen:  0)
539009544  41837808 1984367168  0.075  0.075   87.089   80.772    0    0  (Gen:  0)
528673520  41837832 2002604800  0.080  0.080   87.781   81.370    0    0  (Gen:  0)
535983952  36753872 2018876200  0.073  0.074   88.477   81.982    0    0  (Gen:  0)
531533760  36755312 2032948480  0.069  0.069   89.099   82.567    0    0  (Gen:  0)
535412912  36753960 2051298344  0.075  0.075   89.762   83.121    0    0  (Gen:  0)
531583152  36754032 2070152952  0.080  0.080   90.497   83.779    0    0  (Gen:  0)
539848656  36754064 2081798192  0.065  0.065   91.158   84.366    0    0  (Gen:  0)
536553240  36754072 2100813784  0.074  0.074   91.817   84.975    0    0  (Gen:  0)
530742752  36754112 2119966496  0.084  0.084   92.487   85.541    0    0  (Gen:  0)
534663688  36757152 2136441248  0.077  0.077   93.200   86.174    0    0  (Gen:  0)
532808040  36754384 2149068976  0.067  0.067   93.811   86.745    0    0  (Gen:  0)
537462600  36754192 2167645416  0.074  0.075   94.500   87.337    0    0  (Gen:  0)
513939968 2126648656 2183953896  3.748  4.125   98.870   92.732    0    0  (Gen:  1)
   104424  11148048  17992184  0.041  0.231   98.912   92.963    0    0  (Gen:  1)
     1576                      0.000  0.000

  73,327,386,688 bytes allocated in the heap
   6,877,272,688 bytes copied during GC
   2,183,953,896 bytes maximum residency (8 sample(s))
      11,567,640 bytes maximum slop
            2082 MB total memory in use (0 MB lost due to fragmentation)

                                     Tot time (elapsed)  Avg pause  Max pause
  Gen  0       130 colls,     0 par    9.514s   9.606s     0.0739s    0.1692s
  Gen  1         8 colls,     0 par    9.214s  10.581s     1.3227s    4.1245s

  TASKS: 21 (1 bound, 20 peak workers (20 total), using -N4)

  SPARKS: 0 (0 converted, 0 overflowed, 0 dud, 0 GC'd, 0 fizzled)

  INIT    time    0.001s  (  0.006s elapsed)
  MUT     time   80.182s  ( 72.770s elapsed)
  GC      time   18.729s  ( 20.187s elapsed)
  EXIT    time    0.000s  (  0.004s elapsed)
  Total   time   98.912s  ( 92.967s elapsed)

  Alloc rate    914,514,989 bytes per MUT second

  Productivity  81.1% of total user, 78.3% of total elapsed

