bench-hist/spaceleaks_progress2/ghcide --lsp --cwd bench/example/Cabal-3.0.0.0 +RTS -I0 -qg -A128M -SgetDefinition.benchmark-gcStats -I0.5 
    Alloc    Copied     Live     GC     GC      TOT      TOT  Page Flts
    bytes     bytes     bytes   user   elap     user     elap
559781152  11168504  14836536  0.033  0.036    0.734    7.189    0    0  (Gen:  0)
546033792  11172880  21888816  0.048  0.057    1.135    7.979    0    0  (Gen:  1)
539468664  11171504  28387400  0.021  0.022    1.482    8.579    0    0  (Gen:  0)
528488192  11170672  35623696  0.026  0.027    2.226    9.047    0    0  (Gen:  0)
542434240  11173752 110254272  0.150  0.168    3.194    9.676    0    0  (Gen:  0)
530624648 111401168 138334096  0.230  0.261    3.819   10.083    0    0  (Gen:  1)
525780552 111399184 170085392  0.122  0.123    4.331   10.335    0    0  (Gen:  0)
541745608  60972600 206319320  0.129  0.137    5.057   10.664    0    0  (Gen:  0)
546286720  60964144 221440344  0.095  0.102    5.731   10.925    0    0  (Gen:  0)
544736232  60957720 217728592  0.352  0.398    6.653   11.501    0    0  (Gen:  1)
539113080  60956592 215835544  0.043  0.044    7.218   11.696    0    0  (Gen:  0)
540187328  60961504 227274032  0.057  0.057    7.816   11.905    0    0  (Gen:  0)
532781144  37219232 246934344  0.096  0.097    8.379   12.396    0    0  (Gen:  0)
532627720  37272408 240559264  0.049  0.050    8.873   12.770    0    0  (Gen:  0)
542375600  37219080 258874904  0.068  0.068    9.495   12.984    0    0  (Gen:  0)
537749056  28407496 264730720  0.066  0.067   10.137   13.206    0    0  (Gen:  0)
529289464  28407200 286781928  0.109  0.110   10.792   13.457    0    0  (Gen:  0)
537372688  18821104 270801464  0.043  0.043   11.316   13.645    0    0  (Gen:  0)
536000744  18821080 280614488  0.054  0.054   11.847   13.981    0    0  (Gen:  0)
531156040  18821016 285470576  0.053  0.053   12.319   14.310    0    0  (Gen:  0)
559423840  18819984 305862552  0.076  0.077   12.946   14.808    0    0  (Gen:  0)
538839184  29766608 312817808  0.053  0.053   13.379   15.203    0    0  (Gen:  0)
520693880  11482152 315032504  0.019  0.019   13.557   15.381    0    0  (Gen:  0)
523978856  11482760 317810128  0.010  0.010   13.798   15.632    0    0  (Gen:  0)
529123176  11482264 319768856  0.010  0.010   14.637   16.332    0    0  (Gen:  0)
527263624  11482440 319839360  0.010  0.010   15.490   17.037    0    0  (Gen:  0)
534221064   3035472 320065120  0.010  0.010   16.352   17.757    0    0  (Gen:  0)
532473032   3272656 320986480  0.010  0.010   17.209   18.467    0    0  (Gen:  0)
534348888   3272688 320774624  0.009  0.010   18.055   19.166    0    0  (Gen:  0)
537975280   3272728 320856744  0.009  0.009   18.910   19.875    0    0  (Gen:  0)
530091400   3272720 320865720  0.009  0.009   19.752   20.563    0    0  (Gen:  0)
530266808   3272760 322192688  0.010  0.010   20.588   21.257    0    0  (Gen:  0)
533614528   3272904 322509104  0.012  0.012   21.419   21.964    0    0  (Gen:  0)
534555984   3654536 323125432  0.012  0.012   22.268   22.683    0    0  (Gen:  0)
532506840   3245800 322632680  0.011  0.011   23.118   23.403    0    0  (Gen:  0)
532387976   3245832 323384280  0.010  0.011   24.000   24.149    0    0  (Gen:  0)
533452760   3245896 323212456  0.010  0.010   24.886   24.899    0    0  (Gen:  0)
535013984   3245936 323445776  0.010  0.010   25.754   25.622    0    0  (Gen:  0)
533372080   3072672 323922808  0.010  0.010   26.616   26.337    0    0  (Gen:  0)
534676776   3102360 324010296  0.010  0.010   27.472   27.044    0    0  (Gen:  0)
534293072   3102384 324642848  0.010  0.010   28.324   27.744    0    0  (Gen:  0)
532275072   3102520 324497752  0.009  0.009   29.178   28.446    0    0  (Gen:  0)
535447248   3102648 324789792  0.009  0.009   30.031   29.148    0    0  (Gen:  0)
531756840   3102744 325854448  0.011  0.011   30.870   29.845    0    0  (Gen:  0)
535101784   3102768 326256008  0.011  0.011   31.711   30.555    0    0  (Gen:  0)
531993264   3313192 326252600  0.010  0.011   32.547   31.259    0    0  (Gen:  0)
533802576   3313336 326750272  0.011  0.011   33.397   31.974    0    0  (Gen:  0)
534418216   3142296 326834344  0.010  0.010   34.266   32.695    0    0  (Gen:  0)
532600792   3142360 327433664  0.010  0.010   35.131   33.413    0    0  (Gen:  0)
531887168   3045800 327292992  0.010  0.010   35.994   34.130    0    0  (Gen:  0)
533504912   3276560 328269456  0.011  0.011   36.849   34.839    0    0  (Gen:  0)
535272576   3276664 328014208  0.010  0.010   37.706   35.548    0    0  (Gen:  0)
535338272   3085312 328253784  0.010  0.010   38.565   36.256    0    0  (Gen:  0)
535818784   3085408 328396936  0.009  0.009   39.425   36.967    0    0  (Gen:  0)
535718992   2920480 328625448  0.009  0.009   40.283   37.680    0    0  (Gen:  0)
534433232   3318528 329838904  0.011  0.011   41.126   38.385    0    0  (Gen:  0)
535142016   3498736 330604688  0.012  0.012   41.974   39.101    0    0  (Gen:  0)
534133456   3555384 330509880  0.012  0.012   42.821   39.819    0    0  (Gen:  0)
533203648   3470648 330976472  0.011  0.012   43.668   40.528    0    0  (Gen:  0)
528964032   3470640 330483240  0.011  0.011   44.531   41.242    0    0  (Gen:  0)
532961888   3093432 330777888  0.010  0.010   45.401   41.965    0    0  (Gen:  0)
535417088   3093496 331090784  0.010  0.010   46.268   42.683    0    0  (Gen:  0)
534949912   3093552 331477128  0.010  0.010   47.130   43.394    0    0  (Gen:  0)
533535640   3093616 331604728  0.010  0.010   47.984   44.100    0    0  (Gen:  0)
532377368   3093624 332358344  0.010  0.010   48.836   44.797    0    0  (Gen:  0)
532065456   2935640 331865704  0.009  0.010   49.688   45.497    0    0  (Gen:  0)
534859768   3326848 333138920  0.011  0.011   50.542   46.201    0    0  (Gen:  0)
534254872   3326920 333408832  0.012  0.012   51.384   46.914    0    0  (Gen:  0)
534244440   3326944 333898056  0.013  0.013   52.226   47.631    0    0  (Gen:  0)
534220792   3326992 333682376  0.011  0.011   53.076   48.341    0    0  (Gen:  0)
530870488   3327064 334599224  0.011  0.011   53.937   49.059    0    0  (Gen:  0)
528123336   3327152 334671040  0.011  0.011   54.802   49.776    0    0  (Gen:  0)
534676760   3327216 334969504  0.011  0.011   55.674   50.501    0    0  (Gen:  0)
538128608   3327232 335257000  0.011  0.011   56.541   51.217    0    0  (Gen:  0)
360053904 223709904 259244944  0.383  0.418   57.494   52.812    0    0  (Gen:  1)
   104392  11155360  18200272  0.016  0.034   57.510   52.846    0    0  (Gen:  1)
     1584                      0.000  0.000

  39,938,264,872 bytes allocated in the heap
   1,292,773,408 bytes copied during GC
     259,244,944 bytes maximum residency (5 sample(s))
       4,164,720 bytes maximum slop
             247 MB total memory in use (0 MB lost due to fragmentation)

                                     Tot time (elapsed)  Avg pause  Max pause
  Gen  0        71 colls,     0 par    1.892s   1.937s     0.0273s    0.1682s
  Gen  1         5 colls,     0 par    1.029s   1.166s     0.2333s    0.4176s

  TASKS: 22 (1 bound, 21 peak workers (21 total), using -N4)

  SPARKS: 0 (0 converted, 0 overflowed, 0 dud, 0 GC'd, 0 fizzled)

  INIT    time    0.001s  (  0.005s elapsed)
  MUT     time   54.587s  ( 49.738s elapsed)
  GC      time    2.922s  (  3.103s elapsed)
  EXIT    time    0.000s  (  0.008s elapsed)
  Total   time   57.510s  ( 52.854s elapsed)

  Alloc rate    731,649,065 bytes per MUT second

  Productivity  94.9% of total user, 94.1% of total elapsed

