bench-hist/spaceleaks_progress2/ghcide --lsp --cwd bench/example/Cabal-3.0.0.0 +RTS -I0 -qg -A128M -Shover.benchmark-gcStats -I0.5 
    Alloc    Copied     Live     GC     GC      TOT      TOT  Page Flts
    bytes     bytes     bytes   user   elap     user     elap
557339296      2160  14707600  0.033  0.036    0.730    6.293    0    0  (Gen:  0)
549293176      6504  21963128  0.048  0.057    1.136    7.154    0    0  (Gen:  1)
539881696      5120  28341744  0.021  0.021    1.482    7.757    0    0  (Gen:  0)
528640408      4248  35821520  0.027  0.028    2.228    8.234    0    0  (Gen:  0)
544586072      7320 109576456  0.148  0.167    3.266    8.827    0    0  (Gen:  0)
524793640     25352 139703496  0.233  0.264    3.899    9.231    0    0  (Gen:  1)
526297176      8936 168779008  0.120  0.121    4.389    9.479    0    0  (Gen:  0)
539972984  60137584 207669200  0.125  0.133    5.137    9.807    0    0  (Gen:  0)
546503040  60126800 216680208  0.092  0.102    5.833   10.074    0    0  (Gen:  0)
540706816  60131136 215921312  0.345  0.388    6.733   10.628    0    0  (Gen:  1)
536222944  60117336 216221856  0.043  0.043    7.270   10.828    0    0  (Gen:  0)
545031944  27150440 226692064  0.059  0.059    7.895   11.038    0    0  (Gen:  0)
527912872  27157504 240671224  0.087  0.087    8.461   11.451    0    0  (Gen:  0)
533661208  21392264 241697192  0.046  0.046    8.943   11.838    0    0  (Gen:  0)
537716008  21396616 254861536  0.074  0.074    9.592   12.064    0    0  (Gen:  0)
533012168  21444800 277960912  0.101  0.101   10.217   12.302    0    0  (Gen:  0)
540448480  21394392 274096520  0.067  0.067   10.882   12.525    0    0  (Gen:  0)
538500448  21391240 275832464  0.041  0.041   11.364   12.714    0    0  (Gen:  0)
538007824  21391896 279105648  0.051  0.051   11.906   12.999    0    0  (Gen:  0)
532311288  21391648 282300528  0.049  0.050   12.393   13.338    0    0  (Gen:  0)
566264288  21390688 300289632  0.068  0.068   13.003   13.828    0    0  (Gen:  0)
538961288  21395288 311941488  0.056  0.056   13.460   14.243    0    0  (Gen:  0)
520455640  21390560 314134720  0.026  0.026   13.645   14.429    0    0  (Gen:  0)
528967736  21391104 316825320  0.009  0.009   13.871   14.670    0    0  (Gen:  0)
531823000  21390584 318857208  0.010  0.010   14.730   15.382    0    0  (Gen:  0)
536739064  21390600 318994392  0.010  0.010   15.578   16.080    0    0  (Gen:  0)
531097072   3093096 319190984  0.009  0.009   16.418   16.767    0    0  (Gen:  0)
535954976   2947008 319267368  0.009  0.009   17.267   17.465    0    0  (Gen:  0)
529513296   2947032 320220296  0.011  0.011   18.103   18.151    0    0  (Gen:  0)
534658712   2947032 320651664  0.011  0.011   18.935   18.854    0    0  (Gen:  0)
534564800   2947040 321071464  0.011  0.011   19.776   19.561    0    0  (Gen:  0)
532101832   2947080 320787904  0.010  0.010   20.615   20.260    0    0  (Gen:  0)
535835736   2947160 321054200  0.010  0.010   21.478   20.976    0    0  (Gen:  0)
536239968   3095656 321332616  0.010  0.010   22.343   21.691    0    0  (Gen:  0)
531049600   3095672 321571912  0.010  0.010   23.204   22.401    0    0  (Gen:  0)
535667504   3095744 321892816  0.010  0.010   24.062   23.105    0    0  (Gen:  0)
528039872   3095784 322030256  0.009  0.009   24.901   23.789    0    0  (Gen:  0)
535880088   3095856 322092536  0.009  0.009   25.756   24.490    0    0  (Gen:  0)
535376376   3095888 323321272  0.011  0.011   26.603   25.189    0    0  (Gen:  0)
536136984   3095984 323581904  0.011  0.011   27.440   25.898    0    0  (Gen:  0)
533198656   3095992 323882032  0.011  0.011   28.275   26.602    0    0  (Gen:  0)
536369032   3262360 323837384  0.011  0.011   29.119   27.308    0    0  (Gen:  0)
529916376   3147720 324023640  0.010  0.010   29.984   28.026    0    0  (Gen:  0)
534353544   3147720 324166680  0.010  0.010   30.851   28.740    0    0  (Gen:  0)
529330728   3147712 324482152  0.010  0.010   31.713   29.452    0    0  (Gen:  0)
528676784   3147712 324756576  0.010  0.010   32.556   30.140    0    0  (Gen:  0)
535729192   3008904 324812624  0.009  0.009   33.407   30.836    0    0  (Gen:  0)
537038536   2936552 324963456  0.009  0.009   34.269   31.548    0    0  (Gen:  0)
529837008   3336520 326155136  0.011  0.011   35.100   32.241    0    0  (Gen:  0)
535329584   3617272 326621384  0.012  0.012   35.940   32.950    0    0  (Gen:  0)
535798912   3110008 326382520  0.010  0.010   36.793   33.662    0    0  (Gen:  0)
535179240   3218752 326602080  0.011  0.011   37.650   34.375    0    0  (Gen:  0)
530953896   3218760 326774720  0.010  0.010   38.515   35.089    0    0  (Gen:  0)
536071600   3074144 327077736  0.010  0.010   39.385   35.810    0    0  (Gen:  0)
532079440   3055512 327325120  0.010  0.010   40.245   36.521    0    0  (Gen:  0)
530163992   3138488 327632992  0.010  0.010   41.091   37.212    0    0  (Gen:  0)
532805664   3138544 327610264  0.010  0.010   41.945   37.910    0    0  (Gen:  0)
534452840   2804400 327666352  0.009  0.009   42.796   38.606    0    0  (Gen:  0)
529537240   2804520 329036432  0.011  0.011   43.625   39.310    0    0  (Gen:  0)
532392552   2804608 329052048  0.011  0.011   44.464   40.013    0    0  (Gen:  0)
531970280   3209904 329204944  0.010  0.011   45.312   40.719    0    0  (Gen:  0)
533072320   3110752 329368872  0.010  0.010   46.182   41.439    0    0  (Gen:  0)
529980368   3110800 329693208  0.010  0.010   47.050   42.156    0    0  (Gen:  0)
533989576   3110792 329887784  0.010  0.010   47.911   42.863    0    0  (Gen:  0)
535807960   3087392 330136728  0.011  0.011   48.781   43.587    0    0  (Gen:  0)
532433432   3019056 330278384  0.009  0.009   49.643   44.294    0    0  (Gen:  0)
534435360   3019056 330431464  0.009  0.009   50.499   44.993    0    0  (Gen:  0)
532490208   3330688 331633448  0.011  0.011   51.341   45.697    0    0  (Gen:  0)
532771880   3330688 332170808  0.013  0.013   52.178   46.410    0    0  (Gen:  0)
526740584   3330744 331877720  0.011  0.011   53.017   47.112    0    0  (Gen:  0)
534604712   3330760 332005640  0.011  0.011   53.891   47.837    0    0  (Gen:  0)
536892248   3330840 332495672  0.010  0.010   54.763   48.558    0    0  (Gen:  0)
537964272   3330912 332562376  0.010  0.010   55.635   49.282    0    0  (Gen:  0)
534491776   3330936 332885632  0.011  0.011   56.502   49.997    0    0  (Gen:  0)
501197352 222941424 258748952  0.386  0.421   57.682   51.772    0    0  (Gen:  1)
   103160  11155992  18453144  0.016  0.034   57.698   51.807    0    0  (Gen:  1)
     2440                      0.000  0.000

  40,084,330,064 bytes allocated in the heap
     956,775,088 bytes copied during GC
     258,748,952 bytes maximum residency (5 sample(s))
       4,238,824 bytes maximum slop
             246 MB total memory in use (0 MB lost due to fragmentation)

                                     Tot time (elapsed)  Avg pause  Max pause
  Gen  0        71 colls,     0 par    1.854s   1.901s     0.0268s    0.1673s
  Gen  1         5 colls,     0 par    1.028s   1.163s     0.2327s    0.4210s

  TASKS: 21 (1 bound, 20 peak workers (20 total), using -N4)

  SPARKS: 0 (0 converted, 0 overflowed, 0 dud, 0 GC'd, 0 fizzled)

  INIT    time    0.001s  (  0.006s elapsed)
  MUT     time   54.815s  ( 48.737s elapsed)
  GC      time    2.882s  (  3.064s elapsed)
  EXIT    time    0.001s  (  0.011s elapsed)
  Total   time   57.699s  ( 51.818s elapsed)

  Alloc rate    731,269,128 bytes per MUT second

  Productivity  95.0% of total user, 94.1% of total elapsed

