bench-hist/spaceleaks_progress2/ghcide --lsp --cwd bench/example/Cabal-3.0.0.0 +RTS -I0 -qg -A128M -Shover_after_edit.benchmark-gcStats -I0.5 
    Alloc    Copied     Live     GC     GC      TOT      TOT  Page Flts
    bytes     bytes     bytes   user   elap     user     elap
557079808  11118664  14737288  0.033  0.036    0.732    6.360    0    0  (Gen:  0)
547230912  11122976  21810304  0.049  0.057    1.134    7.153    0    0  (Gen:  1)
538626320  11121632  28254480  0.022  0.023    1.482    7.759    0    0  (Gen:  0)
528179896  12401992  35598448  0.026  0.027    2.228    8.245    0    0  (Gen:  0)
545866824  12405048 109076736  0.144  0.162    3.239    8.834    0    0  (Gen:  0)
525803736 113372032 141406440  0.244  0.274    3.890    9.272    0    0  (Gen:  1)
523936904 113354520 172102088  0.123  0.124    4.346    9.497    0    0  (Gen:  0)
532208984  56716912 202055400  0.116  0.119    4.999    9.798    0    0  (Gen:  0)
548539328  56712960 219341840  0.090  0.099    5.688   10.058    0    0  (Gen:  0)
540235352  56710224 217337416  0.350  0.398    6.624   10.611    0    0  (Gen:  1)
547596672  56709080 227240032  0.059  0.059    7.281   10.846    0    0  (Gen:  0)
538000688  56722768 232752776  0.054  0.054    7.836   11.051    0    0  (Gen:  0)
533091080  56705960 252539144  0.092  0.093    8.392   11.555    0    0  (Gen:  0)
535523176  56758960 249886616  0.058  0.058    8.926   11.962    0    0  (Gen:  0)
538452344  33552136 269426408  0.077  0.077    9.543   12.182    0    0  (Gen:  0)
540532576  38853496 280049368  0.086  0.086   10.221   12.428    0    0  (Gen:  0)
535329152  38851848 292999488  0.085  0.085   10.791   12.638    0    0  (Gen:  0)
536222480  38850104 285137152  0.049  0.049   11.306   12.964    0    0  (Gen:  0)
530383360  23952928 292156320  0.058  0.058   11.840   13.297    0    0  (Gen:  0)
536204352  24287416 298710272  0.053  0.054   12.314   13.628    0    0  (Gen:  0)
564170032  24286520 317397240  0.075  0.075   12.946   14.129    0    0  (Gen:  0)
537798656  24293864 333838600  0.075  0.076   13.490   14.630    0    0  (Gen:  0)
520676024  24286480 335817072  0.031  0.031   13.685   14.825    0    0  (Gen:  0)
520571608  24286064 339068368  0.009  0.009   13.837   14.978    0    0  (Gen:  0)
533204688  24286808 353548200  0.039  0.039   14.292   15.390    0    0  (Gen:  0)
520690072  24286272 355442944  0.027  0.027   14.477   15.576    0    0  (Gen:  0)
520506664  24286064 358521312  0.009  0.009   14.630   15.729    0    0  (Gen:  0)
537249896  24286872 373019888  0.039  0.039   15.086   16.143    0    0  (Gen:  0)
520728072  24286344 374812224  0.027  0.027   15.269   16.326    0    0  (Gen:  0)
520488512  24286136 377972952  0.009  0.009   15.426   16.483    0    0  (Gen:  0)
535251592  24286952 392419608  0.040  0.040   15.884   16.899    0    0  (Gen:  0)
520659912  24286416 394157288  0.026  0.026   16.068   17.083    0    0  (Gen:  0)
520529920  24286208 397475000  0.009  0.009   16.222   17.238    0    0  (Gen:  0)
537440832  24287032 411898160  0.039  0.039   16.681   17.655    0    0  (Gen:  0)
522204512  24286480 413501248  0.026  0.027   16.864   17.839    0    0  (Gen:  0)
520516944  24285880 336189256  0.562  0.640   17.574   18.628    0    0  (Gen:  1)
533347240  24286704 350564184  0.039  0.040   18.030   19.042    0    0  (Gen:  0)
520681632  24286160 352155768  0.027  0.027   18.213   19.225    0    0  (Gen:  0)
520517496  24285984 355279016  0.009  0.009   18.371   19.384    0    0  (Gen:  0)
533273376  24286752 369915104  0.040  0.041   18.825   19.797    0    0  (Gen:  0)
521050592  24286616 371459552  0.026  0.026   19.009   19.981    0    0  (Gen:  0)
520486544  24286056 374290096  0.009  0.009   19.168   20.140    0    0  (Gen:  0)
533451056  24286848 389505592  0.040  0.040   19.612   20.545    0    0  (Gen:  0)
520609616  24288272 390838544  0.028  0.028   19.803   20.735    0    0  (Gen:  0)
520529456  24286152 393225944  0.009  0.009   19.963   20.896    0    0  (Gen:  0)
537644472  14382032 406120936  0.036  0.036   20.392   21.283    0    0  (Gen:  0)
523152368  14382464 409839240  0.029  0.029   20.592   21.483    0    0  (Gen:  0)
520513984  14381344 412047008  0.013  0.013   20.758   21.649    0    0  (Gen:  0)
533649184  14382088 423764784  0.031  0.031   21.164   22.016    0    0  (Gen:  0)
523372208  16714720 428691168  0.029  0.029   21.384   22.234    0    0  (Gen:  0)
520571024   8737864 431014728  0.016  0.016   21.552   22.403    0    0  (Gen:  0)
534167760   8738664 441336752  0.026  0.026   21.936   22.747    0    0  (Gen:  0)
523072672  16647376 447646128  0.030  0.030   22.174   22.984    0    0  (Gen:  0)
520531576   9094992 450035120  0.016  0.017   22.346   23.157    0    0  (Gen:  0)
539851720   9095768 457997736  0.022  0.022   22.717   23.488    0    0  (Gen:  0)
520653360   9103392 466426008  0.031  0.032   22.960   23.729    0    0  (Gen:  0)
520506712   9095048 469150152  0.018  0.018   23.136   23.906    0    0  (Gen:  0)
543247960   9095832 473749584  0.016  0.016   23.491   24.224    0    0  (Gen:  0)
520761976  16585832 485544168  0.034  0.034   23.777   24.684    0    0  (Gen:  0)
520454280  15099376 488120344  0.025  0.025   23.960   24.868    0    0  (Gen:  0)
540988536  15100128 492208904  0.016  0.016   24.275   25.170    0    0  (Gen:  0)
524529792  15099520 504739904  0.035  0.035   24.576   25.444    0    0  (Gen:  0)
520476064  15099392 507276632  0.024  0.025   24.760   25.629    0    0  (Gen:  0)
539449160   5629184 510772864  0.014  0.014   25.047   25.914    0    0  (Gen:  0)
522609608   5628560 523873832  0.035  0.035   25.373   26.199    0    0  (Gen:  0)
520455696   5628432 526681936  0.026  0.026   25.558   26.385    0    0  (Gen:  0)
535604992   5629232 530022512  0.013  0.013   25.818   26.654    0    0  (Gen:  0)
523889896   5628656 543260584  0.035  0.036   26.170   26.954    0    0  (Gen:  0)
520454272   5628584 545693416  0.025  0.025   26.356   27.141    0    0  (Gen:  0)
534999280   5630216 549334480  0.014  0.014   26.609   27.404    0    0  (Gen:  0)
521658688   5629624 562379192  0.034  0.035   26.961   27.703    0    0  (Gen:  0)
520419936   5629560 564493272  0.025  0.025   27.146   27.888    0    0  (Gen:  0)
537912232   5710712 568539624  0.013  0.013   27.394   28.147    0    0  (Gen:  0)
521160480  16548112 581690704  0.035  0.035   27.748   28.447    0    0  (Gen:  0)
520543288  15312432 583549752  0.024  0.024   27.932   28.632    0    0  (Gen:  0)
534400264  15313224 587688248  0.014  0.014   28.166   28.874    0    0  (Gen:  0)
524062280  15312592 600918784  0.035  0.035   28.541   29.198    0    0  (Gen:  0)
520567496  15312464 602817176  0.025  0.025   28.727   29.386    0    0  (Gen:  0)
534323928  15313248 606378568  0.012  0.012   28.940   29.601    0    0  (Gen:  0)
526797384  15312688 620027872  0.036  0.036   29.341   29.957    0    0  (Gen:  0)
520523120  15312600 622075952  0.024  0.024   29.526   30.143    0    0  (Gen:  0)
531813520  15313392 624986400  0.010  0.010   29.717   30.329    0    0  (Gen:  0)
533095248  15312816 639364816  0.036  0.037   30.138   30.712    0    0  (Gen:  0)
520588832  15312840 641178088  0.024  0.024   30.323   30.898    0    0  (Gen:  0)
529583000  15313544 643900400  0.010  0.010   30.497   31.063    0    0  (Gen:  0)
530972872  15312976 658573048  0.037  0.038   30.935   31.466    0    0  (Gen:  0)
520626728  15312904 660351896  0.024  0.024   31.120   31.651    0    0  (Gen:  0)
528780072  15313632 663041192  0.009  0.009   31.285   31.807    0    0  (Gen:  0)
541265720  15312984 677759960  0.037  0.037   31.731   32.220    0    0  (Gen:  0)
520807256  15313144 679652712  0.025  0.025   31.918   32.407    0    0  (Gen:  0)
527149864  15312368 614905896  1.078  1.230   33.152   33.784    0    0  (Gen:  1)
536980544  16394232 628137992  0.038  0.038   33.599   34.198    0    0  (Gen:  0)
520551968  16300416 630157304  0.027  0.027   33.793   34.393    0    0  (Gen:  0)
523727408  16300976 633214416  0.010  0.010   33.958   34.551    0    0  (Gen:  0)
533108232  16475616 647590232  0.039  0.039   34.410   34.967    0    0  (Gen:  0)
520557496  16574936 649367312  0.027  0.027   34.601   35.158    0    0  (Gen:  0)
527011952  16575504 651525040  0.008  0.008   34.761   35.316    0    0  (Gen:  0)
533344304  16433160 666889272  0.039  0.039   35.215   35.730    0    0  (Gen:  0)
520631520  16430240 668845416  0.027  0.027   35.404   35.919    0    0  (Gen:  0)
523593592   3819376 670838176  0.007  0.007   35.560   36.077    0    0  (Gen:  0)
533334704  16357528 686046120  0.039  0.039   36.017   36.489    0    0  (Gen:  0)
520759288  16357608 687903728  0.027  0.027   36.209   36.682    0    0  (Gen:  0)
520642728  16357360 690865016  0.008  0.008   36.360   36.833    0    0  (Gen:  0)
535421552  16358168 705362048  0.040  0.040   36.822   37.252    0    0  (Gen:  0)
520671096  16357608 707233648  0.027  0.027   37.009   37.440    0    0  (Gen:  0)
520611712  16357400 710124280  0.008  0.008   37.164   37.595    0    0  (Gen:  0)
533193832  16358224 724649904  0.040  0.040   37.625   38.013    0    0  (Gen:  0)
524405080  16357696 726445344  0.028  0.028   37.817   38.206    0    0  (Gen:  0)
520605920  16357488 729354528  0.008  0.008   37.974   38.364    0    0  (Gen:  0)
536217896  16551088 743836600  0.040  0.040   38.436   38.790    0    0  (Gen:  0)
522796216  16550632 745765224  0.027  0.028   38.626   38.980    0    0  (Gen:  0)
520598656  16550384 748779592  0.009  0.009   38.783   39.137    0    0  (Gen:  0)
532894656  16551200 763169360  0.040  0.040   39.245   39.556    0    0  (Gen:  0)
520694680  16550688 765061272  0.027  0.027   39.434   39.745    0    0  (Gen:  0)
520577544  16550480 768011432  0.008  0.008   39.591   39.902    0    0  (Gen:  0)
535872424  16551304 782379728  0.040  0.040   40.051   40.322    0    0  (Gen:  0)
520723336  16550800 784220256  0.026  0.026   40.236   40.507    0    0  (Gen:  0)
520551056  16550600 787356192  0.009  0.009   40.395   40.667    0    0  (Gen:  0)
532935856  16551400 801892168  0.040  0.040   40.858   41.085    0    0  (Gen:  0)
520680568  16550864 803444864  0.026  0.026   41.044   41.271    0    0  (Gen:  0)
520544552  16550656 806803920  0.010  0.010   41.204   41.432    0    0  (Gen:  0)
533259848  16705672 821082496  0.041  0.041   41.664   41.850    0    0  (Gen:  0)
520687864  17414176 822751328  0.027  0.027   41.850   42.036    0    0  (Gen:  0)
520532368   5164816 826176336  0.009  0.009   42.010   42.196    0    0  (Gen:  0)
537135456   5165640 840401656  0.040  0.040   42.472   42.616    0    0  (Gen:  0)
521598696   5165120 841977392  0.027  0.027   42.659   42.803    0    0  (Gen:  0)
520524496   5164880 845294680  0.009  0.009   42.818   42.963    0    0  (Gen:  0)
534438144   5165696 859777768  0.040  0.040   43.275   43.378    0    0  (Gen:  0)
521534576   5165432 861383624  0.026  0.026   43.462   43.565    0    0  (Gen:  0)
520492216   5165008 864087648  0.009  0.009   43.625   43.728    0    0  (Gen:  0)
535544952  17054696 879397032  0.041  0.041   44.083   44.143    0    0  (Gen:  0)
521138824  17057128 880678528  0.027  0.027   44.276   44.336    0    0  (Gen:  0)
520476920  17053984 883123784  0.008  0.008   44.444   44.506    0    0  (Gen:  0)
536352376  17054728 895578192  0.034  0.034   44.878   44.897    0    0  (Gen:  0)
525101240  16794344 899600432  0.028  0.029   45.082   45.100    0    0  (Gen:  0)
520518496   7484784 902166696  0.013  0.013   45.250   45.269    0    0  (Gen:  0)
539050704   7485544 914868864  0.035  0.036   45.677   45.656    0    0  (Gen:  0)
522915984   7485416 918822328  0.029  0.029   45.886   45.864    0    0  (Gen:  0)
520506544   7484840 921104632  0.015  0.015   46.057   46.036    0    0  (Gen:  0)
539246552   7485616 932563088  0.031  0.031   46.467   46.404    0    0  (Gen:  0)
521285872  16605432 937543352  0.030  0.030   46.694   46.630    0    0  (Gen:  0)
520551184   8775864 939999496  0.016  0.016   46.867   46.804    0    0  (Gen:  0)
537015536   8776624 950238128  0.027  0.027   47.255   47.150    0    0  (Gen:  0)
527622840   8777840 956480376  0.030  0.030   47.499   47.393    0    0  (Gen:  0)
520538112   8775864 959111648  0.017  0.017   47.674   47.569    0    0  (Gen:  0)
538901000   9922808 967487272  0.023  0.023   48.053   47.907    0    0  (Gen:  0)
526930376   9929960 975602304  0.032  0.032   48.304   48.158    0    0  (Gen:  0)
521804072  10086144 978207680  0.018  0.018   48.482   48.337    0    0  (Gen:  0)
538268000  10086936 983231896  0.017  0.017   48.853   48.666    0    0  (Gen:  0)
524221752  10087256 994560184  0.034  0.034   49.110   48.922    0    0  (Gen:  0)
520517152  10086224 997214992  0.024  0.025   49.295   49.108    0    0  (Gen:  0)
537059592  10087024 1001402128  0.016  0.016   49.625   49.418    0    0  (Gen:  0)
524677504  10086448 1013729512  0.035  0.035   49.919   49.689    0    0  (Gen:  0)
520485640  10086320 1016299872  0.025  0.025   50.108   49.879    0    0  (Gen:  0)
536440032  10087104 1020063704  0.015  0.015   50.402   50.174    0    0  (Gen:  0)
521275872  10086472 1032869712  0.036  0.036   50.730   50.461    0    0  (Gen:  0)
520461488  10086384 1035504072  0.025  0.025   50.918   50.650    0    0  (Gen:  0)
533974344   5670672 1038993024  0.014  0.014   51.182   50.924    0    0  (Gen:  0)
522165824   5670040 1052088936  0.036  0.036   51.539   51.228    0    0  (Gen:  0)
520443400   5669936 1054567696  0.025  0.025   51.728   51.417    0    0  (Gen:  0)
537717952   5670696 1058163056  0.014  0.014   51.987   51.686    0    0  (Gen:  0)
524830888   5670080 1071260160  0.035  0.035   52.345   51.994    0    0  (Gen:  0)
520434480   5670016 1073373816  0.026  0.026   52.537   52.185    0    0  (Gen:  0)
538368384   5670824 1077441648  0.014  0.014   52.790   52.449    0    0  (Gen:  0)
525691384   5670232 1090580504  0.035  0.035   53.152   52.758    0    0  (Gen:  0)
520513416   5670168 1092535224  0.025  0.025   53.343   52.950    0    0  (Gen:  0)
535969376   5670960 1096877496  0.014  0.014   53.589   53.205    0    0  (Gen:  0)
522225264  16366848 1109800024  0.035  0.035   53.962   53.527    0    0  (Gen:  0)
520581120  15484768 1111887816  0.025  0.025   54.151   53.717    0    0  (Gen:  0)
532520992  15485544 1115497040  0.013  0.013   54.373   53.942    0    0  (Gen:  0)
526057744  15484944 1129070000  0.036  0.036   54.770   54.293    0    0  (Gen:  0)
520528928  15484864 1131126104  0.024  0.024   54.957   54.481    0    0  (Gen:  0)
530039704  15485640 1134121520  0.011  0.011   55.152   54.673    0    0  (Gen:  0)
529293504  15485048 1148479808  0.037  0.037   55.574   55.057    0    0  (Gen:  0)
520513112  15484976 1150472608  0.025  0.025   55.763   55.246    0    0  (Gen:  0)
530384808  15485752 1153087816  0.009  0.009   55.937   55.411    0    0  (Gen:  0)
533048744  15485208 1167815856  0.037  0.037   56.380   55.820    0    0  (Gen:  0)
520673320  16114680 1169809152  0.025  0.025   56.570   56.010    0    0  (Gen:  0)
521164264  16115456 1173862504  0.013  0.013   56.741   56.171    0    0  (Gen:  0)
533339504  16119576 1186988728  0.037  0.037   57.192   56.589    0    0  (Gen:  0)
520565176  16114944 1189015848  0.025  0.025   57.381   56.778    0    0  (Gen:  0)
522230384   4557448 1191863456  0.010  0.010   57.546   56.938    0    0  (Gen:  0)
533292456   4561608 1206403056  0.038  0.039   58.000   57.355    0    0  (Gen:  0)
520619192  16806616 1208359360  0.027  0.027   58.190   57.545    0    0  (Gen:  0)
523244176  16807192 1209908896  0.007  0.007   58.349   57.703    0    0  (Gen:  0)
533241432  16809904 1225599952  0.039  0.039   58.805   58.117    0    0  (Gen:  0)
520560672  16806688 1227517368  0.026  0.027   58.996   58.308    0    0  (Gen:  0)
520617688  16804048 1110861040  2.055  2.349   61.197   60.803    0    0  (Gen:  1)
536902992  16804352 1125455760  0.041  0.041   61.665   61.227    0    0  (Gen:  0)
520669016  16804176 1127234064  0.029  0.029   61.863   61.426    0    0  (Gen:  0)
520631704  16803968 1130240920  0.009  0.009   62.021   61.584    0    0  (Gen:  0)
533747608  16804792 1144845776  0.042  0.042   62.489   62.009    0    0  (Gen:  0)
520678984  16804296 1146559480  0.028  0.028   62.682   62.202    0    0  (Gen:  0)
520612000  16804088 1149602088  0.009  0.009   62.842   62.361    0    0  (Gen:  0)
533645816  16804904 1164049760  0.042  0.043   63.311   62.787    0    0  (Gen:  0)
522677592  16804408 1165951704  0.029  0.029   63.505   62.981    0    0  (Gen:  0)
520600744  16804200 1168814992  0.009  0.009   63.662   63.139    0    0  (Gen:  0)
537072288  16683672 1183444768  0.042  0.042   64.132   63.565    0    0  (Gen:  0)
523733712  16683144 1185254064  0.029  0.029   64.327   63.760    0    0  (Gen:  0)
520582168  16682936 1188224832  0.009  0.009   64.486   63.920    0    0  (Gen:  0)
537182360  16683752 1202720656  0.041  0.041   64.953   64.343    0    0  (Gen:  0)
520682744  16683216 1204594424  0.028  0.028   65.146   64.537    0    0  (Gen:  0)
520559352  16683008 1207501536  0.009  0.009   65.307   64.697    0    0  (Gen:  0)
533621936  16683832 1221969336  0.041  0.041   65.772   65.118    0    0  (Gen:  0)
522049760  16683312 1223680680  0.027  0.027   65.963   65.310    0    0  (Gen:  0)
520528144  16683104 1227015536  0.010  0.010   66.124   65.472    0    0  (Gen:  0)
533506992  16683920 1241369360  0.041  0.041   66.587   65.892    0    0  (Gen:  0)
520676872  16683360 1243110168  0.027  0.027   66.777   66.082    0    0  (Gen:  0)
520591112  16683152 1246417912  0.010  0.010   66.941   66.247    0    0  (Gen:  0)
533177208  16683968 1260713608  0.041  0.041   67.408   66.670    0    0  (Gen:  0)
520634888  16683456 1262246448  0.026  0.026   67.597   66.860    0    0  (Gen:  0)
520521408  16683248 1265596792  0.009  0.010   67.759   67.022    0    0  (Gen:  0)
534257880  16684056 1280127272  0.041  0.041   68.224   67.443    0    0  (Gen:  0)
520668256  16683552 1281553744  0.027  0.027   68.411   67.631    0    0  (Gen:  0)
520502832  16683352 1284586536  0.009  0.009   68.576   67.796    0    0  (Gen:  0)
534094672  16841064 1299530888  0.040  0.041   69.036   68.213    0    0  (Gen:  0)
520672488  16841024 1300959792  0.026  0.026   69.224   68.402    0    0  (Gen:  0)
520480520  16840328 1303716272  0.008  0.008   69.389   68.567    0    0  (Gen:  0)
539250960  16841144 1318639072  0.039  0.039   69.843   68.979    0    0  (Gen:  0)
525085344  16842376 1320458920  0.028  0.028   70.044   69.180    0    0  (Gen:  0)
520482608  16840424 1322875952  0.010  0.010   70.210   69.347    0    0  (Gen:  0)
536618296  16841224 1335122592  0.034  0.034   70.644   69.738    0    0  (Gen:  0)
524743976  16840904 1339573368  0.028  0.028   70.848   69.942    0    0  (Gen:  0)
520529272  16840576 1341931080  0.013  0.013   71.017   70.110    0    0  (Gen:  0)
534531568  13595320 1354121280  0.034  0.034   71.437   70.489    0    0  (Gen:  0)
528067248  13595632 1358579384  0.029  0.029   71.660   70.710    0    0  (Gen:  0)
520497072  13594608 1360820888  0.016  0.016   71.833   70.884    0    0  (Gen:  0)
543231120  13595424 1372632848  0.032  0.032   72.247   71.255    0    0  (Gen:  0)
524285048  13595416 1377567856  0.029  0.029   72.477   71.484    0    0  (Gen:  0)
520552072  13594728 1379888024  0.016  0.016   72.651   71.658    0    0  (Gen:  0)
536575592  13595528 1390363208  0.028  0.028   73.044   72.011    0    0  (Gen:  0)
530735048  13595984 1396585656  0.030  0.030   73.290   72.256    0    0  (Gen:  0)
520545328  13594768 1398982088  0.016  0.016   73.465   72.431    0    0  (Gen:  0)
543593600  11746424 1409211400  0.027  0.027   73.860   72.785    0    0  (Gen:  0)
526024456  11748072 1415381024  0.030  0.030   74.117   73.041    0    0  (Gen:  0)
520549840  11745704 1418014288  0.016  0.016   74.292   73.217    0    0  (Gen:  0)
540280248  11746520 1426617240  0.024  0.024   74.677   73.560    0    0  (Gen:  0)
522815096  11751472 1434472288  0.033  0.033   74.928   73.810    0    0  (Gen:  0)
520529584  11745776 1436982880  0.018  0.018   75.107   73.989    0    0  (Gen:  0)
538561144  11746568 1441686144  0.017  0.017   75.473   74.314    0    0  (Gen:  0)
524673496  16540352 1453423488  0.034  0.034   75.742   74.582    0    0  (Gen:  0)
520504312  15063104 1456056800  0.024  0.025   75.930   74.770    0    0  (Gen:  0)
538987584  15063832 1460197088  0.016  0.016   76.259   75.079    0    0  (Gen:  0)
524334504  16639392 1472530840  0.035  0.035   76.558   75.355    0    0  (Gen:  0)
520493432  15741272 1475268144  0.025  0.025   76.746   75.543    0    0  (Gen:  0)
536086816   5605928 1478638392  0.014  0.014   77.038   75.834    0    0  (Gen:  0)
521913120   5605288 1491727592  0.035  0.035   77.369   76.123    0    0  (Gen:  0)
520472720   5605184 1494537696  0.025  0.026   77.558   76.313    0    0  (Gen:  0)
537999176   5716680 1497963000  0.014  0.014   77.827   76.591    0    0  (Gen:  0)
524512488   5716072 1511044880  0.036  0.036   78.185   76.897    0    0  (Gen:  0)
520451464   5715944 1513596200  0.025  0.025   78.375   77.088    0    0  (Gen:  0)
537890176   5626944 1517146240  0.014  0.014   78.639   77.362    0    0  (Gen:  0)
521739920  16495224 1530306232  0.035  0.036   78.997   77.668    0    0  (Gen:  0)
520411120  15722680 1532609224  0.025  0.025   79.188   77.858    0    0  (Gen:  0)
538059496   5726112 1536491088  0.014  0.014   79.444   78.124    0    0  (Gen:  0)
522624856   5725504 1549612152  0.036  0.036   79.809   78.435    0    0  (Gen:  0)
520511248   5725376 1551387432  0.024  0.024   79.999   78.626    0    0  (Gen:  0)
533454072   5726168 1555777232  0.014  0.014   80.243   78.877    0    0  (Gen:  0)
522881352   5725552 1568874280  0.035  0.035   80.620   79.203    0    0  (Gen:  0)
520626424   5725496 1570808312  0.025  0.025   80.809   79.393    0    0  (Gen:  0)
534958536   5368776 1574510872  0.013  0.013   81.031   79.618    0    0  (Gen:  0)
527395536   5368224 1588103168  0.036  0.036   81.433   79.974    0    0  (Gen:  0)
520590272   5368136 1590076352  0.024  0.024   81.620   80.161    0    0  (Gen:  0)
532876488   5368928 1593277784  0.011  0.011   81.821   80.361    0    0  (Gen:  0)
530959960   5368328 1607332416  0.037  0.037   82.241   80.739    0    0  (Gen:  0)
520511768   5368208 1609362712  0.024  0.024   82.431   80.929    0    0  (Gen:  0)
529756472   4552296 1612018128  0.010  0.010   82.612   81.104    0    0  (Gen:  0)
530657664   4551720 1626510832  0.037  0.037   83.052   81.507    0    0  (Gen:  0)
520509016   4551656 1628483824  0.025  0.025   83.241   81.697    0    0  (Gen:  0)
524088424   4552432 1631072120  0.010  0.010   83.411   81.857    0    0  (Gen:  0)
533250224   4551856 1645684232  0.038  0.038   83.862   82.275    0    0  (Gen:  0)
520630760   4551904 1647734128  0.025  0.025   84.053   82.466    0    0  (Gen:  0)
525558376   5085928 1651135176  0.011  0.011   84.224   82.629    0    0  (Gen:  0)
532778888   5090608 1665118104  0.038  0.038   84.679   83.048    0    0  (Gen:  0)
520621624   5085472 1667122376  0.025  0.025   84.870   83.240    0    0  (Gen:  0)
526631232   4045752 1669439344  0.009  0.009   85.037   83.403    0    0  (Gen:  0)
532993480  16471128 1684526336  0.039  0.039   85.493   83.819    0    0  (Gen:  0)
520556184  17064096 1686463704  0.028  0.028   85.688   84.015    0    0  (Gen:  0)
524356832  17064728 1687592736  0.005  0.005   85.850   84.176    0    0  (Gen:  0)
534711456  17064112 1703732256  0.040  0.040   86.310   84.593    0    0  (Gen:  0)
520577632  17064216 1705650376  0.028  0.028   86.502   84.786    0    0  (Gen:  0)
520651888  17064008 1708491472  0.008  0.008   86.659   84.942    0    0  (Gen:  0)
533025632  16566048 1723024576  0.041  0.041   87.128   85.368    0    0  (Gen:  0)
520754408  16565496 1724914608  0.027  0.027   87.320   85.560    0    0  (Gen:  0)
520616328  16565288 1727824224  0.009  0.009   87.477   85.718    0    0  (Gen:  0)
533117952  16566112 1742166736  0.040  0.041   87.945   86.143    0    0  (Gen:  0)
520681824  16565640 1744065696  0.027  0.027   88.137   86.335    0    0  (Gen:  0)
520606376  16565392 1747156512  0.009  0.009   88.295   86.494    0    0  (Gen:  0)
533569384  16500704 1761442848  0.041  0.042   88.773   86.934    0    0  (Gen:  0)
520684344  17601344 1763316136  0.028  0.028   88.965   87.127    0    0  (Gen:  0)
520586672   4891368 1766307120  0.009  0.009   89.126   87.288    0    0  (Gen:  0)
533242504   4892184 1780934016  0.041  0.041   89.593   87.712    0    0  (Gen:  0)
520703456   4891728 1782631640  0.027  0.027   89.785   87.904    0    0  (Gen:  0)
520568272   4891520 1785719032  0.009  0.009   89.945   88.065    0    0  (Gen:  0)
536416616   4892336 1800118104  0.041  0.041   90.411   88.486    0    0  (Gen:  0)
520714856   4891832 1801909664  0.027  0.027   90.601   88.678    0    0  (Gen:  0)
520540664   4891624 1805073616  0.009  0.009   90.764   88.841    0    0  (Gen:  0)
533168144   4892440 1819618304  0.041  0.042   91.230   89.262    0    0  (Gen:  0)
520677696   4891952 1821170216  0.026  0.026   91.420   89.453    0    0  (Gen:  0)
520541648   4891744 1824488656  0.009  0.009   91.582   89.615    0    0  (Gen:  0)
536057288   4892552 1838933920  0.041  0.041   92.050   90.039    0    0  (Gen:  0)
521183112   4892000 1840533312  0.026  0.026   92.240   90.229    0    0  (Gen:  0)
520574768   4891792 1843933576  0.010  0.010   92.403   90.392    0    0  (Gen:  0)
537057888  16719376 1858168704  0.041  0.041   92.869   90.816    0    0  (Gen:  0)
523205752  16718856 1859717480  0.025  0.025   93.061   91.008    0    0  (Gen:  0)
520506792  16718616 1863031688  0.009  0.009   93.228   91.175    0    0  (Gen:  0)
541260320  16764280 1877587880  0.041  0.041   93.694   91.598    0    0  (Gen:  0)
521746512  16764008 1879241560  0.026  0.026   93.884   91.788    0    0  (Gen:  0)
520498152  16763616 1882194112  0.009  0.009   94.049   91.953    0    0  (Gen:  0)
533380000  16764424 1897042240  0.041  0.041   94.512   92.373    0    0  (Gen:  0)
520780520  16764416 1898437272  0.026  0.026   94.704   92.565    0    0  (Gen:  0)
520485680  16763656 1901293712  0.009  0.009   94.870   92.731    0    0  (Gen:  0)
535474968  16764448 1913353712  0.035  0.035   95.307   93.126    0    0  (Gen:  0)
523107712  16883520 1917588528  0.028  0.028   95.512   93.331    0    0  (Gen:  0)
520523712   7485296 1920175976  0.013  0.013   95.684   93.503    0    0  (Gen:  0)
538797872   7486024 1932730664  0.036  0.036   96.112   93.891    0    0  (Gen:  0)
529060072  16965704 1936871504  0.030  0.030   96.329   94.107    0    0  (Gen:  0)
520525688   8683704 1939063576  0.016  0.016   96.504   94.282    0    0  (Gen:  0)
535884976   8684520 1950808928  0.032  0.033   96.921   94.657    0    0  (Gen:  0)
522354464   8684368 1955605008  0.029  0.030   97.148   94.882    0    0  (Gen:  0)
520566760   8683776 1957923648  0.016  0.016   97.324   95.059    0    0  (Gen:  0)
539126272   8684576 1968457256  0.028  0.028   97.724   95.417    0    0  (Gen:  0)
523237512   8685208 1974589936  0.030  0.030   97.966   95.658    0    0  (Gen:  0)
520533416   8683856 1977059272  0.016  0.016   98.145   95.837    0    0  (Gen:  0)
533659576   8684624 1985146152  0.023  0.023   98.525   96.174    0    0  (Gen:  0)
526142496   8693024 1993449544  0.032  0.032   98.780   96.428    0    0  (Gen:  0)
520515872   8683920 1996123640  0.019  0.019   98.966   96.613    0    0  (Gen:  0)
537819080   8684696 2000571752  0.017  0.017   99.327   96.937    0    0  (Gen:  0)
522765128   8684408 2012473104  0.034  0.034   99.600   97.204    0    0  (Gen:  0)
520511232   8683960 2015055664  0.025  0.025   99.791   97.395    0    0  (Gen:  0)
539828520   6102848 2019245160  0.016  0.016  100.116   97.707    0    0  (Gen:  0)
524469152   6102280 2031601048  0.036  0.036  100.426   97.990    0    0  (Gen:  0)
520496384   6102144 2034327160  0.025  0.026  100.617   98.181    0    0  (Gen:  0)
538017896   6102936 2037572944  0.014  0.014  100.910   98.474    0    0  (Gen:  0)
526559936   6102296 2050909856  0.036  0.036  101.247   98.768    0    0  (Gen:  0)
520473368   6102160 2053589136  0.026  0.026  101.439   98.960    0    0  (Gen:  0)
533922592   6102968 2057063728  0.014  0.014  101.703   99.235    0    0  (Gen:  0)
525416120  16701856 2070218672  0.037  0.037  102.066   99.546    0    0  (Gen:  0)
520458832  16167824 2072768896  0.025  0.025  102.256   99.736    0    0  (Gen:  0)
536527624   5619000 2076249736  0.014  0.014  102.522  100.011    0    0  (Gen:  0)
525097504  16537400 2089327928  0.036  0.036  102.884  100.321    0    0  (Gen:  0)
520433552  15617432 2091488992  0.025  0.025  103.078  100.516    0    0  (Gen:  0)
533675232   5714120 2095464432  0.014  0.014  103.334  100.782    0    0  (Gen:  0)
521998880   5713512 2108517696  0.036  0.036  103.700  101.095    0    0  (Gen:  0)
520520552   5713448 2110431856  0.024  0.024  103.891  101.287    0    0  (Gen:  0)
538536880   5714240 2114880648  0.015  0.015  104.141  101.546    0    0  (Gen:  0)
527065240   5713632 2127845288  0.036  0.036  104.522  101.875    0    0  (Gen:  0)
520577688   5713552 2129669568  0.024  0.024  104.712  102.065    0    0  (Gen:  0)
532970232   5714328 2133594824  0.013  0.013  104.939  102.295    0    0  (Gen:  0)
527393408   5713744 2146994024  0.036  0.036  105.338  102.647    0    0  (Gen:  0)
520582504   5713680 2148944016  0.024  0.024  105.529  102.838    0    0  (Gen:  0)
532489384   5714464 2152319808  0.012  0.012  105.737  103.046    0    0  (Gen:  0)
529728288   5713856 2166271480  0.037  0.037  106.156  103.422    0    0  (Gen:  0)
520579608   5713704 2168262744  0.025  0.025  106.348  103.614    0    0  (Gen:  0)
533714672   5714480 2171081928  0.011  0.011  106.546  103.807    0    0  (Gen:  0)
530903592   5713896 2185499304  0.037  0.037  106.981  104.203    0    0  (Gen:  0)
520577560   5713752 2187426768  0.025  0.025  107.176  104.399    0    0  (Gen:  0)
529977496   5714520 2189997920  0.009  0.009  107.353  104.565    0    0  (Gen:  0)
531979352   5713920 2204733832  0.038  0.039  107.801  104.980    0    0  (Gen:  0)
520659304  16040144 2206603792  0.025  0.025  107.993  105.173    0    0  (Gen:  0)
527144528  16040680 2210762840  0.013  0.013  108.169  105.339    0    0  (Gen:  0)
533305880  16466424 2224021064  0.039  0.039  108.622  105.758    0    0  (Gen:  0)
520570296 1961429672 2006682808  3.814  4.394  112.603  110.320    0    0  (Gen:  1)
523314536   4551792 2009609400  0.010  0.010  112.773  110.484    0    0  (Gen:  0)
532837464   4554256 2024072568  0.041  0.041  113.231  110.904    0    0  (Gen:  0)
520530376   4551264 2026012016  0.028  0.028  113.428  111.102    0    0  (Gen:  0)
523005552   4551840 2027587904  0.006  0.006  113.595  111.267    0    0  (Gen:  0)
538921008   4554288 2043256392  0.041  0.041  114.059  111.689    0    0  (Gen:  0)
520569600   4551304 2045203960  0.029  0.029  114.258  111.889    0    0  (Gen:  0)
529688912   4551880 2046488520  0.006  0.006  114.423  112.054    0    0  (Gen:  0)
534868936  16462328 2062689680  0.041  0.041  114.885  112.473    0    0  (Gen:  0)
520506176  17369480 2064413384  0.029  0.029  115.086  112.674    0    0  (Gen:  0)
520634496   4758864 2067254168  0.009  0.009  115.245  112.833    0    0  (Gen:  0)
533503488  16475632 2081934456  0.042  0.042  115.713  113.257    0    0  (Gen:  0)
520676312  17698984 2083817512  0.029  0.029  115.909  113.453    0    0  (Gen:  0)
520616744   4809472 2086718488  0.009  0.009  116.070  113.614    0    0  (Gen:  0)
537037648   4810288 2101299232  0.042  0.042  116.542  114.041    0    0  (Gen:  0)
520712688   4809760 2103042320  0.028  0.028  116.738  114.238    0    0  (Gen:  0)
520601488   4809512 2106131632  0.009  0.009  116.900  114.400    0    0  (Gen:  0)
536400872   4810344 2120497728  0.041  0.041  117.371  114.827    0    0  (Gen:  0)
520751216  17664968 2122371224  0.028  0.029  117.567  115.023    0    0  (Gen:  0)
520602424   4929608 2125394848  0.009  0.009  117.730  115.186    0    0  (Gen:  0)
533863888  16505544 2139836128  0.042  0.042  118.199  115.610    0    0  (Gen:  0)
520710776  17598728 2141710592  0.028  0.028  118.394  115.805    0    0  (Gen:  0)
520577560   5042432 2144867968  0.009  0.009  118.555  115.967    0    0  (Gen:  0)
533350648   5043240 2159256224  0.041  0.041  119.023  116.392    0    0  (Gen:  0)
520715888   5042696 2160921800  0.027  0.027  119.218  116.588    0    0  (Gen:  0)
520546096   5042488 2164215016  0.010  0.010  119.383  116.753    0    0  (Gen:  0)
535396056  16741432 2178586088  0.042  0.042  119.854  117.180    0    0  (Gen:  0)
520785376  16740896 2180134720  0.026  0.027  120.045  117.372    0    0  (Gen:  0)
520595896  16740688 2183499848  0.010  0.010  120.212  117.540    0    0  (Gen:  0)
534801496  16741496 2197928672  0.042  0.042  120.681  117.964    0    0  (Gen:  0)
520691704  16740984 2199572432  0.027  0.027  120.873  118.157    0    0  (Gen:  0)
520581256  16740776 2202832608  0.010  0.010  121.040  118.324    0    0  (Gen:  0)
533083304  16741592 2217223776  0.041  0.041  121.506  118.746    0    0  (Gen:  0)
520684560  16741104 2218814392  0.026  0.026  121.698  118.939    0    0  (Gen:  0)
520568032  16740912 2221929496  0.010  0.010  121.865  119.107    0    0  (Gen:  0)
533126000  16741680 2236701528  0.042  0.042  122.329  119.526    0    0  (Gen:  0)
522670232  16741464 2238221256  0.026  0.026  122.522  119.720    0    0  (Gen:  0)
520480576  16740952 2241052792  0.009  0.009  122.691  119.889    0    0  (Gen:  0)
538469904  16741752 2256348552  0.042  0.042  123.153  120.309    0    0  (Gen:  0)
520683320  16746424 2257624608  0.028  0.028  123.352  120.509    0    0  (Gen:  0)
520481048  16741104 2260074208  0.009  0.009  123.520  120.677    0    0  (Gen:  0)
538339768  16741832 2272544992  0.036  0.036  123.960  121.074    0    0  (Gen:  0)
530780056  16741728 2276759176  0.029  0.029  124.171  121.285    0    0  (Gen:  0)
520526032  16741104 2279273376  0.014  0.014  124.346  121.460    0    0  (Gen:  0)
536818160  16741888 2291947432  0.036  0.036  124.782  121.853    0    0  (Gen:  0)
525406560  16742200 2295884792  0.030  0.030  124.995  122.066    0    0  (Gen:  0)
520515184  16741272 2298075400  0.015  0.015  125.173  122.244    0    0  (Gen:  0)
538380552  16742000 2310263920  0.035  0.035  125.598  122.627    0    0  (Gen:  0)
523135208  16820496 2314818776  0.030  0.030  125.824  122.853    0    0  (Gen:  0)
520494488   8665080 2317002392  0.016  0.016  126.003  123.032    0    0  (Gen:  0)
538550176   8665880 2327671752  0.029  0.029  126.407  123.393    0    0  (Gen:  0)
525484576  16610688 2333595672  0.030  0.031  126.651  123.636    0    0  (Gen:  0)
520564136   8783552 2335996552  0.016  0.016  126.829  123.814    0    0  (Gen:  0)
540873032  11579808 2346186192  0.028  0.028  127.221  124.164    0    0  (Gen:  0)
524542008  11581128 2352487552  0.031  0.031  127.470  124.412    0    0  (Gen:  0)
520543312  11579040 2355045624  0.016  0.016  127.649  124.592    0    0  (Gen:  0)
541970240  11579824 2363247536  0.023  0.023  128.036  124.936    0    0  (Gen:  0)
522619520  11587248 2371511104  0.032  0.032  128.292  125.191    0    0  (Gen:  0)
520511832  11579112 2374172248  0.019  0.019  128.474  125.374    0    0  (Gen:  0)
539642064  11579880 2378782872  0.017  0.017  128.835  125.696    0    0  (Gen:  0)
523628416  11579656 2390693728  0.034  0.034  129.107  125.962    0    0  (Gen:  0)
520502328  11579200 2393277232  0.024  0.024  129.299  126.154    0    0  (Gen:  0)
539378672  11579992 2397331648  0.016  0.016  129.624  126.463    0    0  (Gen:  0)
521272624  11579392 2409802488  0.035  0.035  129.935  126.747    0    0  (Gen:  0)
520482752  11579304 2412497176  0.025  0.025  130.130  126.943    0    0  (Gen:  0)
532356224  11580088 2416113200  0.015  0.015  130.399  127.220    0    0  (Gen:  0)
523943952  11579448 2428986000  0.036  0.037  130.761  127.530    0    0  (Gen:  0)
523910672  11579320 2431680920  0.026  0.026  130.957  127.727    0    0  (Gen:  0)
538178392  11580128 2435174408  0.014  0.014  131.224  128.002    0    0  (Gen:  0)
523869520  16679552 2448286824  0.037  0.037  131.587  128.313    0    0  (Gen:  0)
520453544  16101896 2450797568  0.026  0.026  131.782  128.508    0    0  (Gen:  0)
537909696  16102696 2454340864  0.014  0.014  132.044  128.781    0    0  (Gen:  0)
523579792  16102080 2467308320  0.036  0.036  132.408  129.092    0    0  (Gen:  0)
520436800  16101952 2469433376  0.024  0.024  132.605  129.290    0    0  (Gen:  0)
539313896  16102752 2473539360  0.014  0.014  132.863  129.557    0    0  (Gen:  0)
523225712  16102120 2486567280  0.036  0.036  133.231  129.872    0    0  (Gen:  0)
520520392  16101992 2488486600  0.024  0.024  133.424  130.065    0    0  (Gen:  0)
533384808  16102784 2492729720  0.015  0.015  133.668  130.317    0    0  (Gen:  0)
524248360  16441560 2505752952  0.037  0.037  134.050  130.649    0    0  (Gen:  0)
520627024  15423040 2507688328  0.024  0.024  134.244  130.843    0    0  (Gen:  0)
534207920  15423816 2511360472  0.013  0.013  134.466  131.068    0    0  (Gen:  0)
526032936  15423216 2525010352  0.036  0.036  134.869  131.425    0    0  (Gen:  0)
520574040  15423120 2527049216  0.025  0.025  135.060  131.617    0    0  (Gen:  0)
530777608  15423888 2530017960  0.011  0.011  135.259  131.813    0    0  (Gen:  0)
529318680  15423328 2544251872  0.039  0.039  135.686  132.201    0    0  (Gen:  0)
520571984  15423232 2546060336  0.024  0.025  135.877  132.392    0    0  (Gen:  0)
533290048  15424000 2548829368  0.009  0.009  136.058  132.565    0    0  (Gen:  0)
531864672  16423568 2563494216  0.038  0.038  136.503  132.975    0    0  (Gen:  0)
520561056  16050952 2565448984  0.025  0.025  136.696  133.167    0    0  (Gen:  0)
522079128   5961896 2569635928  0.013  0.013  136.873  133.334    0    0  (Gen:  0)
536850672   5964392 2582812288  0.038  0.038  137.330  133.758    0    0  (Gen:  0)
520507936   5961400 2584654248  0.025  0.025  137.523  133.952    0    0  (Gen:  0)
523793416   5961976 2587999752  0.011  0.011  137.695  134.116    0    0  (Gen:  0)
533471976   5964456 2602041064  0.043  0.044  138.161  134.547    0    0  (Gen:  0)
520555616   5961448 2604020280  0.026  0.026  138.357  134.744    0    0  (Gen:  0)
522782576   3679096 2606026256  0.008  0.008  138.523  134.906    0    0  (Gen:  0)
536983208   3682104 2621376448  0.040  0.040  138.986  135.328    0    0  (Gen:  0)
520611648   3678624 2623332064  0.027  0.027  139.182  135.524    0    0  (Gen:  0)
526735752   3679192 2624494256  0.006  0.006  139.346  135.688    0    0  (Gen:  0)
534490800   3678576 2640695848  0.040  0.040  139.809  136.108    0    0  (Gen:  0)
520495296   3678664 2642590128  0.027  0.027  140.007  136.306    0    0  (Gen:  0)
520637520   3678416 2645376056  0.008  0.008  140.166  136.466    0    0  (Gen:  0)
537632624   3679224 2659904376  0.041  0.041  140.637  136.895    0    0  (Gen:  0)
520753672   3678664 2661899544  0.027  0.027  140.831  137.088    0    0  (Gen:  0)
520621576   3678456 2664717048  0.008  0.008  140.992  137.250    0    0  (Gen:  0)
533359056   3679280 2679231840  0.042  0.042  141.465  137.679    0    0  (Gen:  0)
520657240   3678896 2681178040  0.027  0.027  141.659  137.874    0    0  (Gen:  0)
520603960   3678624 2684089528  0.009  0.009  141.821  138.037    0    0  (Gen:  0)
536357600   3679432 2698705664  0.042  0.042  142.290  138.461    0    0  (Gen:  0)
521093592   3678912 2700475080  0.027  0.027  142.483  138.655    0    0  (Gen:  0)
520590160   3678704 2703494856  0.009  0.009  142.646  138.818    0    0  (Gen:  0)
533316248   3679520 2718005600  0.042  0.042  143.115  139.242    0    0  (Gen:  0)
520687680   3679024 2719876944  0.027  0.027  143.311  139.438    0    0  (Gen:  0)
520565112   3678816 2722845032  0.009  0.009  143.473  139.601    0    0  (Gen:  0)
533377248   3679624 2737309032  0.041  0.041  143.941  140.026    0    0  (Gen:  0)
520720616   3679120 2738968376  0.027  0.027  144.133  140.219    0    0  (Gen:  0)
520550208   3678912 2742264928  0.010  0.010  144.297  140.382    0    0  (Gen:  0)
533157576   3679736 2756760296  0.042  0.042  144.765  140.808    0    0  (Gen:  0)
522693600   3679224 2758364344  0.026  0.026  144.958  141.001    0    0  (Gen:  0)
520596568   3679016 2761711232  0.009  0.009  145.123  141.167    0    0  (Gen:  0)
535844976   3679840 2776127720  0.042  0.042  145.593  141.594    0    0  (Gen:  0)
520677600   3679328 2777775224  0.026  0.026  145.785  141.785    0    0  (Gen:  0)
520578688   3679120 2781037800  0.010  0.010  145.951  141.952    0    0  (Gen:  0)
533608960   3679944 2795392720  0.041  0.041  146.416  142.372    0    0  (Gen:  0)
522046792  17432224 2797070272  0.026  0.026  146.607  142.563    0    0  (Gen:  0)
520514696   4896208 2800194424  0.009  0.009  146.773  142.731    0    0  (Gen:  0)
532978824   4897040 2814781256  0.042  0.042  147.242  143.155    0    0  (Gen:  0)
520683440   4896752 2816425960  0.026  0.026  147.434  143.348    0    0  (Gen:  0)
520547120   4896320 2819258880  0.009  0.009  147.602  143.517    0    0  (Gen:  0)
534153128   4897120 2834445480  0.042  0.042  148.059  143.930    0    0  (Gen:  0)
520645088   4900232 2835588536  0.027  0.027  148.259  144.130    0    0  (Gen:  0)
520466568   4896368 2837987768  0.008  0.008  148.428  144.299    0    0  (Gen:  0)
538865272   4897160 2850273424  0.034  0.034  148.865  144.693    0    0  (Gen:  0)
524649480  16816552 2854702352  0.028  0.028  149.075  144.902    0    0  (Gen:  0)
520512104   7374384 2857061784  0.013  0.013  149.249  145.076    0    0  (Gen:  0)
543342888   7375136 2869869544  0.037  0.037  149.686  145.473    0    0  (Gen:  0)
528155552   7374976 2873921512  0.030  0.030  149.905  145.691    0    0  (Gen:  0)
520526496   7374432 2876077352  0.015  0.015  150.080  145.866    0    0  (Gen:  0)
533109712   7375200 2887567656  0.033  0.033  150.495  146.238    0    0  (Gen:  0)
523335232   7375040 2892797576  0.030  0.030  150.729  146.472    0    0  (Gen:  0)
520559232   7374464 2895088672  0.015  0.015  150.907  146.650    0    0  (Gen:  0)
539321984   7375272 2905592872  0.028  0.028  151.304  147.004    0    0  (Gen:  0)
528161944   7379232 2911765296  0.030  0.030  151.554  147.254    0    0  (Gen:  0)
520527984   7374536 2914140664  0.016  0.016  151.737  147.437    0    0  (Gen:  0)
538088896  10576616 2923251848  0.025  0.025  152.124  147.782    0    0  (Gen:  0)
521958768  16573056 2930701136  0.032  0.032  152.378  148.035    0    0  (Gen:  0)
520519768   9810776 2933201152  0.018  0.018  152.560  148.218    0    0  (Gen:  0)
535644160   6294536 2937872576  0.017  0.017  152.920  148.540    0    0  (Gen:  0)
521042392  16478488 2949694328  0.036  0.036  153.194  148.807    0    0  (Gen:  0)
520512888  15176056 2952450128  0.025  0.025  153.386  149.000    0    0  (Gen:  0)
538684136  15176864 2956492808  0.016  0.016  153.702  149.306    0    0  (Gen:  0)
521453848  15176304 2968976336  0.035  0.035  154.023  149.593    0    0  (Gen:  0)
520487000  15176240 2971648576  0.026  0.026  154.217  149.787    0    0  (Gen:  0)
539066976  15177000 2975259984  0.015  0.015  154.498  150.073    0    0  (Gen:  0)
524922928  16704384 2988306760  0.037  0.037  154.852  150.378    0    0  (Gen:  0)
520451928  16258208 2991024096  0.026  0.026  155.047  150.574    0    0  (Gen:  0)
533201920   5660072 2994443304  0.015  0.015  155.314  150.855    0    0  (Gen:  0)
521733720   5659448 3007513152  0.037  0.037  155.680  151.169    0    0  (Gen:  0)
520446000   5659344 3009681000  0.025  0.025  155.875  151.364    0    0  (Gen:  0)
538792880   5660128 3013582608  0.014  0.014  156.141  151.639    0    0  (Gen:  0)
528637040   5659512 3026524800  0.036  0.036  156.509  151.954    0    0  (Gen:  0)
520417288   5659384 3028642984  0.026  0.026  156.704  152.150    0    0  (Gen:  0)
536660080   5721224 3032781088  0.014  0.014  156.962  152.419    0    0  (Gen:  0)
521287448   5720616 3045731136  0.035  0.035  157.330  152.732    0    0  (Gen:  0)
520585176   5720616 3047663400  0.024  0.024  157.525  152.928    0    0  (Gen:  0)
535795296   5721344 3051953512  0.014  0.014  157.766  153.174    0    0  (Gen:  0)
525469736   5720768 3065136424  0.037  0.037  158.155  153.514    0    0  (Gen:  0)
520627232   5720712 3067057128  0.025  0.025  158.349  153.708    0    0  (Gen:  0)
530946576   5204304 3070551480  0.012  0.012  158.566  153.926    0    0  (Gen:  0)
528152544   5203696 3084259904  0.038  0.038  158.978  154.294    0    0  (Gen:  0)
521113728   5203568 3086234424  0.024  0.025  159.169  154.485    0    0  (Gen:  0)
531835560   4778112 3089226160  0.011  0.011  159.369  154.682    0    0  (Gen:  0)
529018512   4777528 3103481608  0.038  0.038  159.799  155.072    0    0  (Gen:  0)
520578832   4777384 3105473552  0.024  0.024  159.990  155.264    0    0  (Gen:  0)
528466984   4778160 3108084344  0.010  0.010  160.168  155.433    0    0  (Gen:  0)
532503128   4777584 3122712320  0.039  0.039  160.619  155.850    0    0  (Gen:  0)
520632240   4777704 3124697816  0.025  0.025  160.812  156.044    0    0  (Gen:  0)
521871128   5600824 3128604632  0.012  0.012  160.987  156.210    0    0  (Gen:  0)
533501224  16323248 3141940792  0.039  0.039  161.446  156.636    0    0  (Gen:  0)
520614320  16318528 3143969768  0.025  0.025  161.638  156.829    0    0  (Gen:  0)
523736096  16319104 3146634616  0.010  0.010  161.809  156.994    0    0  (Gen:  0)
536180528  16322360 3161283016  0.043  0.049  162.287  157.629    0    0  (Gen:  0)
520539016  16318584 3163218616  0.027  0.026  162.487  157.831    0    0  (Gen:  0)
523881256  16319176 3164870552  0.007  0.007  162.654  157.996    0    0  (Gen:  0)
533762248  16321664 3180571368  0.041  0.041  163.119  158.419    0    0  (Gen:  0)
520632296  16318680 3182501840  0.026  0.027  163.315  158.616    0    0  (Gen:  0)
520584696  16318872 3183986536  0.006  0.007  163.473  158.775    0    0  (Gen:  0)
533860448  16427632 3199829672  0.041  0.041  163.943  159.200    0    0  (Gen:  0)
520663936  17404880 3201685976  0.028  0.028  164.139  159.397    0    0  (Gen:  0)
520637592   4817552 3204616824  0.009  0.009  164.300  159.557    0    0  (Gen:  0)
537391048  16649952 3219229408  0.042  0.042  164.775  159.989    0    0  (Gen:  0)
520742528  16649392 3220942240  0.027  0.027  164.969  160.185    0    0  (Gen:  0)
520610544  16649184 3223984752  0.009  0.009  165.132  160.348    0    0  (Gen:  0)
534697592  16649992 3238391824  0.042  0.042  165.603  160.774    0    0  (Gen:  0)
520735168  16649520 3240434336  0.028  0.028  165.800  160.971    0    0  (Gen:  0)
520593304  16649312 3243291744  0.009  0.009  165.963  161.135    0    0  (Gen:  0)
532970384  16650128 3257697368  0.042  0.042  166.438  161.565    0    0  (Gen:  0)
521650904  17598040 3259511136  0.027  0.027  166.634  161.761    0    0  (Gen:  0)
520586400   4949584 3262565864  0.009  0.009  166.798  161.926    0    0  (Gen:  0)
533891936   4950408 3277007880  0.042  0.042  167.269  162.352    0    0  (Gen:  0)
524729536   4949864 3278749520  0.027  0.027  167.467  162.551    0    0  (Gen:  0)
520557328   4949656 3281919608  0.009  0.009  167.631  162.715    0    0  (Gen:  0)
537333336  16634672 3296352488  0.042  0.043  168.103  163.144    0    0  (Gen:  0)
520726328  17556552 3298145280  0.027  0.027  168.298  163.338    0    0  (Gen:  0)
520541168   4996152 3301262792  0.009  0.009  168.463  163.503    0    0  (Gen:  0)
533463688  16779376 3315762768  0.043  0.043  168.934  163.931    0    0  (Gen:  0)
520687144  17452024 3317361240  0.026  0.026  169.128  164.124    0    0  (Gen:  0)
520574952   5002704 3320597656  0.009  0.009  169.293  164.291    0    0  (Gen:  0)
536774968   5003528 3335087640  0.042  0.042  169.772  164.725    0    0  (Gen:  0)
523203808  17502288 3336791832  0.026  0.026  169.967  164.920    0    0  (Gen:  0)
520567984   5149472 3340143816  0.010  0.010  170.135  165.089    0    0  (Gen:  0)
533127608   5150296 3354446656  0.042  0.042  170.606  165.515    0    0  (Gen:  0)
520689032  17316136 3356077648  0.026  0.026  170.797  165.707    0    0  (Gen:  0)
520570128   4697816 3359104376  0.009  0.009  170.967  165.877    0    0  (Gen:  0)
537261792   4698600 3373844904  0.042  0.042  171.433  166.300    0    0  (Gen:  0)
520834256   4698392 3375456728  0.025  0.026  171.627  166.494    0    0  (Gen:  0)
520538184   4697888 3378076096  0.009  0.009  171.796  166.663    0    0  (Gen:  0)
537068184   4698680 3393552576  0.042  0.042  172.256  167.080    0    0  (Gen:  0)
520654368   4700536 3394848304  0.028  0.028  172.458  167.282    0    0  (Gen:  0)
520480976   4698032 3397233824  0.009  0.009  172.627  167.452    0    0  (Gen:  0)
537470488  14464336 3410203448  0.038  0.038  173.068  167.849    0    0  (Gen:  0)
523471952  14464912 3413807696  0.029  0.029  173.282  168.063    0    0  (Gen:  0)
520522032  14463656 3416032688  0.014  0.014  173.458  168.240    0    0  (Gen:  0)
543538160  14464456 3428734616  0.037  0.037  173.891  168.630    0    0  (Gen:  0)
524900784  14464312 3432744128  0.030  0.030  174.114  168.853    0    0  (Gen:  0)
520503712  14463728 3435010832  0.015  0.015  174.293  169.032    0    0  (Gen:  0)
535395144  14464496 3446108800  0.031  0.031  174.706  169.402    0    0  (Gen:  0)
528242928  14464624 3451758432  0.031  0.031  174.948  169.643    0    0  (Gen:  0)
520544584  14463760 3454064320  0.016  0.016  175.129  169.824    0    0  (Gen:  0)
543047976  11983984 3464639824  0.030  0.030  175.537  170.188    0    0  (Gen:  0)
527317664  11983960 3470669128  0.030  0.030  175.783  170.433    0    0  (Gen:  0)
520548736  11983280 3473062296  0.016  0.016  175.963  170.614    0    0  (Gen:  0)
539559608  11984088 3483182392  0.028  0.028  176.360  170.966    0    0  (Gen:  0)
522735896  11988584 3489618632  0.031  0.032  176.613  171.218    0    0  (Gen:  0)
520524216  11983408 3492001264  0.017  0.017  176.795  171.401    0    0  (Gen:  0)
540199304  11984200 3500025792  0.023  0.023  177.179  171.742    0    0  (Gen:  0)
527228264  11990888 3508574064  0.035  0.035  177.442  172.004    0    0  (Gen:  0)
520516552  11983512 3511020712  0.019  0.019  177.629  172.192    0    0  (Gen:  0)
539071040  11984304 3515631088  0.017  0.017  177.995  172.521    0    0  (Gen:  0)
523505760  11983864 3527555080  0.035  0.035  178.272  172.793    0    0  (Gen:  0)
520507408  11983568 3530129136  0.024  0.024  178.464  172.985    0    0  (Gen:  0)
537860456  11984368 3534264592  0.016  0.016  178.783  173.292    0    0  (Gen:  0)
521674488  11983752 3546759912  0.036  0.036  179.102  173.580    0    0  (Gen:  0)
520478184  11983624 3549439728  0.026  0.026  179.297  173.775    0    0  (Gen:  0)
535621752   5836568 3553036312  0.015  0.015  179.569  174.055    0    0  (Gen:  0)
522917576   5835912 3565940560  0.037  0.037  179.932  174.367    0    0  (Gen:  0)
520444072   5835784 3568624264  0.025  0.025  180.128  174.563    0    0  (Gen:  0)
535257032   5836576 3572089904  0.014  0.014  180.392  174.836    0    0  (Gen:  0)
529080848  16663752 3585217600  0.037  0.037  180.761  175.152    0    0  (Gen:  0)
520432984  15990048 3587640488  0.025  0.025  180.956  175.348    0    0  (Gen:  0)
537865128   5687760 3591335848  0.015  0.015  181.219  175.620    0    0  (Gen:  0)
525567144   5687152 3604423096  0.036  0.036  181.586  175.935    0    0  (Gen:  0)
520421616   5687064 3606534432  0.025  0.025  181.783  176.132    0    0  (Gen:  0)
535461440   5719640 3610628440  0.015  0.015  182.044  176.403    0    0  (Gen:  0)
522339384  16509360 3623757696  0.036  0.037  182.414  176.720    0    0  (Gen:  0)
520568048  15181192 3625546968  0.024  0.024  182.610  176.917    0    0  (Gen:  0)
538664800  15181976 3629927432  0.015  0.015  182.857  177.171    0    0  (Gen:  0)
523834640  16354872 3642999712  0.037  0.037  183.241  177.506    0    0  (Gen:  0)
520606960  15318504 3644915432  0.025  0.025  183.436  177.701    0    0  (Gen:  0)
530993896  15319280 3648581088  0.013  0.013  183.656  177.921    0    0  (Gen:  0)
530336104  16462064 3662458888  0.038  0.039  184.070  178.292    0    0  (Gen:  0)
520584744  15680696 3664272192  0.025  0.025  184.264  178.485    0    0  (Gen:  0)
531051184   4831456 3667397592  0.011  0.011  184.466  178.685    0    0  (Gen:  0)
528816664  16363168 3681648416  0.038  0.038  184.896  179.075    0    0  (Gen:  0)
520578768  15661136 3683457216  0.025  0.025  185.089  179.268    0    0  (Gen:  0)
448621504  15654640 3354021584  7.450 10.115  192.671  190.249    0    0  (Gen:  1)
   100336  11185000  19049000  0.070  0.632  192.742  190.884    0    0  (Gen:  1)
     1152                      0.000  0.000

 330,920,950,104 bytes allocated in the heap
   9,980,421,776 bytes copied during GC
   3,354,021,584 bytes maximum residency (9 sample(s))
      15,049,008 bytes maximum slop
            3198 MB total memory in use (0 MB lost due to fragmentation)

                                     Tot time (elapsed)  Avg pause  Max pause
  Gen  0       620 colls,     0 par   16.505s  16.591s     0.0268s    0.1619s
  Gen  1         9 colls,     0 par   15.672s  20.090s     2.2322s    10.1153s

  TASKS: 21 (1 bound, 20 peak workers (20 total), using -N4)

  SPARKS: 0 (0 converted, 0 overflowed, 0 dud, 0 GC'd, 0 fizzled)

  INIT    time    0.001s  (  0.006s elapsed)
  MUT     time  160.563s  (154.197s elapsed)
  GC      time   32.177s  ( 36.681s elapsed)
  EXIT    time    0.001s  (  0.012s elapsed)
  Total   time  192.742s  (190.896s elapsed)

  Alloc rate    2,061,002,073 bytes per MUT second

  Productivity  83.3% of total user, 80.8% of total elapsed

