bench-hist/v0.2.0/ghcide --lsp --cwd bench/example/Cabal-3.0.0.0 +RTS -I0 -qg -A128M -Scode_actions.benchmark-gcStats -I0.5 
    Alloc    Copied     Live     GC     GC      TOT      TOT  Page Flts
    bytes     bytes     bytes   user   elap     user     elap
527003856      2152  19493088  0.051  0.057    0.432    5.885    0    0  (Gen:  0)
533090760      3768  22272240  0.056  0.068    0.683    6.175    0    0  (Gen:  1)
549713576      4304  30279736  0.030  0.035    1.089    6.817    0    0  (Gen:  0)
548850856      6712  35736328  0.053  0.058    1.479    7.706    0    0  (Gen:  1)
543328024      5056  42480352  0.022  0.023    1.827    8.212    0    0  (Gen:  0)
527948832  13947344  50785448  0.028  0.029    2.747    8.735    0    0  (Gen:  0)
550432824  68422112 130986520  0.160  0.181    3.692    9.282    0    0  (Gen:  0)
526193544  68441328 166954256  0.187  0.214    4.235    9.625    0    0  (Gen:  0)
525298408  68421104 187872000  0.285  0.317    4.932   10.071    0    0  (Gen:  1)
541584264  57941976 225470888  0.119  0.119    5.665   10.374    0    0  (Gen:  0)
548086776  31326512 223543664  0.056  0.056    6.308   10.587    0    0  (Gen:  0)
543231496  31322528 240565088  0.059  0.059    6.915   10.818    0    0  (Gen:  0)
540076880  31317848 264241544  0.095  0.095    7.586   11.064    0    0  (Gen:  0)
543310720  31313472 259869584  0.060  0.061    8.134   11.312    0    0  (Gen:  0)
526196368  31315232 278989640  0.085  0.085    8.636   11.789    0    0  (Gen:  0)
541748024  31366496 276423976  0.051  0.052    9.235   12.145    0    0  (Gen:  0)
541560184  31312936 288293712  0.060  0.061    9.845   12.352    0    0  (Gen:  0)
534664008  31918936 296300656  0.082  0.085   10.504   12.589    0    0  (Gen:  0)
536858352  47031544 315977088  0.118  0.126   11.174   12.859    0    0  (Gen:  0)
531403040  47034224 307311888  0.055  0.055   11.677   13.111    0    0  (Gen:  0)
532744944  47031400 303129608  0.040  0.040   12.182   13.444    0    0  (Gen:  0)
532224440  47031704 310763416  0.046  0.046   12.640   13.807    0    0  (Gen:  0)
570989824  47030616 335205424  0.082  0.091   13.273   14.344    0    0  (Gen:  0)
578290456  47032912 354669664  0.076  0.086   13.957   14.998    0    0  (Gen:  0)
545357624  47033216 260428624  0.384  0.447   14.773   15.798    0    0  (Gen:  1)
542341952  47030376 272189352  0.027  0.027   15.228   16.190    0    0  (Gen:  0)
546365640  47030360 284122656  0.018  0.018   15.637   16.552    0    0  (Gen:  0)
547156928  24109592 296219728  0.018  0.019   16.048   16.919    0    0  (Gen:  0)
603111624 210309008 252001304  0.318  0.318   16.875   18.415    0    0  (Gen:  1)
   104328  12480248  20374976  0.017  0.039   16.893   18.455    0    0  (Gen:  1)
     1584                      0.000  0.000

  15,759,270,136 bytes allocated in the heap
   1,198,575,016 bytes copied during GC
     260,428,624 bytes maximum residency (6 sample(s))
       4,345,008 bytes maximum slop
             248 MB total memory in use (0 MB lost due to fragmentation)

                                     Tot time (elapsed)  Avg pause  Max pause
  Gen  0        24 colls,     0 par    1.624s   1.720s     0.0717s    0.2144s
  Gen  1         6 colls,     0 par    1.112s   1.248s     0.2080s    0.4471s

  TASKS: 21 (1 bound, 20 peak workers (20 total), using -N4)

  SPARKS: 0 (0 converted, 0 overflowed, 0 dud, 0 GC'd, 0 fizzled)

  INIT    time    0.001s  (  0.006s elapsed)
  MUT     time   14.154s  ( 15.481s elapsed)
  GC      time    2.737s  (  2.968s elapsed)
  EXIT    time    0.000s  (  0.010s elapsed)
  Total   time   16.893s  ( 18.465s elapsed)

  Alloc rate    1,113,387,532 bytes per MUT second

  Productivity  83.8% of total user, 83.8% of total elapsed

