bench-hist/v0.2.0/ghcide --lsp --cwd bench/example/Cabal-3.0.0.0 +RTS -I0 -qg -A128M -SdocumentSymbols_after_edit.benchmark-gcStats -I0.5 
    Alloc    Copied     Live     GC     GC      TOT      TOT  Page Flts
    bytes     bytes     bytes   user   elap     user     elap
527936520      2152  19542264  0.050  0.056    0.435    5.851    0    0  (Gen:  0)
529661856  20670416  22275816  0.055  0.067    0.678    6.132    0    0  (Gen:  1)
551649872  20670928  30174064  0.029  0.035    1.087    6.774    0    0  (Gen:  0)
548460000  20673360  35541984  0.051  0.056    1.474    7.645    0    0  (Gen:  1)
541600368  20671720  42229576  0.021  0.021    1.818    8.144    0    0  (Gen:  0)
529308496  20670184  50330336  0.027  0.028    2.726    8.661    0    0  (Gen:  0)
547391752  20674136 132327848  0.163  0.183    3.587    9.190    0    0  (Gen:  0)
523863160  91993848 168422656  0.195  0.223    4.156    9.539    0    0  (Gen:  0)
526989512  91979704 187454528  0.282  0.313    4.813    9.971    0    0  (Gen:  1)
544574920  91989256 225702104  0.122  0.122    5.569   10.289    0    0  (Gen:  0)
544568992  91993224 229966864  0.069  0.069    6.206   10.527    0    0  (Gen:  0)
539452424  34182872 254943248  0.084  0.084    6.809   10.793    0    0  (Gen:  0)
539894256  22990352 246518656  0.054  0.054    7.375   10.992    0    0  (Gen:  0)
541981560  22991512 262774632  0.077  0.078    8.052   11.236    0    0  (Gen:  0)
527243816  22991408 274266712  0.085  0.085    8.536   11.658    0    0  (Gen:  0)
541430384  22989232 269124912  0.039  0.039    9.114   12.011    0    0  (Gen:  0)
539336536  23051376 288632872  0.087  0.087    9.814   12.264    0    0  (Gen:  0)
537092344  22989536 294736152  0.071  0.076   10.369   12.476    0    0  (Gen:  0)
529804472  34775768 310590536  0.084  0.084   10.996   12.718    0    0  (Gen:  0)
539622400  34773752 308040704  0.060  0.065   11.548   12.978    0    0  (Gen:  0)
534509776  34771296 304220608  0.041  0.042   12.055   13.315    0    0  (Gen:  0)
538783392  34771536 312486432  0.046  0.046   12.513   13.677    0    0  (Gen:  0)
572358672  34773256 337043080  0.086  0.098   13.152   14.224    0    0  (Gen:  0)
547040600  34770376 338821168  0.031  0.032   13.433   14.437    0    0  (Gen:  0)
538546320  34770200 234135336  0.353  0.404   14.025   15.007    0    0  (Gen:  1)
536017688  34770224 239110520  0.015  0.015   14.308   15.202    0    0  (Gen:  0)
541300056  34770208 239472568  0.012  0.012   14.567   15.392    0    0  (Gen:  0)
535958400  34770208 239865104  0.009  0.009   14.817   15.572    0    0  (Gen:  0)
542151792  34770200 240823008  0.008  0.008   15.065   15.751    0    0  (Gen:  0)
535619136  34770208 245575032  0.014  0.014   15.318   15.931    0    0  (Gen:  0)
542987552  34770208 245854704  0.011  0.011   15.578   16.122    0    0  (Gen:  0)
543043120  34770208 246631232  0.009  0.009   15.829   16.304    0    0  (Gen:  0)
541009136  34770200 247481672  0.008  0.008   16.078   16.483    0    0  (Gen:  0)
539465240  34770208 252172992  0.014  0.014   16.335   16.666    0    0  (Gen:  0)
537578040  34770208 252485536  0.011  0.011   16.590   16.851    0    0  (Gen:  0)
537595560  34770208 252870784  0.008  0.008   16.840   17.032    0    0  (Gen:  0)
541356472  34770272 255750408  0.011  0.011   17.093   17.215    0    0  (Gen:  0)
543657704  34770608 258456800  0.013  0.013   17.349   17.402    0    0  (Gen:  0)
539893728  34770632 259068496  0.010  0.010   17.603   17.587    0    0  (Gen:  0)
538368744  34770632 260278304  0.008  0.008   17.856   17.765    0    0  (Gen:  0)
541116672  34770624 262329136  0.009  0.009   18.104   17.940    0    0  (Gen:  0)
540362832  34770680 266190072  0.013  0.013   18.361   18.129    0    0  (Gen:  0)
544805760  34770712 267023072  0.011  0.011   18.618   18.317    0    0  (Gen:  0)
543914896  34770728 269441960  0.010  0.010   18.875   18.504    0    0  (Gen:  0)
542870912  34770768 270111456  0.009  0.009   19.126   18.681    0    0  (Gen:  0)
543066176  34770864 273787272  0.014  0.014   19.384   18.870    0    0  (Gen:  0)
544988680  34770896 274379168  0.010  0.010   19.642   19.059    0    0  (Gen:  0)
545099720  34770896 275822424  0.009  0.009   19.897   19.244    0    0  (Gen:  0)
542027320  34770896 280227216  0.016  0.017   20.156   19.430    0    0  (Gen:  0)
541138576  34770896 280740128  0.012  0.012   20.416   19.621    0    0  (Gen:  0)
543796472  34770896 281260592  0.009  0.009   20.674   19.809    0    0  (Gen:  0)
540432832   6136552 283521136  0.009  0.009   20.925   19.988    0    0  (Gen:  0)
623070888   6136832 304857984  0.080  0.081   21.365   20.426    0    0  (Gen:  0)
227035480  11337384  18206024  0.017  0.038   21.646   21.235    0    0  (Gen:  1)
     1584                      0.000  0.000

  28,942,833,568 bytes allocated in the heap
   1,835,225,456 bytes copied during GC
     234,135,336 bytes maximum residency (5 sample(s))
       3,621,080 bytes maximum slop
             223 MB total memory in use (0 MB lost due to fragmentation)

                                     Tot time (elapsed)  Avg pause  Max pause
  Gen  0        49 colls,     0 par    1.894s   1.983s     0.0405s    0.2227s
  Gen  1         5 colls,     0 par    0.759s   0.878s     0.1756s    0.4037s

  TASKS: 18 (1 bound, 17 peak workers (17 total), using -N4)

  SPARKS: 0 (0 converted, 0 overflowed, 0 dud, 0 GC'd, 0 fizzled)

  INIT    time    0.001s  (  0.006s elapsed)
  MUT     time   18.992s  ( 18.368s elapsed)
  GC      time    2.653s  (  2.861s elapsed)
  EXIT    time    0.001s  (  0.009s elapsed)
  Total   time   21.646s  ( 21.243s elapsed)

  Alloc rate    1,523,978,061 bytes per MUT second

  Productivity  87.7% of total user, 86.5% of total elapsed

