bench-hist/v0.2.0/ghcide --lsp --cwd bench/example/Cabal-3.0.0.0 +RTS -I0 -qg -A128M -Sedit.benchmark-gcStats -I0.5 
    Alloc    Copied     Live     GC     GC      TOT      TOT  Page Flts
    bytes     bytes     bytes   user   elap     user     elap
528602000      2152  19529288  0.051  0.057    0.439    5.831    0    0  (Gen:  0)
529005408      3768  22273712  0.056  0.067    0.682    6.111    0    0  (Gen:  1)
551820040      4296  30279576  0.030  0.036    1.094    6.758    0    0  (Gen:  0)
548545592  29900904  35679952  0.052  0.057    1.481    7.624    0    0  (Gen:  1)
539960040   9203640  42330552  0.022  0.022    1.827    8.125    0    0  (Gen:  0)
529433704   9202104  50591360  0.028  0.028    2.739    8.649    0    0  (Gen:  0)
548443520   9206120 134802672  0.167  0.188    3.570    9.196    0    0  (Gen:  0)
526725504   9220896 168561872  0.190  0.217    4.123    9.541    0    0  (Gen:  0)
526408816   9204992 178451952  0.260  0.288    4.806    9.965    0    0  (Gen:  1)
538841336   9216856 219042496  0.118  0.119    5.557   10.269    0    0  (Gen:  0)
554706592   9215552 224368632  0.062  0.063    6.200   10.492    0    0  (Gen:  0)
544514576  25378008 237603400  0.062  0.063    6.820   10.729    0    0  (Gen:  0)
537862936  25373016 243577552  0.055  0.055    7.437   10.931    0    0  (Gen:  0)
548128680  25371416 244410232  0.038  0.038    7.998   11.149    0    0  (Gen:  0)
523107712  25373280 271089752  0.083  0.083    8.488   11.641    0    0  (Gen:  0)
542640664  29043944 275421680  0.066  0.070    9.084   11.992    0    0  (Gen:  0)
540330816  28994504 289798072  0.084  0.087    9.738   12.241    0    0  (Gen:  0)
536291224  28990536 296247320  0.082  0.083   10.374   12.468    0    0  (Gen:  0)
535319832  28990792 297267200  0.073  0.076   11.002   12.689    0    0  (Gen:  0)
530086072  23504984 301205696  0.046  0.047   11.505   12.948    0    0  (Gen:  0)
527438808  16339808 300622184  0.037  0.037   11.998   13.279    0    0  (Gen:  0)
530531768  22352984 309124440  0.046  0.046   12.453   13.640    0    0  (Gen:  0)
568158224  22355488 333339056  0.086  0.097   13.091   14.195    0    0  (Gen:  0)
553095624  22354888 334182792  0.043  0.043   13.695   14.818    0    0  (Gen:  0)
538463528  22351752 224574920  0.340  0.387   14.615   15.723    0    0  (Gen:  1)
546845984  22355496 225605648  0.036  0.036   15.205   16.332    0    0  (Gen:  0)
536625320  22351776 224906184  0.033  0.033   15.821   16.889    0    0  (Gen:  0)
547697800  13669728 226324856  0.036  0.036   16.414   17.499    0    0  (Gen:  0)
538307544  13669128 225169696  0.033  0.033   17.029   18.055    0    0  (Gen:  0)
549292464  13669800 226812816  0.036  0.036   17.624   18.667    0    0  (Gen:  0)
537915608  13669136 225433096  0.032  0.032   18.242   19.226    0    0  (Gen:  0)
554217272  13672496 227282136  0.035  0.036   18.839   19.838    0    0  (Gen:  0)
538090056  13669208 225966184  0.033  0.033   19.455   20.393    0    0  (Gen:  0)
552455256  13669984 227606864  0.036  0.036   20.053   21.006    0    0  (Gen:  0)
535194960  13669328 226191072  0.032  0.032   20.669   21.564    0    0  (Gen:  0)
551357744  13648904 228048752  0.036  0.036   21.268   22.178    0    0  (Gen:  0)
537802312  13646088 226442872  0.032  0.032   21.882   22.732    0    0  (Gen:  0)
555090664  13646752 228343472  0.036  0.036   22.482   23.348    0    0  (Gen:  0)
536695896  12490816 226879008  0.032  0.032   23.098   23.905    0    0  (Gen:  0)
550426224  12491472 228669120  0.036  0.037   23.693   24.516    0    0  (Gen:  0)
541372032  12490840 227297696  0.033  0.033   24.312   25.074    0    0  (Gen:  0)
552988328  13674944 228995656  0.036  0.037   24.918   25.695    0    0  (Gen:  0)
534920248  12441920 227609712  0.033  0.033   25.534   26.250    0    0  (Gen:  0)
552661816  13664872 229408728  0.037  0.037   26.136   26.868    0    0  (Gen:  0)
540030032  13661592 228041360  0.033  0.033   26.760   27.432    0    0  (Gen:  0)
547408352  13665112 229757928  0.036  0.036   27.359   28.047    0    0  (Gen:  0)
539538272  12389608 228221240  0.033  0.033   27.978   28.607    0    0  (Gen:  0)
550806936  13649768 230119360  0.036  0.036   28.579   29.226    0    0  (Gen:  0)
542564368  13646440 228653288  0.034  0.034   29.199   29.786    0    0  (Gen:  0)
551439768  13649824 230463056  0.037  0.037   29.799   30.403    0    0  (Gen:  0)
541187304  12685688 229210664  0.034  0.034   30.422   30.966    0    0  (Gen:  0)
554824368  12689184 230841408  0.036  0.037   31.026   31.584    0    0  (Gen:  0)
534766304  12685760 229701168  0.033  0.033   31.646   32.144    0    0  (Gen:  0)
552283144  12686488 231325272  0.037  0.037   32.247   32.759    0    0  (Gen:  0)
538878192  12685824 230155192  0.034  0.034   32.869   33.320    0    0  (Gen:  0)
551900896  13681576 231787976  0.036  0.036   33.472   33.937    0    0  (Gen:  0)
537422088  13678104 230550896  0.033  0.033   34.093   34.500    0    0  (Gen:  0)
550003992  13678832 232223000  0.037  0.037   34.690   35.110    0    0  (Gen:  0)
535334336  13678184 230623328  0.033  0.033   35.311   35.673    0    0  (Gen:  0)
553247768  13681424 232706656  0.037  0.037   35.916   36.292    0    0  (Gen:  0)
536080888  13678280 230946752  0.033  0.033   36.537   36.851    0    0  (Gen:  0)
550238480  13678944 232980168  0.037  0.037   37.136   37.465    0    0  (Gen:  0)
536512720  13678352 231058088  0.032  0.032   37.758   38.027    0    0  (Gen:  0)
550846408  13624680 233289416  0.037  0.037   38.358   38.639    0    0  (Gen:  0)
540379744  12077224 231270128  0.032  0.032   38.979   39.202    0    0  (Gen:  0)
552502888  12078408 233470000  0.037  0.037   39.579   39.815    0    0  (Gen:  0)
539586704  12077248 231514016  0.032  0.032   40.201   40.380    0    0  (Gen:  0)
554402944  12079848 233627568  0.037  0.038   40.807   41.000    0    0  (Gen:  0)
538021584  12077256 231841376  0.032  0.032   41.431   41.564    0    0  (Gen:  0)
550268840  12080288 233818640  0.037  0.037   42.034   42.180    0    0  (Gen:  0)
538409864  12205512 232042168  0.032  0.032   42.655   42.742    0    0  (Gen:  0)
548113336  13648096 234183536  0.038  0.038   43.257   43.358    0    0  (Gen:  0)
535783496  13645008 231960096  0.032  0.032   43.880   43.921    0    0  (Gen:  0)
551744376  13645008 234558544  0.039  0.039   44.488   44.544    0    0  (Gen:  0)
541877008  13645008 232277096  0.032  0.032   45.118   45.116    0    0  (Gen:  0)
554434736  13657760 234409936  0.038  0.038   45.723   45.738    0    0  (Gen:  0)
536252056  13655096 232404216  0.032  0.032   46.347   46.303    0    0  (Gen:  0)
548090432  13901720 234911736  0.038  0.038   46.947   46.919    0    0  (Gen:  0)
537943912  13900592 232425184  0.031  0.031   47.573   47.483    0    0  (Gen:  0)
549336848  13900656 235169520  0.038  0.038   48.177   48.100    0    0  (Gen:  0)
540887800  13900664 232480544  0.033  0.033   48.807   48.671    0    0  (Gen:  0)
549137240  13900656 235226400  0.039  0.039   49.407   49.284    0    0  (Gen:  0)
538349936  13900720 232638736  0.032  0.032   50.035   49.851    0    0  (Gen:  0)
550279568  14068352 235463736  0.039  0.039   50.636   50.465    0    0  (Gen:  0)
543480512  11986056 232885576  0.032  0.032   51.265   51.034    0    0  (Gen:  0)
551347704  11986352 235377728  0.038  0.038   51.866   51.649    0    0  (Gen:  0)
540400544  12056488 233078808  0.032  0.033   52.494   52.218    0    0  (Gen:  0)
555673072  12059112 235289616  0.039  0.039   53.101   52.837    0    0  (Gen:  0)
536606392  12172112 233323680  0.033  0.033   53.724   53.400    0    0  (Gen:  0)
549035384  12175008 235418376  0.038  0.038   54.330   54.020    0    0  (Gen:  0)
536834488  12172208 233367744  0.033  0.033   54.955   54.585    0    0  (Gen:  0)
550076640  12172272 235847504  0.039  0.039   55.556   55.199    0    0  (Gen:  0)
543591200  12172352 233656112  0.032  0.033   56.193   55.776    0    0  (Gen:  0)
551526608  12175272 235840416  0.037  0.037   56.799   56.395    0    0  (Gen:  0)
539726768  12172392 234004520  0.033  0.033   57.428   56.965    0    0  (Gen:  0)
549992280  13664184 236041456  0.038  0.038   58.032   57.583    0    0  (Gen:  0)
537769976  13661008 234070152  0.032  0.032   58.660   58.150    0    0  (Gen:  0)
547681848  13663520 236706656  0.038  0.038   59.260   58.764    0    0  (Gen:  0)
541663608  11979112 234223456  0.032  0.032   59.891   59.335    0    0  (Gen:  0)
550736352  11979600 236745768  0.039  0.039   60.495   59.953    0    0  (Gen:  0)
541218280  11979176 234522264  0.032  0.032   61.126   60.524    0    0  (Gen:  0)
553609784  13662360 236735416  0.037  0.037   61.732   61.142    0    0  (Gen:  0)
537134528  13661208 234693968  0.032  0.033   62.359   61.710    0    0  (Gen:  0)
552348304  13663272 236934600  0.038  0.038   62.965   62.330    0    0  (Gen:  0)
537106152  13661280 234769872  0.032  0.032   63.592   62.899    0    0  (Gen:  0)
549672816  13661496 237290632  0.038  0.038   64.198   63.518    0    0  (Gen:  0)
543043256  13661280 235043600  0.033  0.033   64.830   64.089    0    0  (Gen:  0)
550997400  13664312 237198464  0.037  0.038   65.436   64.709    0    0  (Gen:  0)
535377512  13661392 235041872  0.033  0.033   66.062   65.278    0    0  (Gen:  0)
547379304  13661392 237790168  0.039  0.039   66.666   65.895    0    0  (Gen:  0)
539337336  13661424 236156056  0.034  0.034   67.296   66.467    0    0  (Gen:  0)
548325744  13661416 237800320  0.039  0.039   67.892   67.073    0    0  (Gen:  0)
546563288  13661440 235255976  0.033  0.033   68.528   67.652    0    0  (Gen:  0)
550262264  13661472 237926160  0.038  0.039   69.135   68.272    0    0  (Gen:  0)
535776576  13661472 236290952  0.034  0.034   69.763   68.842    0    0  (Gen:  0)
556090960  13661472 237966528  0.039  0.039   70.371   69.462    0    0  (Gen:  0)
535039416  13661472 236668528  0.033  0.033   71.004   70.039    0    0  (Gen:  0)
552250944  13661480 238116440  0.040  0.041   71.611   70.658    0    0  (Gen:  0)
538592048  13661512 236912072  0.034  0.034   72.243   71.229    0    0  (Gen:  0)
550313688  13661520 238195576  0.040  0.040   72.846   71.843    0    0  (Gen:  0)
539930456  13597848 237078792  0.034  0.034   73.476   72.415    0    0  (Gen:  0)
549871288  14084752 238278344  0.040  0.040   74.090   73.043    0    0  (Gen:  0)
542133144  14084832 235546328  0.032  0.032   74.738   73.634    0    0  (Gen:  0)
554185152  14084840 238343696  0.038  0.038   75.347   74.257    0    0  (Gen:  0)
540459032  14084960 235895688  0.033  0.033   75.977   74.825    0    0  (Gen:  0)
550788456  13649224 238167240  0.037  0.037   76.583   75.444    0    0  (Gen:  0)
540476088  12108024 236151056  0.033  0.033   77.211   76.010    0    0  (Gen:  0)
553905136  12110904 238336256  0.038  0.038   77.819   76.631    0    0  (Gen:  0)
541799984  12108088 236620024  0.034  0.034   78.448   77.200    0    0  (Gen:  0)
554477536  12108752 238634384  0.038  0.038   79.056   77.821    0    0  (Gen:  0)
536517752  12108152 237025672  0.033  0.033   79.686   78.391    0    0  (Gen:  0)
551576432  12108856 238923368  0.038  0.038   80.295   79.014    0    0  (Gen:  0)
541206200  12108192 237438112  0.034  0.034   80.927   79.585    0    0  (Gen:  0)
553617176  12108760 239211000  0.038  0.038   81.534   80.207    0    0  (Gen:  0)
537121784  12108224 237843176  0.034  0.034   82.163   80.774    0    0  (Gen:  0)
550017440  12111640 239658624  0.037  0.038   82.772   81.398    0    0  (Gen:  0)
536230088  12249584 237917952  0.033  0.033   83.401   81.965    0    0  (Gen:  0)
552538824  12252736 240005456  0.038  0.038   84.007   82.585    0    0  (Gen:  0)
535085184  12249584 238166432  0.033  0.033   84.635   83.152    0    0  (Gen:  0)
550933472  12252624 240333232  0.038  0.038   85.244   83.774    0    0  (Gen:  0)
540937384  12249672 238414064  0.033  0.033   85.873   84.343    0    0  (Gen:  0)
550263016  12252760 240546160  0.038  0.038   86.481   84.965    0    0  (Gen:  0)
540428504  12263672 238682704  0.033  0.033   87.115   85.537    0    0  (Gen:  0)
548556616  13663792 240718904  0.037  0.037   87.719   86.152    0    0  (Gen:  0)
537341600  13660744 238709320  0.033  0.033   88.348   86.721    0    0  (Gen:  0)
554023176  13671816 240960840  0.038  0.038   88.960   87.345    0    0  (Gen:  0)
537357200  11997144 238796432  0.033  0.033   89.586   87.913    0    0  (Gen:  0)
551888664  11997744 241076264  0.038  0.038   90.198   88.538    0    0  (Gen:  0)
542956360  12271896 239201640  0.034  0.034   90.827   89.106    0    0  (Gen:  0)
549702160  12272584 241349160  0.038  0.038   91.433   89.725    0    0  (Gen:  0)
538889040  12271928 239362880  0.034  0.034   92.061   90.293    0    0  (Gen:  0)
552260440  12274520 241471696  0.038  0.038   92.667   90.913    0    0  (Gen:  0)
538995768  12271928 239583600  0.033  0.033   93.296   91.480    0    0  (Gen:  0)
550968216  12275056 241756008  0.038  0.038   93.905   92.104    0    0  (Gen:  0)
535168712  12271992 239534064  0.033  0.033   94.532   92.671    0    0  (Gen:  0)
549440856  12271992 242185712  0.039  0.039   95.137   93.287    0    0  (Gen:  0)
167306904 188080448 222991680  0.278  0.279   95.618   94.470    0    0  (Gen:  1)
   104440  11333824  18364904  0.016  0.034   95.634   94.587    0    0  (Gen:  1)
     1576                      0.000  0.000

  85,045,582,704 bytes allocated in the heap
   2,367,451,136 bytes copied during GC
     224,574,920 bytes maximum residency (6 sample(s))
       3,461,688 bytes maximum slop
             214 MB total memory in use (0 MB lost due to fragmentation)

                                     Tot time (elapsed)  Avg pause  Max pause
  Gen  0       152 colls,     0 par    6.079s   6.176s     0.0406s    0.2165s
  Gen  1         6 colls,     0 par    1.001s   1.113s     0.1855s    0.3875s

  TASKS: 21 (1 bound, 20 peak workers (20 total), using -N4)

  SPARKS: 0 (0 converted, 0 overflowed, 0 dud, 0 GC'd, 0 fizzled)

  INIT    time    0.001s  (  0.006s elapsed)
  MUT     time   88.553s  ( 87.292s elapsed)
  GC      time    7.080s  (  7.289s elapsed)
  EXIT    time    0.000s  (  0.004s elapsed)
  Total   time   95.635s  ( 94.592s elapsed)

  Alloc rate    960,395,280 bytes per MUT second

  Productivity  92.6% of total user, 92.3% of total elapsed

