bench-hist/v0.2.0/ghcide --lsp --cwd bench/example/Cabal-3.0.0.0 +RTS -I0 -qg -A128M -SgetDefinition.benchmark-gcStats -I0.5 
    Alloc    Copied     Live     GC     GC      TOT      TOT  Page Flts
    bytes     bytes     bytes   user   elap     user     elap
532631528      2152  19708576  0.051  0.057    0.443    5.760    0    0  (Gen:  0)
532766024      3832  22434144  0.055  0.067    0.691    6.047    0    0  (Gen:  1)
552298600      4312  30354696  0.029  0.034    1.099    6.688    0    0  (Gen:  0)
544713960      6696  35647088  0.052  0.057    1.483    7.550    0    0  (Gen:  1)
539033752      5072  42307960  0.022  0.023    1.828    8.051    0    0  (Gen:  0)
528324120  13399528  50093584  0.026  0.027    2.737    8.571    0    0  (Gen:  0)
549961800  13403440 132283104  0.164  0.184    3.616    9.080    0    0  (Gen:  0)
524387120  13415232 167782120  0.193  0.219    4.185    9.425    0    0  (Gen:  0)
529162504  13402400 182094472  0.279  0.310    4.886    9.868    0    0  (Gen:  1)
542020160  13422192 221216472  0.116  0.117    5.621   10.161    0    0  (Gen:  0)
547241888  13406320 233852192  0.081  0.082    6.272   10.395    0    0  (Gen:  0)
538675704  13402352 248531048  0.076  0.077    6.917   10.621    0    0  (Gen:  0)
540849568  13405072 258805072  0.077  0.077    7.550   10.846    0    0  (Gen:  0)
552323216  13401616 255285224  0.040  0.040    8.148   11.054    0    0  (Gen:  0)
522038640  37240840 280236600  0.089  0.089    8.644   11.551    0    0  (Gen:  0)
542088632  37291104 277208400  0.053  0.058    9.214   11.901    0    0  (Gen:  0)
541696768  37238536 287455224  0.070  0.070    9.899   12.141    0    0  (Gen:  0)
533659064  38705704 302723400  0.091  0.092   10.514   12.369    0    0  (Gen:  0)
530661536  38704000 320850328  0.098  0.103   11.129   12.605    0    0  (Gen:  0)
537216432  20670448 310255768  0.049  0.053   11.738   12.810    0    0  (Gen:  0)
535540184  16521984 308337864  0.037  0.037   12.257   13.130    0    0  (Gen:  0)
535220504  16522744 317134584  0.046  0.046   12.711   13.491    0    0  (Gen:  0)
578637824  35404896 340440608  0.083  0.093   13.377   14.079    0    0  (Gen:  0)
538696376  35403312 230060344  0.339  0.386   14.044   14.772    0    0  (Gen:  1)
520588544  35401264 232280256  0.014  0.014   14.216   14.943    0    0  (Gen:  0)
540847152  35401984 235638104  0.010  0.010   14.468   15.229    0    0  (Gen:  0)
577060656  35401464 237935840  0.010  0.010   15.208   15.948    0    0  (Gen:  0)
581002128   2396592 237560704  0.009  0.009   15.947   16.668    0    0  (Gen:  0)
578095680   2361136 237532392  0.008  0.008   16.681   17.374    0    0  (Gen:  0)
575970256   2361168 237871888  0.009  0.009   17.413   18.077    0    0  (Gen:  0)
576908440   2361280 237276336  0.008  0.008   18.145   18.784    0    0  (Gen:  0)
570695144   2361296 237393112  0.008  0.008   18.864   19.477    0    0  (Gen:  0)
577339528   2361312 237503064  0.008  0.008   19.597   20.178    0    0  (Gen:  0)
578307968   2361384 237057256  0.008  0.008   20.338   20.892    0    0  (Gen:  0)
573668016   2361448 238019200  0.009  0.009   21.059   21.582    0    0  (Gen:  0)
573137472   2361616 238956552  0.011  0.011   21.764   22.285    0    0  (Gen:  0)
576817280   2361640 238424904  0.010  0.010   22.479   22.988    0    0  (Gen:  0)
574748352   2361656 237913480  0.009  0.009   23.220   23.704    0    0  (Gen:  0)
575557960   2361752 238524528  0.009  0.009   23.967   24.424    0    0  (Gen:  0)
576184624   2375896 237816144  0.009  0.009   24.708   25.136    0    0  (Gen:  0)
577702216   2375960 237816664  0.009  0.009   25.445   25.843    0    0  (Gen:  0)
580936800   2376048 237659280  0.009  0.009   26.186   26.552    0    0  (Gen:  0)
576516088   2376112 237941024  0.009  0.009   26.922   27.257    0    0  (Gen:  0)
576973728   2713768 238406648  0.009  0.009   27.655   27.960    0    0  (Gen:  0)
574405304   2644136 238213104  0.009  0.009   28.385   28.659    0    0  (Gen:  0)
577009680   2644192 237385936  0.008  0.008   29.125   29.369    0    0  (Gen:  0)
580205120   2734256 238254536  0.009  0.009   29.860   30.074    0    0  (Gen:  0)
580500632   2781176 238616784  0.010  0.010   30.587   30.792    0    0  (Gen:  0)
579599192   2781208 239016016  0.012  0.012   31.310   31.509    0    0  (Gen:  0)
577169240   2781216 238363368  0.009  0.010   32.043   32.222    0    0  (Gen:  0)
579500112   2463184 238226096  0.010  0.010   32.792   32.945    0    0  (Gen:  0)
580210416   2463200 238485120  0.009  0.009   33.543   33.672    0    0  (Gen:  0)
578650456   2463264 238245160  0.009  0.009   34.293   34.395    0    0  (Gen:  0)
574276288   2463264 238059256  0.009  0.009   35.030   35.102    0    0  (Gen:  0)
570646136   2305952 237935080  0.009  0.009   35.766   35.805    0    0  (Gen:  0)
571364896   2305960 237945208  0.009  0.009   36.495   36.502    0    0  (Gen:  0)
576520392   2306072 237877704  0.009  0.009   37.235   37.211    0    0  (Gen:  0)
579006784   2306152 238302728  0.009  0.009   37.978   37.921    0    0  (Gen:  0)
575618488   2306240 238328072  0.009  0.009   38.713   38.625    0    0  (Gen:  0)
576232984   2306344 238927672  0.010  0.010   39.430   39.334    0    0  (Gen:  0)
577691936   2306432 238865392  0.010  0.010   40.155   40.048    0    0  (Gen:  0)
573412056   2306496 239226688  0.010  0.010   40.888   40.759    0    0  (Gen:  0)
576515760   2567208 239101488  0.010  0.010   41.638   41.482    0    0  (Gen:  0)
577457872   2567232 238597240  0.009  0.009   42.389   42.210    0    0  (Gen:  0)
576767896   2567288 238462144  0.009  0.009   43.131   42.921    0    0  (Gen:  0)
577249568   2567312 238371808  0.009  0.009   43.875   43.634    0    0  (Gen:  0)
574859680   2536944 238957752  0.010  0.010   44.613   44.340    0    0  (Gen:  0)
574925928   2537024 238924016  0.009  0.009   45.348   45.047    0    0  (Gen:  0)
571997288   2537096 238478208  0.009  0.009   46.087   45.752    0    0  (Gen:  0)
574701592   2537112 238149064  0.009  0.009   46.828   46.461    0    0  (Gen:  0)
575107656   2812504 239405024  0.011  0.011   47.548   47.172    0    0  (Gen:  0)
577567536   2812576 239667736  0.011  0.011   48.270   47.883    0    0  (Gen:  0)
574702000   2812584 239125968  0.010  0.010   49.005   48.597    0    0  (Gen:  0)
574531240   2669752 239702952  0.010  0.010   49.757   49.321    0    0  (Gen:  0)
579287808   2386128 239040224  0.009  0.009   50.513   50.050    0    0  (Gen:  0)
578681896   2386192 239458272  0.010  0.010   51.261   50.769    0    0  (Gen:  0)
578434752   2386248 238934304  0.009  0.009   52.011   51.487    0    0  (Gen:  0)
575495280   2386288 238865072  0.009  0.009   52.753   52.200    0    0  (Gen:  0)
575873720   2386336 238867760  0.009  0.009   53.495   52.911    0    0  (Gen:  0)
572165760   2386384 238823400  0.009  0.009   54.258   53.830    0    0  (Gen:  0)
571662192   2461152 238871104  0.009  0.009   54.998   54.538    0    0  (Gen:  0)
578083856   2461240 239439944  0.010  0.010   55.738   55.244    0    0  (Gen:  0)
577199048   2461256 239813464  0.011  0.011   56.461   55.961    0    0  (Gen:  0)
578594808   2461328 239418304  0.010  0.010   57.192   56.681    0    0  (Gen:  0)
573183480   2461392 239443944  0.010  0.010   57.929   57.399    0    0  (Gen:  0)
577161152   2461440 239425728  0.009  0.010   58.682   58.126    0    0  (Gen:  0)
577679472   2461504 239345080  0.009  0.009   59.436   58.854    0    0  (Gen:  0)
573005560   2576832 239913568  0.010  0.010   60.174   59.559    0    0  (Gen:  0)
580386760   2576864 239132960  0.009  0.009   60.923   60.277    0    0  (Gen:  0)
577817936   2450152 239489352  0.009  0.009   61.668   60.990    0    0  (Gen:  0)
577466992   2450232 239722768  0.010  0.010   62.410   61.698    0    0  (Gen:  0)
579406976   2476248 239061408  0.009  0.009   63.158   62.416    0    0  (Gen:  0)
577167904   2629504 239529464  0.009  0.009   63.909   63.131    0    0  (Gen:  0)
576377304 195880944 231010240  0.283  0.284   64.927   64.832    0    0  (Gen:  1)
   104232  11340904  18274280  0.016  0.037   64.943   64.971    0    0  (Gen:  1)
     1368                      0.000  0.000

  53,212,546,320 bytes allocated in the heap
     911,300,504 bytes copied during GC
     231,010,240 bytes maximum residency (6 sample(s))
       3,567,304 bytes maximum slop
             220 MB total memory in use (0 MB lost due to fragmentation)

                                     Tot time (elapsed)  Avg pause  Max pause
  Gen  0        89 colls,     0 par    2.142s   2.231s     0.0251s    0.2194s
  Gen  1         6 colls,     0 par    1.025s   1.141s     0.1901s    0.3859s

  TASKS: 22 (1 bound, 21 peak workers (21 total), using -N4)

  SPARKS: 0 (0 converted, 0 overflowed, 0 dud, 0 GC'd, 0 fizzled)

  INIT    time    0.001s  (  0.006s elapsed)
  MUT     time   61.774s  ( 61.594s elapsed)
  GC      time    3.167s  (  3.371s elapsed)
  EXIT    time    0.000s  (  0.010s elapsed)
  Total   time   64.944s  ( 64.982s elapsed)

  Alloc rate    861,400,205 bytes per MUT second

  Productivity  95.1% of total user, 94.8% of total elapsed

