bench-hist/v0.2.0/ghcide --lsp --cwd bench/example/Cabal-3.0.0.0 +RTS -I0 -qg -A128M -Shover.benchmark-gcStats -I0.5 
    Alloc    Copied     Live     GC     GC      TOT      TOT  Page Flts
    bytes     bytes     bytes   user   elap     user     elap
529237360  18315264  19582360  0.052  0.058    0.443    5.835    0    0  (Gen:  0)
531148008  18316880  22311832  0.056  0.067    0.689    6.121    0    0  (Gen:  1)
552249008  18030808  30317160  0.030  0.035    1.098    6.765    0    0  (Gen:  0)
549331880  18033192  35701920  0.053  0.057    1.485    7.652    0    0  (Gen:  1)
541748312  18031552  42362712  0.022  0.022    1.832    8.157    0    0  (Gen:  0)
525469584  13808992  50525632  0.028  0.028    2.739    8.676    0    0  (Gen:  0)
553354608  13812952 134854536  0.167  0.189    3.632    9.222    0    0  (Gen:  0)
527965568  13825944 167963504  0.191  0.216    4.196    9.568    0    0  (Gen:  0)
526077768 149222080 177772560  0.259  0.286    4.852    9.979    0    0  (Gen:  1)
541648384 149231152 222816128  0.123  0.124    5.592   10.288    0    0  (Gen:  0)
549882560 149235776 226308104  0.071  0.071    6.257   10.525    0    0  (Gen:  0)
537728632 149223424 247282440  0.075  0.075    6.869   10.767    0    0  (Gen:  0)
536240592 149221432 244072496  0.059  0.059    7.496   10.984    0    0  (Gen:  0)
549692232  24585128 247462384  0.050  0.050    8.048   11.207    0    0  (Gen:  0)
523033176  40678368 269456744  0.090  0.090    8.550   11.705    0    0  (Gen:  0)
539615192  40675640 265616672  0.049  0.049    9.137   12.047    0    0  (Gen:  0)
542963000  40729448 280045744  0.080  0.085    9.774   12.278    0    0  (Gen:  0)
538471120  40676112 293075872  0.076  0.078   10.417   12.511    0    0  (Gen:  0)
531897656  41747152 305235408  0.100  0.106   11.080   12.766    0    0  (Gen:  0)
530160768  41745616 305128648  0.054  0.054   11.587   12.997    0    0  (Gen:  0)
531314040  41744504 299389248  0.037  0.037   12.080   13.326    0    0  (Gen:  0)
529798464  22413320 308025264  0.045  0.045   12.533   13.687    0    0  (Gen:  0)
584567208  22412224 331450856  0.082  0.094   13.204   14.283    0    0  (Gen:  0)
536507840  22412648 335913136  0.037  0.038   13.561   14.617    0    0  (Gen:  0)
520534480  22411920 236233240  0.347  0.391   14.073   15.173    0    0  (Gen:  1)
538139856  22412632 239503800  0.010  0.010   14.323   15.458    0    0  (Gen:  0)
578116272  22412104 241300352  0.010  0.010   15.063   16.174    0    0  (Gen:  0)
576669160  22412120 241266168  0.009  0.009   15.803   16.888    0    0  (Gen:  0)
578866856  22412104 241234936  0.008  0.008   16.541   17.595    0    0  (Gen:  0)
572818552  22412136 241080032  0.008  0.008   17.268   18.291    0    0  (Gen:  0)
578013304   2319528 241035232  0.008  0.008   18.005   18.996    0    0  (Gen:  0)
575899936   2508496 241121208  0.009  0.009   18.737   19.696    0    0  (Gen:  0)
577809336   2508576 241004312  0.008  0.009   19.474   20.400    0    0  (Gen:  0)
574362944   2508624 240829320  0.008  0.008   20.206   21.098    0    0  (Gen:  0)
573623120   2798112 242025760  0.010  0.010   20.911   21.792    0    0  (Gen:  0)
575734064   2798160 241670352  0.009  0.009   21.631   22.499    0    0  (Gen:  0)
578371672   2507920 241762808  0.009  0.009   22.362   23.209    0    0  (Gen:  0)
575741096   2508000 241718928  0.009  0.009   23.111   23.931    0    0  (Gen:  0)
579513976   2508080 241641520  0.009  0.009   23.861   24.655    0    0  (Gen:  0)
574027600   2508088 241622696  0.009  0.009   24.595   25.357    0    0  (Gen:  0)
569217360   2339800 241441656  0.009  0.009   25.324   26.051    0    0  (Gen:  0)
576604480   2339824 241484544  0.009  0.009   26.061   26.758    0    0  (Gen:  0)
572418368   2339848 241322360  0.009  0.009   26.795   27.459    0    0  (Gen:  0)
577340184   2339880 241215704  0.008  0.008   27.532   28.162    0    0  (Gen:  0)
577263784   2339888 242417408  0.010  0.010   28.256   28.871    0    0  (Gen:  0)
579486472   3089392 242836408  0.011  0.011   28.974   29.580    0    0  (Gen:  0)
574278344   3089400 242109952  0.010  0.010   29.704   30.295    0    0  (Gen:  0)
576157936   3089416 242007232  0.009  0.009   30.458   31.021    0    0  (Gen:  0)
573534664   2369856 241971992  0.009  0.009   31.201   31.738    0    0  (Gen:  0)
573094432   2369848 241842896  0.009  0.009   31.936   32.442    0    0  (Gen:  0)
571077880   2369872 241692808  0.009  0.009   32.674   33.143    0    0  (Gen:  0)
575187160   2369904 241754776  0.009  0.009   33.409   33.845    0    0  (Gen:  0)
578902856   2369944 241578408  0.009  0.009   34.153   34.556    0    0  (Gen:  0)
573976184   2369488 241399656  0.008  0.008   34.889   35.256    0    0  (Gen:  0)
577146416   2369640 242544352  0.010  0.010   35.610   35.961    0    0  (Gen:  0)
579399440   3280824 243325256  0.012  0.012   36.328   36.672    0    0  (Gen:  0)
578269144   3280976 242515040  0.010  0.010   37.076   37.614    0    0  (Gen:  0)
573295160   2441544 242340744  0.010  0.010   37.829   38.338    0    0  (Gen:  0)
578525712   2386072 242246248  0.009  0.009   38.585   39.067    0    0  (Gen:  0)
573619296   2386152 242231120  0.009  0.009   39.327   39.778    0    0  (Gen:  0)
580439296   2386152 242095824  0.009  0.009   40.075   40.493    0    0  (Gen:  0)
575787104   2386184 241996336  0.009  0.009   40.815   41.200    0    0  (Gen:  0)
575470800   2508664 242098768  0.009  0.009   41.555   41.906    0    0  (Gen:  0)
576640768   2417808 241866616  0.009  0.009   42.301   42.618    0    0  (Gen:  0)
573400128   2417848 242696336  0.010  0.010   43.038   43.319    0    0  (Gen:  0)
578047696   2417912 243002176  0.011  0.011   43.760   44.032    0    0  (Gen:  0)
576722464   2417944 242761712  0.009  0.009   44.486   44.750    0    0  (Gen:  0)
576669888   2417976 242606000  0.010  0.010   45.233   45.472    0    0  (Gen:  0)
580479048   2418096 242562960  0.010  0.010   45.993   46.203    0    0  (Gen:  0)
576853464   2382864 242557736  0.009  0.009   46.751   46.932    0    0  (Gen:  0)
578344384   2382880 242543896  0.009  0.009   47.496   47.643    0    0  (Gen:  0)
572813856   2383000 242338136  0.009  0.009   48.239   48.350    0    0  (Gen:  0)
573990952   2398312 242371120  0.009  0.009   48.982   49.062    0    0  (Gen:  0)
572298680   2398344 242300192  0.009  0.009   49.722   49.767    0    0  (Gen:  0)
570251952   2398392 242055768  0.009  0.009   50.461   50.469    0    0  (Gen:  0)
580236304   2398424 243146736  0.010  0.010   51.195   51.182    0    0  (Gen:  0)
580100800   3084352 243715696  0.012  0.012   51.919   51.895    0    0  (Gen:  0)
578987520   3084408 243120160  0.010  0.010   52.653   52.613    0    0  (Gen:  0)
579155792   2467560 242904104  0.010  0.010   53.413   53.344    0    0  (Gen:  0)
576485816   2467600 242838600  0.009  0.009   54.169   54.071    0    0  (Gen:  0)
573817816   2363552 242772592  0.009  0.009   54.917   54.786    0    0  (Gen:  0)
571779200   2363592 242644648  0.009  0.009   55.658   55.493    0    0  (Gen:  0)
577829640   2363656 242556592  0.009  0.009   56.406   56.207    0    0  (Gen:  0)
578554152   2363672 242623992  0.009  0.009   57.153   56.921    0    0  (Gen:  0)
573322496   2363808 242463504  0.009  0.009   57.892   57.622    0    0  (Gen:  0)
579418440   2363904 242293216  0.009  0.009   58.639   58.333    0    0  (Gen:  0)
573283976   2363992 243456728  0.011  0.011   59.353   59.037    0    0  (Gen:  0)
573146928   2364008 243453624  0.010  0.010   60.066   59.742    0    0  (Gen:  0)
577213280   2471736 243137160  0.009  0.009   60.820   60.469    0    0  (Gen:  0)
575509336   2471744 243158608  0.009  0.009   61.579   61.200    0    0  (Gen:  0)
573727288   2471808 243042216  0.009  0.009   62.330   61.919    0    0  (Gen:  0)
575045512   2471816 242934752  0.009  0.009   63.077   62.633    0    0  (Gen:  0)
575526624   2471968 242832624  0.009  0.009   63.823   63.345    0    0  (Gen:  0)
572332568   2471984 242865160  0.009  0.009   64.562   64.047    0    0  (Gen:  0)
160513848 199863872 235104984  0.289  0.290   65.058   65.250    0    0  (Gen:  1)
   104368  11341008  18398200  0.015  0.035   65.074   65.368    0    0  (Gen:  1)
     1584                      0.000  0.000

  53,321,444,224 bytes allocated in the heap
   1,763,988,616 bytes copied during GC
     236,233,240 bytes maximum residency (6 sample(s))
       3,548,456 bytes maximum slop
             225 MB total memory in use (0 MB lost due to fragmentation)

                                     Tot time (elapsed)  Avg pause  Max pause
  Gen  0        90 colls,     0 par    2.160s   2.247s     0.0250s    0.2159s
  Gen  1         6 colls,     0 par    1.018s   1.126s     0.1877s    0.3910s

  TASKS: 22 (1 bound, 21 peak workers (21 total), using -N4)

  SPARKS: 0 (0 converted, 0 overflowed, 0 dud, 0 GC'd, 0 fizzled)

  INIT    time    0.001s  (  0.006s elapsed)
  MUT     time   61.894s  ( 61.989s elapsed)
  GC      time    3.178s  (  3.373s elapsed)
  EXIT    time    0.000s  (  0.012s elapsed)
  Total   time   65.074s  ( 65.380s elapsed)

  Alloc rate    861,489,326 bytes per MUT second

  Productivity  95.1% of total user, 94.8% of total elapsed

