bench-hist/v0.2.0/ghcide --lsp --cwd bench/example/Cabal-3.0.0.0 +RTS -I0 -qg -A128M -Shover_after_edit.benchmark-gcStats -I0.5 
    Alloc    Copied     Live     GC     GC      TOT      TOT  Page Flts
    bytes     bytes     bytes   user   elap     user     elap
531429904  18378584  19673704  0.050  0.057    0.444    5.791    0    0  (Gen:  0)
527670056  18380200  22251952  0.057  0.069    0.688    6.073    0    0  (Gen:  1)
550556240  17942752  30238440  0.030  0.036    1.099    6.722    0    0  (Gen:  0)
546992768  17945192  35610760  0.052  0.057    1.486    7.594    0    0  (Gen:  1)
540009632   9227232  42292992  0.022  0.022    1.832    8.097    0    0  (Gen:  0)
524974808   9225688  50365120  0.028  0.028    2.753    8.628    0    0  (Gen:  0)
542660096   9229584 130367216  0.159  0.179    3.607    9.128    0    0  (Gen:  0)
526954776  91213760 167464112  0.195  0.221    4.164    9.474    0    0  (Gen:  0)
525474272  91197568 188404608  0.291  0.325    4.859    9.920    0    0  (Gen:  1)
541677896  56510104 224885792  0.108  0.109    5.579   10.210    0    0  (Gen:  0)
552989568  56485808 234733160  0.071  0.071    6.255   10.451    0    0  (Gen:  0)
540640456  56466536 254365456  0.081  0.082    6.861   10.707    0    0  (Gen:  0)
535098552  56465296 255494240  0.074  0.074    7.490   10.939    0    0  (Gen:  0)
550560952  56464168 250208952  0.038  0.039    8.032   11.187    0    0  (Gen:  0)
522299968  56467192 275112528  0.088  0.088    8.529   11.685    0    0  (Gen:  0)
540246464  56517608 278116504  0.067  0.067    9.149   12.056    0    0  (Gen:  0)
544178640  26266216 281250992  0.061  0.064    9.771   12.266    0    0  (Gen:  0)
533269152  26266288 297112632  0.084  0.086   10.365   12.485    0    0  (Gen:  0)
536341112  26265800 296713672  0.064  0.067   11.027   12.716    0    0  (Gen:  0)
531131096  26268400 302367752  0.053  0.054   11.522   12.967    0    0  (Gen:  0)
532762888  26265848 298191360  0.038  0.038   12.035   13.300    0    0  (Gen:  0)
532478432  26266176 306229024  0.045  0.045   12.492   13.661    0    0  (Gen:  0)
568616096  35952920 330580160  0.084  0.095   13.129   14.204    0    0  (Gen:  0)
544591296  35957024 334205392  0.047  0.047   13.616   14.679    0    0  (Gen:  0)
520642680  35953504 336225336  0.027  0.028   13.807   14.870    0    0  (Gen:  0)
520532520  35953104 241444144  0.355  0.402   14.302   15.413    0    0  (Gen:  1)
544132856  16646160 256857064  0.040  0.040   14.787   15.884    0    0  (Gen:  0)
520684768  17463448 258599144  0.028  0.028   14.976   16.073    0    0  (Gen:  0)
520526112   5002760 261749920  0.009  0.009   15.128   16.226    0    0  (Gen:  0)
540484112   5003592 276921424  0.040  0.040   15.613   16.697    0    0  (Gen:  0)
520687456   5003080 278452312  0.026  0.026   15.796   16.881    0    0  (Gen:  0)
520544976   5002872 281924192  0.009  0.009   15.954   17.039    0    0  (Gen:  0)
541559992   5003680 297170848  0.039  0.039   16.423   17.496    0    0  (Gen:  0)
520856880   5007304 298382880  0.028  0.028   16.617   17.690    0    0  (Gen:  0)
520499464   5002928 301025152  0.009  0.009   16.775   17.848    0    0  (Gen:  0)
550674744   5003728 311932344  0.027  0.027   17.193   18.254    0    0  (Gen:  0)
525926728  16502936 317975192  0.030  0.030   17.429   18.488    0    0  (Gen:  0)
520509960   8849848 320423776  0.016  0.016   17.597   18.657    0    0  (Gen:  0)
548676944   8850648 325323280  0.015  0.015   17.942   19.013    0    0  (Gen:  0)
521899048   8850016 337783448  0.034  0.034   18.239   19.285    0    0  (Gen:  0)
520388552   8849888 340352080  0.025  0.026   18.423   19.469    0    0  (Gen:  0)
544122728   8850696 344406464  0.013  0.013   18.709   19.785    0    0  (Gen:  0)
521463632   8850016 357479856  0.034  0.034   19.054   20.088    0    0  (Gen:  0)
520398808   8849928 359383800  0.024  0.024   19.241   20.275    0    0  (Gen:  0)
535921144   8850736 363600328  0.013  0.013   19.473   20.522    0    0  (Gen:  0)
531590008   8850136 377262840  0.035  0.035   19.869   20.889    0    0  (Gen:  0)
520569760   8850008 379210768  0.025  0.026   20.055   21.075    0    0  (Gen:  0)
531475032   4598224 382114912  0.010  0.010   20.236   21.252    0    0  (Gen:  0)
537069464   4597656 397267000  0.037  0.037   20.684   21.692    0    0  (Gen:  0)
520537528   4597712 399264384  0.025  0.025   20.870   21.878    0    0  (Gen:  0)
526976104   4598288 401750992  0.009  0.009   21.032   22.035    0    0  (Gen:  0)
541413320   4601992 417251472  0.039  0.039   21.506   22.500    0    0  (Gen:  0)
520684120   4597720 419079984  0.025  0.025   21.693   22.687    0    0  (Gen:  0)
520526296   4597512 421966416  0.008  0.008   21.843   22.838    0    0  (Gen:  0)
541671000   4598336 437165344  0.040  0.040   22.329   23.310    0    0  (Gen:  0)
520702080   4597776 439029360  0.027  0.027   22.515   23.496    0    0  (Gen:  0)
520492232   4597568 442122760  0.009  0.009   22.669   23.650    0    0  (Gen:  0)
540105056  16605440 457278776  0.040  0.040   23.153   24.120    0    0  (Gen:  0)
523445344  16604864 458891232  0.026  0.026   23.340   24.308    0    0  (Gen:  0)
520552608  16604656 462197488  0.009  0.009   23.497   24.464    0    0  (Gen:  0)
542082040  16605480 477297120  0.040  0.040   23.978   24.931    0    0  (Gen:  0)
522915464  17156344 478828736  0.026  0.026   24.163   25.116    0    0  (Gen:  0)
520494376 217671912 253407072  0.368  0.415   24.683   25.683    0    0  (Gen:  1)
548129360 217672712 265510984  0.034  0.034   25.155   26.137    0    0  (Gen:  0)
524611072 217672584 270315512  0.031  0.032   25.377   26.357    0    0  (Gen:  0)
520454112 217671968 272661496  0.017  0.017   25.550   26.532    0    0  (Gen:  0)
547932856 217672776 277818816  0.016  0.016   25.931   26.907    0    0  (Gen:  0)
523626648  16532432 289917312  0.035  0.035   26.200   27.168    0    0  (Gen:  0)
520418016  15224656 292542736  0.025  0.025   26.385   27.354    0    0  (Gen:  0)
546155800  15225472 296436456  0.014  0.014   26.680   27.677    0    0  (Gen:  0)
525174920  15224824 309534088  0.035  0.036   27.028   27.982    0    0  (Gen:  0)
520418864  15224768 312171520  0.026  0.026   27.218   28.173    0    0  (Gen:  0)
538581520  15225544 316070720  0.014  0.014   27.475   28.452    0    0  (Gen:  0)
529110776  15224960 329311248  0.036  0.036   27.853   28.797    0    0  (Gen:  0)
520604664  15224904 331379600  0.024  0.025   28.039   28.983    0    0  (Gen:  0)
535719144  15225608 334698600  0.011  0.011   28.242   29.189    0    0  (Gen:  0)
533484016  15225056 349143824  0.037  0.037   28.676   29.607    0    0  (Gen:  0)
520553184  15225104 351204880  0.024  0.025   28.860   29.792    0    0  (Gen:  0)
522481240  15225680 354760400  0.011  0.011   29.025   29.949    0    0  (Gen:  0)
540366872  15229464 369141160  0.039  0.039   29.501   30.418    0    0  (Gen:  0)
522182032  15225144 371094976  0.025  0.025   29.690   30.607    0    0  (Gen:  0)
520550080  15224952 373918872  0.008  0.008   29.842   30.760    0    0  (Gen:  0)
540262392  15225760 389138888  0.040  0.040   30.330   31.233    0    0  (Gen:  0)
525252544  17362632 391079496  0.027  0.027   30.518   31.421    0    0  (Gen:  0)
520508136   4908840 393991760  0.008  0.008   30.672   31.576    0    0  (Gen:  0)
540503280   4909656 409239984  0.040  0.041   31.161   32.050    0    0  (Gen:  0)
520628928   4909088 410945176  0.026  0.026   31.346   32.236    0    0  (Gen:  0)
520555128   4908880 414241512  0.009  0.009   31.503   32.393    0    0  (Gen:  0)
540202104   4909712 429257728  0.041  0.041   31.986   32.863    0    0  (Gen:  0)
520669400  17218760 430891304  0.026  0.026   32.174   33.052    0    0  (Gen:  0)
520518888   4703744 433919632  0.009  0.009   32.334   33.211    0    0  (Gen:  0)
542027912   4704544 446454856  0.036  0.036   32.783   33.649    0    0  (Gen:  0)
524988656  16833608 450662712  0.030  0.030   32.995   33.860    0    0  (Gen:  0)
520458776   8715992 452898008  0.016  0.016   33.167   34.033    0    0  (Gen:  0)
547148360   8716792 459813496  0.019  0.019   33.563   34.417    0    0  (Gen:  0)
520832160   8720728 470096520  0.033  0.033   33.817   34.670    0    0  (Gen:  0)
520438128   8716032 472633536  0.021  0.021   33.999   34.853    0    0  (Gen:  0)
546880280   8716840 476759152  0.014  0.014   34.293   35.175    0    0  (Gen:  0)
521736760   8716176 489812600  0.036  0.036   34.640   35.479    0    0  (Gen:  0)
520416008   8716120 492540016  0.025  0.025   34.827   35.667    0    0  (Gen:  0)
543819008   5596056 496515128  0.014  0.014   35.097   35.961    0    0  (Gen:  0)
527143144  16373056 509762040  0.036  0.036   35.470   36.296    0    0  (Gen:  0)
520619904  15378568 511705432  0.024  0.025   35.658   36.484    0    0  (Gen:  0)
536305912  15378552 240461464  0.319  0.329   36.175   37.017    0    0  (Gen:  1)
536573744  15377888 254806288  0.037  0.037   36.599   37.420    0    0  (Gen:  0)
520566736  15377984 256783360  0.026  0.026   36.791   37.613    0    0  (Gen:  0)
527942352  15378592 259375064  0.009  0.009   36.961   37.772    0    0  (Gen:  0)
540057952  16258192 274718520  0.039  0.039   37.441   38.247    0    0  (Gen:  0)
520543952  15957704 276676480  0.027  0.027   37.636   38.442    0    0  (Gen:  0)
526486016  15958288 277939376  0.005  0.005   37.796   38.602    0    0  (Gen:  0)
539903176  15957712 294982952  0.041  0.041   38.283   39.074    0    0  (Gen:  0)
520667040  15957848 296840616  0.029  0.029   38.474   39.266    0    0  (Gen:  0)
520525864  15957624 299820336  0.009  0.009   38.629   39.422    0    0  (Gen:  0)
542776800  16438496 314829744  0.041  0.041   39.123   39.904    0    0  (Gen:  0)
522678976  16437928 316761200  0.028  0.028   39.315   40.096    0    0  (Gen:  0)
520470272  16437720 319768968  0.009  0.009   39.473   40.254    0    0  (Gen:  0)
540697792  16438552 334919208  0.041  0.042   39.963   40.731    0    0  (Gen:  0)
520768592  17366136 336624392  0.027  0.027   40.152   40.919    0    0  (Gen:  0)
520534432   4892048 339733272  0.009  0.009   40.314   41.082    0    0  (Gen:  0)
542207632   4892864 352083736  0.035  0.035   40.782   41.537    0    0  (Gen:  0)
522258016   4892488 356380768  0.028  0.028   40.983   41.737    0    0  (Gen:  0)
520502280   4892152 358728464  0.013  0.013   41.152   41.907    0    0  (Gen:  0)
547258448  10953256 369098560  0.026  0.026   41.566   42.307    0    0  (Gen:  0)
523945344  10955016 375941488  0.032  0.032   41.812   42.553    0    0  (Gen:  0)
520493000  10952512 378345520  0.017  0.017   41.989   42.730    0    0  (Gen:  0)
548525224   5470216 382613264  0.016  0.016   42.317   43.080    0    0  (Gen:  0)
521391664   5469560 395761824  0.036  0.037   42.642   43.370    0    0  (Gen:  0)
520439848   5469464 398442296  0.026  0.026   42.828   43.556    0    0  (Gen:  0)
548468704   5438632 402417144  0.014  0.014   43.121   43.879    0    0  (Gen:  0)
522231632   5438000 415480568  0.036  0.036   43.476   44.192    0    0  (Gen:  0)
520536720  15187664 417474720  0.024  0.024   43.665   44.382    0    0  (Gen:  0)
538273248  15188472 421594896  0.013  0.013   43.900   44.630    0    0  (Gen:  0)
529471256  15187848 435573448  0.036  0.036   44.305   45.007    0    0  (Gen:  0)
520566864  15187728 437332728  0.025  0.025   44.492   45.195    0    0  (Gen:  0)
529981392  15188504 440166144  0.009  0.009   44.665   45.359    0    0  (Gen:  0)
542022000  15187944 455368672  0.037  0.037   45.138   45.826    0    0  (Gen:  0)
520518128  15187992 457354408  0.024  0.024   45.326   46.014    0    0  (Gen:  0)
524508248  15188584 459561664  0.008  0.008   45.488   46.173    0    0  (Gen:  0)
539964208  16431760 475573824  0.040  0.040   45.977   46.652    0    0  (Gen:  0)
520677776  16849272 477298224  0.026  0.026   46.165   46.840    0    0  (Gen:  0)
520582104 218364032 254284616  0.325  0.327   46.635   47.312    0    0  (Gen:  1)
540427800 218364864 269534152  0.041  0.041   47.125   47.786    0    0  (Gen:  0)
520699000 218364344 271438576  0.029  0.029   47.320   47.982    0    0  (Gen:  0)
520484592 218364136 274426752  0.009  0.009   47.481   48.143    0    0  (Gen:  0)
541636136 218364960 289647488  0.042  0.042   47.970   48.617    0    0  (Gen:  0)
520674872 218364392 291324664  0.028  0.028   48.164   48.813    0    0  (Gen:  0)
520554144 218364184 294658520  0.010  0.010   48.327   48.976    0    0  (Gen:  0)
540628048 218364992 309943952  0.041  0.041   48.808   49.444    0    0  (Gen:  0)
520612008 218368672 311156840  0.028  0.028   49.008   49.644    0    0  (Gen:  0)
520479528 218364352 313825776  0.009  0.009   49.173   49.810    0    0  (Gen:  0)
545896792 218365088 324642120  0.028  0.028   49.594   50.217    0    0  (Gen:  0)
525633056 218365248 330844456  0.032  0.032   49.838   50.460    0    0  (Gen:  0)
520523056 218364328 333249872  0.016  0.016   50.013   50.635    0    0  (Gen:  0)
547083760   5793904 337908944  0.016  0.016   50.351   50.989    0    0  (Gen:  0)
521234088   5793264 350645112  0.036  0.036   50.664   51.269    0    0  (Gen:  0)
520454920   5793184 353362912  0.026  0.026   50.853   51.458    0    0  (Gen:  0)
547723416   5794000 357329696  0.014  0.014   51.146   51.782    0    0  (Gen:  0)
524280304   5793344 370445736  0.036  0.036   51.499   52.092    0    0  (Gen:  0)
520409928   5793264 372536608  0.025  0.025   51.691   52.285    0    0  (Gen:  0)
538820744   5794056 376745160  0.014  0.014   51.935   52.545    0    0  (Gen:  0)
528048424  16199960 390371608  0.036  0.036   52.330   52.913    0    0  (Gen:  0)
520561056  15581880 392466904  0.025  0.025   52.520   53.103    0    0  (Gen:  0)
535123696  15582648 395306656  0.010  0.010   52.713   53.293    0    0  (Gen:  0)
540033984  16184768 410353328  0.037  0.038   53.164   53.732    0    0  (Gen:  0)
520560856  15633456 412217080  0.024  0.024   53.352   53.920    0    0  (Gen:  0)
527935704  15634048 415505208  0.010  0.010   53.520   54.081    0    0  (Gen:  0)
540842648  16311608 430277072  0.039  0.039   53.996   54.551    0    0  (Gen:  0)
520655544  16452192 432190480  0.025  0.025   54.186   54.741    0    0  (Gen:  0)
520543208   4926720 435179248  0.009  0.009   54.341   54.896    0    0  (Gen:  0)
540586856  16477344 450331432  0.041  0.041   54.829   55.366    0    0  (Gen:  0)
520621528  17646264 452246232  0.028  0.028   55.020   55.559    0    0  (Gen:  0)
520548584   5049328 455273600  0.009  0.009   55.178   55.718    0    0  (Gen:  0)
540393512  16457504 470323496  0.040  0.040   55.666   56.191    0    0  (Gen:  0)
525128408  16456936 472102184  0.026  0.026   55.857   56.383    0    0  (Gen:  0)
520564928  16456728 475329032  0.009  0.009   56.017   56.543    0    0  (Gen:  0)
541046336  16457560 490523904  0.041  0.041   56.503   57.015    0    0  (Gen:  0)
522035160  16457248 492070248  0.026  0.026   56.693   57.206    0    0  (Gen:  0)
520499912  16456776 495012424  0.009  0.009   56.856   57.369    0    0  (Gen:  0)
545308160  13497472 507257728  0.034  0.035   57.304   57.804    0    0  (Gen:  0)
524888072  13497304 511732480  0.030  0.030   57.526   58.026    0    0  (Gen:  0)
524489232  13495904 252673264  0.309  0.311   57.994   58.495    0    0  (Gen:  1)
547127136  13496712 259097096  0.019  0.019   58.393   58.881    0    0  (Gen:  0)
520534040  16449128 269848120  0.035  0.035   58.652   59.138    0    0  (Gen:  0)
520478088  12862800 272353456  0.023  0.023   58.840   59.326    0    0  (Gen:  0)
542732864  12863600 276555160  0.015  0.015   59.138   59.654    0    0  (Gen:  0)
521465688  12863000 289712480  0.037  0.037   59.489   59.964    0    0  (Gen:  0)
520404248  12862872 292134424  0.028  0.028   59.684   60.160    0    0  (Gen:  0)
543963176  12863672 296276464  0.015  0.015   59.952   60.451    0    0  (Gen:  0)
524642512  12863048 309665616  0.037  0.037   60.334   60.796    0    0  (Gen:  0)
520563240  12862904 311448528  0.025  0.025   60.528   60.990    0    0  (Gen:  0)
533254408   4837576 314808352  0.011  0.011   60.734   61.199    0    0  (Gen:  0)
533816504   4836984 329360368  0.038  0.038   61.174   61.621    0    0  (Gen:  0)
520554184   4837056 331417224  0.026  0.026   61.367   61.814    0    0  (Gen:  0)
527632408   4837632 335033048  0.012  0.012   61.538   61.978    0    0  (Gen:  0)
540154272   4841472 349383088  0.041  0.041   62.041   62.483    0    0  (Gen:  0)
520648600   4837072 351188952  0.028  0.029   62.246   62.690    0    0  (Gen:  0)
520601936   4836880 354037192  0.008  0.008   62.404   62.848    0    0  (Gen:  0)
545363488   4837664 369334016  0.041  0.041   62.900   63.329    0    0  (Gen:  0)
523503640   4837104 371252824  0.028  0.028   63.093   63.523    0    0  (Gen:  0)
520511664   4836896 374189304  0.009  0.009   63.258   63.689    0    0  (Gen:  0)
543117704   4837712 389281256  0.042  0.042   63.754   64.171    0    0  (Gen:  0)
520732160  17329872 390920472  0.027  0.027   63.947   64.365    0    0  (Gen:  0)
520451728   5139176 394279880  0.009  0.010   64.109   64.527    0    0  (Gen:  0)
540552776   5140008 409163640  0.041  0.041   64.601   65.004    0    0  (Gen:  0)
521435408   5139544 410757096  0.027  0.027   64.792   65.196    0    0  (Gen:  0)
520508400   5139264 413874240  0.009  0.009   64.957   65.361    0    0  (Gen:  0)
542392024   5140064 426630528  0.037  0.037   65.418   65.811    0    0  (Gen:  0)
525142464   5139792 430581856  0.030  0.030   65.631   66.024    0    0  (Gen:  0)
520475032   5139304 432818440  0.016  0.016   65.807   66.199    0    0  (Gen:  0)
547820832   5140112 441488768  0.022  0.022   66.214   66.592    0    0  (Gen:  0)
526995232   5147736 449871880  0.032  0.033   66.471   66.847    0    0  (Gen:  0)
520496712   5139424 452437976  0.018  0.018   66.652   67.028    0    0  (Gen:  0)
545607048   5140232 456868384  0.015  0.015   66.953   67.358    0    0  (Gen:  0)
525382208  16660584 469967072  0.037  0.037   67.305   67.667    0    0  (Gen:  0)
520443384  16142616 472538976  0.026  0.026   67.499   67.861    0    0  (Gen:  0)
547678960  16143416 476759736  0.015  0.015   67.789   68.179    0    0  (Gen:  0)
521776512  16142824 489662088  0.035  0.035   68.147   68.494    0    0  (Gen:  0)
520568912  16142736 491497272  0.024  0.024   68.339   68.685    0    0  (Gen:  0)
534215400  16143512 495383192  0.012  0.012   68.560   68.915    0    0  (Gen:  0)
531229592  16142936 509492936  0.037  0.037   68.981   69.312    0    0  (Gen:  0)
520548048  16142800 511447648  0.024  0.024   69.171   69.502    0    0  (Gen:  0)
525567408 204505224 239986264  0.301  0.302   69.634   69.956    0    0  (Gen:  1)
540361992  16284440 255394216  0.039  0.039   70.111   70.429    0    0  (Gen:  0)
520522024  16015232 257370952  0.027  0.027   70.309   70.628    0    0  (Gen:  0)
523031408  16015816 258552448  0.006  0.006   70.473   70.792    0    0  (Gen:  0)
542936640  16254288 275369968  0.041  0.041   70.965   71.269    0    0  (Gen:  0)
520691608  17282192 277294752  0.029  0.029   71.162   71.466    0    0  (Gen:  0)
520575256   4937168 280292976  0.009  0.009   71.323   71.627    0    0  (Gen:  0)
543449568   4937992 295479672  0.042  0.042   71.822   72.112    0    0  (Gen:  0)
520718184   4937424 297354712  0.029  0.029   72.021   72.311    0    0  (Gen:  0)
520481648   4937216 300379160  0.010  0.010   72.184   72.474    0    0  (Gen:  0)
542415424   4938040 315563992  0.042  0.043   72.683   72.958    0    0  (Gen:  0)
520689648   4937472 317173008  0.028  0.028   72.876   73.151    0    0  (Gen:  0)
520530304   4937304 320540600  0.010  0.010   73.042   73.317    0    0  (Gen:  0)
547846816   4938072 335273240  0.041  0.041   73.526   73.787    0    0  (Gen:  0)
524780840   4941136 337049776  0.028  0.028   73.729   73.990    0    0  (Gen:  0)
520487048   4937400 339732152  0.010  0.010   73.896   74.158    0    0  (Gen:  0)
541529960   4938152 350352960  0.028  0.028   74.316   74.563    0    0  (Gen:  0)
526301384   4939256 356727272  0.032  0.032   74.567   74.813    0    0  (Gen:  0)
520509632   4937424 359113072  0.017  0.017   74.744   74.991    0    0  (Gen:  0)
545228608   4938200 363976200  0.016  0.016   75.073   75.341    0    0  (Gen:  0)
521465776   4937568 376410392  0.036  0.036   75.401   75.634    0    0  (Gen:  0)
520454040   4937488 379156144  0.026  0.026   75.595   75.828    0    0  (Gen:  0)
547267912   4938296 383212264  0.014  0.014   75.890   76.152    0    0  (Gen:  0)
526747264   4937616 396413960  0.036  0.036   76.254   76.474    0    0  (Gen:  0)
520344560   4937576 398235168  0.024  0.024   76.446   76.666    0    0  (Gen:  0)
537250288   4938336 402407760  0.013  0.013   76.688   76.922    0    0  (Gen:  0)
533050416   4937720 416149208  0.037  0.037   77.094   77.301    0    0  (Gen:  0)
520568016   4937648 418213816  0.025  0.025   77.285   77.493    0    0  (Gen:  0)
526987488   4530760 420890648  0.010  0.010   77.469   77.670    0    0  (Gen:  0)
540482616   4530144 436102768  0.038  0.038   77.938   78.132    0    0  (Gen:  0)
520559088   4530216 438106240  0.026  0.026   78.132   78.326    0    0  (Gen:  0)
524904312   4104640 440479208  0.009  0.009   78.299   78.489    0    0  (Gen:  0)
541672248   4107120 456053704  0.040  0.041   78.785   78.964    0    0  (Gen:  0)
520678336   4104072 457932864  0.026  0.026   78.977   79.156    0    0  (Gen:  0)
520588640   4103896 460952704  0.009  0.009   79.150   79.546    0    0  (Gen:  0)
540309552   4104680 476088648  0.042  0.042   79.651   80.032    0    0  (Gen:  0)
520700272   4104112 477973032  0.027  0.027   79.844   80.225    0    0  (Gen:  0)
520493376   4103264 254488552  0.326  0.327   80.324   80.706    0    0  (Gen:  1)
540551424   4104096 269665528  0.042  0.042   80.817   81.185    0    0  (Gen:  0)
520719096   4103512 271326464  0.028  0.029   81.014   81.383    0    0  (Gen:  0)
520541120   4103304 274675184  0.010  0.010   81.182   81.551    0    0  (Gen:  0)
544750368  16721496 289681960  0.043  0.043   81.675   82.029    0    0  (Gen:  0)
520687096  16721528 291172640  0.028  0.028   81.873   82.227    0    0  (Gen:  0)
520493064  16720768 293946712  0.010  0.010   82.044   82.398    0    0  (Gen:  0)
544011728  16721552 304921416  0.030  0.030   82.478   82.821    0    0  (Gen:  0)
523130112  16721856 310722864  0.032  0.032   82.719   83.061    0    0  (Gen:  0)
520505800  16720792 313166768  0.016  0.016   82.899   83.241    0    0  (Gen:  0)
547559592  16721584 317999664  0.017  0.017   83.252   83.604    0    0  (Gen:  0)
521790760  16721000 330424912  0.036  0.036   83.560   83.887    0    0  (Gen:  0)
520447160  16720872 333182552  0.027  0.027   83.757   84.085    0    0  (Gen:  0)
546405512   5458408 337268552  0.014  0.014   84.056   84.414    0    0  (Gen:  0)
525470856   5457832 350331256  0.037  0.037   84.413   84.728    0    0  (Gen:  0)
520405440   5457704 352651656  0.026  0.026   84.613   84.928    0    0  (Gen:  0)
543613128   5458496 356801568  0.015  0.015   84.870   85.205    0    0  (Gen:  0)
529919944   5457888 370340440  0.037  0.037   85.268   85.568    0    0  (Gen:  0)
520561512   5457760 372289304  0.025  0.026   85.463   85.763    0    0  (Gen:  0)
533468488   5458528 375331848  0.011  0.011   85.666   85.966    0    0  (Gen:  0)
538620400   5457984 390086984  0.038  0.038   86.115   86.400    0    0  (Gen:  0)
520555992   5458032 392145928  0.026  0.026   86.309   86.594    0    0  (Gen:  0)
526772744   5458624 395661688  0.011  0.011   86.482   86.759    0    0  (Gen:  0)
540486424  16385048 410202280  0.040  0.040   86.964   87.235    0    0  (Gen:  0)
520990568  16382080 412136520  0.026  0.026   87.158   87.429    0    0  (Gen:  0)
520599712  16381872 415004656  0.009  0.009   87.317   87.589    0    0  (Gen:  0)
544199152  16480136 430176744  0.041  0.041   87.815   88.072    0    0  (Gen:  0)
520657328  17633480 432064576  0.027  0.027   88.013   88.270    0    0  (Gen:  0)
520506416   4902784 434959120  0.009  0.009   88.175   88.432    0    0  (Gen:  0)
540574848   4903592 450180544  0.041  0.041   88.670   88.911    0    0  (Gen:  0)
520664024   4903040 451915384  0.028  0.028   88.862   89.104    0    0  (Gen:  0)
520513648   4902832 455181080  0.009  0.009   89.026   89.268    0    0  (Gen:  0)
540903728   4903648 470218496  0.042  0.042   89.520   89.746    0    0  (Gen:  0)
520693456   4903152 471867192  0.026  0.026   89.710   89.937    0    0  (Gen:  0)
520516696   4902872 474863816  0.009  0.009   89.878   90.105    0    0  (Gen:  0)
540797552   4903664 486964928  0.034  0.035   90.330   90.543    0    0  (Gen:  0)
526148424   4903480 491582360  0.030  0.030   90.556   90.769    0    0  (Gen:  0)
520478744   4902912 493697184  0.015  0.015   90.734   90.947    0    0  (Gen:  0)
546843544   4903712 499196448  0.017  0.017   91.127   91.328    0    0  (Gen:  0)
520798000   4903384 510950960  0.035  0.035   91.395   91.593    0    0  (Gen:  0)
520473224   4902960 513582120  0.024  0.025   91.584   91.783    0    0  (Gen:  0)
549757984 205039960 241396856  0.309  0.313   92.183   92.414    0    0  (Gen:  1)
525748088  16513512 254456792  0.038  0.038   92.539   92.728    0    0  (Gen:  0)
520417016  16061232 257092760  0.028  0.028   92.738   92.928    0    0  (Gen:  0)
543426672   5592544 261117416  0.015  0.015   93.016   93.230    0    0  (Gen:  0)
527246736  16364640 274267256  0.037  0.037   93.398   93.573    0    0  (Gen:  0)
520605616  15266992 276093168  0.026  0.026   93.597   93.772    0    0  (Gen:  0)
533311712  15267784 279573280  0.012  0.012   93.817   93.996    0    0  (Gen:  0)
534709368  15267168 293844280  0.038  0.038   94.256   94.416    0    0  (Gen:  0)
520546720  15267216 295900400  0.027  0.027   94.455   94.617    0    0  (Gen:  0)
525070496  15267800 300055640  0.013  0.013   94.634   94.786    0    0  (Gen:  0)
540371232  15270296 314035600  0.040  0.040   95.123   95.270    0    0  (Gen:  0)
520580912  16013072 315804936  0.027  0.027   95.323   95.470    0    0  (Gen:  0)
520604232   3482544 317378344  0.007  0.007   95.482   95.629    0    0  (Gen:  0)
540340856   3482552 333905824  0.042  0.042   95.977   96.110    0    0  (Gen:  0)
523530512   3482400 335836504  0.028  0.029   96.177   96.310    0    0  (Gen:  0)
520566952   3482192 338770536  0.009  0.009   96.339   96.473    0    0  (Gen:  0)
540217520   3483016 354190944  0.043  0.043   96.841   96.960    0    0  (Gen:  0)
520722544   3482472 355836008  0.028  0.028   97.036   97.156    0    0  (Gen:  0)
520454384   3482264 359013840  0.010  0.010   97.200   97.320    0    0  (Gen:  0)
540582688  16607712 374104864  0.042  0.042   97.697   97.800    0    0  (Gen:  0)
520686560  17196320 375683480  0.028  0.028   97.892   97.995    0    0  (Gen:  0)
520522312   4783280 378794128  0.009  0.009   98.059   98.163    0    0  (Gen:  0)
548542408  14360248 391877024  0.039  0.039   98.541   98.632    0    0  (Gen:  0)
524608480  14359960 395469000  0.032  0.032   98.763   98.856    0    0  (Gen:  0)
520453848  14359480 397838816  0.014  0.014   98.942   99.037    0    0  (Gen:  0)
545773608  14360288 406840416  0.024  0.024   99.359   99.440    0    0  (Gen:  0)
522493456  16489624 414966872  0.033  0.033   99.617   99.697    0    0  (Gen:  0)
520476096  10052352 417500160  0.018  0.018   99.805   99.885    0    0  (Gen:  0)
546041232  10053160 421734792  0.015  0.015  100.114  100.223    0    0  (Gen:  0)
521421184  16514200 434712368  0.037  0.037  100.467  100.533    0    0  (Gen:  0)
520437352  16314568 437601616  0.027  0.027  100.661  100.727    0    0  (Gen:  0)
542139880  16315296 441566104  0.015  0.015  100.945  101.039    0    0  (Gen:  0)
525924600  16314672 454557056  0.036  0.036  101.320  101.372    0    0  (Gen:  0)
520574176  16314544 456524600  0.024  0.025  101.516  101.569    0    0  (Gen:  0)
535823200  16315312 460271768  0.012  0.012  101.739  101.800    0    0  (Gen:  0)
535486904  16314776 474355456  0.037  0.037  102.171  102.210    0    0  (Gen:  0)
520529352  16314832 476423760  0.024  0.025  102.364  102.404    0    0  (Gen:  0)
528683768 204533896 240190128  0.294  0.296  102.823  102.854    0    0  (Gen:  1)
539831136 204533216 255676768  0.040  0.040  103.306  103.331    0    0  (Gen:  0)
520546920 204533272 257481944  0.027  0.027  103.504  103.528    0    0  (Gen:  0)
527102288   3082360 258968480  0.006  0.006  103.671  103.694    0    0  (Gen:  0)
540175112  16365832 275659344  0.042  0.042  104.165  104.174    0    0  (Gen:  0)
520678784  16362912 277549712  0.029  0.029  104.363  104.373    0    0  (Gen:  0)
520574944  16362640 280448624  0.009  0.009  104.525  104.536    0    0  (Gen:  0)
542806144  16363464 295620088  0.043  0.043  105.028  105.023    0    0  (Gen:  0)
522803952  17497016 297356816  0.029  0.029  105.228  105.224    0    0  (Gen:  0)
520484544   4971640 300408976  0.009  0.009  105.394  105.390    0    0  (Gen:  0)
547606024   4972464 315644616  0.043  0.043  105.895  105.874    0    0  (Gen:  0)
520662216   4971928 317351048  0.028  0.028  106.091  106.072    0    0  (Gen:  0)
520531032   4971720 320636944  0.010  0.010  106.260  106.241    0    0  (Gen:  0)
546878696   4972528 336030144  0.043  0.043  106.764  106.730    0    0  (Gen:  0)
520616912  17134416 337279824  0.029  0.029  106.967  106.932    0    0  (Gen:  0)
520502360   4662408 339996296  0.009  0.009  107.136  107.102    0    0  (Gen:  0)
548867600  12003816 351085192  0.030  0.030  107.577  107.531    0    0  (Gen:  0)
523197832  12003592 356862136  0.031  0.032  107.821  107.774    0    0  (Gen:  0)
520520088  12003088 359311600  0.016  0.016  108.004  107.957    0    0  (Gen:  0)
546473096  12003888 364098904  0.017  0.017  108.361  108.324    0    0  (Gen:  0)
528037624  12003280 376608760  0.040  0.040  108.683  108.622    0    0  (Gen:  0)
520461920  12003192 379225656  0.026  0.026  108.880  108.820    0    0  (Gen:  0)
544205992   5469968 383333560  0.015  0.015  109.182  109.150    0    0  (Gen:  0)
521590120   5469320 396320288  0.038  0.038  109.548  109.478    0    0  (Gen:  0)
520381944   5469232 398632944  0.026  0.026  109.744  109.674    0    0  (Gen:  0)
540762736   5470024 402695664  0.014  0.014  110.000  109.948    0    0  (Gen:  0)
534485496   5469424 416207624  0.037  0.037  110.404  110.319    0    0  (Gen:  0)
520675392   5469272 418170672  0.025  0.025  110.598  110.513    0    0  (Gen:  0)
531591456   5470064 421326040  0.011  0.011  110.804  110.718    0    0  (Gen:  0)
535816808  16213768 436189840  0.038  0.038  111.256  111.156    0    0  (Gen:  0)
520553312  15589624 438050184  0.025  0.025  111.451  111.352    0    0  (Gen:  0)
525751544  15590208 441305240  0.010  0.010  111.624  111.518    0    0  (Gen:  0)
540414632  15594648 456063952  0.040  0.040  112.113  111.998    0    0  (Gen:  0)
521704064  16444944 457998336  0.026  0.026  112.308  112.193    0    0  (Gen:  0)
520600256   4944200 461002064  0.009  0.009  112.466  112.351    0    0  (Gen:  0)
543433640   4945032 476194880  0.042  0.042  112.967  112.837    0    0  (Gen:  0)
520680496   4944472 478100504  0.028  0.028  113.163  113.033    0    0  (Gen:  0)
520504000   4943600 254575520  0.330  0.330  113.646  113.517    0    0  (Gen:  1)
544047656   4944424 269741968  0.043  0.043  114.149  114.006    0    0  (Gen:  0)
524299416   4943872 271512232  0.029  0.029  114.349  114.205    0    0  (Gen:  0)
520565744   4943664 274778896  0.010  0.010  114.516  114.374    0    0  (Gen:  0)
543875440  16602888 289809544  0.043  0.043  115.015  114.856    0    0  (Gen:  0)
520666568  16602392 291444952  0.028  0.028  115.212  115.054    0    0  (Gen:  0)
520517944  16602104 294473000  0.010  0.010  115.383  115.225    0    0  (Gen:  0)
545248704  16602928 307137376  0.038  0.038  115.850  115.677    0    0  (Gen:  0)
525568880  16602784 311157320  0.032  0.032  116.071  115.898    0    0  (Gen:  0)
520472904  16602248 313388760  0.017  0.017  116.252  116.078    0    0  (Gen:  0)
549152320  16603056 322217296  0.024  0.024  116.669  116.480    0    0  (Gen:  0)
527420984  16443448 330504432  0.035  0.035  116.933  116.743    0    0  (Gen:  0)
520486864  10441912 333053008  0.019  0.019  117.118  116.928    0    0  (Gen:  0)
543974448  10442720 337307656  0.015  0.015  117.428  117.267    0    0  (Gen:  0)
524435448  16631800 350404488  0.038  0.038  117.788  117.584    0    0  (Gen:  0)
520425016  16264888 353128656  0.027  0.027  117.987  117.785    0    0  (Gen:  0)
545814608  16265688 357271344  0.016  0.016  118.280  118.106    0    0  (Gen:  0)
521932824  16265104 370220496  0.037  0.037  118.650  118.432    0    0  (Gen:  0)
520569208  16265008 372186680  0.026  0.026  118.849  118.632    0    0  (Gen:  0)
541523616  16265808 375965872  0.013  0.013  119.081  118.873    0    0  (Gen:  0)
532697864  16265240 390010232  0.037  0.037  119.506  119.274    0    0  (Gen:  0)
520558776  16265168 391967912  0.025  0.025  119.699  119.468    0    0  (Gen:  0)
525903232   4372856 394645016  0.010  0.010  119.875  119.634    0    0  (Gen:  0)
539203496   4372184 410038200  0.040  0.040  120.359  120.113    0    0  (Gen:  0)
520537408   4372232 412017232  0.025  0.025  120.555  120.309    0    0  (Gen:  0)
525577848   4372824 413501152  0.006  0.006  120.719  120.472    0    0  (Gen:  0)
540178736   4375312 430176784  0.041  0.041  121.213  120.951    0    0  (Gen:  0)
520690624   4372384 432062808  0.028  0.028  121.411  121.149    0    0  (Gen:  0)
520579688   4372112 434961352  0.009  0.009  121.572  121.311    0    0  (Gen:  0)
540320336   4372936 450057288  0.042  0.042  122.072  121.795    0    0  (Gen:  0)
520716176   4372360 451943440  0.028  0.028  122.267  121.990    0    0  (Gen:  0)
520469736   4372152 455135248  0.009  0.009  122.433  122.156    0    0  (Gen:  0)
541448936  16676608 470309680  0.042  0.042  122.934  122.642    0    0  (Gen:  0)
520680120  17235560 471779272  0.026  0.026  123.127  122.835    0    0  (Gen:  0)
520520536   4982680 475106064  0.009  0.009  123.297  123.005    0    0  (Gen:  0)
547082480  15272360 488899320  0.038  0.038  123.780  123.471    0    0  (Gen:  0)
523209544  15273592 491758896  0.028  0.028  123.985  123.676    0    0  (Gen:  0)
520494664  15271616 494393008  0.011  0.011  124.158  123.849    0    0  (Gen:  0)
547669976  15272416 505244120  0.029  0.029  124.589  124.266    0    0  (Gen:  0)
527613056  15272560 511324080  0.031  0.031  124.841  124.517    0    0  (Gen:  0)
520514504  15270592 252978072  0.314  0.314  125.319  124.995    0    0  (Gen:  1)
548759800  15271376 257848432  0.017  0.017  125.671  125.360    0    0  (Gen:  0)
522862864  15270792 270466168  0.038  0.038  125.990  125.650    0    0  (Gen:  0)
520451720  15270736 273023496  0.027  0.027  126.190  125.850    0    0  (Gen:  0)
540369736  15271608 277093712  0.015  0.015  126.491  126.181    0    0  (Gen:  0)
521746232  15271000 290149816  0.037  0.037  126.855  126.500    0    0  (Gen:  0)
520491272  15270872 292135248  0.026  0.026  127.056  126.703    0    0  (Gen:  0)
537344016   5309040 296289576  0.014  0.014  127.301  126.961    0    0  (Gen:  0)
529283240   5308456 310100432  0.038  0.038  127.716  127.348    0    0  (Gen:  0)
520562200   5308320 311926448  0.026  0.026  127.914  127.546    0    0  (Gen:  0)
528376064   5309104 314740576  0.010  0.010  128.095  127.718    0    0  (Gen:  0)
540203832   5308536 330078176  0.040  0.040  128.574  128.191    0    0  (Gen:  0)
520580088   5308584 332057688  0.027  0.027  128.772  128.389    0    0  (Gen:  0)
522756312   3606264 333961384  0.008  0.008  128.941  128.555    0    0  (Gen:  0)
540370264   3608760 350002864  0.042  0.042  129.433  129.034    0    0  (Gen:  0)
520693680   3605744 351920784  0.028  0.028  129.631  129.233    0    0  (Gen:  0)
520577624   3605536 354851736  0.009  0.009  129.793  129.396    0    0  (Gen:  0)
540343952   3606368 370033752  0.043  0.043  130.298  129.884    0    0  (Gen:  0)
520704216   3605856 371968992  0.029  0.029  130.498  130.085    0    0  (Gen:  0)
520537984   3605648 374918760  0.009  0.009  130.663  130.251    0    0  (Gen:  0)
540718448   3606472 390115368  0.043  0.043  131.163  130.736    0    0  (Gen:  0)
520674304   3605968 391683712  0.027  0.028  131.358  130.931    0    0  (Gen:  0)
520477416   3605800 395100944  0.010  0.010  131.527  131.100    0    0  (Gen:  0)
540317616   3606568 409074280  0.040  0.040  132.011  131.568    0    0  (Gen:  0)
520928728  17094992 411662592  0.029  0.029  132.220  131.777    0    0  (Gen:  0)
520481960   5413848 414107680  0.010  0.010  132.394  131.951    0    0  (Gen:  0)
548071160   5414656 425003320  0.029  0.029  132.823  132.372    0    0  (Gen:  0)
525073384  16575064 431276720  0.031  0.031  133.076  132.623    0    0  (Gen:  0)
520507304   9039128 433654456  0.017  0.017  133.257  132.805    0    0  (Gen:  0)
541891344   9039912 438024832  0.015  0.015  133.586  133.154    0    0  (Gen:  0)
524606336   9039328 451097032  0.037  0.037  133.921  133.453    0    0  (Gen:  0)
520458256   9039264 453839136  0.027  0.027  134.117  133.648    0    0  (Gen:  0)
547794872   9040080 457860920  0.014  0.014  134.416  133.978    0    0  (Gen:  0)
521557912  16346656 470945336  0.036  0.036  134.779  134.295    0    0  (Gen:  0)
520576584  16346528 472940592  0.024  0.024  134.974  134.492    0    0  (Gen:  0)
535350152   5273944 476909304  0.013  0.013  135.214  134.745    0    0  (Gen:  0)
530158888  16228448 490845408  0.037  0.037  135.632  135.135    0    0  (Gen:  0)
520566280  15382368 492794568  0.024  0.024  135.825  135.329    0    0  (Gen:  0)
531981312  15383144 495427792  0.010  0.010  136.006  135.501    0    0  (Gen:  0)
545029824  15382576 510617464  0.039  0.039  136.488  135.975    0    0  (Gen:  0)
520542816  15382624 512621512  0.025  0.025  136.683  136.172    0    0  (Gen:  0)
525612040 204270272 240167680  0.300  0.301  137.152  136.637    0    0  (Gen:  1)
542115784 204272656 255864176  0.042  0.042  137.649  137.122    0    0  (Gen:  0)
520722864 204269672 257753880  0.029  0.029  137.851  137.325    0    0  (Gen:  0)
520584656 204269496 260589216  0.009  0.009  138.016  137.490    0    0  (Gen:  0)
542204008 204270288 275764008  0.043  0.043  138.522  137.980    0    0  (Gen:  0)
523278032  17474576 277609936  0.029  0.029  138.726  138.184    0    0  (Gen:  0)
520545808   4968288 280722368  0.009  0.009  138.892  138.352    0    0  (Gen:  0)
544423680  16547776 295851888  0.043  0.043  139.397  138.841    0    0  (Gen:  0)
520686864  16547224 297442832  0.028  0.028  139.597  139.042    0    0  (Gen:  0)
520504992  16547016 300793800  0.010  0.010  139.767  139.212    0    0  (Gen:  0)
544408288  16560720 315797312  0.043  0.043  140.271  139.700    0    0  (Gen:  0)
520624528  16560408 317423872  0.028  0.028  140.469  139.898    0    0  (Gen:  0)
520514096  16559944 320298344  0.009  0.009  140.641  140.070    0    0  (Gen:  0)
544166848  16560760 332100480  0.034  0.034  141.095  140.509    0    0  (Gen:  0)
525925768  16756136 337174216  0.031  0.031  141.332  140.746    0    0  (Gen:  0)
520458832   8817480 339447568  0.016  0.017  141.515  140.930    0    0  (Gen:  0)
547165632   5950544 344572848  0.017  0.017  141.906  141.314    0    0  (Gen:  0)
521137552   5949912 356697064  0.036  0.037  142.191  141.588    0    0  (Gen:  0)
520472032   5949784 359306880  0.026  0.026  142.388  141.786    0    0  (Gen:  0)
546080880   5950600 363282336  0.015  0.015  142.698  142.125    0    0  (Gen:  0)
524848328   5949968 376413928  0.037  0.037  143.061  142.444    0    0  (Gen:  0)
520407048   5949904 378968896  0.027  0.027  143.260  142.644    0    0  (Gen:  0)
538071136   5950688 382866896  0.015  0.015  143.526  142.930    0    0  (Gen:  0)
525774272   5950056 396286776  0.038  0.038  143.921  143.290    0    0  (Gen:  0)
520669760   5949952 398250800  0.026  0.026  144.117  143.486    0    0  (Gen:  0)
531421912   4721544 401285224  0.012  0.012  144.324  143.693    0    0  (Gen:  0)
538021032   4720936 416059936  0.039  0.039  144.782  144.137    0    0  (Gen:  0)
520549248   4721000 417916312  0.025  0.025  144.979  144.334    0    0  (Gen:  0)
523341024   4721592 421223800  0.011  0.011  145.155  144.504    0    0  (Gen:  0)
542183160  16406016 436185784  0.041  0.041  145.649  144.990    0    0  (Gen:  0)
520705880  16401168 438110536  0.027  0.027  145.849  145.190    0    0  (Gen:  0)
520594184  16400960 440907816  0.009  0.009  146.010  145.352    0    0  (Gen:  0)
542181800  16401768 456135368  0.042  0.042  146.513  145.839    0    0  (Gen:  0)
520692456  16401208 457869944  0.027  0.027  146.710  146.036    0    0  (Gen:  0)
520556328  16401000 460913584  0.009  0.009  146.875  146.201    0    0  (Gen:  0)
547845200  16401824 476102144  0.043  0.043  147.383  146.693    0    0  (Gen:  0)
520656632  16401256 477657712  0.027  0.027  147.579  146.890    0    0  (Gen:  0)
520571768  16400400 254667024  0.330  0.330  148.067  147.378    0    0  (Gen:  1)
544983136  16401224 269815304  0.043  0.043  148.567  147.863    0    0  (Gen:  0)
520685048  16400752 271447760  0.029  0.029  148.765  148.062    0    0  (Gen:  0)
520516008  16400512 274286664  0.009  0.009  148.938  148.236    0    0  (Gen:  0)
543352976  13796504 286982768  0.039  0.039  149.403  148.688    0    0  (Gen:  0)
524464648  13796272 291172872  0.032  0.032  149.628  148.912    0    0  (Gen:  0)
520463552  13795736 293404648  0.016  0.016  149.810  149.095    0    0  (Gen:  0)
547709728   7513736 300374632  0.020  0.020  150.219  149.489    0    0  (Gen:  0)
523992144   7518304 310553304  0.035  0.036  150.488  149.756    0    0  (Gen:  0)
520486992   7513032 313278048  0.023  0.023  150.684  149.953    0    0  (Gen:  0)
542894040   5464176 317384208  0.015  0.015  150.989  150.287    0    0  (Gen:  0)
522640712   5463528 330587528  0.038  0.038  151.349  150.602    0    0  (Gen:  0)
520419296   5463440 333132704  0.027  0.027  151.550  150.804    0    0  (Gen:  0)
544388008   5464240 337157328  0.015  0.015  151.830  151.109    0    0  (Gen:  0)
528133272   5463656 350299832  0.037  0.038  152.214  151.454    0    0  (Gen:  0)
520614624   5463592 352270688  0.025  0.025  152.412  151.652    0    0  (Gen:  0)
533553776   5464376 355831240  0.012  0.012  152.631  151.875    0    0  (Gen:  0)
533005520   5463792 370089184  0.038  0.038  153.072  152.296    0    0  (Gen:  0)
520535936   5463840 372136816  0.025  0.025  153.272  152.496    0    0  (Gen:  0)
527186424   5464432 376304496  0.014  0.014  153.454  152.669    0    0  (Gen:  0)
543550136   5466896 390299536  0.041  0.041  153.942  153.150    0    0  (Gen:  0)
520553064   5463872 392083040  0.026  0.027  154.141  153.350    0    0  (Gen:  0)
524462280   5464448 393513360  0.006  0.006  154.307  153.517    0    0  (Gen:  0)
544128576   5463904 410208720  0.042  0.042  154.801  153.994    0    0  (Gen:  0)
520678896   5463944 411990168  0.028  0.028  155.001  154.194    0    0  (Gen:  0)
520562992   5463736 415133048  0.009  0.009  155.166  154.359    0    0  (Gen:  0)
545525736   5464552 430143752  0.043  0.043  155.670  154.849    0    0  (Gen:  0)
520694640   5463984 431902528  0.028  0.028  155.870  155.049    0    0  (Gen:  0)
520517056   5463840 435205760  0.009  0.009  156.037  155.217    0    0  (Gen:  0)
540828616   5464600 450296928  0.043  0.043  156.538  155.701    0    0  (Gen:  0)
520680080   5464136 452011632  0.027  0.027  156.734  155.898    0    0  (Gen:  0)
520525920   5463896 455284904  0.010  0.010  156.904  156.068    0    0  (Gen:  0)
543355416  13762040 467590568  0.036  0.036  157.377  156.526    0    0  (Gen:  0)
524766432  13761944 471754520  0.029  0.029  157.592  156.741    0    0  (Gen:  0)
520477840  13761312 474269376  0.013  0.013  157.768  156.918    0    0  (Gen:  0)
544732984  10568688 484203784  0.026  0.026  158.188  157.323    0    0  (Gen:  0)
527070384  16447664 491312952  0.032  0.032  158.447  157.582    0    0  (Gen:  0)
520501744   9823208 493893472  0.018  0.018  158.634  157.768    0    0  (Gen:  0)
541534840   9823992 498108200  0.015  0.015  158.948  158.110    0    0  (Gen:  0)
523476424   9823416 511220600  0.037  0.037  159.300  158.421    0    0  (Gen:  0)
520437496   9823352 513975464  0.027  0.027  159.495  158.617    0    0  (Gen:  0)
544504048   9823024 241993024  0.309  0.310  160.084  159.236    0    0  (Gen:  1)
521856272   9822344 254669400  0.037  0.037  160.449  159.557    0    0  (Gen:  0)
520552176   9822216 256644184  0.028  0.028  160.654  159.762    0    0  (Gen:  0)
539035160   9823016 260616800  0.013  0.013  160.892  160.010    0    0  (Gen:  0)
534576112   9822456 274693064  0.039  0.039  161.320  160.415    0    0  (Gen:  0)
520555872   9822320 276566096  0.026  0.026  161.519  160.614    0    0  (Gen:  0)
529860920   9823104 279287904  0.010  0.010  161.704  160.789    0    0  (Gen:  0)
538399448  16286320 294618272  0.041  0.041  162.188  161.268    0    0  (Gen:  0)
520588248  16286368 296608336  0.027  0.027  162.389  161.469    0    0  (Gen:  0)
524105888  16286952 298192640  0.007  0.007  162.559  161.637    0    0  (Gen:  0)
542916936  16289408 314597344  0.042  0.042  163.056  162.121    0    0  (Gen:  0)
524528912  17232336 316599848  0.028  0.028  163.259  162.325    0    0  (Gen:  0)
520580968   4939128 319529400  0.009  0.009  163.426  162.492    0    0  (Gen:  0)
544598264  16512648 334638000  0.043  0.043  163.935  162.985    0    0  (Gen:  0)
520677176  17606040 336534976  0.029  0.030  164.141  163.192    0    0  (Gen:  0)
520532792   4986048 339523152  0.010  0.010  164.309  163.360    0    0  (Gen:  0)
540643432   4986864 354648800  0.043  0.043  164.813  163.848    0    0  (Gen:  0)
520683784   4986328 356337928  0.027  0.028  165.012  164.047    0    0  (Gen:  0)
520487104   4986120 359650616  0.010  0.010  165.181  164.217    0    0  (Gen:  0)
544409808   4986936 374955936  0.043  0.043  165.681  164.701    0    0  (Gen:  0)
521512944   4990616 376176552  0.028  0.029  165.884  164.904    0    0  (Gen:  0)
520498560   4986160 378894240  0.009  0.009  166.055  165.076    0    0  (Gen:  0)
544500912  11716168 389714712  0.030  0.030  166.492  165.499    0    0  (Gen:  0)
525231040  16679192 395889120  0.032  0.033  166.743  165.749    0    0  (Gen:  0)
520518976   8805480 398147352  0.016  0.016  166.924  165.931    0    0  (Gen:  0)
543650552   5986928 403166744  0.020  0.020  167.276  166.300    0    0  (Gen:  0)
525243752   5986280 415553760  0.037  0.037  167.606  166.599    0    0  (Gen:  0)
520450176   5986192 418285128  0.027  0.027  167.804  166.798    0    0  (Gen:  0)
547128488   5987000 422191432  0.015  0.015  168.107  167.129    0    0  (Gen:  0)
528783936   5986400 435382312  0.037  0.037  168.474  167.452    0    0  (Gen:  0)
520405616   5986336 437528872  0.025  0.025  168.671  167.650    0    0  (Gen:  0)
539355592   5987144 441728904  0.015  0.015  168.933  167.931    0    0  (Gen:  0)
530696568   5986560 455199368  0.038  0.038  169.339  168.305    0    0  (Gen:  0)
520637136   5986408 457218880  0.025  0.025  169.536  168.502    0    0  (Gen:  0)
535624720   5987200 460396240  0.011  0.012  169.744  168.710    0    0  (Gen:  0)
539455744  16050848 475066048  0.038  0.038  170.202  169.153    0    0  (Gen:  0)
520545680  15602704 477122832  0.025  0.025  170.400  169.352    0    0  (Gen:  0)
523697000 205260624 241334360  0.302  0.303  170.870  169.814    0    0  (Gen:  1)
544463056 205265240 255868672  0.042  0.042  171.357  170.293    0    0  (Gen:  0)
520641144 205260072 257911656  0.029  0.029  171.560  170.495    0    0  (Gen:  0)
520605792 205259864 260697368  0.009  0.009  171.723  170.658    0    0  (Gen:  0)
542677512 205260688 275988848  0.044  0.044  172.225  171.145    0    0  (Gen:  0)
520673944 205260112 277872576  0.030  0.030  172.430  171.350    0    0  (Gen:  0)
520554200 205259904 280762184  0.009  0.009  172.597  171.517    0    0  (Gen:  0)
543907824 205260728 295976128  0.044  0.044  173.101  172.006    0    0  (Gen:  0)
522839368  17412336 297618600  0.029  0.029  173.303  172.208    0    0  (Gen:  0)
520541824   5099696 300883360  0.010  0.010  173.473  172.378    0    0  (Gen:  0)
540372768   5100520 316029632  0.045  0.045  173.973  172.861    0    0  (Gen:  0)
520676752   5099968 317484096  0.029  0.029  174.172  173.060    0    0  (Gen:  0)
520501480   5099728 320505624  0.010  0.010  174.344  173.233    0    0  (Gen:  0)
543225384  13851976 333190232  0.037  0.037  174.807  173.682    0    0  (Gen:  0)
523468984  13851808 337311368  0.031  0.031  175.033  173.908    0    0  (Gen:  0)
520467168  13851272 339543144  0.016  0.016  175.215  174.090    0    0  (Gen:  0)
546555288  13852088 345973016  0.020  0.020  175.622  174.483    0    0  (Gen:  0)
526341088  13855536 356718600  0.035  0.035  175.892  174.751    0    0  (Gen:  0)
520484000  13851424 359298224  0.022  0.022  176.086  174.946    0    0  (Gen:  0)
542771744  13852160 363349632  0.015  0.016  176.391  175.280    0    0  (Gen:  0)
524001056  16588856 376505296  0.037  0.038  176.751  175.595    0    0  (Gen:  0)
520424784  16158752 379169384  0.028  0.028  176.952  175.796    0    0  (Gen:  0)
544464480  16159544 383254344  0.016  0.016  177.234  176.104    0    0  (Gen:  0)
524401144  16158928 396301144  0.038  0.038  177.615  176.444    0    0  (Gen:  0)
520620816  16158856 398207336  0.025  0.025  177.813  176.643    0    0  (Gen:  0)
536986608  16159632 401854544  0.012  0.012  178.036  176.872    0    0  (Gen:  0)
536067592  16159056 416083720  0.043  0.043  178.506  177.323    0    0  (Gen:  0)
520534880  16159080 418052528  0.029  0.029  178.731  177.549    0    0  (Gen:  0)
525988608  16159696 421024368  0.012  0.012  178.924  177.730    0    0  (Gen:  0)
542273544  16159112 435786320  0.050  0.050  179.489  178.299    0    0  (Gen:  0)
520545008  16159128 437738024  0.026  0.026  179.740  178.550    0    0  (Gen:  0)
526576808  16159720 438998872  0.006  0.006  179.906  178.717    0    0  (Gen:  0)
543886096  16159136 455952808  0.042  0.042  180.399  179.194    0    0  (Gen:  0)
520689392  16159208 457692000  0.029  0.029  180.598  179.394    0    0  (Gen:  0)
520575216  16158968 460684496  0.009  0.009  180.762  179.558    0    0  (Gen:  0)
540922696  16159784 475860104  0.042  0.043  181.264  180.044    0    0  (Gen:  0)
520712240  16159232 477606416  0.028  0.028  181.462  180.242    0    0  (Gen:  0)
520462560  16158368 254877872  0.330  0.330  181.949  180.731    0    0  (Gen:  1)
543020640  16159160 270040584  0.043  0.043  182.450  181.217    0    0  (Gen:  0)
520678840  16158592 271729880  0.029  0.029  182.649  181.416    0    0  (Gen:  0)
520524376  16158384 275002256  0.010  0.010  182.820  181.587    0    0  (Gen:  0)
543216776  16159192 287030000  0.037  0.037  183.296  182.050    0    0  (Gen:  0)
523071136  16159168 291406080  0.030  0.031  183.511  182.264    0    0  (Gen:  0)
520484160  16158432 293921584  0.014  0.014  183.692  182.445    0    0  (Gen:  0)
548029344  16159256 304476808  0.029  0.029  184.118  182.858    0    0  (Gen:  0)
528387504  16161088 311002000  0.034  0.034  184.379  183.118    0    0  (Gen:  0)
520499192  16158576 313502192  0.018  0.018  184.567  183.306    0    0  (Gen:  0)
546140664   5897648 318238552  0.017  0.017  184.907  183.669    0    0  (Gen:  0)
521664592  16518368 330693344  0.038  0.038  185.246  183.971    0    0  (Gen:  0)
520452648  15960272 333432752  0.027  0.027  185.445  184.171    0    0  (Gen:  0)
544452168  15961064 337511168  0.015  0.015  185.745  184.499    0    0  (Gen:  0)
521116384  15960464 350600032  0.037  0.037  186.111  184.820    0    0  (Gen:  0)
520502464  15960400 352535040  0.025  0.025  186.311  185.021    0    0  (Gen:  0)
541864848  15961208 356697728  0.014  0.014  186.556  185.278    0    0  (Gen:  0)
533266656  15960568 370542392  0.038  0.038  186.973  185.667    0    0  (Gen:  0)
520570520  15960448 372561968  0.026  0.026  187.172  185.867    0    0  (Gen:  0)
531781160  15961232 375398992  0.010  0.010  187.366  186.054    0    0  (Gen:  0)
540419144  15960680 390594928  0.040  0.040  187.839  186.518    0    0  (Gen:  0)
520550544  15960728 392595208  0.027  0.027  188.041  186.721    0    0  (Gen:  0)
527652368  15961312 395207256  0.010  0.010  188.218  186.892    0    0  (Gen:  0)
544990736  15964544 410603152  0.041  0.041  188.713  187.378    0    0  (Gen:  0)
520669200  15960776 412654392  0.028  0.028  188.914  187.579    0    0  (Gen:  0)
520586368  15960568 415491912  0.009  0.009  189.078  187.744    0    0  (Gen:  0)
544882392  15961392 430561976  0.043  0.043  189.584  188.233    0    0  (Gen:  0)
520675368  15960792 432483688  0.029  0.029  189.785  188.434    0    0  (Gen:  0)
520562296  15960584 435519344  0.009  0.009  189.951  188.600    0    0  (Gen:  0)
540629680  16543592 450695016  0.043  0.043  190.452  189.086    0    0  (Gen:  0)
520669864  17333904 452291032  0.027  0.027  190.651  189.285    0    0  (Gen:  0)
520554760   5078608 455649560  0.010  0.010  190.820  189.454    0    0  (Gen:  0)
547461632   5079424 470851088  0.044  0.044  191.324  189.942    0    0  (Gen:  0)
520675624  17179016 472303512  0.027  0.027  191.520  190.139    0    0  (Gen:  0)
520505656   4578056 475234048  0.009  0.009  191.690  190.309    0    0  (Gen:  0)
547118920   4578864 487706944  0.036  0.037  192.153  190.758    0    0  (Gen:  0)
522800344   4578696 492038072  0.031  0.031  192.382  190.986    0    0  (Gen:  0)
520477240   4578144 494320136  0.015  0.015  192.563  191.168    0    0  (Gen:  0)
254043480 202756624 238729304  0.293  0.294  192.932  192.270    0    0  (Gen:  1)
   104216  11371104  19170264  0.016  0.031  192.948  192.377    0    0  (Gen:  1)
     1368                      0.000  0.000

 341,195,619,192 bytes allocated in the heap
  15,002,572,456 bytes copied during GC
     254,877,872 bytes maximum residency (21 sample(s))
       3,650,440 bytes maximum slop
             243 MB total memory in use (0 MB lost due to fragmentation)

                                     Tot time (elapsed)  Avg pause  Max pause
  Gen  0       625 colls,     0 par   17.020s  17.146s     0.0274s    0.2205s
  Gen  1        21 colls,     0 par    5.829s   6.015s     0.2864s    0.4153s

  TASKS: 21 (1 bound, 20 peak workers (20 total), using -N4)

  SPARKS: 0 (0 converted, 0 overflowed, 0 dud, 0 GC'd, 0 fizzled)

  INIT    time    0.001s  (  0.006s elapsed)
  MUT     time  170.098s  (169.211s elapsed)
  GC      time   22.849s  ( 23.161s elapsed)
  EXIT    time    0.000s  (  0.014s elapsed)
  Total   time  192.949s  (192.391s elapsed)

  Alloc rate    2,005,875,840 bytes per MUT second

  Productivity  88.2% of total user, 88.0% of total elapsed

