bench-hist/rtsopts/ghcide --lsp --cwd bench/example/Cabal-3.0.0.0 +RTS -I0 -qg -A128M -Scode_actions.benchmark-gcStats -I0.5 
    Alloc    Copied     Live     GC     GC      TOT      TOT  Page Flts
    bytes     bytes     bytes   user   elap     user     elap
567671232  18400448  20316904  0.051  0.057    0.706    5.928    0    0  (Gen:  0)
548005392  18403808  37263744  0.089  0.102    1.089    6.523    0    0  (Gen:  1)
552398096  18403480  52071584  0.060  0.064    1.494    7.079    0    0  (Gen:  0)
542816480  32579168  71883552  0.072  0.076    1.836    7.592    0    0  (Gen:  0)
545022744  82200256  87810616  0.165  0.186    2.300    8.394    0    0  (Gen:  1)
546374456  82199560 103364064  0.058  0.058    2.682    8.977    0    0  (Gen:  0)
534564912  82199496 116228616  0.052  0.053    3.565    9.412    0    0  (Gen:  0)
550313360  44553472 157036560  0.091  0.094    4.678    9.906    0    0  (Gen:  0)
533114440  44560896 227708920  0.209  0.233    5.581   10.404    0    0  (Gen:  0)
530325160  44556016 261974248  0.471  0.533    6.726   11.146    0    0  (Gen:  1)
521707200  44558120 310576448  0.190  0.191    7.446   11.475    0    0  (Gen:  0)
525840096  96463496 357771448  0.205  0.205    8.186   11.817    0    0  (Gen:  0)
522374088  96460960 410516896  0.204  0.205    8.903   12.152    0    0  (Gen:  0)
524758504 110456992 466575360  0.233  0.251    9.727   12.557    0    0  (Gen:  0)
525513304 108184896 520132464  0.233  0.249   10.545   12.958    0    0  (Gen:  0)
522931160 108185704 566289952  0.989  1.131   12.091   14.248    0    0  (Gen:  1)
524779480 104443704 617027952  0.213  0.214   12.788   14.620    0    0  (Gen:  0)
523271552 104450520 674712576  0.194  0.195   13.305   15.067    0    0  (Gen:  0)
521036904 104433288 731245528  0.181  0.181   13.822   15.585    0    0  (Gen:  0)
522906624 104434520 767122352  0.165  0.165   14.523   15.994    0    0  (Gen:  0)
525133168 104435424 801856976  0.151  0.152   15.271   16.317    0    0  (Gen:  0)
526918280 104433976 837237512  0.154  0.154   15.892   16.878    0    0  (Gen:  0)
526416152 104434536 878707928  0.164  0.164   16.675   17.265    0    0  (Gen:  0)
529842616 104435336 909811592  0.157  0.157   17.460   17.689    0    0  (Gen:  0)
556045160 104433440 930612744  0.110  0.110   18.055   18.235    0    0  (Gen:  0)
586673960 104432104 939962256  0.046  0.046   18.618   18.786    0    0  (Gen:  0)
584371120 104432448 942175296  0.020  0.020   19.138   19.316    0    0  (Gen:  0)
569265440 104432312 948945896  0.023  0.023   19.635   19.766    0    0  (Gen:  0)
549847680  12780840 954652888  0.013  0.013   20.017   20.060    0    0  (Gen:  0)
555661944  12780848 960266224  0.009  0.009   20.399   20.350    0    0  (Gen:  0)
552877952  12780848 965986928  0.008  0.008   20.779   20.640    0    0  (Gen:  0)
572628792  12780848 973110664  0.049  0.049   21.261   21.081    0    0  (Gen:  0)
438836608   9777080  15836064  0.028  0.065   21.667   21.885    0    0  (Gen:  1)
     1584                      0.000  0.000

  17,760,245,640 bytes allocated in the heap
   2,346,498,840 bytes copied during GC
     566,289,952 bytes maximum residency (5 sample(s))
       3,619,296 bytes maximum slop
             540 MB total memory in use (0 MB lost due to fragmentation)

                                     Tot time (elapsed)  Avg pause  Max pause
  Gen  0        28 colls,     0 par    3.316s   3.397s     0.1213s    0.2514s
  Gen  1         5 colls,     0 par    1.742s   2.017s     0.4033s    1.1312s

  TASKS: 17 (1 bound, 16 peak workers (16 total), using -N4)

  SPARKS: 0 (0 converted, 0 overflowed, 0 dud, 0 GC'd, 0 fizzled)

  INIT    time    0.001s  (  0.006s elapsed)
  MUT     time   16.608s  ( 16.466s elapsed)
  GC      time    5.057s  (  5.413s elapsed)
  EXIT    time    0.001s  (  0.004s elapsed)
  Total   time   21.667s  ( 21.888s elapsed)

  Alloc rate    1,069,398,849 bytes per MUT second

  Productivity  76.6% of total user, 75.2% of total elapsed

