bench-hist/rtsopts/ghcide --lsp --cwd bench/example/Cabal-3.0.0.0 +RTS -I0 -qg -A128M -SdocumentSymbols_after_edit.benchmark-gcStats -I0.5 
    Alloc    Copied     Live     GC     GC      TOT      TOT  Page Flts
    bytes     bytes     bytes   user   elap     user     elap
562038136      2160  20234944  0.050  0.056    0.696    5.913    0    0  (Gen:  0)
552504912      5536  37181688  0.090  0.104    1.082    6.513    0    0  (Gen:  1)
552828848  29380864  52086800  0.059  0.062    1.482    7.059    0    0  (Gen:  0)
540005744  29380592  72371408  0.071  0.075    1.820    7.571    0    0  (Gen:  0)
544263760  29381232  88190064  0.162  0.184    2.283    8.316    0    0  (Gen:  1)
546765880  29381096 103247272  0.058  0.058    2.661    8.896    0    0  (Gen:  0)
534708200  29380440 116444752  0.051  0.052    3.500    9.319    0    0  (Gen:  0)
547065160  40996496 150511936  0.080  0.082    4.611    9.792    0    0  (Gen:  0)
546630920  41009640 227563544  0.204  0.225    5.512   10.329    0    0  (Gen:  0)
529116384  41000408 262445144  0.467  0.529    6.669   11.078    0    0  (Gen:  1)
524764792  40997680 302511560  0.174  0.175    7.433   11.404    0    0  (Gen:  0)
525706312  94537832 357343080  0.203  0.203    8.179   11.761    0    0  (Gen:  0)
523483816  94537968 416964528  0.233  0.234    8.914   12.134    0    0  (Gen:  0)
528771352  94544832 466101576  0.228  0.245    9.691   12.520    0    0  (Gen:  0)
524417920  94539784 525092552  0.218  0.233   10.417   12.887    0    0  (Gen:  0)
524510488 540586816 569801536  0.989  1.127   11.980   14.170    0    0  (Gen:  1)
525447072 540606208 621581576  0.212  0.212   12.661   14.555    0    0  (Gen:  0)
522571840 107479368 676457216  0.184  0.184   13.195   14.960    0    0  (Gen:  0)
521583992 107479144 733297960  0.177  0.178   13.713   15.480    0    0  (Gen:  0)
526402952 107482232 769174488  0.112  0.112   14.367   15.830    0    0  (Gen:  0)
526575080 107480248 805040824  0.156  0.156   15.125   16.180    0    0  (Gen:  0)
524806424  69340424 839204592  0.156  0.156   15.725   16.763    0    0  (Gen:  0)
522923040  77096584 879850080  0.164  0.164   16.508   17.140    0    0  (Gen:  0)
528969984  77098848 911771760  0.157  0.158   17.279   17.580    0    0  (Gen:  0)
559005680  77095160 931868816  0.109  0.110   17.881   18.134    0    0  (Gen:  0)
587180720  77093840 942172944  0.047  0.047   18.449   18.690    0    0  (Gen:  0)
543796464  25298240 959312440  0.055  0.055   18.810   19.058    0    0  (Gen:  0)
542647344  25297944 980824552  0.075  0.075   19.172   19.425    0    0  (Gen:  0)
544392816  41638072 1001733776  0.072  0.072   19.540   19.798    0    0  (Gen:  0)
543984784  41638104 1023025544  0.073  0.074   19.905   20.168    0    0  (Gen:  0)
547829720  41638120 1044478712  0.082  0.089   20.281   20.554    0    0  (Gen:  0)
541772192  41638176 1066522856  0.083  0.090   20.652   20.936    0    0  (Gen:  0)
542805472 1010736080 1043843504  1.781  2.061   22.723   23.282    0    0  (Gen:  1)
544917112  41051728 1065680144  0.086  0.086   23.100   23.656    0    0  (Gen:  0)
542564904  41051776 1084501232  0.074  0.075   23.458   24.014    0    0  (Gen:  0)
546155664  41051784 1105347256  0.073  0.073   23.825   24.386    0    0  (Gen:  0)
546385328  41051808 1126106768  0.071  0.071   24.194   24.759    0    0  (Gen:  0)
543111664  41051904 1147235840  0.074  0.074   24.553   25.122    0    0  (Gen:  0)
543223680  41051912 1167940824  0.073  0.073   24.920   25.493    0    0  (Gen:  0)
543897640  40800824 1188559648  0.073  0.073   25.288   25.866    0    0  (Gen:  0)
544413544  40800816 1209934512  0.074  0.074   25.652   26.234    0    0  (Gen:  0)
544898240  40800824 1231465104  0.075  0.075   26.016   26.601    0    0  (Gen:  0)
545698736  40800824 1253146312  0.077  0.077   26.382   26.970    0    0  (Gen:  0)
586843904  40800864 1270634560  0.092  0.093   26.923   27.494    0    0  (Gen:  0)
448371640   9777768  15970088  0.026  0.114   27.356   28.237    0    0  (Gen:  1)
     1584                      0.000  0.000

  24,240,761,840 bytes allocated in the heap
   4,265,893,000 bytes copied during GC
   1,043,843,504 bytes maximum residency (6 sample(s))
       5,908,048 bytes maximum slop
             995 MB total memory in use (0 MB lost due to fragmentation)

                                     Tot time (elapsed)  Avg pause  Max pause
  Gen  0        39 colls,     0 par    4.384s   4.477s     0.1148s    0.2453s
  Gen  1         6 colls,     0 par    3.516s   4.119s     0.6865s    2.0608s

  TASKS: 19 (1 bound, 18 peak workers (18 total), using -N4)

  SPARKS: 0 (0 converted, 0 overflowed, 0 dud, 0 GC'd, 0 fizzled)

  INIT    time    0.001s  (  0.006s elapsed)
  MUT     time   19.454s  ( 19.636s elapsed)
  GC      time    7.900s  (  8.596s elapsed)
  EXIT    time    0.001s  (  0.008s elapsed)
  Total   time   27.357s  ( 28.245s elapsed)

  Alloc rate    1,246,035,869 bytes per MUT second

  Productivity  71.1% of total user, 69.5% of total elapsed

