bench-hist/rtsopts/ghcide --lsp --cwd bench/example/Cabal-3.0.0.0 +RTS -I0 -qg -A128M -Sedit.benchmark-gcStats -I0.5 
    Alloc    Copied     Live     GC     GC      TOT      TOT  Page Flts
    bytes     bytes     bytes   user   elap     user     elap
567579312      2160  20323424  0.051  0.057    0.700    5.925    0    0  (Gen:  0)
550058120  34069776  37365096  0.090  0.103    1.083    6.518    0    0  (Gen:  1)
551842544  34069968  52167440  0.060  0.063    1.486    7.066    0    0  (Gen:  0)
541557304  34069704  72519824  0.072  0.076    1.824    7.576    0    0  (Gen:  0)
544204808  82238768  88476496  0.164  0.185    2.285    8.311    0    0  (Gen:  1)
545868312  82238688 103211392  0.059  0.059    2.666    8.950    0    0  (Gen:  0)
537191272  82238216 116720104  0.053  0.054    3.543    9.385    0    0  (Gen:  0)
549600224  82238280 156035128  0.092  0.094    4.623    9.872    0    0  (Gen:  0)
540058728  82249288 229292128  0.213  0.236    5.539   10.401    0    0  (Gen:  0)
528779208  82249696 263101640  0.471  0.530    6.666   11.134    0    0  (Gen:  1)
525327888  82244288 311440072  0.191  0.192    7.438   11.475    0    0  (Gen:  0)
524189856  82247016 351503432  0.182  0.182    8.165   11.797    0    0  (Gen:  0)
522112744  82240984 407893192  0.199  0.199    8.845   12.118    0    0  (Gen:  0)
525200616  82240440 464231952  0.238  0.253    9.704   12.531    0    0  (Gen:  0)
524743200  82249192 512701784  0.229  0.243   10.501   12.926    0    0  (Gen:  0)
526570920  82238816 556756832  0.980  1.117   12.030   14.200    0    0  (Gen:  1)
528446920  82237904 616432400  0.224  0.225   12.753   14.621    0    0  (Gen:  0)
519943624  82248656 676579136  0.213  0.214   13.259   15.133    0    0  (Gen:  0)
521552200  82237728 733178544  0.186  0.186   13.788   15.662    0    0  (Gen:  0)
524556704  91662104 769039904  0.169  0.169   14.499   16.068    0    0  (Gen:  0)
524900736  69559448 803615800  0.154  0.154   15.237   16.409    0    0  (Gen:  0)
528859408  69558704 839332704  0.158  0.159   15.860   16.987    0    0  (Gen:  0)
525177024  69562400 879346824  0.161  0.162   16.634   17.360    0    0  (Gen:  0)
524776176  69559104 911920272  0.158  0.159   17.417   17.770    0    0  (Gen:  0)
557519880  52302968 931620160  0.107  0.108   18.013   18.320    0    0  (Gen:  0)
582898032  52301720 941221976  0.045  0.046   18.571   18.866    0    0  (Gen:  0)
585919096  52302176 943171600  0.020  0.020   19.088   19.393    0    0  (Gen:  0)
569746232  52301952 949621168  0.027  0.027   19.606   19.902    0    0  (Gen:  0)
593419136  52301816 952282800  0.016  0.016   20.161   20.455    0    0  (Gen:  0)
575339792  52302048 958739376  0.022  0.022   20.674   20.964    0    0  (Gen:  0)
575296416  52301968 965921296  0.029  0.029   21.202   21.484    0    0  (Gen:  0)
592032752  52301856 968154824  0.016  0.016   21.754   22.044    0    0  (Gen:  0)
569688280  52302160 974636568  0.021  0.021   22.259   22.534    0    0  (Gen:  0)
573109160  14137368 981718432  0.029  0.029   22.802   23.067    0    0  (Gen:  0)
590850600   9157328 984166816  0.019  0.022   23.344   23.621    0    0  (Gen:  0)
572081880   9157576 990748656  0.022  0.023   23.860   24.125    0    0  (Gen:  0)
581686096  12719752 1000457288  0.029  0.031   24.426   24.681    0    0  (Gen:  0)
583277600  12720216 999945408  0.022  0.024   24.945   25.210    0    0  (Gen:  0)
575215440  12719992 1006392992  0.026  0.026   25.467   25.722    0    0  (Gen:  0)
590824320  12719832 1009768584  0.019  0.021   26.018   26.273    0    0  (Gen:  0)
578486464 927954744 962715320  1.658  1.923   28.173   28.689    0    0  (Gen:  1)
573727432  13973128 969323904  0.029  0.029   28.693   29.201    0    0  (Gen:  0)
592788600  13972992 971856888  0.017  0.017   29.244   29.762    0    0  (Gen:  0)
569520880  13973248 978427544  0.022  0.022   29.748   30.253    0    0  (Gen:  0)
575700320  13973184 985521568  0.030  0.030   30.284   30.782    0    0  (Gen:  0)
584913904  13973032 987927736  0.017  0.017   30.822   31.329    0    0  (Gen:  0)
573776632   9034920 994480456  0.022  0.022   31.334   31.830    0    0  (Gen:  0)
578581416   9034696 1003879408  0.025  0.025   31.888   32.373    0    0  (Gen:  0)
587640032   9034920 1003858608  0.019  0.019   32.408   32.902    0    0  (Gen:  0)
572994896   9034936 1010217752  0.024  0.024   32.922   33.407    0    0  (Gen:  0)
585162152   9034760 1014359104  0.019  0.019   33.460   33.940    0    0  (Gen:  0)
576873240   9034984 1019263144  0.022  0.022   33.978   34.457    0    0  (Gen:  0)
572680000  13990024 1025923000  0.029  0.029   34.503   34.974    0    0  (Gen:  0)
592496792  13989808 1028473984  0.017  0.017   35.053   35.532    0    0  (Gen:  0)
570838784  13990128 1035046016  0.022  0.022   35.556   36.024    0    0  (Gen:  0)
578624320  14291624 1042131616  0.029  0.030   36.095   36.554    0    0  (Gen:  0)
591978560  14291464 1044386440  0.016  0.016   36.642   37.108    0    0  (Gen:  0)
580063672  14291768 1050978592  0.022  0.022   37.162   37.617    0    0  (Gen:  0)
578335904  14291688 1056955880  0.027  0.027   37.709   38.153    0    0  (Gen:  0)
584796200  14291464 1060185504  0.017  0.017   38.232   38.685    0    0  (Gen:  0)
573549688  14291728 1066590304  0.023  0.023   38.744   39.188    0    0  (Gen:  0)
585508544  14291488 1071559280  0.018  0.018   39.287   39.721    0    0  (Gen:  0)
581364752  14291744 1075817904  0.022  0.022   39.810   40.250    0    0  (Gen:  0)
576892352  14291696 1082360800  0.029  0.029   40.335   40.768    0    0  (Gen:  0)
590261952  14291480 1085635648  0.017  0.017   40.877   41.318    0    0  (Gen:  0)
573783960  14291720 1091505760  0.022  0.022   41.399   41.828    0    0  (Gen:  0)
572804384  14291688 1098605568  0.029  0.029   41.924   42.345    0    0  (Gen:  0)
590521568  14291472 1100961208  0.017  0.017   42.474   42.901    0    0  (Gen:  0)
578580920  14291744 1107434960  0.022  0.022   42.988   43.405    0    0  (Gen:  0)
574728496  14291648 1114341864  0.029  0.029   43.528   43.934    0    0  (Gen:  0)
589845352  14291512 1116857888  0.017  0.017   44.067   44.483    0    0  (Gen:  0)
571143200  14291776 1123259472  0.022  0.022   44.580   44.985    0    0  (Gen:  0)
580119112  10980584 1130162072  0.021  0.021   45.123   45.518    0    0  (Gen:  0)
579894696   9061872 1132488520  0.021  0.021   45.639   46.042    0    0  (Gen:  0)
569885656  12203256 1138907408  0.027  0.027   46.159   46.554    0    0  (Gen:  0)
590567072  12203104 1142555248  0.016  0.016   46.710   47.106    0    0  (Gen:  0)
576478808  12203392 1148193576  0.023  0.023   47.225   47.618    0    0  (Gen:  0)
572296384  12203368 1155192816  0.030  0.030   47.752   48.136    0    0  (Gen:  0)
589535208  12203200 1157444880  0.016  0.016   48.300   48.691    0    0  (Gen:  0)
574094256  12203456 1163999032  0.022  0.022   48.811   49.190    0    0  (Gen:  0)
576918792  12203368 1170938144  0.029  0.029   49.355   49.724    0    0  (Gen:  0)
586012600  12203232 1173387152  0.017  0.017   49.888   50.267    0    0  (Gen:  0)
573896776  12203496 1179912000  0.023  0.023   50.404   50.773    0    0  (Gen:  0)
586110216  11947392 1188086864  0.024  0.024   50.960   51.318    0    0  (Gen:  0)
583980072  11947872 1189075544  0.020  0.020   51.477   51.843    0    0  (Gen:  0)
574139664  11947672 1195495936  0.027  0.027   51.999   52.356    0    0  (Gen:  0)
591074888  11947440 1198417888  0.017  0.017   52.548   52.905    0    0  (Gen:  0)
579922576  11947680 1204641600  0.022  0.022   53.069   53.424    0    0  (Gen:  0)
573364800  11947600 1211236760  0.030  0.030   53.598   53.943    0    0  (Gen:  0)
591197312   9230336 1213837336  0.016  0.016   54.149   54.502    0    0  (Gen:  0)
577962280   9061984 1220388528  0.022  0.022   54.660   55.001    0    0  (Gen:  0)
583238176  14270104 1227505272  0.029  0.029   55.204   55.535    0    0  (Gen:  0)
592255448  14269904 1229770432  0.016  0.016   55.749   56.087    0    0  (Gen:  0)
575001840  14270240 1236478440  0.022  0.022   56.265   56.592    0    0  (Gen:  0)
580359648  14270104 1241795552  0.025  0.025   56.821   57.140    0    0  (Gen:  0)
583189264  14269912 1245554488  0.018  0.018   57.342   57.669    0    0  (Gen:  0)
574849560  14270160 1252159736  0.025  0.025   57.861   58.180    0    0  (Gen:  0)
592280544  14269928 1256405504  0.017  0.017   58.413   58.721    0    0  (Gen:  0)
580898624   9129392 1261274008  0.023  0.023   58.937   59.253    0    0  (Gen:  0)
569208496   9129296 1267812288  0.029  0.029   59.457   59.764    0    0  (Gen:  0)
589172304   9129176 1270845144  0.017  0.017   60.005   60.319    0    0  (Gen:  0)
576685472   9129424 1276969744  0.022  0.022   60.524   60.827    0    0  (Gen:  0)
573589112   9129432 1284082184  0.030  0.030   61.056   61.351    0    0  (Gen:  0)
590408288   9129176 1286455136  0.017  0.017   61.605   61.907    0    0  (Gen:  0)
573781344   9129552 1293010664  0.022  0.022   62.118   62.409    0    0  (Gen:  0)
577455456  13552536 1299457832  0.028  0.028   62.667   62.946    0    0  (Gen:  0)
592258872  13552352 1302374120  0.018  0.019   63.204   63.494    0    0  (Gen:  0)
572639032  13552648 1308873984  0.023  0.023   63.721   64.001    0    0  (Gen:  0)
588750848  13552416 1315894208  0.021  0.021   64.275   64.545    0    0  (Gen:  0)
581831000  13552856 1317935656  0.021  0.021   64.796   65.074    0    0  (Gen:  0)
567520224  13552592 1324488160  0.028  0.028   65.309   65.580    0    0  (Gen:  0)
589797368  13552488 1327028120  0.016  0.016   65.858   66.131    0    0  (Gen:  0)
580270568   9138472 1333605992  0.023  0.023   66.382   66.650    0    0  (Gen:  0)
577910088   9138392 1340740480  0.030  0.030   66.917   67.176    0    0  (Gen:  0)
591234680   9138264 1343058088  0.017  0.017   67.469   67.735    0    0  (Gen:  0)
573379568   9138568 1349606672  0.023  0.023   67.982   68.237    0    0  (Gen:  0)
580542176   9138456 1356629352  0.030  0.030   68.529   68.775    0    0  (Gen:  0)
591623320   9138304 1359002616  0.017  0.017   69.070   69.326    0    0  (Gen:  0)
574246288   9138584 1365470736  0.022  0.022   69.588   69.832    0    0  (Gen:  0)
582236960  12970896 1375497536  0.028  0.028   70.152   70.387    0    0  (Gen:  0)
583061464  12971336 1374825752  0.020  0.020   70.670   70.915    0    0  (Gen:  0)
573764264  12971128 1381154824  0.026  0.027   71.192   71.428    0    0  (Gen:  0)
588855824  12970960 1385087248  0.018  0.018   71.738   71.971    0    0  (Gen:  0)
579041680  12971232 1390228520  0.023  0.023   72.267   72.499    0    0  (Gen:  0)
576246224  12971200 1396886744  0.030  0.030   72.799   73.023    0    0  (Gen:  0)
596253664  12971048 1399360544  0.017  0.017   73.359   73.591    0    0  (Gen:  0)
570471336  12971296 1406078408  0.023  0.023   73.865   74.086    0    0  (Gen:  0)
577372256  12971216 1413205872  0.030  0.030   74.405   74.618    0    0  (Gen:  0)
585445664  12971112 1415425968  0.016  0.016   74.946   75.165    0    0  (Gen:  0)
572788200  12971384 1422034560  0.023  0.023   75.463   75.673    0    0  (Gen:  0)
575514392  12971272 1427451192  0.026  0.026   76.019   76.220    0    0  (Gen:  0)
583350504  12971120 1431239480  0.018  0.018   76.538   76.748    0    0  (Gen:  0)
571844504  12971392 1437914584  0.025  0.025   77.056   77.256    0    0  (Gen:  0)
582873648  12971192 1442100088  0.018  0.018   77.596   77.790    0    0  (Gen:  0)
581041448  12971424 1447094016  0.023  0.023   78.124   78.319    0    0  (Gen:  0)
574651600  12971400 1453652608  0.030  0.030   78.653   78.840    0    0  (Gen:  0)
590352000   9431296 1456442792  0.018  0.018   79.209   79.403    0    0  (Gen:  0)
570227920   9081376 1462812896  0.022  0.022   79.713   79.894    0    0  (Gen:  0)
576172928   9081296 1469883968  0.030  0.030   80.258   80.429    0    0  (Gen:  0)
588478744   9081120 1472196840  0.016  0.017   80.801   80.979    0    0  (Gen:  0)
577704072   9081392 1478769144  0.023  0.023   81.321   81.489    0    0  (Gen:  0)
579020624  12945048 1484670120  0.027  0.027   81.876   82.033    0    0  (Gen:  0)
585185224  12944912 1488081104  0.018  0.018   82.402   82.567    0    0  (Gen:  0)
572348968  10095952 1494676240  0.024  0.024   82.919   83.073    0    0  (Gen:  0)
582382680  10095664 1498505384  0.017  0.017   83.462   83.605    0    0  (Gen:  0)
583903776   9137752 1503899120  0.024  0.024   83.991   84.142    0    0  (Gen:  0)
569753800   9137688 1510386360  0.030  0.030   84.518   84.659    0    0  (Gen:  0)
595530312   9137512 1513559344  0.019  0.019   85.076   85.224    0    0  (Gen:  0)
575229520   9137768 1519539984  0.025  0.025   85.642   85.781    0    0  (Gen:  0)
573084720   9137720 1526682248  0.042  0.042   86.263   86.394    0    0  (Gen:  0)
594629424   9137568 1528964496  0.017  0.017   86.822   86.961    0    0  (Gen:  0)
575584768   9088584 1535607392  0.023  0.023   87.340   87.468    0    0  (Gen:  0)
581170632   9088480 1542590776  0.029  0.030   87.889   88.008    0    0  (Gen:  0)
594364696   9088344 1545134968  0.017  0.017   88.433   88.561    0    0  (Gen:  0)
572482944   9088624 1551516384  0.023  0.023   88.951   89.070    0    0  (Gen:  0)
580705632  11988368 1559817184  0.024  0.024   89.507   89.613    0    0  (Gen:  0)
583005456   9108168 1560815400  0.021  0.021   90.028   90.142    0    0  (Gen:  0)
571768944   9107944 1567192104  0.027  0.028   90.549   90.655    0    0  (Gen:  0)
587801728   9333168 1569803536  0.017  0.017   91.100   91.203    0    0  (Gen:  0)
577582248   9333416 1576375800  0.023  0.023   91.619   91.720    0    0  (Gen:  0)
571927920   9333360 1583437392  0.030  0.030   92.148   92.241    0    0  (Gen:  0)
590171984   9333224 1585803208  0.017  0.017   92.702   92.802    0    0  (Gen:  0)
577343832   9051112 1592261416  0.022  0.022   93.219   93.306    0    0  (Gen:  0)
573845760   9050976 1599336408  0.030  0.030   93.760   93.838    0    0  (Gen:  0)
590867792   9050776 1601868152  0.017  0.017   94.304   94.391    0    0  (Gen:  0)
576820024   9051048 1608280712  0.023  0.023   94.824   94.899    0    0  (Gen:  0)
581563800  13073016 1618347880  0.028  0.028   95.387   95.450    0    0  (Gen:  0)
586030952  13073696 1617656016  0.020  0.020   95.912   95.985    0    0  (Gen:  0)
574251936  13073176 1623947280  0.026  0.026   96.433   96.496    0    0  (Gen:  0)
586411192   9587592 1627660768  0.017  0.017   96.975   97.035    0    0  (Gen:  0)
582672912   9587864 1633025000  0.023  0.023   97.504   97.563    0    0  (Gen:  0)
568950864   9587832 1639628264  0.030  0.030   98.029   98.081    0    0  (Gen:  0)
595754952   9587632 1642189792  0.017  0.017   98.588   98.648    0    0  (Gen:  0)
575576128   9587928 1648801856  0.023  0.023   99.102   99.149    0    0  (Gen:  0)
581440992   9587832 1655924280  0.030  0.030   99.646   99.684    0    0  (Gen:  0)
589031544   9587680 1658209352  0.017  0.017  100.194  100.239    0    0  (Gen:  0)
573273496   9587928 1664751160  0.022  0.022  100.710  100.744    0    0  (Gen:  0)
577050032   9587864 1670568824  0.027  0.027  101.265  101.288    0    0  (Gen:  0)
586848592   9587664 1674080536  0.018  0.018  101.794  101.825    0    0  (Gen:  0)
575088864   9587912 1680547688  0.024  0.024  102.315  102.335    0    0  (Gen:  0)
584965504   9587752 1685424920  0.018  0.018  102.866  102.876    0    0  (Gen:  0)
581430992   9588024 1689884760  0.022  0.022  103.392  103.408    0    0  (Gen:  0)
571632392   9587976 1696416816  0.030  0.030  103.921  103.928    0    0  (Gen:  0)
592229552   9332056 1699335160  0.017  0.017  104.473  104.487    0    0  (Gen:  0)
578780248   9332296 1705502680  0.023  0.023  104.998  105.001    0    0  (Gen:  0)
571529360   9332216 1712586560  0.031  0.031  105.528  105.523    0    0  (Gen:  0)
591702104   9201664 1714941080  0.017  0.017  106.081  106.083    0    0  (Gen:  0)
575997496   9201952 1721542232  0.023  0.023  106.600  106.590    0    0  (Gen:  0)
574786872   9201832 1728376856  0.029  0.029  107.143  107.122    0    0  (Gen:  0)
588452160   9201656 1730970592  0.017  0.017  107.683  107.670    0    0  (Gen:  0)
573538760   9201928 1737412400  0.023  0.023  108.202  108.180    0    0  (Gen:  0)
582511392   9201696 1744001584  0.021  0.021  108.753  108.722    0    0  (Gen:  0)
581578824   9202136 1746523448  0.022  0.022  109.275  109.251    0    0  (Gen:  0)
573603528  12257504 1753029744  0.028  0.028  109.799  109.767    0    0  (Gen:  0)
593700944  12257328 1755571640  0.017  0.017  110.358  110.325    0    0  (Gen:  0)
577487192  12257584 1762147688  0.023  0.023  110.877  110.842    0    0  (Gen:  0)
576177456  12257512 1769275720  0.030  0.030  111.411  111.367    0    0  (Gen:  0)
594303224   9220688 1771520264  0.017  0.017  111.968  111.933    0    0  (Gen:  0)
575565736   9221032 1778133456  0.022  0.023  112.485  112.437    0    0  (Gen:  0)
573186800   9220896 1785122416  0.030  0.030  113.025  112.967    0    0  (Gen:  0)
592479264   9200784 1787543120  0.017  0.017  113.572  113.521    0    0  (Gen:  0)
573953720   9201112 1794092784  0.023  0.023  114.091  114.030    0    0  (Gen:  0)
582334424   9200816 1804163832  0.029  0.029  114.659  114.586    0    0  (Gen:  0)
583093320   9201168 1803359864  0.020  0.020  115.181  115.118    0    0  (Gen:  0)
567448192   9201080 1809684432  0.026  0.026  115.695  115.621    0    0  (Gen:  0)
585555024   9200816 1812781512  0.018  0.018  116.240  116.165    0    0  (Gen:  0)
578026064   9085760 1818751128  0.023  0.023  116.766  116.688    0    0  (Gen:  0)
571933824   9085704 1825443784  0.030  0.030  117.296  117.210    0    0  (Gen:  0)
595229296   9247776 1828003544  0.016  0.016  117.854  117.777    0    0  (Gen:  0)
573841488   9248032 1834550072  0.023  0.023  118.367  118.279    0    0  (Gen:  0)
581064920   9247960 1841683888  0.031  0.031  118.915  118.817    0    0  (Gen:  0)
590928600   9148880 1843920440  0.017  0.017  119.461  119.370    0    0  (Gen:  0)
572637544   9071920 1850515952  0.023  0.023  119.979  119.877    0    0  (Gen:  0)
579418680  12525488 1855950904  0.026  0.026  120.539  120.424    0    0  (Gen:  0)
586453680   9112408 1859783896  0.018  0.018  121.061  120.955    0    0  (Gen:  0)
573317680   9112648 1866405064  0.025  0.025  121.582  121.466    0    0  (Gen:  0)
587141864   9112440 1870838032  0.019  0.019  122.128  122.005    0    0  (Gen:  0)
584463744   9138056 1875611960  0.023  0.023  122.661  122.542    0    0  (Gen:  0)
574704648   9138032 1882104952  0.030  0.030  123.194  123.066    0    0  (Gen:  0)
592744528   9137824 1885084440  0.017  0.017  123.745  123.622    0    0  (Gen:  0)
575936872   9138072 1891267496  0.023  0.023  124.270  124.137    0    0  (Gen:  0)
576732512   9138040 1898397320  0.031  0.031  124.808  124.666    0    0  (Gen:  0)
593121776   9137808 1900794848  0.017  0.017  125.362  125.227    0    0  (Gen:  0)
574970832 1552942128 1647659960  2.822  3.263  128.681  128.976    0    0  (Gen:  1)
578782472 1552942048 1654531216  0.030  0.030  129.224  129.509    0    0  (Gen:  0)
585797160 1552941864 1657074880  0.018  0.018  129.768  130.062    0    0  (Gen:  0)
569596992 1552942152 1663501256  0.023  0.023  130.284  130.568    0    0  (Gen:  0)
588977120 1552941904 1670633064  0.023  0.023  130.846  131.120    0    0  (Gen:  0)
581214824 1552942408 1672779416  0.022  0.022  131.372  131.653    0    0  (Gen:  0)
572111440 1552942120 1679168512  0.029  0.029  131.898  132.169    0    0  (Gen:  0)
593182032   9257344 1681596808  0.018  0.018  132.466  132.736    0    0  (Gen:  0)
578404896   9257576 1688300664  0.024  0.024  132.987  133.253    0    0  (Gen:  0)
575994336   9257504 1695439544  0.031  0.031  133.524  133.781    0    0  (Gen:  0)
592517096   9257320 1697682296  0.017  0.017  134.084  134.349    0    0  (Gen:  0)
574268888   9257584 1704194024  0.023  0.023  134.600  134.854    0    0  (Gen:  0)
580581632   9257536 1711317456  0.031  0.031  135.153  135.397    0    0  (Gen:  0)
587578784   9257320 1713701216  0.017  0.017  135.697  135.949    0    0  (Gen:  0)
576353960   9257640 1720281712  0.023  0.023  136.221  136.462    0    0  (Gen:  0)
581428904   9257408 1730408248  0.030  0.030  136.790  137.018    0    0  (Gen:  0)
583023832   9257776 1729591008  0.020  0.020  137.313  137.551    0    0  (Gen:  0)
574156536   9257560 1735994056  0.027  0.027  137.839  138.067    0    0  (Gen:  0)
584851920   9765440 1739648920  0.018  0.018  138.384  138.610    0    0  (Gen:  0)
581289080   9765688 1745059544  0.024  0.024  138.916  139.140    0    0  (Gen:  0)
573914448   9765680 1751697232  0.031  0.031  139.451  139.666    0    0  (Gen:  0)
593504424   9765448 1754233376  0.017  0.017  140.010  140.233    0    0  (Gen:  0)
573281672   9765744 1760827280  0.023  0.023  140.524  140.735    0    0  (Gen:  0)
580880408  14328208 1767986128  0.031  0.031  141.071  141.274    0    0  (Gen:  0)
585946088  14328040 1770205368  0.017  0.017  141.617  141.826    0    0  (Gen:  0)
574932432  14328344 1776823224  0.023  0.023  142.142  142.340    0    0  (Gen:  0)
582020296  14328216 1782405752  0.027  0.027  142.704  142.890    0    0  (Gen:  0)
586551376  14328040 1786203392  0.019  0.019  143.237  143.431    0    0  (Gen:  0)
576353096  14328280 1792588112  0.025  0.025  143.762  143.946    0    0  (Gen:  0)
587436552   9569576 1797013304  0.018  0.018  144.314  144.488    0    0  (Gen:  0)
577149056   9569872 1801691168  0.023  0.023  144.836  145.016    0    0  (Gen:  0)
572617568  13213632 1808214496  0.030  0.030  145.367  145.539    0    0  (Gen:  0)
589188640   9346792 1811034880  0.017  0.017  145.918  146.097    0    0  (Gen:  0)
579264376   9347032 1817477248  0.023  0.023  146.444  146.612    0    0  (Gen:  0)
577027536   9347024 1824590120  0.031  0.031  146.983  147.143    0    0  (Gen:  0)
591250760   9346824 1826879848  0.018  0.018  147.536  147.703    0    0  (Gen:  0)
578293000   9347144 1833569792  0.023  0.023  148.058  148.214    0    0  (Gen:  0)
580969192   9347056 1840561312  0.031  0.031  148.611  148.757    0    0  (Gen:  0)
589120800   9346928 1842997264  0.017  0.017  149.153  149.309    0    0  (Gen:  0)
574526600   9111808 1849689680  0.023  0.023  149.675  149.819    0    0  (Gen:  0)
581973856   9111472 1857379528  0.024  0.024  150.233  150.366    0    0  (Gen:  0)
581743880   9111880 1858699296  0.021  0.021  150.756  150.897    0    0  (Gen:  0)
574555192  12177656 1865198440  0.028  0.028  151.284  151.416    0    0  (Gen:  0)
590394440   9346752 1867771928  0.017  0.017  151.841  151.970    0    0  (Gen:  0)
576258400   9346976 1874433648  0.023  0.023  152.363  152.489    0    0  (Gen:  0)
577042112   9346896 1881434704  0.031  0.031  152.900  153.018    0    0  (Gen:  0)
596191440   9346744 1883668424  0.017  0.017  153.463  153.588    0    0  (Gen:  0)
573369208   9347000 1890196208  0.023  0.023  153.976  154.090    0    0  (Gen:  0)
580841016   9346904 1897324440  0.031  0.031  154.525  154.629    0    0  (Gen:  0)
588915880   9346776 1899679088  0.017  0.017  155.069  155.180    0    0  (Gen:  0)
576064424   9064080 1906274296  0.023  0.023  155.591  155.691    0    0  (Gen:  0)
579669256   9063832 1915825840  0.027  0.027  156.155  156.243    0    0  (Gen:  0)
582494936   9064128 1915588576  0.020  0.020  156.680  156.778    0    0  (Gen:  0)
573218992   9063984 1921912360  0.026  0.026  157.202  157.290    0    0  (Gen:  0)
590265208   9063840 1925865240  0.018  0.018  157.756  157.838    0    0  (Gen:  0)
576228064   9108752 1931058952  0.024  0.024  158.280  158.363    0    0  (Gen:  0)
574443872  14045560 1937622224  0.031  0.031  158.817  158.892    0    0  (Gen:  0)
594791640  14045368 1940337144  0.017  0.018  159.376  159.458    0    0  (Gen:  0)
571625704  14045608 1946866512  0.023  0.023  159.889  159.957    0    0  (Gen:  0)
576983608  14045624 1953921616  0.031  0.031  160.434  160.493    0    0  (Gen:  0)
590936152  14045360 1956230752  0.017  0.017  160.983  161.049    0    0  (Gen:  0)
574247168  14045624 1962880776  0.023  0.023  161.503  161.558    0    0  (Gen:  0)
581854840  14045560 1968796320  0.028  0.028  162.063  162.108    0    0  (Gen:  0)
586278576  14045432 1972104632  0.018  0.018  162.597  162.650    0    0  (Gen:  0)
573650144   9972296 1978534792  0.024  0.024  163.120  163.163    0    0  (Gen:  0)
588156800   9972072 1983992536  0.019  0.019  163.674  163.707    0    0  (Gen:  0)
582691152   9972320 1987832168  0.023  0.023  164.205  164.244    0    0  (Gen:  0)
577421400   9972256 1994406392  0.030  0.030  164.741  164.771    0    0  (Gen:  0)
593809056   9972040 1997919088  0.017  0.017  165.296  165.329    0    0  (Gen:  0)
576053280   9972296 2003417216  0.023  0.023  165.823  165.848    0    0  (Gen:  0)
578529072  14412800 2010563144  0.031  0.031  166.362  166.379    0    0  (Gen:  0)
589480576  14412672 2012831568  0.018  0.018  166.916  166.940    0    0  (Gen:  0)
573886448  14412960 2019427984  0.023  0.023  167.435  167.448    0    0  (Gen:  0)
577984840  14412840 2026375784  0.030  0.030  167.986  167.987    0    0  (Gen:  0)
590708560  14412672 2028846664  0.017  0.017  168.529  168.539    0    0  (Gen:  0)
575219024  14412952 2035352536  0.023  0.023  169.053  169.053    0    0  (Gen:  0)
585392824  14412696 2045013048  0.028  0.028  169.622  169.609    0    0  (Gen:  0)
582612336   9140696 2044749760  0.021  0.021  170.144  170.141    0    0  (Gen:  0)
572363224   9140424 2051082824  0.028  0.028  170.670  170.656    0    0  (Gen:  0)
584335992   9140232 2053956800  0.017  0.017  171.217  171.202    0    0  (Gen:  0)
575405016   9140480 2060352856  0.023  0.023  171.739  171.721    0    0  (Gen:  0)
573933144   9140440 2067400680  0.031  0.031  172.273  172.249    0    0  (Gen:  0)
592785088   9140232 2069648584  0.017  0.017  172.833  172.815    0    0  (Gen:  0)
572362488   9071248 2076332896  0.024  0.024  173.348  173.318    0    0  (Gen:  0)
580467456   9071272 2083390104  0.031  0.031  173.903  173.865    0    0  (Gen:  0)
594933552   9071040 2085631416  0.017  0.017  174.456  174.424    0    0  (Gen:  0)
574159848   9071304 2092182848  0.023  0.023  174.975  174.932    0    0  (Gen:  0)
575738344   9071072 2101733344  0.027  0.027  175.538  175.483    0    0  (Gen:  0)
585253840   9178448 2101628944  0.020  0.020  176.063  176.018    0    0  (Gen:  0)
576392072   9178376 2108007376  0.025  0.025  176.588  176.533    0    0  (Gen:  0)
589224464   9178256 2112502040  0.019  0.019  177.138  177.077    0    0  (Gen:  0)
576373328   9178480 2117024144  0.023  0.023  177.666  177.606    0    0  (Gen:  0)
570985072   9178416 2123628504  0.030  0.031  178.201  178.133    0    0  (Gen:  0)
594248032   9178232 2126245640  0.017  0.017  178.763  178.703    0    0  (Gen:  0)
578714240   9178504 2132826432  0.023  0.024  179.282  179.209    0    0  (Gen:  0)
575294480   9178472 2139998704  0.031  0.031  179.824  179.742    0    0  (Gen:  0)
593698256   9178272 2142314520  0.017  0.018  180.377  180.302    0    0  (Gen:  0)
577326184   9178592 2148930832  0.023  0.023  180.901  180.815    0    0  (Gen:  0)
576937896   9178488 2155260928  0.028  0.028  181.456  181.360    0    0  (Gen:  0)
587103688   9178320 2158332072  0.018  0.018  181.992  181.904    0    0  (Gen:  0)
570593416   9693080 2164875984  0.025  0.025  182.513  182.416    0    0  (Gen:  0)
584453584  10304120 2170113344  0.019  0.019  183.065  182.955    0    0  (Gen:  0)
581133104  10304368 2174008840  0.022  0.022  183.592  183.490    0    0  (Gen:  0)
576343024  10304280 2180591960  0.029  0.030  184.127  184.016    0    0  (Gen:  0)
589190024  10304104 2183756112  0.017  0.017  184.677  184.573    0    0  (Gen:  0)
581515232   9157608 2189725880  0.023  0.023  185.211  185.095    0    0  (Gen:  0)
580051968   9157520 2196871624  0.031  0.031  185.750  185.627    0    0  (Gen:  0)
593387872   9227672 2199076688  0.018  0.018  186.308  186.191    0    0  (Gen:  0)
574337352   9227952 2205573208  0.023  0.023  186.827  186.698    0    0  (Gen:  0)
580043720   9227872 2212738720  0.030  0.031  187.381  187.241    0    0  (Gen:  0)
588941968   9227744 2215202352  0.018  0.018  187.926  187.795    0    0  (Gen:  0)
574512256   9228008 2221626016  0.023  0.023  188.447  188.305    0    0  (Gen:  0)
578701720   9227776 2231211032  0.028  0.028  189.013  188.862    0    0  (Gen:  0)
582456344   9140336 2230923480  0.021  0.021  189.542  189.401    0    0  (Gen:  0)
571139472  12052776 2237355192  0.028  0.028  190.069  189.919    0    0  (Gen:  0)
589166832  12052608 2240240176  0.017  0.017  190.622  190.469    0    0  (Gen:  0)
 98847472  12051592 2079310104  3.145  3.350  193.867  194.631    0    0  (Gen:  1)
    99880   9778624  15772672  0.037  0.207  193.905  194.840    0    0  (Gen:  1)
     2016                      0.000  0.000

 195,834,975,256 bytes allocated in the heap
  17,230,566,552 bytes copied during GC
   2,079,310,104 bytes maximum residency (8 sample(s))
      11,218,664 bytes maximum slop
            1982 MB total memory in use (0 MB lost due to fragmentation)

                                     Tot time (elapsed)  Avg pause  Max pause
  Gen  0       333 colls,     0 par   10.354s  10.459s     0.0314s    0.2530s
  Gen  1         8 colls,     0 par    9.368s  10.678s     1.3348s    3.3504s

  TASKS: 21 (1 bound, 20 peak workers (20 total), using -N4)

  SPARKS: 0 (0 converted, 0 overflowed, 0 dud, 0 GC'd, 0 fizzled)

  INIT    time    0.001s  (  0.006s elapsed)
  MUT     time  174.181s  (173.697s elapsed)
  GC      time   19.722s  ( 21.137s elapsed)
  EXIT    time    0.000s  (  0.006s elapsed)
  Total   time  193.905s  (194.846s elapsed)

  Alloc rate    1,124,317,890 bytes per MUT second

  Productivity  89.8% of total user, 89.1% of total elapsed

