bench-hist/rtsopts/ghcide --lsp --cwd bench/example/Cabal-3.0.0.0 +RTS -I0 -qg -A128M -SgetDefinition.benchmark-gcStats -I0.5 
    Alloc    Copied     Live     GC     GC      TOT      TOT  Page Flts
    bytes     bytes     bytes   user   elap     user     elap
563877648      2160  20285328  0.051  0.057    0.698    6.882    0    0  (Gen:  0)
547620040      5472  36997112  0.089  0.103    1.083    7.479    0    0  (Gen:  1)
545925160      5184  51631504  0.060  0.064    1.478    8.019    0    0  (Gen:  0)
539716896  32559528  71461312  0.073  0.078    1.818    8.532    0    0  (Gen:  0)
539858200  32560152  87390992  0.163  0.184    2.278    9.242    0    0  (Gen:  1)
547268224  30494784 103032888  0.059  0.060    2.654    9.849    0    0  (Gen:  0)
537586040  30494272 116372544  0.051  0.051    3.463   10.276    0    0  (Gen:  0)
544842464  30494240 154229952  0.084  0.087    4.598   10.774    0    0  (Gen:  0)
535770584  30504296 224541312  0.203  0.224    5.484   11.289    0    0  (Gen:  0)
527236160  30500232 262139360  0.473  0.536    6.601   12.050    0    0  (Gen:  1)
527493520  30496696 312454632  0.198  0.199    7.365   12.395    0    0  (Gen:  0)
528710896  85813136 348297104  0.174  0.175    8.096   12.712    0    0  (Gen:  0)
522508520  91773112 404504816  0.192  0.192    8.788   13.033    0    0  (Gen:  0)
528933952  91774200 459933584  0.234  0.251    9.640   13.444    0    0  (Gen:  0)
524884632 105302424 511709368  0.227  0.243   10.452   13.842    0    0  (Gen:  0)
524511968 527342776 556378752  0.985  1.122   11.922   15.133    0    0  (Gen:  1)
526247584 527339608 615689744  0.221  0.221   12.622   15.532    0    0  (Gen:  0)
520150952 527350344 676304776  0.206  0.206   13.114   16.025    0    0  (Gen:  0)
522407904 527338840 733084840  0.182  0.182   13.633   16.545    0    0  (Gen:  0)
528044560 527340144 769251760  0.166  0.166   14.345   16.956    0    0  (Gen:  0)
524626864 527340424 803758408  0.151  0.152   15.104   17.274    0    0  (Gen:  0)
525563280 527339696 839415640  0.157  0.157   15.722   17.839    0    0  (Gen:  0)
526572480 527340000 878964560  0.161  0.162   16.505   18.219    0    0  (Gen:  0)
524530336 527344872 912119200  0.160  0.161   17.249   18.675    0    0  (Gen:  0)
555259280  54568432 932305112  0.111  0.111   17.844   19.228    0    0  (Gen:  0)
589760000  54567104 942259688  0.048  0.048   18.413   19.785    0    0  (Gen:  0)
588244792  54567448 942097856  0.016  0.016   18.930   20.308    0    0  (Gen:  0)
575198800   8096184 946076968  0.019  0.019   19.449   20.813    0    0  (Gen:  0)
591455960   8095952 948090208  0.011  0.011   19.975   21.326    0    0  (Gen:  0)
585987624   3627408 949585944  0.007  0.007   20.487   21.844    0    0  (Gen:  0)
581057232   3627648 951022232  0.008  0.008   20.996   22.340    0    0  (Gen:  0)
581782712   3627544 952232464  0.007  0.007   21.509   22.838    0    0  (Gen:  0)
584660264   4196040 957284192  0.009  0.009   22.020   23.340    0    0  (Gen:  0)
591286520   3657464 955501224  0.008  0.008   22.543   23.864    0    0  (Gen:  0)
583080176   3483624 956258944  0.007  0.007   23.054   24.359    0    0  (Gen:  0)
582992440   3483632 957621544  0.007  0.007   23.567   24.859    0    0  (Gen:  0)
592754560   3483536 960993376  0.008  0.008   24.091   25.382    0    0  (Gen:  0)
586665040   3483760 960772632  0.007  0.007   24.606   25.892    0    0  (Gen:  0)
585341752   3483664 961805632  0.007  0.007   25.121   26.394    0    0  (Gen:  0)
585138272   3483656 963712232  0.008  0.008   25.637   26.900    0    0  (Gen:  0)
592596272   3685808 965163000  0.008  0.008   26.159   27.425    0    0  (Gen:  0)
582622760   3611544 966395160  0.007  0.007   26.672   27.923    0    0  (Gen:  0)
584313352   3611472 967628888  0.007  0.007   27.185   28.423    0    0  (Gen:  0)
586006720   3611480 969468400  0.007  0.007   27.704   28.931    0    0  (Gen:  0)
588910024   3611408 971073720  0.008  0.008   28.222   29.454    0    0  (Gen:  0)
585211776   3611696 972419824  0.008  0.008   28.736   29.953    0    0  (Gen:  0)
582415192   3611616 973591384  0.007  0.007   29.250   30.456    0    0  (Gen:  0)
585929984   3611640 975327376  0.007  0.007   29.770   30.963    0    0  (Gen:  0)
592695360   3611456 976764928  0.008  0.009   30.289   31.488    0    0  (Gen:  0)
585960464   3611712 978179576  0.008  0.008   30.807   31.993    0    0  (Gen:  0)
588621256   3611656 979423960  0.007  0.007   31.328   32.501    0    0  (Gen:  0)
585246240   3607336 981105328  0.008  0.008   31.849   33.008    0    0  (Gen:  0)
589535928   3607168 982458680  0.008  0.009   32.366   33.530    0    0  (Gen:  0)
584398728   3607416 983795336  0.007  0.007   32.881   34.031    0    0  (Gen:  0)
582850536   3607360 985075392  0.007  0.007   33.398   34.536    0    0  (Gen:  0)
586057608   3607168 988787744  0.009  0.010   33.917   35.052    0    0  (Gen:  0)
588910544   3607416 988332800  0.008  0.009   34.437   35.568    0    0  (Gen:  0)
583443152   3607352 989295872  0.007  0.008   34.950   36.067    0    0  (Gen:  0)
582838136   3607320 991190760  0.008  0.009   35.467   36.573    0    0  (Gen:  0)
594084792   3733608 992616200  0.009  0.009   35.994   37.103    0    0  (Gen:  0)
584496560   3733840 993692256  0.007  0.007   36.511   37.606    0    0  (Gen:  0)
583848720   3733760 994892888  0.007  0.007   37.028   38.110    0    0  (Gen:  0)
584915224   3733808 996636392  0.008  0.008   37.546   38.616    0    0  (Gen:  0)
592585928   3733600 998107976  0.008  0.009   38.073   39.149    0    0  (Gen:  0)
580423680   3733968 999562824  0.008  0.008   38.584   39.645    0    0  (Gen:  0)
583586120   3733784 1000746440  0.007  0.008   39.100   40.150    0    0  (Gen:  0)
586758736   3733736 1002393440  0.008  0.008   39.625   40.662    0    0  (Gen:  0)
584731920   3632432 1003927264  0.008  0.009   40.139   41.181    0    0  (Gen:  0)
581665472   3632704 1005313784  0.008  0.008   40.655   41.684    0    0  (Gen:  0)
584904608   3632288 924248232  1.571  1.821   42.735   44.002    0    0  (Gen:  1)
584385688   3632152 929371888  0.009  0.009   43.244   44.500    0    0  (Gen:  0)
587932160   3632432 927516296  0.008  0.008   43.766   45.025    0    0  (Gen:  0)
580988000   3632360 928336912  0.007  0.007   44.277   45.523    0    0  (Gen:  0)
583297800   3456800 929625720  0.007  0.007   44.794   46.031    0    0  (Gen:  0)
589107632   3840032 932927656  0.008  0.008   45.319   46.551    0    0  (Gen:  0)
583869536   3840264 932845984  0.008  0.008   45.835   47.062    0    0  (Gen:  0)
579702584   3840168 933891576  0.008  0.008   46.346   47.563    0    0  (Gen:  0)
584292216   3840208 935755392  0.008  0.008   46.867   48.074    0    0  (Gen:  0)
589260168   3840056 937200328  0.008  0.008   47.392   48.603    0    0  (Gen:  0)
578410096   3638920 938468952  0.007  0.008   47.900   49.097    0    0  (Gen:  0)
584764088   3638816 939888952  0.007  0.007   48.418   49.604    0    0  (Gen:  0)
583943144   3694216 941448688  0.008  0.008   48.936   50.111    0    0  (Gen:  0)
590777112   3646928 942990920  0.008  0.008   49.457   50.636    0    0  (Gen:  0)
580525472   3690192 944517400  0.008  0.008   49.970   51.137    0    0  (Gen:  0)
583363576   3690112 945801152  0.007  0.008   50.488   51.645    0    0  (Gen:  0)
585421736   3690112 947361056  0.008  0.008   51.014   52.158    0    0  (Gen:  0)
586660312   3689928 948854904  0.008  0.008   51.531   52.681    0    0  (Gen:  0)
585828880   3644232 950162344  0.008  0.008   52.049   53.188    0    0  (Gen:  0)
579803328   3644168 951509728  0.007  0.007   52.563   53.690    0    0  (Gen:  0)
585705824   3643992 955371120  0.009  0.009   53.080   54.203    0    0  (Gen:  0)
586449592   3644232 954741552  0.008  0.008   53.602   54.722    0    0  (Gen:  0)
584180976   3644160 955731752  0.007  0.007   54.118   55.226    0    0  (Gen:  0)
582068712   3411416 956950064  0.007  0.007   54.634   55.730    0    0  (Gen:  0)
589394064   3737144 958792680  0.008  0.008   55.157   56.258    0    0  (Gen:  0)
578929328   3614848 959944176  0.008  0.008   55.668   56.757    0    0  (Gen:  0)
582760560   3502896 961204456  0.007  0.007   56.183   57.260    0    0  (Gen:  0)
586474992   3502944 963002296  0.008  0.008   56.707   57.772    0    0  (Gen:  0)
589391832   3502816 964526000  0.008  0.008   57.228   58.298    0    0  (Gen:  0)
581621640   3503080 965908368  0.008  0.008   57.740   58.796    0    0  (Gen:  0)
583996424   3502960 967046520  0.007  0.007   58.258   59.304    0    0  (Gen:  0)
584054776   3502960 968770424  0.008  0.008   58.779   59.811    0    0  (Gen:  0)
590952544   3502808 970316712  0.008  0.008   59.298   60.335    0    0  (Gen:  0)
586564144   3503080 971751648  0.008  0.008   59.817   60.842    0    0  (Gen:  0)
579356536   3503000 972878176  0.008  0.008   60.331   61.345    0    0  (Gen:  0)
585956624   3502864 977994680  0.010  0.010   60.846   61.852    0    0  (Gen:  0)
586985096   3503120 976315448  0.008  0.008   61.371   62.378    0    0  (Gen:  0)
586042976   3503024 976990024  0.007  0.007   61.887   62.880    0    0  (Gen:  0)
582192840   3503080 978246192  0.007  0.007   62.404   63.391    0    0  (Gen:  0)
589634488   3502920 981514928  0.008  0.008   62.932   63.915    0    0  (Gen:  0)
586666536   3503152 981364192  0.008  0.008   63.450   64.428    0    0  (Gen:  0)
582493688   3503144 982493896  0.007  0.007   63.963   64.930    0    0  (Gen:  0)
583137360   3503072 984387800  0.008  0.008   64.481   65.438    0    0  (Gen:  0)
590036456   3610216 985710576  0.008  0.008   65.007   65.967    0    0  (Gen:  0)
582307872   3610464 987112856  0.008  0.008   65.523   66.470    0    0  (Gen:  0)
583654928   3610360 988327264  0.007  0.007   66.041   66.977    0    0  (Gen:  0)
586718920   3732408 990075680  0.008  0.008   66.563   67.488    0    0  (Gen:  0)
593273248   3732272 991719992  0.008  0.008   67.089   68.019    0    0  (Gen:  0)
581547888   3732560 993058808  0.008  0.008   67.601   68.520    0    0  (Gen:  0)
582315840   3732424 994363920  0.007  0.007   68.117   69.026    0    0  (Gen:  0)
589528536   3732440 995963912  0.008  0.008   68.643   69.541    0    0  (Gen:  0)
589898800   3611552 997461688  0.008  0.008   69.165   70.067    0    0  (Gen:  0)
586818280   3674976 998779552  0.008  0.008   69.684   70.574    0    0  (Gen:  0)
582554608   3674848 1000058088  0.007  0.007   70.200   71.079    0    0  (Gen:  0)
586816776   3674696 1005574640  0.011  0.011   70.719   71.590    0    0  (Gen:  0)
588439200   3652656 1003438040  0.008  0.008   71.247   72.120    0    0  (Gen:  0)
583187976   3652608 1004201768  0.007  0.007   71.761   72.621    0    0  (Gen:  0)
583159488   3652616 1005524864  0.007  0.007   72.279   73.128    0    0  (Gen:  0)
585792176   3652464 1008519904  0.008  0.008   72.795   73.647    0    0  (Gen:  0)
587884336   3652704 1008786488  0.008  0.008   73.320   74.162    0    0  (Gen:  0)
580975416   3527672 1009919520  0.007  0.007   73.835   74.664    0    0  (Gen:  0)
579288360   3527616 1011704560  0.008  0.008   74.350   75.169    0    0  (Gen:  0)
585582160   3628128 1013115448  0.008  0.008   74.894   75.721    0    0  (Gen:  0)
583778664   3628488 1014494856  0.008  0.008   75.416   76.229    0    0  (Gen:  0)
578921856   3628360 1015735968  0.007  0.007   75.935   76.738    0    0  (Gen:  0)
585192240   3663792 1017369320  0.008  0.008   76.461   77.254    0    0  (Gen:  0)
590595568   3663648 1018962328  0.008  0.008   76.983   77.783    0    0  (Gen:  0)
582331744   3663920 1020264704  0.008  0.008   77.499   78.286    0    0  (Gen:  0)
583075296   3663800 1021605768  0.007  0.007   78.018   78.795    0    0  (Gen:  0)
585186568   3663848 1023161136  0.007  0.007   78.540   79.306    0    0  (Gen:  0)
589840432   3663712 1024692984  0.008  0.008   79.060   79.831    0    0  (Gen:  0)
581347976   3664048 1026049368  0.008  0.008   79.574   80.332    0    0  (Gen:  0)
580461856   3663872 1027272576  0.007  0.007   80.088   80.836    0    0  (Gen:  0)
590409496   3663800 1030874792  0.009  0.009   80.611   81.355    0    0  (Gen:  0)
585655304   3664032 1030434840  0.008  0.008   81.133   81.874    0    0  (Gen:  0)
584643736   3530792 1031553920  0.007  0.007   81.649   82.379    0    0  (Gen:  0)
579331456   3530792 1033421704  0.008  0.008   82.166   82.887    0    0  (Gen:  0)
591896992   3530648 1034873248  0.008  0.008   82.694   83.419    0    0  (Gen:  0)
585691600   3679416 1036182248  0.008  0.008   83.214   83.926    0    0  (Gen:  0)
580650088   3679312 1037432456  0.007  0.007   83.729   84.429    0    0  (Gen:  0)
586951224   3679336 1039216216  0.008  0.008   84.252   84.942    0    0  (Gen:  0)
595105960   3679176 1040744888  0.008  0.008   84.781   85.475    0    0  (Gen:  0)
585916600   3679432 1042259304  0.008  0.008   85.301   85.982    0    0  (Gen:  0)
586494608   3484672 1043181112  0.007  0.007   85.823   86.492    0    0  (Gen:  0)
586283840   3663496 1044991648  0.008  0.008   86.347   87.004    0    0  (Gen:  0)
584916008   3637848 1046422856  0.008  0.008   86.863   87.525    0    0  (Gen:  0)
580690744   3686008 1047781888  0.008  0.008   87.381   88.030    0    0  (Gen:  0)
580469752   3685872 1049114400  0.008  0.008   87.898   88.537    0    0  (Gen:  0)
583516872   3685744 1054236552  0.010  0.010   88.413   89.043    0    0  (Gen:  0)
593448616   3571944 1052397088  0.008  0.008   88.943   89.573    0    0  (Gen:  0)
585187808   3571848 1053238304  0.007  0.007   89.461   90.078    0    0  (Gen:  0)
579898152   3465216 1054485288  0.007  0.007   89.977   90.584    0    0  (Gen:  0)
589194856   3465080 1057879896  0.008  0.008   90.504   91.107    0    0  (Gen:  0)
584878000   3465344 1057631224  0.008  0.008   91.024   91.623    0    0  (Gen:  0)
581417520   3465304 1058877640  0.008  0.008   91.538   92.126    0    0  (Gen:  0)
581219296   3893872 1060621144  0.008  0.008   92.056   92.634    0    0  (Gen:  0)
592683240   3893720 1062012480  0.008  0.009   92.586   93.169    0    0  (Gen:  0)
583859848   3893984 1063355968  0.008  0.008   93.104   93.675    0    0  (Gen:  0)
579082008   3491200 1064601656  0.007  0.007   93.620   94.180    0    0  (Gen:  0)
586739496   3491128 1066383216  0.008  0.008   94.143   94.692    0    0  (Gen:  0)
593273880   3490992 1067902424  0.008  0.009   94.671   95.226    0    0  (Gen:  0)
583449320   3491296 1069261472  0.008  0.008   95.187   95.730    0    0  (Gen:  0)
581586016   3491128 1070588656  0.008  0.008   95.704   96.234    0    0  (Gen:  0)
589996496   3491192 1072237216  0.008  0.008   96.232   96.750    0    0  (Gen:  0)
588413592   3490984 1073731960  0.008  0.008   96.754   97.277    0    0  (Gen:  0)
589051216   3491296 1075206952  0.008  0.008   97.276   97.788    0    0  (Gen:  0)
577392992   3499448 1076376168  0.008  0.008   97.789   98.291    0    0  (Gen:  0)
586334872   3499320 1081561392  0.010  0.010   98.307   98.802    0    0  (Gen:  0)
590913928   3499552 1079793800  0.008  0.008   98.839   99.334    0    0  (Gen:  0)
583180856   3473192 1080490968  0.007  0.007   99.356   99.839    0    0  (Gen:  0)
578775088   3438296 1081768232  0.007  0.007   99.873  100.344    0    0  (Gen:  0)
589636816   3438120 1084532040  0.008  0.008  100.391  100.867    0    0  (Gen:  0)
588279560   3438352 1084931984  0.008  0.008  100.920  101.384    0    0  (Gen:  0)
586218216   3438280 1086071328  0.008  0.008  101.438  101.890    0    0  (Gen:  0)
580722432   3438256 1087889768  0.008  0.008  101.955  102.396    0    0  (Gen:  0)
591058784   3438112 1089270280  0.008  0.008  102.483  102.928    0    0  (Gen:  0)
583719968   3438400 1090625424  0.008  0.008  103.000  103.432    0    0  (Gen:  0)
583492120   3438368 1091875464  0.008  0.008  103.521  103.945    0    0  (Gen:  0)
587784936   3438368 1093652384  0.008  0.008  104.045  104.459    0    0  (Gen:  0)
589641008   3669072 1095294712  0.008  0.008  104.569  104.987    0    0  (Gen:  0)
584291448   3669392 1096593192  0.008  0.008  105.086  105.492    0    0  (Gen:  0)
577523160   3669232 1097937496  0.007  0.008  105.601  105.995    0    0  (Gen:  0)
590507248   3638776 1099692408  0.008  0.008  106.128  106.509    0    0  (Gen:  0)
587519024   3638632 1101073800  0.008  0.008  106.648  107.033    0    0  (Gen:  0)
582791304   3638904 1102374064  0.008  0.008  107.166  107.539    0    0  (Gen:  0)
586338048   3638784 1103698496  0.008  0.008  107.690  108.053    0    0  (Gen:  0)
587677320   3638640 1108635936  0.010  0.010  108.211  108.569    0    0  (Gen:  0)
587188784   3638904 1106935280  0.008  0.008  108.737  109.094    0    0  (Gen:  0)
580024280   3470344 1107815912  0.007  0.007  109.251  109.596    0    0  (Gen:  0)
584063016   3470336 1109086472  0.007  0.007  109.773  110.108    0    0  (Gen:  0)
587854320   3470208 1111602392  0.008  0.008  110.293  110.632    0    0  (Gen:  0)
584037760   3470456 1112346336  0.008  0.008  110.817  111.144    0    0  (Gen:  0)
585855840   3529800 1113478144  0.007  0.007  111.337  111.652    0    0  (Gen:  0)
589273840   3529880 1115322008  0.008  0.008  111.864  112.168    0    0  (Gen:  0)
595407552   3529688 1116733184  0.008  0.008  112.395  112.704    0    0  (Gen:  0)
585005552   3530016 1118016536  0.008  0.008  112.913  113.208    0    0  (Gen:  0)
583698232   3529928 1119259064  0.008  0.008  113.432  113.714    0    0  (Gen:  0)
588579936   3529920 1121011928  0.008  0.008  113.957  114.233    0    0  (Gen:  0)
587518616   3529776 1122538936  0.008  0.008  114.478  114.759    0    0  (Gen:  0)
584572928   3530056 1123906696  0.008  0.008  114.999  115.267    0    0  (Gen:  0)
587080832   3529928 1125247688  0.008  0.008  115.522  115.780    0    0  (Gen:  0)
586475048   3529920 1126966680  0.008  0.008  116.048  116.293    0    0  (Gen:  0)
588639328   3529816 1128395624  0.008  0.008  116.569  116.820    0    0  (Gen:  0)
583532616   3530112 1129693688  0.008  0.008  117.089  117.328    0    0  (Gen:  0)
582313160   3529960 1130993776  0.008  0.008  117.611  117.839    0    0  (Gen:  0)
589600896   3529832 1136163384  0.010  0.010  118.134  118.356    0    0  (Gen:  0)
584800232   3530064 1134281024  0.008  0.008  118.658  118.882    0    0  (Gen:  0)
585100256   3529968 1135113384  0.008  0.008  119.176  119.387    0    0  (Gen:  0)
581307264   3530008 1136313224  0.008  0.008  119.695  119.894    0    0  (Gen:  0)
586896296   3529824 1139032464  0.009  0.009  120.212  120.416    0    0  (Gen:  0)
589373992   3530064 1139582992  0.008  0.008  120.742  120.934    0    0  (Gen:  0)
584894200   3526424 1140641712  0.008  0.008  121.263  121.444    0    0  (Gen:  0)
583681328   3526280 1142497200  0.008  0.008  121.785  121.957    0    0  (Gen:  0)
590854344   3609808 1143841272  0.008  0.008  122.314  122.491    0    0  (Gen:  0)
579585472   3610080 1145274392  0.008  0.008  122.830  122.996    0    0  (Gen:  0)
583587456   3494576 1146503912  0.007  0.007  123.349  123.504    0    0  (Gen:  0)
586502376   3494528 1148229104  0.008  0.008  123.875  124.018    0    0  (Gen:  0)
588862320   3494400 1149762424  0.008  0.009  124.399  124.546    0    0  (Gen:  0)
582130664   3494680 1151204272  0.008  0.008  124.915  125.050    0    0  (Gen:  0)
578532192   3494560 1152433880  0.008  0.008  125.434  125.558    0    0  (Gen:  0)
582186600   3610272 1154086928  0.008  0.008  125.956  126.068    0    0  (Gen:  0)
590539800   3592840 1155571224  0.008  0.008  126.478  126.594    0    0  (Gen:  0)
582574656   3644104 1156878680  0.008  0.008  126.998  127.101    0    0  (Gen:  0)
587383656   3644064 1158259584  0.008  0.008  127.521  127.614    0    0  (Gen:  0)
587300832   3643864 1162385448  0.009  0.009  128.041  128.131    0    0  (Gen:  0)
585860640   3644096 1161380296  0.008  0.008  128.570  128.656    0    0  (Gen:  0)
583553376   3644040 1162406152  0.008  0.008  129.087  129.167    0    0  (Gen:  0)
583885360   3644000 1163537240  0.007  0.007  129.607  129.676    0    0  (Gen:  0)
593693288   3643864 1166005728  0.009  0.009  130.134  130.207    0    0  (Gen:  0)
585405488   3644104 1166682016  0.008  0.008  130.659  130.719    0    0  (Gen:  0)
586996312   3644080 1167897488  0.008  0.008  131.180  131.228    0    0  (Gen:  0)
584787080   3644000 1169741968  0.008  0.008  131.703  131.742    0    0  (Gen:  0)
593520504   3616696 1171133944  0.008  0.008  132.234  132.277    0    0  (Gen:  0)
585161264   3616976 1172504296  0.008  0.008  132.755  132.785    0    0  (Gen:  0)
584569312   3616880 1173686688  0.008  0.008  133.278  133.297    0    0  (Gen:  0)
584772664   3616848 1175434920  0.008  0.008  133.804  133.811    0    0  (Gen:  0)
587701944   3616712 1176950016  0.008  0.008  134.327  134.339    0    0  (Gen:  0)
586908616   3616960 1178410552  0.008  0.008  134.848  134.849    0    0  (Gen:  0)
583768672   3616856 1179863792  0.008  0.008  135.368  135.359    0    0  (Gen:  0)
586752728   3616960 1181408744  0.008  0.008  135.894  135.873    0    0  (Gen:  0)
584921056   3616840 1182824616  0.008  0.008  136.412  136.395    0    0  (Gen:  0)
586497168   3617120 1184262304  0.008  0.008  136.934  136.904    0    0  (Gen:  0)
584303576   3617168 1185466376  0.008  0.008  137.457  137.417    0    0  (Gen:  0)
590485376   3616896 1190509304  0.010  0.010  137.983  137.936    0    0  (Gen:  0)
588961896   3617144 1188751616  0.008  0.008  138.513  138.465    0    0  (Gen:  0)
582531664   3617096 1189567464  0.008  0.008  139.029  138.968    0    0  (Gen:  0)
581646544   3617184 1190916328  0.007  0.007  139.550  139.479    0    0  (Gen:  0)
590877368   3940080 1193584056  0.009  0.009  140.072  140.005    0    0  (Gen:  0)
582810240   3940320 1194055632  0.009  0.009  140.598  140.521    0    0  (Gen:  0)
583280744   3940360 1195257328  0.008  0.008  141.118  141.031    0    0  (Gen:  0)
584740112   3940320 1197014304  0.008  0.008  141.641  141.543    0    0  (Gen:  0)
590588584   3940136 1198492712  0.008  0.008  142.168  142.076    0    0  (Gen:  0)
581788600   3650088 1199788200  0.008  0.008  142.686  142.579    0    0  (Gen:  0)
583456264   3650032 1201082576  0.008  0.008  143.207  143.091    0    0  (Gen:  0)
585276912   3677248 1202710312  0.008  0.008  143.732  143.603    0    0  (Gen:  0)
592197248   3677160 1204361696  0.008  0.008  144.258  144.133    0    0  (Gen:  0)
583923144   3677424 1205656200  0.008  0.008  144.778  144.642    0    0  (Gen:  0)
582840376   3677312 1207029888  0.008  0.008  145.300  145.153    0    0  (Gen:  0)
586254128   3677312 1208592672  0.008  0.008  145.827  145.667    0    0  (Gen:  0)
589993552   3677168 1210227856  0.008  0.008  146.349  146.195    0    0  (Gen:  0)
584312376   3677424 1211490480  0.008  0.008  146.867  146.699    0    0  (Gen:  0)
582172816   3677432 1212789256  0.008  0.008  147.386  147.208    0    0  (Gen:  0)
589558552   3677232 1217092048  0.009  0.009  147.912  147.728    0    0  (Gen:  0)
590923984   3677464 1215901776  0.009  0.009  148.445  148.257    0    0  (Gen:  0)
588803632   3677384 1216731168  0.007  0.008  148.968  148.768    0    0  (Gen:  0)
581902360   3677368 1217999136  0.007  0.007  149.490  149.280    0    0  (Gen:  0)
583804480   3842776 1220394136  0.009  0.009  150.009  149.804    0    0  (Gen:  0)
585643992   3642592 1221193208  0.008  0.008  150.537  150.320    0    0  (Gen:  0)
580696520   3642504 1222369064  0.008  0.008  151.054  150.827    0    0  (Gen:  0)
583465488   3642480 1224212064  0.008  0.008  151.576  151.337    0    0  (Gen:  0)
592367504   3599200 1225620504  0.008  0.008  152.105  151.871    0    0  (Gen:  0)
583046760   3599456 1226902448  0.008  0.008  152.624  152.377    0    0  (Gen:  0)
586147192   3489784 1228151200  0.008  0.008  153.147  152.889    0    0  (Gen:  0)
584769440   3489792 1229843288  0.008  0.008  153.672  153.401    0    0  (Gen:  0)
585754816   3489664 1231476176  0.008  0.008  154.195  153.927    0    0  (Gen:  0)
584160664   3490008 1232787864  0.008  0.008  154.714  154.435    0    0  (Gen:  0)
582284656   3489896 1234245752  0.008  0.008  155.234  154.944    0    0  (Gen:  0)
588649512   3489968 1235790640  0.008  0.008  155.763  155.459    0    0  (Gen:  0)
592580088   3589768 1237230256  0.008  0.008  156.287  155.988    0    0  (Gen:  0)
587718136   3643584 1238529056  0.008  0.008  156.810  156.497    0    0  (Gen:  0)
587128856   3643560 1239799448  0.008  0.008  157.337  157.015    0    0  (Gen:  0)
588697088   3643328 1244602160  0.010  0.010  157.860  157.533    0    0  (Gen:  0)
587946928   3636504 1243039320  0.008  0.008  158.388  158.059    0    0  (Gen:  0)
584968504   3553488 1244105960  0.008  0.008  158.908  158.568    0    0  (Gen:  0)
581099608   3553536 1245288152  0.007  0.007  159.429  159.079    0    0  (Gen:  0)
589772528   3553424 1247759368  0.009  0.009  159.951  159.604    0    0  (Gen:  0)
584216648   3553656 1248514944  0.008  0.008  160.479  160.123    0    0  (Gen:  0)
579819792   3516352 1249630656  0.008  0.008  160.997  160.630    0    0  (Gen:  0)
495267640 892209600 1021441624  1.370  1.446  162.807  163.172    0    0  (Gen:  1)
   104640   9782768  15776352  0.025  0.107  162.832  163.280    0    0  (Gen:  1)
     1368                      0.000  0.000

 173,109,096,232 bytes allocated in the heap
   7,417,971,376 bytes copied during GC
   1,021,441,624 bytes maximum residency (7 sample(s))
       8,038,824 bytes maximum slop
             974 MB total memory in use (0 MB lost due to fragmentation)

                                     Tot time (elapsed)  Avg pause  Max pause
  Gen  0       292 colls,     0 par    5.321s   5.412s     0.0185s    0.2508s
  Gen  1         7 colls,     0 par    4.677s   5.318s     0.7597s    1.8212s

  TASKS: 21 (1 bound, 20 peak workers (20 total), using -N4)

  SPARKS: 0 (0 converted, 0 overflowed, 0 dud, 0 GC'd, 0 fizzled)

  INIT    time    0.001s  (  0.006s elapsed)
  MUT     time  152.832s  (152.544s elapsed)
  GC      time    9.998s  ( 10.730s elapsed)
  EXIT    time    0.000s  (  0.013s elapsed)
  Total   time  162.832s  (163.292s elapsed)

  Alloc rate    1,132,673,337 bytes per MUT second

  Productivity  93.9% of total user, 93.4% of total elapsed

