bench-hist/rtsopts/ghcide --lsp --cwd bench/example/Cabal-3.0.0.0 +RTS -I0 -qg -A128M -Shover_after_edit.benchmark-gcStats -I0.5 
    Alloc    Copied     Live     GC     GC      TOT      TOT  Page Flts
    bytes     bytes     bytes   user   elap     user     elap
565685424  18399592  20313160  0.056  0.062    0.745    6.214    0    0  (Gen:  0)
550406880  18402936  38222560  0.092  0.106    1.144    6.879    0    0  (Gen:  1)
551229176  18402600  52016096  0.062  0.066    1.558    7.443    0    0  (Gen:  0)
542598040  18402872  71805000  0.073  0.077    1.903    7.965    0    0  (Gen:  0)
542685368  82175752  88137496  0.169  0.191    2.375    8.720    0    0  (Gen:  1)
549348104  82175016 103283816  0.059  0.060    2.759    9.309    0    0  (Gen:  0)
534260344  26757064 115888056  0.055  0.056    3.639    9.762    0    0  (Gen:  0)
546593432  26757232 151495336  0.089  0.090    4.813   10.320    0    0  (Gen:  0)
538818992  26777336 219297576  0.215  0.238    5.729   10.877    0    0  (Gen:  0)
534058952  26761024 262344528  0.510  0.575    6.955   11.717    0    0  (Gen:  1)
524891040  89454464 307335304  0.203  0.203    7.710   12.065    0    0  (Gen:  0)
525083136  89456872 356193048  0.210  0.210    8.453   12.414    0    0  (Gen:  0)
526224280 103282144 409382128  0.215  0.216    9.202   12.768    0    0  (Gen:  0)
521586032 110037280 466534992  0.248  0.265   10.021   13.180    0    0  (Gen:  0)
525957504 110041512 520303168  0.246  0.264   10.826   13.593    0    0  (Gen:  0)
524029016 110036320 562763616  1.007  1.144   12.413   14.887    0    0  (Gen:  1)
525075496 110039984 615849064  0.208  0.208   13.199   15.252    0    0  (Gen:  0)
521148416 110046256 676017104  0.199  0.200   13.683   15.736    0    0  (Gen:  0)
524133608 114739280 732904768  0.183  0.183   14.210   16.263    0    0  (Gen:  0)
528679896 114741032 768936840  0.165  0.166   14.919   16.669    0    0  (Gen:  0)
527798816 114741072 804284240  0.156  0.156   15.686   16.997    0    0  (Gen:  0)
525640976 114741024 839265440  0.158  0.158   16.301   17.573    0    0  (Gen:  0)
526970072 114742168 879840104  0.165  0.166   17.092   17.953    0    0  (Gen:  0)
522863568  70371408 911827264  0.160  0.160   17.860   18.372    0    0  (Gen:  0)
555477920  70357576 931885336  0.112  0.113   18.458   18.923    0    0  (Gen:  0)
585857296  70356280 941346360  0.046  0.046   19.018   19.470    0    0  (Gen:  0)
583643416   9098376 943474528  0.020  0.020   19.536   19.996    0    0  (Gen:  0)
568585384   9098816 958578840  0.054  0.054   20.089   20.537    0    0  (Gen:  0)
585153264   9097936 961323888  0.021  0.021   20.634   21.089    0    0  (Gen:  0)
566312448   9098304 970736592  0.030  0.030   21.151   21.593    0    0  (Gen:  0)
592129032   9098032 975843904  0.022  0.022   21.708   22.136    0    0  (Gen:  0)
569580648   9098368 982798416  0.030  0.030   22.227   22.661    0    0  (Gen:  0)
572272672   9098296 990483096  0.036  0.036   22.791   23.210    0    0  (Gen:  0)
586708328   9098080 994572112  0.025  0.027   23.321   23.751    0    0  (Gen:  0)
563444528   9098400 1003195992  0.030  0.030   23.839   24.256    0    0  (Gen:  0)
594424600   9098160 1006135160  0.022  0.025   24.404   24.830    0    0  (Gen:  0)
563545720   9098496 1015374688  0.030  0.030   24.916   25.327    0    0  (Gen:  0)
577668584  14866008 1021134152  0.031  0.032   25.479   25.878    0    0  (Gen:  0)
577542984  14866264 1027669064  0.027  0.028   25.997   26.403    0    0  (Gen:  0)
571032712  14866296 1036657376  0.035  0.035   26.543   26.938    0    0  (Gen:  0)
587981880 924038528 958755528  1.663  1.926   28.735   29.400    0    0  (Gen:  1)
561557616 924038864 968032704  0.031  0.031   29.246   29.900    0    0  (Gen:  0)
586303584 924038640 971558376  0.021  0.021   29.793   30.443    0    0  (Gen:  0)
568703120 924038968 980087544  0.031  0.031   30.318   30.965    0    0  (Gen:  0)
570030448 924038720 987609184  0.036  0.036   30.887   31.519    0    0  (Gen:  0)
577592304 924038968 992482032  0.023  0.023   31.397   32.037    0    0  (Gen:  0)
567654232 924038984 1001371032  0.032  0.033   31.923   32.551    0    0  (Gen:  0)
594428800  11724552 1004008192  0.020  0.020   32.481   33.115    0    0  (Gen:  0)
565009448  11724912 1013275808  0.031  0.031   33.000   33.621    0    0  (Gen:  0)
582675504  11724664 1021074600  0.026  0.026   33.555   34.162    0    0  (Gen:  0)
572000808  11725472 1025283640  0.029  0.029   34.076   34.689    0    0  (Gen:  0)
571075336  11724888 1034276448  0.039  0.039   34.628   35.227    0    0  (Gen:  0)
585693168  11724728 1037152232  0.020  0.020   35.166   35.774    0    0  (Gen:  0)
561836472  11692816 1046275072  0.030  0.030   35.683   36.278    0    0  (Gen:  0)
595814048  11692488 1049783560  0.021  0.021   36.242   36.844    0    0  (Gen:  0)
567465352  11692808 1058359128  0.031  0.031   36.768   37.358    0    0  (Gen:  0)
574907232  15409408 1064453008  0.031  0.031   37.329   37.903    0    0  (Gen:  0)
581248992  15409624 1070685664  0.025  0.025   37.852   38.435    0    0  (Gen:  0)
569170360  15409600 1079550936  0.035  0.035   38.389   38.959    0    0  (Gen:  0)
595040824  15409480 1082332008  0.021  0.021   38.947   39.522    0    0  (Gen:  0)
562279160  15409800 1091289392  0.030  0.030   39.461   40.023    0    0  (Gen:  0)
588833200  15409504 1096884048  0.022  0.023   40.016   40.565    0    0  (Gen:  0)
570577840  15409840 1103612568  0.030  0.030   40.539   41.094    0    0  (Gen:  0)
572006416  15409736 1111496280  0.036  0.036   41.102   41.643    0    0  (Gen:  0)
584482968  11645536 1115375992  0.022  0.022   41.632   42.181    0    0  (Gen:  0)
566289680  11645848 1124040208  0.031  0.031   42.155   42.692    0    0  (Gen:  0)
594420216  11763712 1126995272  0.021  0.021   42.718   43.262    0    0  (Gen:  0)
567643184  11764024 1136176056  0.030  0.030   43.237   43.766    0    0  (Gen:  0)
577303048  11763800 1141866720  0.029  0.029   43.797   44.313    0    0  (Gen:  0)
572276904  11772192 1148495840  0.026  0.026   44.323   44.846    0    0  (Gen:  0)
566377720  11764000 1157407312  0.035  0.035   44.867   45.377    0    0  (Gen:  0)
588820152  11763912 1160084416  0.021  0.021   45.415   45.933    0    0  (Gen:  0)
560544496  11764264 1169441824  0.030  0.030   45.931   46.436    0    0  (Gen:  0)
589205824  11959424 1172837816  0.022  0.022   46.483   46.985    0    0  (Gen:  0)
570525184  11959728 1181440176  0.030  0.031   47.011   47.508    0    0  (Gen:  0)
572423616  17078264 1189081680  0.036  0.037   47.585   48.068    0    0  (Gen:  0)
583785792  11738696 1193813384  0.023  0.023   48.104   48.595    0    0  (Gen:  0)
565268080  11738744 1202747464  0.033  0.033   48.633   49.114    0    0  (Gen:  0)
590040976  11722744 1205385968  0.023  0.025   49.195   49.686    0    0  (Gen:  0)
562672160  11723088 1214561952  0.030  0.030   49.715   50.193    0    0  (Gen:  0)
581982672  11722776 1222783720  0.028  0.028   50.274   50.739    0    0  (Gen:  0)
571507776  11673808 1226735360  0.029  0.029   50.797   51.268    0    0  (Gen:  0)
566660672  11673496 1235484440  0.037  0.037   51.345   51.801    0    0  (Gen:  0)
588957104  11673288 1238624760  0.021  0.021   51.890   52.352    0    0  (Gen:  0)
564966144  11673600 1247645792  0.032  0.032   52.412   52.861    0    0  (Gen:  0)
590753344  11673360 1251003328  0.020  0.020   52.966   53.422    0    0  (Gen:  0)
567966664  11673688 1259712552  0.031  0.031   53.493   53.935    0    0  (Gen:  0)
574822008  11673456 1265744256  0.031  0.031   54.055   54.482    0    0  (Gen:  0)
578120144  11679320 1271932264  0.026  0.026   54.580   55.015    0    0  (Gen:  0)
566933864  11673800 1280861960  0.035  0.035   55.118   55.542    0    0  (Gen:  0)
589251264  11673472 1283572856  0.021  0.021   55.670   56.100    0    0  (Gen:  0)
567617976  11673880 1292903304  0.031  0.031   56.197   56.613    0    0  (Gen:  0)
587093224  11673584 1297254544  0.021  0.021   56.749   57.154    0    0  (Gen:  0)
566278296  11718520 1305038456  0.032  0.032   57.273   57.681    0    0  (Gen:  0)
566740968  17315272 1312762976  0.038  0.038   57.843   58.236    0    0  (Gen:  0)
589176480  17315504 1317437640  0.023  0.023   58.375   58.777    0    0  (Gen:  0)
564613480  17315464 1325648248  0.033  0.033   58.901   59.291    0    0  (Gen:  0)
594570656  17315304 1328562896  0.020  0.020   59.466   59.863    0    0  (Gen:  0)
561812352  17315632 1337775440  0.031  0.031   59.982   60.365    0    0  (Gen:  0)
577574864  17315376 1348053000  0.031  0.031   60.548   60.917    0    0  (Gen:  0)
572780280  17315832 1350135720  0.029  0.029   61.065   61.441    0    0  (Gen:  0)
571072552  17315616 1359093128  0.039  0.039   61.619   61.981    0    0  (Gen:  0)
589999368  17315456 1361905208  0.021  0.021   62.167   62.537    0    0  (Gen:  0)
564828168  11664128 1371179824  0.031  0.031   62.689   63.045    0    0  (Gen:  0)
589474416  11663928 1374217064  0.021  0.021   63.247   63.599    0    0  (Gen:  0)
568068528  11664232 1383173640  0.031  0.031   63.770   64.118    0    0  (Gen:  0)
573690400  11663992 1390303904  0.035  0.036   64.343   64.676    0    0  (Gen:  0)
578785800  11664208 1395408696  0.024  0.024   64.861   65.201    0    0  (Gen:  0)
562260416  13677808 1404321480  0.033  0.033   65.392   65.721    0    0  (Gen:  0)
595292160  13677664 1407157792  0.021  0.021   65.955   66.290    0    0  (Gen:  0)
565990544  11644816 1416205488  0.031  0.031   66.479   66.799    0    0  (Gen:  0)
589227480  11644528 1423553760  0.026  0.026   67.048   67.355    0    0  (Gen:  0)
572336528  11645088 1428346696  0.030  0.030   67.572   67.887    0    0  (Gen:  0)
568617168  16574264 1437003368  0.038  0.038   68.125   68.425    0    0  (Gen:  0)
589140240  16574088 1440231296  0.021  0.021   68.669   68.978    0    0  (Gen:  0)
564487488  16574432 1449223480  0.032  0.032   69.197   69.494    0    0  (Gen:  0)
589747368  16574120 1452677984  0.020  0.020   69.751   70.053    0    0  (Gen:  0)
565367120  11705800 1461362752  0.031  0.031   70.280   70.568    0    0  (Gen:  0)
575435112  11705552 1467100720  0.031  0.031   70.843   71.116    0    0  (Gen:  0)
580102392  11712776 1473540560  0.026  0.026   71.371   71.652    0    0  (Gen:  0)
567656880  11705784 1482420464  0.036  0.036   71.915   72.182    0    0  (Gen:  0)
588805440  11705632 1485182664  0.021  0.021   72.467   72.740    0    0  (Gen:  0)
563129880  11706072 1494429216  0.031  0.031   72.991   73.250    0    0  (Gen:  0)
585046504  11705720 1499041408  0.022  0.023   73.543   73.794    0    0  (Gen:  0)
568712640  11706032 1506721320  0.030  0.031   74.074   74.325    0    0  (Gen:  0)
571102808  11705832 1514375144  0.038  0.038   74.650   74.888    0    0  (Gen:  0)
586793344  11706056 1519160568  0.024  0.024   75.181   75.428    0    0  (Gen:  0)
563257512  11706104 1527220792  0.032  0.032   75.707   75.940    0    0  (Gen:  0)
593954912  11705856 1530170144  0.021  0.021   76.272   76.512    0    0  (Gen:  0)
565131176  11706264 1539409024  0.032  0.032   76.793   77.019    0    0  (Gen:  0)
578201832  11705944 1549590416  0.031  0.031   77.360   77.572    0    0  (Gen:  0)
575956336  11706768 1551667824  0.030  0.030   77.884   78.103    0    0  (Gen:  0)
565377488  11706168 1560653192  0.039  0.039   78.435   78.640    0    0  (Gen:  0)
590607432  11706008 1563561144  0.021  0.021   78.985   79.197    0    0  (Gen:  0)
564335512  11706384 1572707408  0.031  0.031   79.511   79.712    0    0  (Gen:  0)
593317304  11862408 1575812504  0.021  0.021   80.076   80.273    0    0  (Gen:  0)
564655672  11862712 1584666384  0.031  0.031   80.598   80.790    0    0  (Gen:  0)
575508936  11862504 1591763808  0.034  0.034   81.176   81.352    0    0  (Gen:  0)
579385208  11862712 1597056176  0.024  0.024   81.695   81.878    0    0  (Gen:  0)
565222000  11862680 1606017320  0.033  0.034   82.233   82.404    0    0  (Gen:  0)
595875448  11862552 1608749224  0.021  0.021   82.798   82.973    0    0  (Gen:  0)
568740232  11647056 1617888728  0.031  0.031   83.323   83.485    0    0  (Gen:  0)
587138576  13883536 1625151960  0.027  0.027   83.888   84.037    0    0  (Gen:  0)
572614600  13884344 1629951016  0.029  0.029   84.415   84.570    0    0  (Gen:  0)
566804984  13883760 1638572064  0.038  0.038   84.969   85.110    0    0  (Gen:  0)
587087248  11666904 1641820048  0.021  0.021   85.510   85.658    0    0  (Gen:  0)
562647304  11667264 1650805208  0.031  0.031   86.031   86.167    0    0  (Gen:  0)
590786352  11666968 1654090552  0.020  0.020   86.589   86.731    0    0  (Gen:  0)
568269400  11723656 1662889720  0.031  0.031   87.117   87.246    0    0  (Gen:  0)
579453312  11723408 1668946120  0.032  0.032   87.688   87.802    0    0  (Gen:  0)
579958760  11729384 1675157064  0.026  0.026   88.216   88.337    0    0  (Gen:  0)
564187560  11723624 1684028336  0.037  0.037   88.759   88.868    0    0  (Gen:  0)
587851624  11723448 1686792832  0.021  0.021   89.312   89.428    0    0  (Gen:  0)
563003688  11723808 1696011968  0.031  0.031   89.838   89.941    0    0  (Gen:  0)
588130528  11723448 1700461992  0.022  0.022   90.391   90.485    0    0  (Gen:  0)
574604104  11723760 1708191648  0.031  0.031   90.927   91.022    0    0  (Gen:  0)
569813304  11723520 1715893336  0.038  0.038   91.500   91.580    0    0  (Gen:  0)
586034016  11704104 1720542664  0.022  0.023   92.034   92.120    0    0  (Gen:  0)
561654992  12515576 1728741696  0.032  0.032   92.558   92.631    0    0  (Gen:  0)
592774264  11930264 1731853352  0.022  0.022   93.140   93.221    0    0  (Gen:  0)
563958504  11930608 1740893112  0.035  0.035   93.707   93.774    0    0  (Gen:  0)
580470040  11930336 1750737888  0.040  0.040   94.339   94.394    0    0  (Gen:  0)
572138336  11930728 1753137608  0.028  0.028   94.892   94.954    0    0  (Gen:  0)
565509512  16537416 1762071328  0.038  0.038   95.443   95.493    0    0  (Gen:  0)
589298712  16537240 1764918112  0.021  0.021   95.994   96.051    0    0  (Gen:  0)
561734512  16537568 1774161920  0.031  0.031   96.517   96.561    0    0  (Gen:  0)
588312960  11773608 1777058184  0.021  0.021   97.086   97.128    0    0  (Gen:  0)
568210216  11773912 1786128608  0.031  0.031   97.607   97.643    0    0  (Gen:  0)
575560824  11773688 1793090608  0.035  0.035   98.187   98.209    0    0  (Gen:  0)
583458952  11777432 1798491792  0.025  0.025   98.712   98.742    0    0  (Gen:  0)
566248352  11773872 1807438656  0.035  0.035   99.251   99.270    0    0  (Gen:  0)
594349264  11741280 1810209392  0.021  0.021   99.816   99.840    0    0  (Gen:  0)
563810256  11741624 1819297336  0.032  0.032  100.338  100.348    0    0  (Gen:  0)
584887296  11741440 1825801648  0.025  0.025  100.898  100.896    0    0  (Gen:  0)
576948992  11741776 1831408464  0.030  0.030  101.433  101.438    0    0  (Gen:  0)
566520864  16383688 1839897224  0.037  0.037  101.993  101.983    0    0  (Gen:  0)
586736920  11669216 1843257176  0.021  0.021  102.534  102.531    0    0  (Gen:  0)
565220328  11669552 1852246136  0.032  0.032  103.064  103.049    0    0  (Gen:  0)
588827544  11669264 1855265432  0.020  0.020  103.624  103.615    0    0  (Gen:  0)
568258144  11669592 1864293808  0.031  0.031  104.152  104.129    0    0  (Gen:  0)
574944232  11669344 1870028728  0.030  0.030  104.717  104.680    0    0  (Gen:  0)
580683536  11676928 1876483112  0.027  0.027  105.249  105.220    0    0  (Gen:  0)
562956352  15243168 1885430456  0.037  0.037  105.794  105.752    0    0  (Gen:  0)
587325176  15242960 1888219656  0.021  0.021  106.345  106.310    0    0  (Gen:  0)
564124440  15243320 1897436616  0.032  0.032  106.872  106.826    0    0  (Gen:  0)
587882160  12890256 1902231752  0.023  0.023  107.429  107.376    0    0  (Gen:  0)
572185936  12890552 1909619008  0.032  0.032  107.967  107.913    0    0  (Gen:  0)
569724088 1568551696 1647405752  2.856  3.308  111.363  111.745    0    0  (Gen:  1)
582710048  11766624 1652130912  0.024  0.024  111.892  112.283    0    0  (Gen:  0)
563563976  11766640 1661049664  0.034  0.034  112.425  112.804    0    0  (Gen:  0)
589836408  11738416 1663671376  0.022  0.022  112.990  113.376    0    0  (Gen:  0)
564512760  11738824 1672841488  0.032  0.032  113.514  113.886    0    0  (Gen:  0)
586580608  11738488 1682718824  0.032  0.032  114.091  114.448    0    0  (Gen:  0)
573521144  11739216 1685076016  0.030  0.030  114.617  114.982    0    0  (Gen:  0)
569554448  11738688 1694118504  0.039  0.039  115.176  115.526    0    0  (Gen:  0)
588707488  11699672 1697074896  0.022  0.022  115.730  116.087    0    0  (Gen:  0)
558449544  11700056 1706232744  0.032  0.032  116.254  116.597    0    0  (Gen:  0)
590777224  11699832 1709144272  0.021  0.021  116.819  117.162    0    0  (Gen:  0)
565405024  11700144 1718404712  0.032  0.032  117.344  117.679    0    0  (Gen:  0)
574617376  11699928 1724763304  0.034  0.034  117.920  118.240    0    0  (Gen:  0)
579790256  11704856 1730677880  0.026  0.026  118.447  118.773    0    0  (Gen:  0)
564244536  11700224 1739637024  0.035  0.036  118.987  119.302    0    0  (Gen:  0)
587347320  11700040 1742352096  0.022  0.022  119.544  119.865    0    0  (Gen:  0)
563991592  11700488 1751472240  0.032  0.032  120.075  120.382    0    0  (Gen:  0)
585053952  11700120 1756353392  0.023  0.023  120.630  120.928    0    0  (Gen:  0)
569455544  11700440 1763684800  0.032  0.032  121.163  121.460    0    0  (Gen:  0)
575287032  17124288 1771064224  0.039  0.039  121.747  122.030    0    0  (Gen:  0)
587103448  11606408 1775510096  0.023  0.024  122.283  122.573    0    0  (Gen:  0)
559119936  11606552 1783708072  0.033  0.033  122.809  123.088    0    0  (Gen:  0)
593784192  11606352 1786720048  0.021  0.021  123.378  123.664    0    0  (Gen:  0)
562885248  11606680 1795912968  0.032  0.033  123.901  124.173    0    0  (Gen:  0)
578891832  11606400 1806332880  0.034  0.035  124.479  124.737    0    0  (Gen:  0)
571076376  11606792 1808106456  0.029  0.029  124.998  125.263    0    0  (Gen:  0)
571228384  11606616 1817142864  0.039  0.039  125.557  125.808    0    0  (Gen:  0)
588121536  11723152 1819936672  0.021  0.021  126.108  126.367    0    0  (Gen:  0)
558963504  11723488 1829140264  0.032  0.032  126.635  126.881    0    0  (Gen:  0)
593144704  11866864 1832229296  0.021  0.021  127.204  127.446    0    0  (Gen:  0)
568438640  11867160 1841173288  0.032  0.032  127.732  127.969    0    0  (Gen:  0)
575210128  11866936 1848371144  0.038  0.038  128.316  128.539    0    0  (Gen:  0)
579961432  11717584 1853554552  0.025  0.025  128.841  129.072    0    0  (Gen:  0)
566785800  11715208 1862454368  0.035  0.035  129.383  129.602    0    0  (Gen:  0)
589823872  11715024 1865079888  0.021  0.021  129.946  130.171    0    0  (Gen:  0)
564799192  11715400 1874345552  0.031  0.031  130.472  130.685    0    0  (Gen:  0)
580533280  13266968 1880286664  0.025  0.025  131.029  131.230    0    0  (Gen:  0)
574846520  11711184 1886464216  0.030  0.030  131.564  131.770    0    0  (Gen:  0)
567482880  11711024 1894519696  0.038  0.038  132.129  132.320    0    0  (Gen:  0)
588194216  11710840 1898274736  0.022  0.022  132.671  132.869    0    0  (Gen:  0)
565622392  11711200 1907136168  0.032  0.032  133.201  133.386    0    0  (Gen:  0)
593211408  11710984 1910324128  0.021  0.021  133.767  133.957    0    0  (Gen:  0)
566142568  11711304 1919206168  0.032  0.032  134.296  134.474    0    0  (Gen:  0)
579960640  11711064 1925004488  0.031  0.031  134.868  135.031    0    0  (Gen:  0)
573989248  11711288 1931477144  0.026  0.026  135.394  135.564    0    0  (Gen:  0)
566342848  11711336 1940319832  0.037  0.038  135.944  136.102    0    0  (Gen:  0)
588969632  11711128 1943087128  0.021  0.021  136.500  136.663    0    0  (Gen:  0)
564051008  11711488 1952433888  0.032  0.032  137.030  137.181    0    0  (Gen:  0)
587759752  11711272 1957274952  0.024  0.024  137.589  137.733    0    0  (Gen:  0)
570877648  11711568 1964492064  0.032  0.032  138.124  138.267    0    0  (Gen:  0)
567574904  11711344 1972147576  0.038  0.038  138.701  138.830    0    0  (Gen:  0)
581754128  11711568 1976882600  0.024  0.024  139.227  139.364    0    0  (Gen:  0)
567113192  11711528 1985806408  0.034  0.034  139.764  139.890    0    0  (Gen:  0)
590624488  11747896 1988450832  0.022  0.022  140.330  140.460    0    0  (Gen:  0)
560384728  11748224 1997583656  0.031  0.032  140.854  140.969    0    0  (Gen:  0)
583888768  11747968 2007048680  0.031  0.031  141.428  141.530    0    0  (Gen:  0)
574257048  11748432 2009791232  0.030  0.030  141.958  142.067    0    0  (Gen:  0)
569003640  11748208 2018793192  0.040  0.040  142.518  142.611    0    0  (Gen:  0)
590542744  11748024 2021676928  0.021  0.021  143.071  143.171    0    0  (Gen:  0)
561772320  11748384 2030850896  0.032  0.032  143.600  143.691    0    0  (Gen:  0)
585274672  11974400 2034530224  0.021  0.021  144.153  144.249    0    0  (Gen:  0)
566265680  11974712 2043005640  0.032  0.032  144.688  144.771    0    0  (Gen:  0)
574090976  11974480 2049097928  0.033  0.033  145.259  145.328    0    0  (Gen:  0)
582143384  11665320 2055231976  0.026  0.026  145.790  145.867    0    0  (Gen:  0)
571275928  11665352 2064204624  0.036  0.036  146.340  146.407    0    0  (Gen:  0)
592224760  11665128 2066875344  0.021  0.021  146.904  146.976    0    0  (Gen:  0)
565956120  11631000 2076020096  0.032  0.032  147.435  147.493    0    0  (Gen:  0)
587146904  12955800 2081774400  0.023  0.023  147.997  148.042    0    0  (Gen:  0)
574779472  11764520 2088269520  0.031  0.031  148.534  148.586    0    0  (Gen:  0)
567951624  11764472 2096225256  0.037  0.038  149.101  149.139    0    0  (Gen:  0)
586765936  11668872 2100210296  0.023  0.023  149.646  149.693    0    0  (Gen:  0)
560454752  11669296 2108963888  0.032  0.032  150.176  150.211    0    0  (Gen:  0)
592161920  11669024 2111738432  0.021  0.021  150.744  150.785    0    0  (Gen:  0)
562766432  11669344 2121034928  0.032  0.033  151.270  151.297    0    0  (Gen:  0)
580492592  11669104 2126732720  0.030  0.030  151.846  151.858    0    0  (Gen:  0)
577600648  11669360 2133391576  0.027  0.027  152.373  152.391    0    0  (Gen:  0)
570914656  15330776 2142323616  0.037  0.037  152.928  152.935    0    0  (Gen:  0)
593481360  15330608 2145027784  0.021  0.021  153.487  153.500    0    0  (Gen:  0)
567054864  15330984 2154401704  0.031  0.031  154.020  154.020    0    0  (Gen:  0)
592967104  15330656 2158779944  0.023  0.023  154.584  154.577    0    0  (Gen:  0)
573914488  15330952 2166468712  0.032  0.032  155.121  155.115    0    0  (Gen:  0)
571562400  15330704 2174178536  0.039  0.039  155.700  155.681    0    0  (Gen:  0)
583160128  15330928 2178799496  0.024  0.024  156.236  156.225    0    0  (Gen:  0)
563251216  15330904 2187001816  0.033  0.033  156.768  156.745    0    0  (Gen:  0)
593012248  15330720 2189934800  0.021  0.021  157.337  157.322    0    0  (Gen:  0)
562360840  11700808 2199169176  0.032  0.032  157.860  157.830    0    0  (Gen:  0)
582997672  11700576 2209387448  0.033  0.033  158.439  158.395    0    0  (Gen:  0)
570984592  11701040 2211448480  0.029  0.029  158.961  158.923    0    0  (Gen:  0)
568556104  11700792 2220424376  0.039  0.039  159.517  159.466    0    0  (Gen:  0)
594454240  11700632 2223344200  0.021  0.021  160.074  160.029    0    0  (Gen:  0)
562160576  11700976 2232539496  0.032  0.032  160.606  160.548    0    0  (Gen:  0)
593476696  11700720 2235905992  0.021  0.021  161.172  161.112    0    0  (Gen:  0)
564944816  11686688 2244573224  0.032  0.032  161.704  161.637    0    0  (Gen:  0)
576763600  11686496 2251925400  0.036  0.036  162.288  162.209    0    0  (Gen:  0)
580314360  11687984 2256984968  0.024  0.025  162.812  162.739    0    0  (Gen:  0)
566167424  11686688 2265862360  0.034  0.034  163.355  163.271    0    0  (Gen:  0)
591696192  11752384 2268486184  0.022  0.022  163.922  163.845    0    0  (Gen:  0)
567034688  11671248 2277845448  0.032  0.032  164.451  164.360    0    0  (Gen:  0)
582736336  11671016 2284439472  0.026  0.026  165.015  164.912    0    0  (Gen:  0)
573979304  11671392 2289917624  0.030  0.030  165.548  165.452    0    0  (Gen:  0)
569276152  11671256 2298553848  0.039  0.039  166.112  166.001    0    0  (Gen:  0)
587707064  11671088 2301832976  0.021  0.021  166.659  166.557    0    0  (Gen:  0)
560236768  11671416 2310740856  0.032  0.032  167.186  167.072    0    0  (Gen:  0)
593928232  11852800 2314015144  0.020  0.020  167.752  167.644    0    0  (Gen:  0)
566400448  11853112 2322900008  0.033  0.033  168.289  168.167    0    0  (Gen:  0)
577635600  11852888 2328780368  0.031  0.031  168.862  168.726    0    0  (Gen:  0)
579831032  11859872 2335072368  0.027  0.027  169.393  169.263    0    0  (Gen:  0)
569171448  15131136 2344061872  0.037  0.037  169.945  169.801    0    0  (Gen:  0)
587181096  15130936 2346767536  0.021  0.021  170.503  170.366    0    0  (Gen:  0)
565218344  15131280 2356140920  0.032  0.032  171.035  170.886    0    0  (Gen:  0)
588323424  15131032 2360551112  0.022  0.022  171.593  171.436    0    0  (Gen:  0)
569052120  15131344 2368343664  0.032  0.032  172.128  171.971    0    0  (Gen:  0)
568593872  15131144 2376075216  0.038  0.039  172.707  172.536    0    0  (Gen:  0)
582180632  15131368 2380833424  0.024  0.024  173.241  173.078    0    0  (Gen:  0)
563266232  12581152 2389050336  0.033  0.033  173.771  173.595    0    0  (Gen:  0)
592799800  12580984 2391942280  0.021  0.021  174.340  174.170    0    0  (Gen:  0)
562637656  11692640 2401182488  0.032  0.032  174.864  174.681    0    0  (Gen:  0)
581485824  11692408 2411158968  0.032  0.032  175.439  175.241    0    0  (Gen:  0)
570590080  11692936 2413373176  0.029  0.029  175.962  175.771    0    0  (Gen:  0)
563555592  11692648 2422323232  0.039  0.039  176.515  176.311    0    0  (Gen:  0)
585784024  11692448 2425211696  0.021  0.021  177.065  176.868    0    0  (Gen:  0)
560125112  11692776 2434389480  0.032  0.032  177.593  177.383    0    0  (Gen:  0)
592976392  11692552 2438105512  0.022  0.022  178.156  177.952    0    0  (Gen:  0)
570430992  11692872 2446574912  0.032  0.033  178.698  178.479    0    0  (Gen:  0)
572764064  11692656 2452822760  0.033  0.033  179.276  179.045    0    0  (Gen:  0)
579709880  11692872 2458841224  0.027  0.027  179.823  179.603    0    0  (Gen:  0)
567849680  14641328 2467789368  0.035  0.036  180.374  180.143    0    0  (Gen:  0)
590153904  14641112 2470539400  0.021  0.021  180.935  180.710    0    0  (Gen:  0)
566084288  14641504 2479629688  0.032  0.032  181.468  181.229    0    0  (Gen:  0)
587527984  14641240 2484359360  0.021  0.021  182.030  181.779    0    0  (Gen:  0)
574369168  14641576 2491965832  0.031  0.031  182.569  182.324    0    0  (Gen:  0)
567995424  14641464 2499621056  0.039  0.040  183.145  182.886    0    0  (Gen:  0)
587004088  11670816 2503809552  0.023  0.023  183.685  183.434    0    0  (Gen:  0)
565215120  11671176 2512365536  0.033  0.033  184.218  183.956    0    0  (Gen:  0)
593431136  11855016 2515351152  0.022  0.022  184.791  184.536    0    0  (Gen:  0)
562289408  11716024 2524462160  0.032  0.032  185.318  185.051    0    0  (Gen:  0)
580005480  11715792 2530221552  0.031  0.031  185.894  185.614    0    0  (Gen:  0)
572069296  11716040 2536726544  0.027  0.027  186.417  186.143    0    0  (Gen:  0)
566490568  11715992 2545795576  0.041  0.041  186.975  186.689    0    0  (Gen:  0)
588205512  11672200 2548532152  0.021  0.021  187.529  187.248    0    0  (Gen:  0)
561411664  11672528 2557838816  0.032  0.032  188.059  187.764    0    0  (Gen:  0)
591007792  11935872 2561057048  0.021  0.022  188.624  188.327    0    0  (Gen:  0)
566999024  11936160 2569744688  0.032  0.032  189.156  188.854    0    0  (Gen:  0)
573430728  11935912 2577161296  0.037  0.037  189.740  189.423    0    0  (Gen:  0)
579818936  11936976 2582186688  0.024  0.024  190.266  189.958    0    0  (Gen:  0)
565304920  11936096 2591082280  0.034  0.034  190.807  190.488    0    0  (Gen:  0)
590400760  11935920 2593689552  0.021  0.021  191.372  191.059    0    0  (Gen:  0)
565036848  11936320 2602884784  0.031  0.031  191.900  191.574    0    0  (Gen:  0)
589279928  11935960 2610505120  0.027  0.027  192.474  192.134    0    0  (Gen:  0)
570675728  11936520 2615024616  0.030  0.030  193.005  192.670    0    0  (Gen:  0)
567410360  11936200 2623618960  0.038  0.038  193.568  193.219    0    0  (Gen:  0)
587082536  11694040 2626874392  0.022  0.022  194.118  193.777    0    0  (Gen:  0)
564752176  11979776 2635888464  0.032  0.032  194.647  194.294    0    0  (Gen:  0)
592296848  11979496 2639284384  0.021  0.021  195.211  194.865    0    0  (Gen:  0)
567803048  11737816 2648111832  0.032  0.032  195.746  195.385    0    0  (Gen:  0)
578077256  11737616 2654035568  0.032  0.032  196.318  195.943    0    0  (Gen:  0)
582525496  11679056 2660325760  0.027  0.027  196.856  196.489    0    0  (Gen:  0)
569957808  11679064 2669294776  0.037  0.037  197.407  197.029    0    0  (Gen:  0)
588257632  11728272 2671989984  0.021  0.021  197.964  197.590    0    0  (Gen:  0)
561685424  11728608 2681138640  0.032  0.032  198.491  198.104    0    0  (Gen:  0)
583183872  12325208 2685643248  0.022  0.022  199.046  198.652    0    0  (Gen:  0)
571706608  12325520 2693428880  0.032  0.032  199.586  199.191    0    0  (Gen:  0)
574665536  17339808 2701152752  0.039  0.039  200.172  199.762    0    0  (Gen:  0)
586518448  11714272 2705711288  0.023  0.023  200.712  200.309    0    0  (Gen:  0)
561930608  11714256 2714046272  0.033  0.034  201.240  200.825    0    0  (Gen:  0)
593357544  11714080 2716968464  0.021  0.021  201.812  201.404    0    0  (Gen:  0)
564895032  11718032 2726269984  0.032  0.032  202.338  201.916    0    0  (Gen:  0)
580035368  11717760 2736747472  0.034  0.034  202.919  202.482    0    0  (Gen:  0)
572906480  11670512 2738431160  0.029  0.029  203.443  203.014    0    0  (Gen:  0)
563678792  11660328 2747493096  0.038  0.038  203.999  203.557    0    0  (Gen:  0)
590064192  11742736 2750341216  0.021  0.021  204.554  204.119    0    0  (Gen:  0)
563181120  11743120 2759607008  0.032  0.032  205.086  204.638    0    0  (Gen:  0)
594783024  11898568 2762762256  0.022  0.022  205.657  205.205    0    0  (Gen:  0)
565631536  11898888 2771758864  0.032  0.032  206.186  205.729    0    0  (Gen:  0)
573453944  16493592 2778799576  0.036  0.036  206.767  206.297    0    0  (Gen:  0)
579931488  16496992 2784039152  0.025  0.025  207.293  206.831    0    0  (Gen:  0)
564492120  16493832 2793035256  0.034  0.035  207.835  207.361    0    0  (Gen:  0)
594260776  16493672 2795743640  0.021  0.021  208.404  207.935    0    0  (Gen:  0)
561015800  16494080 2804963808  0.032  0.032  208.930  208.449    0    0  (Gen:  0)
584052328  13227728 2811198768  0.025  0.025  209.495  209.000    0    0  (Gen:  0)
572457616  13228288 2817123976  0.031  0.031  210.033  209.544    0    0  (Gen:  0)
569605072  13228024 2825250480  0.038  0.038  210.606  210.104    0    0  (Gen:  0)
591099912  11691064 2829003104  0.023  0.023  211.155  210.660    0    0  (Gen:  0)
385238576 2366156328 2499438624  4.393  5.001  215.917  216.745    0    0  (Gen:  1)
   140640   9812872  16759952  0.043  0.293  215.960  217.041    0    0  (Gen:  1)
     1368                      0.000  0.000

 212,487,089,144 bytes allocated in the heap
  16,563,810,256 bytes copied during GC
   2,499,438,624 bytes maximum residency (8 sample(s))
      12,482,528 bytes maximum slop
            2383 MB total memory in use (0 MB lost due to fragmentation)

                                     Tot time (elapsed)  Avg pause  Max pause
  Gen  0       364 colls,     0 par   13.195s  13.311s     0.0366s    0.2651s
  Gen  1         8 colls,     0 par   10.733s  12.544s     1.5679s    5.0009s

  TASKS: 21 (1 bound, 20 peak workers (20 total), using -N4)

  SPARKS: 0 (0 converted, 0 overflowed, 0 dud, 0 GC'd, 0 fizzled)

  INIT    time    0.001s  (  0.006s elapsed)
  MUT     time  192.031s  (191.181s elapsed)
  GC      time   23.927s  ( 25.854s elapsed)
  EXIT    time    0.000s  (  0.008s elapsed)
  Total   time  215.960s  (217.048s elapsed)

  Alloc rate    1,106,522,937 bytes per MUT second

  Productivity  88.9% of total user, 88.1% of total elapsed

