bench-hist/rtsopts/ghcide --lsp --cwd bench/example/Cabal-3.0.0.0 +RTS -I0 -qg -A128M -Shover.benchmark-gcStats -I0.5 
    Alloc    Copied     Live     GC     GC      TOT      TOT  Page Flts
    bytes     bytes     bytes   user   elap     user     elap
561859448      2160  20225880  0.051  0.057    0.694    5.872    0    0  (Gen:  0)
551752032  33822192  37124536  0.090  0.104    1.081    6.473    0    0  (Gen:  1)
556034872  33821872  52144712  0.060  0.064    1.487    7.027    0    0  (Gen:  0)
539225312  32657888  71772880  0.070  0.074    1.824    7.537    0    0  (Gen:  0)
542972376  32658576  88126168  0.163  0.184    2.286    8.279    0    0  (Gen:  1)
547245240  32657832 103157680  0.058  0.058    2.664    8.857    0    0  (Gen:  0)
536087968  26868608 115938944  0.052  0.053    3.522    9.286    0    0  (Gen:  0)
544764960  26868728 152326656  0.084  0.086    4.631    9.780    0    0  (Gen:  0)
536122736  26875824 223276840  0.204  0.225    5.529   10.296    0    0  (Gen:  0)
532009232 234421904 262584816  0.471  0.534    6.671   11.046    0    0  (Gen:  1)
525602056 234427760 302356480  0.179  0.180    7.490   11.389    0    0  (Gen:  0)
523771800 234435064 351153120  0.195  0.195    8.278   11.737    0    0  (Gen:  0)
522154336 234429664 386233800  0.175  0.175    8.994   12.072    0    0  (Gen:  0)
526596368  88749984 440774608  0.189  0.193    9.698   12.406    0    0  (Gen:  0)
523009264 103433248 488872552  0.227  0.249   10.478   12.808    0    0  (Gen:  0)
526837328 103422984 535767096  0.951  1.084   11.905   14.064    0    0  (Gen:  1)
524342632 103420920 613659136  0.265  0.266   12.458   14.610    0    0  (Gen:  0)
519771712 103432392 674286664  0.222  0.222   12.965   15.117    0    0  (Gen:  0)
526011216 115245088 731449512  0.179  0.180   13.482   15.634    0    0  (Gen:  0)
527429848 115246384 767656896  0.165  0.166   14.189   16.044    0    0  (Gen:  0)
524643952 115251048 803337712  0.156  0.157   14.950   16.393    0    0  (Gen:  0)
525323152 115247736 837522560  0.157  0.158   15.547   16.975    0    0  (Gen:  0)
524921632 115246352 875405992  0.156  0.156   16.322   17.354    0    0  (Gen:  0)
522436408 115245920 911214752  0.159  0.159   17.125   17.768    0    0  (Gen:  0)
556986048  53685704 930743200  0.116  0.116   17.733   18.332    0    0  (Gen:  0)
589653888  25527032 939367112  0.053  0.059   18.301   18.894    0    0  (Gen:  0)
581952024  25527448 940610128  0.016  0.017   18.815   19.415    0    0  (Gen:  0)
577671008  25527560 950767136  0.037  0.037   19.353   19.939    0    0  (Gen:  0)
588222104   6111224 956011048  0.011  0.011   19.872   20.444    0    0  (Gen:  0)
588216872   3669784 954354904  0.008  0.008   20.383   20.961    0    0  (Gen:  0)
582361168   3669984 955254480  0.007  0.007   20.889   21.452    0    0  (Gen:  0)
581020256   3478296 956570272  0.007  0.007   21.400   21.951    0    0  (Gen:  0)
592703776   3899080 960050400  0.008  0.009   21.919   22.466    0    0  (Gen:  0)
583847584   3899120 892161304  1.525  1.774   23.950   24.742    0    0  (Gen:  1)
585838672   3544400 893306904  0.007  0.007   24.455   25.235    0    0  (Gen:  0)
581698952   3544520 895154184  0.008  0.008   24.971   25.739    0    0  (Gen:  0)
592946312   3544320 896506784  0.008  0.008   25.494   26.266    0    0  (Gen:  0)
585278792   3544632 897892336  0.008  0.008   26.006   26.764    0    0  (Gen:  0)
584777792   3544488 899249728  0.007  0.007   26.519   27.265    0    0  (Gen:  0)
589062336   3544496 900941680  0.008  0.008   27.039   27.773    0    0  (Gen:  0)
588555720   3544352 902445040  0.008  0.008   27.555   28.295    0    0  (Gen:  0)
581849976   3544592 903885112  0.008  0.008   28.063   28.790    0    0  (Gen:  0)
586595544   3544504 905468280  0.008  0.008   28.581   29.295    0    0  (Gen:  0)
584733744   3544560 906866688  0.007  0.007   29.099   29.799    0    0  (Gen:  0)
587370256   3544424 908400616  0.008  0.008   29.612   30.318    0    0  (Gen:  0)
582604392   3544760 909786104  0.008  0.008   30.127   30.820    0    0  (Gen:  0)
580205184   3544640 911193152  0.007  0.007   30.638   31.320    0    0  (Gen:  0)
585756272   4464808 916112408  0.010  0.010   31.152   31.828    0    0  (Gen:  0)
589483096   4465048 914445288  0.008  0.008   31.678   32.353    0    0  (Gen:  0)
584409216   4464952 915595888  0.008  0.008   32.190   32.853    0    0  (Gen:  0)
581654792   3436720 916636304  0.007  0.007   32.705   33.356    0    0  (Gen:  0)
589000632   3436568 919292400  0.008  0.008   33.219   33.874    0    0  (Gen:  0)
586659016   3436800 919839144  0.008  0.008   33.741   34.384    0    0  (Gen:  0)
583266784   3436768 921066944  0.007  0.007   34.252   34.882    0    0  (Gen:  0)
583507112   3436760 922842360  0.008  0.008   34.768   35.387    0    0  (Gen:  0)
589545792   3436560 924273096  0.008  0.008   35.288   35.911    0    0  (Gen:  0)
588058456   3436856 925628496  0.008  0.008   35.804   36.414    0    0  (Gen:  0)
585110248   3436776 926797624  0.007  0.007   36.321   36.919    0    0  (Gen:  0)
587513448   3436784 928586216  0.007  0.007   36.843   37.428    0    0  (Gen:  0)
586686848   3436696 930152104  0.008  0.008   37.359   37.949    0    0  (Gen:  0)
581903848   3436992 931548144  0.008  0.008   37.870   38.447    0    0  (Gen:  0)
579418328   3436920 932910104  0.007  0.007   38.382   38.947    0    0  (Gen:  0)
587979704   3621104 934531456  0.007  0.007   38.904   39.456    0    0  (Gen:  0)
585617824   3621024 936096568  0.008  0.008   39.417   39.975    0    0  (Gen:  0)
584295040   3634424 937291184  0.008  0.008   39.931   40.474    0    0  (Gen:  0)
585334512   3491944 938634424  0.007  0.007   40.449   40.982    0    0  (Gen:  0)
584424048   3491792 942320528  0.009  0.009   40.962   41.491    0    0  (Gen:  0)
589446232   3492024 941841832  0.008  0.008   41.484   42.008    0    0  (Gen:  0)
581687256   3491960 942922400  0.007  0.007   41.996   42.506    0    0  (Gen:  0)
582055600   3491992 944135528  0.007  0.007   42.511   43.009    0    0  (Gen:  0)
596098064   3491864 946384304  0.008  0.008   43.035   43.537    0    0  (Gen:  0)
585125488   3639280 947328264  0.008  0.008   43.554   44.041    0    0  (Gen:  0)
583879880   3532368 948575016  0.007  0.007   44.068   44.543    0    0  (Gen:  0)
585345744   3532384 950333024  0.008  0.008   44.585   45.048    0    0  (Gen:  0)
589159632   3532296 951806296  0.008  0.008   45.106   45.574    0    0  (Gen:  0)
584443792   3532576 953268384  0.008  0.008   45.620   46.075    0    0  (Gen:  0)
582646592   3532456 954514544  0.007  0.007   46.133   46.576    0    0  (Gen:  0)
586730696   3532448 956142536  0.007  0.007   46.653   47.083    0    0  (Gen:  0)
587763712   3532384 957664048  0.008  0.008   47.169   47.602    0    0  (Gen:  0)
581866128   3690528 959016040  0.008  0.008   47.680   48.101    0    0  (Gen:  0)
586143664   3690464 960363224  0.008  0.008   48.199   48.607    0    0  (Gen:  0)
583280352   3690360 965383336  0.009  0.009   48.711   49.108    0    0  (Gen:  0)
587278944   3572224 963645600  0.008  0.008   49.234   49.634    0    0  (Gen:  0)
585530024   3572160 964435408  0.007  0.007   49.749   50.136    0    0  (Gen:  0)
580760952   3572128 965833392  0.007  0.007   50.264   50.640    0    0  (Gen:  0)
589604160   3816880 968995400  0.008  0.008   50.788   51.160    0    0  (Gen:  0)
586314248   3620576 968973576  0.008  0.008   51.306   51.673    0    0  (Gen:  0)
584482264   3543328 970062312  0.007  0.007   51.820   52.176    0    0  (Gen:  0)
585550520   3543280 971915992  0.008  0.008   52.338   52.683    0    0  (Gen:  0)
592181752   3543192 973280248  0.008  0.008   52.864   53.212    0    0  (Gen:  0)
584398136   3676816 974792784  0.008  0.008   53.380   53.716    0    0  (Gen:  0)
581730456   3676864 975891144  0.007  0.007   53.894   54.218    0    0  (Gen:  0)
584701648   3741664 977649264  0.008  0.008   54.414   54.726    0    0  (Gen:  0)
593751928   3741528 979174048  0.008  0.008   54.938   55.255    0    0  (Gen:  0)
587969096   3741944 980701904  0.008  0.008   55.460   55.762    0    0  (Gen:  0)
584431168   3741704 982054296  0.008  0.008   55.979   56.270    0    0  (Gen:  0)
585045080   3741696 983525344  0.008  0.008   56.500   56.777    0    0  (Gen:  0)
587606600   3615480 985040728  0.008  0.008   57.017   57.299    0    0  (Gen:  0)
585428256   3615752 986435784  0.008  0.008   57.534   57.803    0    0  (Gen:  0)
580291872   3615616 987731816  0.007  0.007   58.046   58.303    0    0  (Gen:  0)
587770704   3615496 992727032  0.010  0.010   58.563   58.811    0    0  (Gen:  0)
592988368   3663480 991084040  0.008  0.008   59.094   59.342    0    0  (Gen:  0)
582924328   3497000 991867464  0.007  0.007   59.606   59.839    0    0  (Gen:  0)
583979128   3467400 993080376  0.008  0.008   60.124   60.345    0    0  (Gen:  0)
591960184   3798632 996323064  0.008  0.008   60.650   60.866    0    0  (Gen:  0)
583381304   3798880 996214168  0.008  0.008   61.165   61.376    0    0  (Gen:  0)
586993824   3798824 997347088  0.008  0.008   61.682   61.880    0    0  (Gen:  0)
582956696   3897824 999204968  0.008  0.008   62.200   62.391    0    0  (Gen:  0)
597262472   3897680 1000563320  0.008  0.008   62.733   62.929    0    0  (Gen:  0)
581575888   3897920 1001975464  0.008  0.008   63.247   63.429    0    0  (Gen:  0)
583308248   3508312 1003204136  0.007  0.007   63.764   63.934    0    0  (Gen:  0)
584191296   3738464 1004944232  0.008  0.008   64.286   64.445    0    0  (Gen:  0)
590858152   3738336 1006563384  0.008  0.008   64.808   64.973    0    0  (Gen:  0)
581337200   3710576 1007930112  0.008  0.008   65.319   65.471    0    0  (Gen:  0)
579455024   3710520 1009251896  0.008  0.008   65.834   65.974    0    0  (Gen:  0)
587920336   3710456 1010929856  0.008  0.008   66.358   66.486    0    0  (Gen:  0)
589361616   3710304 1012501608  0.008  0.008   66.878   67.009    0    0  (Gen:  0)
581930592   3660768 1013834392  0.008  0.008   67.392   67.511    0    0  (Gen:  0)
578340392   3495160 1015068432  0.007  0.007   67.905   68.012    0    0  (Gen:  0)
591912608   4131560 1019485792  0.009  0.009   68.425   68.527    0    0  (Gen:  0)
587377896   3639704 1018413520  0.008  0.008   68.950   69.054    0    0  (Gen:  0)
580601824   3639688 1019517656  0.008  0.008   69.463   69.554    0    0  (Gen:  0)
578948256   3431176 1020647560  0.007  0.007   69.976   70.056    0    0  (Gen:  0)
591684320   3431088 1022656808  0.008  0.008   70.500   70.583    0    0  (Gen:  0)
582854448   3431320 1023789872  0.008  0.008   71.020   71.089    0    0  (Gen:  0)
580040440   3431256 1025102264  0.008  0.008   71.535   71.597    0    0  (Gen:  0)
586617384   3797832 1026848936  0.008  0.008   72.058   72.109    0    0  (Gen:  0)
592421968   3702704 1028436848  0.008  0.008   72.584   72.638    0    0  (Gen:  0)
579548264   3723808 1029811528  0.008  0.008   73.094   73.135    0    0  (Gen:  0)
580896088   3479744 1031006360  0.007  0.007   73.609   73.637    0    0  (Gen:  0)
588090976   3479712 1032620984  0.008  0.008   74.136   74.151    0    0  (Gen:  0)
589335504   3479560 1034183048  0.008  0.008   74.654   74.674    0    0  (Gen:  0)
579980664   3479872 1035498552  0.008  0.008   75.169   75.176    0    0  (Gen:  0)
582414616   3479712 1036901392  0.007  0.007   75.685   75.681    0    0  (Gen:  0)
587403464   3479640 1041886936  0.010  0.010   76.203   76.191    0    0  (Gen:  0)
587798904   3662344 1040136968  0.008  0.008   76.729   76.717    0    0  (Gen:  0)
583426520   3662248 1041003984  0.007  0.007   77.245   77.218    0    0  (Gen:  0)
583213960   3662256 1042176288  0.007  0.007   77.764   77.726    0    0  (Gen:  0)
593874616   3662104 1045383232  0.008  0.008   78.292   78.253    0    0  (Gen:  0)
585374832   3682864 1045426544  0.008  0.008   78.812   78.765    0    0  (Gen:  0)
584294800   3682776 1046610288  0.007  0.007   79.327   79.266    0    0  (Gen:  0)
585127600   3682760 1048477584  0.008  0.008   79.848   79.775    0    0  (Gen:  0)
590345328   3682672 1049847864  0.008  0.008   80.373   80.306    0    0  (Gen:  0)
587498056   3682944 1051339016  0.008  0.008   80.895   80.813    0    0  (Gen:  0)
581461048   3682840 1052437136  0.007  0.007   81.410   81.316    0    0  (Gen:  0)
589503448   3742976 1054224192  0.008  0.008   81.938   81.831    0    0  (Gen:  0)
586595752   3671200 1055717168  0.008  0.008   82.458   82.357    0    0  (Gen:  0)
578228136   3709072 1057113760  0.008  0.008   82.970   82.857    0    0  (Gen:  0)
584898496   3541752 1058480352  0.008  0.008   83.491   83.365    0    0  (Gen:  0)
589535344   3541704 1060084160  0.008  0.008   84.019   83.878    0    0  (Gen:  0)
586549680   3541568 1061579576  0.008  0.008   84.536   84.399    0    0  (Gen:  0)
584517832   3541872 1062940888  0.008  0.008   85.052   84.901    0    0  (Gen:  0)
582824536   3502552 1064259120  0.007  0.008   85.569   85.406    0    0  (Gen:  0)
586668920   3502296 1068820312  0.009  0.009   86.091   85.922    0    0  (Gen:  0)
588604384   3502544 1067556616  0.008  0.008   86.618   86.447    0    0  (Gen:  0)
582846736   3502592 1068499120  0.008  0.008   87.133   86.948    0    0  (Gen:  0)
582081824   3502528 1069684792  0.007  0.007   87.653   87.457    0    0  (Gen:  0)
594506008   3502384 1072213576  0.008  0.008   88.179   87.986    0    0  (Gen:  0)
582854176   3502640 1072887136  0.008  0.008   88.701   88.495    0    0  (Gen:  0)
586385584   3502568 1074054720  0.008  0.008   89.222   89.004    0    0  (Gen:  0)
586625704   3502576 1075913216  0.008  0.008   89.747   89.516    0    0  (Gen:  0)
591921008   3502424 1077273528  0.008  0.008   90.274   90.046    0    0  (Gen:  0)
580030592   3502704 1078579056  0.008  0.008   90.787   90.545    0    0  (Gen:  0)
583337416   3502656 1079811120  0.008  0.008   91.305   91.050    0    0  (Gen:  0)
585589120   3502648 1081528272  0.008  0.008   91.826   91.562    0    0  (Gen:  0)
589769480   3502488 1083213472  0.008  0.008   92.349   92.088    0    0  (Gen:  0)
586432328   3502760 1084504496  0.008  0.008   92.869   92.596    0    0  (Gen:  0)
578299200   3502640 1085818736  0.007  0.007   93.385   93.099    0    0  (Gen:  0)
581684040   3502512 1090629480  0.008  0.008   93.903   93.604    0    0  (Gen:  0)
585146376   3667568 1089249856  0.008  0.008   94.421   94.127    0    0  (Gen:  0)
581516480   3667496 1090040520  0.008  0.008   94.936   94.627    0    0  (Gen:  0)
587289552   3667560 1091345928  0.007  0.007   95.459   95.139    0    0  (Gen:  0)
589777016   3891016 1094605208  0.008  0.009   95.985   95.661    0    0  (Gen:  0)
587259440   3625712 1094574648  0.008  0.008   96.505   96.176    0    0  (Gen:  0)
581395592   3625688 1095681608  0.008  0.008   97.022   96.680    0    0  (Gen:  0)
584646968   3625664 1097471424  0.008  0.008   97.541   97.188    0    0  (Gen:  0)
589513832   3623840 1098981344  0.008  0.008   98.067   97.719    0    0  (Gen:  0)
585280400   3624120 1100238928  0.008  0.008   98.585   98.222    0    0  (Gen:  0)
583370488   3516672 1101606088  0.008  0.008   99.099   98.723    0    0  (Gen:  0)
590282600   3776520 1103294336  0.008  0.008   99.626   99.239    0    0  (Gen:  0)
591083680   3690720 1104913392  0.008  0.008  100.153   99.771    0    0  (Gen:  0)
586767224   3690992 1106306688  0.008  0.008  100.673  100.277    0    0  (Gen:  0)
583354512   3690896 1107390424  0.007  0.008  101.195  100.786    0    0  (Gen:  0)
590374448   3690912 1109036952  0.008  0.008  101.724  101.301    0    0  (Gen:  0)
588333160   3690728 1110522592  0.008  0.008  102.244  101.826    0    0  (Gen:  0)
584573208   3691008 1112051752  0.008  0.008  102.763  102.334    0    0  (Gen:  0)
583707656   3690880 1113429528  0.008  0.008  103.282  102.840    0    0  (Gen:  0)
582784720   3690808 1118414264  0.010  0.010  103.797  103.344    0    0  (Gen:  0)
593157064   3691040 1116658088  0.008  0.008  104.328  103.877    0    0  (Gen:  0)
581323984   3691032 1117465920  0.008  0.008  104.842  104.375    0    0  (Gen:  0)
582735096   3690936 1118786344  0.007  0.007  105.363  104.885    0    0  (Gen:  0)
587910472   3690800 1121945920  0.008  0.008  105.889  105.407    0    0  (Gen:  0)
586155560   3691040 1121941416  0.008  0.008  106.409  105.922    0    0  (Gen:  0)
585451968   3690936 1123006104  0.008  0.008  106.929  106.430    0    0  (Gen:  0)
587558080   3923896 1124907328  0.008  0.008  107.453  106.943    0    0  (Gen:  0)
590534072   3923744 1126349584  0.008  0.008  107.981  107.475    0    0  (Gen:  0)
580368488   3924024 1127693872  0.008  0.008  108.496  107.977    0    0  (Gen:  0)
577718480   3923960 1129010880  0.007  0.007  109.009  108.477    0    0  (Gen:  0)
589071152   3923976 1130712456  0.008  0.008  109.537  108.992    0    0  (Gen:  0)
587810968   3923856 1132181840  0.008  0.008  110.059  109.518    0    0  (Gen:  0)
585575184   3924120 1133635168  0.008  0.008  110.579  110.025    0    0  (Gen:  0)
584744432   3924048 1134947944  0.008  0.008  111.101  110.535    0    0  (Gen:  0)
583064072   3924040 1136558336  0.008  0.008  111.625  111.045    0    0  (Gen:  0)
586675144   3923904 1138113792  0.008  0.008  112.144  111.569    0    0  (Gen:  0)
586822632   3924176 1139533448  0.008  0.008  112.666  112.077    0    0  (Gen:  0)
580730096   3498232 1140775928  0.007  0.007  113.183  112.582    0    0  (Gen:  0)
582614488   3498048 1144625264  0.009  0.009  113.700  113.095    0    0  (Gen:  0)
587733928   3498280 1143989432  0.008  0.008  114.229  113.619    0    0  (Gen:  0)
586930832   3498272 1145102736  0.008  0.008  114.747  114.123    0    0  (Gen:  0)
579223832   3423688 1146174176  0.007  0.007  115.263  114.626    0    0  (Gen:  0)
591117216   3423544 1148301104  0.008  0.008  115.788  115.156    0    0  (Gen:  0)
578868936   3423776 1149322928  0.008  0.008  116.306  115.660    0    0  (Gen:  0)
581566896   3515160 1150581904  0.008  0.008  116.824  116.164    0    0  (Gen:  0)
587699400   3515120 1152363064  0.008  0.008  117.349  116.678    0    0  (Gen:  0)
586793568   3515048 1153931992  0.008  0.008  117.871  117.205    0    0  (Gen:  0)
583724704   3515384 1155271544  0.008  0.008  118.386  117.705    0    0  (Gen:  0)
584447288   3515184 1156377632  0.007  0.007  118.909  118.215    0    0  (Gen:  0)
590351264   3515208 1158110872  0.008  0.008  119.437  118.730    0    0  (Gen:  0)
585954504   3515040 1159706680  0.008  0.008  119.954  119.252    0    0  (Gen:  0)
583109344   3515312 1161077504  0.008  0.008  120.473  119.756    0    0  (Gen:  0)
587259984   3515296 1162416560  0.008  0.008  120.995  120.265    0    0  (Gen:  0)
587602504   4189024 1167308664  0.010  0.010  121.517  120.776    0    0  (Gen:  0)
585957488   4189272 1165642080  0.008  0.008  122.042  121.302    0    0  (Gen:  0)
583015144   3493000 1166378688  0.008  0.008  122.556  121.802    0    0  (Gen:  0)
581247536   3492992 1167668248  0.007  0.007  123.075  122.309    0    0  (Gen:  0)
590930448   3780664 1170817352  0.008  0.008  123.601  122.833    0    0  (Gen:  0)
583384872   3780920 1170911784  0.008  0.008  124.122  123.346    0    0  (Gen:  0)
583093824   3544632 1172025920  0.008  0.008  124.640  123.852    0    0  (Gen:  0)
582804304   3544688 1173870328  0.008  0.008  125.160  124.358    0    0  (Gen:  0)
591920344   3544464 1175274312  0.008  0.008  125.687  124.891    0    0  (Gen:  0)
583339064   3544776 1176603776  0.008  0.008  126.206  125.395    0    0  (Gen:  0)
581335320   3544640 1177822288  0.008  0.008  126.725  125.902    0    0  (Gen:  0)
588206408   3544640 1179553440  0.008  0.008  127.252  126.415    0    0  (Gen:  0)
591623648   3544472 1181079136  0.008  0.008  127.778  126.946    0    0  (Gen:  0)
583661048   3544736 1182495208  0.008  0.008  128.299  127.453    0    0  (Gen:  0)
584522856   3544624 1183988800  0.008  0.008  128.820  127.963    0    0  (Gen:  0)
588612432   3544696 1185500952  0.008  0.008  129.350  128.481    0    0  (Gen:  0)
584882432   3608984 1187011904  0.008  0.008  129.868  129.005    0    0  (Gen:  0)
584665664   3609232 1188299392  0.008  0.008  130.386  129.510    0    0  (Gen:  0)
583737976   3609192 1189663960  0.008  0.008  130.909  130.020    0    0  (Gen:  0)
587326056   4043080 1193889928  0.009  0.009  131.429  130.535    0    0  (Gen:  0)
589360376   4043312 1193007544  0.008  0.008  131.958  131.060    0    0  (Gen:  0)
583057968   4043256 1194040248  0.008  0.008  132.475  131.563    0    0  (Gen:  0)
580911400   3426552 1195156672  0.007  0.007  132.994  132.070    0    0  (Gen:  0)
586786936   3426432 1197234936  0.008  0.008  133.517  132.597    0    0  (Gen:  0)
580581944   3426664 1198272720  0.008  0.008  134.034  133.100    0    0  (Gen:  0)
579444152   3515808 1199476424  0.008  0.008  134.549  133.601    0    0  (Gen:  0)
587484656   3515760 1201250160  0.008  0.008  135.076  134.116    0    0  (Gen:  0)
591877848   3515592 1202842536  0.008  0.008  135.603  134.649    0    0  (Gen:  0)
581339064   3725832 1204239512  0.008  0.008  136.118  135.149    0    0  (Gen:  0)
583399800   3725752 1205454800  0.007  0.007  136.640  135.658    0    0  (Gen:  0)
589408368   3725784 1207073808  0.008  0.008  137.170  136.174    0    0  (Gen:  0)
587666608   3628216 1208681920  0.008  0.008  137.693  136.701    0    0  (Gen:  0)
583728688   3685344 1210045808  0.009  0.009  138.214  137.209    0    0  (Gen:  0)
581845168   3510184 1211300136  0.008  0.008  138.733  137.715    0    0  (Gen:  0)
586570120   4368640 1216376792  0.010  0.010  139.252  138.226    0    0  (Gen:  0)
591575336   4368888 1214816256  0.008  0.008  139.783  138.757    0    0  (Gen:  0)
582920744   3495264 1215420200  0.008  0.008  140.301  139.259    0    0  (Gen:  0)
582465952   3495208 1216745440  0.008  0.008  140.822  139.769    0    0  (Gen:  0)
587903216   3854376 1219816096  0.009  0.009  141.342  140.291    0    0  (Gen:  0)
580712776   3854608 1219994872  0.008  0.008  141.866  140.803    0    0  (Gen:  0)
579805384   3854568 1221124496  0.008  0.008  142.381  141.305    0    0  (Gen:  0)
584562728   3853728 1223000016  0.008  0.008  142.905  141.817    0    0  (Gen:  0)
592717080   3853576 1224541816  0.008  0.008  143.434  142.349    0    0  (Gen:  0)
582643536   3853856 1225874608  0.008  0.008  143.953  142.854    0    0  (Gen:  0)
587505840   3853856 1227003344  0.008  0.008  144.477  143.364    0    0  (Gen:  0)
586048936   3701016 1228708280  0.008  0.008  145.003  143.877    0    0  (Gen:  0)
589063264   3700872 1230329952  0.008  0.008  145.526  144.404    0    0  (Gen:  0)
582707984   3701120 1231673936  0.008  0.008  146.042  144.906    0    0  (Gen:  0)
587069032   3701040 1232921768  0.008  0.008  146.565  145.417    0    0  (Gen:  0)
588105272   3621096 1234687816  0.008  0.008  147.097  145.935    0    0  (Gen:  0)
589462424   3620992 1236059824  0.008  0.008  147.618  146.461    0    0  (Gen:  0)
580909040   3652472 1237352144  0.008  0.008  148.135  146.964    0    0  (Gen:  0)
585183368   3652472 1238800752  0.008  0.008  148.658  147.474    0    0  (Gen:  0)
587650040   3652248 1243173016  0.009  0.009  149.178  147.991    0    0  (Gen:  0)
586916896   3652504 1242027320  0.008  0.008  149.707  148.516    0    0  (Gen:  0)
580321632   3652520 1243102512  0.008  0.008  150.221  149.016    0    0  (Gen:  0)
579664016   3422336 1244206088  0.007  0.007  150.741  149.523    0    0  (Gen:  0)
591214608   3422256 1246242528  0.008  0.008  151.268  150.055    0    0  (Gen:  0)
584053600   3422512 1247406544  0.008  0.008  151.788  150.561    0    0  (Gen:  0)
582797680   3422440 1248710240  0.008  0.008  152.308  151.068    0    0  (Gen:  0)
586747008   3807600 1250435432  0.008  0.008  152.834  151.582    0    0  (Gen:  0)
593220512   3715176 1252084600  0.008  0.008  153.363  152.116    0    0  (Gen:  0)
582944848   3715448 1253369064  0.008  0.008  153.883  152.621    0    0  (Gen:  0)
583015128   3715384 1254464936  0.008  0.008  154.403  153.130    0    0  (Gen:  0)
586632928   3664304 1256348360  0.008  0.008  154.929  153.643    0    0  (Gen:  0)
584795824   3664096 1257826728  0.008  0.008  155.447  154.165    0    0  (Gen:  0)
582504904   3664352 1259100064  0.008  0.008  155.967  154.671    0    0  (Gen:  0)
578096392   3664320 1260522456  0.008  0.008  156.481  155.173    0    0  (Gen:  0)
587432384   3664184 1265342936  0.010  0.010  157.000  155.683    0    0  (Gen:  0)
588189592   3662328 1263802480  0.008  0.008  157.531  156.213    0    0  (Gen:  0)
585889080   3662264 1264582136  0.008  0.008  158.048  156.717    0    0  (Gen:  0)
576152976   3662288 1265821768  0.007  0.007  158.564  157.221    0    0  (Gen:  0)
592376136   3963440 1268474464  0.009  0.009  159.086  157.747    0    0  (Gen:  0)
586349632   3675368 1268958680  0.008  0.008  159.617  158.266    0    0  (Gen:  0)
579151760   3536688 1270245280  0.008  0.008  160.132  158.766    0    0  (Gen:  0)
581136528   3536752 1271989320  0.008  0.008  160.652  159.275    0    0  (Gen:  0)
590646648   3536608 1273488288  0.008  0.008  161.180  159.807    0    0  (Gen:  0)
114973656 874611584 1004031976  1.355  1.440  162.638  162.006    0    0  (Gen:  1)
   104792   9782688  15853512  0.025  0.103  162.664  162.111    0    0  (Gen:  1)
     1368                      0.000  0.000

 173,299,698,536 bytes allocated in the heap
   4,378,507,904 bytes copied during GC
   1,004,031,976 bytes maximum residency (7 sample(s))
       7,999,512 bytes maximum slop
             957 MB total memory in use (0 MB lost due to fragmentation)

                                     Tot time (elapsed)  Avg pause  Max pause
  Gen  0       293 colls,     0 par    5.343s   5.426s     0.0185s    0.2661s
  Gen  1         7 colls,     0 par    4.580s   5.225s     0.7464s    1.7740s

  TASKS: 21 (1 bound, 20 peak workers (20 total), using -N4)

  SPARKS: 0 (0 converted, 0 overflowed, 0 dud, 0 GC'd, 0 fizzled)

  INIT    time    0.001s  (  0.006s elapsed)
  MUT     time  152.740s  (151.453s elapsed)
  GC      time    9.923s  ( 10.651s elapsed)
  EXIT    time    0.000s  (  0.003s elapsed)
  Total   time  162.664s  (162.114s elapsed)

  Alloc rate    1,134,608,263 bytes per MUT second

  Productivity  93.9% of total user, 93.4% of total elapsed

