bench-hist/hie-bios-5/ghcide --lsp --cwd bench/example/Cabal-3.0.0.0 +RTS -I0 -qg -A128M -Scode_actions.benchmark-gcStats -I0.5 
    Alloc    Copied     Live     GC     GC      TOT      TOT  Page Flts
    bytes     bytes     bytes   user   elap     user     elap
554510576      2160  14726032  0.034  0.038    0.779    6.557    0    0  (Gen:  0)
547331160  15679144  21793784  0.052  0.062    1.202    7.400    0    0  (Gen:  1)
540753696  15677784  28255720  0.021  0.022    1.574    8.051    0    0  (Gen:  0)
529031256  15676928  36034120  0.028  0.029    2.325    8.536    0    0  (Gen:  0)
546375544  15680008 109295736  0.146  0.166    3.364    9.133    0    0  (Gen:  0)
526625288  15694264 137695368  0.234  0.269    3.988    9.534    0    0  (Gen:  1)
523591576  15684072 167994064  0.121  0.123    4.501    9.797    0    0  (Gen:  0)
535586624  15686352 207817704  0.126  0.133    5.111   10.081    0    0  (Gen:  0)
547901264  15696664 215599032  0.096  0.107    5.856   10.366    0    0  (Gen:  0)
540828336  15679864 217457832  0.351  0.403    6.776   10.948    0    0  (Gen:  1)
536847952  15681440 231390968  0.072  0.072    7.340   11.164    0    0  (Gen:  0)
550762480  15678688 232000728  0.053  0.054    7.964   11.373    0    0  (Gen:  0)
528149864  15686048 250225744  0.096  0.096    8.529   11.819    0    0  (Gen:  0)
537925088  16469704 243231976  0.035  0.036    8.984   12.175    0    0  (Gen:  0)
535232496  16470904 260778320  0.079  0.080    9.652   12.413    0    0  (Gen:  0)
535685336  41127800 273338360  0.093  0.093   10.282   12.646    0    0  (Gen:  0)
534393072  41180376 286323888  0.088  0.088   10.877   12.865    0    0  (Gen:  0)
536344984  19528312 276958752  0.045  0.045   11.401   13.097    0    0  (Gen:  0)
534413224  19526576 284951016  0.050  0.050   11.929   13.424    0    0  (Gen:  0)
530745064  19526624 290325368  0.051  0.052   12.401   13.754    0    0  (Gen:  0)
564052504  34162248 306889632  0.070  0.070   13.022   14.245    0    0  (Gen:  0)
567744848  50527424 346925192  0.104  0.105   13.735   14.861    0    0  (Gen:  0)
536642096  50526704 358773496  0.071  0.071   14.266   15.246    0    0  (Gen:  0)
537344696  50525576 370891168  0.023  0.023   14.706   15.627    0    0  (Gen:  0)
541074888  50525576 383350680  0.018  0.018   15.144   16.009    0    0  (Gen:  0)
537359216  50525576 395503104  0.019  0.019   15.582   16.390    0    0  (Gen:  0)
515742928 224630952 266715712  0.423  0.494   16.471   18.004    0    0  (Gen:  1)
   104336  12297544  20045128  0.018  0.048   16.489   18.053    0    0  (Gen:  1)
     1584                      0.000  0.000

  14,553,101,976 bytes allocated in the heap
     885,755,312 bytes copied during GC
     266,715,712 bytes maximum residency (5 sample(s))
       4,173,248 bytes maximum slop
             254 MB total memory in use (0 MB lost due to fragmentation)

                                     Tot time (elapsed)  Avg pause  Max pause
  Gen  0        23 colls,     0 par    1.542s   1.590s     0.0691s    0.1659s
  Gen  1         5 colls,     0 par    1.077s   1.276s     0.2552s    0.4940s

  TASKS: 21 (1 bound, 20 peak workers (20 total), using -N4)

  SPARKS: 0 (0 converted, 0 overflowed, 0 dud, 0 GC'd, 0 fizzled)

  INIT    time    0.001s  (  0.005s elapsed)
  MUT     time   13.869s  ( 15.181s elapsed)
  GC      time    2.619s  (  2.866s elapsed)
  EXIT    time    0.000s  (  0.013s elapsed)
  Total   time   16.490s  ( 18.066s elapsed)

  Alloc rate    1,049,319,697 bytes per MUT second

  Productivity  84.1% of total user, 84.0% of total elapsed

