bench-hist/hie-bios-5/ghcide --lsp --cwd bench/example/Cabal-3.0.0.0 +RTS -I0 -qg -A128M -SdocumentSymbols_after_edit.benchmark-gcStats -I0.5 
    Alloc    Copied     Live     GC     GC      TOT      TOT  Page Flts
    bytes     bytes     bytes   user   elap     user     elap
560282888      2160  14839816  0.034  0.038    0.740    6.605    0    0  (Gen:  0)
550040728      6568  21997816  0.049  0.059    1.142    7.419    0    0  (Gen:  1)
545660024   9419696  28353480  0.021  0.022    1.488    7.991    0    0  (Gen:  0)
530635288  12460608  35744440  0.027  0.028    2.252    8.476    0    0  (Gen:  0)
546016016  12463768 111339520  0.148  0.169    3.217    9.034    0    0  (Gen:  0)
528266592  12472288 142104944  0.239  0.273    3.849    9.456    0    0  (Gen:  1)
524237976  12466560 164116696  0.101  0.102    4.380    9.700    0    0  (Gen:  0)
537696168  12482208 218843168  0.139  0.147    5.079   10.017    0    0  (Gen:  0)
542311760  12479400 223974664  0.110  0.121    5.788   10.298    0    0  (Gen:  0)
549523920  12463512 221408872  0.355  0.404    6.683   10.898    0    0  (Gen:  1)
535960480  12461568 225696544  0.058  0.058    7.230   11.109    0    0  (Gen:  0)
546513768  12474640 234316944  0.075  0.075    7.913   11.353    0    0  (Gen:  0)
532840152  12462792 242890728  0.072  0.072    8.449   11.714    0    0  (Gen:  0)
540797144  18698856 245446640  0.038  0.038    8.958   12.092    0    0  (Gen:  0)
542238488  34994944 269243384  0.083  0.084    9.627   12.330    0    0  (Gen:  0)
539334312  36970280 275794704  0.081  0.082   10.283   12.562    0    0  (Gen:  0)
533245304  36967576 286134072  0.080  0.080   10.867   12.773    0    0  (Gen:  0)
537798416  36968656 280972952  0.036  0.036   11.396   12.969    0    0  (Gen:  0)
530130200  36967120 287725632  0.045  0.045   11.893   13.318    0    0  (Gen:  0)
531204512  36967912 296962000  0.054  0.054   12.364   13.643    0    0  (Gen:  0)
562741504  39190320 318592280  0.082  0.082   13.009   14.159    0    0  (Gen:  0)
538397744  39190256 331225616  0.063  0.063   13.338   14.422    0    0  (Gen:  0)
534902936  39190056 343908824  0.046  0.046   13.623   14.636    0    0  (Gen:  0)
536818504  39190128 357618456  0.046  0.046   13.919   14.861    0    0  (Gen:  0)
534902672  39190152 369834048  0.044  0.044   14.205   15.077    0    0  (Gen:  0)
539092704  39190152 383946576  0.050  0.052   14.494   15.295    0    0  (Gen:  0)
540174936  39190152 396645360  0.047  0.049   14.787   15.518    0    0  (Gen:  0)
539521960  39190152 409182752  0.044  0.044   15.076   15.737    0    0  (Gen:  0)
545065656  39189968 355364240  0.599  0.686   15.922   16.602    0    0  (Gen:  1)
536004920  25215664 368523032  0.045  0.046   16.224   16.823    0    0  (Gen:  0)
539504328  26125016 382675160  0.048  0.048   16.515   17.045    0    0  (Gen:  0)
543171728  26125056 395011304  0.045  0.045   16.809   17.273    0    0  (Gen:  0)
537156184  24862576 407580104  0.045  0.045   17.096   17.488    0    0  (Gen:  0)
541583424  24862584 422809104  0.050  0.050   17.389   17.709    0    0  (Gen:  0)
536999248  24862600 434928968  0.046  0.046   17.682   17.932    0    0  (Gen:  0)
538523608  24862600 447398640  0.045  0.045   17.971   18.151    0    0  (Gen:  0)
539648944  24862608 460149248  0.046  0.046   18.258   18.368    0    0  (Gen:  0)
540246160  24862584 475151696  0.050  0.050   18.553   18.590    0    0  (Gen:  0)
537312960  24862600 487995608  0.047  0.047   18.843   18.807    0    0  (Gen:  0)
542546136  25513848 500595424  0.046  0.046   19.137   19.032    0    0  (Gen:  0)
543962912  25513952 513342240  0.044  0.044   19.429   19.254    0    0  (Gen:  0)
541538112  25513936 527532880  0.046  0.046   19.718   19.469    0    0  (Gen:  0)
541691712  25513984 540987808  0.048  0.048   20.013   19.695    0    0  (Gen:  0)
540914664  25514016 553289592  0.045  0.045   20.306   19.918    0    0  (Gen:  0)
538176056  25514056 566214280  0.045  0.045   20.596   20.135    0    0  (Gen:  0)
543492968  25514008 579500448  0.046  0.047   20.885   20.351    0    0  (Gen:  0)
544020192  25514008 594565456  0.050  0.050   21.180   20.574    0    0  (Gen:  0)
542184696  25514056 607706240  0.049  0.049   21.475   20.794    0    0  (Gen:  0)
538568664  25514024 620571000  0.047  0.047   21.764   21.010    0    0  (Gen:  0)
546044416  25514040 633164824  0.045  0.045   22.058   21.235    0    0  (Gen:  0)
622990392  25514048 660362912  0.114  0.125   22.517   21.676    0    0  (Gen:  0)
233134200  11155512  18165720  0.020  0.052   22.820   22.521    0    0  (Gen:  1)
     2016                      0.000  0.000

  27,865,771,392 bytes allocated in the heap
   1,294,189,824 bytes copied during GC
     355,364,240 bytes maximum residency (5 sample(s))
       5,325,424 bytes maximum slop
             338 MB total memory in use (0 MB lost due to fragmentation)

                                     Tot time (elapsed)  Avg pause  Max pause
  Gen  0        47 colls,     0 par    2.712s   2.782s     0.0592s    0.1694s
  Gen  1         5 colls,     0 par    1.262s   1.474s     0.2947s    0.6862s

  TASKS: 22 (1 bound, 21 peak workers (21 total), using -N4)

  SPARKS: 0 (0 converted, 0 overflowed, 0 dud, 0 GC'd, 0 fizzled)

  INIT    time    0.001s  (  0.006s elapsed)
  MUT     time   18.844s  ( 18.260s elapsed)
  GC      time    3.974s  (  4.256s elapsed)
  EXIT    time    0.001s  (  0.011s elapsed)
  Total   time   22.820s  ( 22.532s elapsed)

  Alloc rate    1,478,777,824 bytes per MUT second

  Productivity  82.6% of total user, 81.0% of total elapsed

