bench-hist/hie-bios-5/ghcide --lsp --cwd bench/example/Cabal-3.0.0.0 +RTS -I0 -qg -A128M -Sedit.benchmark-gcStats -I0.5 
    Alloc    Copied     Live     GC     GC      TOT      TOT  Page Flts
    bytes     bytes     bytes   user   elap     user     elap
559131832      2160  14774176  0.035  0.039    0.822    6.534    0    0  (Gen:  0)
543627776      6464  21768240  0.048  0.057    1.227    7.435    0    0  (Gen:  1)
541833504   9344776  28253384  0.022  0.023    1.577    8.038    0    0  (Gen:  0)
532307704   9343904  35799096  0.029  0.030    2.353    8.532    0    0  (Gen:  0)
547486112   9346984 110199312  0.152  0.172    3.360    9.147    0    0  (Gen:  0)
527324096   9360448 138955464  0.242  0.273    4.002    9.554    0    0  (Gen:  1)
524455192  61225960 170097104  0.126  0.127    4.514    9.808    0    0  (Gen:  0)
544246848  61265288 209913896  0.126  0.135    5.231   10.143    0    0  (Gen:  0)
544739056  61227896 220750376  0.088  0.095    5.957   10.413    0    0  (Gen:  0)
541720120  61224336 233576264  0.070  0.070    6.572   10.672    0    0  (Gen:  0)
539703408  61221600 210262400  0.342  0.390    7.432   11.238    0    0  (Gen:  1)
543472536  33771920 230228704  0.086  0.089    8.146   11.875    0    0  (Gen:  0)
535260584  38287320 241821656  0.092  0.093    8.722   12.279    0    0  (Gen:  0)
536967664  38284944 238170352  0.038  0.038    9.203   12.650    0    0  (Gen:  0)
544064952  38339168 254153312  0.078  0.079    9.894   12.898    0    0  (Gen:  0)
532781576  38285704 265126376  0.075  0.075   10.461   13.101    0    0  (Gen:  0)
539171608  38285312 271828256  0.070  0.070   11.097   13.331    0    0  (Gen:  0)
538270144  18614320 265376184  0.044  0.044   11.600   13.559    0    0  (Gen:  0)
529771400  18613944 274062392  0.055  0.055   12.134   13.885    0    0  (Gen:  0)
531766480  18613960 279951200  0.054  0.054   12.616   14.221    0    0  (Gen:  0)
562426816  18612896 298543552  0.080  0.081   13.272   14.754    0    0  (Gen:  0)
533213216  18620648 313133032  0.079  0.079   13.940   15.391    0    0  (Gen:  0)
533529096  18612608 331367800  0.072  0.072   14.625   15.979    0    0  (Gen:  0)
533140544  18612672 350939720  0.079  0.079   15.359   16.642    0    0  (Gen:  0)
536975280  18612792 361873544  0.064  0.064   16.012   17.237    0    0  (Gen:  0)
540523944  18612672 380939032  0.071  0.071   16.688   17.855    0    0  (Gen:  0)
529743664  18612760 400023224  0.081  0.081   17.353   18.416    0    0  (Gen:  0)
534273112  18615720 416440336  0.085  0.089   18.090   19.083    0    0  (Gen:  0)
536423184  18612808 382644464  0.695  0.790   19.350   20.403    0    0  (Gen:  1)
534297608  34527152 401185016  0.077  0.077   20.045   21.007    0    0  (Gen:  0)
532706032  34527152 419231448  0.084  0.085   20.751   21.627    0    0  (Gen:  0)
535961112  35690312 434873976  0.070  0.071   21.442   22.238    0    0  (Gen:  0)
534751992  32855648 449955312  0.068  0.069   22.073   22.837    0    0  (Gen:  0)
537421048  32848168 468298080  0.075  0.075   22.734   23.396    0    0  (Gen:  0)
533060456  32848248 486953640  0.081  0.081   23.463   24.051    0    0  (Gen:  0)
537222088  32848272 498636888  0.062  0.062   24.110   24.625    0    0  (Gen:  0)
540532448  32848256 517643208  0.072  0.072   24.778   25.245    0    0  (Gen:  0)
527422960  32848360 537031568  0.081  0.081   25.435   25.799    0    0  (Gen:  0)
537210144  32851368 553997888  0.078  0.078   26.152   26.440    0    0  (Gen:  0)
536614184  32848672 565652880  0.063  0.064   26.768   27.012    0    0  (Gen:  0)
534659816  34576312 584719304  0.073  0.074   27.443   27.604    0    0  (Gen:  0)
531239272  34576312 602963592  0.078  0.079   28.130   28.202    0    0  (Gen:  0)
537732104  34579904 619445688  0.072  0.072   28.823   28.814    0    0  (Gen:  0)
536163848  32736760 633367792  0.067  0.067   29.444   29.400    0    0  (Gen:  0)
536471376  32735424 651680512  0.074  0.074   30.112   29.966    0    0  (Gen:  0)
538631912  32735440 669554112  0.076  0.077   30.837   30.613    0    0  (Gen:  0)
539472528  32735464 684476632  0.068  0.068   31.521   31.216    0    0  (Gen:  0)
539767472  32742272 700891984  0.072  0.072   32.154   31.812    0    0  (Gen:  0)
537300928  32735544 719121272  0.080  0.080   32.815   32.372    0    0  (Gen:  0)
538994176  39657432 738138208  0.078  0.079   33.555   33.040    0    0  (Gen:  0)
535443112  39657472 749630672  0.067  0.070   34.210   33.629    0    0  (Gen:  0)
536924648  39656784 768478552  1.372  1.581   36.173   35.752    0    0  (Gen:  1)
528351672  39656816 787514464  0.083  0.083   36.832   36.306    0    0  (Gen:  0)
535381248  39659632 804175640  0.076  0.076   37.544   36.941    0    0  (Gen:  0)
539017424  39657104 816630288  0.065  0.066   38.162   37.519    0    0  (Gen:  0)
539594368  34668928 835397496  0.073  0.074   38.857   38.124    0    0  (Gen:  0)
532679232  34668928 853786088  0.081  0.081   39.563   38.738    0    0  (Gen:  0)
534868872  34668984 870305024  0.075  0.075   40.262   39.356    0    0  (Gen:  0)
530755800  34670360 884003528  0.074  0.078   40.900   39.961    0    0  (Gen:  0)
535244008  34668984 902286728  0.073  0.073   41.558   40.523    0    0  (Gen:  0)
534432472  34669008 920978304  0.080  0.081   42.289   41.178    0    0  (Gen:  0)
539218400  34669008 932676912  0.066  0.066   42.969   41.782    0    0  (Gen:  0)
536342048  34669072 951640240  0.073  0.073   43.622   42.394    0    0  (Gen:  0)
529254472  34669072 971181352  0.085  0.085   44.291   42.958    0    0  (Gen:  0)
536999376  34672048 988218472  0.079  0.080   45.019   43.609    0    0  (Gen:  0)
534356224  34669480 999792560  0.064  0.064   45.641   44.186    0    0  (Gen:  0)
533801832  34669080 1018669736  0.077  0.077   46.324   44.783    0    0  (Gen:  0)
529692056  39588816 1036773496  0.079  0.079   47.017   45.387    0    0  (Gen:  0)
537369552  36332528 1052967544  0.070  0.071   47.701   45.991    0    0  (Gen:  0)
530501128  36335960 1067398384  0.068  0.069   48.332   46.587    0    0  (Gen:  0)
529333432  36332112 1085649320  0.075  0.075   48.996   47.145    0    0  (Gen:  0)
535001832  36332136 1105071896  0.082  0.082   49.738   47.814    0    0  (Gen:  0)
538162608  36332304 1116131080  0.066  0.066   50.381   48.396    0    0  (Gen:  0)
538628864  36332160 1135154136  0.075  0.075   51.064   49.017    0    0  (Gen:  0)
533910344  36332160 1154339384  0.082  0.082   51.738   49.587    0    0  (Gen:  0)
534047400  36332160 1170953560  0.076  0.076   52.456   50.230    0    0  (Gen:  0)
533307304  36332480 1183389880  0.066  0.066   53.072   50.813    0    0  (Gen:  0)
534642728  36332208 1201999696  0.073  0.073   53.759   51.402    0    0  (Gen:  0)
533587792  36332288 1219901104  0.085  0.085   54.478   52.033    0    0  (Gen:  0)
539035264  36205744 1236197696  0.070  0.071   55.171   52.643    0    0  (Gen:  0)
531821808  36210968 1250819592  0.069  0.069   55.803   53.241    0    0  (Gen:  0)
534429080  35167832 1269061944  0.075  0.075   56.472   53.804    0    0  (Gen:  0)
536062576  39465496 1287873520  0.079  0.079   57.205   54.462    0    0  (Gen:  0)
538823184  39465528 1299553992  0.065  0.065   57.861   55.045    0    0  (Gen:  0)
535635888  39465552 1318637176  0.073  0.074   58.518   55.650    0    0  (Gen:  0)
527755816  39465576 1337642632  0.082  0.082   59.184   56.210    0    0  (Gen:  0)
534363176  39468544 1354078544  0.076  0.076   59.897   56.845    0    0  (Gen:  0)
535600168  39466296 1366845472  0.070  0.070   60.508   57.420    0    0  (Gen:  0)
536637496  39465696 1385477024  0.074  0.074   61.192   58.006    0    0  (Gen:  0)
534107448  39465760 1403569256  0.079  0.079   61.892   58.617    0    0  (Gen:  0)
540298464  39465776 1420060856  0.070  0.070   62.583   59.222    0    0  (Gen:  0)
536885824  39467888 1434360144  0.070  0.070   63.210   59.813    0    0  (Gen:  0)
535929200  39465808 1452601824  0.074  0.074   63.871   60.367    0    0  (Gen:  0)
533003680  38756120 1470164752  0.081  0.085   64.599   61.020    0    0  (Gen:  0)
533353152  38756192 1483057440  0.067  0.070   65.256   61.606    0    0  (Gen:  0)
536375304  38756208 1502063024  0.077  0.082   65.917   62.221    0    0  (Gen:  0)
527466280  38756240 1521187192  0.091  0.097   66.590   62.798    0    0  (Gen:  0)
535939728  38755120 1537236032  2.844  3.258   70.073   66.615    0    0  (Gen:  1)
533604552  32264040 1549623536  0.066  0.066   70.677   67.180    0    0  (Gen:  0)
532852280  32263760 1568200320  0.075  0.075   71.360   67.765    0    0  (Gen:  0)
538102160  32263840 1586545992  0.081  0.081   72.071   68.384    0    0  (Gen:  0)
533106320  32263992 1602072480  0.070  0.070   72.756   68.988    0    0  (Gen:  0)
533727768  32766408 1617111608  0.069  0.069   73.381   69.575    0    0  (Gen:  0)
532387552  35097576 1635346136  0.074  0.074   74.039   70.127    0    0  (Gen:  0)
536729040  35097600 1654277432  0.080  0.080   74.774   70.787    0    0  (Gen:  0)
540012200  35097720 1665865208  0.064  0.064   75.429   71.367    0    0  (Gen:  0)
537497288  35097648 1684980224  0.073  0.074   76.090   71.978    0    0  (Gen:  0)
528251304  41263472 1704145848  0.083  0.083   76.755   72.538    0    0  (Gen:  0)
535375520  38611984 1720807536  0.077  0.077   77.469   73.173    0    0  (Gen:  0)
535242056  38611168 1733177320  0.067  0.067   78.073   73.740    0    0  (Gen:  0)
538685824  38610832 1751849464  0.075  0.075   78.769   74.341    0    0  (Gen:  0)
531858928  38610880 1770054320  0.081  0.081   79.471   74.950    0    0  (Gen:  0)
536352872  38613856 1786096904  0.070  0.070   80.161   75.556    0    0  (Gen:  0)
538155344  38615056 1800654520  0.069  0.069   80.792   76.150    0    0  (Gen:  0)
539549680  38611016 1818939832  0.075  0.076   81.459   76.712    0    0  (Gen:  0)
534636088  38611016 1837454520  0.078  0.078   82.186   77.360    0    0  (Gen:  0)
541300576  38611016 1849525296  0.065  0.065   82.867   77.953    0    0  (Gen:  0)
533299384  38611576 1868157880  0.071  0.071   83.501   78.547    0    0  (Gen:  0)
532484800  38611064 1886444712  0.081  0.082   84.162   79.100    0    0  (Gen:  0)
534356920  38611088 1905294584  0.081  0.082   84.890   79.751    0    0  (Gen:  0)
537482104  38611424 1916989304  0.067  0.067   85.516   80.329    0    0  (Gen:  0)
533918280  34610072 1935504104  0.075  0.075   86.198   80.929    0    0  (Gen:  0)
529100520  34610072 1953844456  0.081  0.081   86.890   81.526    0    0  (Gen:  0)
538415768  34610096 1970421072  0.073  0.073   87.589   82.142    0    0  (Gen:  0)
530349304  32639600 1984007984  0.068  0.069   88.207   82.723    0    0  (Gen:  0)
539041152  32638232 2002340960  0.074  0.074   88.872   83.284    0    0  (Gen:  0)
529056640  32638280 2021049848  0.081  0.081   89.598   83.927    0    0  (Gen:  0)
541954984  32638280 2032613280  0.064  0.064   90.275   84.521    0    0  (Gen:  0)
536061200  32638296 2051549832  0.071  0.071   90.916   85.121    0    0  (Gen:  0)
531214328  32638312 2071574576  0.084  0.084   91.584   85.680    0    0  (Gen:  0)
535605192  32641552 2088594000  0.079  0.079   92.308   86.327    0    0  (Gen:  0)
535534568  32638608 2099842296  0.066  0.067   92.933   86.903    0    0  (Gen:  0)
540653224  32638400 2119081504  0.076  0.076   93.628   87.518    0    0  (Gen:  0)
528865576  32638440 2137550680  0.081  0.081   94.313   88.105    0    0  (Gen:  0)
536349656  32640912 2154047648  0.074  0.074   95.012   88.721    0    0  (Gen:  0)
533424832  32639896 2167536384  0.067  0.067   95.633   89.305    0    0  (Gen:  0)
445919600 2125456664 2183131824  3.729  4.117   99.906   94.620    0    0  (Gen:  1)
   104648  11151296  18292968  0.041  0.235   99.947   94.856    0    0  (Gen:  1)
     1368                      0.000  0.000

  73,320,980,136 bytes allocated in the heap
   6,766,139,912 bytes copied during GC
   2,183,131,824 bytes maximum residency (8 sample(s))
      11,586,896 bytes maximum slop
            2081 MB total memory in use (0 MB lost due to fragmentation)

                                     Tot time (elapsed)  Avg pause  Max pause
  Gen  0       130 colls,     0 par    9.632s   9.731s     0.0749s    0.1717s
  Gen  1         8 colls,     0 par    9.314s  10.702s     1.3378s    4.1167s

  TASKS: 21 (1 bound, 20 peak workers (20 total), using -N4)

  SPARKS: 0 (0 converted, 0 overflowed, 0 dud, 0 GC'd, 0 fizzled)

  INIT    time    0.001s  (  0.006s elapsed)
  MUT     time   80.999s  ( 74.417s elapsed)
  GC      time   18.946s  ( 20.433s elapsed)
  EXIT    time    0.000s  (  0.007s elapsed)
  Total   time   99.947s  ( 94.863s elapsed)

  Alloc rate    905,203,800 bytes per MUT second

  Productivity  81.0% of total user, 78.4% of total elapsed

