bench-hist/hie-bios-5/ghcide --lsp --cwd bench/example/Cabal-3.0.0.0 +RTS -I0 -qg -A128M -SgetDefinition.benchmark-gcStats -I0.5 
    Alloc    Copied     Live     GC     GC      TOT      TOT  Page Flts
    bytes     bytes     bytes   user   elap     user     elap
555641520  11125352  14735552  0.033  0.037    0.731    7.279    0    0  (Gen:  0)
549166016  11129648  21784184  0.048  0.056    1.131    8.066    0    0  (Gen:  1)
540576680  11128320  28254144  0.021  0.022    1.476    8.665    0    0  (Gen:  0)
530463936  11127472  35626448  0.026  0.027    2.226    9.148    0    0  (Gen:  0)
546183680  11130552 110694976  0.149  0.167    3.182    9.924    0    0  (Gen:  0)
527034208  11144672 139261904  0.232  0.262    3.790   10.322    0    0  (Gen:  1)
526815736  62125792 171317024  0.121  0.123    4.302   10.580    0    0  (Gen:  0)
538803352  55465736 204893568  0.111  0.116    4.921   10.865    0    0  (Gen:  0)
547877520  48798424 220394672  0.105  0.114    5.699   11.163    0    0  (Gen:  0)
540034056  48778424 238772896  0.088  0.093    6.346   11.425    0    0  (Gen:  0)
534424656  48775688 223048696  0.354  0.396    7.189   11.966    0    0  (Gen:  1)
545763960  48774768 227304848  0.057  0.057    7.794   12.171    0    0  (Gen:  0)
532537104  48774408 247492840  0.103  0.103    8.380   12.651    0    0  (Gen:  0)
536426784  26125560 243718136  0.051  0.051    8.869   13.021    0    0  (Gen:  0)
534970528  26126880 256534072  0.072  0.072    9.500   13.239    0    0  (Gen:  0)
539171656  26180656 275127536  0.087  0.087   10.119   13.467    0    0  (Gen:  0)
530634608  26126952 282448776  0.080  0.080   10.772   13.696    0    0  (Gen:  0)
536050472  19087520 274748800  0.035  0.035   11.289   13.889    0    0  (Gen:  0)
533364544  19088472 282552728  0.053  0.053   11.793   14.205    0    0  (Gen:  0)
536129480  19088096 287063072  0.050  0.050   12.265   14.534    0    0  (Gen:  0)
560501712  19087408 307940624  0.077  0.077   12.891   15.031    0    0  (Gen:  0)
539114296  29847128 314715240  0.056  0.056   13.321   15.426    0    0  (Gen:  0)
520507408  11037152 316752832  0.018  0.018   13.496   15.601    0    0  (Gen:  0)
526132400  11037832 319537648  0.009  0.010   13.722   15.844    0    0  (Gen:  0)
534188232  11037304 321484384  0.010  0.010   14.577   16.550    0    0  (Gen:  0)
533652864   3194608 321817064  0.010  0.010   15.437   17.264    0    0  (Gen:  0)
533312320   3094160 321927296  0.010  0.010   16.294   17.973    0    0  (Gen:  0)
532765136   3103200 322199056  0.009  0.010   17.143   18.674    0    0  (Gen:  0)
533829336   3103352 322496248  0.010  0.010   17.991   19.374    0    0  (Gen:  0)
531682120   3103352 322872024  0.009  0.009   18.835   20.065    0    0  (Gen:  0)
534678048   3103456 322747104  0.009  0.009   19.679   20.756    0    0  (Gen:  0)
535200560   3103504 323935480  0.010  0.010   20.523   21.452    0    0  (Gen:  0)
532278104   3103608 324305024  0.011  0.011   21.353   22.154    0    0  (Gen:  0)
536338512   3103616 324728984  0.012  0.012   22.199   22.870    0    0  (Gen:  0)
530586240   3103656 324856528  0.011  0.012   23.038   23.576    0    0  (Gen:  0)
530915168   3103736 324804576  0.010  0.010   23.903   24.292    0    0  (Gen:  0)
532834840   3126208 324955952  0.010  0.010   24.769   25.011    0    0  (Gen:  0)
532685048   3126264 325303448  0.010  0.010   25.636   25.728    0    0  (Gen:  0)
535284736   3010472 325597656  0.010  0.010   26.503   26.450    0    0  (Gen:  0)
537167160   3010488 325824784  0.010  0.010   27.362   27.158    0    0  (Gen:  0)
535339776   3010528 326397856  0.010  0.010   28.216   27.862    0    0  (Gen:  0)
531884432   3010664 326272088  0.009  0.009   29.066   28.561    0    0  (Gen:  0)
532111832   3010768 326467744  0.009  0.009   29.918   29.260    0    0  (Gen:  0)
530966856   3010824 327654016  0.011  0.011   30.759   29.968    0    0  (Gen:  0)
531845512   3010840 328926856  0.013  0.013   31.590   30.672    0    0  (Gen:  0)
529097648   3010920 327862600  0.011  0.011   32.433   31.380    0    0  (Gen:  0)
530576320   3010920 328030224  0.011  0.011   33.304   32.106    0    0  (Gen:  0)
534510640   3010968 328577088  0.010  0.010   34.173   32.824    0    0  (Gen:  0)
535744584   3011040 328520760  0.010  0.010   35.041   33.546    0    0  (Gen:  0)
533755768   3011056 328923656  0.010  0.010   35.903   34.262    0    0  (Gen:  0)
536147312   3011128 329197416  0.010  0.010   36.768   34.981    0    0  (Gen:  0)
531401224   3011136 329715968  0.010  0.010   37.619   35.678    0    0  (Gen:  0)
531730176   3011248 329437696  0.009  0.009   38.475   36.379    0    0  (Gen:  0)
532874632   3011296 330710168  0.011  0.011   39.331   37.084    0    0  (Gen:  0)
535606560   3011368 330891096  0.011  0.011   40.188   37.805    0    0  (Gen:  0)
531052920   3585256 331426984  0.012  0.012   41.034   38.523    0    0  (Gen:  0)
535189288   3585296 331236120  0.011  0.011   41.894   39.244    0    0  (Gen:  0)
528336648   3585352 331640288  0.011  0.011   42.743   39.954    0    0  (Gen:  0)
531554280   3141560 331647360  0.011  0.011   43.615   40.675    0    0  (Gen:  0)
536599752   3093144 332016424  0.010  0.010   44.485   41.396    0    0  (Gen:  0)
534017152   3093184 332207352  0.010  0.010   45.367   42.135    0    0  (Gen:  0)
537533168   3210216 333014944  0.010  0.010   46.235   42.853    0    0  (Gen:  0)
530046712   3210296 333556536  0.010  0.010   47.093   43.561    0    0  (Gen:  0)
533093984   3210304 333005240  0.010  0.010   47.953   44.266    0    0  (Gen:  0)
532387368   3210376 333358736  0.010  0.010   48.812   44.971    0    0  (Gen:  0)
534797816   3210464 334351096  0.011  0.011   49.669   45.678    0    0  (Gen:  0)
534091264   3210552 334696696  0.011  0.011   50.513   46.390    0    0  (Gen:  0)
533867968   3210592 335175680  0.012  0.012   51.357   47.107    0    0  (Gen:  0)
530662328   3498232 335456888  0.012  0.012   52.204   47.816    0    0  (Gen:  0)
536834416   3498360 335083040  0.011  0.011   53.087   48.553    0    0  (Gen:  0)
531373928   3498448 335978176  0.011  0.011   53.960   49.277    0    0  (Gen:  0)
535708416   3317104 336236328  0.012  0.012   54.842   50.013    0    0  (Gen:  0)
532855240   3317136 335914272  0.011  0.011   55.710   50.732    0    0  (Gen:  0)
528400416   3158448 336362176  0.011  0.011   56.562   51.430    0    0  (Gen:  0)
374122328 226155896 261798072  0.389  0.426   57.550   53.037    0    0  (Gen:  1)
   103896  11158440  18112344  0.016  0.034   57.565   53.072    0    0  (Gen:  1)
     1584                      0.000  0.000

  39,941,948,880 bytes allocated in the heap
   1,063,967,256 bytes copied during GC
     261,798,072 bytes maximum residency (5 sample(s))
       4,189,192 bytes maximum slop
             249 MB total memory in use (0 MB lost due to fragmentation)

                                     Tot time (elapsed)  Avg pause  Max pause
  Gen  0        71 colls,     0 par    1.925s   1.972s     0.0278s    0.1671s
  Gen  1         5 colls,     0 par    1.038s   1.175s     0.2350s    0.4258s

  TASKS: 22 (1 bound, 21 peak workers (21 total), using -N4)

  SPARKS: 0 (0 converted, 0 overflowed, 0 dud, 0 GC'd, 0 fizzled)

  INIT    time    0.001s  (  0.005s elapsed)
  MUT     time   54.602s  ( 49.919s elapsed)
  GC      time    2.963s  (  3.148s elapsed)
  EXIT    time    0.000s  (  0.003s elapsed)
  Total   time   57.566s  ( 53.075s elapsed)

  Alloc rate    731,516,852 bytes per MUT second

  Productivity  94.9% of total user, 94.1% of total elapsed

