bench-hist/hie-bios-5/ghcide --lsp --cwd bench/example/Cabal-3.0.0.0 +RTS -I0 -qg -A128M -Shover_after_edit.benchmark-gcStats -I0.5 
    Alloc    Copied     Live     GC     GC      TOT      TOT  Page Flts
    bytes     bytes     bytes   user   elap     user     elap
560404728      2160  14776744  0.034  0.038    0.738    6.255    0    0  (Gen:  0)
551130736  15726240  22048088  0.049  0.057    1.147    7.079    0    0  (Gen:  1)
543908968  15724816  28378944  0.021  0.022    1.495    7.669    0    0  (Gen:  0)
531152576  15723928  35949632  0.027  0.028    2.260    8.145    0    0  (Gen:  0)
548986840  15727040 110099760  0.146  0.165    3.256    8.730    0    0  (Gen:  0)
524047688  15742512 138249032  0.231  0.266    3.862    9.117    0    0  (Gen:  1)
528420192  15731512 169938248  0.122  0.124    4.397    9.387    0    0  (Gen:  0)
539822672  15749312 212312704  0.125  0.133    5.048    9.682    0    0  (Gen:  0)
553083072  15741088 219042984  0.092  0.101    5.810    9.974    0    0  (Gen:  0)
542380928  15727952 231656000  0.072  0.074    6.433   10.240    0    0  (Gen:  0)
542285760 183108200 217441840  0.344  0.393    7.275   10.791    0    0  (Gen:  1)
546504256 183109032 228414272  0.069  0.069    7.952   11.030    0    0  (Gen:  0)
530108136 183110288 243410864  0.093  0.093    8.515   11.436    0    0  (Gen:  0)
539626584 183106560 236552136  0.032  0.032    8.974   11.786    0    0  (Gen:  0)
540847040  34921248 259215072  0.077  0.077    9.622   12.015    0    0  (Gen:  0)
537419040  34908312 267426096  0.068  0.068   10.241   12.232    0    0  (Gen:  0)
532790472  24046256 268160824  0.050  0.051   10.786   12.440    0    0  (Gen:  0)
530700776  24047536 269331856  0.047  0.047   11.281   12.674    0    0  (Gen:  0)
530754392  24046696 278382352  0.051  0.052   11.801   12.989    0    0  (Gen:  0)
533763440  24048736 284261752  0.052  0.052   12.281   13.322    0    0  (Gen:  0)
562716680  36338104 302452776  0.073  0.073   12.906   13.821    0    0  (Gen:  0)
533874960  36350656 320127448  0.077  0.077   13.453   14.324    0    0  (Gen:  0)
520749608  21045872 322152304  0.033  0.033   13.643   14.515    0    0  (Gen:  0)
520510704   5167472 325349944  0.009  0.009   13.800   14.671    0    0  (Gen:  0)
533570992  16810384 339915464  0.040  0.040   14.264   15.094    0    0  (Gen:  0)
520709928  17597848 341651536  0.026  0.026   14.446   15.276    0    0  (Gen:  0)
520522688   4963104 344709760  0.009  0.009   14.599   15.430    0    0  (Gen:  0)
535093168   4963928 359111856  0.039  0.039   15.055   15.843    0    0  (Gen:  0)
520698640   4963376 360978976  0.027  0.027   15.238   16.026    0    0  (Gen:  0)
520498872   4963168 364196824  0.009  0.009   15.394   16.183    0    0  (Gen:  0)
533442592   4963984 378528344  0.039  0.039   15.852   16.597    0    0  (Gen:  0)
520652408   4963432 380172816  0.027  0.027   16.037   16.782    0    0  (Gen:  0)
520537096   4963224 383548488  0.009  0.009   16.192   16.937    0    0  (Gen:  0)
533998040  16847272 397986360  0.039  0.039   16.650   17.352    0    0  (Gen:  0)
520682568  17489832 399601784  0.027  0.027   16.831   17.534    0    0  (Gen:  0)
520520152 299676880 336762352  0.564  0.643   17.541   18.324    0    0  (Gen:  1)
533541960  16682576 350998488  0.040  0.040   18.033   18.771    0    0  (Gen:  0)
521974344  16682072 352572624  0.027  0.027   18.221   18.960    0    0  (Gen:  0)
520562536  16681832 355742936  0.009  0.009   18.381   19.121    0    0  (Gen:  0)
535059376  16682640 370455872  0.040  0.041   18.835   19.532    0    0  (Gen:  0)
520782136  16682464 372018328  0.026  0.026   19.018   19.715    0    0  (Gen:  0)
520497368  16681880 374762936  0.009  0.009   19.178   19.875    0    0  (Gen:  0)
537566800  16682680 390054920  0.039  0.040   19.626   20.282    0    0  (Gen:  0)
522476024  16687616 391193112  0.027  0.027   19.817   20.472    0    0  (Gen:  0)
520486880  16681944 394115752  0.009  0.009   19.974   20.630    0    0  (Gen:  0)
538625928  16682744 405971008  0.033  0.033   20.409   21.024    0    0  (Gen:  0)
520571456  16683800 410663216  0.027  0.028   20.601   21.215    0    0  (Gen:  0)
520524320  16682032 413227960  0.012  0.012   20.767   21.381    0    0  (Gen:  0)
535965488  16682840 425907392  0.035  0.036   21.193   21.767    0    0  (Gen:  0)
521179328  16682664 429821480  0.029  0.029   21.398   21.972    0    0  (Gen:  0)
520496936  16682160 432067936  0.015  0.015   21.567   22.142    0    0  (Gen:  0)
537433728  16682920 443653464  0.031  0.031   21.973   22.509    0    0  (Gen:  0)
526129384  16682736 448735464  0.029  0.029   22.195   22.729    0    0  (Gen:  0)
520521248  16682176 451114576  0.016  0.016   22.365   22.900    0    0  (Gen:  0)
533449888  16682976 461480168  0.027  0.027   22.752   23.246    0    0  (Gen:  0)
526776048  16683176 467541000  0.030  0.030   22.989   23.482    0    0  (Gen:  0)
520549832  16682280 470086240  0.016  0.016   23.159   23.652    0    0  (Gen:  0)
540976744  16683056 480211656  0.026  0.026   23.544   23.996    0    0  (Gen:  0)
525825552  16576032 486567880  0.030  0.030   23.783   24.233    0    0  (Gen:  0)
520530864   9307904 489092912  0.017  0.017   23.956   24.406    0    0  (Gen:  0)
539016168   9308696 497623832  0.023  0.023   24.330   24.739    0    0  (Gen:  0)
523020304  16567736 505514384  0.031  0.031   24.575   24.983    0    0  (Gen:  0)
520513304   9898728 508104912  0.017  0.017   24.750   25.159    0    0  (Gen:  0)
542547920   9899496 514803976  0.020  0.020   25.123   25.493    0    0  (Gen:  0)
525132928   9904928 524658120  0.034  0.034   25.373   25.742    0    0  (Gen:  0)
520523872   9898848 527262072  0.021  0.021   25.552   25.921    0    0  (Gen:  0)
537665440   9899632 531705504  0.016  0.016   25.896   26.234    0    0  (Gen:  0)
523256256   9899280 543798856  0.033  0.034   26.166   26.493    0    0  (Gen:  0)
520499072   9898936 546457296  0.024  0.024   26.349   26.676    0    0  (Gen:  0)
537946464   6089456 550480968  0.016  0.016   26.661   26.975    0    0  (Gen:  0)
523668984  16732680 562996112  0.034  0.035   26.964   27.248    0    0  (Gen:  0)
520477728  15851432 565604768  0.025  0.025   27.147   27.432    0    0  (Gen:  0)
539756800   5841704 569405288  0.015  0.015   27.436   27.720    0    0  (Gen:  0)
523268048   5841072 582298720  0.035  0.035   27.760   28.004    0    0  (Gen:  0)
520453080   5840944 584887952  0.026  0.026   27.947   28.192    0    0  (Gen:  0)
534547576   5841752 588392352  0.015  0.015   28.211   28.466    0    0  (Gen:  0)
525023328   5841120 601347376  0.036  0.036   28.562   28.765    0    0  (Gen:  0)
520443928   5841032 604071736  0.026  0.026   28.749   28.953    0    0  (Gen:  0)
538804424   5659888 607538272  0.014  0.014   29.008   29.222    0    0  (Gen:  0)
521535896   5659248 620639312  0.036  0.036   29.360   29.521    0    0  (Gen:  0)
520443168   5659120 623112728  0.025  0.025   29.546   29.708    0    0  (Gen:  0)
538999720   5659928 626726840  0.014  0.014   29.805   29.978    0    0  (Gen:  0)
521619808   5659312 639801944  0.035  0.035   30.157   30.278    0    0  (Gen:  0)
520420072   5659248 641939928  0.025  0.025   30.343   30.464    0    0  (Gen:  0)
534914608   5660056 646059408  0.014  0.014   30.592   30.723    0    0  (Gen:  0)
525464224  16417016 658991784  0.034  0.035   30.952   31.031    0    0  (Gen:  0)
520455472  15331856 660979752  0.025  0.025   31.138   31.218    0    0  (Gen:  0)
538753400  15332640 665383040  0.014  0.015   31.381   31.471    0    0  (Gen:  0)
522874248  16334184 678208800  0.035  0.035   31.748   31.788    0    0  (Gen:  0)
520577080  15369048 680204048  0.024  0.024   31.936   31.976    0    0  (Gen:  0)
531843016  15368512 614788400  1.172  1.363   33.313   33.548    0    0  (Gen:  1)
527804808  15367840 628108704  0.036  0.036   33.703   33.894    0    0  (Gen:  0)
520513968  15367696 630094512  0.026  0.026   33.894   34.087    0    0  (Gen:  0)
534997168  15368488 633575408  0.012  0.012   34.105   34.298    0    0  (Gen:  0)
527700184  16285808 647322544  0.037  0.037   34.511   34.662    0    0  (Gen:  0)
520527544  15825864 649369368  0.026  0.026   34.700   34.851    0    0  (Gen:  0)
530225424  15826648 652205760  0.010  0.010   34.891   35.038    0    0  (Gen:  0)
529796584  15826064 666692568  0.037  0.037   35.318   35.427    0    0  (Gen:  0)
520509080  15825920 668504440  0.025  0.025   35.504   35.614    0    0  (Gen:  0)
529630912  15826688 671212184  0.009  0.009   35.677   35.778    0    0  (Gen:  0)
535020128  15826072 685874144  0.037  0.037   36.120   36.187    0    0  (Gen:  0)
520536056  15825944 687713520  0.025  0.025   36.306   36.374    0    0  (Gen:  0)
524924696  15826704 690390808  0.009  0.009   36.474   36.531    0    0  (Gen:  0)
535534952  15826168 705149880  0.037  0.037   36.919   36.944    0    0  (Gen:  0)
520639672  15826208 707090392  0.025  0.025   37.107   37.133    0    0  (Gen:  0)
523387376  15826792 710618336  0.011  0.011   37.273   37.291    0    0  (Gen:  0)
533454856  16499792 724555656  0.038  0.038   37.729   37.715    0    0  (Gen:  0)
520570864  16494344 726455448  0.026  0.027   37.917   37.904    0    0  (Gen:  0)
525448208  16494920 729065064  0.009  0.009   38.081   38.063    0    0  (Gen:  0)
537491552  16411432 743789024  0.038  0.038   38.534   38.479    0    0  (Gen:  0)
520540056  16960512 745807376  0.026  0.026   38.722   38.668    0    0  (Gen:  0)
527028384  16961080 747818176  0.008  0.008   38.884   38.827    0    0  (Gen:  0)
536957200  16964112 763132624  0.038  0.038   39.338   39.241    0    0  (Gen:  0)
520556920  16960536 764973584  0.027  0.027   39.528   39.431    0    0  (Gen:  0)
527513416   3188288 766490456  0.006  0.006   39.687   39.589    0    0  (Gen:  0)
533072848   3190728 782392600  0.039  0.039   40.140   40.001    0    0  (Gen:  0)
520580024   3187816 784372296  0.027  0.027   40.330   40.191    0    0  (Gen:  0)
520679168   3188008 785790488  0.007  0.007   40.481   40.343    0    0  (Gen:  0)
534429112   3188040 801692168  0.040  0.040   40.943   40.762    0    0  (Gen:  0)
520731560  17509176 803576272  0.028  0.028   41.133   40.953    0    0  (Gen:  0)
520659480   4929976 806502728  0.008  0.008   41.287   41.107    0    0  (Gen:  0)
536555864   4930792 820862864  0.040  0.040   41.751   41.527    0    0  (Gen:  0)
520774136   4930272 822842264  0.027  0.027   41.938   41.715    0    0  (Gen:  0)
520649560   4930064 825637752  0.008  0.008   42.096   41.873    0    0  (Gen:  0)
536217232   4930880 840243384  0.040  0.040   42.563   42.298    0    0  (Gen:  0)
520674640   4930400 842099984  0.027  0.027   42.751   42.487    0    0  (Gen:  0)
520630200   4930176 845111120  0.009  0.009   42.906   42.642    0    0  (Gen:  0)
537792064   4930992 859638736  0.040  0.041   43.372   43.066    0    0  (Gen:  0)
520673280   4930472 861395904  0.028  0.028   43.561   43.256    0    0  (Gen:  0)
520620696   4930264 864508736  0.009  0.009   43.717   43.413    0    0  (Gen:  0)
533393456  16653136 878921008  0.040  0.040   44.179   43.830    0    0  (Gen:  0)
524363752  16652568 880677776  0.027  0.027   44.369   44.020    0    0  (Gen:  0)
520544880  16652360 883640120  0.008  0.009   44.525   44.177    0    0  (Gen:  0)
534192368  16576752 898105584  0.040  0.040   44.989   44.597    0    0  (Gen:  0)
520705448  17477048 899819960  0.027  0.027   45.178   44.786    0    0  (Gen:  0)
520577592   5077040 903089808  0.009  0.009   45.334   44.942    0    0  (Gen:  0)
533327056  16750160 917550112  0.040  0.040   45.797   45.361    0    0  (Gen:  0)
520723848  17575256 919249952  0.026  0.026   45.985   45.550    0    0  (Gen:  0)
520508112   5112400 922468424  0.009  0.009   46.143   45.708    0    0  (Gen:  0)
537260280   5113224 936851736  0.040  0.040   46.608   46.132    0    0  (Gen:  0)
520652712   5112728 938486672  0.026  0.026   46.794   46.319    0    0  (Gen:  0)
520582840   5112520 941711944  0.009  0.009   46.955   46.481    0    0  (Gen:  0)
534151248   5113328 956236216  0.040  0.040   47.417   46.901    0    0  (Gen:  0)
521216856   5112736 957736072  0.026  0.026   47.603   47.088    0    0  (Gen:  0)
520537752   5112528 961245384  0.010  0.010   47.765   47.250    0    0  (Gen:  0)
533398536  16778128 975537816  0.040  0.040   48.224   47.666    0    0  (Gen:  0)
520682992  17426248 977202920  0.026  0.026   48.409   47.851    0    0  (Gen:  0)
520511464   4824728 980239488  0.009  0.009   48.571   48.014    0    0  (Gen:  0)
533534168  16830520 994911032  0.040  0.041   49.031   48.431    0    0  (Gen:  0)
520672432  16830232 996449632  0.026  0.026   49.219   48.618    0    0  (Gen:  0)
520487560  16829760 999199920  0.008  0.008   49.383   48.783    0    0  (Gen:  0)
536786816  16830560 1014614528  0.041  0.041   49.838   49.195    0    0  (Gen:  0)
521339416  17232648 1015871296  0.027  0.027   50.029   49.387    0    0  (Gen:  0)
520479192   4379352 1018632200  0.009  0.009   50.192   49.551    0    0  (Gen:  0)
537313592   4380152 1030731416  0.034  0.034   50.633   49.950    0    0  (Gen:  0)
520857080   4380232 1035019536  0.027  0.027   50.831   50.147    0    0  (Gen:  0)
520529832   4379440 1037580968  0.012  0.012   50.999   50.315    0    0  (Gen:  0)
540884432   4380248 1050375016  0.036  0.036   51.432   50.708    0    0  (Gen:  0)
528159344  16899744 1054252992  0.030  0.030   51.641   50.917    0    0  (Gen:  0)
520511760   8122944 1056405824  0.014  0.014   51.811   51.087    0    0  (Gen:  0)
537116528  13923912 1069094624  0.035  0.035   52.240   51.477    0    0  (Gen:  0)
524388112  16739424 1073108312  0.030  0.030   52.454   51.691    0    0  (Gen:  0)
520504536   8668344 1075453944  0.015  0.015   52.626   51.863    0    0  (Gen:  0)
535577432   8669120 1086752304  0.031  0.031   53.035   52.231    0    0  (Gen:  0)
523524376   8668960 1092051944  0.030  0.030   53.264   52.458    0    0  (Gen:  0)
520543880   8668400 1094433816  0.016  0.016   53.438   52.633    0    0  (Gen:  0)
540901376   8669200 1104989528  0.028  0.028   53.835   52.990    0    0  (Gen:  0)
525079360   8670032 1110975912  0.029  0.029   54.074   53.228    0    0  (Gen:  0)
520531416   8668488 1113514472  0.017  0.017   54.247   53.402    0    0  (Gen:  0)
541892048   8669344 1123643312  0.027  0.027   54.633   53.749    0    0  (Gen:  0)
523961504   8673176 1130052688  0.031  0.031   54.878   53.992    0    0  (Gen:  0)
520510688   8668560 1132522664  0.018  0.018   55.055   54.171    0    0  (Gen:  0)
540306064   8669352 1140946312  0.024  0.024   55.438   54.512    0    0  (Gen:  0)
525725912   8676432 1148848776  0.032  0.032   55.688   54.761    0    0  (Gen:  0)
520497792   8668672 1151455768  0.018  0.018   55.867   54.941    0    0  (Gen:  0)
538803272   8669488 1157246560  0.018  0.018   56.238   55.271    0    0  (Gen:  0)
525439936  16508648 1167985928  0.033  0.033   56.494   55.526    0    0  (Gen:  0)
520509704  12928328 1170572640  0.022  0.022   56.678   55.710    0    0  (Gen:  0)
538926424   6257328 1175160760  0.017  0.017   57.027   56.028    0    0  (Gen:  0)
524587856   6256728 1187083728  0.034  0.034   57.303   56.294    0    0  (Gen:  0)
520496112   6256592 1189743400  0.024  0.024   57.490   56.480    0    0  (Gen:  0)
538852664   6257368 1193829984  0.016  0.016   57.811   56.787    0    0  (Gen:  0)
521779192   6256800 1206406000  0.035  0.035   58.117   57.065    0    0  (Gen:  0)
520475440   6256680 1209003104  0.025  0.025   58.302   57.251    0    0  (Gen:  0)
535244624   6257472 1212351992  0.014  0.014   58.592   57.541    0    0  (Gen:  0)
521507088  16755704 1225658904  0.036  0.036   58.925   57.831    0    0  (Gen:  0)
520459816  16168600 1228284544  0.025  0.025   59.114   58.020    0    0  (Gen:  0)
537474456  16167184 1110872688  2.062  2.366   61.427   60.647    0    0  (Gen:  1)
521716720  16613472 1123885128  0.036  0.036   61.783   60.955    0    0  (Gen:  0)
520441640  16148240 1126503840  0.027  0.027   61.977   61.149    0    0  (Gen:  0)
537843144   5647240 1129997832  0.014  0.014   62.242   61.424    0    0  (Gen:  0)
521894360   5646624 1143087296  0.037  0.037   62.601   61.731    0    0  (Gen:  0)
520429776   5646568 1145298208  0.027  0.027   62.794   61.924    0    0  (Gen:  0)
539029992   5735376 1149293488  0.014  0.014   63.055   62.195    0    0  (Gen:  0)
525674880   5734752 1162533456  0.036  0.037   63.416   62.504    0    0  (Gen:  0)
520408952   5734688 1164296576  0.026  0.026   63.609   62.697    0    0  (Gen:  0)
537917920   5735488 1168793600  0.015  0.015   63.866   62.964    0    0  (Gen:  0)
525673960   5734872 1181700544  0.036  0.036   64.234   63.279    0    0  (Gen:  0)
520502304   5734744 1183680288  0.025  0.025   64.426   63.471    0    0  (Gen:  0)
535359392   5735528 1187937704  0.014  0.014   64.672   63.725    0    0  (Gen:  0)
522987808   5734888 1201054160  0.036  0.036   65.050   64.053    0    0  (Gen:  0)
520609320   5734760 1202879208  0.025  0.025   65.240   64.244    0    0  (Gen:  0)
534806048   5735536 1206714384  0.013  0.013   65.465   64.472    0    0  (Gen:  0)
528507432  16369176 1220286112  0.037  0.037   65.863   64.824    0    0  (Gen:  0)
520525544  15659448 1222270760  0.025  0.025   66.051   65.013    0    0  (Gen:  0)
537085528   5220296 1225751616  0.012  0.012   66.268   65.232    0    0  (Gen:  0)
530935048   5219712 1239560144  0.037  0.037   66.679   65.598    0    0  (Gen:  0)
520575768   5219584 1241457880  0.026  0.026   66.868   65.788    0    0  (Gen:  0)
530743288   4857680 1244557128  0.011  0.011   67.070   65.988    0    0  (Gen:  0)
532017784   4857080 1258645496  0.037  0.037   67.491   66.369    0    0  (Gen:  0)
520516224   4856936 1260723064  0.026  0.026   67.680   66.558    0    0  (Gen:  0)
526078312   4857712 1263267624  0.009  0.009   67.859   66.729    0    0  (Gen:  0)
535305936  16328824 1278028952  0.038  0.038   68.303   67.139    0    0  (Gen:  0)
520547256  16031336 1279953728  0.027  0.027   68.497   67.333    0    0  (Gen:  0)
531751648  16032104 1282590976  0.009  0.009   68.673   67.500    0    0  (Gen:  0)
532624584  16031520 1297157816  0.038  0.038   69.118   67.912    0    0  (Gen:  0)
520577352  16035336 1299195272  0.025  0.025   69.307   68.102    0    0  (Gen:  0)
523862144  16035936 1303418952  0.013  0.013   69.481   68.266    0    0  (Gen:  0)
537288072  16040072 1316563888  0.038  0.038   69.934   68.687    0    0  (Gen:  0)
520551896  16035456 1318670424  0.026  0.026   70.124   68.878    0    0  (Gen:  0)
523573176   5056512 1321962080  0.011  0.011   70.293   69.040    0    0  (Gen:  0)
533244176  16353656 1335858024  0.038  0.039   70.746   69.457    0    0  (Gen:  0)
520607240  16350552 1337942392  0.026  0.026   70.938   69.650    0    0  (Gen:  0)
525116496   4092568 1340275224  0.008  0.008   71.104   69.811    0    0  (Gen:  0)
535983384   4096184 1355247920  0.039  0.039   71.565   70.234    0    0  (Gen:  0)
520551456   4092128 1357255872  0.027  0.027   71.757   70.427    0    0  (Gen:  0)
525965664   4092696 1358829992  0.007  0.007   71.920   70.587    0    0  (Gen:  0)
532864616   4095448 1374493064  0.039  0.039   72.379   71.008    0    0  (Gen:  0)
520621632  17302256 1376502008  0.027  0.027   72.572   71.200    0    0  (Gen:  0)
520613712   2452272 1376919416  0.004  0.005   72.724   71.353    0    0  (Gen:  0)
535913376  16509944 1393883416  0.041  0.041   73.189   71.774    0    0  (Gen:  0)
520655808  17579864 1395824344  0.027  0.027   73.382   71.968    0    0  (Gen:  0)
520668088   4928072 1398675632  0.008  0.008   73.538   72.124    0    0  (Gen:  0)
533129864  16566064 1413102704  0.041  0.041   74.007   72.551    0    0  (Gen:  0)
520736280  16565504 1414891624  0.027  0.027   74.198   72.742    0    0  (Gen:  0)
520648144  16565296 1417871504  0.008  0.008   74.357   72.901    0    0  (Gen:  0)
537113488  16566120 1432301224  0.041  0.041   74.827   73.329    0    0  (Gen:  0)
520670888  16565600 1434199896  0.028  0.028   75.018   73.520    0    0  (Gen:  0)
520630672  16565368 1437205312  0.009  0.009   75.176   73.678    0    0  (Gen:  0)
538130456  16472384 1451439936  0.040  0.041   75.643   74.103    0    0  (Gen:  0)
520681392  17651904 1453382720  0.027  0.027   75.835   74.295    0    0  (Gen:  0)
520624904   4889984 1456326168  0.009  0.009   75.993   74.453    0    0  (Gen:  0)
532948160   4890800 1470864680  0.041  0.041   76.460   74.876    0    0  (Gen:  0)
520695904   4890248 1472589688  0.027  0.027   76.653   75.071    0    0  (Gen:  0)
520597896   4890040 1475716760  0.009  0.009   76.813   75.231    0    0  (Gen:  0)
533163968   4890864 1490270296  0.041  0.041   77.280   75.654    0    0  (Gen:  0)
521261968   4890400 1491945960  0.027  0.027   77.476   75.850    0    0  (Gen:  0)
520553360   4890192 1495180392  0.009  0.009   77.643   76.019    0    0  (Gen:  0)
537161096   4891000 1509422344  0.042  0.042   78.114   76.451    0    0  (Gen:  0)
520722296   4890496 1511105216  0.027  0.027   78.311   76.649    0    0  (Gen:  0)
520566224   4890288 1514504808  0.009  0.009   78.475   76.813    0    0  (Gen:  0)
533443864   4891072 1528779344  0.041  0.041   78.944   77.240    0    0  (Gen:  0)
520669696   4890512 1530429336  0.026  0.026   79.133   77.429    0    0  (Gen:  0)
520540328   4890304 1533824664  0.009  0.009   79.293   77.589    0    0  (Gen:  0)
533282424   4891136 1548159408  0.041  0.041   79.768   78.025    0    0  (Gen:  0)
520736528   4890592 1549792784  0.026  0.027   79.957   78.214    0    0  (Gen:  0)
520578368   4890384 1553231864  0.010  0.010   80.122   78.379    0    0  (Gen:  0)
533371800   4891192 1567510440  0.041  0.041   80.585   78.800    0    0  (Gen:  0)
521939016   4890680 1569108232  0.026  0.026   80.774   78.989    0    0  (Gen:  0)
520510504   4890440 1572262640  0.009  0.009   80.939   79.153    0    0  (Gen:  0)
533298128   4891264 1586810744  0.041  0.042   81.402   79.573    0    0  (Gen:  0)
520838304   4891024 1588378320  0.026  0.026   81.592   79.764    0    0  (Gen:  0)
520485872   4890552 1591300920  0.009  0.009   81.757   79.929    0    0  (Gen:  0)
535696960   4891360 1606508088  0.041  0.042   82.213   80.344    0    0  (Gen:  0)
520686696  17173088 1607712160  0.027  0.027   82.409   80.540    0    0  (Gen:  0)
520475832   4668320 1610390224  0.009  0.009   82.575   80.706    0    0  (Gen:  0)
537246920   4669112 1622699304  0.034  0.035   83.012   81.101    0    0  (Gen:  0)
520942368   4668864 1626988264  0.028  0.028   83.218   81.306    0    0  (Gen:  0)
520522984   4668392 1629270760  0.012  0.012   83.389   81.478    0    0  (Gen:  0)
537539768  14004096 1642006376  0.036  0.036   83.823   81.870    0    0  (Gen:  0)
522657416  16744392 1645980656  0.029  0.029   84.038   82.084    0    0  (Gen:  0)
520496672   8656288 1648349656  0.015  0.015   84.214   82.261    0    0  (Gen:  0)
537999400   8657064 1659878512  0.031  0.031   84.629   82.634    0    0  (Gen:  0)
525929400   8656928 1664994752  0.030  0.030   84.859   82.864    0    0  (Gen:  0)
520551944   8656344 1667406584  0.016  0.016   85.034   83.039    0    0  (Gen:  0)
537182888  11954512 1677862920  0.029  0.029   85.433   83.398    0    0  (Gen:  0)
525162992  11954944 1684042784  0.030  0.030   85.673   83.636    0    0  (Gen:  0)
520533520  11953736 1686426480  0.016  0.016   85.851   83.815    0    0  (Gen:  0)
539136200  11481288 1696420256  0.027  0.027   86.244   84.166    0    0  (Gen:  0)
526667928  16656856 1703020824  0.031  0.031   86.494   84.416    0    0  (Gen:  0)
520513808   9491688 1705533512  0.017  0.017   86.673   84.594    0    0  (Gen:  0)
535631272   9492504 1713514152  0.023  0.023   87.057   84.936    0    0  (Gen:  0)
523981736  16505424 1721861800  0.032  0.032   87.318   85.196    0    0  (Gen:  0)
520521984  10424224 1724432856  0.019  0.019   87.501   85.379    0    0  (Gen:  0)
540515576  10424992 1729169352  0.017  0.017   87.870   85.707    0    0  (Gen:  0)
522066392  16487352 1740893576  0.034  0.034   88.132   85.968    0    0  (Gen:  0)
520501168  14976144 1743606368  0.026  0.026   88.322   86.159    0    0  (Gen:  0)
536667288   6136368 1747765104  0.017  0.017   88.650   86.470    0    0  (Gen:  0)
521304800   6135768 1760110352  0.036  0.036   88.951   86.747    0    0  (Gen:  0)
520480424   6135688 1762917064  0.025  0.025   89.142   86.938    0    0  (Gen:  0)
538656160   6136488 1766641608  0.016  0.016   89.439   87.233    0    0  (Gen:  0)
525507544   6135912 1779501688  0.036  0.036   89.772   87.526    0    0  (Gen:  0)
520468552   6135832 1782108728  0.025  0.026   89.963   87.717    0    0  (Gen:  0)
536670064   5823992 1785744800  0.015  0.015   90.231   87.995    0    0  (Gen:  0)
523349328   5823352 1798697376  0.036  0.036   90.591   88.303    0    0  (Gen:  0)
520447600   5823248 1801468416  0.027  0.027   90.783   88.496    0    0  (Gen:  0)
536912680   5824056 1804799208  0.014  0.014   91.048   88.770    0    0  (Gen:  0)
528368096  16551848 1817818448  0.036  0.036   91.410   89.079    0    0  (Gen:  0)
520448368  16152168 1820495552  0.027  0.027   91.601   89.271    0    0  (Gen:  0)
536327656  16152944 1823998952  0.014  0.014   91.865   89.544    0    0  (Gen:  0)
521694712  16152344 1837069840  0.038  0.038   92.228   89.856    0    0  (Gen:  0)
520425520  16152264 1839274736  0.025  0.025   92.422   90.049    0    0  (Gen:  0)
542273104  16153056 1843244640  0.014  0.014   92.686   90.323    0    0  (Gen:  0)
522264120  16152424 1856212856  0.036  0.036   93.049   90.633    0    0  (Gen:  0)
520407264  16152296 1858161368  0.024  0.024   93.242   90.826    0    0  (Gen:  0)
535865760  16153072 1862671880  0.015  0.015   93.495   91.089    0    0  (Gen:  0)
521499984  16393968 1875461864  0.036  0.036   93.863   91.404    0    0  (Gen:  0)
520592536  15394208 1877494280  0.024  0.024   94.054   91.595    0    0  (Gen:  0)
536753080   5699712 1881630960  0.014  0.014   94.295   91.844    0    0  (Gen:  0)
527946056   5699096 1894828616  0.037  0.037   94.681   92.181    0    0  (Gen:  0)
520607432   5698968 1896627984  0.024  0.024   94.872   92.372    0    0  (Gen:  0)
530596272   5699752 1900330368  0.012  0.012   95.090   92.591    0    0  (Gen:  0)
530365208   5699176 1913895944  0.037  0.037   95.495   92.952    0    0  (Gen:  0)
520576816   5699024 1915909912  0.025  0.025   95.685   93.143    0    0  (Gen:  0)
535733096   5699808 1919359400  0.012  0.012   95.897   93.353    0    0  (Gen:  0)
527081664   5699224 1933212176  0.037  0.037   96.311   93.728    0    0  (Gen:  0)
520567840   5699072 1935173848  0.025  0.025   96.503   93.921    0    0  (Gen:  0)
529325760   5699848 1938015600  0.010  0.010   96.691   94.104    0    0  (Gen:  0)
532548344  16276176 1952442872  0.037  0.037   97.126   94.500    0    0  (Gen:  0)
520499768  15893904 1954442240  0.025  0.025   97.315   94.689    0    0  (Gen:  0)
531148000  15894696 1957064344  0.009  0.009   97.494   94.859    0    0  (Gen:  0)
533903728  15894104 1971743280  0.038  0.038   97.942   95.272    0    0  (Gen:  0)
520570960  15894032 1973581416  0.024  0.025   98.133   95.464    0    0  (Gen:  0)
527211944  15894784 1976248640  0.010  0.010   98.307   95.627    0    0  (Gen:  0)
533193200  15894168 1991000768  0.038  0.038   98.761   96.048    0    0  (Gen:  0)
520626376  15894232 1992930192  0.025  0.026   98.953   96.241    0    0  (Gen:  0)
522964504  15894808 1996531192  0.012  0.012   99.126   96.406    0    0  (Gen:  0)
533887720  15897368 2010267760  0.040  0.040   99.580   96.824    0    0  (Gen:  0)
520659520  15894424 2012192696  0.026  0.026   99.771   97.015    0    0  (Gen:  0)
522955416  15894960 2014840536  0.009  0.009   99.938   97.177    0    0  (Gen:  0)
534122336  15898136 2029642280  0.040  0.040  100.403   97.605    0    0  (Gen:  0)
520558752  15894424 2031482576  0.026  0.026  100.597   97.799    0    0  (Gen:  0)
524315296  15894984 2033168072  0.006  0.006  100.760   97.961    0    0  (Gen:  0)
532715040  15897456 2048947856  0.040  0.040  101.222   98.382    0    0  (Gen:  0)
520534224  15894592 2050934568  0.027  0.027  101.417   98.577    0    0  (Gen:  0)
520615744  15894816 2051320280  0.004  0.004  101.571   98.731    0    0  (Gen:  0)
533081504  15894736 2068200560  0.040  0.040  102.039   99.154    0    0  (Gen:  0)
520714464  17580816 2070258608  0.028  0.028  102.234   99.350    0    0  (Gen:  0)
520660208   4806544 2073001888  0.008  0.008  102.390   99.507    0    0  (Gen:  0)
535003096   4807376 2087617816  0.041  0.041  102.860   99.933    0    0  (Gen:  0)
520747688   4806896 2089599144  0.027  0.027  103.053  100.128    0    0  (Gen:  0)
520641656   4806688 2092382912  0.009  0.009  103.216  100.291    0    0  (Gen:  0)
533272352  16496728 2106869536  0.041  0.041  103.712  100.959    0    0  (Gen:  0)
520789824  16496168 2108846008  0.028  0.028  103.906  101.178    0    0  (Gen:  0)
520617568  16495960 2111755920  0.009  0.009  104.069  101.341    0    0  (Gen:  0)
536670384  16644680 2126212168  0.042  0.042  104.539  101.768    0    0  (Gen:  0)
520705448  17650760 2127988888  0.027  0.027  104.732  101.962    0    0  (Gen:  0)
520592424   5029112 2131060760  0.009  0.009  104.893  102.122    0    0  (Gen:  0)
533844944   5029936 2145537544  0.041  0.041  105.367  102.554    0    0  (Gen:  0)
520715824   5029376 2147177272  0.027  0.027  105.560  102.747    0    0  (Gen:  0)
520566872   5029232 2150499624  0.009  0.009  105.723  102.911    0    0  (Gen:  0)
536627840   5029992 2164755512  0.041  0.042  106.195  103.339    0    0  (Gen:  0)
520646648   5029448 2166507840  0.027  0.027  106.386  103.530    0    0  (Gen:  0)
520617408   5029240 2169842096  0.009  0.010  106.549  103.694    0    0  (Gen:  0)
536684976   5030056 2184223032  0.042  0.042  107.016  104.117    0    0  (Gen:  0)
524506192  17530232 2185924384  0.027  0.027  107.209  104.310    0    0  (Gen:  0)
520605560   5050232 2189145376  0.009  0.009  107.372  104.474    0    0  (Gen:  0)
533291216  16743376 2203522288  0.041  0.041  107.842  104.901    0    0  (Gen:  0)
523399184  16742832 2205092288  0.026  0.026  108.033  105.091    0    0  (Gen:  0)
520574704  16738104 1986694416  3.934  4.729  112.122  109.976    0    0  (Gen:  1)
538040488  16738920 2000795736  0.043  0.044  112.610  110.455    0    0  (Gen:  0)
520672472  17126088 2002371616  0.028  0.029  112.806  110.654    0    0  (Gen:  0)
520572752   4961688 2005687752  0.010  0.010  112.975  110.822    0    0  (Gen:  0)
533491928   4962504 2020327368  0.042  0.043  113.442  111.246    0    0  (Gen:  0)
520744840   4962192 2021842568  0.029  0.029  113.637  111.443    0    0  (Gen:  0)
520491608   4961784 2024866256  0.009  0.010  113.806  111.613    0    0  (Gen:  0)
535046016   4962600 2039615608  0.042  0.042  114.276  112.040    0    0  (Gen:  0)
520834040   4962488 2041148424  0.028  0.029  114.472  112.236    0    0  (Gen:  0)
520543240   4961872 2043919648  0.009  0.009  114.642  112.407    0    0  (Gen:  0)
534737120   4962680 2056043264  0.036  0.036  115.089  112.811    0    0  (Gen:  0)
523844960   4962760 2060425800  0.030  0.031  115.298  113.021    0    0  (Gen:  0)
520523792   4961968 2062805256  0.013  0.013  115.472  113.195    0    0  (Gen:  0)
537566648   4962824 2075694168  0.038  0.038  115.913  113.594    0    0  (Gen:  0)
523860544   4963040 2079561904  0.032  0.034  116.126  113.809    0    0  (Gen:  0)
520500960   4962048 2081652720  0.016  0.016  116.304  113.987    0    0  (Gen:  0)
536392336   4962840 2093912720  0.035  0.035  116.730  114.372    0    0  (Gen:  0)
524386480   4962800 2098362512  0.032  0.034  116.958  114.601    0    0  (Gen:  0)
520494048   4962112 2100795168  0.016  0.016  117.136  114.779    0    0  (Gen:  0)
539817672   4962920 2111884992  0.031  0.032  117.553  115.155    0    0  (Gen:  0)
524453416   4962696 2117352696  0.031  0.033  117.792  115.394    0    0  (Gen:  0)
520545696   4962144 2119731248  0.016  0.016  117.972  115.575    0    0  (Gen:  0)
540497744   4962944 2130204816  0.029  0.029  118.376  115.935    0    0  (Gen:  0)
526360888   4962912 2136383784  0.032  0.033  118.623  116.182    0    0  (Gen:  0)
520533160   4962200 2138677752  0.016  0.016  118.803  116.362    0    0  (Gen:  0)
538101232   4963008 2148692208  0.028  0.030  119.200  116.719    0    0  (Gen:  0)
523462728   4964432 2155323216  0.032  0.034  119.449  116.969    0    0  (Gen:  0)
520528528   4962312 2157681832  0.017  0.017  119.632  117.152    0    0  (Gen:  0)
538520728   4963096 2165888752  0.024  0.026  120.018  117.498    0    0  (Gen:  0)
527646808   4971064 2174213136  0.034  0.035  120.277  117.757    0    0  (Gen:  0)
520502360   4962408 2176797160  0.020  0.020  120.462  117.942    0    0  (Gen:  0)
534711384   6294040 2181311864  0.018  0.018  120.827  118.270    0    0  (Gen:  0)
524125120  16497664 2193152344  0.036  0.037  121.101  118.539    0    0  (Gen:  0)
520502008  15134840 2195827424  0.025  0.025  121.291  118.731    0    0  (Gen:  0)
538856624  15135640 2200024072  0.017  0.017  121.628  119.046    0    0  (Gen:  0)
525316944  15134968 2212338576  0.036  0.036  121.929  119.325    0    0  (Gen:  0)
520493896  15134840 2214995816  0.027  0.029  122.121  119.520    0    0  (Gen:  0)
543311648   6147144 2219041664  0.019  0.020  122.444  119.832    0    0  (Gen:  0)
524384544  16769408 2231725448  0.036  0.037  122.765  120.121    0    0  (Gen:  0)
520480472  15911792 2234327008  0.027  0.029  122.960  120.319    0    0  (Gen:  0)
535244960   5479960 2237662088  0.014  0.015  123.252  120.610    0    0  (Gen:  0)
522909960   5479336 2251020928  0.037  0.038  123.594  120.910    0    0  (Gen:  0)
520458120   5479280 2253869216  0.027  0.031  123.790  121.110    0    0  (Gen:  0)
533797360   5687008 2257227800  0.014  0.014  124.058  121.388    0    0  (Gen:  0)
523253824  16642184 2270383904  0.037  0.037  124.421  121.698    0    0  (Gen:  0)
520453888  16172496 2273002920  0.026  0.027  124.616  121.894    0    0  (Gen:  0)
534246016   5650416 2276505224  0.014  0.014  124.879  122.167    0    0  (Gen:  0)
522254224  16427960 2289488304  0.036  0.036  125.245  122.480    0    0  (Gen:  0)
520404168  15350200 2291489200  0.026  0.028  125.440  122.678    0    0  (Gen:  0)
539492504  15350984 2295711560  0.015  0.016  125.702  122.951    0    0  (Gen:  0)
523203656  15350352 2308749472  0.037  0.038  126.071  123.269    0    0  (Gen:  0)
520500920  15350272 2310778328  0.025  0.027  126.266  123.466    0    0  (Gen:  0)
536657872  15351056 2315170952  0.015  0.016  126.519  123.728    0    0  (Gen:  0)
523873600  16390808 2328030520  0.037  0.037  126.898  124.054    0    0  (Gen:  0)
520571104  15421872 2330052552  0.026  0.030  127.092  124.252    0    0  (Gen:  0)
539135248   5701088 2334170504  0.015  0.017  127.334  124.503    0    0  (Gen:  0)
524050472   5700424 2347316800  0.037  0.040  127.727  124.848    0    0  (Gen:  0)
520612648   5700296 2349284976  0.025  0.027  127.922  125.045    0    0  (Gen:  0)
534399536   5701080 2352882024  0.013  0.013  128.144  125.268    0    0  (Gen:  0)
530462016   5700480 2366527120  0.038  0.038  128.557  125.637    0    0  (Gen:  0)
520590432   5700328 2368528296  0.025  0.025  128.750  125.830    0    0  (Gen:  0)
532119720   5701120 2371696680  0.011  0.011  128.959  126.037    0    0  (Gen:  0)
530883832   5700528 2385844640  0.038  0.040  129.383  126.420    0    0  (Gen:  0)
520566960   5700408 2387672504  0.026  0.029  129.576  126.617    0    0  (Gen:  0)
532214808   4696472 2390672176  0.011  0.011  129.771  126.807    0    0  (Gen:  0)
529830576   4695888 2405079056  0.039  0.041  130.208  127.208    0    0  (Gen:  0)
520560888   4695744 2406893184  0.024  0.024  130.408  127.408    0    0  (Gen:  0)
528678992   4696512 2409549424  0.009  0.009  130.585  127.576    0    0  (Gen:  0)
534813664  16208168 2424126944  0.039  0.040  131.039  127.996    0    0  (Gen:  0)
520502144  15977328 2426120912  0.025  0.025  131.232  128.189    0    0  (Gen:  0)
522650728   5962016 2430431520  0.013  0.013  131.407  128.354    0    0  (Gen:  0)
533712256   5967184 2443442792  0.042  0.049  131.867  128.788    0    0  (Gen:  0)
520549176   5961416 2445543096  0.026  0.028  132.060  128.984    0    0  (Gen:  0)
523232792   5962000 2448695496  0.011  0.011  132.232  129.149    0    0  (Gen:  0)
533395584   5964520 2462905640  0.041  0.043  132.693  129.575    0    0  (Gen:  0)
520619736   5961464 2464781272  0.026  0.027  132.888  129.771    0    0  (Gen:  0)
523757648   5962096 2466910664  0.008  0.008  133.058  129.937    0    0  (Gen:  0)
532968024   5965056 2482093032  0.040  0.041  133.524  130.364    0    0  (Gen:  0)
520539192   5961592 2484109608  0.026  0.026  133.720  130.561    0    0  (Gen:  0)
522625168   5962152 2485320000  0.006  0.006  133.882  130.724    0    0  (Gen:  0)
532889840  16403552 2501523752  0.040  0.041  134.348  131.145    0    0  (Gen:  0)
520639544  17406152 2503341000  0.027  0.027  134.544  131.342    0    0  (Gen:  0)
520669536   4865104 2506282712  0.008  0.008  134.702  131.500    0    0  (Gen:  0)
537363216   4865920 2520819312  0.042  0.042  135.179  131.933    0    0  (Gen:  0)
520758240   4865448 2522706296  0.028  0.028  135.375  132.130    0    0  (Gen:  0)
520654312   4865200 2525629512  0.009  0.009  135.536  132.291    0    0  (Gen:  0)
536613944   4866016 2540114032  0.042  0.044  136.014  132.727    0    0  (Gen:  0)
520680712   4865496 2541896704  0.027  0.027  136.211  132.924    0    0  (Gen:  0)
520636496   4865248 2544849880  0.009  0.009  136.373  133.086    0    0  (Gen:  0)
533497192   4866048 2559307176  0.041  0.041  136.846  133.521    0    0  (Gen:  0)
520756232   4865520 2561248688  0.027  0.027  137.043  133.718    0    0  (Gen:  0)
520618536   4865312 2564211944  0.009  0.009  137.206  133.881    0    0  (Gen:  0)
533216048  16567704 2578604928  0.042  0.044  137.679  134.311    0    0  (Gen:  0)
520702560  17669512 2580475112  0.028  0.028  137.875  134.507    0    0  (Gen:  0)
520594312   4926896 2583456616  0.009  0.010  138.038  134.670    0    0  (Gen:  0)
533255920   4927704 2597899784  0.042  0.042  138.515  135.102    0    0  (Gen:  0)
520710272   4927152 2599799856  0.028  0.028  138.709  135.297    0    0  (Gen:  0)
520578128   4926944 2602890992  0.010  0.010  138.872  135.460    0    0  (Gen:  0)
536910608   4927752 2617182112  0.041  0.041  139.345  135.889    0    0  (Gen:  0)
520714840   4927184 2618877896  0.026  0.026  139.539  136.084    0    0  (Gen:  0)
520559320   4926976 2622288584  0.010  0.010  139.703  136.248    0    0  (Gen:  0)
533110208   4927800 2636713920  0.043  0.043  140.175  136.675    0    0  (Gen:  0)
520665864   4927224 2638355360  0.027  0.028  140.368  136.870    0    0  (Gen:  0)
520606192   4927016 2641585088  0.010  0.010  140.532  137.035    0    0  (Gen:  0)
533363360   4927840 2655952312  0.041  0.042  141.004  137.462    0    0  (Gen:  0)
522075392  17440192 2657634664  0.026  0.027  141.195  137.654    0    0  (Gen:  0)
520572632   5084104 2660960784  0.010  0.010  141.363  137.822    0    0  (Gen:  0)
534098776  16716592 2675308640  0.043  0.045  141.834  138.251    0    0  (Gen:  0)
522529688  16716096 2676992216  0.026  0.027  142.028  138.446    0    0  (Gen:  0)
520572280  16715856 2680213968  0.010  0.010  142.196  138.614    0    0  (Gen:  0)
537558256  16716672 2694870816  0.043  0.044  142.666  139.041    0    0  (Gen:  0)
520685528  17329192 2696376624  0.026  0.026  142.857  139.232    0    0  (Gen:  0)
520557088   4736712 2699414008  0.010  0.010  143.025  139.400    0    0  (Gen:  0)
537128504   4737528 2714114880  0.043  0.044  143.494  139.826    0    0  (Gen:  0)
520691192   4737456 2715627600  0.026  0.026  143.686  140.018    0    0  (Gen:  0)
520489344   4736784 2718469904  0.009  0.009  143.853  140.185    0    0  (Gen:  0)
540126904   4737584 2733866832  0.041  0.042  144.315  140.604    0    0  (Gen:  0)
524500424   4742984 2735023496  0.027  0.027  144.518  140.807    0    0  (Gen:  0)
520527624   4736888 2737745504  0.010  0.010  144.688  140.978    0    0  (Gen:  0)
535751696  13980032 2750092904  0.037  0.041  145.133  141.383    0    0  (Gen:  0)
521816888  13979632 2754184832  0.028  0.028  145.341  141.591    0    0  (Gen:  0)
520515152  13979312 2756460896  0.013  0.013  145.516  141.767    0    0  (Gen:  0)
537090112  13980104 2769126888  0.036  0.036  145.964  142.174    0    0  (Gen:  0)
525537328  16838376 2773247840  0.030  0.030  146.184  142.394    0    0  (Gen:  0)
520507416   8632184 2775491568  0.015  0.015  146.361  142.571    0    0  (Gen:  0)
533765736   8632936 2786692920  0.032  0.032  146.777  142.945    0    0  (Gen:  0)
526462912  16639816 2792026504  0.030  0.030  147.015  143.182    0    0  (Gen:  0)
520557296   8741672 2794426576  0.016  0.016  147.193  143.359    0    0  (Gen:  0)
537385840   8742472 2804946208  0.028  0.029  147.593  143.716    0    0  (Gen:  0)
526008568   8742552 2810974088  0.030  0.030  147.840  143.962    0    0  (Gen:  0)
520514312   8741776 2813520632  0.016  0.016  148.021  144.144    0    0  (Gen:  0)
538472064   8742544 2823112032  0.026  0.026  148.417  144.499    0    0  (Gen:  0)
527567968   8746136 2829998480  0.032  0.032  148.672  144.753    0    0  (Gen:  0)
520517456   8741856 2832468208  0.017  0.017  148.854  144.936    0    0  (Gen:  0)
540995824   8742608 2840959568  0.024  0.024  149.243  145.281    0    0  (Gen:  0)
524005192  16476880 2848836792  0.032  0.032  149.500  145.536    0    0  (Gen:  0)
520631400  16468784 2851448864  0.018  0.018  149.684  145.721    0    0  (Gen:  0)
538281536  16469568 2856268048  0.018  0.018  150.060  146.055    0    0  (Gen:  0)
521182544  16469584 2867846584  0.034  0.034  150.324  146.318    0    0  (Gen:  0)
520497960  16468872 2870551344  0.024  0.024  150.515  146.509    0    0  (Gen:  0)
538279568  16469656 2874717624  0.017  0.017  150.856  146.829    0    0  (Gen:  0)
525204968  16469088 2886917992  0.035  0.035  151.160  147.112    0    0  (Gen:  0)
520490944  16469000 2889586776  0.026  0.027  151.355  147.308    0    0  (Gen:  0)
539535744  16469760 2893961784  0.017  0.017  151.663  147.610    0    0  (Gen:  0)
521349976  16469160 2906208008  0.036  0.036  151.993  147.903    0    0  (Gen:  0)
520470328  16469024 2908925592  0.026  0.026  152.188  148.098    0    0  (Gen:  0)
533515048  16469824 2912534208  0.015  0.015  152.461  148.380    0    0  (Gen:  0)
522846304  16469232 2925598136  0.037  0.037  152.823  148.690    0    0  (Gen:  0)
520443880  16469112 2928317616  0.026  0.026  153.020  148.886    0    0  (Gen:  0)
540331856  16469904 2931712472  0.014  0.014  153.289  149.164    0    0  (Gen:  0)
521570840  16597208 2944753568  0.036  0.036  153.654  149.477    0    0  (Gen:  0)
520428584  15982280 2947226656  0.026  0.026  153.850  149.673    0    0  (Gen:  0)
540212144  15983080 2950892704  0.014  0.014  154.123  149.956    0    0  (Gen:  0)
521422384  15982456 2963827584  0.036  0.036  154.490  150.271    0    0  (Gen:  0)
520420768  15982328 2966197120  0.025  0.025  154.686  150.466    0    0  (Gen:  0)
538425520  15983128 2970121936  0.014  0.014  154.946  150.735    0    0  (Gen:  0)
521678408  15982552 2983202240  0.036  0.036  155.313  151.052    0    0  (Gen:  0)
520497008  15982488 2985038072  0.025  0.025  155.510  151.249    0    0  (Gen:  0)
539362744  15983280 2989679312  0.016  0.016  155.764  151.512    0    0  (Gen:  0)
523400120  15982696 3002560776  0.036  0.037  156.142  151.836    0    0  (Gen:  0)
522701248  15982576 3004487656  0.025  0.025  156.338  152.032    0    0  (Gen:  0)
531744680  15983376 3008476672  0.014  0.014  156.572  152.272    0    0  (Gen:  0)
524558440  16473720 3021853144  0.037  0.037  156.967  152.618    0    0  (Gen:  0)
520608800  15441952 3023652928  0.025  0.025  157.163  152.814    0    0  (Gen:  0)
532524464  15442688 3027221560  0.012  0.012  157.376  153.026    0    0  (Gen:  0)
532690200  16319256 3040956648  0.038  0.038  157.798  153.404    0    0  (Gen:  0)
521963168  16319144 3042915376  0.025  0.025  157.992  153.598    0    0  (Gen:  0)
533345824  16319880 3046241728  0.012  0.012  158.201  153.805    0    0  (Gen:  0)
530818856  16319312 3060385560  0.038  0.038  158.630  154.193    0    0  (Gen:  0)
520561976  16319176 3062216112  0.025  0.025  158.825  154.390    0    0  (Gen:  0)
532846960  16319952 3065114880  0.010  0.010  159.020  154.579    0    0  (Gen:  0)
529341040  16319368 3079465560  0.038  0.038  159.457  154.977    0    0  (Gen:  0)
520576480  16319224 3081460168  0.025  0.025  159.651  155.171    0    0  (Gen:  0)
528516040  16320008 3084009600  0.009  0.009  159.829  155.339    0    0  (Gen:  0)
535599880  16319424 3098602736  0.039  0.039  160.285  155.760    0    0  (Gen:  0)
520530648  16032728 3100573552  0.025  0.026  160.479  155.955    0    0  (Gen:  0)
527203664  16033464 3103246408  0.009  0.009  160.655  156.120    0    0  (Gen:  0)
535624592  16409632 3118032720  0.039  0.039  161.113  156.546    0    0  (Gen:  0)
520540784  16126208 3119946640  0.026  0.026  161.310  156.743    0    0  (Gen:  0)
523517752  16126784 3123572184  0.012  0.012  161.484  156.909    0    0  (Gen:  0)
536842384  16131744 3137335656  0.044  0.044  161.950  157.339    0    0  (Gen:  0)
520548824  16126320 3139243128  0.026  0.026  162.145  157.535    0    0  (Gen:  0)
525637128   4632672 3142203776  0.010  0.010  162.317  157.701    0    0  (Gen:  0)
539533400   4635176 3156611368  0.039  0.039  162.781  158.127    0    0  (Gen:  0)
520541904   4632144 3158663048  0.026  0.027  162.977  158.323    0    0  (Gen:  0)
525584872   4632720 3161005560  0.009  0.009  163.146  158.488    0    0  (Gen:  0)
533082304   4635784 3175962864  0.040  0.040  163.610  158.910    0    0  (Gen:  0)
520529448   4632256 3177984664  0.026  0.026  163.806  159.108    0    0  (Gen:  0)
525829464   3100848 3179372248  0.006  0.006  163.973  159.273    0    0  (Gen:  0)
536649992   3103352 3195337976  0.040  0.040  164.440  159.696    0    0  (Gen:  0)
520554384   3100320 3197146216  0.027  0.028  164.638  159.895    0    0  (Gen:  0)
520613968   3100544 3197669904  0.005  0.005  164.795  160.053    0    0  (Gen:  0)
533131664   3100512 3214574432  0.041  0.041  165.266  160.479    0    0  (Gen:  0)
520735904   3100392 3216628704  0.027  0.027  165.463  160.675    0    0  (Gen:  0)
520658368   3100184 3219381088  0.008  0.008  165.624  160.837    0    0  (Gen:  0)
533565448   3101008 3233790976  0.041  0.041  166.100  161.268    0    0  (Gen:  0)
520683088   3100440 3235755848  0.027  0.027  166.297  161.466    0    0  (Gen:  0)
520650792   3100232 3238719056  0.009  0.009  166.457  161.625    0    0  (Gen:  0)
533658696  16493184 3253080368  0.041  0.042  166.932  162.057    0    0  (Gen:  0)
520700944  16492712 3255013256  0.027  0.027  167.126  162.252    0    0  (Gen:  0)
520612320  16492464 3257983240  0.009  0.009  167.289  162.415    0    0  (Gen:  0)
534320736  16641424 3272487424  0.042  0.042  167.763  162.850    0    0  (Gen:  0)
522164784  16640912 3274395680  0.027  0.027  167.959  163.047    0    0  (Gen:  0)
520607448  16640704 3277294344  0.009  0.009  168.121  163.209    0    0  (Gen:  0)
534872128  16661864 3291777848  0.042  0.042  168.597  163.641    0    0  (Gen:  0)
520706112  17661968 3293556624  0.027  0.027  168.793  163.837    0    0  (Gen:  0)
520589064   4983464 3296576712  0.009  0.009  168.956  164.001    0    0  (Gen:  0)
533586808   4984280 3311038288  0.042  0.042  169.429  164.429    0    0  (Gen:  0)
520717072   4983776 3312662664  0.027  0.027  169.623  164.624    0    0  (Gen:  0)
520557632   4983600 3315986856  0.010  0.010  169.789  164.789    0    0  (Gen:  0)
536439272   4984360 3330467232  0.042  0.042  170.262  165.219    0    0  (Gen:  0)
522154376  17419048 3332002192  0.026  0.026  170.455  165.412    0    0  (Gen:  0)
520607872   5014552 3335303944  0.009  0.009  170.622  165.578    0    0  (Gen:  0)
536171432   5015368 3349895152  0.042  0.042  171.097  166.009    0    0  (Gen:  0)
520667016   5014864 3351383224  0.026  0.026  171.293  166.206    0    0  (Gen:  0)
520587104   5014656 3354843912  0.010  0.010  171.462  166.375    0    0  (Gen:  0)
536556880  16819824 3369265984  0.042  0.043  171.938  166.806    0    0  (Gen:  0)
520675584  17480320 3370895656  0.026  0.026  172.130  166.999    0    0  (Gen:  0)
520566568   5042064 3374139512  0.010  0.010  172.299  167.167    0    0  (Gen:  0)
533223664   5042880 3388441840  0.042  0.042  172.773  167.596    0    0  (Gen:  0)
520691664   5042352 3390112208  0.027  0.027  172.966  167.789    0    0  (Gen:  0)
520561808   5042160 3393047920  0.009  0.009  173.134  167.958    0    0  (Gen:  0)
535507176   5042976 3408031096  0.042  0.042  173.604  168.382    0    0  (Gen:  0)
520752728   5042736 3409529104  0.026  0.027  173.796  168.575    0    0  (Gen:  0)
520534888   5042256 3412414584  0.009  0.009  173.966  168.746    0    0  (Gen:  0)
540726296   5043048 3427667232  0.044  0.044  174.436  169.172    0    0  (Gen:  0)
520683576   5045600 3428907792  0.027  0.027  174.636  169.371    0    0  (Gen:  0)
520477272   5042320 3431461744  0.009  0.009  174.806  169.542    0    0  (Gen:  0)
537184384  14051528 3443908984  0.037  0.037  175.258  169.951    0    0  (Gen:  0)
521197264  14052152 3448123208  0.028  0.028  175.465  170.158    0    0  (Gen:  0)
520522552  14050792 3450614920  0.014  0.014  175.640  170.333    0    0  (Gen:  0)
538511200  14051576 3463416576  0.037  0.037  176.078  170.728    0    0  (Gen:  0)
525485592  14051488 3467292152  0.030  0.030  176.296  170.945    0    0  (Gen:  0)
520504216  14050912 3469533824  0.015  0.015  176.474  171.124    0    0  (Gen:  0)
539173824  13527752 3481828008  0.035  0.035  176.903  171.509    0    0  (Gen:  0)
525912672  13527656 3486339544  0.030  0.030  177.131  171.737    0    0  (Gen:  0)
520583136   8757320 3488675384  0.015  0.015  177.310  171.916    0    0  (Gen:  0)
538037368   8758128 3499839632  0.031  0.031  177.725  172.288    0    0  (Gen:  0)
526174584   8758072 3505246048  0.030  0.030  177.965  172.526    0    0  (Gen:  0)
520541048   8757472 3507632744  0.016  0.016  178.145  172.707    0    0  (Gen:  0)
538237176  11968512 3518151264  0.029  0.029  178.549  173.068    0    0  (Gen:  0)
527294800  11968776 3524347416  0.031  0.031  178.798  173.317    0    0  (Gen:  0)
520539960  11967832 3526757080  0.016  0.016  178.978  173.497    0    0  (Gen:  0)
537896016  11968640 3536456608  0.028  0.028  179.375  173.851    0    0  (Gen:  0)
523962496  11973120 3543174000  0.031  0.032  179.631  174.106    0    0  (Gen:  0)
520518208  11968000 3545698904  0.018  0.018  179.818  174.293    0    0  (Gen:  0)
539996952  11968776 3553852616  0.024  0.024  180.206  174.639    0    0  (Gen:  0)
528327640  11976136 3562109496  0.033  0.033  180.471  174.902    0    0  (Gen:  0)
520509944  11968032 3564699320  0.018  0.018  180.656  175.087    0    0  (Gen:  0)
539041064   7084912 3570201136  0.019  0.019  181.035  175.425    0    0  (Gen:  0)
523861408   7088952 3581284008  0.035  0.035  181.301  175.689    0    0  (Gen:  0)
520502528   7084200 3583854808  0.023  0.023  181.490  175.878    0    0  (Gen:  0)
542658968   7084984 3588371016  0.017  0.017  181.851  176.205    0    0  (Gen:  0)
524311208   7084408 3600346872  0.035  0.035  182.133  176.477    0    0  (Gen:  0)
520500872   7084256 3603007000  0.026  0.026  182.325  176.670    0    0  (Gen:  0)
537846312   6108960 3607050032  0.017  0.017  182.653  176.981    0    0  (Gen:  0)
525151384   6108344 3619445048  0.036  0.036  182.965  177.266    0    0  (Gen:  0)
520480432   6108216 3622255240  0.026  0.026  183.161  177.462    0    0  (Gen:  0)
538130240   6109008 3626122328  0.016  0.016  183.460  177.760    0    0  (Gen:  0)
523571464   6108384 3638789712  0.037  0.037  183.799  178.056    0    0  (Gen:  0)
520463144   6108256 3641555104  0.026  0.026  183.994  178.252    0    0  (Gen:  0)
538448952   6109072 3645087512  0.015  0.015  184.269  178.536    0    0  (Gen:  0)
521882488   6108440 3657931352  0.037  0.037  184.634  178.848    0    0  (Gen:  0)
520449240   6108352 3660685416  0.027  0.027  184.831  179.045    0    0  (Gen:  0)
534167512   5660392 3664125160  0.015  0.015  185.097  179.321    0    0  (Gen:  0)
525369456  16666656 3677251600  0.037  0.037  185.465  179.635    0    0  (Gen:  0)
520432200  16034016 3679715496  0.026  0.026  185.663  179.834    0    0  (Gen:  0)
366818344 3302872432 3346595080  7.580 10.737  193.348  191.419    0    0  (Gen:  1)
   103072  11189568  19062416  0.064  0.570  193.413  191.995    0    0  (Gen:  1)
     2440                      0.000  0.000

 330,401,993,504 bytes allocated in the heap
  10,980,764,304 bytes copied during GC
   3,346,595,080 bytes maximum residency (9 sample(s))
      14,951,160 bytes maximum slop
            3191 MB total memory in use (0 MB lost due to fragmentation)

                                     Tot time (elapsed)  Avg pause  Max pause
  Gen  0       619 colls,     0 par   16.538s  16.713s     0.0270s    0.1655s
  Gen  1         9 colls,     0 par   15.999s  21.124s     2.3471s    10.7373s

  TASKS: 21 (1 bound, 20 peak workers (20 total), using -N4)

  SPARKS: 0 (0 converted, 0 overflowed, 0 dud, 0 GC'd, 0 fizzled)

  INIT    time    0.001s  (  0.006s elapsed)
  MUT     time  160.874s  (154.152s elapsed)
  GC      time   32.537s  ( 37.838s elapsed)
  EXIT    time    0.001s  (  0.015s elapsed)
  Total   time  193.413s  (192.010s elapsed)

  Alloc rate    2,053,796,688 bytes per MUT second

  Productivity  83.2% of total user, 80.3% of total elapsed

