bench-hist/hie-bios-5/ghcide --lsp --cwd bench/example/Cabal-3.0.0.0 +RTS -I0 -qg -A128M -Shover.benchmark-gcStats -I0.5 
    Alloc    Copied     Live     GC     GC      TOT      TOT  Page Flts
    bytes     bytes     bytes   user   elap     user     elap
558214856  11136944  14752600  0.033  0.037    0.734    6.333    0    0  (Gen:  0)
543585264  15671048  21827104  0.048  0.057    1.135    7.171    0    0  (Gen:  1)
545276656  15669704  28314568  0.021  0.022    1.488    7.783    0    0  (Gen:  0)
526513984  15668824  35862696  0.028  0.029    2.245    8.262    0    0  (Gen:  0)
544926064  15671912 109401144  0.147  0.166    3.294    8.879    0    0  (Gen:  0)
528151592  15676392 137933224  0.240  0.274    3.925    9.291    0    0  (Gen:  1)
524958496  15675672 169180336  0.123  0.124    4.414    9.544    0    0  (Gen:  0)
535696976  54499328 202024160  0.116  0.122    5.057    9.836    0    0  (Gen:  0)
549225664  54488488 217227808  0.091  0.099    5.777   10.106    0    0  (Gen:  0)
543364520  54482072 232413280  0.076  0.079    6.410   10.399    0    0  (Gen:  0)
534617240  54480560 220664872  0.346  0.389    7.231   10.928    0    0  (Gen:  1)
545840432  54481656 227019936  0.065  0.065    7.869   11.149    0    0  (Gen:  0)
537448928  54483400 243483968  0.097  0.097    8.455   11.595    0    0  (Gen:  0)
536457328  54533584 232127536  0.030  0.030    8.913   11.947    0    0  (Gen:  0)
539646136  54480968 255834632  0.072  0.072    9.593   12.186    0    0  (Gen:  0)
535229296  39379904 269081360  0.083  0.083   10.188   12.402    0    0  (Gen:  0)
539327456  39383600 273082216  0.068  0.068   10.820   12.621    0    0  (Gen:  0)
534903024  26341864 282489880  0.057  0.057   11.347   12.839    0    0  (Gen:  0)
537682824  26342920 276666504  0.051  0.051   11.852   13.134    0    0  (Gen:  0)
531554336  26342816 282264216  0.050  0.051   12.321   13.459    0    0  (Gen:  0)
568959648  38311976 302587104  0.078  0.078   12.954   13.963    0    0  (Gen:  0)
546117328  38315128 309068448  0.053  0.053   13.383   14.355    0    0  (Gen:  0)
520798528  38311536 311303248  0.023  0.023   13.567   14.540    0    0  (Gen:  0)
527072792  38312240 314912456  0.012  0.012   13.818   14.794    0    0  (Gen:  0)
533697192  38311736 316008464  0.011  0.011   14.643   15.485    0    0  (Gen:  0)
530131024  38311792 315936424  0.010  0.010   15.490   16.189    0    0  (Gen:  0)
530506032  38311888 316268624  0.010  0.010   16.341   16.894    0    0  (Gen:  0)
533929112  38311904 316463688  0.010  0.010   17.189   17.595    0    0  (Gen:  0)
534371760  38312008 316862992  0.010  0.010   18.030   18.287    0    0  (Gen:  0)
535454752  38312080 317035792  0.009  0.009   18.878   18.986    0    0  (Gen:  0)
535384920  38312120 317149096  0.009  0.009   19.722   19.680    0    0  (Gen:  0)
535202184  38312144 318239896  0.010  0.010   20.562   20.378    0    0  (Gen:  0)
531123088  38312168 318504968  0.011  0.011   21.377   21.068    0    0  (Gen:  0)
537332328  38312248 318900400  0.011  0.011   22.216   21.772    0    0  (Gen:  0)
532373296  38312288 318802576  0.011  0.011   23.050   22.470    0    0  (Gen:  0)
530673328  38312408 319027016  0.010  0.010   23.908   23.180    0    0  (Gen:  0)
535518376  38312480 319295800  0.010  0.010   24.765   23.890    0    0  (Gen:  0)
532467224  38312488 319534776  0.010  0.010   25.617   24.595    0    0  (Gen:  0)
531080496   3174832 320002840  0.010  0.010   26.454   25.279    0    0  (Gen:  0)
533281848   3174936 319898536  0.010  0.010   27.297   25.968    0    0  (Gen:  0)
534900056   3174944 320063080  0.009  0.009   28.145   26.665    0    0  (Gen:  0)
533701248   3175000 321305624  0.011  0.011   28.976   27.361    0    0  (Gen:  0)
534586440   3394096 321458688  0.011  0.011   29.809   28.067    0    0  (Gen:  0)
530372264   3311400 321441672  0.011  0.011   30.630   28.759    0    0  (Gen:  0)
533209056   3311400 321652832  0.011  0.011   31.487   29.468    0    0  (Gen:  0)
535519848   3311408 321876048  0.010  0.010   32.348   30.182    0    0  (Gen:  0)
531503608   3073736 322156456  0.010  0.010   33.207   30.894    0    0  (Gen:  0)
536823328   3080920 322579576  0.010  0.010   34.058   31.596    0    0  (Gen:  0)
532160208   3080960 322687664  0.010  0.010   34.900   32.288    0    0  (Gen:  0)
535327456   2986248 322721688  0.010  0.010   35.747   32.982    0    0  (Gen:  0)
535180432   2986312 322973224  0.009  0.009   36.594   33.675    0    0  (Gen:  0)
535236576   2986464 324165104  0.011  0.011   37.429   34.376    0    0  (Gen:  0)
532403784   2986536 324745752  0.012  0.012   38.257   35.079    0    0  (Gen:  0)
532748560   2986584 324579816  0.011  0.011   39.087   35.776    0    0  (Gen:  0)
533501736   3169456 324526832  0.010  0.010   39.947   36.489    0    0  (Gen:  0)
531024992   3116592 324824296  0.010  0.010   40.807   37.199    0    0  (Gen:  0)
535424432   3116632 325137864  0.010  0.010   41.671   37.915    0    0  (Gen:  0)
532157128   3116640 325337912  0.010  0.010   42.517   38.607    0    0  (Gen:  0)
534019328   3116704 325586360  0.010  0.010   43.367   39.303    0    0  (Gen:  0)
533080184   2961360 325601152  0.009  0.009   44.214   39.999    0    0  (Gen:  0)
534150240   2798528 325713560  0.010  0.010   45.065   40.697    0    0  (Gen:  0)
533493656   3341128 327067024  0.011  0.011   45.897   41.398    0    0  (Gen:  0)
532429968   3341168 327570832  0.012  0.012   46.729   42.103    0    0  (Gen:  0)
531154928   3241472 327219656  0.011  0.011   47.569   42.803    0    0  (Gen:  0)
533623560   3241504 327440672  0.011  0.011   48.430   43.515    0    0  (Gen:  0)
532790728   3241568 327751048  0.010  0.010   49.294   44.230    0    0  (Gen:  0)
535684672   3241632 327849120  0.010  0.011   50.158   44.944    0    0  (Gen:  0)
530446368   3241704 328183848  0.011  0.011   51.000   45.634    0    0  (Gen:  0)
534295296   3241704 328366096  0.010  0.010   51.853   46.334    0    0  (Gen:  0)
534171008   3241736 328439880  0.010  0.010   52.702   47.029    0    0  (Gen:  0)
532463960   3241816 329588560  0.011  0.011   53.543   47.724    0    0  (Gen:  0)
530628120   3241816 330197160  0.012  0.012   54.366   48.424    0    0  (Gen:  0)
531403016   3241936 329884480  0.011  0.011   55.195   49.120    0    0  (Gen:  0)
534276744   3242040 330030384  0.011  0.011   56.060   49.838    0    0  (Gen:  0)
464985336 223969552 259788720  0.387  0.421   57.212   51.578    0    0  (Gen:  1)
   100192  11158376  18332640  0.016  0.035   57.228   51.614    0    0  (Gen:  1)
     1584                      0.000  0.000

  40,067,076,368 bytes allocated in the heap
   1,737,573,128 bytes copied during GC
     259,788,720 bytes maximum residency (5 sample(s))
       5,233,624 bytes maximum slop
             247 MB total memory in use (0 MB lost due to fragmentation)

                                     Tot time (elapsed)  Avg pause  Max pause
  Gen  0        71 colls,     0 par    1.888s   1.935s     0.0273s    0.1657s
  Gen  1         5 colls,     0 par    1.037s   1.174s     0.2349s    0.4205s

  TASKS: 21 (1 bound, 20 peak workers (20 total), using -N4)

  SPARKS: 0 (0 converted, 0 overflowed, 0 dud, 0 GC'd, 0 fizzled)

  INIT    time    0.001s  (  0.006s elapsed)
  MUT     time   54.302s  ( 48.499s elapsed)
  GC      time    2.925s  (  3.109s elapsed)
  EXIT    time    0.000s  (  0.008s elapsed)
  Total   time   57.228s  ( 51.622s elapsed)

  Alloc rate    737,859,490 bytes per MUT second

  Productivity  94.9% of total user, 93.9% of total elapsed

