bench-hist/v0.1.0/ghcide --lsp --cwd bench/example/Cabal-3.0.0.0 +RTS -I0 -qg -A128M -Scode_actions.benchmark-gcStats -I0.5 
    Alloc    Copied     Live     GC     GC      TOT      TOT  Page Flts
    bytes     bytes     bytes   user   elap     user     elap
572645432  24581568  27782624  0.070  0.078    0.690    6.030    0    0  (Gen:  0)
558561240  24585504  42584424  0.096  0.111    1.081    6.668    0    0  (Gen:  1)
546611320  24585384  59959256  0.062  0.064    1.427    7.107    0    0  (Gen:  0)
536711360  24584896  81145952  0.077  0.081    1.736    7.532    0    0  (Gen:  0)
547177456  88083472  94397024  0.173  0.196    2.186    8.240    0    0  (Gen:  1)
542313848  88082272 111416912  0.060  0.061    2.511    8.702    0    0  (Gen:  0)
541267176  88081272 125624112  0.057  0.058    3.595    9.244    0    0  (Gen:  0)
551319864  81378184 213618776  0.188  0.201    4.647    9.811    0    0  (Gen:  0)
529418504 108312320 257240752  0.235  0.263    5.564   10.252    0    0  (Gen:  0)
523046264 108310304 288622088  0.506  0.563    6.702   10.997    0    0  (Gen:  1)
528082512 108305968 340445280  0.196  0.196    7.452   11.336    0    0  (Gen:  0)
528061408 108312920 390430288  0.207  0.208    8.115   11.688    0    0  (Gen:  0)
524113520 108307336 450594984  0.216  0.217    8.847   12.037    0    0  (Gen:  0)
527556192 113883792 504491040  0.233  0.247    9.686   12.438    0    0  (Gen:  0)
524866984 113884264 554463640  0.220  0.233   10.482   12.819    0    0  (Gen:  0)
526835376 113884488 606769744  1.073  1.222   12.000   14.224    0    0  (Gen:  1)
521692488 113898672 661986560  0.206  0.207   12.584   14.652    0    0  (Gen:  0)
517374560 113878888 721837912  0.179  0.179   13.043   15.112    0    0  (Gen:  0)
525330640 113881400 761653528  0.167  0.167   13.694   15.564    0    0  (Gen:  0)
524418864 113889072 796399136  0.148  0.148   14.464   15.898    0    0  (Gen:  0)
524984112 113881488 832884360  0.160  0.161   15.119   16.437    0    0  (Gen:  0)
529769736  77818760 872990376  0.168  0.169   15.847   16.873    0    0  (Gen:  0)
523229880  77819328 908952504  0.168  0.169   16.628   17.237    0    0  (Gen:  0)
573661696  77817296 937050880  0.140  0.141   17.300   17.839    0    0  (Gen:  0)
564262144  77815384 946962160  0.070  0.070   17.900   18.374    3   99  (Gen:  0)
548142728  77815408 954348928  0.023  0.023   18.332   18.731    0    0  (Gen:  0)
542242712  77815408 961587928  0.012  0.012   18.752   19.077    0    0  (Gen:  0)
472933864 875227168 912373568  1.523  1.744   20.631   21.798    0    0  (Gen:  1)
   104408  11579104  17637416  0.023  0.104   20.655   21.903    0    0  (Gen:  1)
     1584                      0.000  0.000

  14,976,737,872 bytes allocated in the heap
   3,250,301,320 bytes copied during GC
     912,373,568 bytes maximum residency (6 sample(s))
       4,647,104 bytes maximum slop
             870 MB total memory in use (0 MB lost due to fragmentation)

                                     Tot time (elapsed)  Avg pause  Max pause
  Gen  0        23 colls,     0 par    3.262s   3.351s     0.1457s    0.2626s
  Gen  1         6 colls,     0 par    3.394s   3.941s     0.6568s    1.7435s

  TASKS: 20 (1 bound, 19 peak workers (19 total), using -N4)

  SPARKS: 0 (0 converted, 0 overflowed, 0 dud, 0 GC'd, 0 fizzled)

  INIT    time    0.001s  (  0.006s elapsed)
  MUT     time   13.997s  ( 14.606s elapsed)
  GC      time    6.656s  (  7.292s elapsed)
  EXIT    time    0.000s  (  0.006s elapsed)
  Total   time   20.655s  ( 21.909s elapsed)

  Alloc rate    1,069,968,374 bytes per MUT second

  Productivity  67.8% of total user, 66.7% of total elapsed

