bench-hist/v0.1.0/ghcide --lsp --cwd bench/example/Cabal-3.0.0.0 +RTS -I0 -qg -A128M -SdocumentSymbols_after_edit.benchmark-gcStats -I0.5 
    Alloc    Copied     Live     GC     GC      TOT      TOT  Page Flts
    bytes     bytes     bytes   user   elap     user     elap
567678448      2160  27561792  0.071  0.084    0.688    6.125  119 3667  (Gen:  0)
559740528      6120  42585416  0.106  0.310    1.091    6.963 6050   15  (Gen:  1)
543481808      5448  59580392  0.061  0.063    1.436    7.400    0    0  (Gen:  0)
537784136      5544  80404776  0.079  0.083    1.748    7.825    0    0  (Gen:  0)
549320488      6712  95224592  0.176  0.201    2.202    8.533    0    3  (Gen:  1)
541305488      5480 111524376  0.061  0.061    2.532    9.003    0    2  (Gen:  0)
541753744      4480 125534416  0.057  0.057    3.587    9.528    0    4  (Gen:  0)
555121304      8496 218956608  0.198  0.215    4.674   10.162    1  697  (Gen:  0)
525151344     15192 257885232  0.235  0.264    5.520   10.602    0   17  (Gen:  0)
524866800     13664 295630424  0.536  0.595    6.655   11.353    0   13  (Gen:  1)
523315464     10584 339898120  0.191  0.191    7.439   11.696    0    0  (Gen:  0)
527125224  83527128 378479760  0.171  0.171    8.121   12.004    0    0  (Gen:  0)
528339552  83523640 434702960  0.200  0.201    8.905   12.355    0    1  (Gen:  0)
527887920 105023208 484830128  0.219  0.223    9.715   12.729    0    1  (Gen:  0)
527049032 105026512 535170440  0.227  0.242   10.529   13.123    0    0  (Gen:  0)
530840480 105024616 607388872  0.277  0.300   11.162   13.678    0    0  (Gen:  0)
518897072 105031928 654970896  1.160  1.325   12.601   15.283    0    0  (Gen:  1)
517323664 105017728 714578776  0.184  0.185   13.064   15.747    0    0  (Gen:  0)
528370704 105020200 753935672  0.167  0.168   13.722   16.200    0    2  (Gen:  0)
527348072 105024752 790641496  0.154  0.154   14.501   16.530    0    0  (Gen:  0)
523910136 105023128 824723016  0.159  0.159   15.172   17.072    0    0  (Gen:  0)
523958200 105051064 865346368  0.168  0.169   15.878   17.485    0    1  (Gen:  0)
525759584 105020968 900842280  0.167  0.167   16.681   17.832    0    0  (Gen:  0)
579109864 105019704 930424944  0.142  0.142   17.355   18.442    1    8  (Gen:  0)
564388040  46666480 949826056  0.093  0.093   17.766   18.851    0    4  (Gen:  0)
566766608  46666472 972333792  0.079  0.079   18.112   19.211    0    0  (Gen:  0)
563238824  43082384 995112040  0.079  0.080   18.455   19.569    0    0  (Gen:  0)
558599536  43230568 1017984640  0.078  0.078   18.798   19.928    0    0  (Gen:  0)
559539304  42905928 1040358592  0.078  0.078   19.137   20.281    0    0  (Gen:  0)
561054704  42947736 1063234528  0.079  0.079   19.479   20.637    0    0  (Gen:  0)
561165056  42947736 1086166000  0.078  0.078   19.821   20.994    0    0  (Gen:  0)
558250168  42947736 1108745904  0.080  0.080   20.162   21.350    0    0  (Gen:  0)
561605760  42947736 1131598912  0.079  0.079   20.504   21.705    0    0  (Gen:  0)
558155456  42947736 1154298208  0.078  0.078   20.845   22.060    0    0  (Gen:  0)
565327560  43305376 1177284664  0.083  0.087   21.194   22.429    0    0  (Gen:  0)
566794352  42540360 1199341696  0.085  0.093   21.548   22.807    0    0  (Gen:  0)
557954960  42953440 1222578384  0.082  0.085   21.891   23.167    0    0  (Gen:  0)
567087272  42953248 1216892584  2.052  2.402   24.215   25.857    0    0  (Gen:  1)
564909768  42953336 1239657912  0.077  0.077   24.560   26.217    0    0  (Gen:  0)
556579824  42953760 1262464616  0.078  0.079   24.899   26.569    0    0  (Gen:  0)
595522888  42953760 1287369304  0.091  0.091   25.291   26.983    0    0  (Gen:  0)
321552440  11581576  17720696  0.029  0.132   25.610   28.068    0    1  (Gen:  1)
     2016                      0.000  0.000

  22,763,933,592 bytes allocated in the heap
   2,071,903,824 bytes copied during GC
   1,216,892,584 bytes maximum residency (6 sample(s))
       9,400,664 bytes maximum slop
            1160 MB total memory in use (0 MB lost due to fragmentation)

                                     Tot time (elapsed)  Avg pause  Max pause
  Gen  0        36 colls,     0 par    4.482s   4.612s     0.1281s    0.2998s
  Gen  1         6 colls,     0 par    4.060s   4.965s     0.8275s    2.4021s

  TASKS: 20 (1 bound, 19 peak workers (19 total), using -N4)

  SPARKS: 0 (0 converted, 0 overflowed, 0 dud, 0 GC'd, 0 fizzled)

  INIT    time    0.001s  (  0.010s elapsed)
  MUT     time   17.066s  ( 18.480s elapsed)
  GC      time    8.542s  (  9.577s elapsed)
  EXIT    time    0.001s  (  0.014s elapsed)
  Total   time   25.610s  ( 28.082s elapsed)

  Alloc rate    1,333,855,235 bytes per MUT second

  Productivity  66.6% of total user, 65.8% of total elapsed

