bench-hist/v0.1.0/ghcide --lsp --cwd bench/example/Cabal-3.0.0.0 +RTS -I0 -qg -A128M -Sedit.benchmark-gcStats -I0.5 
    Alloc    Copied     Live     GC     GC      TOT      TOT  Page Flts
    bytes     bytes     bytes   user   elap     user     elap
569653232      2160  27621592  0.073  0.081    0.718    6.461    0    0  (Gen:  0)
558183984      6112  42569000  0.101  0.117    1.116    7.111    0    0  (Gen:  1)
546705480      6000  59759512  0.066  0.068    1.476    7.567    0    0  (Gen:  0)
534525944      5488  80977064  0.080  0.083    1.790    7.997    0    0  (Gen:  0)
549549984      6712  95202504  0.186  0.213    2.259    8.727    0    0  (Gen:  1)
541039488      5504 111528048  0.064  0.065    2.591    9.198    0    0  (Gen:  0)
543007896      4616 125366000  0.062  0.062    3.715    9.760    0    0  (Gen:  0)
556256960     11384 215548368  0.211  0.228    4.894   10.403    0    0  (Gen:  0)
528725664     12552 260647088  0.254  0.282    5.792   10.861    0    0  (Gen:  0)
527220968      9232 291037128  0.550  0.610    6.948   11.650    0    0  (Gen:  1)
526396760      7376 339148984  0.206  0.207    7.755   12.015    0    0  (Gen:  0)
528195112      7936 401156648  0.238  0.239    8.533   12.395    0    0  (Gen:  0)
522367536     11888 449708944  0.224  0.225    9.309   12.760    0    0  (Gen:  0)
528360296      6944 505883912  0.226  0.236   10.041   13.127    0    0  (Gen:  0)
526913536      9512 563144672  0.241  0.261   10.851   13.548    0    0  (Gen:  0)
528527856     25640 615694264  0.231  0.247   11.589   13.951    0    0  (Gen:  0)
523533088     23272 657272512  1.134  1.298   13.071   15.492    0    0  (Gen:  1)
517348344      3272 717141072  0.176  0.177   13.530   15.952    0    0  (Gen:  0)
530172568      5784 756457288  0.169  0.169   14.201   16.405    0    0  (Gen:  0)
524519664     10280 792561792  0.161  0.161   14.983   16.748    0    0  (Gen:  0)
524758608     23392 826125656  0.164  0.164   15.626   17.280    0    0  (Gen:  0)
528411152      7208 867063552  0.175  0.175   16.367   17.701    0    0  (Gen:  0)
528891840     10416 902132536  0.165  0.165   17.176   18.056    0    0  (Gen:  0)
579964576      4880 932142064  0.134  0.135   17.847   18.668    0    0  (Gen:  0)
570663968      3608 948813792  0.081  0.081   18.525   19.300    0    0  (Gen:  0)
565820704      3816 954144216  0.059  0.059   19.147   19.889    0    0  (Gen:  0)
578367384      8288 965762736  0.055  0.055   19.807   20.529    0    0  (Gen:  0)
570143896      3704 977666720  0.051  0.051   20.443   21.139    0    0  (Gen:  0)
569446384      3744 990144496  0.052  0.053   21.072   21.722    0    0  (Gen:  0)
569856264  25408224 1004800296  0.056  0.056   21.725   22.323    0    0  (Gen:  0)
570324344  25408712 1012424560  0.057  0.058   22.364   22.927    0    0  (Gen:  0)
573881456  25408256 1024701968  0.056  0.057   23.012   23.552    0    0  (Gen:  0)
573772872  25408288 1036454776  0.053  0.054   23.678   24.198    0    0  (Gen:  0)
563295184  25408296 1047946992  0.053  0.053   24.301   24.789    0    0  (Gen:  0)
571920592  25408328 1061941576  0.053  0.053   24.935   25.378    0    0  (Gen:  0)
566026464  26771384 1078400488  0.060  0.060   25.589   25.986    0    0  (Gen:  0)
568637456  26316584 1083744784  0.058  0.058   26.217   26.581    0    0  (Gen:  0)
574257128  26320936 1095417952  0.057  0.057   26.880   27.223    0    0  (Gen:  0)
573019440  26316344 1107329904  0.054  0.054   27.530   27.848    0    0  (Gen:  0)
571598984  26316424 1119721600  0.053  0.053   28.165   28.447    0    0  (Gen:  0)
572364200  26316448 1135367728  0.058  0.058   28.828   29.056    0    0  (Gen:  0)
568017248  26435248 1142163032  0.057  0.058   29.468   29.664    0    0  (Gen:  0)
574610136  26435088 1154528528  0.056  0.056   30.103   30.272    0    0  (Gen:  0)
573676592  24621624 1166285240  0.053  0.053   30.773   30.927    0    0  (Gen:  0)
564898720  24621624 1177686280  0.053  0.053   31.400   31.522    0    0  (Gen:  0)
567338872  24621648 1191201376  0.055  0.056   32.036   32.115    0    0  (Gen:  0)
569788192  24621680 1207956688  0.066  0.070   32.707   32.742    0    0  (Gen:  0)
567659048  24622184 1213502680  0.064  0.069   33.340   33.347    0    0  (Gen:  0)
576563840  26059344 1225142320  0.061  0.065   34.007   33.995    0    0  (Gen:  0)
574389328 1179637200 1217042400  2.099  2.426   36.698   36.985    0    0  (Gen:  1)
565573064 1179637208 1229246072  0.055  0.055   37.311   37.566    0    0  (Gen:  0)
570265288  25169240 1244539856  0.056  0.056   37.943   38.160    0    0  (Gen:  0)
568025216  25169520 1251494384  0.057  0.058   38.578   38.762    0    0  (Gen:  0)
572252728  25988352 1264011456  0.057  0.057   39.193   39.355    0    0  (Gen:  0)
573515744  25988376 1275758608  0.054  0.055   39.853   40.012    0    0  (Gen:  0)
566709096  25988400 1287131792  0.052  0.052   40.466   40.592    0    0  (Gen:  0)
570374264  25988472 1300257912  0.054  0.055   41.086   41.178    0    0  (Gen:  0)
568868992  26676416 1317539152  0.061  0.061   41.732   41.788    0    0  (Gen:  0)
565194568  26676712 1322868632  0.062  0.062   42.351   42.381    0    0  (Gen:  0)
575181888  26680600 1334832616  0.058  0.058   42.994   43.008    0    0  (Gen:  0)
567446688  24138360 1346622584  0.053  0.053   43.636   43.637    0    0  (Gen:  0)
570188208  24138368 1358849504  0.055  0.055   44.255   44.221    0    0  (Gen:  0)
572355080  25070264 1373674560  0.056  0.056   44.886   44.824    0    0  (Gen:  0)
567566888  26122112 1381226464  0.057  0.058   45.532   45.434    0    0  (Gen:  0)
575064552  26122000 1393948592  0.058  0.058   46.149   46.029    0    0  (Gen:  0)
580994752  26122008 1405764552  0.056  0.056   46.829   46.706    0    0  (Gen:  0)
567335944  23507520 1417166616  0.051  0.052   47.442   47.286    0    0  (Gen:  0)
571513024  24175880 1431516216  0.053  0.053   48.062   47.879    0    0  (Gen:  0)
569755288  24175952 1447823056  0.065  0.065   48.716   48.494    0    0  (Gen:  0)
566990880  26444640 1453265040  0.059  0.059   49.330   49.083    0    0  (Gen:  0)
574975512  25803392 1464817336  0.055  0.056   49.977   49.718    0    0  (Gen:  0)
569037904  25798696 1476671704  0.054  0.054   50.612   50.334    0    0  (Gen:  0)
574141552  23823512 1489146144  0.053  0.053   51.241   50.926    0    0  (Gen:  0)
571569936  23823512 1505176544  0.059  0.059   51.890   51.532    0    0  (Gen:  0)
570766576  23823632 1511762520  0.060  0.061   52.518   52.137    0    0  (Gen:  0)
575942640  23827096 1524043272  0.058  0.058   53.152   52.751    0    0  (Gen:  0)
579273744  23823560 1536049904  0.056  0.056   53.811   53.396    0    0  (Gen:  0)
566523200  23823584 1547742496  0.053  0.053   54.428   53.986    0    0  (Gen:  0)
568105256  24899952 1562498672  0.056  0.056   55.055   54.578    0    0  (Gen:  0)
566392416  24900144 1577526048  0.062  0.062   55.705   55.188    0    0  (Gen:  0)
571399944  26022112 1583298560  0.058  0.058   56.322   55.780    0    0  (Gen:  0)
578529568  25036112 1594952344  0.054  0.054   56.986   56.435    0    0  (Gen:  0)
567386856  25036144 1606026104  0.052  0.052   57.612   57.039    0    0  (Gen:  0)
567898528  25036152 1619452144  0.053  0.054   58.224   57.621    0    0  (Gen:  0)
575132752  25036168 1636789344  0.062  0.062   58.883   58.238    0    0  (Gen:  0)
565243488  25036392 1641882448  0.060  0.060   59.508   58.838    0    0  (Gen:  0)
573093936  25036216 1653970984  0.057  0.057   60.140   59.453    0    0  (Gen:  0)
574646848  25036240 1665848920  0.056  0.056   60.795   60.095    0    0  (Gen:  0)
567582704  23543896 1677521520  0.053  0.053   61.412   60.679    0    0  (Gen:  0)
568450728  23543904 1691787160  0.057  0.057   62.041   61.274    0    0  (Gen:  0)
564748640  26894680 1707605360  0.061  0.061   62.692   61.888    0    0  (Gen:  0)
567045240  26132920 1713117768  0.061  0.061   63.310   62.479    0    0  (Gen:  0)
571556056  26132736 1724615864  0.058  0.058   63.959   63.115    0    0  (Gen:  0)
573875176  26132736 1736554472  0.053  0.053   64.601   63.740    0    0  (Gen:  0)
571241408  23959248 1749016400  0.055  0.055   65.227   64.327    0    0  (Gen:  0)
572622056  23959288 1764718944  0.057  0.057   65.877   64.932    0    0  (Gen:  0)
564489512  23959784 1772032648  0.061  0.061   66.513   65.542    0    0  (Gen:  0)
571013488  25971840 1783788152  0.058  0.058   67.126   66.135    0    0  (Gen:  0)
577473384  25971880 1795643744  0.055  0.055   67.797   66.797    0    0  (Gen:  0)
567282160  25971904 1806997752  0.053  0.053   68.415   67.382    0    0  (Gen:  0)
569780568  25971912 1819983168  0.055  0.055   69.035   67.971    0    0  (Gen:  0)
573048240  25971928 1837540512  0.062  0.062   69.694   68.589    0    0  (Gen:  0)
565237456  27270336 1842726976  0.061  0.061   70.314   69.185    0    0  (Gen:  0)
572941184  27274280 1854540664  0.060  0.060   70.959   69.817    0    0  (Gen:  0)
575165712  27270064 1866375752  0.056  0.056   71.610   70.451    0    0  (Gen:  0)
568586592  27270096 1878860408  0.054  0.055   72.230   71.038    0    0  (Gen:  0)
573185896  27270168 1894031488  0.058  0.058   72.876   71.644    0    0  (Gen:  0)
571808112  27270600 1901303272  0.058  0.058   73.520   72.256    0    0  (Gen:  0)
570146544  27270624 1913822352  0.058  0.059   74.139   72.857    0    0  (Gen:  0)
575490456  27270200 1925747528  0.056  0.056   74.812   73.521    0    0  (Gen:  0)
565617536  27270216 1937004176  0.053  0.053   75.428   74.107    0    0  (Gen:  0)
571455760  27270232 1950113008  0.053  0.053   76.052   74.696    0    0  (Gen:  0)
571417960  26818240 1967569688  0.063  0.064   76.714   75.320    0    0  (Gen:  0)
569030760  27636352 1973123776  0.060  0.060   77.333   75.913    0    0  (Gen:  0)
574504856  26150232 1984710040  0.057  0.057   77.983   76.556    0    0  (Gen:  0)
443379264  26148728 1992159072  3.331  3.781   81.775   81.491    0    0  (Gen:  1)
   104824  26148400  17692512  0.040  0.223   81.815   81.715    0    0  (Gen:  1)
     1392                      0.000  0.000

  65,257,085,704 bytes allocated in the heap
   4,562,065,024 bytes copied during GC
   1,992,159,072 bytes maximum residency (7 sample(s))
       8,257,696 bytes maximum slop
            1899 MB total memory in use (0 MB lost due to fragmentation)

                                     Tot time (elapsed)  Avg pause  Max pause
  Gen  0       110 colls,     0 par    8.448s   8.582s     0.0780s    0.2816s
  Gen  1         7 colls,     0 par    7.441s   8.669s     1.2384s    3.7810s

  TASKS: 20 (1 bound, 19 peak workers (19 total), using -N4)

  SPARKS: 0 (0 converted, 0 overflowed, 0 dud, 0 GC'd, 0 fizzled)

  INIT    time    0.001s  (  0.006s elapsed)
  MUT     time   65.926s  ( 64.458s elapsed)
  GC      time   15.888s  ( 17.251s elapsed)
  EXIT    time    0.000s  (  0.007s elapsed)
  Total   time   81.816s  ( 81.722s elapsed)

  Alloc rate    989,859,204 bytes per MUT second

  Productivity  80.6% of total user, 78.9% of total elapsed

