bench-hist/v0.1.0/ghcide --lsp --cwd bench/example/Cabal-3.0.0.0 +RTS -I0 -qg -A128M -SgetDefinition.benchmark-gcStats -I0.5 
    Alloc    Copied     Live     GC     GC      TOT      TOT  Page Flts
    bytes     bytes     bytes   user   elap     user     elap
567789888  24336336  27499272  0.068  0.075    0.677    6.198    0 1387  (Gen:  0)
560921024  24340272  42533664  0.095  0.110    1.068    6.841    0    0  (Gen:  1)
549218104  24340176  59950056  0.062  0.064    1.417    7.283    0    0  (Gen:  0)
536562968  24339664  81148160  0.077  0.081    1.727    7.711    0    0  (Gen:  0)
546048096  24340880  94422688  0.173  0.197    2.180    8.426    0    0  (Gen:  1)
544101840  29796520 111423608  0.060  0.061    2.510    8.893    0    0  (Gen:  0)
541962656  29795520 125536576  0.056  0.057    3.584    9.425    0    0  (Gen:  0)
544882856  29799576 206930024  0.181  0.192    4.662    9.997    0    0  (Gen:  0)
532988272  29802088 257010936  0.238  0.265    5.567   10.461    0    0  (Gen:  0)
523585456  29805272 289557136  0.505  0.558    6.665   11.216    0    0  (Gen:  1)
525945024  29801912 338625952  0.189  0.190    7.427   11.554    0    0  (Gen:  0)
525021152  29806336 398079904  0.224  0.224    8.190   11.918    0    0  (Gen:  0)
528808776  29805368 445813680  0.206  0.206    8.961   12.269    0    0  (Gen:  0)
522815272 107054584 506253984  0.215  0.225    9.674   12.623    0    0  (Gen:  0)
529364640 107053032 558998432  0.234  0.255   10.506   13.031    0    0  (Gen:  0)
523777032 107055040 603071440  1.065  1.209   12.083   14.388    0    0  (Gen:  1)
527253232 114308760 662499984  0.207  0.208   12.632   14.845    0    0  (Gen:  0)
517382864 117554104 722330808  0.186  0.186   13.105   15.319    0    0  (Gen:  0)
526943408 117556536 761848160  0.171  0.172   13.770   15.780    0    0  (Gen:  0)
524722448 117569144 798504616  0.152  0.152   14.531   16.127    0    0  (Gen:  0)
524931752 117570664 832769640  0.159  0.159   15.184   16.646    0    0  (Gen:  0)
524516016  75917320 872784504  0.167  0.168   15.907   17.066    0    0  (Gen:  0)
527804840  75917504 908811504  0.166  0.167   16.717   17.415    0    0  (Gen:  0)
573057968  75915912 937652752  0.140  0.140   17.389   18.020    0    0  (Gen:  0)
576495656  32782712 943524656  0.066  0.066   18.062   18.666    0    1  (Gen:  0)
592287792  32781992 945290360  0.021  0.021   18.740   19.309    0    0  (Gen:  0)
594058328  32782008 943466680  0.008  0.008   19.408   19.952    0    0  (Gen:  0)
595522392  32782064 944459456  0.008  0.008   20.078   20.606    0    0  (Gen:  0)
588698768  32782112 945517120  0.009  0.009   20.730   21.243    0    0  (Gen:  0)
590221272  32782144 946425472  0.009  0.009   21.388   21.870    0    0  (Gen:  0)
591373920   4098944 948783704  0.011  0.011   22.035   22.495    0    0  (Gen:  0)
591042576   4098960 947398016  0.008  0.008   22.702   23.133    0    0  (Gen:  0)
595795440   4098968 947834568  0.008  0.008   23.374   23.796    0    0  (Gen:  0)
588961016   3267936 948938832  0.009  0.009   24.036   24.442    0    0  (Gen:  0)
589139840   3267968 949900312  0.009  0.009   24.689   25.069    0    0  (Gen:  0)
586024768   3357912 951091160  0.010  0.010   25.338   25.691    0    0  (Gen:  0)
589467520   3357944 953707616  0.010  0.010   25.992   26.327    0    0  (Gen:  0)
596460952   3357960 951132440  0.008  0.008   26.668   26.980    0    0  (Gen:  0)
589819296   3357960 952172752  0.009  0.009   27.335   27.632    0    0  (Gen:  0)
586679592   3357968 953184168  0.009  0.009   27.989   28.265    0    0  (Gen:  0)
590075032   3357976 953997520  0.009  0.009   28.645   28.893    0    0  (Gen:  0)
590964008   3358008 956283008  0.011  0.011   29.295   29.522    0    0  (Gen:  0)
589324536   3358024 957432352  0.009  0.009   29.954   30.150    0    0  (Gen:  0)
591637240   2868328 955377720  0.009  0.009   30.629   30.806    0    0  (Gen:  0)
593450264   2868344 956526672  0.009  0.009   31.305   31.472    0    0  (Gen:  0)
589571520   2868376 957523712  0.010  0.010   31.954   32.103    0    0  (Gen:  0)
586295528   2868384 958512064  0.010  0.010   32.614   32.731    0    0  (Gen:  0)
586035640   2868448 960788136  0.012  0.012   33.266   33.358    0    0  (Gen:  0)
592036848   2868488 958773728  0.008  0.008   33.936   33.999    0    0  (Gen:  0)
596059264   2868560 959800152  0.009  0.009   34.610   34.660    0    0  (Gen:  0)
590543664   2868608 960888456  0.009  0.009   35.272   35.307    0    0  (Gen:  0)
586668704   2868696 961769448  0.009  0.009   35.934   35.937    0    0  (Gen:  0)
584417944   3356976 963175024  0.010  0.010   36.579   36.566    0    0  (Gen:  0)
587799072   4421192 965478744  0.012  0.012   37.234   37.197    0    0  (Gen:  0)
594210104   4421224 962960256  0.008  0.008   37.909   37.853    0    0  (Gen:  0)
595180184   4421248 964097440  0.009  0.009   38.594   38.524    0    0  (Gen:  0)
590822480   4421280 965148896  0.010  0.010   39.251   39.160    0    0  (Gen:  0)
584833464   4421296 966112552  0.010  0.010   39.911   39.789    0    0  (Gen:  0)
586768904   4421304 968253624  0.012  0.012   40.559   40.414    0    0  (Gen:  0)
591059504   4421344 969670360  0.009  0.009   41.226   41.054    0    0  (Gen:  0)
596134000   4421392 967360808  0.009  0.009   41.906   41.723    0    0  (Gen:  0)
591887016   4421424 968504168  0.009  0.009   42.575   42.382    0    0  (Gen:  0)
589099864   4421456 969541904  0.010  0.010   43.227   43.010    0    0  (Gen:  0)
586217224   4421520 970514992  0.010  0.010   43.883   43.636    0    0  (Gen:  0)
589036520   4421560 972847848  0.012  0.012   44.540   44.268    0    0  (Gen:  0)
590384280   4421552 970670144  0.009  0.009   45.214   44.918    0    0  (Gen:  0)
594529696   4421568 971761808  0.010  0.010   45.889   45.578    0    0  (Gen:  0)
591496296   4421592 972815328  0.010  0.010   46.555   46.224    0    0  (Gen:  0)
586683704   4421624 973736024  0.010  0.010   47.217   46.853    0    0  (Gen:  0)
593016696   3991656 976027328  0.011  0.011   47.873   47.492    0    0  (Gen:  0)
589716328   3991720 974159192  0.008  0.008   48.539   48.136    0    0  (Gen:  0)
591173360   3991744 975032856  0.009  0.009   49.213   48.794    0    0  (Gen:  0)
116249592 910194336 947955552  1.571  1.794   50.899   51.366    0    0  (Gen:  1)
   104008  11585520  17898960  0.024  0.101   50.923   51.468    0    0  (Gen:  1)
     1368                      0.000  0.000

  41,295,938,568 bytes allocated in the heap
   2,769,642,840 bytes copied during GC
     947,955,552 bytes maximum residency (6 sample(s))
       5,474,464 bytes maximum slop
             904 MB total memory in use (0 MB lost due to fragmentation)

                                     Tot time (elapsed)  Avg pause  Max pause
  Gen  0        68 colls,     0 par    3.680s   3.773s     0.0555s    0.2652s
  Gen  1         6 colls,     0 par    3.433s   3.970s     0.6617s    1.7941s

  TASKS: 22 (1 bound, 21 peak workers (21 total), using -N4)

  SPARKS: 0 (0 converted, 0 overflowed, 0 dud, 0 GC'd, 0 fizzled)

  INIT    time    0.001s  (  0.006s elapsed)
  MUT     time   43.808s  ( 43.720s elapsed)
  GC      time    7.113s  (  7.743s elapsed)
  EXIT    time    0.000s  (  0.006s elapsed)
  Total   time   50.924s  ( 51.475s elapsed)

  Alloc rate    942,649,037 bytes per MUT second

  Productivity  86.0% of total user, 84.9% of total elapsed

