bench-hist/v0.1.0/ghcide --lsp --cwd bench/example/Cabal-3.0.0.0 +RTS -I0 -qg -A128M -Shover.benchmark-gcStats -I0.5 
    Alloc    Copied     Live     GC     GC      TOT      TOT  Page Flts
    bytes     bytes     bytes   user   elap     user     elap
571723728      2160  27745680  0.069  0.076    0.683    5.990    0    0  (Gen:  0)
558617720  38366848  42610768  0.095  0.110    1.072    6.624    0    0  (Gen:  1)
543899384  38366192  59738592  0.061  0.063    1.417    7.059    0    0  (Gen:  0)
534043680  38366248  80359912  0.076  0.080    1.725    7.482    0    0  (Gen:  0)
551371560  88057720  95276448  0.175  0.200    2.181    8.236    0    0  (Gen:  1)
542624680  88056488 111504176  0.061  0.061    2.511    8.703    0    0  (Gen:  0)
540895904  88055472 125726600  0.057  0.057    3.576    9.233    0    0  (Gen:  0)
552706120  88059528 211721800  0.186  0.201    4.616    9.825    0    0  (Gen:  0)
526771832 110112696 259086264  0.243  0.269    5.487   10.278    0    0  (Gen:  0)
525306672 262867912 291599680  0.514  0.570    6.642   11.033    0    0  (Gen:  1)
525984920 262864296 341755888  0.195  0.195    7.384   11.368    0    0  (Gen:  0)
525898944 262868064 390653856  0.206  0.206    8.143   11.716    0    0  (Gen:  0)
525334656 107986200 450305072  0.214  0.215    8.876   12.064    0    0  (Gen:  0)
529266320 107988056 506035704  0.238  0.252    9.667   12.467    0    0  (Gen:  0)
526668032 102178008 553297240  0.219  0.233   10.428   12.840    0    0  (Gen:  0)
523468456 102157344 609005040  0.226  0.246   11.212   13.249    1    0  (Gen:  0)
525250040 102170256 656162448  1.132  1.294   12.642   14.814    0    0  (Gen:  1)
517373288 102154848 715856144  0.182  0.183   13.103   15.276    0    0  (Gen:  0)
528825512  98421160 755248840  0.172  0.175   13.768   15.735    1    0  (Gen:  0)
529694928  98433072 791620192  0.153  0.154   14.546   16.064    0    0  (Gen:  0)
523476240  98425552 825420000  0.159  0.159   15.193   16.611    0    0  (Gen:  0)
524615624  98422368 866829832  0.167  0.168   15.913   17.024    0    0  (Gen:  0)
526657472  79133656 901959128  0.170  0.170   16.681   17.429    0    0  (Gen:  0)
575546624  63803384 931446992  0.140  0.140   17.347   18.036    0    0  (Gen:  0)
583479080  37890864 942279032  0.081  0.081   18.042   18.702    0    0  (Gen:  0)
586074368   9418464 943354632  0.020  0.021   18.718   19.329    0    0  (Gen:  0)
591434256   9418480 941704920  0.008  0.008   19.389   19.973    0    0  (Gen:  0)
594788880   3053064 942742768  0.008  0.008   20.060   20.629    0    0  (Gen:  0)
591231192   3350376 943816192  0.009  0.009   20.722   21.271    0    0  (Gen:  0)
590705504   3350392 944747632  0.009  0.009   21.383   21.898    0    0  (Gen:  0)
594333152   3350392 946819232  0.011  0.011   22.034   22.520    0    0  (Gen:  0)
591695744   2824152 945207752  0.008  0.008   22.700   23.155    0    0  (Gen:  0)
592669248   2824144 946130496  0.008  0.008   23.372   23.809    0    0  (Gen:  0)
591529344   2824176 947231656  0.009  0.009   24.039   24.457    0    0  (Gen:  0)
586435696   2824176 948319008  0.009  0.010   24.682   25.075    0    0  (Gen:  0)
583783288   2824200 949245696  0.009  0.009   25.339   25.698    0    0  (Gen:  0)
592070864   2824200 951471968  0.011  0.011   25.998   26.329    0    0  (Gen:  0)
592333880   2824208 949410896  0.008  0.008   26.668   26.978    0    0  (Gen:  0)
594248752   2824216 950461288  0.009  0.009   27.344   27.636    0    0  (Gen:  0)
592411544   2824240 951536336  0.009  0.009   28.005   28.276    0    0  (Gen:  0)
588758344   2824240 952573928  0.009  0.009   28.666   28.905    0    0  (Gen:  0)
589511320   3571016 954230720  0.010  0.010   29.315   29.528    0    0  (Gen:  0)
596398824   3571056 952963984  0.008  0.008   29.988   30.173    0    0  (Gen:  0)
592643824   2970992 953843080  0.009  0.009   30.659   30.825    0    0  (Gen:  0)
589821312   2971008 954933304  0.009  0.009   31.333   31.481    0    0  (Gen:  0)
588132280   2971016 955992696  0.010  0.010   31.988   32.116    0    0  (Gen:  0)
590593528   3368544 957091280  0.010  0.010   32.651   32.748    0    0  (Gen:  0)
584628712   3368600 959143480  0.011  0.011   33.308   33.377    0    0  (Gen:  0)
588811664   3368592 957199336  0.008  0.008   33.978   34.017    0    0  (Gen:  0)
599612552   3049544 958157600  0.009  0.009   34.661   34.684    0    0  (Gen:  0)
590783128   3049568 959217424  0.009  0.009   35.325   35.328    0    0  (Gen:  0)
586666432   3049600 960019536  0.009  0.009   35.986   35.956    0    0  (Gen:  0)
582858736   3049624 961266192  0.009  0.009   36.637   36.582    0    0  (Gen:  0)
589135920   3049640 963299304  0.011  0.011   37.293   37.211    0    0  (Gen:  0)
593525760   2840720 961410440  0.009  0.009   37.973   37.862    0    0  (Gen:  0)
594188392   3096416 962417024  0.009  0.009   38.647   38.520    0    0  (Gen:  0)
589770200   3096520 963436984  0.009  0.009   39.308   39.161    0    0  (Gen:  0)
591881944   3096544 964532992  0.009  0.009   39.975   39.792    0    0  (Gen:  0)
592192928   3096592 966496704  0.011  0.011   40.629   40.418    0    0  (Gen:  0)
591641856   3096600 964814232  0.008  0.008   41.302   41.064    0    0  (Gen:  0)
595044456   3096600 965863960  0.009  0.009   41.980   41.726    0    0  (Gen:  0)
590342032   3329680 966916008  0.009  0.009   42.647   42.371    0    0  (Gen:  0)
588005368   3288624 967773600  0.010  0.010   43.310   43.002    0    0  (Gen:  0)
590525904   3700472 969589352  0.010  0.010   43.961   43.630    0    0  (Gen:  0)
584929112   3700496 971230624  0.011  0.011   44.616   44.259    0    0  (Gen:  0)
595536472   3700528 969071760  0.008  0.009   45.302   44.921    0    0  (Gen:  0)
592483728   3118424 970156408  0.009  0.009   45.979   45.579    0    0  (Gen:  0)
589903912   3118448 971213128  0.010  0.010   46.634   46.215    0    0  (Gen:  0)
587781816   3118448 972267872  0.010  0.010   47.299   46.847    0    0  (Gen:  0)
585891184   3118448 974203376  0.011  0.011   47.951   47.474    0    0  (Gen:  0)
590174536   3118472 972501856  0.008  0.008   48.618   48.109    0    0  (Gen:  0)
596458536   3118512 973425200  0.009  0.009   49.300   48.776    0    0  (Gen:  0)
113219208 894097672 931881312  1.491  1.678   50.903   51.218    0    0  (Gen:  1)
   104328  11585472  17747416  0.024  0.101   50.928   51.320    0    0  (Gen:  1)
     1368                      0.000  0.000

  41,317,206,744 bytes allocated in the heap
   3,630,334,000 bytes copied during GC
     931,881,312 bytes maximum residency (6 sample(s))
       5,426,848 bytes maximum slop
             888 MB total memory in use (0 MB lost due to fragmentation)

                                     Tot time (elapsed)  Avg pause  Max pause
  Gen  0        68 colls,     0 par    3.722s   3.832s     0.0564s    0.2691s
  Gen  1         6 colls,     0 par    3.431s   3.953s     0.6588s    1.6784s

  TASKS: 21 (1 bound, 20 peak workers (20 total), using -N4)

  SPARKS: 0 (0 converted, 0 overflowed, 0 dud, 0 GC'd, 0 fizzled)

  INIT    time    0.001s  (  0.006s elapsed)
  MUT     time   43.774s  ( 43.529s elapsed)
  GC      time    7.152s  (  7.785s elapsed)
  EXIT    time    0.000s  (  0.004s elapsed)
  Total   time   50.928s  ( 51.323s elapsed)

  Alloc rate    943,876,160 bytes per MUT second

  Productivity  86.0% of total user, 84.8% of total elapsed

