bench-hist/v0.1.0/ghcide --lsp --cwd bench/example/Cabal-3.0.0.0 +RTS -I0 -qg -A128M -Shover_after_edit.benchmark-gcStats -I0.5 
    Alloc    Copied     Live     GC     GC      TOT      TOT  Page Flts
    bytes     bytes     bytes   user   elap     user     elap
567756832  24346832  27553192  0.067  0.075    0.680    6.138    0    0  (Gen:  0)
558466144  38347144  42862072  0.096  0.112    1.071    6.825    0    0  (Gen:  1)
545524792  38347032  59557584  0.061  0.063    1.415    7.259    0    0  (Gen:  0)
536193064  35952016  80998304  0.078  0.081    1.725    7.685    0    0  (Gen:  0)
548504664  35953240  95257264  0.175  0.199    2.178    8.398    0    0  (Gen:  1)
541174752  35952016 111522400  0.060  0.060    2.504    8.861    0    0  (Gen:  0)
542039704  35951144 125481264  0.057  0.057    3.574    9.388    0    0  (Gen:  0)
547806232  35955112 206947152  0.180  0.191    4.657    9.955    0    0  (Gen:  0)
536833784  35963560 256951984  0.238  0.267    5.573   10.418    0    0  (Gen:  0)
524297240 265182400 294076328  0.525  0.582    6.670   11.166    0    1  (Gen:  1)
528060128 265185104 345519568  0.199  0.200    7.445   11.514    0    0  (Gen:  0)
528027792 265180152 393674872  0.199  0.199    8.156   11.844    0    0  (Gen:  0)
526617376 108386384 454160240  0.214  0.215    8.858   12.207    0    0  (Gen:  0)
525244440 108379584 510514352  0.240  0.256    9.684   12.618    0    0  (Gen:  0)
527612376 108382440 561799160  0.226  0.241   10.490   13.008    0    0  (Gen:  0)
530586928 108380168 604211784  1.067  1.216   12.149   14.375    0    0  (Gen:  1)
527149720 108390648 663728424  0.203  0.204   12.697   14.828    0    0  (Gen:  0)
517343672 108375232 723592240  0.179  0.179   13.164   15.295    0    0  (Gen:  0)
524082936 108377712 762559920  0.167  0.168   13.821   15.747    0    0  (Gen:  0)
526591128 108381264 798895608  0.151  0.151   14.583   16.073    0    0  (Gen:  0)
524690952 108378008 833267544  0.156  0.157   15.243   16.619    0    0  (Gen:  0)
523770568 108378992 873656336  0.167  0.167   15.967   17.037    0    0  (Gen:  0)
524891224 108382096 910021368  0.167  0.167   16.766   17.391    0    0  (Gen:  0)
576803920 108377648 939224960  0.142  0.142   17.444   18.000    0    0  (Gen:  0)
570958296 108375928 956335976  0.097  0.098   18.113   18.655    0   77  (Gen:  0)
555615056  27582328 969084096  0.064  0.064   18.703   19.194    0    0  (Gen:  0)
560301880  27582368 981771216  0.056  0.056   19.287   19.770    0    0  (Gen:  0)
550785960  27582432 993573920  0.062  0.062   19.863   20.308    0    0  (Gen:  0)
562982744  28337608 1011728200  0.063  0.064   20.507   20.919    0    0  (Gen:  0)
555158128  25388360 1017820200  0.061  0.062   21.089   21.503    0    0  (Gen:  0)
553122472  27171824 1029904200  0.062  0.063   21.688   22.056    0    0  (Gen:  0)
558427592  27171848 1042087512  0.062  0.062   22.278   22.640    0    0  (Gen:  0)
554030016  27171912 1054342416  0.061  0.061   22.860   23.180    0    0  (Gen:  0)
566642360  27131480 1071140632  0.062  0.062   23.492   23.781    0    0  (Gen:  0)
555493304  27131984 1079253040  0.062  0.063   24.066   24.352    0    0  (Gen:  0)
561384968  27131552 1091379224  0.063  0.064   24.689   24.933    0    0  (Gen:  0)
556994992  27131616 1103738432  0.062  0.066   25.282   25.525    0    0  (Gen:  0)
552051440  26158816 1116113568  0.064  0.067   25.868   26.071    0    0  (Gen:  0)
560761464  26158840 1131276672  0.066  0.072   26.482   26.673    0    0  (Gen:  0)
552389184 1054043016 1087882768  1.938  2.232   28.931   29.396    0    0  (Gen:  1)
560945672 1054042944 1099543336  0.061  0.061   29.550   29.985    0    0  (Gen:  0)
560286952 1054043000 1111854832  0.058  0.059   30.131   30.570    0    0  (Gen:  0)
552276344 1054043048 1125322128  0.064  0.064   30.709   31.109    1    0  (Gen:  0)
564731056 1054043120 1139329680  0.057  0.058   31.300   31.689    0    0  (Gen:  0)
553427952  25816432 1149535376  0.065  0.065   31.866   32.238    0    0  (Gen:  0)
564488216  25816472 1161186832  0.062  0.062   32.499   32.842    0    0  (Gen:  0)
559097536  25816512 1174157848  0.060  0.060   33.075   33.427    0    0  (Gen:  0)
549760392  26925048 1186710288  0.064  0.065   33.657   33.969    0    0  (Gen:  0)
566132408  26925048 1199942528  0.055  0.055   34.249   34.549    0    0  (Gen:  0)
555452704  26925208 1211281464  0.064  0.065   34.813   35.092    0    0  (Gen:  0)
558010232  28237760 1229467664  0.065  0.065   35.448   35.699    0    0  (Gen:  0)
559195776  28237792 1235521840  0.061  0.061   36.034   36.293    0    0  (Gen:  0)
553994824  28237864 1248469608  0.065  0.065   36.622   36.838    0    0  (Gen:  0)
561462456  28237928 1261704496  0.060  0.060   37.207   37.417    0    0  (Gen:  0)
551958696  28237992 1272922600  0.066  0.066   37.771   37.961    0    0  (Gen:  0)
564062464  28238040 1291349224  0.066  0.066   38.412   38.575    0    0  (Gen:  0)
560644064  28238792 1297034312  0.061  0.062   38.997   39.168    0    0  (Gen:  0)
553735456  28238176 1309763352  0.065  0.065   39.581   39.709    0    0  (Gen:  0)
563287736  28238216 1322568760  0.059  0.059   40.166   40.290    0    0  (Gen:  0)
550152608  25876232 1334264280  0.064  0.064   40.735   40.826    0    0  (Gen:  0)
565777520  25878488 1352797096  0.065  0.065   41.371   41.436    0    0  (Gen:  0)
562184176  25876528 1358770480  0.065  0.065   41.959   42.032    0    0  (Gen:  0)
550925976  25876520 1371094256  0.064  0.064   42.545   42.576    0    0  (Gen:  0)
560770512  25876536 1383322968  0.059  0.059   43.129   43.158    0    0  (Gen:  0)
554316224  25876592 1395682304  0.064  0.064   43.709   43.703    0    0  (Gen:  0)
560232376  25878392 1412514504  0.062  0.062   44.329   44.302    0    0  (Gen:  0)
561448344  25740416 1420253032  0.065  0.065   44.915   44.886    0    0  (Gen:  0)
557274752  25740360 1432310448  0.065  0.065   45.533   45.468    0    0  (Gen:  0)
557148592  25740384 1444394704  0.060  0.060   46.121   46.055    0    0  (Gen:  0)
553249008  25740432 1456483648  0.063  0.063   46.694   46.601    0    0  (Gen:  0)
564461112  25740504 1472400976  0.060  0.060   47.308   47.196    0    0  (Gen:  0)
553750520  26036736 1481640904  0.065  0.065   47.884   47.766    0    0  (Gen:  0)
561822552  26036672 1493421440  0.062  0.062   48.507   48.352    0    0  (Gen:  0)
561386336  25206656 1505715896  0.060  0.060   49.099   48.943    0    0  (Gen:  0)
550623328  25206672 1518765416  0.065  0.065   49.672   49.482    0    0  (Gen:  0)
566708448  25206688 1534160616  0.061  0.061   50.275   50.071    0    0  (Gen:  0)
554027512  25207184 1543317632  0.065  0.065   50.854   50.635    0    0  (Gen:  0)
562541224  26584328 1555044600  0.061  0.062   51.481   51.235    0    0  (Gen:  0)
562385176  26584328 1567252176  0.059  0.059   52.070   51.824    0    0  (Gen:  0)
552066216  26584360 1580738888  0.066  0.066   52.650   52.370    0    0  (Gen:  0)
561903568  26584416 1594917376  0.059  0.059   53.254   52.962    0    0  (Gen:  0)
552460368  26584504 1604994768  0.064  0.064   53.822   53.511    0    0  (Gen:  0)
563545056  26584560 1616565992  0.062  0.062   54.458   54.118    0    0  (Gen:  0)
557844368  26584568 1629322392  0.061  0.061   55.040   54.707    0    0  (Gen:  0)
553963184  26584632 1642169296  0.066  0.066   55.634   55.261    0    0  (Gen:  0)
563435240  26584672 1654907784  0.057  0.057   56.223   55.841    0    0  (Gen:  0)
553917152  26584712 1666586360  0.066  0.066   56.790   56.395    0    0  (Gen:  0)
560618144  26584752 1684513992  0.063  0.064   57.434   57.011    0    0  (Gen:  0)
560354320  26584848 1690782184  0.061  0.062   58.024   57.609    0    0  (Gen:  0)
552861816  26584880 1703608680  0.066  0.066   58.616   58.157    0    0  (Gen:  0)
562673312  26584912 1716688832  0.059  0.060   59.207   58.743    0    0  (Gen:  0)
549982312  26073504 1728181104  0.065  0.065   59.778   59.292    0    0  (Gen:  0)
566772952  26076192 1746672088  0.067  0.067   60.426   59.914    0    0  (Gen:  0)
558105232  26074152 1752466152  0.063  0.063   61.014   60.510    0    0  (Gen:  0)
554378296  26073712 1764964640  0.067  0.067   61.604   61.058    0    0  (Gen:  0)
560877448  26073816 1777515352  0.060  0.060   62.190   61.642    0    0  (Gen:  0)
551013760  26073848 1789305232  0.063  0.063   62.764   62.184    0    0  (Gen:  0)
562971656  26074848 1806992576  0.064  0.065   63.398   62.790    0    0  (Gen:  0)
553808320  26074520 1813790632  0.065  0.065   63.977   63.370    0    0  (Gen:  0)
558726816  26074120 1825779440  0.064  0.064   64.588   63.942    0    0  (Gen:  0)
561072536  26074104 1838033984  0.061  0.062   65.182   64.535    0    0  (Gen:  0)
551029672  26622408 1850910184  0.065  0.066   65.766   65.085    0    0  (Gen:  0)
564553392  26622456 1865918280  0.060  0.061   66.380   65.679    0    0  (Gen:  0)
554206680  26622592 1875162904  0.065  0.066   66.956   66.247    0    0  (Gen:  0)
557905648  26622592 1886752352  0.062  0.062   67.580   66.834    0    0  (Gen:  0)
557416672  25362800 1899824632  0.061  0.061   68.161   67.422    0    0  (Gen:  0)
548682296  25362840 1912278360  0.066  0.066   68.754   67.975    0    0  (Gen:  0)
564634224  25362896 1925064720  0.056  0.057   69.353   68.563    0    0  (Gen:  0)
548481464  25362968 1936738864  0.067  0.067   69.915   69.105    0    0  (Gen:  0)
562604696  25363008 1954909536  0.064  0.065   70.557   69.717    0    0  (Gen:  0)
559884440  25363128 1961031944  0.061  0.061   71.143   70.311    0    0  (Gen:  0)
549728576  26617224 1973686208  0.064  0.064   71.731   70.855    0    0  (Gen:  0)
563085928  26617304 1986629864  0.060  0.061   72.326   71.445    0    0  (Gen:  0)
550974992  26617328 1998388104  0.065  0.066   72.901   71.998    0    0  (Gen:  0)
561232944  28498416 2016627480  0.064  0.064   73.542   72.612    0    0  (Gen:  0)
561783896  28496552 2022585000  0.064  0.064   74.135   73.213    0    0  (Gen:  0)
555742392  27805600 2035196272  0.066  0.066   74.731   73.766    0    0  (Gen:  0)
558748984  27805608 2047358544  0.060  0.060   75.320   74.352    0    0  (Gen:  0)
547541144  25442672 2059180808  0.063  0.063   75.895   74.898    0    0  (Gen:  0)
570410632  25443648 2077244240  0.065  0.065   76.537   75.513    0    0  (Gen:  0)
556972360  25971080 2084126168  0.065  0.065   77.120   76.100    0    0  (Gen:  0)
554332648  25970680 2096094976  0.066  0.066   77.727   76.667    0    0  (Gen:  0)
562432040  25301608 2108609056  0.060  0.060   78.323   77.263    0    0  (Gen:  0)
553123216  25301656 2120665048  0.063  0.063   78.907   77.812    0    0  (Gen:  0)
562675072  26886792 2136825464  0.062  0.062   79.530   78.412    0    0  (Gen:  0)
555098616  25996400 2145620624  0.066  0.066   80.110   78.987    0    0  (Gen:  0)
556966272  25996072 2157248944  0.064  0.064   80.735   79.574    0    0  (Gen:  0)
555932760 2111663032 2161740768  3.957  4.581   85.221   84.686    0    0  (Gen:  1)
552784176  27048088 2175202848  0.067  0.067   85.812   85.240    0    0  (Gen:  0)
562816232  27048128 2188971440  0.060  0.060   86.419   85.833    0    0  (Gen:  0)
553130864  27048224 2199307784  0.066  0.067   86.996   86.390    0    0  (Gen:  0)
561619488  27048184 2210919552  0.063  0.063   87.641   87.006    0    0  (Gen:  0)
561046224  27048256 2223849224  0.062  0.062   88.233   87.606    0    0  (Gen:  0)
551010424  27048304 2236513096  0.068  0.068   88.833   88.163    0    0  (Gen:  0)
565454784  27048328 2249530416  0.059  0.059   89.431   88.752    0    0  (Gen:  0)
554174504  27048408 2261086744  0.066  0.066   90.008   89.303    0    0  (Gen:  0)
558890160  27048440 2278723864  0.064  0.064   90.658   89.923    0    0  (Gen:  0)
555860656  27048544 2285158840  0.063  0.063   91.257   90.532    0    0  (Gen:  0)
551898872  27048560 2297870008  0.066  0.066   91.854   91.085    0    0  (Gen:  0)
557523280  27048560 2310171272  0.059  0.059   92.442   91.669    0    0  (Gen:  0)
549850632  27048616 2322005024  0.064  0.064   93.028   92.222    0    0  (Gen:  0)
566143520  27050384 2339847368  0.064  0.064   93.670   92.837    0    0  (Gen:  0)
556969032  27049256 2346684048  0.066  0.066   94.259   93.431    0    0  (Gen:  0)
553322640  27048800 2358596424  0.064  0.064   94.867   93.999    0    0  (Gen:  0)
558031392  25290544 2370644968  0.061  0.061   95.464   94.596    0    0  (Gen:  0)
550853696  25650808 2382593320  0.065  0.066   96.048   95.146    0    0  (Gen:  0)
565031608  25650840 2398722600  0.061  0.061   96.665   95.747    0    0  (Gen:  0)
555146120  26031824 2408024192  0.065  0.065   97.253   96.324    0    0  (Gen:  0)
556040944  26031496 2419538320  0.062  0.063   97.887   96.924    0    0  (Gen:  0)
425923328 2373597672 2427058240  3.906  4.088  102.190  102.121    0    0  (Gen:  1)
   108280  11617968  18610056  0.035  0.263  102.226  102.387    0    0  (Gen:  1)
     1368                      0.000  0.000

  83,014,473,408 bytes allocated in the heap
  15,420,094,104 bytes copied during GC
   2,427,058,240 bytes maximum residency (8 sample(s))
       9,656,256 bytes maximum slop
            2314 MB total memory in use (0 MB lost due to fragmentation)

                                     Tot time (elapsed)  Avg pause  Max pause
  Gen  0       143 colls,     0 par   10.920s  11.044s     0.0772s    0.2674s
  Gen  1         8 colls,     0 par   11.699s  13.273s     1.6592s    4.5814s

  TASKS: 21 (1 bound, 20 peak workers (20 total), using -N4)

  SPARKS: 0 (0 converted, 0 overflowed, 0 dud, 0 GC'd, 0 fizzled)

  INIT    time    0.001s  (  0.006s elapsed)
  MUT     time   79.605s  ( 78.064s elapsed)
  GC      time   22.619s  ( 24.317s elapsed)
  EXIT    time    0.000s  (  0.013s elapsed)
  Total   time  102.226s  (102.399s elapsed)

  Alloc rate    1,042,832,143 bytes per MUT second

  Productivity  77.9% of total user, 76.2% of total elapsed

