bench-hist/v0.0.5/ghcide --lsp --cwd bench/example/Cabal-3.0.0.0 +RTS -Scode_actions.benchmark-gcStats -I0.5 
    Alloc    Copied     Live     GC     GC      TOT      TOT  Page Flts
    bytes     bytes     bytes   user   elap     user     elap
  1186152     65536    204920  0.000  0.000    0.003    0.008    0    0  (Gen:  0)
  1370000    165648    459432  0.020  0.027    0.025    0.039    0    0  (Gen:  1)
  1042464     65792    459312  0.000  0.000    0.025    0.040    0    0  (Gen:  0)
  2295280    226264    967888  0.002  0.002    0.030    0.046    0    0  (Gen:  0)
  1032192    561176   1311952  0.001  0.001    0.032    0.047    0    0  (Gen:  0)
  1030336   1066240   1571088  0.015  0.008    0.047    0.056    0    0  (Gen:  1)
  3036808    312456   2008672  0.002  0.001    0.059    4.758    0    0  (Gen:  0)
  1045192    253896   1911184  0.002  0.000    0.061    4.760    0    0  (Gen:  0)
  1068864     36520   1979296  0.000  0.000    0.062    4.760    0    0  (Gen:  0)
  1037424     72456   2010048  0.000  0.000    0.063    4.761    0    0  (Gen:  0)
  1034824     68224   2048056  0.000  0.000    0.065    4.762    0    0  (Gen:  0)
  1047768    116824   2160848  0.000  0.000    0.066    4.764    0    0  (Gen:  0)
  1031864     57880   2157800  0.000  0.000    0.067    4.764    0    0  (Gen:  0)
  1031848     42600   2177752  0.000  0.000    0.068    4.764    0    0  (Gen:  0)
  1032848     72272   2227912  0.000  0.000    0.068    4.765    0    0  (Gen:  0)
  1045136    120144   2331136  0.001  0.000    0.069    4.766    0    0  (Gen:  0)
  1037240    215480   2512656  0.001  0.000    0.071    4.766    0    0  (Gen:  0)
  1030688    435528   2946536  0.003  0.001    0.076    4.770    0    0  (Gen:  0)
  1041568     99376   3000664  0.000  0.000    0.077    4.770    0    0  (Gen:  0)
  1042448    117496   3057960  0.001  0.000    0.078    4.771    0    0  (Gen:  0)
  1041432    117736   3116352  0.001  0.000    0.079    4.771    0    0  (Gen:  0)
  1036168    210712   3265632  0.001  0.000    0.081    4.773    0    0  (Gen:  0)
  1040160   1084936   1658792  0.028  0.008    0.109    4.783    0    0  (Gen:  1)
  1052584     17400   1662384  0.000  0.000    0.110    4.784    0    0  (Gen:  0)
  1085160    163496   1865240  0.001  0.000    0.111    4.785    0    0  (Gen:  0)
  1108016    315968   2062792  0.001  0.000    0.113    4.786    0    0  (Gen:  0)
  1043024    318072   2213544  0.001  0.000    0.114    4.787    0    0  (Gen:  0)
  1109416    304536   2398448  0.001  0.000    0.116    4.787    0    0  (Gen:  0)
  1176488    447384   2716696  0.001  0.000    0.118    4.788    0    0  (Gen:  0)
  1041480    500856   2925048  0.002  0.000    0.121    4.790    0    0  (Gen:  0)
  1039848    390568   3153168  0.002  0.001    0.123    4.791    0    0  (Gen:  0)
  1038104    358480   3363952  0.002  0.001    0.126    4.792    0    0  (Gen:  0)
  1357432    292920   3530728  0.002  0.000    0.191    5.066    0    0  (Gen:  0)
  1046592   2556000   3217568  0.030  0.009    0.245    5.104    0    0  (Gen:  1)
  1037592     12256   3222320  0.000  0.000    0.287    5.155    0    0  (Gen:  0)
  1300096     76168   3352504  0.001  0.000    0.300    5.170    0    0  (Gen:  0)
  1036072     40104   3384944  0.000  0.000    0.301    5.171    0    0  (Gen:  0)
  1115192    101912   3483856  0.002  0.001    0.304    5.172    0    0  (Gen:  0)
  1035640    119216   3547680  0.001  0.000    0.305    5.173    0    0  (Gen:  0)
  1035424    133144   3614240  0.001  0.000    0.307    5.174    0    0  (Gen:  0)
  1032040    142952   3690392  0.001  0.000    0.308    5.174    0    0  (Gen:  0)
  1034888    142104   3756600  0.001  0.000    0.310    5.175    0    0  (Gen:  0)
  1035944    137904   3820200  0.001  0.000    0.311    5.176    0    0  (Gen:  0)
  1036928    137392   3892312  0.001  0.000    0.313    5.177    0    0  (Gen:  0)
  1035208    136136   3956688  0.001  0.000    0.314    5.178    0    0  (Gen:  0)
  1035856    137840   4023784  0.001  0.000    0.316    5.178    0    0  (Gen:  0)
  1036880    141272   4089960  0.001  0.000    0.317    5.179    0    0  (Gen:  0)
  1035216    133320   4150672  0.001  0.000    0.319    5.180    0    0  (Gen:  0)
  1034680    128056   4211152  0.001  0.000    0.320    5.180    0    0  (Gen:  0)
  1035264    136240   4286552  0.001  0.000    0.322    5.181    0    0  (Gen:  0)
  1033296    146696   4355376  0.001  0.000    0.323    5.182    0    0  (Gen:  0)
  1032856    148512   4429448  0.001  0.000    0.325    5.183    0    0  (Gen:  0)
  1035528    151312   4500656  0.001  0.000    0.326    5.183    0    0  (Gen:  0)
  1035544    133528   4558536  0.000  0.000    0.327    5.184    0    0  (Gen:  0)
  1035472    117152   4611904  0.001  0.000    0.329    5.185    0    0  (Gen:  0)
  1034960    111096   4663592  0.001  0.000    0.330    5.186    0    0  (Gen:  0)
  1036024    122864   4731840  0.001  0.000    0.331    5.186    0    0  (Gen:  0)
  1035976    119984   4783200  0.001  0.000    0.332    5.187    0    0  (Gen:  0)
  1028952    141304   4866216  0.001  0.000    0.334    5.188    0    0  (Gen:  0)
  1033504    165568   4944936  0.001  0.000    0.335    5.188    0    0  (Gen:  0)
  1035032    156632   5014952  0.001  0.000    0.337    5.189    0    0  (Gen:  0)
  1034824    144448   5081384  0.001  0.000    0.338    5.190    0    0  (Gen:  0)
  2280248    136296   5182664  0.000  0.000    0.341    5.192    0    0  (Gen:  0)
  1912704     92040   5220296  0.000  0.000    0.343    5.194    0    0  (Gen:  0)
  2366792     79272   5271296  0.000  0.000    0.345    5.196    0    0  (Gen:  0)
  3115336     83304   5320296  0.000  0.000    0.348    5.198    0    0  (Gen:  0)
  1831272     65880   5326960  0.000  0.000    0.349    5.200    0    0  (Gen:  0)
  3043176     86736   5433440  0.000  0.000    0.352    5.203    0    0  (Gen:  0)
  1135176     61848   5451888  0.000  0.000    0.353    5.204    0    0  (Gen:  0)
  2542864     68520   5505344  0.000  0.000    0.356    5.206    0    0  (Gen:  0)
  1133528     61656   5531416  0.000  0.000    0.357    5.207    0    0  (Gen:  0)
  2193144     58944   5578720  0.000  0.000    0.359    5.209    0    0  (Gen:  0)
  1998272     83136   5620032  0.000  0.000    0.361    5.211    0    0  (Gen:  0)
  2337976     65248   5663656  0.000  0.000    0.363    5.213    0    0  (Gen:  0)
  3140184     80816   5692944  0.000  0.000    0.366    5.216    0    0  (Gen:  0)
  2326800     72160   5768680  0.000  0.000    0.368    5.218    0    0  (Gen:  0)
  2231720     67560   5809160  0.000  0.000    0.370    5.220    0    0  (Gen:  0)
  1251488     49472   5800568  0.000  0.000    0.371    5.221    0    0  (Gen:  0)
  1737168     50376   5874624  0.000  0.000    0.373    5.222    0    0  (Gen:  0)
  2596016     75128   5924208  0.000  0.000    0.375    5.225    0    0  (Gen:  0)
  2134816     65352   5926136  0.000  0.000    0.377    5.227    0    0  (Gen:  0)
  3063424     86296   6026704  0.000  0.000    0.380    5.229    0    0  (Gen:  0)
  1102144     64112   6048656  0.000  0.000    0.381    5.230    0    0  (Gen:  0)
  1104400     31416   6061512  0.000  0.000    0.382    5.231    0    0  (Gen:  0)
  2624784     86728   6173048  0.001  0.000    0.386    5.235    0    0  (Gen:  0)
  1196648     51784   6198168  0.000  0.000    0.387    5.266    0    0  (Gen:  0)
  1039784      5584   6165008  0.000  0.000    0.387    5.266    0    0  (Gen:  0)
  1037400     10896   6171952  0.000  0.000    0.388    5.267    0    0  (Gen:  0)
  1039816      9656   6178384  0.000  0.000    0.389    5.267    0    0  (Gen:  0)
  1038816      4584   6176752  0.000  0.000    0.389    5.267    0    0  (Gen:  0)
  1031400     58336   6234960  0.000  0.000    0.390    5.268    0    0  (Gen:  0)
  1034728    115168   6291816  0.001  0.000    0.391    5.269    0    0  (Gen:  0)
  1032512    154896   6370000  0.001  0.000    0.393    5.270    0    0  (Gen:  0)
  1031000    133512   6424968  0.001  0.000    0.394    5.270    0    0  (Gen:  0)
  1036280   5014232   5855024  0.025  0.010    0.419    5.281    0    0  (Gen:  1)
  2272712     86968   5930440  0.000  0.000    0.422    5.283    0    0  (Gen:  0)
  1634904     72880   5962520  0.000  0.000    0.424    5.285    0    0  (Gen:  0)
  3544520    126312   6056160  0.000  0.000    0.427    5.288    0    0  (Gen:  0)
  1575680     70536   6086608  0.000  0.000    0.429    5.289    0    0  (Gen:  0)
  1103352     41728   6106856  0.000  0.000    0.430    5.290    0    0  (Gen:  0)
  1410304     73648   6168800  0.000  0.000    0.432    5.292    0    0  (Gen:  0)
  2636072     78824   6229544  0.000  0.000    0.434    5.294    0    0  (Gen:  0)
  1164104     56736   6251520  0.000  0.000    0.436    5.295    0    0  (Gen:  0)
  2396944     63432   6299392  0.000  0.000    0.438    5.298    0    0  (Gen:  0)
  1227000     65512   6321584  0.000  0.000    0.440    5.299    0    0  (Gen:  0)
  2302272     57232   6427448  0.000  0.000    0.442    5.301    0    0  (Gen:  0)
  2573464     74272   6673920  0.000  0.000    0.444    5.303    0    0  (Gen:  0)
  1898488     58840   6899000  0.000  0.000    0.446    5.305    0    0  (Gen:  0)
  1755816     59568   7043280  0.000  0.000    0.448    5.307    0    0  (Gen:  0)
  3267880     73432   7284032  0.000  0.000    0.451    5.309    0    0  (Gen:  0)
  1824856     70624   7492808  0.000  0.000    0.453    5.311    0    0  (Gen:  0)
  1349080     58008   7620288  0.000  0.000    0.454    5.312    0    0  (Gen:  0)
  3805136     82240   7949520  0.000  0.000    0.458    5.316    0    0  (Gen:  0)
  3094936     94808   8270736  0.000  0.000    0.461    5.318    0    0  (Gen:  0)
  3683960     95488   8597824  0.000  0.000    0.464    5.322    0    0  (Gen:  0)
  1228528     66552   8685928  0.000  0.000    0.465    5.323    0    0  (Gen:  0)
  1920632     43344   8977576  0.000  0.000    0.467    5.324    0    0  (Gen:  0)
  2090288     63264   9119680  0.000  0.000    0.469    5.326    0    0  (Gen:  0)
  2997816     77320   9460520  0.000  0.000    0.472    5.329    0    0  (Gen:  0)
  3004960     92728   9697000  0.000  0.000    0.475    5.331    0    0  (Gen:  0)
  1208768     57832   9813456  0.000  0.000    0.476    5.332    0    0  (Gen:  0)
  2620888    101032   9894632  0.000  0.000    0.479    5.335    0    0  (Gen:  0)
  1445072     60728   9956672  0.000  0.000    0.480    5.336    0    0  (Gen:  0)
  1433080     40728   9941968  0.000  0.000    0.482    5.337    0    0  (Gen:  0)
  2935680     74816  10043000  0.000  0.000    0.485    5.340    0    0  (Gen:  0)
  1106384     63584  10059032  0.000  0.000    0.486    5.341    0    0  (Gen:  0)
  3335696     82032  10131608  0.000  0.000    0.489    5.344    0    0  (Gen:  0)
  1517464     93896  10162728  0.000  0.000    0.490    5.345    0    0  (Gen:  0)
  2860216     72792  10214104  0.000  0.000    0.493    5.348    0    0  (Gen:  0)
  1105024     68136  10202288  0.000  0.000    0.494    5.349    0    0  (Gen:  0)
  2532592     72880  10291328  0.000  0.000    0.497    5.351    0    0  (Gen:  0)
  1139616     58064  10311240  0.000  0.000    0.498    5.352    0    0  (Gen:  0)
  2745704     61400  10331168  0.000  0.000    0.500    5.355    0    0  (Gen:  0)
  1245712     58232  10389288  0.000  0.000    0.502    5.356    0    0  (Gen:  0)
  2716888     64456  10437808  0.000  0.000    0.504    5.358    0    0  (Gen:  0)
  2105744     74416  10484304  0.000  0.000    0.506    5.360    0    0  (Gen:  0)
  1968312     67144  10519328  0.000  0.000    0.508    5.362    0    0  (Gen:  0)
  1205672     76424  10571496  0.000  0.000    0.510    5.363    0    0  (Gen:  0)
  2732320     45472  10632936  0.000  0.000    0.512    5.366    0    0  (Gen:  0)
  1035952     81336  10672128  0.001  0.000    0.513    5.366    0    0  (Gen:  0)
  1030520    113368  10733232  0.001  0.000    0.515    5.367    0    0  (Gen:  0)
  1036224    113752  10785472  0.001  0.000    0.516    5.368    0    0  (Gen:  0)
  1032552     99016  10831912  0.001  0.000    0.517    5.368    0    0  (Gen:  0)
  1034976    117896  10899328  0.001  0.000    0.518    5.369    0    0  (Gen:  0)
  1034048    141152  10968120  0.001  0.000    0.520    5.370    0    0  (Gen:  0)
  1036144    130944  11023960  0.001  0.000    0.521    5.370    0    0  (Gen:  0)
  1034840    127656  11090856  0.001  0.000    0.523    5.371    0    0  (Gen:  0)
  1036168    126536  11146232  0.001  0.000    0.524    5.372    0    0  (Gen:  0)
  1036952    113592  11200168  0.001  0.000    0.526    5.373    0    0  (Gen:  0)
  1609632     79800  11221152  0.001  0.000    0.527    5.374    0    0  (Gen:  0)
  1582504     47728  11276960  0.000  0.000    0.529    5.376    0    0  (Gen:  0)
  1099864     30096  11301000  0.000  0.000    0.530    5.376    0    0  (Gen:  0)
  1037280     48168  11332720  0.000  0.000    0.531    5.377    0    0  (Gen:  0)
  1036744    107752  11396176  0.000  0.000    0.532    5.378    0    0  (Gen:  0)
  1035592    128360  11457552  0.001  0.000    0.533    5.378    0    0  (Gen:  0)
  1034192    129168  11520696  0.001  0.000    0.534    5.379    0    0  (Gen:  0)
  1033320    138032  11591416  0.001  0.000    0.536    5.380    0    0  (Gen:  0)
  1070080   6985120   8069600  0.040  0.012    0.576    5.392    0    0  (Gen:  1)
  1867960     87512   9087760  0.000  0.000    0.578    5.393    0    0  (Gen:  0)
  2215616     76184   9264832  0.000  0.000    0.580    5.395    0    0  (Gen:  0)
  1035768     98328   9311792  0.001  0.000    0.582    5.396    0    0  (Gen:  0)
  3051776    122032   9643424  0.001  0.000    0.585    5.399    0    0  (Gen:  0)
  2067208     96912   9835976  0.000  0.000    0.587    5.400    0    0  (Gen:  0)
  2447600     93776  10104296  0.000  0.000    0.590    5.403    0    0  (Gen:  0)
  1035008    126888  10160656  0.001  0.000    0.591    5.403    0    0  (Gen:  0)
  3939336    156712  10624928  0.001  0.000    0.594    5.406    0    0  (Gen:  0)
  3771712    171416  10976840  0.000  0.000    0.598    5.410    0    0  (Gen:  0)
  2451184    103408  11113296  0.000  0.000    0.600    5.412    0    0  (Gen:  0)
  2409288     78488  11453608  0.000  0.000    0.603    5.414    0    0  (Gen:  0)
  1139688     80328  11591568  0.000  0.000    0.604    5.415    0    0  (Gen:  0)
  1035656    115632  11658592  0.001  0.000    0.606    5.416    0    0  (Gen:  0)
  1173744    144840  11862456  0.001  0.000    0.607    5.417    0    0  (Gen:  0)
  1067224    149856  11966968  0.001  0.000    0.609    5.417    0    0  (Gen:  0)
  1171768    123688  12117144  0.001  0.000    0.610    5.418    0    0  (Gen:  0)
  1065840    122528  12217360  0.001  0.000    0.612    5.419    0    0  (Gen:  0)
  1160552    147288  12390584  0.001  0.000    0.613    5.420    0    0  (Gen:  0)
  1037592    130008  12438640  0.001  0.000    0.615    5.420    0    0  (Gen:  0)
  1216864    123816  12672816  0.001  0.000    0.616    5.421    0    0  (Gen:  0)
  1068088    150552  12778408  0.001  0.000    0.618    5.422    0    0  (Gen:  0)
  1135496    146928  12944904  0.001  0.000    0.620    5.423    0    0  (Gen:  0)
  1069672    139368  13042088  0.001  0.000    0.622    5.424    0    0  (Gen:  0)
  1141832    116640  13182616  0.001  0.000    0.623    5.424    0    0  (Gen:  0)
  1035200    118816  13250600  0.001  0.000    0.624    5.425    0    0  (Gen:  0)
  1241448    127560  13465160  0.001  0.000    0.626    5.426    0    0  (Gen:  0)
  1033568    130856  13538760  0.001  0.000    0.627    5.427    0    0  (Gen:  0)
  1292376    158400  13747232  0.001  0.000    0.629    5.427    0    0  (Gen:  0)
  1660712    163136  13952992  0.001  0.000    0.631    5.429    0    0  (Gen:  0)
  2297656    110976  14223368  0.000  0.000    0.634    5.431    0    0  (Gen:  0)
  1440664     84024  14359160  0.000  0.000    0.635    5.432    0    0  (Gen:  0)
  2656184     91160  14510872  0.000  0.000    0.638    5.435    0    0  (Gen:  0)
  2573392    104304  14824248  0.000  0.000    0.640    5.437    0    0  (Gen:  0)
  1921944     73328  14946552  0.000  0.000    0.642    5.439    0    0  (Gen:  0)
  1991784     79480  15159896  0.000  0.000    0.644    5.440    0    0  (Gen:  0)
  1759576     62824  15318584  0.000  0.000    0.646    5.442    0    0  (Gen:  0)
  1507816     46128  15442960  0.000  0.000    0.647    5.443    0    0  (Gen:  0)
  3778696     87440  15910864  0.000  0.000    0.651    5.446    0    0  (Gen:  0)
  1877984    104880  16102768  0.000  0.000    0.653    5.448    0    0  (Gen:  0)
  2552568     71568  16353488  0.000  0.000    0.655    5.450    0    0  (Gen:  0)
  3088768   8630096   9967184  0.041  0.012    0.699    5.465    0    0  (Gen:  1)
  1389904     64360  10988816  0.000  0.000    0.701    5.466    0    0  (Gen:  0)
  1142328     24888  11014016  0.000  0.000    0.702    5.467    0    0  (Gen:  0)
  1038184     28392  11018712  0.000  0.000    0.703    5.467    0    0  (Gen:  0)
  1031752     60496  11065104  0.000  0.000    0.703    5.468    0    0  (Gen:  0)
  1035280    106832  11121184  0.001  0.000    0.705    5.469    0    0  (Gen:  0)
  1069816     95904  11189328  0.000  0.000    0.706    5.469    0    0  (Gen:  0)
  3365240     93528  11278176  0.000  0.000    0.709    5.473    0    0  (Gen:  0)
  1042656     61904  11269768  0.000  0.000    0.710    5.474    0    0  (Gen:  0)
  1036928     41336  11305784  0.000  0.000    0.711    5.474    0    0  (Gen:  0)
  1069248    100192  11398920  0.001  0.000    0.713    5.475    0    0  (Gen:  0)
  1034968    125840  11459616  0.001  0.000    0.714    5.475    0    0  (Gen:  0)
  1068072    122152  11515728  0.001  0.000    0.715    5.476    0    0  (Gen:  0)
  1035632    124312  11580048  0.001  0.000    0.717    5.477    0    0  (Gen:  0)
  1035136    134328  11646016  0.001  0.000    0.718    5.478    0    0  (Gen:  0)
  1036320    123184  11698528  0.001  0.000    0.719    5.478    0    0  (Gen:  0)
  1035376    113648  11755608  0.001  0.000    0.721    5.479    0    0  (Gen:  0)
  1036008    119736  11812456  0.001  0.000    0.722    5.480    0    0  (Gen:  0)
  1034656    115536  11866712  0.001  0.000    0.723    5.480    0    0  (Gen:  0)
  1035696    120760  11927552  0.001  0.000    0.725    5.481    0    0  (Gen:  0)
  3000896    134128  11999848  0.001  0.000    0.728    5.484    0    0  (Gen:  0)
  3244432    103528  12072248  0.000  0.000    0.731    5.487    0    0  (Gen:  0)
  2335128     69792  12142392  0.000  0.000    0.733    5.489    0    0  (Gen:  0)
  1036024     81592  12191608  0.000  0.000    0.734    5.489    0    0  (Gen:  0)
  1039776     76240  12210120  0.000  0.000    0.735    5.490    0    0  (Gen:  0)
  1037304     83096  12269408  0.000  0.000    0.736    5.490    0    0  (Gen:  0)
  1036896    132120  12339632  0.001  0.000    0.737    5.491    0    0  (Gen:  0)
  1034072    141440  12410104  0.001  0.000    0.739    5.492    0    0  (Gen:  0)
  1035200    150536  12483160  0.001  0.000    0.740    5.493    0    0  (Gen:  0)
  1035304    122544  12525200  0.001  0.000    0.742    5.493    0    0  (Gen:  0)
  1036776    100832  12574864  0.001  0.000    0.743    5.494    0    0  (Gen:  0)
  1523752    139648  12664584  0.001  0.000    0.744    5.495    0    0  (Gen:  0)
  1035272    161832  12733632  0.001  0.000    0.746    5.496    0    0  (Gen:  0)
  1034008    143848  12803224  0.001  0.000    0.748    5.496    0    0  (Gen:  0)
  1035464    138680  12864072  0.001  0.000    0.749    5.497    0    0  (Gen:  0)
  1197312    122032  12918296  0.001  0.000    0.751    5.498    0    0  (Gen:  0)
  1034064    124384  12983376  0.001  0.000    0.752    5.498    0    0  (Gen:  0)
  1173416    140680  13187832  0.001  0.000    0.753    5.499    0    0  (Gen:  0)
  1035272    128208  13241448  0.001  0.000    0.755    5.500    0    0  (Gen:  0)
  1172312    124280  13438416  0.001  0.000    0.756    5.501    0    0  (Gen:  0)
  1035256    153424  13515264  0.001  0.000    0.758    5.501    0    0  (Gen:  0)
  1136584    163728  13694472  0.001  0.000    0.759    5.502    0    0  (Gen:  0)
  1035016    169864  13776760  0.001  0.000    0.761    5.503    0    0  (Gen:  0)
  1032888    156544  13843224  0.001  0.000    0.762    5.504    0    0  (Gen:  0)
  1035968    144752  13914200  0.001  0.000    0.764    5.504    0    0  (Gen:  0)
  2780416    163088  14202664  0.001  0.000    0.767    5.507    0    0  (Gen:  0)
  3084784    163328  14476976  0.000  0.000    0.770    5.510    0    0  (Gen:  0)
  3049888    127936  14755304  0.000  0.000    0.773    5.512    0    0  (Gen:  0)
  3142888    141064  14945464  0.000  0.000    0.776    5.515    0    0  (Gen:  0)
  1743104     68304  15004024  0.000  0.000    0.778    5.517    0    0  (Gen:  0)
  1327264     39952  16063952  0.000  0.000    0.779    5.541    0    0  (Gen:  0)
  1574384     27056  17037848  0.000  0.000    0.781    5.552    0    0  (Gen:  0)
  1075784     14224  17063512  0.000  0.000    0.781    5.552    0    0  (Gen:  0)
  1038856      7544  17066288  0.000  0.000    0.782    5.552    0    0  (Gen:  0)
  1040760      8112  17069376  0.000  0.000    0.782    5.553    0    0  (Gen:  0)
  1214392      9496  17171680  0.000  0.000    0.783    5.553    0    0  (Gen:  0)
  1038808      5784  17169704  0.000  0.000    0.784    5.554    0    0  (Gen:  0)
  1034456     63160  17228896  0.000  0.000    0.784    5.554    0    0  (Gen:  0)
  1033392    117216  17287304  0.000  0.000    0.785    5.555    0    0  (Gen:  0)
  1035144    131424  17338680  0.001  0.000    0.787    5.555    0    0  (Gen:  0)
  1033288    130144  17413248  0.001  0.000    0.788    5.556    0    0  (Gen:  0)
  1036000    127632  17462040  0.000  0.000    0.789    5.557    0    0  (Gen:  0)
  1036064     96016  17507432  0.000  0.000    0.790    5.557    0    0  (Gen:  0)
  1036160     89920  17552184  0.000  0.000    0.792    5.558    0    0  (Gen:  0)
  1034896    109976  17613768  0.001  0.000    0.793    5.559    0    0  (Gen:  0)
  1034296    133824  17673896  0.001  0.000    0.794    5.559    0    0  (Gen:  0)
  1029576    122464  17728416  0.001  0.000    0.795    5.560    0    0  (Gen:  0)
  1033280    127560  17796200  0.001  0.000    0.797    5.561    0    0  (Gen:  0)
  1032568    146720  17869648  0.001  0.000    0.798    5.561    0    0  (Gen:  0)
  1032640    150176  17941720  0.001  0.000    0.799    5.562    0    0  (Gen:  0)
  1031976    151688  18016424  0.001  0.000    0.801    5.563    0    0  (Gen:  0)
  1032784    143536  18080664  0.001  0.000    0.802    5.563    0    0  (Gen:  0)
  1033160    143360  18154752  0.001  0.000    0.804    5.564    0    0  (Gen:  0)
  1033040    152352  18228088  0.001  0.000    0.805    5.565    0    0  (Gen:  0)
  1031848    153704  18303312  0.001  0.000    0.807    5.565    0    0  (Gen:  0)
  1033328    153096  18376456  0.001  0.000    0.808    5.566    0    0  (Gen:  0)
  1032248    152160  18450632  0.001  0.000    0.809    5.567    0    0  (Gen:  0)
  1035360    146376  18518016  0.001  0.000    0.811    5.567    0    0  (Gen:  0)
  1033904    149744  18594928  0.001  0.000    0.812    5.568    0    0  (Gen:  0)
  1035024    153864  18670848  0.001  0.000    0.814    5.569    0    0  (Gen:  0)
  1035144    148464  18741880  0.001  0.000    0.815    5.570    0    0  (Gen:  0)
  1034816    137504  18802016  0.001  0.000    0.817    5.570    0    0  (Gen:  0)
  1033720    135968  18873608  0.001  0.000    0.818    5.571    0    0  (Gen:  0)
  1034152    142536  18938448  0.001  0.000    0.820    5.572    0    0  (Gen:  0)
  1033592    135064  19003496  0.001  0.000    0.822    5.573    0    0  (Gen:  0)
  1201008    148824  19246312  0.001  0.000    0.824    5.573    0    0  (Gen:  0)
  1033976    143272  19305592  0.001  0.000    0.825    5.574    0    0  (Gen:  0)
  1034336    129576  19370472  0.001  0.000    0.826    5.575    0    0  (Gen:  0)
  1033384    136544  19435216  0.001  0.000    0.828    5.576    0    0  (Gen:  0)
  1033016  13073224  16771392  0.049  0.014    0.878    5.590    0    0  (Gen:  1)
  1438048    149256  17238192  0.001  0.000    0.879    5.591    0    0  (Gen:  0)
  1033504    143544  17301312  0.001  0.000    0.881    5.592    0    0  (Gen:  0)
  1031840    132032  17364056  0.001  0.000    0.882    5.593    0    0  (Gen:  0)
  1032584    129488  17426888  0.001  0.000    0.884    5.593    0    0  (Gen:  0)
  1033768    121640  17480488  0.001  0.000    0.885    5.594    0    0  (Gen:  0)
  1034192    127624  17546976  0.000  0.000    0.886    5.595    0    0  (Gen:  0)
  1032656    128104  17603200  0.001  0.000    0.888    5.595    0    0  (Gen:  0)
  1033488    128736  17670752  0.001  0.000    0.889    5.596    0    0  (Gen:  0)
  1035232    143000  17739664  0.001  0.000    0.890    5.597    0    0  (Gen:  0)
  1033952    143912  17810264  0.001  0.000    0.892    5.597    0    0  (Gen:  0)
  1033552    139960  17872936  0.001  0.000    0.893    5.598    0    0  (Gen:  0)
  1033576    131608  17937952  0.001  0.000    0.895    5.599    0    0  (Gen:  0)
  1148288    129696  17995728  0.001  0.000    0.896    5.600    0    0  (Gen:  0)
  1033320    128184  18061840  0.001  0.000    0.897    5.600    0    0  (Gen:  0)
  1032672    141240  18132664  0.001  0.000    0.899    5.601    0    0  (Gen:  0)
  1034032    133792  18190272  0.001  0.000    0.900    5.602    0    0  (Gen:  0)
  1034872    138280  18266176  0.001  0.000    0.902    5.602    0    0  (Gen:  0)
  1036464    147936  18331192  0.001  0.000    0.903    5.603    0    0  (Gen:  0)
  1033936    138896  18398360  0.001  0.000    0.905    5.604    0    0  (Gen:  0)
  1035016    143344  18470088  0.001  0.000    0.906    5.604    0    0  (Gen:  0)
  1033040    149400  18542688  0.001  0.000    0.907    5.605    0    0  (Gen:  0)
  1033576    141040  18605440  0.001  0.000    0.909    5.606    0    0  (Gen:  0)
  1032664    137544  18674792  0.001  0.000    0.910    5.606    0    0  (Gen:  0)
  1099824    148152  18816216  0.001  0.000    0.912    5.607    0    0  (Gen:  0)
  1032152    147048  18886832  0.001  0.000    0.913    5.608    0    0  (Gen:  0)
  1035304    151600  18961856  0.001  0.000    0.915    5.609    0    0  (Gen:  0)
  1132976    163992  19145064  0.001  0.000    0.916    5.609    0    0  (Gen:  0)
  1100696    158864  19280040  0.001  0.000    0.918    5.610    0    0  (Gen:  0)
  1139344    130576  19434528  0.001  0.000    0.920    5.611    0    0  (Gen:  0)
  1068136    124888  19530616  0.001  0.000    0.921    5.612    0    0  (Gen:  0)
  1033000    138456  19598552  0.001  0.000    0.923    5.613    0    0  (Gen:  0)
  1167120    157952  19813552  0.001  0.000    0.924    5.613    0    0  (Gen:  0)
  1072416    109640  19871128  0.000  0.000    0.925    5.614    0    0  (Gen:  0)
  1379504     83360  20057784  0.000  0.000    0.927    5.615    0    0  (Gen:  0)
  1575976     80488  20169576  0.000  0.000    0.929    5.617    0    0  (Gen:  0)
  1871864    101720  20221008  0.000  0.000    0.931    5.619    0    0  (Gen:  0)
  1439896     72896  20236184  0.000  0.000    0.932    5.620    0    0  (Gen:  0)
  3454616     79256  20325456  0.000  0.000    0.936    5.624    0    0  (Gen:  0)
  1039672     66552  20327832  0.000  0.000    0.937    5.624    0    0  (Gen:  0)
  1033832     64560  20375768  0.001  0.000    0.938    5.625    0    0  (Gen:  0)
  1034704    116136  20436320  0.001  0.000    0.939    5.625    0    0  (Gen:  0)
  1035736    142984  20512352  0.001  0.000    0.941    5.626    0    0  (Gen:  0)
  1034720    163272  20594624  0.001  0.000    0.942    5.627    0    0  (Gen:  0)
  1032496    179224  20685656  0.001  0.000    0.944    5.628    0    0  (Gen:  0)
  1034592    175032  20764096  0.001  0.000    0.946    5.629    0    0  (Gen:  0)
  1034536    161840  20846784  0.001  0.000    0.948    5.630    0    0  (Gen:  0)
  1033080    169128  20932376  0.001  0.000    0.949    5.630    0    0  (Gen:  0)
  1036296    174544  21014272  0.001  0.000    0.951    5.631    0    0  (Gen:  0)
  1032392    165664  21093624  0.001  0.000    0.953    5.632    0    0  (Gen:  0)
  1035296    150496  21160008  0.001  0.000    0.954    5.633    0    0  (Gen:  0)
  1034728    137384  21226264  0.001  0.000    0.956    5.634    0    0  (Gen:  0)
  1034776    144808  21299168  0.001  0.000    0.957    5.634    0    0  (Gen:  0)
  1034992    144592  21364888  0.001  0.000    0.959    5.635    0    0  (Gen:  0)
  1036032    139640  21433920  0.001  0.000    0.961    5.636    0    0  (Gen:  0)
  1034840    142384  21500480  0.001  0.000    0.962    5.637    0    0  (Gen:  0)
  1035552    131688  21560848  0.001  0.000    0.964    5.637    0    0  (Gen:  0)
  1034424    132048  21626608  0.001  0.000    0.965    5.638    0    0  (Gen:  0)
  1136200     95488  21686192  0.000  0.000    0.967    5.639    0    0  (Gen:  0)
  1788872     46464  21749328  0.000  0.000    0.969    5.641    0    0  (Gen:  0)
  1034480     55912  21768976  0.000  0.000    0.970    5.642    0    0  (Gen:  0)
  1034040     89520  21829128  0.001  0.000    0.971    5.643    0    0  (Gen:  0)
  1036264    124232  21893120  0.001  0.000    0.972    5.643    0    0  (Gen:  0)
  1035328    127400  21951840  0.001  0.000    0.974    5.644    0    0  (Gen:  0)
  1035416    135376  22019336  0.001  0.000    0.975    5.645    0    0  (Gen:  0)
  1036112    134360  22081416  0.001  0.000    0.977    5.645    0    0  (Gen:  0)
  1036512    125552  22137344  0.001  0.000    0.978    5.646    0    0  (Gen:  0)
  1035256    122728  22199744  0.001  0.000    0.979    5.647    0    0  (Gen:  0)
  1035896    131664  22260760  0.001  0.000    0.981    5.648    0    0  (Gen:  0)
  1034776    123472  22322424  0.001  0.000    0.982    5.648    0    0  (Gen:  0)
  1033600    134752  22392800  0.001  0.000    0.984    5.649    0    0  (Gen:  0)
  1034072    147520  22463400  0.001  0.000    0.985    5.650    0    0  (Gen:  0)
  1033328    143824  22532088  0.001  0.000    0.987    5.651    0    0  (Gen:  0)
  1034480    142000  22600704  0.001  0.000    0.989    5.651    0    0  (Gen:  0)
  1035032    131488  22658480  0.001  0.000    0.990    5.652    0    0  (Gen:  0)
  1034624    123336  22715880  0.001  0.000    0.991    5.653    0    0  (Gen:  0)
  1036616    124664  22777896  0.001  0.000    0.993    5.653    0    0  (Gen:  0)
  1035768    125648  22836032  0.001  0.000    0.994    5.654    0    0  (Gen:  0)
  1034016    129776  22901048  0.001  0.000    0.996    5.655    0    0  (Gen:  0)
  1033736    135320  22965776  0.001  0.000    0.997    5.655    0    0  (Gen:  0)
  1035368    139904  23033952  0.001  0.000    0.999    5.656    0    0  (Gen:  0)
  1036344    126824  23086960  0.001  0.000    1.000    5.657    0    0  (Gen:  0)
  1032032    103688  23131360  0.001  0.000    1.001    5.658    0    0  (Gen:  0)
  1131744     81480  23197792  0.000  0.000    1.003    5.659    0    0  (Gen:  0)
  1380160     58928  23229040  0.000  0.000    1.004    5.660    0    0  (Gen:  0)
  2700024     88792  23286040  0.000  0.000    1.007    5.663    0    0  (Gen:  0)
  2440960    136208  23332600  0.001  0.000    1.010    5.665    0    0  (Gen:  0)
  1405824     94984  23344856  0.000  0.000    1.011    5.666    0    0  (Gen:  0)
  2392048     47904  23440440  0.000  0.000    1.014    5.668    0    0  (Gen:  0)
  1038192     64216  23457312  0.000  0.000    1.015    5.669    0    0  (Gen:  0)
  1033616     95152  23525800  0.001  0.000    1.016    5.670    0    0  (Gen:  0)
  1034104    131704  23588416  0.001  0.000    1.017    5.671    0    0  (Gen:  0)
  1037488    125872  23644136  0.001  0.000    1.019    5.671    0    0  (Gen:  0)
  1034392    124168  23707240  0.001  0.000    1.020    5.672    0    0  (Gen:  0)
  1035000    129496  23769592  0.001  0.000    1.022    5.673    0    0  (Gen:  0)
  1034296    133728  23833040  0.001  0.000    1.023    5.673    0    0  (Gen:  0)
  1034480    133312  23897800  0.001  0.000    1.025    5.674    0    0  (Gen:  0)
  1035656    135856  23964440  0.001  0.000    1.026    5.675    0    0  (Gen:  0)
  1036304    132912  24030456  0.001  0.000    1.028    5.676    0    0  (Gen:  0)
  1035408    123688  24087752  0.001  0.000    1.029    5.676    0    0  (Gen:  0)
  1031504    119088  24144768  0.001  0.000    1.030    5.677    0    0  (Gen:  0)
  1033568    119608  24201984  0.001  0.000    1.032    5.678    0    0  (Gen:  0)
  1034408    136368  24274800  0.001  0.000    1.033    5.678    0    0  (Gen:  0)
  1028432    146864  24342680  0.001  0.000    1.035    5.679    0    0  (Gen:  0)
  1307472    113536  24418256  0.001  0.000    1.037    5.681    0    0  (Gen:  0)
  1039312     68912  24412888  0.000  0.000    1.038    5.681    0    0  (Gen:  0)
  1739656     70128  24480376  0.000  0.000    1.040    5.683    0    0  (Gen:  0)
  2088688     72760  24517192  0.000  0.000    1.042    5.685    0    0  (Gen:  0)
  3338216    135368  24616744  0.001  0.000    1.045    5.688    0    0  (Gen:  0)
  2648312     88016  24632584  0.000  0.000    1.048    5.691    0    0  (Gen:  0)
  2307696    125360  24804152  0.001  0.000    1.051    5.693    0    0  (Gen:  0)
  1041728     33024  24795784  0.000  0.000    1.051    5.693    0    0  (Gen:  0)
  1033592     54640  24849144  0.000  0.000    1.052    5.694    0    0  (Gen:  0)
  1034480    109408  24905432  0.001  0.000    1.054    5.695    0    0  (Gen:  0)
  1036104    123544  24968592  0.001  0.000    1.055    5.695    0    0  (Gen:  0)
  1035984    134192  25029696  0.001  0.000    1.056    5.696    0    0  (Gen:  0)
  1034936    137792  25101984  0.001  0.000    1.058    5.697    0    0  (Gen:  0)
  1035728    128096  25153328  0.001  0.000    1.059    5.698    0    0  (Gen:  0)
  1034944    121776  25217296  0.001  0.000    1.061    5.698    0    0  (Gen:  0)
  1034040    129432  25277496  0.001  0.000    1.062    5.699    0    0  (Gen:  0)
  1033480    134144  25345992  0.001  0.000    1.064    5.700    0    0  (Gen:  0)
  1033856    130752  25401576  0.001  0.000    1.065    5.700    0    0  (Gen:  0)
  1034928    115864  25455352  0.001  0.000    1.066    5.701    0    0  (Gen:  0)
  1034080    113608  25514768  0.001  0.000    1.068    5.702    0    0  (Gen:  0)
  1037328    131296  25581192  0.001  0.000    1.069    5.702    0    0  (Gen:  0)
  1035680    123448  25632696  0.001  0.000    1.071    5.703    0    0  (Gen:  0)
  1036160    110680  25683928  0.001  0.000    1.072    5.704    0    0  (Gen:  0)
  1033872    124104  25748888  0.001  0.000    1.073    5.705    0    0  (Gen:  0)
  1248720    123112  25832960  0.001  0.000    1.075    5.706    0    0  (Gen:  0)
  2127584    112368  25860672  0.001  0.000    1.077    5.707    0    0  (Gen:  0)
  1779472     87456  25919536  0.000  0.000    1.079    5.709    0    0  (Gen:  0)
  1222968     54736  25942544  0.000  0.000    1.081    5.710    0    0  (Gen:  0)
  1762816     54696  25968936  0.000  0.000    1.082    5.712    0    0  (Gen:  0)
  1939120     68744  26015352  0.000  0.000    1.085    5.714    0    0  (Gen:  0)
  1413864     48040  26124768  0.000  0.000    1.086    5.715    0    0  (Gen:  0)
  1037392     23976  26127160  0.000  0.000    1.087    5.716    0    0  (Gen:  0)
  1066824     67592  26216328  0.001  0.000    1.088    5.716    0    0  (Gen:  0)
  1032360    116880  26272328  0.001  0.000    1.089    5.717    0    0  (Gen:  0)
  1137096    126952  26441728  0.001  0.000    1.091    5.718    0    0  (Gen:  0)
  1034888    132840  26503072  0.001  0.000    1.092    5.719    0    0  (Gen:  0)
  1240584    128496  26731744  0.001  0.000    1.094    5.719    0    0  (Gen:  0)
  1035072    116640  26783272  0.001  0.000    1.095    5.720    0    0  (Gen:  0)
  1173208    124928  26982992  0.001  0.000    1.096    5.721    0    0  (Gen:  0)
  1036120    116008  27025984  0.001  0.000    1.098    5.721    0    0  (Gen:  0)
  1138376    112424  27188696  0.000  0.000    1.099    5.722    0    0  (Gen:  0)
  1035688    113056  27232264  0.001  0.000    1.100    5.723    0    0  (Gen:  0)
  1071872     93776  27310664  0.000  0.000    1.101    5.723    0    0  (Gen:  0)
  1036504     84616  27342960  0.000  0.000    1.102    5.724    0    0  (Gen:  0)
  1034664     83896  27388816  0.000  0.000    1.103    5.724    0    0  (Gen:  0)
  1033840    111640  27449392  0.001  0.000    1.105    5.725    0    0  (Gen:  0)
  1037456    110608  27493888  0.001  0.000    1.106    5.726    0    0  (Gen:  0)
  1034856     99784  27541424  0.000  0.000    1.107    5.726    0    0  (Gen:  0)
  1034832    102384  27595584  0.001  0.000    1.108    5.727    0    0  (Gen:  0)
  1033816    111776  27651320  0.000  0.000    1.109    5.728    0    0  (Gen:  0)
  1033760    110088  27700840  0.001  0.000    1.111    5.728    0    0  (Gen:  0)
  1036104    118072  27762320  0.001  0.000    1.112    5.729    0    0  (Gen:  0)
  1034944    131424  27827936  0.001  0.000    1.113    5.729    0    0  (Gen:  0)
  1034112    141744  27896392  0.001  0.000    1.115    5.730    0    0  (Gen:  0)
  1035992    122912  27944776  0.001  0.000    1.116    5.731    0    0  (Gen:  0)
  1035432     97136  27986672  0.001  0.000    1.117    5.731    0    0  (Gen:  0)
  1032520     87120  28025512  0.000  0.000    1.118    5.732    0    0  (Gen:  0)
  1035464    104216  28082672  0.001  0.000    1.119    5.733    0    0  (Gen:  0)
  1033008    126720  28147448  0.001  0.000    1.121    5.733    0    0  (Gen:  0)
  1034864    136040  28216408  0.001  0.000    1.122    5.734    0    0  (Gen:  0)
  1034488    128976  28275144  0.001  0.000    1.124    5.735    0    0  (Gen:  0)
  1034784    116704  28325016  0.001  0.000    1.125    5.735    0    0  (Gen:  0)
  1035528    115472  28384240  0.001  0.000    1.126    5.736    0    0  (Gen:  0)
  1033040    130408  28449912  0.001  0.000    1.128    5.737    0    0  (Gen:  0)
  1037568    115216  28491896  0.001  0.000    1.129    5.737    0    0  (Gen:  0)
  1034272    104864  28547712  0.001  0.000    1.131    5.738    0    0  (Gen:  0)
  1033760    129240  28616616  0.001  0.000    1.132    5.739    0    0  (Gen:  0)
  1035336    136328  28677304  0.001  0.000    1.133    5.740    0    0  (Gen:  0)
  1036000    116688  28726760  0.001  0.000    1.135    5.740    0    0  (Gen:  0)
  1036400    109384  28779864  0.001  0.000    1.136    5.741    0    0  (Gen:  0)
  1034784    119968  28841728  0.001  0.000    1.137    5.742    0    0  (Gen:  0)
  1036040    119288  28892304  0.001  0.000    1.139    5.742    0    0  (Gen:  0)
  1108224     80208  28979368  0.000  0.000    1.140    5.743    0    0  (Gen:  0)
  1035808     90192  29042912  0.001  0.000    1.141    5.743    0    0  (Gen:  0)
  1036080    138736  29114736  0.001  0.000    1.142    5.744    0    0  (Gen:  0)
  1034424    130656  29173504  0.001  0.000    1.144    5.745    0    0  (Gen:  0)
  1034328    127424  29236488  0.001  0.000    1.145    5.746    0    0  (Gen:  0)
  1035808    132400  29297184  0.001  0.000    1.147    5.746    0    0  (Gen:  0)
  1035272    125560  29356496  0.001  0.000    1.148    5.747    0    0  (Gen:  0)
  1034448    131296  29423920  0.001  0.000    1.150    5.748    0    0  (Gen:  0)
  1037320    126480  29475848  0.001  0.000    1.151    5.748    0    0  (Gen:  0)
  1035648    121832  29540704  0.001  0.000    1.152    5.749    0    0  (Gen:  0)
  1033048    139720  29610472  0.001  0.000    1.154    5.750    0    0  (Gen:  0)
  1033744    146232  29678368  0.001  0.000    1.155    5.751    0    0  (Gen:  0)
  1036328    139960  29744184  0.001  0.000    1.157    5.751    0    0  (Gen:  0)
  1035584    129064  29801568  0.001  0.000    1.158    5.752    0    0  (Gen:  0)
  1035656    118120  29856632  0.000  0.000    1.159    5.753    0    0  (Gen:  0)
  1034936    138408  29935464  0.001  0.000    1.161    5.753    0    0  (Gen:  0)
  1035840    146176  30002392  0.001  0.000    1.162    5.754    0    0  (Gen:  0)
  1097360    123088  30086344  0.001  0.000    1.164    5.755    0    0  (Gen:  0)
  2116288    121480  30155216  0.000  0.000    1.166    5.757    0    0  (Gen:  0)
  3739248    162720  30252368  0.001  0.000    1.170    5.760    0    0  (Gen:  0)
  1071960    114816  30240576  0.000  0.000    1.171    5.761    0    0  (Gen:  0)
  2514936     69648  30744320  0.000  0.000    1.174    5.763    0    0  (Gen:  0)
  3317888     94800  30960360  0.000  0.000    1.177    5.766    0    0  (Gen:  0)
  2649080    109104  31050784  0.000  0.000    1.180    5.769    0    0  (Gen:  0)
  2714792    124904  31106952  0.001  0.000    1.182    5.771    0    0  (Gen:  0)
  2745576    104192  31225384  0.000  0.000    1.185    5.773    0    0  (Gen:  0)
  2779184    137672  31294400  0.001  0.000    1.187    5.776    0    0  (Gen:  0)
  1038064    141648  31410704  0.001  0.000    1.189    5.777    0    0  (Gen:  0)
  2186984    149696  31586064  0.001  0.000    1.192    5.779    0    0  (Gen:  0)
  1368864     47472  31620376  0.000  0.000    1.193    5.780    0    0  (Gen:  0)
  1073952     47120  31678568  0.000  0.000    1.194    5.781    0    0  (Gen:  0)
  1036568     77288  31721848  0.000  0.000    1.195    5.782    0    0  (Gen:  0)
  1036928    115304  31778536  0.001  0.000    1.197    5.782    0    0  (Gen:  0)
  1103616    136280  31919120  0.001  0.000    1.198    5.783    0    0  (Gen:  0)
  1036552    132056  31971544  0.001  0.000    1.199    5.784    0    0  (Gen:  0)
  1242472    105512  32217112  0.001  0.000    1.201    5.784    0    0  (Gen:  0)
  1034920    109024  32271608  0.001  0.000    1.202    5.785    0    0  (Gen:  0)
  1138536    104992  32414464  0.001  0.000    1.203    5.786    0    0  (Gen:  0)
  1036288    103120  32467160  0.001  0.000    1.204    5.786    0    0  (Gen:  0)
  1698072    131320  32704144  0.001  0.000    1.207    5.788    0    0  (Gen:  0)
  1034752     69136  32697936  0.000  0.000    1.208    5.788    0    0  (Gen:  0)
  3574360    116440  33183440  0.001  0.000    1.211    5.791    0    0  (Gen:  0)
  1035560    171040  33235472  0.001  0.000    1.213    5.792    0    0  (Gen:  0)
  1035144  24516152  26521592  0.080  0.025    1.294    5.817    0    0  (Gen:  1)
  2003048    129072  27102888  0.001  0.000    1.297    5.819    0    0  (Gen:  0)
  2163984     72720  27120952  0.000  0.000    1.299    5.821    0    0  (Gen:  0)
  1091336     51544  27162296  0.000  0.000    1.300    5.822    0    0  (Gen:  0)
  1036896     88976  27219000  0.001  0.000    1.301    5.823    0    0  (Gen:  0)
  1034240    134952  27280672  0.001  0.000    1.303    5.823    0    0  (Gen:  0)
  1034848    130824  27344464  0.001  0.000    1.304    5.824    0    0  (Gen:  0)
  1036744    140160  27414456  0.001  0.000    1.305    5.825    0    0  (Gen:  0)
  1036408    126696  27467688  0.001  0.000    1.307    5.825    0    0  (Gen:  0)
  1033016    117832  27527712  0.001  0.000    1.308    5.826    0    0  (Gen:  0)
  1072640    106296  27600624  0.000  0.000    1.309    5.827    0    0  (Gen:  0)
  1458680     57048  27612744  0.000  0.000    1.311    5.829    0    0  (Gen:  0)
  1209440     31888  27635864  0.000  0.000    1.312    5.830    0    0  (Gen:  0)
  1034992     69392  27679872  0.000  0.000    1.313    5.831    0    0  (Gen:  0)
  1034056    121448  27744400  0.001  0.000    1.315    5.831    0    0  (Gen:  0)
  1034072    137968  27812648  0.001  0.000    1.316    5.832    0    0  (Gen:  0)
  2481008    168744  27945608  0.001  0.000    1.319    5.834    0    0  (Gen:  0)
  1071112    113496  27924184  0.000  0.000    1.320    5.835    0    0  (Gen:  0)
  1983312     45800  27983280  0.000  0.000    1.322    5.837    0    0  (Gen:  0)
  1098360     47648  28018712  0.000  0.000    1.323    5.838    0    0  (Gen:  0)
  1035696     79272  28069096  0.001  0.000    1.324    5.838    0    0  (Gen:  0)
  1033872    120104  28129960  0.001  0.000    1.326    5.839    0    0  (Gen:  0)
  1036352    113040  28177288  0.001  0.000    1.327    5.840    0    0  (Gen:  0)
  1035952    116800  28241168  0.001  0.000    1.328    5.840    0    0  (Gen:  0)
  1035136    134168  28306992  0.001  0.000    1.330    5.841    0    0  (Gen:  0)
  1035304    144344  28376800  0.001  0.000    1.331    5.842    0    0  (Gen:  0)
  1037184    147584  28447128  0.001  0.000    1.333    5.843    0    0  (Gen:  0)
  1069136    122632  28527480  0.001  0.000    1.335    5.844    0    0  (Gen:  0)
  1038800    107720  28580984  0.001  0.000    1.336    5.845    0    0  (Gen:  0)
  1960112     85344  28690008  0.000  0.000    1.338    5.847    0    0  (Gen:  0)
  1040432     42240  28688664  0.000  0.000    1.339    5.847    0    0  (Gen:  0)
  1033320     64072  28744600  0.001  0.000    1.340    5.848    0    0  (Gen:  0)
  1035536    113600  28802248  0.001  0.000    1.342    5.849    0    0  (Gen:  0)
  1034040    123592  28862920  0.001  0.000    1.343    5.849    0    0  (Gen:  0)
  1033464    137120  28928888  0.001  0.000    1.345    5.850    0    0  (Gen:  0)
  1034584    137720  28999392  0.001  0.000    1.346    5.851    0    0  (Gen:  0)
  1035024    139896  29067152  0.001  0.000    1.348    5.852    0    0  (Gen:  0)
  1035568    131352  29126352  0.001  0.000    1.349    5.852    0    0  (Gen:  0)
  1034624    127680  29188784  0.001  0.000    1.351    5.853    0    0  (Gen:  0)
  1033984    133840  29252024  0.001  0.000    1.352    5.854    0    0  (Gen:  0)
  1034184    134008  29316776  0.001  0.000    1.354    5.855    0    0  (Gen:  0)
  1037552    131472  29376016  0.001  0.000    1.355    5.855    0    0  (Gen:  0)
  1032952    121248  29432016  0.001  0.000    1.356    5.856    0    0  (Gen:  0)
  1035904    128224  29496104  0.001  0.000    1.358    5.857    0    0  (Gen:  0)
  1104712    133688  29625104  0.001  0.000    1.359    5.857    0    0  (Gen:  0)
  1068384    137352  29725984  0.001  0.000    1.360    5.858    0    0  (Gen:  0)
  1209104    147968  29898600  0.001  0.000    1.362    5.859    0    0  (Gen:  0)
  1068528    148984  29999952  0.001  0.000    1.364    5.860    0    0  (Gen:  0)
  1147000    159168  30182888  0.001  0.000    1.365    5.861    0    0  (Gen:  0)
  1068784    159472  30288392  0.001  0.000    1.367    5.861    0    0  (Gen:  0)
  1067008    126552  30368528  0.001  0.000    1.368    5.862    0    0  (Gen:  0)
  1102656    121600  30500928  0.001  0.000    1.370    5.863    0    0  (Gen:  0)
  1174240    121440  30680368  0.001  0.000    1.371    5.864    0    0  (Gen:  0)
  1034792    117248  30743976  0.001  0.000    1.372    5.864    0    0  (Gen:  0)
  1172200    136104  30942504  0.001  0.000    1.374    5.865    0    0  (Gen:  0)
  1036216    138424  31008432  0.001  0.000    1.375    5.866    0    0  (Gen:  0)
  1138832    143432  31140768  0.001  0.000    1.377    5.867    0    0  (Gen:  0)
  1179456    128168  31325848  0.000  0.000    1.379    5.868    0    0  (Gen:  0)
  2199672    150976  31557136  0.001  0.000    1.381    5.869    0    0  (Gen:  0)
  2127896    115856  31737744  0.000  0.000    1.383    5.871    0    0  (Gen:  0)
  2239832     54136  31975480  0.000  0.000    1.386    5.873    0    0  (Gen:  0)
  1036880     91032  32025120  0.001  0.000    1.387    5.874    0    0  (Gen:  0)
  1206776    129192  32255024  0.001  0.000    1.388    5.875    0    0  (Gen:  0)
  1034744    128568  32311592  0.001  0.000    1.390    5.875    0    0  (Gen:  0)
  1139440    127248  32471480  0.001  0.000    1.391    5.876    0    0  (Gen:  0)
  1036240    122552  32525432  0.001  0.000    1.393    5.877    0    0  (Gen:  0)
  2146624    115096  32651728  0.001  0.000    1.395    5.879    0    0  (Gen:  0)
  1169128     78584  32729088  0.000  0.000    1.397    5.881    0    0  (Gen:  0)
  1252792     15968  32809536  0.000  0.000    1.398    5.913    0    0  (Gen:  0)
  1040256      9416  32775968  0.000  0.000    1.398    5.913    0    0  (Gen:  0)
  1040032      8328  32776952  0.000  0.000    1.399    5.914    0    0  (Gen:  0)
  1039488      8056  32784128  0.000  0.000    1.400    5.914    0    0  (Gen:  0)
  1037968      5896  32784384  0.000  0.000    1.400    5.914    0    0  (Gen:  0)
  1039088      5224  32785480  0.000  0.000    1.401    5.915    0    0  (Gen:  0)
  1034656     51536  32832032  0.000  0.000    1.401    5.915    0    0  (Gen:  0)
  1034792     91192  32877120  0.000  0.000    1.402    5.916    0    0  (Gen:  0)
  1033744    126872  32939136  0.001  0.000    1.404    5.917    0    0  (Gen:  0)
  1035136    104808  32981128  0.000  0.000    1.405    5.917    0    0  (Gen:  0)
  1036000     93296  33029144  0.000  0.000    1.406    5.918    0    0  (Gen:  0)
  1033680    112328  33088688  0.001  0.000    1.407    5.918    0    0  (Gen:  0)
  1034752    120344  33143120  0.001  0.000    1.409    5.919    0    0  (Gen:  0)
  1035992    121576  33205352  0.000  0.000    1.410    5.920    0    0  (Gen:  0)
  1034352    136840  33270096  0.000  0.000    1.411    5.921    0    0  (Gen:  0)
  1033208    135056  33333664  0.000  0.000    1.412    5.922    0    0  (Gen:  0)
  1034488    128984  33393464  0.000  0.000    1.412    5.922    0    0  (Gen:  0)
  1038304    128552  33457096  0.003  0.003    1.416    5.925    0    0  (Gen:  0)
  1221960    132312  33551712  0.000  0.000    1.417    5.927    0    0  (Gen:  0)
  1034608    128760  33618280  0.001  0.000    1.418    5.927    0    0  (Gen:  0)
  1036392    139360  33691152  0.001  0.000    1.419    5.928    0    0  (Gen:  0)
  1039200    138832  33752024  0.001  0.000    1.420    5.929    0    0  (Gen:  0)
  1034008    129816  33814472  0.000  0.000    1.421    5.930    0    0  (Gen:  0)
  1037472    116792  33863448  0.001  0.000    1.422    5.930    0    0  (Gen:  0)
  1037368    118064  33924112  0.001  0.000    1.423    5.931    0    0  (Gen:  0)
  1035448    120960  33980320  0.001  0.000    1.425    5.932    0    0  (Gen:  0)
  1034032    137040  34051704  0.001  0.000    1.426    5.932    0    0  (Gen:  0)
  1032880    130136  34104072  0.001  0.000    1.428    5.933    0    0  (Gen:  0)
  1033072    125104  34169664  0.001  0.000    1.429    5.934    0    0  (Gen:  0)
  1035456    122920  34222368  0.001  0.000    1.430    5.935    0    0  (Gen:  0)
  1141992    119224  34379872  0.001  0.000    1.432    5.935    0    0  (Gen:  0)
  1069736    134640  34483280  0.001  0.000    1.433    5.936    0    0  (Gen:  0)
  1069080    141920  34579200  0.001  0.000    1.435    5.937    0    0  (Gen:  0)
  1031232    133200  34643248  0.001  0.000    1.436    5.937    0    0  (Gen:  0)
  1034584    129928  34702720  0.001  0.000    1.438    5.938    0    0  (Gen:  0)
  1034664    137232  34769448  0.001  0.000    1.439    5.939    0    0  (Gen:  0)
  1035160    124496  34821120  0.001  0.000    1.441    5.940    0    0  (Gen:  0)
  1034432    124544  34888792  0.001  0.000    1.442    5.940    0    0  (Gen:  0)
  1036104    129056  34945224  0.001  0.000    1.443    5.941    0    0  (Gen:  0)
  1034840    116280  34998104  0.001  0.000    1.445    5.942    0    0  (Gen:  0)
  1033680    127080  35065144  0.001  0.000    1.446    5.942    0    0  (Gen:  0)
  1035440    128280  35120936  0.001  0.000    1.447    5.943    0    0  (Gen:  0)
  1033200    124792  35184824  0.001  0.000    1.449    5.944    0    0  (Gen:  0)
  1418032    104160  35254648  0.001  0.000    1.451    5.945    0    0  (Gen:  0)
  2931856    101432  35356320  0.000  0.000    1.454    5.948    0    0  (Gen:  0)
  1497552    101792  35388848  0.000  0.000    1.456    5.950    0    0  (Gen:  0)
  1751176     67016  35426504  0.000  0.000    1.458    5.951    0    0  (Gen:  0)
  1980616     68584  35424560  0.000  0.000    1.460    5.953    0    0  (Gen:  0)
  2174808    170192  35554352  0.001  0.000    1.462    5.955    0    0  (Gen:  0)
  1038000    138312  35670592  0.001  0.000    1.463    5.956    0    0  (Gen:  0)
  3572088    121424  35829680  0.000  0.000    1.467    5.959    0    0  (Gen:  0)
  1207936     74440  35820216  0.000  0.000    1.468    5.960    0    0  (Gen:  0)
  2052480     61264  35865312  0.000  0.000    1.470    5.962    0    0  (Gen:  0)
  1134920     58408  35912448  0.000  0.000    1.471    5.963    0    0  (Gen:  0)
  2763976     97296  36000024  0.000  0.000    1.474    5.965    0    0  (Gen:  0)
  1165456     54176  36027832  0.000  0.000    1.475    5.967    0    0  (Gen:  0)
  1107216     39800  36015552  0.000  0.000    1.476    5.968    0    0  (Gen:  0)
  2045064     50600  36052440  0.000  0.000    1.478    5.969    0    0  (Gen:  0)
  2025504    102464  36195592  0.000  0.000    1.480    5.971    0    0  (Gen:  0)
  3607960     88480  36303296  0.000  0.000    1.484    5.974    0    0  (Gen:  0)
  2124816     74712  36338416  0.000  0.000    1.486    5.976    0    0  (Gen:  0)
  2263488     77064  36388736  0.000  0.000    1.488    5.978    0    0  (Gen:  0)
  2860288     84328  36478968  0.000  0.000    1.491    5.981    0    0  (Gen:  0)
  1104048     68720  36502008  0.000  0.000    1.492    5.982    0    0  (Gen:  0)
  1805584     92672  36540176  0.000  0.000    1.494    5.984    0    0  (Gen:  0)
  2136560     69800  36639304  0.000  0.000    1.496    5.986    0    0  (Gen:  0)
  1036144     87496  36684224  0.001  0.000    1.498    5.987    0    0  (Gen:  0)
  1036016    127688  36753768  0.001  0.000    1.499    5.988    0    0  (Gen:  0)
  1069648    132584  36844608  0.001  0.000    1.501    5.989    0    0  (Gen:  0)
  1999232     84808  36887912  0.000  0.000    1.503    5.991    0    0  (Gen:  0)
  1036184     55760  36901208  0.000  0.000    1.504    5.991    0    0  (Gen:  0)
  1032832     98160  36976192  0.001  0.000    1.505    5.992    0    0  (Gen:  0)
  1034256    138848  37039856  0.001  0.000    1.507    5.993    0    0  (Gen:  0)
  1036552    122120  37093544  0.001  0.000    1.508    5.993    0    0  (Gen:  0)
  1035680    133024  37168600  0.001  0.000    1.509    5.994    0    0  (Gen:  0)
  1034216    145120  37231856  0.001  0.000    1.511    5.995    0    0  (Gen:  0)
  1031456    127360  37288528  0.001  0.000    1.512    5.996    0    0  (Gen:  0)
  1071632     81232  37337304  0.000  0.000    1.513    5.997    0    0  (Gen:  0)
  1103112     28000  37346096  0.000  0.000    1.514    5.997    0    0  (Gen:  0)
  2390568     68024  37449264  0.000  0.000    1.517    6.000    0    0  (Gen:  0)
  1038552    103872  37489520  0.001  0.000    1.518    6.000    0    0  (Gen:  0)
  1037856     80136  37515936  0.001  0.000    1.519    6.001    0    0  (Gen:  0)
  1038952     47008  37530456  0.000  0.000    1.520    6.001    0    0  (Gen:  0)
  1039808     33008  37548800  0.000  0.000    1.520    6.002    0    0  (Gen:  0)
  1039888     34928  37565208  0.000  0.000    1.521    6.002    0    0  (Gen:  0)
  1036792     36256  37580920  0.000  0.000    1.521    6.002    0    0  (Gen:  0)
  1038880     35272  37596056  0.000  0.000    1.522    6.003    0    0  (Gen:  0)
  1038472     37808  37614264  0.000  0.000    1.523    6.003    0    0  (Gen:  0)
  1038744     37064  37628544  0.000  0.000    1.523    6.003    0    0  (Gen:  0)
  1040152     34992  37644952  0.000  0.000    1.524    6.004    0    0  (Gen:  0)
  1037592     45792  37674112  0.000  0.000    1.524    6.004    0    0  (Gen:  0)
  1035328     86656  37731416  0.001  0.000    1.526    6.005    0    0  (Gen:  0)
  1034240    120328  37786208  0.001  0.000    1.527    6.005    0    0  (Gen:  0)
  1169992     85416  37842616  0.000  0.000    1.528    6.007    0    0  (Gen:  0)
  2648384     73744  37886760  0.000  0.000    1.531    6.009    0    0  (Gen:  0)
  1107512     74048  37912008  0.000  0.000    1.532    6.010    0    0  (Gen:  0)
  2116880     98936  38000008  0.000  0.000    1.535    6.012    0    0  (Gen:  0)
  1036392     79704  38036648  0.000  0.000    1.536    6.013    0    0  (Gen:  0)
  1034896     84528  38074720  0.001  0.000    1.537    6.014    0    0  (Gen:  0)
  1037848    100792  38117288  0.001  0.000    1.538    6.014    0    0  (Gen:  0)
  1102240     75384  38178288  0.000  0.000    1.539    6.015    0    0  (Gen:  0)
  2653056     61776  38232856  0.000  0.000    1.542    6.018    0    0  (Gen:  0)
  1039944     45240  38224440  0.000  0.000    1.543    6.018    0    0  (Gen:  0)
  1036128     44032  38267024  0.000  0.000    1.543    6.019    0    0  (Gen:  0)
  1036176     95352  38320000  0.001  0.000    1.545    6.019    0    0  (Gen:  0)
  1034464    134112  38393904  0.001  0.000    1.546    6.020    0    0  (Gen:  0)
  1035456    135880  38450384  0.001  0.000    1.548    6.021    0    0  (Gen:  0)
  1036152    143256  38526952  0.001  0.000    1.549    6.022    0    0  (Gen:  0)
  2272568    152008  38597216  0.001  0.000    1.552    6.024    0    0  (Gen:  0)
  1543248     95856  38666216  0.001  0.000    1.554    6.025    0    0  (Gen:  0)
  1031568     98264  38721200  0.000  0.000    1.555    6.026    0    0  (Gen:  0)
  1032992    136616  38788432  0.001  0.000    1.557    6.027    0    0  (Gen:  0)
  1879336    143560  38892744  0.001  0.000    1.559    6.029    0    0  (Gen:  0)
  2437624    103320  38926736  0.000  0.000    1.562    6.031    0    0  (Gen:  0)
  2636152    150680  39006744  0.001  0.000    1.565    6.033    0    0  (Gen:  0)
  2451248     61856  39089144  0.000  0.000    1.567    6.036    0    0  (Gen:  0)
  1037776     69304  39118704  0.001  0.000    1.568    6.036    0    0  (Gen:  0)
  1031528    116624  39193168  0.001  0.000    1.569    6.037    0    0  (Gen:  0)
  1035848    146256  39259896  0.001  0.000    1.571    6.038    0    0  (Gen:  0)
  1032448    150584  39339472  0.001  0.000    1.573    6.039    0    0  (Gen:  0)
  1032744    148080  39400152  0.001  0.000    1.574    6.039    0    0  (Gen:  0)
  1030120    131712  39466176  0.001  0.000    1.576    6.040    0    0  (Gen:  0)
  1070056     89936  39515328  0.001  0.000    1.577    6.041    0    0  (Gen:  0)
  2085872     42240  39543016  0.000  0.000    1.579    6.043    0    0  (Gen:  0)
  1747344     63632  40556256  0.000  0.000    1.581    6.057    0    0  (Gen:  0)
  1102128     38104  41594560  0.000  0.000    1.582    6.070    0    0  (Gen:  0)
  1607376     23248  42143784  0.000  0.000    1.584    6.076    0    0  (Gen:  0)
  1178584     13272  42264624  0.000  0.000    1.584    6.077    0    0  (Gen:  0)
  1035264     14560  42272528  0.000  0.000    1.585    6.077    0    0  (Gen:  0)
  1038840      6264  42273896  0.000  0.000    1.585    6.078    0    0  (Gen:  0)
  1174736     31680  42432128  0.000  0.000    1.586    6.078    0    0  (Gen:  0)
  1841824    121568  42620632  0.001  0.000    1.588    6.080    0    0  (Gen:  0)
  2499224    109368  42919624  0.000  0.000    1.591    6.082    0    0  (Gen:  0)
  1497392     60392  43041768  0.000  0.000    1.593    6.083    0    0  (Gen:  0)
  2714552     81616  43190432  0.000  0.000    1.595    6.086    0    0  (Gen:  0)
  2958520     81288  43903760  0.000  0.000    1.598    6.119    0    0  (Gen:  0)
  1041296     28016  43848184  0.000  0.000    1.599    6.120    0    0  (Gen:  0)
  1036128     10744  43854608  0.000  0.000    1.600    6.120    0    0  (Gen:  0)
  1039080      5960  43856176  0.000  0.000    1.600    6.120    0    0  (Gen:  0)
  1038384      7328  43859208  0.000  0.000    1.600    6.121    0    0  (Gen:  0)
  1071480     28864  43913824  0.000  0.000    1.602    6.122    0    0  (Gen:  0)
  3079328     60360  44061056  0.000  0.000    1.604    6.125    0    0  (Gen:  0)
  1895256     46888  44558672  0.000  0.000    1.606    6.156    0    0  (Gen:  0)
  1039368     11680  44521792  0.000  0.000    1.607    6.156    0    0  (Gen:  0)
  1034928     12456  44530000  0.000  0.000    1.607    6.157    0    0  (Gen:  0)
  1038672      5840  44531288  0.000  0.000    1.608    6.157    0    0  (Gen:  0)
  1039112      4624  44531824  0.000  0.000    1.608    6.157    0    0  (Gen:  0)
  1028456     50656  44578208  0.000  0.000    1.609    6.158    0    0  (Gen:  0)
  1649920     90368  44654848  0.001  0.000    1.611    6.160    0    0  (Gen:  0)
  1067368     54544  44663080  0.000  0.000    1.612    6.160    0    0  (Gen:  0)
  1439112     43696  44689520  0.000  0.000    1.614    6.162    0    0  (Gen:  0)
  1490608     54664  44708880  0.000  0.000    1.616    6.163    0    0  (Gen:  0)
  1106672     44520  44728648  0.000  0.000    1.617    6.164    0    0  (Gen:  0)
  3155088     85888  44794528  0.000  0.000    1.619    6.167    0    0  (Gen:  0)
  3242160    101200  44821768  0.000  0.000    1.622    6.170    0    0  (Gen:  0)
  2058584     81424  44900752  0.000  0.000    1.624    6.172    0    0  (Gen:  0)
  1333824     49248  44890816  0.000  0.000    1.626    6.173    0    0  (Gen:  0)
  2518336     64496  44971688  0.000  0.000    1.628    6.175    0    0  (Gen:  0)
  2474704     74096  45020200  0.000  0.000    1.630    6.177    0    0  (Gen:  0)
  2046328     62280  45057232  0.000  0.000    1.632    6.179    0    0  (Gen:  0)
  1714264     50848  45526336  0.000  0.000    1.634    6.212    0    0  (Gen:  0)
  1041448     21296  45477472  0.000  0.000    1.635    6.212    0    0  (Gen:  0)
  1038360      7600  45478992  0.000  0.000    1.636    6.212    0    0  (Gen:  0)
  1039384      5848  45483624  0.000  0.000    1.636    6.213    0    0  (Gen:  0)
  1037880      4584  45483920  0.000  0.000    1.636    6.213    0    0  (Gen:  0)
  1071032     29352  45541840  0.000  0.000    1.638    6.214    0    0  (Gen:  0)
  2323400     48560  45573088  0.000  0.000    1.640    6.217    0    0  (Gen:  0)
  1490424     41960  45695168  0.000  0.000    1.642    6.249    0    0  (Gen:  0)
  1039968      9952  45649304  0.000  0.000    1.642    6.249    0    0  (Gen:  0)
  1039608      7192  45652432  0.000  0.000    1.643    6.250    0    0  (Gen:  0)
  1039544      8544  45656112  0.000  0.000    1.644    6.250    0    0  (Gen:  0)
  1038072      8984  45663608  0.000  0.000    1.644    6.251    0    0  (Gen:  0)
  1037544      9528  45665872  0.000  0.000    1.645    6.251    0    0  (Gen:  0)
  1033736     70440  45731120  0.000  0.000    1.646    6.252    0    0  (Gen:  0)
  1036416    123296  45787416  0.001  0.000    1.647    6.252    0    0  (Gen:  0)
  1034864    112592  45839512  0.001  0.000    1.648    6.253    0    0  (Gen:  0)
  1037768    116176  45903160  0.001  0.000    1.649    6.254    0    0  (Gen:  0)
  1034936    127176  45966168  0.001  0.000    1.651    6.255    0    0  (Gen:  0)
  1033232    134080  46032960  0.001  0.000    1.652    6.255    0    0  (Gen:  0)
  1034856    143104  46102688  0.001  0.000    1.654    6.256    0    0  (Gen:  0)
  1034432    146680  46171736  0.001  0.000    1.655    6.257    0    0  (Gen:  0)
  1035128    133360  46231632  0.001  0.000    1.657    6.258    0    0  (Gen:  0)
  1034800    128384  46297760  0.001  0.000    1.658    6.258    0    0  (Gen:  0)
  1033584    131040  46362904  0.001  0.000    1.659    6.259    0    0  (Gen:  0)
  1034544    142016  46434648  0.001  0.000    1.661    6.260    0    0  (Gen:  0)
  1036344    142208  46501184  0.001  0.000    1.662    6.261    0    0  (Gen:  0)
  1035704    142808  46570048  0.001  0.000    1.664    6.261    0    0  (Gen:  0)
  1035376    149168  46646160  0.001  0.000    1.665    6.262    0    0  (Gen:  0)
  1035128    119984  46685512  0.001  0.000    1.667    6.263    0    0  (Gen:  0)
  1034128    106160  46745952  0.001  0.000    1.668    6.263    0    0  (Gen:  0)
  1034240    136672  46817368  0.001  0.000    1.669    6.264    0    0  (Gen:  0)
  1342480    148728  47183744  0.001  0.000    1.671    6.265    0    0  (Gen:  0)
  1068712    142944  47279584  0.001  0.000    1.672    6.266    0    0  (Gen:  0)
  1034816    130112  47340024  0.001  0.000    1.674    6.266    0    0  (Gen:  0)
  1232088    141112  47609992  0.001  0.000    1.676    6.267    0    0  (Gen:  0)
  1069592    154448  47717048  0.001  0.000    1.678    6.268    0    0  (Gen:  0)
  1213872    154256  47918152  0.001  0.000    1.679    6.269    0    0  (Gen:  0)
  1067928    148704  48023744  0.001  0.000    1.681    6.270    0    0  (Gen:  0)
  1167512    130824  48211784  0.001  0.000    1.682    6.271    0    0  (Gen:  0)
  1173384     83624  48365760  0.000  0.000    1.684    6.272    0    0  (Gen:  0)
  1430856     42536  48456032  0.000  0.000    1.686    6.273    0    0  (Gen:  0)
  1973080     59344  48750096  0.000  0.000    1.687    6.275    0    0  (Gen:  0)
  3065728     84160  48969440  0.000  0.000    1.690    6.277    0    0  (Gen:  0)
  2904456    101072  49157952  0.000  0.000    1.693    6.280    0    0  (Gen:  0)
  1102728     54248  49175824  0.000  0.000    1.694    6.281    0    0  (Gen:  0)
  3096936    110736  49276888  0.001  0.000    1.697    6.283    0    0  (Gen:  0)
  3430808    154488  49359240  0.001  0.000    1.700    6.286    0    0  (Gen:  0)
  1102400    121448  49464504  0.001  0.000    1.702    6.287    0    0  (Gen:  0)
  2467128     67504  49516000  0.000  0.000    1.704    6.290    0    0  (Gen:  0)
  1103880     60768  49542064  0.000  0.000    1.705    6.291    0    0  (Gen:  0)
  1423680     87928  49576480  0.000  0.000    1.707    6.292    0    0  (Gen:  0)
  1661512     79992  49676776  0.000  0.000    1.708    6.293    0    0  (Gen:  0)
  1543544     65688  49713400  0.000  0.000    1.710    6.295    0    0  (Gen:  0)
  2113704     61256  49752288  0.000  0.000    1.712    6.297    0    0  (Gen:  0)
  2662264     73624  49843416  0.000  0.000    1.715    6.300    0    0  (Gen:  0)
  1226080     55424  49899256  0.000  0.000    1.717    6.331    0    0  (Gen:  0)
  1742936      8504  49869960  0.000  0.000    1.718    6.332    0    0  (Gen:  0)
  1037072     10920  49874176  0.000  0.000    1.718    6.332    0    0  (Gen:  0)
  1039040      5808  49878336  0.000  0.000    1.719    6.332    0    0  (Gen:  0)
  1034992     40160  49914592  0.000  0.000    1.720    6.333    0    0  (Gen:  0)
  1071568     57568  49965104  0.000  0.000    1.721    6.334    0    0  (Gen:  0)
  2638168     57296  50007416  0.000  0.000    1.723    6.336    0    0  (Gen:  0)
  1461824     67744  50033328  0.000  0.000    1.725    6.338    0    0  (Gen:  0)
  2462824     70944  50078088  0.000  0.000    1.728    6.340    0    0  (Gen:  0)
  1115320     54352  50124936  0.000  0.000    1.729    6.342    0    0  (Gen:  0)
  1193344     21704  50147064  0.000  0.000    1.730    6.373    0    0  (Gen:  0)
  1040608      5968  50110384  0.000  0.000    1.731    6.373    0    0  (Gen:  0)
  1036952     11528  50121400  0.000  0.000    1.732    6.374    0    0  (Gen:  0)
  1039952      6888  50126944  0.000  0.000    1.732    6.374    0    0  (Gen:  0)
  1038400      4568  50126256  0.000  0.000    1.732    6.374    0    0  (Gen:  0)
  1036944     36480  50158560  0.000  0.000    1.733    6.375    0    0  (Gen:  0)
  1035848    102904  50225384  0.001  0.000    1.734    6.376    0    0  (Gen:  0)
  1034400    149456  50303000  0.001  0.000    1.736    6.377    0    0  (Gen:  0)
  1070464    105736  50363632  0.000  0.000    1.738    6.378    0    0  (Gen:  0)
  1985032     60808  50395584  0.000  0.000    1.740    6.380    0    0  (Gen:  0)
  2262712     72496  51180512  0.000  0.000    1.742    6.381    0    0  (Gen:  0)
  2376696     78808  51394784  0.000  0.000    1.744    6.384    0    0  (Gen:  0)
  1908784     78824  51534336  0.000  0.000    1.746    6.385    0    0  (Gen:  0)
  1695816     52240  51665960  0.000  0.000    1.748    6.387    0    0  (Gen:  0)
  3589192     69464  52575688  0.000  0.000    1.751    6.395    0    0  (Gen:  0)
  1367544     55072  52778928  0.000  0.000    1.753    6.421    0    0  (Gen:  0)
  1040296  35474808  39186072  0.099  0.030    1.852    6.452    0    0  (Gen:  1)
  1740480     17136  39624640  0.000  0.000    1.854    6.453    0    0  (Gen:  0)
  1038776     12360  39623712  0.000  0.000    1.854    6.453    0    0  (Gen:  0)
  1036952     15576  39635056  0.000  0.000    1.855    6.453    0    0  (Gen:  0)
  1034264     71176  39695064  0.001  0.000    1.856    6.454    0    0  (Gen:  0)
  1101432     90784  39757624  0.001  0.000    1.858    6.455    0    0  (Gen:  0)
  3996960     87968  39790304  0.000  0.000    1.861    6.459    0    0  (Gen:  0)
  1826240     97736  39860544  0.000  0.000    1.863    6.461    0    0  (Gen:  0)
  1095480     33680  39878296  0.000  0.000    1.864    6.462    0    0  (Gen:  0)
  1033512     77520  39940496  0.001  0.000    1.866    6.463    0    0  (Gen:  0)
  1035808    136072  40005720  0.001  0.000    1.867    6.463    0    0  (Gen:  0)
  1034648    136328  40072160  0.001  0.000    1.869    6.464    0    0  (Gen:  0)
  1034192    126096  40127912  0.001  0.000    1.870    6.465    0    0  (Gen:  0)
  1894160    128216  40229040  0.001  0.000    1.873    6.466    0    0  (Gen:  0)
  1596192     91816  40251272  0.000  0.000    1.874    6.468    0    0  (Gen:  0)
  1084024     47720  40279728  0.000  0.000    1.876    6.469    0    0  (Gen:  0)
  1071976     69640  40316960  0.000  0.000    1.877    6.470    0    0  (Gen:  0)
  3038160     83248  40361104  0.000  0.000    1.880    6.473    0    0  (Gen:  0)
  1037104     88728  40395168  0.001  0.000    1.881    6.474    0    0  (Gen:  0)
  1504120     79296  40460160  0.001  0.000    1.883    6.475    0    0  (Gen:  0)
  2386200     93192  40526584  0.000  0.000    1.886    6.478    0    0  (Gen:  0)
  1036256    124536  40582840  0.001  0.000    1.887    6.478    0    0  (Gen:  0)
  1033888    137760  40650808  0.001  0.000    1.889    6.479    0    0  (Gen:  0)
  2781272    153264  40736736  0.001  0.000    1.891    6.481    0    0  (Gen:  0)
  2199680    101968  41151480  0.000  0.000    1.894    6.483    0    0  (Gen:  0)
  1259928     56240  41349048  0.000  0.000    1.895    6.484    0    0  (Gen:  0)
  1037832     77200  41384912  0.001  0.000    1.896    6.485    0    0  (Gen:  0)
  1208728     86592  41586936  0.000  0.000    1.898    6.486    0    0  (Gen:  0)
  2190000     59576  41786336  0.000  0.000    1.900    6.488    0    0  (Gen:  0)
  1036688     75424  41820864  0.001  0.000    1.901    6.489    0    0  (Gen:  0)
  1031832     99832  41873512  0.001  0.000    1.903    6.490    0    0  (Gen:  0)
  1068760     83952  41929072  0.000  0.000    1.904    6.491    0    0  (Gen:  0)
  2432264     57632  41976792  0.000  0.000    1.906    6.493    0    0  (Gen:  0)
  1037928     68032  41996776  0.001  0.000    1.907    6.494    0    0  (Gen:  0)
  1031288     88648  42051992  0.001  0.000    1.909    6.494    0    0  (Gen:  0)
  1071160     93728  42115752  0.000  0.000    1.910    6.495    0    0  (Gen:  0)
  1813360     47832  42150120  0.000  0.000    1.912    6.497    0    0  (Gen:  0)
  1037232     61736  42173824  0.000  0.000    1.913    6.498    0    0  (Gen:  0)
  1550208     76392  42245240  0.001  0.000    1.915    6.499    0    0  (Gen:  0)
  1968592     70928  42289696  0.000  0.000    1.917    6.501    0    0  (Gen:  0)
  1039384     56824  42305272  0.000  0.000    1.918    6.502    0    0  (Gen:  0)
  1036408     69576  42346000  0.001  0.000    1.919    6.503    0    0  (Gen:  0)
  1031448    132192  42432608  0.001  0.000    1.920    6.503    0    0  (Gen:  0)
  1778408    153208  42527632  0.001  0.000    1.922    6.505    0    0  (Gen:  0)
  1829952     89408  42560952  0.000  0.000    1.925    6.507    0    0  (Gen:  0)
  1036696     67672  42592264  0.000  0.000    1.926    6.508    0    0  (Gen:  0)
  1072224     69440  42650224  0.000  0.000    1.927    6.509    0    0  (Gen:  0)
  2255184     53016  42683448  0.000  0.000    1.929    6.511    0    0  (Gen:  0)
  1038440     78832  42724424  0.001  0.000    1.931    6.512    0    0  (Gen:  0)
  1073144     85976  42793480  0.000  0.000    1.932    6.512    0    0  (Gen:  0)
  2278648     64808  42830072  0.000  0.000    1.934    6.515    0    0  (Gen:  0)
  1034728     90312  42875544  0.001  0.000    1.936    6.516    0    0  (Gen:  0)
  1036904    112672  42929808  0.001  0.000    1.937    6.516    0    0  (Gen:  0)
  2613872    108424  43028240  0.001  0.000    1.940    6.519    0    0  (Gen:  0)
  1034312    100880  43071608  0.001  0.000    1.941    6.520    0    0  (Gen:  0)
  1033960    120544  43139368  0.001  0.000    1.943    6.521    0    0  (Gen:  0)
  1071624    108080  43206992  0.001  0.000    1.944    6.522    0    0  (Gen:  0)
  2486368     96232  43275936  0.000  0.000    1.947    6.524    0    0  (Gen:  0)
  1031968    131296  43335240  0.001  0.000    1.949    6.525    0    0  (Gen:  0)
  2184280    114384  43408272  0.000  0.000    1.951    6.528    0    0  (Gen:  0)
  1079968     72464  43450240  0.000  0.000    1.953    6.529    0    0  (Gen:  0)
  1035424    106944  43510584  0.001  0.000    1.954    6.529    0    0  (Gen:  0)
  1742672    134184  43604136  0.001  0.000    1.956    6.531    0    0  (Gen:  0)
  1519152     77624  43628512  0.000  0.000    1.958    6.533    0    0  (Gen:  0)
  1032736     86992  43682136  0.000  0.000    1.959    6.534    0    0  (Gen:  0)
  1070896     87520  43732624  0.000  0.000    1.961    6.534    0    0  (Gen:  0)
  2077392     47320  43774648  0.000  0.000    1.963    6.537    0    0  (Gen:  0)
  1039880     66280  43764616  0.000  0.000    1.964    6.538    0    0  (Gen:  0)
  3096440    111672  43879512  0.001  0.000    1.967    6.540    0    0  (Gen:  0)
  1073840    107384  43903344  0.000  0.000    1.968    6.541    0    0  (Gen:  0)
  2493024     72792  43941808  0.000  0.000    1.971    6.544    0    0  (Gen:  0)
  1040416     71568  43933680  0.000  0.000    1.972    6.545    0    0  (Gen:  0)
  1839616     70072  43997768  0.000  0.000    1.974    6.547    0    0  (Gen:  0)
  1161560     62936  44037920  0.000  0.000    1.976    6.548    0    0  (Gen:  0)
  1037784     84600  44081536  0.001  0.000    1.977    6.548    0    0  (Gen:  0)
  1033696    117968  44146328  0.001  0.000    1.978    6.549    0    0  (Gen:  0)
  1035072    129568  44206824  0.001  0.000    1.980    6.550    0    0  (Gen:  0)
  1121456     88832  44260392  0.000  0.000    1.981    6.551    0    0  (Gen:  0)
  1758576     45704  44283952  0.000  0.000    1.983    6.553    0    0  (Gen:  0)
  1086576     49968  44310592  0.000  0.000    1.984    6.554    0    0  (Gen:  0)
  1280056     87120  44358104  0.001  0.000    1.986    6.555    0    0  (Gen:  0)
  1137288     88576  44413216  0.001  0.000    1.988    6.556    0    0  (Gen:  0)
  3474264     88384  44791728  0.000  0.000    1.991    6.559    0    0  (Gen:  0)
  1038056    117976  44829696  0.001  0.000    1.992    6.559    0    0  (Gen:  0)
  1109160     83824  44932312  0.001  0.000    1.993    6.560    0    0  (Gen:  0)
  1032888    113112  45008392  0.001  0.000    1.994    6.560    0    0  (Gen:  0)
  1103960    143112  45131952  0.001  0.000    1.996    6.561    0    0  (Gen:  0)
  1034816    126224  45187296  0.001  0.000    1.997    6.562    0    0  (Gen:  0)
  1035456    133048  45254832  0.001  0.000    1.998    6.562    0    0  (Gen:  0)
  2524944    136816  45356016  0.001  0.000    2.001    6.565    0    0  (Gen:  0)
  1153056     97336  45392120  0.000  0.000    2.003    6.566    0    0  (Gen:  0)
  1069536     58856  45403296  0.000  0.000    2.004    6.567    0    0  (Gen:  0)
  1236968     51440  45461992  0.000  0.000    2.006    6.569    0    0  (Gen:  0)
  1155016     60664  45506200  0.000  0.000    2.007    6.570    0    0  (Gen:  0)
  1038784     97144  45519648  0.001  0.000    2.009    6.571    0    0  (Gen:  0)
  2265848     92104  45653560  0.000  0.000    2.011    6.573    0    0  (Gen:  0)
  1273760     54216  45685680  0.000  0.000    2.012    6.574    0    0  (Gen:  0)
  1036072     72224  45731192  0.001  0.000    2.013    6.574    0    0  (Gen:  0)
  1035088    121928  45794512  0.001  0.000    2.015    6.575    0    0  (Gen:  0)
  1035568    127320  45851592  0.001  0.000    2.016    6.576    0    0  (Gen:  0)
  1032688    129664  45917768  0.001  0.000    2.018    6.577    0    0  (Gen:  0)
  1070464    132808  46011536  0.001  0.000    2.019    6.577    0    0  (Gen:  0)
  1035392    114696  46060480  0.001  0.000    2.020    6.578    0    0  (Gen:  0)
  1035512    120576  46127784  0.001  0.000    2.022    6.579    0    0  (Gen:  0)
  1072176    106240  46194960  0.001  0.000    2.024    6.580    0    0  (Gen:  0)
  1038904     76832  46231384  0.001  0.000    2.025    6.580    0    0  (Gen:  0)
  1242192     94224  46352576  0.000  0.000    2.027    6.582    0    0  (Gen:  0)
  1097624     39768  46349224  0.000  0.000    2.028    6.583    0    0  (Gen:  0)
  1040088     36480  46362144  0.000  0.000    2.029    6.584    0    0  (Gen:  0)
  1034704     94008  46430168  0.001  0.000    2.030    6.585    0    0  (Gen:  0)
  1036032    158712  46515336  0.001  0.000    2.032    6.585    0    0  (Gen:  0)
  1032864    165744  46590864  0.001  0.000    2.033    6.586    0    0  (Gen:  0)
  1034240    154544  46665024  0.001  0.000    2.035    6.587    0    0  (Gen:  0)
  2219944    145656  46772432  0.001  0.000    2.038    6.589    0    0  (Gen:  0)
  1122072     85072  46833568  0.000  0.000    2.039    6.590    0    0  (Gen:  0)
  1035160    103768  46914744  0.001  0.000    2.041    6.591    0    0  (Gen:  0)
  1035056    174776  47004008  0.001  0.000    2.042    6.592    0    0  (Gen:  0)
  1035816    180960  47091240  0.001  0.000    2.044    6.593    0    0  (Gen:  0)
  1034008    164680  47162784  0.001  0.000    2.046    6.594    0    0  (Gen:  0)
  1777968    139384  47263032  0.001  0.000    2.048    6.595    0    0  (Gen:  0)
  1208656     76112  47331264  0.000  0.000    2.050    6.597    0    0  (Gen:  0)
  1040976     17992  47322504  0.000  0.000    2.051    6.598    0    0  (Gen:  0)
  1035256     43064  47360128  0.000  0.000    2.052    6.598    0    0  (Gen:  0)
  1035016     83176  47401872  0.001  0.000    2.053    6.599    0    0  (Gen:  0)
  1034544     93744  47450088  0.001  0.000    2.054    6.599    0    0  (Gen:  0)
  1035352    113920  47506136  0.001  0.000    2.055    6.600    0    0  (Gen:  0)
  1068008    113936  47592776  0.001  0.000    2.056    6.600    0    0  (Gen:  0)
  1035520    117184  47652296  0.001  0.000    2.058    6.601    0    0  (Gen:  0)
  1036112    122768  47711216  0.001  0.000    2.059    6.602    0    0  (Gen:  0)
  1035152    119208  47766584  0.001  0.000    2.060    6.602    0    0  (Gen:  0)
  1033816    123472  47830680  0.001  0.000    2.062    6.603    0    0  (Gen:  0)
  1035944    128304  47890632  0.001  0.000    2.063    6.604    0    0  (Gen:  0)
  1034432    144680  47967016  0.001  0.000    2.065    6.605    0    0  (Gen:  0)
  1036024    136560  48027376  0.001  0.000    2.066    6.606    0    0  (Gen:  0)
  1070680     93888  48091440  0.000  0.000    2.067    6.606    0    0  (Gen:  0)
  2527336     98248  48225784  0.000  0.000    2.070    6.609    0    0  (Gen:  0)
  1036304    125880  48278920  0.001  0.000    2.072    6.610    0    0  (Gen:  0)
  1070520    143296  48388960  0.001  0.000    2.073    6.611    0    0  (Gen:  0)
  1483944    123824  48461176  0.001  0.000    2.075    6.612    0    0  (Gen:  0)
  1336984     65616  48518088  0.000  0.000    2.076    6.613    0    0  (Gen:  0)
  1082472     59592  48556392  0.000  0.000    2.078    6.614    0    0  (Gen:  0)
  1034944    109816  48620608  0.001  0.000    2.079    6.615    0    0  (Gen:  0)
  1072288    102912  48682112  0.000  0.000    2.081    6.616    0    0  (Gen:  0)
  1509552     48352  48699256  0.000  0.000    2.082    6.618    0    0  (Gen:  0)
  1236240     35232  48753944  0.000  0.000    2.084    6.619    0    0  (Gen:  0)
  2624408     56864  48790328  0.000  0.000    2.086    6.621    0    0  (Gen:  0)
  1147184     68240  48823344  0.000  0.000    2.087    6.622    0    0  (Gen:  0)
  1073008     64936  48882216  0.000  0.000    2.088    6.623    0    0  (Gen:  0)
  1033976    102488  48945200  0.001  0.000    2.089    6.623    0    0  (Gen:  0)
  1034240    138664  49016736  0.001  0.000    2.091    6.624    0    0  (Gen:  0)
  1290616     99168  49070232  0.001  0.000    2.093    6.625    0    0  (Gen:  0)
  1260464     45592  49129136  0.000  0.000    2.094    6.627    0    0  (Gen:  0)
  1232048     79240  49197576  0.001  0.000    2.096    6.628    0    0  (Gen:  0)
  1039184    106448  49233912  0.001  0.000    2.097    6.629    0    0  (Gen:  0)
  1037656     90424  49274456  0.001  0.000    2.098    6.630    0    0  (Gen:  0)
  1038480     88104  49317480  0.001  0.000    2.100    6.630    0    0  (Gen:  0)
  1038712     88832  49358800  0.001  0.000    2.101    6.631    0    0  (Gen:  0)
  1102528     88784  49435008  0.000  0.000    2.102    6.632    0    0  (Gen:  0)
  1039152     88416  49475120  0.000  0.000    2.103    6.633    0    0  (Gen:  0)
  1037336     90760  49521448  0.000  0.000    2.105    6.633    0    0  (Gen:  0)
  1038152     96400  49567272  0.001  0.000    2.106    6.634    0    0  (Gen:  0)
  1036472    108032  49620104  0.001  0.000    2.107    6.635    0    0  (Gen:  0)
  1037024    109640  49672528  0.001  0.000    2.109    6.636    0    0  (Gen:  0)
  1108616    114600  49762128  0.001  0.000    2.110    6.637    0    0  (Gen:  0)
  1035856    113328  49813312  0.001  0.000    2.111    6.637    0    0  (Gen:  0)
  1036136    109464  49866624  0.001  0.000    2.113    6.638    0    0  (Gen:  0)
  1038648    106584  49915528  0.001  0.000    2.114    6.639    0    0  (Gen:  0)
  1036728    103840  49966456  0.001  0.000    2.115    6.640    0    0  (Gen:  0)
  1068224    113032  50055872  0.001  0.000    2.117    6.640    0    0  (Gen:  0)
  1037816    107504  50102584  0.000  0.000    2.118    6.641    0    0  (Gen:  0)
  1909672    103792  50150440  0.001  0.000    2.121    6.643    0    0  (Gen:  0)
  1129760     71000  50217568  0.000  0.000    2.122    6.645    0    0  (Gen:  0)
  1036344     81952  50265016  0.001  0.000    2.123    6.645    0    0  (Gen:  0)
  1037112    117168  50321504  0.001  0.000    2.124    6.646    0    0  (Gen:  0)
  1076640    113848  50406696  0.001  0.000    2.126    6.647    0    0  (Gen:  0)
  1034680    119856  50469400  0.001  0.000    2.127    6.648    0    0  (Gen:  0)
  1035944    129328  50531464  0.001  0.000    2.129    6.649    0    0  (Gen:  0)
  1071280    107240  50604440  0.001  0.000    2.131    6.650    0    0  (Gen:  0)
  2457272     89088  50672352  0.000  0.000    2.133    6.652    0    0  (Gen:  0)
  1068344    111952  50754464  0.001  0.000    2.134    6.653    0    0  (Gen:  0)
  1037080    124088  50816360  0.001  0.000    2.136    6.654    0    0  (Gen:  0)
  1036152    120832  50871240  0.001  0.000    2.138    6.655    0    0  (Gen:  0)
  1036040    118256  50930416  0.001  0.000    2.139    6.655    0    0  (Gen:  0)
  1300976    122536  50989688  0.001  0.000    2.140    6.656    0    0  (Gen:  0)
  1035984    118936  51044552  0.001  0.000    2.142    6.657    0    0  (Gen:  0)
  1071408    116976  51135112  0.001  0.000    2.143    6.658    0    0  (Gen:  0)
  1035784    119984  51192632  0.001  0.000    2.145    6.659    0    0  (Gen:  0)
  1035480    120984  51251384  0.001  0.000    2.146    6.659    0    0  (Gen:  0)
  1034720    126960  51314912  0.001  0.000    2.148    6.660    0    0  (Gen:  0)
  1069968    117272  51394568  0.001  0.000    2.149    6.661    0    0  (Gen:  0)
  3407064    135752  51486984  0.000  0.000    2.153    6.665    0    0  (Gen:  0)
  1118176    136312  51571712  0.000  0.000    2.154    6.666    0    0  (Gen:  0)
  2209064     84528  51601152  0.000  0.000    2.157    6.668    0    0  (Gen:  0)
  1137344     65848  51638616  0.000  0.000    2.158    6.669    0    0  (Gen:  0)
  1830296     55088  51700984  0.000  0.000    2.160    6.671    0    0  (Gen:  0)
  1366080     39312  51884600  0.000  0.000    2.162    6.703    0    0  (Gen:  0)
  1041176     11568  51838888  0.000  0.000    2.162    6.704    0    0  (Gen:  0)
  1037904      6488  51841120  0.000  0.000    2.163    6.704    0    0  (Gen:  0)
  1039120      9368  51849344  0.000  0.000    2.164    6.705    0    0  (Gen:  0)
  1038648      5616  51849416  0.000  0.000    2.164    6.705    0    0  (Gen:  0)
  1037760     17024  51862504  0.000  0.000    2.165    6.706    0    0  (Gen:  0)
  1033408     73272  51919016  0.000  0.000    2.166    6.706    0    0  (Gen:  0)
  1035328    128200  51982472  0.001  0.000    2.167    6.707    0    0  (Gen:  0)
  1034696    129192  52043416  0.001  0.000    2.169    6.708    0    0  (Gen:  0)
  1095240    140776  52151632  0.001  0.000    2.170    6.709    0    0  (Gen:  0)
  1034336    148520  52216488  0.001  0.000    2.172    6.709    0    0  (Gen:  0)
  1034696    147080  52293160  0.001  0.000    2.173    6.710    0    0  (Gen:  0)
  1034672    151752  52363320  0.001  0.000    2.174    6.711    0    0  (Gen:  0)
  1035568    145728  52434000  0.001  0.000    2.176    6.712    0    0  (Gen:  0)
  1035152    152824  52511144  0.001  0.000    2.178    6.713    0    0  (Gen:  0)
  1034336    167160  52596792  0.001  0.000    2.180    6.714    0    0  (Gen:  0)
  1089648    174072  52714184  0.001  0.000    2.181    6.714    0    0  (Gen:  0)
  1034728    175112  52799768  0.001  0.000    2.183    6.715    0    0  (Gen:  0)
  1069784    137352  52874776  0.001  0.000    2.185    6.716    0    0  (Gen:  0)
  1069504     64032  52863576  0.000  0.000    2.186    6.717    0    0  (Gen:  0)
  1114848     38336  52947080  0.000  0.000    2.187    6.718    0    0  (Gen:  0)
  2627792     49688  52998984  0.000  0.000    2.190    6.721    0    0  (Gen:  0)
  1072560     58912  53048416  0.000  0.000    2.191    6.722    0    0  (Gen:  0)
  1034808     84792  53103552  0.001  0.000    2.192    6.722    0    0  (Gen:  0)
  1036608    107024  53151456  0.001  0.000    2.194    6.723    0    0  (Gen:  0)
  1038336    102024  53200536  0.001  0.000    2.195    6.724    0    0  (Gen:  0)
  1036960     98104  53244808  0.001  0.000    2.196    6.725    0    0  (Gen:  0)
  1037024     87752  53283672  0.001  0.000    2.198    6.725    0    0  (Gen:  0)
  1036288     90720  53325256  0.001  0.000    2.199    6.726    0    0  (Gen:  0)
  1072544     92352  53399184  0.001  0.000    2.200    6.727    0    0  (Gen:  0)
  1037840     88488  53440112  0.001  0.000    2.202    6.728    0    0  (Gen:  0)
  1037920     89136  53480072  0.001  0.000    2.203    6.728    0    0  (Gen:  0)
  1039088     91376  53521360  0.001  0.000    2.204    6.729    0    0  (Gen:  0)
  1033152    114528  53592808  0.001  0.000    2.206    6.730    0    0  (Gen:  0)
  2100256    130272  53680560  0.001  0.000    2.208    6.732    0    0  (Gen:  0)
  1171368     88816  53709896  0.001  0.000    2.210    6.733    0    0  (Gen:  0)
  1994360     64328  53740640  0.000  0.000    2.212    6.735    0    0  (Gen:  0)
  1342672     55504  53753072  0.000  0.000    2.213    6.736    0    0  (Gen:  0)
  2915888     84872  53824440  0.000  0.000    2.216    6.739    0    0  (Gen:  0)
  1133272     65280  53840144  0.000  0.000    2.217    6.740    0    0  (Gen:  0)
  1396904     42912  53864400  0.000  0.000    2.218    6.741    0    0  (Gen:  0)
  1273248     40992  53882336  0.000  0.000    2.220    6.742    0    0  (Gen:  0)
  2110696     59616  53933392  0.000  0.000    2.222    6.744    0    0  (Gen:  0)
  2634104     71984  53979512  0.000  0.000    2.224    6.746    0    0  (Gen:  0)
  3614568     96848  54082800  0.000  0.000    2.227    6.749    0    0  (Gen:  0)
  2969464     89408  54138776  0.000  0.000    2.230    6.752    0    0  (Gen:  0)
  3060032     89928  54227848  0.000  0.000    2.233    6.754    0    0  (Gen:  0)
  2835296     94728  54294096  0.000  0.000    2.235    6.757    0    0  (Gen:  0)
  2853384     76128  54336944  0.000  0.000    2.238    6.759    0    0  (Gen:  0)
  2033376     65880  54376104  0.000  0.000    2.240    6.761    0    0  (Gen:  0)
  3526088     88808  54579424  0.000  0.000    2.243    6.764    0    0  (Gen:  0)
  3820312    112064  54656280  0.000  0.000    2.247    6.767    0    0  (Gen:  0)
  2506040     93984  54731160  0.000  0.000    2.249    6.769    0    0  (Gen:  0)
  1865864    102528  54841392  0.001  0.000    2.251    6.771    0    0  (Gen:  0)
  3287120     83776  54894184  0.000  0.000    2.254    6.774    0    0  (Gen:  0)
  1804368    100928  54967368  0.000  0.000    2.256    6.776    0    0  (Gen:  0)
  1303256     74848  55031088  0.000  0.000    2.257    6.777    0    0  (Gen:  0)
  1036280    124048  55093120  0.001  0.000    2.259    6.778    0    0  (Gen:  0)
  1034976    140072  55157960  0.001  0.000    2.261    6.778    0    0  (Gen:  0)
  1034664    144912  55232296  0.001  0.000    2.262    6.779    0    0  (Gen:  0)
  1033944    162296  55315808  0.001  0.000    2.264    6.780    0    0  (Gen:  0)
  1036400    169904  55398264  0.001  0.000    2.266    6.781    0    0  (Gen:  0)
  1038544    147632  55459080  0.001  0.000    2.267    6.782    0    0  (Gen:  0)
  1039952     98144  55492136  0.000  0.000    2.268    6.783    0    0  (Gen:  0)
  1070320     43856  55529552  0.000  0.000    2.270    6.784    0    0  (Gen:  0)
  3780648     77264  55632032  0.000  0.000    2.273    6.787    0    0  (Gen:  0)
  1103376     88792  55648608  0.000  0.000    2.274    6.788    0    0  (Gen:  0)
  2514728     95824  55721600  0.001  0.000    2.277    6.791    0    0  (Gen:  0)
  1090984     53888  55755048  0.000  0.000    2.278    6.792    0    0  (Gen:  0)
  1038872     63928  55785344  0.001  0.000    2.279    6.792    0    0  (Gen:  0)
  1038104     93272  55834784  0.001  0.000    2.281    6.793    0    0  (Gen:  0)
  2217752     81992  55917576  0.000  0.000    2.283    6.796    0    0  (Gen:  0)
  1035928     76016  55945952  0.001  0.000    2.285    6.796    0    0  (Gen:  0)
  1034456    105360  56008552  0.001  0.000    2.286    6.797    0    0  (Gen:  0)
  1034384    138568  56077920  0.001  0.000    2.288    6.798    0    0  (Gen:  0)
  1034288    139768  56143336  0.001  0.000    2.289    6.799    0    0  (Gen:  0)
  1036360    130648  56202976  0.001  0.000    2.291    6.799    0    0  (Gen:  0)
  1071640    113456  56281480  0.001  0.000    2.292    6.800    0    0  (Gen:  0)
  1032728     58104  56286512  0.000  0.000    2.294    6.801    0    0  (Gen:  0)
  1846936     55480  56375544  0.000  0.000    2.296    6.803    0    0  (Gen:  0)
  1036096    120096  56443544  0.001  0.000    2.297    6.804    0    0  (Gen:  0)
  1032424    151864  56514296  0.001  0.000    2.299    6.805    0    0  (Gen:  0)
  3400704    198680  56686536  0.001  0.000    2.303    6.808    0    0  (Gen:  0)
  1033152    151680  56708792  0.001  0.000    2.305    6.809    0    0  (Gen:  0)
  1032760     69176  56749584  0.001  0.000    2.306    6.810    0    0  (Gen:  0)
  1107200     79888  56814024  0.000  0.000    2.307    6.811    0    0  (Gen:  0)
  1106768     43136  56823448  0.000  0.000    2.309    6.812    0    0  (Gen:  0)
  1132368     79096  56891664  0.001  0.000    2.310    6.813    0    0  (Gen:  0)
  2029664    137216  56948848  0.001  0.000    2.312    6.815    0    0  (Gen:  0)
  1616928     90856  56972152  0.000  0.000    2.314    6.816    0    0  (Gen:  0)
  1093320     30336  56986576  0.000  0.000    2.315    6.817    0    0  (Gen:  0)
  1037792     38168  57005496  0.000  0.000    2.316    6.818    0    0  (Gen:  0)
  1035800     72112  57045976  0.001  0.000    2.317    6.818    0    0  (Gen:  0)
  1036928     89896  57088568  0.001  0.000    2.318    6.819    0    0  (Gen:  0)
  1816128    101224  57173048  0.001  0.000    2.320    6.820    0    0  (Gen:  0)
  1265720     75248  57198784  0.000  0.000    2.321    6.822    0    0  (Gen:  0)
  1132776     49112  57242520  0.000  0.000    2.323    6.823    0    0  (Gen:  0)
  1107024     90192  57358040  0.001  0.000    2.324    6.823    0    0  (Gen:  0)
  1036072    123048  57418512  0.001  0.000    2.325    6.824    0    0  (Gen:  0)
  1034768    127872  57481264  0.001  0.000    2.327    6.825    0    0  (Gen:  0)
  1034648    132432  57547016  0.001  0.000    2.328    6.826    0    0  (Gen:  0)
  1034248    125448  57602192  0.001  0.000    2.329    6.826    0    0  (Gen:  0)
  1034800    139984  57685568  0.001  0.000    2.331    6.827    0    0  (Gen:  0)
  2044056    169088  57804040  0.001  0.000    2.334    6.829    0    0  (Gen:  0)
  1956744    105376  57821872  0.000  0.000    2.336    6.831    0    0  (Gen:  0)
  1167104     63656  57874928  0.000  0.000    2.337    6.832    0    0  (Gen:  0)
  1036472     91968  57914712  0.001  0.000    2.338    6.832    0    0  (Gen:  0)
  1034288    117912  57980104  0.001  0.000    2.340    6.833    0    0  (Gen:  0)
  1035336    128272  58036368  0.001  0.000    2.341    6.834    0    0  (Gen:  0)
  1207784    129168  58266216  0.001  0.000    2.343    6.834    0    0  (Gen:  0)
  1032152    139408  58334896  0.001  0.000    2.344    6.835    0    0  (Gen:  0)
  1206480    141768  58534728  0.001  0.000    2.346    6.836    0    0  (Gen:  0)
  1139200    127808  58686552  0.001  0.000    2.348    6.837    0    0  (Gen:  0)
  3264184    106696  58986552  0.000  0.000    2.351    6.840    0    0  (Gen:  0)
  1981512     82040  60035264  0.000  0.000    2.353    6.850    0    0  (Gen:  0)
  1397616     33240  61081240  0.000  0.000    2.355    6.863    0    0  (Gen:  0)
  2026560     24776  62030784  0.000  0.000    2.356    6.874    0    0  (Gen:  0)
  1073816     15744  62056304  0.000  0.000    2.357    6.874    0    0  (Gen:  0)
  1040120     12672  62064072  0.000  0.000    2.358    6.875    0    0  (Gen:  0)
  1039856      5864  62061976  0.000  0.000    2.358    6.875    0    0  (Gen:  0)
  1069224      5392  62099936  0.000  0.000    2.359    6.876    0    0  (Gen:  0)
  1071432     29896  62157584  0.000  0.000    2.359    6.876    0    0  (Gen:  0)
  1035128     87040  62215896  0.000  0.000    2.360    6.877    0    0  (Gen:  0)
  1032520    132872  62285440  0.001  0.000    2.362    6.878    0    0  (Gen:  0)
  1035120    140248  62351728  0.001  0.000    2.363    6.878    0    0  (Gen:  0)
  1932344    156960  62466192  0.001  0.000    2.366    6.880    0    0  (Gen:  0)
  1609776     78312  62485600  0.000  0.000    2.368    6.882    0    0  (Gen:  0)
  1184856     76792  62548544  0.001  0.000    2.370    6.883    0    0  (Gen:  0)
  1038280    133752  62617000  0.001  0.000    2.371    6.884    0    0  (Gen:  0)
  1105760    138392  62737424  0.001  0.000    2.373    6.885    0    0  (Gen:  0)
  1034000    134232  62816032  0.001  0.000    2.374    6.886    0    0  (Gen:  0)
  1213600    176064  63075320  0.001  0.000    2.376    6.887    0    0  (Gen:  0)
  1034608    174128  63149432  0.001  0.000    2.378    6.888    0    0  (Gen:  0)
  1178864    110168  63303792  0.000  0.000    2.380    6.889    0    0  (Gen:  0)
  2006464     46816  63460504  0.000  0.000    2.382    6.891    0    0  (Gen:  0)
  1038944     69232  63493912  0.000  0.000    2.383    6.892    0    0  (Gen:  0)
  1070968     84544  63568888  0.000  0.000    2.384    6.892    0    0  (Gen:  0)
  1479480     82464  63599840  0.000  0.000    2.386    6.894    0    0  (Gen:  0)
  1127552     44296  63654312  0.000  0.000    2.387    6.895    0    0  (Gen:  0)
  1034432     90968  63716128  0.001  0.000    2.389    6.896    0    0  (Gen:  0)
  1034664    135072  63774616  0.001  0.000    2.390    6.897    0    0  (Gen:  0)
  1029688    137232  63849064  0.001  0.000    2.392    6.897    0    0  (Gen:  0)
  1072480     99048  63900264  0.000  0.000    2.393    6.898    0    0  (Gen:  0)
  2831920     55512  63958024  0.000  0.000    2.395    6.901    0    0  (Gen:  0)
  1036472     92776  64000656  0.000  0.000    2.396    6.901    0    0  (Gen:  0)
  1035440    118960  64060080  0.001  0.000    2.398    6.902    0    0  (Gen:  0)
  1073824    125536  64153352  0.001  0.000    2.399    6.903    0    0  (Gen:  0)
  1100296     87248  64206784  0.000  0.000    2.401    6.904    0    0  (Gen:  0)
  1071728     45368  64190888  0.000  0.000    2.402    6.905    0    0  (Gen:  0)
  1138144     39232  64239480  0.000  0.000    2.403    6.906    0    0  (Gen:  0)
  2078536     46880  64336896  0.000  0.000    2.406    6.908    0    0  (Gen:  0)
  1041280     31328  64328416  0.000  0.000    2.406    6.908    0    0  (Gen:  0)
  1034272     46560  64369296  0.000  0.000    2.407    6.909    0    0  (Gen:  0)
  1035456     95576  64419856  0.001  0.000    2.408    6.910    0    0  (Gen:  0)
  1035040    118752  64483440  0.001  0.000    2.410    6.910    0    0  (Gen:  0)
  1035864    126568  64540024  0.001  0.000    2.411    6.911    0    0  (Gen:  0)
  1033288    120424  64600824  0.001  0.000    2.412    6.912    0    0  (Gen:  0)
  1102912    131032  64700928  0.001  0.000    2.414    6.913    0    0  (Gen:  0)
  1034264    139888  64767184  0.001  0.000    2.415    6.913    0    0  (Gen:  0)
  1035640    128328  64824696  0.001  0.000    2.417    6.914    0    0  (Gen:  0)
  1036312    128968  64883552  0.001  0.000    2.418    6.915    0    0  (Gen:  0)
  1035256    119736  64938496  0.001  0.000    2.419    6.915    0    0  (Gen:  0)
  1036824    114616  64992032  0.001  0.000    2.421    6.916    0    0  (Gen:  0)
  1070336    117640  65085696  0.001  0.000    2.422    6.917    0    0  (Gen:  0)
  1035568    129000  65150080  0.001  0.000    2.424    6.918    0    0  (Gen:  0)
  1036320    128984  65210088  0.001  0.000    2.425    6.918    0    0  (Gen:  0)
  1035032    126840  65267248  0.001  0.000    2.427    6.919    0    0  (Gen:  0)
  1036480    123336  65327088  0.001  0.000    2.428    6.920    0    0  (Gen:  0)
  1071088     98368  65393600  0.001  0.000    2.430    6.921    0    0  (Gen:  0)
  1038424     57488  65411504  0.000  0.000    2.431    6.922    0    0  (Gen:  0)
  1141000     38352  65491128  0.000  0.000    2.432    6.922    0    0  (Gen:  0)
  3063984     79024  65554584  0.000  0.000    2.435    6.925    0    0  (Gen:  0)
  1071088     82744  65540952  0.000  0.000    2.436    6.926    0    0  (Gen:  0)
  1037984    134624  65657632  0.001  0.000    2.438    6.927    0    0  (Gen:  0)
  1744816     61960  65753272  0.000  0.000    2.440    6.929    0    0  (Gen:  0)
  1086736     40120  65810296  0.000  0.000    2.441    6.930    0    0  (Gen:  0)
  1036568     84392  65870632  0.001  0.000    2.442    6.930    0    0  (Gen:  0)
  1065608    150480  65981464  0.001  0.000    2.443    6.931    0    0  (Gen:  0)
  2918800    118432  66062368  0.001  0.000    2.447    6.934    0    0  (Gen:  0)
  1037864     82440  66091352  0.000  0.000    2.448    6.935    0    0  (Gen:  0)
  2036352    100040  66181176  0.001  0.000    2.450    6.937    0    0  (Gen:  0)
  1194872     87512  66207056  0.000  0.000    2.452    6.938    0    0  (Gen:  0)
  1161024     56448  66324280  0.000  0.000    2.453    6.939    0    0  (Gen:  0)
  1033616    105488  66382016  0.001  0.000    2.454    6.940    0    0  (Gen:  0)
  1033504    134384  66445808  0.001  0.000    2.456    6.941    0    0  (Gen:  0)
  1035104    124296  66501432  0.001  0.000    2.458    6.941    0    0  (Gen:  0)
  1033952    124488  66563160  0.001  0.000    2.459    6.942    0    0  (Gen:  0)
  1034784    131584  66625864  0.001  0.000    2.460    6.943    0    0  (Gen:  0)
  1034336    135400  66692312  0.001  0.000    2.462    6.944    0    0  (Gen:  0)
  1032504    133136  66758072  0.001  0.000    2.464    6.944    0    0  (Gen:  0)
  1821576    149296  66838080  0.001  0.000    2.466    6.946    0    0  (Gen:  0)
  1038456    112056  66864048  0.001  0.000    2.467    6.947    0    0  (Gen:  0)
  1037144     32384  66867872  0.000  0.000    2.468    6.947    0    0  (Gen:  0)
  1243072     30152  66954128  0.000  0.000    2.470    6.949    0    0  (Gen:  0)
  1116728     56496  66995288  0.000  0.000    2.471    6.950    0    0  (Gen:  0)
  1036832     97320  67011392  0.001  0.000    2.473    6.951    0    0  (Gen:  0)
  2355368     91648  67081520  0.000  0.000    2.475    6.953    0    0  (Gen:  0)
  1036336     85136  67123832  0.001  0.000    2.476    6.954    0    0  (Gen:  0)
  1031352    140048  67208800  0.001  0.000    2.478    6.955    0    0  (Gen:  0)
  2981368    181328  67364296  0.001  0.000    2.481    6.958    0    0  (Gen:  0)
  1063880    102728  67372448  0.001  0.000    2.483    6.959    0    0  (Gen:  0)
  1587352     17160  67486296  0.000  0.000    2.484    6.990    0    0  (Gen:  0)
  1040888      8680  67450704  0.000  0.000    2.485    6.991    0    0  (Gen:  0)
  1039144     10088  67455312  0.000  0.000    2.486    6.991    0    0  (Gen:  0)
  1037088      9000  67462704  0.000  0.000    2.486    6.992    0    0  (Gen:  0)
  1038984      4672  67459960  0.000  0.000    2.487    6.992    0    0  (Gen:  0)
  1038208     17648  67473336  0.000  0.000    2.487    6.993    0    0  (Gen:  0)
  1034888     66920  67522976  0.000  0.000    2.488    6.993    0    0  (Gen:  0)
  1033840    135136  67599576  0.001  0.000    2.489    6.994    0    0  (Gen:  0)
  1070768    131352  67681808  0.001  0.000    2.491    6.995    0    0  (Gen:  0)
  1035936    120568  67745080  0.001  0.000    2.492    6.995    0    0  (Gen:  0)
  1033000    126400  67803120  0.001  0.000    2.493    6.996    0    0  (Gen:  0)
  1035000    127040  67866184  0.001  0.000    2.495    6.997    0    0  (Gen:  0)
  1032496    135176  67938288  0.001  0.000    2.496    6.997    0    0  (Gen:  0)
  1035824    122560  67986784  0.000  0.000    2.497    6.998    0    0  (Gen:  0)
  1035176    120680  68053520  0.000  0.000    2.498    6.999    0    0  (Gen:  0)
  1070048    139296  68151136  0.001  0.000    2.499    7.000    0    0  (Gen:  0)
  1034584    140184  68222160  0.001  0.000    2.501    7.001    0    0  (Gen:  0)
  2044552    149096  68295808  0.001  0.000    2.504    7.003    0    0  (Gen:  0)
  2108280     96144  68357864  0.000  0.000    2.506    7.005    0    0  (Gen:  0)
  1197328     52344  68455472  0.000  0.000    2.507    7.006    0    0  (Gen:  0)
  2284272     65512  68600528  0.000  0.000    2.510    7.008    0    0  (Gen:  0)
  1036184     72832  68628136  0.000  0.000    2.511    7.009    0    0  (Gen:  0)
  1035976    119152  68710000  0.001  0.000    2.512    7.009    0    0  (Gen:  0)
  1033472    174304  68798576  0.001  0.000    2.514    7.010    0    0  (Gen:  0)
  1033120    160384  68863632  0.001  0.000    2.515    7.011    0    0  (Gen:  0)
  1032328    164176  68955688  0.001  0.000    2.517    7.012    0    0  (Gen:  0)
  1035296    177656  69036072  0.001  0.000    2.519    7.013    0    0  (Gen:  0)
  1034152    177216  69120976  0.001  0.000    2.521    7.014    0    0  (Gen:  0)
  1033376    186576  69214288  0.001  0.000    2.522    7.015    0    0  (Gen:  0)
  2048496    174368  69289792  0.001  0.000    2.525    7.016    0    0  (Gen:  0)
  1285168    105472  69347072  0.000  0.000    2.527    7.018    0    0  (Gen:  0)
  3151952     76040  69402088  0.000  0.000    2.530    7.020    0    0  (Gen:  0)
  1342056     77880  69431264  0.000  0.000    2.531    7.022    0    0  (Gen:  0)
  1314840     53872  69539208  0.000  0.000    2.533    7.023    0    0  (Gen:  0)
  1038992     65504  69561632  0.000  0.000    2.534    7.024    0    0  (Gen:  0)
  1032736    100824  69626256  0.001  0.000    2.535    7.024    0    0  (Gen:  0)
  3156624    156696  70010920  0.001  0.000    2.538    7.027    0    0  (Gen:  0)
  1231520    130576  70126760  0.001  0.000    2.540    7.028    0    0  (Gen:  0)
  1123200     89192  70188840  0.001  0.000    2.542    7.029    0    0  (Gen:  0)
  2117136     62656  70216392  0.000  0.000    2.544    7.032    0    0  (Gen:  0)
  1033336     77880  70256088  0.001  0.000    2.545    7.033    0    0  (Gen:  0)
  1107560     87816  70355800  0.000  0.000    2.547    7.033    0    0  (Gen:  0)
  1649944     57496  70376776  0.000  0.000    2.548    7.035    0    0  (Gen:  0)
  1100416     36568  70405480  0.000  0.000    2.550    7.036    0    0  (Gen:  0)
  1035376     60240  70444344  0.000  0.000    2.550    7.037    0    0  (Gen:  0)
  1037384     69168  70463736  0.000  0.000    2.551    7.037    0    0  (Gen:  0)
  1070688     58968  70531800  0.000  0.000    2.552    7.038    0    0  (Gen:  0)
  1036784     93792  70582160  0.000  0.000    2.553    7.038    0    0  (Gen:  0)
  1036864    111656  70639504  0.001  0.000    2.554    7.039    0    0  (Gen:  0)
  1037400    116152  70692008  0.001  0.000    2.556    7.040    0    0  (Gen:  0)
  1035152    120776  70754512  0.001  0.000    2.557    7.040    0    0  (Gen:  0)
  1696880    153992  70874848  0.001  0.000    2.559    7.041    0    0  (Gen:  0)
  1658056    109920  70895536  0.000  0.000    2.561    7.044    0    0  (Gen:  0)
  1141376     59912  70933936  0.000  0.000    2.562    7.045    0    0  (Gen:  0)
  2419504     74752  71009792  0.000  0.000    2.565    7.047    0    0  (Gen:  0)
  1041120     50328  71008224  0.000  0.000    2.566    7.048    0    0  (Gen:  0)
  1035408     47024  71042848  0.000  0.000    2.567    7.048    0    0  (Gen:  0)
  1035912     91256  71092896  0.001  0.000    2.568    7.049    0    0  (Gen:  0)
  1034608    115432  71154040  0.001  0.000    2.570    7.050    0    0  (Gen:  0)
  1069592    123384  71242224  0.001  0.000    2.571    7.050    0    0  (Gen:  0)
  1037112    117256  71299088  0.001  0.000    2.572    7.051    0    0  (Gen:  0)
  1070752    100056  71370880  0.000  0.000    2.574    7.052    0    0  (Gen:  0)
  1103896     63552  71426824  0.000  0.000    2.575    7.053    0    0  (Gen:  0)
  1039344     31696  71399432  0.000  0.000    2.576    7.054    0    0  (Gen:  0)
  2077480     37368  71559288  0.000  0.000    2.578    7.056    0    0  (Gen:  0)
  1223360     77896  71663168  0.000  0.000    2.579    7.061    0    0  (Gen:  0)
  1160488     18168  71637784  0.000  0.000    2.580    7.090    0    0  (Gen:  0)
  1039480      6712  71631296  0.000  0.000    2.581    7.090    0    0  (Gen:  0)
  1040280      7552  71634672  0.000  0.000    2.582    7.091    0    0  (Gen:  0)
  1038328      7432  71637216  0.000  0.000    2.582    7.091    0    0  (Gen:  0)
  1037960      5848  71641968  0.000  0.000    2.583    7.091    0    0  (Gen:  0)
  1039680      4424  71642240  0.000  0.000    2.583    7.092    0    0  (Gen:  0)
  1037840     38024  71680160  0.000  0.000    2.584    7.092    0    0  (Gen:  0)
  1034288     91856  71734320  0.001  0.000    2.585    7.093    0    0  (Gen:  0)
  1033248    122576  71798576  0.001  0.000    2.587    7.094    0    0  (Gen:  0)
  1034416    125928  71858288  0.001  0.000    2.588    7.094    0    0  (Gen:  0)
  1033784    110352  71908560  0.001  0.000    2.589    7.095    0    0  (Gen:  0)
  1034376    122184  71975304  0.001  0.000    2.591    7.096    0    0  (Gen:  0)
  1036304    133424  72037112  0.001  0.000    2.592    7.096    0    0  (Gen:  0)
  1035552    122520  72092000  0.001  0.000    2.593    7.097    0    0  (Gen:  0)
  1036048    115872  72148640  0.001  0.000    2.595    7.098    0    0  (Gen:  0)
  1034112    124064  72209856  0.001  0.000    2.596    7.098    0    0  (Gen:  0)
  1032912    138896  72282560  0.001  0.000    2.598    7.099    0    0  (Gen:  0)
  1033576    143064  72347192  0.001  0.000    2.599    7.100    0    0  (Gen:  0)
  1036424    129456  72407096  0.001  0.000    2.600    7.101    0    0  (Gen:  0)
  1033504    142544  72484296  0.001  0.000    2.602    7.101    0    0  (Gen:  0)
  1035552    140160  72541032  0.001  0.000    2.604    7.102    0    0  (Gen:  0)
  1035664    113088  72596120  0.001  0.000    2.605    7.103    0    0  (Gen:  0)
  1035480    114080  72653720  0.001  0.000    2.606    7.103    0    0  (Gen:  0)
  1035192    115984  72705552  0.001  0.000    2.607    7.104    0    0  (Gen:  0)
  1035712    113544  72761152  0.001  0.000    2.609    7.105    0    0  (Gen:  0)
  1034576    118376  72816712  0.001  0.000    2.610    7.105    0    0  (Gen:  0)
  1034096    118952  72873712  0.001  0.000    2.611    7.106    0    0  (Gen:  0)
  1105360    118832  72994368  0.001  0.000    2.613    7.107    0    0  (Gen:  0)
  1034688    128152  73060760  0.001  0.000    2.614    7.107    0    0  (Gen:  0)
  1071192    135944  73158040  0.001  0.000    2.616    7.108    0    0  (Gen:  0)
  1037480    115072  73203448  0.001  0.000    2.617    7.109    0    0  (Gen:  0)
  1035064     97496  73250312  0.001  0.000    2.618    7.109    0    0  (Gen:  0)
  1033952    112488  73308240  0.001  0.000    2.619    7.110    0    0  (Gen:  0)
  1034648    134840  73381408  0.001  0.000    2.621    7.111    0    0  (Gen:  0)
  1035544    145608  73453344  0.001  0.000    2.622    7.112    0    0  (Gen:  0)
  1034424    144728  73521160  0.001  0.000    2.624    7.112    0    0  (Gen:  0)
  1035024    119904  73569064  0.001  0.000    2.625    7.113    0    0  (Gen:  0)
  1033096    126176  73640592  0.001  0.000    2.627    7.114    0    0  (Gen:  0)
  1035624    132472  73696576  0.001  0.000    2.628    7.115    0    0  (Gen:  0)
  1034248    120776  73757048  0.001  0.000    2.630    7.115    0    0  (Gen:  0)
  1037168    114064  73803856  0.001  0.000    2.631    7.116    0    0  (Gen:  0)
  1035480    117216  73869880  0.001  0.000    2.632    7.117    0    0  (Gen:  0)
  1035744    137248  73934216  0.001  0.000    2.634    7.117    0    0  (Gen:  0)
  1206672    136144  74165528  0.001  0.000    2.635    7.118    0    0  (Gen:  0)
  1036600    123352  74215048  0.001  0.000    2.636    7.119    0    0  (Gen:  0)
  1141488     99936  74357992  0.001  0.000    2.637    7.119    0    0  (Gen:  0)
  1035720    103816  74411416  0.001  0.000    2.639    7.120    0    0  (Gen:  0)
  1139032    112496  74561936  0.001  0.000    2.640    7.120    0    0  (Gen:  0)
  1034672    117296  74620152  0.001  0.000    2.641    7.121    0    0  (Gen:  0)
  1103928    120328  74740128  0.001  0.000    2.643    7.122    0    0  (Gen:  0)
  1032216     82336  74761120  0.001  0.000    2.644    7.122    0    0  (Gen:  0)
  1035664     87976  74824680  0.001  0.000    2.645    7.123    0    0  (Gen:  0)
  1034808    120368  74881880  0.001  0.000    2.646    7.123    0    0  (Gen:  0)
  1034752    124752  74943656  0.001  0.000    2.647    7.124    0    0  (Gen:  0)
  1032000    127288  75004136  0.001  0.000    2.649    7.125    0    0  (Gen:  0)
  1035352    130488  75066592  0.001  0.000    2.650    7.126    0    0  (Gen:  0)
  1034696    128008  75126592  0.001  0.000    2.652    7.126    0    0  (Gen:  0)
  1068744    133232  75223296  0.001  0.000    2.653    7.127    0    0  (Gen:  0)
  1036392    124152  75279160  0.001  0.000    2.655    7.128    0    0  (Gen:  0)
  1034848    121280  75339624  0.001  0.000    2.656    7.128    0    0  (Gen:  0)
  1032840    124504  75393048  0.001  0.000    2.657    7.129    0    0  (Gen:  0)
  1035296    128048  75463944  0.001  0.000    2.659    7.130    0    0  (Gen:  0)
  1036072    153312  75537752  0.001  0.000    2.660    7.131    0    0  (Gen:  0)
  1034120    144136  75599056  0.001  0.000    2.662    7.131    0    0  (Gen:  0)
  1139528    109792  75710792  0.001  0.000    2.663    7.133    0    0  (Gen:  0)
  2484960    117224  75784272  0.000  0.000    2.666    7.135    0    0  (Gen:  0)
  1070232    122096  75824384  0.001  0.000    2.668    7.136    0    0  (Gen:  0)
  1038224     48520  75825744  0.000  0.000    2.668    7.136    0    0  (Gen:  0)
  1101232     22544  75875680  0.000  0.000    2.669    7.137    0    0  (Gen:  0)
  2560096     60816  75925368  0.000  0.000    2.672    7.140    0    0  (Gen:  0)
  2672616     95112  76003320  0.000  0.000    2.675    7.143    0    0  (Gen:  0)
  2312920     70104  76267880  0.000  0.000    2.678    7.177    0    0  (Gen:  0)
  1041752     24192  76215936  0.000  0.000    2.678    7.178    0    0  (Gen:  0)
  1037976      4992  76214112  0.000  0.000    2.679    7.178    0    0  (Gen:  0)
  1040336      9576  76223096  0.000  0.000    2.680    7.179    0    0  (Gen:  0)
  1038896      5832  76223504  0.000  0.000    2.680    7.179    0    0  (Gen:  0)
  1038712     14696  76234040  0.000  0.000    2.681    7.180    0    0  (Gen:  0)
  1034496     61528  76281264  0.001  0.000    2.682    7.180    0    0  (Gen:  0)
  1034736    115152  76340576  0.001  0.000    2.683    7.181    0    0  (Gen:  0)
  1035216    127304  76404448  0.001  0.000    2.684    7.182    0    0  (Gen:  0)
  1035160    121472  76457888  0.001  0.000    2.686    7.182    0    0  (Gen:  0)
  1032672    126424  76526736  0.001  0.000    2.687    7.183    0    0  (Gen:  0)
  1035896    139752  76590320  0.001  0.000    2.689    7.184    0    0  (Gen:  0)
  1034496    134280  76661528  0.001  0.000    2.690    7.185    0    0  (Gen:  0)
  1034704    132320  76722400  0.001  0.000    2.692    7.185    0    0  (Gen:  0)
  1035360    130144  76787552  0.001  0.000    2.693    7.186    0    0  (Gen:  0)
  1034536    131192  76849632  0.001  0.000    2.695    7.187    0    0  (Gen:  0)
  1035488    134936  76918176  0.001  0.000    2.696    7.187    0    0  (Gen:  0)
  1035472    141480  76984384  0.001  0.000    2.698    7.188    0    0  (Gen:  0)
  1035112    129408  77043480  0.001  0.000    2.699    7.189    0    0  (Gen:  0)
  1033096    120096  77098424  0.001  0.000    2.701    7.189    0    0  (Gen:  0)
  1035168     94280  77131232  0.001  0.000    2.702    7.190    0    0  (Gen:  0)
  1032488     73456  77166936  0.001  0.000    2.703    7.191    0    0  (Gen:  0)
  1036680     87776  77211496  0.001  0.000    2.704    7.191    0    0  (Gen:  0)
  1035840     97768  77260096  0.001  0.000    2.705    7.192    0    0  (Gen:  0)
  1035048    108096  77312088  0.001  0.000    2.706    7.192    0    0  (Gen:  0)
  1034576    126096  77378704  0.001  0.000    2.708    7.193    0    0  (Gen:  0)
  1035440    146576  77452648  0.001  0.000    2.709    7.194    0    0  (Gen:  0)
  1036152    143760  77517160  0.001  0.000    2.711    7.195    0    0  (Gen:  0)
  1036440    117528  77565512  0.001  0.000    2.712    7.195    0    0  (Gen:  0)
  1035504  58582488  62793760  0.148  0.045    2.861    7.241    0    0  (Gen:  1)
  1517360    139472  63317824  0.001  0.000    2.863    7.242    0    0  (Gen:  0)
  1136648    127128  63473864  0.001  0.000    2.865    7.243    0    0  (Gen:  0)
  1105592    108792  63581960  0.001  0.000    2.866    7.243    0    0  (Gen:  0)
  1036152    118384  63653504  0.001  0.000    2.867    7.244    0    0  (Gen:  0)
  1068320    140336  63750032  0.001  0.000    2.869    7.245    0    0  (Gen:  0)
  1033536    132288  63813688  0.001  0.000    2.870    7.245    0    0  (Gen:  0)
  1035992    118056  63863560  0.000  0.000    2.871    7.246    0    0  (Gen:  0)
  1036200    100000  63909128  0.001  0.000    2.873    7.247    0    0  (Gen:  0)
  1035800    100008  63957984  0.001  0.000    2.874    7.247    0    0  (Gen:  0)
  1034240    107776  64011944  0.001  0.000    2.875    7.248    0    0  (Gen:  0)
  1035744    116960  64067768  0.001  0.000    2.876    7.249    0    0  (Gen:  0)
  1034576    119488  64125264  0.001  0.000    2.878    7.249    0    0  (Gen:  0)
  1031864     85512  64146952  0.000  0.000    2.879    7.250    0    0  (Gen:  0)
  1034152     86576  64199632  0.000  0.000    2.880    7.250    0    0  (Gen:  0)
  1035280    118520  64260624  0.001  0.000    2.881    7.251    0    0  (Gen:  0)
  1034600    133648  64327064  0.001  0.000    2.883    7.252    0    0  (Gen:  0)
  1033608    128880  64385008  0.001  0.000    2.884    7.252    0    0  (Gen:  0)
  1036576    126040  64441872  0.001  0.000    2.886    7.253    0    0  (Gen:  0)
  1034416    121888  64503072  0.001  0.000    2.887    7.254    0    0  (Gen:  0)
  1032216    133944  64569544  0.001  0.000    2.888    7.254    0    0  (Gen:  0)
  1034880    125960  64623760  0.001  0.000    2.890    7.255    0    0  (Gen:  0)
  1034608    126016  64689424  0.001  0.000    2.891    7.256    0    0  (Gen:  0)
  1031840    145760  64763648  0.001  0.000    2.893    7.257    0    0  (Gen:  0)
  1035264    140488  64822568  0.001  0.000    2.894    7.257    0    0  (Gen:  0)
  1031600    123776  64882880  0.001  0.000    2.896    7.258    0    0  (Gen:  0)
  1286784    134624  64984288  0.001  0.000    2.898    7.259    0    0  (Gen:  0)
  1037864     98792  65017072  0.000  0.000    2.899    7.260    0    0  (Gen:  0)
  1038640     40288  65021872  0.000  0.000    2.900    7.261    0    0  (Gen:  0)
  2490456     35872  65104368  0.000  0.000    2.902    7.264    0    0  (Gen:  0)
  1035752     82464  65145664  0.001  0.000    2.903    7.264    0    0  (Gen:  0)
  1034224    123816  65215448  0.001  0.000    2.905    7.265    0    0  (Gen:  0)
  1034880    140440  65284744  0.001  0.000    2.907    7.266    0    0  (Gen:  0)
  1357152    132136  65345504  0.001  0.000    2.908    7.267    0    0  (Gen:  0)
  1034952    125624  65405960  0.001  0.000    2.910    7.267    0    0  (Gen:  0)
  1034176    129072  65469192  0.001  0.000    2.911    7.268    0    0  (Gen:  0)
  1033328    139208  65538688  0.001  0.000    2.912    7.269    0    0  (Gen:  0)
  1034048    140704  65604088  0.001  0.000    2.914    7.270    0    0  (Gen:  0)
  1070184     98112  65664000  0.001  0.000    2.916    7.271    0    0  (Gen:  0)
  1039392     71912  65702240  0.000  0.000    2.917    7.271    0    0  (Gen:  0)
  2372480     70000  65780640  0.000  0.000    2.919    7.274    0    0  (Gen:  0)
  1036264     85480  65825728  0.001  0.000    2.920    7.275    0    0  (Gen:  0)
  1034952    112168  65879752  0.001  0.000    2.922    7.275    0    0  (Gen:  0)
  1034736    133600  65954272  0.001  0.000    2.923    7.276    0    0  (Gen:  0)
  1031920    152120  66023656  0.001  0.000    2.925    7.277    0    0  (Gen:  0)
  1034080    146320  66094752  0.001  0.000    2.927    7.278    0    0  (Gen:  0)
  1033568    146416  66162328  0.001  0.000    2.928    7.279    0    0  (Gen:  0)
  2041992    142312  66263208  0.001  0.000    2.930    7.280    0    0  (Gen:  0)
  1137712    128136  66315800  0.001  0.000    2.932    7.281    0    0  (Gen:  0)
  1159360     68904  66337880  0.000  0.000    2.933    7.283    0    0  (Gen:  0)
  1038064     62360  66374776  0.000  0.000    2.935    7.283    0    0  (Gen:  0)
  1032768    119912  66443688  0.001  0.000    2.936    7.284    0    0  (Gen:  0)
  1035296    138912  66508792  0.001  0.000    2.937    7.285    0    0  (Gen:  0)
  1032128    139056  66576688  0.001  0.000    2.939    7.286    0    0  (Gen:  0)
  1066136    105640  66640184  0.000  0.000    2.940    7.286    0    0  (Gen:  0)
  1212752     53776  66667064  0.000  0.000    2.942    7.288    0    0  (Gen:  0)
  1188904     59384  66722120  0.000  0.000    2.943    7.289    0    0  (Gen:  0)
  1034048    106048  66777960  0.001  0.000    2.944    7.289    0    0  (Gen:  0)
  1032192    139872  66853304  0.001  0.000    2.946    7.290    0    0  (Gen:  0)
  1031264    156312  66931664  0.001  0.000    2.947    7.291    0    0  (Gen:  0)
  1032416    146408  66995688  0.001  0.000    2.949    7.291    0    0  (Gen:  0)
  1034744    136056  67062712  0.001  0.000    2.950    7.292    0    0  (Gen:  0)
  1035504    132904  67122352  0.001  0.000    2.952    7.293    0    0  (Gen:  0)
  1031992    140912  67194568  0.001  0.000    2.953    7.294    0    0  (Gen:  0)
  1031096    152984  67270536  0.001  0.000    2.954    7.294    0    0  (Gen:  0)
  1071248    121992  67341184  0.000  0.000    2.955    7.295    0    0  (Gen:  0)
  1706232     61584  67360992  0.000  0.000    2.958    7.297    0    0  (Gen:  0)
  1098328     47736  67406792  0.000  0.000    2.959    7.298    0    0  (Gen:  0)
  1035320     77544  67452344  0.000  0.000    2.960    7.299    0    0  (Gen:  0)
  1036424    111416  67502912  0.001  0.000    2.961    7.299    0    0  (Gen:  0)
  1036224    104192  67551096  0.001  0.000    2.962    7.300    0    0  (Gen:  0)
  1034312    115440  67613584  0.001  0.000    2.963    7.301    0    0  (Gen:  0)
  1034856    131664  67677832  0.001  0.000    2.965    7.301    0    0  (Gen:  0)
  1035264    143096  67751480  0.001  0.000    2.966    7.302    0    0  (Gen:  0)
  1034928    142120  67813320  0.001  0.000    2.968    7.303    0    0  (Gen:  0)
  1036328    123264  67867680  0.001  0.000    2.969    7.304    0    0  (Gen:  0)
  1034080    127600  67930824  0.001  0.000    2.971    7.304    0    0  (Gen:  0)
  1034976    136960  67998760  0.001  0.000    2.972    7.305    0    0  (Gen:  0)
  1034072    137368  68063256  0.001  0.000    2.974    7.306    0    0  (Gen:  0)
  1033744    139960  68133488  0.001  0.000    2.975    7.307    0    0  (Gen:  0)
  1191592    111448  68199592  0.001  0.000    2.977    7.308    0    0  (Gen:  0)
  2676736     85272  68250880  0.000  0.000    2.980    7.310    0    0  (Gen:  0)
  2753176     91336  68294128  0.000  0.000    2.982    7.312    0    0  (Gen:  0)
  2587744     78584  68375040  0.000  0.000    2.985    7.315    0    0  (Gen:  0)
  1036272     74960  68411064  0.001  0.000    2.986    7.316    0    0  (Gen:  0)
  1036016     84104  68450488  0.001  0.000    2.987    7.316    0    0  (Gen:  0)
  1035216    102792  68509320  0.001  0.000    2.988    7.317    0    0  (Gen:  0)
  1036480    110480  68556504  0.001  0.000    2.990    7.318    0    0  (Gen:  0)
  1034440    125640  68630112  0.001  0.000    2.991    7.319    0    0  (Gen:  0)
  1033744    148200  68698752  0.001  0.000    2.993    7.319    0    0  (Gen:  0)
  1034144    127656  68753256  0.001  0.000    2.994    7.320    0    0  (Gen:  0)
  1036280    127088  68820384  0.001  0.000    2.996    7.321    0    0  (Gen:  0)
  1034168    145608  68893176  0.001  0.000    2.998    7.322    0    0  (Gen:  0)
  1035448    154816  68973464  0.001  0.000    2.999    7.322    0    0  (Gen:  0)
  1033096    151296  69042640  0.001  0.000    3.001    7.323    0    0  (Gen:  0)
  1033488    142488  69109008  0.001  0.000    3.003    7.324    0    0  (Gen:  0)
  1033936    135216  69172520  0.001  0.000    3.004    7.325    0    0  (Gen:  0)
  1035128    137648  69240960  0.001  0.000    3.006    7.326    0    0  (Gen:  0)
  1033592    151120  69317648  0.001  0.000    3.007    7.326    0    0  (Gen:  0)
  1033992    157440  69393544  0.001  0.000    3.009    7.327    0    0  (Gen:  0)
  1035440    153224  69465512  0.001  0.000    3.011    7.328    0    0  (Gen:  0)
  1033960    148992  69535680  0.001  0.000    3.013    7.329    0    0  (Gen:  0)
  1035352    146744  69607368  0.001  0.000    3.014    7.330    0    0  (Gen:  0)
  1035312    145728  69676000  0.001  0.000    3.016    7.330    0    0  (Gen:  0)
  1035184    145360  69746928  0.001  0.000    3.017    7.331    0    0  (Gen:  0)
  1033824    139568  69814736  0.001  0.000    3.019    7.332    0    0  (Gen:  0)
  1036544    143872  69890896  0.001  0.000    3.021    7.333    0    0  (Gen:  0)
  1034792    159776  69970040  0.001  0.000    3.022    7.334    0    0  (Gen:  0)
  1034944    166512  70051872  0.001  0.000    3.024    7.334    0    0  (Gen:  0)
  1033024    159480  70124872  0.001  0.000    3.026    7.335    0    0  (Gen:  0)
  1034672    134528  70181008  0.001  0.000    3.027    7.336    0    0  (Gen:  0)
  1034960    130144  70249744  0.001  0.000    3.028    7.337    0    0  (Gen:  0)
  1035192    148104  70324808  0.001  0.000    3.030    7.337    0    0  (Gen:  0)
  1312440    133728  70410040  0.001  0.000    3.032    7.339    0    0  (Gen:  0)
  1037656     59552  70412040  0.000  0.000    3.033    7.339    0    0  (Gen:  0)
  1037200     14176  70417224  0.000  0.000    3.034    7.340    0    0  (Gen:  0)
  2340824     72640  70531128  0.001  0.000    3.037    7.343    0    0  (Gen:  0)
  1038032    105208  70560128  0.001  0.000    3.038    7.343    0    0  (Gen:  0)
  1070840     71504  70620432  0.000  0.000    3.039    7.344    0    0  (Gen:  0)
  1835264     59904  70666208  0.000  0.000    3.041    7.346    0    0  (Gen:  0)
  1041880     41152  70657760  0.000  0.000    3.042    7.347    0    0  (Gen:  0)
  1034408     47528  70699968  0.000  0.000    3.043    7.347    0    0  (Gen:  0)
  1033656    119168  70772880  0.001  0.000    3.044    7.348    0    0  (Gen:  0)
  1032344    146104  70841168  0.001  0.000    3.046    7.349    0    0  (Gen:  0)
  1918816    143224  70909232  0.001  0.000    3.048    7.351    0    0  (Gen:  0)
  1802488    123240  71007448  0.001  0.000    3.050    7.352    0    0  (Gen:  0)
  1034768    138984  71081392  0.001  0.000    3.052    7.353    0    0  (Gen:  0)
  3226432    126080  71183096  0.001  0.000    3.055    7.356    0    0  (Gen:  0)
  1368104     54624  71363640  0.000  0.000    3.057    7.388    0    0  (Gen:  0)
  1040112     15752  71324904  0.000  0.000    3.058    7.389    0    0  (Gen:  0)
  1037784      5176  71322808  0.000  0.000    3.058    7.389    0    0  (Gen:  0)
  1040816      7976  71326024  0.000  0.000    3.059    7.390    0    0  (Gen:  0)
  1039520      7904  71333824  0.000  0.000    3.059    7.390    0    0  (Gen:  0)
  1038176      5712  71333912  0.000  0.000    3.060    7.390    0    0  (Gen:  0)
  1040704      4272  71334288  0.000  0.000    3.060    7.391    0    0  (Gen:  0)
  1033344     58464  71388760  0.000  0.000    3.061    7.391    0    0  (Gen:  0)
  1034048    132336  71462632  0.001  0.000    3.063    7.392    0    0  (Gen:  0)
  1036720    151336  71539760  0.001  0.000    3.064    7.393    0    0  (Gen:  0)
  1035216    154424  71616648  0.001  0.000    3.066    7.394    0    0  (Gen:  0)
  1033840    158312  71691680  0.001  0.000    3.068    7.395    0    0  (Gen:  0)
  1033872    149200  71759536  0.001  0.000    3.069    7.395    0    0  (Gen:  0)
  1034920    139592  71825680  0.001  0.000    3.071    7.396    0    0  (Gen:  0)
  1070216    136888  71924904  0.001  0.000    3.072    7.397    0    0  (Gen:  0)
  1033480    145704  71999712  0.001  0.000    3.074    7.398    0    0  (Gen:  0)
  1919864    144152  72096224  0.001  0.000    3.076    7.400    0    0  (Gen:  0)
  1038504     68648  72098408  0.000  0.000    3.078    7.400    0    0  (Gen:  0)
  1037816     12864  72101752  0.000  0.000    3.078    7.401    0    0  (Gen:  0)
  1863672     31576  72160008  0.000  0.000    3.080    7.403    0    0  (Gen:  0)
  1205072     44832  72289480  0.000  0.000    3.081    7.404    0    0  (Gen:  0)
  1034640     80504  72336496  0.001  0.000    3.082    7.404    0    0  (Gen:  0)
  1036512     99008  72375304  0.001  0.000    3.084    7.405    0    0  (Gen:  0)
  1035600     94168  72430912  0.001  0.000    3.085    7.405    0    0  (Gen:  0)
  1035032    118152  72493296  0.001  0.000    3.086    7.406    0    0  (Gen:  0)
  1035280    135240  72560880  0.001  0.000    3.087    7.407    0    0  (Gen:  0)
  1034904    137168  72625088  0.001  0.000    3.089    7.407    0    0  (Gen:  0)
  1033808    139168  72695464  0.001  0.000    3.090    7.408    0    0  (Gen:  0)
  1034408    143128  72762568  0.001  0.000    3.092    7.409    0    0  (Gen:  0)
  1032824    139656  72829608  0.001  0.000    3.093    7.410    0    0  (Gen:  0)
  2217944    207264  73127336  0.001  0.000    3.095    7.411    0    0  (Gen:  0)
  1035112    208464  73197840  0.001  0.000    3.097    7.412    0    0  (Gen:  0)
  1139272    144456  73365976  0.001  0.000    3.098    7.412    0    0  (Gen:  0)
  1067920    139464  73463656  0.001  0.000    3.100    7.413    0    0  (Gen:  0)
  1035224    135136  73528696  0.001  0.000    3.101    7.414    0    0  (Gen:  0)
  1134152    139480  73696800  0.001  0.000    3.103    7.414    0    0  (Gen:  0)
  1067776    136656  73791592  0.001  0.000    3.104    7.415    0    0  (Gen:  0)
  1033840    139080  73861800  0.001  0.000    3.105    7.416    0    0  (Gen:  0)
  1034344    143504  73929952  0.001  0.000    3.107    7.417    0    0  (Gen:  0)
  1034096    140800  73997768  0.001  0.000    3.108    7.417    0    0  (Gen:  0)
  1034112    137384  74061016  0.001  0.000    3.110    7.418    0    0  (Gen:  0)
  1032504    142520  74134928  0.001  0.000    3.111    7.419    0    0  (Gen:  0)
  1034712    152872  74209528  0.001  0.000    3.113    7.419    0    0  (Gen:  0)
  1032752    153976  74284680  0.001  0.000    3.114    7.420    0    0  (Gen:  0)
  1033224    151416  74356088  0.001  0.000    3.116    7.421    0    0  (Gen:  0)
  1033896    146680  74424952  0.001  0.000    3.117    7.421    0    0  (Gen:  0)
  1034160    137696  74489160  0.001  0.000    3.119    7.422    0    0  (Gen:  0)
  1034408    152704  74570240  0.001  0.000    3.120    7.423    0    0  (Gen:  0)
  1034312    159320  74642000  0.001  0.000    3.122    7.424    0    0  (Gen:  0)
  1034936    151488  74715368  0.001  0.000    3.123    7.424    0    0  (Gen:  0)
  1033352    146096  74782592  0.001  0.000    3.125    7.425    0    0  (Gen:  0)
  1032768    145800  74856344  0.001  0.000    3.126    7.426    0    0  (Gen:  0)
  1034872    141544  74919832  0.001  0.000    3.128    7.427    0    0  (Gen:  0)
  1034024    136744  74987928  0.000  0.000    3.129    7.427    0    0  (Gen:  0)
  1034792    139088  75054272  0.001  0.000    3.130    7.428    0    0  (Gen:  0)
  1034264    139264  75122528  0.001  0.000    3.131    7.429    0    0  (Gen:  0)
  1035088    137352  75186552  0.001  0.000    3.133    7.429    0    0  (Gen:  0)
  1034272    134584  75251856  0.001  0.000    3.134    7.430    0    0  (Gen:  0)
  1035048    138208  75319872  0.001  0.000    3.135    7.431    0    0  (Gen:  0)
  1035064    139568  75384984  0.001  0.000    3.137    7.431    0    0  (Gen:  0)
  1033936    138464  75452992  0.001  0.000    3.138    7.432    0    0  (Gen:  0)
  1033624    139552  75524544  0.001  0.000    3.140    7.433    0    0  (Gen:  0)
  1033840    142448  75593392  0.001  0.000    3.141    7.433    0    0  (Gen:  0)
  1033968    128096  75647184  0.001  0.000    3.143    7.434    0    0  (Gen:  0)
  1035288    111104  75700440  0.001  0.000    3.144    7.435    0    0  (Gen:  0)
  1034912    115840  75757536  0.001  0.000    3.145    7.435    0    0  (Gen:  0)
  1034536    136312  75831600  0.001  0.000    3.146    7.436    0    0  (Gen:  0)
  1032632    147896  75900560  0.001  0.000    3.148    7.437    0    0  (Gen:  0)
  1036552    147944  75971000  0.001  0.000    3.150    7.438    0    0  (Gen:  0)
  1034672    148408  76043072  0.001  0.000    3.151    7.438    0    0  (Gen:  0)
  1035400    142704  76106640  0.001  0.000    3.153    7.439    0    0  (Gen:  0)
  1033248    139504  76175640  0.001  0.000    3.154    7.440    0    0  (Gen:  0)
  1035632    145808  76246264  0.001  0.000    3.155    7.440    0    0  (Gen:  0)
  1033752    151024  76322032  0.001  0.000    3.157    7.441    0    0  (Gen:  0)
  1070912    134760  76408896  0.001  0.000    3.158    7.442    0    0  (Gen:  0)
  1035288    116096  76463624  0.001  0.000    3.160    7.443    0    0  (Gen:  0)
  1034560    114408  76521576  0.001  0.000    3.161    7.443    0    0  (Gen:  0)
  1034848    122800  76580504  0.001  0.000    3.163    7.444    0    0  (Gen:  0)
  1030392    132560  76649336  0.001  0.000    3.164    7.445    0    0  (Gen:  0)
  1035136    144968  76718456  0.001  0.000    3.166    7.445    0    0  (Gen:  0)
  1034216    144576  76788728  0.001  0.000    3.167    7.446    0    0  (Gen:  0)
  1069928    142040  76885448  0.001  0.000    3.169    7.447    0    0  (Gen:  0)
  1037440    137768  76954640  0.001  0.000    3.170    7.448    0    0  (Gen:  0)
  1034944    133640  77012704  0.001  0.000    3.171    7.448    0    0  (Gen:  0)
  1035408    126296  77075976  0.001  0.000    3.173    7.449    0    0  (Gen:  0)
  1034936    135360  77141504  0.001  0.000    3.174    7.450    0    0  (Gen:  0)
  1035504    134160  77204328  0.001  0.000    3.176    7.451    0    0  (Gen:  0)
  1070784     78024  77246104  0.000  0.000    3.177    7.452    0    0  (Gen:  0)
  1136296     66368  77361808  0.000  0.000    3.178    7.452    0    0  (Gen:  0)
  1038400     58680  77367256  0.000  0.000    3.180    7.453    0    0  (Gen:  0)
  1753472     43248  77430960  0.000  0.000    3.181    7.455    0    0  (Gen:  0)
  1669384     67088  77499008  0.000  0.000    3.183    7.456    0    0  (Gen:  0)
  1455016     54648  77484416  0.000  0.000    3.184    7.458    0    0  (Gen:  0)
  2649792    113152  77627936  0.000  0.000    3.187    7.460    0    0  (Gen:  0)
  1039360     57920  77639728  0.000  0.000    3.189    7.461    0    0  (Gen:  0)
  1035744     69520  77687472  0.000  0.000    3.190    7.462    0    0  (Gen:  0)
  1033032    126904  77762280  0.001  0.000    3.191    7.463    0    0  (Gen:  0)
  1034696    144712  77827472  0.001  0.000    3.192    7.463    0    0  (Gen:  0)
  1035000    138624  77896928  0.001  0.000    3.194    7.464    0    0  (Gen:  0)
  1034856    144104  77964608  0.001  0.000    3.195    7.465    0    0  (Gen:  0)
  1036184    131056  78022904  0.001  0.000    3.197    7.466    0    0  (Gen:  0)
  1034448    111360  78070664  0.000  0.000    3.198    7.466    0    0  (Gen:  0)
  1035736    122496  78137168  0.001  0.000    3.200    7.467    0    0  (Gen:  0)
  1472576    115312  78209088  0.000  0.000    3.201    7.468    0    0  (Gen:  0)
  2265184     61256  78230520  0.000  0.000    3.204    7.470    0    0  (Gen:  0)
  1083400     68368  78278448  0.000  0.000    3.205    7.471    0    0  (Gen:  0)
  1032680    123480  78346288  0.001  0.000    3.207    7.472    0    0  (Gen:  0)
  1034904    175856  78440560  0.001  0.000    3.208    7.473    0    0  (Gen:  0)
  1067960    119760  78493720  0.001  0.000    3.210    7.474    0    0  (Gen:  0)
  2403328     62952  78592968  0.001  0.000    3.213    7.506    0    0  (Gen:  0)
  1040272     30016  78540528  0.000  0.000    3.214    7.507    0    0  (Gen:  0)
  1035760     10856  78551272  0.000  0.000    3.214    7.507    0    0  (Gen:  0)
  1040008      6032  78548776  0.000  0.000    3.215    7.508    0    0  (Gen:  0)
  1072336      7152  78584328  0.000  0.000    3.215    7.508    0    0  (Gen:  0)
  1032936     80552  78658280  0.000  0.000    3.216    7.509    0    0  (Gen:  0)
  3241648    144056  78767776  0.001  0.000    3.220    7.512    0    0  (Gen:  0)
  1032400    102176  78794328  0.001  0.000    3.221    7.513    0    0  (Gen:  0)
  1070936     72928  78852448  0.000  0.000    3.222    7.514    0    0  (Gen:  0)
  2384880     47152  78894472  0.000  0.000    3.225    7.516    0    0  (Gen:  0)
  1036224     86904  78944056  0.001  0.000    3.226    7.517    0    0  (Gen:  0)
  1033536    127432  79012296  0.001  0.000    3.228    7.518    0    0  (Gen:  0)
  1033896    150648  79090472  0.001  0.000    3.229    7.518    0    0  (Gen:  0)
  1033856    153952  79161880  0.001  0.000    3.231    7.519    0    0  (Gen:  0)
  1031344    151104  79235192  0.001  0.000    3.232    7.520    0    0  (Gen:  0)
  1034648    157016  79314056  0.001  0.000    3.234    7.521    0    0  (Gen:  0)
  1035848    147488  79378664  0.001  0.000    3.236    7.522    0    0  (Gen:  0)
  1033336    128472  79437504  0.001  0.000    3.237    7.522    0    0  (Gen:  0)
  2060000    111864  79516192  0.001  0.000    3.239    7.524    0    0  (Gen:  0)
  2287344     90048  79572912  0.000  0.000    3.242    7.527    0    0  (Gen:  0)
  2065200    109200  79626576  0.001  0.000    3.244    7.528    0    0  (Gen:  0)
  1885584    100040  79660520  0.000  0.000    3.247    7.531    0    0  (Gen:  0)
  1035792     82296  79705624  0.001  0.000    3.248    7.531    0    0  (Gen:  0)
  1071912     93344  79775064  0.000  0.000    3.249    7.532    0    0  (Gen:  0)
  1882344     60120  79802336  0.000  0.000    3.251    7.534    0    0  (Gen:  0)
  1035672     65648  79830384  0.001  0.000    3.253    7.535    0    0  (Gen:  0)
  1470176     75288  79896888  0.001  0.000    3.254    7.537    0    0  (Gen:  0)
  2025256     62200  79936352  0.000  0.000    3.257    7.539    0    0  (Gen:  0)
  1036200     90920  79986936  0.001  0.000    3.258    7.540    0    0  (Gen:  0)
  1035864    132424  80054624  0.001  0.000    3.260    7.540    0    0  (Gen:  0)
  1035232    148368  80128568  0.001  0.000    3.261    7.541    0    0  (Gen:  0)
  1028160    133488  80182416  0.001  0.000    3.263    7.542    0    0  (Gen:  0)
  1106928     91344  80214680  0.000  0.000    3.264    7.543    0    0  (Gen:  0)
  2132232     55080  80275384  0.000  0.000    3.266    7.545    0    0  (Gen:  0)
  1083384     58464  80308696  0.000  0.000    3.267    7.546    0    0  (Gen:  0)
  1033232     97280  80363168  0.001  0.000    3.269    7.547    0    0  (Gen:  0)
  1244760     90240  80415368  0.000  0.000    3.270    7.548    0    0  (Gen:  0)
  2257504     63600  80464128  0.000  0.000    3.273    7.550    0    0  (Gen:  0)
  1070752     78992  80486984  0.000  0.000    3.274    7.551    0    0  (Gen:  0)
  1486728     89560  80538168  0.000  0.000    3.276    7.553    0    0  (Gen:  0)
  1450208     73264  80568168  0.001  0.000    3.278    7.554    0    0  (Gen:  0)
  1072592     69432  80574640  0.000  0.000    3.279    7.555    0    0  (Gen:  0)
  1595440     55216  80607080  0.000  0.000    3.281    7.557    0    0  (Gen:  0)
  1124552     48320  80639416  0.000  0.000    3.282    7.558    0    0  (Gen:  0)
  1039808     30760  80659392  0.000  0.000    3.283    7.559    0    0  (Gen:  0)
  1033088     72896  80708832  0.001  0.000    3.284    7.560    0    0  (Gen:  0)
  1034904    115688  80774944  0.001  0.000    3.286    7.560    0    0  (Gen:  0)
  1032800    135848  80841912  0.001  0.000    3.287    7.561    0    0  (Gen:  0)
  1372544    119656  81217304  0.001  0.000    3.289    7.562    0    0  (Gen:  0)
  1140312     96800  81359528  0.000  0.000    3.290    7.562    0    0  (Gen:  0)
  1034424    110960  81418240  0.001  0.000    3.291    7.563    0    0  (Gen:  0)
  1033664    129888  81483240  0.001  0.000    3.293    7.564    0    0  (Gen:  0)
  1035592    123496  81537512  0.001  0.000    3.294    7.564    0    0  (Gen:  0)
  1034920    122104  81601608  0.001  0.000    3.295    7.565    0    0  (Gen:  0)
  1630720    121688  81690424  0.001  0.000    3.298    7.567    0    0  (Gen:  0)
  1667128    108928  81705776  0.000  0.000    3.299    7.568    0    0  (Gen:  0)
  1446672     82224  81731288  0.000  0.000    3.301    7.569    0    0  (Gen:  0)
  2763848     66168  81847840  0.000  0.000    3.304    7.572    0    0  (Gen:  0)
  1037272     87224  81881984  0.001  0.000    3.305    7.573    0    0  (Gen:  0)
  1067840     84432  81951376  0.000  0.000    3.306    7.574    0    0  (Gen:  0)
  2337776     90048  82033416  0.000  0.000    3.309    7.576    0    0  (Gen:  0)
  1099000     83832  82081592  0.000  0.000    3.310    7.577    0    0  (Gen:  0)
  1036592     75296  82115608  0.001  0.000    3.311    7.578    0    0  (Gen:  0)
  1034448    102136  82174344  0.001  0.000    3.312    7.578    0    0  (Gen:  0)
  1034504    119824  82230952  0.001  0.000    3.314    7.579    0    0  (Gen:  0)
  1035424    118824  82286016  0.001  0.000    3.315    7.580    0    0  (Gen:  0)
  1035680    101568  82326952  0.001  0.000    3.316    7.580    0    0  (Gen:  0)
  1035696     99896  82375744  0.001  0.000    3.318    7.581    0    0  (Gen:  0)
  1036448    101808  82424304  0.001  0.000    3.319    7.582    0    0  (Gen:  0)
  1607960    137160  82540752  0.001  0.000    3.321    7.583    0    0  (Gen:  0)
  1037792     98032  82549992  0.001  0.000    3.322    7.584    0    0  (Gen:  0)
  2256512     39936  82627688  0.000  0.000    3.325    7.587    0    0  (Gen:  0)
  1037784     68192  82653352  0.000  0.000    3.326    7.587    0    0  (Gen:  0)
  1036408     93688  82711112  0.001  0.000    3.327    7.588    0    0  (Gen:  0)
  1037992     82000  82733544  0.001  0.000    3.328    7.589    0    0  (Gen:  0)
  1070896     71264  82807024  0.000  0.000    3.330    7.589    0    0  (Gen:  0)
  1867656     98224  82829360  0.000  0.000    3.332    7.592    0    0  (Gen:  0)
  1085504     89600  82896232  0.000  0.000    3.333    7.593    0    0  (Gen:  0)
  1035744    104040  82961136  0.001  0.000    3.334    7.593    0    0  (Gen:  0)
  1034448    143776  83025616  0.001  0.000    3.336    7.594    0    0  (Gen:  0)
  1104664     98360  83054552  0.000  0.000    3.337    7.595    0    0  (Gen:  0)
  2638584     60344  83317168  0.000  0.000    3.341    7.628    0    0  (Gen:  0)
  1041600     37400  83263712  0.000  0.000    3.341    7.629    0    0  (Gen:  0)
  1038800      5520  83264104  0.000  0.000    3.342    7.629    0    0  (Gen:  0)
  1039624      8728  83268416  0.000  0.000    3.342    7.629    0    0  (Gen:  0)
  1151336      7096  83302000  0.000  0.000    3.343    7.630    0    0  (Gen:  0)
  1034272     39872  83340656  0.000  0.000    3.344    7.631    0    0  (Gen:  0)
  1070768     50328  83384752  0.000  0.000    3.345    7.632    0    0  (Gen:  0)
  2474696     33456  83422304  0.000  0.000    3.347    7.634    0    0  (Gen:  0)
  1070400     87736  83504464  0.001  0.000    3.349    7.635    0    0  (Gen:  0)
  1032888    121096  83563304  0.001  0.000    3.350    7.635    0    0  (Gen:  0)
  1035352    129408  83627808  0.001  0.000    3.352    7.636    0    0  (Gen:  0)
  1034456    127128  83685600  0.001  0.000    3.353    7.637    0    0  (Gen:  0)
  1138264     97736  83752720  0.000  0.000    3.354    7.638    0    0  (Gen:  0)
  2844312     75392  83843432  0.000  0.000    3.357    7.641    0    0  (Gen:  0)
  1034944    109232  83898184  0.001  0.000    3.359    7.642    0    0  (Gen:  0)
  1036256    130904  83961368  0.001  0.000    3.360    7.642    0    0  (Gen:  0)
  1035664    121168  84015032  0.001  0.000    3.362    7.643    0    0  (Gen:  0)
  1035152    120208  84075792  0.001  0.000    3.363    7.644    0    0  (Gen:  0)
  1818296    157584  84264240  0.001  0.000    3.365    7.645    0    0  (Gen:  0)
  1037920    100752  84267408  0.000  0.000    3.367    7.646    0    0  (Gen:  0)
  2102888     31928  84326064  0.000  0.000    3.369    7.648    0    0  (Gen:  0)
  1087152     64464  84375928  0.000  0.000    3.370    7.649    0    0  (Gen:  0)
  1071080    100808  84460320  0.001  0.000    3.371    7.650    0    0  (Gen:  0)
  1032136    138968  84534256  0.001  0.000    3.373    7.651    0    0  (Gen:  0)
  1034784    142400  84601792  0.001  0.000    3.375    7.652    0    0  (Gen:  0)
  1030320    143928  84677752  0.001  0.000    3.376    7.653    0    0  (Gen:  0)
  1107640    124848  84785704  0.000  0.000    3.378    7.653    0    0  (Gen:  0)
  2649616     83520  84843752  0.000  0.000    3.380    7.656    0    0  (Gen:  0)
  1035968    103112  84887024  0.001  0.000    3.382    7.657    0    0  (Gen:  0)
  2149392    117560  85016152  0.001  0.000    3.384    7.659    0    0  (Gen:  0)
  1703056    118328  85077480  0.001  0.000    3.386    7.660    0    0  (Gen:  0)
  1399784     86552  85090888  0.000  0.000    3.388    7.662    0    0  (Gen:  0)
  1867880     57032  85149432  0.000  0.000    3.390    7.664    0    0  (Gen:  0)
  1037592     59512  85172352  0.000  0.000    3.391    7.665    0    0  (Gen:  0)
  1033304    109544  85244352  0.001  0.000    3.392    7.665    0    0  (Gen:  0)
  1034056    148184  85316104  0.001  0.000    3.394    7.666    0    0  (Gen:  0)
  1033048    150144  85394384  0.001  0.000    3.395    7.667    0    0  (Gen:  0)
  1032688    157720  85470904  0.001  0.000    3.397    7.668    0    0  (Gen:  0)
  1219312    166920  85685904  0.001  0.000    3.399    7.669    0    0  (Gen:  0)
  1033256    171120  85764552  0.001  0.000    3.401    7.669    0    0  (Gen:  0)
  1110976    171712  85915768  0.001  0.000    3.402    7.670    0    0  (Gen:  0)
  1032632    168496  85992168  0.001  0.000    3.404    7.671    0    0  (Gen:  0)
  1430200    140448  86083576  0.001  0.000    3.406    7.672    0    0  (Gen:  0)
  1037040     98104  86112696  0.001  0.000    3.407    7.672    0    0  (Gen:  0)
  1036544     69936  86149376  0.001  0.000    3.408    7.673    0    0  (Gen:  0)
  1035784     85056  86193624  0.001  0.000    3.409    7.673    0    0  (Gen:  0)
  1034328    110408  86259800  0.001  0.000    3.410    7.674    0    0  (Gen:  0)
  1035856    141856  86326760  0.001  0.000    3.412    7.675    0    0  (Gen:  0)
  1033200    136432  86392304  0.001  0.000    3.413    7.675    0    0  (Gen:  0)
  1033512    141944  86463808  0.001  0.000    3.415    7.676    0    0  (Gen:  0)
  1102096    148592  86601904  0.001  0.000    3.416    7.677    0    0  (Gen:  0)
  1033112    143872  86669200  0.001  0.000    3.418    7.678    0    0  (Gen:  0)
  1034048    138352  86735520  0.001  0.000    3.419    7.678    0    0  (Gen:  0)
  1033584    142976  86807656  0.001  0.000    3.420    7.679    0    0  (Gen:  0)
  1031056    143064  86873024  0.001  0.000    3.422    7.680    0    0  (Gen:  0)
  1073080    120736  86953688  0.000  0.000    3.423    7.681    0    0  (Gen:  0)
  1037336     60512  86963160  0.000  0.000    3.425    7.682    0    0  (Gen:  0)
  1462912     33880  87014992  0.000  0.000    3.426    7.683    0    0  (Gen:  0)
  1779376     40920  87070064  0.000  0.000    3.428    7.685    0    0  (Gen:  0)
  1404088     28256  87237480  0.000  0.000    3.429    7.717    0    0  (Gen:  0)
  1040696      8968  87201984  0.000  0.000    3.430    7.718    0    0  (Gen:  0)
  1040816      8304  87204584  0.000  0.000    3.431    7.719    0    0  (Gen:  0)
  1036960     11128  87210784  0.000  0.000    3.431    7.719    0    0  (Gen:  0)
  1038816      6072  87212144  0.000  0.000    3.432    7.719    0    0  (Gen:  0)
  1039760      6672  87214536  0.000  0.000    3.432    7.720    0    0  (Gen:  0)
  1031520     61504  87269672  0.000  0.000    3.433    7.720    0    0  (Gen:  0)
  1033240    133880  87343704  0.001  0.000    3.435    7.721    0    0  (Gen:  0)
  1037032    130080  87398184  0.001  0.000    3.436    7.722    0    0  (Gen:  0)
  1035528    130856  87470784  0.001  0.000    3.437    7.722    0    0  (Gen:  0)
  1033616    152128  87545688  0.001  0.000    3.439    7.723    0    0  (Gen:  0)
  1036672    135576  87598888  0.001  0.000    3.441    7.724    0    0  (Gen:  0)
  1035760    134744  87676328  0.001  0.000    3.442    7.725    0    0  (Gen:  0)
  1035976    158344  87752616  0.001  0.000    3.444    7.725    0    0  (Gen:  0)
  1033808    155096  87824336  0.001  0.000    3.445    7.726    0    0  (Gen:  0)
  1034192    155248  87903216  0.001  0.000    3.447    7.727    0    0  (Gen:  0)
  1039272    121832  87941528  0.001  0.000    3.448    7.728    0    0  (Gen:  0)
  1169504     69264  87998096  0.000  0.000    3.450    7.729    0    0  (Gen:  0)
  1410824     54656  88030320  0.000  0.000    3.452    7.731    0    0  (Gen:  0)
  2405008     75120  88073472  0.000  0.000    3.454    7.733    0    0  (Gen:  0)
  1071792     96176  88088368  0.000  0.000    3.455    7.734    0    0  (Gen:  0)
  2255496     64712  88170880  0.000  0.000    3.458    7.736    0    0  (Gen:  0)
  2163312     79216  88187072  0.000  0.000    3.460    7.738    0    0  (Gen:  0)
  1107512    139808  88370064  0.001  0.000    3.461    7.739    0    0  (Gen:  0)
  1072864    124704  88519160  0.001  0.000    3.463    7.740    0    0  (Gen:  0)
  1537136     63688  88644624  0.000  0.000    3.465    7.742    0    0  (Gen:  0)
  1082696     76072  88703600  0.001  0.000    3.466    7.743    0    0  (Gen:  0)
  1071920     97208  88735800  0.001  0.000    3.468    7.744    0    0  (Gen:  0)
  1033632     48168  88732776  0.000  0.000    3.469    7.745    0    0  (Gen:  0)
  1182968     34880  88761008  0.000  0.000    3.471    7.746    0    0  (Gen:  0)
  1781464     39304  89003024  0.000  0.000    3.473    7.777    0    0  (Gen:  0)
  1041776     12944  88948952  0.000  0.000    3.473    7.778    0    0  (Gen:  0)
  1037960      5656  88954200  0.000  0.000    3.474    7.778    0    0  (Gen:  0)
  1039616     10744  88964096  0.000  0.000    3.474    7.779    0    0  (Gen:  0)
  1038752      5912  88961824  0.000  0.000    3.475    7.779    0    0  (Gen:  0)
  1034448     31168  88988808  0.000  0.000    3.475    7.779    0    0  (Gen:  0)
  1034280     97992  89055928  0.001  0.000    3.477    7.780    0    0  (Gen:  0)
  1034488    135640  89119568  0.001  0.000    3.478    7.781    0    0  (Gen:  0)
  1069640    113512  89196640  0.001  0.000    3.480    7.782    0    0  (Gen:  0)
  1037872     54232  89203496  0.000  0.000    3.481    7.783    0    0  (Gen:  0)
  1037368     20560  89208768  0.000  0.000    3.482    7.783    0    0  (Gen:  0)
  1560176     36264  89304232  0.000  0.000    3.483    7.785    0    0  (Gen:  0)
  2734728     81240  89355600  0.000  0.000    3.486    7.788    0    0  (Gen:  0)
  1678984     93120  89399952  0.000  0.000    3.488    7.789    0    0  (Gen:  0)
  1435720     49552  89417768  0.000  0.000    3.489    7.791    0    0  (Gen:  0)
  1747656     50440  89416832  0.000  0.000    3.491    7.792    0    0  (Gen:  0)
  2327992    103016  89502104  0.000  0.000    3.493    7.794    0    0  (Gen:  0)
  2249304     84544  89582000  0.000  0.000    3.496    7.796    0    0  (Gen:  0)
  1107432     43088  89595080  0.000  0.000    3.497    7.797    0    0  (Gen:  0)
  1705080     38504  89631512  0.000  0.000    3.499    7.799    0    0  (Gen:  0)
  1388896     39808  89848904  0.000  0.000    3.500    7.831    0    0  (Gen:  0)
  1041264     16144  89854456  0.000  0.000    3.501    7.831    0    0  (Gen:  0)
  1141936      9952  89957400  0.000  0.000    3.502    7.832    0    0  (Gen:  0)
  1038784     10624  89964968  0.000  0.000    3.502    7.832    0    0  (Gen:  0)
  1038072      4544  89962280  0.000  0.000    3.502    7.832    0    0  (Gen:  0)
  1176424     46176  90102400  0.000  0.000    3.504    7.833    0    0  (Gen:  0)
  1035656     99744  90156440  0.001  0.000    3.505    7.834    0    0  (Gen:  0)
  1032488    129640  90227504  0.001  0.000    3.506    7.835    0    0  (Gen:  0)
  1276232    105240  90482216  0.001  0.000    3.508    7.836    0    0  (Gen:  0)
  1135816     33488  90585416  0.000  0.000    3.509    7.837    0    0  (Gen:  0)
  3041608     54960  90802424  0.000  0.000    3.512    7.839    0    0  (Gen:  0)
  1136728     65904  90854664  0.000  0.000    3.513    7.840    0    0  (Gen:  0)
  2205200     99912  90930928  0.000  0.000    3.516    7.842    0    0  (Gen:  0)
  2699952     97048  91066040  0.000  0.000    3.519    7.845    0    0  (Gen:  0)
  1604376     41560  91120984  0.000  0.000    3.520    7.877    0    0  (Gen:  0)
  1040648      7144  91087680  0.000  0.000    3.521    7.877    0    0  (Gen:  0)
  1037648      9296  91092856  0.000  0.000    3.522    7.878    0    0  (Gen:  0)
  1039704      5400  91096856  0.000  0.000    3.522    7.878    0    0  (Gen:  0)
  1038072      4712  91097856  0.000  0.000    3.523    7.878    0    0  (Gen:  0)
  1035456     65056  91158544  0.000  0.000    3.524    7.879    0    0  (Gen:  0)
  1036432    123488  91217360  0.001  0.000    3.526    7.880    0    0  (Gen:  0)
  1136496     85464  91273488  0.001  0.000    3.527    7.881    0    0  (Gen:  0)
  1939728     57472  91311120  0.000  0.000    3.529    7.883    0    0  (Gen:  0)
  2390288    114624  91480936  0.000  0.000    3.532    7.886    0    0  (Gen:  0)
  1295632     84864  91657336  0.000  0.000    3.533    7.887    0    0  (Gen:  0)
  2219760     67824  91841600  0.000  0.000    3.535    7.889    0    0  (Gen:  0)
  2075064     76360  92135376  0.001  0.000    3.538    7.891    0    0  (Gen:  0)
  1037240     77872  92176704  0.001  0.000    3.539    7.892    0    0  (Gen:  0)
  1192832    140592  92398136  0.001  0.000    3.541    7.893    0    0  (Gen:  0)
  1034576    168128  92470344  0.001  0.000    3.543    7.894    0    0  (Gen:  0)
  1205648    152856  92710424  0.001  0.000    3.544    7.895    0    0  (Gen:  0)
  1035240    165880  92794936  0.001  0.000    3.546    7.895    0    0  (Gen:  0)
  1173240    156008  92991832  0.001  0.000    3.548    7.896    0    0  (Gen:  0)
  1027720    143768  93063256  0.001  0.000    3.550    7.897    0    0  (Gen:  0)
  1352304    103560  93252584  0.001  0.000    3.551    7.898    0    0  (Gen:  0)
  1034968     26688  93254256  0.000  0.000    3.552    7.899    0    0  (Gen:  0)
  1851320     53744  93378472  0.000  0.000    3.554    7.901    0    0  (Gen:  0)
  1034800    108448  93432000  0.001  0.000    3.555    7.901    0    0  (Gen:  0)
  1035016    141384  93498784  0.001  0.000    3.557    7.902    0    0  (Gen:  0)
  1035072    146336  93569432  0.001  0.000    3.558    7.903    0    0  (Gen:  0)
  1065280    125376  93649928  0.001  0.000    3.560    7.904    0    0  (Gen:  0)
  2615696     83656  93705352  0.000  0.000    3.563    7.907    0    0  (Gen:  0)
  1037752     72648  93724304  0.000  0.000    3.564    7.907    0    0  (Gen:  0)
  1033000    112112  93799480  0.001  0.000    3.565    7.908    0    0  (Gen:  0)
  1031896    148728  93872584  0.001  0.000    3.567    7.909    0    0  (Gen:  0)
  1033344    140240  93939848  0.001  0.000    3.568    7.909    0    0  (Gen:  0)
  1032768    136920  94004664  0.001  0.000    3.570    7.910    0    0  (Gen:  0)
  1031976    141800  94076536  0.001  0.000    3.571    7.911    0    0  (Gen:  0)
  1035776    146696  94145384  0.001  0.000    3.573    7.912    0    0  (Gen:  0)
  1033352    151552  94217872  0.001  0.000    3.574    7.912    0    0  (Gen:  0)
  1033968    139336  94279912  0.001  0.000    3.576    7.913    0    0  (Gen:  0)
  1033232    141456  94354328  0.001  0.000    3.577    7.914    0    0  (Gen:  0)
  1569832    122488  94428736  0.001  0.000    3.579    7.915    0    0  (Gen:  0)
  1618536     65688  94458800  0.000  0.000    3.581    7.917    0    0  (Gen:  0)
  3063512     92248  94520016  0.000  0.000    3.584    7.920    0    0  (Gen:  0)
  2237272    100904  94556064  0.000  0.000    3.587    7.922    0    0  (Gen:  0)
  1034728    102328  94614328  0.001  0.000    3.588    7.923    0    0  (Gen:  0)
  1032240    145328  94692576  0.001  0.000    3.590    7.924    0    0  (Gen:  0)
  1063856    111136  94754272  0.001  0.000    3.591    7.925    0    0  (Gen:  0)
  1519880     55408  94788088  0.000  0.000    3.593    7.927    0    0  (Gen:  0)
  1038312     57928  94809224  0.000  0.000    3.594    7.927    0    0  (Gen:  0)
  1035544    108216  94882128  0.001  0.000    3.596    7.928    0    0  (Gen:  0)
  1038064    135624  94940728  0.001  0.000    3.597    7.929    0    0  (Gen:  0)
  1134072     84104  94994992  0.001  0.000    3.599    7.930    0    0  (Gen:  0)
  2797040     52584  95050512  0.000  0.000    3.601    7.933    0    0  (Gen:  0)
  1037832     68672  95071928  0.000  0.000    3.602    7.933    0    0  (Gen:  0)
  1035304     94024  95135600  0.001  0.000    3.604    7.934    0    0  (Gen:  0)
  1035128    129464  95200912  0.001  0.000    3.605    7.935    0    0  (Gen:  0)
  1035168    146464  95277336  0.001  0.000    3.607    7.936    0    0  (Gen:  0)
  1034864    149016  95345376  0.001  0.000    3.608    7.936    0    0  (Gen:  0)
  1034008    142144  95414496  0.001  0.000    3.610    7.937    0    0  (Gen:  0)
  1033984    147760  95486368  0.001  0.000    3.611    7.938    0    0  (Gen:  0)
  1139352    149648  95656592  0.001  0.000    3.613    7.939    0    0  (Gen:  0)
  1034416    147672  95726272  0.001  0.000    3.615    7.940    0    0  (Gen:  0)
  1172320    146912  95928544  0.001  0.000    3.617    7.941    0    0  (Gen:  0)
  1034216    158800  96006976  0.001  0.000    3.619    7.941    0    0  (Gen:  0)
  1173264    156472  96207544  0.001  0.000    3.620    7.942    0    0  (Gen:  0)
  1036504    157952  96290880  0.001  0.000    3.622    7.943    0    0  (Gen:  0)
  1141136    108912  96408928  0.000  0.000    3.623    7.944    0    0  (Gen:  0)
  1037760     31008  96417112  0.000  0.000    3.624    7.945    0    0  (Gen:  0)
  1037976     20912  96424088  0.000  0.000    3.625    7.945    0    0  (Gen:  0)
  3117016     68696  96526496  0.000  0.000    3.628    7.948    0    0  (Gen:  0)
  2250296    102784  96563472  0.000  0.000    3.630    7.950    0    0  (Gen:  0)
  2226984    114640  96648272  0.001  0.000    3.633    7.953    0    0  (Gen:  0)
  1035768    142200  96713464  0.001  0.000    3.634    7.954    0    0  (Gen:  0)
  1032824    158288  96797392  0.001  0.000    3.636    7.954    0    0  (Gen:  0)
  1032864    155984  96869312  0.001  0.000    3.638    7.955    0    0  (Gen:  0)
  1673288    143536  96966664  0.001  0.000    3.640    7.957    0    0  (Gen:  0)
  2051112     86056  96997880  0.000  0.000    3.642    7.959    0    0  (Gen:  0)
  1035272     67712  97026864  0.000  0.000    3.643    7.960    0    0  (Gen:  0)
  1033680    110088  97093936  0.001  0.000    3.645    7.960    0    0  (Gen:  0)
  1037296    130584  97152104  0.001  0.000    3.646    7.961    0    0  (Gen:  0)
  1070640     65960  97185408  0.000  0.000    3.647    7.962    0    0  (Gen:  0)
  3078160     53032  97564608  0.000  0.000    3.650    7.984    0    0  (Gen:  0)
  1374144     44632  97767616  0.000  0.000    3.652    7.997    0    0  (Gen:  0)
  1039912     10400  97763496  0.000  0.000    3.652    7.997    0    0  (Gen:  0)
  1039152      8144  97767288  0.000  0.000    3.653    7.998    0    0  (Gen:  0)
  1037864      6176  97771560  0.000  0.000    3.653    7.998    0    0  (Gen:  0)
  1036904     28872  97800192  0.000  0.000    3.654    7.999    0    0  (Gen:  0)
  1033728     96072  97867824  0.001  0.000    3.655    7.999    0    0  (Gen:  0)
  1034744    131392  97927088  0.001  0.000    3.657    8.000    0    0  (Gen:  0)
  1034040    139408  98001520  0.001  0.000    3.658    8.001    0    0  (Gen:  0)
  1071320    145512  98099104  0.001  0.000    3.660    8.002    0    0  (Gen:  0)
  1064672     69736  98132752  0.000  0.000    3.661    8.003    0    0  (Gen:  0)
  3070424     53512  98738504  0.000  0.000    3.665    8.038    0    0  (Gen:  0)
  1041128     36632  98684040  0.000  0.000    3.666    8.038    0    0  (Gen:  0)
  1037976      4920  98684688  0.000  0.000    3.666    8.038    0    0  (Gen:  0)
  1039128      9872  98690064  0.000  0.000    3.667    8.039    0    0  (Gen:  0)
  1036928      8952  98697584  0.000  0.000    3.668    8.039    0    0  (Gen:  0)
  1038968      4432  98694664  0.000  0.000    3.668    8.040    0    0  (Gen:  0)
  1033160     61960  98752504  0.001  0.000    3.669    8.040    0    0  (Gen:  0)
  1035048    137768  98828544  0.001  0.000    3.671    8.041    0    0  (Gen:  0)
  1033464    158944  98906400  0.001  0.000    3.673    8.042    0    0  (Gen:  0)
  1033424    163808  98987984  0.001  0.000    3.674    8.043    0    0  (Gen:  0)
  1035928    142648  99042608  0.001  0.000    3.676    8.044    0    0  (Gen:  0)
  1037720     93448  99076968  0.001  0.000    3.677    8.044    0    0  (Gen:  0)
  1036112    100032  99136432  0.001  0.000    3.678    8.045    0    0  (Gen:  0)
  1035944    126272  99203216  0.001  0.000    3.680    8.045    0    0  (Gen:  0)
  1036776    130056  99264632  0.001  0.000    3.682    8.047    0    0  (Gen:  0)
  1070320     63568  99297920  0.000  0.000    3.683    8.048    0    0  (Gen:  0)
  3488104     70096  99785344  0.000  0.000    3.686    8.051    0    0  (Gen:  0)
  2261560     98680  99831568  0.000  0.000    3.688    8.053    0    0  (Gen:  0)
  1699184    107048  99932824  0.001  0.000    3.690    8.054    0    0  (Gen:  0)
  2692304     76296  99989960  0.000  0.000    3.693    8.057    0    0  (Gen:  0)
  1384584     56800 100008584  0.000  0.000    3.694    8.058    0    0  (Gen:  0)
  2115200     66480 100061272  0.000  0.000    3.696    8.060    0    0  (Gen:  0)
  2546400     74888 100135496  0.000  0.000    3.699    8.062    0    0  (Gen:  0)
  3402152     69184 100274728  0.001  0.000    3.703    8.096    0    0  (Gen:  0)
  1041728     39904 100224256  0.000  0.000    3.704    8.096    0    0  (Gen:  0)
  1037264      4656 100224576  0.000  0.000    3.704    8.097    0    0  (Gen:  0)
  1038192     11416 100231736  0.000  0.000    3.705    8.097    0    0  (Gen:  0)
  1038960      5728 100234200  0.000  0.000    3.705    8.098    0    0  (Gen:  0)
  1038336      7544 100237664  0.000  0.000    3.706    8.098    0    0  (Gen:  0)
  1036400     69416 100303912  0.001  0.000    3.707    8.099    0    0  (Gen:  0)
  1034272    137736 100374344  0.001  0.000    3.709    8.100    0    0  (Gen:  0)
  1032912    139600 100439096  0.001  0.000    3.710    8.101    0    0  (Gen:  0)
  1035520    142080 100508192  0.001  0.000    3.712    8.101    0    0  (Gen:  0)
  1033728    140448 100572864  0.001  0.000    3.713    8.102    0    0  (Gen:  0)
  2067896    149432 100686160  0.001  0.000    3.716    8.104    0    0  (Gen:  0)
  2069816    103136 100707416  0.000  0.000    3.718    8.106    0    0  (Gen:  0)
  1220984     64640 100808280  0.000  0.000    3.719    8.107    0    0  (Gen:  0)
  1033664     97456 100853552  0.001  0.000    3.721    8.108    0    0  (Gen:  0)
  1035728    116096 100910744  0.001  0.000    3.722    8.109    0    0  (Gen:  0)
  1035176    109248 100958664  0.001  0.000    3.723    8.109    0    0  (Gen:  0)
  1037448     89688 100993168  0.001  0.000    3.725    8.110    0    0  (Gen:  0)
  1038216     67224 101021152  0.001  0.000    3.726    8.111    0    0  (Gen:  0)
  1036984     65736 101054344  0.001  0.000    3.727    8.111    0    0  (Gen:  0)
  1036704     89720 101106048  0.001  0.000    3.728    8.112    0    0  (Gen:  0)
  1035016    116424 101166528  0.001  0.000    3.730    8.113    0    0  (Gen:  0)
  1033864    130072 101231832  0.001  0.000    3.731    8.114    0    0  (Gen:  0)
  1037360    116568 101276192  0.001  0.000    3.733    8.114    0    0  (Gen:  0)
  1036680    101920 101325728  0.001  0.000    3.734    8.115    0    0  (Gen:  0)
  1036584    114648 101386640  0.001  0.000    3.735    8.116    0    0  (Gen:  0)
  1035440    120688 101441992  0.001  0.000    3.737    8.117    0    0  (Gen:  0)
  1032144    125552 101508176  0.001  0.000    3.738    8.117    0    0  (Gen:  0)
  1034008    135624 101573128  0.001  0.000    3.740    8.118    0    0  (Gen:  0)
  1036064    103208 101606648  0.001  0.000    3.741    8.119    0    0  (Gen:  0)
  1033424    102632 101673944  0.001  0.000    3.742    8.119    0    0  (Gen:  0)
  1033840    141792 101747832  0.001  0.000    3.744    8.120    0    0  (Gen:  0)
  1037280    116760 101785184  0.001  0.000    3.745    8.121    0    0  (Gen:  0)
  1038160     73480 101816656  0.001  0.000    3.746    8.121    0    0  (Gen:  0)
  2137936    119848 101933248  0.001  0.000    3.748    8.123    0    0  (Gen:  0)
  1765912    103872 101953624  0.000  0.000    3.751    8.125    0    0  (Gen:  0)
  1125560     73288 102026120  0.001  0.000    3.752    8.126    0    0  (Gen:  0)
  1032576    108560 102077712  0.001  0.000    3.754    8.127    0    0  (Gen:  0)
  1031056    133208 102144128  0.001  0.000    3.755    8.128    0    0  (Gen:  0)
  1031512    137400 102211440  0.001  0.000    3.756    8.128    0    0  (Gen:  0)
  1031272    140920 102280856  0.001  0.000    3.757    8.129    0    0  (Gen:  0)
  1030360    142392 102349984  0.001  0.000    3.758    8.129    0    0  (Gen:  0)
  1030808    142792 102419584  0.001  0.000    3.760    8.130    0    0  (Gen:  0)
  1030648    142888 102489192  0.001  0.000    3.761    8.131    0    0  (Gen:  0)
  1030784    143584 102558904  0.001  0.000    3.762    8.131    0    0  (Gen:  0)
  1031304    139576 102624928  0.001  0.000    3.763    8.132    0    0  (Gen:  0)
  1031592    140488 102695200  0.001  0.000    3.764    8.132    0    0  (Gen:  0)
  1030840    144840 102765480  0.001  0.000    3.765    8.133    0    0  (Gen:  0)
  1033856    142512 102833144  0.001  0.000    3.767    8.134    0    0  (Gen:  0)
  1767376    118088 102919784  0.001  0.000    3.769    8.136    0    0  (Gen:  0)
  1099184     68144 102935912  0.000  0.000    3.771    8.137    0    0  (Gen:  0)
  1493968     50352 102966312  0.000  0.000    3.772    8.138    0    0  (Gen:  0)
  1328808     50208 102983680  0.000  0.000    3.773    8.139    0    0  (Gen:  0)
  3096440     85280 103051520  0.000  0.000    3.776    8.142    0    0  (Gen:  0)
  1103856     68304 103040208  0.000  0.000    3.778    8.143    0    0  (Gen:  0)
  1570624    106152 103167376  0.001  0.000    3.779    8.144    0    0  (Gen:  0)
  1778672     52648 103205928  0.000  0.000    3.781    8.146    0    0  (Gen:  0)
  2657680     75688 103264976  0.000  0.000    3.783    8.148    0    0  (Gen:  0)
  2619112     95688 103338168  0.000  0.000    3.786    8.151    0    0  (Gen:  0)
  1027936     64672 103360464  0.000  0.000    3.787    8.152    0    0  (Gen:  0)
  1034536     84984 103425712  0.001  0.000    3.789    8.153    0    0  (Gen:  0)
  1035176    150128 103506312  0.001  0.000    3.790    8.153    0    0  (Gen:  0)
  1036208    150064 103571432  0.001  0.000    3.792    8.154    0    0  (Gen:  0)
  1070432     82040 103613488  0.001  0.000    3.793    8.155    0    0  (Gen:  0)
  1125016     31264 103662072  0.000  0.000    3.795    8.156    0    0  (Gen:  0)
  2686144     40584 104484144  0.000  0.000    3.797    8.158    0    0  (Gen:  0)
  1141968     60736 104609240  0.000  0.000    3.798    8.159    0    0  (Gen:  0)
  1033912    105968 104674456  0.001  0.000    3.800    8.160    0    0  (Gen:  0)
  1206272    138064 104874264  0.001  0.000    3.801    8.161    0    0  (Gen:  0)
  1035320    151744 104951576  0.001  0.000    3.803    8.161    0    0  (Gen:  0)
  1155680    146576 105119112  0.001  0.000    3.805    8.162    0    0  (Gen:  0)
  1070424    133040 105215416  0.001  0.000    3.806    8.163    0    0  (Gen:  0)
  1401496    112696 105389088  0.001  0.000    3.808    8.164    0    0  (Gen:  0)
  2813776    107616 105472464  0.001  0.000    3.811    8.167    0    0  (Gen:  0)
  1806928    111944 105491448  0.001  0.000    3.814    8.169    0    0  (Gen:  0)
  1533616     89328 105549552  0.000  0.000    3.815    8.171    0    0  (Gen:  0)
  1789864     91552 105547832  0.001  0.000    3.817    8.172    0    0  (Gen:  0)
  2343632    117912 105781064  0.000  0.000    3.820    8.181    0    0  (Gen:  0)
  1440808     33536 105655592  0.000  0.000    3.821    8.206    0    0  (Gen:  0)
  1039800      6976 105651584  0.000  0.000    3.821    8.206    0    0  (Gen:  0)
  1037656      9904 105657192  0.000  0.000    3.822    8.207    0    0  (Gen:  0)
  1039744      7632 105663416  0.000  0.000    3.823    8.207    0    0  (Gen:  0)
  1038416      4480 105662016  0.000  0.000    3.823    8.207    0    0  (Gen:  0)
  1036496     55712 105713592  0.000  0.000    3.824    8.208    0    0  (Gen:  0)
  2058088    127776 105818696  0.001  0.000    3.827    8.210    0    0  (Gen:  0)
  1858992    111096 105855448  0.000  0.000    3.829    8.212    0    0  (Gen:  0)
  1135656     58408 105877888  0.000  0.000    3.830    8.213    0    0  (Gen:  0)
  3909856    101592 106001848  0.001  0.000    3.834    8.217    0    0  (Gen:  0)
  1036472    121608 106032624  0.001  0.000    3.835    8.218    0    0  (Gen:  0)
  2079696     95144 106114368  0.000  0.000    3.838    8.220    0    0  (Gen:  0)
  1082280     95888 106173656  0.001  0.000    3.839    8.221    0    0  (Gen:  0)
  1040064    104504 106210576  0.001  0.000    3.841    8.222    0    0  (Gen:  0)
  1039576     92240 106252088  0.000  0.000    3.842    8.223    0    0  (Gen:  0)
  1888048     77544 106327896  0.000  0.000    3.844    8.225    0    0  (Gen:  0)
  1867608     71000 107388552  0.000  0.000    3.846    8.246    0    0  (Gen:  0)
  1470952     29496 107698696  0.000  0.000    3.848    8.257    0    0  (Gen:  0)
  1040248     10576 107691448  0.000  0.000    3.848    8.258    0    0  (Gen:  0)
  1038992      8680 107695896  0.000  0.000    3.849    8.258    0    0  (Gen:  0)
  1038960      5976 107700744  0.000  0.000    3.849    8.259    0    0  (Gen:  0)
  1037472     12256 107708848  0.000  0.000    3.850    8.259    0    0  (Gen:  0)
  1038264     60584 107761584  0.000  0.000    3.851    8.260    0    0  (Gen:  0)
  1103104     96744 107838504  0.000  0.000    3.853    8.261    0    0  (Gen:  0)
  1305168     67888 107869344  0.000  0.000    3.854    8.262    0    0  (Gen:  0)
  2328256     70144 107905120  0.000  0.000    3.856    8.264    0    0  (Gen:  0)
  1102384     60400 107920768  0.000  0.000    3.858    8.266    0    0  (Gen:  0)
  1684640     50544 108009832  0.000  0.000    3.860    8.268    0    0  (Gen:  0)
  1034000     62496 108031408  0.000  0.000    3.861    8.268    0    0  (Gen:  0)
  1034640     83856 108079984  0.001  0.000    3.862    8.269    0    0  (Gen:  0)
  1035568    110928 108137368  0.001  0.000    3.864    8.270    0    0  (Gen:  0)
  1036256    104736 108180272  0.001  0.000    3.865    8.271    0    0  (Gen:  0)
  1067656    102224 108267904  0.001  0.000    3.866    8.271    0    0  (Gen:  0)
  1036344    111992 108320480  0.001  0.000    3.868    8.272    0    0  (Gen:  0)
  1035480    106632 108370576  0.001  0.000    3.869    8.273    0    0  (Gen:  0)
  1038768     97912 108413584  0.001  0.000    3.870    8.273    0    0  (Gen:  0)
  1036576    101728 108464040  0.001  0.000    3.872    8.274    0    0  (Gen:  0)
  1037528    106992 108515432  0.001  0.000    3.873    8.275    0    0  (Gen:  0)
  1071176    109064 108600864  0.001  0.000    3.875    8.276    0    0  (Gen:  0)
  1037672    108408 108651584  0.001  0.000    3.876    8.277    0    0  (Gen:  0)
  1036448    112616 108706808  0.001  0.000    3.877    8.278    0    0  (Gen:  0)
  1034728    112944 108757064  0.001  0.000    3.879    8.278    0    0  (Gen:  0)
  1071424     99608 108830712  0.000  0.000    3.880    8.279    0    0  (Gen:  0)
  1038576     52504 108833984  0.000  0.000    3.882    8.280    0    0  (Gen:  0)
  1038856     13472 108835848  0.000  0.000    3.882    8.281    0    0  (Gen:  0)
  1038112     12352 108840032  0.000  0.000    3.883    8.281    0    0  (Gen:  0)
  1486568     14976 108845288  0.000  0.000    3.884    8.282    0    0  (Gen:  0)
  1947728     36808 108906600  0.000  0.000    3.886    8.284    0    0  (Gen:  0)
  1221368     82200 108964000  0.001  0.000    3.888    8.285    0    0  (Gen:  0)
  1072792     89880 108983832  0.000  0.000    3.889    8.286    0    0  (Gen:  0)
  1362272     59776 109012760  0.000  0.000    3.891    8.288    0    0  (Gen:  0)
  1217424     84376 109073744  0.001  0.000    3.892    8.289    0    0  (Gen:  0)
  1038736    119640 109119472  0.001  0.000    3.894    8.290    0    0  (Gen:  0)
  2075080    111592 109175488  0.000  0.000    3.896    8.292    0    0  (Gen:  0)
  1605408    118272 109313840  0.001  0.000    3.898    8.293    0    0  (Gen:  0)
  3079032    139168 109386048  0.001  0.000    3.901    8.296    0    0  (Gen:  0)
  2000464     99336 109362240  0.000  0.000    3.904    8.298    0    0  (Gen:  0)
  2198392     51280 109968256  0.000  0.000    3.906    8.331    0    0  (Gen:  0)
  1040360     23664 109913576  0.000  0.000    3.907    8.331    0    0  (Gen:  0)
  1038120      7704 109917136  0.000  0.000    3.907    8.332    0    0  (Gen:  0)
  1037576      8888 109924680  0.000  0.000    3.908    8.332    0    0  (Gen:  0)
  1038136      4856 109922304  0.000  0.000    3.908    8.332    0    0  (Gen:  0)
  1556200     37712 109988256  0.000  0.000    3.910    8.334    0    0  (Gen:  0)
  2958408     83296 110045360  0.000  0.000    3.913    8.336    0    0  (Gen:  0)
  1206704     70264 110062104  0.000  0.000    3.914    8.338    0    0  (Gen:  0)
  2210664     84600 110134488  0.000  0.000    3.917    8.340    0    0  (Gen:  0)
  1068456     95992 110154696  0.000  0.000    3.918    8.341    0    0  (Gen:  0)
  2508120    119472 110246160  0.001  0.000    3.921    8.343    0    0  (Gen:  0)
  3135320    134768 110306728  0.001  0.000    3.924    8.347    0    0  (Gen:  0)
  1034976    147512 110373416  0.001  0.000    3.926    8.347    0    0  (Gen:  0)
  1033376    159768 110457896  0.001  0.000    3.928    8.348    0    0  (Gen:  0)
  1034664    166416 110539448  0.001  0.000    3.929    8.349    0    0  (Gen:  0)
  2048160    167120 110651408  0.001  0.000    3.932    8.351    0    0  (Gen:  0)
  2646856    137928 110716104  0.001  0.000    3.935    8.353    0    0  (Gen:  0)
  1073144     84656 110693984  0.000  0.000    3.936    8.354    0    0  (Gen:  0)
  1539648     48520 110756320  0.000  0.000    3.938    8.356    0    0  (Gen:  0)
  1036568     52088 110785704  0.000  0.000    3.939    8.357    0    0  (Gen:  0)
  1034880     85656 110832648  0.001  0.000    3.940    8.357    0    0  (Gen:  0)
  1034936    109208 110890080  0.001  0.000    3.942    8.358    0    0  (Gen:  0)
  1033328    133176 110951032  0.001  0.000    3.943    8.359    0    0  (Gen:  0)
  1068152    109920 111027552  0.001  0.000    3.944    8.360    0    0  (Gen:  0)
  2509952    107648 111084520  0.000  0.000    3.947    8.362    0    0  (Gen:  0)
  1197672     79152 111120704  0.000  0.000    3.949    8.363    0    0  (Gen:  0)
  1035976     74464 111163752  0.001  0.000    3.950    8.364    0    0  (Gen:  0)
  1036232    108256 111215960  0.001  0.000    3.951    8.365    0    0  (Gen:  0)
  1345952    124488 111577592  0.001  0.000    3.953    8.365    0    0  (Gen:  0)
  1071712    104208 111643872  0.000  0.000    3.954    8.366    0    0  (Gen:  0)
  1066816     83016 111719712  0.000  0.000    3.955    8.367    0    0  (Gen:  0)
  1102904    110680 111848048  0.001  0.000    3.956    8.368    0    0  (Gen:  0)
  1035480    132096 111911144  0.001  0.000    3.958    8.368    0    0  (Gen:  0)
  1035344    129880 111973704  0.001  0.000    3.959    8.369    0    0  (Gen:  0)
  1037336    122088 112027824  0.001  0.000    3.961    8.370    0    0  (Gen:  0)
  1039032     98624 112066960  0.000  0.000    3.962    8.371    0    0  (Gen:  0)
  1071312     85888 112143312  0.000  0.000    3.963    8.372    0    0  (Gen:  0)
  1064032     65992 112197584  0.000  0.000    3.964    8.372    0    0  (Gen:  0)
  2426040     55056 112248696  0.000  0.000    3.967    8.375    0    0  (Gen:  0)
  1392616     56712 112466648  0.000  0.000    3.969    8.407    0    0  (Gen:  0)
  1041392     11624 112422048  0.000  0.000    3.970    8.407    0    0  (Gen:  0)
  1038248      4848 112422800  0.000  0.000    3.970    8.407    0    0  (Gen:  0)
  1037968      9096 112427424  0.000  0.000    3.971    8.408    0    0  (Gen:  0)
  1038096      5408 112431376  0.000  0.000    3.971    8.408    0    0  (Gen:  0)
  1038192     20872 112448520  0.000  0.000    3.972    8.409    0    0  (Gen:  0)
  1070792     49568 112514216  0.000  0.000    3.973    8.410    0    0  (Gen:  0)
  3201296     90576 112570744  0.000  0.000    3.976    8.413    0    0  (Gen:  0)
  1398112     87776 112565320  0.000  0.000    3.978    8.414    0    0  (Gen:  0)
  1101424     74912 112640880  0.000  0.000    3.979    8.415    0    0  (Gen:  0)
  2314144     69224 112714624  0.001  0.000    3.982    8.417    0    0  (Gen:  0)
  1035728    135736 112780824  0.001  0.000    3.983    8.418    0    0  (Gen:  0)
  1034680    145912 112844248  0.001  0.000    3.985    8.419    0    0  (Gen:  0)
  1032184    164360 112928024  0.001  0.000    3.986    8.420    0    0  (Gen:  0)
  1071120    121096 112988352  0.001  0.000    3.988    8.421    0    0  (Gen:  0)
  2173256     94176 113065424  0.001  0.000    3.990    8.423    0    0  (Gen:  0)
  1084808     74928 113061336  0.000  0.000    3.992    8.424    0    0  (Gen:  0)
  1779080     33880 113086072  0.000  0.000    3.994    8.426    0    0  (Gen:  0)
  1114216     47360 113145832  0.000  0.000    3.995    8.427    0    0  (Gen:  0)
  1033576     79000 113189264  0.001  0.000    3.996    8.427    0    0  (Gen:  0)
  1033632    125776 113252096  0.001  0.000    3.997    8.428    0    0  (Gen:  0)
  1033864    139056 113323048  0.001  0.000    3.999    8.429    0    0  (Gen:  0)
  1035560    139664 113391688  0.001  0.000    4.000    8.430    0    0  (Gen:  0)
  1033616    133664 113455472  0.001  0.000    4.002    8.430    0    0  (Gen:  0)
  1034200    138488 113525056  0.001  0.000    4.003    8.431    0    0  (Gen:  0)
  1036232    127408 113575496  0.001  0.000    4.005    8.432    0    0  (Gen:  0)
  1035000    110352 113629104  0.001  0.000    4.006    8.432    0    0  (Gen:  0)
  1035328    107968 113677608  0.001  0.000    4.007    8.433    0    0  (Gen:  0)
  1035400    106080 113729792  0.001  0.000    4.008    8.434    0    0  (Gen:  0)
  1035424    111832 113784360  0.001  0.000    4.010    8.434    0    0  (Gen:  0)
  1036632    111952 113834632  0.001  0.000    4.011    8.435    0    0  (Gen:  0)
  1035264    112256 113892424  0.001  0.000    4.012    8.436    0    0  (Gen:  0)
  1031944    131264 113958224  0.001  0.000    4.014    8.436    0    0  (Gen:  0)
  1035120    140728 114026528  0.001  0.000    4.015    8.437    0    0  (Gen:  0)
  1035296    131384 114084880  0.001  0.000    4.017    8.438    0    0  (Gen:  0)
  1033896    122760 114144456  0.001  0.000    4.018    8.439    0    0  (Gen:  0)
  1037032    113096 114191528  0.001  0.000    4.019    8.439    0    0  (Gen:  0)
  1379064    116864 114584040  0.001  0.000    4.021    8.440    0    0  (Gen:  0)
  1167664    116112 114729104  0.001  0.000    4.022    8.441    0    0  (Gen:  0)
  1073672    107640 114780152  0.001  0.000    4.024    8.442    0    0  (Gen:  0)
  1037816     62280 114783336  0.000  0.000    4.025    8.443    0    0  (Gen:  0)
  1103912     12192 114849496  0.000  0.000    4.026    8.443    0    0  (Gen:  0)
  1355544     34936 114911256  0.000  0.000    4.028    8.445    0    0  (Gen:  0)
  1146320     61920 114992960  0.000  0.001    4.029    8.447    0    0  (Gen:  0)
  1031008    114200 115065056  0.001  0.000    4.030    8.447    0    0  (Gen:  0)
  1071312    113248 115134192  0.001  0.000    4.032    8.448    0    0  (Gen:  0)
  1497032     67040 115163520  0.000  0.000    4.034    8.450    0    0  (Gen:  0)
  1193088     36856 115173240  0.000  0.000    4.035    8.451    0    0  (Gen:  0)
  1092240     71232 115257528  0.001  0.000    4.037    8.452    0    0  (Gen:  0)
  1070208    111552 115337064  0.001  0.000    4.038    8.453    0    0  (Gen:  0)
  1067512     71464 115352488  0.000  0.000    4.039    8.454    0    0  (Gen:  0)
  1968312     54440 115421016  0.000  0.000    4.041    8.456    0    0  (Gen:  0)
  2019624     78168 115468328  0.000  0.000    4.043    8.458    0    0  (Gen:  0)
  3040848     77496 115522648  0.000  0.000    4.046    8.461    0    0  (Gen:  0)
  1039616     74872 115545936  0.001  0.000    4.048    8.462    0    0  (Gen:  0)
  1099440     94392 115669376  0.001  0.000    4.049    8.462    0    0  (Gen:  0)
  1035064    131256 115737640  0.001  0.000    4.051    8.463    0    0  (Gen:  0)
  1034808    135224 115798136  0.001  0.000    4.052    8.464    0    0  (Gen:  0)
  1034272    139264 115875960  0.001  0.000    4.054    8.465    0    0  (Gen:  0)
  1069376    122848 115953032  0.001  0.000    4.055    8.466    0    0  (Gen:  0)
  1037576     72520 115971624  0.001  0.000    4.057    8.467    0    0  (Gen:  0)
  1038392     37056 115984792  0.000  0.000    4.058    8.467    0    0  (Gen:  0)
  1564288     44136 116048248  0.000  0.000    4.059    8.469    0    0  (Gen:  0)
  1146752     53912 116081240  0.000  0.000    4.061    8.470    0    0  (Gen:  0)
  1035688     98672 116137848  0.001  0.000    4.062    8.471    0    0  (Gen:  0)
  1037248    119640 116191512  0.001  0.000    4.063    8.472    0    0  (Gen:  0)
  1070200     86888 116251320  0.001  0.000    4.065    8.473    0    0  (Gen:  0)
  2557352     63704 116431128  0.000  0.000    4.067    8.475    0    0  (Gen:  0)
  1036080    103656 116486392  0.001  0.000    4.069    8.476    0    0  (Gen:  0)
  1035344    120496 116538640  0.001  0.000    4.070    8.477    0    0  (Gen:  0)
  1067520     70456 116583048  0.001  0.000    4.072    8.478    0    0  (Gen:  0)
  2157584     66584 116673704  0.000  0.000    4.074    8.480    0    0  (Gen:  0)
  2333312     70336 116704440  0.000  0.000    4.077    8.482    0    0  (Gen:  0)
  1036560    102640 116762896  0.001  0.000    4.078    8.483    0    0  (Gen:  0)
  1035024    151672 116843200  0.001  0.000    4.080    8.484    0    0  (Gen:  0)
  1032648    169056 116925896  0.001  0.000    4.081    8.485    0    0  (Gen:  0)
  1036072    157584 117000544  0.001  0.000    4.083    8.486    0    0  (Gen:  0)
  1036184    146872 117069800  0.001  0.000    4.085    8.487    0    0  (Gen:  0)
  1071056     87984 117116520  0.001  0.000    4.086    8.488    0    0  (Gen:  0)
  2264696     44000 117176472  0.000  0.000    4.088    8.490    0    0  (Gen:  0)
  1313184     65872 117224200  0.000  0.000    4.090    8.491    0    0  (Gen:  0)
  1036448    121656 117292064  0.001  0.000    4.092    8.492    0    0  (Gen:  0)
  1034968    150184 117361704  0.001  0.000    4.093    8.492    0    0  (Gen:  0)
  1071392    109872 117424672  0.000  0.000    4.094    8.493    0    0  (Gen:  0)
  1033104     34376 117423288  0.000  0.000    4.096    8.494    0    0  (Gen:  0)
  1560432     35552 117497416  0.000  0.000    4.097    8.496    0    0  (Gen:  0)
  1862448     80400 117545448  0.001  0.000    4.100    8.498    0    0  (Gen:  0)
  1559360     80544 117586552  0.000  0.000    4.101    8.499    0    0  (Gen:  0)
  1033464     74072 117627048  0.001  0.000    4.103    8.500    0    0  (Gen:  0)
  1036616    102896 117674192  0.001  0.000    4.104    8.501    0    0  (Gen:  0)
  1033264    114920 117736624  0.001  0.000    4.105    8.501    0    0  (Gen:  0)
  1035384    130952 117805184  0.001  0.000    4.106    8.502    0    0  (Gen:  0)
  1036336    131976 117865960  0.001  0.000    4.108    8.503    0    0  (Gen:  0)
  1033672    122632 117922640  0.001  0.000    4.109    8.504    0    0  (Gen:  0)
  1033472    126504 117985360  0.001  0.000    4.111    8.504    0    0  (Gen:  0)
  1033576    134352 118051952  0.001  0.000    4.112    8.505    0    0  (Gen:  0)
  1035800    127048 118106656  0.001  0.000    4.114    8.506    0    0  (Gen:  0)
  1037736    105880 118153640  0.001  0.000    4.115    8.506    0    0  (Gen:  0)
  1033848    127304 118228056  0.001  0.000    4.116    8.507    0    0  (Gen:  0)
  1068856    119672 118301136  0.001  0.000    4.117    8.508    0    0  (Gen:  0)
  2016568    115776 118341192  0.001  0.000    4.120    8.510    0    0  (Gen:  0)
  1038168     81088 118349472  0.000  0.000    4.121    8.511    0    0  (Gen:  0)
  1067232     17632 118386256  0.000  0.000    4.122    8.511    0    0  (Gen:  0)
  2238720     48960 118747072  0.000  0.000    4.124    8.514    0    0  (Gen:  0)
  1072784     91896 118821864  0.001  0.000    4.126    8.515    0    0  (Gen:  0)
  1104872     90144 118922240  0.000  0.000    4.127    8.515    0    0  (Gen:  0)
  1035560     95760 118977184  0.001  0.000    4.128    8.516    0    0  (Gen:  0)
  1099832    127256 119109904  0.001  0.000    4.130    8.517    0    0  (Gen:  0)
  1035304    130520 119167600  0.001  0.000    4.131    8.517    0    0  (Gen:  0)
  1035080    125816 119230264  0.001  0.000    4.133    8.518    0    0  (Gen:  0)
  1036104    125760 119290576  0.001  0.000    4.134    8.519    0    0  (Gen:  0)
  1034016    122560 119352904  0.001  0.000    4.135    8.520    0    0  (Gen:  0)
  1034048    137216 119420760  0.001  0.000    4.137    8.520    0    0  (Gen:  0)
  1033744    133072 119481024  0.001  0.000    4.138    8.521    0    0  (Gen:  0)
  1106016    116960 119596176  0.001  0.000    4.140    8.522    0    0  (Gen:  0)
  1426016     90480 119599072  0.000  0.000    4.142    8.523    0    0  (Gen:  0)
  1037792     45008 119604136  0.000  0.000    4.143    8.524    0    0  (Gen:  0)
  2659512     67408 119775256  0.001  0.000    4.145    8.527    0    0  (Gen:  0)
  1035672    120296 119823544  0.001  0.000    4.147    8.528    0    0  (Gen:  0)
  1032464    121872 119883768  0.001  0.000    4.148    8.528    0    0  (Gen:  0)
  1070168    100480 119949680  0.000  0.000    4.150    8.529    0    0  (Gen:  0)
  2188240     79552 120011224  0.000  0.000    4.152    8.532    0    0  (Gen:  0)
  1071840     84824 120033736  0.000  0.000    4.153    8.533    0    0  (Gen:  0)
  1364080     66176 120056968  0.000  0.000    4.155    8.534    0    0  (Gen:  0)
  1206752     65376 120067944  0.000  0.000    4.156    8.535    0    0  (Gen:  0)
  2263704     80768 120140664  0.000  0.000    4.159    8.537    0    0  (Gen:  0)
  1038208     84520 120173104  0.000  0.000    4.160    8.538    0    0  (Gen:  0)
  1070464     86160 120246824  0.001  0.000    4.162    8.539    0    0  (Gen:  0)
  1068944     60832 120227704  0.000  0.000    4.163    8.540    0    0  (Gen:  0)
  1817056     40856 120253344  0.000  0.000    4.165    8.542    0    0  (Gen:  0)
  1839624     47976 120925184  0.001  0.000    4.167    8.574    0    0  (Gen:  0)
  1075648     16824 120903656  0.000  0.000    4.168    8.574    0    0  (Gen:  0)
  1038608      6472 120905128  0.000  0.000    4.168    8.575    0    0  (Gen:  0)
  1037808      8232 120912488  0.000  0.000    4.169    8.575    0    0  (Gen:  0)
  1038760      5824 120912592  0.000  0.000    4.169    8.575    0    0  (Gen:  0)
  1037192     33296 120942000  0.000  0.000    4.170    8.576    0    0  (Gen:  0)
  1031424     97656 121010840  0.001  0.000    4.171    8.577    0    0  (Gen:  0)
  2203776    106048 121082640  0.000  0.000    4.174    8.579    0    0  (Gen:  0)
  1122616     52000 121145248  0.000  0.000    4.175    8.580    0    0  (Gen:  0)
  1037024     81264 121189088  0.001  0.000    4.176    8.581    0    0  (Gen:  0)
  1033952    111944 121244520  0.001  0.000    4.178    8.581    0    0  (Gen:  0)
  1133576     87280 121335968  0.000  0.000    4.179    8.583    0    0  (Gen:  0)
  2400544     79944 121399920  0.000  0.000    4.182    8.585    0    0  (Gen:  0)
  1035944    141896 121472104  0.001  0.000    4.183    8.586    0    0  (Gen:  0)
  1035464    157720 121549216  0.001  0.000    4.185    8.587    0    0  (Gen:  0)
  1968168    146416 121647352  0.001  0.000    4.187    8.588    0    0  (Gen:  0)
  2677968     88096 121730184  0.000  0.000    4.190    8.591    0    0  (Gen:  0)
  1041872     31568 121722168  0.000  0.000    4.192    8.592    0    0  (Gen:  0)
  1034632     44560 121765008  0.000  0.000    4.193    8.592    0    0  (Gen:  0)
  1034616     94776 121817016  0.001  0.000    4.194    8.593    0    0  (Gen:  0)
  1034416    101208 121860784  0.001  0.000    4.195    8.594    0    0  (Gen:  0)
  1036720    117968 121930352  0.001  0.000    4.196    8.594    0    0  (Gen:  0)
  1035096    146808 122001064  0.001  0.000    4.198    8.595    0    0  (Gen:  0)
  1034720    162240 122088512  0.001  0.000    4.200    8.596    0    0  (Gen:  0)
  1034576    149568 122145504  0.001  0.000    4.201    8.597    0    0  (Gen:  0)
  1066504    136264 122246792  0.001  0.000    4.203    8.598    0    0  (Gen:  0)
  1034624    129368 122303456  0.001  0.000    4.204    8.598    0    0  (Gen:  0)
  1070088    136568 122406912  0.001  0.000    4.206    8.599    0    0  (Gen:  0)
  1034000    144928 122475632  0.001  0.000    4.207    8.600    0    0  (Gen:  0)
  1383952    112184 122544664  0.001  0.000    4.209    8.601    0    0  (Gen:  0)
  1900208     59072 122587008  0.000  0.000    4.211    8.603    0    0  (Gen:  0)
  1035784     61680 122610232  0.000  0.000    4.213    8.604    0    0  (Gen:  0)
  1037616     71016 122647896  0.001  0.000    4.213    8.605    0    0  (Gen:  0)
  1034888     94744 122704832  0.001  0.000    4.215    8.605    0    0  (Gen:  0)
  1033888    147136 122785752  0.001  0.000    4.216    8.606    0    0  (Gen:  0)
  1033992    162896 122863280  0.001  0.000    4.218    8.607    0    0  (Gen:  0)
  1033424    157392 122938896  0.001  0.000    4.219    8.608    0    0  (Gen:  0)
  1035760    140680 122999968  0.001  0.000    4.221    8.608    0    0  (Gen:  0)
  1036376    109256 123043904  0.000  0.000    4.222    8.609    0    0  (Gen:  0)
  3488112    116112 123310432  0.000  0.000    4.226    8.612    0    0  (Gen:  0)
  1431608     93664 123301264  0.000  0.000    4.227    8.614    0    0  (Gen:  0)
  2010296     68224 123344952  0.000  0.000    4.229    8.615    0    0  (Gen:  0)
  1471736     58672 123402616  0.000  0.000    4.231    8.617    0    0  (Gen:  0)
  2440184    114520 123466144  0.001  0.000    4.233    8.619    0    0  (Gen:  0)
  1702088     70464 123558200  0.000  0.000    4.235    8.621    0    0  (Gen:  0)
  1040152     51112 123570744  0.000  0.000    4.236    8.622    0    0  (Gen:  0)
  1719008     73680 123650928  0.000  0.000    4.238    8.623    0    0  (Gen:  0)
  1733280     73640 123806328  0.000  0.000    4.240    8.625    0    0  (Gen:  0)
  1085528     71856 123874168  0.000  0.000    4.241    8.626    0    0  (Gen:  0)
  1035616     89392 123915296  0.001  0.000    4.242    8.626    0    0  (Gen:  0)
  1037080     81320 123955240  0.001  0.000    4.243    8.627    0    0  (Gen:  0)
  1036256     71640 123986816  0.000  0.000    4.244    8.627    0    0  (Gen:  0)
  1036056     77144 124027640  0.001  0.000    4.245    8.628    0    0  (Gen:  0)
  1035528     87728 124074272  0.001  0.000    4.246    8.628    0    0  (Gen:  0)
  1031936     87976 124115552  0.001  0.000    4.247    8.629    0    0  (Gen:  0)
  1035072     87768 124157216  0.001  0.000    4.248    8.629    0    0  (Gen:  0)
  1036704     89672 124204968  0.001  0.000    4.249    8.630    0    0  (Gen:  0)
  1034416  96565384 102723480  0.238  0.073    4.487    8.704    0    0  (Gen:  1)
  1780640     94592 103035904  0.001  0.000    4.489    8.704    0    0  (Gen:  0)
  1070968     93224 103111600  0.001  0.000    4.490    8.705    0    0  (Gen:  0)
  1035816     97936 103162064  0.001  0.000    4.492    8.706    0    0  (Gen:  0)
  1036944    114592 103215224  0.001  0.000    4.493    8.706    0    0  (Gen:  0)
  1031576    156208 103312752  0.001  0.000    4.495    8.707    0    0  (Gen:  0)
  1030744    191392 103402464  0.001  0.000    4.496    8.708    0    0  (Gen:  0)
  1031624    187736 103496072  0.001  0.000    4.498    8.709    0    0  (Gen:  0)
  1031704    192728 103590560  0.001  0.000    4.500    8.710    0    0  (Gen:  0)
  1030552    196648 103688328  0.001  0.000    4.502    8.711    0    0  (Gen:  0)
  1030704    196568 103782984  0.001  0.000    4.504    8.711    0    0  (Gen:  0)
  1031952    195328 103878784  0.001  0.000    4.506    8.712    0    0  (Gen:  0)
  1231904    201168 104176584  0.001  0.000    4.508    8.713    0    0  (Gen:  0)
  1031256    202616 104273632  0.001  0.000    4.510    8.714    0    0  (Gen:  0)
  1094488    200168 104438056  0.001  0.000    4.511    8.715    0    0  (Gen:  0)
  1305000    203136 104800264  0.001  0.000    4.513    8.716    0    0  (Gen:  0)
  1032608    193016 104888592  0.001  0.000    4.515    8.717    0    0  (Gen:  0)
  1172904    184656 105111104  0.001  0.000    4.517    8.718    0    0  (Gen:  0)
  1032928    181040 105196424  0.001  0.000    4.518    8.718    0    0  (Gen:  0)
  1144896    175544 105380856  0.001  0.000    4.520    8.719    0    0  (Gen:  0)
  1069240    176984 105500120  0.001  0.000    4.522    8.720    0    0  (Gen:  0)
  1065504    183896 105625056  0.001  0.000    4.523    8.721    0    0  (Gen:  0)
  1034432    184688 105712768  0.001  0.000    4.525    8.722    0    0  (Gen:  0)
  1033584    182600 105803248  0.001  0.000    4.526    8.722    0    0  (Gen:  0)
  1034136    185208 105893696  0.001  0.000    4.528    8.723    0    0  (Gen:  0)
  1033840    187888 105986856  0.001  0.000    4.530    8.724    0    0  (Gen:  0)
  1035128    186384 106075824  0.001  0.000    4.532    8.725    0    0  (Gen:  0)
  1032896    186144 106168064  0.001  0.000    4.533    8.725    0    0  (Gen:  0)
  1063136    188256 106292488  0.001  0.000    4.535    8.726    0    0  (Gen:  0)
  1067112    187616 106417056  0.001  0.000    4.537    8.727    0    0  (Gen:  0)
  1034032    177096 106497816  0.001  0.000    4.539    8.728    0    0  (Gen:  0)
  1034288    161584 106574352  0.001  0.000    4.541    8.729    0    0  (Gen:  0)
  1035536    161216 106654200  0.001  0.000    4.542    8.729    0    0  (Gen:  0)
  1036112    164536 106734584  0.001  0.000    4.544    8.730    0    0  (Gen:  0)
  1035552    167336 106817416  0.001  0.000    4.545    8.731    0    0  (Gen:  0)
  1033984    167472 106897928  0.001  0.000    4.547    8.732    0    0  (Gen:  0)
  1033736    166720 106979376  0.001  0.000    4.549    8.733    0    0  (Gen:  0)
  1034392    169416 107063336  0.001  0.000    4.550    8.733    0    0  (Gen:  0)
  1036432    171032 107146072  0.001  0.000    4.552    8.734    0    0  (Gen:  0)
  1035184    168024 107227352  0.001  0.000    4.554    8.735    0    0  (Gen:  0)
  1035776    168992 107310088  0.001  0.000    4.555    8.736    0    0  (Gen:  0)
  1034936    154872 107378216  0.001  0.000    4.557    8.737    0    0  (Gen:  0)
  1033608    136856 107441968  0.001  0.000    4.559    8.737    0    0  (Gen:  0)
  1030000    126208 107498880  0.001  0.000    4.560    8.738    0    0  (Gen:  0)
  1026248    119856 107557472  0.001  0.000    4.561    8.738    0    0  (Gen:  0)
  1028704    122632 107617352  0.001  0.000    4.562    8.739    0    0  (Gen:  0)
  1030160    125984 107679368  0.001  0.000    4.564    8.740    0    0  (Gen:  0)
  1033200    110624 107723832  0.000  0.000    4.565    8.741    0    0  (Gen:  0)
  1070840     64592 107767408  0.000  0.000    4.566    8.741    0    0  (Gen:  0)
  1034160     21456 107771152  0.000  0.000    4.567    8.742    0    0  (Gen:  0)
  1958424     48552 107864744  0.000  0.000    4.569    8.744    0    0  (Gen:  0)
  1036312     83760 107898744  0.001  0.000    4.571    8.745    0    0  (Gen:  0)
  1033368    124008 107976288  0.001  0.000    4.572    8.746    0    0  (Gen:  0)
  1034168    154976 108049560  0.001  0.000    4.574    8.747    0    0  (Gen:  0)
  1035952    142296 108112256  0.001  0.000    4.575    8.748    0    0  (Gen:  0)
  1070032    114976 108192296  0.001  0.000    4.577    8.749    0    0  (Gen:  0)
  1034168     67040 108207344  0.000  0.000    4.578    8.749    0    0  (Gen:  0)
  2381728     81120 108312624  0.001  0.000    4.581    8.752    0    0  (Gen:  0)
  1035264    138760 108380624  0.001  0.000    4.582    8.753    0    0  (Gen:  0)
  1929136    146288 108478488  0.001  0.000    4.584    8.754    0    0  (Gen:  0)
  1868904    112288 108532472  0.000  0.000    4.586    8.756    0    0  (Gen:  0)
  2272112     75168 108567536  0.001  0.000    4.589    8.759    0    0  (Gen:  0)
  1036688    100160 108617688  0.001  0.000    4.590    8.760    0    0  (Gen:  0)
  1034776    114944 108669408  0.001  0.000    4.591    8.760    0    0  (Gen:  0)
  1034584    116376 108728840  0.001  0.000    4.593    8.761    0    0  (Gen:  0)
  1070744     93528 108793784  0.000  0.000    4.594    8.762    0    0  (Gen:  0)
  1739048     60256 108825472  0.000  0.000    4.596    8.764    0    0  (Gen:  0)
  1089336     90832 108893800  0.001  0.000    4.597    8.765    0    0  (Gen:  0)
  1036656    128640 108956072  0.001  0.000    4.599    8.765    0    0  (Gen:  0)
  1034048    144096 109022824  0.001  0.000    4.600    8.766    0    0  (Gen:  0)
  1629456    128824 109111328  0.001  0.000    4.602    8.768    0    0  (Gen:  0)
  1825928     81840 109179168  0.000  0.000    4.604    8.770    0    0  (Gen:  0)
  1252560     44784 109236472  0.000  0.000    4.606    8.802    0    0  (Gen:  0)
  1041872     10080 109190664  0.000  0.000    4.607    8.803    0    0  (Gen:  0)
  1037872      4600 109191136  0.000  0.000    4.607    8.803    0    0  (Gen:  0)
  1037728     11512 109198464  0.000  0.000    4.608    8.804    0    0  (Gen:  0)
  1039624      7696 109204832  0.000  0.000    4.609    8.805    0    0  (Gen:  0)
  1038200      4648 109203472  0.000  0.000    4.609    8.805    0    0  (Gen:  0)
  1037944     31624 109230824  0.000  0.000    4.610    8.806    0    0  (Gen:  0)
  1035752     46984 109246496  0.000  0.000    4.611    8.806    0    0  (Gen:  0)
  1031072     37592 109263872  0.000  0.000    4.611    8.806    0    0  (Gen:  0)
  1031584     35752 109278224  0.000  0.000    4.612    8.807    0    0  (Gen:  0)
  1031600     31800 109292360  0.000  0.000    4.612    8.807    0    0  (Gen:  0)
  1031600     31896 109306592  0.000  0.000    4.613    8.807    0    0  (Gen:  0)
  1031720     35576 109324392  0.000  0.000    4.613    8.808    0    0  (Gen:  0)
  1031608     35624 109338632  0.000  0.000    4.614    8.808    0    0  (Gen:  0)
  1031584     31816 109352984  0.000  0.000    4.614    8.808    0    0  (Gen:  0)
  1031600     31816 109367120  0.000  0.000    4.615    8.809    0    0  (Gen:  0)
  1500320     33528 109382888  0.000  0.000    4.615    8.809    0    0  (Gen:  0)
  1035440     77032 109440496  0.000  0.000    4.616    8.810    0    0  (Gen:  0)
  1032032    141424 109520272  0.000  0.000    4.617    8.810    0    0  (Gen:  0)
  1036344    154600 109584088  0.001  0.000    4.619    8.811    0    0  (Gen:  0)
  1034288    145288 109660096  0.001  0.000    4.620    8.812    0    0  (Gen:  0)
  1035384    143960 109727800  0.001  0.000    4.622    8.813    0    0  (Gen:  0)
  1036144    151448 109803296  0.001  0.000    4.623    8.814    0    0  (Gen:  0)
  1038128    130448 109853320  0.001  0.000    4.625    8.814    0    0  (Gen:  0)
  1031504    110536 109909576  0.001  0.000    4.626    8.815    0    0  (Gen:  0)
  1034552    124344 109973120  0.001  0.000    4.628    8.816    0    0  (Gen:  0)
  1706872    123864 110058096  0.001  0.000    4.630    8.818    0    0  (Gen:  0)
  1037640     61992 110060072  0.000  0.000    4.631    8.818    0    0  (Gen:  0)
  1104360     25656 110108880  0.000  0.000    4.632    8.819    0    0  (Gen:  0)
  2076616     54824 110116168  0.000  0.000    4.634    8.821    0    0  (Gen:  0)
  1101688     62880 110139216  0.000  0.000    4.635    8.822    0    0  (Gen:  0)
  2392136     69568 110222592  0.000  0.000    4.638    8.824    0    0  (Gen:  0)
  2023744     75496 110257208  0.000  0.000    4.640    8.826    0    0  (Gen:  0)
  1101912     43472 110272648  0.000  0.000    4.641    8.827    0    0  (Gen:  0)
  1513176     40488 110301584  0.000  0.000    4.642    8.829    0    0  (Gen:  0)
  1081744     55576 110304784  0.000  0.000    4.644    8.830    0    0  (Gen:  0)
  1103864     73328 110334912  0.000  0.000    4.645    8.831    0    0  (Gen:  0)
  2017632     75296 110417264  0.000  0.000    4.647    8.833    0    0  (Gen:  0)
  1976152     84320 110451808  0.000  0.000    4.649    8.835    0    0  (Gen:  0)
  2017376    102192 110515696  0.000  0.000    4.651    8.837    0    0  (Gen:  0)
  1036408    102936 110560008  0.001  0.000    4.653    8.837    0    0  (Gen:  0)
  1036480    108832 110612864  0.001  0.000    4.654    8.838    0    0  (Gen:  0)
  1036096    116824 110672848  0.001  0.000    4.655    8.839    0    0  (Gen:  0)
  1037520    119608 110728592  0.001  0.000    4.657    8.840    0    0  (Gen:  0)
  1036088    118952 110787000  0.001  0.000    4.658    8.841    0    0  (Gen:  0)
  1037832    120744 110845216  0.001  0.000    4.660    8.841    0    0  (Gen:  0)
  1038272    119184 110900960  0.001  0.000    4.661    8.842    0    0  (Gen:  0)
  1037328    116008 110956136  0.001  0.000    4.663    8.843    0    0  (Gen:  0)
  1035960    114688 111011320  0.001  0.000    4.664    8.844    0    0  (Gen:  0)
  1036848    116088 111067736  0.001  0.000    4.666    8.845    0    0  (Gen:  0)
  1071784     95208 111135432  0.000  0.000    4.667    8.845    0    0  (Gen:  0)
  1990976     79176 111186376  0.000  0.000    4.669    8.848    0    0  (Gen:  0)
  1073128     92016 111219184  0.001  0.000    4.671    8.849    0    0  (Gen:  0)
  1500392     83048 111283704  0.001  0.000    4.673    8.850    0    0  (Gen:  0)
  1119656     82416 111366760  0.001  0.000    4.674    8.851    0    0  (Gen:  0)
  1070192     80200 111351136  0.000  0.000    4.675    8.852    0    0  (Gen:  0)
  2272656     91656 111452200  0.001  0.000    4.678    8.855    0    0  (Gen:  0)
  1878168    104456 111520288  0.000  0.000    4.680    8.856    0    0  (Gen:  0)
  2638048     85832 111559560  0.001  0.000    4.683    8.859    0    0  (Gen:  0)
  1091672     71232 111619192  0.000  0.000    4.684    8.859    0    0  (Gen:  0)
  1034448     94584 111678288  0.001  0.000    4.685    8.860    0    0  (Gen:  0)
  1942544    140584 111788264  0.001  0.000    4.687    8.861    0    0  (Gen:  0)
  1870144    100712 111877320  0.001  0.000    4.690    8.864    0    0  (Gen:  0)
  1036088     64288 111901768  0.000  0.000    4.691    8.865    0    0  (Gen:  0)
  1034456     99736 111962912  0.001  0.000    4.692    8.865    0    0  (Gen:  0)
  1034760    117280 112019120  0.001  0.000    4.694    8.866    0    0  (Gen:  0)
  1033448    123344 112085464  0.001  0.000    4.695    8.867    0    0  (Gen:  0)
  1032440    140744 112153544  0.001  0.000    4.697    8.867    0    0  (Gen:  0)
  1035208    133808 112214720  0.001  0.000    4.698    8.868    0    0  (Gen:  0)
  1036016    114248 112262752  0.001  0.000    4.699    8.869    0    0  (Gen:  0)
  1034104    122328 112332816  0.001  0.000    4.701    8.870    0    0  (Gen:  0)
  1035088    140320 112398168  0.001  0.000    4.702    8.870    0    0  (Gen:  0)
  1064784    136992 112497872  0.001  0.000    4.704    8.871    0    0  (Gen:  0)
  1034944    132608 112559512  0.001  0.000    4.705    8.872    0    0  (Gen:  0)
  1035000    119040 112611864  0.001  0.000    4.707    8.873    0    0  (Gen:  0)
  1035032    119736 112674248  0.001  0.000    4.708    8.873    0    0  (Gen:  0)
  1036416    121120 112728856  0.001  0.000    4.710    8.874    0    0  (Gen:  0)
  1035032    115088 112784184  0.001  0.000    4.711    8.875    0    0  (Gen:  0)
  1828696    144584 112864728  0.001  0.000    4.713    8.876    0    0  (Gen:  0)
  2218592    132224 112948392  0.001  0.000    4.716    8.879    0    0  (Gen:  0)
  3342928    106144 113003328  0.000  0.000    4.719    8.881    0    0  (Gen:  0)
  2231496     94032 113041440  0.000  0.000    4.721    8.883    0    0  (Gen:  0)
  2261968     80504 113050896  0.000  0.000    4.723    8.885    0    0  (Gen:  0)
  1101760    126536 113168456  0.001  0.000    4.725    8.886    0    0  (Gen:  0)
  1375592     43168 113200936  0.000  0.000    4.726    8.888    0    0  (Gen:  0)
  1564040     50816 113232152  0.000  0.000    4.728    8.889    0    0  (Gen:  0)
  1657088     78776 113259040  0.000  0.000    4.729    8.890    0    0  (Gen:  0)
  2595848    124864 113424024  0.001  0.000    4.732    8.893    0    0  (Gen:  0)
  1034104     94280 113475440  0.001  0.000    4.734    8.894    0    0  (Gen:  0)
  1034208    131816 113543192  0.001  0.000    4.735    8.895    0    0  (Gen:  0)
  1033496    140864 113612328  0.001  0.000    4.737    8.896    0    0  (Gen:  0)
  1034960    141760 113677464  0.001  0.000    4.739    8.896    0    0  (Gen:  0)
  1035904    132792 113737504  0.001  0.000    4.740    8.897    0    0  (Gen:  0)
  2040608    145992 113851712  0.001  0.000    4.742    8.899    0    0  (Gen:  0)
  1034344     84096 113849480  0.000  0.000    4.743    8.899    0    0  (Gen:  0)
  2296576     53616 113909864  0.000  0.000    4.746    8.902    0    0  (Gen:  0)
  2250960     68496 113966112  0.000  0.000    4.748    8.904    0    0  (Gen:  0)
  1037960     88504 114007760  0.001  0.000    4.750    8.905    0    0  (Gen:  0)
  1070136     95384 114081400  0.000  0.000    4.751    8.906    0    0  (Gen:  0)
  1038544     58080 114091896  0.000  0.000    4.752    8.907    0    0  (Gen:  0)
  1826544     44752 114166712  0.000  0.000    4.754    8.909    0    0  (Gen:  0)
  1038104     97320 114220856  0.001  0.000    4.755    8.909    0    0  (Gen:  0)
  1034720    109680 114263584  0.001  0.000    4.757    8.910    0    0  (Gen:  0)
  3011240    123104 114385000  0.000  0.000    4.759    8.913    0    0  (Gen:  0)
  1036000    137984 114437624  0.001  0.000    4.761    8.914    0    0  (Gen:  0)
  1535536    131560 114503056  0.001  0.000    4.763    8.915    0    0  (Gen:  0)
  1072128     91632 114555080  0.000  0.000    4.764    8.916    0    0  (Gen:  0)
  1974736    178568 114709432  0.001  0.000    4.766    8.917    0    0  (Gen:  0)
  1036864    162432 114707856  0.001  0.000    4.768    8.918    0    0  (Gen:  0)
  1039600    120272 114821584  0.001  0.000    4.769    8.918    0    0  (Gen:  0)
  1069784    128592 114973928  0.001  0.000    4.772    8.921    0    0  (Gen:  0)
  1316856    239432 115404424  0.002  0.000    4.775    8.922    0    0  (Gen:  0)
  3478920    338232 115985296  0.002  0.001    4.785    8.926    0    0  (Gen:  0)
  1916624    284288 116205464  0.001  0.000    4.792    8.928    0    0  (Gen:  0)
  2423128    201224 116386216  0.001  0.000    4.803    8.932    0    0  (Gen:  0)
  3161376    366128 116689160  0.003  0.001    4.821    8.937    0    0  (Gen:  0)
  1197248    250008 116686040  0.001  0.000    4.824    8.937    0    0  (Gen:  0)
  1412888    121104 116785272  0.001  0.000    4.827    8.938    0    0  (Gen:  0)
  1987816     94992 116803040  0.001  0.000    4.831    8.939    0    0  (Gen:  0)
  3265272    254160 116972704  0.001  0.000    4.840    8.942    0    0  (Gen:  0)
  1572384    140488 116930912  0.001  0.000    4.844    8.943    0    0  (Gen:  0)
  2497064    221128 117075128  0.001  0.000    4.849    8.945    0    0  (Gen:  0)
  3032072    141480 117058456  0.001  0.000    4.854    8.946    0    0  (Gen:  0)
  2552608    148760 117149368  0.000  0.000    4.860    8.948    0    0  (Gen:  0)
  2817264    152504 117215472  0.001  0.000    4.867    8.950    0    0  (Gen:  0)
  2660848    151976 117308968  0.001  0.000    4.873    8.952    0    0  (Gen:  0)
  2450184    161272 117414408  0.001  0.000    4.879    8.954    0    0  (Gen:  0)
  2649104    145848 117473264  0.001  0.000    4.885    8.956    0    0  (Gen:  0)
  2665408    181592 117586888  0.001  0.000    4.894    8.958    0    0  (Gen:  0)
  2470072    128568 117611568  0.000  0.000    4.898    8.960    0    0  (Gen:  0)
  2338112    148808 117695680  0.001  0.000    4.905    8.962    0    0  (Gen:  0)
  1902384    142048 117740808  0.001  0.000    4.909    8.963    0    0  (Gen:  0)
  2150064    142312 117819472  0.001  0.000    4.915    8.965    0    0  (Gen:  0)
  2051416    167328 117881656  0.001  0.000    4.921    8.967    0    0  (Gen:  0)
  2862224    273016 118071424  0.001  0.000    4.936    8.971    0    0  (Gen:  0)
  1474920    181584 118049936  0.001  0.000    4.940    8.972    0    0  (Gen:  0)
  1406624    111184 118098440  0.001  0.000    4.943    8.973    0    0  (Gen:  0)
  2253376    231976 118273720  0.001  0.000    4.951    8.975    0    0  (Gen:  0)
  1486808    128168 118205000  0.001  0.000    4.953    8.975    0    0  (Gen:  0)
  2176640    159600 118310504  0.001  0.000    4.961    8.978    0    0  (Gen:  0)
  1491424    131328 118393160  0.001  0.000    4.964    8.979    0    0  (Gen:  0)
  2911496    233352 118864112  0.001  0.000    4.973    8.981    0    0  (Gen:  0)
  1429224    190016 118859128  0.001  0.000    4.975    8.982    0    0  (Gen:  0)
  2129352    182008 119160072  0.001  0.000    4.982    8.983    0    0  (Gen:  0)
  2212664    180408 119485456  0.001  0.000    4.991    8.986    0    0  (Gen:  0)
  2811120    298896 119864136  0.001  0.000    5.002    8.989    0    0  (Gen:  0)
  1214640    199400 119876728  0.001  0.000    5.004    8.990    0    0  (Gen:  0)
  2039048    209120 120103896  0.001  0.000    5.009    8.991    0    0  (Gen:  0)
  1836000    108600 120206456  0.001  0.000    5.014    8.993    0    0  (Gen:  0)
  1617296    122704 120244896  0.002  0.000    5.017    8.993    0    0  (Gen:  0)
  2502032    109840 120306864  0.000  0.000    5.023    8.995    0    0  (Gen:  0)
  2034608    187032 120405488  0.001  0.000    5.032    8.998    0    0  (Gen:  0)
  2413760    335664 120625368  0.001  0.000    5.043    9.001    0    0  (Gen:  0)
  2111184    177952 120573288  0.002  0.000    5.045    9.001    0    0  (Gen:  0)
  2462808    110776 120646584  0.000  0.000    5.050    9.003    0    0  (Gen:  0)
  2887536    150456 120812768  0.001  0.000    5.059    9.005    0    0  (Gen:  0)
  2566872    292168 120991728  0.003  0.000    5.070    9.008    0    0  (Gen:  0)
  1390536    168088 120962392  0.002  0.000    5.072    9.009    0    0  (Gen:  0)
  2490208    186584 121071136  0.001  0.000    5.079    9.011    0    0  (Gen:  0)
  2499448    213544 121207944  0.002  0.000    5.091    9.014    0    0  (Gen:  0)
  2264720    258304 121319224  0.001  0.000    5.098    9.017    0    0  (Gen:  0)
  1566448    204744 121381320  0.001  0.000    5.100    9.017    0    0  (Gen:  0)
  1423368    116448 121411536  0.001  0.000    5.104    9.018    0    0  (Gen:  0)
  2792112    113320 121539416  0.001  0.000    5.109    9.020    0    0  (Gen:  0)
  2090512    114432 121581608  0.001  0.000    5.112    9.020    0    0  (Gen:  0)
  3078280    141704 121654000  0.000  0.000    5.119    9.022    0    0  (Gen:  0)
  2595832    202624 121743552  0.001  0.000    5.127    9.025    0    0  (Gen:  0)
  2780480    183616 121920696  0.001  0.000    5.136    9.028    0    0  (Gen:  0)
  2429984    148768 121999928  0.001  0.000    5.142    9.030    0    0  (Gen:  0)
  2406008    189192 122111784  0.001  0.000    5.148    9.032    0    0  (Gen:  0)
  2769080    181232 122167824  0.001  0.000    5.153    9.033    0    0  (Gen:  0)
  1872032    146664 122211872  0.001  0.000    5.158    9.034    0    0  (Gen:  0)
  2354944    161480 122278784  0.000  0.000    5.164    9.036    0    0  (Gen:  0)
  2057776    134976 122318800  0.001  0.000    5.170    9.038    0    0  (Gen:  0)
  2408392    128432 122411480  0.001  0.000    5.176    9.040    0    0  (Gen:  0)
  2576688    130576 122499632  0.000  0.000    5.183    9.042    0    0  (Gen:  0)
  1945944    143448 122634616  0.001  0.000    5.189    9.044    0    0  (Gen:  0)
  2311128    196440 122781464  0.001  0.000    5.195    9.045    0    0  (Gen:  0)
  2275968    155664 122805760  0.001  0.000    5.200    9.046    0    0  (Gen:  0)
  2781496     93824 122916208  0.000  0.000    5.205    9.048    0    0  (Gen:  0)
  2909832    179544 123142736  0.001  0.000    5.214    9.051    0    0  (Gen:  0)
  1803376    180656 123303232  0.001  0.000    5.221    9.052    0    0  (Gen:  0)
  1429392    136824 123360920  0.001  0.000    5.224    9.053    0    0  (Gen:  0)
  2167496     99800 123491680  0.000  0.000    5.229    9.055    0    0  (Gen:  0)
  1841648    154512 123596384  0.000  0.000    5.235    9.057    0    0  (Gen:  0)
  1796992    141504 123716264  0.001  0.000    5.241    9.059    0    0  (Gen:  0)
  1732320    134480 123813064  0.001  0.000    5.247    9.060    0    0  (Gen:  0)
  1389600    153832 123889640  0.001  0.000    5.250    9.061    0    0  (Gen:  0)
  2206856    101192 123998192  0.000  0.000    5.255    9.062    0    0  (Gen:  0)
  2057928    219072 124133448  0.002  0.000    5.260    9.064    0    0  (Gen:  0)
  1370552    119512 124105992  0.000  0.000    5.264    9.065    0    0  (Gen:  0)
  1998352    137008 124337496  0.001  0.000    5.270    9.066    0    0  (Gen:  0)
  1811504    130920 124390672  0.000  0.000    5.277    9.068    0    0  (Gen:  0)
  2536208    141696 124489288  0.001  0.000    5.283    9.070    0    0  (Gen:  0)
  1559696    170144 124571984  0.001  0.000    5.289    9.072    0    0  (Gen:  0)
  2396336    121192 124636592  0.000  0.000    5.295    9.074    0    0  (Gen:  0)
  2921728    288048 124929968  0.001  0.000    5.311    9.078    0    0  (Gen:  0)
  1862768    238528 124987896  0.001  0.000    5.317    9.080    0    0  (Gen:  0)
  1236232    133872 125038248  0.001  0.000    5.319    9.080    0    0  (Gen:  0)
  2269808    108712 125157808  0.001  0.000    5.326    9.082    0    0  (Gen:  0)
  2419352    260200 125376728  0.001  0.000    5.333    9.084    0    0  (Gen:  0)
  1231320    210944 125454032  0.001  0.000    5.335    9.085    0    0  (Gen:  0)
  1189888    133136 125567584  0.001  0.000    5.337    9.085    0    0  (Gen:  0)
  1880936    143744 125681912  0.001  0.000    5.344    9.087    0    0  (Gen:  0)
  1726856    131344 125771120  0.001  0.000    5.351    9.089    0    0  (Gen:  0)
  2569192    267504 125966104  0.001  0.000    5.356    9.091    0    0  (Gen:  0)
  1354128    114432 125881136  0.001  0.000    5.359    9.091    0    0  (Gen:  0)
  2282864    115856 125966408  0.001  0.000    5.365    9.093    0    0  (Gen:  0)
  2620864    187744 126111720  0.001  0.000    5.374    9.095    0    0  (Gen:  0)
  2650888    197712 126242536  0.001  0.000    5.378    9.097    0    0  (Gen:  0)
  2428520    133568 126281352  0.000  0.000    5.383    9.098    0    0  (Gen:  0)
  3002352    185192 126374880  0.001  0.000    5.395    9.102    0    0  (Gen:  0)
  2384736    191128 126488512  0.001  0.000    5.402    9.103    0    0  (Gen:  0)
  2661496    278168 126800800  0.001  0.000    5.412    9.107    0    0  (Gen:  0)
  1572288    164640 126784592  0.000  0.000    5.417    9.108    0    0  (Gen:  0)
  2062944    174328 126891088  0.001  0.000    5.423    9.110    0    0  (Gen:  0)
  2830008    128552 127005016  0.001  0.000    5.428    9.111    0    0  (Gen:  0)
  1884272    151304 127070168  0.001  0.000    5.435    9.113    0    0  (Gen:  0)
  1797936    126960 127114808  0.001  0.000    5.441    9.115    0    0  (Gen:  0)
  2993992    210000 127286168  0.001  0.000    5.450    9.118    0    0  (Gen:  0)
  2825400    119792 127273048  0.000  0.000    5.454    9.119    0    0  (Gen:  0)
  2995232    128104 127424448  0.000  0.000    5.460    9.121    0    0  (Gen:  0)
  2568056    172856 127719104  0.001  0.000    5.470    9.124    0    0  (Gen:  0)
  2441224    305296 127973896  0.001  0.000    5.477    9.126    0    0  (Gen:  0)
  1172240    208104 127970520  0.001  0.000    5.479    9.127    0    0  (Gen:  0)
  1211392    144816 128091496  0.002  0.000    5.481    9.127    0    0  (Gen:  0)
  3147208    252216 128451256  0.001  0.000    5.495    9.131    0    0  (Gen:  0)
  1810872    182464 128556264  0.001  0.000    5.501    9.133    0    0  (Gen:  0)
  1549832    204080 128707160  0.001  0.000    5.506    9.135    0    0  (Gen:  0)
  1469104    108416 128688264  0.001  0.000    5.511    9.136    0    0  (Gen:  0)
  2063688    162112 128809144  0.001  0.000    5.516    9.137    0    0  (Gen:  0)
  2476688    119752 128894632  0.001  0.000    5.522    9.139    0    0  (Gen:  0)
  2464176    209856 129119984  0.001  0.000    5.527    9.140    0    0  (Gen:  0)
  1537192    122704 129167816  0.001  0.000    5.532    9.142    0    0  (Gen:  0)
  1936560    143800 129299192  0.001  0.000    5.536    9.143    0    0  (Gen:  0)
  1909032    148704 129438928  0.001  0.000    5.543    9.145    0    0  (Gen:  0)
  2274528    187280 129617968  0.001  0.000    5.553    9.148    0    0  (Gen:  0)
  1555392    163136 129678856  0.001  0.000    5.557    9.149    0    0  (Gen:  0)
  2140480    119688 129790536  0.001  0.000    5.561    9.150    0    0  (Gen:  0)
  2389152    146040 129885224  0.001  0.000    5.567    9.152    0    0  (Gen:  0)
  3209424    349840 130299504  0.001  0.001    5.586    9.157    0    0  (Gen:  0)
  1165632    255672 130293632  0.001  0.000    5.589    9.157    0    0  (Gen:  0)
  2086192    129568 130502952  0.001  0.000    5.597    9.160    0    0  (Gen:  0)
  2427000    263024 130681464  0.001  0.000    5.606    9.162    0    0  (Gen:  0)
  1171344    157096 130642744  0.001  0.000    5.608    9.163    0    0  (Gen:  0)
  1537872    141696 130765112  0.002  0.000    5.611    9.164    0    0  (Gen:  0)
  2076416     95456 130895960  0.000  0.000    5.616    9.165    0    0  (Gen:  0)
  2753144    222464 131037648  0.001  0.000    5.622    9.167    0    0  (Gen:  0)
  2529080    154088 131064664  0.001  0.000    5.627    9.168    0    0  (Gen:  0)
  2841280    128016 131111168  0.001  0.000    5.631    9.169    0    0  (Gen:  0)
  2593240    134128 131208440  0.001  0.000    5.638    9.171    0    0  (Gen:  0)
  2077472    172552 131424960  0.001  0.000    5.646    9.174    0    0  (Gen:  0)
  1728456    158432 131514544  0.001  0.000    5.653    9.176    0    0  (Gen:  0)
  2025488    140904 131583232  0.002  0.000    5.659    9.177    0    0  (Gen:  0)
  2594920    216856 131750624  0.002  0.000    5.674    9.181    0    0  (Gen:  0)
  2161688    353248 132054464  0.002  0.000    5.685    9.184    0    0  (Gen:  0)
  1416224    127648 131997784  0.001  0.000    5.689    9.185    0    0  (Gen:  0)
  2042840    151488 132089000  0.001  0.000    5.694    9.187    0    0  (Gen:  0)
  2424856    127912 132184168  0.000  0.000    5.701    9.189    0    0  (Gen:  0)
  2674120    320584 132411096  0.001  0.000    5.711    9.192    0    0  (Gen:  0)
  1785056    157392 132332872  0.000  0.000    5.713    9.192    0    0  (Gen:  0)
  3357784    253768 132588240  0.002  0.000    5.720    9.194    0    0  (Gen:  0)
  1274984    189920 132648584  0.001  0.000    5.722    9.195    0    0  (Gen:  0)
  1227336    155408 132776152  0.001  0.000    5.725    9.196    0    0  (Gen:  0)
  1904448    118272 132847960  0.001  0.000    5.730    9.197    0    0  (Gen:  0)
  3470480    290152 133244824  0.001  0.000    5.752    9.203    0    0  (Gen:  0)
  2272152    420864 133518312  0.001  0.000    5.764    9.206    0    0  (Gen:  0)
  2224320    203728 133532456  0.002  0.000    5.768    9.208    0    0  (Gen:  0)
  2738904    154696 133588536  0.001  0.000    5.773    9.209    0    0  (Gen:  0)
  1982624    134456 133652000  0.000  0.000    5.778    9.210    0    0  (Gen:  0)
  2599792    152232 133789064  0.001  0.000    5.785    9.212    0    0  (Gen:  0)
  2428952    141480 133872248  0.001  0.000    5.792    9.214    0    0  (Gen:  0)
  2712528    416240 134305736  0.001  0.000    5.802    9.218    0    0  (Gen:  0)
  1730656    149096 134100120  0.001  0.000    5.807    9.219    0    0  (Gen:  0)
  2208528    104240 134279080  0.000  0.000    5.812    9.221    0    0  (Gen:  0)
  2006600    259976 134475768  0.001  0.000    5.818    9.222    0    0  (Gen:  0)
  1219816    213088 134544064  0.001  0.000    5.820    9.223    0    0  (Gen:  0)
  1195296    144336 134671792  0.001  0.000    5.822    9.223    0    0  (Gen:  0)
  2215760    206384 134902024  0.001  0.000    5.832    9.226    0    0  (Gen:  0)
  1933624    170760 134965424  0.001  0.000    5.840    9.229    0    0  (Gen:  0)
  1486928    166272 135041224  0.001  0.000    5.843    9.229    0    0  (Gen:  0)
  1804256     97768 135050744  0.001  0.000    5.846    9.230    0    0  (Gen:  0)
  2267400    108472 135172928  0.001  0.000    5.854    9.236    0    0  (Gen:  0)
  1657648    269832 135536840  0.001  0.000    5.859    9.241    0    0  (Gen:  0)
  1036888    183792 135548520  0.001  0.000    5.861    9.241    0    0  (Gen:  0)
  1039304    108568 135650120  0.001  0.000    5.863    9.242    0    0  (Gen:  0)
  1900296    186496 135888552  0.001  0.000    5.865    9.244    0    0  (Gen:  0)
  1039808    185880 135947424  0.001  0.000    5.867    9.245    0    0  (Gen:  0)
  1102440    148744 136141304  0.001  0.000    5.870    9.247    0    0  (Gen:  0)
  1563024    402472 136505512  0.002  0.001    5.874    9.249    0    0  (Gen:  0)
  2591592    422600 136763448  0.001  0.001    5.880    9.252    0    0  (Gen:  0)
  2150832    257192 136869488  0.001  0.000    5.885    9.254    0    0  (Gen:  0)
  2721136    225800 136948536  0.001  0.000    5.890    9.257    0    0  (Gen:  0)
  3647720    350176 137116480  0.002  0.001    5.899    9.260    0    0  (Gen:  0)
  2234888    250288 137177720  0.001  0.000    5.903    9.262    0    0  (Gen:  0)
  2742176    243128 137320088  0.001  0.000    5.909    9.265    0    0  (Gen:  0)
  2488880    224552 137426472  0.001  0.000    5.914    9.267    0    0  (Gen:  0)
  2249464    239336 137677544  0.001  0.000    5.918    9.269    0    0  (Gen:  0)
  2615408    282136 137919896  0.002  0.000    5.925    9.272    0    0  (Gen:  0)
  1669872    291648 138063456  0.001  0.000    5.928    9.273    0    0  (Gen:  0)
  1887528    167656 138103216  0.001  0.000    5.932    9.275    0    0  (Gen:  0)
  2010592    180528 138144944  0.001  0.000    5.936    9.276    0    0  (Gen:  0)
  2971176    256104 138364624  0.001  0.000    5.943    9.280    0    0  (Gen:  0)
  3051960    345088 138536336  0.001  0.001    5.949    9.283    0    0  (Gen:  0)
  2599120    250824 138599264  0.001  0.000    5.955    9.285    0    0  (Gen:  0)
  1984192    223784 138738456  0.001  0.000    5.959    9.287    0    0  (Gen:  0)
  3308008    265048 138932536  0.001  0.000    5.967    9.290    0    0  (Gen:  0)
  1178336    306328 139030256  0.002  0.000    5.970    9.291    0    0  (Gen:  0)
  2130048    115952 138993048  0.001  0.000    5.973    9.293    0    0  (Gen:  0)
  1133912    139168 139055736  0.001  0.000    5.975    9.294    0    0  (Gen:  0)
  1374696    144016 139162528  0.000  0.000    5.978    9.296    0    0  (Gen:  0)
  1857728    220072 139284208  0.001  0.000    5.982    9.298    0    0  (Gen:  0)
  3453424    259984 139459800  0.001  0.000    5.989    9.300    0    0  (Gen:  0)
  3482584    271832 139577616  0.001  0.000    5.996    9.303    0    0  (Gen:  0)
  1487712    259216 139690648  0.001  0.000    5.999    9.305    0    0  (Gen:  0)
  2412744    160768 139699328  0.001  0.000    6.003    9.306    0    0  (Gen:  0)
  1877784    165096 139755608  0.001  0.000    6.007    9.308    0    0  (Gen:  0)
  2425408    294016 139977680  0.001  0.000    6.012    9.311    0    0  (Gen:  0)
  2917384    224800 140027200  0.001  0.000    6.018    9.313    0    0  (Gen:  0)
  2669424    289368 140252880  0.001  0.000    6.023    9.315    0    0  (Gen:  0)
  2465720    224720 140340120  0.001  0.000    6.028    9.317    0    0  (Gen:  0)
  2445696    114472 140333040  0.000  0.000    6.032    9.319    0    0  (Gen:  0)
  2051664    276376 140580088  0.001  0.000    6.037    9.321    0    0  (Gen:  0)
  1802240    288392 140676488  0.001  0.000    6.041    9.323    0    0  (Gen:  0)
  2184120    169280 140694752  0.001  0.000    6.044    9.324    0    0  (Gen:  0)
  3156360    271240 140949024  0.001  0.000    6.051    9.327    0    0  (Gen:  0)
  2539856    250328 140968624  0.001  0.000    6.056    9.329    0    0  (Gen:  0)
  2796888    214248 141102168  0.001  0.000    6.062    9.331    0    0  (Gen:  0)
  2855312    208648 141196072  0.001  0.000    6.066    9.333    0    0  (Gen:  0)
  2478648    225248 141313904  0.001  0.000    6.072    9.336    0    0  (Gen:  0)
  2262128    296152 141477704  0.001  0.000    6.076    9.338    0    0  (Gen:  0)
  3487976    218312 141508568  0.001  0.000    6.082    9.340    0    0  (Gen:  0)
  2561848    350384 141721688  0.001  0.000    6.089    9.343    0    0  (Gen:  0)
  3001848    253032 141746048  0.001  0.000    6.093    9.345    0    0  (Gen:  0)
  1510960    244544 141835560  0.001  0.000    6.096    9.346    0    0  (Gen:  0)
  3096136    238616 142036128  0.001  0.000    6.103    9.349    0    0  (Gen:  0)
  2596536    296216 142130008  0.001  0.000    6.107    9.351    0    0  (Gen:  0)
  3550528    201520 142256504  0.001  0.000    6.114    9.354    0    0  (Gen:  0)
  2944384    336176 142488568  0.001  0.000    6.121    9.357    0    0  (Gen:  0)
  3219096    268576 142734392  0.001  0.000    6.127    9.359    0    0  (Gen:  0)
  1791256    225344 142846272  0.001  0.000    6.130    9.361    0    0  (Gen:  0)
  3651712    263888 143211008  0.001  0.000    6.137    9.364    0    0  (Gen:  0)
  2403440    303056 143297960  0.002  0.000    6.143    9.366    0    0  (Gen:  0)
  1799712    180864 143532632  0.001  0.000    6.146    9.368    0    0  (Gen:  0)
  1741712    144616 143681312  0.000  0.000    6.148    9.369    0    0  (Gen:  0)
  2765768    264376 143851952  0.001  0.000    6.154    9.371    0    0  (Gen:  0)
  2448648    282192 144047000  0.001  0.000    6.159    9.373    0    0  (Gen:  0)
  2253192    290944 144174240  0.002  0.001    6.164    9.376    0    0  (Gen:  0)
  2835960    253872 144376368  0.002  0.001    6.171    9.378    0    0  (Gen:  0)
  1338120    251680 144487512  0.001  0.000    6.173    9.380    0    0  (Gen:  0)
  2180000     83424 144503208  0.000  0.000    6.177    9.381    0    0  (Gen:  0)
  3146072    281472 144802184  0.001  0.000    6.184    9.384    0    0  (Gen:  0)
  1359160    324824 144930944  0.001  0.000    6.187    9.386    0    0  (Gen:  0)
  1221336    214504 145152168  0.000  0.000    6.189    9.387    0    0  (Gen:  0)
  1511056    161456 145292960  0.002  0.000    6.193    9.388    0    0  (Gen:  0)
  1465392    215024 145364032  0.001  0.000    6.195    9.388    0    0  (Gen:  0)
  1917504    174112 145546656  0.001  0.000    6.199    9.390    0    0  (Gen:  0)
  3122008    406400 145826800  0.002  0.001    6.207    9.394    0    0  (Gen:  0)
  1814240    245800 145873944  0.001  0.000    6.210    9.395    0    0  (Gen:  0)
  1768392    199408 146095744  0.002  0.000    6.214    9.397    0    0  (Gen:  0)
  2540112    277688 146280024  0.001  0.000    6.219    9.399    0    0  (Gen:  0)
  3021464    269848 146469288  0.002  0.000    6.225    9.402    0    0  (Gen:  0)
  1928824    286432 146750096  0.001  0.000    6.229    9.404    0    0  (Gen:  0)
  1930032     75176 146760408  0.000  0.000    6.232    9.405    0    0  (Gen:  0)
  2506568    202536 146981528  0.001  0.000    6.236    9.407    0    0  (Gen:  0)
  3935992    352024 147281392  0.001  0.000    6.245    9.411    0    0  (Gen:  0)
  2309432    258872 147307912  0.001  0.000    6.249    9.412    0    0  (Gen:  0)
  3189864    269376 147632328  0.001  0.000    6.255    9.415    0    0  (Gen:  0)
  2014688    250376 147736600  0.001  0.000    6.259    9.417    0    0  (Gen:  0)
  2633064    194784 147935800  0.001  0.000    6.264    9.419    0    0  (Gen:  0)
  2615008    199520 148071536  0.001  0.000    6.268    9.421    0    0  (Gen:  0)
  3364472    222128 148265176  0.001  0.000    6.274    9.423    0    0  (Gen:  0)
  2967904    272392 148558768  0.002  0.000    6.281    9.427    0    0  (Gen:  0)
  2046400    254096 148679400  0.001  0.000    6.285    9.428    0    0  (Gen:  0)
  2327960    174456 148752424  0.001  0.000    6.289    9.429    0    0  (Gen:  0)
  3113496    272344 148998568  0.001  0.000    6.295    9.433    0    0  (Gen:  0)
  3580312    848568 149769128  0.004  0.001    6.303    9.435    0    0  (Gen:  0)
  2265952   1402960 150700400  0.005  0.002    6.311    9.438    0    0  (Gen:  0)
  1140888    863080 151317264  0.003  0.001    6.315    9.440    0    0  (Gen:  0)
  1173928    586424 151867368  0.002  0.001    6.319    9.441    0    0  (Gen:  0)
  1872464    640424 152331104  0.002  0.001    6.321    9.443    0    0  (Gen:  0)
  3095960    838136 153590704  0.003  0.001    6.329    9.445    0    0  (Gen:  0)
  3861320   1770520 155102736  0.005  0.001    6.339    9.448    0    0  (Gen:  0)
  2979768   1259912 155461112  0.005  0.001    6.349    9.452    0    0  (Gen:  0)
  2092864    744128 156746440  0.003  0.001    6.356    9.455    0    0  (Gen:  0)
  1502848    722144 157299656  0.002  0.001    6.361    9.457    0    0  (Gen:  0)
  2917904    730072 157593664  0.002  0.001    6.367    9.459    0    0  (Gen:  0)
  2422768    456424 158637856  0.003  0.001    6.373    9.461    0    0  (Gen:  0)
  2714720    771616 159862928  0.002  0.001    6.382    9.463    0    0  (Gen:  0)
  1910048   1003776 160366432  0.002  0.001    6.386    9.465    0    0  (Gen:  0)
  3146432   2025216 161905856  0.005  0.002    6.399    9.469    0    0  (Gen:  0)
  1435912   2071992 162616216  0.007  0.002    6.409    9.471    0    0  (Gen:  0)
  3296544   1326744 163528088  0.005  0.001    6.424    9.475    0    0  (Gen:  0)
  1376520   1001968 163867864  0.003  0.001    6.431    9.477    0    0  (Gen:  0)
  1439760    347008 164135848  0.001  0.000    6.436    9.479    0    0  (Gen:  0)
  2042504    826984 165198744  0.002  0.001    6.441    9.481    0    0  (Gen:  0)
  2999176   1190352 166101416  0.004  0.001    6.452    9.484    0    0  (Gen:  0)
  3366352   1123728 166987032  0.004  0.001    6.462    9.488    0    0  (Gen:  0)
  3460480   1206504 168072856  0.005  0.001    6.473    9.492    0    0  (Gen:  0)
  1725512   1113872 168884168  0.005  0.001    6.479    9.494    0    0  (Gen:  0)
  3366232   1435560 169766856  0.008  0.001    6.492    9.498    0    0  (Gen:  0)
  2221768   1037008 170156448  0.003  0.001    6.498    9.500    0    0  (Gen:  0)
  2463880    501128 170695632  0.001  0.000    6.505    9.502    0    0  (Gen:  0)
  1889184    756592 171237728  0.004  0.001    6.512    9.504    0    0  (Gen:  0)
  2699432   1048200 172199104  0.003  0.001    6.519    9.506    0    0  (Gen:  0)
  2373560    957632 172866592  0.005  0.001    6.529    9.510    0    0  (Gen:  0)
  2310496    906064 173632736  0.002  0.001    6.535    9.512    0    0  (Gen:  0)
  2105432   1042208 174443896  0.005  0.001    6.546    9.515    0    0  (Gen:  0)
  1832536    770536 174775040  0.002  0.001    6.552    9.517    0    0  (Gen:  0)
  2747208    620488 175588120  0.003  0.001    6.561    9.520    0    0  (Gen:  0)
  2034368    357672 175869280  0.002  0.000    6.566    9.521    0    0  (Gen:  0)
  1179000    311560 176065608  0.002  0.000    6.570    9.523    0    0  (Gen:  0)
  1605568    444856 176658008  0.001  0.000    6.575    9.527    0    0  (Gen:  0)
  1060608    646776 176976072  0.002  0.001    6.578    9.528    0    0  (Gen:  0)
  1664728    657928 177459288  0.003  0.001    6.585    9.531    0    0  (Gen:  0)
  1922352    690688 177971176  0.002  0.001    6.591    9.533    0    0  (Gen:  0)
  2706280   1099616 178985672  0.004  0.001    6.602    9.536    0    0  (Gen:  0)
  3116264   1074288 180454032  0.004  0.001    6.612    9.540    0    0  (Gen:  0)
  1281944    834864 180891384  0.003  0.001    6.618    9.542    0    0  (Gen:  0)
  1836920   1120792 181645000  0.003  0.001    6.628    9.545    0    0  (Gen:  0)
  2584032   1397672 182498248  0.005  0.001    6.642    9.550    0    0  (Gen:  0)
  2524400   1014488 183271208  0.005  0.001    6.661    9.557    0    0  (Gen:  0)
  2388888   1079744 184013248  0.005  0.002    6.674    9.561    0    0  (Gen:  0)
  2021152    898592 184550968  0.005  0.001    6.687    9.566    0    0  (Gen:  0)
  2340456    716544 185555664  0.003  0.001    6.699    9.571    0    0  (Gen:  0)
  2399032    951336 186239952  0.005  0.002    6.712    9.576    0    0  (Gen:  0)
  1887304    810528 186863264  0.003  0.001    6.720    9.581    0    0  (Gen:  0)
  1737992    632112 187361288  0.002  0.001    6.729    9.584    0    0  (Gen:  0)
  1624672    700608 187868840  0.004  0.001    6.740    9.588    0    0  (Gen:  0)
  1825648    707536 188467672  0.002  0.001    6.748    9.591    0    0  (Gen:  0)
  3628720    788496 189517184  0.004  0.001    6.757    9.594    0    0  (Gen:  0)
  1127448    659264 189796416  0.002  0.001    6.759    9.595    0    0  (Gen:  0)
  2298008    626232 190871104  0.002  0.001    6.769    9.598    0    0  (Gen:  0)
  2003800    841184 191304632  0.003  0.001    6.776    9.600    0    0  (Gen:  0)
  2330664    893048 191796752  0.004  0.001    6.784    9.602    0    0  (Gen:  0)
  3161424   1309624 192786752  0.005  0.001    6.794    9.605    0    0  (Gen:  0)
  2170280   1266344 193345960  0.004  0.001    6.800    9.607    0    0  (Gen:  0)
  3197672   1498568 194359984  0.006  0.001    6.811    9.610    0    0  (Gen:  0)
  2641832   1300888 195043392  0.004  0.001    6.820    9.613    0    0  (Gen:  0)
  3787168    857008 195848120  0.007  0.001    6.832    9.616    0    0  (Gen:  0)
  1173584    510368 196004776  0.003  0.001    6.837    9.618    0    0  (Gen:  0)
  2131160    444584 196833264  0.005  0.001    6.844    9.620    0    0  (Gen:  0)
  2574192    894224 197529808  0.004  0.001    6.851    9.622    0    0  (Gen:  0)
  2429640   1035408 198043904  0.004  0.001    6.858    9.624    0    0  (Gen:  0)
  2417112   1071088 198694808  0.003  0.001    6.863    9.625    0    0  (Gen:  0)
  2677896   1229384 199528728  0.004  0.001    6.869    9.627    0    0  (Gen:  0)
  2543040   1100400 200256216  0.004  0.001    6.878    9.630    0    0  (Gen:  0)
  3967728    995352 200919880  0.003  0.001    6.887    9.632    0    0  (Gen:  0)
  2718912    591624 201455856  0.002  0.001    6.893    9.634    0    0  (Gen:  0)
  2260960    490680 201828496  0.001  0.000    6.898    9.636    0    0  (Gen:  0)
  3007048    955480 202540712  0.004  0.001    6.905    9.638    0    0  (Gen:  0)
  3213824    980144 203135408  0.005  0.001    6.914    9.641    0    0  (Gen:  0)
  3817552   1055152 203830304  0.006  0.002    6.926    9.644    0    0  (Gen:  0)
  2379536    819032 204030776  0.003  0.001    6.931    9.646    0    0  (Gen:  0)
  2540024 144398408 160985856  0.347  0.107    7.282    9.754    0    0  (Gen:  1)
  2710912    719112 161422240  0.004  0.001    7.288    9.756    0    0  (Gen:  0)
  3230216    578992 161832392  0.003  0.001    7.295    9.757    0    0  (Gen:  0)
  3127360    625056 162300984  0.004  0.001    7.302    9.759    0    0  (Gen:  0)
  2648520    800240 162735952  0.004  0.001    7.309    9.761    0    0  (Gen:  0)
  2407680    770016 163195368  0.005  0.001    7.315    9.763    0    0  (Gen:  0)
  3128720    716440 163798944  0.003  0.001    7.322    9.765    0    0  (Gen:  0)
  2045304    586976 164058016  0.002  0.001    7.327    9.766    0    0  (Gen:  0)
  2291008    472592 164448280  0.002  0.000    7.331    9.768    0    0  (Gen:  0)
  1810672    428456 164675048  0.001  0.000    7.335    9.769    0    0  (Gen:  0)
  2050448    494552 164979768  0.001  0.000    7.338    9.770    0    0  (Gen:  0)
  2599104    333008 166083816  0.002  0.001    7.342    9.773    0    0  (Gen:  0)
  1079584    724840 166605872  0.001  0.000    7.353    9.783    0    0  (Gen:  0)
  1055984    732920 166905424  0.002  0.001    7.356    9.784    0    0  (Gen:  0)
  1040968    480248 167086664  0.001  0.000    7.358    9.785    0    0  (Gen:  0)
  1044368    778248 167770960  0.003  0.001    7.362    9.787    0    0  (Gen:  0)
  1032640   1325648 168408128  0.004  0.002    7.372    9.794    0    0  (Gen:  0)
  1037288    851328 168687192  0.003  0.001    7.380    9.798    0    0  (Gen:  0)
  1042624    481736 168817112  0.003  0.001    7.384    9.799    0    0  (Gen:  0)
  1325712    473256 169403296  0.001  0.000    7.388    9.803    0    0  (Gen:  0)
  1041224    655288 169797880  0.002  0.001    7.392    9.805    0    0  (Gen:  0)
  1032088    471904 169885192  0.002  0.001    7.397    9.807    0    0  (Gen:  0)
  1032600    270176 170069080  0.002  0.000    7.400    9.809    0    0  (Gen:  0)
  1030896     76528 170089952  0.000  0.000    7.402    9.810    0    0  (Gen:  0)
  1032640    168440 170220296  0.001  0.000    7.404    9.812    0    0  (Gen:  0)
  1035936    227960 170405432  0.001  0.000    7.407    9.814    0    0  (Gen:  0)
  1040736    131768 170476760  0.001  0.000    7.409    9.815    0    0  (Gen:  0)
  1040128     47144 170514224  0.000  0.000    7.411    9.816    0    0  (Gen:  0)
  1102656    245896 170785872  0.001  0.000    7.413    9.818    0    0  (Gen:  0)
  1104752    483016 171124816  0.001  0.001    7.416    9.820    0    0  (Gen:  0)
  1029144    420344 171398096  0.002  0.001    7.420    9.822    0    0  (Gen:  0)
  1179720    271512 171796248  0.001  0.000    7.423    9.824    0    0  (Gen:  0)
  1040984    254248 171840032  0.001  0.000    7.425    9.825    0    0  (Gen:  0)
  1041496     55712 171832200  0.000  0.000    7.426    9.826    0    0  (Gen:  0)
  1039624     62728 171879832  0.000  0.000    7.428    9.827    0    0  (Gen:  0)
  1040800     27128 171860728  0.000  0.000    7.429    9.828    0    0  (Gen:  0)
  1041064     43248 171889584  0.000  0.000    7.430    9.829    0    0  (Gen:  0)
  1040992     19648 171869560  0.000  0.000    7.432    9.830    0    0  (Gen:  0)
  1041584     43880 171897888  0.000  0.000    7.433    9.831    0    0  (Gen:  0)
  1041016     16032 171874440  0.000  0.000    7.434    9.832    0    0  (Gen:  0)
  1035328    193144 172054840  0.001  0.000    7.436    9.834    0    0  (Gen:  0)
  1086336    330064 172322384  0.001  0.000    7.439    9.836    0    0  (Gen:  0)
  1073752    429656 172634936  0.002  0.000    7.443    9.838    0    0  (Gen:  0)
  1021912    409056 172884024  0.002  0.001    7.445    9.839    0    0  (Gen:  0)
  1026712    138280 173009968  0.001  0.000    7.448    9.841    0    0  (Gen:  0)
  1025808     99688 173062608  0.001  0.000    7.450    9.842    0    0  (Gen:  0)
  1029776    113936 173121088  0.001  0.000    7.452    9.843    0    0  (Gen:  0)
  1026496    135608 173199272  0.001  0.000    7.455    9.845    0    0  (Gen:  0)
  1027808    125936 173250680  0.001  0.000    7.457    9.847    0    0  (Gen:  0)
  1111936    282680 173554640  0.002  0.001    7.461    9.849    0    0  (Gen:  0)
  1075368    413744 173774456  0.002  0.001    7.464    9.851    0    0  (Gen:  0)
  1035152    192096 173823056  0.001  0.000    7.467    9.852    0    0  (Gen:  0)
  1036560    108984 173871192  0.001  0.000    7.469    9.854    0    0  (Gen:  0)
  1036800    122360 173944592  0.001  0.000    7.471    9.855    0    0  (Gen:  0)
  2605480    244280 174148032  0.001  0.000    7.476    9.858    0    0  (Gen:  0)
  1029136    319544 174310992  0.002  0.000    7.479    9.860    0    0  (Gen:  0)
  1037416    232048 174403384  0.001  0.000    7.482    9.862    0    0  (Gen:  0)
  1039816    164784 174482136  0.001  0.000    7.485    9.864    0    0  (Gen:  0)
  1038792    154624 174558240  0.001  0.000    7.488    9.866    0    0  (Gen:  0)
  1073008    122352 174642112  0.001  0.000    7.490    9.868    0    0  (Gen:  0)
  1031552    237944 174836216  0.002  0.001    7.494    9.869    0    0  (Gen:  0)
  1040384    426168 175095952  0.003  0.001    7.498    9.871    0    0  (Gen:  0)
  1153232    482912 175453464  0.003  0.001    7.502    9.873    0    0  (Gen:  0)
  1033736    397728 175632728  0.002  0.001    7.505    9.875    0    0  (Gen:  0)
  1037704    313928 175820496  0.001  0.000    7.507    9.876    0    0  (Gen:  0)
  1031320    269200 175969736  0.001  0.000    7.510    9.877    0    0  (Gen:  0)
  1314448    290528 176283552  0.001  0.000    7.512    9.879    0    0  (Gen:  0)
  1038920    555456 176556400  0.002  0.001    7.516    9.880    0    0  (Gen:  0)
  1037088    505528 176821640  0.002  0.001    7.518    9.882    0    0  (Gen:  0)
  1037128    542016 177092952  0.002  0.001    7.521    9.883    0    0  (Gen:  0)
  1187592    481608 177481488  0.002  0.001    7.525    9.885    0    0  (Gen:  0)
  1148528    601024 177950624  0.002  0.001    7.529    9.888    0    0  (Gen:  0)
  1208760    677672 178458424  0.002  0.001    7.534    9.890    0    0  (Gen:  0)
  2058968    680672 179848200  0.002  0.001    7.541    9.896    0    0  (Gen:  0)
  1142688    777216 180362184  0.003  0.001    7.549    9.903    0    0  (Gen:  0)
  1041912    625720 180551112  0.002  0.001    7.552    9.904    0    0  (Gen:  0)
  1042920    725256 181022376  0.003  0.001    7.556    9.905    0    0  (Gen:  0)
  1035104    967184 181729496  0.004  0.001    7.564    9.910    0    0  (Gen:  0)
  1039808    949544 182026640  0.005  0.001    7.573    9.916    0    0  (Gen:  0)
  1113984    386816 182110248  0.002  0.001    7.577    9.918    0    0  (Gen:  0)
  1179464    440256 182519792  0.002  0.001    7.580    9.920    0    0  (Gen:  0)
  1222600    539288 182915224  0.003  0.001    7.585    9.922    0    0  (Gen:  0)
  1256368    523552 183378744  0.003  0.001    7.589    9.925    0    0  (Gen:  0)
  1093968    558816 183776720  0.003  0.001    7.593    9.927    0    0  (Gen:  0)
  1090944    633368 184103376  0.002  0.001    7.597    9.929    0    0  (Gen:  0)
  1037912    507856 184392432  0.002  0.001    7.600    9.930    0    0  (Gen:  0)
  1029784    297832 184516896  0.001  0.000    7.603    9.932    0    0  (Gen:  0)
  1187408    292648 184896344  0.001  0.000    7.606    9.934    0    0  (Gen:  0)
  1173624    505264 185346696  0.002  0.001    7.609    9.936    0    0  (Gen:  0)
  1238000    568288 185868872  0.003  0.001    7.614    9.939    0    0  (Gen:  0)
  1191856    529528 186238552  0.002  0.001    7.618    9.941    0    0  (Gen:  0)
  1192592    491568 186668600  0.002  0.001    7.622    9.943    0    0  (Gen:  0)
  1117704    483232 187040296  0.001  0.001    7.625    9.945    0    0  (Gen:  0)
  1032712    284664 187139960  0.001  0.000    7.628    9.947    0    0  (Gen:  0)
  1032472    142520 187245184  0.001  0.000    7.631    9.949    0    0  (Gen:  0)
  1040496    360456 187511816  0.003  0.001    7.634    9.950    0    0  (Gen:  0)
  1042328    181600 187606984  0.001  0.000    7.636    9.951    0    0  (Gen:  0)
  1042880    225776 187750712  0.001  0.000    7.638    9.952    0    0  (Gen:  0)
  1075648    124520 187842664  0.001  0.000    7.640    9.953    0    0  (Gen:  0)
  3347136    715288 188635424  0.002  0.000    7.646    9.956    0    0  (Gen:  0)
  3437112   1277056 189346160  0.006  0.001    7.653    9.958    0    0  (Gen:  0)
  2848176   1165560 190017456  0.004  0.001    7.661    9.960    0    0  (Gen:  0)
  2224392    961528 190578456  0.004  0.001    7.668    9.962    0    0  (Gen:  0)
  2666672    565752 190833576  0.004  0.001    7.675    9.964    0    0  (Gen:  0)
  3509592    734832 191583608  0.003  0.001    7.683    9.966    0    0  (Gen:  0)
  2305168    681768 191887712  0.003  0.001    7.688    9.968    0    0  (Gen:  0)
  3851752    883936 192586120  0.007  0.001    7.698    9.970    0    0  (Gen:  0)
  3188328   1045536 192999376  0.004  0.001    7.706    9.972    0    0  (Gen:  0)
  3279408    582520 193306496  0.006  0.001    7.714    9.975    0    0  (Gen:  0)
  3557912    596120 193652088  0.006  0.001    7.723    9.977    0    0  (Gen:  0)
  2477232    633184 193962312  0.004  0.001    7.729    9.978    0    0  (Gen:  0)
  2113232    521512 194275128  0.004  0.001    7.734    9.980    0    0  (Gen:  0)
  3896384    489904 194743168  0.005  0.001    7.741    9.982    0    0  (Gen:  0)
  3477208    781400 195193048  0.006  0.001    7.750    9.984    0    0  (Gen:  0)
  3052416    969760 195780584  0.006  0.001    7.757    9.986    0    0  (Gen:  0)
  2452384    904776 196184128  0.003  0.001    7.764    9.988    0    0  (Gen:  0)
  2728176    406768 196441888  0.003  0.000    7.769    9.989    0    0  (Gen:  0)
  3199296    624880 196953864  0.002  0.001    7.774    9.991    0    0  (Gen:  0)
  2291456    821384 197318072  0.003  0.001    7.779    9.992    0    0  (Gen:  0)
  3141176    538720 197595496  0.003  0.001    7.787    9.994    0    0  (Gen:  0)
  2710320    655048 198014192  0.004  0.001    7.794    9.996    0    0  (Gen:  0)
  3295200   1226200 198864800  0.006  0.001    7.801    9.998    0    0  (Gen:  0)
  3303056    546712 199175320  0.002  0.001    7.806    9.999    0    0  (Gen:  0)
  3308176    585280 199584976  0.002  0.000    7.812   10.001    0    0  (Gen:  0)
  3275368    690384 199887280  0.002  0.001    7.818   10.003    0    0  (Gen:  0)
  2769392    648944 200285296  0.004  0.001    7.825   10.004    0    0  (Gen:  0)
  3284904    855336 200855064  0.005  0.001    7.831   10.006    0    0  (Gen:  0)
  3790320   1202960 201523992  0.004  0.001    7.838   10.008    0    0  (Gen:  0)
  3461344   1074856 202205504  0.005  0.001    7.845   10.010    0    0  (Gen:  0)
  3048064    828712 202640976  0.003  0.001    7.852   10.012    0    0  (Gen:  0)
  2908848    861080 203069176  0.005  0.001    7.858   10.013    0    0  (Gen:  0)
  3408184    724008 203469872  0.004  0.001    7.864   10.015    0    0  (Gen:  0)
  3123672    690360 203782808  0.005  0.001    7.870   10.016    0    0  (Gen:  0)
  3569216    772912 204258456  0.004  0.001    7.875   10.018    0    0  (Gen:  0)
  2724624    578080 204523176  0.002  0.001    7.881   10.020    0    0  (Gen:  0)
  3552512    717296 205008512  0.004  0.001    7.887   10.021    0    0  (Gen:  0)
  3335552    690008 205266808  0.003  0.001    7.894   10.023    0    0  (Gen:  0)
  3222768    548888 205560784  0.004  0.001    7.900   10.024    0    0  (Gen:  0)
  3661560    504464 205807768  0.005  0.001    7.906   10.026    0    0  (Gen:  0)
  2545016    485424 206039720  0.002  0.001    7.912   10.028    0    0  (Gen:  0)
  3375296    626680 206432144  0.005  0.001    7.918   10.029    0    0  (Gen:  0)
  3148664    683880 206745576  0.003  0.001    7.924   10.031    0    0  (Gen:  0)
  2629920    604056 207072480  0.004  0.001    7.929   10.032    0    0  (Gen:  0)
  2469624    575016 207381136  0.005  0.001    7.936   10.034    0    0  (Gen:  0)
  3840656    609856 207798264  0.004  0.001    7.943   10.036    0    0  (Gen:  0)
  3833344    749344 208193176  0.005  0.001    7.951   10.038    0    0  (Gen:  0)
  3356560    447448 208326984  0.004  0.001    7.956   10.039    0    0  (Gen:  0)
  3304224    355104 208488672  0.003  0.000    7.961   10.040    0    0  (Gen:  0)
  2947384    333800 208647800  0.004  0.000    7.966   10.042    0    0  (Gen:  0)
  3112368    317840 208784880  0.002  0.000    7.970   10.043    0    0  (Gen:  0)
  3209064    324256 208951376  0.002  0.000    7.974   10.044    0    0  (Gen:  0)
  3319744    311176 209080920  0.004  0.000    7.979   10.045    0    0  (Gen:  0)
  3094640    321072 209238824  0.002  0.000    7.984   10.047    0    0  (Gen:  0)
  2673048    356376 209415728  0.003  0.000    7.989   10.048    0    0  (Gen:  0)
  3092136    420056 209643848  0.001  0.001    7.994   10.049    0    0  (Gen:  0)
  2981064    383832 209837816  0.001  0.000    7.999   10.051    0    0  (Gen:  0)
  2686632    279224 209939840  0.003  0.000    8.003   10.051    0    0  (Gen:  0)
  2928328    288960 210106872  0.004  0.000    8.007   10.053    0    0  (Gen:  0)
  3688400    615792 210545240  0.005  0.001    8.013   10.054    0    0  (Gen:  0)
  3244064    651312 210791752  0.004  0.001    8.018   10.056    0    0  (Gen:  0)
  3186144    389952 211019440  0.002  0.000    8.023   10.057    0    0  (Gen:  0)
  3174072    667720 211457256  0.002  0.000    8.028   10.059    0    0  (Gen:  0)
  2779728    632224 211896752  0.002  0.000    8.034   10.060    0    0  (Gen:  0)
  3282560    719152 212305736  0.006  0.001    8.041   10.062    0    0  (Gen:  0)
  2402664    604928 212618096  0.004  0.001    8.046   10.063    0    0  (Gen:  0)
  2608432    619952 213031872  0.003  0.001    8.050   10.064    0    0  (Gen:  0)
  2805136    772464 213475888  0.003  0.001    8.055   10.066    0    0  (Gen:  0)
  2685120    731184 213821168  0.003  0.001    8.060   10.067    0    0  (Gen:  0)
  3287424    781616 214316208  0.003  0.001    8.064   10.068    0    0  (Gen:  0)
  3012360    672632 214734504  0.004  0.001    8.069   10.069    0    0  (Gen:  0)
  2808400    685504 215053160  0.003  0.001    8.074   10.071    0    0  (Gen:  0)
  2655672    730720 215459248  0.004  0.001    8.079   10.072    0    0  (Gen:  0)
  2499576    854176 215909216  0.004  0.001    8.084   10.073    0    0  (Gen:  0)
  3073776    923152 216406264  0.003  0.001    8.090   10.075    0    0  (Gen:  0)
  2566584    736640 216808776  0.005  0.001    8.096   10.076    0    0  (Gen:  0)
  2087792    623976 217039856  0.004  0.001    8.101   10.078    0    0  (Gen:  0)
  2802712    523112 217285120  0.004  0.001    8.106   10.079    0    0  (Gen:  0)
  3087520    355688 217595344  0.001  0.000    8.111   10.081    0    0  (Gen:  0)
  3358672    669088 217996760  0.002  0.001    8.118   10.083    0    0  (Gen:  0)
  3822768    698648 218536664  0.004  0.001    8.126   10.085    0    0  (Gen:  0)
  3930360    735456 219042584  0.004  0.001    8.136   10.087    0    0  (Gen:  0)
  3514000    646480 219351232  0.006  0.001    8.143   10.090    0    0  (Gen:  0)
  3197920    229568 219378816  0.003  0.000    8.150   10.091    0    0  (Gen:  0)
  3584888    421208 219747216  0.005  0.000    8.157   10.093    0    0  (Gen:  0)
  3747648    633944 220101264  0.004  0.001    8.164   10.095    0    0  (Gen:  0)
  3408304    714400 220502768  0.005  0.001    8.171   10.097    0    0  (Gen:  0)
  3347944    726440 220863600  0.005  0.001    8.178   10.099    0    0  (Gen:  0)
  3948016    925280 221479704  0.006  0.001    8.187   10.101    0    0  (Gen:  0)
  2898800    974000 221911176  0.006  0.001    8.194   10.103    0    0  (Gen:  0)
  2961232    845040 222457160  0.005  0.001    8.201   10.104    0    0  (Gen:  0)
  2990040    681608 222800632  0.003  0.001    8.207   10.106    0    0  (Gen:  0)
  3398416    842088 223326304  0.004  0.001    8.214   10.108    0    0  (Gen:  0)
  3156424    996736 223835272  0.004  0.001    8.222   10.110    0    0  (Gen:  0)
  1879640    721208 224219320  0.004  0.001    8.226   10.111    0    0  (Gen:  0)
  2197096    679360 224510672  0.004  0.001    8.232   10.113    0    0  (Gen:  0)
  3273000    749296 225046880  0.005  0.001    8.237   10.114    0    0  (Gen:  0)
  3251168    986856 225594152  0.007  0.001    8.246   10.116    0    0  (Gen:  0)
  2990312    938696 226057584  0.006  0.001    8.253   10.118    0    0  (Gen:  0)
  2449632    672856 226394688  0.003  0.001    8.258   10.120    0    0  (Gen:  0)
  3396240    587064 226741688  0.003  0.001    8.265   10.122    0    0  (Gen:  0)
  2884120    588976 227019496  0.005  0.001    8.272   10.124    0    0  (Gen:  0)
  3019832    527976 227312624  0.004  0.001    8.279   10.125    0    0  (Gen:  0)
  3274856    582944 227692808  0.002  0.001    8.285   10.127    0    0  (Gen:  0)
  2647592    390800 227819384  0.004  0.000    8.290   10.128    0    0  (Gen:  0)
  2934216    316608 228009760  0.002  0.000    8.296   10.130    0    0  (Gen:  0)
  2661928    366384 228207368  0.003  0.000    8.301   10.131    0    0  (Gen:  0)
  2693512    366736 228382016  0.001  0.000    8.306   10.132    0    0  (Gen:  0)
  2009480    294872 228492368  0.001  0.000    8.309   10.134    0    0  (Gen:  0)
  2241712    275944 228656056  0.001  0.000    8.313   10.135    0    0  (Gen:  0)
  2615912    443536 228933064  0.001  0.001    8.319   10.137    0    0  (Gen:  0)
  2391168    463752 229150120  0.002  0.001    8.324   10.139    0    0  (Gen:  0)
  2716928    503216 229458600  0.003  0.001    8.331   10.142    0    0  (Gen:  0)
  2798696    707464 229886088  0.005  0.001    8.338   10.143    0    0  (Gen:  0)
  2722664    746608 230251944  0.006  0.001    8.345   10.145    0    0  (Gen:  0)
  2617496    731136 230649888  0.004  0.001    8.350   10.147    0    0  (Gen:  0)
  2625976    860104 231131888  0.004  0.001    8.354   10.148    0    0  (Gen:  0)
  3577352   1140032 231846112  0.006  0.001    8.363   10.150    0    0  (Gen:  0)
  3471640   1157840 232403112  0.007  0.001    8.372   10.152    0    0  (Gen:  0)
  3313744   1002768 232962896  0.006  0.001    8.379   10.155    0    0  (Gen:  0)
  2882088    778296 233340424  0.005  0.001    8.386   10.156    0    0  (Gen:  0)
  3298168    599832 233775064  0.003  0.001    8.391   10.158    0    0  (Gen:  0)
  3040736    915808 234316952  0.005  0.001    8.399   10.160    0    0  (Gen:  0)
  3912696    953312 234937664  0.005  0.001    8.409   10.162    0    0  (Gen:  0)
  3639576    843336 235396688  0.005  0.001    8.415   10.164    0    0  (Gen:  0)
  3154760    649128 235601904  0.003  0.001    8.421   10.166    0    0  (Gen:  0)
  3033232    388752 235818416  0.002  0.000    8.426   10.167    0    0  (Gen:  0)
  3429488    538344 236171064  0.005  0.001    8.433   10.169    0    0  (Gen:  0)
  2920032    748240 236629200  0.007  0.001    8.441   10.171    0    0  (Gen:  0)
  2343016    660968 236904696  0.005  0.001    8.448   10.173    0    0  (Gen:  0)
  2313112    613808 237262336  0.003  0.001    8.452   10.174    0    0  (Gen:  0)
  2366728    679272 237610640  0.003  0.001    8.457   10.175    0    0  (Gen:  0)
  3038904    809128 238106648  0.004  0.001    8.463   10.177    0    0  (Gen:  0)
  2880640    784664 238538496  0.005  0.001    8.470   10.179    0    0  (Gen:  0)
  2236520    515256 238852616  0.004  0.001    8.474   10.180    0    0  (Gen:  0)
  2179872    499608 239170240  0.002  0.001    8.479   10.181    0    0  (Gen:  0)
  3101160    482672 239478616  0.003  0.001    8.486   10.183    0    0  (Gen:  0)
  2772760    378864 239618096  0.002  0.001    8.490   10.185    0    0  (Gen:  0)
  3215464    382024 239878392  0.004  0.000    8.496   10.186    0    0  (Gen:  0)
  3877232    626856 240218704  0.005  0.001    8.503   10.188    0    0  (Gen:  0)
  3365816    442952 240365320  0.002  0.001    8.512   10.190    0    0  (Gen:  0)
  3328400    476760 240689192  0.005  0.001    8.519   10.192    0    0  (Gen:  0)
  3291328    471728 240920920  0.003  0.001    8.525   10.194    0    0  (Gen:  0)
  3427120    624616 241341688  0.004  0.001    8.532   10.196    0    0  (Gen:  0)
  2801400    892488 241806800  0.002  0.001    8.537   10.197    0    0  (Gen:  0)
  3161720    885128 242509136  0.004  0.001    8.545   10.199    0    0  (Gen:  0)
  2830048   1051216 243190816  0.004  0.001    8.553   10.201    0    0  (Gen:  0)
  2951104    961144 243834344  0.005  0.001    8.559   10.203    0    0  (Gen:  0)
  2752064    811344 244217376  0.005  0.001    8.566   10.205    0    0  (Gen:  0)
  3380392    668152 244841152  0.004  0.001    8.573   10.207    0    0  (Gen:  0)
  3051944    744488 245186688  0.007  0.001    8.581   10.209    0    0  (Gen:  0)
  3238208    880808 245763544  0.002  0.001    8.588   10.211    0    0  (Gen:  0)
  3149768    859032 246388912  0.005  0.001    8.596   10.213    0    0  (Gen:  0)
  3924456    877184 247081624  0.006  0.001    8.605   10.215    0    0  (Gen:  0)
  3399072   1224464 247807712  0.007  0.001    8.613   10.217    0    0  (Gen:  0)
  3481344   1246776 248636864  0.006  0.001    8.621   10.220    0    0  (Gen:  0)
  2184576    825032 248932168  0.004  0.001    8.628   10.222    0    0  (Gen:  0)
  1274608    612592 249290088  0.002  0.001    8.632   10.223    0    0  (Gen:  0)
  3193392    844328 249804088  0.005  0.001    8.639   10.225    0    0  (Gen:  0)
  2413480    658728 250043224  0.003  0.001    8.646   10.227    0    0  (Gen:  0)
  5406552    591224 252815312  0.002  0.001    8.654   10.229    0    0  (Gen:  0)
  2853384    421440 253051312  0.003  0.001    8.662   10.232    0    0  (Gen:  0)
  2351744    551200 253390856  0.006  0.001    8.671   10.234    0    0  (Gen:  0)
  2093448    565344 253671024  0.004  0.001    8.678   10.236    0    0  (Gen:  0)
  2960808    456752 253948752  0.004  0.001    8.685   10.237    0    0  (Gen:  0)
  2788272    860696 254801640  0.005  0.001    8.693   10.240    0    0  (Gen:  0)
  2919560   1341232 255688200  0.007  0.002    8.703   10.243    0    0  (Gen:  0)
  2783384   1284104 256491704  0.007  0.002    8.713   10.246    0    0  (Gen:  0)
  2464152   1061848 257162208  0.005  0.001    8.721   10.248    0    0  (Gen:  0)
  2304216    798672 257777568  0.003  0.001    8.725   10.249    0    0  (Gen:  0)
  2692120    838536 258538640  0.003  0.001    8.733   10.251    0    0  (Gen:  0)
  3535608    492408 261239832  0.002  0.001    8.739   10.253    0    0  (Gen:  0)
  2407400    572464 261894832  0.002  0.001    8.747   10.255    0    0  (Gen:  0)
  1871120    702528 262306512  0.003  0.001    8.754   10.257    0    0  (Gen:  0)
  2084960    290928 262461048  0.001  0.000    8.760   10.259    0    0  (Gen:  0)
  1993448    211096 262613208  0.001  0.000    8.766   10.260    0    0  (Gen:  0)
  2028080    265704 262742408  0.002  0.001    8.772   10.262    0    0  (Gen:  0)
  1851784    334960 262957992  0.001  0.000    8.778   10.264    0    0  (Gen:  0)
  2013304    398848 263276448  0.002  0.000    8.784   10.265    0    0  (Gen:  0)
  3585520    474728 265900544  0.002  0.001    8.790   10.267    0    0  (Gen:  0)
  1328344    293616 266071072  0.003  0.001    8.797   10.269    0    0  (Gen:  0)
  1188104    225680 266208184  0.002  0.001    8.804   10.271    0    0  (Gen:  0)
  1118400    311112 266440376  0.003  0.001    8.810   10.273    0    0  (Gen:  0)
  1099360    407880 266642592  0.004  0.001    8.815   10.274    0    0  (Gen:  0)
  1389160    215416 266922528  0.002  0.000    8.820   10.275    0    0  (Gen:  0)
  1374312    292336 267102080  0.002  0.000    8.826   10.277    0    0  (Gen:  0)
  1233320    329000 267294744  0.002  0.001    8.832   10.279    0    0  (Gen:  0)
  1208640    219792 267400128  0.002  0.000    8.838   10.280    0    0  (Gen:  0)
  1220952    158000 267474848  0.001  0.000    8.843   10.282    0    0  (Gen:  0)
  1200064     97288 267543680  0.001  0.000    8.848   10.283    0    0  (Gen:  0)
  1224912    108856 267627664  0.001  0.000    8.854   10.285    0    0  (Gen:  0)
  1948872    186088 267784784  0.002  0.000    8.862   10.287    0    0  (Gen:  0)
  3992400   1755104 269755144  0.007  0.002    8.873   10.290    0    0  (Gen:  0)
  1355136   1866376 269922480  0.006  0.002    8.881   10.293    0    0  (Gen:  0)
  1454136    449480 270155800  0.002  0.001    8.884   10.294    0    0  (Gen:  0)
  1492768    378552 270422592  0.002  0.001    8.887   10.295    0    0  (Gen:  0)
  1617848    391360 270667896  0.002  0.001    8.890   10.296    0    0  (Gen:  0)
  1556280    408264 270927552  0.002  0.001    8.893   10.297    0    0  (Gen:  0)
  1630520    412416 271183504  0.002  0.001    8.896   10.298    0    0  (Gen:  0)
  1424264    703352 271734528  0.002  0.001    8.900   10.300    0    0  (Gen:  0)
  1783304   1408768 272810776  0.005  0.001    8.907   10.301    0    0  (Gen:  0)
  2397072   1798304 273835624  0.007  0.002    8.917   10.305    0    0  (Gen:  0)
  2121240   1731552 274980528  0.008  0.002    8.925   10.307    0    0  (Gen:  0)
  1971904   1886352 276074792  0.008  0.002    8.936   10.310    0    0  (Gen:  0)
  2269632   1922296 277125464  0.009  0.002    8.946   10.313    0    0  (Gen:  0)
  2069680   1866784 278314232  0.005  0.002    8.953   10.316    0    0  (Gen:  0)
  1670784   1813312 279191048  0.007  0.002    8.963   10.318    0    0  (Gen:  0)
  1891520   1582560 279909320  0.007  0.002    8.973   10.321    0    0  (Gen:  0)
  1612440   1127248 280293272  0.005  0.001    8.981   10.323    0    0  (Gen:  0)
  1413128    610968 280558472  0.003  0.000    8.988   10.325    0    0  (Gen:  0)
  1411424    497784 280810896  0.001  0.000    8.995   10.327    0    0  (Gen:  0)
  1270136    398656 280965840  0.002  0.000    9.000   10.328    0    0  (Gen:  0)
  1244592    292104 281112424  0.002  0.000    9.005   10.329    0    0  (Gen:  0)
  1285288    299080 281272400  0.001  0.000    9.010   10.331    0    0  (Gen:  0)
  1207040    266520 281384344  0.001  0.000    9.014   10.332    0    0  (Gen:  0)
  1213440    233240 281511000  0.003  0.000    9.020   10.333    0    0  (Gen:  0)
  1451136    349688 281805600  0.001  0.000    9.024   10.334    0    0  (Gen:  0)
  1450576    619216 282207288  0.002  0.000    9.031   10.336    0    0  (Gen:  0)
  1775472    859872 282774864  0.003  0.001    9.039   10.338    0    0  (Gen:  0)
  1679728    901792 283255600  0.003  0.001    9.047   10.340    0    0  (Gen:  0)
  1441072    647624 283533472  0.002  0.000    9.053   10.342    0    0  (Gen:  0)
  1365568    507168 283787432  0.003  0.000    9.059   10.343    0    0  (Gen:  0)
  1397264    544032 284102640  0.003  0.000    9.066   10.345    0    0  (Gen:  0)
  1344904    567696 284381528  0.003  0.000    9.073   10.347    0    0  (Gen:  0)
  1240992    411048 284534800  0.002  0.000    9.078   10.348    0    0  (Gen:  0)
  1253480    408904 284797720  0.003  0.000    9.085   10.350    0    0  (Gen:  0)
  1520072    657944 285242248  0.004  0.001    9.093   10.352    0    0  (Gen:  0)
  1602392    772824 285639784  0.003  0.001    9.101   10.354    0    0  (Gen:  0)
  2276288   1078704 286415104  0.006  0.001    9.110   10.357    0    0  (Gen:  0)
  1202736    818144 286577448  0.004  0.001    9.115   10.358    0    0  (Gen:  0)
  1162360    361224 286774456  0.002  0.000    9.117   10.359    0    0  (Gen:  0)
  1150848    440680 287047840  0.002  0.000    9.120   10.360    0    0  (Gen:  0)
  3032152    720824 287769976  0.003  0.001    9.126   10.362    0    0  (Gen:  0)
  2758104    706368 288139216  0.002  0.001    9.132   10.363    0    0  (Gen:  0)
  3046040    945272 288745720  0.005  0.001    9.139   10.365    0    0  (Gen:  0)
  3779984    782464 288971920  0.003  0.001    9.147   10.367    0    0  (Gen:  0)
  3617632    562224 289274224  0.004  0.001    9.155   10.370    0    0  (Gen:  0)
  3369016    558216 289603136  0.004  0.001    9.163   10.372    0    0  (Gen:  0)
  3675152    595832 289966552  0.004  0.001    9.171   10.374    0    0  (Gen:  0)
  3968096    797872 290480312  0.005  0.001    9.179   10.376    0    0  (Gen:  0)
  3877104    777976 290968232  0.004  0.001    9.189   10.378    0    0  (Gen:  0)
  3367272    536416 291215720  0.005  0.001    9.196   10.380    0    0  (Gen:  0)
  3702152    498192 291521112  0.006  0.001    9.204   10.382    0    0  (Gen:  0)
  3508960    588080 291835544  0.005  0.001    9.212   10.384    0    0  (Gen:  0)
  3458792    709848 292254416  0.005  0.001    9.219   10.386    0    0  (Gen:  0)
  2239928    665504 292550520  0.005  0.001    9.225   10.388    0    0  (Gen:  0)
  3516472    433560 292860720  0.004  0.001    9.232   10.390    0    0  (Gen:  0)
  3028024    759544 293408208  0.003  0.001    9.240   10.392    0    0  (Gen:  0)
  2749096    781424 293735432  0.006  0.001    9.247   10.393    0    0  (Gen:  0)
  2198760    577952 294029840  0.003  0.001    9.253   10.395    0    0  (Gen:  0)
  3779480    478008 294365880  0.004  0.001    9.259   10.397    0    0  (Gen:  0)
  3077888    777624 294832648  0.005  0.001    9.266   10.399    0    0  (Gen:  0)
  2985688    795968 295203320  0.004  0.001    9.272   10.400    0    0  (Gen:  0)
  2677792    690360 295636840  0.004  0.001    9.278   10.402    0    0  (Gen:  0)
  2782336    599208 296044792  0.002  0.001    9.284   10.404    0    0  (Gen:  0)
  2837720    782064 296580936  0.003  0.000    9.288   10.405    0    0  (Gen:  0)
  3186440    866976 297193464  0.003  0.001    9.293   10.406    0    0  (Gen:  0)
  3915888    645024 297694456  0.004  0.001    9.301   10.408    0    0  (Gen:  0)
  3331408    719136 297992584  0.006  0.001    9.308   10.410    0    0  (Gen:  0)
  2786144    503608 298227744  0.004  0.001    9.313   10.412    0    0  (Gen:  0)
  3215856    376960 298443328  0.002  0.000    9.320   10.414    0    0  (Gen:  0)
  2313736    324696 298600160  0.001  0.000    9.324   10.415    0    0  (Gen:  0)
  2348352    467040 298938104  0.001  0.001    9.328   10.416    0    0  (Gen:  0)
  2274400    672896 299306056  0.003  0.001    9.334   10.418    0    0  (Gen:  0)
  2532176    733056 299722600  0.002  0.001    9.339   10.420    0    0  (Gen:  0)
  2661120    922864 300265880  0.003  0.001    9.345   10.422    0    0  (Gen:  0)
  2610912    919448 300718752  0.003  0.001    9.351   10.423    0    0  (Gen:  0)
  2553848    877880 301212960  0.004  0.001    9.358   10.425    0    0  (Gen:  0)
  2417752    702200 301655744  0.004  0.001    9.364   10.427    0    0  (Gen:  0)
  2361216    697464 301961856  0.004  0.001    9.370   10.429    0    0  (Gen:  0)
  2089008    660240 302405248  0.003  0.001    9.375   10.431    0    0  (Gen:  0)
  2356256    903072 302913528  0.004  0.001    9.381   10.432    0    0  (Gen:  0)
  2650024   1015632 303460744  0.003  0.001    9.387   10.434    0    0  (Gen:  0)
  2270328    923224 304009576  0.003  0.001    9.392   10.436    0    0  (Gen:  0)
  2547176    690856 304268024  0.002  0.001    9.397   10.437    0    0  (Gen:  0)
  1934936    457512 304500576  0.002  0.001    9.401   10.439    0    0  (Gen:  0)
  1535552    288192 304611488  0.002  0.000    9.405   10.441    0    0  (Gen:  0)
  1764552    411104 304895880  0.001  0.000    9.407   10.442    0    0  (Gen:  0)
  1578688    444504 305160896  0.001  0.001    9.411   10.443    0    0  (Gen:  0)
  1593200    441848 305405336  0.002  0.001    9.415   10.445    0    0  (Gen:  0)
  1662048    349456 305593640  0.001  0.000    9.418   10.446    0    0  (Gen:  0)
  1228312     64096 305626848  0.001  0.000    9.420   10.447    0    0  (Gen:  0)
  1033752     43416 305639904  0.000  0.000    9.422   10.448    0    0  (Gen:  0)
  1034056     61600 305687976  0.001  0.000    9.424   10.450    0    0  (Gen:  0)
  1038872    113248 305759984  0.001  0.000    9.427   10.452    0    0  (Gen:  0)
  1038128    184240 305876352  0.002  0.001    9.430   10.454    0    0  (Gen:  0)
  1032920    217040 306042168  0.002  0.001    9.433   10.455    0    0  (Gen:  0)
  1036224    317856 306205008  0.003  0.001    9.437   10.457    0    0  (Gen:  0)
  1036144    294320 306355088  0.002  0.001    9.441   10.459    0    0  (Gen:  0)
  1036768    296992 306506808  0.003  0.001    9.445   10.461    0    0  (Gen:  0)
  1036136    295080 306656960  0.003  0.001    9.448   10.463    0    0  (Gen:  0)
  1038200    206264 306718912  0.002  0.000    9.451   10.465    0    0  (Gen:  0)
  1037504    115768 306774712  0.001  0.000    9.454   10.466    0    0  (Gen:  0)
  1038720    104832 306828336  0.001  0.000    9.456   10.468    0    0  (Gen:  0)
  1039016    108752 306888856  0.001  0.000    9.458   10.469    0    0  (Gen:  0)
  1041712    154112 306991456  0.001  0.000    9.460   10.471    0    0  (Gen:  0)
  1036560    189696 307136600  0.002  0.001    9.463   10.472    0    0  (Gen:  0)
  1040560    389376 307372032  0.003  0.001    9.467   10.474    0    0  (Gen:  0)
  1039832    435320 307604104  0.003  0.001    9.471   10.475    0    0  (Gen:  0)
  1039816    413256 307823528  0.003  0.001    9.475   10.477    0    0  (Gen:  0)
  1042688    338504 307998360  0.002  0.001    9.478   10.478    0    0  (Gen:  0)
  1044648    215608 308193400  0.002  0.000    9.480   10.480    0    0  (Gen:  0)
  2004984    422320 308535752  0.002  0.000    9.483   10.482    0    0  (Gen:  0)
  1039248    481296 308732592  0.002  0.001    9.486   10.483    0    0  (Gen:  0)
  1031224    295680 308865280  0.002  0.001    9.489   10.485    0    0  (Gen:  0)
  1026832    214528 308985576  0.001  0.001    9.492   10.486    0    0  (Gen:  0)
  1031344    215672 309090712  0.002  0.000    9.495   10.488    0    0  (Gen:  0)
  1030192    178816 309170760  0.002  0.000    9.497   10.489    0    0  (Gen:  0)
  1037032    112072 309214584  0.001  0.000    9.500   10.491    0    0  (Gen:  0)
  1035176     72624 309247440  0.001  0.000    9.502   10.493    0    0  (Gen:  0)
  1071320     58888 309298384  0.001  0.000    9.504   10.494    0    0  (Gen:  0)
  1036896     27760 309312960  0.000  0.000    9.505   10.495    0    0  (Gen:  0)
  1037480     27144 309327216  0.000  0.000    9.507   10.497    0    0  (Gen:  0)
  1079856     41088 309386840  0.000  0.000    9.508   10.498    0    0  (Gen:  0)
  1038664     75600 309434976  0.001  0.000    9.510   10.499    0    0  (Gen:  0)
  1037456     92552 309479344  0.001  0.000    9.512   10.501    0    0  (Gen:  0)
  1034952    151000 309583752  0.001  0.000    9.515   10.502    0    0  (Gen:  0)
  1041712     55816 309592856  0.000  0.000    9.516   10.503    0    0  (Gen:  0)
  1737160     98328 309707800  0.001  0.000    9.519   10.505    0    0  (Gen:  0)
  1036232    209920 309834496  0.001  0.000    9.522   10.507    0    0  (Gen:  0)
  1037704    238448 309946128  0.001  0.000    9.524   10.509    0    0  (Gen:  0)
  1037200    218984 310054176  0.001  0.000    9.527   10.511    0    0  (Gen:  0)
  1038632    181472 310125800  0.001  0.000    9.530   10.512    0    0  (Gen:  0)
  1040200    130184 310187232  0.001  0.000    9.532   10.514    0    0  (Gen:  0)
  1074608    145184 310300904  0.001  0.000    9.534   10.515    0    0  (Gen:  0)
  1037288    168496 310388736  0.001  0.000    9.536   10.517    0    0  (Gen:  0)
  1035800    192752 310529552  0.001  0.000    9.539   10.518    0    0  (Gen:  0)
  1032560    284600 310678136  0.001  0.001    9.542   10.520    0    0  (Gen:  0)
  1036720    294056 310836208  0.001  0.000    9.544   10.521    0    0  (Gen:  0)
  1034264    290664 310973632  0.001  0.000    9.547   10.523    0    0  (Gen:  0)
  1037304    226160 311065464  0.001  0.000    9.550   10.525    0    0  (Gen:  0)
  1038312     84128 311118344  0.000  0.000    9.553   10.526    0    0  (Gen:  0)
  1036624    108600 311164936  0.001  0.000    9.554   10.528    0    0  (Gen:  0)
  1039832    122344 311233016  0.000  0.000    9.556   10.529    0    0  (Gen:  0)
  1039520    130152 311293808  0.000  0.000    9.558   10.530    0    0  (Gen:  0)
  1074472    110760 311371632  0.001  0.000    9.560   10.532    0    0  (Gen:  0)
  1034408     95792 311418544  0.001  0.000    9.562   10.533    0    0  (Gen:  0)
  1042184    167736 311540976  0.001  0.000    9.564   10.534    0    0  (Gen:  0)
  1036608    170912 311681816  0.001  0.000    9.566   10.536    0    0  (Gen:  0)
  1040104    383096 311926720  0.002  0.001    9.569   10.537    0    0  (Gen:  0)
  1040880    433504 312166560  0.002  0.001    9.572   10.539    0    0  (Gen:  0)
  1075496    452968 312458416  0.002  0.001    9.576   10.541    0    0  (Gen:  0)
  1042744    336496 312586336  0.001  0.001    9.579   10.542    0    0  (Gen:  0)
  1037104    311560 312845352  0.001  0.000    9.582   10.543    0    0  (Gen:  0)
  1036184    115680 312837360  0.001  0.000    9.583   10.544    0    0  (Gen:  0)
  3724648    800456 313722960  0.004  0.001    9.591   10.547    0    0  (Gen:  0)
  2719032   1131384 314131496  0.003  0.001    9.598   10.549    0    0  (Gen:  0)
  2507888    380136 314290480  0.002  0.001    9.604   10.551    0    0  (Gen:  0)
  2476656    489704 314599520  0.002  0.001    9.609   10.552    0    0  (Gen:  0)
  2647560    437504 314811256  0.001  0.000    9.615   10.554    0    0  (Gen:  0)
  2900496    536984 315172688  0.004  0.001    9.621   10.556    0    0  (Gen:  0)
  3267976    626600 315436600  0.005  0.001    9.627   10.558    0    0  (Gen:  0)
  3739248    469744 315661408  0.005  0.001    9.635   10.560    0    0  (Gen:  0)
  3355472    510096 315940776  0.004  0.001    9.642   10.562    0    0  (Gen:  0)
  3161424    432112 316103424  0.004  0.001    9.650   10.564    0    0  (Gen:  0)
  2860096    286256 316223528  0.002  0.000    9.657   10.566    0    0  (Gen:  0)
  3025184    346880 316460744  0.003  0.000    9.664   10.568    0    0  (Gen:  0)
  3019456    476752 316680328  0.004  0.001    9.669   10.569    0    0  (Gen:  0)
  3109784    619272 317075080  0.005  0.001    9.676   10.571    0    0  (Gen:  0)
  3177816    580712 317445808  0.003  0.001    9.681   10.572    0    0  (Gen:  0)
  3303808 231929592 260461872  0.579  0.176   10.263   10.749    0    0  (Gen:  1)
  3364976    760560 260843600  0.005  0.001   10.269   10.751    0    0  (Gen:  0)
  2923016    466560 261136936  0.003  0.000   10.276   10.752    0    0  (Gen:  0)
  3223624    463648 261308056  0.005  0.001   10.283   10.754    0    0  (Gen:  0)
  2939248    272288 261499616  0.002  0.000   10.288   10.756    0    0  (Gen:  0)
  3870736    514248 261871592  0.005  0.001   10.296   10.758    0    0  (Gen:  0)
  3404928    718280 262228520  0.004  0.001   10.303   10.760    0    0  (Gen:  0)
  3931224    832808 262700536  0.006  0.001   10.311   10.762    0    0  (Gen:  0)
  2440648    736120 262982624  0.004  0.001   10.318   10.764    0    0  (Gen:  0)
  2452840    444808 263141376  0.003  0.001   10.323   10.765    0    0  (Gen:  0)
  3311360    432200 263414216  0.003  0.001   10.329   10.767    0    0  (Gen:  0)
  2834912    417936 263576616  0.005  0.001   10.336   10.768    0    0  (Gen:  0)
  3391704    463944 263864384  0.005  0.001   10.342   10.770    0    0  (Gen:  0)
  3247160    674376 264258544  0.004  0.001   10.349   10.772    0    0  (Gen:  0)
  2379520    664304 264534736  0.006  0.001   10.356   10.773    0    0  (Gen:  0)
  3185360    532792 264932544  0.003  0.001   10.362   10.775    0    0  (Gen:  0)
  2903064    835400 265408536  0.006  0.001   10.369   10.777    0    0  (Gen:  0)
  2807024    803064 265812712  0.005  0.001   10.374   10.778    0    0  (Gen:  0)
  2419728    640384 266138696  0.005  0.001   10.380   10.780    0    0  (Gen:  0)
  3195000    396168 266365320  0.005  0.000   10.386   10.781    0    0  (Gen:  0)
  3743576    731968 266906488  0.004  0.001   10.392   10.783    0    0  (Gen:  0)
  3652760    988024 267414416  0.006  0.001   10.400   10.785    0    0  (Gen:  0)
  3703016    990136 267967816  0.006  0.001   10.409   10.788    0    0  (Gen:  0)
  3182552    799216 268343312  0.003  0.001   10.415   10.790    0    0  (Gen:  0)
  2965680    765632 268786584  0.002  0.001   10.422   10.792    0    0  (Gen:  0)
  2311488    445344 268946760  0.004  0.001   10.429   10.793    0    0  (Gen:  0)
  3332512    645480 269421928  0.004  0.001   10.436   10.795    0    0  (Gen:  0)
  2971336    797416 269847792  0.004  0.001   10.441   10.797    0    0  (Gen:  0)
  2810232    589896 270102720  0.004  0.001   10.446   10.798    0    0  (Gen:  0)
  2410712    508576 270374576  0.002  0.000   10.450   10.799    0    0  (Gen:  0)
  3179136    657792 270789000  0.003  0.001   10.455   10.801    0    0  (Gen:  0)
  3147880    727304 271155456  0.004  0.001   10.462   10.802    0    0  (Gen:  0)
  2621320    759328 271578416  0.004  0.001   10.468   10.804    0    0  (Gen:  0)
  2965144    778152 272014448  0.005  0.001   10.474   10.806    0    0  (Gen:  0)
  2742232    662800 272317616  0.003  0.001   10.479   10.807    0    0  (Gen:  0)
  2844640    543480 272583336  0.004  0.000   10.483   10.808    0    0  (Gen:  0)
  2768072    583480 272969120  0.004  0.000   10.488   10.809    0    0  (Gen:  0)
  2799648    671776 273354488  0.004  0.001   10.493   10.811    0    0  (Gen:  0)
  2901552    674584 273700064  0.004  0.001   10.498   10.812    0    0  (Gen:  0)
  3047896    652008 274078648  0.004  0.001   10.503   10.813    0    0  (Gen:  0)
  2873504    603952 274355424  0.002  0.001   10.508   10.815    0    0  (Gen:  0)
  3307856    505264 274603584  0.004  0.001   10.514   10.816    0    0  (Gen:  0)
  3197104    410552 274778064  0.004  0.000   10.520   10.818    0    0  (Gen:  0)
  3091080    331184 274942144  0.002  0.000   10.525   10.819    0    0  (Gen:  0)
  3133024    489720 275280376  0.004  0.000   10.530   10.820    0    0  (Gen:  0)
  2748192    646808 275629936  0.004  0.001   10.536   10.822    0    0  (Gen:  0)
  3609520    765592 276078416  0.004  0.001   10.544   10.824    0    0  (Gen:  0)
  2647152    630744 276305248  0.003  0.001   10.549   10.825    0    0  (Gen:  0)
  2561088    439976 276522392  0.002  0.000   10.554   10.827    0    0  (Gen:  0)
  3258472    519248 276964720  0.004  0.001   10.562   10.829    0    0  (Gen:  0)
  3046688    518480 277243008  0.004  0.001   10.569   10.830    0    0  (Gen:  0)
  3140760    443920 277462872  0.004  0.001   10.575   10.832    0    0  (Gen:  0)
  3332112    427544 277693320  0.005  0.001   10.581   10.834    0    0  (Gen:  0)
  2906520    443920 277921296  0.003  0.001   10.587   10.835    0    0  (Gen:  0)
  3559528    459784 278134592  0.004  0.001   10.594   10.837    0    0  (Gen:  0)
  2570616    528888 278398536  0.003  0.001   10.600   10.839    0    0  (Gen:  0)
  3049128    565144 278695248  0.005  0.001   10.606   10.840    0    0  (Gen:  0)
  3299024    756224 279182928  0.004  0.001   10.611   10.842    0    0  (Gen:  0)
  3709440    939304 279703752  0.007  0.001   10.620   10.844    0    0  (Gen:  0)
  3323312    958368 280177768  0.006  0.001   10.627   10.846    0    0  (Gen:  0)
  3016040    858632 280579440  0.006  0.001   10.634   10.848    0    0  (Gen:  0)
  2961008    712240 280995920  0.005  0.001   10.641   10.849    0    0  (Gen:  0)
  3104784    615512 281322728  0.004  0.001   10.647   10.851    0    0  (Gen:  0)
  3617208    777072 281780624  0.005  0.001   10.653   10.853    0    0  (Gen:  0)
  3649752    780336 282126384  0.005  0.001   10.660   10.855    0    0  (Gen:  0)
  3797104    711280 282502680  0.005  0.001   10.666   10.856    0    0  (Gen:  0)
  3510464    691568 282822216  0.004  0.001   10.671   10.858    0    0  (Gen:  0)
  3583464    657240 283155104  0.003  0.001   10.677   10.859    0    0  (Gen:  0)
  3507616    655512 283507456  0.005  0.001   10.684   10.861    0    0  (Gen:  0)
  3345776    599096 283782928  0.004  0.001   10.689   10.862    0    0  (Gen:  0)
  3564896    647368 284128368  0.004  0.001   10.695   10.864    0    0  (Gen:  0)
  3449432    651080 284434376  0.005  0.001   10.701   10.865    0    0  (Gen:  0)
  3415808    642112 284777080  0.004  0.001   10.707   10.867    0    0  (Gen:  0)
  3426176    590736 285062984  0.004  0.001   10.712   10.868    0    0  (Gen:  0)
  3670824    634768 285461712  0.003  0.001   10.718   10.870    0    0  (Gen:  0)
  2825088    687352 285819072  0.004  0.001   10.724   10.871    0    0  (Gen:  0)
  3024712    683416 286271352  0.004  0.001   10.730   10.873    0    0  (Gen:  0)
  2837440    494136 286461176  0.005  0.001   10.736   10.874    0    0  (Gen:  0)
  2683024    481232 286733096  0.004  0.001   10.742   10.876    0    0  (Gen:  0)
  2952920    361688 286906656  0.004  0.001   10.746   10.877    0    0  (Gen:  0)
  3043112    385280 287108000  0.003  0.001   10.752   10.879    0    0  (Gen:  0)
  2980144    517080 287413856  0.003  0.001   10.756   10.880    0    0  (Gen:  0)
  3943072    612616 287734896  0.004  0.001   10.762   10.882    0    0  (Gen:  0)
  3396712    678120 288048808  0.002  0.001   10.768   10.883    0    0  (Gen:  0)
  3100840    701896 288463336  0.003  0.001   10.772   10.884    0    0  (Gen:  0)
  3796656    678184 288756408  0.002  0.001   10.779   10.886    0    0  (Gen:  0)
  2512992    541656 288976360  0.002  0.000   10.782   10.887    0    0  (Gen:  0)
  3227728    541184 289346112  0.004  0.001   10.788   10.888    0    0  (Gen:  0)
  3171232    536424 289572120  0.004  0.001   10.793   10.890    0    0  (Gen:  0)
  3728296    713816 290063600  0.003  0.001   10.799   10.891    0    0  (Gen:  0)
  3251400    894480 290507448  0.004  0.001   10.806   10.893    0    0  (Gen:  0)
  2981248    804328 290907336  0.003  0.001   10.813   10.895    0    0  (Gen:  0)
  3331192    768600 291299296  0.005  0.001   10.820   10.897    0    0  (Gen:  0)
  2549288    616216 291604840  0.004  0.001   10.825   10.898    0    0  (Gen:  0)
  2578088    720296 292063192  0.003  0.001   10.829   10.899    0    0  (Gen:  0)
  2863296    769160 292433552  0.004  0.001   10.834   10.901    0    0  (Gen:  0)
  3177488    733248 292818904  0.004  0.001   10.839   10.902    0    0  (Gen:  0)
  3042240    739344 293198752  0.002  0.000   10.842   10.903    0    0  (Gen:  0)
  3048880    684688 293521400  0.003  0.000   10.847   10.904    0    0  (Gen:  0)
  2895400    707984 293906384  0.003  0.001   10.851   10.905    0    0  (Gen:  0)
  2791424    741136 294290176  0.003  0.001   10.856   10.907    0    0  (Gen:  0)
  3480544    820400 294779856  0.003  0.001   10.862   10.908    0    0  (Gen:  0)
  2935696    777624 295123408  0.003  0.001   10.866   10.909    0    0  (Gen:  0)
  3257552    679904 295475264  0.003  0.000   10.870   10.910    0    0  (Gen:  0)
  2969376    669688 295799264  0.003  0.000   10.875   10.911    0    0  (Gen:  0)
  3373368    845696 296317056  0.004  0.001   10.880   10.913    0    0  (Gen:  0)
  3233448    993912 296859896  0.005  0.001   10.887   10.915    0    0  (Gen:  0)
  2972288    790016 297315904  0.005  0.001   10.893   10.916    0    0  (Gen:  0)
  3227784    836552 297730848  0.005  0.001   10.900   10.918    0    0  (Gen:  0)
  2408976    817520 298112016  0.004  0.001   10.906   10.920    0    0  (Gen:  0)
  2580288    849288 298577112  0.004  0.001   10.911   10.921    0    0  (Gen:  0)
  3035536    922904 299072488  0.004  0.001   10.916   10.923    0    0  (Gen:  0)
  2387704    913272 299510192  0.005  0.001   10.922   10.924    0    0  (Gen:  0)
  2598072    852744 299991200  0.003  0.001   10.927   10.925    0    0  (Gen:  0)
  3167128    812608 300374072  0.002  0.001   10.932   10.927    0    0  (Gen:  0)
  3352232    961744 301035184  0.005  0.001   10.938   10.928    0    0  (Gen:  0)
  3171560    674384 301416160  0.004  0.001   10.943   10.930    0    0  (Gen:  0)
  3197448    627800 301666808  0.003  0.001   10.949   10.931    0    0  (Gen:  0)
  2804880    629720 301996056  0.003  0.001   10.953   10.932    0    0  (Gen:  0)
  2728696    754864 302453752  0.003  0.001   10.958   10.934    0    0  (Gen:  0)
  2965176    873000 302876640  0.004  0.001   10.963   10.935    0    0  (Gen:  0)
  2832032    743040 303193208  0.005  0.001   10.969   10.936    0    0  (Gen:  0)
  3114024    656472 303529064  0.003  0.001   10.975   10.938    0    0  (Gen:  0)
  3009888    625096 303844136  0.005  0.001   10.981   10.940    0    0  (Gen:  0)
  3221216    700160 304215912  0.005  0.001   10.986   10.941    0    0  (Gen:  0)
  2746536    747016 304599952  0.005  0.001   10.992   10.943    0    0  (Gen:  0)
  2551296    666048 304906400  0.005  0.001   10.997   10.944    0    0  (Gen:  0)
  2404544    543872 305151208  0.005  0.001   11.003   10.945    0    0  (Gen:  0)
  2355456    497680 305420976  0.003  0.001   11.008   10.947    0    0  (Gen:  0)
  2349936    540384 305700744  0.002  0.001   11.014   10.948    0    0  (Gen:  0)
  2453184    573176 305994216  0.004  0.001   11.019   10.950    0    0  (Gen:  0)
  2360448    561760 306274040  0.004  0.001   11.025   10.951    0    0  (Gen:  0)
  2521240    690880 306691128  0.005  0.001   11.030   10.953    0    0  (Gen:  0)
  2955336    830216 307139200  0.005  0.001   11.036   10.954    0    0  (Gen:  0)
  3234448    812864 307555320  0.004  0.001   11.042   10.956    0    0  (Gen:  0)
  2584472    688616 307935448  0.004  0.001   11.047   10.957    0    0  (Gen:  0)
  2844368    805664 308367896  0.004  0.001   11.053   10.959    0    0  (Gen:  0)
  2735160    707360 308715072  0.004  0.001   11.059   10.960    0    0  (Gen:  0)
  2874672    608600 309050312  0.003  0.001   11.064   10.962    0    0  (Gen:  0)
  2713288    557520 309354960  0.003  0.001   11.069   10.963    0    0  (Gen:  0)
  3084704    638000 309757752  0.003  0.001   11.075   10.965    0    0  (Gen:  0)
  2791616    704832 310176576  0.004  0.001   11.081   10.966    0    0  (Gen:  0)
  2874736    638456 310477160  0.004  0.001   11.086   10.968    0    0  (Gen:  0)
  2846432    644920 310813200  0.004  0.001   11.091   10.969    0    0  (Gen:  0)
  3600712    735888 311219000  0.005  0.001   11.097   10.971    0    0  (Gen:  0)
  3156088    913240 311717472  0.005  0.001   11.104   10.972    0    0  (Gen:  0)
  3215016    849424 312223320  0.005  0.001   11.111   10.974    0    0  (Gen:  0)
  2279816    665144 312482056  0.003  0.000   11.114   10.975    0    0  (Gen:  0)
  2475600    385088 312642080  0.002  0.000   11.118   10.976    0    0  (Gen:  0)
  2217520    321496 312795688  0.002  0.000   11.121   10.977    0    0  (Gen:  0)
  2360400    312880 312951112  0.002  0.000   11.125   10.978    0    0  (Gen:  0)
  2497480    340840 313125784  0.002  0.000   11.128   10.979    0    0  (Gen:  0)
  2467608    337304 313284280  0.002  0.000   11.132   10.980    0    0  (Gen:  0)
  2666432    341320 313450928  0.002  0.000   11.135   10.981    0    0  (Gen:  0)
  2735776    372400 313647704  0.002  0.000   11.139   10.982    0    0  (Gen:  0)
  2692184    411112 313860144  0.002  0.000   11.144   10.983    0    0  (Gen:  0)
  2400560    532368 314207800  0.003  0.001   11.148   10.984    0    0  (Gen:  0)
  2306088    564976 314543984  0.002  0.001   11.152   10.985    0    0  (Gen:  0)
  3447128    822360 315122064  0.004  0.001   11.156   10.986    0    0  (Gen:  0)
  3440888   1017768 315643744  0.005  0.001   11.163   10.988    0    0  (Gen:  0)
  3592752    975696 316178312  0.004  0.001   11.169   10.989    0    0  (Gen:  0)
  2846552    790368 316598992  0.002  0.001   11.175   10.991    0    0  (Gen:  0)
  3344032    876816 317104088  0.004  0.001   11.180   10.992    0    0  (Gen:  0)
  3476136    897824 317581080  0.004  0.001   11.185   10.994    0    0  (Gen:  0)
  3075728    904376 318090832  0.003  0.001   11.191   10.995    0    0  (Gen:  0)
  3000584    860408 318510704  0.005  0.001   11.197   10.997    0    0  (Gen:  0)
  1965976    689000 318843424  0.004  0.001   11.202   10.998    0    0  (Gen:  0)
  2696936    609880 319221512  0.004  0.001   11.207   10.999    0    0  (Gen:  0)
  3151760    610584 319515776  0.004  0.001   11.212   11.001    0    0  (Gen:  0)
  2437552    517424 319755352  0.003  0.001   11.217   11.002    0    0  (Gen:  0)
  3355392    610056 320129608  0.004  0.001   11.223   11.004    0    0  (Gen:  0)
  2442192    577896 320388912  0.003  0.001   11.228   11.005    0    0  (Gen:  0)
  3142632    482688 320618128  0.004  0.001   11.234   11.006    0    0  (Gen:  0)
  3174320    433976 320834728  0.005  0.001   11.239   11.008    0    0  (Gen:  0)
  3455056    655208 321272552  0.004  0.001   11.245   11.009    0    0  (Gen:  0)
  2818184    574976 321576392  0.002  0.001   11.250   11.011    0    0  (Gen:  0)
  3640976    570360 321850832  0.005  0.001   11.256   11.012    0    0  (Gen:  0)
  3178656    537864 322121424  0.004  0.001   11.261   11.014    0    0  (Gen:  0)
  2707728    561440 322420104  0.004  0.001   11.266   11.015    0    0  (Gen:  0)
  3168936    574056 322707136  0.003  0.001   11.271   11.016    0    0  (Gen:  0)
  3460768    528224 322962800  0.003  0.001   11.277   11.018    0    0  (Gen:  0)
  3081000    502696 323224944  0.002  0.001   11.282   11.019    0    0  (Gen:  0)
  2818744    494944 323502560  0.003  0.001   11.287   11.021    0    0  (Gen:  0)
  2892808    546392 323782008  0.003  0.001   11.292   11.022    0    0  (Gen:  0)
  2821944    563640 324075968  0.004  0.001   11.297   11.024    0    0  (Gen:  0)
  3280608    568656 324355648  0.004  0.001   11.303   11.025    0    0  (Gen:  0)
  3135400    508752 324582152  0.003  0.001   11.308   11.026    0    0  (Gen:  0)
  3276000    519992 324867760  0.004  0.001   11.313   11.028    0    0  (Gen:  0)
  3034856    530200 325116160  0.003  0.001   11.319   11.029    0    0  (Gen:  0)
  3241848    498680 325366464  0.003  0.001   11.324   11.031    0    0  (Gen:  0)
  2574800    409208 325577472  0.004  0.001   11.330   11.032    0    0  (Gen:  0)
  2791216    371200 325773664  0.003  0.001   11.335   11.034    0    0  (Gen:  0)
  2939640    418688 326008896  0.003  0.001   11.340   11.035    0    0  (Gen:  0)
  3453472    652928 326443352  0.003  0.001   11.345   11.036    0    0  (Gen:  0)
  3010760    786704 326883920  0.005  0.001   11.351   11.038    0    0  (Gen:  0)
  3186216    698944 327220456  0.004  0.001   11.356   11.039    0    0  (Gen:  0)
  3050416    760528 327655840  0.004  0.001   11.362   11.041    0    0  (Gen:  0)
  2839832    692480 327999600  0.003  0.001   11.367   11.042    0    0  (Gen:  0)
  2636000    710024 328388192  0.004  0.001   11.373   11.044    0    0  (Gen:  0)
  2647120    707672 328786896  0.004  0.001   11.378   11.045    0    0  (Gen:  0)
  2514856    700288 329171840  0.004  0.001   11.383   11.046    0    0  (Gen:  0)
  2526728    720352 329576376  0.004  0.001   11.388   11.048    0    0  (Gen:  0)
  3411504    812416 330078032  0.005  0.001   11.393   11.049    0    0  (Gen:  0)
  3363528    969088 330635296  0.005  0.001   11.398   11.050    0    0  (Gen:  0)
  3647320   1171232 331343784  0.005  0.001   11.404   11.052    0    0  (Gen:  0)
  3020840    865288 331786240  0.004  0.001   11.410   11.054    0    0  (Gen:  0)
  3296080    795248 332211912  0.003  0.001   11.415   11.055    0    0  (Gen:  0)
  3320480    814400 332673104  0.004  0.001   11.420   11.056    0    0  (Gen:  0)
  3242176    605200 333057912  0.004  0.000   11.425   11.057    0    0  (Gen:  0)
  3361952    637200 333406296  0.002  0.001   11.429   11.059    0    0  (Gen:  0)
  3219184    726344 333835288  0.002  0.001   11.433   11.060    0    0  (Gen:  0)
  3533616    805632 334317016  0.003  0.001   11.438   11.061    0    0  (Gen:  0)
  2886128    927280 334813944  0.005  0.001   11.445   11.063    0    0  (Gen:  0)
  2908088    769912 335327520  0.003  0.001   11.450   11.064    0    0  (Gen:  0)
  2852808    480896 335556520  0.002  0.001   11.456   11.066    0    0  (Gen:  0)
  3576344    559720 335884808  0.003  0.001   11.462   11.067    0    0  (Gen:  0)
  2958232    670480 336235184  0.005  0.001   11.467   11.069    0    0  (Gen:  0)
  3478744    765664 336708336  0.004  0.001   11.472   11.070    0    0  (Gen:  0)
  3552296    945584 337223272  0.005  0.001   11.479   11.072    0    0  (Gen:  0)
  3605672   1020056 337764168  0.005  0.001   11.486   11.074    0    0  (Gen:  0)
  3307200    990568 338250216  0.005  0.001   11.493   11.076    0    0  (Gen:  0)
  2672424    813064 338599848  0.004  0.001   11.498   11.077    0    0  (Gen:  0)
  2965912    697136 338961352  0.004  0.000   11.502   11.078    0    0  (Gen:  0)
  3078408    755128 339361208  0.004  0.001   11.507   11.079    0    0  (Gen:  0)
  3486352    880408 339848840  0.005  0.001   11.512   11.081    0    0  (Gen:  0)
  2976504    913048 340354544  0.004  0.001   11.520   11.083    0    0  (Gen:  0)
  2514504    816848 340725344  0.004  0.001   11.526   11.084    0    0  (Gen:  0)
  2331344    502976 340870952  0.002  0.000   11.529   11.085    0    0  (Gen:  0)
  2562568    428072 341139040  0.003  0.000   11.533   11.086    0    0  (Gen:  0)
  2562792    552440 341451008  0.004  0.001   11.537   11.087    0    0  (Gen:  0)
  2982728    691168 341862728  0.005  0.001   11.543   11.089    0    0  (Gen:  0)
  2942904    780416 342304904  0.005  0.001   11.550   11.091    0    0  (Gen:  0)
  3003400    795488 342722832  0.005  0.001   11.557   11.093    0    0  (Gen:  0)
  2442144    742824 343075864  0.004  0.001   11.562   11.094    0    0  (Gen:  0)
  2997624    747032 343476528  0.003  0.001   11.567   11.096    0    0  (Gen:  0)
  3210800    847072 343929632  0.005  0.001   11.573   11.097    0    0  (Gen:  0)
  3036768    875296 344490912  0.004  0.001   11.578   11.099    0    0  (Gen:  0)
  3453184    828504 344969560  0.004  0.001   11.585   11.100    0    0  (Gen:  0)
  3173536    642384 345299128  0.004  0.001   11.590   11.102    0    0  (Gen:  0)
  2204144    460056 345570616  0.002  0.001   11.595   11.103    0    0  (Gen:  0)
  2758104    748184 346083680  0.003  0.001   11.600   11.104    0    0  (Gen:  0)
  3006784    885496 346544632  0.004  0.001   11.605   11.106    0    0  (Gen:  0)
  2004240    578888 346781344  0.003  0.001   11.610   11.107    0    0  (Gen:  0)
  2920136    711728 347272536  0.002  0.001   11.615   11.109    0    0  (Gen:  0)
  2777888    693664 347530896  0.002  0.001   11.621   11.110    0    0  (Gen:  0)
  2719888    697792 347893768  0.004  0.001   11.627   11.112    0    0  (Gen:  0)
  2400120    696088 348218624  0.003  0.001   11.632   11.113    0    0  (Gen:  0)
  2533544    687896 348575400  0.004  0.001   11.637   11.114    0    0  (Gen:  0)
  2583880    704928 348918000  0.004  0.001   11.642   11.116    0    0  (Gen:  0)
  2975968    653960 349228112  0.005  0.001   11.647   11.117    0    0  (Gen:  0)
  3147832    667928 349581664  0.002  0.001   11.653   11.119    0    0  (Gen:  0)
  2788792    671248 349891024  0.004  0.000   11.658   11.120    0    0  (Gen:  0)
  3155656    675656 350255584  0.004  0.001   11.664   11.122    0    0  (Gen:  0)
  3290368    706056 350613656  0.005  0.001   11.671   11.123    0    0  (Gen:  0)
  3353112    664056 350938656  0.005  0.001   11.678   11.125    0    0  (Gen:  0)
  3284160    744416 351365584  0.004  0.001   11.685   11.127    0    0  (Gen:  0)
  2802088    722208 351684952  0.005  0.001   11.691   11.129    0    0  (Gen:  0)
  2898392    729776 352120400  0.005  0.001   11.697   11.130    0    0  (Gen:  0)
  2692608    476352 352335632  0.003  0.001   11.702   11.131    0    0  (Gen:  0)
  3479288    660328 352774936  0.004  0.001   11.708   11.133    0    0  (Gen:  0)
  3134248    727600 353110488  0.004  0.001   11.713   11.134    0    0  (Gen:  0)
  3372816    761520 353553008  0.004  0.001   11.719   11.136    0    0  (Gen:  0)
  3136192    795904 353945800  0.005  0.001   11.726   11.138    0    0  (Gen:  0)
  2960504    738912 354338216  0.004  0.001   11.733   11.140    0    0  (Gen:  0)
  2661560    381272 354507208  0.002  0.000   11.738   11.141    0    0  (Gen:  0)
  3695856    745168 355074448  0.004  0.001   11.744   11.143    0    0  (Gen:  0)
  2986632    786256 355408584  0.005  0.001   11.751   11.144    0    0  (Gen:  0)
  3732104    701800 355795776  0.006  0.001   11.758   11.146    0    0  (Gen:  0)
  3622976    646192 356077560  0.005  0.001   11.766   11.148    0    0  (Gen:  0)
  3335984    619032 356409928  0.004  0.001   11.774   11.151    0    0  (Gen:  0)
  3348720    640784 356724016  0.007  0.001   11.783   11.153    0    0  (Gen:  0)
  3334568    657720 357073096  0.005  0.001   11.792   11.155    0    0  (Gen:  0)
  3368672    747888 357484840  0.004  0.001   11.798   11.157    0    0  (Gen:  0)
  3017272    703992 357849800  0.003  0.001   11.806   11.159    0    0  (Gen:  0)
  2862256    671112 358205344  0.004  0.001   11.812   11.161    0    0  (Gen:  0)
  3416776    657696 358569520  0.006  0.001   11.820   11.163    0    0  (Gen:  0)
  2443096    581168 358820464  0.004  0.001   11.825   11.164    0    0  (Gen:  0)
  2169640    520024 359085696  0.004  0.001   11.829   11.165    0    0  (Gen:  0)
  2408296    444776 359348608  0.003  0.001   11.833   11.166    0    0  (Gen:  0)
  2251816    540072 359617000  0.003  0.001   11.837   11.167    0    0  (Gen:  0)
  3541992    527944 359883832  0.005  0.000   11.843   11.169    0    0  (Gen:  0)
  3415032    731096 360310400  0.005  0.001   11.849   11.170    0    0  (Gen:  0)
  3623984    727760 360657816  0.005  0.001   11.856   11.172    0    0  (Gen:  0)
  3996296    682440 361008992  0.003  0.001   11.863   11.174    0    0  (Gen:  0)
  3017392    610264 361351392  0.003  0.001   11.871   11.176    0    0  (Gen:  0)
  2855032    592296 361692304  0.004  0.001   11.876   11.177    0    0  (Gen:  0)
  2188672    542168 361946112  0.004  0.001   11.881   11.179    0    0  (Gen:  0)
  2013352    539672 362221464  0.004  0.001   11.885   11.180    0    0  (Gen:  0)
  2028584    614024 362554248  0.004  0.001   11.890   11.181    0    0  (Gen:  0)
  2761288    493712 362806840  0.002  0.001   11.896   11.183    0    0  (Gen:  0)
  3465800    657560 363227088  0.005  0.001   11.902   11.184    0    0  (Gen:  0)
  3500552    674104 363548352  0.005  0.001   11.908   11.186    0    0  (Gen:  0)
  3596424    642664 363902392  0.005  0.001   11.915   11.188    0    0  (Gen:  0)
  4031200    680496 364273752  0.004  0.001   11.924   11.190    0    0  (Gen:  0)
  3505648    617024 364571416  0.005  0.001   11.930   11.192    0    0  (Gen:  0)
  3177664    684128 365031248  0.004  0.001   11.939   11.194    0    0  (Gen:  0)
  2541296    739312 365369408  0.006  0.001   11.946   11.196    0    0  (Gen:  0)
  2310296    643704 365697344  0.004  0.001   11.952   11.198    0    0  (Gen:  0)
  2751064    679904 366073872  0.004  0.001   11.957   11.199    0    0  (Gen:  0)
  2940608    427088 366316040  0.003  0.000   11.962   11.200    0    0  (Gen:  0)
  2987176    667144 366738456  0.004  0.001   11.968   11.202    0    0  (Gen:  0)
  3232128    776432 367109400  0.004  0.001   11.976   11.204    0    0  (Gen:  0)
  2256552    527752 367286288  0.005  0.001   11.983   11.206    0    0  (Gen:  0)
  2630344    361608 367473256  0.003  0.001   11.989   11.208    0    0  (Gen:  0)
  2963576    416696 367692960  0.004  0.001   11.996   11.209    0    0  (Gen:  0)
  3609728    523888 367999872  0.004  0.001   12.002   11.211    0    0  (Gen:  0)
  3297200    617928 368311816  0.003  0.001   12.008   11.213    0    0  (Gen:  0)
  2464176    658024 368642600  0.003  0.001   12.012   11.214    0    0  (Gen:  0)
  1934728    613992 368916944  0.004  0.001   12.017   11.215    0    0  (Gen:  0)
  2132824    494184 369117968  0.003  0.001   12.021   11.216    0    0  (Gen:  0)
  2120408    533480 369396936  0.003  0.001   12.025   11.217    0    0  (Gen:  0)
  2183016    429344 369545152  0.003  0.000   12.028   11.218    0    0  (Gen:  0)
  2102552    337056 369666568  0.002  0.000   12.032   11.219    0    0  (Gen:  0)
  2216048    294840 369794424  0.003  0.000   12.036   11.220    0    0  (Gen:  0)
  3109480    382792 370017424  0.004  0.001   12.041   11.222    0    0  (Gen:  0)
  3177456    472592 370335904  0.003  0.001   12.046   11.223    0    0  (Gen:  0)
  3377800    473296 370556448  0.005  0.001   12.052   11.225    0    0  (Gen:  0)
  2532568    454720 370747584  0.002  0.001   12.056   11.226    0    0  (Gen:  0)
  3153536    390008 370940424  0.004  0.001   12.061   11.227    0    0  (Gen:  0)
  3162944    519912 371232720  0.003  0.001   12.066   11.229    0    0  (Gen:  0)
  3546208    693328 371643088  0.005  0.001   12.073   11.231    0    0  (Gen:  0)
  3557552    793944 372050576  0.002  0.001   12.079   11.233    0    0  (Gen:  0)
  2513136    574120 372289680  0.002  0.000   12.083   11.234    0    0  (Gen:  0)
  3116296    393288 372451856  0.003  0.000   12.087   11.235    0    0  (Gen:  0)
  3604024    443952 372707640  0.002  0.001   12.092   11.236    0    0  (Gen:  0)
  3759088    671856 373104880  0.004  0.001   12.097   11.238    0    0  (Gen:  0)
  3241688    586576 373335512  0.003  0.001   12.103   11.239    0    0  (Gen:  0)
  2466848    471616 373541208  0.003  0.001   12.108   11.240    0    0  (Gen:  0)
  2970320    396048 373736176  0.005  0.001   12.114   11.242    0    0  (Gen:  0)
  3109616    468176 373974568  0.003  0.001   12.119   11.243    0    0  (Gen:  0)
  3356760    506528 374250008  0.005  0.001   12.125   11.245    0    0  (Gen:  0)
  3190960    666152 374632272  0.005  0.001   12.131   11.246    0    0  (Gen:  0)
  3287528    685392 375018640  0.003  0.001   12.137   11.248    0    0  (Gen:  0)
  2974392    677392 375359336  0.004  0.001   12.141   11.249    0    0  (Gen:  0)
  2500736    704984 375696816  0.004  0.001   12.146   11.251    0    0  (Gen:  0)
  2511832    586072 375941200  0.003  0.000   12.150   11.252    0    0  (Gen:  0)
  2264944    585216 376256792  0.004  0.001   12.154   11.253    0    0  (Gen:  0)
  2343168    450240 376407232  0.002  0.000   12.157   11.254    0    0  (Gen:  0)
  2129488    354936 376544992  0.001  0.000   12.161   11.254    0    0  (Gen:  0)
  2428896    315000 376683904  0.002  0.000   12.164   11.256    0    0  (Gen:  0)
  3176336    400120 376910816  0.004  0.001   12.171   11.257    0    0  (Gen:  0)
  3410472    648240 377347864  0.004  0.001   12.176   11.259    0    0  (Gen:  0)
  3422816    810296 377769736  0.005  0.001   12.183   11.260    0    0  (Gen:  0)
  3299176    726160 378093576  0.005  0.001   12.189   11.262    0    0  (Gen:  0)
  3326824    656528 378450896  0.004  0.001   12.195   11.264    0    0  (Gen:  0)
  3746264    812792 378922760  0.005  0.001   12.202   11.265    0    0  (Gen:  0)
  3121280    765720 379241808  0.004  0.001   12.208   11.267    0    0  (Gen:  0)
  3876064    954696 379882944  0.006  0.001   12.215   11.269    0    0  (Gen:  0)
  3221568   1130624 380470408  0.004  0.001   12.221   11.270    0    0  (Gen:  0)
  3565000    982616 380913992  0.004  0.001   12.226   11.272    0    0  (Gen:  0)
  3164208    755440 381268488  0.005  0.001   12.232   11.273    0    0  (Gen:  0)
  3619112    880832 381770280  0.004  0.001   12.238   11.275    0    0  (Gen:  0)
  3703576    837776 382256352  0.005  0.001   12.244   11.277    0    0  (Gen:  0)
  3264104    646360 382446672  0.005  0.001   12.250   11.278    0    0  (Gen:  0)
  2323872    451928 382651488  0.002  0.001   12.255   11.280    0    0  (Gen:  0)
  3042488    579240 383014600  0.003  0.001   12.261   11.281    0    0  (Gen:  0)
  3254800    629072 383299736  0.005  0.001   12.266   11.283    0    0  (Gen:  0)
  3048984    572496 383584216  0.005  0.001   12.272   11.284    0    0  (Gen:  0)
  3131112    595960 383876408  0.005  0.001   12.278   11.285    0    0  (Gen:  0)
  2193784    444704 384015768  0.001  0.001   12.281   11.287    0    0  (Gen:  0)
  2554664    380264 384209104  0.002  0.000   12.285   11.288    0    0  (Gen:  0)
  3307640    505944 384492808  0.005  0.001   12.292   11.289    0    0  (Gen:  0)
  3025632    533208 384732160  0.004  0.001   12.297   11.291    0    0  (Gen:  0)
  3709568    756440 385236784  0.004  0.001   12.302   11.292    0    0  (Gen:  0)
  3396720    767096 385586552  0.004  0.001   12.308   11.294    0    0  (Gen:  0)
  3268280    647760 385971176  0.002  0.001   12.313   11.295    0    0  (Gen:  0)
  3441912    770136 386404616  0.004  0.001   12.319   11.297    0    0  (Gen:  0)
  3462944    818056 386829448  0.005  0.001   12.325   11.298    0    0  (Gen:  0)
  3289704    627816 387174880  0.003  0.001   12.330   11.300    0    0  (Gen:  0)
  2509448    619312 387433784  0.003  0.001   12.334   11.301    0    0  (Gen:  0)
  2886304    553856 387684232  0.004  0.001   12.340   11.302    0    0  (Gen:  0)
  2916368    529880 387926920  0.004  0.001   12.346   11.304    0    0  (Gen:  0)
  3103160    563256 388250376  0.003  0.001   12.352   11.305    0    0  (Gen:  0)
  3187448    674992 388665720  0.004  0.001   12.358   11.307    0    0  (Gen:  0)
  2169456    503120 388842352  0.003  0.001   12.362   11.308    0    0  (Gen:  0)
  2991168    471344 389142560  0.004  0.001   12.368   11.310    0    0  (Gen:  0)
  2944120    604128 389442240  0.003  0.001   12.373   11.311    0    0  (Gen:  0)
  3362584    522664 389660712  0.005  0.001   12.379   11.313    0    0  (Gen:  0)
  2885312    496664 389918216  0.005  0.001   12.385   11.314    0    0  (Gen:  0)
  2501624    559944 390211208  0.003  0.001   12.388   11.315    0    0  (Gen:  0)
  2379360    598416 390497776  0.003  0.001   12.393   11.316    0    0  (Gen:  0)
  2512864    615600 390747704  0.003  0.000   12.397   11.317    0    0  (Gen:  0)
  2104808    653992 391052248  0.003  0.001   12.401   11.318    0    0  (Gen:  0)
  2242760    476752 391234792  0.003  0.000   12.404   11.319    0    0  (Gen:  0)
  2594672    394856 391389064  0.002  0.000   12.407   11.320    0    0  (Gen:  0)
  2638808    430384 391592688  0.002  0.001   12.413   11.322    0    0  (Gen:  0)
  3077360    473544 391817304  0.004  0.001   12.419   11.323    0    0  (Gen:  0)
  2972328    512264 392088248  0.005  0.001   12.424   11.325    0    0  (Gen:  0)
  2983720    569456 392375176  0.005  0.001   12.430   11.326    0    0  (Gen:  0)
  3028064    592640 392671080  0.003  0.001   12.434   11.327    0    0  (Gen:  0)
  3208912    556816 392931392  0.005  0.001   12.440   11.329    0    0  (Gen:  0)
  3584104    755872 393385448  0.005  0.001   12.446   11.330    0    0  (Gen:  0)
  3694408    862504 393825608  0.005  0.001   12.452   11.332    0    0  (Gen:  0)
  3275960    790448 394164248  0.005  0.001   12.459   11.334    0    0  (Gen:  0)
  2884344    665776 394489552  0.002  0.001   12.463   11.335    0    0  (Gen:  0)
  2807136    569440 394829352  0.003  0.001   12.468   11.336    0    0  (Gen:  0)
  3753120    798760 395263088  0.004  0.001   12.474   11.338    0    0  (Gen:  0)
  3623080    808808 395636248  0.004  0.001   12.479   11.339    0    0  (Gen:  0)
  3244456    721896 395981856  0.005  0.001   12.486   11.341    0    0  (Gen:  0)
  3346168    757752 396395392  0.005  0.001   12.491   11.343    0    0  (Gen:  0)
  3399840    621776 396649096  0.004  0.001   12.498   11.344    0    0  (Gen:  0)
  2855616    560968 396936992  0.005  0.001   12.504   11.346    0    0  (Gen:  0)
  2923920    520392 397151024  0.003  0.001   12.509   11.347    0    0  (Gen:  0)
  3320296    505144 397435216  0.003  0.001   12.515   11.349    0    0  (Gen:  0)
  2817760    593168 397715336  0.004  0.001   12.520   11.350    0    0  (Gen:  0)
  2879416    418960 397815928  0.002  0.000   12.523   11.351    0    0  (Gen:  0)
  3045008    436400 398043904  0.004  0.001   12.529   11.353    0    0  (Gen:  0)
  2893256    535144 398327144  0.004  0.001   12.534   11.354    0    0  (Gen:  0)
  2720960    540976 398578480  0.004  0.001   12.540   11.356    0    0  (Gen:  0)
  2818232    537496 398839728  0.005  0.001   12.545   11.357    0    0  (Gen:  0)
  2496576    486456 399045816  0.003  0.001   12.549   11.358    0    0  (Gen:  0)
  2798016    450248 399286384  0.004  0.001   12.555   11.360    0    0  (Gen:  0)
  3640704    572432 399592032  0.003  0.001   12.561   11.361    0    0  (Gen:  0)
  3445784    598584 399864568  0.005  0.001   12.566   11.363    0    0  (Gen:  0)
  3490680    670256 400217808  0.005  0.001   12.572   11.364    0    0  (Gen:  0)
  2392000    541824 400377232  0.002  0.001   12.576   11.365    0    0  (Gen:  0)
  3077688    465256 400601976  0.002  0.000   12.580   11.367    0    0  (Gen:  0)
  3582440    585744 400910152  0.005  0.001   12.586   11.368    0    0  (Gen:  0)
  3547928    616616 401202664  0.005  0.001   12.592   11.370    0    0  (Gen:  0)
  3594904    632216 401514632  0.005  0.001   12.598   11.371    0    0  (Gen:  0)
  2669592    535704 401717600  0.003  0.001   12.602   11.372    0    0  (Gen:  0)
  3008176    472376 401976136  0.004  0.001   12.608   11.374    0    0  (Gen:  0)
  2838232    581024 402299504  0.004  0.001   12.613   11.375    0    0  (Gen:  0)
  2768200    604872 402601120  0.004  0.001   12.619   11.377    0    0  (Gen:  0)
  2659944    583344 402881216  0.003  0.001   12.623   11.378    0    0  (Gen:  0)
  3344936    935616 403530904  0.004  0.001   12.629   11.380    0    0  (Gen:  0)
  3416824    997792 404191752  0.003  0.001   12.636   11.382    0    0  (Gen:  0)
  2614680   1095480 404770176  0.004  0.001   12.643   11.383    0    0  (Gen:  0)
  3045784   1292576 405559320  0.004  0.001   12.649   11.385    0    0  (Gen:  0)
  3641208   1126560 406197976  0.004  0.001   12.655   11.386    0    0  (Gen:  0)
  3600864    618728 406638720  0.003  0.001   12.661   11.388    0    0  (Gen:  0)
  2946168    728064 407117688  0.003  0.001   12.667   11.390    0    0  (Gen:  0)
  3448144    789032 407634616  0.003  0.001   12.673   11.391    0    0  (Gen:  0)
  2660536    721888 407875688  0.005  0.001   12.679   11.393    0    0  (Gen:  0)
  3002520    514912 408128792  0.003  0.001   12.686   11.395    0    0  (Gen:  0)
  3183560    770528 408607616  0.005  0.001   12.692   11.396    0    0  (Gen:  0)
  2747232    936264 409174856  0.005  0.001   12.699   11.398    0    0  (Gen:  0)
  3217520   1115064 409794408  0.006  0.001   12.707   11.400    0    0  (Gen:  0)
  3214000   1141896 410340336  0.005  0.001   12.713   11.402    0    0  (Gen:  0)
  2697952    852232 410675264  0.004  0.001   12.720   11.404    0    0  (Gen:  0)
  2209208    635248 410964640  0.002  0.001   12.724   11.405    0    0  (Gen:  0)
  2181608    537344 411215944  0.003  0.000   12.728   11.406    0    0  (Gen:  0)
  2362080    518408 411499744  0.003  0.000   12.732   11.407    0    0  (Gen:  0)
  2122008    514736 411751160  0.002  0.000   12.735   11.408    0    0  (Gen:  0)
  2266584    528832 412028456  0.002  0.000   12.739   11.409    0    0  (Gen:  0)
  2427376    556344 412316144  0.003  0.001   12.744   11.410    0    0  (Gen:  0)
  2473504    597568 412624240  0.002  0.000   12.747   11.411    0    0  (Gen:  0)
  2491400    604032 412923896  0.002  0.000   12.751   11.412    0    0  (Gen:  0)
  2597344    605112 413240296  0.002  0.000   12.755   11.413    0    0  (Gen:  0)
  2642160    631936 413554104  0.002  0.001   12.761   11.415    0    0  (Gen:  0)
  2543256    571120 413835264  0.003  0.001   12.764   11.416    0    0  (Gen:  0)
  2576784    494968 414079688  0.002  0.001   12.768   11.417    0    0  (Gen:  0)
  3169960    657016 414483928  0.004  0.001   12.774   11.418    0    0  (Gen:  0)
  2724256    810536 414910632  0.004  0.001   12.778   11.419    0    0  (Gen:  0)
  3042832    819320 415329456  0.004  0.001   12.783   11.421    0    0  (Gen:  0)
  2827824    665184 415680024  0.003  0.001   12.788   11.422    0    0  (Gen:  0)
  2319472    546832 415912048  0.001  0.001   12.792   11.423    0    0  (Gen:  0)
  2327944    584896 416264336  0.002  0.000   12.796   11.424    0    0  (Gen:  0)
  2845488    731064 416643608  0.003  0.001   12.801   11.425    0    0  (Gen:  0)
  2405032    657456 416913824  0.003  0.001   12.805   11.427    0    0  (Gen:  0)
  2355048    523128 417175224  0.002  0.001   12.809   11.428    0    0  (Gen:  0)
  2598272    539824 417459368  0.002  0.001   12.814   11.429    0    0  (Gen:  0)
  2279856    531832 417702552  0.004  0.001   12.819   11.430    0    0  (Gen:  0)
  2390400    501720 417964280  0.002  0.000   12.823   11.431    0    0  (Gen:  0)
  2872232    595256 418299312  0.003  0.001   12.827   11.432    0    0  (Gen:  0)
  2603248    704072 418672184  0.004  0.001   12.832   11.434    0    0  (Gen:  0)
  2845488    761472 419087384  0.003  0.001   12.837   11.435    0    0  (Gen:  0)
  3116288    814928 419512368  0.004  0.001   12.843   11.436    0    0  (Gen:  0)
  3140856    907000 420022672  0.004  0.001   12.847   11.438    0    0  (Gen:  0)
  2608032    622880 420344920  0.001  0.000   12.852   11.439    0    0  (Gen:  0)
  2888280    711648 420799280  0.002  0.000   12.855   11.440    0    0  (Gen:  0)
  2740040    868656 421214648  0.003  0.001   12.861   11.441    0    0  (Gen:  0)
  2596704    698192 421516176  0.004  0.001   12.866   11.443    0    0  (Gen:  0)
  2726592    612840 421829560  0.004  0.001   12.871   11.444    0    0  (Gen:  0)
  2424216    646816 422161144  0.003  0.001   12.876   11.445    0    0  (Gen:  0)
  2683128    627024 422458024  0.004  0.001   12.881   11.447    0    0  (Gen:  0)
  2423184    588320 422757568  0.002  0.001   12.886   11.448    0    0  (Gen:  0)
  2494088    616688 423083576  0.003  0.001   12.891   11.449    0    0  (Gen:  0)
  2548592    614360 423366352  0.004  0.001   12.895   11.451    0    0  (Gen:  0)
  2548152    585464 423666584  0.003  0.001   12.899   11.452    0    0  (Gen:  0)
  2860576    652320 424016088  0.003  0.001   12.904   11.453    0    0  (Gen:  0)
  2831184    716056 424384216  0.004  0.001   12.910   11.454    0    0  (Gen:  0)
  2672520    670200 424688752  0.003  0.001   12.914   11.456    0    0  (Gen:  0)
  2934568    679352 425048216  0.003  0.001   12.919   11.457    0    0  (Gen:  0)
  3083712    715912 425405024  0.003  0.001   12.924   11.458    0    0  (Gen:  0)
  2934584    789728 425839328  0.004  0.001   12.929   11.459    0    0  (Gen:  0)
  2630376    786152 426222920  0.004  0.001   12.935   11.461    0    0  (Gen:  0)
  3236904    827728 426684856  0.004  0.001   12.940   11.462    0    0  (Gen:  0)
  2605896    694096 427030272  0.003  0.001   12.945   11.464    0    0  (Gen:  0)
  3100968    581264 427311216  0.003  0.001   12.950   11.465    0    0  (Gen:  0)
  2952808    550248 427601512  0.003  0.001   12.955   11.466    0    0  (Gen:  0)
  3144840    756776 428033920  0.004  0.001   12.960   11.468    0    0  (Gen:  0)
  2820856    648176 428281832  0.003  0.001   12.965   11.469    0    0  (Gen:  0)
  3046088    578304 428599496  0.004  0.001   12.970   11.470    0    0  (Gen:  0)
  3322504    761608 429031952  0.003  0.001   12.975   11.472    0    0  (Gen:  0)
  3151056    710112 429429600  0.003  0.001   12.980   11.473    0    0  (Gen:  0)
  3063624    914136 429971072  0.004  0.001   12.986   11.475    0    0  (Gen:  0)
  3719008   1035912 430539048  0.004  0.001   12.992   11.476    0    0  (Gen:  0)
  2937416    893288 430932760  0.004  0.001   12.997   11.477    0    0  (Gen:  0)
  2826392    601336 431219072  0.003  0.001   13.002   11.479    0    0  (Gen:  0)
  3102504    781488 431707472  0.003  0.001   13.008   11.480    0    0  (Gen:  0)
  2395232    746936 432005752  0.004  0.001   13.013   11.482    0    0  (Gen:  0)
  2506848    542160 432241984  0.003  0.001   13.019   11.483    0    0  (Gen:  0)
  2408968    514520 432515608  0.003  0.001   13.023   11.485    0    0  (Gen:  0)
  2491112    621648 432857592  0.002  0.001   13.027   11.486    0    0  (Gen:  0)
  2553528    658704 433195072  0.003  0.001   13.032   11.487    0    0  (Gen:  0)
  2730656    669856 433569448  0.003  0.001   13.037   11.488    0    0  (Gen:  0)
  2314192    640024 433836656  0.003  0.001   13.042   11.489    0    0  (Gen:  0)
  2807352    621544 434184664  0.002  0.001   13.046   11.491    0    0  (Gen:  0)
  2937704    756064 434589640  0.003  0.001   13.051   11.492    0    0  (Gen:  0)
  2565928    739336 434915864  0.003  0.001   13.055   11.493    0    0  (Gen:  0)
  2860272    694520 435279152  0.003  0.001   13.061   11.494    0    0  (Gen:  0)
  2855552    748608 435659416  0.003  0.001   13.065   11.496    0    0  (Gen:  0)
  2523896    629224 435901024  0.003  0.001   13.069   11.497    0    0  (Gen:  0)
  3008664    602600 436255056  0.004  0.001   13.075   11.498    0    0  (Gen:  0)
  2743904    736112 436627304  0.002  0.001   13.080   11.500    0    0  (Gen:  0)
  2348712    651872 436899432  0.003  0.001   13.085   11.501    0    0  (Gen:  0)
  2701064    620848 437247032  0.003  0.001   13.089   11.502    0    0  (Gen:  0)
  2830056    685392 437587816  0.004  0.001   13.094   11.503    0    0  (Gen:  0)
  2653816    625680 437862848  0.003  0.001   13.099   11.505    0    0  (Gen:  0)
  2906552    576472 438162736  0.003  0.001   13.103   11.506    0    0  (Gen:  0)
  3091904    628048 438478632  0.004  0.001   13.109   11.507    0    0  (Gen:  0)
  2805472    635904 438778720  0.003  0.001   13.114   11.509    0    0  (Gen:  0)
  3019264    681472 439179544  0.004  0.001   13.119   11.510    0    0  (Gen:  0)
  2952640    696328 439506992  0.004  0.001   13.125   11.511    0    0  (Gen:  0)
  3014816    757704 439926432  0.004  0.001   13.129   11.513    0    0  (Gen:  0)
  3041624    870976 440401752  0.005  0.001   13.136   11.514    0    0  (Gen:  0)
  3371080    915400 440860296  0.004  0.001   13.141   11.516    0    0  (Gen:  0)
  2717696    821528 441235008  0.002  0.001   13.146   11.517    0    0  (Gen:  0)
  2714432    565752 441521848  0.003  0.001   13.151   11.518    0    0  (Gen:  0)
  2852368    745976 441972056  0.003  0.001   13.156   11.520    0    0  (Gen:  0)
  2624928    673840 442243072  0.004  0.001   13.161   11.521    0    0  (Gen:  0)
  2974480    549784 442546376  0.003  0.001   13.166   11.522    0    0  (Gen:  0)
  2911848    725400 442972264  0.002  0.001   13.170   11.524    0    0  (Gen:  0)
  3180104    836880 443380552  0.003  0.001   13.177   11.525    0    0  (Gen:  0)
  2323712    684408 443647416  0.004  0.001   13.182   11.527    0    0  (Gen:  0)
  2656688    597304 443964296  0.004  0.001   13.188   11.528    0    0  (Gen:  0)
  2710880    641016 444278576  0.002  0.001   13.193   11.529    0    0  (Gen:  0)
  2810672    638000 444591800  0.003  0.001   13.198   11.531    0    0  (Gen:  0)
  2910224    669048 444939800  0.004  0.001   13.204   11.532    0    0  (Gen:  0)
  2906072    698560 445310896  0.004  0.001   13.208   11.534    0    0  (Gen:  0)
  2849928    673024 445635520  0.002  0.001   13.214   11.535    0    0  (Gen:  0)
  2771160    684072 445983080  0.004  0.001   13.219   11.536    0    0  (Gen:  0)
  2937032    741792 446353360  0.004  0.001   13.224   11.538    0    0  (Gen:  0)
  3338552    875456 446876760  0.004  0.001   13.230   11.539    0    0  (Gen:  0)
  3178024    965728 447343144  0.004  0.001   13.236   11.541    0    0  (Gen:  0)
  2806288    888192 447781664  0.005  0.001   13.242   11.543    0    0  (Gen:  0)
  2863424    786288 448147632  0.004  0.001   13.248   11.544    0    0  (Gen:  0)
  2964232    682480 448496984  0.004  0.001   13.254   11.545    0    0  (Gen:  0)
  3241048    716336 448868696  0.003  0.001   13.259   11.547    0    0  (Gen:  0)
  3012952    632464 449266368  0.003  0.001   13.264   11.548    0    0  (Gen:  0)
  3435376    877296 449740744  0.003  0.001   13.269   11.550    0    0  (Gen:  0)
  2794368    690424 449978000  0.003  0.001   13.275   11.551    0    0  (Gen:  0)
  2919520    759984 450479056  0.004  0.001   13.280   11.553    0    0  (Gen:  0)
  3285728   1156880 451176264  0.006  0.001   13.288   11.555    0    0  (Gen:  0)
  3218008   1175336 451779096  0.005  0.001   13.294   11.557    0    0  (Gen:  0)
  2794392    925992 452303016  0.006  0.001   13.302   11.559    0    0  (Gen:  0)
  2964008    980480 452819872  0.006  0.001   13.310   11.561    0    0  (Gen:  0)
  3287080   1053224 453383624  0.006  0.001   13.317   11.563    0    0  (Gen:  0)
  2691392   1002408 453851712  0.005  0.001   13.323   11.564    0    0  (Gen:  0)
  2299616    839160 454237744  0.004  0.001   13.329   11.566    0    0  (Gen:  0)
  2625184    846240 454698864  0.003  0.001   13.334   11.567    0    0  (Gen:  0)
  2417912    874928 455110040  0.004  0.001   13.339   11.568    0    0  (Gen:  0)
  2426536    826136 455510336  0.004  0.001   13.344   11.570    0    0  (Gen:  0)
  2898888    886992 455997120  0.004  0.001   13.350   11.571    0    0  (Gen:  0)
  1848904    763656 456293656  0.003  0.001   13.354   11.572    0    0  (Gen:  0)
  2371104    665880 456649304  0.004  0.001   13.359   11.574    0    0  (Gen:  0)
  2375096    736744 457015744  0.004  0.001   13.364   11.575    0    0  (Gen:  0)
  2705920    803160 457437056  0.004  0.001   13.369   11.576    0    0  (Gen:  0)
  2333992    779240 457786536  0.004  0.001   13.374   11.578    0    0  (Gen:  0)
  2970952    773832 458210680  0.004  0.001   13.379   11.579    0    0  (Gen:  0)
  2748600    929888 458739920  0.003  0.001   13.384   11.580    0    0  (Gen:  0)
  2966832    771648 459009824  0.004  0.001   13.389   11.582    0    0  (Gen:  0)
  2709088    861920 459459952  0.004  0.001   13.395   11.583    0    0  (Gen:  0)
  2759032    966904 459980856  0.004  0.001   13.400   11.585    0    0  (Gen:  0)
  2710960   1013864 460486072  0.004  0.001   13.405   11.586    0    0  (Gen:  0)
  2826632    928440 460919240  0.004  0.001   13.410   11.587    0    0  (Gen:  0)
  2678272    806840 461301368  0.004  0.001   13.415   11.589    0    0  (Gen:  0)
  2839128    875976 461789576  0.004  0.001   13.420   11.590    0    0  (Gen:  0)
  2757096    820160 462246936  0.002  0.001   13.424   11.591    0    0  (Gen:  0)
  2245608    898704 462676952  0.003  0.001   13.429   11.593    0    0  (Gen:  0)
  2687256    876496 463156320  0.004  0.001   13.434   11.594    0    0  (Gen:  0)
  3033560    960312 463668912  0.003  0.001   13.440   11.595    0    0  (Gen:  0)
  2706792    950224 464107840  0.005  0.001   13.445   11.597    0    0  (Gen:  0)
  2335496    825136 464483600  0.004  0.001   13.450   11.598    0    0  (Gen:  0)
  2454960    747336 464868008  0.004  0.001   13.455   11.600    0    0  (Gen:  0)
  2245912    713632 465193512  0.004  0.001   13.460   11.601    0    0  (Gen:  0)
  2587024    734280 465602896  0.004  0.001   13.465   11.602    0    0  (Gen:  0)
  2494640    833744 466057504  0.005  0.001   13.470   11.604    0    0  (Gen:  0)
  2602576    670024 466323608  0.004  0.001   13.475   11.605    0    0  (Gen:  0)
  2893720    737152 466865184  0.005  0.001   13.481   11.607    0    0  (Gen:  0)
  2386928    749800 467317040  0.004  0.001   13.486   11.608    0    0  (Gen:  0)
  2903560    873936 467825496  0.005  0.001   13.492   11.609    0    0  (Gen:  0)
  2348784    646056 468202152  0.003  0.001   13.496   11.610    0    0  (Gen:  0)
  3636712    608208 468658360  0.004  0.001   13.501   11.612    0    0  (Gen:  0)
  2134528    592928 469018112  0.004  0.001   13.507   11.613    0    0  (Gen:  0)
  2810608    666096 469434424  0.003  0.001   13.513   11.615    0    0  (Gen:  0)
  2597472    547352 469628192  0.002  0.001   13.518   11.617    0    0  (Gen:  0)
  2566376    664984 470066728  0.003  0.001   13.524   11.618    0    0  (Gen:  0)
  2909672    835496 470468400  0.004  0.001   13.531   11.620    0    0  (Gen:  0)
  2422040    719720 470812360  0.004  0.001   13.536   11.621    0    0  (Gen:  0)
  2534096    642440 471130896  0.003  0.001   13.541   11.623    0    0  (Gen:  0)
  2699432    626416 471434096  0.004  0.001   13.548   11.624    0    0  (Gen:  0)
  2394552    563464 471695944  0.004  0.001   13.553   11.626    0    0  (Gen:  0)
  2867984    574912 472004528  0.004  0.001   13.559   11.627    0    0  (Gen:  0)
  2684368    622360 472314920  0.005  0.001   13.565   11.629    0    0  (Gen:  0)
  2429096    638368 472634128  0.004  0.001   13.570   11.630    0    0  (Gen:  0)
  2635728    678928 472990744  0.005  0.001   13.576   11.632    0    0  (Gen:  0)
  2679840    763464 473397000  0.005  0.001   13.582   11.633    0    0  (Gen:  0)
  2252736    748328 473740032  0.004  0.001   13.587   11.635    0    0  (Gen:  0)
  2504224    664816 474062472  0.004  0.001   13.593   11.636    0    0  (Gen:  0)
  2908824    626192 474362320  0.005  0.001   13.599   11.638    0    0  (Gen:  0)
  2510272    488976 474557568  0.004  0.001   13.604   11.639    0    0  (Gen:  0)
  1963872    396056 474744264  0.003  0.001   13.609   11.641    0    0  (Gen:  0)
  2431704    394264 474935104  0.005  0.001   13.615   11.642    0    0  (Gen:  0)
  2237864    454432 475195648  0.003  0.001   13.621   11.644    0    0  (Gen:  0)
  2685072    455120 475384016  0.004  0.001   13.626   11.645    0    0  (Gen:  0)
  2969800    433600 475610032  0.003  0.001   13.631   11.647    0    0  (Gen:  0)
  2725472    550656 475920776  0.005  0.001   13.637   11.648    0    0  (Gen:  0)
  2691360    705952 476325344  0.003  0.001   13.642   11.650    0    0  (Gen:  0)
  2734064    721616 476697528  0.005  0.001   13.649   11.652    0    0  (Gen:  0)
  2342440    646960 477059520  0.003  0.001   13.655   11.653    0    0  (Gen:  0)
  2775096    585856 477448576  0.003  0.001   13.661   11.655    0    0  (Gen:  0)
  3127488    707072 477855520  0.004  0.001   13.667   11.656    0    0  (Gen:  0)
  2668496    765200 478219704  0.004  0.001   13.672   11.658    0    0  (Gen:  0)
  3274248    780904 478657224  0.004  0.001   13.678   11.659    0    0  (Gen:  0)
  2006560    556304 478851128  0.004  0.001   13.684   11.661    0    0  (Gen:  0)
  1770904    428776 479077264  0.004  0.001   13.689   11.662    0    0  (Gen:  0)
  2041264    457856 479312304  0.003  0.001   13.695   11.664    0    0  (Gen:  0)
  2207848    453808 479526432  0.004  0.001   13.700   11.666    0    0  (Gen:  0)
  2039280    458904 479779248  0.003  0.001   13.705   11.667    0    0  (Gen:  0)
  2998072    553856 480079032  0.005  0.001   13.711   11.668    0    0  (Gen:  0)
  3063992    636912 480419264  0.005  0.001   13.717   11.670    0    0  (Gen:  0)
  2626592    653536 480724360  0.004  0.001   13.722   11.671    0    0  (Gen:  0)
  3115224    677696 481083064  0.005  0.001   13.727   11.673    0    0  (Gen:  0)
  2830456    707768 481422288  0.005  0.001   13.733   11.674    0    0  (Gen:  0)
  2755488    657560 481767920  0.004  0.001   13.738   11.676    0    0  (Gen:  0)
  2794000    618032 482063048  0.002  0.001   13.743   11.677    0    0  (Gen:  0)
  2282504    582912 482351784  0.002  0.001   13.751   11.680    0    0  (Gen:  0)
  2360728    555904 482650264  0.002  0.001   13.755   11.682    0    0  (Gen:  0)
  2651280    744808 483091792  0.003  0.001   13.761   11.684    0    0  (Gen:  0)
  2371744    759112 483450976  0.002  0.001   13.766   11.686    0    0  (Gen:  0)
  2232728    617472 483728512  0.002  0.001   13.771   11.688    0    0  (Gen:  0)
  2607640    727848 484177904  0.003  0.001   13.777   11.690    0    0  (Gen:  0)
  2006528    725416 484489728  0.002  0.001   13.781   11.692    0    0  (Gen:  0)
  2594224    793736 484974328  0.003  0.001   13.787   11.694    0    0  (Gen:  0)
  2743088    827400 485351936  0.003  0.001   13.793   11.696    0    0  (Gen:  0)
  2188552    679376 485694544  0.002  0.001   13.798   11.698    0    0  (Gen:  0)
  2116056    602864 485965552  0.002  0.001   13.803   11.700    0    0  (Gen:  0)
  2271016    589760 486300592  0.002  0.001   13.808   11.702    0    0  (Gen:  0)
  2304832    563360 486624728  0.002  0.001   13.813   11.704    0    0  (Gen:  0)
  1882376    493528 486867864  0.002  0.001   13.817   11.705    0    0  (Gen:  0)
  2437216    473344 487257592  0.002  0.001   13.823   11.708    0    0  (Gen:  0)
  2502912    747328 487674520  0.002  0.001   13.829   11.710    0    0  (Gen:  0)
  2011408    635344 487902792  0.002  0.001   13.834   11.712    0    0  (Gen:  0)
  1828776    491784 488157696  0.002  0.001   13.838   11.714    0    0  (Gen:  0)
  2160408    524752 488421912  0.003  0.001   13.844   11.715    0    0  (Gen:  0)
  2479352    548744 488705944  0.003  0.001   13.850   11.717    0    0  (Gen:  0)
  2215664    505088 488919080  0.004  0.001   13.855   11.718    0    0  (Gen:  0)
  2684864    555584 489223768  0.003  0.001   13.862   11.720    0    0  (Gen:  0)
  2241288    536032 489467800  0.004  0.001   13.867   11.721    0    0  (Gen:  0)
  2753040    584264 489793344  0.003  0.001   13.872   11.723    0    0  (Gen:  0)
  2741824    646040 490142520  0.005  0.001   13.879   11.725    0    0  (Gen:  0)
  2722920    704912 490565784  0.004  0.001   13.884   11.726    0    0  (Gen:  0)
  3473856    750936 490946040  0.005  0.001   13.890   11.728    0    0  (Gen:  0)
  2943960    730824 491309784  0.004  0.001   13.896   11.729    0    0  (Gen:  0)
  3281904    868344 491836912  0.004  0.001   13.903   11.731    0    0  (Gen:  0)
  3450696    622928 492120040  0.002  0.001   13.908   11.733    0    0  (Gen:  0)
  1822752    567688 492383760  0.003  0.001   13.913   11.734    0    0  (Gen:  0)
  2594104    729952 492833984  0.004  0.001   13.920   11.736    0    0  (Gen:  0)
  2067872    710088 493165392  0.004  0.001   13.925   11.738    0    0  (Gen:  0)
  2657560    739048 493588608  0.004  0.001   13.931   11.739    0    0  (Gen:  0)
  2399856    533416 493792832  0.004  0.001   13.937   11.741    0    0  (Gen:  0)
  2145408    436104 494015416  0.004  0.001   13.942   11.742    0    0  (Gen:  0)
  2194456    443200 494229552  0.004  0.001   13.948   11.744    0    0  (Gen:  0)
  2057632    459440 494473504  0.004  0.001   13.953   11.745    0    0  (Gen:  0)
  2883936    454632 494683888  0.004  0.001   13.958   11.747    0    0  (Gen:  0)
  2804424    399512 494870744  0.005  0.001   13.964   11.748    0    0  (Gen:  0)
  2473112    489512 495163152  0.004  0.001   13.969   11.750    0    0  (Gen:  0)
  2496512    539312 495406568  0.005  0.001   13.975   11.751    0    0  (Gen:  0)
  1888344    497720 495650856  0.003  0.001   13.980   11.753    0    0  (Gen:  0)
  2896336    669912 496095488  0.003  0.001   13.986   11.754    0    0  (Gen:  0)
  3414448    956320 496652192  0.006  0.001   13.994   11.756    0    0  (Gen:  0)
  3569664   1070904 497214184  0.004  0.001   13.999   11.758    0    0  (Gen:  0)
  2588920    488856 497392736  0.003  0.001   14.006   11.760    0    0  (Gen:  0)
  1745472    487232 497688088  0.002  0.001   14.010   11.761    0    0  (Gen:  0)
  3403696    879160 498257760  0.004  0.001   14.016   11.763    0    0  (Gen:  0)
  2911272    836728 498517832  0.005  0.001   14.023   11.764    0    0  (Gen:  0)
  1979048    512016 498779736  0.002  0.001   14.027   11.766    0    0  (Gen:  0)
  2128976    446248 498965728  0.004  0.001   14.033   11.768    0    0  (Gen:  0)
  2261280    531160 499273136  0.004  0.001   14.038   11.769    0    0  (Gen:  0)
  2574648    603408 499586912  0.005  0.001   14.043   11.771    0    0  (Gen:  0)
  2926576    621680 499900288  0.005  0.001   14.049   11.772    0    0  (Gen:  0)
  2347912    631640 500194936  0.004  0.001   14.055   11.774    0    0  (Gen:  0)
  2700992    618472 500500400  0.004  0.001   14.060   11.775    0    0  (Gen:  0)
  2317056    574776 500767240  0.003  0.001   14.065   11.776    0    0  (Gen:  0)
  2586328    575928 501097120  0.005  0.001   14.071   11.778    0    0  (Gen:  0)
  2726768    573736 501362464  0.005  0.001   14.077   11.780    0    0  (Gen:  0)
  2806120    487064 501583968  0.004  0.001   14.082   11.781    0    0  (Gen:  0)
  2891320    535536 501879184  0.005  0.001   14.088   11.783    0    0  (Gen:  0)
  2727608    677728 502265168  0.004  0.001   14.093   11.784    0    0  (Gen:  0)
  3352664    751120 502640616  0.005  0.001   14.100   11.786    0    0  (Gen:  0)
  2768016    475464 502865160  0.003  0.001   14.105   11.787    0    0  (Gen:  0)
  3396584    677400 503310624  0.005  0.001   14.111   11.789    0    0  (Gen:  0)
  3506648    701008 503609376  0.005  0.001   14.117   11.790    0    0  (Gen:  0)
  2555976    582672 503910504  0.004  0.001   14.123   11.792    0    0  (Gen:  0)
  3056984    704560 504308560  0.004  0.001   14.128   11.793    0    0  (Gen:  0)
  2740728    691688 504629336  0.004  0.001   14.134   11.795    0    0  (Gen:  0)
  3705120    822512 505132344  0.003  0.001   14.140   11.797    0    0  (Gen:  0)
  2372384    535736 505356192  0.004  0.001   14.146   11.798    0    0  (Gen:  0)
  3291536    743848 505881112  0.005  0.001   14.152   11.800    0    0  (Gen:  0)
  3346128   1005728 506423032  0.004  0.001   14.158   11.801    0    0  (Gen:  0)
  2592048    828960 506763856  0.005  0.001   14.163   11.803    0    0  (Gen:  0)
  2613928    626040 507056544  0.003  0.001   14.167   11.804    0    0  (Gen:  0)
  3010232    827408 507583680  0.004  0.001   14.174   11.806    0    0  (Gen:  0)
  3013792    937472 508039120  0.004  0.001   14.181   11.808    0    0  (Gen:  0)
  2764656    897320 508512000  0.004  0.001   14.187   11.809    0    0  (Gen:  0)
  3520488   1030024 509076936  0.004  0.001   14.195   11.811    0    0  (Gen:  0)
  3170440    834624 509459328  0.004  0.001   14.202   11.813    0    0  (Gen:  0)
  2896808    758552 509865752  0.005  0.001   14.209   11.815    0    0  (Gen:  0)
  3035304    868296 510399144  0.004  0.001   14.215   11.817    0    0  (Gen:  0)
  2776768   1011944 510899640  0.005  0.001   14.221   11.818    0    0  (Gen:  0)
  2452376    920696 511315952  0.004  0.001   14.227   11.820    0    0  (Gen:  0)
  3442208    821792 511713880  0.005  0.001   14.233   11.821    0    0  (Gen:  0)
  2599768    767664 512169024  0.003  0.001   14.239   11.823    0    0  (Gen:  0)
  2590736    632760 512483136  0.004  0.001   14.244   11.824    0    0  (Gen:  0)
  2359896    482232 512755864  0.004  0.001   14.250   11.826    0    0  (Gen:  0)
  2517872    417936 512934048  0.002  0.001   14.254   11.827    0    0  (Gen:  0)
  2579208    520280 513303216  0.003  0.001   14.259   11.828    0    0  (Gen:  0)
  3343464    747304 513672056  0.005  0.001   14.265   11.830    0    0  (Gen:  0)
  2365368    623024 513922216  0.004  0.001   14.271   11.831    0    0  (Gen:  0)
  2719144    538792 514205792  0.005  0.001   14.277   11.833    0    0  (Gen:  0)
  2912880    662400 514601688  0.004  0.001   14.282   11.834    0    0  (Gen:  0)
  2898064    817320 515037480  0.004  0.001   14.288   11.836    0    0  (Gen:  0)
  3103648    760264 515396104  0.005  0.001   14.294   11.838    0    0  (Gen:  0)
  3426256    991336 516003392  0.003  0.001   14.299   11.839    0    0  (Gen:  0)
  3531024    805248 516401592  0.003  0.001   14.306   11.841    0    0  (Gen:  0)
  2831600    763344 516886208  0.003  0.001   14.312   11.842    0    0  (Gen:  0)
  3568184    947544 517429960  0.005  0.001   14.318   11.844    0    0  (Gen:  0)
  2429880    851640 517754792  0.004  0.001   14.324   11.846    0    0  (Gen:  0)
  2808640    618792 518049840  0.003  0.001   14.330   11.847    0    0  (Gen:  0)
  1834560 427399008 456425224  1.060  0.323   15.391   12.171    0    0  (Gen:  1)
  2721240    457016 456723680  0.004  0.001   15.397   12.172    0    0  (Gen:  0)
  2222184    566520 457041632  0.004  0.001   15.403   12.174    0    0  (Gen:  0)
  2695176    712584 457428376  0.004  0.001   15.408   12.175    0    0  (Gen:  0)
  2828584    838448 457859920  0.005  0.001   15.414   12.177    0    0  (Gen:  0)
  2561976    584936 458249592  0.002  0.001   15.419   12.178    0    0  (Gen:  0)
  2779464    768848 458726984  0.004  0.001   15.425   12.180    0    0  (Gen:  0)
  3110432    997392 459252408  0.004  0.001   15.431   12.181    0    0  (Gen:  0)
  3193648    717208 459594800  0.004  0.001   15.437   12.183    0    0  (Gen:  0)
  1845152    540096 459876208  0.003  0.001   15.442   12.184    0    0  (Gen:  0)
  2606536    595680 460186384  0.005  0.001   15.448   12.186    0    0  (Gen:  0)
  1995328    524872 460396136  0.003  0.001   15.452   12.187    0    0  (Gen:  0)
  3116824    636616 460817216  0.003  0.001   15.458   12.189    0    0  (Gen:  0)
  2850256    532448 461116048  0.004  0.001   15.463   12.190    0    0  (Gen:  0)
  2833912    629344 461491440  0.003  0.001   15.469   12.192    0    0  (Gen:  0)
  2763816    716120 461828920  0.005  0.001   15.475   12.193    0    0  (Gen:  0)
  2512224    593808 462077768  0.005  0.001   15.480   12.195    0    0  (Gen:  0)
  2648848    586320 462411304  0.005  0.001   15.486   12.196    0    0  (Gen:  0)
  2684896    826440 462927152  0.004  0.001   15.491   12.198    0    0  (Gen:  0)
  3026816    960592 463396112  0.003  0.001   15.497   12.199    0    0  (Gen:  0)
  2905224    803592 463884224  0.004  0.001   15.503   12.200    0    0  (Gen:  0)
  2803224    558304 464130144  0.002  0.001   15.508   12.202    0    0  (Gen:  0)
  2527736    762368 464644752  0.003  0.001   15.513   12.203    0    0  (Gen:  0)
  3644056   1090968 465212504  0.005  0.001   15.519   12.205    0    0  (Gen:  0)
  2745248    817744 465605904  0.004  0.001   15.524   12.206    0    0  (Gen:  0)
  3431936    742608 465999704  0.004  0.001   15.529   12.208    0    0  (Gen:  0)
  3466368    687304 466312440  0.003  0.001   15.535   12.209    0    0  (Gen:  0)
  2803344    538440 466528920  0.002  0.001   15.542   12.211    0    0  (Gen:  0)
  2799584    528136 466825336  0.005  0.001   15.548   12.213    0    0  (Gen:  0)
  2443768    462576 467014560  0.005  0.001   15.554   12.214    0    0  (Gen:  0)
  2411864    389048 467221528  0.005  0.001   15.559   12.216    0    0  (Gen:  0)
  2806200    412552 467427408  0.005  0.001   15.565   12.217    0    0  (Gen:  0)
  2959488    426648 467634320  0.005  0.001   15.570   12.219    0    0  (Gen:  0)
  2690000    626736 468044432  0.003  0.001   15.576   12.220    0    0  (Gen:  0)
  2846400    670880 468343504  0.005  0.001   15.583   12.222    0    0  (Gen:  0)
  3431920    547736 468670760  0.003  0.001   15.588   12.223    0    0  (Gen:  0)
  2973280    691760 469109432  0.004  0.001   15.594   12.225    0    0  (Gen:  0)
  3324160    863928 469573744  0.005  0.001   15.600   12.226    0    0  (Gen:  0)
  3117544    727744 469853856  0.004  0.001   15.605   12.228    0    0  (Gen:  0)
  3452376    712008 470256760  0.005  0.001   15.611   12.229    0    0  (Gen:  0)
  2417184    547280 470548808  0.003  0.001   15.617   12.231    0    0  (Gen:  0)
  2951488    693592 470959176  0.003  0.001   15.622   12.232    0    0  (Gen:  0)
  2734936    648832 471214296  0.005  0.001   15.628   12.234    0    0  (Gen:  0)
  2554272    524984 471473912  0.004  0.001   15.634   12.235    0    0  (Gen:  0)
  2819112    671968 471880312  0.004  0.001   15.639   12.237    0    0  (Gen:  0)
  2798736    719184 472230248  0.004  0.001   15.644   12.238    0    0  (Gen:  0)
  2888280    733704 472599920  0.004  0.001   15.650   12.239    0    0  (Gen:  0)
  3374928    809336 473032136  0.005  0.001   15.655   12.241    0    0  (Gen:  0)
  2509000    693600 473277248  0.002  0.001   15.660   12.243    0    0  (Gen:  0)
  2135688    503288 473517200  0.003  0.001   15.665   12.244    0    0  (Gen:  0)
  2593536    525416 473801472  0.004  0.001   15.671   12.246    0    0  (Gen:  0)
  2694000    496224 474012296  0.003  0.001   15.676   12.247    0    0  (Gen:  0)
  2565936    462616 474257432  0.004  0.001   15.681   12.248    0    0  (Gen:  0)
  2830904    679752 474685320  0.004  0.001   15.686   12.250    0    0  (Gen:  0)
  2868536    786472 475076616  0.003  0.001   15.691   12.251    0    0  (Gen:  0)
  3013224    684920 475476976  0.004  0.001   15.697   12.253    0    0  (Gen:  0)
  2864392    827896 475915400  0.004  0.001   15.703   12.254    0    0  (Gen:  0)
  2408392    676392 476213728  0.004  0.001   15.708   12.255    0    0  (Gen:  0)
  2539400    545136 476466552  0.004  0.001   15.713   12.257    0    0  (Gen:  0)
  2593712    505448 476749288  0.003  0.001   15.718   12.258    0    0  (Gen:  0)
  2803088    660016 477160664  0.004  0.001   15.723   12.260    0    0  (Gen:  0)
  2770304    764136 477519736  0.005  0.001   15.729   12.261    0    0  (Gen:  0)
  3575352    804848 477951608  0.005  0.001   15.734   12.262    0    0  (Gen:  0)
  2631824    733648 478317040  0.002  0.001   15.739   12.264    0    0  (Gen:  0)
  2896320    817960 478771264  0.004  0.001   15.745   12.265    0    0  (Gen:  0)
  2579016    781128 479087496  0.005  0.001   15.750   12.267    0    0  (Gen:  0)
  2568664    654048 479420608  0.005  0.001   15.756   12.268    0    0  (Gen:  0)
  2207688    571672 479662560  0.004  0.001   15.761   12.269    0    0  (Gen:  0)
  2165040    522984 479941552  0.002  0.001   15.766   12.271    0    0  (Gen:  0)
  2182048    573880 480251480  0.003  0.001   15.771   12.272    0    0  (Gen:  0)
  2568672    626184 480578456  0.004  0.001   15.777   12.274    0    0  (Gen:  0)
  2367184    606288 480858120  0.003  0.001   15.782   12.275    0    0  (Gen:  0)
  2320864    563560 481136856  0.003  0.001   15.787   12.276    0    0  (Gen:  0)
  2293232    561064 481413760  0.003  0.001   15.792   12.278    0    0  (Gen:  0)
  2279392    561368 481699880  0.003  0.001   15.797   12.279    0    0  (Gen:  0)
  2388312    604440 482014880  0.003  0.001   15.802   12.280    0    0  (Gen:  0)
  2338504    655144 482388120  0.004  0.001   15.807   12.282    0    0  (Gen:  0)
  3048336    799392 482819456  0.004  0.001   15.813   12.283    0    0  (Gen:  0)
  2395936    727840 483100848  0.004  0.001   15.818   12.285    0    0  (Gen:  0)
  2252832    574320 483389408  0.003  0.001   15.823   12.286    0    0  (Gen:  0)
  2411368    604176 483689544  0.004  0.001   15.828   12.287    0    0  (Gen:  0)
  3103088    662200 484069720  0.005  0.001   15.834   12.289    0    0  (Gen:  0)
  3030608    673592 484372360  0.004  0.001   15.839   12.290    0    0  (Gen:  0)
  2778224    657736 484679248  0.004  0.001   15.844   12.291    0    0  (Gen:  0)
  3259848    643992 484997968  0.004  0.001   15.849   12.293    0    0  (Gen:  0)
  2828808    567592 485226112  0.004  0.001   15.854   12.294    0    0  (Gen:  0)
  2496248    468296 485446656  0.004  0.001   15.860   12.296    0    0  (Gen:  0)
  2850168    460328 485672920  0.004  0.001   15.865   12.297    0    0  (Gen:  0)
  2632344    512464 485934216  0.003  0.001   15.869   12.298    0    0  (Gen:  0)
  2897896    684256 486367976  0.004  0.001   15.874   12.300    0    0  (Gen:  0)
  3041648    893152 486855832  0.005  0.001   15.881   12.302    0    0  (Gen:  0)
  3309760    876328 487289840  0.003  0.001   15.887   12.303    0    0  (Gen:  0)
  2500432    682768 487678560  0.004  0.001   15.893   12.304    0    0  (Gen:  0)
  2668976    409152 487764200  0.001  0.000   15.896   12.306    0    0  (Gen:  0)
  2852048    603560 488185640  0.003  0.001   15.901   12.307    0    0  (Gen:  0)
  3031432    714536 488497856  0.005  0.001   15.907   12.308    0    0  (Gen:  0)
  2635216    506232 488749208  0.004  0.001   15.912   12.310    0    0  (Gen:  0)
  3076528    658712 489156712  0.003  0.001   15.917   12.311    0    0  (Gen:  0)
  2769352    536896 489334104  0.003  0.001   15.922   12.312    0    0  (Gen:  0)
  3232336    594848 489613424  0.004  0.001   15.927   12.314    0    0  (Gen:  0)
  2449480    602712 489880888  0.003  0.001   15.932   12.315    0    0  (Gen:  0)
  2915384    588248 490200568  0.004  0.001   15.937   12.316    0    0  (Gen:  0)
  3117728    660360 490558688  0.004  0.001   15.942   12.318    0    0  (Gen:  0)
  2477672    538104 490778616  0.003  0.001   15.947   12.319    0    0  (Gen:  0)
  2699664    528816 491040168  0.004  0.001   15.952   12.320    0    0  (Gen:  0)
  2860072    565864 491338328  0.004  0.001   15.957   12.322    0    0  (Gen:  0)
  2158808    561904 491609504  0.003  0.001   15.962   12.323    0    0  (Gen:  0)
  3050720    579576 491915272  0.004  0.001   15.967   12.324    0    0  (Gen:  0)
  2846424    614112 492253656  0.004  0.001   15.972   12.326    0    0  (Gen:  0)
  2047768    533568 492488072  0.003  0.001   15.977   12.327    0    0  (Gen:  0)
  2922872    490824 492731600  0.004  0.001   15.982   12.329    0    0  (Gen:  0)
  2381440    480112 492947104  0.003  0.001   15.987   12.330    0    0  (Gen:  0)
  2306408    432016 493148576  0.003  0.001   15.992   12.331    0    0  (Gen:  0)
  2504208    428536 493367376  0.003  0.001   15.996   12.332    0    0  (Gen:  0)
  2516600    420792 493562840  0.004  0.001   16.001   12.334    0    0  (Gen:  0)
  2544712    443152 493776424  0.003  0.001   16.006   12.335    0    0  (Gen:  0)
  2402760    429008 493989656  0.004  0.001   16.011   12.336    0    0  (Gen:  0)
  2747224    481088 494242024  0.003  0.001   16.016   12.338    0    0  (Gen:  0)
  2765424    501696 494513248  0.003  0.001   16.021   12.339    0    0  (Gen:  0)
  3285336    729712 494986000  0.004  0.001   16.026   12.340    0    0  (Gen:  0)
  2882032    773144 495300592  0.004  0.001   16.030   12.342    0    0  (Gen:  0)
  2851648    678256 495593728  0.003  0.001   16.035   12.343    0    0  (Gen:  0)
  2776544    631352 495853184  0.003  0.001   16.040   12.344    0    0  (Gen:  0)
  3413648    655136 496206416  0.005  0.001   16.046   12.346    0    0  (Gen:  0)
  3340352    769864 496642256  0.003  0.001   16.051   12.347    0    0  (Gen:  0)
  3251408    893456 497123144  0.004  0.001   16.055   12.348    0    0  (Gen:  0)
  3910864   1047520 497723856  0.006  0.001   16.063   12.350    0    0  (Gen:  0)
  3212880   1053280 498248824  0.005  0.001   16.069   12.352    0    0  (Gen:  0)
  3710328    942544 498782640  0.004  0.001   16.074   12.353    0    0  (Gen:  0)
  3296272    890264 499231776  0.002  0.001   16.080   12.355    0    0  (Gen:  0)
  3054064    871352 499671248  0.004  0.001   16.086   12.356    0    0  (Gen:  0)
  3677752    909960 500186672  0.005  0.001   16.092   12.358    0    0  (Gen:  0)
  2773536    591408 500543960  0.004  0.001   16.097   12.359    0    0  (Gen:  0)
  2680520    648904 500841160  0.002  0.001   16.103   12.361    0    0  (Gen:  0)
  3232768    574400 501167400  0.005  0.001   16.108   12.362    0    0  (Gen:  0)
  2541480    569360 501423608  0.002  0.001   16.111   12.363    0    0  (Gen:  0)
  2834344    705912 501768728  0.002  0.000   16.116   12.364    0    0  (Gen:  0)
  2677176    690664 502078968  0.002  0.000   16.120   12.365    0    0  (Gen:  0)
  2789704    692112 502416792  0.002  0.001   16.125   12.367    0    0  (Gen:  0)
  2818960    845128 502882760  0.004  0.001   16.130   12.368    0    0  (Gen:  0)
  3149288    895576 503363896  0.004  0.001   16.135   12.370    0    0  (Gen:  0)
  3051920    903032 503773584  0.003  0.001   16.141   12.371    0    0  (Gen:  0)
  2662304    657568 504082064  0.003  0.001   16.146   12.372    0    0  (Gen:  0)
  2556000    569680 504552040  0.002  0.001   16.150   12.374    0    0  (Gen:  0)
  2333320    500688 504887800  0.003  0.001   16.156   12.375    0    0  (Gen:  0)
  2344064    518384 505150608  0.004  0.001   16.161   12.377    0    0  (Gen:  0)
  3079376    671608 505554328  0.005  0.001   16.166   12.378    0    0  (Gen:  0)
  3378152    818576 506013400  0.003  0.001   16.172   12.380    0    0  (Gen:  0)
  3312256    497920 506275104  0.004  0.001   16.177   12.381    0    0  (Gen:  0)
  3245040    684200 506748208  0.004  0.001   16.182   12.382    0    0  (Gen:  0)
  2209288    601640 506932776  0.003  0.001   16.186   12.383    0    0  (Gen:  0)
  3016784    742064 507409944  0.003  0.001   16.190   12.385    0    0  (Gen:  0)
  2880408    856448 507762488  0.004  0.001   16.196   12.386    0    0  (Gen:  0)
  3291048    793232 508155736  0.004  0.001   16.201   12.387    0    0  (Gen:  0)
  3238224    674088 508511992  0.004  0.001   16.207   12.389    0    0  (Gen:  0)
  2896464    596328 508800008  0.002  0.001   16.212   12.390    0    0  (Gen:  0)
  2247848    514896 509027008  0.002  0.001   16.216   12.392    0    0  (Gen:  0)
  2670576    531000 509309840  0.002  0.001   16.221   12.393    0    0  (Gen:  0)
  2495880    538288 509577120  0.001  0.001   16.224   12.394    0    0  (Gen:  0)
  2103840    480880 509801488  0.002  0.001   16.229   12.396    0    0  (Gen:  0)
  2518504    513160 510069888  0.002  0.001   16.233   12.397    0    0  (Gen:  0)
  2601464    516296 510324056  0.002  0.001   16.238   12.398    0    0  (Gen:  0)
  2029808    480512 510654984  0.002  0.001   16.242   12.400    0    0  (Gen:  0)
  1809120    457912 510869104  0.002  0.001   16.246   12.401    0    0  (Gen:  0)
  2297312    733088 511381040  0.002  0.001   16.250   12.402    0    0  (Gen:  0)
  2213128    737232 511702192  0.002  0.001   16.254   12.404    0    0  (Gen:  0)
  2478952    632736 512085072  0.001  0.001   16.258   12.405    0    0  (Gen:  0)
  2293816    673336 512421824  0.001  0.001   16.262   12.406    0    0  (Gen:  0)
  2428136    673720 512720808  0.002  0.001   16.266   12.408    0    0  (Gen:  0)
  2235864    616656 513044448  0.001  0.001   16.270   12.409    0    0  (Gen:  0)
  2495184    539504 513282672  0.002  0.001   16.274   12.410    0    0  (Gen:  0)
  2201736    439064 513536160  0.001  0.000   16.278   12.411    0    0  (Gen:  0)
  2097088    438456 513744904  0.001  0.000   16.281   12.412    0    0  (Gen:  0)
  1900288    395568 513926576  0.001  0.000   16.283   12.412    0    0  (Gen:  0)
  2352984    476624 514218168  0.002  0.001   16.287   12.414    0    0  (Gen:  0)
  2619600    673512 514608688  0.003  0.001   16.293   12.415    0    0  (Gen:  0)
  2325520    642456 514915528  0.002  0.001   16.297   12.417    0    0  (Gen:  0)
  2557744    691744 515336672  0.003  0.001   16.302   12.418    0    0  (Gen:  0)
  2370056    738928 515697208  0.003  0.001   16.307   12.420    0    0  (Gen:  0)
  2300848    711448 516061520  0.002  0.001   16.311   12.422    0    0  (Gen:  0)
  2213920    667568 516393560  0.003  0.001   16.317   12.423    0    0  (Gen:  0)
  2344568    694792 516760808  0.003  0.001   16.321   12.424    0    0  (Gen:  0)
  2360576    723240 517109408  0.003  0.001   16.325   12.426    0    0  (Gen:  0)
  2156328    687200 517442024  0.002  0.001   16.329   12.427    0    0  (Gen:  0)
  2374224    733624 517836048  0.002  0.001   16.334   12.428    0    0  (Gen:  0)
  2229984    726288 518171864  0.003  0.001   16.338   12.429    0    0  (Gen:  0)
  2373168    704656 518529624  0.002  0.001   16.342   12.431    0    0  (Gen:  0)
  2021424    713360 518927152  0.002  0.001   16.346   12.432    0    0  (Gen:  0)
  2365952    771976 519349976  0.002  0.001   16.350   12.433    0    0  (Gen:  0)
  2542144    737376 519730816  0.002  0.001   16.355   12.435    0    0  (Gen:  0)
  2411304    551472 520082488  0.001  0.000   16.359   12.436    0    0  (Gen:  0)
  2358456    501424 520344320  0.002  0.001   16.363   12.437    0    0  (Gen:  0)
  2059832    358104 520439824  0.001  0.000   16.367   12.439    0    0  (Gen:  0)
  2385712    539792 520834112  0.002  0.001   16.371   12.440    0    0  (Gen:  0)
  2991496    777096 521269728  0.004  0.001   16.377   12.441    0    0  (Gen:  0)
  3324040    786712 521620824  0.003  0.001   16.383   12.443    0    0  (Gen:  0)
  2626960    561192 521916720  0.001  0.001   16.387   12.444    0    0  (Gen:  0)
  2304976    596056 522228784  0.001  0.001   16.391   12.445    0    0  (Gen:  0)
  2348800    535704 522496496  0.001  0.001   16.396   12.447    0    0  (Gen:  0)
  1832352    507368 522746568  0.001  0.001   16.400   12.448    0    0  (Gen:  0)
  2030456    477424 522979912  0.002  0.001   16.404   12.449    0    0  (Gen:  0)
  1798400    435344 523180512  0.001  0.000   16.408   12.450    0    0  (Gen:  0)
  1822064    442400 523417080  0.001  0.000   16.411   12.452    0    0  (Gen:  0)
  2062872    488096 523665720  0.001  0.001   16.415   12.453    0    0  (Gen:  0)
  1856744    465952 523882048  0.001  0.000   16.419   12.454    0    0  (Gen:  0)
  2242088    465096 524116504  0.002  0.001   16.423   12.455    0    0  (Gen:  0)
  2084144    440232 524331904  0.001  0.000   16.427   12.457    0    0  (Gen:  0)
  2237576    435776 524572544  0.002  0.001   16.432   12.458    0    0  (Gen:  0)
  2344664    450032 524760904  0.001  0.001   16.436   12.459    0    0  (Gen:  0)
  2005848    412640 524981160  0.002  0.000   16.440   12.460    0    0  (Gen:  0)
  2353312    453224 525217992  0.002  0.001   16.444   12.462    0    0  (Gen:  0)
  2067664    423256 525415080  0.001  0.001   16.448   12.463    0    0  (Gen:  0)
  2357160    434408 525654240  0.002  0.001   16.452   12.464    0    0  (Gen:  0)
  2348752    476688 525924376  0.001  0.001   16.456   12.465    0    0  (Gen:  0)
  2344336    472936 526158296  0.001  0.001   16.461   12.467    0    0  (Gen:  0)
  2191440    458080 526386520  0.001  0.001   16.464   12.468    0    0  (Gen:  0)
  2294320    462136 526620912  0.001  0.000   16.468   12.469    0    0  (Gen:  0)
  2261144    451160 526838568  0.001  0.001   16.472   12.471    0    0  (Gen:  0)
  2086456    447632 527066592  0.001  0.000   16.476   12.472    0    0  (Gen:  0)
  2204584    421600 527257480  0.001  0.001   16.480   12.473    0    0  (Gen:  0)
  2119968    365592 527432600  0.001  0.000   16.483   12.474    0    0  (Gen:  0)
  2175440    390704 527639680  0.001  0.001   16.487   12.475    0    0  (Gen:  0)
  2047216    423216 527861400  0.001  0.000   16.491   12.476    0    0  (Gen:  0)
  2294512    449936 528082352  0.002  0.001   16.495   12.478    0    0  (Gen:  0)
  1810376    440856 528308936  0.001  0.000   16.499   12.479    0    0  (Gen:  0)
  2071880    501832 528581608  0.002  0.001   16.503   12.480    0    0  (Gen:  0)
  1989592    522984 528831080  0.001  0.000   16.507   12.481    0    0  (Gen:  0)
  2155504    527904 529102176  0.002  0.001   16.511   12.483    0    0  (Gen:  0)
  1936792    525792 529356016  0.001  0.000   16.514   12.484    0    0  (Gen:  0)
  2088160    534912 529629656  0.002  0.001   16.519   12.485    0    0  (Gen:  0)
  1847632    511928 529868896  0.002  0.000   16.523   12.486    0    0  (Gen:  0)
  2198616    551024 530171352  0.002  0.001   16.526   12.487    0    0  (Gen:  0)
  2020512    572264 530444520  0.001  0.001   16.530   12.489    0    0  (Gen:  0)
  2292592    599544 530764896  0.002  0.001   16.535   12.490    0    0  (Gen:  0)
  1722312    545176 530993056  0.002  0.001   16.539   12.491    0    0  (Gen:  0)
  2196720    558400 531346840  0.002  0.001   16.543   12.493    0    0  (Gen:  0)
  1951488    583856 531618320  0.001  0.000   16.547   12.494    0    0  (Gen:  0)
  2038808    564664 531907768  0.002  0.001   16.552   12.495    0    0  (Gen:  0)
  1850232    540504 532161920  0.002  0.000   16.555   12.496    0    0  (Gen:  0)
  2186520    533432 532431808  0.001  0.001   16.559   12.498    0    0  (Gen:  0)
  1834648    524320 532687840  0.001  0.000   16.563   12.499    0    0  (Gen:  0)
  2147728    555504 532988320  0.001  0.001   16.567   12.500    0    0  (Gen:  0)
  1847464    558768 533256920  0.001  0.000   16.570   12.501    0    0  (Gen:  0)
  2094280    544984 533530920  0.002  0.001   16.575   12.503    0    0  (Gen:  0)
  1806600    497968 533759448  0.001  0.000   16.578   12.504    0    0  (Gen:  0)
  2104608    475488 534005280  0.002  0.001   16.583   12.505    0    0  (Gen:  0)
  1694832    454808 534216576  0.001  0.000   16.586   12.506    0    0  (Gen:  0)
  2139568    461360 534468688  0.002  0.001   16.590   12.507    0    0  (Gen:  0)
  1820992    475432 534698416  0.001  0.000   16.594   12.508    0    0  (Gen:  0)
  2273352    480648 534950040  0.002  0.001   16.598   12.510    0    0  (Gen:  0)
  1844568    521200 535232384  0.001  0.000   16.602   12.511    0    0  (Gen:  0)
  2246600    654720 535594168  0.002  0.001   16.606   12.512    0    0  (Gen:  0)
  1948824    700464 535955328  0.002  0.001   16.611   12.514    0    0  (Gen:  0)
  2498536    610832 536239800  0.002  0.001   16.616   12.515    0    0  (Gen:  0)
  2451768    604328 536582456  0.001  0.001   16.620   12.517    0    0  (Gen:  0)
  2221816    598264 536871248  0.001  0.001   16.624   12.518    0    0  (Gen:  0)
  2406032    578320 537268056  0.002  0.001   16.629   12.519    0    0  (Gen:  0)
  2148840    513104 537543512  0.001  0.001   16.633   12.520    0    0  (Gen:  0)
  1966568    397984 537712384  0.002  0.001   16.637   12.522    0    0  (Gen:  0)
  1897728    417784 537949320  0.002  0.000   16.641   12.523    0    0  (Gen:  0)
  3081584    757064 538480304  0.003  0.001   16.647   12.525    0    0  (Gen:  0)
  2193720    765704 538820056  0.002  0.001   16.652   12.526    0    0  (Gen:  0)
  2739152    693648 539234016  0.004  0.001   16.657   12.528    0    0  (Gen:  0)
  2322680    519120 539513552  0.003  0.001   16.662   12.529    0    0  (Gen:  0)
  2234072    523672 539767384  0.004  0.001   16.667   12.530    0    0  (Gen:  0)
  2117672    462688 539987704  0.003  0.001   16.672   12.531    0    0  (Gen:  0)
  2204240    441488 540221888  0.003  0.001   16.676   12.533    0    0  (Gen:  0)
  2359056    543832 540534648  0.002  0.001   16.682   12.534    0    0  (Gen:  0)
  1911640    492008 540751168  0.003  0.001   16.687   12.536    0    0  (Gen:  0)
  2227984    482512 541017064  0.003  0.001   16.692   12.537    0    0  (Gen:  0)
  2183304    508104 541258792  0.002  0.000   16.696   12.538    0    0  (Gen:  0)
  2343432    502488 541496280  0.004  0.001   16.702   12.540    0    0  (Gen:  0)
  2020392    521944 541776160  0.002  0.000   16.706   12.541    0    0  (Gen:  0)
  2633480    625824 542121728  0.004  0.001   16.712   12.542    0    0  (Gen:  0)
  2345008    608984 542400488  0.004  0.001   16.717   12.544    0    0  (Gen:  0)
  2174392    550080 542684632  0.002  0.001   16.721   12.545    0    0  (Gen:  0)
  3204528    684472 543105736  0.004  0.001   16.728   12.546    0    0  (Gen:  0)
  2807944    896712 543597904  0.004  0.001   16.733   12.548    0    0  (Gen:  0)
  2916968    926536 544061000  0.005  0.001   16.740   12.550    0    0  (Gen:  0)
  2543280    908056 544547456  0.003  0.001   16.745   12.551    0    0  (Gen:  0)
  2863000    888072 544982136  0.004  0.001   16.751   12.553    0    0  (Gen:  0)
  3246960    937096 545514496  0.005  0.001   16.759   12.555    0    0  (Gen:  0)
  2875904    952136 545981912  0.004  0.001   16.764   12.556    0    0  (Gen:  0)
  3111896    949912 546505520  0.004  0.001   16.770   12.558    0    0  (Gen:  0)
  2590664    900080 546919704  0.003  0.001   16.776   12.559    0    0  (Gen:  0)
  2759336    847576 547367984  0.004  0.001   16.782   12.561    0    0  (Gen:  0)
  2520848    751344 547699416  0.003  0.001   16.786   12.562    0    0  (Gen:  0)
  2784200    553304 547930048  0.003  0.000   16.791   12.563    0    0  (Gen:  0)
  3081280    800224 548444168  0.005  0.001   16.797   12.565    0    0  (Gen:  0)
  2584552    773064 548922456  0.004  0.001   16.803   12.566    0    0  (Gen:  0)
  2375800    675856 549210000  0.004  0.001   16.808   12.567    0    0  (Gen:  0)
  2630176    534688 549492784  0.004  0.001   16.813   12.569    0    0  (Gen:  0)
  2450744    504144 549766920  0.001  0.001   16.818   12.570    0    0  (Gen:  0)
  2699968    597096 550103008  0.003  0.000   16.823   12.572    0    0  (Gen:  0)
  3084280    752080 550497712  0.004  0.000   16.829   12.573    0    0  (Gen:  0)
  2932360    625536 550758360  0.004  0.001   16.834   12.575    0    0  (Gen:  0)
  2989296    577320 551058840  0.004  0.001   16.839   12.576    0    0  (Gen:  0)
  2718904    603376 551344272  0.001  0.001   16.844   12.577    0    0  (Gen:  0)
  3472712    729752 551768944  0.004  0.001   16.850   12.579    0    0  (Gen:  0)
  3064960    670520 552106976  0.002  0.001   16.856   12.580    0    0  (Gen:  0)
  3312800    753192 552557608  0.004  0.001   16.862   12.582    0    0  (Gen:  0)
  2802440    771576 552869888  0.003  0.001   16.867   12.583    0    0  (Gen:  0)
  2370984    563280 553103776  0.003  0.000   16.872   12.584    0    0  (Gen:  0)
  2451384    452208 553331056  0.003  0.000   16.876   12.586    0    0  (Gen:  0)
  3064264    641328 553740752  0.003  0.001   16.883   12.587    0    0  (Gen:  0)
  3526064    623248 554126424  0.003  0.000   16.888   12.589    0    0  (Gen:  0)
  3482504    877000 554668048  0.003  0.001   16.894   12.590    0    0  (Gen:  0)
  3151408    986304 555172808  0.005  0.001   16.901   12.592    0    0  (Gen:  0)
  2244032    758720 555518408  0.005  0.001   16.908   12.594    0    0  (Gen:  0)
  2320512    725368 555891632  0.004  0.001   16.913   12.595    0    0  (Gen:  0)
  2796184    688632 556225000  0.004  0.001   16.919   12.597    0    0  (Gen:  0)
  2861048    685264 556633648  0.004  0.001   16.925   12.598    0    0  (Gen:  0)
  2618616    557208 556893272  0.003  0.000   16.930   12.600    0    0  (Gen:  0)
  2453464    665000 557298624  0.002  0.000   16.934   12.601    0    0  (Gen:  0)
  2614248    686152 557636280  0.004  0.001   16.940   12.602    0    0  (Gen:  0)
  3451608    770136 558072512  0.005  0.001   16.946   12.604    0    0  (Gen:  0)
  3002760    682568 558419312  0.004  0.001   16.951   12.605    0    0  (Gen:  0)
  2975000    696800 558782504  0.004  0.001   16.957   12.607    0    0  (Gen:  0)
  2907328    515016 559067352  0.002  0.000   16.962   12.608    0    0  (Gen:  0)
  2563384    656616 559432304  0.003  0.000   16.966   12.609    0    0  (Gen:  0)
  3176912    726072 559819928  0.003  0.001   16.971   12.611    0    0  (Gen:  0)
  3399640    710160 560143480  0.004  0.001   16.977   12.612    0    0  (Gen:  0)
  2984880    688824 560508536  0.004  0.001   16.982   12.614    0    0  (Gen:  0)
  2704488    704648 560852496  0.003  0.001   16.987   12.615    0    0  (Gen:  0)
  2660664    589520 561133784  0.004  0.001   16.993   12.616    0    0  (Gen:  0)
  2379664    581936 561438568  0.003  0.001   16.997   12.617    0    0  (Gen:  0)
  2412712    619072 561754824  0.002  0.001   17.002   12.619    0    0  (Gen:  0)
  2802088    553408 561987656  0.004  0.000   17.008   12.620    0    0  (Gen:  0)
  2319176    557496 562309240  0.003  0.000   17.012   12.621    0    0  (Gen:  0)
  2707760    698776 562700112  0.003  0.001   17.018   12.623    0    0  (Gen:  0)
  2354368    701296 563040688  0.005  0.001   17.025   12.625    0    0  (Gen:  0)
  2272208    388128 563270584  0.003  0.000   17.030   12.626    0    0  (Gen:  0)
  3050384    497704 563587744  0.002  0.001   17.035   12.628    0    0  (Gen:  0)
  3067848    854832 564187616  0.004  0.001   17.040   12.629    0    0  (Gen:  0)
  3325984    973696 564667160  0.004  0.001   17.046   12.631    0    0  (Gen:  0)
  3763176   1015368 565231808  0.005  0.001   17.054   12.633    0    0  (Gen:  0)
  3777320   1196928 565934536  0.008  0.002   17.063   12.636    0    0  (Gen:  0)
  2655616   1091128 566385752  0.007  0.001   17.071   12.638    0    0  (Gen:  0)
  2629752    854688 566813736  0.005  0.001   17.078   12.640    0    0  (Gen:  0)
  3289912    882280 567297408  0.005  0.001   17.085   12.642    0    0  (Gen:  0)
  2785808    664536 567526712  0.003  0.001   17.091   12.643    0    0  (Gen:  0)
  2964112    727448 568022168  0.004  0.001   17.096   12.644    0    0  (Gen:  0)
  2842320    632792 568392848  0.002  0.001   17.101   12.646    0    0  (Gen:  0)
  2957896    641208 568673320  0.001  0.000   17.106   12.647    0    0  (Gen:  0)
  2701864    670192 569060120  0.003  0.001   17.112   12.649    0    0  (Gen:  0)
  2556968    763632 569438496  0.003  0.001   17.116   12.650    0    0  (Gen:  0)
  2370728    680872 569733192  0.003  0.001   17.122   12.651    0    0  (Gen:  0)
  2448600    522016 569959616  0.003  0.000   17.126   12.652    0    0  (Gen:  0)
  2908080    504784 570230944  0.004  0.001   17.132   12.654    0    0  (Gen:  0)
  2633584    480472 570435552  0.003  0.000   17.136   12.655    0    0  (Gen:  0)
  2950944    477064 570692184  0.002  0.000   17.141   12.656    0    0  (Gen:  0)
  2765208    537448 570971480  0.004  0.001   17.147   12.658    0    0  (Gen:  0)
  2639720    530544 571222536  0.001  0.000   17.151   12.659    0    0  (Gen:  0)
  3084144    495392 571454376  0.003  0.001   17.157   12.661    0    0  (Gen:  0)
  2271016    510792 571720640  0.003  0.000   17.162   12.662    0    0  (Gen:  0)
  2303432    573160 572024344  0.002  0.001   17.167   12.663    0    0  (Gen:  0)
  2521824    550264 572284856  0.002  0.000   17.171   12.664    0    0  (Gen:  0)
  2820088    527792 572548648  0.003  0.001   17.176   12.666    0    0  (Gen:  0)
  2724152    560448 572826848  0.003  0.000   17.181   12.667    0    0  (Gen:  0)
  2719904    576008 573112768  0.004  0.001   17.187   12.668    0    0  (Gen:  0)
  2524664    558264 573371752  0.003  0.000   17.191   12.670    0    0  (Gen:  0)
  2657560    577432 573676680  0.003  0.001   17.197   12.671    0    0  (Gen:  0)
  2734776    574728 573933272  0.004  0.000   17.202   12.672    0    0  (Gen:  0)
  2486792    623736 574284416  0.003  0.000   17.207   12.674    0    0  (Gen:  0)
  3130608    643048 574572504  0.003  0.001   17.212   12.675    0    0  (Gen:  0)
  2814080    537104 574808920  0.003  0.000   17.216   12.676    0    0  (Gen:  0)
  2639784    572608 575130536  0.004  0.001   17.221   12.677    0    0  (Gen:  0)
  2508408    664064 575495376  0.002  0.001   17.227   12.679    0    0  (Gen:  0)
  2088744    637080 575799736  0.003  0.001   17.232   12.680    0    0  (Gen:  0)
  2208728    562880 576058032  0.004  0.001   17.237   12.682    0    0  (Gen:  0)
  2098464    502984 576301336  0.002  0.000   17.241   12.683    0    0  (Gen:  0)
  2669624    581832 576632696  0.003  0.001   17.247   12.684    0    0  (Gen:  0)
  2159136    567056 576871864  0.004  0.001   17.253   12.686    0    0  (Gen:  0)
  2181368    530688 577154360  0.003  0.001   17.257   12.687    0    0  (Gen:  0)
  2910952    673304 577545856  0.005  0.001   17.264   12.689    0    0  (Gen:  0)
  2516520    781120 577961200  0.005  0.001   17.270   12.690    0    0  (Gen:  0)
  2701624    820936 578388152  0.005  0.001   17.277   12.692    0    0  (Gen:  0)
  2563776    512800 578641304  0.003  0.000   17.281   12.693    0    0  (Gen:  0)
  2274456    530568 578917856  0.002  0.001   17.286   12.695    0    0  (Gen:  0)
  2180200    637472 579255232  0.003  0.001   17.291   12.696    0    0  (Gen:  0)
  3059344    762840 579676456  0.005  0.001   17.297   12.698    0    0  (Gen:  0)
  2687144    694184 579956464  0.002  0.001   17.302   12.699    0    0  (Gen:  0)
  2055632    528008 580195672  0.004  0.001   17.308   12.701    0    0  (Gen:  0)
  2053208    469288 580455896  0.002  0.000   17.313   12.702    0    0  (Gen:  0)
  2304952    452768 580684280  0.003  0.000   17.318   12.703    0    0  (Gen:  0)
  2632752    523160 580975016  0.004  0.001   17.323   12.704    0    0  (Gen:  0)
  2509736    496160 581182968  0.003  0.001   17.328   12.706    0    0  (Gen:  0)
  2361168    492696 581446504  0.002  0.001   17.333   12.707    0    0  (Gen:  0)
  2496368    532648 581712632  0.003  0.001   17.338   12.708    0    0  (Gen:  0)
  2764368    539392 581974256  0.004  0.001   17.343   12.710    0    0  (Gen:  0)
  2442552    494432 582201792  0.002  0.000   17.347   12.711    0    0  (Gen:  0)
  2937232    584168 582545240  0.004  0.001   17.352   12.712    0    0  (Gen:  0)
  2865552    559736 582787800  0.003  0.000   17.356   12.713    0    0  (Gen:  0)
  2780872    477416 583003152  0.004  0.001   17.361   12.715    0    0  (Gen:  0)
  2689904    514984 583290080  0.003  0.000   17.366   12.716    0    0  (Gen:  0)
  2779496    544880 583545848  0.004  0.001   17.371   12.717    0    0  (Gen:  0)
  2386912    514648 583805336  0.002  0.000   17.374   12.718    0    0  (Gen:  0)
  2804720    624448 584176720  0.003  0.001   17.380   12.719    0    0  (Gen:  0)
  2799248    658688 584491792  0.002  0.001   17.386   12.721    0    0  (Gen:  0)
  3029984    729192 584914248  0.004  0.001   17.391   12.722    0    0  (Gen:  0)
  2781160    474576 585161424  0.003  0.000   17.397   12.724    0    0  (Gen:  0)
  3077152    633696 585562416  0.002  0.001   17.401   12.725    0    0  (Gen:  0)
  2329360    644576 585854824  0.003  0.000   17.406   12.726    0    0  (Gen:  0)
  2761168    660128 586245936  0.004  0.001   17.411   12.727    0    0  (Gen:  0)
  2939488    699608 586685024  0.004  0.001   17.416   12.729    0    0  (Gen:  0)
  2895328    863072 587146464  0.005  0.001   17.423   12.731    0    0  (Gen:  0)
  2616576    851432 587580400  0.005  0.001   17.429   12.732    0    0  (Gen:  0)
  2642280    789280 587960888  0.005  0.001   17.436   12.734    0    0  (Gen:  0)
  2696432    700544 588311704  0.003  0.001   17.441   12.736    0    0  (Gen:  0)
  2527224    706456 588676000  0.003  0.001   17.447   12.737    0    0  (Gen:  0)
  2612984    675424 589017352  0.004  0.001   17.452   12.738    0    0  (Gen:  0)
  2754912    708064 589397072  0.004  0.001   17.457   12.740    0    0  (Gen:  0)
  2661208    823520 589837800  0.006  0.001   17.465   12.742    0    0  (Gen:  0)
  2763128    706120 590119664  0.001  0.001   17.470   12.743    0    0  (Gen:  0)
  3343528    766480 590660456  0.005  0.001   17.476   12.745    0    0  (Gen:  0)
  3027464    874848 591201176  0.005  0.001   17.482   12.747    0    0  (Gen:  0)
  2152336    742816 591511400  0.003  0.001   17.487   12.748    0    0  (Gen:  0)
  3054736    716816 591999192  0.006  0.001   17.494   12.750    0    0  (Gen:  0)
  2744896    774648 592358824  0.004  0.001   17.500   12.752    0    0  (Gen:  0)
  3011608    879424 592913136  0.005  0.001   17.507   12.754    0    0  (Gen:  0)
  2967184    982552 593382768  0.005  0.001   17.514   12.756    0    0  (Gen:  0)
  2815688    768728 593770232  0.006  0.001   17.522   12.758    0    0  (Gen:  0)
  2760744    701680 594232896  0.003  0.001   17.526   12.759    0    0  (Gen:  0)
  2648200    647336 594521944  0.004  0.001   17.532   12.760    0    0  (Gen:  0)
  2455888    665560 594902952  0.002  0.001   17.536   12.762    0    0  (Gen:  0)
  3212392    885568 595402184  0.004  0.001   17.543   12.763    0    0  (Gen:  0)
  2792800    702536 595749304  0.002  0.001   17.547   12.765    0    0  (Gen:  0)
  2610360    634200 596076776  0.003  0.000   17.552   12.766    0    0  (Gen:  0)
  3063912    623000 596367760  0.004  0.001   17.557   12.767    0    0  (Gen:  0)
  2544696    441312 596576848  0.003  0.000   17.562   12.769    0    0  (Gen:  0)
  3171336    616688 596978232  0.005  0.001   17.568   12.770    0    0  (Gen:  0)
  3268552    937408 597555192  0.005  0.001   17.574   12.772    0    0  (Gen:  0)
  3183368    758368 597924016  0.003  0.001   17.581   12.774    0    0  (Gen:  0)
  3569432   1002144 598587272  0.003  0.001   17.587   12.775    0    0  (Gen:  0)
  3546080    725832 598935816  0.003  0.001   17.593   12.777    0    0  (Gen:  0)
  2944224    800216 599443336  0.003  0.001   17.598   12.778    0    0  (Gen:  0)
  3361392    939928 599921064  0.004  0.001   17.603   12.780    0    0  (Gen:  0)
  3084424    724000 600264816  0.003  0.001   17.610   12.782    0    0  (Gen:  0)
  2340416    601872 600554336  0.002  0.001   17.615   12.783    0    0  (Gen:  0)
  2418816    550272 600826728  0.004  0.001   17.621   12.784    0    0  (Gen:  0)
  2528664    599704 601153096  0.002  0.001   17.626   12.786    0    0  (Gen:  0)
  2663376    604440 601448072  0.002  0.001   17.631   12.787    0    0  (Gen:  0)
  2351864    560840 601714656  0.003  0.000   17.636   12.788    0    0  (Gen:  0)
  2527472    557200 601997504  0.003  0.001   17.640   12.790    0    0  (Gen:  0)
  2563224    565952 602271224  0.002  0.001   17.646   12.791    0    0  (Gen:  0)
  2495272    573864 602564024  0.003  0.001   17.651   12.792    0    0  (Gen:  0)
  2821088    615968 602866872  0.003  0.001   17.656   12.794    0    0  (Gen:  0)
  2151240    562328 603113408  0.002  0.000   17.661   12.795    0    0  (Gen:  0)
  2641040    478688 603334760  0.004  0.001   17.666   12.796    0    0  (Gen:  0)
  2584064    522352 603619832  0.003  0.000   17.670   12.798    0    0  (Gen:  0)
  2525832    548376 603875032  0.002  0.000   17.675   12.799    0    0  (Gen:  0)
  2932808    615752 604224048  0.003  0.001   17.680   12.800    0    0  (Gen:  0)
  2530984    604056 604481336  0.003  0.000   17.685   12.801    0    0  (Gen:  0)
  2904120    512656 604740448  0.003  0.001   17.691   12.803    0    0  (Gen:  0)
  2909168    672600 605149680  0.003  0.000   17.695   12.804    0    0  (Gen:  0)
  2795312    726624 605495752  0.003  0.001   17.700   12.805    0    0  (Gen:  0)
  2983096    678512 605879248  0.003  0.001   17.707   12.807    0    0  (Gen:  0)
  2579472    415392 606082256  0.003  0.001   17.712   12.808    0    0  (Gen:  0)
  2562264    537824 606437600  0.002  0.001   17.716   12.810    0    0  (Gen:  0)
  2998408    682696 606761984  0.003  0.001   17.722   12.811    0    0  (Gen:  0)
  2234056    579264 607009528  0.003  0.000   17.727   12.812    0    0  (Gen:  0)
  2784256    531864 607273304  0.004  0.000   17.732   12.814    0    0  (Gen:  0)
  2396480    521944 607533648  0.002  0.000   17.736   12.815    0    0  (Gen:  0)
  3263136    541352 607808072  0.004  0.000   17.741   12.816    0    0  (Gen:  0)
  2456512    519992 608036288  0.002  0.000   17.745   12.817    0    0  (Gen:  0)
  3001480    545704 608331776  0.003  0.001   17.751   12.819    0    0  (Gen:  0)
  2572536    582464 608606528  0.003  0.001   17.755   12.820    0    0  (Gen:  0)
  3076024    741024 609052136  0.004  0.001   17.762   12.821    0    0  (Gen:  0)
  3253528    969144 609590856  0.004  0.001   17.768   12.823    0    0  (Gen:  0)
  3242552    871392 610069136  0.005  0.001   17.775   12.825    0    0  (Gen:  0)
  2729064    877512 610514904  0.004  0.001   17.781   12.827    0    0  (Gen:  0)
  2735816    902352 610978864  0.004  0.001   17.787   12.828    0    0  (Gen:  0)
  3023400    673104 611392008  0.004  0.001   17.792   12.830    0    0  (Gen:  0)
  2658544    769944 611752992  0.003  0.001   17.798   12.831    0    0  (Gen:  0)
  2966432    708912 612111896  0.003  0.000   17.803   12.833    0    0  (Gen:  0)
  3056136    704376 612443320  0.004  0.001   17.809   12.834    0    0  (Gen:  0)
  2406720    581960 612762440  0.003  0.000   17.814   12.835    0    0  (Gen:  0)
  2787992    678648 613097248  0.004  0.001   17.819   12.837    0    0  (Gen:  0)
  2334808    576216 613332432  0.003  0.000   17.824   12.838    0    0  (Gen:  0)
  2620488    427632 613520304  0.002  0.000   17.828   12.839    0    0  (Gen:  0)
  2223632    404336 613727648  0.002  0.000   17.832   12.840    0    0  (Gen:  0)
  2877056    487560 614002248  0.004  0.000   17.838   12.842    0    0  (Gen:  0)
  2005896    510000 614281144  0.002  0.000   17.842   12.843    0    0  (Gen:  0)
  3054616    567376 614586792  0.004  0.000   17.848   12.844    0    0  (Gen:  0)
  2508216    706096 614962416  0.003  0.001   17.852   12.845    0    0  (Gen:  0)
  2438488    663992 615248528  0.002  0.001   17.857   12.847    0    0  (Gen:  0)
  2547648    611784 615558960  0.003  0.000   17.862   12.848    0    0  (Gen:  0)
  2714072    567264 615805640  0.003  0.001   17.867   12.849    0    0  (Gen:  0)
  2930144    700168 616240152  0.002  0.001   17.873   12.851    0    0  (Gen:  0)
  2761016    808248 616614088  0.005  0.001   17.880   12.853    0    0  (Gen:  0)
  3223704    860184 617124016  0.005  0.001   17.888   12.855    0    0  (Gen:  0)
  2844088    910456 617566208  0.005  0.001   17.894   12.857    0    0  (Gen:  0)
  3453408    812552 617953168  0.005  0.001   17.901   12.859    0    0  (Gen:  0)
  3090736    835104 618458864  0.003  0.001   17.907   12.860    0    0  (Gen:  0)
  2503216    624152 618690920  0.003  0.001   17.913   12.861    0    0  (Gen:  0)
  3041736    467280 618979728  0.003  0.000   17.917   12.863    0    0  (Gen:  0)
  2779048    532504 619221720  0.001  0.001   17.922   12.864    0    0  (Gen:  0)
  3005992    656688 619659176  0.003  0.001   17.929   12.866    0    0  (Gen:  0)
  2284272    678640 619918792  0.003  0.001   17.933   12.867    0    0  (Gen:  0)
  2348968    434344 620148824  0.004  0.001   17.939   12.869    0    0  (Gen:  0)
  2211584    465240 620378608  0.004  0.000   17.944   12.870    0    0  (Gen:  0)
  2349096    407768 620558664  0.002  0.001   17.948   12.871    0    0  (Gen:  0)
  2074240    437240 620813664  0.002  0.000   17.952   12.872    0    0  (Gen:  0)
  2740760    485616 621037976  0.003  0.000   17.957   12.874    0    0  (Gen:  0)
  2716216    456072 621274072  0.002  0.000   17.962   12.875    0    0  (Gen:  0)
  2674744    551216 621578176  0.003  0.001   17.967   12.876    0    0  (Gen:  0)
  2936008    671760 621940096  0.004  0.001   17.972   12.877    0    0  (Gen:  0)
  2316912    599024 622185888  0.002  0.001   17.977   12.879    0    0  (Gen:  0)
  2771376    577104 622514440  0.004  0.001   17.983   12.880    0    0  (Gen:  0)
  2875360    692256 622886272  0.003  0.001   17.987   12.881    0    0  (Gen:  0)
  3209360    825704 623345120  0.003  0.001   17.993   12.883    0    0  (Gen:  0)
  3134208    828040 623744072  0.005  0.001   18.000   12.885    0    0  (Gen:  0)
  3007016    777656 624132376  0.005  0.001   18.007   12.887    0    0  (Gen:  0)
  2972512    822704 624601464  0.005  0.001   18.012   12.888    0    0  (Gen:  0)
  3099072    703280 625016168  0.004  0.001   18.018   12.890    0    0  (Gen:  0)
  3204744    929664 625578480  0.004  0.001   18.025   12.892    0    0  (Gen:  0)
  2887456    962416 626001632  0.003  0.001   18.031   12.893    0    0  (Gen:  0)
  3427968    843816 626462504  0.002  0.001   18.037   12.895    0    0  (Gen:  0)
  2678416    568264 626723632  0.001  0.000   18.042   12.896    0    0  (Gen:  0)
  2976856    611472 627176392  0.002  0.001   18.047   12.897    0    0  (Gen:  0)
  2034352    530352 627483952  0.002  0.000   18.051   12.899    0    0  (Gen:  0)
  2736280    784640 627950584  0.003  0.001   18.056   12.900    0    0  (Gen:  0)
  3048552    805016 628341704  0.004  0.001   18.062   12.901    0    0  (Gen:  0)
  2341512    596792 628609448  0.002  0.001   18.066   12.903    0    0  (Gen:  0)
  3288656    711976 629049832  0.006  0.001   18.074   12.904    0    0  (Gen:  0)
  2414264    520400 629277720  0.002  0.000   18.078   12.906    0    0  (Gen:  0)
  2229416    452576 629480160  0.001  0.000   18.082   12.907    0    0  (Gen:  0)
  2106232    449632 629728344  0.001  0.000   18.085   12.908    0    0  (Gen:  0)
  1830784    438288 629913200  0.001  0.000   18.089   12.909    0    0  (Gen:  0)
  2396440    421264 630130120  0.001  0.001   18.093   12.911    0    0  (Gen:  0)
  2110712    402488 630305696  0.001  0.000   18.097   12.912    0    0  (Gen:  0)
  2514216    373176 630480032  0.001  0.000   18.101   12.913    0    0  (Gen:  0)
  1987624    373224 630664800  0.002  0.000   18.105   12.914    0    0  (Gen:  0)
  2064552    380160 630856360  0.001  0.000   18.108   12.915    0    0  (Gen:  0)
  2402576    371504 631071544  0.001  0.000   18.111   12.916    0    0  (Gen:  0)
  2467912    500224 631387504  0.001  0.000   18.115   12.917    0    0  (Gen:  0)
  2609064    751632 631844256  0.002  0.001   18.120   12.919    0    0  (Gen:  0)
  2175432    782728 632233016  0.002  0.001   18.125   12.921    0    0  (Gen:  0)
  2330040    737248 632594464  0.002  0.001   18.131   12.922    0    0  (Gen:  0)
  2530096    690360 632947040  0.002  0.001   18.136   12.924    0    0  (Gen:  0)
  1896656    505832 633219464  0.001  0.000   18.139   12.925    0    0  (Gen:  0)
  2171616    485352 633486896  0.003  0.001   18.144   12.926    0    0  (Gen:  0)
  3092664    772136 634025080  0.003  0.001   18.148   12.928    0    0  (Gen:  0)
  2975720    964200 634442288  0.004  0.001   18.154   12.929    0    0  (Gen:  0)
  2905504    626496 634730696  0.003  0.001   18.160   12.931    0    0  (Gen:  0)
  2245728    555880 634993184  0.003  0.001   18.165   12.932    0    0  (Gen:  0)
  2654424    660856 635392856  0.004  0.001   18.170   12.934    0    0  (Gen:  0)
  2453024    516776 635634280  0.003  0.000   18.176   12.935    0    0  (Gen:  0)
  2064176    493128 635933768  0.001  0.000   18.179   12.936    0    0  (Gen:  0)
  2309480    519984 636213832  0.001  0.001   18.183   12.937    0    0  (Gen:  0)
  1967288    545304 636481272  0.001  0.001   18.187   12.939    0    0  (Gen:  0)
  2360792    577880 636784704  0.002  0.001   18.192   12.940    0    0  (Gen:  0)
  1993984    614696 637098832  0.002  0.001   18.196   12.941    0    0  (Gen:  0)
  1978592    599880 637377512  0.002  0.001   18.201   12.943    0    0  (Gen:  0)
  1936232    551552 637640624  0.002  0.001   18.205   12.944    0    0  (Gen:  0)
  1934152    498280 637872888  0.001  0.000   18.209   12.945    0    0  (Gen:  0)
  1939416    469384 638095064  0.001  0.001   18.213   12.947    0    0  (Gen:  0)
  1846552    474144 638342008  0.001  0.000   18.217   12.948    0    0  (Gen:  0)
  2050528    566008 638654496  0.002  0.001   18.221   12.949    0    0  (Gen:  0)
  2607192    738728 639094888  0.002  0.001   18.226   12.951    0    0  (Gen:  0)
  2239048    798968 639490048  0.003  0.001   18.232   12.952    0    0  (Gen:  0)
  2648264    749976 639871400  0.003  0.001   18.238   12.954    0    0  (Gen:  0)
  2201232    788960 640321120  0.002  0.001   18.243   12.956    0    0  (Gen:  0)
  1925752    448152 640489152  0.001  0.001   18.247   12.957    0    0  (Gen:  0)
  1654424    386936 640716216  0.001  0.001   18.251   12.958    0    0  (Gen:  0)
  1449856    374704 640894672  0.001  0.000   18.254   12.960    0    0  (Gen:  0)
  1544432    358592 641072104  0.001  0.000   18.257   12.961    0    0  (Gen:  0)
  1383600    375824 641273280  0.001  0.000   18.259   12.962    0    0  (Gen:  0)
  1426976    370632 641440088  0.001  0.000   18.262   12.963    0    0  (Gen:  0)
  1923424    546280 641813248  0.002  0.001   18.266   12.964    0    0  (Gen:  0)
  1663704    661880 642142824  0.002  0.001   18.270   12.966    0    0  (Gen:  0)
  2071888    611536 642445248  0.002  0.001   18.274   12.967    0    0  (Gen:  0)
  2646976    628296 642839608  0.002  0.001   18.279   12.969    0    0  (Gen:  0)
  1690824    390416 643007536  0.001  0.000   18.282   12.970    0    0  (Gen:  0)
  1746840    468584 643347560  0.002  0.001   18.285   12.971    0    0  (Gen:  0)
  1662424    579336 643616032  0.002  0.001   18.289   12.973    0    0  (Gen:  0)
  1454328    473448 643812824  0.002  0.001   18.294   12.974    0    0  (Gen:  0)
  1363600    388128 643998616  0.001  0.001   18.296   12.975    0    0  (Gen:  0)
  1178256    364440 644171856  0.001  0.000   18.299   12.976    0    0  (Gen:  0)
  1436480    376720 644378240  0.001  0.001   18.303   12.978    0    0  (Gen:  0)
  1447416    388416 644570064  0.002  0.001   18.306   12.979    0    0  (Gen:  0)
  1675648    436928 644807064  0.002  0.001   18.310   12.981    0    0  (Gen:  0)
  1464696    470528 645032664  0.002  0.001   18.314   12.982    0    0  (Gen:  0)
  1478240    434656 645229216  0.002  0.001   18.318   12.983    0    0  (Gen:  0)
  1658160    470688 645489200  0.002  0.001   18.322   12.985    0    0  (Gen:  0)
  1420144    455024 645679720  0.002  0.001   18.326   12.986    0    0  (Gen:  0)
  1665552    363744 645843496  0.001  0.001   18.329   12.987    0    0  (Gen:  0)
  1212360    364768 646033448  0.002  0.000   18.332   12.988    0    0  (Gen:  0)
  1300400    366056 646206440  0.001  0.001   18.335   12.990    0    0  (Gen:  0)
  1650944    373008 646398856  0.002  0.001   18.339   12.991    0    0  (Gen:  0)
  1661248    379152 646574736  0.002  0.000   18.342   12.992    0    0  (Gen:  0)
  1607728    437248 646825600  0.002  0.001   18.345   12.993    0    0  (Gen:  0)
  2080712    600056 647196080  0.003  0.001   18.350   12.995    0    0  (Gen:  0)
  1885616    665880 647544592  0.003  0.001   18.356   12.997    0    0  (Gen:  0)
  1863872    389328 647771480  0.002  0.001   18.359   12.998    0    0  (Gen:  0)
  1245496    375784 647956464  0.001  0.000   18.361   12.999    0    0  (Gen:  0)
  1043408    346776 648110456  0.001  0.000   18.364   13.000    0    0  (Gen:  0)
  1071768    335784 648314568  0.001  0.001   18.366   13.002    0    0  (Gen:  0)
  1042392    326080 648463032  0.001  0.000   18.369   13.003    0    0  (Gen:  0)
  1043448    315552 648616136  0.001  0.000   18.371   13.004    0    0  (Gen:  0)
  1041888    321648 648778712  0.001  0.000   18.373   13.005    0    0  (Gen:  0)
  1042744    334696 648944880  0.001  0.000   18.375   13.006    0    0  (Gen:  0)
  1041720    322544 649094216  0.001  0.000   18.377   13.007    0    0  (Gen:  0)
  1073280    335120 649308456  0.001  0.000   18.379   13.008    0    0  (Gen:  0)
  1042600    340416 649461216  0.001  0.000   18.382   13.009    0    0  (Gen:  0)
  1042176    333216 649632256  0.001  0.001   18.384   13.010    0    0  (Gen:  0)
  1043632    323408 649779984  0.001  0.000   18.387   13.011    0    0  (Gen:  0)
  1042656    321936 649941784  0.001  0.000   18.388   13.012    0    0  (Gen:  0)
  1041336    332968 650108160  0.001  0.001   18.391   13.014    0    0  (Gen:  0)
  1042264    338064 650276952  0.001  0.000   18.393   13.015    0    0  (Gen:  0)
  1041936    321008 650420664  0.001  0.000   18.396   13.016    0    0  (Gen:  0)
  1042528    318536 650587656  0.001  0.000   18.398   13.017    0    0  (Gen:  0)
  1042752    339184 650753264  0.001  0.000   18.400   13.018    0    0  (Gen:  0)
  1041408    324544 650904616  0.001  0.000   18.402   13.019    0    0  (Gen:  0)
  1042616    337960 651086208  0.001  0.000   18.404   13.020    0    0  (Gen:  0)
  1042664    338872 651237296  0.001  0.000   18.406   13.021    0    0  (Gen:  0)
  1041744    322720 651399384  0.001  0.001   18.409   13.022    0    0  (Gen:  0)
  1042248    344112 651577088  0.001  0.000   18.411   13.023    0    0  (Gen:  0)
  1042968    331760 651721872  0.001  0.000   18.413   13.024    0    0  (Gen:  0)
  1042072    324808 651891296  0.001  0.001   18.415   13.026    0    0  (Gen:  0)
  1042648    320720 652038560  0.001  0.000   18.418   13.027    0    0  (Gen:  0)
  1042632    326168 652205392  0.001  0.000   18.420   13.028    0    0  (Gen:  0)
  1042032    326800 652360888  0.001  0.000   18.422   13.029    0    0  (Gen:  0)
  1043216    334224 652535032  0.001  0.000   18.424   13.030    0    0  (Gen:  0)
  1041800    320448 652675264  0.001  0.000   18.426   13.031    0    0  (Gen:  0)
  1072584    325888 652888896  0.001  0.000   18.428   13.032    0    0  (Gen:  0)
  1043104    350800 653054896  0.001  0.000   18.430   13.033    0    0  (Gen:  0)
  1041184    321128 653202584  0.001  0.001   18.433   13.034    0    0  (Gen:  0)
  1042328    335056 653384112  0.001  0.000   18.435   13.035    0    0  (Gen:  0)
  1042840    337720 653533192  0.001  0.000   18.437   13.036    0    0  (Gen:  0)
  1041952    328488 653702184  0.001  0.001   18.440   13.037    0    0  (Gen:  0)
  1073648    330592 653891912  0.001  0.000   18.442   13.038    0    0  (Gen:  0)
  1042600    330880 654055168  0.001  0.000   18.444   13.039    0    0  (Gen:  0)
  1041520    341928 654228824  0.001  0.001   18.446   13.041    0    0  (Gen:  0)
  1043200    324248 654374664  0.001  0.000   18.449   13.042    0    0  (Gen:  0)
  1042664    324240 654539040  0.001  0.000   18.451   13.043    0    0  (Gen:  0)
  1041192    337432 654706296  0.002  0.001   18.453   13.044    0    0  (Gen:  0)
  1042496    330648 654865064  0.001  0.000   18.456   13.045    0    0  (Gen:  0)
  1043160    321808 655017296  0.001  0.000   18.458   13.046    0    0  (Gen:  0)
  1042360    322384 655179920  0.001  0.000   18.460   13.047    0    0  (Gen:  0)
  1042872    329928 655343104  0.001  0.000   18.462   13.048    0    0  (Gen:  0)
  1041632    325648 655498768  0.001  0.000   18.464   13.049    0    0  (Gen:  0)
  1042344    329712 655669560  0.001  0.000   18.466   13.050    0    0  (Gen:  0)
  1042872    340912 655832776  0.001  0.000   18.468   13.051    0    0  (Gen:  0)
  1041360    312144 655973512  0.001  0.000   18.471   13.052    0    0  (Gen:  0)
  1042536    328264 656156544  0.001  0.000   18.473   13.053    0    0  (Gen:  0)
  1043120    350008 656320168  0.001  0.000   18.475   13.054    0    0  (Gen:  0)
  1042784    318736 656466752  0.001  0.000   18.477   13.056    0    0  (Gen:  0)
  1042928    333880 656648480  0.001  0.000   18.479   13.057    0    0  (Gen:  0)
  1043304    351528 656813104  0.001  0.000   18.481   13.058    0    0  (Gen:  0)
  1042136    314544 656954512  0.001  0.001   18.484   13.059    0    0  (Gen:  0)
  1072448    329032 657168440  0.001  0.000   18.486   13.060    0    0  (Gen:  0)
  1043688    351312 657333088  0.001  0.000   18.488   13.061    0    0  (Gen:  0)
  1042528    312536 657472112  0.001  0.001   18.491   13.062    0    0  (Gen:  0)
  1042472    327224 657653712  0.001  0.000   18.493   13.063    0    0  (Gen:  0)
  1042536    350896 657817896  0.001  0.000   18.495   13.064    0    0  (Gen:  0)
  1041392    320920 657966120  0.001  0.001   18.498   13.066    0    0  (Gen:  0)
  1042712    336648 658147784  0.001  0.000   18.500   13.067    0    0  (Gen:  0)
  1042984    348240 658307472  0.001  0.001   18.502   13.068    0    0  (Gen:  0)
  1659632    334080 658470544  0.001  0.001   18.505   13.069    0    0  (Gen:  0)
  1089384    332344 658634088  0.001  0.000   18.507   13.070    0    0  (Gen:  0)
  1042576    352264 658797560  0.001  0.000   18.509   13.071    0    0  (Gen:  0)
  1072288    311784 658968768  0.001  0.001   18.512   13.073    0    0  (Gen:  0)
  1043320    327600 659150456  0.001  0.000   18.514   13.073    0    0  (Gen:  0)
  1042496    350792 659314080  0.001  0.000   18.516   13.075    0    0  (Gen:  0)
  1041952    315552 659456976  0.001  0.001   18.519   13.076    0    0  (Gen:  0)
  1042528    331424 659638496  0.001  0.000   18.521   13.077    0    0  (Gen:  0)
  1043536    350368 659802056  0.001  0.000   18.523   13.078    0    0  (Gen:  0)
  1042024    310432 659940192  0.001  0.000   18.526   13.079    0    0  (Gen:  0)
  1043144    325728 660121512  0.001  0.000   18.528   13.080    0    0  (Gen:  0)
  1042640    348312 660284680  0.001  0.000   18.530   13.081    0    0  (Gen:  0)
  1042144    323088 660437192  0.001  0.001   18.532   13.082    0    0  (Gen:  0)
  1041752    322912 660601968  0.001  0.000   18.534   13.083    0    0  (Gen:  0)
  1042312    333384 660763648  0.001  0.000   18.536   13.084    0    0  (Gen:  0)
  1042960    333096 660927784  0.001  0.000   18.538   13.085    0    0  (Gen:  0)
  1041456    328056 661087392  0.001  0.000   18.540   13.086    0    0  (Gen:  0)
  1042928    343152 661265792  0.001  0.000   18.542   13.087    0    0  (Gen:  0)
  1043128    337568 661417552  0.001  0.000   18.545   13.088    0    0  (Gen:  0)
  1042480    328712 661586040  0.001  0.001   18.547   13.090    0    0  (Gen:  0)
  1042712    331312 661745352  0.001  0.000   18.550   13.091    0    0  (Gen:  0)
  1042632    327992 661904072  0.001  0.000   18.552   13.092    0    0  (Gen:  0)
  1041672    339912 662078256  0.002  0.001   18.554   13.093    0    0  (Gen:  0)
  1042472    321584 662221504  0.001  0.000   18.557   13.094    0    0  (Gen:  0)
  1043200    326088 662391504  0.001  0.000   18.559   13.095    0    0  (Gen:  0)
  1041736    340536 662558896  0.001  0.001   18.561   13.096    0    0  (Gen:  0)
  1043248    352912 662740512  0.001  0.000   18.564   13.097    0    0  (Gen:  0)
  1042736    333384 662882432  0.001  0.001   18.566   13.098    0    0  (Gen:  0)
  1041496    307424 663034952  0.001  0.001   18.568   13.100    0    0  (Gen:  0)
  1042904    338248 663216368  0.001  0.000   18.571   13.101    0    0  (Gen:  0)
  1042912    350008 663378704  0.001  0.000   18.573   13.102    0    0  (Gen:  0)
  1042400    318752 663525320  0.001  0.001   18.575   13.103    0    0  (Gen:  0)
  1033528    293552 663664672  0.001  0.001   18.579   13.105    0    0  (Gen:  0)
  1037728    206512 663736392  0.001  0.000   18.582   13.107    0    0  (Gen:  0)
  1066792     68288 663795240  0.000  0.000   18.584   13.108    0    0  (Gen:  0)
  1040024    145760 663905104  0.001  0.000   18.586   13.109    0    0  (Gen:  0)
  1040584    138920 663993512  0.001  0.000   18.587   13.111    0    0  (Gen:  0)
  1041072    247504 664151944  0.001  0.001   18.589   13.112    0    0  (Gen:  0)
  1041016    321224 664309072  0.002  0.001   18.592   13.113    0    0  (Gen:  0)
  1040320    322216 664467528  0.002  0.001   18.595   13.114    0    0  (Gen:  0)
  1040504    322920 664626248  0.002  0.001   18.597   13.115    0    0  (Gen:  0)
  1038816    387376 664849336  0.002  0.001   18.601   13.117    0    0  (Gen:  0)
  1039264    409168 665028216  0.002  0.000   18.604   13.117    0    0  (Gen:  0)
  1041536    230208 665197096  0.001  0.000   18.605   13.118    0    0  (Gen:  0)
  1041296    345264 665365664  0.002  0.001   18.608   13.120    0    0  (Gen:  0)
  1041152    346416 665535640  0.002  0.001   18.611   13.121    0    0  (Gen:  0)
  1041728    345808 665705224  0.002  0.001   18.613   13.122    0    0  (Gen:  0)
  1041360    345840 665874336  0.002  0.001   18.616   13.123    0    0  (Gen:  0)
  1039976    726688 666413176  0.003  0.001   18.620   13.124    0    0  (Gen:  0)
  1036384    442848 666648488  0.002  0.001   18.623   13.126    0    0  (Gen:  0)
  1035496    292640 666843288  0.001  0.000   18.625   13.127    0    0  (Gen:  0)
  1034856    346248 667054536  0.001  0.000   18.627   13.128    0    0  (Gen:  0)
  1035784    453416 667373120  0.002  0.001   18.630   13.129    0    0  (Gen:  0)
  1034584    438480 667691568  0.002  0.001   18.633   13.131    0    0  (Gen:  0)
  1071480    411248 667978912  0.003  0.001   18.636   13.132    0    0  (Gen:  0)
  1037144    182328 668077472  0.001  0.000   18.638   13.134    0    0  (Gen:  0)
  1037944    183832 668190504  0.001  0.000   18.641   13.135    0    0  (Gen:  0)
  1037576    183664 668303080  0.001  0.000   18.643   13.136    0    0  (Gen:  0)
  1037720    184024 668416088  0.001  0.000   18.645   13.138    0    0  (Gen:  0)
  1037832    183704 668528656  0.001  0.000   18.647   13.139    0    0  (Gen:  0)
  1038000    184016 668641600  0.001  0.000   18.649   13.140    0    0  (Gen:  0)
  1037496    155760 668726336  0.001  0.000   18.651   13.142    0    0  (Gen:  0)
  1040496    406000 669076984  0.002  0.001   18.655   13.143    0    0  (Gen:  0)
  1040288    384056 669262912  0.001  0.000   18.657   13.145    0    0  (Gen:  0)
  1040192    270432 669420992  0.001  0.001   18.659   13.146    0    0  (Gen:  0)
  1040144    321920 669578872  0.002  0.001   18.662   13.147    0    0  (Gen:  0)
  1040504    322160 669735952  0.002  0.001   18.665   13.148    0    0  (Gen:  0)
  1040264    322496 669894304  0.002  0.001   18.667   13.149    0    0  (Gen:  0)
  1040784    330920 670060600  0.002  0.001   18.670   13.151    0    0  (Gen:  0)
  1041512    342856 670230416  0.002  0.001   18.673   13.152    0    0  (Gen:  0)
  1041664    344936 670399328  0.002  0.001   18.676   13.153    0    0  (Gen:  0)
  1040800    346104 670569376  0.002  0.001   18.679   13.154    0    0  (Gen:  0)
  1042040    345872 670738616  0.002  0.001   18.681   13.155    0    0  (Gen:  0)
  1042056    398592 670959672  0.002  0.001   18.684   13.156    0    0  (Gen:  0)
  1038984    664640 671431768  0.003  0.001   18.688   13.158    0    0  (Gen:  0)
  1034208    465696 671630736  0.002  0.001   18.691   13.159    0    0  (Gen:  0)
  1035880    328768 671825776  0.001  0.000   18.693   13.160    0    0  (Gen:  0)
  1035480    381320 672071856  0.001  0.000   18.695   13.161    0    0  (Gen:  0)
  1034912    445224 672390280  0.002  0.001   18.698   13.163    0    0  (Gen:  0)
  1035584    441088 672708584  0.002  0.001   18.701   13.164    0    0  (Gen:  0)
  1070288    354016 672935968  0.002  0.001   18.704   13.166    0    0  (Gen:  0)
  1037856    175576 673038496  0.001  0.000   18.706   13.167    0    0  (Gen:  0)
  1038472    184072 673151624  0.001  0.000   18.708   13.168    0    0  (Gen:  0)
  1038440    183960 673264240  0.001  0.000   18.710   13.170    0    0  (Gen:  0)
  1037816    184152 673377256  0.001  0.000   18.713   13.171    0    0  (Gen:  0)
  1037368    183800 673489872  0.001  0.000   18.715   13.172    0    0  (Gen:  0)
  1038200    183704 673602584  0.001  0.000   18.717   13.174    0    0  (Gen:  0)
  1036688    174856 673707376  0.001  0.000   18.719   13.175    0    0  (Gen:  0)
  1688008    413936 674083792  0.002  0.001   18.723   13.177    0    0  (Gen:  0)
  1138280    337424 674199768  0.002  0.001   18.727   13.180    0    0  (Gen:  0)
  1050024    503104 674649776  0.002  0.001   18.730   13.181    0    0  (Gen:  0)
  1036336    838616 675040808  0.003  0.001   18.734   13.183    0    0  (Gen:  0)
  1039608    650328 675405632  0.002  0.001   18.739   13.185    0    0  (Gen:  0)
  1072424    690256 675793112  0.003  0.001   18.743   13.187    0    0  (Gen:  0)
  1042392    651280 676110592  0.002  0.001   18.747   13.189    0    0  (Gen:  0)
  1042680    562992 676418848  0.002  0.001   18.751   13.190    0    0  (Gen:  0)
  1042944    580992 676758368  0.002  0.001   18.755   13.192    0    0  (Gen:  0)
  1043544    558088 677039384  0.002  0.001   18.759   13.194    0    0  (Gen:  0)
  1040592    478160 677267840  0.002  0.001   18.762   13.195    0    0  (Gen:  0)
  1040632    470880 677550760  0.002  0.001   18.766   13.197    0    0  (Gen:  0)
  1040520    472736 677803152  0.002  0.001   18.770   13.198    0    0  (Gen:  0)
  1040120    471912 678054184  0.002  0.001   18.772   13.200    0    0  (Gen:  0)
  1040776    469904 678304416  0.002  0.001   18.775   13.201    0    0  (Gen:  0)
  1040896    536904 678621952  0.002  0.001   18.779   13.202    0    0  (Gen:  0)
  1041184    637832 678997504  0.002  0.001   18.782   13.204    0    0  (Gen:  0)
  1039544    547120 679222416  0.002  0.001   18.786   13.206    0    0  (Gen:  0)
  1040256    365304 679378936  0.002  0.001   18.789   13.207    0    0  (Gen:  0)
  1038816    283136 679501992  0.001  0.000   18.791   13.208    0    0  (Gen:  0)
  1036224    234048 679609992  0.001  0.000   18.793   13.209    0    0  (Gen:  0)
  1036880    233168 679728208  0.001  0.000   18.795   13.209    0    0  (Gen:  0)
  1037488    223952 679829048  0.001  0.000   18.796   13.210    0    0  (Gen:  0)
  1037392    227672 679942160  0.001  0.000   18.798   13.211    0    0  (Gen:  0)
  1036024    220176 680056584  0.001  0.000   18.800   13.212    0    0  (Gen:  0)
  1035056    217096 680170608  0.001  0.000   18.801   13.213    0    0  (Gen:  0)
  1037816    218264 680284080  0.001  0.000   18.803   13.214    0    0  (Gen:  0)
  1034672    225088 680402040  0.001  0.000   18.804   13.214    0    0  (Gen:  0)
  1037080    228360 680519848  0.001  0.000   18.806   13.215    0    0  (Gen:  0)
  1035368    227600 680635912  0.001  0.000   18.807   13.216    0    0  (Gen:  0)
  1036600    226752 680751432  0.001  0.000   18.809   13.217    0    0  (Gen:  0)
  1036216    225008 680864232  0.001  0.000   18.810   13.218    0    0  (Gen:  0)
  1037320    230704 680983400  0.001  0.000   18.812   13.219    0    0  (Gen:  0)
  1036608    229824 681099240  0.001  0.000   18.814   13.219    0    0  (Gen:  0)
  1035888    226920 681214952  0.001  0.000   18.815   13.220    0    0  (Gen:  0)
  1035144    229016 681331608  0.001  0.000   18.817   13.221    0    0  (Gen:  0)
  1036416    227944 681446008  0.001  0.000   18.819   13.222    0    0  (Gen:  0)
  1036688    228640 681563264  0.001  0.000   18.821   13.223    0    0  (Gen:  0)
  1036552    232288 681680016  0.001  0.000   18.823   13.224    0    0  (Gen:  0)
  1034736    228056 681795000  0.001  0.000   18.824   13.224    0    0  (Gen:  0)
  1036104    235224 681915624  0.001  0.000   18.826   13.225    0    0  (Gen:  0)
  1037248    235744 682034656  0.001  0.000   18.827   13.226    0    0  (Gen:  0)
  1034896    240016 682156208  0.001  0.000   18.828   13.227    0    0  (Gen:  0)
  1036664    236624 682275152  0.001  0.000   18.830   13.228    0    0  (Gen:  0)
  1036504    240744 682397192  0.001  0.000   18.832   13.229    0    0  (Gen:  0)
  1034424    229920 682508488  0.001  0.000   18.833   13.230    0    0  (Gen:  0)
  1036048    236120 682629376  0.001  0.000   18.835   13.230    0    0  (Gen:  0)
  1035736    237008 682749208  0.001  0.000   18.836   13.231    0    0  (Gen:  0)
  1036128    235120 682868624  0.001  0.000   18.838   13.232    0    0  (Gen:  0)
  1035968    233648 682986432  0.001  0.000   18.840   13.233    0    0  (Gen:  0)
  1037848    238808 683108072  0.001  0.000   18.841   13.234    0    0  (Gen:  0)
  1035296    235168 683225376  0.001  0.000   18.843   13.235    0    0  (Gen:  0)
  1035952    234344 683342912  0.001  0.000   18.844   13.235    0    0  (Gen:  0)
  1034544    236016 683462864  0.001  0.000   18.846   13.236    0    0  (Gen:  0)
  1034912    235392 683581408  0.001  0.000   18.848   13.237    0    0  (Gen:  0)
  1036088    237040 683700560  0.001  0.000   18.849   13.238    0    0  (Gen:  0)
  1036464    235688 683819904  0.001  0.000   18.851   13.239    0    0  (Gen:  0)
  1035000    238152 683939000  0.001  0.000   18.852   13.240    0    0  (Gen:  0)
  1035520    238936 684059312  0.001  0.000   18.854   13.241    0    0  (Gen:  0)
  1033328    236144 684178472  0.001  0.000   18.856   13.241    0    0  (Gen:  0)
  1036688    238472 684297560  0.001  0.000   18.857   13.242    0    0  (Gen:  0)
  1036496    237024 684415584  0.001  0.000   18.859   13.243    0    0  (Gen:  0)
  1035552    234952 684532272  0.001  0.000   18.860   13.244    0    0  (Gen:  0)
  1034352    235920 684651056  0.001  0.000   18.862   13.245    0    0  (Gen:  0)
  1035368    238904 684771176  0.001  0.000   18.863   13.246    0    0  (Gen:  0)
  1035168    235488 684889840  0.001  0.000   18.865   13.246    0    0  (Gen:  0)
  1036072    236992 685008472  0.001  0.000   18.866   13.247    0    0  (Gen:  0)
  1036744    237608 685126968  0.001  0.000   18.868   13.248    0    0  (Gen:  0)
  1034864    236568 685244944  0.001  0.000   18.869   13.249    0    0  (Gen:  0)
  1034624    236400 685363128  0.001  0.000   18.871   13.250    0    0  (Gen:  0)
  1035704    236968 685482144  0.001  0.000   18.872   13.251    0    0  (Gen:  0)
  1034968    236408 685600600  0.001  0.000   18.874   13.252    0    0  (Gen:  0)
  1036456    238200 685720152  0.001  0.000   18.875   13.253    0    0  (Gen:  0)
  1035264    237680 685838520  0.001  0.000   18.877   13.253    0    0  (Gen:  0)
  1034376    238120 685959568  0.001  0.000   18.878   13.254    0    0  (Gen:  0)
  1034312    238368 686078680  0.001  0.000   18.880   13.255    0    0  (Gen:  0)
  1036136    238312 686197640  0.001  0.000   18.881   13.256    0    0  (Gen:  0)
  1036104    238080 686316560  0.001  0.000   18.883   13.257    0    0  (Gen:  0)
  1035552    235824 686432880  0.001  0.000   18.884   13.257    0    0  (Gen:  0)
  1036360    239648 686555280  0.001  0.000   18.886   13.258    0    0  (Gen:  0)
  1035312    239848 686674424  0.001  0.000   18.887   13.259    0    0  (Gen:  0)
  1037216    240536 686794672  0.001  0.000   18.889   13.260    0    0  (Gen:  0)
  1035728    240800 686914440  0.001  0.000   18.890   13.261    0    0  (Gen:  0)
  1035528    237816 687031920  0.001  0.000   18.892   13.262    0    0  (Gen:  0)
  1035328    227720 687141000  0.001  0.000   18.893   13.263    0    0  (Gen:  0)
  1035128    235056 687261080  0.001  0.000   18.895   13.264    0    0  (Gen:  0)
  1037824    236144 687379392  0.001  0.000   18.897   13.264    0    0  (Gen:  0)
  1036352    238096 687499608  0.001  0.000   18.899   13.265    0    0  (Gen:  0)
  1037144    234856 687616696  0.001  0.000   18.900   13.266    0    0  (Gen:  0)
  1035624    234848 687734344  0.001  0.000   18.902   13.267    0    0  (Gen:  0)
  1036568    236432 687854992  0.001  0.000   18.903   13.268    0    0  (Gen:  0)
  1035376    236040 687972864  0.001  0.000   18.905   13.269    0    0  (Gen:  0)
  1036160    236280 688091544  0.001  0.000   18.907   13.270    0    0  (Gen:  0)
  1036488    236464 688209632  0.001  0.000   18.908   13.271    0    0  (Gen:  0)
  1035496    234528 688326288  0.001  0.000   18.910   13.271    0    0  (Gen:  0)
  1036888    234736 688446832  0.001  0.000   18.911   13.272    0    0  (Gen:  0)
  1036200    237720 688565736  0.001  0.000   18.913   13.273    0    0  (Gen:  0)
  1034624    237384 688683984  0.001  0.000   18.915   13.274    0    0  (Gen:  0)
  1035720    236624 688802648  0.001  0.000   18.916   13.275    0    0  (Gen:  0)
  1034600    237312 688921360  0.001  0.000   18.918   13.276    0    0  (Gen:  0)
  1037424    238056 689041008  0.001  0.000   18.920   13.277    0    0  (Gen:  0)
  1036616    237840 689159880  0.001  0.000   18.921   13.278    0    0  (Gen:  0)
  1036136    237328 689278136  0.001  0.000   18.923   13.279    0    0  (Gen:  0)
  1037528    236728 689396584  0.001  0.000   18.925   13.279    0    0  (Gen:  0)
  1036952    235896 689512896  0.001  0.000   18.926   13.280    0    0  (Gen:  0)
  1035552    237560 689633136  0.001  0.000   18.928   13.281    0    0  (Gen:  0)
  1682112    237232 689750320  0.001  0.000   18.930   13.282    0    0  (Gen:  0)
  1040480    236488 689869464  0.001  0.000   18.931   13.283    0    0  (Gen:  0)
  1037344    236632 689987504  0.001  0.000   18.932   13.284    0    0  (Gen:  0)
  1034392    236160 690105344  0.001  0.000   18.934   13.285    0    0  (Gen:  0)
  1034952    236848 690224096  0.001  0.000   18.936   13.286    0    0  (Gen:  0)
  1036168    237256 690343424  0.001  0.000   18.938   13.286    0    0  (Gen:  0)
  1036224    239696 690463496  0.001  0.000   18.939   13.287    0    0  (Gen:  0)
  1034392    239760 690582784  0.001  0.000   18.941   13.288    0    0  (Gen:  0)
  1036640    240080 690703128  0.001  0.000   18.942   13.289    0    0  (Gen:  0)
  1036240    238240 690821112  0.001  0.000   18.944   13.290    0    0  (Gen:  0)
  1036104    238920 690940952  0.001  0.000   18.945   13.291    0    0  (Gen:  0)
  1035448    238960 691060536  0.001  0.000   18.947   13.292    0    0  (Gen:  0)
  1034144    238592 691179848  0.001  0.000   18.948   13.293    0    0  (Gen:  0)
  1034200    239800 691300344  0.001  0.000   18.950   13.293    0    0  (Gen:  0)
  1036920    240040 691420088  0.001  0.000   18.951   13.294    0    0  (Gen:  0)
  1035920    238856 691538736  0.001  0.000   18.953   13.295    0    0  (Gen:  0)
  1034936    236968 691656504  0.001  0.000   18.954   13.296    0    0  (Gen:  0)
  1036032    239184 691777152  0.001  0.000   18.956   13.297    0    0  (Gen:  0)
  1036808    241016 691896264  0.001  0.000   18.958   13.298    0    0  (Gen:  0)
  1034472    239344 692015416  0.001  0.000   18.960   13.299    0    0  (Gen:  0)
  1035600    238920 692135160  0.001  0.000   18.961   13.300    0    0  (Gen:  0)
  1035904    240896 692256512  0.001  0.000   18.963   13.300    0    0  (Gen:  0)
  1034152    233480 692368664  0.001  0.000   18.964   13.301    0    0  (Gen:  0)
  1036280    232304 692485528  0.001  0.000   18.966   13.302    0    0  (Gen:  0)
  1035928    236760 692605152  0.001  0.000   18.967   13.303    0    0  (Gen:  0)
  1036904    239128 692724512  0.001  0.000   18.969   13.304    0    0  (Gen:  0)
  1036096    239664 692844776  0.001  0.000   18.970   13.305    0    0  (Gen:  0)
  1035640    239024 692963856  0.001  0.000   18.972   13.306    0    0  (Gen:  0)
  1036936    238216 693082696  0.001  0.000   18.974   13.307    0    0  (Gen:  0)
  1035464    238616 693201392  0.001  0.000   18.975   13.307    0    0  (Gen:  0)
  1035128    238104 693320424  0.001  0.000   18.977   13.308    0    0  (Gen:  0)
  1035184    236352 693437552  0.001  0.000   18.978   13.309    0    0  (Gen:  0)
  1035616    239760 693558048  0.001  0.000   18.980   13.310    0    0  (Gen:  0)
  1034632    240800 693677424  0.001  0.000   18.981   13.311    0    0  (Gen:  0)
  1034816    236816 693795144  0.001  0.000   18.983   13.312    0    0  (Gen:  0)
  1037208    237344 693914064  0.001  0.000   18.984   13.313    0    0  (Gen:  0)
  1034240    237456 694032120  0.001  0.000   18.986   13.314    0    0  (Gen:  0)
  1036688    235016 694148712  0.001  0.000   18.988   13.315    0    0  (Gen:  0)
  1035800    238200 694268816  0.001  0.000   18.989   13.316    0    0  (Gen:  0)
  1035048    240912 694387976  0.001  0.000   18.991   13.317    0    0  (Gen:  0)
  1034616    240008 694508360  0.001  0.000   18.993   13.318    0    0  (Gen:  0)
  1036536    239976 694628568  0.001  0.000   18.995   13.319    0    0  (Gen:  0)
  1037832    239624 694747312  0.001  0.000   18.996   13.319    0    0  (Gen:  0)
  1035216    238256 694866160  0.001  0.000   18.998   13.320    0    0  (Gen:  0)
  1034832    241312 694985304  0.001  0.000   19.000   13.321    0    0  (Gen:  0)
  1036240    240672 695105944  0.001  0.000   19.001   13.322    0    0  (Gen:  0)
  1036248    240488 695226024  0.001  0.000   19.003   13.323    0    0  (Gen:  0)
  1036312    237808 695342704  0.001  0.000   19.004   13.324    0    0  (Gen:  0)
  1036592    239152 695463232  0.001  0.000   19.006   13.325    0    0  (Gen:  0)
  1036720    241656 695583056  0.001  0.000   19.008   13.326    0    0  (Gen:  0)
  1035488    234392 695697608  0.001  0.000   19.009   13.327    0    0  (Gen:  0)
  1035928    234472 695816584  0.001  0.000   19.011   13.328    0    0  (Gen:  0)
  1036088    243048 695937160  0.001  0.000   19.013   13.329    0    0  (Gen:  0)
  1035256    240928 696057168  0.001  0.000   19.015   13.329    0    0  (Gen:  0)
  1035072    239136 696176176  0.001  0.000   19.016   13.330    0    0  (Gen:  0)
  1038384    237560 696294264  0.001  0.000   19.018   13.331    0    0  (Gen:  0)
  1036056    241104 696415080  0.001  0.000   19.020   13.332    0    0  (Gen:  0)
  1036592    241592 696534192  0.001  0.000   19.022   13.333    0    0  (Gen:  0)
  1035600    238896 696653008  0.001  0.000   19.023   13.334    0    0  (Gen:  0)
  1035320    238216 696771720  0.001  0.000   19.025   13.335    0    0  (Gen:  0)
  1036048    241176 696891376  0.001  0.000   19.026   13.336    0    0  (Gen:  0)
  1035536    240456 697011104  0.001  0.000   19.028   13.337    0    0  (Gen:  0)
  1034312    238704 697130048  0.001  0.000   19.029   13.338    0    0  (Gen:  0)
  1035160    238000 697248368  0.001  0.000   19.031   13.339    0    0  (Gen:  0)
  1035112    241776 697367968  0.001  0.000   19.033   13.340    0    0  (Gen:  0)
  1038528    236000 697484768  0.001  0.000   19.035   13.340    0    0  (Gen:  0)
  1036000    237416 697603240  0.001  0.000   19.037   13.341    0    0  (Gen:  0)
  1035960    242120 697723256  0.001  0.000   19.038   13.342    0    0  (Gen:  0)
  1035864    240480 697843760  0.001  0.000   19.040   13.343    0    0  (Gen:  0)
  1034984    238616 697961792  0.001  0.000   19.041   13.344    0    0  (Gen:  0)
  1035392    240136 698081192  0.001  0.000   19.043   13.345    0    0  (Gen:  0)
  1035152    240832 698200768  0.001  0.000   19.045   13.346    0    0  (Gen:  0)
  1035480    239640 698320592  0.001  0.000   19.046   13.347    0    0  (Gen:  0)
  1036088    238552 698439776  0.001  0.000   19.048   13.348    0    0  (Gen:  0)
  1034048    241168 698557984  0.001  0.000   19.050   13.349    0    0  (Gen:  0)
  1035744    236848 698675304  0.001  0.000   19.051   13.349    0    0  (Gen:  0)
  1035032    239936 698796080  0.001  0.000   19.053   13.350    0    0  (Gen:  0)
  1035248    242080 698914992  0.001  0.000   19.054   13.351    0    0  (Gen:  0)
  1036616    236824 699032288  0.001  0.000   19.055   13.352    0    0  (Gen:  0)
  1035400    240368 699152520  0.001  0.000   19.057   13.353    0    0  (Gen:  0)
  1036752    241512 699272184  0.001  0.000   19.059   13.354    0    0  (Gen:  0)
  1035968    237888 699390160  0.001  0.000   19.060   13.354    0    0  (Gen:  0)
  1037088    233224 699502888  0.001  0.000   19.062   13.355    0    0  (Gen:  0)
  1035080    232000 699621120  0.001  0.000   19.064   13.356    0    0  (Gen:  0)
  1035264    229616 699728912  0.001  0.000   19.065   13.357    0    0  (Gen:  0)
  1034800    231128 699846072  0.001  0.000   19.067   13.358    0    0  (Gen:  0)
  1034792    233136 699963352  0.001  0.000   19.069   13.359    0    0  (Gen:  0)
  1035152    232080 700081456  0.001  0.000   19.070   13.360    0    0  (Gen:  0)
  1035312    234936 700198520  0.001  0.000   19.072   13.361    0    0  (Gen:  0)
  1035616    237352 700320584  0.001  0.000   19.074   13.362    0    0  (Gen:  0)
  1034272    239016 700440672  0.001  0.000   19.075   13.363    0    0  (Gen:  0)
  1036064    239512 700560320  0.001  0.000   19.077   13.364    0    0  (Gen:  0)
  1036584    237032 700679552  0.001  0.000   19.079   13.365    0    0  (Gen:  0)
  1034696    238296 700799200  0.001  0.000   19.080   13.366    0    0  (Gen:  0)
  1035872    237408 700919400  0.001  0.000   19.082   13.367    0    0  (Gen:  0)
  1035688    239736 701039352  0.001  0.000   19.083   13.368    0    0  (Gen:  0)
  1035224    239880 701159208  0.001  0.000   19.086   13.369    0    0  (Gen:  0)
  1036752    237760 701278272  0.001  0.000   19.087   13.370    0    0  (Gen:  0)
  1035248    236368 701395952  0.001  0.000   19.089   13.371    0    0  (Gen:  0)
  1037152    239408 701517240  0.001  0.000   19.091   13.372    0    0  (Gen:  0)
  1037504    237008 701635904  0.001  0.000   19.093   13.373    0    0  (Gen:  0)
  1035704    238032 701755176  0.001  0.000   19.095   13.373    0    0  (Gen:  0)
  1035056    237800 701874128  0.001  0.000   19.096   13.374    0    0  (Gen:  0)
  1037928    235920 701991448  0.001  0.000   19.098   13.375    0    0  (Gen:  0)
  1035936    239656 702111664  0.001  0.000   19.100   13.376    0    0  (Gen:  0)
  1035912    237416 702230256  0.001  0.000   19.102   13.377    0    0  (Gen:  0)
  1037312    239592 702350528  0.001  0.000   19.103   13.378    0    0  (Gen:  0)
  1036800    239784 702470528  0.001  0.000   19.105   13.379    0    0  (Gen:  0)
  1035704    238848 702589696  0.001  0.000   19.107   13.380    0    0  (Gen:  0)
  1034600    238784 702709240  0.001  0.000   19.108   13.381    0    0  (Gen:  0)
  1034392    238488 702828496  0.001  0.000   19.110   13.382    0    0  (Gen:  0)
  1036744    238640 702948264  0.001  0.000   19.111   13.383    0    0  (Gen:  0)
  1033632    239016 703067480  0.001  0.000   19.113   13.384    0    0  (Gen:  0)
  1035648    237888 703186544  0.001  0.000   19.115   13.385    0    0  (Gen:  0)
  1681000    238336 703306088  0.001  0.000   19.117   13.386    0    0  (Gen:  0)
  1040208    236528 703423016  0.001  0.000   19.119   13.387    0    0  (Gen:  0)
  1034856    238952 703543928  0.001  0.000   19.120   13.388    0    0  (Gen:  0)
  1036072    240880 703663968  0.001  0.000   19.122   13.389    0    0  (Gen:  0)
  1035184    240952 703783704  0.001  0.000   19.124   13.390    0    0  (Gen:  0)
  1035176    240704 703904600  0.001  0.000   19.125   13.390    0    0  (Gen:  0)
  1036512    241432 704025008  0.001  0.000   19.127   13.391    0    0  (Gen:  0)
  1035960    239160 704143456  0.001  0.000   19.128   13.392    0    0  (Gen:  0)
  1034960    238736 704262472  0.001  0.000   19.130   13.393    0    0  (Gen:  0)
  1036296    238952 704382680  0.001  0.000   19.131   13.394    0    0  (Gen:  0)
  1034968    240144 704503040  0.001  0.000   19.133   13.395    0    0  (Gen:  0)
  1034736    238696 704621272  0.001  0.000   19.135   13.396    0    0  (Gen:  0)
  1036560    239816 704740640  0.001  0.000   19.136   13.397    0    0  (Gen:  0)
  1035704    239384 704859520  0.001  0.000   19.138   13.398    0    0  (Gen:  0)
  1037304    233640 704973384  0.001  0.000   19.139   13.398    0    0  (Gen:  0)
  1037352    234288 705093536  0.001  0.000   19.141   13.399    0    0  (Gen:  0)
  1036864    237896 705211536  0.001  0.000   19.143   13.400    0    0  (Gen:  0)
  1035232    239464 705331256  0.001  0.000   19.144   13.401    0    0  (Gen:  0)
  1035792    239600 705450352  0.001  0.000   19.146   13.402    0    0  (Gen:  0)
  1035976    238600 705568808  0.001  0.000   19.147   13.403    0    0  (Gen:  0)
  1036184    238168 705688832  0.001  0.000   19.149   13.404    0    0  (Gen:  0)
  1036432    239688 705808040  0.001  0.000   19.151   13.405    0    0  (Gen:  0)
  1036376    238944 705927336  0.001  0.000   19.152   13.406    0    0  (Gen:  0)
  1034640    238496 706046736  0.001  0.000   19.154   13.407    0    0  (Gen:  0)
  1036104    238128 706165520  0.001  0.000   19.155   13.408    0    0  (Gen:  0)
  1035024    238640 706285648  0.001  0.000   19.157   13.409    0    0  (Gen:  0)
  1037216    237896 706403704  0.001  0.000   19.159   13.410    0    0  (Gen:  0)
  1036208    240232 706522504  0.001  0.000   19.160   13.411    0    0  (Gen:  0)
  1035728    237848 706640128  0.001  0.000   19.162   13.412    0    0  (Gen:  0)
  1035480    237320 706759072  0.001  0.000   19.164   13.413    0    0  (Gen:  0)
  1035616    238200 706878448  0.001  0.000   19.166   13.414    0    0  (Gen:  0)
  1036544    237808 706996824  0.001  0.000   19.167   13.414    0    0  (Gen:  0)
  1037232    238888 707117280  0.001  0.000   19.169   13.415    0    0  (Gen:  0)
  1035536    243048 707237680  0.001  0.000   19.171   13.416    0    0  (Gen:  0)
  1037600    238568 707355752  0.001  0.000   19.172   13.417    0    0  (Gen:  0)
  1036904    238200 707474792  0.001  0.000   19.174   13.418    0    0  (Gen:  0)
  1037320    237024 707593168  0.001  0.000   19.175   13.419    0    0  (Gen:  0)
  1036272    240264 707714136  0.001  0.000   19.177   13.420    0    0  (Gen:  0)
  1036304    244496 707835968  0.001  0.000   19.179   13.421    0    0  (Gen:  0)
  1035976    241016 707954832  0.001  0.000   19.180   13.422    0    0  (Gen:  0)
  1035960    240232 708075936  0.001  0.000   19.182   13.423    0    0  (Gen:  0)
  1035408    238688 708193880  0.001  0.000   19.184   13.424    0    0  (Gen:  0)
  1037272    238864 708311368  0.001  0.000   19.185   13.425    0    0  (Gen:  0)
  1036880    239600 708431800  0.001  0.000   19.187   13.425    0    0  (Gen:  0)
  1036488    239512 708550912  0.001  0.000   19.188   13.426    0    0  (Gen:  0)
  1036328    240264 708671312  0.001  0.000   19.190   13.427    0    0  (Gen:  0)
  1036328    243600 708792536  0.001  0.000   19.192   13.428    0    0  (Gen:  0)
  1035360    240280 708911464  0.001  0.000   19.193   13.429    0    0  (Gen:  0)
  1036264    239000 709030992  0.001  0.000   19.195   13.430    0    0  (Gen:  0)
  1034584    238216 709149464  0.001  0.000   19.197   13.431    0    0  (Gen:  0)
  1036544    243200 709270520  0.001  0.000   19.198   13.432    0    0  (Gen:  0)
  1036472    239416 709388912  0.001  0.000   19.200   13.433    0    0  (Gen:  0)
  1037376    239408 709509440  0.001  0.000   19.201   13.434    0    0  (Gen:  0)
  1035456    239840 709628568  0.001  0.000   19.203   13.435    0    0  (Gen:  0)
  1035832    241400 709747816  0.001  0.000   19.205   13.436    0    0  (Gen:  0)
  1037328    240376 709868048  0.001  0.000   19.206   13.436    0    0  (Gen:  0)
  1036760    237408 709985544  0.001  0.000   19.208   13.437    0    0  (Gen:  0)
  1035616    241408 710105072  0.001  0.000   19.210   13.438    0    0  (Gen:  0)
  1036832    239752 710224576  0.001  0.000   19.211   13.439    0    0  (Gen:  0)
  1036592    238472 710343912  0.001  0.000   19.213   13.440    0    0  (Gen:  0)
  1035064    243576 710465344  0.001  0.000   19.214   13.441    0    0  (Gen:  0)
  1035680    240496 710583976  0.001  0.000   19.216   13.442    0    0  (Gen:  0)
  1037392    238128 710702520  0.001  0.000   19.218   13.443    0    0  (Gen:  0)
  1035152    240192 710823840  0.001  0.000   19.220   13.444    0    0  (Gen:  0)
  1034936    242608 710943128  0.001  0.000   19.221   13.445    0    0  (Gen:  0)
  1038032    240208 711063336  0.001  0.000   19.222   13.445    0    0  (Gen:  0)
  1036072    239744 711182888  0.001  0.000   19.225   13.447    0    0  (Gen:  0)
  1035504    241672 711301416  0.001  0.000   19.226   13.447    0    0  (Gen:  0)
  1034928    239896 711421768  0.001  0.000   19.228   13.448    0    0  (Gen:  0)
  1035472    239736 711541544  0.001  0.000   19.230   13.449    0    0  (Gen:  0)
  1035632    242832 711660984  0.001  0.000   19.231   13.450    0    0  (Gen:  0)
  1037016    238464 711779040  0.001  0.000   19.233   13.451    0    0  (Gen:  0)
  1036328    240880 711900936  0.001  0.000   19.235   13.452    0    0  (Gen:  0)
  1036840    242928 712020360  0.001  0.000   19.236   13.453    0    0  (Gen:  0)
  1036232    231720 712131904  0.001  0.000   19.238   13.454    0    0  (Gen:  0)
  1039072    230192 712245472  0.001  0.000   19.239   13.455    0    0  (Gen:  0)
  1034704    232696 712364512  0.001  0.000   19.241   13.456    0    0  (Gen:  0)
  1035552    241952 712484264  0.001  0.000   19.243   13.457    0    0  (Gen:  0)
  1035456    240232 712604392  0.001  0.000   19.245   13.458    0    0  (Gen:  0)
  1036472    238600 712722824  0.001  0.000   19.247   13.459    0    0  (Gen:  0)
  1035608    236664 712841216  0.001  0.000   19.248   13.460    0    0  (Gen:  0)
  1036128    237224 712960384  0.001  0.000   19.250   13.461    0    0  (Gen:  0)
  1036584    237784 713078848  0.001  0.000   19.252   13.462    0    0  (Gen:  0)
  1036408    241112 713198576  0.001  0.000   19.253   13.463    0    0  (Gen:  0)
  1036944    241120 713318512  0.001  0.000   19.255   13.463    0    0  (Gen:  0)
  1035448    238808 713437296  0.001  0.000   19.257   13.464    0    0  (Gen:  0)
  1036768    238536 713556936  0.001  0.000   19.258   13.465    0    0  (Gen:  0)
  1035184    237720 713675296  0.001  0.000   19.260   13.466    0    0  (Gen:  0)
  1036736    240056 713794200  0.001  0.000   19.261   13.467    0    0  (Gen:  0)
  1036152    237808 713911584  0.001  0.000   19.263   13.468    0    0  (Gen:  0)
  1035768    237536 714031120  0.001  0.000   19.265   13.469    0    0  (Gen:  0)
  1035120    238072 714149880  0.001  0.000   19.267   13.470    0    0  (Gen:  0)
  1038088    240784 714268584  0.001  0.000   19.269   13.471    0    0  (Gen:  0)
  1035544    238760 714387752  0.001  0.000   19.270   13.472    0    0  (Gen:  0)
  1036136    239256 714507424  0.001  0.000   19.272   13.473    0    0  (Gen:  0)
  1034192    237808 714625800  0.001  0.000   19.274   13.474    0    0  (Gen:  0)
  1034680    241112 714745088  0.001  0.000   19.275   13.475    0    0  (Gen:  0)
  1036736    238488 714863048  0.001  0.000   19.277   13.476    0    0  (Gen:  0)
  1035928    240184 714984120  0.001  0.000   19.279   13.477    0    0  (Gen:  0)
  1036128    239808 715103272  0.001  0.000   19.280   13.478    0    0  (Gen:  0)
  1035408    243760 715224112  0.001  0.000   19.282   13.479    0    0  (Gen:  0)
  1036072    241496 715344992  0.001  0.000   19.284   13.479    0    0  (Gen:  0)
  1034560    239320 715463464  0.001  0.000   19.285   13.480    0    0  (Gen:  0)
  1035624    241704 715583736  0.001  0.000   19.287   13.481    0    0  (Gen:  0)
  1036744    241152 715703264  0.001  0.000   19.289   13.482    0    0  (Gen:  0)
  1037248    238392 715822256  0.001  0.000   19.290   13.483    0    0  (Gen:  0)
  1036256    239416 715940032  0.001  0.000   19.292   13.484    0    0  (Gen:  0)
  1036064    240488 716060440  0.001  0.000   19.294   13.485    0    0  (Gen:  0)
  1036608    239464 716179488  0.001  0.000   19.296   13.486    0    0  (Gen:  0)
  1035704    240976 716299904  0.001  0.000   19.298   13.487    0    0  (Gen:  0)
  1035560    241776 716419264  0.001  0.000   19.299   13.488    0    0  (Gen:  0)
  1034800    240176 716540064  0.001  0.000   19.301   13.489    0    0  (Gen:  0)
  1034080    239384 716659024  0.001  0.000   19.303   13.490    0    0  (Gen:  0)
  1035424    242560 716778744  0.001  0.000   19.304   13.491    0    0  (Gen:  0)
  1036672    240000 716898736  0.001  0.000   19.306   13.492    0    0  (Gen:  0)
  1679664    239160 717018216  0.001  0.000   19.308   13.493    0    0  (Gen:  0)
  1039312    242080 717137168  0.001  0.000   19.309   13.494    0    0  (Gen:  0)
  1034584    240232 717257632  0.001  0.000   19.311   13.495    0    0  (Gen:  0)
  1034104    239832 717376952  0.001  0.000   19.313   13.496    0    0  (Gen:  0)
  1035496    241856 717495872  0.001  0.000   19.314   13.497    0    0  (Gen:  0)
  1034952    240112 717616056  0.001  0.000   19.316   13.498    0    0  (Gen:  0)
  1036056    238424 717734600  0.001  0.000   19.318   13.499    0    0  (Gen:  0)
  1035592    239512 717852288  0.001  0.000   19.320   13.500    0    0  (Gen:  0)
  1036128    238960 717973224  0.001  0.000   19.321   13.501    0    0  (Gen:  0)
  1035536    239424 718092120  0.001  0.000   19.324   13.502    0    0  (Gen:  0)
  1035288    243128 718212464  0.001  0.000   19.325   13.503    0    0  (Gen:  0)
  1035656    239128 718331248  0.001  0.000   19.327   13.503    0    0  (Gen:  0)
  1034656    241840 718452528  0.001  0.000   19.328   13.504    0    0  (Gen:  0)
  1034360    241184 718571016  0.001  0.000   19.330   13.505    0    0  (Gen:  0)
  1035592    238304 718690048  0.001  0.000   19.332   13.506    0    0  (Gen:  0)
  1036048    241872 718810088  0.001  0.000   19.333   13.507    0    0  (Gen:  0)
  1036472    240968 718930264  0.001  0.000   19.335   13.508    0    0  (Gen:  0)
  1034848    239080 719049120  0.001  0.000   19.337   13.509    0    0  (Gen:  0)
  1035944    242584 719168920  0.001  0.000   19.338   13.510    0    0  (Gen:  0)
  1037080    238704 719287904  0.001  0.000   19.340   13.511    0    0  (Gen:  0)
  1035352    241872 719409368  0.001  0.000   19.341   13.512    0    0  (Gen:  0)
  1035512    242000 719528784  0.001  0.000   19.343   13.513    0    0  (Gen:  0)
  1035400    239616 719647880  0.001  0.000   19.345   13.514    0    0  (Gen:  0)
  1035704    241888 719766944  0.001  0.000   19.346   13.515    0    0  (Gen:  0)
  1035944    238072 719885040  0.001  0.000   19.348   13.515    0    0  (Gen:  0)
  1036552    237128 720003576  0.001  0.000   19.350   13.516    0    0  (Gen:  0)
  1036080    236064 720118408  0.001  0.000   19.351   13.517    0    0  (Gen:  0)
  1035216    233616 720234408  0.001  0.000   19.353   13.518    0    0  (Gen:  0)
  1035072    239152 720355000  0.001  0.000   19.354   13.519    0    0  (Gen:  0)
  1034368    239328 720473624  0.001  0.000   19.356   13.520    0    0  (Gen:  0)
  1033896    241320 720592520  0.001  0.000   19.358   13.521    0    0  (Gen:  0)
  1035712    238848 720712120  0.001  0.000   19.359   13.522    0    0  (Gen:  0)
  1034464    238168 720830920  0.001  0.000   19.361   13.523    0    0  (Gen:  0)
  1035264    241840 720949968  0.001  0.000   19.363   13.524    0    0  (Gen:  0)
  1035808    238248 721069168  0.001  0.000   19.364   13.525    0    0  (Gen:  0)
  1034616    239072 721188984  0.001  0.000   19.367   13.526    0    0  (Gen:  0)
  1033928    240488 721306424  0.001  0.000   19.368   13.527    0    0  (Gen:  0)
  1036808    238368 721426840  0.001  0.000   19.370   13.528    0    0  (Gen:  0)
  1035928    242632 721546240  0.001  0.000   19.372   13.529    0    0  (Gen:  0)
  1036024    241080 721666736  0.001  0.000   19.373   13.530    0    0  (Gen:  0)
  1036040    239208 721785352  0.001  0.000   19.375   13.531    0    0  (Gen:  0)
  1035176    241376 721904408  0.001  0.000   19.377   13.532    0    0  (Gen:  0)
  1036984    239936 722025128  0.001  0.000   19.378   13.532    0    0  (Gen:  0)
  1036160    239864 722144608  0.001  0.000   19.381   13.533    0    0  (Gen:  0)
  1035376    241640 722263024  0.001  0.000   19.382   13.534    0    0  (Gen:  0)
  1037288    238528 722382440  0.001  0.000   19.384   13.535    0    0  (Gen:  0)
  1034336    242936 722502032  0.001  0.000   19.386   13.536    0    0  (Gen:  0)
  1035256    238144 722620912  0.001  0.000   19.387   13.537    0    0  (Gen:  0)
  1035936    243624 722743192  0.001  0.000   19.389   13.538    0    0  (Gen:  0)
  1035360    242336 722862664  0.001  0.000   19.390   13.539    0    0  (Gen:  0)
  1036464    239640 722981912  0.001  0.000   19.392   13.540    0    0  (Gen:  0)
  1036024    243160 723101872  0.001  0.000   19.394   13.541    0    0  (Gen:  0)
  1033936    239488 723221448  0.001  0.000   19.395   13.542    0    0  (Gen:  0)
  1034744    241864 723341360  0.001  0.000   19.397   13.543    0    0  (Gen:  0)
  1036344    241040 723461016  0.001  0.000   19.398   13.544    0    0  (Gen:  0)
  1034624    239768 723581104  0.001  0.000   19.400   13.545    0    0  (Gen:  0)
  1036192    243944 723701072  0.001  0.000   19.402   13.545    0    0  (Gen:  0)
  1034632    240552 723820656  0.001  0.000   19.404   13.546    0    0  (Gen:  0)
  1035672    242368 723939712  0.001  0.000   19.405   13.547    0    0  (Gen:  0)
  1036472    239920 724059808  0.001  0.000   19.407   13.548    0    0  (Gen:  0)
  1037376    241928 724179408  0.001  0.000   19.409   13.549    0    0  (Gen:  0)
  1034816    241696 724298816  0.001  0.000   19.410   13.550    0    0  (Gen:  0)
  1034896    238912 724418600  0.001  0.000   19.412   13.551    0    0  (Gen:  0)
  1035992    242944 724537568  0.001  0.000   19.413   13.552    0    0  (Gen:  0)
  1035400    236104 724653704  0.001  0.000   19.415   13.553    0    0  (Gen:  0)
  1036496    236696 724769824  0.001  0.000   19.416   13.554    0    0  (Gen:  0)
  1036048    235504 724888744  0.001  0.000   19.419   13.555    0    0  (Gen:  0)
  1034904    243552 725009456  0.001  0.000   19.420   13.556    0    0  (Gen:  0)
  1034952    239896 725128648  0.001  0.000   19.422   13.557    0    0  (Gen:  0)
  1036232    242136 725247960  0.001  0.000   19.424   13.558    0    0  (Gen:  0)
  1035744    239368 725367384  0.001  0.000   19.425   13.559    0    0  (Gen:  0)
  1036040    242656 725487744  0.001  0.000   19.427   13.560    0    0  (Gen:  0)
  1035560    241136 725607616  0.001  0.000   19.429   13.560    0    0  (Gen:  0)
  1035288    239360 725727224  0.001  0.000   19.431   13.562    0    0  (Gen:  0)
  1034416    242800 725846224  0.001  0.000   19.432   13.562    0    0  (Gen:  0)
  1036120    238200 725964992  0.001  0.000   19.435   13.564    0    0  (Gen:  0)
  1037256    242744 726084952  0.001  0.000   19.436   13.564    0    0  (Gen:  0)
  1034752    239464 726204240  0.001  0.000   19.438   13.565    0    0  (Gen:  0)
  1036896    241512 726322728  0.001  0.000   19.440   13.566    0    0  (Gen:  0)
  1036688    238952 726442248  0.001  0.000   19.442   13.567    0    0  (Gen:  0)
  1034752    242600 726561944  0.001  0.000   19.444   13.568    0    0  (Gen:  0)
  1036472    238984 726681168  0.001  0.000   19.445   13.569    0    0  (Gen:  0)
  1035432    241448 726801224  0.001  0.000   19.447   13.570    0    0  (Gen:  0)
  1035952    241624 726920584  0.001  0.000   19.449   13.571    0    0  (Gen:  0)
  1035968    239424 727040856  0.001  0.000   19.451   13.572    0    0  (Gen:  0)
  1034272    243136 727159624  0.001  0.000   19.452   13.573    0    0  (Gen:  0)
  1035808    238616 727278880  0.001  0.000   19.454   13.574    0    0  (Gen:  0)
  1037944    240504 727396048  0.001  0.000   19.455   13.575    0    0  (Gen:  0)
  1035960    238008 727515904  0.001  0.000   19.457   13.576    0    0  (Gen:  0)
  1035960    243480 727635640  0.001  0.000   19.459   13.577    0    0  (Gen:  0)
  1034784    239024 727754576  0.001  0.000   19.461   13.578    0    0  (Gen:  0)
  1036720    244080 727875720  0.001  0.000   19.462   13.579    0    0  (Gen:  0)
  1034496    239752 727994528  0.001  0.000   19.464   13.580    0    0  (Gen:  0)
  1036920    243384 728115056  0.001  0.000   19.466   13.581    0    0  (Gen:  0)
  1035120    239720 728233872  0.001  0.000   19.467   13.582    0    0  (Gen:  0)
  1034640    243160 728353960  0.001  0.000   19.469   13.582    0    0  (Gen:  0)
  1035040    239952 728473744  0.001  0.000   19.471   13.583    0    0  (Gen:  0)
  1035448    242056 728592232  0.001  0.000   19.473   13.584    0    0  (Gen:  0)
  1035120    239712 728712608  0.001  0.000   19.475   13.585    0    0  (Gen:  0)
  1036760    241992 728830992  0.001  0.000   19.476   13.586    0    0  (Gen:  0)
  1034456    239160 728950528  0.001  0.000   19.479   13.588    0    0  (Gen:  0)
  1035376    242400 729069904  0.001  0.000   19.480   13.588    0    0  (Gen:  0)
  1035816    239632 729189416  0.001  0.000   19.482   13.589    0    0  (Gen:  0)
  1035472    242304 729308056  0.001  0.000   19.484   13.590    0    0  (Gen:  0)
  1036432    239888 729428416  0.001  0.000   19.486   13.591    0    0  (Gen:  0)
  1036480    242656 729547400  0.001  0.000   19.487   13.592    0    0  (Gen:  0)
  1035680    240392 729667408  0.001  0.000   19.489   13.593    0    0  (Gen:  0)
  1035840    244072 729787472  0.001  0.000   19.491   13.594    0    0  (Gen:  0)
  1034680    239648 729906280  0.001  0.000   19.492   13.595    0    0  (Gen:  0)
  1683720    267648 730050840  0.001  0.000   19.494   13.596    0    0  (Gen:  0)
  1043552    300648 730207000  0.001  0.000   19.496   13.597    0    0  (Gen:  0)
  1037792    285520 730332536  0.001  0.000   19.498   13.598    0    0  (Gen:  0)
  1036144    247920 730451576  0.001  0.000   19.501   13.599    0    0  (Gen:  0)
  1036584    242784 730571064  0.001  0.000   19.502   13.600    0    0  (Gen:  0)
  1036504    217448 730655544  0.001  0.000   19.504   13.601    0    0  (Gen:  0)
  1035008    215976 730764128  0.001  0.000   19.505   13.602    0    0  (Gen:  0)
  1034984    229912 730886488  0.001  0.000   19.507   13.602    0    0  (Gen:  0)
  1035488    235848 731007336  0.001  0.000   19.509   13.603    0    0  (Gen:  0)
  1035096    241608 731131800  0.001  0.000   19.511   13.604    0    0  (Gen:  0)
  1034200    245256 731257464  0.001  0.000   19.512   13.605    0    0  (Gen:  0)
  1035136    248864 731383344  0.001  0.000   19.513   13.606    0    0  (Gen:  0)
  1036296    244856 731505024  0.001  0.000   19.515   13.607    0    0  (Gen:  0)
  1034768    245872 731630136  0.001  0.000   19.517   13.608    0    0  (Gen:  0)
  1035544    246384 731753768  0.001  0.000   19.518   13.608    0    0  (Gen:  0)
  1036192    248504 731879264  0.001  0.000   19.520   13.609    0    0  (Gen:  0)
  1035400    247608 732003032  0.001  0.000   19.521   13.610    0    0  (Gen:  0)
  1034472    245488 732125240  0.001  0.000   19.523   13.611    0    0  (Gen:  0)
  1033976    245160 732248560  0.001  0.000   19.525   13.612    0    0  (Gen:  0)
  1036160    245888 732371480  0.001  0.000   19.526   13.613    0    0  (Gen:  0)
  1035784    246504 732494896  0.001  0.000   19.528   13.614    0    0  (Gen:  0)
  1033768    247080 732618096  0.001  0.000   19.529   13.615    0    0  (Gen:  0)
  1035976    248408 732741832  0.001  0.000   19.531   13.616    0    0  (Gen:  0)
  1035536    244672 732862832  0.001  0.000   19.533   13.617    0    0  (Gen:  0)
  1036048    241248 732981584  0.001  0.000   19.534   13.618    0    0  (Gen:  0)
  1036512    244328 733104688  0.001  0.000   19.536   13.618    0    0  (Gen:  0)
  1036952    246320 733228056  0.001  0.000   19.538   13.619    0    0  (Gen:  0)
  1036376    246856 733351608  0.001  0.000   19.539   13.620    0    0  (Gen:  0)
  1035760    245840 733474184  0.001  0.000   19.541   13.621    0    0  (Gen:  0)
  1035152    245368 733596712  0.001  0.000   19.543   13.622    0    0  (Gen:  0)
  1035344    244944 733718200  0.001  0.000   19.544   13.623    0    0  (Gen:  0)
  1035384    245144 733841272  0.001  0.000   19.546   13.624    0    0  (Gen:  0)
  1034976    246024 733964000  0.001  0.000   19.547   13.625    0    0  (Gen:  0)
  1036088    246880 734087144  0.001  0.000   19.549   13.626    0    0  (Gen:  0)
  1036112    245984 734209488  0.001  0.000   19.551   13.627    0    0  (Gen:  0)
  1034520    245728 734331872  0.001  0.000   19.552   13.627    0    0  (Gen:  0)
  1036448    247376 734455008  0.001  0.000   19.554   13.628    0    0  (Gen:  0)
  1036184    245968 734577064  0.001  0.000   19.555   13.629    0    0  (Gen:  0)
  1037112    243264 734696368  0.001  0.000   19.557   13.630    0    0  (Gen:  0)
  1036296    244656 734819832  0.001  0.000   19.558   13.631    0    0  (Gen:  0)
  1036688    246496 734941624  0.001  0.000   19.560   13.632    0    0  (Gen:  0)
  1036024    245760 735063648  0.001  0.000   19.561   13.633    0    0  (Gen:  0)
  1033832    244704 735185760  0.001  0.000   19.563   13.634    0    0  (Gen:  0)
  1035536    244976 735307496  0.001  0.000   19.565   13.635    0    0  (Gen:  0)
  1037200    245592 735429472  0.001  0.000   19.566   13.636    0    0  (Gen:  0)
  1034920    246176 735551528  0.001  0.000   19.568   13.637    0    0  (Gen:  0)
  1034968    243624 735672432  0.001  0.000   19.569   13.637    0    0  (Gen:  0)
  1035832    245520 735795248  0.001  0.000   19.571   13.638    0    0  (Gen:  0)
  1035560    245584 735917080  0.001  0.000   19.573   13.639    0    0  (Gen:  0)
  1035616    245592 736039000  0.001  0.000   19.574   13.640    0    0  (Gen:  0)
  1034400    246000 736160952  0.001  0.000   19.576   13.641    0    0  (Gen:  0)
  1035160    245760 736282776  0.001  0.000   19.577   13.642    0    0  (Gen:  0)
  1036480    246144 736405232  0.001  0.000   19.579   13.643    0    0  (Gen:  0)
  1034792    244984 736526880  0.001  0.000   19.581   13.644    0    0  (Gen:  0)
  1035552    244800 736648440  0.001  0.000   19.582   13.645    0    0  (Gen:  0)
  1035760    245288 736770464  0.001  0.000   19.584   13.646    0    0  (Gen:  0)
  1036816    245528 736892224  0.001  0.000   19.586   13.647    0    0  (Gen:  0)
  1037352    233184 737001904  0.001  0.000   19.587   13.648    0    0  (Gen:  0)
  1035256    232624 737121736  0.001  0.000   19.589   13.649    0    0  (Gen:  0)
  1036512    244208 737244032  0.001  0.000   19.591   13.650    0    0  (Gen:  0)
  1035752    244608 737366008  0.001  0.000   19.592   13.650    0    0  (Gen:  0)
  1036384    244344 737487248  0.001  0.000   19.594   13.651    0    0  (Gen:  0)
  1034768    243592 737609144  0.001  0.000   19.596   13.652    0    0  (Gen:  0)
  1034696    245544 737731712  0.001  0.000   19.597   13.653    0    0  (Gen:  0)
  1035128    245416 737854176  0.001  0.000   19.599   13.654    0    0  (Gen:  0)
  1034864    243832 737974384  0.001  0.000   19.600   13.655    0    0  (Gen:  0)
  1035992    244280 738096640  0.001  0.000   19.602   13.656    0    0  (Gen:  0)
  1034984    245136 738218704  0.001  0.000   19.604   13.657    0    0  (Gen:  0)
  1034864    244944 738340336  0.001  0.000   19.606   13.658    0    0  (Gen:  0)
  1034112    245088 738461952  0.001  0.000   19.607   13.659    0    0  (Gen:  0)
  1035096    244192 738583664  0.001  0.000   19.609   13.660    0    0  (Gen:  0)
  1035184    245024 738705280  0.001  0.000   19.610   13.661    0    0  (Gen:  0)
  1035848    244032 738826632  0.001  0.000   19.612   13.662    0    0  (Gen:  0)
  1035880    246000 738949184  0.001  0.000   19.613   13.663    0    0  (Gen:  0)
  1035280    245888 739070912  0.001  0.000   19.615   13.664    0    0  (Gen:  0)
  1035840    245064 739192192  0.001  0.000   19.616   13.664    0    0  (Gen:  0)
  1035072    245672 739313760  0.001  0.000   19.618   13.665    0    0  (Gen:  0)
  1035696    245880 739436488  0.001  0.000   19.620   13.666    0    0  (Gen:  0)
  1035664    245816 739558568  0.001  0.000   19.621   13.667    0    0  (Gen:  0)
  1034792    245328 739679984  0.001  0.000   19.623   13.668    0    0  (Gen:  0)
  1034504    245672 739802152  0.001  0.000   19.624   13.669    0    0  (Gen:  0)
  1033776    245200 739923280  0.001  0.000   19.626   13.670    0    0  (Gen:  0)
  1035368    246008 740046216  0.001  0.000   19.628   13.671    0    0  (Gen:  0)
  1035304    247000 740168336  0.001  0.000   19.629   13.672    0    0  (Gen:  0)
  1035288    244472 740289000  0.001  0.000   19.631   13.673    0    0  (Gen:  0)
  1033960    244288 740410768  0.001  0.000   19.632   13.674    0    0  (Gen:  0)
  1036232    245360 740532672  0.001  0.000   19.634   13.675    0    0  (Gen:  0)
  1034064    245432 740654520  0.001  0.000   19.636   13.676    0    0  (Gen:  0)
  1035880    245160 740776064  0.001  0.000   19.637   13.676    0    0  (Gen:  0)
  1035704    245448 740898384  0.001  0.000   19.639   13.677    0    0  (Gen:  0)
  1034592    245584 741019880  0.001  0.000   19.641   13.678    0    0  (Gen:  0)
  1035688    245024 741141512  0.001  0.000   19.642   13.679    0    0  (Gen:  0)
  1035760    245224 741263464  0.001  0.000   19.644   13.680    0    0  (Gen:  0)
  1034128    244456 741384216  0.001  0.000   19.646   13.681    0    0  (Gen:  0)
  1036048    245632 741505984  0.001  0.000   19.647   13.682    0    0  (Gen:  0)
  1033864    246616 741627616  0.001  0.000   19.649   13.683    0    0  (Gen:  0)
  1035056    246232 741749840  0.001  0.000   19.651   13.684    0    0  (Gen:  0)
  1036704    239696 741865120  0.001  0.000   19.652   13.685    0    0  (Gen:  0)
  1035216    239432 741987152  0.001  0.000   19.654   13.686    0    0  (Gen:  0)
  1035536    245648 742108776  0.001  0.000   19.655   13.687    0    0  (Gen:  0)
  1036288    245816 742231032  0.001  0.000   19.657   13.688    0    0  (Gen:  0)
  1035272    245560 742352424  0.001  0.000   19.659   13.689    0    0  (Gen:  0)
  1035256    244816 742474056  0.001  0.000   19.660   13.690    0    0  (Gen:  0)
  1034120    245288 742595904  0.001  0.000   19.662   13.691    0    0  (Gen:  0)
  1034688    245376 742717560  0.001  0.000   19.663   13.692    0    0  (Gen:  0)
  1036176    245480 742839368  0.001  0.000   19.665   13.693    0    0  (Gen:  0)
  1034640    245080 742960632  0.001  0.000   19.667   13.693    0    0  (Gen:  0)
  1035072    244952 743082520  0.001  0.000   19.668   13.694    0    0  (Gen:  0)
  1035560    244376 743203168  0.001  0.000   19.670   13.695    0    0  (Gen:  0)
  1034176    243616 743324048  0.001  0.000   19.671   13.696    0    0  (Gen:  0)
  1034656    244528 743445744  0.001  0.000   19.673   13.697    0    0  (Gen:  0)
  1036456    245264 743567464  0.001  0.000   19.675   13.698    0    0  (Gen:  0)
  1681200    244152 743687984  0.001  0.000   19.676   13.699    0    0  (Gen:  0)
  1039744    245272 743810104  0.001  0.000   19.678   13.700    0    0  (Gen:  0)
  1035520    247736 743931784  0.001  0.000   19.680   13.701    0    0  (Gen:  0)
  1035656    245160 744052912  0.001  0.000   19.681   13.702    0    0  (Gen:  0)
  1033568    245112 744174680  0.001  0.000   19.683   13.703    0    0  (Gen:  0)
  1035632    245264 744296104  0.001  0.000   19.684   13.704    0    0  (Gen:  0)
  1033624    245960 744418160  0.001  0.000   19.686   13.705    0    0  (Gen:  0)
  1035696    245248 744539528  0.001  0.000   19.688   13.706    0    0  (Gen:  0)
  1034456    245712 744661008  0.001  0.000   19.690   13.707    0    0  (Gen:  0)
  1036216    246704 744783224  0.001  0.000   19.691   13.708    0    0  (Gen:  0)
  1036608    242992 744901968  0.001  0.000   19.693   13.709    0    0  (Gen:  0)
  1036328    242072 745023208  0.001  0.000   19.695   13.709    0    0  (Gen:  0)
  1035800    245808 745145168  0.001  0.000   19.696   13.710    0    0  (Gen:  0)
  1035880    245080 745266504  0.001  0.000   19.698   13.711    0    0  (Gen:  0)
  1036016    246336 745388304  0.001  0.000   19.699   13.712    0    0  (Gen:  0)
  1035088    245848 745510112  0.001  0.000   19.701   13.714    0    0  (Gen:  0)
  1035136    245232 745631424  0.001  0.000   19.703   13.715    0    0  (Gen:  0)
  1035248    243792 745751896  0.001  0.000   19.704   13.716    0    0  (Gen:  0)
  1035600    244368 745873240  0.001  0.000   19.706   13.717    0    0  (Gen:  0)
  1035552    246312 745995096  0.001  0.000   19.707   13.718    0    0  (Gen:  0)
  1035384    246024 746116720  0.001  0.000   19.709   13.718    0    0  (Gen:  0)
  1035616    245136 746237984  0.001  0.000   19.711   13.719    0    0  (Gen:  0)
  1034832    245592 746359736  0.001  0.000   19.712   13.720    0    0  (Gen:  0)
  1036512    244264 746480576  0.001  0.000   19.715   13.721    0    0  (Gen:  0)
  1035856    244392 746600944  0.001  0.000   19.716   13.722    0    0  (Gen:  0)
  1036152    243792 746722168  0.001  0.000   19.718   13.723    0    0  (Gen:  0)
  1035896    245648 746843912  0.001  0.000   19.719   13.724    0    0  (Gen:  0)
  1035600    244552 746964976  0.001  0.000   19.721   13.725    0    0  (Gen:  0)
  1034512    246048 747086680  0.001  0.000   19.723   13.726    0    0  (Gen:  0)
  1035328    244480 747207248  0.001  0.000   19.724   13.727    0    0  (Gen:  0)
  1035952    245584 747329672  0.001  0.000   19.726   13.728    0    0  (Gen:  0)
  1035928    245480 747450928  0.001  0.000   19.728   13.729    0    0  (Gen:  0)
  1034888    245640 747572000  0.001  0.000   19.730   13.730    0    0  (Gen:  0)
  1036248    244552 747693312  0.001  0.000   19.731   13.731    0    0  (Gen:  0)
  1036216    245248 747814696  0.001  0.000   19.733   13.732    0    0  (Gen:  0)
  1036504    246256 747936376  0.001  0.000   19.735   13.733    0    0  (Gen:  0)
  1034608    245216 748057472  0.001  0.000   19.736   13.734    0    0  (Gen:  0)
  1036072    244792 748178712  0.001  0.000   19.738   13.735    0    0  (Gen:  0)
  1036440    246128 748300440  0.001  0.000   19.739   13.736    0    0  (Gen:  0)
  1035624    245256 748421264  0.001  0.000   19.741   13.737    0    0  (Gen:  0)
  1038920    226720 748524488  0.001  0.000   19.743   13.738    0    0  (Gen:  0)
  1037072    216360 748634296  0.001  0.000   19.744   13.739    0    0  (Gen:  0)
  1035360    236312 748756648  0.001  0.000   19.746   13.740    0    0  (Gen:  0)
  1035336    244304 748878864  0.001  0.000   19.748   13.741    0    0  (Gen:  0)
  1035944    242456 748999600  0.001  0.000   19.749   13.742    0    0  (Gen:  0)
  1035664    246704 749123752  0.001  0.000   19.751   13.743    0    0  (Gen:  0)
  1034688    245480 749245488  0.001  0.000   19.753   13.743    0    0  (Gen:  0)
  1035392    246344 749368288  0.001  0.000   19.754   13.744    0    0  (Gen:  0)
  1034536    245368 749490088  0.001  0.000   19.756   13.745    0    0  (Gen:  0)
  1038144    244848 749612088  0.001  0.000   19.757   13.746    0    0  (Gen:  0)
  1035040    246600 749734928  0.001  0.000   19.759   13.747    0    0  (Gen:  0)
  1035048    246328 749857752  0.001  0.000   19.761   13.748    0    0  (Gen:  0)
  1035160    246176 749979976  0.001  0.000   19.762   13.749    0    0  (Gen:  0)
  1034776    245680 750101744  0.001  0.000   19.764   13.750    0    0  (Gen:  0)
  1034872    244656 750223600  0.001  0.000   19.766   13.751    0    0  (Gen:  0)
  1035656    246088 750346168  0.001  0.000   19.767   13.752    0    0  (Gen:  0)
  1034912    246224 750468064  0.001  0.000   19.769   13.753    0    0  (Gen:  0)
  1034760    246144 750590504  0.001  0.000   19.771   13.754    0    0  (Gen:  0)
  1035704    243248 750709704  0.001  0.000   19.772   13.755    0    0  (Gen:  0)
  1036480    243032 750832016  0.001  0.000   19.774   13.756    0    0  (Gen:  0)
  1033520    246168 750954456  0.001  0.000   19.775   13.757    0    0  (Gen:  0)
  1036720    244632 751076128  0.001  0.000   19.777   13.758    0    0  (Gen:  0)
  1036160    244760 751197624  0.001  0.000   19.779   13.759    0    0  (Gen:  0)
  1036064    244816 751319200  0.001  0.000   19.780   13.760    0    0  (Gen:  0)
  1034360    245072 751440952  0.001  0.000   19.782   13.761    0    0  (Gen:  0)
  1035216    245056 751562520  0.001  0.000   19.784   13.762    0    0  (Gen:  0)
  1033672    245008 751684320  0.001  0.000   19.785   13.763    0    0  (Gen:  0)
  1036520    245384 751806416  0.001  0.000   19.787   13.764    0    0  (Gen:  0)
  1033840    244600 751926920  0.001  0.000   19.789   13.764    0    0  (Gen:  0)
  1034272    244360 752048800  0.001  0.000   19.790   13.765    0    0  (Gen:  0)
  1034432    245712 752170864  0.001  0.000   19.792   13.766    0    0  (Gen:  0)
  1035616    245664 752292488  0.001  0.000   19.793   13.767    0    0  (Gen:  0)
  1035016    245728 752414624  0.001  0.000   19.795   13.768    0    0  (Gen:  0)
  1034000    245792 752536352  0.001  0.000   19.796   13.769    0    0  (Gen:  0)
  1035112    245080 752657504  0.001  0.000   19.798   13.770    0    0  (Gen:  0)
  1033984    244872 752778992  0.001  0.000   19.800   13.771    0    0  (Gen:  0)
  1034672    245152 752900736  0.001  0.000   19.801   13.772    0    0  (Gen:  0)
  1034976    245688 753022520  0.001  0.000   19.803   13.773    0    0  (Gen:  0)
  1035208    244912 753143832  0.001  0.000   19.804   13.774    0    0  (Gen:  0)
  1035232    245368 753265976  0.001  0.000   19.806   13.775    0    0  (Gen:  0)
  1035824    238640 753380624  0.001  0.000   19.807   13.776    0    0  (Gen:  0)
  1035208    238048 753502200  0.001  0.000   19.809   13.777    0    0  (Gen:  0)
  1034592    245368 753624320  0.001  0.000   19.811   13.777    0    0  (Gen:  0)
  1034664    245800 753746144  0.001  0.000   19.812   13.778    0    0  (Gen:  0)
  1035376    245168 753867952  0.001  0.000   19.814   13.779    0    0  (Gen:  0)
  1035608    245200 753989656  0.001  0.000   19.816   13.780    0    0  (Gen:  0)
  1035112    245648 754111656  0.001  0.000   19.817   13.781    0    0  (Gen:  0)
  1035728    245328 754233304  0.001  0.000   19.819   13.782    0    0  (Gen:  0)
  1035688    245232 754355112  0.001  0.000   19.821   13.783    0    0  (Gen:  0)
  1036608    245232 754476768  0.001  0.000   19.822   13.784    0    0  (Gen:  0)
  1035384    245536 754598760  0.001  0.000   19.824   13.785    0    0  (Gen:  0)
  1037264    245672 754720696  0.001  0.000   19.826   13.786    0    0  (Gen:  0)
  1035544    244768 754840392  0.001  0.000   19.827   13.787    0    0  (Gen:  0)
  1035648    245248 754962336  0.001  0.000   19.829   13.788    0    0  (Gen:  0)
  1035536    245288 755083712  0.001  0.000   19.830   13.789    0    0  (Gen:  0)
  1034432    244632 755204808  0.001  0.000   19.832   13.790    0    0  (Gen:  0)
  1035128    244896 755326248  0.001  0.000   19.833   13.791    0    0  (Gen:  0)
  1036296    244712 755447888  0.001  0.000   19.835   13.792    0    0  (Gen:  0)
  1037184    245080 755569280  0.001  0.000   19.837   13.792    0    0  (Gen:  0)
  1034560    244424 755690488  0.001  0.000   19.838   13.793    0    0  (Gen:  0)
  1034000    243968 755811408  0.001  0.000   19.840   13.794    0    0  (Gen:  0)
  1034416    245872 755933064  0.001  0.000   19.842   13.795    0    0  (Gen:  0)
  1037096    246272 756055360  0.001  0.000   19.844   13.796    0    0  (Gen:  0)
  1035096    245296 756176096  0.001  0.000   19.845   13.797    0    0  (Gen:  0)
  1034608    245376 756298144  0.001  0.000   19.847   13.798    0    0  (Gen:  0)
  1034776    242976 756417384  0.001  0.000   19.849   13.799    0    0  (Gen:  0)
  1034816    242384 756537568  0.001  0.000   19.851   13.800    0    0  (Gen:  0)
  1678864    245288 756658880  0.001  0.000   19.852   13.801    0    0  (Gen:  0)
  1038104    244536 756779912  0.001  0.000   19.854   13.802    0    0  (Gen:  0)
  1035888    245224 756901496  0.001  0.000   19.856   13.803    0    0  (Gen:  0)
  1035064    245128 757023016  0.001  0.000   19.857   13.804    0    0  (Gen:  0)
  1034976    244504 757144192  0.001  0.000   19.859   13.805    0    0  (Gen:  0)
  1035384    245472 757265248  0.001  0.000   19.861   13.806    0    0  (Gen:  0)
  1036568    244800 757386416  0.001  0.000   19.862   13.807    0    0  (Gen:  0)
  1036792    244792 757507648  0.001  0.000   19.864   13.808    0    0  (Gen:  0)
  1036672    245296 757629600  0.001  0.000   19.865   13.809    0    0  (Gen:  0)
  1033936    245168 757750912  0.001  0.000   19.867   13.810    0    0  (Gen:  0)
  1035064    246312 757872600  0.001  0.000   19.868   13.811    0    0  (Gen:  0)
  1034136    244992 757993576  0.001  0.000   19.870   13.812    0    0  (Gen:  0)
  1036088    243240 758113576  0.001  0.000   19.872   13.813    0    0  (Gen:  0)
  1035624    243088 758234536  0.001  0.000   19.874   13.814    0    0  (Gen:  0)
  1036528    245504 758355808  0.001  0.000   19.875   13.815    0    0  (Gen:  0)
  1036640    245320 758477464  0.001  0.000   19.877   13.816    0    0  (Gen:  0)
  1034624    245080 758598432  0.001  0.000   19.878   13.817    0    0  (Gen:  0)
  1035696    244224 758719504  0.001  0.000   19.880   13.818    0    0  (Gen:  0)
  1034112    245744 758840832  0.001  0.000   19.882   13.819    0    0  (Gen:  0)
  1035632    244432 758961640  0.000  0.000   19.883   13.820    0    0  (Gen:  0)
  1035096    244808 759083064  0.001  0.000   19.885   13.821    0    0  (Gen:  0)
  1036456    245272 759204840  0.001  0.000   19.887   13.822    0    0  (Gen:  0)
  1037208    246576 759326304  0.001  0.000   19.888   13.823    0    0  (Gen:  0)
  1034664    245584 759448048  0.001  0.000   19.890   13.824    0    0  (Gen:  0)
  1035240    244840 759569184  0.001  0.000   19.892   13.824    0    0  (Gen:  0)
  1033656    246096 759690824  0.001  0.000   19.893   13.825    0    0  (Gen:  0)
  1034512    245488 759812200  0.001  0.000   19.895   13.826    0    0  (Gen:  0)
  1035680    245400 759933640  0.001  0.000   19.896   13.827    0    0  (Gen:  0)
  1034312    245984 760055024  0.001  0.000   19.898   13.828    0    0  (Gen:  0)
  1036688    228544 760159520  0.001  0.000   19.899   13.829    0    0  (Gen:  0)
  1036400    229136 760281568  0.001  0.000   19.901   13.830    0    0  (Gen:  0)
  1036360    245760 760403352  0.001  0.000   19.903   13.831    0    0  (Gen:  0)
  1036512    244744 760524360  0.001  0.000   19.904   13.832    0    0  (Gen:  0)
  1035952    245720 760646008  0.001  0.000   19.906   13.833    0    0  (Gen:  0)
  1035792    246304 760767896  0.001  0.000   19.908   13.834    0    0  (Gen:  0)
  1036224    244152 760888312  0.001  0.000   19.909   13.835    0    0  (Gen:  0)
  1036432    244240 761009832  0.001  0.000   19.911   13.836    0    0  (Gen:  0)
  1035440    245352 761131696  0.001  0.000   19.913   13.837    0    0  (Gen:  0)
  1034520    245592 761253280  0.001  0.000   19.915   13.838    0    0  (Gen:  0)
  1034944    244848 761374800  0.001  0.000   19.916   13.839    0    0  (Gen:  0)
  1035120    244512 761496016  0.001  0.000   19.918   13.840    0    0  (Gen:  0)
  1034176    246344 761617968  0.001  0.000   19.919   13.841    0    0  (Gen:  0)
  1035208    244104 761737456  0.001  0.000   19.921   13.842    0    0  (Gen:  0)
  1036008    243280 761858960  0.001  0.000   19.923   13.843    0    0  (Gen:  0)
  1035792    245376 761980712  0.001  0.000   19.924   13.844    0    0  (Gen:  0)
  1035768    245064 762102184  0.001  0.000   19.926   13.845    0    0  (Gen:  0)
  1036336    244560 762223336  0.001  0.000   19.927   13.845    0    0  (Gen:  0)
  1034672    246344 762345088  0.001  0.000   19.929   13.846    0    0  (Gen:  0)
  1034928    244824 762466272  0.001  0.000   19.931   13.847    0    0  (Gen:  0)
  1035168    243984 762586752  0.001  0.000   19.933   13.848    0    0  (Gen:  0)
  1035912    243952 762708168  0.001  0.000   19.934   13.849    0    0  (Gen:  0)
  1036944    246296 762829912  0.001  0.000   19.936   13.850    0    0  (Gen:  0)
  1034592    245736 762951008  0.001  0.000   19.937   13.851    0    0  (Gen:  0)
  1035592    244576 763072168  0.001  0.000   19.939   13.852    0    0  (Gen:  0)
  1036192    245032 763193744  0.001  0.000   19.940   13.853    0    0  (Gen:  0)
  1035360    244352 763314616  0.001  0.000   19.943   13.854    0    0  (Gen:  0)
  1036704    244656 763435216  0.001  0.000   19.944   13.855    0    0  (Gen:  0)
  1035336    241368 763553688  0.001  0.000   19.946   13.856    0    0  (Gen:  0)
  1033792    241936 763674920  0.001  0.000   19.947   13.857    0    0  (Gen:  0)
  1035896    246360 763796704  0.001  0.000   19.949   13.858    0    0  (Gen:  0)
  1035488    245464 763917808  0.001  0.000   19.950   13.859    0    0  (Gen:  0)
  1035136    245096 764039448  0.001  0.000   19.952   13.860    0    0  (Gen:  0)
  1034184    244352 764160136  0.001  0.000   19.954   13.861    0    0  (Gen:  0)
  1036360    245352 764282096  0.001  0.000   19.956   13.862    0    0  (Gen:  0)
  1035576    246136 764402576  0.001  0.000   19.957   13.863    0    0  (Gen:  0)
  1035152    244456 764524240  0.001  0.000   19.959   13.864    0    0  (Gen:  0)
  1035088    244752 764645248  0.001  0.000   19.961   13.865    0    0  (Gen:  0)
  1034832    246184 764767200  0.001  0.000   19.962   13.866    0    0  (Gen:  0)
  1034944    245288 764888080  0.001  0.000   19.964   13.867    0    0  (Gen:  0)
  1034480    244416 765009272  0.001  0.000   19.966   13.868    0    0  (Gen:  0)
  1035824    244472 765130616  0.001  0.000   19.968   13.869    0    0  (Gen:  0)
  1036272    245912 765251808  0.001  0.000   19.969   13.870    0    0  (Gen:  0)
  1035176    242920 765371280  0.001  0.000   19.971   13.871    0    0  (Gen:  0)
  1035664    242536 765492176  0.001  0.000   19.973   13.872    0    0  (Gen:  0)
  1036144    245296 765613024  0.001  0.000   19.974   13.872    0    0  (Gen:  0)
  1034512    244672 765734136  0.001  0.000   19.976   13.873    0    0  (Gen:  0)
  1035168    244824 765855544  0.001  0.000   19.977   13.874    0    0  (Gen:  0)
  1035040    245432 765976264  0.001  0.000   19.979   13.875    0    0  (Gen:  0)
  1035440    244632 766097392  0.001  0.000   19.980   13.876    0    0  (Gen:  0)
  1035456    244112 766218368  0.001  0.000   19.982   13.877    0    0  (Gen:  0)
  1034232    245992 766340152  0.001  0.000   19.984   13.878    0    0  (Gen:  0)
  1033864    244392 766460408  0.001  0.000   19.985   13.879    0    0  (Gen:  0)
  1036184    243992 766581456  0.001  0.000   19.987   13.880    0    0  (Gen:  0)
  1035064    245784 766702976  0.001  0.000   19.989   13.881    0    0  (Gen:  0)
  1036432    245800 766824480  0.001  0.000   19.990   13.882    0    0  (Gen:  0)
  1034248    244688 766945528  0.001  0.000   19.992   13.883    0    0  (Gen:  0)
  1035360    246024 767067088  0.001  0.000   19.993   13.884    0    0  (Gen:  0)
  1035776    245032 767188024  0.001  0.000   19.995   13.885    0    0  (Gen:  0)
  1035488    243800 767309048  0.001  0.000   19.997   13.886    0    0  (Gen:  0)
  1035304    245800 767430280  0.001  0.000   19.998   13.887    0    0  (Gen:  0)
  1036328    239720 767546448  0.001  0.000   20.000   13.888    0    0  (Gen:  0)
  1036576    236032 767662816  0.001  0.000   20.001   13.888    0    0  (Gen:  0)
  1036744    242152 767784272  0.001  0.000   20.003   13.889    0    0  (Gen:  0)
  1035368    243768 767904400  0.001  0.000   20.005   13.890    0    0  (Gen:  0)
  1034168    244800 768025904  0.001  0.000   20.006   13.891    0    0  (Gen:  0)
  1035840    245504 768146544  0.001  0.000   20.008   13.892    0    0  (Gen:  0)
  1036176    244136 768267520  0.001  0.000   20.009   13.893    0    0  (Gen:  0)
  1036224    243984 768388432  0.001  0.000   20.012   13.894    0    0  (Gen:  0)
  1034944    244528 768508536  0.001  0.000   20.013   13.895    0    0  (Gen:  0)
  1035736    244144 768630088  0.001  0.000   20.015   13.896    0    0  (Gen:  0)
  1036224    244608 768751224  0.001  0.000   20.017   13.897    0    0  (Gen:  0)
  1034344    245456 768872168  0.001  0.000   20.018   13.898    0    0  (Gen:  0)
  1035400    244184 768993208  0.001  0.000   20.020   13.899    0    0  (Gen:  0)
  1034176    244472 769114504  0.001  0.000   20.022   13.900    0    0  (Gen:  0)
  1036000    245688 769235384  0.001  0.000   20.023   13.901    0    0  (Gen:  0)
  1034040    243296 769355632  0.001  0.000   20.025   13.902    0    0  (Gen:  0)
  1680600    245496 769477408  0.001  0.000   20.027   13.903    0    0  (Gen:  0)
  1040328    243704 769595840  0.001  0.000   20.028   13.904    0    0  (Gen:  0)
  1035240    242496 769716944  0.001  0.000   20.031   13.905    0    0  (Gen:  0)
  1033568    245064 769837480  0.001  0.000   20.032   13.906    0    0  (Gen:  0)
  1034496    243968 769958312  0.001  0.000   20.034   13.907    0    0  (Gen:  0)
  1036248    243960 770079280  0.001  0.000   20.036   13.908    0    0  (Gen:  0)
  1034336    245072 770199880  0.001  0.000   20.037   13.909    0    0  (Gen:  0)
  1036056    244192 770320912  0.001  0.000   20.039   13.910    0    0  (Gen:  0)
  1035896    244152 770441960  0.001  0.000   20.041   13.911    0    0  (Gen:  0)
  1035744    245328 770562720  0.001  0.000   20.042   13.912    0    0  (Gen:  0)
  1036104    244592 770683944  0.001  0.000   20.044   13.913    0    0  (Gen:  0)
  1035416    245032 770804304  0.001  0.000   20.046   13.914    0    0  (Gen:  0)
  1034352    243920 770925128  0.001  0.000   20.047   13.915    0    0  (Gen:  0)
  1034704    243920 771045976  0.001  0.000   20.049   13.916    0    0  (Gen:  0)
  1035608    245504 771167120  0.001  0.000   20.051   13.917    0    0  (Gen:  0)
  1035472    244248 771287808  0.001  0.000   20.053   13.918    0    0  (Gen:  0)
  1034400    244768 771408392  0.001  0.000   20.055   13.919    0    0  (Gen:  0)
  1035016    244480 771529384  0.001  0.000   20.056   13.920    0    0  (Gen:  0)
  1035872    244176 771650408  0.001  0.000   20.058   13.921    0    0  (Gen:  0)
  1035600    245224 771771144  0.001  0.000   20.060   13.922    0    0  (Gen:  0)
  1034184    244376 771892168  0.001  0.000   20.062   13.923    0    0  (Gen:  0)
  1035440    240256 772007976  0.001  0.000   20.063   13.924    0    0  (Gen:  0)
  1035264    239016 772128368  0.001  0.000   20.065   13.925    0    0  (Gen:  0)
  1034112    244816 772249544  0.001  0.000   20.066   13.926    0    0  (Gen:  0)
  1034472    244952 772370008  0.001  0.000   20.068   13.927    0    0  (Gen:  0)
  1035440    244160 772490880  0.001  0.000   20.070   13.928    0    0  (Gen:  0)
  1036136    245216 772611640  0.001  0.000   20.072   13.929    0    0  (Gen:  0)
  1035576    244096 772732416  0.001  0.000   20.073   13.930    0    0  (Gen:  0)
  1035480    245880 772853768  0.001  0.000   20.076   13.931    0    0  (Gen:  0)
  1036240    244280 772974152  0.001  0.000   20.077   13.932    0    0  (Gen:  0)
  1036072    243576 773095184  0.001  0.000   20.079   13.933    0    0  (Gen:  0)
  1035296    244528 773215128  0.001  0.000   20.081   13.934    0    0  (Gen:  0)
  1035160    243856 773336360  0.001  0.000   20.083   13.935    0    0  (Gen:  0)
  1036272    245568 773457232  0.001  0.000   20.084   13.936    0    0  (Gen:  0)
  1035200    243816 773577408  0.001  0.000   20.086   13.937    0    0  (Gen:  0)
  1035496    244880 773698816  0.001  0.000   20.087   13.938    0    0  (Gen:  0)
  1034912    244920 773819168  0.001  0.000   20.089   13.939    0    0  (Gen:  0)
  1035000    243976 773940008  0.001  0.000   20.091   13.940    0    0  (Gen:  0)
  1036328    244984 774060488  0.001  0.000   20.093   13.941    0    0  (Gen:  0)
  1036664    244296 774181680  0.001  0.000   20.095   13.942    0    0  (Gen:  0)
  1035440    245464 774302504  0.001  0.000   20.096   13.943    0    0  (Gen:  0)
  1035056    244256 774423304  0.001  0.000   20.098   13.944    0    0  (Gen:  0)
  1036536    243656 774542304  0.001  0.000   20.100   13.945    0    0  (Gen:  0)
  1035464    241992 774662768  0.001  0.000   20.101   13.946    0    0  (Gen:  0)
  1034224    245312 774783912  0.001  0.000   20.103   13.947    0    0  (Gen:  0)
  1036192    243888 774903944  0.001  0.000   20.105   13.948    0    0  (Gen:  0)
  1035480    244064 775025384  0.001  0.000   20.107   13.949    0    0  (Gen:  0)
  1036424    245136 775145488  0.001  0.000   20.108   13.950    0    0  (Gen:  0)
  1035104    243728 775266456  0.001  0.000   20.110   13.951    0    0  (Gen:  0)
  1035744    244904 775386824  0.001  0.000   20.112   13.952    0    0  (Gen:  0)
  1035256    244424 775508112  0.001  0.000   20.114   13.953    0    0  (Gen:  0)
  1035968    246472 775630328  0.001  0.000   20.115   13.954    0    0  (Gen:  0)
  1036600    245544 775751360  0.001  0.000   20.117   13.955    0    0  (Gen:  0)
  1036160    246056 775872864  0.001  0.000   20.119   13.956    0    0  (Gen:  0)
  1035696    244848 775993816  0.001  0.000   20.121   13.957    0    0  (Gen:  0)
  1034208    245944 776115456  0.001  0.000   20.122   13.958    0    0  (Gen:  0)
  1035960    245464 776236656  0.001  0.000   20.124   13.959    0    0  (Gen:  0)
  1033944    246208 776358200  0.001  0.000   20.126   13.960    0    0  (Gen:  0)
  1033968    246040 776479856  0.001  0.000   20.127   13.961    0    0  (Gen:  0)
  1036368    245040 776601192  0.001  0.000   20.130   13.962    0    0  (Gen:  0)
  1035704    245944 776722528  0.001  0.000   20.131   13.963    0    0  (Gen:  0)
  1033808    244600 776843328  0.001  0.000   20.133   13.964    0    0  (Gen:  0)
  1036360    270232 776989320  0.001  0.000   20.135   13.965    0    0  (Gen:  0)
  1042168    204640 777052072  0.001  0.000   20.137   13.966    0    0  (Gen:  0)
  1042248    263456 777260280  0.001  0.000   20.138   13.967    0    0  (Gen:  0)
  1038792    371224 777547256  0.002  0.000   20.141   13.968    0    0  (Gen:  0)
  1041344    196160 777733352  0.001  0.000   20.142   13.968    0    0  (Gen:  0)
  1041472    417072 778041128  0.001  0.000   20.144   13.969    0    0  (Gen:  0)
  1039528    330112 778171848  0.001  0.000   20.145   13.970    0    0  (Gen:  0)
  1034608    342192 778361192  0.001  0.001   20.147   13.971    0    0  (Gen:  0)
  1024224    280088 778610824  0.002  0.000   20.150   13.972    0    0  (Gen:  0)
  1041296    294384 778892792  0.002  0.001   20.152   13.974    0    0  (Gen:  0)
  1041120    287576 779172272  0.002  0.001   20.155   13.975    0    0  (Gen:  0)
   975800    112896 779278312  0.001  0.000   20.156   13.975    0    0  (Gen:  0)
   902528     40368 779286712  0.000  0.000   20.157   13.976    0    0  (Gen:  0)
   980736    115952 779412184  0.000  0.000   20.158   13.977    0    0  (Gen:  0)
  1429552    166296 779658728  0.001  0.000   20.160   13.978    0    0  (Gen:  0)
  1467792    135912 779993968  0.000  0.000   20.162   13.980    0    0  (Gen:  0)
  1143536    154456 780011648  0.000  0.000   20.164   13.981    0    0  (Gen:  0)
  1303240    247112 780273200  0.001  0.000   20.166   13.983    0    0  (Gen:  0)
  1032384    398920 780442648  0.002  0.001   20.169   13.984    0    0  (Gen:  0)
  1028584    151608 780530352  0.001  0.000   20.172   13.986    0    0  (Gen:  0)
  1032320    161312 780602776  0.001  0.000   20.175   13.988    0    0  (Gen:  0)
  1037488    126480 780660112  0.001  0.000   20.177   13.990    0    0  (Gen:  0)
  1036392    214984 780795912  0.001  0.000   20.180   13.991    0    0  (Gen:  0)
  1038040    166952 780859272  0.001  0.000   20.182   13.993    0    0  (Gen:  0)
  1033944    144832 780956392  0.001  0.000   20.185   13.994    0    0  (Gen:  0)
  1036224    247704 781099208  0.001  0.000   20.187   13.996    0    0  (Gen:  0)
  1032952    310464 781261336  0.001  0.001   20.190   13.998    0    0  (Gen:  0)
  1039216    301032 781393752  0.001  0.001   20.193   13.999    0    0  (Gen:  0)
  1033664    262736 781518184  0.001  0.000   20.196   14.001    0    0  (Gen:  0)
  1036352    273360 781660264  0.001  0.000   20.199   14.002    0    0  (Gen:  0)
  1033032    300720 781812984  0.001  0.001   20.201   14.004    0    0  (Gen:  0)
  1035520    310528 781964496  0.001  0.000   20.204   14.005    0    0  (Gen:  0)
  1039296    257768 782065976  0.001  0.001   20.207   14.007    0    0  (Gen:  0)
  1040456    169744 782125240  0.001  0.000   20.209   14.008    0    0  (Gen:  0)
  1730088     97656 782154736  0.001  0.000   20.212   14.010    0    0  (Gen:  0)
  1036000     88432 782206624  0.001  0.000   20.214   14.011    0    0  (Gen:  0)
  1039536    115056 782259656  0.001  0.000   20.216   14.013    0    0  (Gen:  0)
  1030544    149160 782348744  0.001  0.000   20.219   14.014    0    0  (Gen:  0)
  1036392    200344 782450040  0.001  0.001   20.222   14.016    0    0  (Gen:  0)
  1035680    120464 782466568  0.001  0.000   20.224   14.017    0    0  (Gen:  0)
  1035112     92984 782534512  0.001  0.000   20.227   14.019    0    0  (Gen:  0)
  1039216    123248 782583336  0.001  0.000   20.229   14.021    0    0  (Gen:  0)
  1039352     81584 782620824  0.001  0.000   20.231   14.022    0    0  (Gen:  0)
  1038912    100184 782661264  0.001  0.000   20.233   14.024    0    0  (Gen:  0)
  1037384     86080 782712384  0.001  0.000   20.235   14.026    0    0  (Gen:  0)
  1040368     98664 782760776  0.001  0.000   20.237   14.027    0    0  (Gen:  0)
  1038728    102624 782804584  0.001  0.000   20.239   14.028    0    0  (Gen:  0)
  1040904     81384 782847840  0.000  0.000   20.240   14.029    0    0  (Gen:  0)
  1040304     96496 782893776  0.001  0.000   20.242   14.030    0    0  (Gen:  0)
  1040472    104264 782948984  0.001  0.000   20.243   14.031    0    0  (Gen:  0)
  1040816     79312 782970136  0.000  0.000   20.244   14.032    0    0  (Gen:  0)
  1041672     79720 783004576  0.001  0.000   20.246   14.033    0    0  (Gen:  0)
  1036224    293048 783255464  0.001  0.001   20.248   14.035    0    0  (Gen:  0)
  1039600    414424 783454824  0.003  0.001   20.252   14.036    0    0  (Gen:  0)
  1039720    439160 783719456  0.003  0.001   20.256   14.038    0    0  (Gen:  0)
  1038984    371488 783867448  0.002  0.001   20.259   14.040    0    0  (Gen:  0)
  1040584    359848 784092920  0.002  0.001   20.262   14.041    0    0  (Gen:  0)
  1039312    426912 784321808  0.002  0.001   20.266   14.042    0    0  (Gen:  0)
  1042800    313672 784420944  0.002  0.000   20.269   14.044    0    0  (Gen:  0)
  1037408    296688 784680944  0.001  0.000   20.271   14.045    0    0  (Gen:  0)
  2152136    326880 784977440  0.002  0.001   20.275   14.047    0    0  (Gen:  0)
  1026544    320440 785042768  0.002  0.001   20.279   14.050    0    0  (Gen:  0)
  1032024    167952 785138968  0.002  0.000   20.282   14.052    0    0  (Gen:  0)
  1036096    273360 785299752  0.003  0.001   20.286   14.054    0    0  (Gen:  0)
  1037216    312488 785443104  0.003  0.001   20.290   14.056    0    0  (Gen:  0)
  1028976    229088 785524240  0.002  0.001   20.293   14.058    0    0  (Gen:  0)
  1038688    116008 785566064  0.001  0.000   20.296   14.060    0    0  (Gen:  0)
  1040264     80120 785606088  0.001  0.000   20.298   14.061    0    0  (Gen:  0)
  1039992    229824 785791672  0.002  0.001   20.301   14.063    0    0  (Gen:  0)
  1040632    373384 785994200  0.003  0.001   20.305   14.065    0    0  (Gen:  0)
  1036920    356152 786167488  0.002  0.001   20.308   14.066    0    0  (Gen:  0)
  1548120    281304 786436416  0.002  0.001   20.311   14.068    0    0  (Gen:  0)
  1041648    327792 786517192  0.002  0.000   20.313   14.069    0    0  (Gen:  0)
  1075928    273584 786718528  0.001  0.000   20.315   14.070    0    0  (Gen:  0)
  1050432     60224 786698824  0.000  0.000   20.316   14.071    0    0  (Gen:  0)
   900456     29704 786716648  0.000  0.000   20.317   14.071    0    0  (Gen:  0)
  2020440    265624 787014984  0.002  0.000   20.320   14.073    0    0  (Gen:  0)
  1074456    463176 787231744  0.001  0.001   20.322   14.075    0    0  (Gen:  0)
  1027344    147416 787345240  0.001  0.000   20.325   14.076    0    0  (Gen:  0)
  1026384    184144 787428520  0.001  0.000   20.328   14.078    0    0  (Gen:  0)
  1038472    155328 787512168  0.001  0.000   20.330   14.080    0    0  (Gen:  0)
  1037072    217896 787640832  0.001  0.000   20.332   14.081    0    0  (Gen:  0)
  1037128    185288 787734304  0.001  0.000   20.335   14.082    0    0  (Gen:  0)
  1035968    189512 787841248  0.001  0.000   20.338   14.084    0    0  (Gen:  0)
  1034264    207584 787936360  0.001  0.000   20.341   14.086    0    0  (Gen:  0)
  1074168    216760 788082616  0.001  0.001   20.344   14.087    0    0  (Gen:  0)
  1038944    239200 788197864  0.001  0.001   20.346   14.089    0    0  (Gen:  0)
  1040432    244152 788318120  0.001  0.001   20.349   14.090    0    0  (Gen:  0)
  1038592    233568 788425024  0.001  0.001   20.352   14.092    0    0  (Gen:  0)
  1039216    212304 788526488  0.001  0.000   20.355   14.093    0    0  (Gen:  0)
  1039904    211288 788631736  0.001  0.000   20.357   14.094    0    0  (Gen:  0)
  1038032    232008 788752576  0.001  0.000   20.360   14.096    0    0  (Gen:  0)
  1038296    248808 788876376  0.001  0.000   20.363   14.098    0    0  (Gen:  0)
  1033256    260960 789007344  0.002  0.000   20.365   14.099    0    0  (Gen:  0)
  1035344    251728 789121728  0.001  0.001   20.368   14.101    0    0  (Gen:  0)
  1034704    273864 789277408  0.001  0.000   20.371   14.102    0    0  (Gen:  0)
  1036752    280264 789398536  0.001  0.001   20.374   14.104    0    0  (Gen:  0)
  1038864    189496 789461248  0.001  0.000   20.376   14.105    0    0  (Gen:  0)
  1040560    119616 789504816  0.001  0.000   20.377   14.106    0    0  (Gen:  0)
  1037864    119320 789565800  0.001  0.000   20.380   14.108    0    0  (Gen:  0)
  1040072    114752 789612632  0.001  0.000   20.383   14.110    0    0  (Gen:  0)
  1707272     94160 789670000  0.000  0.000   20.385   14.111    0    0  (Gen:  0)
  1040080     73840 789683512  0.000  0.000   20.386   14.112    0    0  (Gen:  0)
  1041312     91360 789726464  0.000  0.000   20.387   14.113    0    0  (Gen:  0)
  1041112    125544 789797784  0.001  0.000   20.389   14.114    0    0  (Gen:  0)
  1040912    101448 789815320  0.000  0.000   20.390   14.115    0    0  (Gen:  0)
  1040952     91776 789857072  0.000  0.000   20.392   14.116    0    0  (Gen:  0)
  1040592     95912 789900928  0.000  0.000   20.393   14.117    0    0  (Gen:  0)
  1040824    100120 789947616  0.000  0.000   20.394   14.118    0    0  (Gen:  0)
  1040592    109528 790004064  0.000  0.000   20.396   14.119    0    0  (Gen:  0)
  1040544     93072 790033976  0.000  0.000   20.397   14.120    0    0  (Gen:  0)
  1041472    104216 790086400  0.000  0.000   20.398   14.121    0    0  (Gen:  0)
  1040376    108000 790131600  0.000  0.000   20.400   14.122    0    0  (Gen:  0)
  1041208    155304 790226800  0.000  0.000   20.401   14.123    0    0  (Gen:  0)
  1038336    270384 790451856  0.001  0.000   20.404   14.124    0    0  (Gen:  0)
  1035904    304072 790580512  0.001  0.001   20.406   14.125    0    0  (Gen:  0)
  1036808    245456 790711120  0.001  0.000   20.408   14.126    0    0  (Gen:  0)
  1037032    245544 790841024  0.001  0.000   20.410   14.127    0    0  (Gen:  0)
  1034560    289088 791002184  0.001  0.001   20.412   14.128    0    0  (Gen:  0)
  1040288    415320 791273976  0.002  0.001   20.416   14.130    0    0  (Gen:  0)
  1040784    453784 791500592  0.002  0.001   20.419   14.132    0    0  (Gen:  0)
  1040776    431568 791720912  0.002  0.001   20.423   14.133    0    0  (Gen:  0)
  1040912    442928 791937248  0.001  0.000   20.425   14.134    0    0  (Gen:  0)
  1043168    283640 791999576  0.001  0.000   20.427   14.135    0    0  (Gen:  0)
  1074456    320080 792274728  0.002  0.000   20.430   14.136    0    0  (Gen:  0)
  1066160    108672 792362032  0.001  0.000   20.431   14.137    0    0  (Gen:  0)
  2916664    650560 793049008  0.001  0.000   20.435   14.139    0    0  (Gen:  0)
  2025168    848848 793322808  0.002  0.001   20.439   14.140    0    0  (Gen:  0)
  2736224    803392 793929416  0.002  0.001   20.444   14.142    0    0  (Gen:  0)
  2222664    478096 794246848  0.002  0.001   20.449   14.143    0    0  (Gen:  0)
  2940136    494816 794533984  0.002  0.001   20.453   14.145    0    0  (Gen:  0)
  2717808    470488 794728360  0.002  0.001   20.459   14.147    0    0  (Gen:  0)
  2056088    348696 794870024  0.001  0.000   20.464   14.148    0    0  (Gen:  0)
  2468600    336152 795058272  0.002  0.001   20.470   14.150    0    0  (Gen:  0)
  2048944    251696 795155384  0.003  0.001   20.476   14.152    0    0  (Gen:  0)
  2504184    264944 795347536  0.001  0.001   20.481   14.154    0    0  (Gen:  0)
  1746024    329336 795534864  0.002  0.001   20.486   14.155    0    0  (Gen:  0)
  1880352    457000 795834784  0.002  0.001   20.491   14.157    0    0  (Gen:  0)
  2242008    454920 796055968  0.002  0.001   20.497   14.159    0    0  (Gen:  0)
  2353344    400568 796222832  0.002  0.001   20.502   14.160    0    0  (Gen:  0)
  2297056    496080 796527672  0.001  0.001   20.506   14.162    0    0  (Gen:  0)
  2294712    613208 796861232  0.002  0.001   20.511   14.163    0    0  (Gen:  0)
  2414536    555376 797089240  0.002  0.001   20.518   14.165    0    0  (Gen:  0)
  2605840    500232 797347512  0.004  0.001   20.526   14.168    0    0  (Gen:  0)
  2331216    441264 797587816  0.002  0.001   20.531   14.170    0    0  (Gen:  0)
  2796552    449456 797833736  0.002  0.001   20.537   14.171    0    0  (Gen:  0)
  2868656    476656 798080432  0.002  0.001   20.544   14.173    0    0  (Gen:  0)
  2721000    449312 798301808  0.002  0.001   20.550   14.176    0    0  (Gen:  0)
  2698272    425912 798552464  0.002  0.001   20.556   14.177    0    0  (Gen:  0)
  2746448    649552 798998096  0.003  0.001   20.563   14.179    0    0  (Gen:  0)
  2522752    826848 799432856  0.005  0.001   20.570   14.182    0    0  (Gen:  0)
  2298768    702120 799758472  0.004  0.001   20.577   14.184    0    0  (Gen:  0)
  2204760    572992 800034344  0.003  0.001   20.582   14.185    0    0  (Gen:  0)
  1880832    539560 800421496  0.003  0.001   20.587   14.187    0    0  (Gen:  0)
  2170224    331832 800559320  0.002  0.001   20.592   14.188    0    0  (Gen:  0)
  2197024    331848 800755384  0.001  0.000   20.597   14.190    0    0  (Gen:  0)
  1545608    398360 800965816  0.001  0.000   20.601   14.192    0    0  (Gen:  0)
  1645672    420360 801215904  0.001  0.001   20.606   14.194    0    0  (Gen:  0)
  1937264    476120 801451408  0.002  0.000   20.610   14.196    0    0  (Gen:  0)
  2049384    545704 801719456  0.001  0.000   20.615   14.198    0    0  (Gen:  0)
  1865184    497488 801995864  0.001  0.001   20.620   14.200    0    0  (Gen:  0)
  1551736    408408 802173152  0.002  0.000   20.624   14.201    0    0  (Gen:  0)
  1577144    397208 802391496  0.002  0.001   20.629   14.203    0    0  (Gen:  0)
  1661952    424328 802616312  0.001  0.000   20.632   14.205    0    0  (Gen:  0)
  1486720    474864 802876608  0.002  0.001   20.636   14.206    0    0  (Gen:  0)
  1559472    282416 802921584  0.001  0.000   20.638   14.207    0    0  (Gen:  0)
  2015312    405832 803196448  0.001  0.000   20.641   14.208    0    0  (Gen:  0)
  1852280    459936 803413808  0.001  0.000   20.645   14.210    0    0  (Gen:  0)
  1731512    457968 803686432  0.002  0.001   20.649   14.211    0    0  (Gen:  0)
  1418192    292384 803742056  0.001  0.000   20.651   14.212    0    0  (Gen:  0)
  2133280    299944 803882928  0.002  0.000   20.655   14.213    0    0  (Gen:  0)
  1767240    308632 804019944  0.001  0.000   20.659   14.215    0    0  (Gen:  0)
  1405608    350152 804245504  0.001  0.000   20.661   14.216    0    0  (Gen:  0)
  1417384    205376 804283080  0.001  0.000   20.664   14.217    0    0  (Gen:  0)
  1890760    209376 804380344  0.001  0.000   20.667   14.218    0    0  (Gen:  0)
  1154832    280728 804563128  0.001  0.000   20.669   14.219    0    0  (Gen:  0)
  1356464    184992 804557320  0.001  0.000   20.672   14.220    0    0  (Gen:  0)
  1954248    298048 804745920  0.001  0.000   20.676   14.222    0    0  (Gen:  0)
  1147208    228448 804783336  0.001  0.000   20.678   14.223    0    0  (Gen:  0)
  1167424    165984 804814616  0.001  0.000   20.680   14.223    0    0  (Gen:  0)
  1186048    145776 804836824  0.001  0.000   20.682   14.224    0    0  (Gen:  0)
  1374296    129400 804862456  0.001  0.000   20.685   14.225    0    0  (Gen:  0)
  1521376    174216 804968728  0.001  0.000   20.688   14.227    0    0  (Gen:  0)
  1400496    118880 804983712  0.001  0.000   20.691   14.228    0    0  (Gen:  0)
  1445552    168408 805092592  0.001  0.000   20.694   14.229    0    0  (Gen:  0)
  1298272    144344 805155648  0.001  0.000   20.696   14.230    0    0  (Gen:  0)
  1337960    134728 805214488  0.001  0.000   20.698   14.231    0    0  (Gen:  0)
  1396784    132952 805275056  0.001  0.000   20.701   14.232    0    0  (Gen:  0)
  1476216    240376 805442616  0.001  0.000   20.705   14.234    0    0  (Gen:  0)
  1230552    172208 805489240  0.001  0.000   20.707   14.235    0    0  (Gen:  0)
  1316320    146624 805538208  0.001  0.000   20.709   14.235    0    0  (Gen:  0)
  1311504    130896 805574568  0.001  0.000   20.711   14.236    0    0  (Gen:  0)
  1341080    112776 805611016  0.001  0.000   20.713   14.237    0    0  (Gen:  0)
  2067112    186888 805738160  0.001  0.000   20.716   14.238    0    0  (Gen:  0)
  1517488    226976 805833776  0.001  0.000   20.718   14.239    0    0  (Gen:  0)
  1726328    144784 805826032  0.000  0.000   20.720   14.240    0    0  (Gen:  0)
  1973488    160776 805903072  0.001  0.000   20.722   14.241    0    0  (Gen:  0)
  1942592    210368 806016368  0.001  0.000   20.725   14.242    0    0  (Gen:  0)
  2094984    218096 806147664  0.001  0.000   20.728   14.243    0    0  (Gen:  0)
  1937992    188136 806201160  0.001  0.000   20.730   14.244    0    0  (Gen:  0)
  2006056    178928 806285664  0.001  0.000   20.733   14.246    0    0  (Gen:  0)
  1764584    258272 806442576  0.001  0.000   20.736   14.247    0    0  (Gen:  0)
  1507312    275984 806545936  0.001  0.000   20.738   14.248    0    0  (Gen:  0)
  2010384    233288 806635568  0.001  0.000   20.740   14.248    0    0  (Gen:  0)
  2080984    259296 806719856  0.001  0.000   20.742   14.249    0    0  (Gen:  0)
  1827784    166880 806696392  0.001  0.000   20.744   14.250    0    0  (Gen:  0)
  2001712    176472 806789440  0.001  0.000   20.747   14.251    0    0  (Gen:  0)
  2061568    195032 806879592  0.001  0.000   20.750   14.253    0    0  (Gen:  0)
  1983688    196440 806973696  0.001  0.000   20.752   14.254    0    0  (Gen:  0)
  1752920    198008 807060632  0.001  0.000   20.754   14.255    0    0  (Gen:  0)
  2018424    173136 807129576  0.001  0.000   20.757   14.256    0    0  (Gen:  0)
  1729792    174680 807206160  0.001  0.000   20.760   14.257    0    0  (Gen:  0)
  1811280    174176 807290320  0.001  0.000   20.762   14.258    0    0  (Gen:  0)
  1600544    179808 807367632  0.001  0.000   20.764   14.259    0    0  (Gen:  0)
  1477992    199800 807460720  0.000  0.000   20.766   14.259    0    0  (Gen:  0)
  2029328    258016 807640160  0.001  0.000   20.769   14.261    0    0  (Gen:  0)
  1874784    316128 807881632  0.001  0.000   20.772   14.262    0    0  (Gen:  0)
  1601176    445208 808104640  0.002  0.001   20.776   14.263    0    0  (Gen:  0)
  1816792    400840 808292256  0.001  0.001   20.779   14.265    0    0  (Gen:  0)
  1488936    327008 808444176  0.001  0.000   20.781   14.265    0    0  (Gen:  0)
  1482888    271920 808571808  0.001  0.000   20.784   14.266    0    0  (Gen:  0)
  1326776    230496 808670888  0.001  0.000   20.786   14.267    0    0  (Gen:  0)
  1574552    239528 808803704  0.001  0.000   20.788   14.268    0    0  (Gen:  0)
  1518920    286184 808958712  0.001  0.000   20.791   14.269    0    0  (Gen:  0)
  1854968    460784 809263096  0.002  0.001   20.794   14.270    0    0  (Gen:  0)
  1728960    537440 809617192  0.002  0.001   20.798   14.272    0    0  (Gen:  0)
  1577008    510080 809935200  0.002  0.001   20.801   14.273    0    0  (Gen:  0)
  1637136    661920 810283504  0.002  0.001   20.805   14.274    0    0  (Gen:  0)
  1678824    741000 810673224  0.002  0.001   20.808   14.275    0    0  (Gen:  0)
  1990928    717824 811032608  0.003  0.001   20.812   14.277    0    0  (Gen:  0)
  2007328    710648 811385336  0.002  0.001   20.815   14.278    0    0  (Gen:  0)
  2076144    643024 811703272  0.002  0.001   20.819   14.279    0    0  (Gen:  0)
  1856744    587784 811973496  0.002  0.001   20.822   14.280    0    0  (Gen:  0)
  2025600    645912 812345840  0.002  0.001   20.825   14.281    0    0  (Gen:  0)
  2052952    634880 812626496  0.003  0.001   20.830   14.283    0    0  (Gen:  0)
  1858024    647544 813086152  0.004  0.001   20.835   14.285    0    0  (Gen:  0)
  2033952    627096 813532648  0.003  0.001   20.839   14.286    0    0  (Gen:  0)
  1609688    577896 813760632  0.002  0.001   20.842   14.288    0    0  (Gen:  0)
  1610008    448160 813972752  0.002  0.001   20.846   14.289    0    0  (Gen:  0)
  1465472    475816 814232704  0.002  0.000   20.849   14.290    0    0  (Gen:  0)
  1528784    577200 814567768  0.002  0.001   20.852   14.291    0    0  (Gen:  0)
  1662464    642224 814867520  0.001  0.000   20.855   14.292    0    0  (Gen:  0)
  2097408    684176 815262024  0.002  0.001   20.858   14.293    0    0  (Gen:  0)
  1728368    420784 815444312  0.001  0.000   20.861   14.294    0    0  (Gen:  0)
  1811288    379656 815700088  0.001  0.000   20.864   14.295    0    0  (Gen:  0)
  1702504    408000 816031784  0.001  0.000   20.867   14.296    0    0  (Gen:  0)
  1946856    253488 816119848  0.001  0.000   20.870   14.298    0    0  (Gen:  0)
  1978024     79240 816175656  0.000  0.000   20.873   14.299    0    0  (Gen:  0)
  3053648    463112 816676896  0.001  0.000   20.877   14.300    0    0  (Gen:  0)
  2524184    749480 816987392  0.002  0.001   20.882   14.302    0    0  (Gen:  0)
  2657008    732440 817399112  0.002  0.001   20.886   14.303    0    0  (Gen:  0)
  2609224    410736 817647160  0.001  0.001   20.890   14.305    0    0  (Gen:  0)
  3043776    390256 817858784  0.002  0.000   20.895   14.306    0    0  (Gen:  0)
  2528536    285424 817949680  0.001  0.000   20.900   14.308    0    0  (Gen:  0)
  2383104    117704 817990176  0.001  0.000   20.903   14.309    0    0  (Gen:  0)
  2692088     77656 818043048  0.000  0.000   20.907   14.310    0    0  (Gen:  0)
  2656384     92904 818086904  0.001  0.000   20.910   14.311    0    0  (Gen:  0)
  2431336    198984 818229240  0.001  0.000   20.914   14.312    0    0  (Gen:  0)
  2379704    276968 818388552  0.001  0.000   20.919   14.314    0    0  (Gen:  0)
  2187256    259776 818516072  0.001  0.001   20.924   14.315    0    0  (Gen:  0)
  2171872    235072 818633072  0.001  0.001   20.929   14.317    0    0  (Gen:  0)
  2246776    339184 818858304  0.002  0.001   20.934   14.319    0    0  (Gen:  0)
  2927872    371792 819021440  0.002  0.001   20.940   14.320    0    0  (Gen:  0)
  2055464    440960 819308944  0.003  0.001   20.946   14.322    0    0  (Gen:  0)
  1636288    460048 819529472  0.003  0.001   20.950   14.324    0    0  (Gen:  0)
  1846536    211040 819708160  0.001  0.000   20.953   14.325    0    0  (Gen:  0)
  2838280    358296 819937192  0.001  0.000   20.958   14.326    0    0  (Gen:  0)
  3095920    605728 820365280  0.002  0.001   20.963   14.328    0    0  (Gen:  0)
  2577376    689272 820677768  0.003  0.001   20.969   14.330    0    0  (Gen:  0)
  1646824    596512 821000376  0.003  0.001   20.974   14.331    0    0  (Gen:  0)
  2311096    593984 821303976  0.004  0.001   20.981   14.333    0    0  (Gen:  0)
  2590976    494152 821572176  0.003  0.001   20.987   14.335    0    0  (Gen:  0)
  2815864    561168 821895904  0.002  0.001   20.993   14.337    0    0  (Gen:  0)
  2563056    420744 822029336  0.002  0.001   21.000   14.339    0    0  (Gen:  0)
  2634944    204160 822098608  0.001  0.000   21.005   14.341    0    0  (Gen:  0)
  2757432    203368 822233544  0.001  0.000   21.009   14.342    0    0  (Gen:  0)
  2622368    270768 822374456  0.001  0.000   21.013   14.344    0    0  (Gen:  0)
  2518120    490824 822741880  0.002  0.001   21.019   14.346    0    0  (Gen:  0)
  2285128    702976 823135456  0.003  0.001   21.025   14.347    0    0  (Gen:  0)
  1915168    500872 823427792  0.002  0.001   21.029   14.349    0    0  (Gen:  0)
  2572784    435840 823692744  0.002  0.001   21.035   14.351    0    0  (Gen:  0)
  2621384    482144 823926264  0.003  0.001   21.041   14.352    0    0  (Gen:  0)
  1915792    529744 824218856  0.002  0.001   21.046   14.354    0    0  (Gen:  0)
  2062232    469952 824409984  0.002  0.001   21.050   14.356    0    0  (Gen:  0)
  1964400    396192 824609760  0.002  0.001   21.055   14.358    0    0  (Gen:  0)
  2059848    450568 824866696  0.002  0.001   21.059   14.360    0    0  (Gen:  0)
  1890856    506048 825126480  0.002  0.001   21.064   14.362    0    0  (Gen:  0)
  1978664    456432 825336280  0.002  0.001   21.069   14.363    0    0  (Gen:  0)
  2003064    473896 825604664  0.002  0.001   21.074   14.365    0    0  (Gen:  0)
  1604664    452464 825816680  0.003  0.001   21.079   14.367    0    0  (Gen:  0)
  1783072    471024 826065184  0.003  0.001   21.084   14.369    0    0  (Gen:  0)
  1747144    382744 826207024  0.002  0.001   21.089   14.371    0    0  (Gen:  0)
  1660832    300656 826352320  0.002  0.001   21.093   14.373    0    0  (Gen:  0)
  1913120    296376 826500648  0.002  0.001   21.098   14.375    0    0  (Gen:  0)
  2055632    345592 826697488  0.003  0.001   21.103   14.377    0    0  (Gen:  0)
  1974432    394120 826903208  0.002  0.001   21.107   14.379    0    0  (Gen:  0)
  1563000    341120 827097608  0.002  0.000   21.111   14.380    0    0  (Gen:  0)
  1828032    301392 827343984  0.002  0.001   21.115   14.381    0    0  (Gen:  0)
  1329832    480168 827596824  0.003  0.001   21.120   14.383    0    0  (Gen:  0)
  1460056    531496 827900456  0.004  0.001   21.125   14.385    0    0  (Gen:  0)
  1547424    300360 827974016  0.002  0.001   21.128   14.386    0    0  (Gen:  0)
  1358416    374736 828301168  0.002  0.001   21.131   14.387    0    0  (Gen:  0)
  1322568    248976 828497400  0.002  0.000   21.135   14.389    0    0  (Gen:  0)
  2803560    396472 828820728  0.002  0.000   21.140   14.391    0    0  (Gen:  0)
  1340592    451160 828988776  0.002  0.001   21.144   14.393    0    0  (Gen:  0)
  1423624    354832 829176520  0.002  0.001   21.148   14.394    0    0  (Gen:  0)
  2044048    192136 829300336  0.001  0.000   21.151   14.396    0    0  (Gen:  0)
  1884640    261288 829478728  0.002  0.000   21.156   14.398    0    0  (Gen:  0)
  1536064    224680 829560416  0.002  0.000   21.159   14.399    0    0  (Gen:  0)
  1173136    365736 829789464  0.001  0.000   21.162   14.400    0    0  (Gen:  0)
  2253200    238224 830081720  0.001  0.000   21.166   14.402    0    0  (Gen:  0)
  2602064    652744 830564056  0.001  0.001   21.170   14.403    0    0  (Gen:  0)
  3071280    880624 830984408  0.002  0.001   21.175   14.405    0    0  (Gen:  0)
  1644408    639280 831199136  0.002  0.001   21.180   14.406    0    0  (Gen:  0)
  1632304    461104 831440536  0.002  0.001   21.185   14.408    0    0  (Gen:  0)
  1948432    306784 831644784  0.002  0.000   21.190   14.409    0    0  (Gen:  0)
  2231688    445120 831894496  0.002  0.001   21.195   14.411    0    0  (Gen:  0)
  1924432    397576 832060312  0.002  0.001   21.201   14.413    0    0  (Gen:  0)
  2490944    269600 832177424  0.001  0.000   21.205   14.414    0    0  (Gen:  0)
  2132504    305232 832363568  0.002  0.000   21.211   14.416    0    0  (Gen:  0)
  1895936    374680 832564440  0.002  0.001   21.215   14.417    0    0  (Gen:  0)
  2684728    275664 832755176  0.001  0.000   21.220   14.419    0    0  (Gen:  0)
  2842392    459696 833147184  0.002  0.000   21.224   14.420    0    0  (Gen:  0)
  2998672    787784 833565648  0.004  0.001   21.229   14.422    0    0  (Gen:  0)
  2779664    681208 833802160  0.003  0.001   21.235   14.423    0    0  (Gen:  0)
  3507072    345944 834009584  0.003  0.000   21.243   14.425    0    0  (Gen:  0)
  1899840    429584 834234880  0.004  0.001   21.248   14.427    0    0  (Gen:  0)
  2982024    334168 834498320  0.004  0.000   21.254   14.428    0    0  (Gen:  0)
  2933496    324504 834658664  0.001  0.000   21.259   14.430    0    0  (Gen:  0)
  2812072    306056 834834120  0.002  0.001   21.265   14.432    0    0  (Gen:  0)
  2428776    385640 835050224  0.002  0.001   21.270   14.433    0    0  (Gen:  0)
  2617840    275128 835208384  0.001  0.000   21.274   14.434    0    0  (Gen:  0)
  2039160    311192 835414984  0.001  0.000   21.278   14.436    0    0  (Gen:  0)
  1950872    350488 835591808  0.001  0.001   21.281   14.438    0    0  (Gen:  0)
  1691032    272408 835685008  0.001  0.000   21.285   14.439    0    0  (Gen:  0)
  1821688    193048 835761000  0.001  0.000   21.288   14.440    0    0  (Gen:  0)
  1613192    153024 835825408  0.001  0.000   21.291   14.442    0    0  (Gen:  0)
  1802552    152416 835894144  0.001  0.000   21.294   14.443    0    0  (Gen:  0)
  1582800    171608 836002232  0.001  0.000   21.298   14.445    0    0  (Gen:  0)
  1958032    245040 836140592  0.001  0.000   21.302   14.446    0    0  (Gen:  0)
  1667936    245704 836255840  0.001  0.000   21.306   14.448    0    0  (Gen:  0)
  1610008    197232 836331800  0.001  0.000   21.309   14.449    0    0  (Gen:  0)
  1887744    270216 836503496  0.001  0.000   21.313   14.451    0    0  (Gen:  0)
  1465880    386416 836756816  0.002  0.001   21.318   14.453    0    0  (Gen:  0)
  1600224    533472 837071840  0.004  0.001   21.323   14.455    0    0  (Gen:  0)
  1562568    563192 837395096  0.004  0.001   21.329   14.457    0    0  (Gen:  0)
  1487744    505024 837646832  0.003  0.001   21.334   14.458    0    0  (Gen:  0)
  1511264    463992 837891504  0.003  0.001   21.338   14.460    0    0  (Gen:  0)
  1315936    444768 838110064  0.003  0.001   21.343   14.462    0    0  (Gen:  0)
  1435760    432608 838347360  0.003  0.001   21.347   14.463    0    0  (Gen:  0)
  1341960    393864 838518712  0.002  0.001   21.351   14.464    0    0  (Gen:  0)
  1405200    401216 838757248  0.002  0.001   21.355   14.466    0    0  (Gen:  0)
  1467208    505840 839040344  0.002  0.001   21.358   14.467    0    0  (Gen:  0)
  1480080    562288 839323656  0.003  0.001   21.362   14.469    0    0  (Gen:  0)
  1640208    616504 839659864  0.003  0.001   21.367   14.470    0    0  (Gen:  0)
  1633304    543904 839897520  0.003  0.001   21.372   14.472    0    0  (Gen:  0)
  1343032    405760 840100984  0.002  0.001   21.376   14.473    0    0  (Gen:  0)
  1348448    288456 840245720  0.002  0.001   21.379   14.475    0    0  (Gen:  0)
  1551488    156656 840352600  0.001  0.000   21.382   14.476    0    0  (Gen:  0)
  1576712    300160 840625208  0.002  0.000   21.386   14.477    0    0  (Gen:  0)
  3501344    739608 841358312  0.002  0.001   21.391   14.479    0    0  (Gen:  0)
  2819000   1052768 841707656  0.004  0.001   21.397   14.480    0    0  (Gen:  0)
  2810064    741352 842086088  0.003  0.001   21.401   14.482    0    0  (Gen:  0)
  3071504    587720 842498104  0.002  0.001   21.407   14.483    0    0  (Gen:  0)
  3158952    290728 842510256  0.003  0.000   21.413   14.485    0    0  (Gen:  0)
  3417960    387392 842806664  0.003  0.001   21.420   14.487    0    0  (Gen:  0)
  3250232    663496 843156136  0.005  0.001   21.427   14.489    0    0  (Gen:  0)
  3466776    568456 843432912  0.005  0.001   21.433   14.490    0    0  (Gen:  0)
  2847272    474656 843689752  0.004  0.001   21.438   14.492    0    0  (Gen:  0)
  2800104    835040 844295080  0.004  0.001   21.443   14.493    0    0  (Gen:  0)
  3347664    768912 844770936  0.005  0.001   21.451   14.495    0    0  (Gen:  0)
  3661064    878792 845240424  0.006  0.001   21.459   14.498    0    0  (Gen:  0)
  3060424    823640 845692600  0.004  0.001   21.467   14.500    0    0  (Gen:  0)
  2938192    613640 845951504  0.004  0.001   21.474   14.501    0    0  (Gen:  0)
  2466240    718464 846562552  0.003  0.001   21.478   14.503    0    0  (Gen:  0)
  2340816    675560 847030144  0.004  0.001   21.484   14.504    0    0  (Gen:  0)
  3650120    482928 847270976  0.006  0.001   21.491   14.506    0    0  (Gen:  0)
  3640728    710616 847782048  0.005  0.001   21.497   14.508    0    0  (Gen:  0)
  2694320    880376 848147592  0.005  0.001   21.504   14.510    0    0  (Gen:  0)
  2822016    660976 848433816  0.002  0.001   21.509   14.511    0    0  (Gen:  0)
  3577136    313296 848585912  0.002  0.000   21.516   14.512    0    0  (Gen:  0)
  3604056    436736 848920280  0.004  0.001   21.522   14.514    0    0  (Gen:  0)
  2750088    571992 849172584  0.005  0.001   21.529   14.516    0    0  (Gen:  0)
  2028712    612128 849547048  0.005  0.001   21.534   14.517    0    0  (Gen:  0)
  2880392    387912 849860312  0.001  0.000   21.540   14.519    0    0  (Gen:  0)
  2803680    568368 850134160  0.005  0.001   21.547   14.521    0    0  (Gen:  0)
  3739384    648152 850523912  0.006  0.001   21.554   14.523    0    0  (Gen:  0)
  3165488    555896 850800056  0.005  0.001   21.561   14.524    0    0  (Gen:  0)
  3722864    562240 851124480  0.006  0.001   21.568   14.526    0    0  (Gen:  0)
  3550512    531952 851357600  0.005  0.001   21.574   14.528    0    0  (Gen:  0)
  3446352    468920 851595520  0.005  0.001   21.581   14.530    0    0  (Gen:  0)
  3408552    410200 851784264  0.004  0.001   21.588   14.531    0    0  (Gen:  0)
  2768768    350624 851950760  0.004  0.000   21.594   14.533    0    0  (Gen:  0)
  3386576    573232 852366224  0.006  0.001   21.602   14.535    0    0  (Gen:  0)
  3031984    707304 852710840  0.006  0.001   21.608   14.537    0    0  (Gen:  0)
  3460768    501440 852963816  0.005  0.001   21.615   14.538    0    0  (Gen:  0)
  2464728    349816 853166472  0.001  0.001   21.619   14.540    0    0  (Gen:  0)
  3045488    575912 853538256  0.004  0.001   21.626   14.542    0    0  (Gen:  0)
  2313256    627344 853797752  0.003  0.001   21.632   14.543    0    0  (Gen:  0)
  3247152    572680 854100056  0.005  0.001   21.639   14.545    0    0  (Gen:  0)
  3446304    561848 854441256  0.004  0.001   21.646   14.547    0    0  (Gen:  0)
  2981000    462736 854739624  0.005  0.001   21.652   14.549    0    0  (Gen:  0)
  3150928    602408 855151400  0.003  0.001   21.659   14.551    0    0  (Gen:  0)
  3437776    817928 855600472  0.007  0.001   21.667   14.553    0    0  (Gen:  0)
  3438464    799760 856017112  0.007  0.001   21.675   14.555    0    0  (Gen:  0)
  2588744    599840 856251040  0.005  0.001   21.682   14.557    0    0  (Gen:  0)
  3035600    499128 856557168  0.004  0.001   21.687   14.558    0    0  (Gen:  0)
  2199048    499904 856896952  0.003  0.001   21.692   14.559    0    0  (Gen:  0)
  3401856    458224 857157768  0.004  0.001   21.698   14.561    0    0  (Gen:  0)
  4016064    439056 857392872  0.002  0.001   21.706   14.563    0    0  (Gen:  0)
  3825552    749160 857949392  0.004  0.001   21.712   14.565    0    0  (Gen:  0)
  3312088   1000880 858419664  0.005  0.001   21.719   14.567    0    0  (Gen:  0)
  3076464    822592 858844448  0.005  0.001   21.725   14.568    0    0  (Gen:  0)
  2594856    814608 859254208  0.005  0.001   21.732   14.570    0    0  (Gen:  0)
  3128456    720648 859583152  0.004  0.001   21.738   14.572    0    0  (Gen:  0)
  2569128    638168 859936432  0.004  0.001   21.743   14.573    0    0  (Gen:  0)
  3839288    383432 860142952  0.002  0.000   21.750   14.575    0    0  (Gen:  0)
  3558032    624624 860578736  0.004  0.001   21.756   14.577    0    0  (Gen:  0)
  3334864    858152 861050008  0.005  0.001   21.763   14.579    0    0  (Gen:  0)
  2514160    764984 861411592  0.005  0.001   21.770   14.581    0    0  (Gen:  0)
  3355648    539752 861745680  0.005  0.001   21.778   14.583    0    0  (Gen:  0)
  3841240    676168 862108608  0.006  0.001   21.786   14.585    0    0  (Gen:  0)
  3480216    641896 862396912  0.007  0.001   21.795   14.587    0    0  (Gen:  0)
  3569816    532920 862663736  0.004  0.001   21.804   14.589    0    0  (Gen:  0)
  2786704    672224 863078016  0.003  0.001   21.811   14.591    0    0  (Gen:  0)
  2838032    650064 863366632  0.005  0.001   21.817   14.593    0    0  (Gen:  0)
  3938928    346496 863589696  0.004  0.001   21.823   14.595    0    0  (Gen:  0)
  3523864    535344 863922632  0.005  0.001   21.829   14.596    0    0  (Gen:  0)
  3274240    482680 864105168  0.005  0.001   21.835   14.597    0    0  (Gen:  0)
  3678016    347112 864256776  0.003  0.000   21.841   14.599    0    0  (Gen:  0)
  3350136    406104 864504136  0.002  0.001   21.847   14.601    0    0  (Gen:  0)
  3618456    514304 864785528  0.006  0.001   21.854   14.603    0    0  (Gen:  0)
  2811456    361400 864906712  0.004  0.001   21.860   14.604    0    0  (Gen:  0)
  2771448    224608 865015192  0.001  0.000   21.866   14.606    0    0  (Gen:  0)
  3543432    443864 865344584  0.004  0.001   21.872   14.608    0    0  (Gen:  0)
  3386712    773568 865832744  0.005  0.001   21.879   14.610    0    0  (Gen:  0)
  3513968    884800 866293056  0.004  0.001   21.885   14.611    0    0  (Gen:  0)
  3218032    569544 866563200  0.003  0.001   21.892   14.613    0    0  (Gen:  0)
  3232568    649072 866951480  0.004  0.001   21.898   14.615    0    0  (Gen:  0)
  3306544    892504 867447344  0.004  0.001   21.905   14.616    0    0  (Gen:  0)
  3128760    864160 867880808  0.005  0.001   21.911   14.618    0    0  (Gen:  0)
  3284224    819816 868266256  0.004  0.001   21.918   14.620    0    0  (Gen:  0)
  2861864    833912 868774864  0.004  0.001   21.924   14.621    0    0  (Gen:  0)
  3622736    689368 869196320  0.004  0.001   21.931   14.623    0    0  (Gen:  0)
  3766696    808864 869588040  0.006  0.001   21.938   14.625    0    0  (Gen:  0)
  3831688    797944 870016464  0.004  0.001   21.946   14.627    0    0  (Gen:  0)
  3476360    796168 870410480  0.004  0.001   21.954   14.629    0    0  (Gen:  0)
  3167200    667104 870709072  0.002  0.001   21.961   14.631    0    0  (Gen:  0)
  3035712    479720 870912432  0.002  0.001   21.968   14.633    0    0  (Gen:  0)
  2461360    294264 871004128  0.004  0.000   21.973   14.634    0    0  (Gen:  0)
  2727776    396288 871278512  0.004  0.000   21.978   14.636    0    0  (Gen:  0)
  3153528    522520 871523960  0.005  0.001   21.985   14.637    0    0  (Gen:  0)
  2779600    661128 871923584  0.004  0.001   21.994   14.640    0    0  (Gen:  0)
  2669008    715432 872304816  0.005  0.001   22.002   14.642    0    0  (Gen:  0)
  2543448    669496 872671096  0.007  0.001   22.010   14.644    0    0  (Gen:  0)
  2495680    631368 872985848  0.005  0.001   22.017   14.646    0    0  (Gen:  0)
  2131880    494416 873241224  0.003  0.001   22.023   14.648    0    0  (Gen:  0)
  2391000    615568 873709480  0.005  0.001   22.029   14.649    0    0  (Gen:  0)
  3067040    777504 874287272  0.003  0.001   22.035   14.651    0    0  (Gen:  0)
  2848624    524240 874344928  0.004  0.001   22.040   14.652    0    0  (Gen:  0)
  2855376    502728 874636512  0.004  0.001   22.047   14.654    0    0  (Gen:  0)
  3004720    657592 874974864  0.004  0.001   22.053   14.656    0    0  (Gen:  0)
  2962488    710168 875401056  0.004  0.001   22.059   14.658    0    0  (Gen:  0)
  2213920    715472 875682624  0.003  0.001   22.064   14.659    0    0  (Gen:  0)
  2697872    562872 876024200  0.004  0.001   22.069   14.660    0    0  (Gen:  0)
  3562624    529784 876325096  0.004  0.001   22.078   14.663    0    0  (Gen:  0)
  3626928    630664 876676528  0.006  0.001   22.086   14.665    0    0  (Gen:  0)
  2249848    575136 876954520  0.003  0.001   22.090   14.666    0    0  (Gen:  0)
  2532736    398544 877080984  0.003  0.001   22.095   14.667    0    0  (Gen:  0)
  3383944    452648 877327080  0.005  0.001   22.101   14.669    0    0  (Gen:  0)
  3797816    394752 877493488  0.003  0.000   22.108   14.671    0    0  (Gen:  0)
  2297080    424128 877824456  0.003  0.001   22.114   14.672    0    0  (Gen:  0)
  2644408    421032 878175504  0.003  0.000   22.119   14.673    0    0  (Gen:  0)
  2878832    429336 878500888  0.004  0.001   22.124   14.675    0    0  (Gen:  0)
  2324048    564360 878826600  0.005  0.001   22.131   14.677    0    0  (Gen:  0)
  2294144    544888 879089264  0.002  0.001   22.136   14.678    0    0  (Gen:  0)
  2654344    674328 879491664  0.004  0.001   22.141   14.680    0    0  (Gen:  0)
  2411408    648776 879779184  0.004  0.001   22.146   14.681    0    0  (Gen:  0)
  2335088    518992 879954080  0.003  0.001   22.150   14.682    0    0  (Gen:  0)
  3270872    621520 880319984  0.006  0.001   22.159   14.684    0    0  (Gen:  0)
  2548672    681304 880643888  0.003  0.001   22.165   14.686    0    0  (Gen:  0)
  3203648    795416 881149680  0.007  0.001   22.173   14.688    0    0  (Gen:  0)
  3002432    913472 881625232  0.007  0.001   22.182   14.690    0    0  (Gen:  0)
  2393816    583920 881794744  0.003  0.001   22.186   14.692    0    0  (Gen:  0)
  2477728    249712 881885016  0.003  0.000   22.190   14.693    0    0  (Gen:  0)
  2774320    410232 882169024  0.003  0.000   22.193   14.694    0    0  (Gen:  0)
  3066320    591552 882591608  0.002  0.001   22.197   14.695    0    0  (Gen:  0)
  2968768    576464 882965464  0.004  0.001   22.203   14.696    0    0  (Gen:  0)
  2430376    607400 883225816  0.004  0.001   22.209   14.698    0    0  (Gen:  0)
  2142528    462944 883478304  0.003  0.001   22.214   14.699    0    0  (Gen:  0)
  2499672    418440 883692448  0.003  0.001   22.219   14.701    0    0  (Gen:  0)
  2824672    632744 884160032  0.004  0.001   22.225   14.702    0    0  (Gen:  0)
  3379248    648968 884554408  0.005  0.001   22.231   14.704    0    0  (Gen:  0)
  3520712    672696 884868560  0.002  0.001   22.238   14.706    0    0  (Gen:  0)
  3173760    761904 885312976  0.002  0.001   22.243   14.707    0    0  (Gen:  0)
  2454400    693592 885648456  0.003  0.000   22.248   14.708    0    0  (Gen:  0)
  2742680    639280 885945744  0.002  0.000   22.252   14.709    0    0  (Gen:  0)
  2523192    609400 886237400  0.001  0.000   22.256   14.710    0    0  (Gen:  0)
  2980904    649656 886567056  0.003  0.001   22.260   14.712    0    0  (Gen:  0)
  3373680    697416 887012856  0.003  0.001   22.266   14.713    0    0  (Gen:  0)
  3121760   1003760 887599392  0.005  0.001   22.274   14.715    0    0  (Gen:  0)
  3147584    984464 888308848  0.005  0.001   22.280   14.717    0    0  (Gen:  0)
  2768936    830464 888707320  0.003  0.001   22.285   14.718    0    0  (Gen:  0)
  2662288    759984 889086280  0.003  0.001   22.289   14.719    0    0  (Gen:  0)
  2665048    742080 889468696  0.004  0.001   22.293   14.720    0    0  (Gen:  0)
  2873232    747224 889907336  0.004  0.001   22.298   14.722    0    0  (Gen:  0)
  2318872    612920 890201280  0.002  0.001   22.302   14.723    0    0  (Gen:  0)
  2413736    570400 890491312  0.003  0.000   22.306   14.724    0    0  (Gen:  0)
  2602216    629992 890838584  0.004  0.001   22.310   14.725    0    0  (Gen:  0)
  3170912    677000 891212704  0.005  0.001   22.317   14.727    0    0  (Gen:  0)
  3176216    714504 891660448  0.006  0.001   22.323   14.728    0    0  (Gen:  0)
  2831440    761880 892072704  0.005  0.001   22.329   14.730    0    0  (Gen:  0)
  2201816    741728 892414224  0.004  0.001   22.334   14.731    0    0  (Gen:  0)
  2327856    683824 892758208  0.004  0.001   22.339   14.732    0    0  (Gen:  0)
  2306664    687112 893104416  0.003  0.001   22.343   14.734    0    0  (Gen:  0)
  2160128    690368 893443248  0.003  0.001   22.348   14.735    0    0  (Gen:  0)
  2196440    641624 893735752  0.004  0.001   22.353   14.736    0    0  (Gen:  0)
  2207152    565144 894022320  0.003  0.001   22.358   14.738    0    0  (Gen:  0)
  2283192    407592 894325888  0.002  0.000   22.363   14.739    0    0  (Gen:  0)
  3778712    492240 894587648  0.004  0.001   22.371   14.741    0    0  (Gen:  0)
  2996264    619600 894952992  0.002  0.001   22.376   14.743    0    0  (Gen:  0)
  3524808    648552 895235624  0.003  0.001   22.384   14.745    0    0  (Gen:  0)
  2901280    533928 895497976  0.003  0.001   22.391   14.746    0    0  (Gen:  0)
  2984976    580040 895851656  0.004  0.001   22.398   14.748    0    0  (Gen:  0)
  2123368    562280 896243496  0.004  0.001   22.403   14.750    0    0  (Gen:  0)
  2429360    473808 896595512  0.003  0.001   22.409   14.751    0    0  (Gen:  0)
  2820760    670312 896971088  0.005  0.001   22.416   14.753    0    0  (Gen:  0)
  2549128    613512 897309600  0.003  0.001   22.422   14.755    0    0  (Gen:  0)
  2684800    551200 897580400  0.005  0.001   22.429   14.756    0    0  (Gen:  0)
  2356760    511360 897881592  0.004  0.001   22.434   14.758    0    0  (Gen:  0)
  2374240    377208 898167600  0.002  0.000   22.438   14.759    0    0  (Gen:  0)
  1803248    518664 898540952  0.002  0.001   22.442   14.760    0    0  (Gen:  0)
  1360168    360904 898687520  0.001  0.000   22.445   14.761    0    0  (Gen:  0)
  1627952    310360 898820256  0.001  0.000   22.448   14.763    0    0  (Gen:  0)
  2284512    517456 899151336  0.002  0.001   22.453   14.764    0    0  (Gen:  0)
  2333760    310560 899322152  0.001  0.000   22.457   14.766    0    0  (Gen:  0)
  2509488    355192 899586296  0.001  0.000   22.461   14.767    0    0  (Gen:  0)
  1409448    373176 899804168  0.001  0.001   22.464   14.768    0    0  (Gen:  0)
  1385352    445296 900024640  0.002  0.001   22.468   14.770    0    0  (Gen:  0)
  1544680    354520 900154144  0.001  0.000   22.471   14.771    0    0  (Gen:  0)
  1751648    318776 900329848  0.002  0.000   22.474   14.772    0    0  (Gen:  0)
  1656040    281592 900463216  0.001  0.000   22.478   14.774    0    0  (Gen:  0)
  2012368    340408 900684576  0.001  0.001   22.482   14.775    0    0  (Gen:  0)
  1398128    360952 900904760  0.001  0.000   22.485   14.776    0    0  (Gen:  0)
  1404544    239632 900921120  0.001  0.000   22.487   14.777    0    0  (Gen:  0)
  1354104    326952 901103640  0.001  0.001   22.489   14.778    0    0  (Gen:  0)
  1392504    287808 901171056  0.001  0.000   22.492   14.779    0    0  (Gen:  0)
  1388136    184128 901165240  0.001  0.000   22.494   14.780    0    0  (Gen:  0)
  1368624    152808 901227656  0.000  0.000   22.496   14.781    0    0  (Gen:  0)
  1902552    225032 901366544  0.001  0.000   22.499   14.782    0    0  (Gen:  0)
  1661864    257968 901485568  0.001  0.000   22.502   14.783    0    0  (Gen:  0)
  1575888    231872 901597200  0.001  0.000   22.506   14.785    0    0  (Gen:  0)
  1599936    232376 901717536  0.001  0.000   22.509   14.786    0    0  (Gen:  0)
  1653600    242608 901829776  0.001  0.000   22.512   14.787    0    0  (Gen:  0)
  1295584    240160 901938568  0.001  0.000   22.514   14.788    0    0  (Gen:  0)
  1686248    207136 902024200  0.001  0.000   22.517   14.789    0    0  (Gen:  0)
  1544736    232232 902132920  0.001  0.000   22.520   14.791    0    0  (Gen:  0)
  1539000    225968 902243760  0.001  0.000   22.523   14.792    0    0  (Gen:  0)
  1707368    222568 902348344  0.001  0.000   22.526   14.793    0    0  (Gen:  0)
  1788408    282664 902506768  0.001  0.000   22.529   14.794    0    0  (Gen:  0)
  1600752    332968 902708088  0.001  0.000   22.533   14.796    0    0  (Gen:  0)
  1415424    318576 902898744  0.001  0.001   22.536   14.797    0    0  (Gen:  0)
  1389360    237824 902935512  0.001  0.000   22.538   14.798    0    0  (Gen:  0)
  1299680    167848 902954904  0.001  0.000   22.540   14.799    0    0  (Gen:  0)
  1323872    296176 903153368  0.001  0.001   22.543   14.800    0    0  (Gen:  0)
  1310952    223616 903174952  0.001  0.000   22.545   14.800    0    0  (Gen:  0)
  1384816    149232 903190032  0.001  0.000   22.547   14.801    0    0  (Gen:  0)
  1925224    222664 903364504  0.001  0.001   22.551   14.803    0    0  (Gen:  0)
  1699424    241856 903455248  0.001  0.000   22.554   14.804    0    0  (Gen:  0)
  1652264    227432 903568872  0.001  0.000   22.557   14.806    0    0  (Gen:  0)
  1623576    203480 903693528  0.001  0.000   22.560   14.807    0    0  (Gen:  0)
  1557984    254192 903840720  0.001  0.000   22.563   14.808    0    0  (Gen:  0)
  1340624    205360 903897120  0.001  0.000   22.565   14.809    0    0  (Gen:  0)
  1800784    231472 904038528  0.001  0.000   22.569   14.810    0    0  (Gen:  0)
  1752720    295184 904192880  0.001  0.000   22.572   14.812    0    0  (Gen:  0)
  1330280    231392 904272664  0.001  0.000   22.574   14.812    0    0  (Gen:  0)
  1401816    140880 904327976  0.001  0.000   22.577   14.814    0    0  (Gen:  0)
  1468368    187264 904473968  0.001  0.000   22.580   14.815    0    0  (Gen:  0)
  1604728    250952 904659440  0.001  0.000   22.583   14.816    0    0  (Gen:  0)
  1406792    291472 904901256  0.002  0.000   22.587   14.818    0    0  (Gen:  0)
  1553616    400592 905083800  0.002  0.001   22.591   14.819    0    0  (Gen:  0)
  1574560    466264 905343560  0.002  0.001   22.595   14.821    0    0  (Gen:  0)
  1510416    516416 905640768  0.002  0.001   22.600   14.823    0    0  (Gen:  0)
  1918432    525096 905916800  0.002  0.001   22.605   14.825    0    0  (Gen:  0)
  1414352    454128 906149216  0.002  0.001   22.609   14.826    0    0  (Gen:  0)
  1197032    327632 906298160  0.001  0.001   22.612   14.827    0    0  (Gen:  0)
  1257760    293152 906441496  0.001  0.000   22.615   14.828    0    0  (Gen:  0)
  1201512    285048 906593344  0.001  0.000   22.618   14.829    0    0  (Gen:  0)
  1394312    337000 906799936  0.001  0.001   22.621   14.831    0    0  (Gen:  0)
  1870320    445440 907112440  0.001  0.001   22.624   14.832    0    0  (Gen:  0)
  1548512    225368 907205632  0.001  0.000   22.627   14.833    0    0  (Gen:  0)
  1465920    279960 907396968  0.001  0.000   22.629   14.833    0    0  (Gen:  0)
  1495328 763720568 793759416  1.849  0.570   24.479   15.404    0    0  (Gen:  1)
  2337288    426856 794023768  0.002  0.001   24.483   15.406    0    0  (Gen:  0)
  1696256    438048 794354384  0.001  0.001   24.486   15.407    0    0  (Gen:  0)
  1772688    583616 794761192  0.002  0.001   24.490   15.408    0    0  (Gen:  0)
  1770312    681984 795099168  0.002  0.001   24.493   15.409    0    0  (Gen:  0)
  1644608    701336 795462096  0.002  0.001   24.496   15.411    0    0  (Gen:  0)
  1627608    695416 795829104  0.002  0.001   24.500   15.412    0    0  (Gen:  0)
  1649392    674416 796177656  0.002  0.001   24.504   15.413    0    0  (Gen:  0)
  1649120    680392 796537808  0.002  0.001   24.508   15.414    0    0  (Gen:  0)
  1505864    693776 796896112  0.002  0.001   24.511   15.416    0    0  (Gen:  0)
  2078696    645496 797212592  0.002  0.001   24.514   15.417    0    0  (Gen:  0)
  1553752    416856 797321768  0.002  0.001   24.518   15.418    0    0  (Gen:  0)
  2100576    524776 797677376  0.001  0.001   24.521   15.419    0    0  (Gen:  0)
  1944208    536816 798142128  0.002  0.001   24.525   15.420    0    0  (Gen:  0)
  1532624    421280 798479768  0.002  0.001   24.528   15.422    0    0  (Gen:  0)
  1519392    358136 798690224  0.002  0.001   24.531   15.423    0    0  (Gen:  0)
  1535312    166616 798864768  0.001  0.000   24.534   15.424    0    0  (Gen:  0)
  1256368    141264 798846944  0.000  0.000   24.536   15.425    0    0  (Gen:  0)
  1300832    278912 799138024  0.001  0.000   24.538   15.427    0    0  (Gen:  0)
  1041576    462192 799339960  0.002  0.001   24.542   15.429    0    0  (Gen:  0)
  1027488    332376 799463832  0.002  0.001   24.545   15.430    0    0  (Gen:  0)
  1028336    175488 799557008  0.001  0.000   24.547   15.431    0    0  (Gen:  0)
  1033144    159960 799632720  0.001  0.000   24.550   15.433    0    0  (Gen:  0)
  1035416    211976 799772448  0.002  0.001   24.553   15.435    0    0  (Gen:  0)
  1036792    271040 799908144  0.002  0.001   24.557   15.437    0    0  (Gen:  0)
  1034672    217448 799993784  0.002  0.001   24.560   15.439    0    0  (Gen:  0)
  1038824    129256 800040104  0.001  0.000   24.563   15.441    0    0  (Gen:  0)
  1040872    337872 800328728  0.003  0.001   24.567   15.442    0    0  (Gen:  0)
  1042744    413664 800508816  0.003  0.001   24.570   15.444    0    0  (Gen:  0)
  1068904     89520 800585024  0.001  0.000   24.572   15.445    0    0  (Gen:  0)
  1275136    308840 800889840  0.002  0.000   24.574   15.447    0    0  (Gen:  0)
  1040616    497328 801115968  0.002  0.001   24.578   15.448    0    0  (Gen:  0)
  1033208    373696 801265344  0.002  0.001   24.580   15.449    0    0  (Gen:  0)
  1026488    193920 801385648  0.002  0.000   24.583   15.451    0    0  (Gen:  0)
  1029784    195496 801474816  0.002  0.000   24.586   15.452    0    0  (Gen:  0)
  1033696    131760 801521304  0.001  0.000   24.588   15.454    0    0  (Gen:  0)
  1033560     45248 801536688  0.000  0.000   24.590   15.456    0    0  (Gen:  0)
  1036848    105072 801630336  0.001  0.000   24.592   15.457    0    0  (Gen:  0)
  1036984    218976 801758176  0.002  0.001   24.596   15.459    0    0  (Gen:  0)
  1036472    243616 801879656  0.002  0.001   24.599   15.461    0    0  (Gen:  0)
  1037424    229136 801984096  0.002  0.001   24.603   15.463    0    0  (Gen:  0)
  1037216    229928 802117656  0.002  0.001   24.606   15.464    0    0  (Gen:  0)
  1034056    262488 802250976  0.002  0.001   24.610   15.466    0    0  (Gen:  0)
  1037480    201816 802326368  0.002  0.001   24.613   15.469    0    0  (Gen:  0)
  1037992     91752 802351088  0.001  0.000   24.616   15.471    0    0  (Gen:  0)
  1037952    266448 802582408  0.003  0.001   24.620   15.472    0    0  (Gen:  0)
  1040176    436640 802823272  0.004  0.001   24.624   15.474    0    0  (Gen:  0)
  1042488    381736 803000352  0.003  0.001   24.627   15.476    0    0  (Gen:  0)
  1025584    128856 803118888  0.001  0.000   24.629   15.477    0    0  (Gen:  0)
  1142744    206496 803285664  0.001  0.000   24.632   15.478    0    0  (Gen:  0)
  1042648    370688 803517184  0.002  0.001   24.634   15.480    0    0  (Gen:  0)
  1032144    292368 803600128  0.002  0.001   24.637   15.481    0    0  (Gen:  0)
  1036256    147952 803690312  0.001  0.000   24.640   15.483    0    0  (Gen:  0)
  1040792    268920 803846144  0.002  0.001   24.642   15.484    0    0  (Gen:  0)
  1506664    133552 804004968  0.001  0.000   24.644   15.485    0    0  (Gen:  0)
  1961632    518720 804448328  0.002  0.001   24.647   15.487    0    0  (Gen:  0)
  1940888    768752 804841496  0.002  0.001   24.651   15.488    0    0  (Gen:  0)
  1683000    494232 804943464  0.002  0.001   24.655   15.489    0    0  (Gen:  0)
  1575232    423440 805260608  0.002  0.001   24.659   15.491    0    0  (Gen:  0)
  1380472    504200 805581944  0.002  0.001   24.662   15.492    0    0  (Gen:  0)
  1598360    336792 805801440  0.002  0.000   24.665   15.493    0    0  (Gen:  0)
  1623848    491912 806090504  0.001  0.000   24.668   15.495    0    0  (Gen:  0)
  1789048    292392 806305904  0.002  0.001   24.672   15.496    0    0  (Gen:  0)
  1040384    283568 806399192  0.002  0.000   24.674   15.497    0    0  (Gen:  0)
  1022216    191328 806523112  0.001  0.000   24.677   15.498    0    0  (Gen:  0)
  1034712    218944 806634160  0.002  0.000   24.679   15.500    0    0  (Gen:  0)
  1033688    209144 806759984  0.002  0.000   24.682   15.501    0    0  (Gen:  0)
  1031744    223472 806883872  0.002  0.001   24.685   15.503    0    0  (Gen:  0)
  1029744    234024 807016528  0.002  0.001   24.687   15.504    0    0  (Gen:  0)
  1027736    237088 807149840  0.002  0.001   24.690   15.506    0    0  (Gen:  0)
  1698088    235376 807284680  0.002  0.001   24.694   15.507    0    0  (Gen:  0)
  1027216    240296 807423096  0.002  0.001   24.696   15.509    0    0  (Gen:  0)
  1027808    242520 807548064  0.002  0.001   24.699   15.510    0    0  (Gen:  0)
  1025288    224760 807669208  0.002  0.001   24.702   15.512    0    0  (Gen:  0)
  1035712    197624 807764232  0.002  0.000   24.705   15.513    0    0  (Gen:  0)
  1032896    101024 807803760  0.001  0.000   24.707   15.515    0    0  (Gen:  0)
  1029536    146056 807911056  0.001  0.000   24.709   15.516    0    0  (Gen:  0)
  1035880    180392 807957536  0.001  0.000   24.711   15.517    0    0  (Gen:  0)
  1033200    173704 808039688  0.001  0.000   24.714   15.519    0    0  (Gen:  0)
  1033768    134728 808108184  0.001  0.000   24.716   15.520    0    0  (Gen:  0)
  1031696    149984 808188024  0.001  0.000   24.719   15.522    0    0  (Gen:  0)
  1033704    158312 808268344  0.001  0.000   24.721   15.523    0    0  (Gen:  0)
  1034856    142712 808321672  0.001  0.000   24.723   15.524    0    0  (Gen:  0)
  1035752    146200 808397888  0.001  0.000   24.726   15.526    0    0  (Gen:  0)
  1031256    143224 808465632  0.001  0.000   24.729   15.528    0    0  (Gen:  0)
  1109016    227512 808685816  0.001  0.000   24.732   15.530    0    0  (Gen:  0)
  1040032    175624 808747296  0.001  0.000   24.735   15.533    0    0  (Gen:  0)
  1037272     23784 808736592  0.000  0.000   24.739   15.536    0    0  (Gen:  0)
  1039248     18720 808745600  0.000  0.000   24.742   15.538    0    0  (Gen:  0)
  1039104     45232 808787944  0.000  0.000   24.745   15.541    0    0  (Gen:  0)
  1038664    204392 808961464  0.001  0.000   24.746   15.542    0    0  (Gen:  0)
  1039056    264248 809118608  0.001  0.000   24.748   15.543    0    0  (Gen:  0)
  1029840    270464 809259704  0.001  0.000   24.750   15.544    0    0  (Gen:  0)
  1036448    274264 809420032  0.001  0.000   24.753   15.545    0    0  (Gen:  0)
  1036608    266432 809587488  0.001  0.000   24.755   15.547    0    0  (Gen:  0)
  1038008    249800 809725960  0.001  0.000   24.757   15.548    0    0  (Gen:  0)
  1035112    206040 809823960  0.001  0.000   24.759   15.549    0    0  (Gen:  0)
  1070432    153472 809944712  0.001  0.000   24.761   15.550    0    0  (Gen:  0)
  1035112    107184 809991608  0.001  0.000   24.764   15.553    0    0  (Gen:  0)
  1036008     39600 810004544  0.000  0.000   24.766   15.554    0    0  (Gen:  0)
  1036680     25440 810014496  0.000  0.000   24.767   15.555    0    0  (Gen:  0)
  1036544     33080 810036192  0.000  0.000   24.769   15.556    0    0  (Gen:  0)
  1036120     70824 810091944  0.000  0.000   24.771   15.558    0    0  (Gen:  0)
  1030448    160984 810201200  0.001  0.000   24.773   15.559    0    0  (Gen:  0)
  1033840    223728 810311376  0.001  0.001   24.776   15.561    0    0  (Gen:  0)
  1037720    226496 810428792  0.001  0.001   24.779   15.563    0    0  (Gen:  0)
  1037768    231400 810540480  0.002  0.001   24.783   15.565    0    0  (Gen:  0)
  1036240    241960 810670328  0.001  0.001   24.786   15.567    0    0  (Gen:  0)
  1035400    268176 810806328  0.001  0.001   24.789   15.568    0    0  (Gen:  0)
  1036632    258448 810928016  0.002  0.001   24.793   15.570    0    0  (Gen:  0)
  1036384    219640 811033288  0.001  0.001   24.795   15.572    0    0  (Gen:  0)
  1035200    218816 811146608  0.001  0.001   24.798   15.574    0    0  (Gen:  0)
  1034976    231624 811268696  0.001  0.000   24.801   15.575    0    0  (Gen:  0)
  1038336    232072 811383800  0.001  0.001   24.805   15.577    0    0  (Gen:  0)
  1039856    215344 811491232  0.001  0.001   24.808   15.579    0    0  (Gen:  0)
  1037024    215272 811598352  0.001  0.001   24.811   15.581    0    0  (Gen:  0)
  1036440    218472 811710016  0.001  0.001   24.814   15.582    0    0  (Gen:  0)
  1037808    213888 811815696  0.001  0.001   24.817   15.584    0    0  (Gen:  0)
  1036952    216304 811926656  0.001  0.001   24.820   15.586    0    0  (Gen:  0)
  1071584    220752 812071776  0.001  0.001   24.823   15.587    0    0  (Gen:  0)
  1037824    224968 812186240  0.001  0.001   24.826   15.589    0    0  (Gen:  0)
  1037160    224920 812298520  0.001  0.001   24.829   15.590    0    0  (Gen:  0)
  1036816    225480 812416384  0.001  0.001   24.831   15.592    0    0  (Gen:  0)
  1036648    236376 812531496  0.001  0.001   24.834   15.594    0    0  (Gen:  0)
  1037136    232056 812649096  0.001  0.001   24.838   15.595    0    0  (Gen:  0)
  1036568    228304 812760952  0.001  0.001   24.841   15.597    0    0  (Gen:  0)
  1037872    224776 812871840  0.001  0.001   24.844   15.599    0    0  (Gen:  0)
  1070104    224728 813018224  0.001  0.001   24.847   15.600    0    0  (Gen:  0)
  1036800    222216 813125760  0.002  0.001   24.851   15.602    0    0  (Gen:  0)
  1036288    217880 813239312  0.001  0.001   24.853   15.604    0    0  (Gen:  0)
  1037000    226520 813355624  0.001  0.001   24.856   15.606    0    0  (Gen:  0)
  1091648    355400 813596432  0.001  0.000   24.859   15.607    0    0  (Gen:  0)
  1257720    195592 813559856  0.001  0.001   24.862   15.609    0    0  (Gen:  0)
  1037472    224776 813664464  0.002  0.001   24.866   15.610    0    0  (Gen:  0)
  1036504    227488 813787720  0.001  0.001   24.869   15.612    0    0  (Gen:  0)
  1032968    239272 813910752  0.001  0.001   24.872   15.614    0    0  (Gen:  0)
  1036576    273296 814066192  0.001  0.000   24.875   15.615    0    0  (Gen:  0)
  1039424    279992 814194192  0.001  0.001   24.877   15.617    0    0  (Gen:  0)
  1040360    252264 814316064  0.001  0.001   24.880   15.619    0    0  (Gen:  0)
  1039912    264120 814456432  0.001  0.001   24.883   15.620    0    0  (Gen:  0)
  1038792    262568 814581928  0.001  0.001   24.886   15.622    0    0  (Gen:  0)
  1040312    267464 814721424  0.001  0.001   24.889   15.623    0    0  (Gen:  0)
  1039664    268408 814848088  0.001  0.000   24.892   15.624    0    0  (Gen:  0)
  1038528    215616 814939272  0.001  0.000   24.894   15.626    0    0  (Gen:  0)
  1038184    180544 815032768  0.001  0.000   24.897   15.628    0    0  (Gen:  0)
  1070984    178776 815155808  0.001  0.000   24.900   15.630    0    0  (Gen:  0)
  1036192    236232 815270904  0.001  0.000   24.902   15.631    0    0  (Gen:  0)
  1036576    260384 815395176  0.001  0.000   24.905   15.633    0    0  (Gen:  0)
  1034720    239344 815517464  0.001  0.001   24.909   15.635    0    0  (Gen:  0)
  1035376    240016 815642256  0.002  0.001   24.914   15.638    0    0  (Gen:  0)
  1067744    240656 815798736  0.001  0.001   24.918   15.641    0    0  (Gen:  0)
  1035576    240816 815922384  0.001  0.000   24.921   15.643    0    0  (Gen:  0)
  1034520    301776 816107768  0.002  0.001   24.924   15.644    0    0  (Gen:  0)
  1037088    323080 816255608  0.002  0.001   24.927   15.646    0    0  (Gen:  0)
  1069888    291712 816436400  0.002  0.001   24.930   15.648    0    0  (Gen:  0)
  1037752    292496 816585680  0.002  0.001   24.934   15.650    0    0  (Gen:  0)
  1033840    243680 816684592  0.002  0.001   24.937   15.652    0    0  (Gen:  0)
  1031704    269984 816831592  0.002  0.001   24.940   15.653    0    0  (Gen:  0)
  1036736    268880 816955696  0.002  0.001   24.943   15.655    0    0  (Gen:  0)
  1034144    259200 817086472  0.002  0.001   24.946   15.657    0    0  (Gen:  0)
  1038712    254840 817208352  0.002  0.001   24.949   15.658    0    0  (Gen:  0)
  1035992    254608 817343304  0.002  0.001   24.953   15.660    0    0  (Gen:  0)
  1040120    256352 817463000  0.002  0.001   24.956   15.662    0    0  (Gen:  0)
  1035160    260976 817599744  0.002  0.001   24.960   15.664    0    0  (Gen:  0)
  1039440    252592 817713664  0.002  0.001   24.963   15.665    0    0  (Gen:  0)
  1037224    251816 817844600  0.002  0.001   24.966   15.667    0    0  (Gen:  0)
  1037848    254840 817967400  0.002  0.001   24.969   15.669    0    0  (Gen:  0)
  1037216    251232 818083864  0.002  0.001   24.973   15.671    0    0  (Gen:  0)
  1037384    237240 818203680  0.002  0.001   24.976   15.672    0    0  (Gen:  0)
  1035840    274904 818356832  0.002  0.001   24.979   15.674    0    0  (Gen:  0)
  1037112    296184 818504200  0.002  0.001   24.983   15.676    0    0  (Gen:  0)
  1034400    269072 818629536  0.002  0.001   24.986   15.678    0    0  (Gen:  0)
  1039528    270608 818754928  0.002  0.001   24.989   15.680    0    0  (Gen:  0)
  1040984    264088 818891504  0.002  0.001   24.992   15.681    0    0  (Gen:  0)
  1040040    225888 818981904  0.002  0.000   24.996   15.683    0    0  (Gen:  0)
  1034736    208856 819103120  0.002  0.000   24.998   15.685    0    0  (Gen:  0)
  1036880    255688 819234448  0.002  0.001   25.002   15.686    0    0  (Gen:  0)
  1036904    264136 819373104  0.002  0.001   25.005   15.688    0    0  (Gen:  0)
  1035592    270840 819507368  0.002  0.001   25.009   15.690    0    0  (Gen:  0)
  1039040    251704 819622328  0.002  0.001   25.012   15.692    0    0  (Gen:  0)
  1036152    253504 819755496  0.002  0.001   25.015   15.693    0    0  (Gen:  0)
  1037736    256640 819877904  0.002  0.001   25.019   15.695    0    0  (Gen:  0)
  1034360    285288 820038896  0.003  0.001   25.022   15.697    0    0  (Gen:  0)
  1039360    262056 820144152  0.002  0.001   25.026   15.699    0    0  (Gen:  0)
  1037968    240848 820279352  0.002  0.001   25.029   15.701    0    0  (Gen:  0)
  1038720    245872 820393296  0.002  0.001   25.032   15.702    0    0  (Gen:  0)
  1034488    253400 820532328  0.002  0.001   25.036   15.704    0    0  (Gen:  0)
  1034584    238264 820631168  0.002  0.001   25.040   15.707    0    0  (Gen:  0)
  1029904    265440 820801656  0.002  0.001   25.043   15.709    0    0  (Gen:  0)
  1030384    335896 820973632  0.003  0.001   25.048   15.711    0    0  (Gen:  0)
  1685080    328344 821139632  0.003  0.001   25.052   15.713    0    0  (Gen:  0)
  1039592    195960 821181192  0.001  0.000   25.055   15.714    0    0  (Gen:  0)
  1033272    216392 821367072  0.001  0.000   25.057   15.716    0    0  (Gen:  0)
  1035072    227016 821453528  0.002  0.001   25.061   15.719    0    0  (Gen:  0)
  1037368    116464 821490624  0.001  0.000   25.064   15.721    0    0  (Gen:  0)
  1039096    137280 821586128  0.001  0.000   25.066   15.722    0    0  (Gen:  0)
  1039480    281864 821773072  0.002  0.001   25.069   15.723    0    0  (Gen:  0)
  1040872    315568 821950608  0.002  0.001   25.072   15.724    0    0  (Gen:  0)
  1036752    253328 822018760  0.002  0.000   25.074   15.726    0    0  (Gen:  0)
  1039240    202808 822127856  0.001  0.000   25.076   15.727    0    0  (Gen:  0)
  1039136    189016 822218984  0.001  0.000   25.079   15.729    0    0  (Gen:  0)
  1041024    249304 822406528  0.002  0.001   25.082   15.730    0    0  (Gen:  0)
  1040848    315336 822584832  0.002  0.001   25.084   15.731    0    0  (Gen:  0)
  1037912    194400 822592632  0.001  0.000   25.086   15.732    0    0  (Gen:  0)
  1037712    209032 822728640  0.001  0.000   25.089   15.734    0    0  (Gen:  0)
  1039840    189832 822803536  0.001  0.000   25.091   15.735    0    0  (Gen:  0)
  1038672    172696 822914024  0.001  0.000   25.094   15.737    0    0  (Gen:  0)
  1035736     67176 822941920  0.001  0.000   25.097   15.739    0    0  (Gen:  0)
  1040912     96072 823002632  0.001  0.000   25.100   15.741    0    0  (Gen:  0)
  1039528    110576 823054104  0.001  0.000   25.102   15.743    0    0  (Gen:  0)
  1039272    126056 823114240  0.001  0.000   25.105   15.745    0    0  (Gen:  0)
  1039320    153360 823200704  0.001  0.000   25.107   15.746    0    0  (Gen:  0)
  1038304    126200 823232000  0.001  0.000   25.109   15.747    0    0  (Gen:  0)
  1037912    116952 823285392  0.001  0.000   25.111   15.749    0    0  (Gen:  0)
  1039152    129928 823357280  0.001  0.000   25.114   15.750    0    0  (Gen:  0)
  1039208    127272 823416520  0.001  0.000   25.116   15.752    0    0  (Gen:  0)
  1040456    132768 823479064  0.001  0.000   25.118   15.753    0    0  (Gen:  0)
  1039776    123176 823537880  0.001  0.000   25.119   15.754    0    0  (Gen:  0)
  1038736    136264 823606096  0.001  0.000   25.122   15.756    0    0  (Gen:  0)
  1037272    117752 823649136  0.001  0.000   25.125   15.758    0    0  (Gen:  0)
  1039576    202728 823791048  0.002  0.000   25.127   15.760    0    0  (Gen:  0)
  1037016    136032 823797360  0.001  0.000   25.129   15.761    0    0  (Gen:  0)
  1040392    191432 823905936  0.002  0.000   25.132   15.762    0    0  (Gen:  0)
  1039088    142832 823929712  0.001  0.000   25.133   15.763    0    0  (Gen:  0)
  1038928    147936 823992192  0.001  0.000   25.136   15.765    0    0  (Gen:  0)
  1038048    109672 824031472  0.001  0.000   25.139   15.767    0    0  (Gen:  0)
  1039392    119040 824089688  0.001  0.000   25.141   15.769    0    0  (Gen:  0)
  1038872    116880 824151728  0.001  0.000   25.143   15.770    0    0  (Gen:  0)
  1039112    125952 824209432  0.001  0.000   25.146   15.772    0    0  (Gen:  0)
  1039376    108008 824258480  0.001  0.000   25.148   15.773    0    0  (Gen:  0)
  1039520    125240 824328152  0.001  0.000   25.151   15.775    0    0  (Gen:  0)
  1039800    135344 824398936  0.001  0.000   25.153   15.776    0    0  (Gen:  0)
  1039024    127224 824457928  0.001  0.000   25.155   15.777    0    0  (Gen:  0)
  1039480    121536 824508792  0.001  0.000   25.157   15.779    0    0  (Gen:  0)
  1039376     93704 824544776  0.001  0.000   25.159   15.780    0    0  (Gen:  0)
  1040896     83736 824590224  0.001  0.000   25.161   15.781    0    0  (Gen:  0)
  1040576     83888 824617688  0.001  0.000   25.162   15.782    0    0  (Gen:  0)
  1040560    116776 824684592  0.001  0.000   25.164   15.783    0    0  (Gen:  0)
  1040456     97288 824702896  0.001  0.000   25.166   15.784    0    0  (Gen:  0)
  1040576     96136 824749704  0.001  0.000   25.168   15.786    0    0  (Gen:  0)
  1040008    105424 824795592  0.001  0.000   25.170   15.787    0    0  (Gen:  0)
  1039672     84816 824832056  0.001  0.000   25.172   15.788    0    0  (Gen:  0)
  1039904     87072 824866544  0.001  0.000   25.173   15.790    0    0  (Gen:  0)
  1039624     78760 824888416  0.001  0.000   25.175   15.791    0    0  (Gen:  0)
  1041120     89600 824938944  0.001  0.000   25.177   15.792    0    0  (Gen:  0)
  1040264    107704 824989856  0.001  0.000   25.179   15.793    0    0  (Gen:  0)
  1039336     88976 825010832  0.001  0.000   25.181   15.794    0    0  (Gen:  0)
  1040816     78376 825049248  0.001  0.000   25.182   15.795    0    0  (Gen:  0)
  1040976     75888 825067664  0.001  0.000   25.184   15.797    0    0  (Gen:  0)
  1041136     65800 825097216  0.001  0.000   25.185   15.798    0    0  (Gen:  0)
  1040568     71352 825136488  0.001  0.000   25.187   15.799    0    0  (Gen:  0)
  1040688    125816 825219808  0.001  0.000   25.189   15.800    0    0  (Gen:  0)
  1040224     97112 825221880  0.001  0.000   25.190   15.801    0    0  (Gen:  0)
  1039440     93544 825255280  0.001  0.000   25.192   15.802    0    0  (Gen:  0)
  1040616    103496 825304712  0.001  0.000   25.194   15.803    0    0  (Gen:  0)
  1036128     99048 825351472  0.001  0.000   25.196   15.804    0    0  (Gen:  0)
  1040632    129928 825432152  0.001  0.000   25.197   15.805    0    0  (Gen:  0)
  1040368     94664 825453280  0.001  0.000   25.199   15.806    0    0  (Gen:  0)
  1040832     96320 825495176  0.001  0.000   25.201   15.807    0    0  (Gen:  0)
  1040632    114648 825553576  0.001  0.000   25.203   15.808    0    0  (Gen:  0)
  1041056     99480 825586808  0.001  0.000   25.204   15.809    0    0  (Gen:  0)
  1041552    119584 825648088  0.001  0.000   25.207   15.811    0    0  (Gen:  0)
  1039952     93280 825685824  0.001  0.000   25.209   15.812    0    0  (Gen:  0)
  1040424     75272 825714472  0.001  0.000   25.210   15.813    0    0  (Gen:  0)
  1480240    224440 825895688  0.001  0.000   25.212   15.814    0    0  (Gen:  0)
  1255528     86672 825788664  0.001  0.000   25.214   15.816    0    0  (Gen:  0)
  1040224    110312 825847816  0.001  0.000   25.216   15.817    0    0  (Gen:  0)
  1040352     78536 825855888  0.001  0.000   25.218   15.818    0    0  (Gen:  0)
  1041176     81288 825902032  0.001  0.000   25.219   15.819    0    0  (Gen:  0)
  1039936     97720 825941648  0.001  0.000   25.221   15.820    0    0  (Gen:  0)
  1041344    105560 825993520  0.001  0.000   25.223   15.821    0    0  (Gen:  0)
  1041240    101936 826030976  0.001  0.000   25.225   15.822    0    0  (Gen:  0)
  1040720    103600 826079048  0.001  0.000   25.227   15.824    0    0  (Gen:  0)
  1041152     89320 826103256  0.001  0.000   25.229   15.825    0    0  (Gen:  0)
  1040560     63648 826127240  0.000  0.000   25.230   15.826    0    0  (Gen:  0)
  1039200     85896 826178904  0.001  0.000   25.232   15.827    0    0  (Gen:  0)
  1040648    101752 826225768  0.001  0.000   25.234   15.828    0    0  (Gen:  0)
  1040480     99808 826260312  0.001  0.000   25.236   15.829    0    0  (Gen:  0)
  1040760     97040 826304392  0.001  0.000   25.237   15.831    0    0  (Gen:  0)
  1040536     89760 826335032  0.001  0.000   25.239   15.832    0    0  (Gen:  0)
  1041296     85464 826375000  0.001  0.000   25.241   15.833    0    0  (Gen:  0)
  1040640    233120 826553872  0.002  0.001   25.243   15.834    0    0  (Gen:  0)
  1040480    197560 826565480  0.001  0.000   25.245   15.835    0    0  (Gen:  0)
  1040544    141192 826569304  0.001  0.000   25.247   15.836    0    0  (Gen:  0)
  1039352    190104 826666320  0.001  0.000   25.249   15.837    0    0  (Gen:  0)
  1040304    130984 826660192  0.001  0.000   25.251   15.838    0    0  (Gen:  0)
  1039968     97560 826678928  0.001  0.000   25.253   15.839    0    0  (Gen:  0)
  1040568     98824 826724864  0.001  0.000   25.255   15.840    0    0  (Gen:  0)
  1040536    100768 826773328  0.001  0.000   25.256   15.841    0    0  (Gen:  0)
  1039872    102528 826825616  0.001  0.000   25.258   15.842    0    0  (Gen:  0)
  1040304    155872 826918376  0.001  0.000   25.260   15.843    0    0  (Gen:  0)
  1041536     98080 826917728  0.001  0.000   25.262   15.844    0    0  (Gen:  0)
  1040336     95216 826961552  0.001  0.000   25.263   15.846    0    0  (Gen:  0)
  1040216    106392 827012160  0.001  0.000   25.265   15.847    0    0  (Gen:  0)
  1041136     99160 827055320  0.001  0.000   25.267   15.848    0    0  (Gen:  0)
  1041128    176592 827173288  0.001  0.000   25.269   15.849    0    0  (Gen:  0)
  1041464    202552 827315376  0.001  0.000   25.271   15.850    0    0  (Gen:  0)
  1040032    156520 827310280  0.001  0.000   25.273   15.851    0    0  (Gen:  0)
  1040240    109552 827313392  0.000  0.000   25.274   15.852    0    0  (Gen:  0)
  1041112    225064 827477504  0.002  0.000   25.276   15.853    0    0  (Gen:  0)
  1040144    151808 827452008  0.001  0.000   25.278   15.854    0    0  (Gen:  0)
  1040760     92440 827446512  0.001  0.000   25.280   15.855    0    0  (Gen:  0)
  1039936     98608 827492736  0.001  0.000   25.282   15.856    0    0  (Gen:  0)
  1040984    122352 827557968  0.001  0.000   25.283   15.857    0    0  (Gen:  0)
  1040824     95504 827583776  0.001  0.000   25.285   15.858    0    0  (Gen:  0)
  1040144    126920 827655832  0.001  0.000   25.287   15.859    0    0  (Gen:  0)
  1040584    123616 827698176  0.001  0.000   25.289   15.860    0    0  (Gen:  0)
  1041200     97280 827730128  0.001  0.000   25.291   15.861    0    0  (Gen:  0)
  1041024    107024 827781576  0.001  0.000   25.292   15.862    0    0  (Gen:  0)
  1040168    100280 827825368  0.001  0.000   25.294   15.864    0    0  (Gen:  0)
  1040384    101184 827871800  0.001  0.000   25.296   15.865    0    0  (Gen:  0)
  1041264    188720 828007144  0.001  0.000   25.299   15.867    0    0  (Gen:  0)
  1040248    150344 828112920  0.001  0.000   25.302   15.869    0    0  (Gen:  0)
  1041328    120560 828117664  0.001  0.000   25.303   15.870    0    0  (Gen:  0)
  1040392    235232 828280408  0.002  0.001   25.305   15.870    0    0  (Gen:  0)
  1040376    192232 828295840  0.001  0.000   25.308   15.871    0    0  (Gen:  0)
  1040456    136944 828299576  0.001  0.000   25.309   15.872    0    0  (Gen:  0)
  1039560    104472 828315216  0.001  0.000   25.311   15.873    0    0  (Gen:  0)
  1040768    103576 828361872  0.001  0.000   25.313   15.875    0    0  (Gen:  0)
  1041168     99736 828402408  0.001  0.000   25.315   15.876    0    0  (Gen:  0)
  1041032    102976 828455208  0.001  0.000   25.316   15.877    0    0  (Gen:  0)
  1041512     91280 828491952  0.001  0.000   25.318   15.878    0    0  (Gen:  0)
  1042416    151192 828590864  0.001  0.000   25.320   15.879    0    0  (Gen:  0)
  1041000    102640 828591552  0.001  0.000   25.322   15.880    0    0  (Gen:  0)
  1041008     93920 828633872  0.001  0.000   25.323   15.881    0    0  (Gen:  0)
  1041656    130240 828708824  0.001  0.000   25.325   15.882    0    0  (Gen:  0)
  1040360     99480 828726560  0.001  0.000   25.327   15.884    0    0  (Gen:  0)
  1040520     94640 828767568  0.001  0.000   25.329   15.885    0    0  (Gen:  0)
  1041320    189016 828906072  0.001  0.000   25.331   15.886    0    0  (Gen:  0)
  1040048    144624 828904880  0.001  0.000   25.333   15.887    0    0  (Gen:  0)
  1040328    207736 829023504  0.001  0.000   25.335   15.888    0    0  (Gen:  0)
  1040216    204888 829072216  0.002  0.000   25.337   15.889    0    0  (Gen:  0)
  1040072    157000 829071136  0.001  0.000   25.339   15.890    0    0  (Gen:  0)
  1039056     94744 829058072  0.001  0.000   25.340   15.891    0    0  (Gen:  0)
  1041320     93768 829102216  0.001  0.000   25.342   15.892    0    0  (Gen:  0)
  1041448    114872 829161168  0.001  0.000   25.344   15.893    0    0  (Gen:  0)
  1041240     95800 829189616  0.001  0.000   25.346   15.894    0    0  (Gen:  0)
  1041496     94520 829235520  0.001  0.000   25.348   15.896    0    0  (Gen:  0)
  1042256    176376 829356616  0.001  0.000   25.350   15.897    0    0  (Gen:  0)
  1040640     95960 829330848  0.001  0.000   25.352   15.898    0    0  (Gen:  0)
  1041352     88592 829372424  0.001  0.000   25.354   15.899    0    0  (Gen:  0)
  1041368    114856 829434584  0.001  0.000   25.356   15.900    0    0  (Gen:  0)
  1040192     95256 829464640  0.001  0.000   25.357   15.901    0    0  (Gen:  0)
  1041080    100504 829512344  0.001  0.000   25.359   15.903    0    0  (Gen:  0)
  1042776    222064 829679992  0.001  0.000   25.362   15.904    0    0  (Gen:  0)
  1042608    118440 829783304  0.001  0.000   25.364   15.905    0    0  (Gen:  0)
  1040744    151888 829893992  0.001  0.000   25.366   15.907    0    0  (Gen:  0)
  1133992    152112 830009000  0.001  0.000   25.369   15.908    0    0  (Gen:  0)
  1032296    182768 830156056  0.002  0.000   25.371   15.910    0    0  (Gen:  0)
  1036072    468496 830473752  0.004  0.001   25.376   15.911    0    0  (Gen:  0)
  1041528    339440 830556352  0.003  0.001   25.379   15.913    0    0  (Gen:  0)
  1040680    417064 830820080  0.003  0.001   25.383   15.915    0    0  (Gen:  0)
  1039664    458448 831067840  0.004  0.001   25.388   15.917    0    0  (Gen:  0)
  1039728    434976 831315048  0.003  0.001   25.392   15.919    0    0  (Gen:  0)
  1693888    447696 831573264  0.004  0.001   25.397   15.921    0    0  (Gen:  0)
  1039520    447072 831841392  0.004  0.001   25.402   15.923    0    0  (Gen:  0)
  1040320    468984 832111720  0.004  0.001   25.407   15.925    0    0  (Gen:  0)
  1038552    477504 832388832  0.003  0.001   25.411   15.927    0    0  (Gen:  0)
  1036936    487832 832657800  0.003  0.001   25.415   15.928    0    0  (Gen:  0)
  1038248    394496 832814104  0.003  0.001   25.418   15.930    0    0  (Gen:  0)
  1037960    274592 832934168  0.002  0.001   25.421   15.931    0    0  (Gen:  0)
  1038832    257136 833072984  0.002  0.000   25.423   15.932    0    0  (Gen:  0)
  1037312    267232 833223104  0.002  0.001   25.425   15.933    0    0  (Gen:  0)
  1037024    222616 833322240  0.001  0.000   25.427   15.934    0    0  (Gen:  0)
  1036096    176352 833395264  0.001  0.000   25.428   15.934    0    0  (Gen:  0)
  1036000    180840 833496848  0.001  0.000   25.430   15.935    0    0  (Gen:  0)
  1036992    204208 833599032  0.001  0.000   25.432   15.936    0    0  (Gen:  0)
  1036616    205472 833703560  0.001  0.000   25.433   15.937    0    0  (Gen:  0)
  1038224    284760 833884608  0.002  0.001   25.436   15.938    0    0  (Gen:  0)
  1039152    364144 834099096  0.003  0.001   25.440   15.940    0    0  (Gen:  0)
  1040104    416432 834347840  0.003  0.001   25.444   15.941    0    0  (Gen:  0)
  1038288    341256 834517288  0.002  0.001   25.447   15.943    0    0  (Gen:  0)
  1038344    294984 834668952  0.002  0.001   25.449   15.944    0    0  (Gen:  0)
  1038312    297808 834835072  0.002  0.001   25.452   15.945    0    0  (Gen:  0)
  1038776    259488 834952672  0.002  0.001   25.455   15.946    0    0  (Gen:  0)
  1039000    271352 835114736  0.002  0.001   25.457   15.947    0    0  (Gen:  0)
  1037728    285104 835263288  0.002  0.001   25.460   15.949    0    0  (Gen:  0)
  1040416    349088 835479792  0.003  0.001   25.463   15.950    0    0  (Gen:  0)
  1038072    305464 835612992  0.002  0.001   25.466   15.951    0    0  (Gen:  0)
  1037816    220056 835714672  0.001  0.000   25.468   15.952    0    0  (Gen:  0)
  1036928    202920 835818904  0.001  0.000   25.470   15.953    0    0  (Gen:  0)
  1039016    289608 836005576  0.002  0.001   25.473   15.954    0    0  (Gen:  0)
  1039016    303104 836155512  0.002  0.001   25.476   15.956    0    0  (Gen:  0)
  1038520    285736 836311816  0.002  0.001   25.478   15.957    0    0  (Gen:  0)
  1038936    349080 836525576  0.003  0.001   25.482   15.958    0    0  (Gen:  0)
  1038056    324280 836671656  0.002  0.001   25.485   15.960    0    0  (Gen:  0)
  1035768    301040 836842640  0.002  0.001   25.487   15.961    0    0  (Gen:  0)
  1041024    377056 837066320  0.002  0.001   25.490   15.962    0    0  (Gen:  0)
  1041104    461336 837307736  0.003  0.001   25.494   15.964    0    0  (Gen:  0)
  1041200    448392 837532872  0.003  0.001   25.498   15.965    0    0  (Gen:  0)
  1040832    444800 837759216  0.003  0.001   25.501   15.967    0    0  (Gen:  0)
  1040984    441072 837979040  0.002  0.001   25.504   15.968    0    0  (Gen:  0)
  1040664    448344 838201416  0.002  0.001   25.507   15.969    0    0  (Gen:  0)
  1039968    454416 838434184  0.002  0.001   25.510   15.971    0    0  (Gen:  0)
  1040912    448328 838661832  0.003  0.001   25.513   15.972    0    0  (Gen:  0)
  1040904    445336 838886072  0.003  0.001   25.517   15.973    0    0  (Gen:  0)
  1040208    450616 839114344  0.003  0.001   25.520   15.975    0    0  (Gen:  0)
  1040696    435840 839328568  0.003  0.001   25.523   15.976    0    0  (Gen:  0)
  1041008    432896 839553008  0.002  0.001   25.526   15.977    0    0  (Gen:  0)
  1040424    451184 839775824  0.002  0.001   25.529   15.979    0    0  (Gen:  0)
  1041424    449536 839998760  0.002  0.001   25.532   15.980    0    0  (Gen:  0)
  1041696    439520 840211680  0.002  0.001   25.535   15.981    0    0  (Gen:  0)
  1040848    438256 840436304  0.002  0.001   25.537   15.982    0    0  (Gen:  0)
  1040784    450488 840658232  0.002  0.001   25.540   15.984    0    0  (Gen:  0)
  1039456    447736 840880448  0.002  0.001   25.543   15.985    0    0  (Gen:  0)
  1041152    450240 841104712  0.003  0.001   25.546   15.986    0    0  (Gen:  0)
  1040992    433992 841329288  0.002  0.001   25.549   15.987    0    0  (Gen:  0)
  1040144    450504 841551224  0.002  0.001   25.552   15.989    0    0  (Gen:  0)
  1040872    447992 841773840  0.002  0.001   25.555   15.990    0    0  (Gen:  0)
  1041080    436080 841983600  0.002  0.001   25.558   15.991    0    0  (Gen:  0)
  1041168    436328 842205664  0.002  0.001   25.561   15.992    0    0  (Gen:  0)
  1040520    450512 842428528  0.002  0.001   25.564   15.993    0    0  (Gen:  0)
  1041080    455640 842657728  0.003  0.001   25.567   15.995    0    0  (Gen:  0)
  1139440    386176 842883008  0.002  0.001   25.570   15.996    0    0  (Gen:  0)
  1040376     90592 842748424  0.001  0.000   25.571   15.997    0    0  (Gen:  0)
  1043488    178128 842898432  0.001  0.000   25.573   15.998    0    0  (Gen:  0)
  1041104    338552 843192896  0.002  0.001   25.576   15.999    0    0  (Gen:  0)
  1041744    255280 843419664  0.002  0.000   25.578   16.001    0    0  (Gen:  0)
  1042616    321288 843668664  0.002  0.001   25.581   16.002    0    0  (Gen:  0)
  1039128    279808 843834632  0.002  0.000   25.583   16.003    0    0  (Gen:  0)
  1038384    345600 844027304  0.002  0.001   25.586   16.004    0    0  (Gen:  0)
  1032920    296368 844307568  0.002  0.001   25.589   16.005    0    0  (Gen:  0)
  1041352    273088 844561656  0.002  0.001   25.591   16.007    0    0  (Gen:  0)
   992888     94560 844652384  0.001  0.000   25.593   16.007    0    0  (Gen:  0)
  1304288     59800 844687368  0.001  0.000   25.595   16.009    0    0  (Gen:  0)
  1319656     88824 844786744  0.001  0.000   25.597   16.011    0    0  (Gen:  0)
  1051008     84000 844797648  0.001  0.000   25.599   16.012    0    0  (Gen:  0)
  1424584    255520 845060976  0.002  0.000   25.602   16.014    0    0  (Gen:  0)
  1041400    459512 845281544  0.002  0.001   25.605   16.015    0    0  (Gen:  0)
  1036832    263000 845322368  0.001  0.000   25.607   16.016    0    0  (Gen:  0)
  1041808    357000 845646056  0.002  0.001   25.610   16.018    0    0  (Gen:  0)
  1028704    122504 845758616  0.001  0.000   25.612   16.019    0    0  (Gen:  0)
  1031184    139728 845809424  0.001  0.000   25.614   16.020    0    0  (Gen:  0)
  1033176    160464 845920760  0.001  0.000   25.617   16.022    0    0  (Gen:  0)
  1031336    197336 846004752  0.002  0.000   25.621   16.025    0    0  (Gen:  0)
  1703328    123536 846085400  0.001  0.000   25.624   16.027    0    0  (Gen:  0)
  1036560    248352 846253160  0.002  0.001   25.627   16.028    0    0  (Gen:  0)
  1031488    195272 846295040  0.001  0.000   25.629   16.030    0    0  (Gen:  0)
  1037168    108144 846357744  0.001  0.000   25.632   16.031    0    0  (Gen:  0)
  1031472    221512 846518008  0.002  0.001   25.635   16.033    0    0  (Gen:  0)
  1039280    288968 846648160  0.002  0.001   25.639   16.035    0    0  (Gen:  0)
  1039480    255472 846779168  0.002  0.001   25.642   16.036    0    0  (Gen:  0)
  1039336    259880 846907848  0.002  0.001   25.645   16.038    0    0  (Gen:  0)
  1040800    266352 847045904  0.002  0.001   25.648   16.039    0    0  (Gen:  0)
  1037968    234552 847138080  0.002  0.000   25.651   16.041    0    0  (Gen:  0)
  1038096    179552 847229488  0.001  0.000   25.654   16.043    0    0  (Gen:  0)
  1037432    218808 847359960  0.002  0.001   25.657   16.045    0    0  (Gen:  0)
  1035408    248896 847483808  0.002  0.001   25.661   16.047    0    0  (Gen:  0)
  1034544    240120 847607088  0.002  0.001   25.665   16.050    0    0  (Gen:  0)
  1036096    240584 847731152  0.002  0.001   25.669   16.052    0    0  (Gen:  0)
  1068816    282160 847896568  0.002  0.001   25.673   16.055    0    0  (Gen:  0)
  1037920    306320 848046240  0.002  0.001   25.677   16.057    0    0  (Gen:  0)
  1068136    292952 848227480  0.002  0.001   25.680   16.059    0    0  (Gen:  0)
  1032912    243224 848293144  0.002  0.001   25.683   16.060    0    0  (Gen:  0)
  1034328    245664 848415312  0.001  0.001   25.686   16.062    0    0  (Gen:  0)
  1040184    291048 848593360  0.002  0.001   25.689   16.064    0    0  (Gen:  0)
  1038280    152160 848595344  0.001  0.000   25.691   16.064    0    0  (Gen:  0)
  1039352    169672 848680656  0.001  0.000   25.693   16.066    0    0  (Gen:  0)
  1040576    204104 848799064  0.002  0.000   25.696   16.067    0    0  (Gen:  0)
  1040752    251088 848937584  0.002  0.001   25.698   16.068    0    0  (Gen:  0)
  1036320    191664 848952352  0.001  0.000   25.700   16.070    0    0  (Gen:  0)
  1039472    174192 849023472  0.001  0.000   25.703   16.071    0    0  (Gen:  0)
  1039464    121864 849083728  0.001  0.000   25.706   16.073    0    0  (Gen:  0)
  1040040    108056 849162840  0.001  0.000   25.709   16.076    0    0  (Gen:  0)
  1041064    128912 849216112  0.001  0.000   25.710   16.076    0    0  (Gen:  0)
  1040272    122376 849254144  0.001  0.000   25.712   16.077    0    0  (Gen:  0)
  1041688    126304 849292712  0.001  0.000   25.713   16.078    0    0  (Gen:  0)
  1039584     94336 849293736  0.001  0.000   25.715   16.079    0    0  (Gen:  0)
  1040976    115392 849360696  0.001  0.000   25.717   16.081    0    0  (Gen:  0)
  1039536     97232 849384672  0.001  0.000   25.720   16.082    0    0  (Gen:  0)
  1040840    139128 849469768  0.001  0.000   25.722   16.083    0    0  (Gen:  0)
  1040784     95024 849477768  0.001  0.000   25.723   16.084    0    0  (Gen:  0)
  1041176     92152 849523544  0.001  0.000   25.725   16.085    0    0  (Gen:  0)
  1041976     90568 849562400  0.001  0.000   25.727   16.086    0    0  (Gen:  0)
  1040728    101912 849614216  0.001  0.000   25.728   16.087    0    0  (Gen:  0)
  1040272     97896 849653744  0.001  0.000   25.730   16.088    0    0  (Gen:  0)
  1041608     98688 849691848  0.001  0.000   25.731   16.089    0    0  (Gen:  0)
  1040360     93040 849719408  0.001  0.000   25.733   16.090    0    0  (Gen:  0)
  1040312     93392 849762136  0.001  0.000   25.735   16.091    0    0  (Gen:  0)
  1039832    102312 849812080  0.001  0.000   25.737   16.093    0    0  (Gen:  0)
  1040456    124552 849882760  0.001  0.000   25.739   16.094    0    0  (Gen:  0)
  1040512     97816 849903616  0.001  0.000   25.741   16.095    0    0  (Gen:  0)
  1041360     88352 849942496  0.001  0.000   25.742   16.096    0    0  (Gen:  0)
  1041728     93664 849983872  0.001  0.000   25.744   16.097    0    0  (Gen:  0)
  1041952    204672 850135688  0.001  0.000   25.746   16.098    0    0  (Gen:  0)
  1039448    166840 850269720  0.001  0.000   25.749   16.100    0    0  (Gen:  0)
  1039808    335784 850519656  0.003  0.001   25.752   16.102    0    0  (Gen:  0)
  1036312    356280 850652736  0.002  0.001   25.755   16.103    0    0  (Gen:  0)
  1036632    267400 850795872  0.002  0.000   25.758   16.104    0    0  (Gen:  0)
  1036272    218872 850899336  0.001  0.000   25.760   16.105    0    0  (Gen:  0)
  1037400    200224 850995888  0.001  0.000   25.761   16.105    0    0  (Gen:  0)
  1036184    201848 851099000  0.001  0.000   25.763   16.106    0    0  (Gen:  0)
  1038608    286648 851283112  0.002  0.001   25.766   16.108    0    0  (Gen:  0)
  1040912    392456 851528360  0.003  0.001   25.769   16.109    0    0  (Gen:  0)
  1041592    391808 851743984  0.002  0.001   25.772   16.111    0    0  (Gen:  0)
  1040608    433920 851960792  0.002  0.001   25.775   16.112    0    0  (Gen:  0)
  1040912    437000 852173328  0.002  0.001   25.778   16.113    0    0  (Gen:  0)
  1041048    436472 852391944  0.002  0.001   25.781   16.114    0    0  (Gen:  0)
  1041200    361272 852527632  0.002  0.001   25.784   16.116    0    0  (Gen:  0)
  1078032    231072 852650712  0.001  0.000   25.785   16.117    0    0  (Gen:  0)
  1042152    314120 852929008  0.002  0.000   25.788   16.118    0    0  (Gen:  0)
  1037936    248088 853154728  0.001  0.000   25.789   16.119    0    0  (Gen:  0)
  1152848    184568 853147552  0.001  0.000   25.792   16.120    0    0  (Gen:  0)
  1675968    296080 853460088  0.001  0.000   25.795   16.122    0    0  (Gen:  0)
  1037456    519184 853713872  0.002  0.001   25.799   16.124    0    0  (Gen:  0)
  1033248    335432 853813640  0.002  0.000   25.801   16.125    0    0  (Gen:  0)
  1040736    336064 854036528  0.002  0.001   25.803   16.126    0    0  (Gen:  0)
  1694392    327656 854241576  0.002  0.001   25.807   16.128    0    0  (Gen:  0)
  1030304    179416 854329192  0.001  0.000   25.810   16.129    0    0  (Gen:  0)
  1035200     97152 854345936  0.001  0.000   25.812   16.131    0    0  (Gen:  0)
  1034856     84040 854417680  0.001  0.000   25.814   16.132    0    0  (Gen:  0)
  1036008    217424 854562168  0.002  0.001   25.817   16.134    0    0  (Gen:  0)
  1035152    251216 854668056  0.002  0.001   25.821   16.137    0    0  (Gen:  0)
  1034032    177816 854749064  0.002  0.000   25.824   16.139    0    0  (Gen:  0)
  1037808    279520 854951904  0.003  0.001   25.828   16.140    0    0  (Gen:  0)
  1041432    448216 855220424  0.003  0.001   25.831   16.142    0    0  (Gen:  0)
  1043128    184704 855267672  0.001  0.000   25.833   16.143    0    0  (Gen:  0)
  1025728    269480 855457096  0.002  0.001   25.836   16.144    0    0  (Gen:  0)
  1156704    100224 855485424  0.001  0.000   25.838   16.146    0    0  (Gen:  0)
  3618208    667568 856243168  0.002  0.000   25.843   16.147    0    0  (Gen:  0)
  2917320   1253072 856838368  0.003  0.001   25.847   16.148    0    0  (Gen:  0)
  3635496   1201112 857551936  0.004  0.001   25.852   16.150    0    0  (Gen:  0)
  3411568   1092272 858217360  0.003  0.001   25.858   16.151    0    0  (Gen:  0)
  3163320    757992 858584048  0.006  0.001   25.866   16.153    0    0  (Gen:  0)
  3513504    594400 858970952  0.002  0.001   25.873   16.155    0    0  (Gen:  0)
  3009944    740776 859378824  0.003  0.001   25.881   16.157    0    0  (Gen:  0)
  2266136    676336 859693176  0.003  0.001   25.888   16.159    0    0  (Gen:  0)
  2895624    385520 859965272  0.005  0.000   25.894   16.161    0    0  (Gen:  0)
  2805928    770808 860437464  0.004  0.001   25.899   16.162    0    0  (Gen:  0)
  2924840    672232 860832264  0.003  0.001   25.905   16.164    0    0  (Gen:  0)
  2772520    622392 861225760  0.002  0.001   25.912   16.165    0    0  (Gen:  0)
  2847776    598024 861591616  0.004  0.001   25.918   16.167    0    0  (Gen:  0)
  2434400    654704 861905952  0.005  0.001   25.923   16.169    0    0  (Gen:  0)
  2464112    650800 862249184  0.005  0.001   25.929   16.170    0    0  (Gen:  0)
  3079328    440296 862565024  0.004  0.000   25.935   16.172    0    0  (Gen:  0)
  3085080    534928 862798656  0.004  0.000   25.940   16.173    0    0  (Gen:  0)
  2873424    429144 863121456  0.003  0.001   25.946   16.174    0    0  (Gen:  0)
  3761600    484928 863476760  0.001  0.001   25.953   16.176    0    0  (Gen:  0)
  2717920    722032 863861792  0.005  0.001   25.959   16.178    0    0  (Gen:  0)
  2666976    646784 864118344  0.004  0.001   25.964   16.179    0    0  (Gen:  0)
  3981680    790816 864625256  0.005  0.001   25.972   16.181    0    0  (Gen:  0)
  2745000    826856 865046120  0.003  0.001   25.980   16.183    0    0  (Gen:  0)
  1919992    725288 865424432  0.005  0.001   25.985   16.185    0    0  (Gen:  0)
  3227960    468072 865787632  0.002  0.001   25.993   16.187    0    0  (Gen:  0)
  2945360    619720 866151384  0.003  0.001   25.999   16.188    0    0  (Gen:  0)
  2741352    946080 866729336  0.004  0.001   26.003   16.190    0    0  (Gen:  0)
  2710240    477016 867098192  0.003  0.001   26.009   16.191    0    0  (Gen:  0)
  3050880    665352 867477440  0.003  0.001   26.015   16.193    0    0  (Gen:  0)
  3028040    825688 867990744  0.004  0.001   26.021   16.195    0    0  (Gen:  0)
  3037928   1046432 868515416  0.003  0.001   26.027   16.196    0    0  (Gen:  0)
  2760488    761552 868859584  0.005  0.001   26.033   16.198    0    0  (Gen:  0)
  3148856    978112 869579608  0.005  0.001   26.039   16.200    0    0  (Gen:  0)
  3382328    687736 870053704  0.004  0.001   26.046   16.202    0    0  (Gen:  0)
  3006960    872408 870513952  0.004  0.001   26.053   16.204    0    0  (Gen:  0)
  2571144    542560 870661136  0.004  0.000   26.059   16.205    0    0  (Gen:  0)
  2244272    510088 871013944  0.002  0.001   26.063   16.206    0    0  (Gen:  0)
  3085328    532712 871422248  0.004  0.001   26.069   16.208    0    0  (Gen:  0)
  3107464    541472 871705112  0.002  0.001   26.075   16.209    0    0  (Gen:  0)
  3050008    689120 872164736  0.003  0.001   26.081   16.211    0    0  (Gen:  0)
  3297776   1011568 872740872  0.006  0.001   26.089   16.213    0    0  (Gen:  0)
  3308352    962704 873261720  0.003  0.001   26.097   16.215    0    0  (Gen:  0)
  2354632    889464 873779800  0.006  0.001   26.103   16.217    0    0  (Gen:  0)
  2868696    653256 874160368  0.004  0.001   26.108   16.218    0    0  (Gen:  0)
  3261464    671976 874533808  0.004  0.001   26.115   16.220    0    0  (Gen:  0)
  2250136    800448 875021112  0.004  0.001   26.120   16.221    0    0  (Gen:  0)
  2765936    737328 875524320  0.002  0.001   26.126   16.223    0    0  (Gen:  0)
  3378448    673856 875859272  0.003  0.001   26.131   16.224    0    0  (Gen:  0)
  2916120    684120 876203888  0.005  0.001   26.138   16.226    0    0  (Gen:  0)
  2881568    709256 876591120  0.005  0.001   26.144   16.228    0    0  (Gen:  0)
  2477504    831832 877181280  0.003  0.001   26.150   16.229    0    0  (Gen:  0)
  3064088    597704 877565976  0.003  0.001   26.156   16.231    0    0  (Gen:  0)
  2597928    589376 877821656  0.004  0.001   26.161   16.232    0    0  (Gen:  0)
  3148624    538472 878236288  0.004  0.001   26.167   16.234    0    0  (Gen:  0)
  2867232    363648 878436808  0.001  0.000   26.171   16.235    0    0  (Gen:  0)
  2589344    352600 878623552  0.001  0.000   26.176   16.236    0    0  (Gen:  0)
  3111304    547176 879014264  0.002  0.001   26.181   16.238    0    0  (Gen:  0)
  2796032    698312 879347808  0.005  0.001   26.187   16.239    0    0  (Gen:  0)
  3103952    748568 879766288  0.005  0.001   26.194   16.241    0    0  (Gen:  0)
  2926728    538088 880093312  0.003  0.001   26.199   16.243    0    0  (Gen:  0)
  2361216    565888 880340320  0.004  0.001   26.204   16.244    0    0  (Gen:  0)
  3129304    541744 880643816  0.004  0.000   26.209   16.245    0    0  (Gen:  0)
  3038072    554328 880930312  0.003  0.000   26.214   16.247    0    0  (Gen:  0)
  2625928    619856 881329328  0.003  0.001   26.220   16.248    0    0  (Gen:  0)
  3175360    390528 881371480  0.005  0.001   26.226   16.250    0    0  (Gen:  0)
  3397592    430712 881622496  0.005  0.001   26.233   16.252    0    0  (Gen:  0)
  3448960    390904 881785048  0.004  0.000   26.238   16.253    0    0  (Gen:  0)
  2757680    269368 881891720  0.004  0.000   26.243   16.254    0    0  (Gen:  0)
  3499696    369592 882153688  0.005  0.001   26.250   16.256    0    0  (Gen:  0)
  3712504    552608 882472128  0.002  0.001   26.258   16.258    0    0  (Gen:  0)
  4025808    541752 882750840  0.006  0.001   26.266   16.260    0    0  (Gen:  0)
  3779224    514824 883020040  0.006  0.001   26.273   16.262    0    0  (Gen:  0)
  3897224    571208 883353096  0.002  0.001   26.281   16.264    0    0  (Gen:  0)
  2833800    514352 883580648  0.005  0.001   26.288   16.266    0    0  (Gen:  0)
  1739552    521568 883883928  0.001  0.001   26.291   16.267    0    0  (Gen:  0)
  3609552    370472 884212608  0.001  0.000   26.298   16.269    0    0  (Gen:  0)
  3486648    701128 884661352  0.005  0.001   26.305   16.271    0    0  (Gen:  0)
  3366128    955416 885165032  0.006  0.001   26.312   16.273    0    0  (Gen:  0)
  1152528    664816 885412960  0.002  0.001   26.316   16.274    0    0  (Gen:  0)
  2613256    672392 885847224  0.005  0.001   26.322   16.276    0    0  (Gen:  0)
  3369304    650544 886214528  0.005  0.001   26.328   16.278    0    0  (Gen:  0)
  3377728    442280 886400936  0.002  0.001   26.335   16.279    0    0  (Gen:  0)
  2956016    379056 886577192  0.004  0.000   26.341   16.281    0    0  (Gen:  0)
  3392200    507544 886912584  0.003  0.001   26.349   16.283    0    0  (Gen:  0)
  3531368    647792 887247672  0.005  0.001   26.358   16.285    0    0  (Gen:  0)
  3869928    661128 887594136  0.006  0.001   26.367   16.288    0    0  (Gen:  0)
  3809520    698208 887973800  0.007  0.001   26.376   16.290    0    0  (Gen:  0)
  3947352    999112 888658192  0.004  0.001   26.385   16.292    0    0  (Gen:  0)
  2876672   1020352 889069168  0.003  0.001   26.391   16.294    0    0  (Gen:  0)
  2830600    877448 889678000  0.005  0.001   26.398   16.296    0    0  (Gen:  0)
  2392512    515136 889887152  0.004  0.001   26.403   16.297    0    0  (Gen:  0)
  2890040    341896 890052744  0.002  0.000   26.408   16.299    0    0  (Gen:  0)
  2298960    677112 890543032  0.002  0.001   26.413   16.300    0    0  (Gen:  0)
  2726136    701072 891159600  0.004  0.001   26.418   16.301    0    0  (Gen:  0)
  2882688    679576 891572072  0.003  0.001   26.424   16.303    0    0  (Gen:  0)
  3027496    645848 891859488  0.005  0.001   26.430   16.304    0    0  (Gen:  0)
  2274808    627072 892261808  0.003  0.001   26.435   16.306    0    0  (Gen:  0)
  3260928    589392 892722864  0.003  0.000   26.440   16.307    0    0  (Gen:  0)
  3499288    906192 893199120  0.005  0.001   26.448   16.309    0    0  (Gen:  0)
  2886592    636408 893435896  0.003  0.001   26.453   16.311    0    0  (Gen:  0)
  3489936    496032 893690184  0.005  0.000   26.460   16.313    0    0  (Gen:  0)
  3665088    550312 893998632  0.002  0.001   26.468   16.315    0    0  (Gen:  0)
  3937280    693128 894408960  0.006  0.001   26.476   16.317    0    0  (Gen:  0)
  3377944    782584 894801664  0.003  0.001   26.485   16.319    0    0  (Gen:  0)
  3767504    778536 895217368  0.007  0.001   26.493   16.321    0    0  (Gen:  0)
  2946800    732736 895554800  0.003  0.001   26.501   16.323    0    0  (Gen:  0)
  2963664    635136 895902856  0.003  0.001   26.509   16.325    0    0  (Gen:  0)
  2998456    679328 896287344  0.002  0.001   26.515   16.327    0    0  (Gen:  0)
  2757216    696472 896647304  0.005  0.001   26.522   16.329    0    0  (Gen:  0)
  3687200    783032 897238008  0.003  0.001   26.530   16.331    0    0  (Gen:  0)
  3312848    973592 897697808  0.003  0.001   26.536   16.332    0    0  (Gen:  0)
  2465168    967456 898251064  0.004  0.001   26.541   16.334    0    0  (Gen:  0)
  3217568    755648 898774200  0.004  0.001   26.547   16.335    0    0  (Gen:  0)
  2672896    648472 899050848  0.004  0.001   26.553   16.337    0    0  (Gen:  0)
  2501960    815688 899581832  0.005  0.001   26.560   16.339    0    0  (Gen:  0)
  3112064    728848 900047584  0.003  0.001   26.566   16.341    0    0  (Gen:  0)
  3421328    909776 900517368  0.006  0.001   26.573   16.343    0    0  (Gen:  0)
  1105328    577168 900736824  0.002  0.001   26.576   16.344    0    0  (Gen:  0)
  2762944    468384 901041664  0.005  0.001   26.582   16.346    0    0  (Gen:  0)
  2088096    556656 901393144  0.002  0.001   26.587   16.347    0    0  (Gen:  0)
  2741512    607200 901790992  0.004  0.001   26.592   16.348    0    0  (Gen:  0)
  2412280    471864 902059512  0.002  0.000   26.597   16.350    0    0  (Gen:  0)
  2758520    549416 902354864  0.002  0.001   26.604   16.351    0    0  (Gen:  0)
  2991112    581544 902669216  0.005  0.001   26.610   16.353    0    0  (Gen:  0)
  3145208    491320 902897656  0.001  0.000   26.616   16.355    0    0  (Gen:  0)
  3211656    512944 903176512  0.005  0.001   26.623   16.356    0    0  (Gen:  0)
  2485368    441536 903356776  0.004  0.000   26.628   16.358    0    0  (Gen:  0)
  2690944    431448 903602432  0.004  0.000   26.634   16.359    0    0  (Gen:  0)
  2202072    377432 903758280  0.002  0.000   26.639   16.361    0    0  (Gen:  0)
  2939824    466888 904070408  0.005  0.001   26.646   16.362    0    0  (Gen:  0)
  2903312    595992 904389640  0.005  0.001   26.652   16.364    0    0  (Gen:  0)
  3146424    557024 904673416  0.002  0.001   26.658   16.366    0    0  (Gen:  0)
  3491736    488096 904904056  0.002  0.001   26.665   16.367    0    0  (Gen:  0)
  3393168    478312 905138024  0.004  0.001   26.671   16.369    0    0  (Gen:  0)
  3034824    568888 905476056  0.005  0.001   26.677   16.371    0    0  (Gen:  0)
  3431712    748528 905986344  0.006  0.001   26.685   16.373    0    0  (Gen:  0)
  3398888    838264 906354872  0.006  0.001   26.692   16.374    0    0  (Gen:  0)
  2492944    798176 906861120  0.004  0.001   26.697   16.376    0    0  (Gen:  0)
  3247952    768728 907420256  0.007  0.001   26.706   16.378    0    0  (Gen:  0)
  2905824    732976 907807024  0.004  0.001   26.715   16.381    0    0  (Gen:  0)
  3409424    941656 908423136  0.005  0.001   26.723   16.383    0    0  (Gen:  0)
  2737336    947544 908827648  0.005  0.001   26.730   16.385    0    0  (Gen:  0)
  3228256    863472 909320608  0.006  0.001   26.737   16.387    0    0  (Gen:  0)
  2153152    956048 909868208  0.004  0.001   26.743   16.389    0    0  (Gen:  0)
  2657488    714408 910231904  0.004  0.001   26.748   16.390    0    0  (Gen:  0)
  3307512    662720 910534856  0.004  0.001   26.754   16.392    0    0  (Gen:  0)
  2566456    737016 911111384  0.004  0.001   26.759   16.393    0    0  (Gen:  0)
  2874072    735208 911671552  0.005  0.001   26.765   16.394    0    0  (Gen:  0)
  2887080    459864 911906536  0.003  0.000   26.769   16.396    0    0  (Gen:  0)
  3478976    466128 912185344  0.005  0.001   26.776   16.397    0    0  (Gen:  0)
  3137288    601680 912567232  0.002  0.001   26.781   16.399    0    0  (Gen:  0)
  3249288    754160 912995296  0.002  0.001   26.788   16.401    0    0  (Gen:  0)
  3002288    760760 913402152  0.005  0.001   26.794   16.402    0    0  (Gen:  0)
  2659304    802152 913801464  0.005  0.001   26.800   16.404    0    0  (Gen:  0)
  2832096    784792 914237288  0.003  0.001   26.808   16.406    0    0  (Gen:  0)
  3083792    552968 914532848  0.005  0.001   26.814   16.408    0    0  (Gen:  0)
  2691008    504968 914761424  0.005  0.001   26.820   16.409    0    0  (Gen:  0)
  3046624    428864 914972112  0.004  0.000   26.827   16.411    0    0  (Gen:  0)
  2316176    337032 915067520  0.004  0.000   26.832   16.412    0    0  (Gen:  0)
  3122184    448312 915380464  0.003  0.001   26.838   16.414    0    0  (Gen:  0)
  2622896    564608 915658944  0.005  0.001   26.845   16.416    0    0  (Gen:  0)
  3390912    702896 916109536  0.005  0.001   26.851   16.417    0    0  (Gen:  0)
  3280016    585496 916415640  0.003  0.001   26.857   16.419    0    0  (Gen:  0)
  3011984    734096 916875224  0.007  0.001   26.866   16.421    0    0  (Gen:  0)
  2986176    706864 917190616  0.004  0.001   26.874   16.423    0    0  (Gen:  0)
  3154752    921808 917911648  0.006  0.001   26.882   16.426    0    0  (Gen:  0)
  2827272    790368 918187856  0.004  0.001   26.888   16.428    0    0  (Gen:  0)
  2576104    813584 918740088  0.004  0.001   26.894   16.429    0    0  (Gen:  0)
  3406416    790464 919297552  0.006  0.001   26.903   16.431    0    0  (Gen:  0)
  3128912    787664 919697280  0.005  0.001   26.912   16.434    0    0  (Gen:  0)
  3046928    928736 920276008  0.007  0.001   26.921   16.436    0    0  (Gen:  0)
  3339504   1070920 920843672  0.006  0.001   26.929   16.439    0    0  (Gen:  0)
  3124672    896008 921276472  0.005  0.001   26.937   16.441    0    0  (Gen:  0)
  2274912    687544 921641320  0.004  0.001   26.942   16.442    0    0  (Gen:  0)
  1945160    357544 921670344  0.002  0.001   26.945   16.443    0    0  (Gen:  0)
  3188816    244352 921867616  0.004  0.000   26.951   16.444    0    0  (Gen:  0)
  2230296    542768 922245776  0.004  0.001   26.955   16.445    0    0  (Gen:  0)
  2549416    503048 922646272  0.002  0.001   26.960   16.447    0    0  (Gen:  0)
  2991768    402960 922923480  0.004  0.000   26.966   16.448    0    0  (Gen:  0)
  3287952    388760 923175832  0.003  0.001   26.972   16.450    0    0  (Gen:  0)
  3024528    473064 923426608  0.004  0.001   26.978   16.452    0    0  (Gen:  0)
  3316688    735424 923878712  0.005  0.001   26.984   16.453    0    0  (Gen:  0)
  3293016    761720 924237312  0.003  0.001   26.990   16.455    0    0  (Gen:  0)
  2869136    610968 924494792  0.005  0.001   26.996   16.456    0    0  (Gen:  0)
  2973712    607160 924835488  0.004  0.001   27.002   16.458    0    0  (Gen:  0)
  3174456    219224 924992064  0.001  0.000   27.007   16.459    0    0  (Gen:  0)
  3394792    442368 925283768  0.003  0.001   27.015   16.461    0    0  (Gen:  0)
  2950080    500536 925528808  0.003  0.001   27.021   16.463    0    0  (Gen:  0)
  3383200    518432 925806720  0.006  0.001   27.028   16.465    0    0  (Gen:  0)
  3838952    678872 926205920  0.003  0.001   27.036   16.467    0    0  (Gen:  0)
  3649920    784712 926608840  0.007  0.001   27.045   16.469    0    0  (Gen:  0)
  2293256    537016 926802104  0.001  0.000   27.050   16.471    0    0  (Gen:  0)
  3476664    499496 927137984  0.003  0.000   27.057   16.472    0    0  (Gen:  0)
  3730512    701568 927512960  0.006  0.001   27.065   16.475    0    0  (Gen:  0)
  3318984    622376 927779848  0.005  0.001   27.072   16.476    0    0  (Gen:  0)
  3937104    614504 928136592  0.006  0.001   27.081   16.478    0    0  (Gen:  0)
  2952296    507064 928295168  0.004  0.000   27.087   16.480    0    0  (Gen:  0)
  3858552    571344 928698720  0.006  0.001   27.095   16.482    0    0  (Gen:  0)
  3643072    805648 929108672  0.003  0.001   27.103   16.484    0    0  (Gen:  0)
  3968112    727192 929442800  0.007  0.001   27.112   16.487    0    0  (Gen:  0)
  3161504    757616 929926224  0.006  0.001   27.120   16.489    0    0  (Gen:  0)
  2443872    766576 930277544  0.005  0.001   27.127   16.491    0    0  (Gen:  0)
  2386872    544656 930545584  0.002  0.001   27.132   16.492    0    0  (Gen:  0)
  2417488    558344 930951136  0.003  0.001   27.138   16.494    0    0  (Gen:  0)
  3769320    494560 931252536  0.005  0.001   27.146   16.496    0    0  (Gen:  0)
  3186608    704552 931701640  0.005  0.001   27.153   16.498    0    0  (Gen:  0)
  2597400    772896 932047568  0.004  0.001   27.160   16.499    0    0  (Gen:  0)
  2850048    663328 932398648  0.005  0.001   27.166   16.501    0    0  (Gen:  0)
  2521864    795264 932836360  0.004  0.001   27.172   16.503    0    0  (Gen:  0)
  2816464    826328 933321488  0.005  0.001   27.181   16.505    0    0  (Gen:  0)
  2675848    829680 933763688  0.007  0.001   27.189   16.507    0    0  (Gen:  0)
  2608880    801400 934189472  0.006  0.001   27.198   16.510    0    0  (Gen:  0)
  1770008    503968 934321232  0.003  0.001   27.203   16.511    0    0  (Gen:  0)
  2669432    402688 934554416  0.004  0.000   27.208   16.512    0    0  (Gen:  0)
  2641536    504256 934946160  0.003  0.001   27.214   16.514    0    0  (Gen:  0)
  3378000    373400 935092424  0.004  0.000   27.221   16.516    0    0  (Gen:  0)
  3603792    420608 935424864  0.001  0.000   27.226   16.517    0    0  (Gen:  0)
  2573368    533760 935657064  0.002  0.001   27.232   16.519    0    0  (Gen:  0)
  2603144    586280 936007920  0.005  0.001   27.238   16.520    0    0  (Gen:  0)
  2833896    448024 936296176  0.002  0.000   27.243   16.522    0    0  (Gen:  0)
  3573896    548784 936582328  0.005  0.001   27.250   16.524    0    0  (Gen:  0)
  2932600    569344 936906688  0.004  0.001   27.256   16.525    0    0  (Gen:  0)
  2422208    572704 937170712  0.004  0.001   27.262   16.527    0    0  (Gen:  0)
  3193304    705520 937630784  0.007  0.001   27.271   16.529    0    0  (Gen:  0)
  3108720    922424 938151984  0.006  0.001   27.280   16.532    0    0  (Gen:  0)
  2941656    954616 938661968  0.008  0.001   27.290   16.534    0    0  (Gen:  0)
  2815848    906624 939133368  0.008  0.001   27.299   16.537    0    0  (Gen:  0)
  3401840    957272 939703408  0.007  0.001   27.307   16.539    0    0  (Gen:  0)
  3117128   1084720 940305800  0.007  0.001   27.316   16.541    0    0  (Gen:  0)
  2495176    770944 940610808  0.002  0.001   27.321   16.543    0    0  (Gen:  0)
  2813672    575416 940886160  0.001  0.000   27.326   16.544    0    0  (Gen:  0)
  3125840    513968 941242296  0.004  0.000   27.331   16.545    0    0  (Gen:  0)
  2252008    572600 941602784  0.004  0.001   27.336   16.547    0    0  (Gen:  0)
  2619008    446128 941972240  0.004  0.001   27.342   16.548    0    0  (Gen:  0)
  3426000    676320 942453032  0.003  0.001   27.348   16.550    0    0  (Gen:  0)
  3094520    762720 942857296  0.004  0.001   27.354   16.551    0    0  (Gen:  0)
  1444256    515160 943019016  0.002  0.001   27.358   16.553    0    0  (Gen:  0)
  2092296    428040 943276400  0.002  0.001   27.362   16.554    0    0  (Gen:  0)
  2290856    664176 943822544  0.002  0.001   27.367   16.556    0    0  (Gen:  0)
  2234456    548080 944145496  0.003  0.001   27.372   16.557    0    0  (Gen:  0)
  1991048    561904 944394880  0.003  0.001   27.377   16.559    0    0  (Gen:  0)
  2054856    629928 944785728  0.004  0.001   27.383   16.561    0    0  (Gen:  0)
  1857472    521184 945001056  0.003  0.001   27.388   16.562    0    0  (Gen:  0)
  1535568    382144 945192104  0.002  0.001   27.392   16.564    0    0  (Gen:  0)
  1596048    366280 945510184  0.002  0.001   27.396   16.565    0    0  (Gen:  0)
  2678440    349776 945697152  0.002  0.001   27.401   16.566    0    0  (Gen:  0)
  3436888    695216 946260256  0.004  0.001   27.407   16.568    0    0  (Gen:  0)
  3342480   1090776 946827568  0.005  0.001   27.414   16.570    0    0  (Gen:  0)
  1933832    827616 947171312  0.003  0.001   27.418   16.571    0    0  (Gen:  0)
  3010728    888104 947700368  0.003  0.001   27.425   16.573    0    0  (Gen:  0)
  2223480    773240 948149544  0.005  0.001   27.431   16.575    0    0  (Gen:  0)
  3448872    471472 948471920  0.005  0.001   27.438   16.577    0    0  (Gen:  0)
  3870104    740944 948893496  0.003  0.001   27.447   16.579    0    0  (Gen:  0)
  3929704    830672 949332184  0.005  0.001   27.458   16.582    0    0  (Gen:  0)
  3574648    765848 949691304  0.006  0.001   27.467   16.585    0    0  (Gen:  0)
  2689912    758768 950143680  0.006  0.001   27.475   16.586    0    0  (Gen:  0)
  2423384    687896 950393232  0.002  0.001   27.480   16.588    0    0  (Gen:  0)
  2190680    582672 950877400  0.003  0.001   27.486   16.589    0    0  (Gen:  0)
  2964136    412592 951211592  0.001  0.001   27.490   16.591    0    0  (Gen:  0)
  1740352    456192 951413824  0.002  0.001   27.495   16.593    0    0  (Gen:  0)
  1466696    337952 951535440  0.001  0.000   27.499   16.594    0    0  (Gen:  0)
  1236792    329000 951842808  0.002  0.000   27.502   16.595    0    0  (Gen:  0)
  2039264    171264 951965496  0.001  0.000   27.506   16.597    0    0  (Gen:  0)
  1040592    117880 952019584  0.001  0.000   27.508   16.598    0    0  (Gen:  0)
  1070416    124008 952120368  0.001  0.000   27.511   16.600    0    0  (Gen:  0)
  1039376     96952 952162992  0.001  0.000   27.513   16.601    0    0  (Gen:  0)
  1040928     98344 952219472  0.001  0.000   27.515   16.603    0    0  (Gen:  0)
  1040808    104800 952273552  0.001  0.000   27.517   16.604    0    0  (Gen:  0)
  1037152    220912 952453920  0.002  0.001   27.520   16.606    0    0  (Gen:  0)
  1040528    433144 952730448  0.004  0.001   27.525   16.608    0    0  (Gen:  0)
  1040408    503496 953010552  0.004  0.001   27.530   16.610    0    0  (Gen:  0)
  1040024    502504 953287088  0.004  0.001   27.535   16.612    0    0  (Gen:  0)
  1039000    465936 953530736  0.004  0.001   27.540   16.614    0    0  (Gen:  0)
  1041824    478784 953807424  0.004  0.001   27.546   16.616    0    0  (Gen:  0)
  1040824    487800 954081672  0.004  0.001   27.551   16.619    0    0  (Gen:  0)
  1070544    479840 954391800  0.004  0.001   27.556   16.621    0    0  (Gen:  0)
  1040744    487088 954663552  0.004  0.001   27.561   16.623    0    0  (Gen:  0)
  1042104    340440 954784856  0.003  0.001   27.564   16.624    0    0  (Gen:  0)
  1139624    248928 954930664  0.002  0.000   27.566   16.625    0    0  (Gen:  0)
  1042456    361456 955143808  0.001  0.001   27.568   16.626    0    0  (Gen:  0)
  1042872    183216 955176176  0.001  0.000   27.570   16.628    0    0  (Gen:  0)
  1041408    300320 955464296  0.002  0.001   27.573   16.629    0    0  (Gen:  0)
  1074160    282152 955741080  0.002  0.000   27.575   16.630    0    0  (Gen:  0)
  1008440    195632 955897576  0.002  0.000   27.577   16.631    0    0  (Gen:  0)
  1115296    164616 955942232  0.001  0.000   27.580   16.633    0    0  (Gen:  0)
  3207560    572944 956569608  0.001  0.000   27.585   16.634    0    0  (Gen:  0)
  3269008   1304224 957322736  0.003  0.001   27.590   16.636    0    0  (Gen:  0)
  3367576   1208080 957952296  0.004  0.001   27.595   16.637    0    0  (Gen:  0)
  3180896   1377808 958778672  0.003  0.001   27.599   16.639    0    0  (Gen:  0)
  3214832    785552 959242168  0.003  0.000   27.604   16.640    0    0  (Gen:  0)
  3456768   1134168 959962360  0.004  0.001   27.610   16.642    0    0  (Gen:  0)
  2839520    953304 960503400  0.004  0.001   27.617   16.643    0    0  (Gen:  0)
  1038664    597264 960826560  0.002  0.001   27.619   16.644    0    0  (Gen:  0)
  3376808    713976 961377016  0.005  0.001   27.627   16.646    0    0  (Gen:  0)
  3440632    797952 961754984  0.004  0.001   27.633   16.648    0    0  (Gen:  0)
  2244376    714192 962196944  0.003  0.001   27.639   16.650    0    0  (Gen:  0)
  3494664    851976 962776656  0.003  0.001   27.646   16.652    0    0  (Gen:  0)
  2766360    725176 963153640  0.005  0.001   27.652   16.653    0    0  (Gen:  0)
  4035344    505608 963540424  0.002  0.001   27.659   16.655    0    0  (Gen:  0)
  2740072    498992 963784832  0.002  0.001   27.666   16.657    0    0  (Gen:  0)
  2562440    526336 964091832  0.002  0.001   27.671   16.659    0    0  (Gen:  0)
  2463456    543304 964369232  0.003  0.001   27.677   16.660    0    0  (Gen:  0)
  2635744    552200 964669536  0.002  0.001   27.682   16.662    0    0  (Gen:  0)
  2854952    517384 964917528  0.002  0.001   27.687   16.664    0    0  (Gen:  0)
  2622208    465648 965155080  0.002  0.001   27.693   16.666    0    0  (Gen:  0)
  2571784    619536 965570200  0.003  0.001   27.699   16.667    0    0  (Gen:  0)
  2351032    715248 965916112  0.004  0.001   27.706   16.669    0    0  (Gen:  0)
  2147968    636416 966256968  0.003  0.001   27.711   16.671    0    0  (Gen:  0)
  2880104    584760 966687088  0.002  0.001   27.715   16.673    0    0  (Gen:  0)
  2089424    422832 966856544  0.002  0.001   27.721   16.674    0    0  (Gen:  0)
  1707224    327088 967057512  0.002  0.001   27.725   16.676    0    0  (Gen:  0)
  1877912    245232 967151376  0.001  0.000   27.728   16.678    0    0  (Gen:  0)
  1951824    162016 967229784  0.001  0.000   27.732   16.679    0    0  (Gen:  0)
  1925208    205672 967353328  0.001  0.000   27.736   16.681    0    0  (Gen:  0)
  1852048    206192 967450632  0.001  0.000   27.740   16.683    0    0  (Gen:  0)
  2042936    170216 967532000  0.001  0.000   27.744   16.684    0    0  (Gen:  0)
  2003504    176968 967645872  0.001  0.000   27.748   16.686    0    0  (Gen:  0)
  1851312    399704 967954464  0.001  0.000   27.751   16.687    0    0  (Gen:  0)
  1735384    551056 968241648  0.002  0.001   27.756   16.689    0    0  (Gen:  0)
  1799072    542816 968551648  0.002  0.001   27.761   16.691    0    0  (Gen:  0)
  1136680    321776 968611344  0.001  0.000   27.764   16.692    0    0  (Gen:  0)
  1384224    249056 968719512  0.001  0.000   27.767   16.693    0    0  (Gen:  0)
  1354008    368984 969051384  0.002  0.001   27.770   16.694    0    0  (Gen:  0)
  2308456    204632 969289504  0.001  0.000   27.775   16.696    0    0  (Gen:  0)
  1485912    229816 969421624  0.002  0.001   27.779   16.698    0    0  (Gen:  0)
  1037656    218032 969527744  0.002  0.001   27.783   16.701    0    0  (Gen:  0)
  1038520    221712 969650504  0.002  0.001   27.786   16.703    0    0  (Gen:  0)
  1037536    200000 969736848  0.002  0.001   27.789   16.704    0    0  (Gen:  0)
  1037480    164624 969814208  0.001  0.000   27.792   16.706    0    0  (Gen:  0)
  1037440    191400 969922032  0.002  0.001   27.795   16.708    0    0  (Gen:  0)
  1039264    161472 969979848  0.002  0.000   27.798   16.710    0    0  (Gen:  0)
  1035752    160680 970084160  0.002  0.000   27.802   16.712    0    0  (Gen:  0)
  1033816    206312 970189784  0.002  0.001   27.805   16.714    0    0  (Gen:  0)
  1037488    222656 970307840  0.002  0.001   27.809   16.716    0    0  (Gen:  0)
  1037088    205536 970397552  0.002  0.001   27.812   16.718    0    0  (Gen:  0)
  1035136    176016 970485040  0.002  0.001   27.815   16.720    0    0  (Gen:  0)
  1036816    193176 970592192  0.002  0.001   27.819   16.722    0    0  (Gen:  0)
  1036632    230432 970720392  0.002  0.001   27.822   16.724    0    0  (Gen:  0)
  1037552    188008 970785904  0.002  0.001   27.825   16.726    0    0  (Gen:  0)
  1032888    192256 970913272  0.002  0.001   27.828   16.728    0    0  (Gen:  0)
  1037088    245384 971035592  0.002  0.001   27.832   16.730    0    0  (Gen:  0)
  1034696    225664 971140784  0.002  0.001   27.836   16.732    0    0  (Gen:  0)
  1037000    223888 971260880  0.002  0.001   27.839   16.734    0    0  (Gen:  0)
  1036768    225424 971371792  0.002  0.001   27.843   16.736    0    0  (Gen:  0)
  1073840    230320 971527144  0.001  0.001   27.846   16.738    0    0  (Gen:  0)
  1036904    237048 971647408  0.002  0.001   27.849   16.740    0    0  (Gen:  0)
  1036336    246160 971776400  0.002  0.001   27.854   16.742    0    0  (Gen:  0)
  1035472    240448 971892480  0.002  0.001   27.857   16.744    0    0  (Gen:  0)
  1034736    211384 971990744  0.001  0.001   27.860   16.746    0    0  (Gen:  0)
  1037344    219664 972113504  0.001  0.001   27.864   16.748    0    0  (Gen:  0)
  1037328    228016 972227968  0.001  0.000   27.867   16.750    0    0  (Gen:  0)
  1037064    211520 972325120  0.001  0.000   27.869   16.752    0    0  (Gen:  0)
  1035832    214920 972447504  0.001  0.001   27.873   16.754    0    0  (Gen:  0)
  1036160    223552 972555584  0.001  0.001   27.876   16.756    0    0  (Gen:  0)
  1036896    206184 972658464  0.001  0.001   27.879   16.758    0    0  (Gen:  0)
  1070752    223168 972815472  0.001  0.001   27.883   16.760    0    0  (Gen:  0)
  1036256    224856 972924472  0.001  0.001   27.887   16.763    0    0  (Gen:  0)
  1035792    217632 973036024  0.001  0.001   27.891   16.765    0    0  (Gen:  0)
  1036544    207680 973137616  0.001  0.001   27.895   16.768    0    0  (Gen:  0)
  1037888    209280 973248640  0.001  0.001   27.900   16.771    0    0  (Gen:  0)
  1037968    196680 973340536  0.001  0.001   27.904   16.774    0    0  (Gen:  0)
  1258880    257976 973542072  0.002  0.001   27.909   16.777    0    0  (Gen:  0)
  1038920    246040 973642160  0.001  0.000   27.912   16.779    0    0  (Gen:  0)
  1030384    237792 973787440  0.001  0.001   27.916   16.781    0    0  (Gen:  0)
  1041000    194008 973868920  0.001  0.000   27.918   16.783    0    0  (Gen:  0)
  1040960    104496 973928232  0.001  0.000   27.921   16.784    0    0  (Gen:  0)
  1040288    104400 973979912  0.001  0.000   27.923   16.786    0    0  (Gen:  0)
  1036440     98096 974029632  0.001  0.000   27.925   16.787    0    0  (Gen:  0)
  1041096    101832 974084504  0.001  0.000   27.927   16.789    0    0  (Gen:  0)
  1041384    111544 974143024  0.001  0.000   27.929   16.790    0    0  (Gen:  0)
  1037448    152936 974233424  0.001  0.000   27.930   16.791    0    0  (Gen:  0)
  1036504    126064 974300616  0.001  0.000   27.933   16.793    0    0  (Gen:  0)
  1038448    102688 974362904  0.001  0.000   27.935   16.794    0    0  (Gen:  0)
  1039992    292760 974633936  0.001  0.001   27.937   16.796    0    0  (Gen:  0)
  1038136    458480 974866504  0.002  0.001   27.941   16.797    0    0  (Gen:  0)
  1039480    408576 975105208  0.002  0.001   27.945   16.799    0    0  (Gen:  0)
  1778152    452016 975400624  0.003  0.001   27.951   16.801    0    0  (Gen:  0)
  1039752    468704 975659528  0.004  0.001   27.956   16.803    0    0  (Gen:  0)
  1039344    449760 975909784  0.004  0.001   27.960   16.805    0    0  (Gen:  0)
  1039280    454024 976169008  0.004  0.001   27.965   16.807    0    0  (Gen:  0)
  1039888    409944 976372768  0.003  0.001   27.969   16.809    0    0  (Gen:  0)
  1041216    462440 976645368  0.004  0.001   27.974   16.811    0    0  (Gen:  0)
  1039776    460472 976899744  0.004  0.001   27.979   16.813    0    0  (Gen:  0)
  1041376    365224 977067840  0.003  0.001   27.983   16.815    0    0  (Gen:  0)
  1139208    226512 977191912  0.001  0.000   27.985   16.816    0    0  (Gen:  0)
  1043208    328856 977396128  0.002  0.000   27.987   16.817    0    0  (Gen:  0)
  1043672    185160 977429360  0.001  0.000   27.989   16.818    0    0  (Gen:  0)
  1041792    326600 977728544  0.002  0.001   27.992   16.819    0    0  (Gen:  0)
  1041608    300880 978018824  0.002  0.001   27.994   16.820    0    0  (Gen:  0)
  1010552    204176 978158544  0.001  0.000   27.997   16.822    0    0  (Gen:  0)
  1135344    131128 978193560  0.001  0.000   28.000   16.824    0    0  (Gen:  0)
  2469304    483016 978734664  0.001  0.000   28.003   16.826    0    0  (Gen:  0)
  1916584    952272 979209216  0.003  0.001   28.007   16.827    0    0  (Gen:  0)
  1279408    760368 979598664  0.003  0.001   28.011   16.828    0    0  (Gen:  0)
  1524336    744896 980097944  0.003  0.001   28.015   16.830    0    0  (Gen:  0)
  1727664    541440 980387256  0.002  0.001   28.018   16.831    0    0  (Gen:  0)
  1646712    582656 980665944  0.002  0.001   28.022   16.833    0    0  (Gen:  0)
  1894120    797096 981240184  0.002  0.001   28.025   16.834    0    0  (Gen:  0)
  1883296    609392 981653096  0.002  0.000   28.029   16.835    0    0  (Gen:  0)
  2055152    482200 981869032  0.001  0.000   28.032   16.837    0    0  (Gen:  0)
  1937128    373032 982033136  0.001  0.000   28.035   16.838    0    0  (Gen:  0)
  1919160    265408 982169040  0.001  0.000   28.039   16.839    0    0  (Gen:  0)
  1841576    297008 982318464  0.001  0.000   28.042   16.840    0    0  (Gen:  0)
  1608920    230856 982416280  0.001  0.000   28.045   16.842    0    0  (Gen:  0)
  1766528    196104 982524080  0.001  0.000   28.048   16.843    0    0  (Gen:  0)
  1653736    148936 982578008  0.001  0.000   28.051   16.844    0    0  (Gen:  0)
  1937928    157784 982684064  0.001  0.000   28.054   16.846    0    0  (Gen:  0)
  1789688    208512 982794712  0.001  0.001   28.058   16.847    0    0  (Gen:  0)
  1937104    214392 982920528  0.001  0.000   28.063   16.849    0    0  (Gen:  0)
  1656344    343920 983143976  0.001  0.000   28.067   16.851    0    0  (Gen:  0)
  1802320    441032 983376552  0.001  0.001   28.071   16.853    0    0  (Gen:  0)
  2023784    458080 983608056  0.002  0.001   28.076   16.855    0    0  (Gen:  0)
  1986096    395840 983785104  0.001  0.001   28.080   16.856    0    0  (Gen:  0)
  1798080    277848 983896048  0.001  0.000   28.084   16.858    0    0  (Gen:  0)
  1892176    237872 984025112  0.001  0.000   28.088   16.860    0    0  (Gen:  0)
  1579824    261416 984159592  0.001  0.000   28.093   16.861    0    0  (Gen:  0)
  1702176    324616 984350000  0.002  0.001   28.098   16.863    0    0  (Gen:  0)
  1905912    402120 984567800  0.002  0.001   28.102   16.865    0    0  (Gen:  0)
  2005888    475824 984833328  0.002  0.001   28.108   16.867    0    0  (Gen:  0)
  1943320    454032 985040664  0.002  0.001   28.112   16.869    0    0  (Gen:  0)
  1910376    431224 985271136  0.002  0.001   28.117   16.871    0    0  (Gen:  0)
  2005560    379648 985439600  0.001  0.001   28.122   16.873    0    0  (Gen:  0)
  1882464    307384 985582800  0.001  0.001   28.127   16.875    0    0  (Gen:  0)
  2019456    279832 985727832  0.001  0.000   28.130   16.877    0    0  (Gen:  0)
  1925280    349584 985955464  0.002  0.001   28.135   16.878    0    0  (Gen:  0)
  1953872    480056 986247944  0.004  0.001   28.140   16.880    0    0  (Gen:  0)
  2045136    559976 986558736  0.004  0.001   28.146   16.882    0    0  (Gen:  0)
  1686368    448528 986752008  0.003  0.001   28.150   16.884    0    0  (Gen:  0)
  1703584    335832 986914120  0.002  0.001   28.154   16.885    0    0  (Gen:  0)
  1555808    361952 987221768  0.002  0.001   28.157   16.886    0    0  (Gen:  0)
  1739040    433808 987591592  0.002  0.001   28.160   16.888    0    0  (Gen:  0)
  1402048    540528 987866768  0.003  0.001   28.165   16.890    0    0  (Gen:  0)
  1039624    490296 988133040  0.002  0.001   28.169   16.891    0    0  (Gen:  0)
  1073600    457072 988374864  0.002  0.001   28.173   16.893    0    0  (Gen:  0)
  1044208    176728 988346000  0.001  0.000   28.175   16.894    0    0  (Gen:  0)
  1041448    293296 988634968  0.002  0.000   28.177   16.895    0    0  (Gen:  0)
  1032648    286440 988908344  0.001  0.000   28.179   16.896    0    0  (Gen:  0)
  1136184    125256 988956408  0.001  0.000   28.182   16.898    0    0  (Gen:  0)
  2300072    428256 989442904  0.002  0.000   28.185   16.900    0    0  (Gen:  0)
  1713984    871832 989893480  0.003  0.001   28.189   16.901    0    0  (Gen:  0)
  2010384    687360 990296576  0.002  0.001   28.193   16.903    0    0  (Gen:  0)
  2555928    879944 990873240  0.002  0.001   28.197   16.904    0    0  (Gen:  0)
  1892680    315768 991106400  0.001  0.000   28.200   16.905    0    0  (Gen:  0)
  1966952    432840 991322960  0.001  0.000   28.203   16.907    0    0  (Gen:  0)
  1256744    502672 991681952  0.002  0.001   28.207   16.908    0    0  (Gen:  0)
  1301072    325016 991929928  0.001  0.000   28.210   16.909    0    0  (Gen:  0)
  1493672    311560 992096176  0.001  0.000   28.213   16.910    0    0  (Gen:  0)
  1778440    284104 992233016  0.001  0.000   28.216   16.912    0    0  (Gen:  0)
  1685232    338528 992427688  0.001  0.000   28.220   16.913    0    0  (Gen:  0)
  2013912    505752 992807032  0.003  0.001   28.226   16.916    0    0  (Gen:  0)
  1784544    520848 993009240  0.002  0.001   28.230   16.917    0    0  (Gen:  0)
  1771048    432456 993233040  0.002  0.001   28.234   16.919    0    0  (Gen:  0)
  1990912    344112 993373992  0.002  0.000   28.239   16.921    0    0  (Gen:  0)
  1738648    232792 993482400  0.001  0.000   28.242   16.922    0    0  (Gen:  0)
  1406904    211952 993575448  0.001  0.000   28.245   16.924    0    0  (Gen:  0)
  1993520    326960 993842880  0.001  0.000   28.249   16.925    0    0  (Gen:  0)
  1443216    472848 994108088  0.002  0.001   28.253   16.927    0    0  (Gen:  0)
  1564520    304760 994202168  0.001  0.000   28.257   16.928    0    0  (Gen:  0)
  1561808    315040 994500888  0.002  0.001   28.260   16.929    0    0  (Gen:  0)
  1969296     86520 994542064  0.000  0.000   28.262   16.930    0    0  (Gen:  0)
  1034784     98024 994615744  0.001  0.000   28.264   16.932    0    0  (Gen:  0)
  1035800    186624 994732472  0.002  0.001   28.268   16.934    0    0  (Gen:  0)
  1036136    222648 994849344  0.001  0.000   28.271   16.936    0    0  (Gen:  0)
  1035688    216776 994954160  0.001  0.000   28.274   16.938    0    0  (Gen:  0)
  1037872    192344 995041720  0.001  0.001   28.277   16.940    0    0  (Gen:  0)
  1036888    185200 995141088  0.002  0.001   28.281   16.942    0    0  (Gen:  0)
  1037224    231304 995275096  0.001  0.001   28.284   16.944    0    0  (Gen:  0)
  1034944    261048 995402712  0.001  0.001   28.287   16.946    0    0  (Gen:  0)
  1037640    252360 995523064  0.001  0.001   28.290   16.947    0    0  (Gen:  0)
  1035928    220536 995626296  0.001  0.001   28.293   16.949    0    0  (Gen:  0)
  1036712    223520 995746592  0.001  0.001   28.296   16.951    0    0  (Gen:  0)
  1037760    232240 995862512  0.001  0.001   28.299   16.953    0    0  (Gen:  0)
  1036496    230512 995981176  0.001  0.001   28.303   16.955    0    0  (Gen:  0)
  1035160    235688 996098888  0.001  0.001   28.306   16.957    0    0  (Gen:  0)
  1035040    240896 996226288  0.002  0.001   28.310   16.959    0    0  (Gen:  0)
  1037072    241592 996345504  0.002  0.001   28.313   16.961    0    0  (Gen:  0)
  1036672    225240 996454656  0.002  0.001   28.317   16.963    0    0  (Gen:  0)
  1031288    259128 996604856  0.002  0.001   28.321   16.965    0    0  (Gen:  0)
  1031024    225792 996695592  0.001  0.000   28.324   16.967    0    0  (Gen:  0)
  1030720    140352 996747096  0.001  0.000   28.326   16.968    0    0  (Gen:  0)
  1037936    194368 996892688  0.001  0.000   28.328   16.970    0    0  (Gen:  0)
  1040816    259624 997010504  0.001  0.001   28.331   16.971    0    0  (Gen:  0)
  1038032    234088 997111424  0.001  0.001   28.334   16.973    0    0  (Gen:  0)
  1035728    221792 997240240  0.001  0.001   28.337   16.975    0    0  (Gen:  0)
  1040728    185848 997297568  0.001  0.000   28.340   16.977    0    0  (Gen:  0)
  1040856    107672 997352424  0.001  0.000   28.342   16.978    0    0  (Gen:  0)
  1040248    104144 997406248  0.001  0.000   28.344   16.980    0    0  (Gen:  0)
  1041464    115480 997471368  0.001  0.000   28.346   16.981    0    0  (Gen:  0)
  1041792    109352 997515992  0.001  0.000   28.348   16.982    0    0  (Gen:  0)
  1038392    139024 997587864  0.001  0.000   28.351   16.985    0    0  (Gen:  0)
  1040472    134872 997657368  0.001  0.000   28.352   16.985    0    0  (Gen:  0)
  1038312    125632 997719584  0.001  0.000   28.355   16.987    0    0  (Gen:  0)
  1040096    136360 997782568  0.000  0.000   28.356   16.987    0    0  (Gen:  0)
  1039160    120584 997833368  0.001  0.000   28.358   16.989    0    0  (Gen:  0)
  1039984    138264 997909008  0.001  0.000   28.359   16.990    0    0  (Gen:  0)
  1043152     86616 997916264  0.000  0.000   28.360   16.990    0    0  (Gen:  0)
  1040392    100304 997965616  0.001  0.000   28.362   16.992    0    0  (Gen:  0)
  1040728    112392 998019672  0.000  0.000   28.363   16.993    0    0  (Gen:  0)
  1040552    109544 998067480  0.000  0.000   28.365   16.994    0    0  (Gen:  0)
  1040568    128080 998144000  0.001  0.000   28.366   16.995    0    0  (Gen:  0)
  1040160     85936 998149720  0.000  0.000   28.368   16.995    0    0  (Gen:  0)
  1039672    103144 998202544  0.001  0.000   28.369   16.997    0    0  (Gen:  0)
  1040784    109448 998251168  0.000  0.000   28.371   16.998    0    0  (Gen:  0)
  1040008    126832 998320320  0.001  0.000   28.373   16.999    0    0  (Gen:  0)
  1038200    172560 998426224  0.001  0.000   28.375   17.000    0    0  (Gen:  0)
  1081528    296480 998697040  0.002  0.001   28.377   17.002    0    0  (Gen:  0)
  1039984    489704 998966168  0.002  0.001   28.381   17.004    0    0  (Gen:  0)
  2040696    556760 999304704  0.003  0.001   28.387   17.006    0    0  (Gen:  0)
  1040680    515752 999560408  0.003  0.001   28.391   17.008    0    0  (Gen:  0)
  1036496    488544 999834680  0.003  0.001   28.397   17.010    0    0  (Gen:  0)
  1037600    374936 999989200  0.002  0.001   28.399   17.011    0    0  (Gen:  0)
  1037568    251184 1000102360  0.001  0.000   28.402   17.012    0    0  (Gen:  0)
  1036904    227928 1000225280  0.001  0.000   28.404   17.013    0    0  (Gen:  0)
  1041208    338808 1000445568  0.001  0.001   28.406   17.014    0    0  (Gen:  0)
  1040504    445336 1000668560  0.001  0.000   28.408   17.015    0    0  (Gen:  0)
  1074080    391592 1000840688  0.002  0.001   28.410   17.017    0    0  (Gen:  0)
  1043928    232056 1000907224  0.001  0.000   28.413   17.018    0    0  (Gen:  0)
  1042136    288432 1001095928  0.002  0.000   28.416   17.019    0    0  (Gen:  0)
  1041576    320984 1001390032  0.002  0.001   28.418   17.020    0    0  (Gen:  0)
  1036568    243304 1001625736  0.001  0.000   28.420   17.021    0    0  (Gen:  0)
  1126576    174264 1001631536  0.001  0.000   28.422   17.023    0    0  (Gen:  0)
  1440816    237072 1001861672  0.001  0.000   28.426   17.025    0    0  (Gen:  0)
  1041336    491368 1002127728  0.002  0.001   28.428   17.026    0    0  (Gen:  0)
  1036928    475640 1002356152  0.002  0.001   28.431   17.028    0    0  (Gen:  0)
  1042856    533528 1002665768  0.002  0.001   28.434   17.029    0    0  (Gen:  0)
  1041560    219120 1002803184  0.001  0.000   28.436   17.030    0    0  (Gen:  0)
  1040792    357816 1003018208  0.002  0.001   28.439   17.031    0    0  (Gen:  0)
  1037040    419616 1003314432  0.002  0.001   28.442   17.033    0    0  (Gen:  0)
  1068296    205088 1003501248  0.001  0.000   28.445   17.034    0    0  (Gen:  0)
  1037696    258960 1003623264  0.002  0.001   28.447   17.036    0    0  (Gen:  0)
  1036584    219592 1003727912  0.002  0.001   28.450   17.037    0    0  (Gen:  0)
  1036072    217968 1003859440  0.001  0.001   28.452   17.038    0    0  (Gen:  0)
  1033240    221224 1003963552  0.002  0.000   28.454   17.040    0    0  (Gen:  0)
  1036296    188744 1004048320  0.002  0.000   28.457   17.041    0    0  (Gen:  0)
  1035896     94712 1004063096  0.001  0.000   28.459   17.043    0    0  (Gen:  0)
  1035448     29800 1004081616  0.000  0.000   28.461   17.044    0    0  (Gen:  0)
  1035792     19704 1004085464  0.000  0.000   28.462   17.045    0    0  (Gen:  0)
  1033288     21920 1004098320  0.000  0.000   28.464   17.047    0    0  (Gen:  0)
  1035376     73936 1004163032  0.001  0.000   28.466   17.048    0    0  (Gen:  0)
  1037056    185216 1004289064  0.002  0.000   28.469   17.050    0    0  (Gen:  0)
  1036928    254112 1004417976  0.002  0.001   28.473   17.052    0    0  (Gen:  0)
  1035960    219360 1004533240  0.002  0.001   28.477   17.055    0    0  (Gen:  0)
  1037616    242656 1004664672  0.002  0.001   28.480   17.057    0    0  (Gen:  0)
  1036896    249800 1004786032  0.002  0.001   28.484   17.059    0    0  (Gen:  0)
  1035792    233800 1004902032  0.002  0.001   28.487   17.061    0    0  (Gen:  0)
  1036752    238632 1005029008  0.002  0.001   28.490   17.063    0    0  (Gen:  0)
  1035576    252696 1005159048  0.002  0.001   28.494   17.065    0    0  (Gen:  0)
  1036288    254880 1005289104  0.002  0.001   28.497   17.066    0    0  (Gen:  0)
  1036320    262232 1005422888  0.002  0.001   28.501   17.068    0    0  (Gen:  0)
  1036736    266400 1005558640  0.002  0.001   28.505   17.070    0    0  (Gen:  0)
  1036408    258192 1005685080  0.002  0.001   28.509   17.072    0    0  (Gen:  0)
  1037416    237760 1005800416  0.002  0.001   28.512   17.074    0    0  (Gen:  0)
  1036856    203968 1005889360  0.002  0.001   28.515   17.076    0    0  (Gen:  0)
  1035760    191080 1005990040  0.002  0.001   28.519   17.078    0    0  (Gen:  0)
  1035128    234080 1006125008  0.002  0.001   28.522   17.080    0    0  (Gen:  0)
  1037752    226616 1006217992  0.002  0.001   28.525   17.082    0    0  (Gen:  0)
  1033168    240648 1006366856  0.002  0.001   28.529   17.084    0    0  (Gen:  0)
  1041224    182472 1006420208  0.002  0.000   28.532   17.085    0    0  (Gen:  0)
  1041096    102480 1006473496  0.001  0.000   28.534   17.087    0    0  (Gen:  0)
  1036544    102936 1006527264  0.001  0.000   28.536   17.088    0    0  (Gen:  0)
  1038512     93376 1006576880  0.001  0.000   28.538   17.090    0    0  (Gen:  0)
  1036680     94752 1006630464  0.001  0.000   28.540   17.091    0    0  (Gen:  0)
  1040192     92384 1006680248  0.001  0.000   28.542   17.093    0    0  (Gen:  0)
  1041048    119568 1006750568  0.001  0.000   28.544   17.094    0    0  (Gen:  0)
  1039552     88536 1006792088  0.001  0.000   28.546   17.095    0    0  (Gen:  0)
  1040760    295360 1007060288  0.003  0.001   28.550   17.097    0    0  (Gen:  0)
  1040040    486896 1007330664  0.004  0.001   28.555   17.099    0    0  (Gen:  0)
  1039640    506856 1007622856  0.004  0.001   28.560   17.101    0    0  (Gen:  0)
  1040624    507272 1007911184  0.004  0.001   28.565   17.103    0    0  (Gen:  0)
  1040576    501048 1008191296  0.004  0.001   28.570   17.105    0    0  (Gen:  0)
  1041672    505952 1008471224  0.003  0.001   28.574   17.107    0    0  (Gen:  0)
  1447136    353496 1008691688  0.001  0.000   28.577   17.109    0    0  (Gen:  0)
  1042224    262792 1008936072  0.001  0.000   28.579   17.110    0    0  (Gen:  0)
  1109200    257472 1009060256  0.001  0.000   28.580   17.110    0    0  (Gen:  0)
  1043144    205456 1009148672  0.001  0.000   28.582   17.111    0    0  (Gen:  0)
  1043960    100160 1009203616  0.001  0.000   28.583   17.112    0    0  (Gen:  0)
  1027408    185752 1009367464  0.001  0.000   28.585   17.113    0    0  (Gen:  0)
  1262352    177032 1009456824  0.001  0.000   28.587   17.115    0    0  (Gen:  0)
  2708504    263080 1009864088  0.001  0.000   28.591   17.119    0    0  (Gen:  0)
  1032192    570440 1010208152  0.002  0.001   28.593   17.119    0    0  (Gen:  0)
  1032192    347304 1010552216  0.002  0.000   28.595   17.120    0    0  (Gen:  0)
  1696176    142112 1010760088  0.001  0.000   28.597   17.122    0    0  (Gen:  0)
  1037392     31880 1010779016  0.000  0.000   28.598   17.122    0    0  (Gen:  0)
  1033168     77696 1010833888  0.001  0.000   28.599   17.123    0    0  (Gen:  0)
  1036024    114624 1010889792  0.001  0.000   28.601   17.124    0    0  (Gen:  0)
  1034096    126480 1010955544  0.001  0.000   28.602   17.124    0    0  (Gen:  0)
  1033312    131664 1011017296  0.001  0.000   28.604   17.125    0    0  (Gen:  0)
  1035904    129552 1011078648  0.001  0.000   28.605   17.126    0    0  (Gen:  0)
  1034016    132648 1011145864  0.001  0.000   28.607   17.127    0    0  (Gen:  0)
  1033440    135488 1011210400  0.001  0.000   28.608   17.127    0    0  (Gen:  0)
  1034760    133216 1011273104  0.001  0.000   28.610   17.128    0    0  (Gen:  0)
  1033616    133736 1011338336  0.001  0.000   28.611   17.129    0    0  (Gen:  0)
  1036792    130000 1011396664  0.001  0.000   28.613   17.129    0    0  (Gen:  0)
  1036032    130912 1011462912  0.001  0.000   28.614   17.130    0    0  (Gen:  0)
  1036896    130488 1011522472  0.001  0.000   28.616   17.131    0    0  (Gen:  0)
  1034496    133384 1011590672  0.001  0.000   28.617   17.132    0    0  (Gen:  0)
  1033648    147680 1011664808  0.001  0.000   28.619   17.132    0    0  (Gen:  0)
  1034576    149984 1011734800  0.001  0.000   28.620   17.133    0    0  (Gen:  0)
  1033456    133648 1011792960  0.001  0.000   28.622   17.134    0    0  (Gen:  0)
  1032928    115352 1011845184  0.001  0.000   28.623   17.135    0    0  (Gen:  0)
  1032608    112104 1011897160  0.001  0.000   28.624   17.135    0    0  (Gen:  0)
  1034464    113424 1011954920  0.001  0.000   28.626   17.136    0    0  (Gen:  0)
  1034568    127640 1012020856  0.001  0.000   28.627   17.137    0    0  (Gen:  0)
  1036392    128064 1012075576  0.001  0.000   28.628   17.137    0    0  (Gen:  0)
  1032024    133472 1012150120  0.001  0.000   28.630   17.138    0    0  (Gen:  0)
  1033048    158432 1012227408  0.001  0.000   28.631   17.139    0    0  (Gen:  0)
  1032968    147192 1012291560  0.001  0.000   28.632   17.140    0    0  (Gen:  0)
  2712288    155312 1012411568  0.001  0.000   28.636   17.142    0    0  (Gen:  0)
  2394136     98984 1012434064  0.001  0.000   28.638   17.144    0    0  (Gen:  0)
  2484008     69264 1012445848  0.000  0.000   28.641   17.147    0    0  (Gen:  0)
  1466752     61376 1012511760  0.000  0.000   28.642   17.148    0    0  (Gen:  0)
  1828800     53360 1012542696  0.000  0.000   28.644   17.150    0    0  (Gen:  0)
  2476152     77888 1012603224  0.000  0.000   28.647   17.152    0    0  (Gen:  0)
  2150928     78608 1012619024  0.000  0.000   28.649   17.155    0    0  (Gen:  0)
  4149912    114800 1012748760  0.000  0.000   28.653   17.159    0    0  (Gen:  0)
  3867976    129632 1012837048  0.000  0.000   28.657   17.162    0    0  (Gen:  0)
  2083040     78472 1012865848  0.000  0.000   28.659   17.164    0    0  (Gen:  0)
  3192328     84792 1012940312  0.000  0.000   28.662   17.167    0    0  (Gen:  0)
  2252872     69872 1012980888  0.000  0.000   28.664   17.169    0    0  (Gen:  0)
  2438200     77008 1013038920  0.000  0.000   28.666   17.171    0    0  (Gen:  0)
  2849984     80896 1013087152  0.000  0.000   28.669   17.174    0    0  (Gen:  0)
  3731544     93528 1013156672  0.000  0.000   28.672   17.177    0    0  (Gen:  0)
  3020760    106696 1013195536  0.000  0.000   28.675   17.180    0    0  (Gen:  0)
  1133920     60632 1013251128  0.000  0.000   28.677   17.181    0    0  (Gen:  0)
  1648440     47544 1013285520  0.000  0.000   28.678   17.183    0    0  (Gen:  0)
  2575968     76960 1013341512  0.000  0.000   28.681   17.185    0    0  (Gen:  0)
  2634064     72616 1013378456  0.000  0.000   28.684   17.188    0    0  (Gen:  0)
  1104736     43488 1013388448  0.000  0.000   28.685   17.189    0    0  (Gen:  0)
  2665760     55440 1013441088  0.000  0.000   28.687   17.191    0    0  (Gen:  0)
  1107176     51224 1013449872  0.000  0.000   28.689   17.192    0    0  (Gen:  0)
  1105600     28080 1013462024  0.000  0.000   28.690   17.193    0    0  (Gen:  0)
  2583632     47968 1013495032  0.000  0.000   28.692   17.195    0    0  (Gen:  0)
  1105576     48952 1013513400  0.000  0.000   28.694   17.196    0    0  (Gen:  0)
  1135856     28496 1013525872  0.000  0.000   28.695   17.197    0    0  (Gen:  0)
  1996368     50568 1013561776  0.000  0.000   28.697   17.199    0    0  (Gen:  0)
  1106600     43616 1013570728  0.000  0.000   28.698   17.200    0    0  (Gen:  0)
  1103096     24896 1013579760  0.000  0.000   28.699   17.201    0    0  (Gen:  0)
  1203456     35216 1013603256  0.000  0.000   28.700   17.202    0    0  (Gen:  0)
  2597008     53104 1013636784  0.000  0.000   28.703   17.204    0    0  (Gen:  0)
  1765152     56392 1013663864  0.000  0.000   28.704   17.206    0    0  (Gen:  0)
  1134912     40264 1013676792  0.000  0.000   28.706   17.207    0    0  (Gen:  0)
  2805856     51144 1013714272  0.000  0.000   28.708   17.210    0    0  (Gen:  0)
  3537248     74960 1013764232  0.000  0.000   28.711   17.213    0    0  (Gen:  0)
  2924440     78048 1013802336  0.000  0.000   28.714   17.215    0    0  (Gen:  0)
  1106880     46528 1013813168  0.000  0.000   28.715   17.216    0    0  (Gen:  0)
  1201792     30592 1013833272  0.000  0.000   28.717   17.217    0    0  (Gen:  0)
  1175696     39088 1013851464  0.000  0.000   28.718   17.218    0    0  (Gen:  0)
  2168304     41360 1013874616  0.000  0.000   28.720   17.220    0    0  (Gen:  0)
  2475896    142880 1014032784  0.000  0.000   28.722   17.222    0    0  (Gen:  0)
  1300216    348456 1014260016  0.002  0.001   28.725   17.223    0    0  (Gen:  0)
  2362680     43592 1014292200  0.000  0.000   28.727   17.225    0    0  (Gen:  0)
  2114392     53384 1014324752  0.000  0.000   28.729   17.227    0    0  (Gen:  0)
  1138912     43696 1014337432  0.000  0.000   28.730   17.228    0    0  (Gen:  0)
  1106944     31168 1014355408  0.000  0.000   28.731   17.229    0    0  (Gen:  0)
  3002000     54776 1014400104  0.000  0.000   28.734   17.232    0    0  (Gen:  0)
  1103688     47264 1014405064  0.000  0.000   28.735   17.233    0    0  (Gen:  0)
  2120640     46248 1014440080  0.000  0.000   28.737   17.235    0    0  (Gen:  0)
  3383112     70656 1014489040  0.000  0.000   28.741   17.238    0    0  (Gen:  0)
  1496904     58160 1014504664  0.000  0.000   28.742   17.239    0    0  (Gen:  0)
  2523568     46776 1014533128  0.000  0.000   28.745   17.242    0    0  (Gen:  0)
  1752824     52592 1014563392  0.000  0.000   28.746   17.243    0    0  (Gen:  0)
  1247696     42464 1014715560  0.000  0.000   28.748   17.244    0    0  (Gen:  0)
  1176416     31680 1014756480  0.000  0.000   28.749   17.245    0    0  (Gen:  0)
  2700536     54728 1015034040  0.000  0.000   28.752   17.248    0    0  (Gen:  0)
  1105048     46768 1015040960  0.000  0.000   28.753   17.249    0    0  (Gen:  0)
  1757312     40256 1015168328  0.000  0.000   28.755   17.250    0    0  (Gen:  0)
  2345464     57872 1015364696  0.000  0.000   28.757   17.252    0    0  (Gen:  0)
  3649472     69648 1015571688  0.000  0.000   28.760   17.255    0    0  (Gen:  0)
  2555496     76912 1015771512  0.000  0.000   28.763   17.257    0    0  (Gen:  0)
  3944392     85696 1016089136  0.000  0.000   28.766   17.261    0    0  (Gen:  0)
  1240472     66296 1016198928  0.000  0.000   28.768   17.262    0    0  (Gen:  0)
  1403408     44880 1016260496  0.000  0.000   28.770   17.264    0    0  (Gen:  0)
  2306552     55480 1016516248  0.000  0.000   28.772   17.266    0    0  (Gen:  0)
  1140344     49856 1016536960  0.000  0.000   28.773   17.267    0    0  (Gen:  0)
  1236976     36200 1016651992  0.000  0.000   28.775   17.268    0    0  (Gen:  0)
  3728520     71968 1017037640  0.000  0.000   28.779   17.272    0    0  (Gen:  0)
  2154384     82376 1017266624  0.000  0.000   28.781   17.274    0    0  (Gen:  0)
  1244176     46624 1017376104  0.000  0.000   28.782   17.275    0    0  (Gen:  0)
  3015912     62200 1017625328  0.000  0.000   28.785   17.278    0    0  (Gen:  0)
  2649784     69720 1017887952  0.000  0.000   28.788   17.280    0    0  (Gen:  0)
  2130888     59944 1017979880  0.000  0.000   28.790   17.282    0    0  (Gen:  0)
  1178376     45656 1018027392  0.000  0.000   28.791   17.283    0    0  (Gen:  0)
  2721720     55320 1018170648  0.000  0.000   28.794   17.285    0    0  (Gen:  0)
  1964648     58128 1018351528  0.000  0.000   28.796   17.287    0    0  (Gen:  0)
  3165656     60152 1018621640  0.000  0.000   28.799   17.290    0    0  (Gen:  0)
  1787856     61736 1018811608  0.000  0.000   28.801   17.291    0    0  (Gen:  0)
  2652920     62424 1019046160  0.000  0.000   28.804   17.294    0    0  (Gen:  0)
  2375104     76216 1019383624  0.000  0.000   28.806   17.296    0    0  (Gen:  0)
  1758336     59400 1019468464  0.000  0.000   28.808   17.298    0    0  (Gen:  0)
  1290616     36096 1019644528  0.000  0.000   28.809   17.299    0    0  (Gen:  0)
  1560128     40520 1019770160  0.000  0.000   28.811   17.300    0    0  (Gen:  0)
  3781632     76600 1020193584  0.000  0.000   28.815   17.304    0    0  (Gen:  0)
  1538672     70632 1020282024  0.000  0.000   28.816   17.305    0    0  (Gen:  0)
  1975400     54024 1020511160  0.000  0.000   28.819   17.307    0    0  (Gen:  0)
  1209048     52344 1020561184  0.000  0.000   28.820   17.308    0    0  (Gen:  0)
  3156656     67616 1020906680  0.000  0.000   28.823   17.311    0    0  (Gen:  0)
  1105096     57776 1020887840  0.000  0.000   28.824   17.312    0    0  (Gen:  0)
  1372648     40256 1021138760  0.000  0.000   28.826   17.313    0    0  (Gen:  0)
  1654800     46976 1021292200  0.000  0.000   28.828   17.315    0    0  (Gen:  0)
  1303904     45736 1021441432  0.000  0.000   28.829   17.316    0    0  (Gen:  0)
  1242792     39064 1021559784  0.000  0.000   28.831   17.317    0    0  (Gen:  0)
  2900416     58360 1021862176  0.000  0.000   28.833   17.320    0    0  (Gen:  0)
  2358256     82528 1022203712  0.000  0.000   28.836   17.323    0    0  (Gen:  0)
  2486968    168088 1022501072  0.000  0.000   28.839   17.324    0    0  (Gen:  0)
  3376080     65432 1022704568  0.000  0.000   28.842   17.327    0    0  (Gen:  0)
  1855072     62824 1022835416  0.000  0.000   28.844   17.329    0    0  (Gen:  0)
  1586752     50848 1022986056  0.000  0.000   28.846   17.330    0    0  (Gen:  0)
  2388200     56616 1023351472  0.000  0.000   28.848   17.332    0    0  (Gen:  0)
  1941232     63784 1023488776  0.000  0.000   28.850   17.334    0    0  (Gen:  0)
  1597960     44432 1023632456  0.000  0.000   28.852   17.335    0    0  (Gen:  0)
  1794208     38576 1023783632  0.000  0.000   28.853   17.337    0    0  (Gen:  0)
  2682912     67584 1024029680  0.000  0.000   28.856   17.340    0    0  (Gen:  0)
  1321872     58352 1024177216  0.000  0.000   28.858   17.341    0    0  (Gen:  0)
  1998088     46496 1024439216  0.000  0.000   28.859   17.342    0    0  (Gen:  0)
  2246264     64664 1024609280  0.000  0.000   28.862   17.344    0    0  (Gen:  0)
  3216608     61904 1024904792  0.000  0.000   28.864   17.347    0    0  (Gen:  0)
  2788880     69512 1025171264  0.000  0.000   28.867   17.349    0    0  (Gen:  0)
  2810048     71912 1025405056  0.000  0.000   28.870   17.352    0    0  (Gen:  0)
  2921048     65712 1025639832  0.000  0.000   28.872   17.354    0    0  (Gen:  0)
  2971040     81984 1026143992  0.000  0.000   28.876   17.357    0    0  (Gen:  0)
  2259288     81928 1026255848  0.000  0.000   28.879   17.360    0    0  (Gen:  0)
  2100712     70776 1026428152  0.000  0.000   28.881   17.362    0    0  (Gen:  0)
  2742584     81832 1026737840  0.000  0.000   28.884   17.365    0    0  (Gen:  0)
  2347016     71928 1026906016  0.000  0.000   28.887   17.367    0    0  (Gen:  0)
  1241760     50896 1027024568  0.000  0.000   28.888   17.368    0    0  (Gen:  0)
  2957304     56656 1027324424  0.000  0.000   28.891   17.371    0    0  (Gen:  0)
  1889496     54088 1027406520  0.000  0.000   28.893   17.372    0    0  (Gen:  0)
  2406936     63664 1027679664  0.000  0.000   28.895   17.374    0    0  (Gen:  0)
  3104968     65128 1027975504  0.000  0.000   28.898   17.377    0    0  (Gen:  0)
  2678336     70952 1028178808  0.000  0.000   28.900   17.379    0    0  (Gen:  0)
  2757656     66736 1028438536  0.000  0.000   28.903   17.381    0    0  (Gen:  0)
  1307952     51200 1028619528  0.000  0.000   28.904   17.382    0    0  (Gen:  0)
  2836512     46696 1028782776  0.000  0.000   28.907   17.385    0    0  (Gen:  0)
  4604056     85288 1029310496  0.000  0.000   28.911   17.388    0    0  (Gen:  0)
  1806208     72584 1029495928  0.000  0.000   28.912   17.390    0    0  (Gen:  0)
  1803040     51600 1029654184  0.000  0.000   28.914   17.392    0    0  (Gen:  0)
  3073160     59400 1029820240  0.000  0.000   28.917   17.394    0    0  (Gen:  0)
  1272944     51288 1029968208  0.000  0.000   28.919   17.395    0    0  (Gen:  0)
  1262728     32112 1029981160  0.000  0.000   28.920   17.396    0    0  (Gen:  0)
  3641144     79808 1030414952  0.000  0.000   28.924   17.400    0    0  (Gen:  0)
  2091320     78072 1030601248  0.000  0.000   28.926   17.402    0    0  (Gen:  0)
  2248336     53632 1030825880  0.000  0.000   28.928   17.404    0    0  (Gen:  0)
  3397360     77992 1031040896  0.000  0.000   28.931   17.407    0    0  (Gen:  0)
  3505728     89352 1031282040  0.000  0.000   28.935   17.410    0    0  (Gen:  0)
  2701520     84320 1031654432  0.000  0.000   28.937   17.412    0    0  (Gen:  0)
  2499248     72976 1031826448  0.000  0.000   28.940   17.415    0    0  (Gen:  0)
  3576752     81800 1032201000  0.000  0.000   28.943   17.418    0    0  (Gen:  0)
  1206400     64696 1032218640  0.000  0.000   28.945   17.419    0    0  (Gen:  0)
  1735840     37576 1032402696  0.000  0.000   28.947   17.421    0    0  (Gen:  0)
  1245760     34944 1032544544  0.000  0.000   28.948   17.422    0    0  (Gen:  0)
  1446960     40840 1032603216  0.000  0.000   28.950   17.423    0    0  (Gen:  0)
  1521824     43872 1032754848  0.000  0.000   28.951   17.424    0    0  (Gen:  0)
  3517672     62632 1033063688  0.000  0.000   28.954   17.427    0    0  (Gen:  0)
  2068336     60504 1033217968  0.000  0.000   28.956   17.429    0    0  (Gen:  0)
  1799976     45168 1033400024  0.000  0.000   28.958   17.430    0    0  (Gen:  0)
  1775720     44488 1033522200  0.000  0.000   28.960   17.432    0    0  (Gen:  0)
  1357464     40584 1033637200  0.000  0.000   28.961   17.433    0    0  (Gen:  0)
  2736336     57512 1033875048  0.000  0.000   28.964   17.435    0    0  (Gen:  0)
  3361824     78104 1034217568  0.000  0.000   28.967   17.438    0    0  (Gen:  0)
  1905992     59088 1034367192  0.000  0.000   28.969   17.440    0    0  (Gen:  0)
  2541920     54008 1034600192  0.000  0.000   28.971   17.442    0    0  (Gen:  0)
  2260280     59080 1034757856  0.000  0.000   28.973   17.444    0    0  (Gen:  0)
  1317432     45816 1034940072  0.000  0.000   28.975   17.445    0    0  (Gen:  0)
  2036856     47064 1035100352  0.000  0.000   28.977   17.447    0    0  (Gen:  0)
  2624192     64264 1035327968  0.000  0.000   28.979   17.449    0    0  (Gen:  0)
  2115072     61472 1035525904  0.000  0.000   28.982   17.451    0    0  (Gen:  0)
  1453824     50256 1035646616  0.000  0.000   28.983   17.453    0    0  (Gen:  0)
  1173200     38520 1035729296  0.000  0.000   28.984   17.454    0    0  (Gen:  0)
  2223640     53104 1035996088  0.000  0.000   28.986   17.456    0    0  (Gen:  0)
  2215160     56248 1036049528  0.000  0.000   28.989   17.458    0    0  (Gen:  0)
  2319232     63000 1036286456  0.000  0.000   28.992   17.460    0    0  (Gen:  0)
  2706256     74200 1036459120  0.000  0.000   28.994   17.463    0    0  (Gen:  0)
  1106880     51008 1036472632  0.000  0.000   28.996   17.464    0    0  (Gen:  0)
  1473352     41472 1036563560  0.000  0.000   28.997   17.465    0    0  (Gen:  0)
  1405968     44984 1036716024  0.000  0.000   28.999   17.466    0    0  (Gen:  0)
  1686800     39104 1036895936  0.000  0.000   29.000   17.468    0    0  (Gen:  0)
  2392808     56544 1037198712  0.000  0.000   29.003   17.470    0    0  (Gen:  0)
  1842032     55104 1037321176  0.000  0.000   29.005   17.472    0    0  (Gen:  0)
  1221456     36280 1037428872  0.000  0.000   29.006   17.473    0    0  (Gen:  0)
  4085912     73856 1037850176  0.000  0.000   29.010   17.476    0    0  (Gen:  0)
  1209152     66888 1037961912  0.000  0.000   29.011   17.477    0    0  (Gen:  0)
  2200968     51536 1038225928  0.000  0.000   29.014   17.479    0    0  (Gen:  0)
  3056832     83072 1038604920  0.000  0.000   29.017   17.483    0    0  (Gen:  0)
  3528776     97688 1038892688  0.000  0.000   29.021   17.487    0    0  (Gen:  0)
  3926888    103024 1039468968  0.000  0.000   29.026   17.491    0    0  (Gen:  0)
  1441528     70904 1039622632  0.000  0.000   29.028   17.493    0    0  (Gen:  0)
  4364280     91168 1040087944  0.000  0.000   29.033   17.498    0    0  (Gen:  0)
  2691360     97064 1040320912  0.000  0.000   29.036   17.501    0    0  (Gen:  0)
  2820864     87488 1040539856  0.000  0.000   29.039   17.504    0    0  (Gen:  0)
  1302248     67280 1040664040  0.000  0.000   29.041   17.505    0    0  (Gen:  0)
  1840656     47880 1040920096  0.000  0.000   29.043   17.507    0    0  (Gen:  0)
  1104584     37600 1040934160  0.000  0.000   29.044   17.508    0    0  (Gen:  0)
  1847208     33464 1041082272  0.000  0.000   29.046   17.509    0    0  (Gen:  0)
  1353680     43512 1041238328  0.000  0.000   29.047   17.510    0    0  (Gen:  0)
  1683360     42216 1041385112  0.000  0.000   29.049   17.512    0    0  (Gen:  0)
  2339024     42176 1041445336  0.000  0.000   29.051   17.514    0    0  (Gen:  0)
  1700888     47216 1041667936  0.000  0.000   29.053   17.515    0    0  (Gen:  0)
  1237800     42504 1041781344  0.000  0.000   29.054   17.516    0    0  (Gen:  0)
  1514984     37544 1041928432  0.000  0.000   29.055   17.517    0    0  (Gen:  0)
  3921176     61856 1042211648  0.000  0.000   29.059   17.521    0    0  (Gen:  0)
  1210264     55168 1042324400  0.000  0.000   29.060   17.522    0    0  (Gen:  0)
  1682280     33112 1042437936  0.000  0.000   29.062   17.523    0    0  (Gen:  0)
  1964136     46936 1042598512  0.000  0.000   29.064   17.525    0    0  (Gen:  0)
  1273136     42288 1042745264  0.000  0.000   29.065   17.526    0    0  (Gen:  0)
  2083728     38720 1042898120  0.000  0.000   29.067   17.527    0    0  (Gen:  0)
  1274416     33240 1043042456  0.000  0.000   29.068   17.528    0    0  (Gen:  0)
  2276672     46368 1043208968  0.000  0.000   29.070   17.530    0    0  (Gen:  0)
  1829392     49320 1043323784  0.000  0.000   29.072   17.531    0    0  (Gen:  0)
  1318544     36632 1043501120  0.000  0.000   29.073   17.533    0    0  (Gen:  0)
  1459360     35792 1043587000  0.000  0.000   29.075   17.534    0    0  (Gen:  0)
  1241808     40512 1043703720  0.000  0.000   29.076   17.535    0    0  (Gen:  0)
  1857192     37912 1043823232  0.000  0.000   29.078   17.537    0    0  (Gen:  0)
  2913608     59224 1044091960  0.000  0.000   29.081   17.539    0    0  (Gen:  0)
  2368808     56048 1044276560  0.000  0.000   29.083   17.541    0    0  (Gen:  0)
  1393936     49640 1044468512  0.000  0.000   29.084   17.543    0    0  (Gen:  0)
  3181296     56952 1044703360  0.000  0.000   29.087   17.545    0    0  (Gen:  0)
  2818672     75112 1045008520  0.000  0.000   29.090   17.548    0    0  (Gen:  0)
  2709984     69384 1045276152  0.000  0.000   29.093   17.550    0    0  (Gen:  0)
  1338160     53640 1045424176  0.000  0.000   29.094   17.551    0    0  (Gen:  0)
  2010040     56112 1045657096  0.000  0.000   29.097   17.554    0    0  (Gen:  0)
  2920688     78304 1045965512  0.000  0.000   29.100   17.557    0    0  (Gen:  0)
  2243848     76208 1046230312  0.000  0.000   29.103   17.559    0    0  (Gen:  0)
  3908376     95952 1046625944  0.000  0.000   29.107   17.563    0    0  (Gen:  0)
  1831008     76672 1046745352  0.000  0.000   29.109   17.564    0    0  (Gen:  0)
  1594496     45520 1046832800  0.000  0.000   29.111   17.566    0    0  (Gen:  0)
  2998560     67280 1047240624  0.000  0.000   29.114   17.569    0    0  (Gen:  0)
  2552008     76256 1047572656  0.000  0.000   29.117   17.572    0    0  (Gen:  0)
  2120488     65936 1047732728  0.000  0.000   29.119   17.574    0    0  (Gen:  0)
  3462864     72992 1048072272  0.000  0.000   29.123   17.577    0    0  (Gen:  0)
  2969216     88624 1048383816  0.000  0.000   29.126   17.580    0    0  (Gen:  0)
  1666120     66432 1048439112  0.000  0.000   29.128   17.582    0    0  (Gen:  0)
  1573008     58240 1048509736  0.000  0.000   29.129   17.583    0    0  (Gen:  0)
  1557232     44736 1048596720  0.000  0.000   29.131   17.585    0    0  (Gen:  0)
  1583896     43432 1048748672  0.000  0.000   29.133   17.586    0    0  (Gen:  0)
  3257960     71048 1048936896  0.000  0.000   29.137   17.590    0    0  (Gen:  0)
  3785856     99528 1049254960  0.000  0.000   29.141   17.594    0    0  (Gen:  0)
  2327040     77200 1049355032  0.000  0.000   29.143   17.596    0    0  (Gen:  0)
  2757152     70632 1049526440  0.000  0.000   29.147   17.599    0    0  (Gen:  0)
  3609936     95552 1049753664  0.000  0.000   29.150   17.602    0    0  (Gen:  0)
  3283664     82120 1049994976  0.000  0.000   29.154   17.605    0    0  (Gen:  0)
  1828856     71864 1050187416  0.000  0.000   29.156   17.607    0    0  (Gen:  0)
  3450264     80272 1050638608  0.000  0.000   29.160   17.611    0    0  (Gen:  0)
  3040080     93920 1050818184  0.001  0.000   29.163   17.614    0    0  (Gen:  0)
  3135720     83016 1051219088  0.000  0.000   29.167   17.617    0    0  (Gen:  0)
  1504656     71728 1051348568  0.000  0.000   29.169   17.620    0    0  (Gen:  0)
  2224256     61760 1051679040  0.000  0.000   29.172   17.622    0    0  (Gen:  0)
  3922144     98160 1052072808  0.000  0.000   29.176   17.626    0    0  (Gen:  0)
  2487984    120072 1052272744  0.000  0.000   29.179   17.628    0    0  (Gen:  0)
  2032656     51080 1052393192  0.000  0.000   29.181   17.630    0    0  (Gen:  0)
  2323960     53880 1052616992  0.000  0.000   29.183   17.632    0    0  (Gen:  0)
  2356984     59720 1052784632  0.000  0.000   29.185   17.634    0    0  (Gen:  0)
  2473672     73512 1053023608  0.000  0.000   29.188   17.636    0    0  (Gen:  0)
  2503176     63488 1053321776  0.000  0.000   29.190   17.638    0    0  (Gen:  0)
  2556160     61992 1053449840  0.000  0.000   29.193   17.640    0    0  (Gen:  0)
  1745008     54472 1053641632  0.000  0.000   29.195   17.642    0    0  (Gen:  0)
  1395120     39744 1053654880  0.000  0.000   29.196   17.643    0    0  (Gen:  0)
  1593648     37328 1053869920  0.000  0.000   29.198   17.644    0    0  (Gen:  0)
  2852632     60224 1054116176  0.000  0.000   29.200   17.647    0    0  (Gen:  0)
  2076504     67824 1054374776  0.000  0.000   29.202   17.649    0    0  (Gen:  0)
  1446736     55304 1054528800  0.000  0.000   29.204   17.650    0    0  (Gen:  0)
  2415728     48976 1054656632  0.000  0.000   29.206   17.652    0    0  (Gen:  0)
  2096144     52952 1054744584  0.000  0.000   29.209   17.654    0    0  (Gen:  0)
  2170528     58792 1054949608  0.000  0.000   29.211   17.656    0    0  (Gen:  0)
  2039424     58440 1055010776  0.000  0.000   29.213   17.658    0    0  (Gen:  0)
  2941024     67632 1055244712  0.000  0.000   29.216   17.661    0    0  (Gen:  0)
  3225800     80824 1055554672  0.000  0.000   29.219   17.664    0    0  (Gen:  0)
  3663536     96768 1055937472  0.000  0.000   29.223   17.667    0    0  (Gen:  0)
  1149456     63456 1055924864  0.000  0.000   29.224   17.668    0    0  (Gen:  0)
  2106496     44416 1056083616  0.000  0.000   29.227   17.670    0    0  (Gen:  0)
  1357608     57304 1056241192  0.000  0.000   29.228   17.672    0    0  (Gen:  0)
  3382024     67600 1056519296  0.000  0.000   29.231   17.675    0    0  (Gen:  0)
  2654184     70040 1056750632  0.000  0.000   29.234   17.677    0    0  (Gen:  0)
  1761312     52112 1056842080  0.000  0.000   29.236   17.678    0    0  (Gen:  0)
  3649856     65560 1057121880  0.000  0.000   29.239   17.681    0    0  (Gen:  0)
  3200328     80040 1057388288  0.000  0.000   29.242   17.684    0    0  (Gen:  0)
  3275464     87880 1057735488  0.000  0.000   29.246   17.688    0    0  (Gen:  0)
  3622592     87416 1057950984  0.000  0.000   29.249   17.691    0    0  (Gen:  0)
  2375624     72832 1058079432  0.000  0.000   29.252   17.693    0    0  (Gen:  0)
  2515656     57896 1058339920  0.000  0.000   29.254   17.695    0    0  (Gen:  0)
  1328352     48384 1058391280  0.000  0.000   29.255   17.696    0    0  (Gen:  0)
  3603656     63448 1058666512  0.000  0.000   29.258   17.699    0    0  (Gen:  0)
  2287304     77040 1058797656  0.000  0.000   29.261   17.702    0    0  (Gen:  0)
  2679080     73032 1059101168  0.000  0.000   29.264   17.704    0    0  (Gen:  0)
  1243256     56672 1059185456  0.000  0.000   29.265   17.705    0    0  (Gen:  0)
  1176096     28968 1059264352  0.000  0.000   29.266   17.706    0    0  (Gen:  0)
  3068456     59128 1059479472  0.000  0.000   29.270   17.710    0    0  (Gen:  0)
  2224680     72744 1059643712  0.000  0.000   29.272   17.712    0    0  (Gen:  0)
  1209656     41464 1059747864  0.000  0.000   29.273   17.713    0    0  (Gen:  0)
  3431928     72992 1059974976  0.000  0.000   29.277   17.716    0    0  (Gen:  0)
  3260872     87120 1060249992  0.000  0.000   29.281   17.719    0    0  (Gen:  0)
  1331640     57912 1060260024  0.000  0.000   29.282   17.720    0    0  (Gen:  0)
  2295128     53480 1060462832  0.000  0.000   29.284   17.723    0    0  (Gen:  0)
  3677760     86088 1060682328  0.000  0.000   29.289   17.727    0    0  (Gen:  0)
  1541360     72824 1060838360  0.000  0.000   29.290   17.728    0    0  (Gen:  0)
  3350472     55848 1061168920  0.000  0.000   29.293   17.730    0    0  (Gen:  0)
  2223600     67296 1061436584  0.000  0.000   29.296   17.733    0    0  (Gen:  0)
  2481664     73432 1061712888  0.000  0.000   29.299   17.735    0    0  (Gen:  0)
  1240808     59584 1061799752  0.000  0.000   29.300   17.737    0    0  (Gen:  0)
  2525480     52608 1062094456  0.000  0.000   29.303   17.739    0    0  (Gen:  0)
  1222360     48624 1062206536  0.000  0.000   29.304   17.740    0    0  (Gen:  0)
  1378464     44664 1062363632  0.000  0.000   29.306   17.741    0    0  (Gen:  0)
  2479288     67704 1062666216  0.000  0.000   29.309   17.744    0    0  (Gen:  0)
  1170592     50736 1062683344  0.000  0.000   29.310   17.745    0    0  (Gen:  0)
  2516952     61976 1063023992  0.000  0.000   29.313   17.748    0    0  (Gen:  0)
  2536976     75936 1063266832  0.000  0.000   29.316   17.751    0    0  (Gen:  0)
  2326760     76112 1063561256  0.000  0.000   29.319   17.753    0    0  (Gen:  0)
  1543912     63008 1063689944  0.000  0.000   29.321   17.755    0    0  (Gen:  0)
  2973872     55176 1063983232  0.000  0.000   29.323   17.757    0    0  (Gen:  0)
  2432104     64856 1064145920  0.000  0.000   29.326   17.759    0    0  (Gen:  0)
  1261720     48600 1064254632  0.000  0.000   29.327   17.760    0    0  (Gen:  0)
  2728088     56072 1064433048  0.000  0.000   29.330   17.763    0    0  (Gen:  0)
  2500128     75136 1064670816  0.000  0.000   29.333   17.766    0    0  (Gen:  0)
  1314848     57928 1064821368  0.000  0.000   29.335   17.767    0    0  (Gen:  0)
  3119224     59360 1065095048  0.000  0.000   29.337   17.770    0    0  (Gen:  0)
  2802512     76520 1065304240  0.000  0.000   29.340   17.772    0    0  (Gen:  0)
  2959000     69784 1065565304  0.000  0.000   29.343   17.775    0    0  (Gen:  0)
  2215224     66448 1065765208  0.000  0.000   29.346   17.778    0    0  (Gen:  0)
  2067536     66856 1066062000  0.000  0.000   29.349   17.780    0    0  (Gen:  0)
  2910320     79064 1066401560  0.000  0.000   29.352   17.783    0    0  (Gen:  0)
  3176936     77560 1066734816  0.000  0.000   29.355   17.786    0    0  (Gen:  0)
  1990856     62696 1066798480  0.000  0.000   29.357   17.787    0    0  (Gen:  0)
  2636008     55848 1067025104  0.000  0.000   29.359   17.790    0    0  (Gen:  0)
  2033856     60776 1067222840  0.000  0.000   29.361   17.792    0    0  (Gen:  0)
  2449408     56608 1067475152  0.000  0.000   29.364   17.794    0    0  (Gen:  0)
  1972440     61656 1067642184  0.000  0.000   29.366   17.796    0    0  (Gen:  0)
  2390448    188528 1068063760  0.001  0.000   29.369   17.798    0    0  (Gen:  0)
  1037240    178952 1068083632  0.001  0.000   29.371   17.799    0    0  (Gen:  0)
  1212816    125280 1068363192  0.001  0.000   29.372   17.800    0    0  (Gen:  0)
  2057624    171256 1068684776  0.001  0.000   29.376   17.803    0    0  (Gen:  0)
  1197824    139928 1068817144  0.001  0.000   29.378   17.804    0    0  (Gen:  0)
  1035040     65888 1068863896  0.000  0.000   29.379   17.804    0    0  (Gen:  0)
  1210504     66296 1069062880  0.000  0.000   29.380   17.805    0    0  (Gen:  0)
  1036136     51872 1069092352  0.000  0.000   29.381   17.806    0    0  (Gen:  0)
  1174808     49072 1069253624  0.000  0.000   29.382   17.806    0    0  (Gen:  0)
  1036904     47256 1069282624  0.000  0.000   29.383   17.807    0    0  (Gen:  0)
  1139896     73624 1069435280  0.000  0.000   29.384   17.808    0    0  (Gen:  0)
  1036752     76264 1069472464  0.000  0.000   29.385   17.808    0    0  (Gen:  0)
  1460904     79440 1069594688  0.000  0.000   29.386   17.809    0    0  (Gen:  0)
  1035760     57792 1069619168  0.000  0.000   29.387   17.810    0    0  (Gen:  0)
  1176800     54376 1069790048  0.000  0.000   29.388   17.811    0    0  (Gen:  0)
  1072280     59312 1069857016  0.000  0.000   29.389   17.811    0    0  (Gen:  0)
  1149664     51072 1069988328  0.000  0.000   29.390   17.812    0    0  (Gen:  0)
  1035456     43248 1070015488  0.000  0.000   29.391   17.812    0    0  (Gen:  0)
  1179584     44432 1070142648  0.000  0.000   29.392   17.813    0    0  (Gen:  0)
  1037408     44616 1070169432  0.000  0.000   29.393   17.814    0    0  (Gen:  0)
  1192256     56912 1070307696  0.000  0.000   29.394   17.814    0    0  (Gen:  0)
  1038032     52848 1070335544  0.000  0.000   29.395   17.815    0    0  (Gen:  0)
  1034216     60312 1070380552  0.000  0.000   29.396   17.816    0    0  (Gen:  0)
  1071856     66432 1070452200  0.000  0.000   29.397   17.816    0    0  (Gen:  0)
  1104056     66488 1070558408  0.000  0.000   29.397   17.817    0    0  (Gen:  0)
  1160352     79168 1070675256  0.000  0.000   29.399   17.818    0    0  (Gen:  0)
  1172552     80464 1070851912  0.000  0.000   29.400   17.818    0    0  (Gen:  0)
  1038456     54808 1070877856  0.000  0.000   29.401   17.819    0    0  (Gen:  0)
  1104800     39608 1070968392  0.000  0.000   29.402   17.820    0    0  (Gen:  0)
  1106960     44384 1071062936  0.000  0.000   29.402   17.820    0    0  (Gen:  0)
  1033448     45936 1071090952  0.000  0.000   29.403   17.821    0    0  (Gen:  0)
  1035184     40712 1071110888  0.000  0.000   29.404   17.821    0    0  (Gen:  0)
  1140824     47864 1071240464  0.000  0.000   29.405   17.822    0    0  (Gen:  0)
  3654176    203464 1071800392  0.001  0.000   29.419   17.828    0    0  (Gen:  0)
  1617336    277032 1072105472  0.001  0.000   29.424   17.830    0    0  (Gen:  0)
  1886784    137376 1072258648  0.001  0.000   29.425   17.831    0    0  (Gen:  0)
  1859200    161544 1072626544  0.001  0.000   29.429   17.834    0    0  (Gen:  0)
  1034008    186672 1072681776  0.001  0.000   29.431   17.835    0    0  (Gen:  0)
  1035064     87240 1072727120  0.001  0.000   29.433   17.836    0    0  (Gen:  0)
  1175816     86056 1072878904  0.000  0.000   29.434   17.836    0    0  (Gen:  0)
  1035688     75472 1072915432  0.000  0.000   29.435   17.837    0    0  (Gen:  0)
  1228440     63888 1073117064  0.000  0.000   29.436   17.838    0    0  (Gen:  0)
  1029840     49056 1073142664  0.000  0.000   29.437   17.839    0    0  (Gen:  0)
  1432184     67696 1073327544  0.000  0.000   29.439   17.839    0    0  (Gen:  0)
  1038080     67712 1073356936  0.000  0.000   29.440   17.840    0    0  (Gen:  0)
  1136584     45088 1073482072  0.000  0.000   29.441   17.841    0    0  (Gen:  0)
  1031072     55632 1073520336  0.000  0.000   29.442   17.841    0    0  (Gen:  0)
  1126976     53272 1073616400  0.000  0.000   29.443   17.842    0    0  (Gen:  0)
  1030488     44656 1073640616  0.000  0.000   29.444   17.843    0    0  (Gen:  0)
  1104456     48800 1073743784  0.000  0.000   29.445   17.843    0    0  (Gen:  0)
  1030544     49960 1073769120  0.000  0.000   29.446   17.844    0    0  (Gen:  0)
  1150648     50512 1073869888  0.000  0.000   29.447   17.845    0    0  (Gen:  0)
  1028360     42040 1073892408  0.000  0.000   29.448   17.845    0    0  (Gen:  0)
  1069864     44360 1073956504  0.000  0.000   29.448   17.846    0    0  (Gen:  0)
  1035160     43104 1073984608  0.000  0.000   29.449   17.847    0    0  (Gen:  0)
  1029288     45896 1074014352  0.000  0.000   29.450   17.847    0    0  (Gen:  0)
  1034176     49776 1074048104  0.000  0.000   29.451   17.848    0    0  (Gen:  0)
  1067008     52600 1074111784  0.000  0.000   29.452   17.848    0    0  (Gen:  0)
  1031776     48328 1074140408  0.000  0.000   29.453   17.849    0    0  (Gen:  0)
  1135880     51088 1074271592  0.000  0.000   29.454   17.850    0    0  (Gen:  0)
  1026080     52208 1074303776  0.000  0.000   29.455   17.850    0    0  (Gen:  0)
  1066496     38168 1074357904  0.000  0.000   29.456   17.851    0    0  (Gen:  0)
  1026936     33864 1074379952  0.000  0.000   29.457   17.851    0    0  (Gen:  0)
  1975296    423216 1074953592  0.001  0.000   29.459   17.853    0    0  (Gen:  0)
  1995096    691456 1075555200  0.002  0.001   29.463   17.855    0    0  (Gen:  0)
  3892664   1075224 1076711088  0.004  0.001   29.471   17.858    0    0  (Gen:  0)
  2727144    696960 1077406488  0.002  0.001   29.474   17.860    0    0  (Gen:  0)
  2630808    751120 1078187656  0.003  0.001   29.480   17.862    0    0  (Gen:  0)
  2922016    986016 1079091208  0.003  0.001   29.485   17.865    0    0  (Gen:  0)
  3096040   1111720 1080044280  0.002  0.001   29.491   17.867    0    0  (Gen:  0)
  2890064    681720 1080652736  0.003  0.001   29.497   17.870    0    0  (Gen:  0)
  2464840    707384 1081386928  0.003  0.001   29.502   17.872    0    0  (Gen:  0)
  2495416    683584 1082045360  0.003  0.001   29.507   17.874    0    0  (Gen:  0)
  2733160    786024 1082906128  0.002  0.001   29.511   17.877    0    0  (Gen:  0)
  2216232    281232 1083040480  0.001  0.000   29.516   17.879    0    0  (Gen:  0)
  4289288    157424 1083536456  0.001  0.000   29.524   17.884    0    0  (Gen:  0)
  2121648    236744 1083879032  0.001  0.000   29.529   17.886    0    0  (Gen:  0)
  1074504    454328 1084172736  0.002  0.001   29.532   17.888    0    0  (Gen:  0)
  1238160    481552 1084590744  0.002  0.001   29.535   17.890    0    0  (Gen:  0)
  1214608    496144 1085077872  0.002  0.001   29.538   17.891    0    0  (Gen:  0)
  1256104    216944 1085417784  0.001  0.000   29.540   17.892    0    0  (Gen:  0)
  1164000    353184 1085690328  0.001  0.000   29.542   17.893    0    0  (Gen:  0)
  1211144    424560 1086145160  0.001  0.000   29.545   17.894    0    0  (Gen:  0)
  1067896    210096 1086332400  0.001  0.000   29.547   17.896    0    0  (Gen:  0)
  1104920    266688 1086527088  0.001  0.000   29.549   17.897    0    0  (Gen:  0)
  1106200    221704 1086695424  0.001  0.000   29.552   17.899    0    0  (Gen:  0)
  1071816    221080 1086860328  0.001  0.000   29.554   17.900    0    0  (Gen:  0)
  1036344    217320 1086962768  0.001  0.000   29.557   17.901    0    0  (Gen:  0)
  1033688    189112 1087062184  0.001  0.000   29.559   17.903    0    0  (Gen:  0)
  1037272    106952 1087076120  0.001  0.000   29.561   17.904    0    0  (Gen:  0)
  1035728     32104 1087098352  0.000  0.000   29.563   17.905    0    0  (Gen:  0)
  1036072     19048 1087099472  0.000  0.000   29.564   17.907    0    0  (Gen:  0)
  1032696     22864 1087113872  0.000  0.000   29.566   17.908    0    0  (Gen:  0)
  1035128     61976 1087165688  0.000  0.000   29.567   17.909    0    0  (Gen:  0)
  1036520    174456 1087292120  0.001  0.000   29.570   17.911    0    0  (Gen:  0)
  1036336    253264 1087421232  0.001  0.001   29.573   17.913    0    0  (Gen:  0)
  1035776    216072 1087535384  0.001  0.001   29.577   17.915    0    0  (Gen:  0)
  1036488    230344 1087655480  0.001  0.001   29.580   17.917    0    0  (Gen:  0)
  1038416    252544 1087790976  0.001  0.001   29.583   17.919    0    0  (Gen:  0)
  1035512    245240 1087905904  0.001  0.000   29.586   17.921    0    0  (Gen:  0)
  1035384    237056 1088033248  0.001  0.000   29.589   17.923    0    0  (Gen:  0)
  1036440    246992 1088156896  0.001  0.001   29.593   17.925    0    0  (Gen:  0)
  1037240    252672 1088291632  0.001  0.000   29.596   17.926    0    0  (Gen:  0)
  1036128    261896 1088422824  0.001  0.000   29.599   17.928    0    0  (Gen:  0)
  1036352    264808 1088561528  0.001  0.000   29.602   17.930    0    0  (Gen:  0)
  1037184    259752 1088686672  0.001  0.000   29.605   17.932    0    0  (Gen:  0)
  2022776    251784 1088817960  0.001  0.001   29.609   17.934    0    0  (Gen:  0)
  1035592    218128 1088912840  0.001  0.000   29.612   17.936    0    0  (Gen:  0)
  1035568    212608 1089033808  0.001  0.001   29.615   17.938    0    0  (Gen:  0)
  1035440    249152 1089165800  0.001  0.001   29.618   17.940    0    0  (Gen:  0)
  1036880    225432 1089259936  0.001  0.001   29.621   17.942    0    0  (Gen:  0)
  1031280    225872 1089392424  0.001  0.000   29.624   17.943    0    0  (Gen:  0)
  1039704    174304 1089444824  0.001  0.000   29.627   17.945    0    0  (Gen:  0)
  1038872    101688 1089497080  0.001  0.000   29.628   17.946    0    0  (Gen:  0)
  1040840    100792 1089553832  0.001  0.000   29.630   17.947    0    0  (Gen:  0)
  1037288     93872 1089600648  0.001  0.000   29.632   17.949    0    0  (Gen:  0)
  1038136     92832 1089653976  0.001  0.000   29.635   17.950    0    0  (Gen:  0)
  1040536     97384 1089707944  0.001  0.000   29.637   17.952    0    0  (Gen:  0)
  1041168    112920 1089772112  0.001  0.000   29.639   17.953    0    0  (Gen:  0)
  1039136    137728 1089867480  0.001  0.000   29.640   17.954    0    0  (Gen:  0)
  1041352    338520 1090132952  0.002  0.001   29.643   17.956    0    0  (Gen:  0)
  1040024    482680 1090402208  0.002  0.001   29.647   17.958    0    0  (Gen:  0)
  1040040    512408 1090698384  0.002  0.001   29.651   17.960    0    0  (Gen:  0)
  1040728    511800 1090990552  0.003  0.001   29.656   17.962    0    0  (Gen:  0)
  1039256    496072 1091264304  0.003  0.001   29.660   17.964    0    0  (Gen:  0)
  1041856    510096 1091548920  0.002  0.001   29.664   17.965    0    0  (Gen:  0)
  1042280    373384 1091839688  0.002  0.000   29.667   17.966    0    0  (Gen:  0)
  1107888    310232 1092057888  0.001  0.000   29.668   17.967    0    0  (Gen:  0)
  1044864     80920 1091964560  0.000  0.000   29.669   17.967    0    0  (Gen:  0)
  1043096    193400 1092128080  0.001  0.000   29.670   17.968    0    0  (Gen:  0)
  1043104    316328 1092350688  0.002  0.000   29.673   17.969    0    0  (Gen:  0)
  1215520    179736 1092454384  0.001  0.000   29.675   17.971    0    0  (Gen:  0)
  1129504     83480 1092478040  0.000  0.000   29.677   17.972    0    0  (Gen:  0)
  2454008    460280 1093103536  0.001  0.000   29.681   17.976    0    0  (Gen:  0)
  1032192    766992 1093447600  0.002  0.001   29.683   17.977    0    0  (Gen:  0)
  2135200    288456 1093801744  0.001  0.000   29.686   17.979    0    0  (Gen:  0)
  1037400     31872 1093820624  0.000  0.000   29.687   17.979    0    0  (Gen:  0)
  1033144     77760 1093879600  0.001  0.000   29.688   17.980    0    0  (Gen:  0)
  1036024    114688 1093935504  0.001  0.000   29.690   17.980    0    0  (Gen:  0)
  1034096    126544 1094001256  0.001  0.000   29.691   17.981    0    0  (Gen:  0)
  1031248    131136 1094062456  0.001  0.000   29.693   17.982    0    0  (Gen:  0)
  1035904    129064 1094123808  0.001  0.000   29.694   17.983    0    0  (Gen:  0)
  1034016    132712 1094191024  0.001  0.000   29.696   17.983    0    0  (Gen:  0)
  1033440    135552 1094255560  0.001  0.000   29.697   17.984    0    0  (Gen:  0)
  1034760    133280 1094318264  0.001  0.000   29.699   17.985    0    0  (Gen:  0)
  1033616    133800 1094383496  0.001  0.000   29.700   17.986    0    0  (Gen:  0)
  1036792    130064 1094441824  0.001  0.000   29.702   17.986    0    0  (Gen:  0)
  1036032    130976 1094508072  0.001  0.000   29.703   17.987    0    0  (Gen:  0)
  1036896    130552 1094567632  0.001  0.000   29.705   17.988    0    0  (Gen:  0)
  1034496    133448 1094635832  0.001  0.000   29.706   17.988    0    0  (Gen:  0)
  1033648    147744 1094709968  0.001  0.000   29.708   17.989    0    0  (Gen:  0)
  1034576    150048 1094779960  0.001  0.000   29.709   17.990    0    0  (Gen:  0)
  1033456    133712 1094838120  0.001  0.000   29.711   17.991    0    0  (Gen:  0)
  1032928    115416 1094890344  0.001  0.000   29.712   17.991    0    0  (Gen:  0)
  1032608    112168 1094942320  0.001  0.000   29.714   17.992    0    0  (Gen:  0)
  1034464    113488 1095000080  0.001  0.000   29.715   17.993    0    0  (Gen:  0)
  1034568    127704 1095066016  0.001  0.000   29.716   17.993    0    0  (Gen:  0)
  1036392    128128 1095120736  0.001  0.000   29.718   17.994    0    0  (Gen:  0)
  1032024    133536 1095195280  0.001  0.000   29.719   17.995    0    0  (Gen:  0)
  1033048    158496 1095272568  0.001  0.000   29.721   17.996    0    0  (Gen:  0)
  1032968    147256 1095336720  0.001  0.000   29.722   17.996    0    0  (Gen:  0)
  1996024    149624 1095455040  0.001  0.000   29.725   17.998    0    0  (Gen:  0)
  1822792     89880 1095472720  0.000  0.000   29.727   18.000    0    0  (Gen:  0)
  1357064     31808 1095443600  0.000  0.000   29.728   18.001    0    0  (Gen:  0)
  2573520     61976 1095529768  0.000  0.000   29.731   18.004    0    0  (Gen:  0)
  1623960     59888 1095561944  0.000  0.000   29.733   18.005    0    0  (Gen:  0)
  2600704     71600 1095616584  0.000  0.000   29.735   18.008    0    0  (Gen:  0)
  1923376     72704 1095662808  0.000  0.000   29.737   18.010    0    0  (Gen:  0)
  2699600     83800 1095685296  0.000  0.000   29.740   18.012    0    0  (Gen:  0)
  3720488    117792 1095812680  0.000  0.000   29.744   18.016    0    0  (Gen:  0)
  2381128    100088 1095868648  0.000  0.000   29.746   18.018    0    0  (Gen:  0)
  2367952     73992 1095871408  0.000  0.000   29.748   18.020    0    0  (Gen:  0)
  1122816     43232 1095891728  0.000  0.000   29.750   18.021    0    0  (Gen:  0)
  1850408     55216 1095972368  0.000  0.000   29.751   18.023    0    0  (Gen:  0)
  1630368     52776 1096006112  0.000  0.000   29.753   18.025    0    0  (Gen:  0)
  1098744     40560 1096028976  0.000  0.000   29.754   18.026    0    0  (Gen:  0)
  2834320     70120 1096080720  0.000  0.000   29.757   18.028    0    0  (Gen:  0)
  1175632     60536 1096103632  0.000  0.000   29.758   18.029    0    0  (Gen:  0)
  1106808     32208 1096120536  0.000  0.000   29.759   18.030    0    0  (Gen:  0)
  3548784     81944 1096199320  0.000  0.000   29.763   18.034    0    0  (Gen:  0)
  3243144     99552 1096258816  0.000  0.000   29.766   18.037    0    0  (Gen:  0)
  2914992     91704 1096321256  0.000  0.000   29.769   18.039    0    0  (Gen:  0)
  2489624     81072 1096370768  0.000  0.000   29.771   18.042    0    0  (Gen:  0)
  2050168     66672 1096401600  0.000  0.000   29.773   18.044    0    0  (Gen:  0)
  2100912     48400 1096421152  0.000  0.000   29.775   18.046    0    0  (Gen:  0)
  3416024     61784 1096471032  0.000  0.000   29.779   18.049    0    0  (Gen:  0)
  2472424     68360 1096498576  0.000  0.000   29.781   18.051    0    0  (Gen:  0)
  2758128     61648 1096531424  0.000  0.000   29.783   18.053    0    0  (Gen:  0)
  2204224     53064 1096558944  0.000  0.000   29.785   18.055    0    0  (Gen:  0)
  1782248     48160 1096581536  0.000  0.000   29.787   18.056    0    0  (Gen:  0)
  1108064     34328 1096595272  0.000  0.000   29.788   18.057    0    0  (Gen:  0)
  1202776     38696 1096620688  0.000  0.000   29.789   18.059    0    0  (Gen:  0)
  1715144     40344 1096632896  0.000  0.000   29.791   18.060    0    0  (Gen:  0)
  2992920     56208 1096673552  0.000  0.000   29.794   18.063    0    0  (Gen:  0)
  3104024     67504 1096709632  0.000  0.000   29.796   18.065    0    0  (Gen:  0)
  3985504     77032 1096757504  0.000  0.000   29.800   18.069    0    0  (Gen:  0)
  3838824     86232 1096803536  0.000  0.000   29.804   18.072    0    0  (Gen:  0)
  4279000     87224 1096858392  0.000  0.000   29.807   18.076    0    0  (Gen:  0)
  3042776    312632 1097163744  0.001  0.000   29.810   18.078    0    0  (Gen:  0)
  2868208    300792 1097268064  0.001  0.001   29.814   18.080    0    0  (Gen:  0)
  1930296     54152 1097295000  0.000  0.000   29.817   18.082    0    0  (Gen:  0)
  3991984     71736 1097343760  0.000  0.000   29.820   18.086    0    0  (Gen:  0)
  1104200     54752 1097350064  0.000  0.000   29.821   18.087    0    0  (Gen:  0)
  1457696     29384 1097363320  0.000  0.000   29.823   18.088    0    0  (Gen:  0)
  2280672     48168 1097400384  0.000  0.000   29.825   18.090    0    0  (Gen:  0)
  2089552     55752 1097423784  0.000  0.000   29.827   18.092    0    0  (Gen:  0)
  1101712     33912 1097427896  0.000  0.000   29.828   18.093    0    0  (Gen:  0)
  1881920     42712 1097463912  0.000  0.000   29.830   18.095    0    0  (Gen:  0)
  2609832     53256 1097493000  0.000  0.000   29.832   18.097    0    0  (Gen:  0)
  1417648     46272 1097545280  0.000  0.000   29.834   18.098    0    0  (Gen:  0)
  3202880     58632 1097678264  0.000  0.000   29.837   18.101    0    0  (Gen:  0)
  2836640     68824 1097881632  0.000  0.000   29.839   18.103    0    0  (Gen:  0)
  2388464     65016 1098082480  0.000  0.000   29.842   18.105    0    0  (Gen:  0)
  1172696     49384 1098131552  0.000  0.000   29.843   18.107    0    0  (Gen:  0)
  3575416     59040 1098363416  0.000  0.000   29.846   18.110    0    0  (Gen:  0)
  1212456     57688 1098444736  0.000  0.000   29.848   18.111    0    0  (Gen:  0)
  1383544     31088 1098518608  0.000  0.000   29.849   18.112    0    0  (Gen:  0)
  1673240     39448 1098673040  0.000  0.000   29.851   18.114    0    0  (Gen:  0)
  2755440     59784 1098913208  0.000  0.000   29.854   18.116    0    0  (Gen:  0)
  2924792     76008 1099181928  0.000  0.000   29.857   18.119    0    0  (Gen:  0)
  2542928     72984 1099245232  0.000  0.000   29.859   18.121    0    0  (Gen:  0)
  2834408     67800 1099481736  0.000  0.000   29.862   18.124    0    0  (Gen:  0)
  1243504     55880 1099595296  0.000  0.000   29.863   18.125    0    0  (Gen:  0)
  4428640     78192 1100087408  0.000  0.000   29.868   18.129    0    0  (Gen:  0)
  3015320     95352 1100220976  0.000  0.000   29.871   18.132    0    0  (Gen:  0)
  2733872     72480 1100553384  0.000  0.000   29.873   18.134    0    0  (Gen:  0)
  1369512     45952 1100630832  0.000  0.000   29.875   18.135    0    0  (Gen:  0)
  2343824     48232 1100822776  0.000  0.000   29.877   18.137    0    0  (Gen:  0)
  2411632     57480 1100951912  0.000  0.000   29.880   18.139    0    0  (Gen:  0)
  1260168     45904 1101031416  0.000  0.000   29.881   18.141    0    0  (Gen:  0)
  2115904     43208 1101126264  0.000  0.000   29.883   18.143    0    0  (Gen:  0)
  1757960     54088 1101250000  0.000  0.000   29.885   18.144    0    0  (Gen:  0)
  2092104     46440 1101536296  0.000  0.000   29.887   18.146    0    0  (Gen:  0)
  2805608     61584 1101805872  0.000  0.000   29.890   18.149    0    0  (Gen:  0)
  2543960     73632 1102069504  0.000  0.000   29.893   18.151    0    0  (Gen:  0)
  1656424     60400 1102218176  0.000  0.000   29.894   18.153    0    0  (Gen:  0)
  2738792     51440 1102546016  0.000  0.000   29.897   18.155    0    0  (Gen:  0)
  2353080     58840 1102741464  0.000  0.000   29.899   18.157    0    0  (Gen:  0)
  2142264     58968 1102899592  0.000  0.000   29.901   18.159    0    0  (Gen:  0)
  3278768     72120 1103179304  0.000  0.000   29.905   18.162    0    0  (Gen:  0)
  3582720     87800 1103453248  0.000  0.000   29.908   18.165    0    0  (Gen:  0)
  1219680     63072 1103572208  0.000  0.000   29.910   18.166    0    0  (Gen:  0)
  1276504     30704 1103716136  0.000  0.000   29.911   18.168    0    0  (Gen:  0)
  1646312     43944 1103937064  0.000  0.000   29.913   18.169    0    0  (Gen:  0)
  1686120     47632 1104151792  0.000  0.000   29.915   18.171    0    0  (Gen:  0)
  1171136     41448 1104171256  0.000  0.000   29.917   18.172    0    0  (Gen:  0)
  1307776     40304 1104356824  0.000  0.000   29.918   18.173    0    0  (Gen:  0)
  2103264     46216 1104709672  0.000  0.000   29.920   18.175    0    0  (Gen:  0)
  4163368    241576 1105316704  0.001  0.000   29.925   18.179    0    0  (Gen:  0)
  1684976     81176 1105280896  0.000  0.000   29.927   18.180    0    0  (Gen:  0)
  3014592     51648 1105409128  0.000  0.000   29.930   18.183    0    0  (Gen:  0)
  2942408     65352 1105776488  0.000  0.000   29.932   18.185    0    0  (Gen:  0)
  1924136     58520 1105962768  0.000  0.000   29.934   18.187    0    0  (Gen:  0)
  2715104     64592 1106227008  0.000  0.000   29.937   18.189    0    0  (Gen:  0)
  1240720     44624 1106367856  0.000  0.000   29.938   18.191    0    0  (Gen:  0)
  1139280     38184 1106387792  0.000  0.000   29.940   18.192    0    0  (Gen:  0)
  3798088     64752 1106895992  0.000  0.000   29.943   18.195    0    0  (Gen:  0)
  2036656     71680 1107021504  0.000  0.000   29.946   18.197    0    0  (Gen:  0)
  1963064     56912 1107242216  0.000  0.000   29.947   18.199    0    0  (Gen:  0)
  1336040     39928 1107351592  0.000  0.000   29.949   18.200    0    0  (Gen:  0)
  2267816     41064 1107511232  0.000  0.000   29.951   18.202    0    0  (Gen:  0)
  1679920     50728 1107733624  0.000  0.000   29.953   18.203    0    0  (Gen:  0)
  1299184     39504 1107878712  0.000  0.000   29.954   18.204    0    0  (Gen:  0)
  1215088     29768 1107990728  0.000  0.000   29.955   18.205    0    0  (Gen:  0)
  2123328     44632 1108153280  0.000  0.000   29.957   18.207    0    0  (Gen:  0)
  2678208     54120 1108468640  0.000  0.000   29.960   18.209    0    0  (Gen:  0)
  2671672     69816 1108843568  0.000  0.000   29.964   18.213    0    0  (Gen:  0)
  1207104     61280 1108921536  0.000  0.000   29.965   18.214    0    0  (Gen:  0)
  1617808     45784 1109017880  0.000  0.000   29.967   18.216    0    0  (Gen:  0)
  1851600     55640 1109304824  0.000  0.000   29.970   18.218    0    0  (Gen:  0)
  1723072     52576 1109392672  0.000  0.000   29.972   18.220    0    0  (Gen:  0)
  1782768     52600 1109556128  0.000  0.000   29.973   18.221    0    0  (Gen:  0)
  1242184     42624 1109669136  0.000  0.000   29.975   18.223    0    0  (Gen:  0)
  1953944     40208 1109822208  0.000  0.000   29.977   18.225    0    0  (Gen:  0)
  3322088     56136 1110146136  0.000  0.000   29.980   18.227    0    0  (Gen:  0)
  3406416     73504 1110420160  0.000  0.000   29.983   18.230    0    0  (Gen:  0)
  1961672     61152 1110730040  0.000  0.000   29.985   18.232    0    0  (Gen:  0)
  3355128     60520 1110972864  0.000  0.000   29.988   18.235    0    0  (Gen:  0)
  3794352     77752 1111311232  0.000  0.000   29.991   18.238    0    0  (Gen:  0)
  2294688     68088 1111436040  0.000  0.000   29.993   18.239    0    0  (Gen:  0)
  2954520     58680 1111735344  0.000  0.000   29.996   18.242    0    0  (Gen:  0)
  2398072     59272 1111989264  0.000  0.000   29.998   18.244    0    0  (Gen:  0)
  2712832     58512 1112285208  0.000  0.000   30.001   18.246    0    0  (Gen:  0)
  1209896     46664 1112395800  0.000  0.000   30.002   18.247    0    0  (Gen:  0)
  1595512     36968 1112453392  0.000  0.000   30.004   18.249    0    0  (Gen:  0)
  2047000     45816 1112602944  0.000  0.000   30.005   18.250    0    0  (Gen:  0)
  2603288     56760 1112871456  0.000  0.000   30.008   18.253    0    0  (Gen:  0)
  2413600     71208 1113100328  0.000  0.000   30.011   18.255    0    0  (Gen:  0)
  2926984     68664 1113333112  0.000  0.000   30.014   18.258    0    0  (Gen:  0)
  3263456     76792 1113669632  0.000  0.000   30.018   18.261    0    0  (Gen:  0)
  2488464     77776 1113869776  0.000  0.000   30.020   18.263    0    0  (Gen:  0)
  1098112     45424 1113882328  0.000  0.000   30.021   18.264    0    0  (Gen:  0)
  4029688     65576 1114265120  0.000  0.000   30.025   18.268    0    0  (Gen:  0)
  2963680     85552 1114496208  0.000  0.000   30.028   18.270    0    0  (Gen:  0)
  1861512     58304 1114777752  0.000  0.000   30.030   18.272    0    0  (Gen:  0)
  3259600     67376 1115086712  0.000  0.000   30.033   18.275    0    0  (Gen:  0)
  3000640     70240 1115214744  0.000  0.000   30.036   18.278    0    0  (Gen:  0)
  2391184     60384 1115440920  0.000  0.000   30.038   18.280    0    0  (Gen:  0)
  2881824     56656 1115573584  0.000  0.000   30.041   18.282    0    0  (Gen:  0)
  3355968     63432 1116034872  0.000  0.000   30.044   18.285    0    0  (Gen:  0)
  2032984     60312 1116157224  0.000  0.000   30.046   18.287    0    0  (Gen:  0)
  2074616     49072 1116307280  0.000  0.000   30.048   18.289    0    0  (Gen:  0)
  1281400     44848 1116427080  0.000  0.000   30.050   18.290    0    0  (Gen:  0)
  2888080     55176 1116697816  0.000  0.000   30.052   18.293    0    0  (Gen:  0)
  2524392     58608 1116918568  0.000  0.000   30.055   18.295    0    0  (Gen:  0)
  2231584     52328 1117043200  0.000  0.000   30.057   18.296    0    0  (Gen:  0)
  1277408     48912 1117196048  0.000  0.000   30.058   18.298    0    0  (Gen:  0)
  2747840     44616 1117513624  0.000  0.000   30.061   18.300    0    0  (Gen:  0)
  3347680     67008 1117753200  0.000  0.000   30.064   18.303    0    0  (Gen:  0)
  1762000     65616 1117911424  0.000  0.000   30.066   18.304    0    0  (Gen:  0)
  1793720     46640 1117997112  0.000  0.000   30.067   18.306    0    0  (Gen:  0)
  1795008     47184 1118154144  0.000  0.000   30.069   18.307    0    0  (Gen:  0)
  3205048     57648 1118416816  0.000  0.000   30.072   18.310    0    0  (Gen:  0)
  2710128     68032 1118548104  0.000  0.000   30.075   18.312    0    0  (Gen:  0)
  2326864     67168 1118717192  0.000  0.000   30.078   18.315    0    0  (Gen:  0)
  1884232     59280 1118835432  0.000  0.000   30.079   18.317    0    0  (Gen:  0)
  3486448     63264 1119107504  0.000  0.000   30.083   18.320    0    0  (Gen:  0)
  2525424     69096 1119301952  0.000  0.000   30.085   18.322    0    0  (Gen:  0)
  3481592     67808 1119644328  0.000  0.000   30.089   18.325    0    0  (Gen:  0)
  3275896     84424 1119954280  0.000  0.000   30.092   18.328    0    0  (Gen:  0)
  2636616     69664 1120270256  0.000  0.000   30.094   18.330    0    0  (Gen:  0)
  2482928     63592 1120441552  0.000  0.000   30.097   18.333    0    0  (Gen:  0)
  3400536     81632 1120850880  0.000  0.000   30.101   18.337    0    0  (Gen:  0)
  2670304     82664 1121269928  0.000  0.000   30.105   18.340    0    0  (Gen:  0)
  3133360     80064 1121577360  0.000  0.000   30.108   18.343    0    0  (Gen:  0)
  2525344     77872 1121970344  0.000  0.000   30.112   18.346    0    0  (Gen:  0)
  2958560     79256 1122340504  0.000  0.000   30.115   18.350    0    0  (Gen:  0)
  2765992     82424 1122543296  0.000  0.000   30.119   18.353    0    0  (Gen:  0)
  2440848     76928 1122741456  0.000  0.000   30.122   18.356    0    0  (Gen:  0)
  1868352     63224 1122858800  0.000  0.000   30.124   18.358    0    0  (Gen:  0)
  1381712     50736 1123012776  0.000  0.000   30.126   18.359    0    0  (Gen:  0)
  1282984     35096 1123120104  0.000  0.000   30.127   18.360    0    0  (Gen:  0)
  1352496     30504 1123232064  0.000  0.000   30.128   18.361    0    0  (Gen:  0)
  2202760     48416 1123495432  0.000  0.000   30.131   18.363    0    0  (Gen:  0)
  2648328     54744 1123619176  0.000  0.000   30.133   18.365    0    0  (Gen:  0)
  1204800     38576 1123729016  0.000  0.000   30.134   18.366    0    0  (Gen:  0)
  2173320     44744 1123865464  0.000  0.000   30.136   18.368    0    0  (Gen:  0)
  1346984     45272 1124038040  0.000  0.000   30.138   18.369    0    0  (Gen:  0)
  1363968     31096 1124146376  0.000  0.000   30.139   18.370    0    0  (Gen:  0)
  2951216     49800 1124317168  0.000  0.000   30.142   18.373    0    0  (Gen:  0)
  1897704     54840 1124501464  0.000  0.000   30.143   18.375    0    0  (Gen:  0)
  1239248     33152 1124644592  0.000  0.000   30.145   18.375    0    0  (Gen:  0)
  1493272     39960 1124771264  0.000  0.000   30.146   18.377    0    0  (Gen:  0)
  1655552     48640 1124956480  0.000  0.000   30.148   18.378    0    0  (Gen:  0)
  2230320     39856 1125102432  0.000  0.000   30.150   18.380    0    0  (Gen:  0)
  3523688     63736 1125379296  0.000  0.000   30.153   18.382    0    0  (Gen:  0)
  2061776     56496 1125593872  0.000  0.000   30.155   18.384    0    0  (Gen:  0)
  3452928     60128 1125834088  0.000  0.000   30.158   18.387    0    0  (Gen:  0)
  3845432     75688 1126035272  0.000  0.000   30.161   18.390    0    0  (Gen:  0)
  1247800     56672 1126151664  0.000  0.000   30.163   18.391    0    0  (Gen:  0)
  1249304     30624 1126291296  0.000  0.000   30.164   18.392    0    0  (Gen:  0)
  2615864     46448 1126553528  0.000  0.000   30.167   18.394    0    0  (Gen:  0)
  1242960     54672 1126641976  0.000  0.000   30.168   18.396    0    0  (Gen:  0)
  2464432     48960 1126930408  0.000  0.000   30.170   18.398    0    0  (Gen:  0)
  2106152     57080 1127023032  0.000  0.000   30.173   18.400    0    0  (Gen:  0)
  1241288     44032 1127129392  0.000  0.000   30.174   18.401    0    0  (Gen:  0)
  2042880     38384 1127351312  0.000  0.000   30.176   18.402    0    0  (Gen:  0)
  4309528     81072 1127873016  0.000  0.000   30.181   18.407    0    0  (Gen:  0)
  4021680    105000 1128447024  0.000  0.000   30.186   18.412    0    0  (Gen:  0)
  2804904     88096 1128616704  0.000  0.000   30.189   18.414    0    0  (Gen:  0)
  1810024     65456 1128773224  0.000  0.000   30.190   18.416    0    0  (Gen:  0)
  2922848     58568 1129101248  0.000  0.000   30.193   18.419    0    0  (Gen:  0)
  2104104     63280 1129386544  0.000  0.000   30.196   18.421    0    0  (Gen:  0)
  1997440     61968 1129579592  0.000  0.000   30.199   18.423    0    0  (Gen:  0)
  2300160     59336 1129801568  0.000  0.000   30.201   18.426    0    0  (Gen:  0)
  1218352     48104 1129887440  0.000  0.000   30.202   18.427    0    0  (Gen:  0)
  1247280     33304 1130033344  0.000  0.000   30.204   18.428    0    0  (Gen:  0)
  3359352     60264 1130475760  0.000  0.000   30.208   18.432    0    0  (Gen:  0)
  2741512     80336 1130638120  0.000  0.000   30.211   18.434    0    0  (Gen:  0)
  2242016     64248 1130769392  0.000  0.000   30.213   18.436    0    0  (Gen:  0)
  1695264     50408 1130858240  0.000  0.000   30.215   18.438    0    0  (Gen:  0)
  2007016     48104 1130977536  0.000  0.000   30.217   18.440    0    0  (Gen:  0)
  2672976     63520 1131179920  0.000  0.000   30.221   18.443    0    0  (Gen:  0)
  1378544     56424 1131230896  0.000  0.000   30.222   18.445    0    0  (Gen:  0)
  2244840     47928 1131425160  0.000  0.000   30.224   18.447    0    0  (Gen:  0)
  2837776     64920 1131593840  0.000  0.000   30.228   18.450    0    0  (Gen:  0)
  1866616     65472 1131777016  0.000  0.000   30.230   18.452    0    0  (Gen:  0)
  1628360     46520 1131860224  0.000  0.000   30.232   18.453    0    0  (Gen:  0)
  2525208     53152 1132060600  0.000  0.000   30.234   18.456    0    0  (Gen:  0)
  2711904     66664 1132293000  0.000  0.000   30.237   18.459    0    0  (Gen:  0)
  1799200     64256 1132481016  0.000  0.000   30.240   18.461    0    0  (Gen:  0)
  4137512     81568 1132898584  0.000  0.000   30.244   18.466    0    0  (Gen:  0)
  1244824     74112 1132978696  0.000  0.000   30.246   18.467    0    0  (Gen:  0)
  2851088     64104 1133356528  0.000  0.000   30.250   18.470    0    0  (Gen:  0)
  3933256     93160 1133727808  0.000  0.000   30.254   18.475    0    0  (Gen:  0)
  3865080    103176 1134109864  0.000  0.000   30.258   18.479    0    0  (Gen:  0)
  2523768     77752 1134300672  0.000  0.000   30.261   18.481    0    0  (Gen:  0)
  4495744     71040 1134706296  0.000  0.000   30.265   18.484    0    0  (Gen:  0)
  3161408     81472 1135044344  0.000  0.000   30.268   18.487    0    0  (Gen:  0)
  4153344     81336 1135419912  0.000  0.000   30.272   18.491    0    0  (Gen:  0)
  3100760     74288 1135616192  0.000  0.000   30.275   18.493    0    0  (Gen:  0)
  1317224     49648 1135792224  0.000  0.000   30.276   18.494    0    0  (Gen:  0)
  2501056     48280 1135987960  0.000  0.000   30.279   18.497    0    0  (Gen:  0)
  2540528     60968 1136146776  0.000  0.000   30.281   18.499    0    0  (Gen:  0)
  1755736     51104 1136338232  0.000  0.000   30.283   18.501    0    0  (Gen:  0)
  2526632     52272 1136563232  0.000  0.000   30.286   18.503    0    0  (Gen:  0)
  1821712     48232 1136718640  0.000  0.000   30.288   18.505    0    0  (Gen:  0)
  2735544     55864 1136851384  0.000  0.000   30.290   18.507    0    0  (Gen:  0)
  1837344     62856 1137044232  0.000  0.000   30.292   18.509    0    0  (Gen:  0)
  2960472     63112 1137210184  0.000  0.000   30.296   18.512    0    0  (Gen:  0)
  3383192     86000 1137581936  0.000  0.000   30.300   18.516    0    0  (Gen:  0)
  1779680     69896 1137734200  0.000  0.000   30.301   18.517    0    0  (Gen:  0)
  3110056     59000 1137973032  0.000  0.000   30.304   18.520    0    0  (Gen:  0)
  3358936     75648 1138273080  0.000  0.000   30.308   18.523    0    0  (Gen:  0)
  2939680     80200 1138444408  0.000  0.000   30.311   18.526    0    0  (Gen:  0)
  1632696     56096 1138590024  0.000  0.000   30.313   18.527    0    0  (Gen:  0)
  2598152     58048 1138761504  0.000  0.000   30.315   18.530    0    0  (Gen:  0)
  2708936     60192 1138917440  0.000  0.000   30.318   18.532    0    0  (Gen:  0)
  2170456     55608 1139110344  0.000  0.000   30.320   18.534    0    0  (Gen:  0)
  1245960     40336 1139254056  0.000  0.000   30.321   18.535    0    0  (Gen:  0)
  1241736     37920 1139373072  0.000  0.000   30.323   18.536    0    0  (Gen:  0)
  1771944     47208 1139625696  0.000  0.000   30.325   18.538    0    0  (Gen:  0)
  2401984     60184 1139720688  0.000  0.000   30.328   18.541    0    0  (Gen:  0)
  1201736     46016 1139802296  0.000  0.000   30.329   18.542    0    0  (Gen:  0)
  3043328     51104 1140005656  0.000  0.000   30.332   18.544    0    0  (Gen:  0)
  2749408     66016 1140297712  0.000  0.000   30.334   18.547    0    0  (Gen:  0)
  2001664     55736 1140392520  0.000  0.000   30.336   18.548    0    0  (Gen:  0)
  2409208     56704 1140581200  0.000  0.000   30.338   18.550    0    0  (Gen:  0)
  2684336     61664 1140844816  0.000  0.000   30.341   18.553    0    0  (Gen:  0)
  2158624     67144 1140941504  0.000  0.000   30.343   18.555    0    0  (Gen:  0)
  2338408     54760 1141132032  0.000  0.000   30.346   18.557    0    0  (Gen:  0)
  1756328     50640 1141289672  0.000  0.000   30.348   18.559    0    0  (Gen:  0)
  4134424     74672 1141566816  0.000  0.000   30.352   18.563    0    0  (Gen:  0)
  3193776     87176 1141839344  0.000  0.000   30.356   18.566    0    0  (Gen:  0)
  3345504     80144 1142045688  0.000  0.000   30.359   18.569    0    0  (Gen:  0)
  1803120     66872 1142201024  0.000  0.000   30.361   18.571    0    0  (Gen:  0)
  1257688     42144 1142280432  0.000  0.000   30.363   18.572    0    0  (Gen:  0)
  2754664     59944 1142488992  0.000  0.000   30.366   18.576    0    0  (Gen:  0)
  1983208     68296 1142678336  0.000  0.000   30.369   18.578    0    0  (Gen:  0)
  2466104     65576 1142908024  0.000  0.000   30.371   18.580    0    0  (Gen:  0)
  1207272     42024 1143016544  0.000  0.000   30.372   18.581    0    0  (Gen:  0)
  2787800    257248 1143550328  0.001  0.000   30.375   18.583    0    0  (Gen:  0)
  3640456     81080 1143687784  0.000  0.000   30.380   18.587    0    0  (Gen:  0)
  2989264     76320 1143984280  0.000  0.000   30.383   18.590    0    0  (Gen:  0)
  3557704     76464 1144387016  0.000  0.000   30.387   18.594    0    0  (Gen:  0)
  2159616     73568 1144671176  0.000  0.000   30.389   18.596    0    0  (Gen:  0)
  2090448     59168 1144866928  0.000  0.000   30.392   18.598    0    0  (Gen:  0)
  3855616     82080 1145284824  0.000  0.000   30.397   18.603    0    0  (Gen:  0)
  1582688     76168 1145500744  0.000  0.000   30.399   18.604    0    0  (Gen:  0)
  1963912     49264 1145621624  0.000  0.000   30.401   18.606    0    0  (Gen:  0)
  1242368     36680 1145760168  0.000  0.000   30.402   18.607    0    0  (Gen:  0)
  3569944     55608 1146006392  0.000  0.000   30.405   18.610    0    0  (Gen:  0)
  1207008     54992 1146085536  0.000  0.000   30.406   18.611    0    0  (Gen:  0)
  3315784     64032 1146300632  0.000  0.000   30.410   18.615    0    0  (Gen:  0)
  2439696     81952 1146463552  0.000  0.000   30.413   18.618    0    0  (Gen:  0)
  2318512     61920 1146588552  0.000  0.000   30.415   18.619    0    0  (Gen:  0)
  2575832     60800 1146848480  0.000  0.000   30.418   18.622    0    0  (Gen:  0)
  1743928     51584 1146929032  0.000  0.000   30.419   18.623    0    0  (Gen:  0)
  2277328     51816 1147194912  0.000  0.000   30.422   18.626    0    0  (Gen:  0)
  4288216     86360 1147745064  0.001  0.000   30.427   18.630    0    0  (Gen:  0)
  2434224     86960 1147907688  0.001  0.000   30.430   18.633    0    0  (Gen:  0)
  2686016     61256 1148200616  0.000  0.000   30.432   18.635    0    0  (Gen:  0)
  3063600     68072 1148371808  0.000  0.000   30.435   18.638    0    0  (Gen:  0)
  1614072     54648 1148455936  0.000  0.000   30.437   18.639    0    0  (Gen:  0)
  1557616     44792 1148637448  0.000  0.000   30.439   18.640    0    0  (Gen:  0)
  3079768     58776 1148871624  0.000  0.000   30.442   18.644    0    0  (Gen:  0)
  2603640    162352 1149293704  0.000  0.000   30.445   18.646    0    0  (Gen:  0)
  1183168    240312 1149498200  0.001  0.000   30.447   18.647    0    0  (Gen:  0)
  1039120     85440 1149571056  0.001  0.000   30.448   18.648    0    0  (Gen:  0)
  1214088    151272 1149804432  0.001  0.000   30.449   18.648    0    0  (Gen:  0)
  1343568    166720 1150156544  0.000  0.000   30.453   18.651    0    0  (Gen:  0)
  1891496    139896 1150320384  0.001  0.000   30.455   18.652    0    0  (Gen:  0)
  2055304     63368 1150409128  0.000  0.000   30.456   18.654    0    0  (Gen:  0)
  1039864     40768 1150422384  0.000  0.000   30.457   18.654    0    0  (Gen:  0)
  1244472     51944 1150620680  0.000  0.000   30.459   18.655    0    0  (Gen:  0)
  1039672     71208 1150653080  0.000  0.000   30.460   18.656    0    0  (Gen:  0)
  1327936     50256 1150797608  0.000  0.000   30.461   18.656    0    0  (Gen:  0)
  1039352     33640 1150813376  0.000  0.000   30.462   18.657    0    0  (Gen:  0)
  1167584     35400 1150927712  0.000  0.000   30.463   18.658    0    0  (Gen:  0)
  1039384     28136 1150935464  0.000  0.000   30.464   18.658    0    0  (Gen:  0)
  1578400     24064 1151045632  0.000  0.000   30.465   18.659    0    0  (Gen:  0)
  1040360     31480 1151061328  0.000  0.000   30.466   18.660    0    0  (Gen:  0)
  1178592     38816 1151211072  0.000  0.000   30.467   18.661    0    0  (Gen:  0)
  1075368     44144 1151265304  0.000  0.000   30.468   18.661    0    0  (Gen:  0)
  1145424     52128 1151389584  0.000  0.000   30.469   18.662    0    0  (Gen:  0)
  1041360     59632 1151418720  0.000  0.000   30.470   18.663    0    0  (Gen:  0)
  1154432     62320 1151545800  0.000  0.000   30.471   18.663    0    0  (Gen:  0)
  1038968     39992 1151552640  0.000  0.000   30.472   18.664    0    0  (Gen:  0)
  1179304     17264 1151657416  0.000  0.000   30.473   18.665    0    0  (Gen:  0)
  1038872     15856 1151662528  0.000  0.000   30.474   18.665    0    0  (Gen:  0)
  1157544     18680 1151737504  0.000  0.000   30.475   18.666    0    0  (Gen:  0)
  2014216     94488 1152051496  0.001  0.000   30.480   18.669    0    0  (Gen:  0)
  3438976    267080 1152748376  0.002  0.000   30.493   18.674    0    0  (Gen:  0)
  1077360    293800 1152886256  0.001  0.000   30.495   18.675    0    0  (Gen:  0)
  1646800    119280 1153091888  0.001  0.000   30.498   18.677    0    0  (Gen:  0)
  1152856    159568 1153246080  0.001  0.000   30.500   18.678    0    0  (Gen:  0)
  1042008     94984 1153281000  0.000  0.000   30.501   18.679    0    0  (Gen:  0)
  1177656     77672 1153450832  0.000  0.000   30.502   18.680    0    0  (Gen:  0)
  1040456     63728 1153472216  0.000  0.000   30.503   18.680    0    0  (Gen:  0)
  1178592     45704 1153623392  0.000  0.000   30.504   18.681    0    0  (Gen:  0)
  1039792     51024 1153650312  0.000  0.000   30.505   18.682    0    0  (Gen:  0)
  1153984     50640 1153768544  0.000  0.000   30.506   18.682    0    0  (Gen:  0)
  1039592     35616 1153780248  0.000  0.000   30.507   18.683    0    0  (Gen:  0)
  1131384     30256 1153860136  0.000  0.000   30.508   18.684    0    0  (Gen:  0)
  1036440     28544 1153870112  0.000  0.000   30.509   18.684    0    0  (Gen:  0)
  1722624     36944 1153893480  0.000  0.000   30.510   18.685    0    0  (Gen:  0)
  1038344     31664 1153901808  0.000  0.000   30.511   18.685    0    0  (Gen:  0)
  1173992     22336 1154009856  0.000  0.000   30.512   18.686    0    0  (Gen:  0)
  1039168     23984 1154019776  0.000  0.000   30.512   18.687    0    0  (Gen:  0)
  1210928     29672 1154198960  0.000  0.000   30.513   18.687    0    0  (Gen:  0)
  1039072     32880 1154212224  0.000  0.000   30.514   18.688    0    0  (Gen:  0)
  1142424     31472 1154291632  0.000  0.000   30.515   18.688    0    0  (Gen:  0)
  1038840     25104 1154298592  0.000  0.000   30.516   18.689    0    0  (Gen:  0)
  1909904     26024 1154411896  0.000  0.000   30.517   18.690    0    0  (Gen:  0)
  1038160     23904 1154416552  0.000  0.000   30.518   18.691    0    0  (Gen:  0)
  1925472    381392 1154952856  0.002  0.000   30.521   18.692    0    0  (Gen:  0)
  3549736   1180096 1156125208  0.005  0.001   30.528   18.695    0    0  (Gen:  0)
  2393776   1120408 1156843536  0.005  0.001   30.536   18.698    0    0  (Gen:  0)
  3514432    896632 1157601912  0.002  0.001   30.541   18.701    0    0  (Gen:  0)
  2734088    748304 1158231472  0.002  0.001   30.546   18.704    0    0  (Gen:  0)
  3247424    918568 1159171840  0.003  0.001   30.552   18.706    0    0  (Gen:  0)
  2614928    609968 1159702032  0.001  0.000   30.556   18.708    0    0  (Gen:  0)
  1911256    613864 1160370784  0.003  0.001   30.561   18.710    0    0  (Gen:  0)
  1508144    603496 1160926720  0.002  0.001   30.564   18.712    0    0  (Gen:  0)
  3283688    298960 1161286088  0.002  0.000   30.571   18.716    0    0  (Gen:  0)
  4086584     99400 1161915440  0.001  0.000   30.579   18.720    0    0  (Gen:  0)
  2080304    381360 1162338424  0.002  0.001   30.584   18.723    0    0  (Gen:  0)
  1181768    560640 1162690512  0.002  0.001   30.586   18.725    0    0  (Gen:  0)
  1199936    504008 1163138088  0.002  0.001   30.590   18.726    0    0  (Gen:  0)
  1077664    570592 1163412464  0.001  0.001   30.593   18.728    0    0  (Gen:  0)
  1111000    368344 1163581816  0.001  0.000   30.595   18.729    0    0  (Gen:  0)
  1202816    362432 1163979984  0.002  0.001   30.598   18.730    0    0  (Gen:  0)
  1104736    378288 1164288752  0.002  0.001   30.601   18.732    0    0  (Gen:  0)
  1196984    257520 1164552640  0.001  0.001   30.603   18.733    0    0  (Gen:  0)
  1172928    259928 1164823312  0.001  0.001   30.606   18.735    0    0  (Gen:  0)
  1173304    218872 1165048088  0.001  0.000   30.609   18.736    0    0  (Gen:  0)
  1207744    189896 1165318888  0.001  0.000   30.612   18.737    0    0  (Gen:  0)
  1354136    250216 1165606440  0.001  0.001   30.615   18.739    0    0  (Gen:  0)
  1202200    152952 1165781184  0.001  0.000   30.618   18.741    0    0  (Gen:  0)
  2302880     41008 1166068744  0.000  0.000   30.621   18.743    0    0  (Gen:  0)
  1102048     28600 1166145864  0.000  0.000   30.622   18.745    0    0  (Gen:  0)
  2128920    158984 1166425888  0.001  0.000   30.626   18.748    0    0  (Gen:  0)
  1035936    248856 1166540016  0.001  0.001   30.629   18.750    0    0  (Gen:  0)
  1035488    231376 1166663656  0.001  0.001   30.633   18.752    0    0  (Gen:  0)
  1038552    219456 1166779904  0.002  0.001   30.637   18.754    0    0  (Gen:  0)
  1037616    253896 1166921736  0.002  0.001   30.640   18.756    0    0  (Gen:  0)
  1035472    246960 1167032616  0.001  0.001   30.642   18.758    0    0  (Gen:  0)
  1036000    229200 1167156984  0.001  0.000   30.646   18.760    0    0  (Gen:  0)
  1035904    243864 1167280456  0.001  0.000   30.649   18.762    0    0  (Gen:  0)
  1036696    249176 1167410592  0.001  0.000   30.652   18.763    0    0  (Gen:  0)
  1034880    258000 1167544064  0.001  0.000   30.655   18.765    0    0  (Gen:  0)
  1036768    264712 1167680384  0.001  0.000   30.658   18.767    0    0  (Gen:  0)
  1036896    272344 1167818288  0.001  0.001   30.661   18.769    0    0  (Gen:  0)
  1037792    243320 1167927960  0.001  0.001   30.664   18.771    0    0  (Gen:  0)
  1037440    221256 1168041296  0.001  0.001   30.667   18.772    0    0  (Gen:  0)
  1036480    191504 1168119104  0.001  0.000   30.670   18.774    0    0  (Gen:  0)
  1037368    210568 1168250072  0.001  0.000   30.672   18.775    0    0  (Gen:  0)
  1037712    235496 1168356728  0.001  0.001   30.675   18.777    0    0  (Gen:  0)
  1036944    231992 1168480936  0.001  0.000   30.678   18.779    0    0  (Gen:  0)
  1037504    217736 1168578464  0.001  0.000   30.681   18.781    0    0  (Gen:  0)
  1039080    131896 1168630280  0.001  0.000   30.684   18.782    0    0  (Gen:  0)
  1040784    102504 1168684672  0.001  0.000   30.686   18.784    0    0  (Gen:  0)
  1040424     96512 1168736152  0.001  0.000   30.688   18.785    0    0  (Gen:  0)
  1068552    206456 1168902376  0.001  0.000   30.690   18.786    0    0  (Gen:  0)
  1737624    111064 1168856624  0.001  0.000   30.692   18.788    0    0  (Gen:  0)
  1040528    107736 1168897904  0.001  0.000   30.695   18.790    0    0  (Gen:  0)
  1042048    119624 1168962104  0.001  0.000   30.697   18.791    0    0  (Gen:  0)
  1039024    224696 1169151400  0.002  0.001   30.700   18.793    0    0  (Gen:  0)
  1039512    405448 1169412832  0.004  0.001   30.705   18.795    0    0  (Gen:  0)
  1040360    494448 1169696648  0.004  0.001   30.709   18.797    0    0  (Gen:  0)
  1040864    512528 1169990480  0.004  0.001   30.715   18.799    0    0  (Gen:  0)
  1041272    512848 1170283224  0.004  0.001   30.720   18.801    0    0  (Gen:  0)
  1039208    494208 1170550624  0.004  0.001   30.725   18.803    0    0  (Gen:  0)
  1041160    461976 1170843104  0.003  0.001   30.728   18.805    0    0  (Gen:  0)
  1042880    280248 1171111896  0.002  0.000   30.731   18.806    0    0  (Gen:  0)
  1109080    256240 1171224392  0.001  0.000   30.732   18.807    0    0  (Gen:  0)
  1043624     61704 1171149288  0.000  0.000   30.733   18.807    0    0  (Gen:  0)
  1043864     83312 1171200368  0.001  0.000   30.735   18.808    0    0  (Gen:  0)
  1033080    215120 1171407776  0.002  0.000   30.737   18.810    0    0  (Gen:  0)
  1237384    160376 1171465144  0.001  0.000   30.740   18.811    0    0  (Gen:  0)
  1112464     48192 1171488016  0.001  0.000   30.741   18.813    0    0  (Gen:  0)
  1043112      6056 1171487664  0.000  0.000   30.742   18.813    0    0  (Gen:  0)
  1043400      4120 1171487984  0.000  0.000   30.743   18.814    0    0  (Gen:  0)
  1042904      4712 1171488576  0.000  0.000   30.744   18.815    0    0  (Gen:  0)
  1042664      4592 1171488552  0.000  0.000   30.745   18.815    0    0  (Gen:  0)
  1040624      3792 1171487904  0.000  0.000   30.745   18.816    0    0  (Gen:  0)
  1043208      4776 1171488888  0.000  0.000   30.746   18.816    0    0  (Gen:  0)
  1042624      4592 1171488704  0.000  0.000   30.747   18.817    0    0  (Gen:  0)
  2304464     79536 1171704248  0.000  0.000   30.749   18.820    0    0  (Gen:  0)
  1187424     20104 1171711192  0.000  0.000   30.750   18.821    0    0  (Gen:  0)
  1218160     13992 1171601320  0.000  0.000   30.751   18.822    0    0  (Gen:  0)
  1300872     15176 1171714328  0.000  0.000   30.751   18.823    0    0  (Gen:  0)
  1186544     14472 1171720824  0.000  0.000   30.752   18.824    0    0  (Gen:  0)
  1187456     12768 1171723240  0.000  0.000   30.752   18.825    0    0  (Gen:  0)
  1185936     12768 1171721552  0.000  0.000   30.753   18.826    0    0  (Gen:  0)
  1187248     12768 1171723960  0.000  0.000   30.754   18.827    0    0  (Gen:  0)
  1185840     16216 1171620400  0.000  0.000   30.754   18.828    0    0  (Gen:  0)
  1299864     15176 1171735272  0.000  0.000   30.755   18.829    0    0  (Gen:  0)
  1187392     13936 1171737688  0.000  0.000   30.755   18.830    0    0  (Gen:  0)
  1190152     12768 1171736000  0.000  0.000   30.756   18.831    0    0  (Gen:  0)
  1186384     12768 1171738408  0.000  0.000   30.757   18.832    0    0  (Gen:  0)
  1186616     13816 1171673424  0.000  0.000   30.757   18.833    0    0  (Gen:  0)
  1227704     15536 1171673472  0.000  0.000   30.758   18.834    0    0  (Gen:  0)
  1259728     15224 1171752176  0.000  0.000   30.759   18.835    0    0  (Gen:  0)
  1187456     12832 1171754608  0.000  0.000   30.759   18.836    0    0  (Gen:  0)
  1186096     12800 1171752936  0.000  0.000   30.760   18.837    0    0  (Gen:  0)
  1186912     12800 1171755360  0.000  0.000   30.760   18.838    0    0  (Gen:  0)
  1218752     12536 1171648104  0.000  0.000   30.761   18.839    0    0  (Gen:  0)
  1300224     15224 1171762632  0.000  0.000   30.762   18.840    0    0  (Gen:  0)
  1186896     15224 1171765056  0.000  0.000   30.762   18.841    0    0  (Gen:  0)
  1186720     12800 1171771568  0.000  0.000   30.763   18.842    0    0  (Gen:  0)
  1187408     12800 1171774000  0.000  0.000   30.763   18.843    0    0  (Gen:  0)
  1185984     12800 1171772328  0.000  0.000   30.764   18.844    0    0  (Gen:  0)
  1218064     14336 1171666872  0.000  0.000   30.764   18.845    0    0  (Gen:  0)
  1301544     15224 1171783696  0.000  0.000   30.765   18.846    0    0  (Gen:  0)
  1185920     14456 1171782024  0.000  0.000   30.766   18.847    0    0  (Gen:  0)
  1187088     12800 1171784448  0.000  0.000   30.766   18.848    0    0  (Gen:  0)
  1186624     12800 1171790960  0.000  0.000   30.767   18.849    0    0  (Gen:  0)
  1187328     12800 1171793392  0.000  0.000   30.767   18.849    0    0  (Gen:  0)
  1214672     12792 1171682304  0.000  0.000   30.768   18.851    0    0  (Gen:  0)
  1303496     15224 1171800656  0.000  0.000   30.769   18.852    0    0  (Gen:  0)
  1187440     13376 1171803088  0.000  0.000   30.769   18.852    0    0  (Gen:  0)
  1185520     12800 1171801416  0.000  0.000   30.770   18.853    0    0  (Gen:  0)
  1185408     12800 1171803840  0.000  0.000   30.770   18.854    0    0  (Gen:  0)
  1184912     14544 1171739568  0.000  0.000   30.771   18.855    0    0  (Gen:  0)
  1259736     15688 1171739048  0.000  0.000   30.772   18.856    0    0  (Gen:  0)
  1259720     15224 1171813536  0.000  0.000   30.772   18.857    0    0  (Gen:  0)
  1186640     12800 1171820048  0.000  0.000   30.773   18.858    0    0  (Gen:  0)
  1187520     12800 1171822480  0.000  0.000   30.773   18.859    0    0  (Gen:  0)
  1185936     12800 1171820808  0.000  0.000   30.774   18.860    0    0  (Gen:  0)
  1217488     12880 1171713896  0.000  0.000   30.775   18.861    0    0  (Gen:  0)
  1302088     15224 1171832176  0.000  0.000   30.775   18.862    0    0  (Gen:  0)
  1185920     15224 1171830504  0.000  0.000   30.776   18.863    0    0  (Gen:  0)
  1187056     12800 1171832928  0.000  0.000   30.776   18.864    0    0  (Gen:  0)
  1186624     12800 1171839440  0.000  0.000   30.777   18.865    0    0  (Gen:  0)
  1187408     12800 1171841872  0.000  0.000   30.778   18.866    0    0  (Gen:  0)
  1220944     14736 1171732720  0.000  0.000   30.778   18.867    0    0  (Gen:  0)
  1300720     15224 1171849136  0.000  0.000   30.779   18.868    0    0  (Gen:  0)
  1187424     14456 1171851568  0.000  0.000   30.779   18.869    0    0  (Gen:  0)
  1186112     12800 1171849896  0.000  0.000   30.780   18.870    0    0  (Gen:  0)
  1186960     12800 1171852320  0.000  0.000   30.780   18.870    0    0  (Gen:  0)
  1186544     12800 1171858832  0.000  0.000   30.781   18.871    0    0  (Gen:  0)
  1253240     15968 1171783672  0.000  0.000   30.782   18.873    0    0  (Gen:  0)
  1263856     15224 1171862016  0.000  0.000   30.782   18.874    0    0  (Gen:  0)
  1185328     13376 1171868528  0.000  0.000   30.783   18.874    0    0  (Gen:  0)
  1186784     12800 1171870960  0.000  0.000   30.783   18.875    0    0  (Gen:  0)
  1185936     12800 1171869288  0.000  0.000   30.784   18.876    0    0  (Gen:  0)
  1184352     10832 1171796424  0.000  0.000   30.785   18.877    0    0  (Gen:  0)
  1260504     15712 1171808616  0.000  0.000   30.785   18.878    0    0  (Gen:  0)
  1226104     15184 1171878952  0.000  0.000   30.786   18.879    0    0  (Gen:  0)
  1186368     12800 1171885496  0.000  0.000   30.786   18.880    0    0  (Gen:  0)
  1187520     12832 1171887928  0.000  0.000   30.787   18.881    0    0  (Gen:  0)
  1185936     12800 1171886256  0.000  0.000   30.788   18.882    0    0  (Gen:  0)
  1216504     13128 1171779592  0.000  0.000   30.788   18.883    0    0  (Gen:  0)
  1300192     15224 1171897624  0.000  0.000   30.789   18.884    0    0  (Gen:  0)
  1184704     15224 1171895952  0.000  0.000   30.789   18.885    0    0  (Gen:  0)
  1187056     12800 1171898376  0.000  0.000   30.790   18.886    0    0  (Gen:  0)
  1186624     12800 1171904888  0.000  0.000   30.791   18.887    0    0  (Gen:  0)
  1187408     12800 1171907320  0.000  0.000   30.791   18.888    0    0  (Gen:  0)
  1217352     14704 1171798136  0.000  0.000   30.792   18.889    0    0  (Gen:  0)
  1300752     15224 1171914584  0.000  0.000   30.793   18.890    0    0  (Gen:  0)
  1154808     14992 1171913488  0.000  0.000   30.793   18.891    0    0  (Gen:  0)
  1190584     12800 1171915344  0.000  0.000   30.794   18.892    0    0  (Gen:  0)
  1186920     12800 1171921856  0.000  0.000   30.794   18.893    0    0  (Gen:  0)
  1183656     12840 1171924328  0.000  0.000   30.795   18.894    0    0  (Gen:  0)
  1258160     14040 1171851328  0.000  0.000   30.796   18.895    0    0  (Gen:  0)
  1258216     15224 1171931552  0.000  0.000   30.796   18.896    0    0  (Gen:  0)
  1186080     12800 1171933984  0.000  0.000   30.797   18.897    0    0  (Gen:  0)
  1185360     12800 1171932312  0.000  0.000   30.797   18.898    0    0  (Gen:  0)
  1187328     12800 1171934736  0.000  0.000   30.798   18.899    0    0  (Gen:  0)
  1182952     10640 1171829536  0.000  0.000   30.799   18.900    0    0  (Gen:  0)
  1193592     16912 1171871176  0.000  0.000   30.799   18.901    0    0  (Gen:  0)
  1263296     15200 1171944416  0.000  0.000   30.800   18.902    0    0  (Gen:  0)
  1186488     12832 1171950968  0.000  0.000   30.800   18.903    0    0  (Gen:  0)
  1187472     12832 1171953376  0.000  0.000   30.801   18.904    0    0  (Gen:  0)
  1154000     12760 1171951688  0.000  0.000   30.802   18.905    0    0  (Gen:  0)
  1218872     14024 1171845952  0.000  0.000   30.802   18.906    0    0  (Gen:  0)
  1300040     15256 1171958992  0.000  0.000   30.803   18.907    0    0  (Gen:  0)
  1186936     14520 1171961416  0.000  0.000   30.803   18.908    0    0  (Gen:  0)
  1186752     12800 1171967936  0.000  0.000   30.804   18.909    0    0  (Gen:  0)
  1154000     12760 1171966232  0.000  0.000   30.805   18.912    0    0  (Gen:  0)
  1153976     12760 1171968656  0.000  0.000   30.805   18.913    0    0  (Gen:  0)
  1248992     15392 1171864256  0.000  0.000   30.806   18.915    0    0  (Gen:  0)
  1300216     15288 1171980088  0.000  0.000   30.807   18.916    0    0  (Gen:  0)
  1187424     14192 1171982464  0.000  0.000   30.807   18.916    0    0  (Gen:  0)
  1186168     12800 1171980808  0.000  0.000   30.808   18.917    0    0  (Gen:  0)
  1187000     12800 1171983232  0.000  0.000   30.808   18.918    0    0  (Gen:  0)
  1186640     13928 1171918352  0.000  0.000   30.809   18.919    0    0  (Gen:  0)
  1256200     14976 1171917728  0.000  0.000   30.810   18.920    0    0  (Gen:  0)
  1259368     15224 1171992928  0.000  0.000   30.810   18.921    0    0  (Gen:  0)
  1186688     12800 1171999448  0.000  0.000   30.811   18.922    0    0  (Gen:  0)
  1187536     12800 1172001856  0.000  0.000   30.811   18.923    0    0  (Gen:  0)
  1185992     12800 1172000200  0.000  0.000   30.812   18.924    0    0  (Gen:  0)
  1218024     11408 1171891816  0.000  0.000   30.813   18.925    0    0  (Gen:  0)
  1301624     15224 1172011552  0.000  0.000   30.813   18.926    0    0  (Gen:  0)
  1185976     15224 1172009896  0.000  0.000   30.814   18.927    0    0  (Gen:  0)
  1187096     12800 1172012320  0.000  0.000   30.814   18.928    0    0  (Gen:  0)
  1186736     12800 1172018840  0.000  0.000   30.815   18.929    0    0  (Gen:  0)
  1187456     12800 1172021248  0.000  0.000   30.816   18.930    0    0  (Gen:  0)
  1217512     14024 1171911400  0.000  0.000   30.816   18.931    0    0  (Gen:  0)
  1300720     15224 1172028536  0.000  0.000   30.817   18.932    0    0  (Gen:  0)
  1187376     14520 1172030944  0.000  0.000   30.817   18.933    0    0  (Gen:  0)
  1186152     12800 1172029288  0.000  0.000   30.818   18.934    0    0  (Gen:  0)
  1187416     12800 1172031712  0.000  0.000   30.819   18.935    0    0  (Gen:  0)
  1186592     12800 1172038232  0.000  0.000   30.819   18.936    0    0  (Gen:  0)
  1218808     16248 1171930592  0.000  0.000   30.820   18.937    0    0  (Gen:  0)
  1300288     15232 1172041408  0.000  0.000   30.820   18.938    0    0  (Gen:  0)
  1186672     13984 1172047928  0.000  0.000   30.821   18.939    0    0  (Gen:  0)
  1187552     12800 1172050336  0.000  0.000   30.822   18.940    0    0  (Gen:  0)
  1185976     12800 1172048680  0.000  0.000   30.822   18.941    0    0  (Gen:  0)
  1183336     14728 1171980504  0.000  0.000   30.823   18.942    0    0  (Gen:  0)
  1258224     14976 1171983176  0.000  0.000   30.823   18.943    0    0  (Gen:  0)
  1259336     15224 1172058376  0.000  0.000   30.824   18.944    0    0  (Gen:  0)
  1186688     12800 1172064896  0.000  0.000   30.825   18.945    0    0  (Gen:  0)
  1187536     12800 1172067304  0.000  0.000   30.825   18.945    0    0  (Gen:  0)
  1186024     12800 1172065648  0.000  0.000   30.826   18.946    0    0  (Gen:  0)
  1218024     11408 1171957264  0.000  0.000   30.826   18.948    0    0  (Gen:  0)
  1301624     15224 1172077000  0.000  0.000   30.827   18.949    0    0  (Gen:  0)
  1185976     15224 1172075344  0.000  0.000   30.828   18.949    0    0  (Gen:  0)
  1187096     12800 1172077768  0.000  0.000   30.828   18.950    0    0  (Gen:  0)
  1186736     12800 1172084288  0.000  0.000   30.829   18.951    0    0  (Gen:  0)
  1187424     12800 1172086696  0.000  0.000   30.829   18.952    0    0  (Gen:  0)
  1217512     14024 1171976848  0.000  0.000   30.830   18.953    0    0  (Gen:  0)
  1300752     15224 1172093984  0.000  0.000   30.831   18.954    0    0  (Gen:  0)
  1187376     14520 1172096392  0.000  0.000   30.831   18.955    0    0  (Gen:  0)
  1186328     12800 1172094736  0.000  0.000   30.832   18.956    0    0  (Gen:  0)
  1187032     12800 1172097160  0.000  0.000   30.832   18.957    0    0  (Gen:  0)
  1186592     12800 1172103680  0.000  0.000   30.833   18.958    0    0  (Gen:  0)
  1183560     16280 1171996072  0.000  0.000   30.833   18.959    0    0  (Gen:  0)
  1299344     15232 1172110952  0.000  0.000   30.834   18.960    0    0  (Gen:  0)
  1187424     13936 1172113360  0.000  0.000   30.835   18.961    0    0  (Gen:  0)
  1186168     12800 1172111704  0.000  0.000   30.835   18.962    0    0  (Gen:  0)
  1187280     12800 1172114128  0.000  0.000   30.836   18.963    0    0  (Gen:  0)
  1149632     14728 1172045952  0.000  0.000   30.836   18.964    0    0  (Gen:  0)
  1255688     15528 1172053272  0.000  0.000   30.837   18.965    0    0  (Gen:  0)
  1260368     15224 1172127904  0.000  0.000   30.838   18.966    0    0  (Gen:  0)
  1186056     12800 1172126248  0.000  0.000   30.838   18.967    0    0  (Gen:  0)
  1187112     12800 1172128672  0.000  0.000   30.839   18.968    0    0  (Gen:  0)
  1186624     12800 1172135192  0.000  0.000   30.839   18.969    0    0  (Gen:  0)
  1217816     11824 1172023128  0.000  0.000   30.840   18.970    0    0  (Gen:  0)
  1301232     15224 1172138368  0.000  0.000   30.841   18.971    0    0  (Gen:  0)
  1186608     15224 1172144888  0.000  0.000   30.841   18.972    0    0  (Gen:  0)
  1187520     12800 1172147296  0.000  0.000   30.842   18.973    0    0  (Gen:  0)
  1186040     12800 1172145640  0.000  0.000   30.842   18.973    0    0  (Gen:  0)
  1187000     12832 1172148096  0.000  0.000   30.843   18.974    0    0  (Gen:  0)
  1218552     14112 1172042384  0.000  0.000   30.844   18.976    0    0  (Gen:  0)
  1300296     15224 1172155336  0.000  0.000   30.844   18.977    0    0  (Gen:  0)
  1191376     14488 1172157760  0.000  0.000   30.845   18.977    0    0  (Gen:  0)
  1186000     12800 1172164280  0.000  0.000   30.845   18.978    0    0  (Gen:  0)
  1187456     12800 1172166688  0.000  0.000   30.846   18.979    0    0  (Gen:  0)
  1185960     12832 1172165064  0.000  0.000   30.847   18.980    0    0  (Gen:  0)
  1215736     16280 1172061520  0.000  0.000   30.847   18.981    0    0  (Gen:  0)
  1299864     15232 1172176384  0.000  0.000   30.848   18.982    0    0  (Gen:  0)
  1186040     13936 1172174728  0.000  0.000   30.848   18.983    0    0  (Gen:  0)
  1187128     12800 1172177152  0.000  0.000   30.849   18.984    0    0  (Gen:  0)
  1186608     12800 1172183672  0.000  0.000   30.850   18.985    0    0  (Gen:  0)
  1187432     14456 1172115208  0.000  0.000   30.850   18.986    0    0  (Gen:  0)
  1259416     15608 1172114704  0.000  0.000   30.851   18.987    0    0  (Gen:  0)
   825224 888144848 919188816  1.459  1.571   32.310   21.193    0    0  (Gen:  1)
   104816   9561584  16065648  0.028  0.124   32.339   21.318    0    0  (Gen:  1)
     1368                      0.000  0.000

  14,707,527,024 bytes allocated in the heap
   5,192,712,336 bytes copied during GC
     919,188,816 bytes maximum residency (18 sample(s))
       4,627,120 bytes maximum slop
             876 MB total memory in use (0 MB lost due to fragmentation)

                                     Tot time (elapsed)  Avg pause  Max pause
  Gen  0      8364 colls,  8363 par   12.871s   3.209s     0.0004s    0.0025s
  Gen  1        18 colls,    17 par    6.135s   3.144s     0.1747s    1.5709s

  Parallel GC work balance: 57.30% (serial 0%, perfect 100%)

  TASKS: 17 (1 bound, 16 peak workers (16 total), using -N4)

  SPARKS: 0 (0 converted, 0 overflowed, 0 dud, 0 GC'd, 0 fizzled)

  INIT    time    0.001s  (  0.004s elapsed)
  MUT     time   13.332s  ( 14.962s elapsed)
  GC      time   19.006s  (  6.353s elapsed)
  EXIT    time    0.000s  (  0.012s elapsed)
  Total   time   32.340s  ( 21.330s elapsed)

  Alloc rate    1,103,166,073 bytes per MUT second

  Productivity  41.2% of total user, 70.1% of total elapsed

