bench-hist/v0.0.5/ghcide --lsp --cwd bench/example/Cabal-3.0.0.0 +RTS -SdocumentSymbols_after_edit.benchmark-gcStats -I0.5 
    Alloc    Copied     Live     GC     GC      TOT      TOT  Page Flts
    bytes     bytes     bytes   user   elap     user     elap
  1185968     65536    204920  0.000  0.000    0.003    0.008    0    0  (Gen:  0)
  1369816    165648    459432  0.021  0.028    0.026    0.041    0    0  (Gen:  1)
  1042464     65792    459312  0.000  0.000    0.026    0.041    0    0  (Gen:  0)
  2347704    242800    984400  0.001  0.000    0.030    0.047    0    0  (Gen:  0)
  1032192    578168   1328464  0.006  0.006    0.036    0.052    0    0  (Gen:  0)
  1062680    196896    738024  0.013  0.008    0.050    0.061    0    0  (Gen:  1)
  3352728    375840   1201472  0.003  0.001    0.063    5.941    0    0  (Gen:  0)
  1077464    291352   1111792  0.002  0.000    0.065    5.942    0    0  (Gen:  0)
  1038880     31784   1106896  0.000  0.000    0.066    5.943    0    0  (Gen:  0)
  1037640    134224   1221872  0.001  0.000    0.067    5.944    0    0  (Gen:  0)
  1030176    114848   1301600  0.001  0.000    0.069    5.945    0    0  (Gen:  0)
  1048120    120680   1416200  0.001  0.000    0.070    5.946    0    0  (Gen:  0)
  1031688     55976   1413248  0.000  0.000    0.071    5.946    0    0  (Gen:  0)
  1032952     73192   1463520  0.000  0.000    0.072    5.947    0    0  (Gen:  0)
  1032224     68320   1483216  0.000  0.000    0.072    5.947    0    0  (Gen:  0)
  1046712    164120   1637800  0.001  0.000    0.074    5.948    0    0  (Gen:  0)
   653888    673704   1251752  0.015  0.010    1.845    7.158    0    0  (Gen:  1)
  1038664    450408   1698896  0.001  0.001    1.849    7.161    0    0  (Gen:  0)
  1037112    104464   1759376  0.000  0.000    1.850    7.162    0    0  (Gen:  0)
  1042240    120968   1816616  0.000  0.000    1.851    7.162    0    0  (Gen:  0)
  1042008    117904   1875184  0.000  0.000    1.852    7.163    0    0  (Gen:  0)
  1038464    205936   2023472  0.001  0.000    1.854    7.165    0    0  (Gen:  0)
  1041896    183616   2179480  0.001  0.000    1.855    7.167    0    0  (Gen:  0)
  1041032    170856   2338848  0.001  0.000    1.857    7.169    0    0  (Gen:  0)
  1085704    183776   2562560  0.001  0.000    1.858    7.170    0    0  (Gen:  0)
  1108688    309360   2760656  0.001  0.000    1.860    7.170    0    0  (Gen:  0)
  1043872   1548000   2183408  0.025  0.007    1.886    7.178    0    0  (Gen:  1)
  1109576    305464   2368040  0.001  0.000    1.887    7.178    0    0  (Gen:  0)
  1177072    441648   2681968  0.001  0.000    1.889    7.179    0    0  (Gen:  0)
  1041648    496320   2891080  0.002  0.000    1.892    7.181    0    0  (Gen:  0)
  1039736    378616   3120072  0.002  0.001    1.894    7.182    0    0  (Gen:  0)
  1038128    358944   3331024  0.002  0.000    1.896    7.183    0    0  (Gen:  0)
  1355440    290632   3495584  0.002  0.000    1.961    7.461    0    0  (Gen:  0)
  1047288     81888   3409672  0.000  0.000    1.985    7.488    0    0  (Gen:  0)
  1035192      7680   3406984  0.000  0.000    2.028    7.542    0    0  (Gen:  0)
  1352768     76192   3541744  0.001  0.000    2.042    7.558    0    0  (Gen:  0)
  1036088     40128   3574200  0.000  0.000    2.043    7.558    0    0  (Gen:  0)
  1115176    101800   3673096  0.002  0.001    2.045    7.559    0    0  (Gen:  0)
  1035648    117704   3736952  0.001  0.000    2.047    7.560    0    0  (Gen:  0)
  1035424    133000   3803488  0.001  0.000    2.048    7.561    0    0  (Gen:  0)
  1031920    142904   3875264  0.001  0.000    2.050    7.562    0    0  (Gen:  0)
  1035008    142072   3945848  0.001  0.000    2.051    7.562    0    0  (Gen:  0)
  1035944    137560   4009304  0.001  0.000    2.052    7.563    0    0  (Gen:  0)
  1036952    138080   4077816  0.001  0.000    2.054    7.564    0    0  (Gen:  0)
  1035200    136608   4141744  0.001  0.000    2.055    7.565    0    0  (Gen:  0)
  1035872   2998488   3687008  0.021  0.008    2.076    7.573    0    0  (Gen:  1)
  1064992    142360   3754424  0.001  0.000    2.078    7.574    0    0  (Gen:  0)
  1035144    134568   3815408  0.001  0.000    2.079    7.575    0    0  (Gen:  0)
  1032488    127336   3875048  0.000  0.000    2.080    7.576    0    0  (Gen:  0)
  1034768    134528   3950192  0.001  0.000    2.081    7.576    0    0  (Gen:  0)
  1035672    146776   4019352  0.001  0.000    2.082    7.577    0    0  (Gen:  0)
  1033120    148200   4092808  0.000  0.000    2.083    7.578    0    0  (Gen:  0)
  1035672    151704   4164856  0.001  0.000    2.084    7.579    0    0  (Gen:  0)
  1035544    134176   4222896  0.001  0.000    2.085    7.580    0    0  (Gen:  0)
  1035464    117424   4276328  0.000  0.000    2.086    7.580    0    0  (Gen:  0)
  1034976    111096   4327496  0.000  0.000    2.087    7.581    0    0  (Gen:  0)
  1035904    122632   4395840  0.000  0.000    2.088    7.582    0    0  (Gen:  0)
  1036024    120096   4447208  0.000  0.000    2.089    7.582    0    0  (Gen:  0)
  1028096    141768   4530576  0.000  0.000    2.090    7.583    0    0  (Gen:  0)
  1032592    165688   4608952  0.001  0.000    2.091    7.584    0    0  (Gen:  0)
  1033440    156624   4679296  0.000  0.000    2.092    7.585    0    0  (Gen:  0)
  1034152    144504   4745576  0.001  0.000    2.093    7.586    0    0  (Gen:  0)
  1922528    134008   4849560  0.000  0.000    2.095    7.588    0    0  (Gen:  0)
  1172160     77688   4870320  0.000  0.000    2.096    7.589    0    0  (Gen:  0)
  1140816     45912   4889024  0.000  0.000    2.098    7.590    0    0  (Gen:  0)
  1139008     40744   4908328  0.000  0.000    2.099    7.591    0    0  (Gen:  0)
  2762776     74552   4967480  0.000  0.000    2.101    7.594    0    0  (Gen:  0)
  2001232     74248   4996576  0.000  0.000    2.103    7.595    0    0  (Gen:  0)
  1840944     57920   5037200  0.000  0.000    2.105    7.597    0    0  (Gen:  0)
  1397800     63816   5031168  0.000  0.000    2.106    7.598    0    0  (Gen:  0)
  1898624     60416   5115784  0.000  0.000    2.108    7.600    0    0  (Gen:  0)
  1132432     58816   5139144  0.000  0.000    2.109    7.601    0    0  (Gen:  0)
  1729984     61904   5142488  0.000  0.000    2.111    7.603    0    0  (Gen:  0)
  1166272     57480   5199240  0.000  0.000    2.112    7.604    0    0  (Gen:  0)
  3125640     91104   5232936  0.000  0.000    2.115    7.607    0    0  (Gen:  0)
  2830864    103912   5282600  0.000  0.000    2.117    7.609    0    0  (Gen:  0)
  2056608     67168   5329552  0.000  0.000    2.119    7.611    0    0  (Gen:  0)
  2897184     81280   5413312  0.000  0.000    2.122    7.614    0    0  (Gen:  0)
  2751200     81576   5468776  0.000  0.000    2.124    7.616    0    0  (Gen:  0)
  1855544     74672   5465224  0.000  0.000    2.126    7.617    0    0  (Gen:  0)
  1738496     54648   5535376  0.000  0.000    2.128    7.619    0    0  (Gen:  0)
  2592024     76336   5585832  0.000  0.000    2.130    7.621    0    0  (Gen:  0)
  2926592     83280   5642864  0.000  0.000    2.133    7.624    0    0  (Gen:  0)
  3843856    113560   5713016  0.000  0.000    2.136    7.627    0    0  (Gen:  0)
  2266800     94760   5732944  0.000  0.000    2.139    7.629    0    0  (Gen:  0)
  1272232     85504   5871488  0.001  0.000    2.141    7.662    0    0  (Gen:  0)
  1041096     10688   5819448  0.000  0.000    2.141    7.662    0    0  (Gen:  0)
  1038864      5200   5820128  0.000  0.000    2.142    7.662    0    0  (Gen:  0)
  1039584      9712   5825336  0.000  0.000    2.142    7.663    0    0  (Gen:  0)
  1038520      8344   5832400  0.000  0.000    2.143    7.663    0    0  (Gen:  0)
  1039104      4472   5830128  0.000  0.000    2.143    7.664    0    0  (Gen:  0)
  1035424     67808   5897920  0.000  0.000    2.144    7.664    0    0  (Gen:  0)
  1035288    124376   5954616  0.000  0.000    2.145    7.665    0    0  (Gen:  0)
  1032848    150328   6019976  0.001  0.000    2.147    7.666    0    0  (Gen:  0)
  1031312    128824   6083360  0.001  0.000    2.148    7.667    0    0  (Gen:  0)
  1037960    108784   6128640  0.001  0.000    2.150    7.668    0    0  (Gen:  0)
  2157680     81608   6196624  0.000  0.000    2.152    7.670    0    0  (Gen:  0)
  1613272     67792   6228184  0.000  0.000    2.154    7.671    0    0  (Gen:  0)
  2198088    102928   6294712  0.001  0.000    2.156    7.673    0    0  (Gen:  0)
  2074040     72576   6345240  0.000  0.000    2.158    7.675    0    0  (Gen:  0)
  1106128     42952   6357576  0.000  0.000    2.159    7.676    0    0  (Gen:  0)
  2940120    105000   6455560  0.000  0.000    2.162    7.679    0    0  (Gen:  0)
  2569920     80288   6501192  0.000  0.000    2.165    7.681    0    0  (Gen:  0)
  1892856     59400   6535672  0.000  0.000    2.167    7.683    0    0  (Gen:  0)
  1698816     58504   6566648  0.000  0.000    2.168    7.684    0    0  (Gen:  0)
  1212128     50128   6594168  0.000  0.000    2.169    7.685    0    0  (Gen:  0)
  2506928     69752   6656792  0.000  0.000    2.172    7.688    0    0  (Gen:  0)
  1936384     61184   6683256  0.000  0.000    2.174    7.689    0    0  (Gen:  0)
  1110424     45368   6704192  0.000  0.000    2.175    7.690    0    0  (Gen:  0)
  1919376     57112   6744216  0.000  0.000    2.177    7.692    0    0  (Gen:  0)
  1615152     64400   6777920  0.000  0.000    2.179    7.694    0    0  (Gen:  0)
  3377608     90520   6876008  0.000  0.000    2.182    7.697    0    0  (Gen:  0)
  3608528     96504   7233192  0.000  0.000    2.185    7.700    0    0  (Gen:  0)
  3008888     91672   7521504  0.000  0.000    2.188    7.703    0    0  (Gen:  0)
  1245224   5502888   6421312  0.034  0.010    2.223    7.714    0    0  (Gen:  1)
  2089928     48024   7393696  0.000  0.000    2.225    7.715    0    0  (Gen:  0)
  1377608     53512   7618104  0.000  0.000    2.227    7.717    0    0  (Gen:  0)
  2719280     66000   7831992  0.000  0.000    2.229    7.719    0    0  (Gen:  0)
  3202904     87800   8252032  0.000  0.000    2.232    7.722    0    0  (Gen:  0)
  2458176     83096   8424920  0.000  0.000    2.234    7.724    0    0  (Gen:  0)
  3608944     88008   8785648  0.000  0.000    2.238    7.727    0    0  (Gen:  0)
  3559848    137776   9086384  0.000  0.000    2.241    7.730    0    0  (Gen:  0)
  2873496     90448   9138472  0.000  0.000    2.243    7.732    0    0  (Gen:  0)
  1106400     48832   9118672  0.000  0.000    2.245    7.733    0    0  (Gen:  0)
  2846672     79544   9221008  0.000  0.000    2.247    7.736    0    0  (Gen:  0)
  1955832     66936   9248544  0.000  0.000    2.249    7.738    0    0  (Gen:  0)
  2090480     65520   9260328  0.000  0.000    2.251    7.740    0    0  (Gen:  0)
  2220528     68880   9337216  0.000  0.000    2.253    7.741    0    0  (Gen:  0)
  3008696     86120   9401792  0.000  0.000    2.256    7.744    0    0  (Gen:  0)
  1106744     54496   9415624  0.000  0.000    2.257    7.745    0    0  (Gen:  0)
  1959816     58240   9462112  0.000  0.000    2.259    7.747    0    0  (Gen:  0)
  2300168     69112   9505728  0.000  0.000    2.262    7.749    0    0  (Gen:  0)
  3511328     91632   9573256  0.000  0.000    2.265    7.752    0    0  (Gen:  0)
  1105560     64384   9593480  0.000  0.000    2.266    7.753    0    0  (Gen:  0)
  2260408     64608   9608656  0.000  0.000    2.268    7.756    0    0  (Gen:  0)
  1625760     52888   9664800  0.000  0.000    2.270    7.757    0    0  (Gen:  0)
  3333280    110088   9758704  0.000  0.000    2.273    7.760    0    0  (Gen:  0)
  1637672     55048   9798832  0.000  0.000    2.275    7.761    0    0  (Gen:  0)
  1036040     66800   9839752  0.000  0.000    2.276    7.762    0    0  (Gen:  0)
  1030552    112904   9902888  0.001  0.000    2.277    7.763    0    0  (Gen:  0)
  1036304    113064   9952696  0.001  0.000    2.278    7.763    0    0  (Gen:  0)
  1032464    100584   9998944  0.001  0.000    2.280    7.764    0    0  (Gen:  0)
  1034760    117840  10066056  0.001  0.000    2.281    7.765    0    0  (Gen:  0)
  1034112    141304  10135328  0.001  0.000    2.282    7.765    0    0  (Gen:  0)
  1036232    131112  10190480  0.001  0.000    2.284    7.766    0    0  (Gen:  0)
  1035240    126280  10257552  0.001  0.000    2.285    7.767    0    0  (Gen:  0)
  1035880    126304  10312712  0.001  0.000    2.287    7.768    0    0  (Gen:  0)
  1070272    112264  10397416  0.001  0.000    2.288    7.769    0    0  (Gen:  0)
  1280376     78728  10390064  0.000  0.000    2.290    7.770    0    0  (Gen:  0)
  2108312     51008  10710664  0.000  0.000    2.292    7.771    0    0  (Gen:  0)
  1844576     56752  10851656  0.000  0.000    2.293    7.773    0    0  (Gen:  0)
  1037760     90656  10899056  0.001  0.000    2.294    7.773    0    0  (Gen:  0)
  1105720    126464  11030504  0.001  0.000    2.296    7.774    0    0  (Gen:  0)
  1035272    129736  11090000  0.001  0.000    2.297    7.774    0    0  (Gen:  0)
  1171432    137744  11294888  0.001  0.000    2.298    7.775    0    0  (Gen:  0)
  1030840    136072  11349168  0.001  0.000    2.300    7.776    0    0  (Gen:  0)
  2659936    107248  11677184  0.000  0.000    2.303    7.779    0    0  (Gen:  0)
  1229360     78048  11795192  0.000  0.000    2.304    7.779    0    0  (Gen:  0)
  1070160     89456  11882472  0.000  0.000    2.305    7.780    0    0  (Gen:  0)
  2042216    101640  12194872  0.000  0.000    2.308    7.782    0    0  (Gen:  0)
  1879352     84376  12364416  0.000  0.000    2.310    7.784    0    0  (Gen:  0)
  1240920     57560  12475376  0.000  0.000    2.311    7.785    0    0  (Gen:  0)
  1565336     49944  12678344  0.000  0.000    2.313    7.787    0    0  (Gen:  0)
  1037184     79080  12721952  0.000  0.000    2.314    7.787    0    0  (Gen:  0)
  1266928   7200664   8473432  0.035  0.010    2.349    7.798    0    0  (Gen:  1)
  2056872    113528   9493952  0.001  0.000    2.351    7.799    0    0  (Gen:  0)
  2162880     82368   9737688  0.000  0.000    2.353    7.801    0    0  (Gen:  0)
  3518416    100928  10021584  0.000  0.000    2.357    7.804    0    0  (Gen:  0)
  3188336    125136  10154112  0.000  0.000    2.360    7.807    0    0  (Gen:  0)
  1939568     80296  10203152  0.000  0.000    2.362    7.809    0    0  (Gen:  0)
  1034128     70168  10259728  0.000  0.000    2.363    7.810    0    0  (Gen:  0)
  1035784    119576  10323120  0.001  0.000    2.364    7.810    0    0  (Gen:  0)
  1032672    147576  10402920  0.001  0.000    2.366    7.811    0    0  (Gen:  0)
  1034016    141736  10456312  0.001  0.000    2.368    7.812    0    0  (Gen:  0)
  1036408    115176  10508800  0.001  0.000    2.369    7.813    0    0  (Gen:  0)
  1031336    130656  10587136  0.001  0.000    2.370    7.814    0    0  (Gen:  0)
  1034200    146592  10655392  0.001  0.000    2.372    7.814    0    0  (Gen:  0)
  1033576    123424  10703280  0.001  0.000    2.373    7.815    0    0  (Gen:  0)
  1035064    124544  10773072  0.001  0.000    2.375    7.816    0    0  (Gen:  0)
  1154632    145648  10942584  0.001  0.000    2.376    7.817    0    0  (Gen:  0)
  1034888    148440  11014536  0.001  0.000    2.378    7.817    0    0  (Gen:  0)
  1209368    133008  11232288  0.001  0.000    2.379    7.818    0    0  (Gen:  0)
  1032000    113088  11285904  0.001  0.000    2.381    7.819    0    0  (Gen:  0)
  1105096    128288  11422104  0.001  0.000    2.382    7.820    0    0  (Gen:  0)
  1105032    124152  11532160  0.001  0.000    2.384    7.820    0    0  (Gen:  0)
  1034448    128056  11609656  0.001  0.000    2.385    7.821    0    0  (Gen:  0)
  1201144    150800  11841592  0.001  0.000    2.387    7.822    0    0  (Gen:  0)
  3960856    190872  12248856  0.001  0.000    2.391    7.825    0    0  (Gen:  0)
  4324064    189904  12764792  0.001  0.000    2.396    7.829    0    0  (Gen:  0)
  2318368    125560  12935296  0.000  0.000    2.398    7.831    0    0  (Gen:  0)
  1243320     65744  13089536  0.000  0.000    2.399    7.832    0    0  (Gen:  0)
  2821104     78392  13401696  0.000  0.000    2.402    7.835    0    0  (Gen:  0)
  1274136     64440  13554664  0.000  0.000    2.404    7.836    0    0  (Gen:  0)
  2646216     64520  13701040  0.000  0.000    2.406    7.838    0    0  (Gen:  0)
  2764472     86968  14026568  0.000  0.000    2.409    7.840    0    0  (Gen:  0)
  1739872     73552  14157184  0.000  0.000    2.410    7.842    0    0  (Gen:  0)
  2216696     81576  14520528  0.000  0.000    2.412    7.844    0    0  (Gen:  0)
  1209680     58064  14605632  0.000  0.000    2.414    7.845    0    0  (Gen:  0)
  1487784     44232  14763952  0.000  0.000    2.415    7.846    0    0  (Gen:  0)
  3229448     53928  15048832  0.000  0.000    2.418    7.849    0    0  (Gen:  0)
  1037024     73392  15072048  0.000  0.000    2.419    7.849    0    0  (Gen:  0)
  1102328     84056  15189848  0.001  0.000    2.420    7.850    0    0  (Gen:  0)
  1070256    118480  15276936  0.001  0.000    2.421    7.851    0    0  (Gen:  0)
  2506640    110520  15659576  0.001  0.000    2.424    7.853    0    0  (Gen:  0)
  2975952     77624  15941160  0.000  0.000    2.427    7.856    0    0  (Gen:  0)
  1197880     76224  16034344  0.001  0.000    2.428    7.856    0    0  (Gen:  0)
  1036032     98752  16091880  0.001  0.000    2.430    7.857    0    0  (Gen:  0)
  1195088    125408  16290352  0.001  0.000    2.431    7.858    0    0  (Gen:  0)
  1036064    123224  16345952  0.001  0.000    2.432    7.859    0    0  (Gen:  0)
  1158288    125392  16509376  0.001  0.000    2.434    7.859    0    0  (Gen:  0)
  1034920    134808  16574608  0.001  0.000    2.436    7.860    0    0  (Gen:  0)
  1105976   9166320  10806936  0.042  0.012    2.478    7.873    0    0  (Gen:  1)
  1072496    115552  10901176  0.001  0.000    2.479    7.873    0    0  (Gen:  0)
  1035832    122968  10958232  0.001  0.000    2.481    7.874    0    0  (Gen:  0)
  1034888    116352  11013008  0.001  0.000    2.482    7.875    0    0  (Gen:  0)
  1030480    123160  11074856  0.001  0.000    2.484    7.876    0    0  (Gen:  0)
  2146328    132160  11169160  0.001  0.000    2.486    7.878    0    0  (Gen:  0)
  3336976    111736  11251624  0.000  0.000    2.489    7.881    0    0  (Gen:  0)
  3428128    120968  11496264  0.000  0.000    2.492    7.884    0    0  (Gen:  0)
  2141552    104512  11696048  0.001  0.000    2.494    7.884    0    0  (Gen:  0)
  1037112    133648  11755752  0.001  0.000    2.495    7.885    0    0  (Gen:  0)
  1139456    131744  11920312  0.001  0.000    2.497    7.886    0    0  (Gen:  0)
  1033944    142408  11990976  0.001  0.000    2.499    7.887    0    0  (Gen:  0)
  1031848    148560  12062408  0.001  0.000    2.500    7.888    0    0  (Gen:  0)
  1033984    127720  12110040  0.001  0.000    2.501    7.888    0    0  (Gen:  0)
  1037440     99336  12158832  0.001  0.000    2.503    7.889    0    0  (Gen:  0)
  1035936    107400  12217680  0.000  0.000    2.504    7.890    0    0  (Gen:  0)
  1035128    133744  12284896  0.001  0.000    2.505    7.890    0    0  (Gen:  0)
  1035312    137464  12350592  0.001  0.000    2.507    7.891    0    0  (Gen:  0)
  1034944    136656  12415840  0.001  0.000    2.508    7.892    0    0  (Gen:  0)
  1033752    129808  12473016  0.001  0.000    2.509    7.892    0    0  (Gen:  0)
  1035904    121544  12529712  0.001  0.000    2.511    7.893    0    0  (Gen:  0)
  1033584    128512  12597368  0.001  0.000    2.512    7.894    0    0  (Gen:  0)
  1034080    137072  12660632  0.001  0.000    2.514    7.895    0    0  (Gen:  0)
  1035232    119912  12710200  0.001  0.000    2.515    7.895    0    0  (Gen:  0)
  1035568    134488  12786400  0.001  0.000    2.516    7.896    0    0  (Gen:  0)
  1032248    154760  12859704  0.001  0.000    2.518    7.897    0    0  (Gen:  0)
  1034080    163352  12949136  0.001  0.000    2.520    7.897    0    0  (Gen:  0)
  1033496    165296  13022968  0.001  0.000    2.521    7.898    0    0  (Gen:  0)
  1033944    153880  13093248  0.001  0.000    2.523    7.899    0    0  (Gen:  0)
  1037352    131680  13150088  0.001  0.000    2.524    7.900    0    0  (Gen:  0)
  1069520    110048  13229144  0.001  0.000    2.526    7.901    0    0  (Gen:  0)
  1395608     76480  13420792  0.001  0.000    2.528    7.902    0    0  (Gen:  0)
  1648248     69360  13625856  0.000  0.000    2.529    7.904    0    0  (Gen:  0)
  1394352     77152  13756440  0.000  0.000    2.531    7.905    0    0  (Gen:  0)
  4177472    106552  14095152  0.000  0.000    2.535    7.909    0    0  (Gen:  0)
  2737264    146584  14271016  0.001  0.000    2.538    7.912    0    0  (Gen:  0)
  1062616     51424  14204592  0.000  0.000    2.539    7.913    0    0  (Gen:  0)
  1215640     28736  15269016  0.000  0.000    2.541    7.935    0    0  (Gen:  0)
  1099528     26160  16323808  0.000  0.000    2.542    7.947    0    0  (Gen:  0)
  1192888     15520  16467120  0.000  0.000    2.542    7.949    0    0  (Gen:  0)
  1039304      7528  16463728  0.000  0.000    2.543    7.949    0    0  (Gen:  0)
  1038512     10616  16469232  0.000  0.000    2.544    7.950    0    0  (Gen:  0)
  1039912      5808  16472400  0.000  0.000    2.544    7.950    0    0  (Gen:  0)
  1038080      4752  16472984  0.000  0.000    2.545    7.950    0    0  (Gen:  0)
  1039264     25976  16494584  0.000  0.000    2.545    7.951    0    0  (Gen:  0)
  1033600     91288  16560272  0.000  0.000    2.546    7.951    0    0  (Gen:  0)
  1035032    128488  16623352  0.001  0.000    2.548    7.952    0    0  (Gen:  0)
  1034120    145760  16686408  0.001  0.000    2.549    7.953    0    0  (Gen:  0)
  1179088    134568  16851664  0.001  0.000    2.551    7.954    0    0  (Gen:  0)
  1037168    114832  16892296  0.000  0.000    2.552    7.954    0    0  (Gen:  0)
  1072040     92072  16971952  0.000  0.000    2.553    7.955    0    0  (Gen:  0)
  1036672    100968  17021768  0.000  0.000    2.554    7.955    0    0  (Gen:  0)
  1033160    121128  17080296  0.001  0.000    2.555    7.956    0    0  (Gen:  0)
  1034928    121752  17143648  0.001  0.000    2.556    7.957    0    0  (Gen:  0)
  1031808    127744  17203272  0.001  0.000    2.557    7.957    0    0  (Gen:  0)
  1034552    144920  17278304  0.001  0.000    2.559    7.958    0    0  (Gen:  0)
  1031896    150616  17347040  0.001  0.000    2.560    7.959    0    0  (Gen:  0)
  1031376    150600  17422616  0.001  0.000    2.562    7.959    0    0  (Gen:  0)
  1033272    149408  17491616  0.001  0.000    2.563    7.960    0    0  (Gen:  0)
  1033984    141240  17559696  0.001  0.000    2.565    7.961    0    0  (Gen:  0)
  1031480    150176  17636312  0.001  0.000    2.566    7.961    0    0  (Gen:  0)
  1031856    154656  17709040  0.001  0.000    2.568    7.962    0    0  (Gen:  0)
  1033464    153048  17784056  0.001  0.000    2.569    7.963    0    0  (Gen:  0)
  1034088    153312  17858096  0.001  0.000    2.570    7.964    0    0  (Gen:  0)
  1032600    149800  17929280  0.001  0.000    2.572    7.964    0    0  (Gen:  0)
  1035688    150208  18003072  0.001  0.000    2.573    7.965    0    0  (Gen:  0)
  1033416    149248  18073808  0.001  0.000    2.575    7.966    0    0  (Gen:  0)
  1035704    150232  18146456  0.001  0.000    2.576    7.967    0    0  (Gen:  0)
  1035840    138488  18207872  0.001  0.000    2.578    7.967    0    0  (Gen:  0)
  1032744    135864  18276632  0.001  0.000    2.579    7.968    0    0  (Gen:  0)
  1034376    149656  18352336  0.001  0.000    2.581    7.969    0    0  (Gen:  0)
  1033472    138448  18409648  0.001  0.000    2.582    7.969    0    0  (Gen:  0)
  1032800    134984  18482480  0.001  0.000    2.583    7.970    0    0  (Gen:  0)
  1033928    146136  18549800  0.001  0.000    2.585    7.971    0    0  (Gen:  0)
  1033824    142088  18617344  0.001  0.000    2.586    7.972    0    0  (Gen:  0)
  1034384    130736  18675904  0.001  0.000    2.588    7.972    0    0  (Gen:  0)
  1034008    135536  18747280  0.001  0.000    2.589    7.973    0    0  (Gen:  0)
  1033008    145576  18816872  0.001  0.000    2.591    7.974    0    0  (Gen:  0)
  1033600    138088  18883496  0.001  0.000    2.592    7.975    0    0  (Gen:  0)
  1031720    136544  18949600  0.001  0.000    2.594    7.975    0    0  (Gen:  0)
  1034656    131152  19009048  0.001  0.000    2.595    7.976    0    0  (Gen:  0)
  1029424    129632  19071712  0.001  0.000    2.597    7.977    0    0  (Gen:  0)
  1036408    123880  19127928  0.001  0.000    2.598    7.977    0    0  (Gen:  0)
  1034024    119392  19186192  0.001  0.000    2.600    7.978    0    0  (Gen:  0)
  1031928    125904  19246560  0.001  0.000    2.601    7.979    0    0  (Gen:  0)
  1035256    141672  19318832  0.001  0.000    2.603    7.980    0    0  (Gen:  0)
  1034336    145104  19386432  0.001  0.000    2.604    7.980    0    0  (Gen:  0)
  1034392    139616  19453992  0.001  0.000    2.605    7.981    0    0  (Gen:  0)
  1033360    137848  19518960  0.001  0.000    2.607    7.982    0    0  (Gen:  0)
  2161440    175704  19887336  0.001  0.000    2.609    7.983    0    0  (Gen:  0)
  1170928    181416  20087712  0.001  0.000    2.611    7.984    0    0  (Gen:  0)
  1067056    141520  20185696  0.001  0.000    2.612    7.984    0    0  (Gen:  0)
  1034248    132664  20248184  0.001  0.000    2.614    7.985    0    0  (Gen:  0)
  1035600    144256  20322464  0.001  0.000    2.615    7.986    0    0  (Gen:  0)
  1034952    143360  20386472  0.001  0.000    2.617    7.987    0    0  (Gen:  0)
  1033048    137848  20455328  0.001  0.000    2.618    7.987    0    0  (Gen:  0)
  1031752    146200  20526432  0.001  0.000    2.619    7.988    0    0  (Gen:  0)
  1033120    146392  20596216  0.001  0.000    2.621    7.989    0    0  (Gen:  0)
  1033440    139888  20661272  0.001  0.000    2.622    7.989    0    0  (Gen:  0)
  1033808    138576  20733672  0.001  0.000    2.623    7.990    0    0  (Gen:  0)
  1032552    147272  20805328  0.001  0.000    2.625    7.991    0    0  (Gen:  0)
  1033240    150008  20878024  0.001  0.000    2.626    7.991    0    0  (Gen:  0)
  1033680    156608  20957344  0.001  0.000    2.628    7.992    0    0  (Gen:  0)
  1034312    162456  21035152  0.001  0.000    2.630    7.993    0    0  (Gen:  0)
  1034992    149128  21101352  0.001  0.000    2.631    7.994    0    0  (Gen:  0)
  1035488    128904  21159176  0.001  0.000    2.633    7.994    0    0  (Gen:  0)
  1033968    124648  21220960  0.001  0.000    2.634    7.995    0    0  (Gen:  0)
  1034312  15126592  19234592  0.054  0.016    2.688    8.011    0    0  (Gen:  1)
  1760568    164376  20016912  0.001  0.000    2.691    8.012    0    0  (Gen:  0)
  1074736    129504  20080408  0.001  0.000    2.692    8.013    0    0  (Gen:  0)
  1101680     42848  20098768  0.000  0.000    2.693    8.014    0    0  (Gen:  0)
  1600360     86520  20162488  0.000  0.000    2.695    8.016    0    0  (Gen:  0)
  2566976    105048  20244872  0.000  0.000    2.698    8.018    0    0  (Gen:  0)
  1642344     74528  20238328  0.000  0.000    2.699    8.019    0    0  (Gen:  0)
  2676240     66680  20337296  0.000  0.000    2.702    8.022    0    0  (Gen:  0)
  1038968     65680  20357496  0.000  0.000    2.703    8.023    0    0  (Gen:  0)
  1034544     78360  20402912  0.001  0.000    2.704    8.024    0    0  (Gen:  0)
  1034904    130424  20472824  0.001  0.000    2.706    8.024    0    0  (Gen:  0)
  1035400    155456  20552584  0.001  0.000    2.707    8.025    0    0  (Gen:  0)
  1033520    167328  20635904  0.001  0.000    2.709    8.026    0    0  (Gen:  0)
  1033488    175224  20720968  0.001  0.000    2.710    8.027    0    0  (Gen:  0)
  1033896    168808  20803464  0.001  0.000    2.712    8.028    0    0  (Gen:  0)
  1034944    165336  20886240  0.001  0.000    2.714    8.028    0    0  (Gen:  0)
  1033784    172424  20971520  0.001  0.000    2.715    8.029    0    0  (Gen:  0)
  1034624    175416  21054064  0.001  0.000    2.717    8.030    0    0  (Gen:  0)
  1033840    159664  21125408  0.001  0.000    2.719    8.031    0    0  (Gen:  0)
  1035272    151776  21197352  0.001  0.000    2.720    8.032    0    0  (Gen:  0)
  1034072    142456  21263520  0.001  0.000    2.722    8.032    0    0  (Gen:  0)
  1034288    142584  21335432  0.001  0.000    2.723    8.033    0    0  (Gen:  0)
  1037128    141184  21399592  0.001  0.000    2.725    8.034    0    0  (Gen:  0)
  1034408    140464  21467952  0.001  0.000    2.726    8.035    0    0  (Gen:  0)
  1035584    141560  21536336  0.001  0.000    2.728    8.035    0    0  (Gen:  0)
  1035080    130648  21592120  0.001  0.000    2.729    8.036    0    0  (Gen:  0)
  1036248    120344  21652752  0.001  0.000    2.731    8.037    0    0  (Gen:  0)
  2591888     91280  21760496  0.000  0.000    2.734    8.040    0    0  (Gen:  0)
  1034480     69680  21780144  0.000  0.000    2.735    8.040    0    0  (Gen:  0)
  1034000     89520  21840208  0.001  0.000    2.736    8.041    0    0  (Gen:  0)
  1036264    124352  21904320  0.001  0.000    2.737    8.042    0    0  (Gen:  0)
  1035328    127712  21963160  0.001  0.000    2.739    8.042    0    0  (Gen:  0)
  1035416    135760  22030872  0.001  0.000    2.740    8.043    0    0  (Gen:  0)
  1036112    134480  22092976  0.001  0.000    2.742    8.044    0    0  (Gen:  0)
  1036512    125600  22148832  0.001  0.000    2.743    8.045    0    0  (Gen:  0)
  1035256    122776  22211232  0.001  0.000    2.744    8.045    0    0  (Gen:  0)
  1035872    131272  22276328  0.001  0.000    2.746    8.046    0    0  (Gen:  0)
  1034792    123536  22333904  0.001  0.000    2.747    8.047    0    0  (Gen:  0)
  1033600    135128  22404496  0.001  0.000    2.749    8.047    0    0  (Gen:  0)
  1034072    147808  22475096  0.001  0.000    2.750    8.048    0    0  (Gen:  0)
  1033328    143584  22543568  0.001  0.000    2.752    8.049    0    0  (Gen:  0)
  1034480    141952  22612184  0.001  0.000    2.753    8.050    0    0  (Gen:  0)
  1035032    131488  22669888  0.001  0.000    2.754    8.050    0    0  (Gen:  0)
  1034624    123384  22727336  0.001  0.000    2.756    8.051    0    0  (Gen:  0)
  1036616    124712  22789336  0.001  0.000    2.757    8.052    0    0  (Gen:  0)
  1035768    125816  22847592  0.001  0.000    2.759    8.052    0    0  (Gen:  0)
  1034016    129760  22912512  0.001  0.000    2.760    8.053    0    0  (Gen:  0)
  1033736    135368  22977240  0.001  0.000    2.761    8.054    0    0  (Gen:  0)
  1035368    139976  23045416  0.001  0.000    2.763    8.054    0    0  (Gen:  0)
  1036344    127152  23098680  0.001  0.000    2.764    8.055    0    0  (Gen:  0)
  1032032    103992  23143080  0.001  0.000    2.766    8.056    0    0  (Gen:  0)
  1131912     81600  23209632  0.001  0.000    2.767    8.057    0    0  (Gen:  0)
  1726168     70192  23248056  0.000  0.000    2.769    8.059    0    0  (Gen:  0)
  2351696     89008  23298112  0.000  0.000    2.771    8.061    0    0  (Gen:  0)
  2008576    113992  23332664  0.000  0.000    2.773    8.063    0    0  (Gen:  0)
  1433592     92472  23353688  0.000  0.000    2.775    8.064    0    0  (Gen:  0)
  2398944     57024  23450880  0.000  0.000    2.777    8.066    0    0  (Gen:  0)
  1039704     42960  23446712  0.000  0.000    2.778    8.067    0    0  (Gen:  0)
  1031936     67944  23509640  0.001  0.000    2.780    8.068    0    0  (Gen:  0)
  1034072    129952  23575560  0.001  0.000    2.781    8.069    0    0  (Gen:  0)
  1036904    125512  23630320  0.001  0.000    2.782    8.069    0    0  (Gen:  0)
  1033544    126976  23691688  0.001  0.000    2.784    8.070    0    0  (Gen:  0)
  1036408    129400  23754096  0.001  0.000    2.786    8.071    0    0  (Gen:  0)
  1034144    134440  23820040  0.001  0.000    2.787    8.072    0    0  (Gen:  0)
  1033792    132368  23881464  0.001  0.000    2.788    8.072    0    0  (Gen:  0)
  1035784    133784  23948040  0.000  0.000    2.790    8.073    0    0  (Gen:  0)
  1035752    140664  24020632  0.001  0.000    2.791    8.074    0    0  (Gen:  0)
  1036272    126664  24072152  0.001  0.000    2.792    8.075    0    0  (Gen:  0)
  1031696    112640  24127224  0.001  0.000    2.794    8.075    0    0  (Gen:  0)
  1034512    117632  24185056  0.001  0.000    2.795    8.076    0    0  (Gen:  0)
  1028656    134472  24255880  0.001  0.000    2.797    8.077    0    0  (Gen:  0)
  1036208    146264  24324584  0.001  0.000    2.798    8.077    0    0  (Gen:  0)
  1704632    141680  24428328  0.001  0.000    2.800    8.079    0    0  (Gen:  0)
  1039312    100048  24422864  0.001  0.000    2.801    8.080    0    0  (Gen:  0)
  1739792     70000  24494336  0.000  0.000    2.803    8.082    0    0  (Gen:  0)
  2092480     72920  24531224  0.000  0.000    2.805    8.084    0    0  (Gen:  0)
  2881560    131672  24619456  0.001  0.000    2.808    8.086    0    0  (Gen:  0)
  2827696     85776  24680008  0.000  0.000    2.811    8.089    0    0  (Gen:  0)
  2567288    136616  24768168  0.001  0.000    2.814    8.091    0    0  (Gen:  0)
  1098360     36592  24819288  0.000  0.000    2.815    8.092    0    0  (Gen:  0)
  1035856     49952  24863376  0.000  0.000    2.816    8.093    0    0  (Gen:  0)
  1033776    104152  24923744  0.001  0.000    2.817    8.093    0    0  (Gen:  0)
  1036552    122416  24985984  0.001  0.000    2.818    8.094    0    0  (Gen:  0)
  1035576    134640  25050480  0.001  0.000    2.820    8.095    0    0  (Gen:  0)
  1035208    140592  25119584  0.001  0.000    2.821    8.096    0    0  (Gen:  0)
  1035888    126120  25172608  0.001  0.000    2.823    8.096    0    0  (Gen:  0)
  1034872    120232  25234488  0.001  0.000    2.824    8.097    0    0  (Gen:  0)
  1034128    130064  25297160  0.001  0.000    2.825    8.098    0    0  (Gen:  0)
  1033384    136576  25364608  0.001  0.000    2.827    8.098    0    0  (Gen:  0)
  1034152    129136  25420864  0.001  0.000    2.828    8.099    0    0  (Gen:  0)
  1034272    117632  25475536  0.001  0.000    2.830    8.100    0    0  (Gen:  0)
  1034888    109560  25525664  0.000  0.000    2.830    8.100    0    0  (Gen:  0)
  1036584    130376  25596784  0.001  0.000    2.832    8.101    0    0  (Gen:  0)
  1035864    128528  25649544  0.001  0.000    2.833    8.102    0    0  (Gen:  0)
  1036640    107672  25700624  0.001  0.000    2.834    8.102    0    0  (Gen:  0)
  1033392    119872  25765624  0.001  0.000    2.836    8.103    0    0  (Gen:  0)
  1536632    141832  25868784  0.001  0.000    2.838    8.104    0    0  (Gen:  0)
  1795640    118896  25879200  0.000  0.000    2.840    8.106    0    0  (Gen:  0)
  2120600     82488  25948168  0.000  0.000    2.842    8.108    0    0  (Gen:  0)
  2573336     79400  25985656  0.000  0.000    2.844    8.110    0    0  (Gen:  0)
  2733536     83624  26136464  0.000  0.000    2.847    8.113    0    0  (Gen:  0)
  1041592     46408  26130104  0.000  0.000    2.848    8.114    0    0  (Gen:  0)
  1038112     34728  26162800  0.000  0.000    2.849    8.114    0    0  (Gen:  0)
  1032128     83400  26213584  0.001  0.000    2.850    8.115    0    0  (Gen:  0)
  1032792    118328  26281160  0.001  0.000    2.851    8.115    0    0  (Gen:  0)
  1033160    130320  26343592  0.001  0.000    2.853    8.116    0    0  (Gen:  0)
  1034592    128296  26405128  0.001  0.000    2.854    8.117    0    0  (Gen:  0)
  1034840    119120  26457560  0.001  0.000    2.856    8.118    0    0  (Gen:  0)
  1201632    120392  26687552  0.001  0.000    2.857    8.118    0    0  (Gen:  0)
  1239960    123752  26941920  0.001  0.000    2.859    8.119    0    0  (Gen:  0)
  1159656    118584  27093752  0.001  0.000    2.860    8.120    0    0  (Gen:  0)
  1034632    115312  27150128  0.001  0.000    2.861    8.121    0    0  (Gen:  0)
  1139392    111712  27297184  0.001  0.000    2.863    8.121    0    0  (Gen:  0)
  1037592     85624  27329152  0.000  0.000    2.864    8.122    0    0  (Gen:  0)
  1035944     68432  27361440  0.000  0.000    2.865    8.122    0    0  (Gen:  0)
  1034360    101168  27425144  0.001  0.000    2.866    8.123    0    0  (Gen:  0)
  1031864    121360  27477712  0.001  0.000    2.867    8.123    0    0  (Gen:  0)
  1036000    103648  27523952  0.001  0.000    2.868    8.124    0    0  (Gen:  0)
  1033232     96712  27569696  0.000  0.000    2.870    8.125    0    0  (Gen:  0)
  1035488    102536  27626760  0.001  0.000    2.871    8.125    0    0  (Gen:  0)
  1033976    112120  27679656  0.001  0.000    2.872    8.126    0    0  (Gen:  0)
  1035120    106032  27724368  0.001  0.000    2.873    8.127    0    0  (Gen:  0)
  1034296    126640  27797080  0.001  0.000    2.874    8.127    0    0  (Gen:  0)
  1035416    142040  27861288  0.001  0.000    2.876    8.128    0    0  (Gen:  0)
  1034944    134648  27925128  0.001  0.000    2.877    8.129    0    0  (Gen:  0)
  1032816    114952  27970400  0.001  0.000    2.879    8.129    0    0  (Gen:  0)
  1036880     91728  28010080  0.000  0.000    2.880    8.130    0    0  (Gen:  0)
  1034624     92624  28058576  0.001  0.000    2.881    8.130    0    0  (Gen:  0)
  1035312    114952  28118184  0.001  0.000    2.882    8.131    0    0  (Gen:  0)
  1033344    134656  28189744  0.001  0.000    2.884    8.132    0    0  (Gen:  0)
  1035016    132592  28246904  0.001  0.000    2.885    8.132    0    0  (Gen:  0)
  1035136    125656  28308992  0.001  0.000    2.887    8.133    0    0  (Gen:  0)
  1037384    119752  28359048  0.001  0.000    2.888    8.134    0    0  (Gen:  0)
  1033752    115832  28418168  0.001  0.000    2.889    8.135    0    0  (Gen:  0)
  1034960    128344  28481440  0.001  0.000    2.891    8.135    0    0  (Gen:  0)
  1036536    112712  28524088  0.001  0.000    2.892    8.136    0    0  (Gen:  0)
  1033912    106672  28582832  0.001  0.000    2.893    8.137    0    0  (Gen:  0)
  1034160    133280  28650720  0.001  0.000    2.895    8.137    0    0  (Gen:  0)
  1036040    130192  28708608  0.001  0.000    2.896    8.138    0    0  (Gen:  0)
  1202000    119928  28829816  0.001  0.000    2.898    8.139    0    0  (Gen:  0)
  1035408    120256  28887192  0.001  0.000    2.899    8.140    0    0  (Gen:  0)
  1035592    120800  28945896  0.001  0.000    2.900    8.140    0    0  (Gen:  0)
  1038544     95000  28977200  0.001  0.000    2.902    8.141    0    0  (Gen:  0)
  1036864     83216  29024440  0.000  0.000    2.903    8.141    0    0  (Gen:  0)
  1035816    115008  29090400  0.001  0.000    2.904    8.142    0    0  (Gen:  0)
  1034824    136136  29154664  0.001  0.000    2.905    8.143    0    0  (Gen:  0)
  1034816    135296  29217800  0.001  0.000    2.907    8.144    0    0  (Gen:  0)
  1034616    135112  29282472  0.001  0.000    2.908    8.144    0    0  (Gen:  0)
  1036360    114440  29326008  0.001  0.000    2.910    8.145    0    0  (Gen:  0)
  1033384    125048  29398952  0.001  0.000    2.911    8.146    0    0  (Gen:  0)
  1036232    137376  29457928  0.001  0.000    2.913    8.146    0    0  (Gen:  0)
  1036584    119744  29512136  0.001  0.000    2.914    8.147    0    0  (Gen:  0)
  1035112    131976  29584168  0.001  0.000    2.916    8.148    0    0  (Gen:  0)
  1033752    146040  29652176  0.001  0.000    2.917    8.149    0    0  (Gen:  0)
  1034720    145088  29722784  0.001  0.000    2.918    8.149    0    0  (Gen:  0)
  1036000    136856  29785120  0.001  0.000    2.920    8.150    0    0  (Gen:  0)
  1035768    122616  29845264  0.001  0.000    2.921    8.151    0    0  (Gen:  0)
  1033536    126960  29905728  0.001  0.000    2.922    8.151    0    0  (Gen:  0)
  1034208    140736  29978408  0.001  0.000    2.924    8.152    0    0  (Gen:  0)
  1030976    136888  30037528  0.001  0.000    2.926    8.153    0    0  (Gen:  0)
  2036752    151624  30152592  0.001  0.000    2.928    8.155    0    0  (Gen:  0)
  2143432    125344  30204704  0.000  0.000    2.930    8.157    0    0  (Gen:  0)
  1959032    102584  30255208  0.000  0.000    2.932    8.159    0    0  (Gen:  0)
  1675928     83144  30411816  0.000  0.000    2.934    8.160    0    0  (Gen:  0)
  2288496     75920  30751280  0.000  0.000    2.936    8.162    0    0  (Gen:  0)
  2334424     84328  30888824  0.000  0.000    2.938    8.164    0    0  (Gen:  0)
  1173912     63624  30971848  0.000  0.000    2.939    8.165    0    0  (Gen:  0)
  1204760     54824  31039392  0.000  0.000    2.941    8.166    0    0  (Gen:  0)
  2163976     58728  31074536  0.000  0.000    2.943    8.168    0    0  (Gen:  0)
  1891720    106992  31125896  0.000  0.000    2.945    8.169    0    0  (Gen:  0)
  3497912    108840  31264328  0.000  0.000    2.948    8.172    0    0  (Gen:  0)
  2406040    193224  31359520  0.001  0.000    2.950    8.174    0    0  (Gen:  0)
  1038160    137736  31477312  0.001  0.000    2.952    8.175    0    0  (Gen:  0)
  1102344     78320  31580952  0.001  0.000    2.953    8.176    0    0  (Gen:  0)
  2337064     46872  31636280  0.000  0.000    2.956    8.179    0    0  (Gen:  0)
  1037736     77264  31669480  0.000  0.000    2.957    8.179    0    0  (Gen:  0)
  1035960     94984  31722824  0.000  0.000    2.958    8.180    0    0  (Gen:  0)
  1035976    112320  31782072  0.001  0.000    2.959    8.181    0    0  (Gen:  0)
  1165992    135864  31982384  0.001  0.000    2.960    8.181    0    0  (Gen:  0)
  1036568    128576  32036744  0.001  0.000    2.962    8.182    0    0  (Gen:  0)
  1034672    107736  32085616  0.001  0.000    2.963    8.183    0    0  (Gen:  0)
  1235688    104576  32331888  0.001  0.000    2.964    8.183    0    0  (Gen:  0)
  1036272     97064  32374008  0.000  0.000    2.966    8.184    0    0  (Gen:  0)
  2173808    158400  32649160  0.001  0.000    2.968    8.186    0    0  (Gen:  0)
  1157600    119648  32754312  0.000  0.000    2.969    8.186    0    0  (Gen:  0)
  2547208     46544  33100024  0.000  0.000    2.972    8.189    0    0  (Gen:  0)
  1036368    104064  33154160  0.001  0.000    2.973    8.190    0    0  (Gen:  0)
  1034248    127280  33214320  0.001  0.000    2.974    8.190    0    0  (Gen:  0)
  1246872    136400  33346784  0.001  0.000    2.976    8.191    0    0  (Gen:  0)
  1071016    122064  33426704  0.000  0.000    2.978    8.192    0    0  (Gen:  0)
  1038440     63376  33438768  0.000  0.000    2.979    8.193    0    0  (Gen:  0)
  1452824     38480  33498936  0.000  0.000    2.980    8.195    0    0  (Gen:  0)
  1195464     50400  33538848  0.000  0.000    2.982    8.196    0    0  (Gen:  0)
  1035216     92992  33592832  0.001  0.000    2.983    8.196    0    0  (Gen:  0)
  1034280    135160  33654416  0.001  0.000    2.984    8.197    0    0  (Gen:  0)
  1034848    129352  33721000  0.001  0.000    2.986    8.198    0    0  (Gen:  0)
  1036744    139560  33791592  0.001  0.000    2.987    8.199    0    0  (Gen:  0)
  1036384    126864  33845264  0.001  0.000    2.988    8.199    0    0  (Gen:  0)
  1029456    116472  33903504  0.001  0.000    2.990    8.200    0    0  (Gen:  0)
  1072168    105616  33977360  0.000  0.000    2.991    8.201    0    0  (Gen:  0)
  3086440     80512  34034632  0.000  0.000    2.994    8.204    0    0  (Gen:  0)
  1036136    114272  34091176  0.001  0.000    2.995    8.204    0    0  (Gen:  0)
  1033568    130568  34152096  0.001  0.000    2.997    8.205    0    0  (Gen:  0)
  1104528    136472  34284496  0.001  0.000    2.998    8.206    0    0  (Gen:  0)
  1940944    141144  34448544  0.001  0.000    3.001    8.207    0    0  (Gen:  0)
  1139608     89448  34504048  0.000  0.000    3.002    8.208    0    0  (Gen:  0)
  2515472     52416  34814456  0.000  0.000    3.004    8.211    0    0  (Gen:  0)
  1040992     52352  34822656  0.000  0.000    3.005    8.211    0    0  (Gen:  0)
  1103464     78768  34945072  0.001  0.000    3.007    8.212    0    0  (Gen:  0)
  1035024    121216  35005424  0.001  0.000    3.008    8.213    0    0  (Gen:  0)
  1036640    112976  35052336  0.001  0.000    3.009    8.213    0    0  (Gen:  0)
  1033504    117920  35117176  0.001  0.000    3.010    8.214    0    0  (Gen:  0)
  1035504    135936  35183048  0.001  0.000    3.012    8.215    0    0  (Gen:  0)
  1035032    144760  35257992  0.001  0.000    3.013    8.216    0    0  (Gen:  0)
  1037064    147352  35327008  0.001  0.000    3.015    8.216    0    0  (Gen:  0)
  1069800    118680  35405288  0.000  0.000    3.016    8.217    0    0  (Gen:  0)
  1039304    103656  35456952  0.000  0.000    3.018    8.218    0    0  (Gen:  0)
  2923000     88096  35573016  0.000  0.000    3.020    8.221    0    0  (Gen:  0)
  1034640     92568  35617248  0.001  0.000    3.021    8.221    0    0  (Gen:  0)
  1032720    114112  35678080  0.001  0.000    3.023    8.222    0    0  (Gen:  0)
  1032776    123296  35739312  0.001  0.000    3.024    8.223    0    0  (Gen:  0)
  1033472    135016  35804224  0.001  0.000    3.025    8.224    0    0  (Gen:  0)
  1034320    138760  35872968  0.001  0.000    3.027    8.224    0    0  (Gen:  0)
  1034960    140240  35938904  0.001  0.000    3.028    8.225    0    0  (Gen:  0)
  1035696    133368  35999872  0.001  0.000    3.030    8.226    0    0  (Gen:  0)
  1034616    126568  36060928  0.001  0.000    3.031    8.226    0    0  (Gen:  0)
  1034032    132264  36124624  0.001  0.000    3.033    8.227    0    0  (Gen:  0)
  1034168    135064  36190376  0.001  0.000    3.034    8.228    0    0  (Gen:  0)
  1037496    132320  36249480  0.001  0.000    3.036    8.229    0    0  (Gen:  0)
  1033112    120208  36310200  0.001  0.000    3.037    8.229    0    0  (Gen:  0)
  1035904    127416  36373736  0.001  0.000    3.038    8.230    0    0  (Gen:  0)
  1034552    130632  36435760  0.001  0.000    3.040    8.231    0    0  (Gen:  0)
  1034064    133248  36502584  0.001  0.000    3.042    8.232    0    0  (Gen:  0)
  1035440    141536  36573160  0.001  0.000    3.043    8.232    0    0  (Gen:  0)
  1034968    141824  36638936  0.001  0.000    3.045    8.233    0    0  (Gen:  0)
  1033000    153240  36717216  0.001  0.000    3.047    8.234    0    0  (Gen:  0)
  1034216    156088  36790224  0.001  0.000    3.048    8.235    0    0  (Gen:  0)
  1036248    126040  36837768  0.001  0.000    3.050    8.236    0    0  (Gen:  0)
  1034800    119192  36903960  0.001  0.000    3.051    8.236    0    0  (Gen:  0)
  1036168    120032  36952040  0.001  0.000    3.053    8.237    0    0  (Gen:  0)
  1034592    115200  37012368  0.001  0.000    3.054    8.238    0    0  (Gen:  0)
  1033816    133392  37078984  0.001  0.000    3.056    8.239    0    0  (Gen:  0)
  1035784    137232  37149032  0.001  0.000    3.058    8.239    0    0  (Gen:  0)
  1035464    136864  37210896  0.001  0.000    3.059    8.240    0    0  (Gen:  0)
  3242840    220216  37364496  0.001  0.000    3.062    8.243    0    0  (Gen:  0)
  1038360    160400  37367032  0.001  0.000    3.064    8.244    0    0  (Gen:  0)
  2969784     49536  37490352  0.000  0.000    3.067    8.247    0    0  (Gen:  0)
  1033248    103344  37543288  0.001  0.000    3.068    8.247    0    0  (Gen:  0)
  1033928    127408  37609088  0.001  0.000    3.070    8.248    0    0  (Gen:  0)
  1034952    125200  37664456  0.001  0.000    3.071    8.249    0    0  (Gen:  0)
  1035632    122944  37723952  0.001  0.000    3.073    8.250    0    0  (Gen:  0)
  1036248    117072  37775768  0.001  0.000    3.074    8.251    0    0  (Gen:  0)
  1494968    112128  37863560  0.001  0.000    3.076    8.252    0    0  (Gen:  0)
  1754016     77448  37915432  0.000  0.000    3.078    8.254    0    0  (Gen:  0)
   845432  27845832  30399192  0.076  0.030    3.157   13.049    0    0  (Gen:  1)
  1154880     27032  31475240  0.002  0.002    3.159   13.052    0    0  (Gen:  0)
  1818584     26280  32122472  0.000  0.000    3.161   13.082    0    0  (Gen:  0)
  1039712     11288  32084320  0.000  0.000    3.161   13.083    0    0  (Gen:  0)
  1038848     10568  32090760  0.000  0.000    3.162   13.083    0    0  (Gen:  0)
  1039800      5672  32095072  0.000  0.000    3.162   13.084    0    0  (Gen:  0)
  1038056      4440  32095456  0.000  0.000    3.163   13.084    0    0  (Gen:  0)
  1039344     18288  32109656  0.000  0.000    3.164   13.084    0    0  (Gen:  0)
  1034144     60000  32151664  0.000  0.000    3.164   13.085    0    0  (Gen:  0)
  1031480     96408  32206248  0.001  0.000    3.166   13.085    0    0  (Gen:  0)
  1033632    134744  32268832  0.001  0.000    3.167   13.086    0    0  (Gen:  0)
  1038176     91840  32292936  0.001  0.000    3.168   13.087    0    0  (Gen:  0)
  1033792     91856  32360416  0.001  0.000    3.169   13.087    0    0  (Gen:  0)
  1035416    118872  32411568  0.001  0.000    3.171   13.088    0    0  (Gen:  0)
  1034632    116616  32473320  0.001  0.000    3.172   13.089    0    0  (Gen:  0)
  1033832    128624  32535176  0.001  0.000    3.173   13.090    0    0  (Gen:  0)
  1034912    138856  32600584  0.001  0.000    3.175   13.090    0    0  (Gen:  0)
  1034224    129616  32659160  0.001  0.000    3.176   13.091    0    0  (Gen:  0)
  1034768    130520  32725864  0.001  0.000    3.178   13.092    0    0  (Gen:  0)
  1035880    129512  32784304  0.001  0.000    3.179   13.092    0    0  (Gen:  0)
  1034136    124248  32843864  0.001  0.000    3.180   13.093    0    0  (Gen:  0)
  1034920    133448  32912512  0.001  0.000    3.182   13.094    0    0  (Gen:  0)
  1036976    146024  32982952  0.001  0.000    3.183   13.095    0    0  (Gen:  0)
  1036376    137792  33043664  0.001  0.000    3.185   13.095    0    0  (Gen:  0)
  1034368    121800  33100160  0.000  0.000    3.186   13.096    0    0  (Gen:  0)
  1037480    118168  33159360  0.001  0.000    3.187   13.097    0    0  (Gen:  0)
  1037184    120392  33217552  0.001  0.000    3.188   13.097    0    0  (Gen:  0)
  1035360    122816  33277872  0.001  0.000    3.189   13.098    0    0  (Gen:  0)
  1032504    139984  33347256  0.001  0.000    3.191   13.099    0    0  (Gen:  0)
  1033952    127816  33398960  0.001  0.000    3.192   13.100    0    0  (Gen:  0)
  1032544    128264  33467736  0.001  0.000    3.194   13.100    0    0  (Gen:  0)
  1037280    120464  33514520  0.001  0.000    3.195   13.101    0    0  (Gen:  0)
  1036888    112584  33575960  0.001  0.000    3.196   13.102    0    0  (Gen:  0)
  1035384    140736  33650720  0.001  0.000    3.198   13.102    0    0  (Gen:  0)
  1034440    137696  33706192  0.001  0.000    3.199   13.103    0    0  (Gen:  0)
  1029384    130408  33774328  0.001  0.000    3.201   13.104    0    0  (Gen:  0)
  1035016    133368  33835200  0.001  0.000    3.202   13.105    0    0  (Gen:  0)
  1035432    136400  33899696  0.000  0.000    3.203   13.105    0    0  (Gen:  0)
  1035400    122288  33952040  0.000  0.000    3.204   13.106    0    0  (Gen:  0)
  1034152    123720  34017096  0.000  0.000    3.205   13.107    0    0  (Gen:  0)
  1036456    121976  34069128  0.000  0.000    3.206   13.107    0    0  (Gen:  0)
  1034592    117264  34128320  0.000  0.000    3.207   13.108    0    0  (Gen:  0)
  1034112    130976  34194608  0.001  0.000    3.208   13.109    0    0  (Gen:  0)
  1033840    130256  34252696  0.000  0.000    3.209   13.110    0    0  (Gen:  0)
  1034592    120072  34314528  0.001  0.000    3.210   13.111    0    0  (Gen:  0)
  1135072    100656  34383712  0.001  0.000    3.212   13.112    0    0  (Gen:  0)
  3820040    107568  34476248  0.001  0.000    3.216   13.116    0    0  (Gen:  0)
  2351824    133456  34524896  0.000  0.000    3.218   13.118    0    0  (Gen:  0)
  3218360     95896  34538136  0.000  0.000    3.221   13.120    0    0  (Gen:  0)
  1037544     61184  34542672  0.000  0.000    3.222   13.121    0    0  (Gen:  0)
  1197504     14784  34546504  0.000  0.000    3.223   13.122    0    0  (Gen:  0)
  2014872     48032  34619512  0.000  0.000    3.225   13.124    0    0  (Gen:  0)
  1450968     60752  34639800  0.000  0.000    3.227   13.125    0    0  (Gen:  0)
  1260880     51496  34630016  0.000  0.000    3.228   13.126    0    0  (Gen:  0)
  2420304     73056  34716336  0.000  0.000    3.230   13.128    0    0  (Gen:  0)
  1582040     59352  34748296  0.000  0.000    3.232   13.130    0    0  (Gen:  0)
  2276000     99672  34826080  0.000  0.000    3.234   13.132    0    0  (Gen:  0)
  1474648     56120  34857920  0.000  0.000    3.236   13.133    0    0  (Gen:  0)
  3034448     69808  34903936  0.000  0.000    3.238   13.136    0    0  (Gen:  0)
  1776736    111368  34990704  0.000  0.000    3.240   13.137    0    0  (Gen:  0)
  1851944     58376  35014648  0.000  0.000    3.242   13.139    0    0  (Gen:  0)
  1688464     47936  35043480  0.000  0.000    3.244   13.141    0    0  (Gen:  0)
  2936192     77304  35108448  0.000  0.000    3.246   13.143    0    0  (Gen:  0)
  1105888     60896  35099920  0.000  0.000    3.248   13.144    0    0  (Gen:  0)
  1137256     33176  35149136  0.000  0.000    3.249   13.146    0    0  (Gen:  0)
  3528648     85496  35225016  0.000  0.000    3.252   13.149    0    0  (Gen:  0)
  1141984    111584  35255280  0.000  0.000    3.254   13.150    0    0  (Gen:  0)
  2352448     76880  35369304  0.000  0.000    3.256   13.153    0    0  (Gen:  0)
  1037448    104800  35420784  0.000  0.000    3.257   13.154    0    0  (Gen:  0)
  1034984    135304  35491136  0.000  0.000    3.258   13.154    0    0  (Gen:  0)
  1071288    118816  35567952  0.000  0.000    3.260   13.156    0    0  (Gen:  0)
  1792784     67784  35607464  0.000  0.000    3.262   13.158    0    0  (Gen:  0)
  1038584     51624  35621568  0.000  0.000    3.262   13.158    0    0  (Gen:  0)
  1033856     98000  35691496  0.000  0.000    3.263   13.159    0    0  (Gen:  0)
  1033760    138848  35755976  0.001  0.000    3.264   13.160    0    0  (Gen:  0)
  1036008    123144  35810264  0.000  0.000    3.265   13.160    0    0  (Gen:  0)
  1033080    132984  35884968  0.001  0.000    3.266   13.161    0    0  (Gen:  0)
  1034072    145136  35948184  0.001  0.000    3.267   13.162    0    0  (Gen:  0)
  1031200    127800  36005024  0.001  0.000    3.268   13.163    0    0  (Gen:  0)
  1070720     80920  36054160  0.000  0.000    3.270   13.164    0    0  (Gen:  0)
  3150480     53400  36141776  0.000  0.000    3.273   13.167    0    0  (Gen:  0)
  1037536    104624  36192256  0.000  0.000    3.274   13.167    0    0  (Gen:  0)
  1037280     97008  36229112  0.000  0.000    3.274   13.168    0    0  (Gen:  0)
  1039864     50112  36242464  0.000  0.000    3.275   13.168    0    0  (Gen:  0)
  1039304     33392  36258216  0.000  0.000    3.276   13.169    0    0  (Gen:  0)
  1039480     36208  36274368  0.000  0.000    3.276   13.169    0    0  (Gen:  0)
  1038256     36480  36290288  0.000  0.000    3.277   13.170    0    0  (Gen:  0)
  1036824     35912  36305848  0.000  0.000    3.277   13.170    0    0  (Gen:  0)
  1038664     36904  36322656  0.000  0.000    3.278   13.171    0    0  (Gen:  0)
  1039360     35960  36337544  0.000  0.000    3.278   13.171    0    0  (Gen:  0)
  1037568     35496  36358080  0.000  0.000    3.279   13.171    0    0  (Gen:  0)
  1034536     40080  36377544  0.000  0.000    3.279   13.172    0    0  (Gen:  0)
  1036552     67016  36420752  0.000  0.000    3.280   13.172    0    0  (Gen:  0)
  1035152    110648  36481112  0.000  0.000    3.281   13.173    0    0  (Gen:  0)
  3360584    139792  36591424  0.001  0.000    3.285   13.177    0    0  (Gen:  0)
  1139152    102320  36619184  0.000  0.000    3.286   13.178    0    0  (Gen:  0)
  1073368     49736  36609696  0.000  0.000    3.287   13.179    0    0  (Gen:  0)
  2166088     85752  36727968  0.000  0.000    3.289   13.181    0    0  (Gen:  0)
  1037024     80096  36769328  0.000  0.000    3.290   13.181    0    0  (Gen:  0)
  1036360     94168  36811896  0.000  0.000    3.291   13.182    0    0  (Gen:  0)
  1035128     88728  36853344  0.000  0.000    3.292   13.183    0    0  (Gen:  0)
  3882936     93360  36952304  0.000  0.000    3.295   13.186    0    0  (Gen:  0)
  1038736     70400  36964272  0.000  0.000    3.296   13.187    0    0  (Gen:  0)
  1037856     57616  37000936  0.000  0.000    3.297   13.188    0    0  (Gen:  0)
  1034344    110784  37074424  0.001  0.000    3.299   13.188    0    0  (Gen:  0)
  1035960    130216  37127056  0.001  0.000    3.300   13.189    0    0  (Gen:  0)
  1034672    136280  37203608  0.001  0.000    3.302   13.190    0    0  (Gen:  0)
  1035072    154096  37276976  0.001  0.000    3.303   13.191    0    0  (Gen:  0)
  2311712    127352  37357976  0.001  0.000    3.306   13.193    0    0  (Gen:  0)
  1942176    116784  37437840  0.001  0.000    3.308   13.195    0    0  (Gen:  0)
  1034568    142360  37493072  0.001  0.000    3.310   13.195    0    0  (Gen:  0)
  2568224    146136  37611664  0.001  0.000    3.312   13.198    0    0  (Gen:  0)
  2678880    122664  37622136  0.000  0.000    3.315   13.200    0    0  (Gen:  0)
  2739624    168584  37784408  0.000  0.000    3.318   13.203    0    0  (Gen:  0)
  1359888     43480  37805480  0.000  0.000    3.320   13.204    0    0  (Gen:  0)
  1037728     52776  37835336  0.000  0.000    3.321   13.205    0    0  (Gen:  0)
  1032680    117072  37910008  0.001  0.000    3.322   13.205    0    0  (Gen:  0)
  1036000    146664  37976752  0.001  0.000    3.324   13.206    0    0  (Gen:  0)
  1032440    150520  38055968  0.001  0.000    3.325   13.207    0    0  (Gen:  0)
  1032528    147808  38116912  0.001  0.000    3.327   13.208    0    0  (Gen:  0)
  1032912    133488  38184600  0.001  0.000    3.328   13.208    0    0  (Gen:  0)
  1201088     89888  38232120  0.001  0.000    3.330   13.209    0    0  (Gen:  0)
  1784312     43272  38256736  0.000  0.000    3.332   13.211    0    0  (Gen:  0)
  2101848     63408  39273040  0.000  0.000    3.334   13.224    0    0  (Gen:  0)
  1100960     41768  40311296  0.000  0.000    3.335   13.235    0    0  (Gen:  0)
  1915800     25320  41157480  0.000  0.000    3.337   13.245    0    0  (Gen:  0)
  1143984     15000  41245232  0.000  0.000    3.337   13.246    0    0  (Gen:  0)
  1037608     13328  41256840  0.000  0.000    3.338   13.246    0    0  (Gen:  0)
  1039040      5968  41254496  0.000  0.000    3.338   13.246    0    0  (Gen:  0)
  1185456     33424  41386136  0.000  0.000    3.339   13.247    0    0  (Gen:  0)
  2076360    126872  41643440  0.001  0.000    3.342   13.249    0    0  (Gen:  0)
  1821536     98104  41761736  0.000  0.000    3.344   13.251    0    0  (Gen:  0)
  2261960     68408  41869096  0.000  0.000    3.346   13.253    0    0  (Gen:  0)
  2570928     86808  41914184  0.000  0.000    3.348   13.255    0    0  (Gen:  0)
  1140112     63904  41964976  0.000  0.000    3.350   13.256    0    0  (Gen:  0)
  1870560     31864  42645664  0.000  0.000    3.351   13.288    0    0  (Gen:  0)
  1036800     14712  42615752  0.000  0.000    3.352   13.289    0    0  (Gen:  0)
  1039552      7984  42620488  0.000  0.000    3.353   13.289    0    0  (Gen:  0)
  1038208      6040  42620888  0.000  0.000    3.353   13.290    0    0  (Gen:  0)
  1037856     14928  42631632  0.000  0.000    3.354   13.290    0    0  (Gen:  0)
  1098264     30240  42679680  0.000  0.000    3.355   13.291    0    0  (Gen:  0)
  3499008     50960  43337576  0.000  0.000    3.359   13.325    0    0  (Gen:  0)
  1041280     39200  43281112  0.000  0.000    3.359   13.326    0    0  (Gen:  0)
  1037960      4608  43281504  0.000  0.000    3.360   13.326    0    0  (Gen:  0)
  1037960      9416  43286736  0.000  0.000    3.361   13.327    0    0  (Gen:  0)
  1039384      7584  43292968  0.000  0.000    3.361   13.327    0    0  (Gen:  0)
  1038768      4768  43291752  0.000  0.000    3.362   13.328    0    0  (Gen:  0)
  1032808     55088  43346528  0.001  0.000    3.363   13.328    0    0  (Gen:  0)
  1070064     84032  43408512  0.000  0.000    3.364   13.329    0    0  (Gen:  0)
  1038376     40552  43414672  0.000  0.000    3.365   13.330    0    0  (Gen:  0)
  2019648     50424  43489512  0.000  0.000    3.367   13.332    0    0  (Gen:  0)
  2572152     79976  43495592  0.000  0.000    3.370   13.334    0    0  (Gen:  0)
  2077640     88648  43541696  0.000  0.000    3.372   13.336    0    0  (Gen:  0)
  1984800     59232  43612120  0.000  0.000    3.374   13.338    0    0  (Gen:  0)
  1931664     58760  43643184  0.000  0.000    3.375   13.340    0    0  (Gen:  0)
  2339800     75240  43697280  0.000  0.000    3.378   13.342    0    0  (Gen:  0)
  1960056     63392  43695424  0.000  0.000    3.379   13.343    0    0  (Gen:  0)
  1984624     61592  43770896  0.000  0.000    3.381   13.345    0    0  (Gen:  0)
  2331608     66712  43815128  0.000  0.000    3.384   13.347    0    0  (Gen:  0)
  2914656     71456  43889904  0.000  0.000    3.386   13.350    0    0  (Gen:  0)
  1654016     51448  44314640  0.000  0.000    3.388   13.381    0    0  (Gen:  0)
  1039392     10192  44275520  0.000  0.000    3.389   13.381    0    0  (Gen:  0)
  1040040      8032  44283472  0.000  0.000    3.389   13.382    0    0  (Gen:  0)
  1037912      7392  44285056  0.000  0.000    3.390   13.382    0    0  (Gen:  0)
  1035088     16568  44297480  0.000  0.000    3.390   13.383    0    0  (Gen:  0)
  1521008     41984  44355592  0.000  0.000    3.392   13.384    0    0  (Gen:  0)
  1613744     41960  44399480  0.000  0.000    3.394   13.386    0    0  (Gen:  0)
  1229664     28712  44457048  0.000  0.000    3.395   13.418    0    0  (Gen:  0)
  1039904      6216  44417280  0.000  0.000    3.396   13.418    0    0  (Gen:  0)
  1038352     10616  44423784  0.000  0.000    3.396   13.419    0    0  (Gen:  0)
  1040040      5824  44423792  0.000  0.000    3.397   13.419    0    0  (Gen:  0)
  1038640      4488  44428184  0.000  0.000    3.397   13.420    0    0  (Gen:  0)
  1038552     31320  44455328  0.000  0.000    3.398   13.420    0    0  (Gen:  0)
  1035320     91024  44519472  0.001  0.000    3.399   13.421    0    0  (Gen:  0)
  1036272    109840  44565224  0.001  0.000    3.400   13.421    0    0  (Gen:  0)
  1035064    116200  44634464  0.001  0.000    3.402   13.422    0    0  (Gen:  0)
  1036528    123808  44689168  0.001  0.000    3.403   13.423    0    0  (Gen:  0)
  1034080    127016  44756120  0.001  0.000    3.405   13.424    0    0  (Gen:  0)
  1033720    139040  44823232  0.001  0.000    3.406   13.425    0    0  (Gen:  0)
  1035304    146384  44895752  0.001  0.000    3.408   13.425    0    0  (Gen:  0)
  1232128    143312  44958832  0.001  0.000    3.410   13.426    0    0  (Gen:  0)
  1033824    128520  45023752  0.001  0.000    3.411   13.427    0    0  (Gen:  0)
  1037256    132040  45088864  0.001  0.000    3.413   13.428    0    0  (Gen:  0)
  1036168    135448  45154048  0.001  0.000    3.414   13.429    0    0  (Gen:  0)
  1034520    143640  45225720  0.001  0.000    3.416   13.429    0    0  (Gen:  0)
  1036192    143264  45289992  0.001  0.000    3.417   13.430    0    0  (Gen:  0)
  1035088    145008  45364496  0.001  0.000    3.419   13.431    0    0  (Gen:  0)
  1035512    154272  45437512  0.001  0.000    3.420   13.432    0    0  (Gen:  0)
  1134952    114528  45572136  0.001  0.000    3.422   13.432    0    0  (Gen:  0)
  1103008    108384  45702400  0.001  0.000    3.423   13.433    0    0  (Gen:  0)
  1173008    144888  45907376  0.001  0.000    3.425   13.434    0    0  (Gen:  0)
  1033608    149536  45977504  0.001  0.000    3.427   13.435    0    0  (Gen:  0)
  1140624    142904  46137784  0.001  0.000    3.428   13.436    0    0  (Gen:  0)
  1033624    127096  46197840  0.001  0.000    3.430   13.436    0    0  (Gen:  0)
  1208592    146240  46442536  0.001  0.000    3.431   13.437    0    0  (Gen:  0)
  1033200    153272  46509528  0.001  0.000    3.433   13.438    0    0  (Gen:  0)
  1132128    149720  46679272  0.001  0.000    3.435   13.439    0    0  (Gen:  0)
  1069176    135024  46770256  0.001  0.000    3.436   13.440    0    0  (Gen:  0)
  2051608    131024  47030624  0.001  0.000    3.439   13.441    0    0  (Gen:  0)
  1916168     91936  47328296  0.000  0.000    3.441   13.443    0    0  (Gen:  0)
  1949400     67176  47487976  0.000  0.000    3.443   13.445    0    0  (Gen:  0)
  1361352     58640  47610968  0.000  0.000    3.444   13.446    0    0  (Gen:  0)
  2351112     77176  47789240  0.000  0.000    3.447   13.448    0    0  (Gen:  0)
  2638856     76496  47929400  0.000  0.000    3.449   13.450    0    0  (Gen:  0)
  2274504    108568  48043792  0.000  0.000    3.451   13.452    0    0  (Gen:  0)
  2090776     78072  48101648  0.000  0.000    3.453   13.454    0    0  (Gen:  0)
  1790824     76384  48140104  0.000  0.000    3.455   13.456    0    0  (Gen:  0)
  1072400    119376  48202648  0.001  0.000    3.457   13.457    0    0  (Gen:  0)
  2071768     69352  48294384  0.000  0.000    3.459   13.459    0    0  (Gen:  0)
  1950896     70344  48297280  0.000  0.000    3.461   13.460    0    0  (Gen:  0)
  1111936     37536  48342704  0.000  0.000    3.462   13.461    0    0  (Gen:  0)
  1864928    121072  48457008  0.001  0.000    3.464   13.463    0    0  (Gen:  0)
  1653480     77768  48507040  0.000  0.000    3.466   13.465    0    0  (Gen:  0)
  1520824     61896  48499752  0.000  0.000    3.467   13.466    0    0  (Gen:  0)
  2797776     78728  48600768  0.000  0.000    3.471   13.469    0    0  (Gen:  0)
  1607632     57968  48700496  0.000  0.000    3.473   13.503    0    0  (Gen:  0)
  1040136     18904  48650440  0.000  0.000    3.473   13.504    0    0  (Gen:  0)
  1037672      9552  48655816  0.000  0.000    3.474   13.504    0    0  (Gen:  0)
  1039616      5720  48660216  0.000  0.000    3.474   13.504    0    0  (Gen:  0)
  1037848      4632  48660760  0.000  0.000    3.475   13.505    0    0  (Gen:  0)
  1032072     47576  48704064  0.000  0.000    3.476   13.506    0    0  (Gen:  0)
  1070904     59648  48748872  0.000  0.000    3.477   13.506    0    0  (Gen:  0)
  2293232     48032  48784680  0.000  0.000    3.479   13.508    0    0  (Gen:  0)
  1972344     74048  48818096  0.000  0.000    3.481   13.510    0    0  (Gen:  0)
  2308584     71896  48860912  0.000  0.000    3.483   13.513    0    0  (Gen:  0)
  1159800     56920  48948584  0.000  0.000    3.485   13.516    0    0  (Gen:  0)
  1633256     23384  49182728  0.000  0.000    3.486   13.546    0    0  (Gen:  0)
  1039752      9952  49178376  0.000  0.000    3.487   13.546    0    0  (Gen:  0)
  1231032     13376  49285864  0.000  0.000    3.488   13.547    0    0  (Gen:  0)
  1039560      7456  49286192  0.000  0.000    3.488   13.547    0    0  (Gen:  0)
  1143520      6592  49386896  0.000  0.000    3.489   13.548    0    0  (Gen:  0)
  1035480     60976  49441760  0.000  0.000    3.490   13.548    0    0  (Gen:  0)
  1172448    134200  49615168  0.001  0.000    3.491   13.549    0    0  (Gen:  0)
  2225384    160544  49859752  0.001  0.000    3.494   13.551    0    0  (Gen:  0)
  2678192    131272  50075400  0.000  0.000    3.497   13.554    0    0  (Gen:  0)
  2795808     94640  50354000  0.000  0.000    3.500   13.556    0    0  (Gen:  0)
  2331128     93240  50633968  0.000  0.000    3.502   13.558    0    0  (Gen:  0)
  1633040     58408  50727792  0.000  0.000    3.504   13.560    0    0  (Gen:  0)
  2956752     62656  51068016  0.000  0.000    3.507   13.563    0    0  (Gen:  0)
  1704720     49560  51575840  0.000  0.000    3.508   13.594    0    0  (Gen:  0)
  1040032     13112  51576144  0.000  0.000    3.509   13.595    0    0  (Gen:  0)
  1039088     10536  51582648  0.000  0.000    3.510   13.595    0    0  (Gen:  0)
  1039080      7488  51586760  0.000  0.000    3.510   13.596    0    0  (Gen:  0)
  1037016     12400  51594976  0.000  0.000    3.511   13.596    0    0  (Gen:  0)
  1034344     67328  51650232  0.000  0.000    3.512   13.597    0    0  (Gen:  0)
  2815256    112576  51748560  0.000  0.000    3.515   13.600    0    0  (Gen:  0)
  2417752     97072  51790168  0.000  0.000    3.517   13.602    0    0  (Gen:  0)
  2264968     71872  51839584  0.000  0.000    3.520   13.604    0    0  (Gen:  0)
  1037008     58728  51857656  0.000  0.000    3.520   13.605    0    0  (Gen:  0)
  1034016    105152  51930840  0.001  0.000    3.522   13.606    0    0  (Gen:  0)
  1035368    134640  51988456  0.001  0.000    3.523   13.606    0    0  (Gen:  0)
  1033856    138040  52062168  0.001  0.000    3.525   13.607    0    0  (Gen:  0)
  1035312    134112  52117944  0.001  0.000    3.526   13.608    0    0  (Gen:  0)
  1071944     90288  52180816  0.000  0.000    3.528   13.609    0    0  (Gen:  0)
  1733496     57064  52464296  0.000  0.000    3.529   13.610    0    0  (Gen:  0)
  1225168     42056  52545232  0.000  0.000    3.531   13.612    0    0  (Gen:  0)
  1144816     66976  52683864  0.000  0.000    3.532   13.613    0    0  (Gen:  0)
  2909136     99600  52768928  0.000  0.000    3.535   13.615    0    0  (Gen:  0)
  1131880     62528  52795600  0.000  0.000    3.537   13.616    0    0  (Gen:  0)
  1999328     82608  52844056  0.001  0.000    3.538   13.618    0    0  (Gen:  0)
  2390144    119464  52914096  0.000  0.000    3.541   13.620    0    0  (Gen:  0)
  1036256    124560  52970520  0.001  0.000    3.542   13.621    0    0  (Gen:  0)
  1033888    137704  53038488  0.001  0.000    3.544   13.622    0    0  (Gen:  0)
  2777176    153904  53116800  0.001  0.000    3.546   13.624    0    0  (Gen:  0)
  2288464     98880  53175848  0.000  0.000    3.549   13.626    0    0  (Gen:  0)
  1037184     69208  53205128  0.000  0.000    3.550   13.627    0    0  (Gen:  0)
  1037752     84280  53246120  0.000  0.000    3.551   13.628    0    0  (Gen:  0)
  1070912     61912  53291888  0.000  0.000    3.552   13.628    0    0  (Gen:  0)
  2293296     71800  53393384  0.000  0.000    3.555   13.631    0    0  (Gen:  0)
  1037784    111968  53442792  0.001  0.000    3.556   13.631    0    0  (Gen:  0)
  1071208    102712  53515424  0.000  0.000    3.558   13.632    0    0  (Gen:  0)
  1167296     54720  53491920  0.000  0.000    3.559   13.634    0    0  (Gen:  0)
  1122376     30688  53546664  0.000  0.000    3.560   13.635    0    0  (Gen:  0)
  1270128     34448  53558152  0.000  0.000    3.561   13.636    0    0  (Gen:  0)
  1035400     80024  53613800  0.001  0.000    3.563   13.636    0    0  (Gen:  0)
  1704880    108760  53695208  0.001  0.000    3.564   13.638    0    0  (Gen:  0)
  2287200     86728  53743096  0.001  0.000    3.567   13.640    0    0  (Gen:  0)
  1039704     78632  53738480  0.000  0.000    3.568   13.641    0    0  (Gen:  0)
  2194296     82624  53805984  0.000  0.000    3.571   13.643    0    0  (Gen:  0)
  1179992     67248  53848856  0.000  0.000    3.572   13.644    0    0  (Gen:  0)
  1040280     51032  53857528  0.000  0.000    3.573   13.645    0    0  (Gen:  0)
  1033352     92232  53927568  0.001  0.000    3.574   13.645    0    0  (Gen:  0)
  1027056    160176  54013688  0.001  0.000    3.576   13.646    0    0  (Gen:  0)
  1072048    121592  54073032  0.000  0.000    3.577   13.647    0    0  (Gen:  0)
  1555592     47304  54096936  0.000  0.000    3.579   13.649    0    0  (Gen:  0)
  1159984     50048  54126096  0.000  0.000    3.580   13.650    0    0  (Gen:  0)
  1816216     75128  54162136  0.001  0.000    3.582   13.651    0    0  (Gen:  0)
  2835256    107768  54392496  0.000  0.000    3.585   13.654    0    0  (Gen:  0)
  1142456     88840  54475304  0.001  0.000    3.586   13.655    0    0  (Gen:  0)
  3977752    137104  54917840  0.001  0.000    3.590   13.658    0    0  (Gen:  0)
  1036072    157536  54961032  0.001  0.000    3.591   13.659    0    0  (Gen:  0)
  1210160     92872  55123832  0.001  0.000    3.593   13.660    0    0  (Gen:  0)
  1944056     58496  55292488  0.000  0.000    3.595   13.662    0    0  (Gen:  0)
  1070832     96024  55379624  0.001  0.000    3.597   13.663    0    0  (Gen:  0)
  1034048    123520  55435968  0.001  0.000    3.598   13.663    0    0  (Gen:  0)
  1815168    113280  55520712  0.001  0.000    3.600   13.666    0    0  (Gen:  0)
  1403504     84368  55565632  0.000  0.000    3.602   13.667    0    0  (Gen:  0)
  1029232    115800  55621728  0.001  0.000    3.603   13.668    0    0  (Gen:  0)
  1683888    108136  55693024  0.001  0.000    3.605   13.669    0    0  (Gen:  0)
  1642160     77864  55739096  0.000  0.000    3.607   13.671    0    0  (Gen:  0)
  1035416    117744  55799416  0.001  0.000    3.609   13.672    0    0  (Gen:  0)
  1666752    129072  55892048  0.001  0.000    3.611   13.673    0    0  (Gen:  0)
  1238952     67448  55905632  0.000  0.000    3.612   13.675    0    0  (Gen:  0)
  1036472     75720  55955072  0.001  0.000    3.613   13.675    0    0  (Gen:  0)
  1070632     95464  56021040  0.000  0.000    3.615   13.676    0    0  (Gen:  0)
  2344840     65288  56060624  0.000  0.000    3.617   13.679    0    0  (Gen:  0)
  1034384     67496  56083080  0.000  0.000    3.618   13.680    0    0  (Gen:  0)
  2818872     92160  56181024  0.000  0.000    3.621   13.682    0    0  (Gen:  0)
  1936512    106728  56224000  0.001  0.000    3.623   13.684    0    0  (Gen:  0)
  1927008     92376  56265568  0.000  0.000    3.625   13.686    0    0  (Gen:  0)
  3496080     86536  56326992  0.001  0.000    3.629   13.689    0    0  (Gen:  0)
  1038712    110384  56358424  0.000  0.000    3.630   13.690    0    0  (Gen:  0)
  1034360    112400  56426520  0.001  0.000    3.631   13.691    0    0  (Gen:  0)
  1033104    135960  56490072  0.001  0.000    3.633   13.691    0    0  (Gen:  0)
  1071320    112368  56564048  0.000  0.000    3.634   13.692    0    0  (Gen:  0)
  1038456     59456  56575544  0.000  0.000    3.636   13.693    0    0  (Gen:  0)
  1540544     40232  56637168  0.000  0.000    3.637   13.695    0    0  (Gen:  0)
  1151144     64064  56682800  0.000  0.000    3.639   13.696    0    0  (Gen:  0)
  1039176     90784  56687544  0.001  0.000    3.640   13.697    0    0  (Gen:  0)
  1070832     72752  56737136  0.001  0.000    3.641   13.698    0    0  (Gen:  0)
  2085568     50072  56821672  0.000  0.000    3.644   13.700    0    0  (Gen:  0)
  1036744     75144  56856456  0.001  0.000    3.645   13.700    0    0  (Gen:  0)
  1038072     84200  56895016  0.001  0.000    3.646   13.701    0    0  (Gen:  0)
  1038184     87112  56940032  0.001  0.000    3.647   13.701    0    0  (Gen:  0)
  1032160    123296  57007816  0.001  0.000    3.648   13.702    0    0  (Gen:  0)
  1034960    126200  57061632  0.001  0.000    3.649   13.703    0    0  (Gen:  0)
  1034624    127384  57120496  0.001  0.000    3.650   13.703    0    0  (Gen:  0)
  1035096    135808  57186112  0.001  0.000    3.652   13.704    0    0  (Gen:  0)
  2502072    126560  57703872  0.001  0.000    3.655   13.706    0    0  (Gen:  0)
  1087960     67800  57723088  0.000  0.000    3.656   13.707    0    0  (Gen:  0)
  1072440     61648  57756464  0.000  0.000    3.657   13.708    0    0  (Gen:  0)
  2207080     76072  57796416  0.000  0.000    3.660   13.711    0    0  (Gen:  0)
  1071904    101264  57884616  0.001  0.000    3.661   13.711    0    0  (Gen:  0)
  1070576    102040  57955112  0.000  0.000    3.662   13.712    0    0  (Gen:  0)
  1622880     60712  57971568  0.000  0.000    3.664   13.714    0    0  (Gen:  0)
  1134984     32376  58027792  0.000  0.000    3.666   13.715    0    0  (Gen:  0)
  1036160     63816  58069936  0.001  0.000    3.667   13.716    0    0  (Gen:  0)
  1034856    116712  58131672  0.001  0.000    3.668   13.717    0    0  (Gen:  0)
  1035224    126792  58191096  0.001  0.000    3.669   13.717    0    0  (Gen:  0)
  1033320    127040  58252832  0.001  0.000    3.671   13.718    0    0  (Gen:  0)
  1035096    129624  58316648  0.001  0.000    3.672   13.719    0    0  (Gen:  0)
  1035768    115328  58367696  0.001  0.000    3.673   13.719    0    0  (Gen:  0)
  1069992    124136  58472520  0.001  0.000    3.675   13.720    0    0  (Gen:  0)
  1071624    109984  58538744  0.001  0.000    3.676   13.721    0    0  (Gen:  0)
  1039032     70112  58568168  0.000  0.000    3.678   13.722    0    0  (Gen:  0)
  1507944     77736  58653216  0.000  0.000    3.679   13.724    0    0  (Gen:  0)
  1131288     52440  58703880  0.000  0.000    3.681   13.725    0    0  (Gen:  0)
  1038856     42200  58736728  0.000  0.000    3.682   13.725    0    0  (Gen:  0)
  1033168    104720  58808704  0.001  0.000    3.683   13.726    0    0  (Gen:  0)
  1036608    163008  58894288  0.001  0.000    3.685   13.727    0    0  (Gen:  0)
  1032408    160568  58963928  0.001  0.000    3.686   13.728    0    0  (Gen:  0)
  1034576    152296  59041920  0.001  0.000    3.688   13.728    0    0  (Gen:  0)
  2220560    165440  59195112  0.001  0.000    3.690   13.731    0    0  (Gen:  0)
  1091200     82824  59200088  0.000  0.000    3.692   13.732    0    0  (Gen:  0)
  1037176  39690296  42760384  0.106  0.032    3.798   13.764    0    0  (Gen:  1)
  1457192    182360  43017792  0.001  0.000    3.801   13.765    0    0  (Gen:  0)
  1072736    183344  43136240  0.001  0.000    3.802   13.766    0    0  (Gen:  0)
  1034088    163288  43206752  0.001  0.000    3.804   13.767    0    0  (Gen:  0)
  1070336    116648  43281176  0.001  0.000    3.806   13.768    0    0  (Gen:  0)
  2171256     69440  43364544  0.000  0.000    3.808   13.770    0    0  (Gen:  0)
  1039896     33648  43360672  0.000  0.000    3.809   13.771    0    0  (Gen:  0)
  1034944     59856  43410728  0.001  0.000    3.810   13.771    0    0  (Gen:  0)
  1036232     94240  43449488  0.001  0.000    3.811   13.772    0    0  (Gen:  0)
  1033896    102312  43508032  0.001  0.000    3.812   13.773    0    0  (Gen:  0)
  1036168    118760  43556008  0.001  0.000    3.813   13.773    0    0  (Gen:  0)
  1067392    111920  43647848  0.001  0.000    3.815   13.774    0    0  (Gen:  0)
  1036808    124592  43706696  0.001  0.000    3.816   13.775    0    0  (Gen:  0)
  1035072    119584  43766760  0.001  0.000    3.817   13.775    0    0  (Gen:  0)
  1035072    119656  43825256  0.001  0.000    3.819   13.776    0    0  (Gen:  0)
  1033680    127528  43888664  0.001  0.000    3.820   13.777    0    0  (Gen:  0)
  1035176    134416  43955600  0.001  0.000    3.822   13.778    0    0  (Gen:  0)
  1070832    147624  44063152  0.001  0.000    3.823   13.778    0    0  (Gen:  0)
  1070512    113296  44128904  0.001  0.000    3.825   13.779    0    0  (Gen:  0)
  1034160     91656  44179000  0.001  0.000    3.826   13.780    0    0  (Gen:  0)
  1880952     85632  44284576  0.001  0.000    3.829   13.782    0    0  (Gen:  0)
  1036696     84592  44334584  0.001  0.000    3.830   13.783    0    0  (Gen:  0)
  1034664    131824  44408264  0.001  0.000    3.831   13.784    0    0  (Gen:  0)
  1819528    139256  44532224  0.001  0.000    3.833   13.785    0    0  (Gen:  0)
  1956992     88632  44568944  0.000  0.000    3.835   13.788    0    0  (Gen:  0)
  1035616     96664  44623888  0.001  0.000    3.837   13.788    0    0  (Gen:  0)
  1794816    120160  44739728  0.001  0.000    3.839   13.790    0    0  (Gen:  0)
  1516144     78464  44775360  0.000  0.000    3.841   13.792    0    0  (Gen:  0)
  1042064     31720  44772080  0.000  0.000    3.842   13.792    0    0  (Gen:  0)
  3079976     55248  44901024  0.000  0.000    3.844   13.795    0    0  (Gen:  0)
  1038936     78112  44925864  0.001  0.000    3.846   13.796    0    0  (Gen:  0)
  1035680     77312  44969736  0.001  0.000    3.847   13.796    0    0  (Gen:  0)
  1033832    125080  45044472  0.001  0.000    3.848   13.797    0    0  (Gen:  0)
  1037592    133064  45097912  0.001  0.000    3.850   13.798    0    0  (Gen:  0)
  1545072     83280  45185560  0.001  0.000    3.852   13.800    0    0  (Gen:  0)
  1133376     60176  45233488  0.000  0.000    3.853   13.801    0    0  (Gen:  0)
  1037920     81784  45272352  0.001  0.000    3.854   13.802    0    0  (Gen:  0)
  1038880     97816  45317800  0.001  0.000    3.856   13.802    0    0  (Gen:  0)
  1038552     91840  45359584  0.001  0.000    3.857   13.803    0    0  (Gen:  0)
  1037592     88720  45402232  0.001  0.000    3.858   13.804    0    0  (Gen:  0)
  1039568     85128  45440584  0.001  0.000    3.860   13.805    0    0  (Gen:  0)
  1037968     85184  45482856  0.001  0.000    3.861   13.805    0    0  (Gen:  0)
  1039024     89048  45525584  0.001  0.000    3.862   13.806    0    0  (Gen:  0)
  1038432     89424  45572480  0.001  0.000    3.863   13.807    0    0  (Gen:  0)
  1038304     96904  45622352  0.001  0.000    3.865   13.808    0    0  (Gen:  0)
  1065952    114096  45710072  0.001  0.000    3.866   13.808    0    0  (Gen:  0)
  1037520    113904  45764928  0.001  0.000    3.868   13.809    0    0  (Gen:  0)
  1037520    113536  45819872  0.001  0.000    3.869   13.810    0    0  (Gen:  0)
  1035392    110792  45871200  0.001  0.000    3.870   13.811    0    0  (Gen:  0)
  1037952    104512  45920352  0.001  0.000    3.872   13.812    0    0  (Gen:  0)
  1072264    106176  46005664  0.001  0.000    3.873   13.812    0    0  (Gen:  0)
  1036368    107960  46057080  0.001  0.000    3.874   13.813    0    0  (Gen:  0)
  1088720    109648  46143304  0.001  0.000    3.876   13.814    0    0  (Gen:  0)
  1072112    102624  46220536  0.000  0.000    3.877   13.815    0    0  (Gen:  0)
  1911216     98368  46270120  0.000  0.000    3.880   13.817    0    0  (Gen:  0)
  1320504    100904  46329160  0.001  0.000    3.881   13.818    0    0  (Gen:  0)
  1038824    104312  46370432  0.001  0.000    3.883   13.819    0    0  (Gen:  0)
  1036664    107488  46423648  0.001  0.000    3.884   13.820    0    0  (Gen:  0)
  1035256    118776  46484384  0.001  0.000    3.885   13.821    0    0  (Gen:  0)
  1036552    124240  46543376  0.001  0.000    3.887   13.821    0    0  (Gen:  0)
  1037200    122664  46601456  0.001  0.000    3.888   13.822    0    0  (Gen:  0)
  1072120     98472  46668512  0.000  0.000    3.889   13.823    0    0  (Gen:  0)
  2459888    101176  46775432  0.000  0.000    3.892   13.826    0    0  (Gen:  0)
  1035632    123400  46834136  0.001  0.000    3.894   13.827    0    0  (Gen:  0)
  1037640    120448  46887584  0.001  0.000    3.895   13.827    0    0  (Gen:  0)
  1037064    118360  46947752  0.001  0.000    3.897   13.828    0    0  (Gen:  0)
  1037264    123816  47006896  0.001  0.000    3.898   13.829    0    0  (Gen:  0)
  1035224    117568  47060480  0.001  0.000    3.900   13.830    0    0  (Gen:  0)
  1035952    113912  47116512  0.001  0.000    3.901   13.830    0    0  (Gen:  0)
  1071664    118688  47207184  0.001  0.000    3.902   13.831    0    0  (Gen:  0)
  1035080    119104  47263712  0.001  0.000    3.904   13.832    0    0  (Gen:  0)
  1035000    127152  47329632  0.001  0.000    3.905   13.833    0    0  (Gen:  0)
  1032976    134008  47391616  0.001  0.000    3.907   13.834    0    0  (Gen:  0)
  1099432     93192  47451040  0.000  0.000    3.908   13.835    0    0  (Gen:  0)
  1129744     81888  47500352  0.000  0.000    3.910   13.836    0    0  (Gen:  0)
  2008496     88200  47544136  0.000  0.000    3.912   13.838    0    0  (Gen:  0)
  1039984     83696  47546384  0.000  0.000    3.913   13.839    0    0  (Gen:  0)
  1922936     80816  47611464  0.000  0.000    3.916   13.841    0    0  (Gen:  0)
  1087176     66320  47613424  0.000  0.000    3.917   13.842    0    0  (Gen:  0)
  1690088     53800  47675440  0.000  0.000    3.919   13.844    0    0  (Gen:  0)
  1520232     39712  47757208  0.000  0.000    3.921   13.877    0    0  (Gen:  0)
  1041456     11200  47715056  0.000  0.000    3.921   13.877    0    0  (Gen:  0)
  1038456      5224  47716568  0.000  0.000    3.922   13.877    0    0  (Gen:  0)
  1039472     10088  47725832  0.000  0.000    3.923   13.878    0    0  (Gen:  0)
  1038840      5824  47726328  0.000  0.000    3.923   13.878    0    0  (Gen:  0)
  1039376      5776  47727928  0.000  0.000    3.924   13.879    0    0  (Gen:  0)
  1032568     65672  47788064  0.000  0.000    3.924   13.879    0    0  (Gen:  0)
  1035120    125184  47848768  0.001  0.000    3.926   13.880    0    0  (Gen:  0)
  1034840    126848  47910472  0.001  0.000    3.927   13.881    0    0  (Gen:  0)
  1032352    135824  47979000  0.001  0.000    3.929   13.882    0    0  (Gen:  0)
  1031824    142992  48051200  0.001  0.000    3.930   13.883    0    0  (Gen:  0)
  1035704    146448  48122328  0.001  0.000    3.932   13.883    0    0  (Gen:  0)
  1070472    150304  48229840  0.001  0.000    3.934   13.884    0    0  (Gen:  0)
  1036096    147264  48297960  0.001  0.000    3.935   13.885    0    0  (Gen:  0)
  1034392    148736  48374360  0.001  0.000    3.937   13.886    0    0  (Gen:  0)
  1034568    163048  48455792  0.001  0.000    3.939   13.887    0    0  (Gen:  0)
  1069672    173344  48574960  0.001  0.000    3.940   13.888    0    0  (Gen:  0)
  1032616    170256  48652976  0.001  0.000    3.942   13.888    0    0  (Gen:  0)
  1066456    153664  48751832  0.001  0.000    3.944   13.890    0    0  (Gen:  0)
  1069440     83712  48765424  0.000  0.000    3.945   13.890    0    0  (Gen:  0)
  1072272     39976  48784088  0.000  0.000    3.946   13.891    0    0  (Gen:  0)
  2471672     52272  48863496  0.000  0.000    3.949   13.894    0    0  (Gen:  0)
  1075016     44352  48897064  0.000  0.000    3.950   13.894    0    0  (Gen:  0)
  1034728     64952  48950352  0.001  0.000    3.951   13.895    0    0  (Gen:  0)
  1036800    105624  48997072  0.001  0.000    3.952   13.896    0    0  (Gen:  0)
  1037728    100040  49045576  0.001  0.000    3.954   13.897    0    0  (Gen:  0)
  1038712    100952  49093800  0.001  0.000    3.955   13.897    0    0  (Gen:  0)
  1034768     93656  49134800  0.001  0.000    3.956   13.898    0    0  (Gen:  0)
  1037304     89448  49175576  0.001  0.000    3.958   13.899    0    0  (Gen:  0)
  1073104     86656  49251520  0.000  0.000    3.959   13.900    0    0  (Gen:  0)
  1037968     89248  49293192  0.001  0.000    3.960   13.900    0    0  (Gen:  0)
  1038992     87472  49334312  0.001  0.000    3.961   13.901    0    0  (Gen:  0)
  1037016     85200  49372136  0.001  0.000    3.962   13.902    0    0  (Gen:  0)
  1036512     93296  49419584  0.001  0.000    3.964   13.903    0    0  (Gen:  0)
  1033744    120224  49488632  0.001  0.000    3.965   13.903    0    0  (Gen:  0)
  1493384    101192  49548816  0.001  0.000    3.967   13.905    0    0  (Gen:  0)
  1171384     57456  49578224  0.000  0.000    3.969   13.906    0    0  (Gen:  0)
  2075000     61240  49609968  0.000  0.000    3.970   13.908    0    0  (Gen:  0)
  1224456     60696  49634712  0.000  0.000    3.972   13.909    0    0  (Gen:  0)
  2336560     71488  49678904  0.000  0.000    3.974   13.911    0    0  (Gen:  0)
  1261624     59568  49706232  0.000  0.000    3.975   13.912    0    0  (Gen:  0)
  1340592     38104  49722272  0.000  0.000    3.977   13.913    0    0  (Gen:  0)
  1181088     38232  49743032  0.000  0.000    3.978   13.914    0    0  (Gen:  0)
  1621696     60584  49792096  0.000  0.000    3.980   13.916    0    0  (Gen:  0)
  1341560     53320  49813552  0.000  0.000    3.981   13.917    0    0  (Gen:  0)
  1106264     37784  49829096  0.000  0.000    3.982   13.918    0    0  (Gen:  0)
  2689536     65792  49853352  0.000  0.000    3.984   13.920    0    0  (Gen:  0)
  2315872     79728  49971448  0.000  0.000    3.987   13.922    0    0  (Gen:  0)
  2577400     69248  50039208  0.000  0.000    3.989   13.924    0    0  (Gen:  0)
  1583600     65592  50082776  0.000  0.000    3.991   13.926    0    0  (Gen:  0)
  2026992     57944  50108352  0.000  0.000    3.992   13.927    0    0  (Gen:  0)
  1107760     43296  50131360  0.000  0.000    3.994   13.928    0    0  (Gen:  0)
  1862760     55856  50173544  0.000  0.000    3.995   13.930    0    0  (Gen:  0)
  2757080     84160  50233384  0.000  0.000    3.998   13.933    0    0  (Gen:  0)
  2627976     82736  50243576  0.000  0.000    4.000   13.935    0    0  (Gen:  0)
  1236152     53648  50365024  0.000  0.000    4.002   13.936    0    0  (Gen:  0)
  1792368     51728  50467056  0.000  0.000    4.004   13.938    0    0  (Gen:  0)
  1502256     50928  50489864  0.000  0.000    4.005   13.939    0    0  (Gen:  0)
  3811896     95432  50600952  0.000  0.000    4.008   13.942    0    0  (Gen:  0)
  2162424    124720  50723520  0.000  0.000    4.011   13.944    0    0  (Gen:  0)
  1821800     68328  50751464  0.000  0.000    4.013   13.946    0    0  (Gen:  0)
  1357416     52400  50778424  0.000  0.000    4.014   13.947    0    0  (Gen:  0)
  1487208     82816  50837432  0.000  0.000    4.016   13.949    0    0  (Gen:  0)
  1127624     36048  50862728  0.000  0.000    4.017   13.950    0    0  (Gen:  0)
  1034896     83576  50920080  0.001  0.000    4.018   13.951    0    0  (Gen:  0)
  1035560    136936  50986416  0.001  0.000    4.020   13.952    0    0  (Gen:  0)
  1033120    147360  51066160  0.001  0.000    4.021   13.952    0    0  (Gen:  0)
  1035496    152952  51139320  0.001  0.000    4.023   13.953    0    0  (Gen:  0)
  1035568    158912  51220312  0.001  0.000    4.025   13.954    0    0  (Gen:  0)
  1035896    163968  51298400  0.001  0.000    4.026   13.955    0    0  (Gen:  0)
  1038552    138768  51353784  0.001  0.000    4.028   13.956    0    0  (Gen:  0)
  1072768     78888  51405568  0.001  0.000    4.029   13.957    0    0  (Gen:  0)
  1069264     34272  51381168  0.000  0.000    4.031   13.957    0    0  (Gen:  0)
  1672752     44672  51446032  0.000  0.000    4.032   13.959    0    0  (Gen:  0)
  1282328     54440  51470544  0.000  0.000    4.034   13.960    0    0  (Gen:  0)
  1106840     50696  51496224  0.000  0.000    4.035   13.961    0    0  (Gen:  0)
  1108672     45016  51510424  0.000  0.000    4.036   13.962    0    0  (Gen:  0)
  2141768     83880  51587240  0.001  0.000    4.039   13.965    0    0  (Gen:  0)
  1037792     47720  51597656  0.000  0.000    4.039   13.965    0    0  (Gen:  0)
  1034840     71368  51649008  0.001  0.000    4.040   13.966    0    0  (Gen:  0)
  1070224     91624  51717888  0.000  0.000    4.042   13.967    0    0  (Gen:  0)
  2699824     99408  51798648  0.000  0.000    4.044   13.969    0    0  (Gen:  0)
  1036456    119808  51841432  0.001  0.000    4.046   13.970    0    0  (Gen:  0)
  1034192    122584  51908512  0.001  0.000    4.047   13.971    0    0  (Gen:  0)
  1033784    141512  51981472  0.001  0.000    4.049   13.972    0    0  (Gen:  0)
  1036360    137520  52046048  0.001  0.000    4.050   13.972    0    0  (Gen:  0)
  1071424    113240  52121104  0.001  0.000    4.052   13.973    0    0  (Gen:  0)
  1038672     73856  52147896  0.001  0.000    4.053   13.974    0    0  (Gen:  0)
  2573504     84296  52245192  0.000  0.000    4.056   13.977    0    0  (Gen:  0)
  1035104    138432  52316264  0.001  0.000    4.057   13.977    0    0  (Gen:  0)
  1033752    157736  52388776  0.001  0.000    4.059   13.978    0    0  (Gen:  0)
  1038840    147528  52459896  0.001  0.000    4.061   13.979    0    0  (Gen:  0)
  2395000    114576  52540736  0.001  0.000    4.064   13.982    0    0  (Gen:  0)
  1036328     80704  52562536  0.000  0.000    4.065   13.983    0    0  (Gen:  0)
  1038824     73504  52600264  0.000  0.000    4.066   13.983    0    0  (Gen:  0)
  1101824     69760  52659000  0.000  0.000    4.067   13.984    0    0  (Gen:  0)
  2028608    102872  52776136  0.001  0.000    4.069   13.986    0    0  (Gen:  0)
  2036272    138576  52827544  0.001  0.000    4.071   13.988    0    0  (Gen:  0)
  1959424     90016  52864160  0.000  0.000    4.074   13.990    0    0  (Gen:  0)
  1041024     30104  52856176  0.000  0.000    4.075   13.991    0    0  (Gen:  0)
  1035840     44896  52895120  0.000  0.000    4.076   13.991    0    0  (Gen:  0)
  1035848     77696  52930064  0.001  0.000    4.077   13.992    0    0  (Gen:  0)
  1036536     93584  52982392  0.001  0.000    4.078   13.992    0    0  (Gen:  0)
  1592368     94816  53118392  0.001  0.000    4.080   13.994    0    0  (Gen:  0)
  1266424     60848  53144360  0.000  0.000    4.081   13.995    0    0  (Gen:  0)
  1091216     46736  53181224  0.000  0.000    4.082   13.996    0    0  (Gen:  0)
  1035280     86312  53229736  0.001  0.000    4.083   13.997    0    0  (Gen:  0)
  1035720    120688  53288720  0.001  0.000    4.085   13.997    0    0  (Gen:  0)
  1035096    127104  53352504  0.001  0.000    4.086   13.998    0    0  (Gen:  0)
  1034472    135112  53417872  0.001  0.000    4.088   13.999    0    0  (Gen:  0)
  1034680    123088  53471488  0.001  0.000    4.089   13.999    0    0  (Gen:  0)
  1034400    137136  53549880  0.001  0.000    4.091   14.000    0    0  (Gen:  0)
  2080488    172552  53671672  0.001  0.000    4.093   14.002    0    0  (Gen:  0)
  1937368    108480  53693144  0.000  0.000    4.095   14.004    0    0  (Gen:  0)
  1189264     63688  53746344  0.000  0.000    4.097   14.005    0    0  (Gen:  0)
  1036472     91752  53785832  0.000  0.000    4.098   14.005    0    0  (Gen:  0)
  1034288    117824  53851224  0.001  0.000    4.099   14.006    0    0  (Gen:  0)
  1035336    128232  53907488  0.001  0.000    4.100   14.007    0    0  (Gen:  0)
  1132232    127448  54070144  0.001  0.000    4.102   14.008    0    0  (Gen:  0)
  1135320    139136  54238448  0.001  0.000    4.103   14.008    0    0  (Gen:  0)
  1174000    141328  54436208  0.001  0.000    4.105   14.009    0    0  (Gen:  0)
  2530440    152936  54619536  0.001  0.000    4.108   14.011    0    0  (Gen:  0)
  2188200    108880  54953448  0.000  0.000    4.110   14.014    0    0  (Gen:  0)
  1776200     52568  56005216  0.000  0.000    4.112   14.025    0    0  (Gen:  0)
  1103288     33608  57051464  0.000  0.000    4.114   14.038    0    0  (Gen:  0)
  1784984     21864  57769904  0.000  0.000    4.115   14.046    0    0  (Gen:  0)
  1143712     14488  57861792  0.000  0.000    4.116   14.047    0    0  (Gen:  0)
  1040120     13600  57869560  0.000  0.000    4.117   14.047    0    0  (Gen:  0)
  1212896      7376  57938408  0.000  0.000    4.117   14.048    0    0  (Gen:  0)
  1038776      6104  57938888  0.000  0.000    4.118   14.048    0    0  (Gen:  0)
  1038744     28416  57963040  0.000  0.000    4.119   14.049    0    0  (Gen:  0)
  1034496     95168  58030152  0.001  0.000    4.120   14.049    0    0  (Gen:  0)
  1098336    140248  58163968  0.001  0.000    4.122   14.050    0    0  (Gen:  0)
  1034960    141488  58235592  0.001  0.000    4.123   14.051    0    0  (Gen:  0)
  1072216    134232  58328968  0.001  0.000    4.125   14.052    0    0  (Gen:  0)
  1032744     50992  58338376  0.000  0.000    4.126   14.053    0    0  (Gen:  0)
  2318992     74520  58447336  0.001  0.000    4.128   14.055    0    0  (Gen:  0)
  1038552    134080  58513336  0.001  0.000    4.130   14.056    0    0  (Gen:  0)
  1036744    135384  58569864  0.001  0.000    4.131   14.057    0    0  (Gen:  0)
  1033000    131512  58640216  0.001  0.000    4.133   14.058    0    0  (Gen:  0)
  1033688    169856  58734768  0.001  0.000    4.135   14.059    0    0  (Gen:  0)
  1182696    177184  58911264  0.001  0.000    4.136   14.060    0    0  (Gen:  0)
  2065480    138192  59155392  0.001  0.000    4.139   14.062    0    0  (Gen:  0)
  2401968     94968  59412424  0.000  0.000    4.142   14.064    0    0  (Gen:  0)
  1070632     89488  59439712  0.001  0.000    4.143   14.065    0    0  (Gen:  0)
  2291592     80728  59486240  0.000  0.000    4.145   14.067    0    0  (Gen:  0)
  1034016     92896  59529024  0.001  0.000    4.147   14.068    0    0  (Gen:  0)
  1035096    121168  59594424  0.001  0.000    4.148   14.068    0    0  (Gen:  0)
  1068736    139736  59696320  0.001  0.000    4.150   14.069    0    0  (Gen:  0)
  1071136    113376  59767912  0.001  0.000    4.151   14.070    0    0  (Gen:  0)
  2150752     68552  59813376  0.000  0.000    4.153   14.072    0    0  (Gen:  0)
  1039920     49552  59818440  0.000  0.000    4.154   14.073    0    0  (Gen:  0)
  1034512     70912  59874896  0.001  0.000    4.155   14.073    0    0  (Gen:  0)
  1035960    118752  59933032  0.001  0.000    4.156   14.074    0    0  (Gen:  0)
  1039400    124504  59995024  0.001  0.000    4.158   14.075    0    0  (Gen:  0)
  2782496    107872  60101344  0.000  0.000    4.160   14.077    0    0  (Gen:  0)
  2887472     77528  60178480  0.000  0.000    4.163   14.080    0    0  (Gen:  0)
  1041280     39584  60170000  0.000  0.000    4.164   14.080    0    0  (Gen:  0)
  1034256     46440  60214944  0.000  0.000    4.165   14.081    0    0  (Gen:  0)
  1035456     95248  60265504  0.001  0.000    4.166   14.081    0    0  (Gen:  0)
  1070104    119288  60362664  0.000  0.000    4.167   14.082    0    0  (Gen:  0)
  1035864    127048  60419248  0.001  0.000    4.168   14.083    0    0  (Gen:  0)
  1033272    120616  60476064  0.000  0.000    4.169   14.084    0    0  (Gen:  0)
  1035456    129120  60541344  0.001  0.001    4.171   14.086    0    0  (Gen:  0)
  1069360    136152  60638400  0.000  0.000    4.172   14.087    0    0  (Gen:  0)
  1035416    127528  60697488  0.001  0.000    4.174   14.087    0    0  (Gen:  0)
  1036200    127536  60756984  0.001  0.000    4.175   14.088    0    0  (Gen:  0)
  1035464    119160  60811048  0.001  0.000    4.176   14.089    0    0  (Gen:  0)
  1097952    117472  60900904  0.001  0.000    4.178   14.090    0    0  (Gen:  0)
  1034632    119840  60956864  0.001  0.000    4.179   14.090    0    0  (Gen:  0)
  1035624    128552  61021360  0.001  0.000    4.180   14.091    0    0  (Gen:  0)
  1035096    129224  61081304  0.001  0.000    4.182   14.092    0    0  (Gen:  0)
  1035032    127056  61138440  0.001  0.000    4.183   14.092    0    0  (Gen:  0)
  1036480    123552  61198280  0.001  0.000    4.185   14.093    0    0  (Gen:  0)
  1071160     98664  61264848  0.001  0.000    4.187   14.094    0    0  (Gen:  0)
  1077688     59072  61316736  0.000  0.000    4.188   14.095    0    0  (Gen:  0)
  1102384     38248  61361968  0.000  0.000    4.189   14.096    0    0  (Gen:  0)
  2432088     60408  61411520  0.000  0.000    4.191   14.098    0    0  (Gen:  0)
  2126776    129888  61459344  0.000  0.000    4.193   14.101    0    0  (Gen:  0)
  1068104    132088  61591096  0.000  0.000    4.195   14.102    0    0  (Gen:  0)
  1321800     34416  61656040  0.000  0.000    4.197   14.104    0    0  (Gen:  0)
  1087680     38552  61717128  0.000  0.000    4.197   14.104    0    0  (Gen:  0)
  1036592     82240  61775360  0.000  0.000    4.198   14.105    0    0  (Gen:  0)
  1034672    148536  61852416  0.001  0.000    4.200   14.106    0    0  (Gen:  0)
  2543656    117136  61924912  0.001  0.000    4.203   14.108    0    0  (Gen:  0)
  1180400     65408  61957864  0.000  0.000    4.204   14.109    0    0  (Gen:  0)
  1035448     90216  62009168  0.001  0.000    4.206   14.110    0    0  (Gen:  0)
  1233512     82104  62055032  0.000  0.000    4.207   14.111    0    0  (Gen:  0)
  1303656     37976  62145056  0.000  0.000    4.209   14.113    0    0  (Gen:  0)
  1091728     59056  62196864  0.000  0.000    4.210   14.114    0    0  (Gen:  0)
  1034776    106360  62254256  0.001  0.000    4.211   14.115    0    0  (Gen:  0)
  1034592    134696  62322080  0.001  0.000    4.213   14.115    0    0  (Gen:  0)
  1034440    125256  62379192  0.001  0.000    4.214   14.116    0    0  (Gen:  0)
  1035704    125800  62440264  0.001  0.000    4.216   14.117    0    0  (Gen:  0)
  1035000    129840  62502328  0.001  0.000    4.217   14.118    0    0  (Gen:  0)
  1035896    133944  62568728  0.001  0.000    4.218   14.118    0    0  (Gen:  0)
  1035808    134784  62632656  0.001  0.000    4.220   14.119    0    0  (Gen:  0)
  1769104    147728  62708152  0.001  0.000    4.222   14.121    0    0  (Gen:  0)
  1038456    108616  62734048  0.000  0.000    4.224   14.122    0    0  (Gen:  0)
  1037144     32712  62737824  0.000  0.000    4.225   14.122    0    0  (Gen:  0)
  2770320     91664  62901512  0.001  0.000    4.227   14.125    0    0  (Gen:  0)
  1070272    113096  62917800  0.001  0.000    4.229   14.126    0    0  (Gen:  0)
  2351440     74088  62970344  0.000  0.000    4.231   14.128    0    0  (Gen:  0)
  1033688    114648  63034304  0.001  0.000    4.233   14.129    0    0  (Gen:  0)
  1033656    164800  63121512  0.001  0.000    4.235   14.130    0    0  (Gen:  0)
  2390320    145216  63213896  0.001  0.000    4.237   14.132    0    0  (Gen:  0)
  1159816     66504  63259976  0.000  0.000    4.239   14.134    0    0  (Gen:  0)
  1312776     21360  63393744  0.000  0.000    4.240   14.166    0    0  (Gen:  0)
  1040656      7992  63357456  0.000  0.000    4.240   14.167    0    0  (Gen:  0)
  1040776      7488  63360032  0.000  0.000    4.241   14.167    0    0  (Gen:  0)
  1037800     10992  63370320  0.000  0.000    4.242   14.168    0    0  (Gen:  0)
  1038720      6048  63367712  0.000  0.000    4.242   14.168    0    0  (Gen:  0)
  1039456     14656  63378104  0.000  0.000    4.243   14.168    0    0  (Gen:  0)
  1034520     64728  63428544  0.000  0.000    4.244   14.169    0    0  (Gen:  0)
  1032784    132120  63502392  0.001  0.000    4.245   14.170    0    0  (Gen:  0)
  1035008    134992  63553216  0.001  0.000    4.246   14.170    0    0  (Gen:  0)
  1035440    119752  63615024  0.001  0.000    4.248   14.171    0    0  (Gen:  0)
  1032480    128360  63676456  0.001  0.000    4.249   14.172    0    0  (Gen:  0)
  1127456    132168  63774344  0.001  0.000    4.251   14.172    0    0  (Gen:  0)
  1031976    138904  63842536  0.001  0.000    4.252   14.173    0    0  (Gen:  0)
  1032120    121960  63890112  0.001  0.000    4.254   14.174    0    0  (Gen:  0)
  1034768    120296  63956936  0.001  0.000    4.255   14.175    0    0  (Gen:  0)
  1035024    138384  64020984  0.001  0.000    4.256   14.175    0    0  (Gen:  0)
  1034576    140336  64092504  0.001  0.000    4.258   14.176    0    0  (Gen:  0)
  2214088    150352  64330304  0.001  0.000    4.260   14.178    0    0  (Gen:  0)
  1105480     76976  64360312  0.000  0.000    4.262   14.179    0    0  (Gen:  0)
  1268288     36976  64389872  0.000  0.000    4.263   14.180    0    0  (Gen:  0)
  1086784     49872  64417848  0.000  0.000    4.264   14.181    0    0  (Gen:  0)
  2376480     63928  64466528  0.000  0.000    4.267   14.184    0    0  (Gen:  0)
  1033720     80488  64498376  0.000  0.000    4.268   14.184    0    0  (Gen:  0)
  1034824    126560  64584032  0.001  0.000    4.269   14.185    0    0  (Gen:  0)
  1033592    177256  64673264  0.001  0.000    4.271   14.186    0    0  (Gen:  0)
  1033624    159216  64738976  0.001  0.000    4.273   14.187    0    0  (Gen:  0)
  1032448    157232  64823320  0.001  0.000    4.275   14.188    0    0  (Gen:  0)
  1035040    177424  64911200  0.001  0.000    4.276   14.189    0    0  (Gen:  0)
  1034128    177224  64995304  0.001  0.000    4.278   14.189    0    0  (Gen:  0)
  1033864    183752  65085616  0.001  0.000    4.280   14.190    0    0  (Gen:  0)
  1949440    166512  65160608  0.001  0.000    4.282   14.192    0    0  (Gen:  0)
  3518336    135752  65248728  0.000  0.000    4.286   14.195    0    0  (Gen:  0)
  1106584     81144  65237232  0.000  0.000    4.287   14.196    0    0  (Gen:  0)
  1538264     42336  65303784  0.000  0.000    4.289   14.198    0    0  (Gen:  0)
  1277264     53520  65560936  0.000  0.000    4.290   14.199    0    0  (Gen:  0)
  1070296     74184  65630376  0.000  0.000    4.291   14.199    0    0  (Gen:  0)
  1032992    107928  65694728  0.001  0.000    4.292   14.200    0    0  (Gen:  0)
  1174128    113944  65870424  0.000  0.000    4.294   14.201    0    0  (Gen:  0)
  1664896     78472  65938168  0.000  0.000    4.296   14.203    0    0  (Gen:  0)
  1118408     78192  66017072  0.000  0.000    4.297   14.204    0    0  (Gen:  0)
  1071392     78744  66043768  0.001  0.000    4.299   14.205    0    0  (Gen:  0)
  1514400     73296  66075528  0.000  0.000    4.301   14.207    0    0  (Gen:  0)
  1087520     45768  66094272  0.000  0.000    4.302   14.208    0    0  (Gen:  0)
  1033448     76136  66139040  0.000  0.000    4.303   14.208    0    0  (Gen:  0)
  1170232     76408  66219136  0.000  0.000    4.304   14.209    0    0  (Gen:  0)
  1929424     42088  66261296  0.000  0.000    4.307   14.212    0    0  (Gen:  0)
  1035656     61576  66286400  0.000  0.000    4.308   14.213    0    0  (Gen:  0)
  1037352     69784  66318176  0.000  0.000    4.309   14.213    0    0  (Gen:  0)
  1036520     60776  66342824  0.000  0.000    4.309   14.213    0    0  (Gen:  0)
  1036976     76032  66390712  0.001  0.000    4.310   14.214    0    0  (Gen:  0)
  1036288    113216  66445960  0.001  0.000    4.312   14.215    0    0  (Gen:  0)
  1066088    111912  66530512  0.001  0.000    4.313   14.215    0    0  (Gen:  0)
  1036144    115160  66589584  0.001  0.000    4.314   14.216    0    0  (Gen:  0)
  1036392    129288  66655624  0.001  0.000    4.315   14.217    0    0  (Gen:  0)
  1072400    118704  66736304  0.000  0.000    4.317   14.218    0    0  (Gen:  0)
  1624352     76160  66797488  0.000  0.000    4.319   14.220    0    0  (Gen:  0)
  1081016     59752  66832720  0.000  0.000    4.320   14.221    0    0  (Gen:  0)
  1136960     71312  66892328  0.000  0.000    4.322   14.222    0    0  (Gen:  0)
  1344576     44424  66918080  0.000  0.000    4.323   14.223    0    0  (Gen:  0)
  1039688     24224  66916200  0.000  0.000    4.324   14.224    0    0  (Gen:  0)
  1035520     47312  66951272  0.000  0.000    4.325   14.225    0    0  (Gen:  0)
  1071064     91888  67034360  0.000  0.000    4.326   14.225    0    0  (Gen:  0)
  1036352    116088  67095816  0.001  0.000    4.328   14.226    0    0  (Gen:  0)
  1034560    123032  67150720  0.001  0.000    4.329   14.227    0    0  (Gen:  0)
  1037896    116920  67207912  0.001  0.000    4.330   14.227    0    0  (Gen:  0)
  1603536    104120  67316120  0.001  0.000    4.332   14.229    0    0  (Gen:  0)
  1070136     66712  67301232  0.000  0.000    4.334   14.230    0    0  (Gen:  0)
  2211424     49112  67464032  0.000  0.000    4.336   14.232    0    0  (Gen:  0)
  1065184     40344  67398864  0.000  0.000    4.337   14.233    0    0  (Gen:  0)
  1322176     15696  67554336  0.000  0.000    4.338   14.266    0    0  (Gen:  0)
  1039512      9528  67520792  0.000  0.000    4.339   14.266    0    0  (Gen:  0)
  1038568      7536  67521072  0.000  0.000    4.339   14.267    0    0  (Gen:  0)
  1039960      7776  67524000  0.000  0.000    4.340   14.267    0    0  (Gen:  0)
  1038720      5760  67528272  0.000  0.000    4.340   14.268    0    0  (Gen:  0)
  1039312      4408  67528568  0.000  0.000    4.341   14.268    0    0  (Gen:  0)
  1038624     32936  67557360  0.000  0.000    4.341   14.269    0    0  (Gen:  0)
  1034472     87560  67616432  0.000  0.000    4.342   14.269    0    0  (Gen:  0)
  1033216    120920  67678504  0.001  0.000    4.344   14.270    0    0  (Gen:  0)
  1034264    124976  67736008  0.001  0.000    4.345   14.271    0    0  (Gen:  0)
  1033472    113648  67787768  0.000  0.000    4.346   14.271    0    0  (Gen:  0)
  1034488    125144  67859048  0.001  0.000    4.348   14.272    0    0  (Gen:  0)
  1036424    130984  67916824  0.001  0.000    4.349   14.273    0    0  (Gen:  0)
  1035504    124080  67973336  0.001  0.000    4.350   14.273    0    0  (Gen:  0)
  1035520    117136  68029480  0.001  0.000    4.352   14.274    0    0  (Gen:  0)
  1034888    124296  68093488  0.001  0.000    4.353   14.275    0    0  (Gen:  0)
  1032840    137088  68161816  0.001  0.000    4.354   14.275    0    0  (Gen:  0)
  1033512    138720  68227424  0.001  0.000    4.356   14.276    0    0  (Gen:  0)
  1036032    131760  68288992  0.001  0.000    4.357   14.277    0    0  (Gen:  0)
  1033720    142520  68364488  0.001  0.000    4.359   14.278    0    0  (Gen:  0)
  1033312    138128  68422456  0.001  0.000    4.360   14.278    0    0  (Gen:  0)
  1037568    114592  68474408  0.001  0.000    4.362   14.279    0    0  (Gen:  0)
  1036032    113768  68535360  0.001  0.000    4.363   14.280    0    0  (Gen:  0)
  1035192    113128  68585880  0.001  0.000    4.364   14.280    0    0  (Gen:  0)
  1036000    115216  68644576  0.001  0.000    4.366   14.281    0    0  (Gen:  0)
  1476008    124704  68769216  0.001  0.000    4.367   14.282    0    0  (Gen:  0)
  1034304    123264  68827008  0.001  0.000    4.369   14.283    0    0  (Gen:  0)
  1036520    116464  68879696  0.001  0.000    4.370   14.283    0    0  (Gen:  0)
  1096848    127136  68980584  0.001  0.000    4.372   14.284    0    0  (Gen:  0)
  1034944    137448  69044512  0.001  0.000    4.373   14.285    0    0  (Gen:  0)
  1035752    114072  69089640  0.000  0.000    4.374   14.285    0    0  (Gen:  0)
  1035152     96864  69136392  0.001  0.000    4.376   14.286    0    0  (Gen:  0)
  1033960    113872  69194992  0.001  0.000    4.377   14.287    0    0  (Gen:  0)
  1034536    135792  69263696  0.001  0.000    4.378   14.287    0    0  (Gen:  0)
  1035544    146776  69336504  0.001  0.000    4.380   14.288    0    0  (Gen:  0)
  1034440    144840  69403328  0.001  0.000    4.381   14.289    0    0  (Gen:  0)
  1034984    119928  69451568  0.001  0.000    4.383   14.290    0    0  (Gen:  0)
  1033144    127480  69527720  0.001  0.000    4.384   14.290    0    0  (Gen:  0)
  1035704    131872  69582776  0.001  0.000    4.386   14.291    0    0  (Gen:  0)
  1034160    120064  69643432  0.001  0.000    4.387   14.292    0    0  (Gen:  0)
  1037152    115256  69691232  0.001  0.000    4.388   14.292    0    0  (Gen:  0)
  1035496    117288  69756296  0.001  0.000    4.390   14.293    0    0  (Gen:  0)
  1208528    138888  69986944  0.001  0.000    4.391   14.294    0    0  (Gen:  0)
  1034112    137320  70052696  0.001  0.000    4.393   14.295    0    0  (Gen:  0)
  1517672    140448  70285064  0.001  0.000    4.395   14.295    0    0  (Gen:  0)
  1035760    119720  70330712  0.001  0.000    4.396   14.296    0    0  (Gen:  0)
  1553688    124976  70470600  0.001  0.000    4.398   14.297    0    0  (Gen:  0)
  1034184    134216  70522624  0.001  0.000    4.399   14.298    0    0  (Gen:  0)
  1034840    117368  70581632  0.001  0.000    4.400   14.298    0    0  (Gen:  0)
  1033384    149936  70665904  0.001  0.000    4.402   14.299    0    0  (Gen:  0)
  1032648     89032  70662320  0.001  0.000    4.403   14.300    0    0  (Gen:  0)
  1034728    107248  70720056  0.001  0.000    4.404   14.300    0    0  (Gen:  0)
  1033552    125560  70785592  0.001  0.000    4.406   14.301    0    0  (Gen:  0)
  1034152    126504  70840272  0.001  0.000    4.407   14.302    0    0  (Gen:  0)
  1034016    127248  70906816  0.001  0.000    4.409   14.302    0    0  (Gen:  0)
  1069792    128848  70997016  0.001  0.000    4.410   14.303    0    0  (Gen:  0)
  1035216    129272  71061224  0.001  0.000    4.411   14.304    0    0  (Gen:  0)
  1034472    129384  71121272  0.001  0.000    4.413   14.304    0    0  (Gen:  0)
  1034752    124880  71177352  0.001  0.000    4.414   14.305    0    0  (Gen:  0)
  1032824    122968  71234952  0.001  0.000    4.416   14.306    0    0  (Gen:  0)
  1089576    128568  71334072  0.001  0.000    4.417   14.307    0    0  (Gen:  0)
  1032976    145768  71405816  0.001  0.000    4.419   14.307    0    0  (Gen:  0)
  1035152    145536  71471936  0.001  0.000    4.421   14.308    0    0  (Gen:  0)
  1070104    122904  71554640  0.001  0.000    4.422   14.310    0    0  (Gen:  0)
  2368664    129584  71665784  0.001  0.000    4.425   14.312    0    0  (Gen:  0)
  1248576    128080  71678576  0.001  0.000    4.427   14.313    0    0  (Gen:  0)
  1037384     55968  71680952  0.000  0.000    4.428   14.314    0    0  (Gen:  0)
  1069344     19296  71726752  0.000  0.000    4.429   14.314    0    0  (Gen:  0)
  1547576     43208  71753544  0.000  0.000    4.430   14.316    0    0  (Gen:  0)
  1137104     55088  71775752  0.000  0.000    4.432   14.317    0    0  (Gen:  0)
  2605352     73536  71862600  0.000  0.000    4.435   14.320    0    0  (Gen:  0)
  2768200     72000  72126664  0.000  0.000    4.438   14.358    0    0  (Gen:  0)
  1039960     23576  72076672  0.000  0.000    4.438   14.359    0    0  (Gen:  0)
  1037520     11696  72083776  0.000  0.000    4.439   14.359    0    0  (Gen:  0)
  1039784      5816  72085880  0.000  0.000    4.440   14.360    0    0  (Gen:  0)
  1038264      4664  72086408  0.000  0.000    4.440   14.360    0    0  (Gen:  0)
  1036200     38048  72120160  0.000  0.000    4.441   14.361    0    0  (Gen:  0)
  1034528     91592  72178264  0.001  0.000    4.442   14.361    0    0  (Gen:  0)
  1035192    120464  72240088  0.001  0.000    4.443   14.362    0    0  (Gen:  0)
  1035760    122496  72295736  0.001  0.000    4.445   14.363    0    0  (Gen:  0)
  1034024    124968  72360440  0.001  0.000    4.446   14.363    0    0  (Gen:  0)
  1033056    139040  72428072  0.001  0.000    4.448   14.364    0    0  (Gen:  0)
  1035784    131920  72488024  0.001  0.000    4.449   14.365    0    0  (Gen:  0)
  1034424    133704  72553376  0.001  0.000    4.450   14.366    0    0  (Gen:  0)
  1035480    130304  72614136  0.001  0.000    4.452   14.366    0    0  (Gen:  0)
  1034632    134984  72683752  0.001  0.000    4.453   14.367    0    0  (Gen:  0)
  1035400    132928  72741968  0.001  0.000    4.455   14.368    0    0  (Gen:  0)
  1035632    138464  72817304  0.001  0.000    4.456   14.368    0    0  (Gen:  0)
  1035128    135536  72873152  0.001  0.000    4.458   14.369    0    0  (Gen:  0)
  1034040    120088  72929344  0.001  0.000    4.459   14.370    0    0  (Gen:  0)
  1035000    111936  72980936  0.001  0.000    4.460   14.370    0    0  (Gen:  0)
  1032704     80480  73002048  0.001  0.000    4.461   14.371    0    0  (Gen:  0)
  1034288     78904  73054216  0.001  0.000    4.462   14.371    0    0  (Gen:  0)
  1037344     99952  73097584  0.001  0.000    4.463   14.372    0    0  (Gen:  0)
  1035112     97232  73147328  0.000  0.000    4.464   14.373    0    0  (Gen:  0)
  1034704    114440  73204560  0.001  0.000    4.465   14.373    0    0  (Gen:  0)
  1035632    132360  73275744  0.001  0.000    4.467   14.374    0    0  (Gen:  0)
  1035608    143912  73343456  0.001  0.000    4.468   14.375    0    0  (Gen:  0)
  1036824    122104  73393600  0.001  0.000    4.470   14.376    0    0  (Gen:  0)
  1034408    125232  73463024  0.001  0.000    4.471   14.376    0    0  (Gen:  0)
  1035928    132344  73521664  0.001  0.000    4.473   14.377    0    0  (Gen:  0)
  1035544    124024  73580944  0.001  0.000    4.474   14.378    0    0  (Gen:  0)
  1035544    114008  73631528  0.001  0.000    4.475   14.378    0    0  (Gen:  0)
  1035368    114576  73690736  0.001  0.000    4.477   14.379    0    0  (Gen:  0)
  1033640    135240  73759688  0.001  0.000    4.478   14.380    0    0  (Gen:  0)
  1033920    139992  73823664  0.001  0.000    4.480   14.380    0    0  (Gen:  0)
  1035608    122136  73877584  0.001  0.000    4.481   14.381    0    0  (Gen:  0)
  1036384    100432  73920312  0.001  0.000    4.482   14.382    0    0  (Gen:  0)
  1358208    101008  73973664  0.001  0.000    4.483   14.382    0    0  (Gen:  0)
  1034544    108240  74022312  0.001  0.000    4.485   14.383    0    0  (Gen:  0)
  1033648    112584  74080000  0.001  0.000    4.486   14.384    0    0  (Gen:  0)
  1035272    120232  74136088  0.001  0.000    4.487   14.384    0    0  (Gen:  0)
  1033440    163112  74237560  0.001  0.000    4.488   14.385    0    0  (Gen:  0)
  1033080     80760  74210808  0.000  0.000    4.489   14.385    0    0  (Gen:  0)
  1034632    119184  74270384  0.001  0.000    4.491   14.386    0    0  (Gen:  0)
  1036752    123320  74329640  0.001  0.000    4.492   14.387    0    0  (Gen:  0)
  1032160    125792  74391520  0.001  0.000    4.493   14.387    0    0  (Gen:  0)
  1035792    130312  74453248  0.001  0.000    4.495   14.388    0    0  (Gen:  0)
  1035304    128304  74514328  0.001  0.000    4.496   14.389    0    0  (Gen:  0)
  1033152    133416  74578096  0.001  0.000    4.497   14.389    0    0  (Gen:  0)
  1033000    128624  74636808  0.001  0.000    4.499   14.390    0    0  (Gen:  0)
  1035232    125800  74694272  0.001  0.000    4.500   14.391    0    0  (Gen:  0)
  1034056    131392  74763152  0.000  0.000    4.501   14.391    0    0  (Gen:  0)
  1033248    143064  74830808  0.001  0.000    4.503   14.392    0    0  (Gen:  0)
  1035216    131264  74889792  0.001  0.000    4.504   14.393    0    0  (Gen:  0)
  1070704    107632  74969016  0.001  0.000    4.506   14.394    0    0  (Gen:  0)
  1039368    129600  75050096  0.001  0.000    4.507   14.395    0    0  (Gen:  0)
  1037672     91032  75057224  0.000  0.000    4.508   14.396    0    0  (Gen:  0)
  1037056     14328  75060512  0.000  0.000    4.509   14.396    0    0  (Gen:  0)
  2171024     35600  75139448  0.000  0.000    4.511   14.399    0    0  (Gen:  0)
  1035520     83880  75182528  0.001  0.000    4.513   14.399    0    0  (Gen:  0)
  1034288    125128  75251976  0.001  0.000    4.514   14.400    0    0  (Gen:  0)
  1034912    140216  75316992  0.001  0.000    4.516   14.401    0    0  (Gen:  0)
  1035064    131616  75377296  0.001  0.000    4.517   14.402    0    0  (Gen:  0)
  1034768    126016  75437864  0.001  0.000    4.518   14.402    0    0  (Gen:  0)
  1034256    129792  75501552  0.001  0.000    4.520   14.403    0    0  (Gen:  0)
  1032888    139496  75573488  0.001  0.000    4.521   14.404    0    0  (Gen:  0)
  1034200    140112  75639880  0.001  0.000    4.523   14.405    0    0  (Gen:  0)
  1070776     90808  75697440  0.001  0.000    4.524   14.406    0    0  (Gen:  0)
  1039216     73448  75739784  0.001  0.000    4.526   14.406    0    0  (Gen:  0)
  1787360     70824  75800128  0.001  0.000    4.528   14.408    0    0  (Gen:  0)
  1095920     56848  75844912  0.001  0.000    4.529   14.410    0    0  (Gen:  0)
  1036328     93824  75893952  0.001  0.000    4.530   14.410    0    0  (Gen:  0)
  1035152    125224  75956984  0.001  0.000    4.532   14.411    0    0  (Gen:  0)
  1033696    141904  76028520  0.001  0.000    4.533   14.412    0    0  (Gen:  0)
  1032936    148176  76100120  0.001  0.000    4.535   14.413    0    0  (Gen:  0)
  1034456    147432  76171304  0.001  0.000    4.536   14.413    0    0  (Gen:  0)
  1033440    141448  76237000  0.001  0.000    4.538   14.414    0    0  (Gen:  0)
  1709496    107784  76501224  0.001  0.000    4.540   14.415    0    0  (Gen:  0)
  2959056    104160  76845592  0.000  0.000    4.543   14.418    0    0  (Gen:  0)
  1166128    149520  77012320  0.001  0.000    4.544   14.419    0    0  (Gen:  0)
  1034552    135784  77070672  0.001  0.000    4.546   14.420    0    0  (Gen:  0)
  1035032    136616  77144568  0.001  0.000    4.547   14.420    0    0  (Gen:  0)
  3004736    169088  77341864  0.001  0.000    4.551   14.423    0    0  (Gen:  0)
  1159432    125736  77394240  0.000  0.000    4.552   14.424    0    0  (Gen:  0)
  1034048    105856  77450096  0.001  0.000    4.553   14.425    0    0  (Gen:  0)
  1032104    140888  77522208  0.001  0.000    4.555   14.425    0    0  (Gen:  0)
  1031352    157248  77600432  0.001  0.000    4.556   14.426    0    0  (Gen:  0)
  1032208    145720  77663552  0.001  0.000    4.558   14.427    0    0  (Gen:  0)
  1034880    135952  77730872  0.001  0.000    4.559   14.428    0    0  (Gen:  0)
  1035576    132848  77790240  0.001  0.000    4.560   14.428    0    0  (Gen:  0)
  1031880    141904  77863272  0.001  0.000    4.562   14.429    0    0  (Gen:  0)
  1031088    153328  77938536  0.001  0.000    4.563   14.430    0    0  (Gen:  0)
  1072744    123296  78010432  0.000  0.000    4.564   14.431    0    0  (Gen:  0)
  1734152     64560  78031656  0.000  0.000    4.567   14.432    0    0  (Gen:  0)
  1103320     50520  78081160  0.000  0.000    4.568   14.433    0    0  (Gen:  0)
  1036944     79696  78130504  0.000  0.000    4.569   14.434    0    0  (Gen:  0)
  1036600    112248  78182816  0.001  0.000    4.570   14.435    0    0  (Gen:  0)
  1035984    105864  78230760  0.001  0.000    4.571   14.435    0    0  (Gen:  0)
  1034384    116472  78293856  0.001  0.000    4.572   14.436    0    0  (Gen:  0)
  1034304    133208  78358200  0.001  0.000    4.574   14.437    0    0  (Gen:  0)
  1035512    143640  78431528  0.001  0.000    4.575   14.438    0    0  (Gen:  0)
  1035032    142808  78494704  0.001  0.000    4.577   14.438    0    0  (Gen:  0)
  1036296    120904  78547432  0.001  0.000    4.578   14.439    0    0  (Gen:  0)
  1034232    127320  78611144  0.001  0.000    4.580   14.440    0    0  (Gen:  0)
  1034744    138416  78679696  0.001  0.000    4.581   14.440    0    0  (Gen:  0)
  1034168    139344  78744952  0.001  0.000    4.582   14.441    0    0  (Gen:  0)
  1033944    135096  78809872  0.001  0.000    4.584   14.442    0    0  (Gen:  0)
  1153904    109664  78878720  0.000  0.000    4.586   14.443    0    0  (Gen:  0)
  1068728     55560  78896160  0.000  0.000    4.587   14.444    0    0  (Gen:  0)
  2094056     55584  78933504  0.000  0.000    4.589   14.446    0    0  (Gen:  0)
  3029544     98056  78966776  0.000  0.000    4.592   14.449    0    0  (Gen:  0)
  1141432     69480  79009680  0.000  0.000    4.593   14.450    0    0  (Gen:  0)
  1122496     28544  79069912  0.000  0.000    4.594   14.451    0    0  (Gen:  0)
  1035864     74096  79117144  0.001  0.000    4.595   14.451    0    0  (Gen:  0)
  1035824     99152  79152512  0.001  0.000    4.597   14.452    0    0  (Gen:  0)
  1036280    103640  79215192  0.001  0.000    4.598   14.453    0    0  (Gen:  0)
  1036032    114792  79267040  0.001  0.000    4.599   14.453    0    0  (Gen:  0)
  1033256    129920  79342672  0.001  0.000    4.601   14.454    0    0  (Gen:  0)
  1033808    141496  79401944  0.001  0.000    4.602   14.455    0    0  (Gen:  0)
  1036168    130920  79466592  0.001  0.000    4.603   14.456    0    0  (Gen:  0)
  1035032    139264  79536208  0.001  0.000    4.605   14.456    0    0  (Gen:  0)
  1034872    149736  79611984  0.001  0.000    4.606   14.457    0    0  (Gen:  0)
  1032480    155080  79682720  0.001  0.000    4.608   14.458    0    0  (Gen:  0)
  1033752    145856  79748088  0.001  0.000    4.610   14.459    0    0  (Gen:  0)
  1035184    142520  79817144  0.001  0.000    4.611   14.459    0    0  (Gen:  0)
  1033624    143216  79884584  0.001  0.000    4.613   14.460    0    0  (Gen:  0)
  1034152    136528  79950248  0.001  0.000    4.614   14.461    0    0  (Gen:  0)
  1034104    150664  80034792  0.001  0.000    4.616   14.462    0    0  (Gen:  0)
  1035080    161536  80107896  0.001  0.000    4.617   14.463    0    0  (Gen:  0)
  1034832    149328  80179792  0.001  0.000    4.619   14.463    0    0  (Gen:  0)
  1034400    146544  80250024  0.001  0.000    4.621   14.464    0    0  (Gen:  0)
  1035328    145152  80318648  0.001  0.000    4.622   14.465    0    0  (Gen:  0)
  1035992    142848  80388504  0.001  0.000    4.624   14.466    0    0  (Gen:  0)
  1033944    145192  80458424  0.001  0.000    4.625   14.466    0    0  (Gen:  0)
  1034824    143416  80527304  0.001  0.000    4.627   14.467    0    0  (Gen:  0)
  1035584    151872  80603528  0.001  0.000    4.628   14.468    0    0  (Gen:  0)
  1034424    159640  80681960  0.001  0.000    4.630   14.469    0    0  (Gen:  0)
  1034200    167144  80763640  0.001  0.000    4.632   14.470    0    0  (Gen:  0)
  1033848    141808  80818448  0.001  0.000    4.633   14.470    0    0  (Gen:  0)
  1035600    127120  80886192  0.001  0.000    4.635   14.471    0    0  (Gen:  0)
  1035160    143952  80957184  0.001  0.000    4.636   14.472    0    0  (Gen:  0)
  1908840    177568  81089776  0.001  0.000    4.639   14.473    0    0  (Gen:  0)
  1037488    106592  81091328  0.000  0.000    4.640   14.474    0    0  (Gen:  0)
  1037568     14704  81096960  0.000  0.000    4.641   14.475    0    0  (Gen:  0)
  1634640     38704  81172768  0.000  0.000    4.643   14.477    0    0  (Gen:  0)
  1037592     84016  81214560  0.001  0.000    4.644   14.478    0    0  (Gen:  0)
  1035368     88376  81248320  0.001  0.000    4.645   14.478    0    0  (Gen:  0)
  1067152     59160  81300440  0.000  0.000    4.646   14.479    0    0  (Gen:  0)
  1329776     46816  81331424  0.000  0.000    4.648   14.481    0    0  (Gen:  0)
  1164952     28504  81345192  0.000  0.000    4.649   14.481    0    0  (Gen:  0)
  1036528     48288  81383184  0.000  0.000    4.650   14.482    0    0  (Gen:  0)
  1032784    114440  81455824  0.001  0.000    4.651   14.483    0    0  (Gen:  0)
  1032240    144696  81524096  0.001  0.000    4.653   14.484    0    0  (Gen:  0)
  1606088    141616  81590864  0.001  0.000    4.655   14.485    0    0  (Gen:  0)
  1506904     91240  81646328  0.000  0.000    4.657   14.487    0    0  (Gen:  0)
  1199536    126056  81746600  0.000  0.000    4.658   14.488    0    0  (Gen:  0)
  1101096    140688  81775904  0.001  0.000    4.659   14.489    0    0  (Gen:  0)
  1836040    101792  81838312  0.000  0.000    4.662   14.491    0    0  (Gen:  0)
  1103856     32296  81863544  0.000  0.000    4.663   14.492    0    0  (Gen:  0)
  1365976     21632  82047424  0.000  0.000    4.664   14.526    0    0  (Gen:  0)
  1040624     15080  82008688  0.000  0.000    4.665   14.526    0    0  (Gen:  0)
  1039112      6744  82008192  0.000  0.000    4.666   14.527    0    0  (Gen:  0)
  1039688      9504  82016768  0.000  0.000    4.666   14.527    0    0  (Gen:  0)
  1039560      5624  82017096  0.000  0.000    4.667   14.528    0    0  (Gen:  0)
  1038712      4816  82017816  0.000  0.000    4.667   14.528    0    0  (Gen:  0)
  1038816     14640  82027992  0.000  0.000    4.668   14.528    0    0  (Gen:  0)
  1033792     78272  82091864  0.000  0.000    4.669   14.529    0    0  (Gen:  0)
  1032912    150424  82170296  0.001  0.000    4.670   14.530    0    0  (Gen:  0)
  1036120    157320  82245464  0.001  0.000    4.672   14.531    0    0  (Gen:  0)
  1034336    153600  82319824  0.001  0.000    4.673   14.531    0    0  (Gen:  0)
  1033768    152480  82392464  0.001  0.000    4.675   14.532    0    0  (Gen:  0)
  1034392    145936  82461176  0.001  0.000    4.677   14.533    0    0  (Gen:  0)
  1068528    144944  82565736  0.001  0.000    4.678   14.534    0    0  (Gen:  0)
  1036224    140264  82629640  0.001  0.000    4.680   14.534    0    0  (Gen:  0)
  1033440    142352  82703536  0.001  0.000    4.681   14.535    0    0  (Gen:  0)
  1603200    121064  82777336  0.001  0.000    4.683   14.537    0    0  (Gen:  0)
  1037248     47432  82779368  0.000  0.000    4.684   14.537    0    0  (Gen:  0)
  1037728     11888  82782664  0.000  0.000    4.685   14.538    0    0  (Gen:  0)
  1870776     31904  82842256  0.000  0.000    4.687   14.540    0    0  (Gen:  0)
  1200728     45128  82967552  0.000  0.000    4.688   14.541    0    0  (Gen:  0)
  1034600     80904  83019000  0.001  0.000    4.689   14.541    0    0  (Gen:  0)
  1036528     99160  83057360  0.001  0.000    4.690   14.542    0    0  (Gen:  0)
  1035584     94928  83108896  0.001  0.000    4.692   14.543    0    0  (Gen:  0)
  1035032    118480  83171232  0.001  0.000    4.693   14.543    0    0  (Gen:  0)
  1035280    135568  83238816  0.001  0.000    4.694   14.544    0    0  (Gen:  0)
  1034904    137568  83303048  0.001  0.000    4.696   14.545    0    0  (Gen:  0)
  1033808    139832  83373688  0.001  0.000    4.697   14.545    0    0  (Gen:  0)
  1034408    143528  83440552  0.001  0.000    4.698   14.546    0    0  (Gen:  0)
  1307440    143312  83772848  0.001  0.000    4.700   14.547    0    0  (Gen:  0)
  1033496    143968  83840072  0.001  0.000    4.701   14.548    0    0  (Gen:  0)
  1557024    168232  84034864  0.001  0.000    4.703   14.549    0    0  (Gen:  0)
  1034688    171696  84104344  0.001  0.000    4.704   14.549    0    0  (Gen:  0)
  1104800    143936  84239928  0.001  0.000    4.706   14.550    0    0  (Gen:  0)
  1033880    136488  84301704  0.001  0.000    4.707   14.551    0    0  (Gen:  0)
  1035152    132504  84366504  0.001  0.000    4.708   14.551    0    0  (Gen:  0)
  1032448    136928  84433112  0.001  0.000    4.710   14.552    0    0  (Gen:  0)
  1034192    138344  84499480  0.001  0.000    4.711   14.553    0    0  (Gen:  0)
  1032848  67088896  71926808  0.168  0.051    4.880   14.604    0    0  (Gen:  1)
  1545832    149184  72164336  0.001  0.000    4.882   14.606    0    0  (Gen:  0)
  1033368    144160  72229304  0.001  0.000    4.883   14.606    0    0  (Gen:  0)
  1034696    138528  72294288  0.001  0.000    4.885   14.607    0    0  (Gen:  0)
  1032440    145248  72372640  0.001  0.000    4.886   14.608    0    0  (Gen:  0)
  1034376    154032  72448048  0.001  0.000    4.888   14.608    0    0  (Gen:  0)
  1031288    155824  72523968  0.001  0.000    4.889   14.609    0    0  (Gen:  0)
  1034400    149240  72592856  0.001  0.000    4.891   14.610    0    0  (Gen:  0)
  1034224    144304  72662440  0.001  0.000    4.892   14.610    0    0  (Gen:  0)
  1034664    141360  72728872  0.001  0.000    4.894   14.611    0    0  (Gen:  0)
  1035520    154912  72805816  0.001  0.000    4.895   14.612    0    0  (Gen:  0)
  1034248    156656  72880224  0.001  0.000    4.897   14.613    0    0  (Gen:  0)
  1034240    150176  72950000  0.001  0.000    4.899   14.614    0    0  (Gen:  0)
  1032136    145952  73021496  0.001  0.000    4.900   14.614    0    0  (Gen:  0)
  1033408    139640  73084368  0.001  0.000    4.902   14.615    0    0  (Gen:  0)
  1034928    141512  73155784  0.001  0.000    4.903   14.616    0    0  (Gen:  0)
  1034312    143600  73223640  0.001  0.000    4.905   14.616    0    0  (Gen:  0)
  1034944    139312  73289544  0.001  0.000    4.906   14.617    0    0  (Gen:  0)
  1034752    136296  73355016  0.001  0.000    4.907   14.618    0    0  (Gen:  0)
  1034512    134784  73419352  0.001  0.000    4.909   14.618    0    0  (Gen:  0)
  1034432    134880  73484696  0.001  0.000    4.910   14.619    0    0  (Gen:  0)
  1035056    141080  73555304  0.001  0.000    4.911   14.620    0    0  (Gen:  0)
  1033792    139760  73619376  0.001  0.000    4.913   14.620    0    0  (Gen:  0)
  1034904    139248  73689112  0.001  0.000    4.914   14.621    0    0  (Gen:  0)
  1033200    144416  73758512  0.001  0.000    4.916   14.622    0    0  (Gen:  0)
  1033792    133168  73816752  0.001  0.000    4.917   14.622    0    0  (Gen:  0)
  1035304    116992  73868712  0.001  0.000    4.918   14.623    0    0  (Gen:  0)
  1034496    110984  73920872  0.001  0.000    4.920   14.624    0    0  (Gen:  0)
  1035208    121656  73989968  0.001  0.000    4.921   14.624    0    0  (Gen:  0)
  1034128    145808  74063224  0.001  0.000    4.923   14.625    0    0  (Gen:  0)
  1034368    150656  74134488  0.001  0.000    4.924   14.626    0    0  (Gen:  0)
  1035848    145824  74203488  0.001  0.000    4.926   14.627    0    0  (Gen:  0)
  1034496    146240  74272384  0.001  0.000    4.927   14.628    0    0  (Gen:  0)
  1035136    141632  74339552  0.001  0.000    4.929   14.628    0    0  (Gen:  0)
  1033160    145280  74412232  0.001  0.000    4.930   14.629    0    0  (Gen:  0)
  1034264    151808  74485040  0.001  0.000    4.932   14.630    0    0  (Gen:  0)
  1036248    146760  74550336  0.001  0.000    4.933   14.630    0    0  (Gen:  0)
  1034392    121832  74602280  0.001  0.000    4.935   14.631    0    0  (Gen:  0)
  1035360    115216  74657040  0.001  0.000    4.936   14.632    0    0  (Gen:  0)
  1034808    117224  74719208  0.001  0.000    4.938   14.633    0    0  (Gen:  0)
  1035192    125336  74780872  0.001  0.000    4.939   14.633    0    0  (Gen:  0)
  1034560    138632  74851584  0.001  0.000    4.940   14.634    0    0  (Gen:  0)
  1033544    145040  74920352  0.001  0.000    4.942   14.635    0    0  (Gen:  0)
  1035072    147120  74992888  0.001  0.000    4.943   14.635    0    0  (Gen:  0)
  1036432    134624  75050624  0.001  0.000    4.945   14.636    0    0  (Gen:  0)
  1034672    137856  75125248  0.001  0.000    4.946   14.637    0    0  (Gen:  0)
  1036992    129448  75171672  0.001  0.000    4.948   14.638    0    0  (Gen:  0)
  1034008    124320  75240576  0.001  0.000    4.949   14.638    0    0  (Gen:  0)
  1034720    143632  75309760  0.001  0.000    4.951   14.639    0    0  (Gen:  0)
  1070840    107168  75373296  0.001  0.000    4.953   14.640    0    0  (Gen:  0)
  1074000     82184  75454136  0.001  0.000    4.954   14.641    0    0  (Gen:  0)
  1038144     63344  75464896  0.000  0.000    4.955   14.642    0    0  (Gen:  0)
  1069088     31272  75513240  0.000  0.000    4.956   14.643    0    0  (Gen:  0)
  1169024     44088  75540072  0.000  0.000    4.958   14.644    0    0  (Gen:  0)
  2824240     73680  75584672  0.000  0.000    4.960   14.646    0    0  (Gen:  0)
  1503600    117848  75654096  0.001  0.000    4.962   14.648    0    0  (Gen:  0)
  2272488     46368  75709368  0.000  0.000    4.964   14.650    0    0  (Gen:  0)
  1034992     73872  75744288  0.001  0.000    4.966   14.651    0    0  (Gen:  0)
  1033640    118800  75815536  0.001  0.000    4.967   14.652    0    0  (Gen:  0)
  1034928    141144  75880384  0.001  0.000    4.969   14.652    0    0  (Gen:  0)
  1033840    140296  75951136  0.001  0.000    4.970   14.653    0    0  (Gen:  0)
  1035384    144512  76019416  0.001  0.000    4.972   14.654    0    0  (Gen:  0)
  1035856    131640  76077848  0.001  0.000    4.973   14.655    0    0  (Gen:  0)
  1035680    118744  76128952  0.001  0.000    4.975   14.655    0    0  (Gen:  0)
  1035096    123264  76192888  0.001  0.000    4.976   14.656    0    0  (Gen:  0)
  1783528    129872  76284872  0.001  0.000    4.978   14.658    0    0  (Gen:  0)
  1928464     80000  76304760  0.001  0.000    4.981   14.660    0    0  (Gen:  0)
  1085728     67992  76353840  0.001  0.000    4.982   14.661    0    0  (Gen:  0)
  1033368    122848  76420720  0.001  0.000    4.983   14.662    0    0  (Gen:  0)
  1034840    175952  76515448  0.001  0.000    4.985   14.662    0    0  (Gen:  0)
  1778264    134464  76550016  0.001  0.000    4.987   14.664    0    0  (Gen:  0)
  1293328     61280  76661968  0.000  0.000    4.990   14.698    0    0  (Gen:  0)
  1041608     19136  76610784  0.000  0.000    4.990   14.698    0    0  (Gen:  0)
  1038144      4664  76611176  0.000  0.000    4.991   14.698    0    0  (Gen:  0)
  1039592      8080  76615016  0.000  0.000    4.991   14.699    0    0  (Gen:  0)
  1038768      7304  76620768  0.000  0.000    4.992   14.699    0    0  (Gen:  0)
  1034432     51328  76666512  0.000  0.000    4.993   14.700    0    0  (Gen:  0)
  1070176     90592  76742832  0.000  0.000    4.994   14.701    0    0  (Gen:  0)
  1766624     67704  76770200  0.000  0.000    4.996   14.703    0    0  (Gen:  0)
  1036744     73256  76808040  0.001  0.000    4.998   14.704    0    0  (Gen:  0)
  1869672    101208  76891112  0.000  0.000    4.999   14.705    0    0  (Gen:  0)
  2594080     75320  76935088  0.000  0.000    5.002   14.708    0    0  (Gen:  0)
  1034896     79568  76975552  0.001  0.000    5.003   14.708    0    0  (Gen:  0)
  1034352    119616  77046120  0.001  0.000    5.005   14.709    0    0  (Gen:  0)
  1033064    149584  77124848  0.001  0.000    5.006   14.710    0    0  (Gen:  0)
  1033936    154384  77195960  0.001  0.000    5.008   14.711    0    0  (Gen:  0)
  1031760    150712  77270456  0.001  0.000    5.009   14.711    0    0  (Gen:  0)
  1034872    154768  77345952  0.001  0.000    5.011   14.712    0    0  (Gen:  0)
  1035400    150856  77416288  0.001  0.000    5.012   14.713    0    0  (Gen:  0)
  1030256    140016  77481736  0.001  0.000    5.014   14.714    0    0  (Gen:  0)
  1230832    115208  77522976  0.001  0.000    5.016   14.715    0    0  (Gen:  0)
  1067240     51160  77560768  0.000  0.000    5.017   14.716    0    0  (Gen:  0)
  1240128     40392  77622240  0.000  0.000    5.018   14.717    0    0  (Gen:  0)
  1083880     52648  77659120  0.000  0.000    5.019   14.718    0    0  (Gen:  0)
  1038984     86312  77670320  0.001  0.000    5.021   14.719    0    0  (Gen:  0)
  1068936     78096  77685392  0.000  0.000    5.022   14.720    0    0  (Gen:  0)
  1879192     53976  77758848  0.000  0.000    5.024   14.722    0    0  (Gen:  0)
  1029600     86528  77806768  0.000  0.000    5.025   14.723    0    0  (Gen:  0)
  1306736     83680  77859496  0.001  0.000    5.027   14.724    0    0  (Gen:  0)
  1965792     49424  77894208  0.000  0.000    5.029   14.726    0    0  (Gen:  0)
  1038384     76784  77895992  0.000  0.000    5.030   14.727    0    0  (Gen:  0)
  1071696     64728  77936816  0.000  0.000    5.032   14.728    0    0  (Gen:  0)
  2357896     69928  78041496  0.000  0.000    5.034   14.730    0    0  (Gen:  0)
  1034584    127616  78106504  0.001  0.000    5.035   14.731    0    0  (Gen:  0)
  1035840    143496  78171080  0.001  0.000    5.037   14.732    0    0  (Gen:  0)
  1034728    148848  78245720  0.001  0.000    5.038   14.733    0    0  (Gen:  0)
  1070640    115856  78311072  0.001  0.000    5.040   14.734    0    0  (Gen:  0)
  1070048     64272  78304696  0.000  0.000    5.041   14.735    0    0  (Gen:  0)
  1694360     49304  78362520  0.000  0.000    5.043   14.737    0    0  (Gen:  0)
  1082376     55360  78395816  0.000  0.000    5.045   14.738    0    0  (Gen:  0)
  1033232     97272  78450264  0.001  0.000    5.046   14.738    0    0  (Gen:  0)
  1072408     94656  78506848  0.000  0.000    5.047   14.739    0    0  (Gen:  0)
  1431888     42536  78526672  0.000  0.000    5.049   14.741    0    0  (Gen:  0)
  1197840     62600  78572528  0.000  0.000    5.050   14.742    0    0  (Gen:  0)
  1073624     73248  78593568  0.001  0.000    5.052   14.743    0    0  (Gen:  0)
  1800720     55144  78616648  0.000  0.000    5.054   14.745    0    0  (Gen:  0)
  1035904     76112  78654888  0.001  0.000    5.055   14.746    0    0  (Gen:  0)
  1071008     68736  78704496  0.000  0.000    5.056   14.747    0    0  (Gen:  0)
  2719896     57104  79189944  0.000  0.000    5.059   14.750    0    0  (Gen:  0)
  1040248     49208  79188952  0.000  0.000    5.060   14.750    0    0  (Gen:  0)
  1034056     63456  79245624  0.000  0.000    5.061   14.751    0    0  (Gen:  0)
  1034920    113632  79302632  0.001  0.000    5.062   14.752    0    0  (Gen:  0)
  1032808    122728  79368024  0.001  0.000    5.064   14.752    0    0  (Gen:  0)
  1035240    120744  79417120  0.001  0.000    5.065   14.753    0    0  (Gen:  0)
  1036504    106640  79468200  0.001  0.000    5.066   14.754    0    0  (Gen:  0)
  1035384    107352  79519248  0.001  0.000    5.068   14.754    0    0  (Gen:  0)
  1034056    118120  79579864  0.001  0.000    5.069   14.755    0    0  (Gen:  0)
  1034920    128688  79639496  0.001  0.000    5.070   14.756    0    0  (Gen:  0)
  1035256    115536  79689896  0.001  0.000    5.072   14.756    0    0  (Gen:  0)
  1959856    138232  79805832  0.001  0.000    5.074   14.758    0    0  (Gen:  0)
  2674232    154792  79885288  0.001  0.000    5.077   14.761    0    0  (Gen:  0)
  1065928     79424  79918608  0.000  0.000    5.078   14.761    0    0  (Gen:  0)
  1853072     48176  80002648  0.000  0.000    5.081   14.764    0    0  (Gen:  0)
  1037104     85408  80038288  0.001  0.000    5.082   14.764    0    0  (Gen:  0)
  2158376    106672  80162200  0.000  0.000    5.084   14.766    0    0  (Gen:  0)
  2321432    114544  80240488  0.001  0.000    5.087   14.768    0    0  (Gen:  0)
  1036280     95048  80271312  0.001  0.000    5.088   14.769    0    0  (Gen:  0)
  1035344    103696  80330264  0.001  0.000    5.089   14.770    0    0  (Gen:  0)
  1034320    119432  80390504  0.001  0.000    5.091   14.770    0    0  (Gen:  0)
  1035256    117936  80444640  0.001  0.000    5.092   14.771    0    0  (Gen:  0)
  1035816     98104  80484216  0.001  0.000    5.093   14.772    0    0  (Gen:  0)
  1035344    100328  80534944  0.001  0.000    5.094   14.772    0    0  (Gen:  0)
  1037016    103000  80583104  0.001  0.000    5.095   14.773    0    0  (Gen:  0)
  1571464    134248  80697720  0.001  0.000    5.097   14.774    0    0  (Gen:  0)
  1037792     96392  80706960  0.001  0.000    5.099   14.775    0    0  (Gen:  0)
  1989952     39440  80784512  0.000  0.000    5.101   14.777    0    0  (Gen:  0)
  1037848     58496  80801024  0.000  0.000    5.102   14.778    0    0  (Gen:  0)
  1036872     78832  80849440  0.001  0.000    5.103   14.779    0    0  (Gen:  0)
  1037896     74512  80871176  0.001  0.000    5.104   14.779    0    0  (Gen:  0)
  1036736     84632  80925696  0.001  0.000    5.106   14.780    0    0  (Gen:  0)
  2851520    112632  81024984  0.001  0.000    5.109   14.783    0    0  (Gen:  0)
  1034384    134152  81084736  0.001  0.000    5.111   14.784    0    0  (Gen:  0)
  1033888    144472  81156632  0.001  0.000    5.112   14.785    0    0  (Gen:  0)
  1103248    119360  81235752  0.001  0.000    5.114   14.786    0    0  (Gen:  0)
  3443440     80664  81495848  0.000  0.000    5.118   14.824    0    0  (Gen:  0)
  1042072     45416  81445560  0.000  0.000    5.118   14.824    0    0  (Gen:  0)
  1038312      4768  81445912  0.000  0.000    5.119   14.824    0    0  (Gen:  0)
  1074200     11152  81485456  0.000  0.000    5.119   14.825    0    0  (Gen:  0)
  1037896      6696  81487584  0.000  0.000    5.120   14.825    0    0  (Gen:  0)
  1035128     38440  81521920  0.000  0.000    5.121   14.826    0    0  (Gen:  0)
  1069624     50192  81566408  0.000  0.000    5.122   14.827    0    0  (Gen:  0)
  1744576     34168  81586920  0.000  0.000    5.124   14.829    0    0  (Gen:  0)
  1127112     43760  81645960  0.000  0.000    5.125   14.830    0    0  (Gen:  0)
  1033152     88216  81701640  0.001  0.000    5.126   14.831    0    0  (Gen:  0)
  1033408    125008  81759096  0.001  0.000    5.128   14.831    0    0  (Gen:  0)
  1035496    127136  81824280  0.001  0.000    5.129   14.832    0    0  (Gen:  0)
  1068816    112920  81897984  0.001  0.000    5.131   14.833    0    0  (Gen:  0)
  1069480     78888  81899088  0.000  0.000    5.132   14.834    0    0  (Gen:  0)
  2509472     67320  82053672  0.000  0.000    5.135   14.837    0    0  (Gen:  0)
  1034408    102816  82107016  0.001  0.000    5.136   14.838    0    0  (Gen:  0)
  1035888    128896  82169944  0.001  0.000    5.138   14.838    0    0  (Gen:  0)
  1035936    124200  82226632  0.001  0.000    5.139   14.839    0    0  (Gen:  0)
  1034848    122408  82287168  0.001  0.000    5.140   14.840    0    0  (Gen:  0)
  1037632    113552  82334768  0.001  0.000    5.142   14.841    0    0  (Gen:  0)
  1137152    104096  82450056  0.000  0.000    5.143   14.841    0    0  (Gen:  0)
  1037848     58888  82453104  0.000  0.000    5.144   14.842    0    0  (Gen:  0)
  2512024     45824  82571152  0.000  0.000    5.147   14.845    0    0  (Gen:  0)
  1035184     96240  82616800  0.001  0.000    5.148   14.846    0    0  (Gen:  0)
  1032488    133216  82687992  0.001  0.000    5.150   14.846    0    0  (Gen:  0)
  1031864    137320  82748968  0.001  0.000    5.151   14.847    0    0  (Gen:  0)
  1035920    143352  82826864  0.001  0.000    5.153   14.848    0    0  (Gen:  0)
  1104504    124672  82934176  0.001  0.000    5.154   14.849    0    0  (Gen:  0)
  2744824     96360  82998424  0.000  0.000    5.157   14.852    0    0  (Gen:  0)
  1035048    109656  83045312  0.001  0.000    5.159   14.852    0    0  (Gen:  0)
  1030960    111736  83101384  0.001  0.000    5.160   14.853    0    0  (Gen:  0)
  1499448     83896  83155424  0.000  0.000    5.162   14.855    0    0  (Gen:  0)
  1115736     49320  83189960  0.000  0.000    5.163   14.856    0    0  (Gen:  0)
  1909032     86464  83235480  0.001  0.000    5.165   14.858    0    0  (Gen:  0)
  2927328    111952  83490152  0.001  0.000    5.168   14.861    0    0  (Gen:  0)
  1032336    120368  83549712  0.001  0.000    5.170   14.861    0    0  (Gen:  0)
  1072560    146120  83655504  0.001  0.000    5.171   14.862    0    0  (Gen:  0)
  1032616    151576  83729272  0.001  0.000    5.173   14.863    0    0  (Gen:  0)
  1067936    157832  83838176  0.001  0.000    5.174   14.864    0    0  (Gen:  0)
  1033976    162984  83917648  0.001  0.000    5.176   14.865    0    0  (Gen:  0)
  1032888    162848  83994272  0.001  0.000    5.177   14.865    0    0  (Gen:  0)
  1034256    167048  84079128  0.001  0.000    5.179   14.866    0    0  (Gen:  0)
  1068224    167704  84190344  0.001  0.000    5.181   14.867    0    0  (Gen:  0)
  1033984    149448  84256048  0.001  0.000    5.182   14.868    0    0  (Gen:  0)
  1072440    102600  84321416  0.000  0.000    5.183   14.868    0    0  (Gen:  0)
  1037352     69952  84358784  0.000  0.000    5.184   14.869    0    0  (Gen:  0)
  1036872     83904  84401296  0.000  0.000    5.185   14.869    0    0  (Gen:  0)
  1035224    101856  84456720  0.000  0.000    5.186   14.870    0    0  (Gen:  0)
  1035512    137448  84526616  0.001  0.000    5.188   14.871    0    0  (Gen:  0)
  1034392    139248  84591888  0.001  0.000    5.189   14.871    0    0  (Gen:  0)
  1032392    138552  84660800  0.001  0.000    5.191   14.872    0    0  (Gen:  0)
  1032856    148072  84733168  0.001  0.000    5.192   14.873    0    0  (Gen:  0)
  1032872    144240  84800648  0.001  0.000    5.193   14.873    0    0  (Gen:  0)
  1034936    140736  84869320  0.001  0.000    5.195   14.874    0    0  (Gen:  0)
  1032592    143384  84938680  0.001  0.000    5.196   14.875    0    0  (Gen:  0)
  1035320    139080  85002840  0.001  0.000    5.198   14.876    0    0  (Gen:  0)
  1071648    115640  85080224  0.000  0.000    5.200   14.877    0    0  (Gen:  0)
  1072960     76976  85141064  0.000  0.000    5.201   14.878    0    0  (Gen:  0)
  1035224     34920  85145256  0.000  0.000    5.202   14.878    0    0  (Gen:  0)
  1960752     34304  85227552  0.000  0.000    5.204   14.881    0    0  (Gen:  0)
  1696032     40312  85379368  0.000  0.000    5.206   14.913    0    0  (Gen:  0)
  1041312     12624  85337480  0.000  0.000    5.207   14.913    0    0  (Gen:  0)
  1039576      6520  85339816  0.000  0.000    5.207   14.914    0    0  (Gen:  0)
  1039616      9736  85348520  0.000  0.000    5.208   14.915    0    0  (Gen:  0)
  1039408      8056  85350816  0.000  0.000    5.208   14.915    0    0  (Gen:  0)
  1039128      4552  85349320  0.000  0.000    5.209   14.915    0    0  (Gen:  0)
  1035184     28664  85373808  0.000  0.000    5.210   14.916    0    0  (Gen:  0)
  1032480     97592  85443000  0.001  0.000    5.211   14.916    0    0  (Gen:  0)
  1035088    138208  85508208  0.001  0.000    5.212   14.917    0    0  (Gen:  0)
  1034600    132144  85569192  0.001  0.000    5.214   14.918    0    0  (Gen:  0)
  1034488    144328  85647328  0.001  0.000    5.215   14.919    0    0  (Gen:  0)
  1034648    153288  85715992  0.001  0.000    5.217   14.919    0    0  (Gen:  0)
  1037232    132976  85773736  0.001  0.000    5.218   14.920    0    0  (Gen:  0)
  1035208    138768  85854688  0.001  0.000    5.220   14.921    0    0  (Gen:  0)
  1034976    160784  85932552  0.001  0.000    5.221   14.922    0    0  (Gen:  0)
  1034264    157656  86006664  0.001  0.000    5.223   14.923    0    0  (Gen:  0)
  1036560    126328  86054656  0.001  0.000    5.224   14.923    0    0  (Gen:  0)
  3065712    126936  86165720  0.001  0.000    5.228   14.926    0    0  (Gen:  0)
  1697232     98072  86189640  0.000  0.000    5.230   14.928    0    0  (Gen:  0)
  1674648     92480  86248936  0.000  0.000    5.232   14.929    0    0  (Gen:  0)
  1844368     67944  86293968  0.000  0.000    5.233   14.931    0    0  (Gen:  0)
  1930696     59472  86324672  0.000  0.000    5.235   14.933    0    0  (Gen:  0)
  1119384     91960  86359832  0.000  0.000    5.237   14.934    0    0  (Gen:  0)
  1102240    131336  86542232  0.001  0.000    5.238   14.935    0    0  (Gen:  0)
  1067872    116904  86683456  0.001  0.000    5.240   14.936    0    0  (Gen:  0)
  2015944     66632  86820456  0.000  0.000    5.242   14.938    0    0  (Gen:  0)
  2059424    113080  86863968  0.001  0.000    5.244   14.940    0    0  (Gen:  0)
  1854320     90480  86898792  0.000  0.000    5.246   14.942    0    0  (Gen:  0)
  1354776     40704  87078656  0.000  0.000    5.248   14.974    0    0  (Gen:  0)
  1040704     13920  87084248  0.000  0.000    5.249   14.974    0    0  (Gen:  0)
  1038304      8232  87087144  0.000  0.000    5.249   14.974    0    0  (Gen:  0)
  1039752      6112  87091488  0.000  0.000    5.250   14.975    0    0  (Gen:  0)
  1038616      4992  87092360  0.000  0.000    5.250   14.975    0    0  (Gen:  0)
  1035976     49064  87136744  0.000  0.000    5.251   14.976    0    0  (Gen:  0)
  1036400    120784  87208792  0.001  0.000    5.252   14.976    0    0  (Gen:  0)
  1034536    138776  87270800  0.001  0.000    5.254   14.977    0    0  (Gen:  0)
  1071320     96448  87335864  0.000  0.000    5.255   14.978    0    0  (Gen:  0)
  1037432     41816  87340856  0.000  0.000    5.257   14.979    0    0  (Gen:  0)
  1065592     15064  87378000  0.000  0.000    5.257   14.980    0    0  (Gen:  0)
  1603152     43736  87409376  0.000  0.000    5.259   14.982    0    0  (Gen:  0)
  1136384     53104  87428464  0.000  0.000    5.260   14.983    0    0  (Gen:  0)
  1247512     50288  87485360  0.000  0.000    5.262   14.984    0    0  (Gen:  0)
  2926376     84488  87545480  0.000  0.000    5.265   14.987    0    0  (Gen:  0)
  2681112    103056  87581040  0.001  0.000    5.267   14.989    0    0  (Gen:  0)
  2511888     90152  87688608  0.000  0.000    5.270   14.991    0    0  (Gen:  0)
  1276616     67864  87717496  0.000  0.000    5.271   14.993    0    0  (Gen:  0)
  2415368     55736  87756048  0.000  0.000    5.274   14.995    0    0  (Gen:  0)
  1872288     50704  88059456  0.000  0.000    5.276   15.027    0    0  (Gen:  0)
  1041592     18400  88008928  0.000  0.000    5.277   15.028    0    0  (Gen:  0)
  1039256      5048  88009848  0.000  0.000    5.277   15.028    0    0  (Gen:  0)
  1145136     10176  88117640  0.000  0.000    5.278   15.028    0    0  (Gen:  0)
  1072920      9576  88156736  0.000  0.000    5.278   15.029    0    0  (Gen:  0)
  1035496     30240  88180272  0.000  0.000    5.279   15.029    0    0  (Gen:  0)
  1105272     77168  88293608  0.000  0.000    5.280   15.030    0    0  (Gen:  0)
  1034768    120088  88359944  0.001  0.000    5.281   15.031    0    0  (Gen:  0)
  2077368    128832  88743512  0.001  0.000    5.284   15.033    0    0  (Gen:  0)
  1036840     62888  88749024  0.000  0.000    5.285   15.033    0    0  (Gen:  0)
  1207432     27928  88901856  0.000  0.000    5.286   15.034    0    0  (Gen:  0)
  1571312     52440  88930336  0.000  0.000    5.288   15.036    0    0  (Gen:  0)
  1655432     63480  88954640  0.000  0.000    5.290   15.038    0    0  (Gen:  0)
  2729824    146976  89106632  0.001  0.000    5.293   15.040    0    0  (Gen:  0)
  2250696     56752  89222912  0.000  0.000    5.295   15.073    0    0  (Gen:  0)
  1041752     22536  89172168  0.000  0.000    5.296   15.073    0    0  (Gen:  0)
  1038016      5072  89173136  0.000  0.000    5.296   15.073    0    0  (Gen:  0)
  1039392     10752  89183264  0.000  0.000    5.297   15.074    0    0  (Gen:  0)
  1037904      7120  89183728  0.000  0.000    5.298   15.074    0    0  (Gen:  0)
  1037600     21736  89201232  0.000  0.000    5.298   15.075    0    0  (Gen:  0)
  1032936    108992  89288880  0.001  0.000    5.300   15.075    0    0  (Gen:  0)
  1957704    127272  89357184  0.001  0.000    5.302   15.078    0    0  (Gen:  0)
  2297664     87128  89409744  0.000  0.000    5.305   15.080    0    0  (Gen:  0)
  1217384     67344  89396464  0.000  0.000    5.306   15.081    0    0  (Gen:  0)
  2817328    142912  89559912  0.000  0.000    5.309   15.084    0    0  (Gen:  0)
  2983096     84280  90121936  0.000  0.000    5.312   15.087    0    0  (Gen:  0)
  1142544     80256  90245360  0.000  0.000    5.314   15.088    0    0  (Gen:  0)
  1034344    125864  90331504  0.001  0.000    5.315   15.088    0    0  (Gen:  0)
  1178648    169728  90540168  0.001  0.000    5.317   15.089    0    0  (Gen:  0)
  1033040    158104  90611968  0.001  0.000    5.318   15.090    0    0  (Gen:  0)
  1182280    166560  90829472  0.001  0.000    5.320   15.091    0    0  (Gen:  0)
  1068832    159064  90930680  0.001  0.000    5.322   15.092    0    0  (Gen:  0)
  1098440    149136  91069848  0.001  0.000    5.324   15.093    0    0  (Gen:  0)
  1569032    113760  91302000  0.000  0.000    5.326   15.094    0    0  (Gen:  0)
  2349680     60176  91392504  0.000  0.000    5.328   15.096    0    0  (Gen:  0)
  1084552     71960  91441608  0.001  0.000    5.329   15.097    0    0  (Gen:  0)
  1035520    125744  91511704  0.001  0.000    5.331   15.098    0    0  (Gen:  0)
  1035256    145008  91572312  0.001  0.000    5.332   15.099    0    0  (Gen:  0)
  1027672    140528  91640336  0.001  0.000    5.334   15.099    0    0  (Gen:  0)
  1102752     92072  91695192  0.000  0.000    5.335   15.100    0    0  (Gen:  0)
  1775256     43032  91737512  0.000  0.000    5.337   15.102    0    0  (Gen:  0)
  1037320     58048  91757856  0.000  0.000    5.338   15.103    0    0  (Gen:  0)
  1034728     98936  91823640  0.001  0.000    5.340   15.104    0    0  (Gen:  0)
  1032992    138288  91891728  0.001  0.000    5.341   15.104    0    0  (Gen:  0)
  1032536    142768  91965664  0.001  0.000    5.342   15.105    0    0  (Gen:  0)
  1032672    140288  92031368  0.001  0.000    5.344   15.106    0    0  (Gen:  0)
  1032240    138208  92098328  0.001  0.000    5.345   15.107    0    0  (Gen:  0)
  1034504    147056  92173336  0.001  0.000    5.347   15.108    0    0  (Gen:  0)
  1034944    153064  92243840  0.001  0.000    5.348   15.108    0    0  (Gen:  0)
  1031672    138648  92307912  0.001  0.000    5.350   15.109    0    0  (Gen:  0)
  1034536    145184  92379952  0.001  0.000    5.352   15.110    0    0  (Gen:  0)
  1868704    139400  92473728  0.001  0.000    5.354   15.111    0    0  (Gen:  0)
  1618600     89008  92503816  0.001  0.000    5.356   15.113    0    0  (Gen:  0)
  1955808     73472  92538440  0.000  0.000    5.358   15.115    0    0  (Gen:  0)
  1819696     83920  92568336  0.000  0.000    5.360   15.117    0    0  (Gen:  0)
  1233864     57408  92598216  0.000  0.000    5.361   15.118    0    0  (Gen:  0)
  1423456     64408  92630992  0.000  0.000    5.363   15.119    0    0  (Gen:  0)
  1033824    130248  92714496  0.001  0.000    5.364   15.120    0    0  (Gen:  0)
  1034232    138352  92765144  0.001  0.000    5.366   15.121    0    0  (Gen:  0)
  2623984     87304  92841560  0.000  0.000    5.369   15.123    0    0  (Gen:  0)
  1036576    113824  92905872  0.001  0.000    5.370   15.124    0    0  (Gen:  0)
  1032792    140232  92972808  0.001  0.000    5.372   15.125    0    0  (Gen:  0)
  1103624     92944  93023640  0.000  0.000    5.373   15.126    0    0  (Gen:  0)
  1999592     51936  93066064  0.000  0.000    5.375   15.128    0    0  (Gen:  0)
  1101000     46448  93094184  0.000  0.000    5.376   15.129    0    0  (Gen:  0)
  1037408     39280  93116328  0.000  0.000    5.377   15.130    0    0  (Gen:  0)
  1035808     94712  93176088  0.001  0.000    5.379   15.130    0    0  (Gen:  0)
  1034880    129184  93241160  0.001  0.000    5.380   15.131    0    0  (Gen:  0)
  1035280    145672  93316776  0.001  0.000    5.382   15.132    0    0  (Gen:  0)
  1035024    148712  93385104  0.001  0.000    5.383   15.133    0    0  (Gen:  0)
  1033744    142224  93453872  0.001  0.000    5.385   15.134    0    0  (Gen:  0)
  1033992    147808  93530480  0.001  0.000    5.387   15.134    0    0  (Gen:  0)
  1136936    151104  93668800  0.001  0.000    5.388   15.135    0    0  (Gen:  0)
  1034840    147984  93737992  0.001  0.000    5.390   15.136    0    0  (Gen:  0)
  1198864    150520  93944096  0.001  0.000    5.392   15.137    0    0  (Gen:  0)
  1139904    160456  94119600  0.001  0.000    5.393   15.138    0    0  (Gen:  0)
  1035280    155080  94189080  0.001  0.000    5.395   15.139    0    0  (Gen:  0)
  1137152    158552  94371832  0.001  0.000    5.397   15.139    0    0  (Gen:  0)
  1106912    104808  94450656  0.000  0.000    5.398   15.140    0    0  (Gen:  0)
  1037648     26128  94459408  0.000  0.000    5.399   15.141    0    0  (Gen:  0)
  1037632     19768  94463536  0.000  0.000    5.400   15.142    0    0  (Gen:  0)
  1481136     37440  94527744  0.000  0.000    5.402   15.143    0    0  (Gen:  0)
  3385152     82136  94578472  0.000  0.000    5.405   15.146    0    0  (Gen:  0)
  2717216    156456  94696368  0.001  0.000    5.408   15.149    0    0  (Gen:  0)
  1035232    151648  94762224  0.001  0.000    5.409   15.150    0    0  (Gen:  0)
  1032760    158952  94845912  0.001  0.000    5.411   15.151    0    0  (Gen:  0)
  1033296    154472  94916480  0.001  0.000    5.413   15.151    0    0  (Gen:  0)
  1608472    138400  95009520  0.001  0.000    5.415   15.153    0    0  (Gen:  0)
  2051072     81680  95036640  0.000  0.000    5.417   15.155    0    0  (Gen:  0)
  1035272     68160  95074392  0.001  0.000    5.418   15.156    0    0  (Gen:  0)
  1033680    110096  95141464  0.001  0.000    5.420   15.157    0    0  (Gen:  0)
  1038184    130992  95200032  0.001  0.000    5.421   15.157    0    0  (Gen:  0)
  1070152     65496  95232464  0.000  0.000    5.422   15.158    0    0  (Gen:  0)
  1163808     32104  95288280  0.000  0.000    5.424   15.159    0    0  (Gen:  0)
  1146792     39160  95324920  0.000  0.000    5.425   15.161    0    0  (Gen:  0)
  1666168     32528  95820216  0.000  0.000    5.426   15.192    0    0  (Gen:  0)
  1040160     10912  95781704  0.000  0.000    5.427   15.192    0    0  (Gen:  0)
  1038240     10432  95788016  0.000  0.000    5.428   15.193    0    0  (Gen:  0)
  1038176      5912  95789856  0.000  0.000    5.428   15.193    0    0  (Gen:  0)
  1035608     24648  95810320  0.000  0.000    5.429   15.194    0    0  (Gen:  0)
  1033712     90504  95876512  0.001  0.000    5.430   15.194    0    0  (Gen:  0)
  1034552    131784  95937920  0.001  0.000    5.431   15.195    0    0  (Gen:  0)
  1134984    145016  96048760  0.001  0.000    5.433   15.196    0    0  (Gen:  0)
  1036536    146800  96112400  0.001  0.000    5.435   15.197    0    0  (Gen:  0)
  1066576     71992  96149848  0.001  0.000    5.436   15.198    0    0  (Gen:  0)
  2907320    106032  96735360  0.000  0.000    5.440   15.221    0    0  (Gen:  0)
  1538288     41656  96736488  0.000  0.000    5.441   15.233    0    0  (Gen:  0)
  1039720      8360  96732104  0.000  0.000    5.442   15.233    0    0  (Gen:  0)
  1039328      9704  96737720  0.000  0.000    5.442   15.234    0    0  (Gen:  0)
  1039208      6600  96742888  0.000  0.000    5.443   15.234    0    0  (Gen:  0)
  1039312      4704  96742744  0.000  0.000    5.443   15.235    0    0  (Gen:  0)
  1036544     55432  96793800  0.000  0.000    5.444   15.235    0    0  (Gen:  0)
  1035040    131840  96870456  0.001  0.000    5.446   15.236    0    0  (Gen:  0)
  1033496    159552  96948568  0.001  0.000    5.447   15.237    0    0  (Gen:  0)
  1034640    165368  97029768  0.001  0.000    5.449   15.238    0    0  (Gen:  0)
  1034312    147096  97090840  0.001  0.000    5.450   15.239    0    0  (Gen:  0)
  1037944     98216  97123808  0.001  0.000    5.452   15.239    0    0  (Gen:  0)
  1036112     94312  97179152  0.000  0.000    5.453   15.240    0    0  (Gen:  0)
  1035736    121520  97244608  0.000  0.000    5.454   15.241    0    0  (Gen:  0)
  1036808    133912  97310896  0.001  0.000    5.456   15.242    0    0  (Gen:  0)
  1070752     72792  97348488  0.000  0.000    5.457   15.243    0    0  (Gen:  0)
  3026856     69048  97668256  0.000  0.000    5.460   15.245    0    0  (Gen:  0)
  3037552    106376  97880152  0.000  0.000    5.463   15.248    0    0  (Gen:  0)
  2346464    136520  97999136  0.000  0.000    5.465   15.250    0    0  (Gen:  0)
  3185096     84512  98047952  0.000  0.000    5.468   15.252    0    0  (Gen:  0)
  3534056    100288  98130424  0.000  0.000    5.472   15.256    0    0  (Gen:  0)
  1101000     70320  98146912  0.000  0.000    5.473   15.257    0    0  (Gen:  0)
  1729400     39504  98174160  0.000  0.000    5.475   15.259    0    0  (Gen:  0)
  1308744     45456  98286616  0.000  0.000    5.477   15.291    0    0  (Gen:  0)
  1041488     15128  98235472  0.000  0.000    5.477   15.291    0    0  (Gen:  0)
  1036264      6688  98237968  0.000  0.000    5.478   15.291    0    0  (Gen:  0)
  1040144      9488  98245168  0.000  0.000    5.478   15.292    0    0  (Gen:  0)
  1039088      5400  98245208  0.000  0.000    5.479   15.292    0    0  (Gen:  0)
  1038376      9504  98250960  0.000  0.000    5.479   15.293    0    0  (Gen:  0)
  1036016     71848  98313648  0.000  0.000    5.481   15.293    0    0  (Gen:  0)
  1034368    138288  98383144  0.001  0.000    5.482   15.294    0    0  (Gen:  0)
  1033200    141000  98450632  0.001  0.000    5.484   15.295    0    0  (Gen:  0)
  1035064    141576  98518536  0.001  0.000    5.485   15.296    0    0  (Gen:  0)
  1034048    140280  98583456  0.001  0.000    5.487   15.296    0    0  (Gen:  0)
  1036768    129632  98642912  0.001  0.000    5.488   15.298    0    0  (Gen:  0)
  1071568     83464  98694680  0.001  0.000    5.490   15.298    0    0  (Gen:  0)
  1169184     43464  98777224  0.000  0.000    5.491   15.300    0    0  (Gen:  0)
  2035280     64832  98859912  0.000  0.000    5.493   15.302    0    0  (Gen:  0)
  1033208    104064  98905568  0.001  0.000    5.494   15.302    0    0  (Gen:  0)
  1035728    116352  98962808  0.001  0.000    5.496   15.303    0    0  (Gen:  0)
  1035176    109672  99011256  0.001  0.000    5.497   15.304    0    0  (Gen:  0)
  1037448     89752  99045736  0.001  0.000    5.498   15.304    0    0  (Gen:  0)
  1038216     67120  99073720  0.001  0.000    5.499   15.305    0    0  (Gen:  0)
  1036984     65368  99106648  0.001  0.000    5.500   15.306    0    0  (Gen:  0)
  1036704     89424  99158376  0.001  0.000    5.502   15.306    0    0  (Gen:  0)
  1035016    116272  99218808  0.001  0.000    5.503   15.307    0    0  (Gen:  0)
  1033864    130256  99284448  0.001  0.000    5.504   15.308    0    0  (Gen:  0)
  1037360    117136  99329144  0.001  0.000    5.506   15.309    0    0  (Gen:  0)
  1036680    102056  99378632  0.001  0.000    5.507   15.309    0    0  (Gen:  0)
  1036584    114544  99439544  0.001  0.000    5.508   15.310    0    0  (Gen:  0)
  1035440    121040  99495352  0.001  0.000    5.510   15.311    0    0  (Gen:  0)
  1032144    125592  99561320  0.001  0.000    5.511   15.311    0    0  (Gen:  0)
  1034008    135520  99626272  0.001  0.000    5.512   15.312    0    0  (Gen:  0)
  1036064    103104  99659792  0.001  0.000    5.514   15.313    0    0  (Gen:  0)
  1033448    103040  99723168  0.001  0.000    5.515   15.313    0    0  (Gen:  0)
  1033800    142232  99797080  0.001  0.000    5.516   15.314    0    0  (Gen:  0)
  1037168    117000  99834024  0.001  0.000    5.518   15.315    0    0  (Gen:  0)
  1038288     74000  99866072  0.001  0.000    5.519   15.316    0    0  (Gen:  0)
  2133640    119632  99981984  0.001  0.000    5.521   15.317    0    0  (Gen:  0)
  1770224    103936 100006512  0.000  0.000    5.523   15.319    0    0  (Gen:  0)
  1125640     72680 100082544  0.001  0.000    5.525   15.320    0    0  (Gen:  0)
  1032648    109712 100135832  0.001  0.000    5.526   15.321    0    0  (Gen:  0)
  1031080    132944 100201944  0.001  0.000    5.527   15.322    0    0  (Gen:  0)
  1031416    137000 100269040  0.001  0.000    5.529   15.322    0    0  (Gen:  0)
  1031440    140840 100339040  0.001  0.000    5.530   15.323    0    0  (Gen:  0)
  1030264    142592 100408008  0.001  0.000    5.531   15.323    0    0  (Gen:  0)
  1435944    143688 100478664  0.000  0.000    5.532   15.324    0    0  (Gen:  0)
  1030704    143808 100548064  0.001  0.000    5.533   15.325    0    0  (Gen:  0)
  1030744    143592 100617888  0.001  0.000    5.534   15.325    0    0  (Gen:  0)
  1031848    139184 100683416  0.001  0.000    5.536   15.326    0    0  (Gen:  0)
  1031040    140112 100753872  0.001  0.000    5.537   15.326    0    0  (Gen:  0)
  1030832    144912 100824168  0.001  0.000    5.538   15.327    0    0  (Gen:  0)
  1033864    141736 100891176  0.001  0.000    5.539   15.328    0    0  (Gen:  0)
  1749840    118760 100971016  0.001  0.000    5.542   15.329    0    0  (Gen:  0)
  1287848     75360 100997056  0.000  0.000    5.543   15.331    0    0  (Gen:  0)
  1138032     54960 101021400  0.000  0.000    5.544   15.332    0    0  (Gen:  0)
  3540272     94480 101085528  0.000  0.000    5.548   15.335    0    0  (Gen:  0)
  3207136    148728 101154832  0.001  0.000    5.551   15.338    0    0  (Gen:  0)
  1775472     87752 101247392  0.000  0.000    5.553   15.339    0    0  (Gen:  0)
  2395976     75712 101263184  0.000  0.000    5.555   15.341    0    0  (Gen:  0)
  1100944     43464 101309344  0.000  0.000    5.556   15.342    0    0  (Gen:  0)
  1823888     75544 101374408  0.000  0.000    5.558   15.344    0    0  (Gen:  0)
  1095648     53632 101408120  0.000  0.000    5.559   15.346    0    0  (Gen:  0)
  1247096     63184 101644672  0.000  0.000    5.561   15.346    0    0  (Gen:  0)
  1068712    131896 101756520  0.001  0.000    5.562   15.347    0    0  (Gen:  0)
  1132752    163024 101932312  0.001  0.000    5.564   15.348    0    0  (Gen:  0)
  1960120    116936 102131120  0.001  0.000    5.566   15.350    0    0  (Gen:  0)
  2822560     61488 102468288  0.000  0.000    5.569   15.352    0    0  (Gen:  0)
  1036592     59680 102484592  0.000  0.000    5.570   15.353    0    0  (Gen:  0)
  1138912     97160 102649480  0.001  0.000    5.571   15.354    0    0  (Gen:  0)
  1036776    131080 102709528  0.001  0.000    5.573   15.355    0    0  (Gen:  0)
  1200424    148208 102958920  0.001  0.000    5.574   15.355    0    0  (Gen:  0)
  1035376    149576 103023152  0.001  0.000    5.576   15.356    0    0  (Gen:  0)
  1134200    137952 103190176  0.001  0.000    5.578   15.357    0    0  (Gen:  0)
  1208928    112184 103391720  0.001  0.000    5.580   15.358    0    0  (Gen:  0)
  1035304     53000 103402640  0.000  0.000    5.581   15.359    0    0  (Gen:  0)
  2231584     99296 103521736  0.001  0.000    5.584   15.361    0    0  (Gen:  0)
  1823368    104888 103540976  0.001  0.000    5.586   15.363    0    0  (Gen:  0)
  1521048     89664 103595232  0.000  0.000    5.587   15.365    0    0  (Gen:  0)
  1781840     91832 103593368  0.001  0.000    5.589   15.366    0    0  (Gen:  0)
  2371120     83128 103717208  0.001  0.000    5.592   15.400    0    0  (Gen:  0)
  1041224     29736 103668376  0.000  0.000    5.593   15.400    0    0  (Gen:  0)
  1038024      4792 103667376  0.000  0.000    5.594   15.400    0    0  (Gen:  0)
  1039712      9640 103672672  0.000  0.000    5.594   15.401    0    0  (Gen:  0)
  1038304      5832 103677528  0.000  0.000    5.595   15.401    0    0  (Gen:  0)
  1038880      4488 103677784  0.000  0.000    5.595   15.402    0    0  (Gen:  0)
  1033848     56304 103729920  0.000  0.000    5.596   15.402    0    0  (Gen:  0)
  2017160    127888 103834544  0.001  0.000    5.598   15.404    0    0  (Gen:  0)
  3332616    136440 103933992  0.000  0.000    5.602   15.407    0    0  (Gen:  0)
  2885416    106168 103982088  0.000  0.000    5.605   15.410    0    0  (Gen:  0)
  1084240     96104 104036312  0.001  0.000    5.606   15.411    0    0  (Gen:  0)
  1074048     91768 104061504  0.001  0.000    5.608   15.412    0    0  (Gen:  0)
  1873400     73256 104103024  0.000  0.000    5.610   15.414    0    0  (Gen:  0)
  1034816     96720 104148936  0.001  0.000    5.611   15.415    0    0  (Gen:  0)
  1038728    107256 104197168  0.001  0.000    5.613   15.416    0    0  (Gen:  0)
  2740904    116992 104305928  0.001  0.000    5.616   15.419    0    0  (Gen:  0)
  2299112     92824 105369936  0.000  0.000    5.618   15.440    0    0  (Gen:  0)
  1435464     29656 105648136  0.000  0.000    5.619   15.452    0    0  (Gen:  0)
  1089064     11080 105674568  0.000  0.000    5.620   15.453    0    0  (Gen:  0)
  1039224      9864 105678848  0.000  0.000    5.621   15.453    0    0  (Gen:  0)
  1038112      6384 105683624  0.000  0.000    5.621   15.454    0    0  (Gen:  0)
  1037880     12808 105691872  0.000  0.000    5.622   15.454    0    0  (Gen:  0)
  1036936     61696 105741128  0.000  0.000    5.623   15.455    0    0  (Gen:  0)
  1104104     99736 105824016  0.000  0.000    5.624   15.456    0    0  (Gen:  0)
  1892624     71184 105818936  0.000  0.000    5.626   15.458    0    0  (Gen:  0)
  2927944     86144 105935904  0.000  0.000    5.629   15.460    0    0  (Gen:  0)
  2251560     82776 105992280  0.000  0.000    5.632   15.463    0    0  (Gen:  0)
  1069376     97808 106073928  0.001  0.000    5.633   15.464    0    0  (Gen:  0)
  1036288    113936 106122968  0.001  0.000    5.634   15.464    0    0  (Gen:  0)
  1036432    106656 106175136  0.001  0.000    5.636   15.465    0    0  (Gen:  0)
  1038200    103576 106222488  0.001  0.000    5.637   15.466    0    0  (Gen:  0)
  1037944    103464 106273632  0.001  0.000    5.638   15.467    0    0  (Gen:  0)
  1037296    107688 106325232  0.001  0.000    5.640   15.467    0    0  (Gen:  0)
  1105800    104904 106406864  0.001  0.000    5.641   15.468    0    0  (Gen:  0)
  1036264    104792 106456240  0.001  0.000    5.642   15.469    0    0  (Gen:  0)
  1035976    106160 106506480  0.001  0.000    5.644   15.470    0    0  (Gen:  0)
  1038136    105688 106553616  0.001  0.000    5.645   15.470    0    0  (Gen:  0)
  1037120    110000 106606872  0.001  0.000    5.647   15.471    0    0  (Gen:  0)
  1035800    117208 106661144  0.001  0.000    5.648   15.472    0    0  (Gen:  0)
  1035816    114248 106715232  0.001  0.000    5.649   15.473    0    0  (Gen:  0)
  2085776    116352 106803656  0.001  0.000    5.652   15.474    0    0  (Gen:  0)
  1038096     64520 106806168  0.000  0.000    5.653   15.475    0    0  (Gen:  0)
  1038800     14264 106810744  0.000  0.000    5.654   15.476    0    0  (Gen:  0)
  1038656     11384 106810624  0.000  0.000    5.655   15.477    0    0  (Gen:  0)
  1034944     13520 106815576  0.000  0.000    5.656   15.477    0    0  (Gen:  0)
  1296624     34824 106879968  0.000  0.000    5.657   15.479    0    0  (Gen:  0)
  1213408     79144 106941400  0.001  0.000    5.659   15.480    0    0  (Gen:  0)
  1074208     89816 106960744  0.001  0.000    5.660   15.481    0    0  (Gen:  0)
  2565192    112336 107046072  0.001  0.000    5.663   15.484    0    0  (Gen:  0)
  1038032    137680 107091416  0.001  0.000    5.664   15.484    0    0  (Gen:  0)
  2069120    110384 107146704  0.000  0.000    5.667   15.486    0    0  (Gen:  0)
  1623040    119352 107253416  0.001  0.000    5.669   15.488    0    0  (Gen:  0)
  3969864    150808 107332984  0.001  0.000    5.673   15.492    0    0  (Gen:  0)
  1592256    101656 107353288  0.000  0.000    5.675   15.494    0    0  (Gen:  0)
  2013040    132264 107990704  0.001  0.000    5.677   15.526    0    0  (Gen:  0)
  1430464     16600 107866536  0.000  0.000    5.678   15.526    0    0  (Gen:  0)
  1038168      8848 107870368  0.000  0.000    5.679   15.527    0    0  (Gen:  0)
  1038640      6040 107874624  0.000  0.000    5.679   15.527    0    0  (Gen:  0)
  1035952     13360 107883712  0.000  0.000    5.680   15.528    0    0  (Gen:  0)
  1293080     38256 107941320  0.000  0.000    5.681   15.529    0    0  (Gen:  0)
  1962424     58416 107975432  0.000  0.000    5.683   15.531    0    0  (Gen:  0)
  1656784     62832 107999408  0.000  0.000    5.685   15.533    0    0  (Gen:  0)
  2064440     63504 108051048  0.000  0.000    5.687   15.535    0    0  (Gen:  0)
  1031568    102440 108107312  0.001  0.000    5.689   15.536    0    0  (Gen:  0)
  2354144    100216 108182856  0.001  0.000    5.692   15.539    0    0  (Gen:  0)
  1036896    103240 108244464  0.001  0.000    5.693   15.539    0    0  (Gen:  0)
  2268512    109552 108321840  0.000  0.000    5.695   15.542    0    0  (Gen:  0)
  1090416     85720 108375912  0.000  0.000    5.697   15.543    0    0  (Gen:  0)
  1034248    128040 108449344  0.001  0.000    5.698   15.543    0    0  (Gen:  0)
  1034584    168872 108529728  0.001  0.000    5.700   15.544    0    0  (Gen:  0)
  1035056    159336 108603200  0.001  0.000    5.702   15.545    0    0  (Gen:  0)
  1669304    137520 108690888  0.001  0.000    5.704   15.547    0    0  (Gen:  0)
  2662072    112768 108760376  0.000  0.000    5.707   15.549    0    0  (Gen:  0)
  2310360     94368 108779912  0.000  0.000    5.709   15.551    0    0  (Gen:  0)
  1091264     72192 108819536  0.000  0.000    5.710   15.552    0    0  (Gen:  0)
  1036256     77080 108854568  0.000  0.000    5.711   15.553    0    0  (Gen:  0)
  1034408    105520 108911624  0.001  0.000    5.712   15.554    0    0  (Gen:  0)
  1032696    130464 108972728  0.001  0.000    5.714   15.554    0    0  (Gen:  0)
  1035168    121880 109029808  0.001  0.000    5.715   15.555    0    0  (Gen:  0)
  1761928    118616 109118896  0.000  0.000    5.717   15.557    0    0  (Gen:  0)
  1106224     66184 109125328  0.000  0.000    5.719   15.558    0    0  (Gen:  0)
  1103616     29528 109160464  0.000  0.000    5.720   15.559    0    0  (Gen:  0)
  1035648     74472 109204712  0.001  0.000    5.721   15.560    0    0  (Gen:  0)
  1036208    109464 109256968  0.001  0.000    5.722   15.560    0    0  (Gen:  0)
  1036648    121176 109320488  0.001  0.000    5.724   15.561    0    0  (Gen:  0)
  1037272    101096 109354136  0.001  0.000    5.725   15.562    0    0  (Gen:  0)
  1036400     82056 109396464  0.001  0.000    5.726   15.562    0    0  (Gen:  0)
  1303904    111344 109722840  0.001  0.000    5.728   15.563    0    0  (Gen:  0)
  1172712    135888 109919424  0.001  0.000    5.729   15.564    0    0  (Gen:  0)
  1069920    132216 110013896  0.001  0.000    5.731   15.565    0    0  (Gen:  0)
  1037336    122504 110068568  0.001  0.000    5.732   15.566    0    0  (Gen:  0)
  1038528    101616 110111072  0.000  0.000    5.734   15.566    0    0  (Gen:  0)
  1071672     85360 110183848  0.000  0.000    5.735   15.567    0    0  (Gen:  0)
  1067792     67040 110236304  0.000  0.000    5.736   15.568    0    0  (Gen:  0)
  1945000     55768 110274848  0.000  0.000    5.738   15.570    0    0  (Gen:  0)
  1438176     57144 110517216  0.000  0.000    5.740   15.603    0    0  (Gen:  0)
  1041400     17160 110463472  0.000  0.000    5.741   15.604    0    0  (Gen:  0)
  1038400      4848 110464224  0.000  0.000    5.741   15.604    0    0  (Gen:  0)
  1039728      9384 110469136  0.000  0.000    5.742   15.604    0    0  (Gen:  0)
  1038616      5800 110473192  0.000  0.000    5.742   15.605    0    0  (Gen:  0)
  1038176     20928 110490024  0.000  0.000    5.743   15.605    0    0  (Gen:  0)
  1070672     49776 110556024  0.000  0.000    5.744   15.606    0    0  (Gen:  0)
  1172048     58504 110580032  0.000  0.000    5.746   15.608    0    0  (Gen:  0)
  1241872     53472 110601536  0.000  0.000    5.747   15.609    0    0  (Gen:  0)
  3252024    109232 110692368  0.000  0.000    5.750   15.612    0    0  (Gen:  0)
  1250328     70504 110716520  0.000  0.000    5.752   15.614    0    0  (Gen:  0)
  1090184     60336 110762992  0.000  0.000    5.754   15.615    0    0  (Gen:  0)
  1035720    117080 110829064  0.001  0.000    5.755   15.615    0    0  (Gen:  0)
  1034784    146000 110892784  0.001  0.000    5.757   15.616    0    0  (Gen:  0)
  1032224    164184 110976104  0.001  0.000    5.758   15.617    0    0  (Gen:  0)
  1070920    120928 111037216  0.001  0.000    5.760   15.618    0    0  (Gen:  0)
  2177112     95368 111110608  0.001  0.000    5.763   15.620    0    0  (Gen:  0)
  1089312     75008 111106624  0.000  0.000    5.764   15.621    0    0  (Gen:  0)
  2492288     34176 111170080  0.000  0.000    5.767   15.634    0    0  (Gen:  0)
  1781600     82640 111516608  0.003  0.003    5.770   15.637    0    0  (Gen:  0)
  1161272    115160 111706792  0.004  0.004    5.775   15.642    0    0  (Gen:  0)
  1096976    138632 111849304  0.006  0.006    5.781   15.648    0    0  (Gen:  0)
  1034176    142832 111914584  0.010  0.009    5.792   15.658    0    0  (Gen:  0)
  1167168    134256 112110584  0.000  0.000    5.793   15.659    0    0  (Gen:  0)
  1034496    136632 112177680  0.000  0.000    5.794   15.660    0    0  (Gen:  0)
  1035160    133048 112232424  0.000  0.000    5.795   15.661    0    0  (Gen:  0)
  1035528    110320 112282280  0.000  0.000    5.796   15.662    0    0  (Gen:  0)
  1035392    108192 112333520  0.000  0.000    5.797   15.663    0    0  (Gen:  0)
  1035080    111248 112385024  0.000  0.000    5.798   15.663    0    0  (Gen:  0)
  1035584    114904 112440144  0.000  0.000    5.798   15.664    0    0  (Gen:  0)
  1035848    112200 112490800  0.000  0.000    5.799   15.665    0    0  (Gen:  0)
  1035688    114912 112549384  0.000  0.000    5.800   15.666    0    0  (Gen:  0)
  1035552    117680 112601040  0.000  0.000    5.801   15.666    0    0  (Gen:  0)
  1031832    133272 112677152  0.000  0.000    5.802   15.667    0    0  (Gen:  0)
  1035208    144608 112741072  0.001  0.000    5.803   15.668    0    0  (Gen:  0)
  1034160    131936 112802448  0.000  0.000    5.804   15.669    0    0  (Gen:  0)
  1036680    117832 112853088  0.010  0.010    5.815   15.680    0    0  (Gen:  0)
  1135000    104920 112999248  0.000  0.000    5.816   15.680    0    0  (Gen:  0)
  1891176    143736 113089136  0.007  0.007    5.825   15.690    0    0  (Gen:  0)
  1039760    131992 113129312  0.009  0.009    5.835   15.700    0    0  (Gen:  0)
  1038000     48712 113133624  0.004  0.004    5.840   15.704    0    0  (Gen:  0)
  2025720     38632 113230120  0.000  0.000    5.843   15.707    0    0  (Gen:  0)
  1145168     64448 113274912  0.000  0.000    5.844   15.708    0    0  (Gen:  0)
  1035256    111968 113337416  0.000  0.000    5.845   15.709    0    0  (Gen:  0)
  1070712    114800 113408848  0.000  0.000    5.846   15.710    0    0  (Gen:  0)
  2215144     68056 113445712  0.000  0.000    5.849   15.713    0    0  (Gen:  0)
  1038120     58808 113466304  0.000  0.000    5.850   15.713    0    0  (Gen:  0)
  1437640    104064 113932744  0.000  0.000    5.851   15.714    0    0  (Gen:  0)
  1353720    105296 114024632  0.000  0.000    5.852   15.716    0    0  (Gen:  0)
  2370728     67864 114065368  0.000  0.000    5.855   15.718    0    0  (Gen:  0)
  2560976     88440 114143832  0.000  0.000    5.857   15.721    0    0  (Gen:  0)
  1491152     70952 114168968  0.001  0.001    5.860   15.724    0    0  (Gen:  0)
  1132536     34240 114220264  0.007  0.007    5.869   15.732    0    0  (Gen:  0)
  1030664     61232 114267992  0.000  0.000    5.869   15.733    0    0  (Gen:  0)
  1034808    109856 114325992  0.010  0.010    5.880   15.744    0    0  (Gen:  0)
  1483256    126416 114389480  0.009  0.009    5.891   15.754    0    0  (Gen:  0)
  1035256    133304 114451088  0.002  0.002    5.893   15.757    0    0  (Gen:  0)
  1034048    140992 114524984  0.000  0.000    5.894   15.758    0    0  (Gen:  0)
  1615520    117320 114596256  0.000  0.000    5.896   15.759    0    0  (Gen:  0)
  1039008     72240 114620864  0.000  0.000    5.897   15.760    0    0  (Gen:  0)
  2533280     56680 114693592  0.000  0.000    5.900   15.763    0    0  (Gen:  0)
  1035584     86336 114744416  0.000  0.000    5.901   15.764    0    0  (Gen:  0)
  1034432    126552 114811592  0.000  0.000    5.902   15.765    0    0  (Gen:  0)
  1073248    112400 114884400  0.000  0.000    5.903   15.766    0    0  (Gen:  0)
  2065704     63136 114905488  0.000  0.000    5.905   15.768    0    0  (Gen:  0)
  1165304     60968 114947176  0.000  0.000    5.906   15.770    0    0  (Gen:  0)
  1035464    100984 114999800  0.000  0.000    5.907   15.770    0    0  (Gen:  0)
  1070016    104320 115069520  0.000  0.000    5.909   15.772    0    0  (Gen:  0)
  2666400     93144 115129872  0.000  0.000    5.912   15.775    0    0  (Gen:  0)
  2493352     80904 115157568  0.000  0.000    5.914   15.777    0    0  (Gen:  0)
  1032104    104864 115227352  0.000  0.000    5.915   15.778    0    0  (Gen:  0)
  1035152    151272 115307304  0.001  0.000    5.917   15.779    0    0  (Gen:  0)
  1033232    169384 115390288  0.001  0.000    5.918   15.780    0    0  (Gen:  0)
  1035608    158416 115461456  0.001  0.000    5.919   15.781    0    0  (Gen:  0)
  1028112    143064 115524104  0.001  0.000    5.920   15.782    0    0  (Gen:  0)
  1070688     92104 115581488  0.000  0.000    5.922   15.783    0    0  (Gen:  0)
  1766048     49192 115607824  0.000  0.000    5.923   15.785    0    0  (Gen:  0)
  1085992     46848 115627680  0.000  0.000    5.925   15.786    0    0  (Gen:  0)
  1036680     93672 115683520  0.000  0.000    5.926   15.787    0    0  (Gen:  0)
  1033568    140208 115754928  0.001  0.000    5.927   15.788    0    0  (Gen:  0)
  1070792    128928 115839160  0.001  0.000    5.928   15.789    0    0  (Gen:  0)
  1037784     68872 115852168  0.000  0.000    5.929   15.790    0    0  (Gen:  0)
  2296576     66112 115946720  0.000  0.000    5.932   15.792    0    0  (Gen:  0)
  2297456     87904 116012920  0.000  0.000    5.934   15.795    0    0  (Gen:  0)
  1101240     78448 116064200  0.000  0.000    5.936   15.796    0    0  (Gen:  0)
  1034632     76216 116095352  0.000  0.000    5.937   15.797    0    0  (Gen:  0)
  1035416    106832 116157864  0.000  0.000    5.938   15.798    0    0  (Gen:  0)
  1034392    127520 116216232  0.000  0.000    5.939   15.798    0    0  (Gen:  0)
  1035568    128928 116281672  0.001  0.000    5.940   15.799    0    0  (Gen:  0)
  1035520    134504 116343760  0.001  0.000    5.941   15.800    0    0  (Gen:  0)
  1032936    121256 116402840  0.000  0.000    5.942   15.801    0    0  (Gen:  0)
  1034192    128112 116468808  0.000  0.000    5.943   15.801    0    0  (Gen:  0)
  1033864    135304 116533136  0.001  0.000    5.944   15.802    0    0  (Gen:  0)
  1037104    110960 116569016  0.000  0.000    5.945   15.803    0    0  (Gen:  0)
  1035912    111064 116638912  0.000  0.000    5.945   15.803    0    0  (Gen:  0)
  1033736    145432 116710216  0.001  0.000    5.946   15.804    0    0  (Gen:  0)
  1104016    115184 116782216  0.000  0.000    5.948   15.805    0    0  (Gen:  0)
  1140360     64760 116804376  0.000  0.000    5.949   15.807    0    0  (Gen:  0)
  1071232     68056 116841256  0.000  0.000    5.950   15.808    0    0  (Gen:  0)
  1038176     51960 116846120  0.000  0.000    5.951   15.808    0    0  (Gen:  0)
  1787232     36192 116940528  0.000  0.000    5.954   15.811    0    0  (Gen:  0)
  1133864     63864 117034368  0.000  0.000    5.955   15.812    0    0  (Gen:  0)
  1035336     75968 117067032  0.000  0.000    5.956   15.812    0    0  (Gen:  0)
  1036344     82096 117108024  0.000  0.000    5.956   15.813    0    0  (Gen:  0)
  1033856    113656 117173240  0.000  0.000    5.957   15.814    0    0  (Gen:  0)
  1034456    135792 117239624  0.001  0.000    5.958   15.814    0    0  (Gen:  0)
  1035976    128592 117296744  0.000  0.000    5.959   15.815    0    0  (Gen:  0)
  1034704    124784 117359808  0.000  0.000    5.960   15.816    0    0  (Gen:  0)
  1036192    116688 117409184  0.000  0.000    5.961   15.817    0    0  (Gen:  0)
  1033408    125744 117481520  0.001  0.000    5.962   15.817    0    0  (Gen:  0)
  1207760    143592 117712232  0.001  0.000    5.964   15.818    0    0  (Gen:  0)
  2117120    166304 117905600  0.001  0.000    5.966   15.820    0    0  (Gen:  0)
  1142288    132664 118000064  0.000  0.000    5.967   15.821    0    0  (Gen:  0)
  1037208     40632 118000608  0.000  0.000    5.968   15.822    0    0  (Gen:  0)
  3179720     89560 118264752  0.000  0.000    5.971   15.825    0    0  (Gen:  0)
  1035984    146120 118317168  0.001  0.000    5.972   15.826    0    0  (Gen:  0)
  1836192    135896 118419872  0.001  0.000    5.974   15.827    0    0  (Gen:  0)
  1443008     92104 118439008  0.000  0.000    5.976   15.829    0    0  (Gen:  0)
  1084352     77920 118493648  0.000  0.000    5.977   15.830    0    0  (Gen:  0)
  1163408     82936 118508744  0.000  0.000    5.979   15.832    0    0  (Gen:  0)
  2000440     73968 118533320  0.000  0.000    5.981   15.834    0    0  (Gen:  0)
  2182488     78760 118588312  0.000  0.000    5.983   15.836    0    0  (Gen:  0)
  1036312     81272 118622584  0.000  0.000    5.984   15.837    0    0  (Gen:  0)
  1070104     88176 118696560  0.000  0.000    5.985   15.837    0    0  (Gen:  0)
  1069208     67048 118682656  0.000  0.000    5.987   15.838    0    0  (Gen:  0)
  1812144     47056 118738096  0.000  0.000    5.989   15.840    0    0  (Gen:  0)
  1819808     43408 118914440  0.001  0.001    5.991   15.891    0    0  (Gen:  0)
  1140392     24120 119015160  0.000  0.000    5.992   15.892    0    0  (Gen:  0)
  1038720      8544 119016704  0.000  0.000    5.992   15.892    0    0  (Gen:  0)
  1039584      8368 119023872  0.000  0.000    5.993   15.893    0    0  (Gen:  0)
  1038840      5856 119024400  0.000  0.000    5.993   15.893    0    0  (Gen:  0)
  1038392     27232 119047520  0.000  0.000    5.994   15.894    0    0  (Gen:  0)
  1028992     97720 119122720  0.001  0.000    5.995   15.894    0    0  (Gen:  0)
  2412704    107464 119222648  0.000  0.000    5.998   15.897    0    0  (Gen:  0)
  1127928     52424 119259040  0.000  0.000    5.999   15.898    0    0  (Gen:  0)
  1036296     84008 119306112  0.000  0.000    6.000   15.899    0    0  (Gen:  0)
  1034080    119320 119365152  0.001  0.000    6.001   15.899    0    0  (Gen:  0)
  1314336     83376 119417344  0.000  0.000    6.003   15.901    0    0  (Gen:  0)
  1808344     57904 119462056  0.000  0.000    6.006   15.903    0    0  (Gen:  0)
  1035424    121936 119528424  0.001  0.000    6.007   15.904    0    0  (Gen:  0)
  1035184    151936 119601208  0.001  0.000    6.009   15.905    0    0  (Gen:  0)
  1035240    155408 119676456  0.001  0.000    6.010   15.905    0    0  (Gen:  0)
  1187992     90440 119718776  0.000  0.000    6.011   15.906    0    0  (Gen:  0)
  1960656     34072 119872920  0.000  0.000    6.013   15.908    0    0  (Gen:  0)
  1103720     32248 119898632  0.000  0.000    6.015   15.910    0    0  (Gen:  0)
  1038000     33464 119912864  0.000  0.000    6.016   15.910    0    0  (Gen:  0)
  1033632     79920 119965784  0.001  0.000    6.017   15.911    0    0  (Gen:  0)
  1035480    102664 120011576  0.001  0.000    6.018   15.912    0    0  (Gen:  0)
  1070496    113280 120107488  0.001  0.000    6.019   15.912    0    0  (Gen:  0)
  1032256    141552 120182048  0.001  0.000    6.021   15.913    0    0  (Gen:  0)
  1034000    157632 120261040  0.001  0.000    6.023   15.914    0    0  (Gen:  0)
  1036280    149528 120326792  0.001  0.000    6.024   15.915    0    0  (Gen:  0)
  1033072    140512 120391688  0.001  0.000    6.026   15.915    0    0  (Gen:  0)
  1033944    130072 120450096  0.001  0.000    6.027   15.916    0    0  (Gen:  0)
  1036464    133232 120517856  0.001  0.000    6.029   15.917    0    0  (Gen:  0)
  1033712    146640 120591728  0.001  0.000    6.030   15.918    0    0  (Gen:  0)
  1070600    121504 120667648  0.001  0.000    6.032   15.919    0    0  (Gen:  0)
  1035936     57352 120673000  0.000  0.000    6.033   15.919    0    0  (Gen:  0)
  1781040     44456 120789960  0.000  0.000    6.035   15.922    0    0  (Gen:  0)
  1036536     69792 120826952  0.000  0.000    6.036   15.922    0    0  (Gen:  0)
  1038416     76680 120857648  0.000  0.000    6.037   15.923    0    0  (Gen:  0)
  1033784    107848 120927536  0.001  0.000    6.038   15.923    0    0  (Gen:  0)
  1034784    156504 121009144  0.001  0.000    6.040   15.924    0    0  (Gen:  0)
  1068120    164088 121119992  0.001  0.000    6.041   15.925    0    0  (Gen:  0)
  1033784    151416 121188496  0.001  0.000    6.043   15.926    0    0  (Gen:  0)
  1035456    134672 121250280  0.001  0.000    6.044   15.926    0    0  (Gen:  0)
  1068752     95984 121312920  0.000  0.000    6.046   15.927    0    0  (Gen:  0)
  1424824     71808 121352672  0.000  0.000    6.047   15.929    0    0  (Gen:  0)
  1168624     58168 121405816  0.000  0.000    6.049   15.930    0    0  (Gen:  0)
  2828376     72144 121455720  0.000  0.000    6.051   15.932    0    0  (Gen:  0)
  3444528    117424 121564232  0.000  0.000    6.054   15.935    0    0  (Gen:  0)
  1596464    115640 121636016  0.000  0.000    6.056   15.936    0    0  (Gen:  0)
  2732848     82928 121778888  0.000  0.000    6.059   15.939    0    0  (Gen:  0)
  1106944     79800 121834648  0.000  0.000    6.060   15.940    0    0  (Gen:  0)
  2259312     76432 121958664  0.000  0.000    6.063   15.942    0    0  (Gen:  0)
  1036456     79024 121988728  0.000  0.000    6.064   15.943    0    0  (Gen:  0)
  1035336     84280 122029144  0.001  0.000    6.065   15.944    0    0  (Gen:  0)
  1036984     81256 122069744  0.001  0.000    6.066   15.944    0    0  (Gen:  0)
  1036600     72664 122101376  0.000  0.000    6.067   15.945    0    0  (Gen:  0)
  1036720     75568 122140640  0.001  0.000    6.068   15.945    0    0  (Gen:  0)
  1034712     87736 122188808  0.001  0.000    6.069   15.946    0    0  (Gen:  0)
  1035080     90104 122230296  0.001  0.000    6.070   15.946    0    0  (Gen:  0)
  1036152     86528 122270512  0.001  0.000    6.071   15.947    0    0  (Gen:  0)
  1036320     88720 122318728  0.001  0.000    6.072   15.947    0    0  (Gen:  0)
  1036720     92880 122362832  0.001  0.000    6.073   15.948    0    0  (Gen:  0)
  1035232     91328 122409216  0.001  0.000    6.074   15.948    0    0  (Gen:  0)
  1036048     89576 122452064  0.001  0.000    6.075   15.949    0    0  (Gen:  0)
  1034584    102160 122507288  0.001  0.000    6.076   15.950    0    0  (Gen:  0)
  1037280    115168 122556456  0.001  0.000    6.077   15.950    0    0  (Gen:  0)
  1032216    143024 122644368  0.001  0.000    6.079   15.951    0    0  (Gen:  0)
  1031304    186512 122733896  0.001  0.000    6.080   15.952    0    0  (Gen:  0)
  1031320    184912 122825000  0.001  0.000    6.082   15.952    0    0  (Gen:  0)
  1031832    189672 122918304  0.001  0.000    6.084   15.953    0    0  (Gen:  0)
  1912800    233480 123054016  0.001  0.000    6.086   15.954    0    0  (Gen:  0)
  1030936    237536 123151608  0.001  0.000    6.088   15.955    0    0  (Gen:  0)
  1032128    197768 123247592  0.001  0.000    6.090   15.956    0    0  (Gen:  0)
  1031280    199184 123345720  0.001  0.000    6.092   15.957    0    0  (Gen:  0)
  1032472    201208 123444752  0.001  0.000    6.094   15.958    0    0  (Gen:  0)
  1030736    200040 123541648  0.001  0.000    6.095   15.959    0    0  (Gen:  0)
  1029680    195336 123635800  0.001  0.000    6.097   15.960    0    0  (Gen:  0)
  1032376    189096 123725800  0.001  0.000    6.099   15.960    0    0  (Gen:  0)
  1034880    180928 123812344  0.001  0.000    6.101   15.961    0    0  (Gen:  0)
  1033392    177296 123898696  0.001  0.000    6.102   15.962    0    0  (Gen:  0)
  1033304    174744 123982784  0.001  0.000    6.104   15.963    0    0  (Gen:  0)
  1033984    177080 124071064  0.001  0.000    6.105   15.963    0    0  (Gen:  0)
  1032768    184976 124163656  0.001  0.000    6.107   15.964    0    0  (Gen:  0)
  1033416    186048 124253024  0.001  0.000    6.109   15.965    0    0  (Gen:  0)
  1034464    181488 124340952  0.001  0.000    6.110   15.966    0    0  (Gen:  0)
  1033856    184744 124433096  0.001  0.000    6.112   15.967    0    0  (Gen:  0)
  1033600    189056 124526000  0.001  0.000    6.114   15.967    0    0  (Gen:  0)
  1035208    186504 124615448  0.001  0.000    6.116   15.968    0    0  (Gen:  0)
  1032664    186664 124707920  0.001  0.000    6.117   15.969    0    0  (Gen:  0)
  1031576    186440 124797976  0.001  0.000    6.119   15.970    0    0  (Gen:  0)
  1032888    181976 124885216  0.001  0.000    6.121   15.970    0    0  (Gen:  0)
  1035144    173992 124967760  0.001  0.000    6.122   15.971    0    0  (Gen:  0)
  1034432    163136 125044208  0.001  0.000    6.124   15.972    0    0  (Gen:  0)
  1036704    160360 125123256  0.001  0.000    6.125   15.973    0    0  (Gen:  0)
  1034832    163624 125203384  0.001  0.000    6.127   15.973    0    0  (Gen:  0)
  1035536    165832 125284856  0.001  0.000    6.129   15.974    0    0  (Gen:  0)
  1033504    167696 125366560  0.001  0.000    6.130   15.975    0    0  (Gen:  0)
  1033744    166408 125447192  0.001  0.000    6.132   15.976    0    0  (Gen:  0)
  1035344    168168 125530536  0.001  0.000    6.134   15.977    0    0  (Gen:  0)
  1035944    169752 125612616  0.001  0.000    6.135   15.977    0    0  (Gen:  0)
  1035760    168800 125695280  0.001  0.000    6.137   15.978    0    0  (Gen:  0)
  1035296    168552 125777040  0.001  0.000    6.138   15.979    0    0  (Gen:  0)
  1032928    146912 125837632  0.001  0.000    6.140   15.980    0    0  (Gen:  0)
  1034784    130296 125902320  0.001  0.000    6.141   15.980    0    0  (Gen:  0)
  1026552    128488 125957648  0.001  0.000    6.143   15.981    0    0  (Gen:  0)
  1028896    118848 126017368  0.001  0.000    6.144   15.981    0    0  (Gen:  0)
  1028256    124976 126078888  0.001  0.000    6.145   15.982    0    0  (Gen:  0)
  1031528    126232 126139800  0.001  0.000    6.146   15.983    0    0  (Gen:  0)
  1068768     91616 126199080  0.001  0.000    6.148   15.984    0    0  (Gen:  0)
  1038720     52368 126210360  0.000  0.000    6.149   15.984    0    0  (Gen:  0)
  2639824     55056 126300552  0.000  0.000    6.152   15.987    0    0  (Gen:  0)
  1036312     84408 126335784  0.001  0.000    6.153   15.988    0    0  (Gen:  0)
  1033456    121920 126413696  0.001  0.000    6.155   15.989    0    0  (Gen:  0)
  1033968    157080 126488312  0.001  0.000    6.156   15.989    0    0  (Gen:  0)
  1035824    143552 126550768  0.001  0.000    6.158   15.990    0    0  (Gen:  0)
  1070552    117056 126633000  0.001  0.000    6.159   15.991    0    0  (Gen:  0)
  1031096     70440 126649240  0.001  0.000    6.160   15.992    0    0  (Gen:  0)
  1752472     51216 126718288  0.000  0.000    6.162   15.994    0    0  (Gen:  0)
  1036272     89048 126770000  0.001  0.000    6.164   15.995    0    0  (Gen:  0)
  1036200    137808 126843088  0.001  0.000    6.165   15.996    0    0  (Gen:  0)
  1593456    122376 126919024  0.001  0.000    6.167   15.997    0    0  (Gen:  0)
  1250472     67392 126941528  0.000  0.000    6.169   15.998    0    0  (Gen:  0)
  1849056     60520 126988128  0.000  0.000    6.171   16.000    0    0  (Gen:  0)
  1535424     88928 127108296  0.000  0.000    6.173   16.002    0    0  (Gen:  0)
  1036936    104032 127156208  0.001  0.000    6.174   16.002    0    0  (Gen:  0)
  1033464    114720 127209632  0.001  0.000    6.175   16.003    0    0  (Gen:  0)
  1035624    117928 127267832  0.000  0.000    6.176   16.004    0    0  (Gen:  0)
  1069088     80464 127319248  0.000  0.000    6.178   16.004    0    0  (Gen:  0)
  2410688     98080 127446288  0.001  0.000    6.180   16.007    0    0  (Gen:  0)
  1036656    148840 127508536  0.001  0.000    6.182   16.008    0    0  (Gen:  0)
  1034048    144368 127575432  0.001  0.000    6.183   16.008    0    0  (Gen:  0)
  1069824    127816 127662616  0.001  0.000    6.185   16.010    0    0  (Gen:  0)
  1069120     62272 127695984  0.000  0.000    6.186   16.010    0    0  (Gen:  0)
  1350984     35192 127802448  0.000  0.000    6.188   16.012    0    0  (Gen:  0)
  2075312     48680 128715776  0.000  0.000    6.190   16.046    0    0  (Gen:  0)
  1082520     20008 128716632  0.000  0.000    6.191   16.047    0    0  (Gen:  0)
  1035600      6984 128722440  0.000  0.000    6.192   16.047    0    0  (Gen:  0)
  1039200     11496 128728416  0.000  0.000    6.193   16.048    0    0  (Gen:  0)
  1039800      7488 128734440  0.000  0.000    6.193   16.048    0    0  (Gen:  0)
  1038280      4648 128733424  0.000  0.000    6.193   16.048    0    0  (Gen:  0)
  1038136     29272 128758432  0.000  0.000    6.194   16.049    0    0  (Gen:  0)
  1035912     46096 128775584  0.000  0.000    6.195   16.049    0    0  (Gen:  0)
  1031064     39008 128792960  0.000  0.000    6.195   16.050    0    0  (Gen:  0)
  1031608     35536 128807096  0.000  0.000    6.196   16.050    0    0  (Gen:  0)
  1031584     31800 128821448  0.000  0.000    6.197   16.050    0    0  (Gen:  0)
  1031600     31800 128835584  0.000  0.000    6.197   16.051    0    0  (Gen:  0)
  1031824     35912 128853816  0.000  0.000    6.198   16.051    0    0  (Gen:  0)
  1031496     35512 128867616  0.000  0.000    6.198   16.051    0    0  (Gen:  0)
  1031608     31568 128881752  0.000  0.000    6.199   16.052    0    0  (Gen:  0)
  1031584     31808 128896104  0.000  0.000    6.199   16.052    0    0  (Gen:  0)
  1031600     31808 128910240  0.000  0.000    6.199   16.052    0    0  (Gen:  0)
  1030912     70992 128963504  0.000  0.000    6.200   16.053    0    0  (Gen:  0)
  1034072    135736 129042288  0.001  0.000    6.201   16.053    0    0  (Gen:  0)
  1034392    154880 129108368  0.001  0.000    6.203   16.054    0    0  (Gen:  0)
  1034272    146736 129180160  0.001  0.000    6.204   16.055    0    0  (Gen:  0)
  1035104    144840 129252584  0.001  0.000    6.206   16.056    0    0  (Gen:  0)
  1505296    151048 129327392  0.000  0.000    6.207   16.057    0    0  (Gen:  0)
  1037176    135072 129382920  0.001  0.000    6.209   16.057    0    0  (Gen:  0)
  1032000    110992 129434208  0.001  0.000    6.210   16.058    0    0  (Gen:  0)
  1034400    122416 129500224  0.001  0.000    6.212   16.059    0    0  (Gen:  0)
  1775976    132264 129591608  0.001  0.000    6.214   16.061    0    0  (Gen:  0)
  1038376     66632 129593688  0.000  0.000    6.215   16.061    0    0  (Gen:  0)
  1104416     24592 129642032  0.000  0.000    6.216   16.062    0    0  (Gen:  0)
  1281088     42072 129666232  0.000  0.000    6.218   16.064    0    0  (Gen:  0)
  2961776     73224 129712904  0.000  0.000    6.221   16.066    0    0  (Gen:  0)
  1355872     82064 129747872  0.000  0.000    6.222   16.068    0    0  (Gen:  0)
  1979880     65592 129794928  0.000  0.000    6.224   16.070    0    0  (Gen:  0)
  2700736     67360 129833720  0.000  0.000    6.227   16.072    0    0  (Gen:  0)
  1085544     64224 129838888  0.000  0.000    6.228   16.073    0    0  (Gen:  0)
  1138064     67072 129894256  0.000  0.000    6.229   16.074    0    0  (Gen:  0)
  1744960     63960 129927928  0.000  0.000    6.231   16.076    0    0  (Gen:  0)
  1036048     74528 129963696  0.000  0.000    6.232   16.077    0    0  (Gen:  0)
  1118256     67544 130011720  0.000  0.000    6.234   16.078    0    0  (Gen:  0)
  1976288     65944 130074872  0.000  0.000    6.236   16.080    0    0  (Gen:  0)
  1038280     99440 130116032  0.001  0.000    6.237   16.081    0    0  (Gen:  0)
  1037272    107400 130169616  0.001  0.000    6.239   16.082    0    0  (Gen:  0)
  1036456    117680 130229152  0.001  0.000    6.240   16.082    0    0  (Gen:  0)
  1037616    119624 130285128  0.001  0.000    6.242   16.083    0    0  (Gen:  0)
  1036048    118736 130343400  0.001  0.000    6.243   16.084    0    0  (Gen:  0)
  1037744    120664 130401792  0.001  0.000    6.245   16.085    0    0  (Gen:  0)
  1038336    118760 130457632  0.001  0.000    6.246   16.086    0    0  (Gen:  0)
  1037344    117352 130514456  0.001  0.000    6.247   16.086    0    0  (Gen:  0)
  1035952    116816 130569696  0.001  0.000    6.249   16.087    0    0  (Gen:  0)
  1072192    115648 130658448  0.001  0.000    6.250   16.088    0    0  (Gen:  0)
  1071656     92504 130723064  0.000  0.000    6.252   16.089    0    0  (Gen:  0)
  2038352     82376 130779728  0.000  0.000    6.254   16.091    0    0  (Gen:  0)
  2582504    113576 130871136  0.001  0.000    6.257   16.094    0    0  (Gen:  0)
  1237968    136760 130941536  0.001  0.000    6.258   16.095    0    0  (Gen:  0)
  2528552     95960 130973024  0.001  0.000    6.261   16.097    0    0  (Gen:  0)
  1071448    104368 131060976  0.001  0.000    6.263   16.098    0    0  (Gen:  0)
  1072032     92464 131118032  0.000  0.000    6.264   16.099    0    0  (Gen:  0)
  1037416     37912 131124424  0.000  0.000    6.265   16.100    0    0  (Gen:  0)
  1264288     39976 131183928  0.000  0.000    6.267   16.101    0    0  (Gen:  0)
  1140064     48952 131256544  0.000  0.000    6.268   16.102    0    0  (Gen:  0)
  1038136     59832 131284768  0.000  0.000    6.269   16.103    0    0  (Gen:  0)
  1035136     98488 131350272  0.001  0.000    6.270   16.104    0    0  (Gen:  0)
  1561880    124376 131436736  0.001  0.000    6.272   16.105    0    0  (Gen:  0)
  2848048    107496 131553152  0.001  0.000    6.275   16.108    0    0  (Gen:  0)
  1035864    121272 131603744  0.001  0.000    6.277   16.109    0    0  (Gen:  0)
  1034968    118280 131658448  0.001  0.000    6.278   16.109    0    0  (Gen:  0)
  1033528    122608 131722232  0.001  0.000    6.279   16.110    0    0  (Gen:  0)
  1032040    138624 131790960  0.001  0.000    6.281   16.111    0    0  (Gen:  0)
  1035240    137880 131853728  0.001  0.000    6.282   16.112    0    0  (Gen:  0)
  1036744    113608 131899392  0.001  0.000    6.284   16.112    0    0  (Gen:  0)
  1068440    122328 132003144  0.001  0.000    6.285   16.113    0    0  (Gen:  0)
  1035344    141712 132068624  0.000  0.000    6.286   16.114    0    0  (Gen:  0)
  1035752    136048 132134632  0.000  0.000    6.287   16.115    0    0  (Gen:  0)
  1034352    133480 132197112  0.001  0.000    6.288   16.115    0    0  (Gen:  0)
  1035608    118640 132252384  0.001  0.000    6.290   16.116    0    0  (Gen:  0)
  1034696    119656 132315480  0.001  0.000    6.291   16.117    0    0  (Gen:  0)
  1034984    123064 132369336  0.001  0.000    6.292   16.117    0    0  (Gen:  0)
  1034328    116368 132426832  0.001  0.000    6.294   16.118    0    0  (Gen:  0)
  1071168    115064 132508488  0.001  0.000    6.295   16.119    0    0  (Gen:  0)
  1099504    100248 132554976  0.000  0.000    6.297   16.120    0    0  (Gen:  0)
  1168776     81400 132586176  0.000  0.000    6.298   16.121    0    0  (Gen:  0)
  1706704     56872 132611880  0.000  0.000    6.300   16.123    0    0  (Gen:  0)
  2188656    107560 132684136  0.000  0.000    6.302   16.125    0    0  (Gen:  0)
  1429672     72600 132722408  0.000  0.000    6.304   16.126    0    0  (Gen:  0)
  1975592     55384 132752592  0.000  0.000    6.306   16.128    0    0  (Gen:  0)
  2200768    124768 132863936  0.001  0.000    6.308   16.130    0    0  (Gen:  0)
  1557144     57072 132898368  0.000  0.000    6.310   16.132    0    0  (Gen:  0)
  1941920     64688 132940016  0.000  0.000    6.312   16.134    0    0  (Gen:  0)
  1980656    152064 133033432  0.001  0.000    6.314   16.136    0    0  (Gen:  0)
  2196312     63592 133133192  0.000  0.000    6.317   16.138    0    0  (Gen:  0)
  1035584    108848 133184736  0.001  0.000    6.318   16.139    0    0  (Gen:  0)
  1033304    133360 133253648  0.001  0.000    6.320   16.140    0    0  (Gen:  0)
  1034000    145696 133324368  0.001  0.000    6.321   16.141    0    0  (Gen:  0)
  1035272    142496 133389352  0.001  0.000    6.323   16.142    0    0  (Gen:  0)
  1036664    133120 133452400  0.000  0.000    6.324   16.143    0    0  (Gen:  0)
  1749352    128760 133544760  0.001  0.000    6.326   16.144    0    0  (Gen:  0)
  1034344     65128 133542528  0.000  0.000    6.327   16.145    0    0  (Gen:  0)
  2633688     53944 133632120  0.000  0.000    6.330   16.148    0    0  (Gen:  0)
  1500632     66424 133644864  0.000  0.000    6.332   16.150    0    0  (Gen:  0)
  1118808     65504 133682688  0.000  0.000    6.333   16.151    0    0  (Gen:  0)
  2093432    111240 133751280  0.001  0.000    6.335   16.153    0    0  (Gen:  0)
  2390592    116184 133796808  0.001  0.000    6.338   16.156    0    0  (Gen:  0)
  1038240    109504 133848768  0.000  0.000    6.339   16.157    0    0  (Gen:  0)
  3008608    133128 133968648  0.001  0.000    6.343   16.160    0    0  (Gen:  0)
  1032904    118120 134005896  0.001  0.000    6.344   16.161    0    0  (Gen:  0)
  1032024    115696 134070872  0.001  0.000    6.346   16.162    0    0  (Gen:  0)
  1035136    132552 134132352  0.001  0.000    6.347   16.163    0    0  (Gen:  0)
  1742240     81176 134277216  0.000  0.000    6.349   16.164    0    0  (Gen:  0)
  1207704    100552 134489736  0.001  0.000    6.350   16.165    0    0  (Gen:  0)
  1041824    215144 134610368  0.001  0.000    6.352   16.166    0    0  (Gen:  0)
  1039104     74000 134642624  0.000  0.000    6.353   16.166    0    0  (Gen:  0)
  1140472    136528 134844128  0.000  0.000    6.354   16.167    0    0  (Gen:  0)
  3018208    487944 135835584  0.001  0.001    6.360   16.171    0    0  (Gen:  0)
  3039096    405544 135911832  0.002  0.000    6.369   16.174    0    0  (Gen:  0)
  2634272    177232 136016192  0.001  0.000    6.376   16.176    0    0  (Gen:  0)
  1901480    184600 136105496  0.001  0.000    6.384   16.179    0    0  (Gen:  0)
  3592712    365560 136371552  0.002  0.000    6.403   16.184    0    0  (Gen:  0)
  1214472    290552 136381336  0.001  0.000    6.406   16.185    0    0  (Gen:  0)
  1608296    138304 136497056  0.001  0.000    6.409   16.186    0    0  (Gen:  0)
  2138000     98104 136504736  0.001  0.000    6.414   16.187    0    0  (Gen:  0)
  1828320    175600 136598536  0.001  0.000    6.417   16.188    0    0  (Gen:  0)
  1613560    118232 136612264  0.000  0.000    6.421   16.189    0    0  (Gen:  0)
  2333576    141952 136660792  0.001  0.000    6.426   16.190    0    0  (Gen:  0)
  2869848    248880 136863664  0.001  0.000    6.433   16.193    0    0  (Gen:  0)
  2014192    157888 136873296  0.000  0.000    6.438   16.194    0    0  (Gen:  0)
  2359056    185896 136985568  0.002  0.000    6.445   16.196    0    0  (Gen:  0)
  2232088    162536 137021872  0.001  0.000    6.452   16.198    0    0  (Gen:  0)
  2343288    198896 137127768  0.000  0.000    6.464   16.202    0    0  (Gen:  0)
  1247256    218216 137223208  0.001  0.000    6.466   16.202    0    0  (Gen:  0)
  1990424     92288 137247616  0.000  0.000    6.470   16.204    0    0  (Gen:  0)
  2494440    167472 137334320  0.001  0.000    6.475   16.205    0    0  (Gen:  0)
  2751232    163368 137431264  0.001  0.000    6.482   16.207    0    0  (Gen:  0)
  3328616    310128 137631624  0.001  0.000    6.502   16.213    0    0  (Gen:  0)
  1476000    217544 137634840  0.001  0.000    6.506   16.214    0    0  (Gen:  0)
  1640448     89760 137676552  0.000  0.000    6.509   16.215    0    0  (Gen:  0)
  1971360    249040 137870104  0.003  0.000    6.515   16.216    0    0  (Gen:  0)
  1164752    189784 137857200  0.001  0.000    6.517   16.217    0    0  (Gen:  0)
  1228536    144624 137983080  0.001  0.000    6.519   16.217    0    0  (Gen:  0)
  1893464    142176 138085264  0.001  0.000    6.526   16.219    0    0  (Gen:  0)
  1661712    222944 138225184  0.001  0.000    6.532   16.221    0    0  (Gen:  0)
  1464848    121808 138198760  0.001  0.000    6.536   16.222    0    0  (Gen:  0)
  2581416    174328 138695552  0.002  0.000    6.546   16.225    0    0  (Gen:  0)
  1839968    227128 138939848  0.001  0.000    6.550   16.227    0    0  (Gen:  0)
  2369008    181216 138995168  0.001  0.000    6.555   16.228    0    0  (Gen:  0)
  2587952    135000 139190832  0.000  0.000    6.559   16.229    0    0  (Gen:  0)
  2196176    195816 139494336  0.001  0.000    6.568   16.231    0    0  (Gen:  0)
  2533432    191464 139664264  0.001  0.000    6.575   16.233    0    0  (Gen:  0)
  3270656    267240 140000216  0.001  0.000    6.583   16.236    0    0  (Gen:  0)
  1388000    176560 139959648  0.001  0.000    6.584   16.236    0    0  (Gen:  0)
  3227464    205152 140111560  0.001  0.000    6.592   16.238    0    0  (Gen:  0)
  1973592    156824 140169816  0.002  0.000    6.598   16.240    0    0  (Gen:  0)
  1730720    148184 140238888  0.000  0.000    6.605   16.242    0    0  (Gen:  0)
  1713400    142416 140300152  0.001  0.000    6.610   16.244    0    0  (Gen:  0)
  1505648    102192 140316760  0.000  0.000    6.614   16.244    0    0  (Gen:  0)
  2253080    222144 140485920  0.001  0.000    6.619   16.246    0    0  (Gen:  0)
  1215760    126544 140433656  0.001  0.000    6.621   16.247    0    0  (Gen:  0)
  2663928    107832 140501104  0.000  0.000    6.626   16.248    0    0  (Gen:  0)
  2258024    150616 140619088  0.001  0.000    6.633   16.250    0    0  (Gen:  0)
  2421512    295304 140816392  0.001  0.000    6.644   16.253    0    0  (Gen:  0)
  1198896    176280 140782320  0.001  0.000    6.646   16.254    0    0  (Gen:  0)
  1931264     87936 140799136  0.001  0.000    6.650   16.255    0    0  (Gen:  0)
  2394840    153704 140935752  0.001  0.000    6.657   16.257    0    0  (Gen:  0)
  3538336    131064 140952368  0.001  0.000    6.663   16.259    0    0  (Gen:  0)
  3146032    128680 140986000  0.000  0.000    6.667   16.261    0    0  (Gen:  0)
  2444968    186088 141096440  0.001  0.000    6.676   16.263    0    0  (Gen:  0)
  1943904    276584 141281440  0.001  0.000    6.680   16.265    0    0  (Gen:  0)
  1782576    156056 141247776  0.001  0.000    6.686   16.267    0    0  (Gen:  0)
  1889032    114088 141258056  0.001  0.000    6.690   16.268    0    0  (Gen:  0)
  2531816    149744 141336608  0.001  0.000    6.697   16.270    0    0  (Gen:  0)
  1928592    159968 141404504  0.001  0.000    6.705   16.273    0    0  (Gen:  0)
  2552720    211072 141656216  0.001  0.000    6.717   16.276    0    0  (Gen:  0)
  2616952    391608 141976120  0.002  0.000    6.729   16.279    0    0  (Gen:  0)
  2096824    197280 141904912  0.001  0.000    6.731   16.280    0    0  (Gen:  0)
  2391080    170616 142076400  0.001  0.000    6.741   16.283    0    0  (Gen:  0)
  1630624    149240 142122880  0.001  0.000    6.747   16.284    0    0  (Gen:  0)
  2047952    251696 142304296  0.001  0.000    6.753   16.286    0    0  (Gen:  0)
  1180744    208040 142313744  0.001  0.000    6.755   16.287    0    0  (Gen:  0)
  1194616 107371600 113806288  0.271  0.083    7.027   16.370    0    0  (Gen:  1)
  2931800    125664 114948880  0.001  0.000    7.033   16.372    0    0  (Gen:  0)
  2880176    138144 115622640  0.002  0.000    7.038   16.374    0    0  (Gen:  0)
  3345288    165816 116345664  0.001  0.000    7.048   16.377    0    0  (Gen:  0)
  2238144    228488 116452112  0.001  0.000    7.059   16.380    0    0  (Gen:  0)
  1864680    351432 116670720  0.002  0.000    7.065   16.381    0    0  (Gen:  0)
  2047960    255192 116732152  0.001  0.000    7.068   16.382    0    0  (Gen:  0)
  1163616    121552 116780872  0.001  0.000    7.070   16.383    0    0  (Gen:  0)
  1455192    148072 116902288  0.001  0.000    7.072   16.383    0    0  (Gen:  0)
  2632864    187712 117122440  0.001  0.000    7.081   16.386    0    0  (Gen:  0)
  2326360    197112 117212272  0.002  0.000    7.091   16.389    0    0  (Gen:  0)
  1952800    219944 117320200  0.001  0.000    7.096   16.391    0    0  (Gen:  0)
  2536080    135952 117335744  0.001  0.000    7.101   16.392    0    0  (Gen:  0)
  2259480    162512 117397048  0.001  0.000    7.108   16.394    0    0  (Gen:  0)
  2273712    208384 117500536  0.001  0.000    7.120   16.399    0    0  (Gen:  0)
  2415768    308696 117690016  0.003  0.003    7.132   16.408    0    0  (Gen:  0)
  1124408    234256 117713392  0.001  0.000    7.134   16.409    0    0  (Gen:  0)
  1121024    122248 117817328  0.000  0.000    7.135   16.410    0    0  (Gen:  0)
  1386048     98984 117900936  0.000  0.000    7.139   16.412    0    0  (Gen:  0)
  2251960    205776 118063672  0.001  0.000    7.148   16.417    0    0  (Gen:  0)
  1793376    114384 118001000  0.000  0.000    7.151   16.418    0    0  (Gen:  0)
  1939376    171544 118110600  0.001  0.000    7.155   16.419    0    0  (Gen:  0)
  1723656     96328 118086712  0.003  0.003    7.161   16.423    0    0  (Gen:  0)
  1522880    139064 118155200  0.001  0.001    7.165   16.429    0    0  (Gen:  0)
  2599288    101408 118178776  0.000  0.000    7.170   16.432    0    0  (Gen:  0)
  1706264    158040 118252056  0.000  0.000    7.177   16.436    0    0  (Gen:  0)
  1758328    147248 118310040  0.000  0.000    7.184   16.439    0    0  (Gen:  0)
  2746080    223784 118459792  0.001  0.000    7.198   16.444    0    0  (Gen:  0)
  1682704    278096 118571256  0.001  0.000    7.204   16.445    0    0  (Gen:  0)
  1550528    114128 118563544  0.000  0.000    7.209   16.447    0    0  (Gen:  0)
  1488360    154272 118643280  0.000  0.000    7.211   16.448    0    0  (Gen:  0)
  2112368     78384 118633160  0.000  0.000    7.213   16.449    0    0  (Gen:  0)
  3186296    225848 118821392  0.001  0.000    7.222   16.451    0    0  (Gen:  0)
  1172864    146208 118759592  0.001  0.000    7.223   16.451    0    0  (Gen:  0)
  2448856    120656 118826256  0.001  0.000    7.231   16.453    0    0  (Gen:  0)
  2389416    151840 118901872  0.001  0.000    7.238   16.455    0    0  (Gen:  0)
  2482120    151672 118968064  0.001  0.000    7.245   16.458    0    0  (Gen:  0)
  2478312    218520 119097232  0.002  0.000    7.252   16.460    0    0  (Gen:  0)
  1451752    136168 119089640  0.001  0.000    7.257   16.461    0    0  (Gen:  0)
  3023632    298056 119319256  0.002  0.000    7.274   16.465    0    0  (Gen:  0)
  1387960    200992 119281432  0.001  0.000    7.277   16.466    0    0  (Gen:  0)
  1703976     87680 119302632  0.001  0.000    7.281   16.467    0    0  (Gen:  0)
  1941128     99472 119353912  0.000  0.000    7.286   16.469    0    0  (Gen:  0)
  3213088    217176 119505368  0.001  0.000    7.293   16.471    0    0  (Gen:  0)
  2311896    254224 119590288  0.002  0.000    7.298   16.472    0    0  (Gen:  0)
  1360808     64344 119483880  0.000  0.000    7.300   16.473    0    0  (Gen:  0)
  1413552    159512 119595888  0.001  0.000    7.302   16.473    0    0  (Gen:  0)
  2948688    145152 119753800  0.001  0.000    7.308   16.475    0    0  (Gen:  0)
  2772064    169056 119914192  0.001  0.000    7.317   16.478    0    0  (Gen:  0)
  2886360    215256 120081536  0.001  0.000    7.327   16.481    0    0  (Gen:  0)
  2425152    171096 120119904  0.001  0.000    7.334   16.483    0    0  (Gen:  0)
  2460840    289440 120381904  0.002  0.000    7.344   16.486    0    0  (Gen:  0)
  1180240    172696 120341272  0.001  0.000    7.346   16.486    0    0  (Gen:  0)
  2925376    284984 120588272  0.002  0.000    7.356   16.489    0    0  (Gen:  0)
  1887344    132784 120483976  0.001  0.000    7.358   16.490    0    0  (Gen:  0)
  2208912    121336 120599048  0.001  0.000    7.365   16.492    0    0  (Gen:  0)
  2161552    138560 120688784  0.001  0.000    7.371   16.493    0    0  (Gen:  0)
  2555976    205800 120875424  0.001  0.000    7.377   16.495    0    0  (Gen:  0)
  1820352    121792 120855632  0.001  0.000    7.381   16.496    0    0  (Gen:  0)
  2387544    154408 121002216  0.001  0.000    7.390   16.499    0    0  (Gen:  0)
  2063952    185456 121121512  0.001  0.000    7.398   16.501    0    0  (Gen:  0)
  2016736    208720 121228176  0.002  0.000    7.404   16.503    0    0  (Gen:  0)
  1776608    115000 121222296  0.000  0.000    7.408   16.504    0    0  (Gen:  0)
  2415016    223192 121369696  0.001  0.000    7.417   16.507    0    0  (Gen:  0)
  1849280    231456 121443072  0.001  0.000    7.420   16.508    0    0  (Gen:  0)
  1499248    106792 121416152  0.000  0.000    7.421   16.508    0    0  (Gen:  0)
  2871352    137600 121528496  0.001  0.000    7.429   16.510    0    0  (Gen:  0)
  1878064    138208 121578528  0.001  0.000    7.433   16.511    0    0  (Gen:  0)
  2459808    157160 121701320  0.001  0.000    7.442   16.514    0    0  (Gen:  0)
  1996584    193528 121805064  0.001  0.000    7.450   16.516    0    0  (Gen:  0)
  1596032    138136 121848672  0.001  0.000    7.453   16.517    0    0  (Gen:  0)
  2166512    113664 121902792  0.001  0.000    7.458   16.518    0    0  (Gen:  0)
  1999736    139400 122020864  0.000  0.000    7.463   16.520    0    0  (Gen:  0)
  2635136    118864 122085864  0.001  0.000    7.467   16.521    0    0  (Gen:  0)
  2817600    200624 122220016  0.001  0.000    7.474   16.523    0    0  (Gen:  0)
  1380376    156232 122229832  0.001  0.000    7.476   16.524    0    0  (Gen:  0)
  2945376    218368 122450456  0.001  0.000    7.486   16.527    0    0  (Gen:  0)
  2197488    152160 122432472  0.000  0.000    7.491   16.528    0    0  (Gen:  0)
  2449400    148648 122492152  0.001  0.000    7.498   16.530    0    0  (Gen:  0)
  2118328    215152 122623776  0.001  0.000    7.502   16.532    0    0  (Gen:  0)
  2416576    119920 122670112  0.000  0.000    7.507   16.533    0    0  (Gen:  0)
  2741288    175656 122782776  0.001  0.000    7.515   16.536    0    0  (Gen:  0)
  2454096    204840 122954032  0.001  0.000    7.524   16.538    0    0  (Gen:  0)
  2162544    196400 123023104  0.001  0.000    7.533   16.541    0    0  (Gen:  0)
  2354784    292608 123227792  0.002  0.000    7.542   16.543    0    0  (Gen:  0)
  1208936    122008 123160600  0.001  0.000    7.544   16.544    0    0  (Gen:  0)
  2958544    178424 123292872  0.001  0.000    7.551   16.546    0    0  (Gen:  0)
  1615448    135656 123290568  0.001  0.000    7.556   16.547    0    0  (Gen:  0)
  1441584    169984 123384936  0.001  0.000    7.559   16.548    0    0  (Gen:  0)
  2857512     95808 123447000  0.000  0.000    7.564   16.550    0    0  (Gen:  0)
  3456320    183728 123646680  0.001  0.000    7.574   16.553    0    0  (Gen:  0)
  1748608    195432 123755128  0.001  0.000    7.578   16.554    0    0  (Gen:  0)
  3015808    119360 123848376  0.001  0.000    7.583   16.555    0    0  (Gen:  0)
  3246128    194560 124044792  0.001  0.000    7.592   16.558    0    0  (Gen:  0)
  3192184    313288 124332968  0.002  0.000    7.607   16.562    0    0  (Gen:  0)
  1963096    242432 124362104  0.001  0.000    7.611   16.563    0    0  (Gen:  0)
  1659744    103744 124349184  0.001  0.000    7.615   16.565    0    0  (Gen:  0)
  1832168    197936 124475296  0.001  0.000    7.622   16.566    0    0  (Gen:  0)
  1456864    121160 124460856  0.000  0.000    7.626   16.568    0    0  (Gen:  0)
  2393752    167392 124691984  0.001  0.000    7.636   16.571    0    0  (Gen:  0)
  1870864    175656 124854480  0.001  0.000    7.643   16.573    0    0  (Gen:  0)
  1934064    200824 124973168  0.001  0.000    7.648   16.574    0    0  (Gen:  0)
  1538960    108920 124947512  0.001  0.000    7.652   16.575    0    0  (Gen:  0)
  1485928    116376 125094640  0.000  0.000    7.656   16.577    0    0  (Gen:  0)
  1932456    158568 125276208  0.001  0.000    7.659   16.578    0    0  (Gen:  0)
  2396320    108256 125292016  0.000  0.000    7.664   16.579    0    0  (Gen:  0)
  1350416    186256 125424112  0.001  0.000    7.667   16.580    0    0  (Gen:  0)
  1766120     70184 125419784  0.000  0.000    7.669   16.581    0    0  (Gen:  0)
  3283296    145512 125506328  0.000  0.000    7.676   16.583    0    0  (Gen:  0)
  1647840    183264 125695088  0.001  0.000    7.682   16.587    0    0  (Gen:  0)
  1038992     50928 125626096  0.000  0.000    7.683   16.588    0    0  (Gen:  0)
  1596368    155016 125842816  0.001  0.000    7.685   16.589    0    0  (Gen:  0)
  1036224     33272 125724840  0.000  0.000    7.686   16.590    0    0  (Gen:  0)
  1232640    200656 125953216  0.001  0.000    7.688   16.592    0    0  (Gen:  0)
  3637304    498944 126483392  0.002  0.001    7.696   16.596    0    0  (Gen:  0)
  2029392    380088 126629664  0.002  0.000    7.700   16.597    0    0  (Gen:  0)
  3225248    229944 126785184  0.001  0.000    7.706   16.600    0    0  (Gen:  0)
  2494648    364616 127037280  0.001  0.000    7.712   16.603    0    0  (Gen:  0)
  2766464    263904 127138496  0.001  0.000    7.717   16.605    0    0  (Gen:  0)
  2051776    215728 127188192  0.001  0.000    7.721   16.607    0    0  (Gen:  0)
  2134688    267520 127335640  0.001  0.000    7.725   16.608    0    0  (Gen:  0)
  3101376    225848 127520696  0.001  0.000    7.730   16.611    0    0  (Gen:  0)
  1798888    268488 127661096  0.001  0.000    7.734   16.612    0    0  (Gen:  0)
  1634080     98624 127616208  0.000  0.000    7.737   16.613    0    0  (Gen:  0)
  2888176    259584 127820064  0.001  0.000    7.742   16.616    0    0  (Gen:  0)
  2040336    259936 127980904  0.001  0.000    7.747   16.619    0    0  (Gen:  0)
  1111464     87336 128020624  0.000  0.000    7.749   16.619    0    0  (Gen:  0)
  2353264    246608 128291432  0.001  0.000    7.754   16.622    0    0  (Gen:  0)
  1866032    254024 128311440  0.001  0.000    7.757   16.623    0    0  (Gen:  0)
  2812224    200800 128510656  0.001  0.000    7.761   16.625    0    0  (Gen:  0)
  2139520    259608 128624504  0.001  0.000    7.765   16.627    0    0  (Gen:  0)
  3144368    237976 128789976  0.001  0.000    7.771   16.630    0    0  (Gen:  0)
  2295600    251344 128990208  0.001  0.000    7.776   16.632    0    0  (Gen:  0)
  2926040    213264 129042512  0.001  0.000    7.780   16.634    0    0  (Gen:  0)
  3031744    278504 129263656  0.001  0.000    7.785   16.636    0    0  (Gen:  0)
  2615968    225600 129368280  0.001  0.000    7.790   16.638    0    0  (Gen:  0)
  3400048    316904 129585256  0.001  0.000    7.796   16.641    0    0  (Gen:  0)
  1384592    186632 129572592  0.001  0.000    7.799   16.643    0    0  (Gen:  0)
  2578128    219904 129772560  0.001  0.000    7.804   16.645    0    0  (Gen:  0)
  1956704    291768 129926880  0.001  0.000    7.808   16.647    0    0  (Gen:  0)
  1707176    111744 129899744  0.000  0.000    7.811   16.648    0    0  (Gen:  0)
  3494672    251656 130205768  0.001  0.001    7.818   16.651    0    0  (Gen:  0)
  1669064    318224 130342552  0.002  0.000    7.822   16.653    0    0  (Gen:  0)
  2401792    171248 130388072  0.001  0.000    7.827   16.655    0    0  (Gen:  0)
  2027784    192048 130467296  0.001  0.000    7.830   16.656    0    0  (Gen:  0)
  1920272    267432 130740800  0.001  0.000    7.834   16.658    0    0  (Gen:  0)
  2235920    218176 130826856  0.001  0.000    7.838   16.660    0    0  (Gen:  0)
  1445680    244160 130918616  0.001  0.000    7.841   16.661    0    0  (Gen:  0)
  2810528    238112 131130328  0.001  0.001    7.846   16.663    0    0  (Gen:  0)
  1289720    304112 131220840  0.002  0.001    7.849   16.665    0    0  (Gen:  0)
  2771352    214112 131312552  0.001  0.000    7.855   16.668    0    0  (Gen:  0)
  1217592    236368 131390160  0.001  0.000    7.857   16.668    0    0  (Gen:  0)
  2095816    205664 131557368  0.001  0.000    7.862   16.671    0    0  (Gen:  0)
  2528088    290776 131714472  0.002  0.000    7.867   16.673    0    0  (Gen:  0)
  3185176    239632 131816488  0.002  0.000    7.874   16.676    0    0  (Gen:  0)
  2273224    214352 131904776  0.001  0.000    7.877   16.678    0    0  (Gen:  0)
  2983248    217848 132024544  0.001  0.000    7.883   16.680    0    0  (Gen:  0)
  1845728    323256 132216632  0.002  0.001    7.888   16.682    0    0  (Gen:  0)
  2611192    133648 132233840  0.001  0.000    7.893   16.685    0    0  (Gen:  0)
  2955112    294368 132439920  0.002  0.001    7.899   16.687    0    0  (Gen:  0)
  1575624    252664 132475800  0.001  0.000    7.903   16.689    0    0  (Gen:  0)
  1474000    218040 132573976  0.001  0.000    7.905   16.690    0    0  (Gen:  0)
  3940584    255040 132776848  0.002  0.001    7.913   16.693    0    0  (Gen:  0)
  3024672    354744 132974984  0.001  0.001    7.919   16.696    0    0  (Gen:  0)
  1810640    191512 133054368  0.002  0.000    7.923   16.697    0    0  (Gen:  0)
  2295288    146864 133142840  0.001  0.000    7.927   16.699    0    0  (Gen:  0)
  2483304    194960 133375312  0.001  0.000    7.932   16.702    0    0  (Gen:  0)
  1777656    251368 133571032  0.002  0.000    7.937   16.704    0    0  (Gen:  0)
  1246936    180648 133633280  0.001  0.000    7.938   16.705    0    0  (Gen:  0)
  2870304    216760 133912584  0.001  0.000    7.943   16.707    0    0  (Gen:  0)
  2954088    284472 134060744  0.001  0.000    7.949   16.710    0    0  (Gen:  0)
  4152728    322496 134395808  0.002  0.001    7.957   16.713    0    0  (Gen:  0)
  2685688    245320 134506848  0.002  0.000    7.963   16.715    0    0  (Gen:  0)
  2098848    253656 134702400  0.001  0.000    7.966   16.717    0    0  (Gen:  0)
  1767960    155888 134813920  0.001  0.000    7.969   16.717    0    0  (Gen:  0)
  2735680    175232 135018384  0.001  0.000    7.974   16.719    0    0  (Gen:  0)
  1665840    180712 135085272  0.001  0.000    7.977   16.721    0    0  (Gen:  0)
  2822320    279576 135308824  0.001  0.000    7.983   16.723    0    0  (Gen:  0)
  2839424    256080 135441440  0.001  0.000    7.988   16.726    0    0  (Gen:  0)
  1324840    225456 135512272  0.001  0.000    7.991   16.727    0    0  (Gen:  0)
  2310512    177592 135634832  0.001  0.000    7.995   16.728    0    0  (Gen:  0)
  2161632    201360 135729792  0.001  0.000    7.999   16.730    0    0  (Gen:  0)
  2512152    260848 135949856  0.001  0.000    8.004   16.733    0    0  (Gen:  0)
  2859448    253664 136125792  0.002  0.000    8.010   16.735    0    0  (Gen:  0)
  2301216    258528 136356080  0.001  0.001    8.014   16.737    0    0  (Gen:  0)
  1754192    274704 136490304  0.002  0.000    8.018   16.738    0    0  (Gen:  0)
  2276808    150944 136548616  0.001  0.000    8.022   16.740    0    0  (Gen:  0)
  1421032    173856 136648536  0.001  0.000    8.025   16.741    0    0  (Gen:  0)
  2970808    268816 136864488  0.001  0.000    8.030   16.744    0    0  (Gen:  0)
  2615960    258880 136929152  0.001  0.000    8.035   16.746    0    0  (Gen:  0)
  2257624    298248 137181912  0.001  0.000    8.040   16.748    0    0  (Gen:  0)
  2306392    224864 137284952  0.001  0.000    8.043   16.749    0    0  (Gen:  0)
  1714784    141408 137282672  0.001  0.000    8.047   16.750    0    0  (Gen:  0)
  3134976    272024 137663696  0.001  0.001    8.053   16.754    0    0  (Gen:  0)
  3017400    301856 137809784  0.001  0.000    8.059   16.756    0    0  (Gen:  0)
  1685064    232320 138007232  0.001  0.000    8.063   16.758    0    0  (Gen:  0)
  1999032    156288 138054360  0.001  0.000    8.066   16.759    0    0  (Gen:  0)
  3976640    218480 138243640  0.001  0.000    8.073   16.762    0    0  (Gen:  0)
  2541392    306392 138498640  0.001  0.000    8.078   16.765    0    0  (Gen:  0)
  1515520    274152 138595200  0.001  0.000    8.080   16.765    0    0  (Gen:  0)
  2828912    207360 138756808  0.001  0.000    8.085   16.767    0    0  (Gen:  0)
  2750208    398480 139108272  0.001  0.000    8.091   16.770    0    0  (Gen:  0)
  2027632    679736 139523160  0.002  0.001    8.096   16.771    0    0  (Gen:  0)
  3522240   1155416 140566736  0.003  0.001    8.103   16.773    0    0  (Gen:  0)
  1212320    990664 141131584  0.002  0.001    8.108   16.775    0    0  (Gen:  0)
  2552816    757960 141804336  0.001  0.000    8.111   16.777    0    0  (Gen:  0)
  3301520    711688 142772632  0.003  0.001    8.118   16.779    0    0  (Gen:  0)
  2925000   1101656 143797376  0.004  0.001    8.127   16.782    0    0  (Gen:  0)
  2877872   1589376 145152584  0.005  0.001    8.137   16.785    0    0  (Gen:  0)
  2465184    506984 145595128  0.002  0.001    8.146   16.788    0    0  (Gen:  0)
  2669488   1070232 146464112  0.003  0.001    8.152   16.790    0    0  (Gen:  0)
  3985912    827376 147785712  0.004  0.001    8.163   16.794    0    0  (Gen:  0)
  2753760    828832 148899880  0.003  0.001    8.180   16.799    0    0  (Gen:  0)
  1661384   1149568 149467976  0.004  0.001    8.186   16.801    0    0  (Gen:  0)
  4023664   1810264 151121256  0.004  0.001    8.195   16.804    0    0  (Gen:  0)
  2617448   2207784 152344608  0.006  0.002    8.204   16.806    0    0  (Gen:  0)
  2618704   2525704 154031288  0.007  0.002    8.224   16.812    0    0  (Gen:  0)
  2937696    897160 154205272  0.003  0.001    8.235   16.815    0    0  (Gen:  0)
  3028112   1411144 155454912  0.005  0.002    8.245   16.818    0    0  (Gen:  0)
  4170440   1472520 156774520  0.005  0.002    8.260   16.823    0    0  (Gen:  0)
  2798472   1319880 157705592  0.004  0.001    8.271   16.826    0    0  (Gen:  0)
  2612968    960168 158413168  0.003  0.001    8.280   16.829    0    0  (Gen:  0)
  2145168    926608 159100704  0.002  0.001    8.285   16.831    0    0  (Gen:  0)
  3693760   1318064 160180904  0.005  0.001    8.299   16.835    0    0  (Gen:  0)
  2207032   1054328 160562296  0.003  0.001    8.305   16.837    0    0  (Gen:  0)
  2862200    662344 161281728  0.002  0.001    8.311   16.839    0    0  (Gen:  0)
  2714632   1015584 162052976  0.003  0.001    8.319   16.841    0    0  (Gen:  0)
  2669880   1052824 162770432  0.004  0.001    8.326   16.843    0    0  (Gen:  0)
  2330368    834232 163548328  0.002  0.001    8.333   16.845    0    0  (Gen:  0)
  4008856   1250032 165246696  0.005  0.001    8.344   16.849    0    0  (Gen:  0)
  2260808   1304048 166040976  0.004  0.001    8.352   16.851    0    0  (Gen:  0)
  1849080   1057296 166721240  0.003  0.001    8.358   16.853    0    0  (Gen:  0)
  2901368   1189344 167653640  0.004  0.001    8.367   16.856    0    0  (Gen:  0)
  1819584    999952 168227816  0.005  0.001    8.374   16.858    0    0  (Gen:  0)
  2184504    801472 168794328  0.002  0.001    8.379   16.860    0    0  (Gen:  0)
  2232680    913216 169504880  0.003  0.001    8.385   16.861    0    0  (Gen:  0)
  3155864    904768 170932312  0.003  0.001    8.393   16.864    0    0  (Gen:  0)
  2630288   1313464 172072832  0.007  0.002    8.405   16.867    0    0  (Gen:  0)
  1673088   1381880 172860064  0.005  0.001    8.415   16.870    0    0  (Gen:  0)
  1665232    896600 173321136  0.005  0.001    8.425   16.873    0    0  (Gen:  0)
  2257800    792152 174113168  0.002  0.001    8.432   16.876    0    0  (Gen:  0)
  1040992    894872 174510888  0.003  0.001    8.436   16.878    0    0  (Gen:  0)
  3252440    855584 175636184  0.005  0.001    8.449   16.883    0    0  (Gen:  0)
  2015400    940352 176252312  0.007  0.001    8.462   16.887    0    0  (Gen:  0)
  2280720    705112 177088936  0.005  0.001    8.470   16.889    0    0  (Gen:  0)
  1245928    775248 177596160  0.003  0.001    8.475   16.891    0    0  (Gen:  0)
  2380328   1154776 178261288  0.004  0.001    8.482   16.894    0    0  (Gen:  0)
  1243376   1035608 178744728  0.002  0.001    8.487   16.895    0    0  (Gen:  0)
  2543320   1288432 179583248  0.005  0.002    8.511   16.904    0    0  (Gen:  0)
  2079008    966944 180064536  0.004  0.001    8.521   16.908    0    0  (Gen:  0)
  3236616    738272 180387104  0.004  0.001    8.528   16.911    0    0  (Gen:  0)
  1313464    529584 180616912  0.001  0.001    8.531   16.912    0    0  (Gen:  0)
  3615048    702848 181352232  0.003  0.001    8.539   16.914    0    0  (Gen:  0)
  3827456    736240 182495824  0.003  0.001    8.548   16.917    0    0  (Gen:  0)
  2281704    736416 182991944  0.005  0.001    8.557   16.919    0    0  (Gen:  0)
  2208768    909104 183634616  0.003  0.001    8.564   16.921    0    0  (Gen:  0)
  2699136   1068336 184240112  0.005  0.001    8.573   16.924    0    0  (Gen:  0)
  3194488   1329960 185472200  0.004  0.001    8.582   16.926    0    0  (Gen:  0)
  2356712    954160 185881448  0.005  0.001    8.590   16.929    0    0  (Gen:  0)
  2667232   1011832 186624752  0.005  0.001    8.598   16.931    0    0  (Gen:  0)
  3007744    946624 187401120  0.005  0.001    8.605   16.933    0    0  (Gen:  0)
  2364584    827000 187923176  0.003  0.001    8.612   16.935    0    0  (Gen:  0)
  2178872    822664 188584992  0.002  0.001    8.617   16.936    0    0  (Gen:  0)
  3450208   1078144 189516192  0.004  0.001    8.627   16.939    0    0  (Gen:  0)
  2866504   1118088 190177272  0.004  0.001    8.636   16.941    0    0  (Gen:  0)
  3290696    924504 190710592  0.003  0.001    8.643   16.943    0    0  (Gen:  0)
  3030920   1255960 191580744  0.004  0.001    8.651   16.946    0    0  (Gen:  0)
  3485744   1167280 192214800  0.005  0.001    8.660   16.948    0    0  (Gen:  0)
  3460304   1126352 193031752  0.004  0.001    8.669   16.951    0    0  (Gen:  0)
  2167328    645912 193294384  0.004  0.001    8.675   16.952    0    0  (Gen:  0)
  3328192    766200 193864968  0.002  0.001    8.682   16.954    0    0  (Gen:  0)
  3311720    936544 194464048  0.004  0.001    8.691   16.957    0    0  (Gen:  0)
  3857720    963096 195070328  0.005  0.001    8.700   16.959    0    0  (Gen:  0)
  3725352    795936 195588264  0.003  0.001    8.710   16.962    0    0  (Gen:  0)
  2783016    629688 195851472  0.002  0.001    8.715   16.963    0    0  (Gen:  0)
  3865256    405672 196148336  0.002  0.000    8.722   16.965    0    0  (Gen:  0)
  3351112    655240 197289464  0.003  0.001    8.727   16.967    0    0  (Gen:  0)
  2024816    619296 197630304  0.004  0.001    8.733   16.968    0    0  (Gen:  0)
  2835568    548352 198084304  0.003  0.001    8.739   16.970    0    0  (Gen:  0)
  2430624    825072 198523752  0.003  0.001    8.744   16.971    0    0  (Gen:  0)
  2649096    531600 198739368  0.002  0.001    8.750   16.973    0    0  (Gen:  0)
  1195480    311568 198875280  0.001  0.000    8.753   16.974    0    0  (Gen:  0)
  1094704    255424 198993960  0.001  0.000    8.757   16.975    0    0  (Gen:  0)
  1890664    483968 199498096  0.002  0.001    8.767   16.983    0    0  (Gen:  0)
  1042200    607064 199678648  0.003  0.001    8.770   16.984    0    0  (Gen:  0)
  1042736    743944 200188408  0.003  0.001    8.774   16.986    0    0  (Gen:  0)
  1039624    939712 200768464  0.005  0.001    8.780   16.988    0    0  (Gen:  0)
  1031096   1193768 201397976  0.006  0.002    8.792   16.997    0    0  (Gen:  0)
  1043104    636848 201473272  0.003  0.001    8.796   16.998    0    0  (Gen:  0)
  1315624    499840 202029488  0.003  0.001    8.802   17.002    0    0  (Gen:  0)
  1053696    608816 202405008  0.003  0.001    8.806   17.004    0    0  (Gen:  0)
  1035576    552072 202604888  0.002  0.001    8.810   17.006    0    0  (Gen:  0)
  1034768    334096 202744632  0.002  0.000    8.814   17.008    0    0  (Gen:  0)
  1031624    175856 202845328  0.001  0.000    8.816   17.010    0    0  (Gen:  0)
  1035232    107992 202920224  0.001  0.000    8.818   17.011    0    0  (Gen:  0)
  1034152    217992 203108360  0.001  0.000    8.821   17.013    0    0  (Gen:  0)
  1039480    192608 203228584  0.001  0.000    8.824   17.015    0    0  (Gen:  0)
  1040792     62344 203251360  0.001  0.000    8.825   17.016    0    0  (Gen:  0)
  1101984     73240 203372504  0.000  0.000    8.827   17.017    0    0  (Gen:  0)
  1103688    363896 203750432  0.001  0.000    8.830   17.019    0    0  (Gen:  0)
  1028792    479216 204011624  0.001  0.000    8.832   17.020    0    0  (Gen:  0)
  1115552    344184 204287392  0.002  0.001    8.836   17.023    0    0  (Gen:  0)
  1104360    293320 204577840  0.001  0.000    8.839   17.025    0    0  (Gen:  0)
  1042232    182840 204567920  0.001  0.000    8.841   17.026    0    0  (Gen:  0)
  1040920     53624 204616704  0.000  0.000    8.842   17.027    0    0  (Gen:  0)
  1041160     55984 204642152  0.000  0.000    8.844   17.028    0    0  (Gen:  0)
  1040816     41584 204644616  0.000  0.000    8.845   17.029    0    0  (Gen:  0)
  1042080     13248 204621440  0.000  0.000    8.846   17.030    0    0  (Gen:  0)
  1039792     42768 204653208  0.000  0.000    8.848   17.031    0    0  (Gen:  0)
  1042568     14264 204630592  0.000  0.000    8.849   17.032    0    0  (Gen:  0)
  1035848     90112 204708440  0.000  0.000    8.850   17.033    0    0  (Gen:  0)
  1033560    248984 204902648  0.001  0.000    8.852   17.034    0    0  (Gen:  0)
  1122464    411752 205278496  0.002  0.000    8.856   17.037    0    0  (Gen:  0)
  1060672    412448 205533384  0.002  0.001    8.859   17.038    0    0  (Gen:  0)
  1024192    252936 205751880  0.002  0.000    8.862   17.040    0    0  (Gen:  0)
  1027968     77432 205817256  0.000  0.000    8.864   17.041    0    0  (Gen:  0)
  1028280    116320 205867360  0.001  0.000    8.866   17.043    0    0  (Gen:  0)
  1062528    133208 205981368  0.001  0.000    8.868   17.044    0    0  (Gen:  0)
  1028872    134608 206037912  0.001  0.000    8.870   17.046    0    0  (Gen:  0)
  1100488    134464 206192424  0.001  0.000    8.872   17.047    0    0  (Gen:  0)
  1111280    377296 206552736  0.001  0.000    8.875   17.049    0    0  (Gen:  0)
  1035480    330288 206648864  0.001  0.000    8.878   17.051    0    0  (Gen:  0)
  1034360    153616 206701664  0.001  0.000    8.881   17.053    0    0  (Gen:  0)
  1038576     98832 206744616  0.001  0.000    8.883   17.054    0    0  (Gen:  0)
  1032552    159456 206858032  0.002  0.000    8.886   17.056    0    0  (Gen:  0)
  1063776    175816 206954824  0.001  0.000    8.889   17.058    0    0  (Gen:  0)
  1031296    212464 207102016  0.002  0.001    8.892   17.059    0    0  (Gen:  0)
  1033376    240408 207210736  0.002  0.001    8.895   17.061    0    0  (Gen:  0)
  1038624    196416 207305496  0.002  0.001    8.899   17.064    0    0  (Gen:  0)
  1038720    170456 207391536  0.001  0.000    8.901   17.065    0    0  (Gen:  0)
  1077008    144592 207487576  0.001  0.000    8.904   17.067    0    0  (Gen:  0)
  1033192    170480 207592936  0.001  0.000    8.906   17.069    0    0  (Gen:  0)
  1070592    345352 207888072  0.002  0.001    8.909   17.070    0    0  (Gen:  0)
  1040792    479328 208142536  0.002  0.001    8.913   17.072    0    0  (Gen:  0)
  1038104    409912 208333176  0.002  0.001    8.917   17.074    0    0  (Gen:  0)
  1111376    344280 208587024  0.001  0.000    8.919   17.075    0    0  (Gen:  0)
  1040648    264432 208731104  0.001  0.000    8.921   17.076    0    0  (Gen:  0)
  1781600    381944 209164088  0.002  0.000    8.924   17.078    0    0  (Gen:  0)
  1037104    559464 209436288  0.002  0.001    8.927   17.080    0    0  (Gen:  0)
  1037680    506376 209701528  0.002  0.001    8.930   17.081    0    0  (Gen:  0)
  1037480    542864 209972840  0.002  0.001    8.933   17.083    0    0  (Gen:  0)
  1860984    492008 210370840  0.003  0.001    8.937   17.085    0    0  (Gen:  0)
  1144536    616864 210841376  0.002  0.001    8.941   17.088    0    0  (Gen:  0)
  1211736    691784 211355800  0.002  0.001    8.946   17.091    0    0  (Gen:  0)
  2059112    686808 212746456  0.002  0.001    8.954   17.097    0    0  (Gen:  0)
  1141528    773488 213251544  0.003  0.001    8.964   17.103    0    0  (Gen:  0)
  1042200    622368 213441720  0.003  0.001    8.967   17.105    0    0  (Gen:  0)
  1042376    749808 213934624  0.003  0.001    8.971   17.106    0    0  (Gen:  0)
  1034592    992336 214634528  0.004  0.001    8.980   17.112    0    0  (Gen:  0)
  1039912    912808 214903664  0.005  0.001    8.989   17.118    0    0  (Gen:  0)
  1112264    371888 214986760  0.002  0.001    8.993   17.120    0    0  (Gen:  0)
  1179816    442704 215409496  0.003  0.001    8.997   17.122    0    0  (Gen:  0)
  1226920    539424 215804376  0.003  0.001    9.001   17.124    0    0  (Gen:  0)
  1254400    514632 216264656  0.003  0.001    9.006   17.127    0    0  (Gen:  0)
  1094072    565536 216671904  0.003  0.001    9.011   17.129    0    0  (Gen:  0)
  1091640    625432 216986256  0.002  0.001    9.014   17.132    0    0  (Gen:  0)
  1036960    530752 217309568  0.001  0.000    9.017   17.133    0    0  (Gen:  0)
  1030624    237600 217397568  0.001  0.000    9.020   17.134    0    0  (Gen:  0)
  1185472    302200 217788784  0.002  0.000    9.024   17.137    0    0  (Gen:  0)
  1175184    531104 218262672  0.001  0.001    9.026   17.139    0    0  (Gen:  0)
  1238496    568816 218752592  0.003  0.001    9.032   17.142    0    0  (Gen:  0)
  1189544    540704 219149192  0.002  0.001    9.035   17.144    0    0  (Gen:  0)
  1268456    477680 219634184  0.003  0.001    9.039   17.146    0    0  (Gen:  0)
  1037936    475328 219939688  0.002  0.001    9.043   17.148    0    0  (Gen:  0)
  1031632    236416 220054816  0.001  0.000    9.045   17.149    0    0  (Gen:  0)
  1036120    145728 220154176  0.001  0.000    9.047   17.151    0    0  (Gen:  0)
  1040856    372696 220430568  0.002  0.000    9.050   17.152    0    0  (Gen:  0)
  1042592    179584 220513544  0.001  0.000    9.051   17.153    0    0  (Gen:  0)
  1042776    226448 220655856  0.001  0.000    9.053   17.154    0    0  (Gen:  0)
  1081872    128360 220745568  0.000  0.000    9.054   17.155    0    0  (Gen:  0)
  3481800    693568 221535008  0.004  0.001    9.061   17.158    0    0  (Gen:  0)
  3307240   1168136 222267256  0.006  0.001    9.070   17.160    0    0  (Gen:  0)
  3735952   1059016 222932200  0.006  0.001    9.081   17.163    0    0  (Gen:  0)
  2617976    904472 223399224  0.003  0.001    9.088   17.165    0    0  (Gen:  0)
  3676264   1022600 224161992  0.004  0.001    9.098   17.168    0    0  (Gen:  0)
  2137288    397272 224486928  0.002  0.001    9.103   17.170    0    0  (Gen:  0)
  3104400    661912 225012360  0.004  0.001    9.109   17.172    0    0  (Gen:  0)
  3532696    853248 225528016  0.006  0.001    9.118   17.174    0    0  (Gen:  0)
  3057168    808768 225911752  0.007  0.001    9.127   17.176    0    0  (Gen:  0)
  2835896 163952936 185803848  0.399  0.120    9.527   17.297    0    0  (Gen:  1)
  3019400    459664 186050584  0.005  0.001    9.534   17.299    0    0  (Gen:  0)
  2938600    573472 186363464  0.004  0.001    9.540   17.301    0    0  (Gen:  0)
  3405304    616824 186741992  0.005  0.001    9.547   17.303    0    0  (Gen:  0)
  3412936    663560 187055832  0.005  0.001    9.554   17.304    0    0  (Gen:  0)
  3387352    680232 187409016  0.004  0.001    9.560   17.306    0    0  (Gen:  0)
  2733984    700360 187744576  0.005  0.001    9.566   17.307    0    0  (Gen:  0)
  3375824    809144 188339664  0.005  0.001    9.573   17.309    0    0  (Gen:  0)
  2793880    937896 188756744  0.005  0.001    9.580   17.311    0    0  (Gen:  0)
  3153880    627224 189075304  0.004  0.001    9.586   17.313    0    0  (Gen:  0)
  3281520    763480 189562400  0.003  0.001    9.593   17.315    0    0  (Gen:  0)
  2618768    814000 189924064  0.005  0.001    9.599   17.316    0    0  (Gen:  0)
  3416632    752328 190335800  0.004  0.001    9.606   17.318    0    0  (Gen:  0)
  2682456    820992 190776960  0.003  0.001    9.612   17.320    0    0  (Gen:  0)
  2247808    495080 191038160  0.003  0.001    9.617   17.321    0    0  (Gen:  0)
  3329304    778320 191624840  0.003  0.001    9.621   17.322    0    0  (Gen:  0)
  3942816    580904 191997496  0.002  0.001    9.628   17.324    0    0  (Gen:  0)
  2940728    701944 192334768  0.002  0.001    9.633   17.326    0    0  (Gen:  0)
  3853904    736032 192785176  0.003  0.001    9.642   17.328    0    0  (Gen:  0)
  2342072    574848 193185832  0.003  0.000    9.647   17.329    0    0  (Gen:  0)
  3567616    555920 193567704  0.002  0.000    9.653   17.331    0    0  (Gen:  0)
  3283240    741616 194077344  0.005  0.001    9.660   17.333    0    0  (Gen:  0)
  3408760    704872 194559280  0.003  0.001    9.665   17.334    0    0  (Gen:  0)
  3025248    695400 194903896  0.004  0.001    9.671   17.336    0    0  (Gen:  0)
  3002936    432432 195116040  0.004  0.000    9.676   17.337    0    0  (Gen:  0)
  3147256    472128 195386792  0.004  0.001    9.682   17.339    0    0  (Gen:  0)
  3252024    563472 195682184  0.003  0.001    9.688   17.340    0    0  (Gen:  0)
  2512824    500552 195901296  0.003  0.000    9.693   17.341    0    0  (Gen:  0)
  3408808    482808 196171840  0.004  0.001    9.699   17.343    0    0  (Gen:  0)
  3054816    585960 196472344  0.004  0.001    9.704   17.345    0    0  (Gen:  0)
  3270064    577176 196750888  0.003  0.001    9.710   17.346    0    0  (Gen:  0)
  2644816    502824 196978544  0.003  0.000    9.716   17.347    0    0  (Gen:  0)
  3296344    635216 197377160  0.005  0.001    9.722   17.349    0    0  (Gen:  0)
  3053544    717824 197805400  0.004  0.001    9.728   17.351    0    0  (Gen:  0)
  1995200    622912 198054568  0.003  0.001    9.734   17.352    0    0  (Gen:  0)
  2132728    475552 198315864  0.003  0.000    9.738   17.353    0    0  (Gen:  0)
  3480136    626056 198714056  0.004  0.001    9.743   17.355    0    0  (Gen:  0)
  2413608    595800 198954976  0.003  0.000    9.747   17.356    0    0  (Gen:  0)
  2456432    497816 199215288  0.003  0.000    9.751   17.357    0    0  (Gen:  0)
  3511232    672712 199640960  0.006  0.001    9.759   17.359    0    0  (Gen:  0)
  2675736    700912 199968336  0.004  0.001    9.765   17.360    0    0  (Gen:  0)
  2316680    790992 200430648  0.005  0.001    9.770   17.362    0    0  (Gen:  0)
  2954512    914528 200993840  0.005  0.001    9.776   17.363    0    0  (Gen:  0)
  3356056   1137440 201672168  0.005  0.001    9.782   17.365    0    0  (Gen:  0)
  3373720   1048056 202254320  0.007  0.001    9.789   17.367    0    0  (Gen:  0)
  2934512   1004208 202779712  0.005  0.001    9.796   17.369    0    0  (Gen:  0)
  3751952    723520 203427352  0.003  0.001    9.802   17.371    0    0  (Gen:  0)
  3094248   1133672 204039264  0.004  0.001    9.808   17.372    0    0  (Gen:  0)
  2720288    975480 204412080  0.003  0.001    9.815   17.374    0    0  (Gen:  0)
  2599464    555232 204671624  0.002  0.001    9.821   17.376    0    0  (Gen:  0)
  2978168    491088 204997864  0.002  0.001    9.826   17.378    0    0  (Gen:  0)
  2954256    585360 205340984  0.003  0.001    9.832   17.379    0    0  (Gen:  0)
  3377728    542400 205648080  0.003  0.001    9.839   17.381    0    0  (Gen:  0)
  2794440    342128 205772720  0.002  0.000    9.844   17.382    0    0  (Gen:  0)
  2937048    347864 205982312  0.004  0.000    9.849   17.383    0    0  (Gen:  0)
  2300008    409232 206192920  0.003  0.001    9.854   17.385    0    0  (Gen:  0)
  2277688    382480 206371576  0.003  0.001    9.859   17.386    0    0  (Gen:  0)
  3512824    426480 206630680  0.003  0.001    9.867   17.388    0    0  (Gen:  0)
  3373256    331304 206759632  0.003  0.000    9.873   17.390    0    0  (Gen:  0)
  2454464    438608 207072968  0.003  0.001    9.879   17.391    0    0  (Gen:  0)
  2950832    502672 207478304  0.003  0.001    9.886   17.393    0    0  (Gen:  0)
  2586904    686056 207905048  0.005  0.001    9.892   17.395    0    0  (Gen:  0)
  2611368    734960 208262112  0.004  0.001    9.897   17.396    0    0  (Gen:  0)
  2398568    704992 208636112  0.004  0.001    9.902   17.398    0    0  (Gen:  0)
  2704216    801080 209095592  0.004  0.001    9.907   17.399    0    0  (Gen:  0)
  3618824    695448 209468096  0.004  0.001    9.916   17.402    0    0  (Gen:  0)
  3135696    677440 209888312  0.003  0.001    9.921   17.403    0    0  (Gen:  0)
  3386696    482264 210076528  0.004  0.000    9.927   17.405    0    0  (Gen:  0)
  3267704    590544 210593680  0.003  0.000    9.933   17.406    0    0  (Gen:  0)
  3177808    944792 211086592  0.006  0.001    9.940   17.408    0    0  (Gen:  0)
  3161800    869936 211563368  0.006  0.001    9.946   17.410    0    0  (Gen:  0)
  3908264   1063152 212251328  0.006  0.001    9.955   17.412    0    0  (Gen:  0)
  3821248   1170384 213073240  0.006  0.001    9.963   17.414    0    0  (Gen:  0)
  3921600   1113448 213844264  0.005  0.001    9.972   17.417    0    0  (Gen:  0)
  4118480   1085792 214588240  0.005  0.001    9.981   17.419    0    0  (Gen:  0)
  3277208   1075264 215218632  0.005  0.001    9.988   17.421    0    0  (Gen:  0)
  2991160   1006800 215753144  0.004  0.001    9.994   17.422    0    0  (Gen:  0)
  2853088    676424 216244720  0.004  0.001   10.001   17.424    0    0  (Gen:  0)
  3352208    882880 216834784  0.004  0.001   10.008   17.426    0    0  (Gen:  0)
  3266640    914744 217534592  0.004  0.001   10.016   17.428    0    0  (Gen:  0)
  2686824    811512 217938608  0.002  0.001   10.022   17.430    0    0  (Gen:  0)
  2717600    706296 218283160  0.005  0.001   10.029   17.432    0    0  (Gen:  0)
  2357816    543408 218672224  0.005  0.001   10.035   17.433    0    0  (Gen:  0)
  2756176    640088 219074152  0.002  0.001   10.041   17.435    0    0  (Gen:  0)
  3265712    757432 219651656  0.007  0.001   10.051   17.438    0    0  (Gen:  0)
  3044360    757208 220096832  0.005  0.001   10.057   17.440    0    0  (Gen:  0)
  2921760    990200 220714672  0.005  0.001   10.064   17.442    0    0  (Gen:  0)
  3251912    801624 220948528  0.006  0.001   10.072   17.444    0    0  (Gen:  0)
  3148736    823384 221535344  0.005  0.001   10.078   17.445    0    0  (Gen:  0)
  4367856    901216 224321192  0.004  0.001   10.086   17.448    0    0  (Gen:  0)
  2176080    568024 224612864  0.004  0.001   10.092   17.449    0    0  (Gen:  0)
  1907016    505000 224843280  0.004  0.001   10.096   17.450    0    0  (Gen:  0)
  1980544    436376 225070480  0.002  0.000   10.100   17.451    0    0  (Gen:  0)
  2290936    561792 225412728  0.003  0.001   10.106   17.453    0    0  (Gen:  0)
  2319336    483024 225667720  0.004  0.001   10.111   17.454    0    0  (Gen:  0)
  2499936    413568 225867600  0.003  0.000   10.117   17.456    0    0  (Gen:  0)
  2541560    535472 226195656  0.003  0.001   10.122   17.457    0    0  (Gen:  0)
  2923256    760312 226652576  0.003  0.001   10.129   17.459    0    0  (Gen:  0)
  2681840    795000 227106448  0.004  0.001   10.137   17.462    0    0  (Gen:  0)
  2369736    845152 227546768  0.006  0.001   10.147   17.464    0    0  (Gen:  0)
  2404784    878112 228010640  0.004  0.001   10.154   17.466    0    0  (Gen:  0)
  2195104    569464 228313376  0.004  0.001   10.162   17.468    0    0  (Gen:  0)
  2103800    666256 228798272  0.005  0.001   10.169   17.470    0    0  (Gen:  0)
  2309736    430936 228945416  0.004  0.001   10.174   17.471    0    0  (Gen:  0)
  2389512    449472 229278640  0.002  0.001   10.179   17.473    0    0  (Gen:  0)
  2227376    435656 229428208  0.003  0.001   10.185   17.475    0    0  (Gen:  0)
  2996656    477584 229713672  0.005  0.001   10.193   17.477    0    0  (Gen:  0)
  2653672    512776 229952440  0.003  0.001   10.200   17.479    0    0  (Gen:  0)
  2768104    397896 230118360  0.002  0.001   10.207   17.481    0    0  (Gen:  0)
  2388832    390624 230395800  0.002  0.001   10.212   17.482    0    0  (Gen:  0)
  3002080    602664 230785280  0.004  0.001   10.219   17.484    0    0  (Gen:  0)
  2577272    508696 231048648  0.003  0.001   10.225   17.485    0    0  (Gen:  0)
  2322896    391008 231291536  0.002  0.000   10.229   17.487    0    0  (Gen:  0)
  2270960    446864 231505592  0.002  0.001   10.235   17.488    0    0  (Gen:  0)
  2508720    389680 231732000  0.002  0.000   10.240   17.489    0    0  (Gen:  0)
  2226816    310816 231920464  0.002  0.000   10.245   17.491    0    0  (Gen:  0)
  2344832    340536 232204520  0.004  0.001   10.250   17.492    0    0  (Gen:  0)
  2316440    472528 232489160  0.003  0.001   10.256   17.494    0    0  (Gen:  0)
  2070312    388856 232645720  0.003  0.001   10.262   17.495    0    0  (Gen:  0)
  2294904    399832 232871752  0.003  0.001   10.268   17.497    0    0  (Gen:  0)
  3065008    574568 233236448  0.003  0.001   10.274   17.499    0    0  (Gen:  0)
  2690152    518648 233526640  0.002  0.001   10.280   17.500    0    0  (Gen:  0)
  3134256    816408 234143520  0.004  0.001   10.288   17.502    0    0  (Gen:  0)
  2477576    999656 234648256  0.004  0.001   10.295   17.504    0    0  (Gen:  0)
  1602648    599624 234951024  0.003  0.001   10.300   17.505    0    0  (Gen:  0)
  1662712    388064 235190936  0.002  0.001   10.304   17.507    0    0  (Gen:  0)
  1831048    504048 235511048  0.002  0.000   10.308   17.508    0    0  (Gen:  0)
  2588720   1095960 236450304  0.005  0.001   10.314   17.509    0    0  (Gen:  0)
  2320624   1088936 236785864  0.003  0.001   10.318   17.511    0    0  (Gen:  0)
  2157032    733744 237229368  0.002  0.001   10.322   17.512    0    0  (Gen:  0)
  2292440    767824 237712704  0.002  0.001   10.326   17.513    0    0  (Gen:  0)
  2198384    824472 238157808  0.002  0.001   10.331   17.514    0    0  (Gen:  0)
  2168784    796560 238598384  0.002  0.001   10.334   17.516    0    0  (Gen:  0)
  1938696    751160 238998624  0.002  0.001   10.338   17.517    0    0  (Gen:  0)
  1856496    709896 239413192  0.002  0.001   10.341   17.518    0    0  (Gen:  0)
  2715648   1398296 240686576  0.005  0.001   10.348   17.520    0    0  (Gen:  0)
  3612000   2173720 241737008  0.010  0.003   10.360   17.523    0    0  (Gen:  0)
  3827200   1713528 242705672  0.008  0.002   10.372   17.527    0    0  (Gen:  0)
  2849512   1325840 243342704  0.006  0.001   10.381   17.529    0    0  (Gen:  0)
  2742424    789528 243696552  0.003  0.001   10.388   17.531    0    0  (Gen:  0)
  2164160    542736 243938384  0.003  0.000   10.393   17.532    0    0  (Gen:  0)
  2615296    526824 244310480  0.003  0.001   10.399   17.534    0    0  (Gen:  0)
  2489120    710888 244651808  0.002  0.001   10.406   17.536    0    0  (Gen:  0)
  2863952    597672 244929856  0.004  0.001   10.415   17.538    0    0  (Gen:  0)
  2873416    544536 245209432  0.002  0.001   10.423   17.540    0    0  (Gen:  0)
  2451928    302768 245343528  0.002  0.000   10.429   17.542    0    0  (Gen:  0)
  2396192    373600 245581704  0.003  0.000   10.434   17.543    0    0  (Gen:  0)
  1961480    549880 245901896  0.002  0.001   10.439   17.545    0    0  (Gen:  0)
  2065272    514808 246215192  0.002  0.000   10.445   17.546    0    0  (Gen:  0)
  2575728    559448 246510000  0.004  0.001   10.450   17.548    0    0  (Gen:  0)
  3028128    768528 246872336  0.004  0.001   10.459   17.550    0    0  (Gen:  0)
  3237416    730400 247267424  0.005  0.001   10.469   17.552    0    0  (Gen:  0)
  2194760    747088 247666320  0.004  0.001   10.477   17.555    0    0  (Gen:  0)
  1783472    638176 247976160  0.003  0.001   10.482   17.556    0    0  (Gen:  0)
  2628576    432376 248232136  0.002  0.000   10.488   17.558    0    0  (Gen:  0)
  2882216    768256 248743096  0.003  0.001   10.495   17.560    0    0  (Gen:  0)
  2190432    755008 249118552  0.003  0.001   10.501   17.561    0    0  (Gen:  0)
  1654872    616528 249428344  0.003  0.001   10.505   17.562    0    0  (Gen:  0)
  2133136    634776 249751464  0.003  0.001   10.510   17.564    0    0  (Gen:  0)
  2455360    626400 250141344  0.002  0.001   10.517   17.565    0    0  (Gen:  0)
  2725056    725192 250563416  0.003  0.001   10.523   17.567    0    0  (Gen:  0)
  3169312    804880 251029664  0.006  0.001   10.532   17.569    0    0  (Gen:  0)
  3181024    984208 251595544  0.003  0.001   10.540   17.572    0    0  (Gen:  0)
  3327712   1122496 252181344  0.008  0.001   10.551   17.574    0    0  (Gen:  0)
  1285064    664208 252399488  0.002  0.001   10.554   17.576    0    0  (Gen:  0)
  1045288    271120 252545272  0.001  0.000   10.556   17.576    0    0  (Gen:  0)
  1043992    304528 252732592  0.001  0.000   10.558   17.577    0    0  (Gen:  0)
  2918072    635296 253458088  0.003  0.001   10.565   17.580    0    0  (Gen:  0)
  3762576    773176 254158208  0.003  0.001   10.575   17.582    0    0  (Gen:  0)
  2016768    596288 254365776  0.003  0.001   10.580   17.584    0    0  (Gen:  0)
  3376256    788136 254965792  0.005  0.001   10.587   17.586    0    0  (Gen:  0)
  2833656    826552 255396320  0.006  0.001   10.597   17.589    0    0  (Gen:  0)
  2000424    536216 255643224  0.003  0.001   10.602   17.590    0    0  (Gen:  0)
  2564224    299624 255846544  0.003  0.000   10.607   17.592    0    0  (Gen:  0)
  3126744    540128 256340136  0.003  0.000   10.612   17.593    0    0  (Gen:  0)
  3222536    946248 257002056  0.004  0.001   10.620   17.595    0    0  (Gen:  0)
  3305968   1029280 257526616  0.006  0.001   10.629   17.597    0    0  (Gen:  0)
  2923576    777216 257881360  0.007  0.001   10.637   17.600    0    0  (Gen:  0)
  2618312    585336 258166688  0.005  0.001   10.643   17.601    0    0  (Gen:  0)
  2547104    532120 258545720  0.004  0.001   10.648   17.603    0    0  (Gen:  0)
  2959376    412144 258739512  0.005  0.000   10.654   17.604    0    0  (Gen:  0)
  2467472    381032 258997656  0.002  0.001   10.659   17.606    0    0  (Gen:  0)
  3511184    623928 259511384  0.003  0.001   10.665   17.607    0    0  (Gen:  0)
  3170016   1023712 260160904  0.005  0.001   10.672   17.609    0    0  (Gen:  0)
  3263664    917056 260628392  0.004  0.001   10.677   17.611    0    0  (Gen:  0)
  2744296    761280 261019600  0.004  0.001   10.683   17.612    0    0  (Gen:  0)
  3240784    740888 261395072  0.002  0.001   10.690   17.614    0    0  (Gen:  0)
  3412664    670496 261719912  0.005  0.001   10.696   17.616    0    0  (Gen:  0)
  3812384    607112 262049472  0.004  0.001   10.705   17.618    0    0  (Gen:  0)
  3867400    622096 262373808  0.008  0.001   10.714   17.620    0    0  (Gen:  0)
  3689816    461616 262554176  0.002  0.001   10.720   17.622    0    0  (Gen:  0)
  3408448    348832 262862696  0.002  0.000   10.727   17.624    0    0  (Gen:  0)
  3751184    546128 263372408  0.002  0.001   10.735   17.626    0    0  (Gen:  0)
  3790128    739136 264005304  0.005  0.001   10.744   17.629    0    0  (Gen:  0)
  3015184    922888 264605528  0.003  0.001   10.751   17.631    0    0  (Gen:  0)
  2831184    972512 265078608  0.008  0.001   10.761   17.634    0    0  (Gen:  0)
  2301080    564608 265338968  0.004  0.001   10.766   17.635    0    0  (Gen:  0)
  2109568    381592 265648336  0.003  0.000   10.770   17.636    0    0  (Gen:  0)
  2703952    381320 265875608  0.003  0.000   10.774   17.637    0    0  (Gen:  0)
  3614672    228152 265993848  0.004  0.000   10.780   17.639    0    0  (Gen:  0)
  3503528    488656 266373200  0.002  0.001   10.786   17.641    0    0  (Gen:  0)
  3484808    684128 266777112  0.005  0.001   10.795   17.643    0    0  (Gen:  0)
  3085336    583840 267122592  0.004  0.001   10.800   17.645    0    0  (Gen:  0)
  3611368    826200 267734656  0.004  0.001   10.808   17.647    0    0  (Gen:  0)
  3645248    843736 268226552  0.005  0.001   10.815   17.649    0    0  (Gen:  0)
  2841248    789392 268631048  0.005  0.001   10.822   17.651    0    0  (Gen:  0)
  3091416    676384 268945296  0.004  0.001   10.829   17.653    0    0  (Gen:  0)
  3202928    746320 269419488  0.005  0.001   10.837   17.655    0    0  (Gen:  0)
  2936424    862360 269904424  0.005  0.001   10.843   17.656    0    0  (Gen:  0)
  3609208    540424 270312072  0.002  0.000   10.849   17.658    0    0  (Gen:  0)
  3869304    595992 270668568  0.003  0.000   10.856   17.660    0    0  (Gen:  0)
  3291944    838152 271198376  0.002  0.001   10.862   17.662    0    0  (Gen:  0)
  3431864    951448 271720632  0.004  0.001   10.869   17.664    0    0  (Gen:  0)
  3380816    920736 272191104  0.006  0.001   10.877   17.666    0    0  (Gen:  0)
  3206576    705376 272500696  0.002  0.001   10.882   17.667    0    0  (Gen:  0)
  3260504    584120 272839488  0.005  0.001   10.889   17.669    0    0  (Gen:  0)
  3163128    588536 273176800  0.005  0.001   10.897   17.671    0    0  (Gen:  0)
  2904776    717736 273591800  0.004  0.001   10.904   17.673    0    0  (Gen:  0)
  1959712    541456 273818312  0.003  0.001   10.910   17.674    0    0  (Gen:  0)
  2083240    365736 274007568  0.003  0.001   10.915   17.676    0    0  (Gen:  0)
  2795040    312144 274263928  0.004  0.000   10.920   17.677    0    0  (Gen:  0)
  3651528    369248 274531584  0.001  0.000   10.925   17.679    0    0  (Gen:  0)
  3230440    661176 274950816  0.004  0.001   10.931   17.680    0    0  (Gen:  0)
  2890688    646440 275232984  0.003  0.001   10.938   17.682    0    0  (Gen:  0)
  2856784    417336 275495280  0.004  0.000   10.943   17.683    0    0  (Gen:  0)
  2475368    218152 275598432  0.001  0.000   10.948   17.685    0    0  (Gen:  0)
  3084800    320552 275811904  0.002  0.000   10.953   17.687    0    0  (Gen:  0)
  2358208    211232 275867760  0.001  0.000   10.957   17.688    0    0  (Gen:  0)
  2415488    267744 276076216  0.001  0.000   10.961   17.689    0    0  (Gen:  0)
  2254192    395304 276276616  0.001  0.000   10.965   17.691    0    0  (Gen:  0)
  2565288    379424 276467776  0.001  0.000   10.970   17.692    0    0  (Gen:  0)
  2773416    440368 276734856  0.001  0.001   10.975   17.694    0    0  (Gen:  0)
  2263664    527344 277015096  0.003  0.001   10.980   17.695    0    0  (Gen:  0)
  2836360    380056 277242960  0.001  0.000   10.984   17.696    0    0  (Gen:  0)
  2097000    327408 277440144  0.002  0.001   10.989   17.698    0    0  (Gen:  0)
  1912440    205248 277486728  0.001  0.000   10.992   17.699    0    0  (Gen:  0)
  1516120     87760 277515072  0.000  0.000   10.994   17.700    0    0  (Gen:  0)
  1737112     94240 277571064  0.000  0.000   10.996   17.701    0    0  (Gen:  0)
  1959056    112520 277629344  0.000  0.000   10.999   17.703    0    0  (Gen:  0)
  1705032    101232 277670304  0.000  0.000   11.001   17.704    0    0  (Gen:  0)
  1821440    143712 277767720  0.001  0.000   11.003   17.705    0    0  (Gen:  0)
  2144968    128888 277885064  0.001  0.000   11.006   17.706    0    0  (Gen:  0)
  1602992    337072 278166568  0.002  0.001   11.009   17.707    0    0  (Gen:  0)
  1733248    553872 278493312  0.002  0.001   11.014   17.709    0    0  (Gen:  0)
  1419424    534216 278773960  0.002  0.001   11.019   17.711    0    0  (Gen:  0)
  1431576    386720 278938552  0.002  0.001   11.023   17.712    0    0  (Gen:  0)
  1495944    357480 279214128  0.002  0.001   11.027   17.713    0    0  (Gen:  0)
  1876776    185808 279328056  0.001  0.000   11.029   17.715    0    0  (Gen:  0)
  1925328    198592 279493376  0.001  0.000   11.032   17.716    0    0  (Gen:  0)
  2018328    419080 279780032  0.002  0.001   11.036   17.717    0    0  (Gen:  0)
  1657696    467856 279981720  0.002  0.001   11.040   17.719    0    0  (Gen:  0)
  1875792    352416 280142928  0.002  0.001   11.044   17.721    0    0  (Gen:  0)
  1774960    346560 280338208  0.002  0.001   11.048   17.722    0    0  (Gen:  0)
  1975280    292152 280451216  0.001  0.001   11.051   17.724    0    0  (Gen:  0)
  1933032    288440 280627080  0.001  0.000   11.055   17.725    0    0  (Gen:  0)
  2030992    305544 280759536  0.001  0.001   11.059   17.727    0    0  (Gen:  0)
  1701240    315672 280947096  0.001  0.000   11.063   17.729    0    0  (Gen:  0)
  2020480    356928 281123344  0.002  0.001   11.068   17.730    0    0  (Gen:  0)
  2022848    309368 281264960  0.001  0.000   11.072   17.732    0    0  (Gen:  0)
  2035408    308496 281433120  0.001  0.000   11.076   17.733    0    0  (Gen:  0)
  2010072    332400 281605160  0.001  0.001   11.080   17.735    0    0  (Gen:  0)
  2068424    376664 281805720  0.002  0.001   11.084   17.737    0    0  (Gen:  0)
  2036760    375400 281988296  0.001  0.001   11.088   17.739    0    0  (Gen:  0)
  1941912    400888 282203696  0.001  0.000   11.093   17.741    0    0  (Gen:  0)
  1740424    319128 282311936  0.001  0.000   11.096   17.742    0    0  (Gen:  0)
  2007976    308152 282540504  0.001  0.000   11.101   17.744    0    0  (Gen:  0)
  1698952    356080 282707240  0.001  0.001   11.105   17.746    0    0  (Gen:  0)
  1869440    302416 282850472  0.002  0.001   11.110   17.748    0    0  (Gen:  0)
  1946416    267688 282981152  0.002  0.001   11.114   17.749    0    0  (Gen:  0)
  1849880    250640 283106384  0.001  0.000   11.118   17.751    0    0  (Gen:  0)
  1703632    224320 283204184  0.002  0.000   11.122   17.753    0    0  (Gen:  0)
  1736136    174840 283277952  0.001  0.000   11.126   17.754    0    0  (Gen:  0)
  2011800    214840 283413760  0.002  0.001   11.130   17.756    0    0  (Gen:  0)
  1824504    218728 283547320  0.001  0.000   11.133   17.757    0    0  (Gen:  0)
  1765720    317960 283727264  0.002  0.001   11.139   17.759    0    0  (Gen:  0)
  1839440    488824 284055712  0.002  0.001   11.142   17.761    0    0  (Gen:  0)
  1542824    471944 284370480  0.001  0.001   11.146   17.762    0    0  (Gen:  0)
  1516096    395208 284680368  0.001  0.000   11.149   17.763    0    0  (Gen:  0)
  1971616    293160 284905800  0.001  0.001   11.153   17.765    0    0  (Gen:  0)
  1832144    252880 285013944  0.001  0.000   11.157   17.767    0    0  (Gen:  0)
  2051840    230248 285158168  0.001  0.000   11.161   17.769    0    0  (Gen:  0)
  1744488    155376 285221376  0.001  0.000   11.165   17.770    0    0  (Gen:  0)
  2047696    174752 285320536  0.001  0.000   11.168   17.771    0    0  (Gen:  0)
  2001592    258456 285476368  0.001  0.000   11.171   17.773    0    0  (Gen:  0)
  1567384    372520 285726312  0.001  0.001   11.174   17.774    0    0  (Gen:  0)
  1591664    484240 285992896  0.002  0.001   11.178   17.776    0    0  (Gen:  0)
  1418272    454824 286213304  0.003  0.001   11.184   17.777    0    0  (Gen:  0)
  2036120    442680 286462344  0.002  0.001   11.188   17.779    0    0  (Gen:  0)
  1403648    436392 286710712  0.002  0.001   11.193   17.781    0    0  (Gen:  0)
  1592120    474424 286996128  0.002  0.001   11.197   17.783    0    0  (Gen:  0)
  1757624    544832 287294808  0.003  0.001   11.203   17.784    0    0  (Gen:  0)
  2029344    540992 287605608  0.002  0.001   11.207   17.786    0    0  (Gen:  0)
  1867184    593448 288020576  0.002  0.001   11.211   17.787    0    0  (Gen:  0)
  2003168    551104 288333632  0.002  0.001   11.216   17.789    0    0  (Gen:  0)
  1498560    452256 288586576  0.002  0.001   11.220   17.791    0    0  (Gen:  0)
  1040440    442464 288824144  0.002  0.001   11.224   17.793    0    0  (Gen:  0)
  1042504    358408 288990696  0.001  0.000   11.227   17.794    0    0  (Gen:  0)
  1026048    203384 289167208  0.001  0.000   11.229   17.795    0    0  (Gen:  0)
  1592480    213000 289403552  0.001  0.000   11.232   17.797    0    0  (Gen:  0)
  3855040    988680 290279160  0.003  0.001   11.238   17.799    0    0  (Gen:  0)
  2671520   1005184 290598384  0.005  0.001   11.246   17.801    0    0  (Gen:  0)
  3525752    537448 290845232  0.004  0.001   11.255   17.803    0    0  (Gen:  0)
  2070888    499952 291097952  0.004  0.001   11.261   17.805    0    0  (Gen:  0)
  3297496    496952 291422688  0.002  0.000   11.268   17.807    0    0  (Gen:  0)
  3518624    835960 291926720  0.006  0.001   11.275   17.809    0    0  (Gen:  0)
  3854280    979288 292451304  0.006  0.001   11.285   17.811    0    0  (Gen:  0)
  2189320    820536 292904880  0.003  0.001   11.290   17.812    0    0  (Gen:  0)
  2399840    579152 293227296  0.003  0.001   11.295   17.814    0    0  (Gen:  0)
  2584032    629872 293561200  0.004  0.001   11.300   17.815    0    0  (Gen:  0)
  2144696    590920 293846808  0.003  0.001   11.305   17.816    0    0  (Gen:  0)
  1987744    546512 294111496  0.004  0.001   11.310   17.818    0    0  (Gen:  0)
  2170136    493448 294353544  0.003  0.001   11.314   17.819    0    0  (Gen:  0)
  2322360    483528 294600704  0.004  0.001   11.319   17.820    0    0  (Gen:  0)
  2490736    436536 294824968  0.004  0.001   11.324   17.821    0    0  (Gen:  0)
  2883312    392720 295031200  0.004  0.001   11.330   17.823    0    0  (Gen:  0)
  3155088    568064 295401008  0.005  0.001   11.336   17.825    0    0  (Gen:  0)
  3279504    934424 296005040  0.005  0.001   11.345   17.827    0    0  (Gen:  0)
  2940624   1000936 296499296  0.006  0.001   11.352   17.829    0    0  (Gen:  0)
  2290688    658424 296795496  0.003  0.001   11.358   17.831    0    0  (Gen:  0)
  3125800    481536 297230920  0.002  0.001   11.365   17.833    0    0  (Gen:  0)
  2615224    681096 297626224  0.003  0.001   11.373   17.835    0    0  (Gen:  0)
  3153576    616848 297868664  0.004  0.001   11.383   17.838    0    0  (Gen:  0)
  3237752    428136 298095648  0.004  0.001   11.393   17.840    0    0  (Gen:  0)
  3111872    536560 298423136  0.004  0.001   11.402   17.843    0    0  (Gen:  0)
  2275152    452888 298572392  0.002  0.001   11.407   17.844    0    0  (Gen:  0)
  2392224    227064 298739080  0.003  0.000   11.412   17.845    0    0  (Gen:  0)
  2554552    352104 299024336  0.004  0.000   11.417   17.847    0    0  (Gen:  0)
  3408520    505992 299381992  0.002  0.001   11.424   17.849    0    0  (Gen:  0)
  2667920    679888 299777600  0.003  0.001   11.429   17.850    0    0  (Gen:  0)
  3312248    738736 300207504  0.007  0.001   11.438   17.852    0    0  (Gen:  0)
  2497856    906432 300715944  0.006  0.001   11.447   17.855    0    0  (Gen:  0)
  2314632    777088 301141224  0.006  0.001   11.455   17.857    0    0  (Gen:  0)
  2107968    665504 301564440  0.004  0.001   11.462   17.859    0    0  (Gen:  0)
  2216320    349688 301754768  0.002  0.000   11.465   17.860    0    0  (Gen:  0)
  1946200    233728 301793864  0.002  0.000   11.468   17.860    0    0  (Gen:  0)
  2325504    235464 301982736  0.002  0.000   11.471   17.861    0    0  (Gen:  0)
  2425928    377360 302158624  0.002  0.001   11.476   17.863    0    0  (Gen:  0)
  2172456    266144 302240912  0.003  0.000   11.480   17.864    0    0  (Gen:  0)
  2144112    201144 302338712  0.002  0.000   11.482   17.864    0    0  (Gen:  0)
  1962528    202352 302429760  0.001  0.000   11.486   17.865    0    0  (Gen:  0)
  2136536    198992 302530952  0.002  0.000   11.489   17.866    0    0  (Gen:  0)
  2499560    386544 302812792  0.003  0.001   11.493   17.867    0    0  (Gen:  0)
  1955168    628768 303207136  0.003  0.001   11.498   17.869    0    0  (Gen:  0)
  2112984    598736 303551824  0.003  0.001   11.503   17.870    0    0  (Gen:  0)
  2452792    632696 303937480  0.003  0.001   11.507   17.871    0    0  (Gen:  0)
  3579528    753200 304409160  0.002  0.001   11.513   17.873    0    0  (Gen:  0)
  3273288    811184 304913144  0.003  0.001   11.520   17.875    0    0  (Gen:  0)
  3767448   1027696 305488544  0.003  0.001   11.527   17.877    0    0  (Gen:  0)
  3125328    948376 305926064  0.003  0.001   11.533   17.878    0    0  (Gen:  0)
  2832840    632032 306308584  0.004  0.001   11.539   17.880    0    0  (Gen:  0)
  3232992    868544 306810808  0.006  0.001   11.547   17.882    0    0  (Gen:  0)
  2250920    705536 307124664  0.005  0.001   11.553   17.883    0    0  (Gen:  0)
  1733424    632400 307449920  0.004  0.001   11.557   17.884    0    0  (Gen:  0)
  3150560    513224 307746736  0.001  0.000   11.562   17.886    0    0  (Gen:  0)
  3100176    451120 307920024  0.004  0.000   11.567   17.887    0    0  (Gen:  0)
  2799040    366200 308117432  0.004  0.000   11.572   17.888    0    0  (Gen:  0)
  3221992    332816 308293136  0.004  0.000   11.576   17.890    0    0  (Gen:  0)
  3463392    546664 308686480  0.004  0.001   11.582   17.891    0    0  (Gen:  0)
  3755472    807696 309179096  0.004  0.001   11.590   17.894    0    0  (Gen:  0)
  3006976    671512 309435752  0.004  0.001   11.597   17.896    0    0  (Gen:  0)
  2651680    410488 309679392  0.003  0.000   11.602   17.897    0    0  (Gen:  0)
  2922816    461424 309985672  0.002  0.000   11.607   17.898    0    0  (Gen:  0)
  3256264    537104 310217856  0.004  0.001   11.613   17.900    0    0  (Gen:  0)
  2580888    396264 310401128  0.003  0.000   11.619   17.901    0    0  (Gen:  0)
  2383392    325624 310561520  0.003  0.001   11.624   17.903    0    0  (Gen:  0)
  2665280    371728 310776064  0.003  0.001   11.630   17.904    0    0  (Gen:  0)
  3161608    432392 311021496  0.004  0.001   11.636   17.906    0    0  (Gen:  0)
  3448128    530992 311313832  0.004  0.001   11.642   17.907    0    0  (Gen:  0)
  3134720    506536 311537952  0.004  0.001   11.647   17.909    0    0  (Gen:  0)
  2664608    461432 311750208  0.004  0.001   11.653   17.911    0    0  (Gen:  0)
  2965880    441224 311986248  0.004  0.001   11.659   17.912    0    0  (Gen:  0)
  2849000    451224 312212480  0.005  0.001   11.666   17.914    0    0  (Gen:  0)
  2977416    389408 312400616  0.002  0.001   11.672   17.915    0    0  (Gen:  0)
  3134384    396344 312611848  0.004  0.001   11.678   17.917    0    0  (Gen:  0)
  3566672    422832 312841264  0.002  0.001   11.684   17.919    0    0  (Gen:  0)
  3041536    505576 313120400  0.003  0.001   11.689   17.920    0    0  (Gen:  0)
  2692704    616000 313485336  0.004  0.001   11.695   17.922    0    0  (Gen:  0)
  2889688    655616 313853408  0.005  0.001   11.701   17.923    0    0  (Gen:  0)
  3080512    629736 314177048  0.004  0.001   11.706   17.925    0    0  (Gen:  0)
  3167096    763760 314644336  0.003  0.001   11.712   17.926    0    0  (Gen:  0)
  3255304    849400 315129704  0.004  0.001   11.717   17.928    0    0  (Gen:  0)
  3092832    987376 315661648  0.004  0.001   11.723   17.929    0    0  (Gen:  0)
  3045752    955528 316179040  0.004  0.001   11.728   17.930    0    0  (Gen:  0)
  2798728    713216 316600384  0.004  0.001   11.733   17.932    0    0  (Gen:  0)
  2797184    684728 316985904  0.003  0.001   11.739   17.933    0    0  (Gen:  0)
  2743864    730864 317429848  0.004  0.001   11.744   17.934    0    0  (Gen:  0)
  2983672    877360 317993872  0.005  0.001   11.750   17.936    0    0  (Gen:  0)
  2725048    790160 318424072  0.004  0.001   11.755   17.938    0    0  (Gen:  0)
  2518856    486128 318694968  0.003  0.000   11.760   17.939    0    0  (Gen:  0)
  2512464    490464 318970696  0.003  0.000   11.764   17.940    0    0  (Gen:  0)
  2629160    540144 319286408  0.003  0.000   11.768   17.941    0    0  (Gen:  0)
  2684888    588576 319608512  0.002  0.000   11.772   17.942    0    0  (Gen:  0)
  2734264    601856 319937504  0.002  0.000   11.775   17.943    0    0  (Gen:  0)
  2733312    601032 320263760  0.003  0.000   11.780   17.944    0    0  (Gen:  0)
  2865632    576112 320572240  0.003  0.000   11.785   17.945    0    0  (Gen:  0)
  2407072    931120 321250248  0.004  0.001   11.790   17.947    0    0  (Gen:  0)
  2830752    427720 321510960  0.005  0.001   11.796   17.948    0    0  (Gen:  0)
  2808584    408808 321722072  0.003  0.001   11.800   17.950    0    0  (Gen:  0)
  3275960    445456 321966840  0.004  0.000   11.806   17.951    0    0  (Gen:  0)
  3240456    542296 322252032  0.004  0.001   11.811   17.952    0    0  (Gen:  0)
  3404408    724080 322683096  0.004  0.001   11.816   17.954    0    0  (Gen:  0)
  3561616    981640 323283472  0.006  0.001   11.824   17.956    0    0  (Gen:  0)
  2899440    776768 323649472  0.004  0.001   11.831   17.958    0    0  (Gen:  0)
  2363216    667168 324008680  0.003  0.001   11.837   17.960    0    0  (Gen:  0)
  2944200    721184 324450680  0.003  0.001   11.844   17.962    0    0  (Gen:  0)
  2783144    774920 324821824  0.005  0.001   11.851   17.964    0    0  (Gen:  0)
  2335896    617728 325114464  0.004  0.001   11.858   17.965    0    0  (Gen:  0)
  2214704    582744 325435696  0.005  0.001   11.864   17.967    0    0  (Gen:  0)
  3098904    780632 325919800  0.005  0.001   11.870   17.969    0    0  (Gen:  0)
  3104808    632168 326103432  0.004  0.001   11.875   17.970    0    0  (Gen:  0)
  2780056    720424 326460568  0.005  0.001   11.882   17.972    0    0  (Gen:  0)
  2664984    694328 326835176  0.003  0.001   11.888   17.973    0    0  (Gen:  0)
  2850904    386280 327033304  0.003  0.001   11.892   17.975    0    0  (Gen:  0)
  3416592    366904 327145272  0.003  0.000   11.899   17.976    0    0  (Gen:  0)
  2996472    490688 327498368  0.002  0.001   11.905   17.978    0    0  (Gen:  0)
  3134792    688416 327911320  0.006  0.001   11.913   17.980    0    0  (Gen:  0)
  3051000    817216 328380752  0.006  0.001   11.921   17.983    0    0  (Gen:  0)
  2802944    700992 328831080  0.005  0.001   11.928   17.984    0    0  (Gen:  0)
  2073032    600960 329068648  0.004  0.001   11.932   17.986    0    0  (Gen:  0)
  2006856    391544 329266536  0.003  0.000   11.936   17.987    0    0  (Gen:  0)
  2312680    462704 329532248  0.003  0.000   11.940   17.988    0    0  (Gen:  0)
  2246656    321344 329699528  0.002  0.000   11.944   17.989    0    0  (Gen:  0)
  1919832    424232 329968456  0.002  0.000   11.948   17.990    0    0  (Gen:  0)
  2927120    825416 330538528  0.003  0.001   11.952   17.991    0    0  (Gen:  0)
  3078728    836640 330876000  0.003  0.001   11.957   17.992    0    0  (Gen:  0)
  2434736    729592 331190856  0.003  0.001   11.962   17.994    0    0  (Gen:  0)
  2398000    586888 331487896  0.002  0.001   11.965   17.995    0    0  (Gen:  0)
  2284152    572232 331766328  0.002  0.000   11.970   17.996    0    0  (Gen:  0)
  2242264    532504 332027264  0.003  0.000   11.975   17.997    0    0  (Gen:  0)
  2414440    499104 332274192  0.004  0.001   11.980   17.998    0    0  (Gen:  0)
  2696816    529872 332566632  0.004  0.001   11.985   18.000    0    0  (Gen:  0)
  2537016    587248 332980680  0.004  0.001   11.990   18.001    0    0  (Gen:  0)
  2970720    514752 333224992  0.003  0.000   11.996   18.003    0    0  (Gen:  0)
  3271072    532000 333552104  0.004  0.001   12.002   18.004    0    0  (Gen:  0)
  3323232    700400 333958944  0.002  0.001   12.009   18.006    0    0  (Gen:  0)
  3434768    577160 334195200  0.004  0.001   12.014   18.008    0    0  (Gen:  0)
  3508312    636192 334588008  0.005  0.001   12.021   18.010    0    0  (Gen:  0)
  3396096    751304 334969496  0.005  0.001   12.028   18.012    0    0  (Gen:  0)
  3089104    724200 335360440  0.006  0.001   12.035   18.013    0    0  (Gen:  0)
  2772792    550904 335681400  0.002  0.001   12.041   18.015    0    0  (Gen:  0)
  3512328    768208 336175072  0.005  0.001   12.049   18.017    0    0  (Gen:  0)
  3376848    797216 336574984  0.004  0.001   12.055   18.019    0    0  (Gen:  0)
  3096856    690824 336959544  0.005  0.001   12.061   18.020    0    0  (Gen:  0)
  2223440    595000 337173128  0.003  0.001   12.068   18.022    0    0  (Gen:  0)
  2418328    454104 337411368  0.004  0.000   12.073   18.023    0    0  (Gen:  0)
  2582072    570608 337759568  0.003  0.001   12.078   18.025    0    0  (Gen:  0)
  2437360    399712 337951088  0.002  0.000   12.083   18.026    0    0  (Gen:  0)
  2335424    268744 338068312  0.002  0.000   12.086   18.027    0    0  (Gen:  0)
  2457816    367200 338320000  0.003  0.000   12.090   18.028    0    0  (Gen:  0)
  3401848    594744 338689792  0.005  0.001   12.096   18.030    0    0  (Gen:  0)
  2914088    742368 339110152  0.005  0.001   12.103   18.031    0    0  (Gen:  0)
  2517656    707136 339473960  0.004  0.001   12.108   18.033    0    0  (Gen:  0)
  2447600    535088 339724208  0.002  0.001   12.113   18.034    0    0  (Gen:  0)
  2492136    479944 339998400  0.004  0.000   12.117   18.035    0    0  (Gen:  0)
  2569912    452136 340232264  0.002  0.001   12.121   18.036    0    0  (Gen:  0)
  2364856    468760 340522488  0.004  0.001   12.126   18.038    0    0  (Gen:  0)
  2297584    465672 340768056  0.004  0.001   12.131   18.039    0    0  (Gen:  0)
  2554120    282336 340880792  0.003  0.000   12.135   18.040    0    0  (Gen:  0)
  2786552    311344 341074808  0.003  0.000   12.139   18.041    0    0  (Gen:  0)
  2828904    283936 341208928  0.003  0.000   12.144   18.042    0    0  (Gen:  0)
  3115512    326088 341418280  0.004  0.000   12.149   18.043    0    0  (Gen:  0)
  3120768    443464 341676824  0.004  0.000   12.154   18.045    0    0  (Gen:  0)
  2652680    511432 341946168  0.003  0.001   12.159   18.046    0    0  (Gen:  0)
  2833648    584352 342288728  0.004  0.001   12.165   18.048    0    0  (Gen:  0)
  3674184    669712 342671408  0.003  0.001   12.172   18.050    0    0  (Gen:  0)
  3157616    516200 342847016  0.004  0.000   12.178   18.051    0    0  (Gen:  0)
  3549688    651008 343358432  0.002  0.001   12.185   18.053    0    0  (Gen:  0)
  2569192    808496 343860344  0.006  0.001   12.194   18.055    0    0  (Gen:  0)
  2729744    745256 344227720  0.006  0.001   12.200   18.057    0    0  (Gen:  0)
  2322064    635240 344545144  0.004  0.001   12.206   18.058    0    0  (Gen:  0)
  3797584    287160 344702664  0.004  0.000   12.211   18.060    0    0  (Gen:  0)
  3327424    524888 345063024  0.005  0.001   12.217   18.062    0    0  (Gen:  0)
  2784056    727144 345454104  0.004  0.001   12.226   18.064    0    0  (Gen:  0)
  2664568    712712 345849296  0.004  0.001   12.234   18.067    0    0  (Gen:  0)
  2590520    693744 346193872  0.005  0.001   12.240   18.068    0    0  (Gen:  0)
  3085528    531296 346522440  0.003  0.001   12.246   18.070    0    0  (Gen:  0)
  3225584    643144 346914120  0.003  0.001   12.251   18.071    0    0  (Gen:  0)
  3424744    754080 347301032  0.005  0.001   12.258   18.073    0    0  (Gen:  0)
  3126808    725968 347679592  0.002  0.001   12.264   18.075    0    0  (Gen:  0)
  3400016    838296 348201840  0.004  0.001   12.271   18.076    0    0  (Gen:  0)
  3540104    860448 348600664  0.004  0.001   12.279   18.079    0    0  (Gen:  0)
  2826480    684320 348886064  0.005  0.001   12.288   18.081    0    0  (Gen:  0)
  2489872    507672 349121560  0.004  0.001   12.295   18.083    0    0  (Gen:  0)
  3115048    488368 349380568  0.004  0.001   12.300   18.084    0    0  (Gen:  0)
  3132320    488536 349614152  0.004  0.001   12.305   18.085    0    0  (Gen:  0)
  3133416    508800 349882152  0.004  0.001   12.311   18.087    0    0  (Gen:  0)
  3122768    597704 350206712  0.005  0.001   12.317   18.088    0    0  (Gen:  0)
  3801576    913584 350804376  0.005  0.001   12.323   18.091    0    0  (Gen:  0)
  2955784    971576 351229448  0.005  0.001   12.331   18.092    0    0  (Gen:  0)
  3600648    951296 351778816  0.003  0.001   12.338   18.094    0    0  (Gen:  0)
  3321104    746320 352202056  0.004  0.001   12.343   18.096    0    0  (Gen:  0)
  3489080    835016 352670304  0.005  0.001   12.350   18.097    0    0  (Gen:  0)
  2872256    762848 353007440  0.003  0.001   12.356   18.099    0    0  (Gen:  0)
  2584256    600208 353302400  0.005  0.001   12.362   18.100    0    0  (Gen:  0)
  2717728    576256 353584096  0.002  0.001   12.367   18.102    0    0  (Gen:  0)
  2928968    600920 353895472  0.004  0.001   12.373   18.103    0    0  (Gen:  0)
  3188112    651248 354243824  0.005  0.001   12.379   18.105    0    0  (Gen:  0)
  3269680    729688 354628768  0.004  0.001   12.385   18.107    0    0  (Gen:  0)
  3409488    898768 355146352  0.004  0.001   12.391   18.108    0    0  (Gen:  0)
  3604184   1083608 355737544  0.007  0.002   12.399   18.111    0    0  (Gen:  0)
  3561888   1078136 356250560  0.006  0.001   12.407   18.112    0    0  (Gen:  0)
  3050784    693024 356582080  0.003  0.001   12.413   18.114    0    0  (Gen:  0)
  3239216    633000 356880080  0.003  0.001   12.418   18.116    0    0  (Gen:  0)
  3156000    766160 357353960  0.004  0.001   12.425   18.117    0    0  (Gen:  0)
  2885864    774280 357658280  0.005  0.001   12.431   18.119    0    0  (Gen:  0)
  2843088    617064 357965056  0.005  0.001   12.436   18.120    0    0  (Gen:  0)
  3156072    664792 358329560  0.002  0.001   12.442   18.122    0    0  (Gen:  0)
  3264200    730648 358710352  0.005  0.001   12.448   18.124    0    0  (Gen:  0)
  3223600    724464 359053480  0.004  0.001   12.453   18.125    0    0  (Gen:  0)
  3101176    777984 359535888  0.004  0.001   12.460   18.126    0    0  (Gen:  0)
  3486576    948200 360075064  0.005  0.001   12.465   18.128    0    0  (Gen:  0)
  3312920    911320 360472112  0.005  0.001   12.472   18.130    0    0  (Gen:  0)
  3035256    831280 360913136  0.004  0.001   12.478   18.132    0    0  (Gen:  0)
  3005992    669696 361282416  0.003  0.001   12.484   18.133    0    0  (Gen:  0)
  3225648    831912 361736712  0.002  0.001   12.489   18.135    0    0  (Gen:  0)
  3164864    801952 362081248  0.004  0.001   12.494   18.136    0    0  (Gen:  0)
  3088240    791088 362527824  0.002  0.001   12.500   18.138    0    0  (Gen:  0)
  3183296    903400 363005128  0.005  0.001   12.506   18.140    0    0  (Gen:  0)
  2788448    636544 363276192  0.002  0.001   12.512   18.141    0    0  (Gen:  0)
  2839008    737640 363732008  0.003  0.001   12.518   18.143    0    0  (Gen:  0)
  3004992    861864 364153864  0.004  0.001   12.523   18.144    0    0  (Gen:  0)
  2892208    764584 364492568  0.004  0.001   12.529   18.145    0    0  (Gen:  0)
  2831336    689344 364832552  0.004  0.001   12.534   18.147    0    0  (Gen:  0)
  2648232    684536 365171864  0.003  0.001   12.540   18.148    0    0  (Gen:  0)
  3445664    703200 365533088  0.002  0.001   12.545   18.150    0    0  (Gen:  0)
  2942152    683120 365867888  0.005  0.001   12.551   18.151    0    0  (Gen:  0)
  3240760    704080 366245008  0.004  0.001   12.556   18.153    0    0  (Gen:  0)
  3121808    810936 366666264  0.004  0.001   12.563   18.154    0    0  (Gen:  0)
  3415240    883704 367121528  0.005  0.001   12.568   18.156    0    0  (Gen:  0)
  3299880    902688 367564856  0.005  0.001   12.574   18.157    0    0  (Gen:  0)
  3098848    901632 368017392  0.005  0.001   12.579   18.159    0    0  (Gen:  0)
  3044304    880072 368446104  0.003  0.001   12.585   18.160    0    0  (Gen:  0)
  3012664    834672 368841760  0.003  0.001   12.591   18.162    0    0  (Gen:  0)
  3001312 282912784 311305976  0.721  0.218   13.313   18.381    0    0  (Gen:  1)
  2928176    666472 311589528  0.003  0.001   13.319   18.382    0    0  (Gen:  0)
  2774896    589488 311879264  0.004  0.001   13.325   18.384    0    0  (Gen:  0)
  2761592    606360 312178000  0.004  0.001   13.330   18.385    0    0  (Gen:  0)
  2717528    636888 312497608  0.004  0.001   13.335   18.386    0    0  (Gen:  0)
  3236472    673544 312836320  0.005  0.001   13.341   18.388    0    0  (Gen:  0)
  3193904    672384 313153952  0.003  0.001   13.346   18.389    0    0  (Gen:  0)
  2745224    648008 313449528  0.004  0.001   13.351   18.391    0    0  (Gen:  0)
  3203288    627920 313774560  0.003  0.001   13.356   18.392    0    0  (Gen:  0)
  3486752    834960 314287416  0.004  0.001   13.362   18.394    0    0  (Gen:  0)
  3465208    916400 314745792  0.004  0.001   13.368   18.395    0    0  (Gen:  0)
  3978992    892184 315218392  0.005  0.001   13.374   18.397    0    0  (Gen:  0)
  3218616    908616 315671912  0.003  0.001   13.380   18.399    0    0  (Gen:  0)
  3272248    649280 316008232  0.002  0.001   13.386   18.400    0    0  (Gen:  0)
  3099560    760624 316622272  0.002  0.001   13.391   18.402    0    0  (Gen:  0)
  3561048   1053712 317246608  0.005  0.001   13.398   18.403    0    0  (Gen:  0)
  3623032   1187104 317835392  0.005  0.001   13.403   18.405    0    0  (Gen:  0)
  3363848   1089960 318352552  0.004  0.001   13.410   18.406    0    0  (Gen:  0)
  3199320    697560 318659648  0.004  0.001   13.415   18.408    0    0  (Gen:  0)
  2878128    769128 319091528  0.004  0.001   13.421   18.410    0    0  (Gen:  0)
  3295792    921760 319565520  0.005  0.001   13.427   18.411    0    0  (Gen:  0)
  2845136    858464 319932392  0.004  0.001   13.432   18.412    0    0  (Gen:  0)
  2810016    747520 320294120  0.003  0.001   13.439   18.414    0    0  (Gen:  0)
  2745040    685496 320603856  0.005  0.001   13.444   18.415    0    0  (Gen:  0)
  3288344    703824 320972000  0.003  0.001   13.450   18.417    0    0  (Gen:  0)
  2982464    707112 321302712  0.005  0.001   13.456   18.419    0    0  (Gen:  0)
  2801304    682672 321637728  0.003  0.001   13.461   18.420    0    0  (Gen:  0)
  2854792    672576 321960768  0.004  0.001   13.466   18.421    0    0  (Gen:  0)
  3210384    721008 322348928  0.004  0.001   13.472   18.423    0    0  (Gen:  0)
  3147552    728440 322683728  0.005  0.001   13.478   18.424    0    0  (Gen:  0)
  3483448    821520 323147544  0.004  0.001   13.483   18.426    0    0  (Gen:  0)
  3000888    904536 323600152  0.003  0.001   13.489   18.428    0    0  (Gen:  0)
  3297136    878656 324030648  0.005  0.001   13.496   18.429    0    0  (Gen:  0)
  3201768    654968 324385344  0.003  0.001   13.501   18.431    0    0  (Gen:  0)
  3289512    824864 324854448  0.002  0.001   13.506   18.432    0    0  (Gen:  0)
  3265984    813488 325195704  0.002  0.001   13.513   18.434    0    0  (Gen:  0)
  3050176    679992 325522544  0.004  0.001   13.519   18.435    0    0  (Gen:  0)
  2862520    651296 325834344  0.005  0.001   13.524   18.437    0    0  (Gen:  0)
  3292448    846832 326359448  0.002  0.001   13.529   18.438    0    0  (Gen:  0)
  2949288    947512 326821992  0.004  0.001   13.535   18.440    0    0  (Gen:  0)
  3487064    992256 327355184  0.004  0.001   13.541   18.441    0    0  (Gen:  0)
  3160608    698232 327670120  0.005  0.001   13.547   18.443    0    0  (Gen:  0)
  3217688    797304 328135096  0.004  0.001   13.553   18.444    0    0  (Gen:  0)
  3383184    901416 328567272  0.005  0.001   13.559   18.446    0    0  (Gen:  0)
  2947864    795232 328927872  0.004  0.001   13.564   18.447    0    0  (Gen:  0)
  3174600    798960 329354312  0.005  0.001   13.570   18.449    0    0  (Gen:  0)
  2766280    799216 329720112  0.004  0.001   13.576   18.450    0    0  (Gen:  0)
  2988312    728368 330064848  0.005  0.001   13.581   18.452    0    0  (Gen:  0)
  2736720    706432 330412064  0.005  0.001   13.587   18.453    0    0  (Gen:  0)
  2980368    768624 330818712  0.005  0.001   13.592   18.454    0    0  (Gen:  0)
  2923264    808496 331202584  0.003  0.001   13.597   18.456    0    0  (Gen:  0)
  2918320    777712 331577128  0.005  0.001   13.604   18.457    0    0  (Gen:  0)
  2917088    728136 331914256  0.003  0.001   13.609   18.459    0    0  (Gen:  0)
  2968672    676104 332234904  0.003  0.001   13.614   18.460    0    0  (Gen:  0)
  3018376    761568 332653472  0.005  0.001   13.620   18.462    0    0  (Gen:  0)
  3238080    901672 333148448  0.004  0.001   13.625   18.463    0    0  (Gen:  0)
  3169816    852232 333524792  0.005  0.001   13.632   18.465    0    0  (Gen:  0)
  3219848    768520 333925744  0.003  0.001   13.636   18.466    0    0  (Gen:  0)
  3244616    706304 334357720  0.003  0.001   13.642   18.468    0    0  (Gen:  0)
  3148472    926416 334828344  0.004  0.001   13.648   18.469    0    0  (Gen:  0)
  3635040   1025832 335411496  0.005  0.001   13.654   18.471    0    0  (Gen:  0)
  3656064   1148496 335992280  0.005  0.001   13.659   18.472    0    0  (Gen:  0)
  3790344   1110568 336538472  0.005  0.001   13.666   18.474    0    0  (Gen:  0)
  3267064    758360 336902528  0.005  0.001   13.672   18.475    0    0  (Gen:  0)
  2818200    784320 337332960  0.004  0.001   13.678   18.477    0    0  (Gen:  0)
  2798280    853416 337760704  0.003  0.001   13.684   18.479    0    0  (Gen:  0)
  3319448    909952 338243848  0.005  0.001   13.690   18.480    0    0  (Gen:  0)
  3131848    830488 338580752  0.005  0.001   13.695   18.482    0    0  (Gen:  0)
  2957280    714600 338952640  0.005  0.001   13.701   18.483    0    0  (Gen:  0)
  3051056    739760 339316952  0.005  0.001   13.707   18.485    0    0  (Gen:  0)
  2785768    720560 339663776  0.003  0.001   13.712   18.486    0    0  (Gen:  0)
  2838704    730664 340036072  0.005  0.001   13.718   18.488    0    0  (Gen:  0)
  2926984    757008 340401272  0.005  0.001   13.724   18.489    0    0  (Gen:  0)
  2997760    780880 340805656  0.003  0.001   13.729   18.491    0    0  (Gen:  0)
  2659312    737768 341127784  0.004  0.001   13.736   18.492    0    0  (Gen:  0)
  2813504    688688 341477392  0.003  0.001   13.741   18.494    0    0  (Gen:  0)
  3296768    775816 341884352  0.005  0.001   13.747   18.495    0    0  (Gen:  0)
  3339496    836984 342354160  0.005  0.001   13.753   18.497    0    0  (Gen:  0)
  3488488    904672 342822152  0.004  0.001   13.759   18.498    0    0  (Gen:  0)
  3521440    951344 343327392  0.004  0.001   13.764   18.500    0    0  (Gen:  0)
  3437952    956752 343814344  0.005  0.001   13.770   18.501    0    0  (Gen:  0)
  3276720    879128 344235912  0.005  0.001   13.776   18.503    0    0  (Gen:  0)
  3058160    763528 344593936  0.005  0.001   13.782   18.504    0    0  (Gen:  0)
  2636256    668560 344902216  0.004  0.001   13.787   18.506    0    0  (Gen:  0)
  3104272    690544 345267928  0.004  0.001   13.792   18.507    0    0  (Gen:  0)
  3021344    737344 345637064  0.004  0.001   13.798   18.509    0    0  (Gen:  0)
  3125616    718136 345980392  0.003  0.001   13.803   18.510    0    0  (Gen:  0)
  3137008    759744 346383744  0.004  0.001   13.809   18.512    0    0  (Gen:  0)
  3062104    775280 346748272  0.004  0.001   13.814   18.513    0    0  (Gen:  0)
  3505560    706360 347103792  0.004  0.001   13.821   18.515    0    0  (Gen:  0)
  3247872    708472 347473592  0.003  0.001   13.827   18.516    0    0  (Gen:  0)
  3133248    704872 347813864  0.005  0.001   13.832   18.518    0    0  (Gen:  0)
  2881664    667160 348127760  0.005  0.001   13.838   18.519    0    0  (Gen:  0)
  2968984    694144 348489728  0.004  0.001   13.843   18.520    0    0  (Gen:  0)
  3188160    769104 348881192  0.005  0.001   13.848   18.522    0    0  (Gen:  0)
  3194312    832408 349311264  0.005  0.001   13.854   18.523    0    0  (Gen:  0)
  3486288    857712 349730112  0.004  0.001   13.860   18.525    0    0  (Gen:  0)
  3397384    836368 350120040  0.005  0.001   13.866   18.526    0    0  (Gen:  0)
  3567160    833240 350535448  0.004  0.001   13.871   18.528    0    0  (Gen:  0)
  3493296    830576 350929728  0.005  0.001   13.877   18.529    0    0  (Gen:  0)
  3097344    795688 351304368  0.005  0.001   13.883   18.531    0    0  (Gen:  0)
  3122312    788512 351707104  0.004  0.001   13.888   18.532    0    0  (Gen:  0)
  3129112    802912 352112400  0.003  0.001   13.894   18.534    0    0  (Gen:  0)
  3639864    991800 352711000  0.005  0.001   13.899   18.535    0    0  (Gen:  0)
  3535160   1136944 353297944  0.006  0.001   13.907   18.537    0    0  (Gen:  0)
  3621888   1106024 353840384  0.005  0.001   13.913   18.539    0    0  (Gen:  0)
  3374152   1060544 354360536  0.005  0.001   13.919   18.541    0    0  (Gen:  0)
  3356800   1016152 354879744  0.004  0.001   13.926   18.543    0    0  (Gen:  0)
  3234016    776720 355277976  0.005  0.001   13.932   18.544    0    0  (Gen:  0)
  2947072    831472 355755000  0.004  0.001   13.937   18.545    0    0  (Gen:  0)
  3437840   1017472 356318584  0.004  0.001   13.942   18.547    0    0  (Gen:  0)
  3591752   1036576 356793064  0.004  0.001   13.949   18.549    0    0  (Gen:  0)
  3489624    901816 357239448  0.004  0.001   13.954   18.550    0    0  (Gen:  0)
  3592480    949664 357719968  0.004  0.001   13.960   18.551    0    0  (Gen:  0)
  3501968    933880 358172832  0.005  0.001   13.966   18.553    0    0  (Gen:  0)
  2752600    836624 358537232  0.004  0.001   13.971   18.554    0    0  (Gen:  0)
  3225648    793688 358962280  0.004  0.001   13.976   18.556    0    0  (Gen:  0)
  3303320    806976 359329776  0.005  0.001   13.982   18.557    0    0  (Gen:  0)
  2771224    730192 359669264  0.004  0.001   13.987   18.559    0    0  (Gen:  0)
  3304232    816248 360135560  0.004  0.001   13.992   18.560    0    0  (Gen:  0)
  2896024    814248 360491272  0.004  0.001   13.998   18.561    0    0  (Gen:  0)
  3168616    775752 360895304  0.004  0.001   14.003   18.563    0    0  (Gen:  0)
  3295408    765152 361284800  0.004  0.001   14.008   18.564    0    0  (Gen:  0)
  2814736    769976 361669808  0.002  0.001   14.014   18.566    0    0  (Gen:  0)
  2690408    769984 362129120  0.004  0.001   14.020   18.567    0    0  (Gen:  0)
  1575688    612648 362335912  0.002  0.001   14.023   18.568    0    0  (Gen:  0)
  2958272    683456 362864104  0.002  0.001   14.029   18.570    0    0  (Gen:  0)
  3136200    828056 363240344  0.005  0.001   14.035   18.571    0    0  (Gen:  0)
  2618880    685736 363541432  0.003  0.001   14.041   18.573    0    0  (Gen:  0)
  2958864    657048 363880008  0.005  0.001   14.047   18.575    0    0  (Gen:  0)
  2525896    628192 364168528  0.004  0.001   14.052   18.576    0    0  (Gen:  0)
  2916024    663912 364528656  0.005  0.001   14.057   18.577    0    0  (Gen:  0)
  2989288    713000 364882024  0.005  0.001   14.063   18.579    0    0  (Gen:  0)
  2995816    703120 365231704  0.005  0.001   14.069   18.581    0    0  (Gen:  0)
  3265016    726096 365636120  0.004  0.001   14.075   18.582    0    0  (Gen:  0)
  2699896    680704 365950952  0.004  0.001   14.080   18.584    0    0  (Gen:  0)
  3010312    743600 366387968  0.005  0.001   14.086   18.585    0    0  (Gen:  0)
  3071576    797344 366782528  0.004  0.001   14.092   18.587    0    0  (Gen:  0)
  3051056    633368 367114752  0.003  0.001   14.098   18.588    0    0  (Gen:  0)
  3495928    619472 367467648  0.004  0.001   14.103   18.590    0    0  (Gen:  0)
  2345888    577376 367712072  0.004  0.001   14.108   18.591    0    0  (Gen:  0)
  2954088    589712 368035304  0.004  0.001   14.114   18.593    0    0  (Gen:  0)
  2802184    540176 368245824  0.004  0.001   14.120   18.594    0    0  (Gen:  0)
  2600936    516336 368522480  0.005  0.001   14.125   18.596    0    0  (Gen:  0)
  2821184    633688 368871976  0.004  0.001   14.131   18.597    0    0  (Gen:  0)
  2226296    620960 369146736  0.004  0.001   14.136   18.599    0    0  (Gen:  0)
  2668696    561192 369422320  0.005  0.001   14.141   18.600    0    0  (Gen:  0)
  2998264    517872 369658520  0.002  0.001   14.146   18.601    0    0  (Gen:  0)
  2729232    595440 370019520  0.004  0.001   14.151   18.603    0    0  (Gen:  0)
  3047088    651232 370300984  0.005  0.001   14.157   18.604    0    0  (Gen:  0)
  2536296    614056 370595584  0.005  0.001   14.162   18.606    0    0  (Gen:  0)
  2524504    556256 370842888  0.004  0.001   14.168   18.607    0    0  (Gen:  0)
  2605208    550216 371133088  0.005  0.001   14.173   18.609    0    0  (Gen:  0)
  2167088    583824 371425544  0.002  0.001   14.178   18.610    0    0  (Gen:  0)
  2320272    599368 371725272  0.003  0.001   14.184   18.611    0    0  (Gen:  0)
  3002536    536952 371961192  0.005  0.001   14.190   18.613    0    0  (Gen:  0)
  2155952    426560 372144744  0.004  0.001   14.195   18.614    0    0  (Gen:  0)
  1931792    416472 372366376  0.004  0.001   14.200   18.616    0    0  (Gen:  0)
  2596632    423400 372563880  0.004  0.001   14.205   18.617    0    0  (Gen:  0)
  2849496    450880 372804488  0.004  0.001   14.211   18.619    0    0  (Gen:  0)
  2659384    515816 373067424  0.003  0.001   14.214   18.620    0    0  (Gen:  0)
  2237320    629360 373400448  0.004  0.001   14.220   18.621    0    0  (Gen:  0)
  2479560    583088 373720712  0.003  0.001   14.224   18.622    0    0  (Gen:  0)
  2399776    729592 374113256  0.004  0.001   14.229   18.623    0    0  (Gen:  0)
  3416216    656040 374443352  0.003  0.001   14.234   18.625    0    0  (Gen:  0)
  3326264    665688 374770248  0.003  0.001   14.240   18.626    0    0  (Gen:  0)
  3460800    682376 375134632  0.004  0.001   14.245   18.628    0    0  (Gen:  0)
  3502504    630688 375422128  0.005  0.001   14.251   18.629    0    0  (Gen:  0)
  3257976    580552 375709440  0.004  0.001   14.256   18.631    0    0  (Gen:  0)
  2742800    586576 376001440  0.004  0.001   14.262   18.632    0    0  (Gen:  0)
  3136320    641936 376364232  0.003  0.001   14.267   18.634    0    0  (Gen:  0)
  3380024    642064 376718312  0.004  0.001   14.272   18.635    0    0  (Gen:  0)
  3013288    720096 377088432  0.004  0.001   14.277   18.636    0    0  (Gen:  0)
  1385688    594280 377280016  0.002  0.001   14.280   18.638    0    0  (Gen:  0)
  3322176    588176 377664432  0.004  0.001   14.285   18.639    0    0  (Gen:  0)
  3775624    694592 378020768  0.005  0.001   14.291   18.641    0    0  (Gen:  0)
  2681672    771280 378383880  0.002  0.001   14.296   18.642    0    0  (Gen:  0)
  3157840    773120 378816088  0.005  0.001   14.302   18.644    0    0  (Gen:  0)
  3456016    744080 379169936  0.005  0.001   14.308   18.645    0    0  (Gen:  0)
  3091160    742832 379563792  0.004  0.001   14.313   18.647    0    0  (Gen:  0)
  2958064    695792 379930536  0.004  0.001   14.318   18.648    0    0  (Gen:  0)
  3366448    671136 380286424  0.002  0.001   14.323   18.649    0    0  (Gen:  0)
  2934048    671448 380645176  0.003  0.001   14.329   18.651    0    0  (Gen:  0)
  2832064    570152 380927912  0.004  0.001   14.334   18.652    0    0  (Gen:  0)
  3329416    615416 381257728  0.005  0.001   14.340   18.654    0    0  (Gen:  0)
  3064832    598592 381537176  0.004  0.001   14.346   18.655    0    0  (Gen:  0)
  2600080    564008 381803472  0.004  0.001   14.351   18.657    0    0  (Gen:  0)
  2936248    570568 382093168  0.003  0.001   14.357   18.658    0    0  (Gen:  0)
  3291168    621752 382426584  0.005  0.001   14.362   18.660    0    0  (Gen:  0)
  3167800    617864 382740512  0.003  0.001   14.368   18.662    0    0  (Gen:  0)
  2442976    590824 383026464  0.004  0.001   14.373   18.663    0    0  (Gen:  0)
  2826704    591136 383321560  0.005  0.001   14.379   18.664    0    0  (Gen:  0)
  2938496    580240 383595560  0.005  0.001   14.385   18.666    0    0  (Gen:  0)
  2490008    550384 383865408  0.004  0.001   14.389   18.667    0    0  (Gen:  0)
  2881968    674800 384258616  0.005  0.001   14.395   18.669    0    0  (Gen:  0)
  3589176    827896 384771128  0.003  0.001   14.401   18.670    0    0  (Gen:  0)
  3532536    932432 385241464  0.005  0.001   14.408   18.672    0    0  (Gen:  0)
  3038144    812680 385612688  0.004  0.001   14.413   18.673    0    0  (Gen:  0)
  2821760    665168 385911360  0.003  0.001   14.417   18.674    0    0  (Gen:  0)
  2939024    686648 386299192  0.003  0.000   14.421   18.676    0    0  (Gen:  0)
  2488680    793552 386709040  0.003  0.000   14.425   18.677    0    0  (Gen:  0)
  2882520    811528 387126208  0.003  0.001   14.429   18.678    0    0  (Gen:  0)
  2806512    785960 387416568  0.003  0.001   14.433   18.679    0    0  (Gen:  0)
  3089336    847240 387870760  0.004  0.001   14.439   18.680    0    0  (Gen:  0)
  3228544    758184 388194288  0.003  0.000   14.442   18.681    0    0  (Gen:  0)
  3361656    705720 388535144  0.003  0.001   14.447   18.682    0    0  (Gen:  0)
  3036256    672456 388800288  0.004  0.001   14.452   18.684    0    0  (Gen:  0)
  3211720    812344 389295656  0.004  0.001   14.457   18.685    0    0  (Gen:  0)
  3437040    930040 389765976  0.004  0.001   14.464   18.687    0    0  (Gen:  0)
  3501120    930008 390257808  0.005  0.001   14.470   18.689    0    0  (Gen:  0)
  3514080   1014904 390804064  0.003  0.001   14.477   18.690    0    0  (Gen:  0)
  2765184    874032 391138672  0.004  0.001   14.482   18.692    0    0  (Gen:  0)
  3146832    844656 391594008  0.004  0.001   14.487   18.693    0    0  (Gen:  0)
  3206552    923504 392045952  0.003  0.001   14.493   18.695    0    0  (Gen:  0)
  3114144    891960 392487848  0.004  0.001   14.499   18.696    0    0  (Gen:  0)
  2987712    918168 392946880  0.005  0.001   14.505   18.697    0    0  (Gen:  0)
  2879904    868704 393345968  0.002  0.001   14.509   18.699    0    0  (Gen:  0)
  3285936    750048 393745792  0.003  0.001   14.514   18.700    0    0  (Gen:  0)
  3102288    660392 394086272  0.004  0.001   14.519   18.701    0    0  (Gen:  0)
  2981152    539936 394260592  0.004  0.001   14.524   18.703    0    0  (Gen:  0)
  3170488    431512 394455576  0.003  0.001   14.529   18.704    0    0  (Gen:  0)
  2721376    562616 394825408  0.003  0.001   14.534   18.705    0    0  (Gen:  0)
  3406136    795384 395285216  0.004  0.001   14.539   18.707    0    0  (Gen:  0)
  3339904    604440 395440080  0.002  0.001   14.545   18.708    0    0  (Gen:  0)
  2749848    450528 395674736  0.004  0.001   14.550   18.710    0    0  (Gen:  0)
  3118496    547968 395975256  0.005  0.001   14.556   18.711    0    0  (Gen:  0)
  3357944    569080 396239904  0.005  0.001   14.562   18.713    0    0  (Gen:  0)
  2983120    668424 396631776  0.003  0.001   14.567   18.714    0    0  (Gen:  0)
  3080376    612048 396952128  0.005  0.001   14.573   18.716    0    0  (Gen:  0)
  2681032    564120 397265768  0.004  0.001   14.577   18.717    0    0  (Gen:  0)
  2498736    614664 397580864  0.003  0.001   14.582   18.718    0    0  (Gen:  0)
  2549232    540984 397774224  0.003  0.000   14.586   18.719    0    0  (Gen:  0)
  2252168    565608 398077176  0.003  0.001   14.590   18.720    0    0  (Gen:  0)
  3068032    493368 398273104  0.003  0.000   14.594   18.721    0    0  (Gen:  0)
  2340544    414008 398403064  0.002  0.000   14.597   18.722    0    0  (Gen:  0)
  3247448    459208 398684312  0.003  0.001   14.601   18.723    0    0  (Gen:  0)
  3435608    557936 398937760  0.005  0.001   14.608   18.725    0    0  (Gen:  0)
  3301144    516128 399157936  0.004  0.001   14.613   18.726    0    0  (Gen:  0)
  2714752    448232 399366144  0.004  0.001   14.618   18.728    0    0  (Gen:  0)
  2953968    470008 399608568  0.004  0.001   14.623   18.729    0    0  (Gen:  0)
  2584104    448600 399816728  0.004  0.001   14.628   18.730    0    0  (Gen:  0)
  3083752    527208 400086664  0.003  0.001   14.633   18.732    0    0  (Gen:  0)
  3926936    646008 400454776  0.004  0.001   14.639   18.733    0    0  (Gen:  0)
  2934920    620144 400804304  0.002  0.001   14.644   18.735    0    0  (Gen:  0)
  3571152    672056 401135904  0.003  0.001   14.649   18.736    0    0  (Gen:  0)
  2889184    635456 401429280  0.003  0.001   14.654   18.737    0    0  (Gen:  0)
  2876408    649712 401695192  0.002  0.001   14.658   18.739    0    0  (Gen:  0)
  2724128    558888 401965704  0.003  0.001   14.664   18.740    0    0  (Gen:  0)
  2898744    546936 402241592  0.004  0.001   14.669   18.742    0    0  (Gen:  0)
  2785232    491168 402457376  0.005  0.001   14.675   18.743    0    0  (Gen:  0)
  2746128    512112 402738880  0.004  0.001   14.680   18.744    0    0  (Gen:  0)
  3268360    520264 402980528  0.002  0.001   14.685   18.746    0    0  (Gen:  0)
  3124928    503800 403216944  0.005  0.001   14.691   18.748    0    0  (Gen:  0)
  2968448    522880 403473376  0.004  0.001   14.696   18.749    0    0  (Gen:  0)
  2578736    456336 403662488  0.002  0.001   14.700   18.750    0    0  (Gen:  0)
  3232400    515784 403972920  0.004  0.001   14.705   18.751    0    0  (Gen:  0)
  2620960    536944 404171040  0.002  0.001   14.709   18.752    0    0  (Gen:  0)
  3185496    516376 404432512  0.003  0.001   14.713   18.754    0    0  (Gen:  0)
  3334848    593880 404721224  0.004  0.001   14.718   18.755    0    0  (Gen:  0)
  3233624    636496 405055480  0.003  0.001   14.723   18.756    0    0  (Gen:  0)
  3209544    590752 405303920  0.004  0.001   14.728   18.758    0    0  (Gen:  0)
  2951336    572424 405586736  0.004  0.001   14.733   18.759    0    0  (Gen:  0)
  2617944    516024 405804584  0.002  0.000   14.736   18.760    0    0  (Gen:  0)
  2869952    448344 406031000  0.004  0.001   14.741   18.761    0    0  (Gen:  0)
  3169976    486728 406258144  0.003  0.001   14.746   18.762    0    0  (Gen:  0)
  3131344    555248 406570800  0.004  0.001   14.751   18.764    0    0  (Gen:  0)
  2959160    601912 406932264  0.004  0.001   14.757   18.765    0    0  (Gen:  0)
  2684440    799704 407379896  0.004  0.001   14.761   18.767    0    0  (Gen:  0)
  2692832    654112 407606856  0.003  0.001   14.766   18.768    0    0  (Gen:  0)
  3282904    748328 408036024  0.004  0.001   14.772   18.769    0    0  (Gen:  0)
  2882296    758904 408378296  0.003  0.001   14.777   18.771    0    0  (Gen:  0)
  2466008    574536 408607488  0.003  0.000   14.781   18.772    0    0  (Gen:  0)
  2982832    559176 408951440  0.003  0.000   14.786   18.773    0    0  (Gen:  0)
  3094416    726328 409334864  0.003  0.001   14.791   18.774    0    0  (Gen:  0)
  3140976    722560 409696464  0.004  0.001   14.796   18.776    0    0  (Gen:  0)
  3652728    839376 410156384  0.005  0.001   14.802   18.777    0    0  (Gen:  0)
  2954296    718984 410437744  0.003  0.001   14.807   18.779    0    0  (Gen:  0)
  2902896    543864 410698720  0.001  0.001   14.812   18.780    0    0  (Gen:  0)
  2956544    583784 411017832  0.003  0.001   14.816   18.781    0    0  (Gen:  0)
  3001576    850152 411539528  0.004  0.001   14.821   18.782    0    0  (Gen:  0)
  2836272   1026024 412094960  0.004  0.001   14.827   18.784    0    0  (Gen:  0)
  2805128    974632 412537048  0.003  0.001   14.831   18.785    0    0  (Gen:  0)
  2681304    972936 413058536  0.003  0.001   14.836   18.786    0    0  (Gen:  0)
  3539872    972096 413545120  0.004  0.001   14.841   18.788    0    0  (Gen:  0)
  2778704    747952 413886488  0.004  0.001   14.846   18.789    0    0  (Gen:  0)
  2937952    734488 414254880  0.002  0.001   14.851   18.790    0    0  (Gen:  0)
  2978384    733408 414574928  0.002  0.001   14.855   18.792    0    0  (Gen:  0)
  2500152    565456 414944584  0.002  0.001   14.860   18.793    0    0  (Gen:  0)
  3084680    591840 415249440  0.002  0.001   14.864   18.794    0    0  (Gen:  0)
  2406960    436256 415428344  0.002  0.001   14.869   18.796    0    0  (Gen:  0)
  2306656    474488 415696856  0.001  0.001   14.872   18.797    0    0  (Gen:  0)
  2860984    586232 416019512  0.002  0.001   14.878   18.798    0    0  (Gen:  0)
  2244432    560528 416242944  0.002  0.001   14.882   18.800    0    0  (Gen:  0)
  2671416    472528 416461600  0.002  0.001   14.886   18.801    0    0  (Gen:  0)
  2151952    435256 416674000  0.002  0.001   14.890   18.802    0    0  (Gen:  0)
  2411992    491056 416935584  0.001  0.001   14.894   18.804    0    0  (Gen:  0)
  2269016    390896 417063864  0.001  0.001   14.897   18.805    0    0  (Gen:  0)
  2626688    503944 417337696  0.002  0.001   14.902   18.806    0    0  (Gen:  0)
  2613736    536208 417622936  0.002  0.001   14.907   18.808    0    0  (Gen:  0)
  2257888    533032 417881048  0.002  0.001   14.911   18.809    0    0  (Gen:  0)
  2616944    605920 418206464  0.002  0.001   14.915   18.810    0    0  (Gen:  0)
  2667000    446104 418444016  0.002  0.001   14.920   18.812    0    0  (Gen:  0)
  3171544    699808 418938672  0.003  0.001   14.925   18.813    0    0  (Gen:  0)
  2972416    875064 419330904  0.003  0.001   14.930   18.815    0    0  (Gen:  0)
  3565768    851592 419776880  0.004  0.001   14.936   18.816    0    0  (Gen:  0)
  3669592    675384 420118720  0.002  0.001   14.943   18.818    0    0  (Gen:  0)
  2908016    722096 420494984  0.003  0.001   14.947   18.819    0    0  (Gen:  0)
  2417328    497376 420613744  0.003  0.001   14.952   18.820    0    0  (Gen:  0)
  2584200    452488 420846032  0.003  0.001   14.958   18.822    0    0  (Gen:  0)
  2963760    545712 421141464  0.004  0.001   14.963   18.823    0    0  (Gen:  0)
  2508680    584416 421421192  0.004  0.001   14.968   18.825    0    0  (Gen:  0)
  2866888    605368 421747248  0.003  0.001   14.974   18.826    0    0  (Gen:  0)
  2615840    495896 421959272  0.004  0.001   14.979   18.827    0    0  (Gen:  0)
  3082200    490432 422238400  0.005  0.001   14.984   18.829    0    0  (Gen:  0)
  3230912    539912 422490432  0.003  0.001   14.990   18.831    0    0  (Gen:  0)
  2702144    521760 422748096  0.004  0.001   14.995   18.832    0    0  (Gen:  0)
  3143392    600072 423059568  0.005  0.001   15.000   18.833    0    0  (Gen:  0)
  2677704    549072 423285464  0.003  0.001   15.004   18.834    0    0  (Gen:  0)
  2650200    493376 423483584  0.003  0.001   15.008   18.836    0    0  (Gen:  0)
  2549560    507168 423738672  0.004  0.001   15.014   18.837    0    0  (Gen:  0)
  3053200    524640 423991712  0.003  0.001   15.019   18.838    0    0  (Gen:  0)
  2801120    550480 424281728  0.004  0.001   15.025   18.840    0    0  (Gen:  0)
  3194256    658888 424629792  0.003  0.001   15.030   18.841    0    0  (Gen:  0)
  3055312    559112 424834000  0.004  0.001   15.036   18.843    0    0  (Gen:  0)
  3184072    658392 425213376  0.005  0.001   15.041   18.844    0    0  (Gen:  0)
  3405984    760528 425580600  0.004  0.001   15.046   18.846    0    0  (Gen:  0)
  2771912    679152 425889864  0.004  0.001   15.051   18.847    0    0  (Gen:  0)
  3271288    833880 426389672  0.005  0.001   15.058   18.848    0    0  (Gen:  0)
  2595672    743976 426793712  0.003  0.001   15.063   18.850    0    0  (Gen:  0)
  2530992    644824 427151568  0.003  0.001   15.069   18.851    0    0  (Gen:  0)
  2909936    929968 427806544  0.004  0.001   15.075   18.853    0    0  (Gen:  0)
  2288696    544296 428108424  0.003  0.001   15.080   18.855    0    0  (Gen:  0)
  2568736    613256 428492648  0.005  0.001   15.086   18.856    0    0  (Gen:  0)
  2247224    722264 428880024  0.004  0.001   15.091   18.857    0    0  (Gen:  0)
  2827776    589000 429199360  0.005  0.001   15.097   18.859    0    0  (Gen:  0)
  2743336    727944 429622992  0.004  0.001   15.102   18.861    0    0  (Gen:  0)
  3081936    930808 430151848  0.004  0.001   15.110   18.863    0    0  (Gen:  0)
  3213920    967408 430634784  0.004  0.001   15.118   18.865    0    0  (Gen:  0)
  3224024   1082440 431384640  0.004  0.001   15.124   18.867    0    0  (Gen:  0)
  3562096   1124640 431885616  0.004  0.002   15.133   18.869    0    0  (Gen:  0)
  3146080    818056 432246200  0.003  0.001   15.139   18.871    0    0  (Gen:  0)
  3601672    922968 432821904  0.003  0.001   15.147   18.873    0    0  (Gen:  0)
  3003160    822888 433117136  0.002  0.001   15.151   18.874    0    0  (Gen:  0)
  2239224    584144 433348336  0.003  0.000   15.156   18.875    0    0  (Gen:  0)
  2457872    545144 433656032  0.002  0.000   15.160   18.876    0    0  (Gen:  0)
  2475000    577720 433939656  0.003  0.001   15.164   18.877    0    0  (Gen:  0)
  2637832    636240 434301512  0.003  0.000   15.168   18.878    0    0  (Gen:  0)
  2756432    528912 434540568  0.001  0.001   15.172   18.880    0    0  (Gen:  0)
  2098624    508112 434787016  0.003  0.000   15.177   18.881    0    0  (Gen:  0)
  3030608    657400 435207704  0.003  0.001   15.181   18.882    0    0  (Gen:  0)
  2698928    737656 435546432  0.003  0.001   15.185   18.883    0    0  (Gen:  0)
  2792688    555408 435842976  0.003  0.000   15.190   18.884    0    0  (Gen:  0)
  2849376    588384 436122680  0.003  0.001   15.194   18.885    0    0  (Gen:  0)
  2244472    552072 436384296  0.003  0.001   15.199   18.887    0    0  (Gen:  0)
  3003360    562880 436693312  0.004  0.001   15.204   18.888    0    0  (Gen:  0)
  2855432    638688 437003256  0.004  0.001   15.208   18.889    0    0  (Gen:  0)
  2688784    592896 437307976  0.001  0.001   15.212   18.890    0    0  (Gen:  0)
  3118968    648520 437641584  0.003  0.001   15.217   18.892    0    0  (Gen:  0)
  3101024    665160 437963008  0.003  0.001   15.222   18.893    0    0  (Gen:  0)
  2849144    632512 438264544  0.002  0.001   15.226   18.894    0    0  (Gen:  0)
  2761936    602608 438555048  0.003  0.000   15.230   18.895    0    0  (Gen:  0)
  3156952    643952 438906192  0.003  0.000   15.234   18.896    0    0  (Gen:  0)
  2702112    725128 439278712  0.002  0.001   15.238   18.897    0    0  (Gen:  0)
  2728088    758800 439707672  0.003  0.001   15.243   18.899    0    0  (Gen:  0)
  3216944    848736 440152296  0.005  0.001   15.250   18.900    0    0  (Gen:  0)
  2908384    801440 440529352  0.004  0.001   15.254   18.901    0    0  (Gen:  0)
  3478488    865752 441035720  0.003  0.001   15.259   18.903    0    0  (Gen:  0)
  3034128    922824 441483072  0.004  0.001   15.265   18.904    0    0  (Gen:  0)
  3078344    870888 441937392  0.005  0.001   15.271   18.906    0    0  (Gen:  0)
  2944672    906144 442393856  0.004  0.001   15.277   18.908    0    0  (Gen:  0)
  3011424    866280 442809952  0.004  0.001   15.282   18.909    0    0  (Gen:  0)
  2984368    854672 443260184  0.003  0.001   15.288   18.910    0    0  (Gen:  0)
  2576584    532400 443518088  0.004  0.000   15.292   18.912    0    0  (Gen:  0)
  3067264    563040 443901384  0.002  0.001   15.297   18.913    0    0  (Gen:  0)
  2997936    693208 444284336  0.003  0.001   15.302   18.914    0    0  (Gen:  0)
  3126408    792016 444689248  0.003  0.001   15.307   18.916    0    0  (Gen:  0)
  2766568    704032 444980968  0.003  0.001   15.311   18.917    0    0  (Gen:  0)
  2923736    634136 445320248  0.003  0.001   15.317   18.918    0    0  (Gen:  0)
  2816800    611760 445592856  0.004  0.001   15.322   18.920    0    0  (Gen:  0)
  2473216    609616 445941360  0.002  0.001   15.326   18.921    0    0  (Gen:  0)
  3160792    734176 446387544  0.003  0.001   15.332   18.922    0    0  (Gen:  0)
  2819000    876864 446836192  0.004  0.001   15.337   18.924    0    0  (Gen:  0)
  3418816    966264 447383696  0.005  0.001   15.344   18.926    0    0  (Gen:  0)
  3227912   1037344 447882232  0.004  0.001   15.350   18.927    0    0  (Gen:  0)
  3144136    745472 448291968  0.004  0.001   15.355   18.929    0    0  (Gen:  0)
  2569416    701920 448591584  0.002  0.001   15.360   18.930    0    0  (Gen:  0)
  3137376    765224 449060704  0.004  0.001   15.365   18.931    0    0  (Gen:  0)
  2593328    756496 449407880  0.002  0.001   15.369   18.932    0    0  (Gen:  0)
  2448544    640928 449702352  0.004  0.001   15.374   18.934    0    0  (Gen:  0)
  2434608    595296 449990480  0.003  0.001   15.379   18.935    0    0  (Gen:  0)
  2251376    545704 450250824  0.002  0.001   15.383   18.936    0    0  (Gen:  0)
  2793192    586528 450581592  0.003  0.001   15.389   18.938    0    0  (Gen:  0)
  2370472    563440 450831192  0.003  0.001   15.393   18.939    0    0  (Gen:  0)
  2977440    608160 451187152  0.003  0.001   15.398   18.940    0    0  (Gen:  0)
  2687288    659496 451482232  0.003  0.001   15.403   18.941    0    0  (Gen:  0)
  2865496    708376 451893504  0.003  0.001   15.407   18.942    0    0  (Gen:  0)
  2888008    861520 452353520  0.004  0.001   15.413   18.944    0    0  (Gen:  0)
  3170992    920880 452839792  0.005  0.001   15.419   18.946    0    0  (Gen:  0)
  3095352    925736 453289816  0.003  0.001   15.425   18.947    0    0  (Gen:  0)
  2943064    601152 453569952  0.003  0.001   15.430   18.948    0    0  (Gen:  0)
  2933712    642664 453920896  0.003  0.001   15.435   18.950    0    0  (Gen:  0)
  2855488    737112 454296968  0.004  0.001   15.440   18.951    0    0  (Gen:  0)
  2783744    721208 454640216  0.004  0.001   15.445   18.952    0    0  (Gen:  0)
  2423080    646696 454938576  0.004  0.001   15.450   18.954    0    0  (Gen:  0)
  2317560    576024 455213312  0.003  0.001   15.454   18.955    0    0  (Gen:  0)
  2000936    528168 455448016  0.003  0.001   15.458   18.956    0    0  (Gen:  0)
  2204288    475080 455687328  0.003  0.000   15.463   18.957    0    0  (Gen:  0)
  1973936    416336 455888224  0.003  0.000   15.467   18.958    0    0  (Gen:  0)
  2389512    436512 456134464  0.003  0.000   15.471   18.959    0    0  (Gen:  0)
  2696968    528496 456413840  0.003  0.000   15.475   18.960    0    0  (Gen:  0)
  2591496    538792 456669304  0.003  0.000   15.479   18.961    0    0  (Gen:  0)
  2606944    525496 456923952  0.003  0.000   15.483   18.962    0    0  (Gen:  0)
  2643096    539496 457191800  0.003  0.000   15.487   18.964    0    0  (Gen:  0)
  2870696    694208 457609512  0.003  0.001   15.490   18.965    0    0  (Gen:  0)
  3043000    843632 458057968  0.005  0.001   15.498   18.967    0    0  (Gen:  0)
  3114192    866560 458495624  0.005  0.001   15.504   18.968    0    0  (Gen:  0)
  2817752    722216 458885216  0.004  0.001   15.508   18.969    0    0  (Gen:  0)
  2547104    585064 459175696  0.003  0.000   15.513   18.971    0    0  (Gen:  0)
  2889504    652312 459562320  0.002  0.001   15.517   18.972    0    0  (Gen:  0)
  3119608    764360 459936608  0.004  0.001   15.522   18.973    0    0  (Gen:  0)
  2035600    589496 460142992  0.003  0.000   15.526   18.974    0    0  (Gen:  0)
  2213736    475112 460395224  0.003  0.000   15.531   18.975    0    0  (Gen:  0)
  2275560    484776 460632248  0.002  0.000   15.534   18.976    0    0  (Gen:  0)
  2705080    567120 460958064  0.003  0.001   15.539   18.978    0    0  (Gen:  0)
  2345536    550144 461206864  0.003  0.000   15.543   18.979    0    0  (Gen:  0)
  2825520    560744 461509072  0.001  0.000   15.548   18.980    0    0  (Gen:  0)
  2912448    611584 461816232  0.003  0.000   15.552   18.981    0    0  (Gen:  0)
  2867792    599632 462108264  0.003  0.000   15.557   18.982    0    0  (Gen:  0)
  2843728    630680 462436216  0.003  0.000   15.561   18.983    0    0  (Gen:  0)
  2911704    662248 462767592  0.003  0.000   15.565   18.985    0    0  (Gen:  0)
  3087480    684208 463111080  0.002  0.001   15.570   18.986    0    0  (Gen:  0)
  2914160    681624 463444360  0.003  0.000   15.575   18.987    0    0  (Gen:  0)
  3261648    680952 463785536  0.004  0.001   15.580   18.988    0    0  (Gen:  0)
  2981256    709328 464170592  0.004  0.001   15.585   18.990    0    0  (Gen:  0)
  2956384    804688 464600544  0.003  0.001   15.590   18.991    0    0  (Gen:  0)
  3096696    872440 465065592  0.004  0.001   15.596   18.993    0    0  (Gen:  0)
  3717616    969224 465579440  0.003  0.001   15.602   18.994    0    0  (Gen:  0)
  3151192    736064 465905360  0.004  0.001   15.608   18.996    0    0  (Gen:  0)
  2978400    589336 466179808  0.003  0.001   15.612   18.997    0    0  (Gen:  0)
  2919328    674080 466570424  0.002  0.001   15.617   18.998    0    0  (Gen:  0)
  3191840    729264 466955528  0.004  0.001   15.622   19.000    0    0  (Gen:  0)
  2975544    703288 467257808  0.004  0.001   15.627   19.001    0    0  (Gen:  0)
  2765048    586824 467529896  0.002  0.001   15.632   19.002    0    0  (Gen:  0)
  3001336    701864 467950440  0.003  0.001   15.637   19.003    0    0  (Gen:  0)
  2962824    839648 468396016  0.004  0.001   15.642   19.005    0    0  (Gen:  0)
  3273048    890768 468855368  0.004  0.001   15.648   19.007    0    0  (Gen:  0)
  3091984    890512 469313328  0.004  0.001   15.654   19.008    0    0  (Gen:  0)
  3074248    657840 469640232  0.002  0.001   15.660   19.009    0    0  (Gen:  0)
  3005848    768312 470075192  0.003  0.001   15.664   19.011    0    0  (Gen:  0)
  3160936    868936 470507328  0.004  0.001   15.670   19.012    0    0  (Gen:  0)
  2894120    762600 470885448  0.002  0.001   15.676   19.014    0    0  (Gen:  0)
  2625400    713688 471223872  0.003  0.001   15.681   19.015    0    0  (Gen:  0)
  2824880    684672 471572192  0.004  0.001   15.687   19.017    0    0  (Gen:  0)
  2493824    620656 471849312  0.002  0.001   15.691   19.018    0    0  (Gen:  0)
  2847000    654488 472228752  0.004  0.001   15.696   19.019    0    0  (Gen:  0)
  3208008    737088 472585792  0.004  0.001   15.701   19.020    0    0  (Gen:  0)
  2606024    804744 473027744  0.002  0.001   15.707   19.022    0    0  (Gen:  0)
  2630656    888584 473505816  0.005  0.001   15.714   19.024    0    0  (Gen:  0)
  2675488    893944 473971608  0.005  0.001   15.721   19.026    0    0  (Gen:  0)
  2891680    992704 474530888  0.005  0.001   15.728   19.028    0    0  (Gen:  0)
  2814576    914808 474935832  0.006  0.001   15.735   19.030    0    0  (Gen:  0)
  2963384    808568 475368784  0.006  0.001   15.742   19.031    0    0  (Gen:  0)
  3002936    769272 475742064  0.005  0.001   15.748   19.033    0    0  (Gen:  0)
  2083968    712816 476076080  0.004  0.001   15.753   19.034    0    0  (Gen:  0)
  2547200    822912 476559432  0.004  0.001   15.758   19.036    0    0  (Gen:  0)
  2542848    932648 477028640  0.004  0.001   15.762   19.037    0    0  (Gen:  0)
  2557048    899008 477475352  0.003  0.001   15.767   19.038    0    0  (Gen:  0)
  2868456    945696 477981696  0.004  0.001   15.772   19.039    0    0  (Gen:  0)
  2543392    726960 478398000  0.003  0.001   15.777   19.041    0    0  (Gen:  0)
  2435632    640800 478665800  0.003  0.001   15.782   19.042    0    0  (Gen:  0)
  2447160    697648 479077512  0.003  0.001   15.786   19.043    0    0  (Gen:  0)
  2804184    902752 479559768  0.004  0.001   15.791   19.045    0    0  (Gen:  0)
  2834400    962488 480063824  0.004  0.001   15.795   19.046    0    0  (Gen:  0)
  2858160    992800 480572528  0.004  0.001   15.800   19.047    0    0  (Gen:  0)
  2629448    998648 481060704  0.004  0.001   15.805   19.048    0    0  (Gen:  0)
  3155976   1110992 481703768  0.004  0.001   15.809   19.050    0    0  (Gen:  0)
  2783648   1170552 482296536  0.003  0.001   15.815   19.052    0    0  (Gen:  0)
  2544104   1004776 482746472  0.002  0.001   15.819   19.054    0    0  (Gen:  0)
  2911384   1053440 483356880  0.004  0.001   15.825   19.055    0    0  (Gen:  0)
  2888544    970592 483818984  0.004  0.001   15.830   19.056    0    0  (Gen:  0)
  2363872    874672 484280816  0.003  0.001   15.834   19.058    0    0  (Gen:  0)
  2594976    888984 484836184  0.003  0.001   15.838   19.059    0    0  (Gen:  0)
  2690664    986144 485367400  0.003  0.001   15.843   19.060    0    0  (Gen:  0)
  2006944    849352 485779752  0.002  0.001   15.847   19.062    0    0  (Gen:  0)
  2205440    746584 486186528  0.005  0.001   15.853   19.063    0    0  (Gen:  0)
  2507336    900728 486676680  0.004  0.001   15.858   19.065    0    0  (Gen:  0)
  1774632    828256 487029944  0.003  0.001   15.862   19.066    0    0  (Gen:  0)
  2721248    947232 487646720  0.004  0.001   15.867   19.068    0    0  (Gen:  0)
  2672688    780552 488074928  0.003  0.001   15.872   19.069    0    0  (Gen:  0)
  2748168    838160 488485296  0.003  0.001   15.878   19.070    0    0  (Gen:  0)
  2466896    812352 488961192  0.004  0.001   15.883   19.072    0    0  (Gen:  0)
  2628152    833160 489388768  0.002  0.001   15.888   19.074    0    0  (Gen:  0)
  2239872    733208 489745064  0.002  0.001   15.892   19.076    0    0  (Gen:  0)
  2448064    717144 490214984  0.002  0.001   15.897   19.077    0    0  (Gen:  0)
  2503448    754424 490681224  0.002  0.001   15.901   19.078    0    0  (Gen:  0)
  2419104    922776 491141752  0.002  0.001   15.905   19.080    0    0  (Gen:  0)
  3470184    776472 491691936  0.002  0.001   15.911   19.082    0    0  (Gen:  0)
  2420920    681016 491981768  0.002  0.001   15.915   19.084    0    0  (Gen:  0)
  1993208    489288 492268336  0.001  0.001   15.918   19.085    0    0  (Gen:  0)
  1778128    434032 492523408  0.001  0.001   15.922   19.087    0    0  (Gen:  0)
  2364896    435152 492736568  0.002  0.001   15.927   19.089    0    0  (Gen:  0)
  2141408    531312 493066264  0.003  0.001   15.932   19.090    0    0  (Gen:  0)
  2616592    722064 493468752  0.004  0.001   15.937   19.091    0    0  (Gen:  0)
  3120848    739208 493868040  0.005  0.001   15.943   19.093    0    0  (Gen:  0)
  2601488    589024 494174472  0.003  0.001   15.948   19.094    0    0  (Gen:  0)
  2317008    546408 494427424  0.002  0.001   15.953   19.096    0    0  (Gen:  0)
  2763192    518704 494697928  0.005  0.001   15.959   19.097    0    0  (Gen:  0)
  2505368    543112 494982176  0.004  0.001   15.963   19.099    0    0  (Gen:  0)
  2965912    716984 495551240  0.004  0.001   15.969   19.100    0    0  (Gen:  0)
  2199168    762040 495914728  0.003  0.001   15.975   19.102    0    0  (Gen:  0)
  2811704    880032 496461480  0.003  0.001   15.980   19.103    0    0  (Gen:  0)
  2628584    859056 496921784  0.002  0.001   15.986   19.105    0    0  (Gen:  0)
  2918848    692136 497160992  0.003  0.001   15.991   19.106    0    0  (Gen:  0)
  2735224    797168 497552720  0.003  0.001   15.997   19.108    0    0  (Gen:  0)
  2164240    619920 497810480  0.002  0.001   16.002   19.109    0    0  (Gen:  0)
  2219896    463648 498025400  0.003  0.001   16.008   19.111    0    0  (Gen:  0)
  2344776    426800 498247232  0.004  0.001   16.013   19.112    0    0  (Gen:  0)
  2595376    386184 498416616  0.004  0.001   16.018   19.114    0    0  (Gen:  0)
  2121240    333832 498580072  0.004  0.001   16.023   19.115    0    0  (Gen:  0)
  1974624    375200 498788792  0.004  0.001   16.027   19.116    0    0  (Gen:  0)
  2516048    479512 499060904  0.004  0.001   16.033   19.118    0    0  (Gen:  0)
  2273656    480392 499298896  0.003  0.001   16.038   19.119    0    0  (Gen:  0)
  2751816    397088 499485256  0.004  0.001   16.043   19.121    0    0  (Gen:  0)
  3068248    408728 499702704  0.003  0.001   16.049   19.122    0    0  (Gen:  0)
  2376080    443472 499914216  0.004  0.001   16.054   19.124    0    0  (Gen:  0)
  2255632    419784 500115496  0.004  0.001   16.059   19.125    0    0  (Gen:  0)
  2742728    443904 500353328  0.004  0.001   16.064   19.126    0    0  (Gen:  0)
  2939952    569304 500695736  0.004  0.001   16.069   19.128    0    0  (Gen:  0)
  2842544    614072 501092368  0.004  0.001   16.075   19.129    0    0  (Gen:  0)
  2582408    708928 501500792  0.004  0.001   16.080   19.131    0    0  (Gen:  0)
  2747096    640736 501820312  0.005  0.001   16.086   19.132    0    0  (Gen:  0)
  2171928    539416 502071352  0.003  0.001   16.091   19.133    0    0  (Gen:  0)
  2152944    450672 502273720  0.004  0.001   16.096   19.135    0    0  (Gen:  0)
  2573408    451976 502519168  0.004  0.001   16.101   19.136    0    0  (Gen:  0)
  2591696    472032 502756240  0.004  0.001   16.106   19.138    0    0  (Gen:  0)
  2630040    597696 503104288  0.003  0.001   16.111   19.139    0    0  (Gen:  0)
  2923008    679112 503426632  0.004  0.001   16.116   19.141    0    0  (Gen:  0)
  2963944    679392 503792264  0.004  0.001   16.122   19.142    0    0  (Gen:  0)
  2579008    653080 504078928  0.004  0.001   16.127   19.144    0    0  (Gen:  0)
  2518696    597880 504379584  0.003  0.001   16.132   19.145    0    0  (Gen:  0)
  2679232    622016 504699712  0.003  0.001   16.138   19.147    0    0  (Gen:  0)
  2628752    601248 504978640  0.004  0.001   16.144   19.148    0    0  (Gen:  0)
  2288560    588400 505276560  0.004  0.001   16.149   19.149    0    0  (Gen:  0)
  2566584    579120 505592880  0.005  0.001   16.154   19.151    0    0  (Gen:  0)
  2542376    593456 505900192  0.005  0.001   16.160   19.152    0    0  (Gen:  0)
  2317712    593472 506187176  0.004  0.001   16.164   19.153    0    0  (Gen:  0)
  2410928    565312 506458696  0.004  0.001   16.169   19.155    0    0  (Gen:  0)
  2487376    577048 506763920  0.004  0.001   16.175   19.156    0    0  (Gen:  0)
  2215544    582192 507039392  0.004  0.001   16.179   19.158    0    0  (Gen:  0)
  2405424    593672 507341768  0.004  0.001   16.185   19.159    0    0  (Gen:  0)
  2584200    620632 507669464  0.005  0.001   16.190   19.160    0    0  (Gen:  0)
  2116608    613792 507966040  0.004  0.001   16.195   19.162    0    0  (Gen:  0)
  2681784    633680 508306248  0.005  0.001   16.201   19.163    0    0  (Gen:  0)
  2755976    695312 508662120  0.005  0.001   16.206   19.165    0    0  (Gen:  0)
  2540480    796896 509111312  0.004  0.001   16.211   19.166    0    0  (Gen:  0)
  2938616    906352 509600840  0.004  0.001   16.216   19.167    0    0  (Gen:  0)
  2956864    962008 510101656  0.005  0.001   16.223   19.169    0    0  (Gen:  0)
  3372360    979768 510608456  0.005  0.001   16.229   19.171    0    0  (Gen:  0)
  3154936    819480 511014200  0.003  0.001   16.236   19.173    0    0  (Gen:  0)
  2636024    627464 511343504  0.003  0.001   16.242   19.174    0    0  (Gen:  0)
  2300608    630800 511716944  0.004  0.001   16.247   19.175    0    0  (Gen:  0)
  2706144    711240 512089632  0.005  0.001   16.252   19.177    0    0  (Gen:  0)
  2603000    644648 512406288  0.003  0.001   16.257   19.178    0    0  (Gen:  0)
  2672688    761560 512849496  0.004  0.001   16.263   19.180    0    0  (Gen:  0)
  2699112    677168 513119944  0.005  0.001   16.268   19.181    0    0  (Gen:  0)
  2539856    602616 513444888  0.003  0.001   16.273   19.182    0    0  (Gen:  0)
  2660184    513616 513737680  0.004  0.001   16.279   19.184    0    0  (Gen:  0)
  2702144    643728 514096512  0.003  0.001   16.284   19.185    0    0  (Gen:  0)
  3011560    777264 514510656  0.004  0.001   16.289   19.187    0    0  (Gen:  0)
  2656432    744984 514846088  0.003  0.001   16.295   19.188    0    0  (Gen:  0)
  2236024    541312 515128944  0.004  0.001   16.299   19.190    0    0  (Gen:  0)
  2175144    554568 515398080  0.003  0.001   16.305   19.191    0    0  (Gen:  0)
  2067464    539992 515670864  0.004  0.001   16.310   19.192    0    0  (Gen:  0)
  2066456    512880 515918496  0.004  0.001   16.315   19.194    0    0  (Gen:  0)
  2444200    539256 516203872  0.003  0.001   16.320   19.195    0    0  (Gen:  0)
  2205304    521112 516455328  0.004  0.001   16.325   19.197    0    0  (Gen:  0)
  2415104    528072 516730456  0.003  0.001   16.331   19.198    0    0  (Gen:  0)
  2301680    531344 516987440  0.004  0.001   16.336   19.200    0    0  (Gen:  0)
  2466000    540768 517265760  0.004  0.001   16.341   19.201    0    0  (Gen:  0)
  2183352    572816 517557432  0.003  0.001   16.346   19.202    0    0  (Gen:  0)
  2551824    646624 517916136  0.004  0.001   16.351   19.204    0    0  (Gen:  0)
  2443000    669272 518230584  0.004  0.001   16.357   19.205    0    0  (Gen:  0)
  1856968    574064 518483592  0.003  0.001   16.361   19.206    0    0  (Gen:  0)
  2615552    493976 518719976  0.005  0.001   16.367   19.208    0    0  (Gen:  0)
  2285752    505280 518988992  0.004  0.001   16.372   19.209    0    0  (Gen:  0)
  2716960    547464 519257808  0.003  0.001   16.377   19.210    0    0  (Gen:  0)
  2407440    553416 519544096  0.004  0.001   16.382   19.212    0    0  (Gen:  0)
  2018760    521624 519779032  0.004  0.001   16.387   19.213    0    0  (Gen:  0)
  1976080    424232 519956728  0.003  0.001   16.392   19.214    0    0  (Gen:  0)
  2484720    485912 520249688  0.004  0.001   16.397   19.216    0    0  (Gen:  0)
  2926008    504456 520465928  0.004  0.001   16.402   19.217    0    0  (Gen:  0)
  2070680    464736 520682992  0.004  0.001   16.407   19.219    0    0  (Gen:  0)
  2207752    353704 520874504  0.003  0.001   16.411   19.220    0    0  (Gen:  0)
  2151360    353840 521091744  0.004  0.001   16.416   19.221    0    0  (Gen:  0)
  2409120    471432 521333240  0.004  0.001   16.421   19.222    0    0  (Gen:  0)
  2145360    427432 521531904  0.004  0.001   16.426   19.224    0    0  (Gen:  0)
  2929600    448736 521762680  0.005  0.001   16.431   19.225    0    0  (Gen:  0)
  2625296    443488 521957496  0.003  0.001   16.437   19.226    0    0  (Gen:  0)
  2722088    457440 522186784  0.004  0.001   16.442   19.228    0    0  (Gen:  0)
  2887608    462000 522403064  0.003  0.001   16.447   19.229    0    0  (Gen:  0)
  2351424    462536 522632984  0.003  0.001   16.452   19.231    0    0  (Gen:  0)
  3176704    607448 523005384  0.005  0.001   16.457   19.232    0    0  (Gen:  0)
  2649416    694536 523349480  0.004  0.001   16.462   19.233    0    0  (Gen:  0)
  3343280    730920 523739680  0.005  0.001   16.468   19.235    0    0  (Gen:  0)
  3104144    806464 524180688  0.004  0.001   16.474   19.236    0    0  (Gen:  0)
  2839424    503712 524445824  0.004  0.001   16.480   19.238    0    0  (Gen:  0)
  2786872    499912 524677816  0.003  0.001   16.485   19.239    0    0  (Gen:  0)
  2804672    609864 525039224  0.004  0.001   16.490   19.241    0    0  (Gen:  0)
  2736496    568688 525275768  0.003  0.001   16.496   19.242    0    0  (Gen:  0)
  2239192    476864 525501056  0.002  0.001   16.501   19.244    0    0  (Gen:  0)
  2726952    501056 525757200  0.002  0.001   16.506   19.245    0    0  (Gen:  0)
  2857320    556576 526079568  0.003  0.001   16.511   19.247    0    0  (Gen:  0)
  3060352    756176 526517584  0.005  0.001   16.517   19.248    0    0  (Gen:  0)
  2891136    818752 526928840  0.004  0.001   16.523   19.250    0    0  (Gen:  0)
  3064400    927248 527471984  0.005  0.001   16.529   19.252    0    0  (Gen:  0)
  3079368    991248 528029000  0.005  0.001   16.536   19.253    0    0  (Gen:  0)
  3104016   1052104 528598408  0.004  0.001   16.541   19.255    0    0  (Gen:  0)
  2927488    989008 529079240  0.004  0.001   16.547   19.256    0    0  (Gen:  0)
  3089600    960208 529595920  0.004  0.001   16.553   19.258    0    0  (Gen:  0)
  2698096    995704 530133312  0.004  0.001   16.559   19.259    0    0  (Gen:  0)
  3213920   1108408 530758000  0.006  0.001   16.567   19.261    0    0  (Gen:  0)
  2904304    864448 531068752  0.004  0.001   16.572   19.263    0    0  (Gen:  0)
  3347424    815624 531571376  0.004  0.001   16.578   19.265    0    0  (Gen:  0)
  3163496    938040 532146776  0.002  0.001   16.584   19.266    0    0  (Gen:  0)
  3277328    893328 532728280  0.005  0.001   16.590   19.268    0    0  (Gen:  0)
  3133760    953216 533127688  0.005  0.001   16.597   19.269    0    0  (Gen:  0)
  2989856    825248 533544992  0.004  0.001   16.602   19.271    0    0  (Gen:  0)
  2722576    765968 533937232  0.004  0.001   16.608   19.272    0    0  (Gen:  0)
  2858608    821112 534369984  0.003  0.001   16.613   19.274    0    0  (Gen:  0)
  3674752   1170272 535168320  0.007  0.001   16.622   19.276    0    0  (Gen:  0)
  3536368   1122064 535759288  0.005  0.001   16.627   19.278    0    0  (Gen:  0)
  3140296    619008 535993712  0.004  0.001   16.634   19.279    0    0  (Gen:  0)
  2740656    604816 536352776  0.003  0.001   16.639   19.281    0    0  (Gen:  0)
  3262896    824576 536867008  0.004  0.001   16.644   19.282    0    0  (Gen:  0)
  2808416    825816 537229832  0.004  0.001   16.649   19.284    0    0  (Gen:  0)
  3131104    663120 537614432  0.005  0.001   16.655   19.285    0    0  (Gen:  0)
  2748856    590128 537910608  0.004  0.001   16.660   19.287    0    0  (Gen:  0)
  2831912    527552 538146880  0.005  0.001   16.666   19.288    0    0  (Gen:  0)
  2277128    426120 538337584  0.004  0.001   16.671   19.290    0    0  (Gen:  0)
  2407360    422832 538547368  0.004  0.001   16.676   19.291    0    0  (Gen:  0)
  2333440    440048 538775120  0.004  0.001   16.681   19.292    0    0  (Gen:  0)
  2884312    434528 539017864  0.004  0.001   16.686   19.294    0    0  (Gen:  0)
  2501416    496584 539284288  0.004  0.001   16.691   19.295    0    0  (Gen:  0)
  2816984    576152 539578672  0.005  0.001   16.696   19.296    0    0  (Gen:  0)
  2476776    529640 539816792  0.004  0.001   16.701   19.298    0    0  (Gen:  0)
  2723360    545672 540112728  0.004  0.001   16.707   19.299    0    0  (Gen:  0)
  2339112    573808 540380576  0.004  0.001   16.711   19.300    0    0  (Gen:  0)
  2578216    547208 540642688  0.004  0.001   16.716   19.302    0    0  (Gen:  0)
  2271904    550800 540926664  0.003  0.001   16.722   19.303    0    0  (Gen:  0)
  2569368    684184 541318120  0.004  0.001   16.727   19.304    0    0  (Gen:  0)
  2943600    777904 541728144  0.002  0.001   16.732   19.306    0    0  (Gen:  0)
  2671280    852992 542207168  0.004  0.001   16.737   19.307    0    0  (Gen:  0)
  2758368    649744 542560464  0.005  0.001   16.743   19.309    0    0  (Gen:  0)
  2297728    672080 542883512  0.003  0.001   16.748   19.310    0    0  (Gen:  0)
  2542176    770888 543322824  0.004  0.001   16.754   19.312    0    0  (Gen:  0)
  2551840    770136 543712856  0.004  0.001   16.758   19.313    0    0  (Gen:  0)
  1815360    627936 543955664  0.002  0.001   16.763   19.315    0    0  (Gen:  0)
  1701320    403056 544159448  0.001  0.001   16.767   19.316    0    0  (Gen:  0)
  1705992    421480 544371696  0.001  0.001   16.770   19.318    0    0  (Gen:  0)
  1759344    417008 544575728  0.001  0.001   16.773   19.319    0    0  (Gen:  0)
  1531992    380872 544751104  0.001  0.001   16.777   19.320    0    0  (Gen:  0)
  3042936    680464 545250696  0.002  0.001   16.782   19.322    0    0  (Gen:  0)
  2697912    969576 545761680  0.004  0.001   16.788   19.324    0    0  (Gen:  0)
  3763544   1044840 546348440  0.006  0.001   16.795   19.326    0    0  (Gen:  0)
  3317568    793488 546721616  0.005  0.001   16.802   19.327    0    0  (Gen:  0)
  2910200    566408 547092632  0.003  0.001   16.807   19.329    0    0  (Gen:  0)
  2829032    788120 547513904  0.003  0.001   16.813   19.330    0    0  (Gen:  0)
  2709952    756408 547923256  0.003  0.001   16.818   19.332    0    0  (Gen:  0)
  3027560    705200 548249408  0.003  0.001   16.824   19.333    0    0  (Gen:  0)
  2496768    553008 548521560  0.004  0.001   16.829   19.334    0    0  (Gen:  0)
  3178008    819320 549072224  0.004  0.001   16.835   19.336    0    0  (Gen:  0)
  2853032    826208 549410960  0.003  0.001   16.838   19.337    0    0  (Gen:  0)
  3422472    765576 549874296  0.004  0.001   16.844   19.339    0    0  (Gen:  0)
  3122608    725296 550274360  0.004  0.001   16.851   19.341    0    0  (Gen:  0)
  2524192    759368 550622928  0.003  0.001   16.857   19.342    0    0  (Gen:  0)
  2596360    598880 550875184  0.004  0.001   16.862   19.343    0    0  (Gen:  0)
  2228048    487656 551095024  0.003  0.001   16.867   19.345    0    0  (Gen:  0)
  2700360    483688 551339968  0.004  0.001   16.873   19.346    0    0  (Gen:  0)
  2252352    508896 551592112  0.004  0.001   16.878   19.348    0    0  (Gen:  0)
  2282840    528376 551851824  0.004  0.001   16.882   19.349    0    0  (Gen:  0)
  2722272    572448 552149184  0.003  0.001   16.888   19.350    0    0  (Gen:  0)
  2159216    531376 552374720  0.003  0.001   16.893   19.352    0    0  (Gen:  0)
  2635952    480208 552621168  0.004  0.001   16.898   19.353    0    0  (Gen:  0)
  2635784    654680 553020408  0.004  0.001   16.903   19.354    0    0  (Gen:  0)
  2480848    634048 553278304  0.004  0.001   16.908   19.356    0    0  (Gen:  0)
  3287968    578808 553602248  0.005  0.001   16.914   19.357    0    0  (Gen:  0)
  3027712    516176 553934656  0.003  0.001   16.920   19.359    0    0  (Gen:  0)
  3273064    678336 554282624  0.005  0.001   16.925   19.360    0    0  (Gen:  0)
  2928072    616808 554550016  0.005  0.001   16.931   19.362    0    0  (Gen:  0)
  3422000    670752 554950856  0.005  0.001   16.937   19.364    0    0  (Gen:  0)
  2859816    819680 555365232  0.003  0.001   16.943   19.365    0    0  (Gen:  0)
  3077728    416112 555662360  0.003  0.001   16.948   19.366    0    0  (Gen:  0)
  2902304    812320 556189840  0.003  0.001   16.953   19.368    0    0  (Gen:  0)
  3255528   1121680 556813768  0.004  0.001   16.958   19.369    0    0  (Gen:  0)
  3732416   1088952 557361968  0.004  0.001   16.964   19.371    0    0  (Gen:  0)
  3369264    897768 557803176  0.003  0.001   16.970   19.373    0    0  (Gen:  0)
  2949712    695328 558176344  0.003  0.001   16.977   19.374    0    0  (Gen:  0)
  2918008    679192 558507136  0.005  0.001   16.982   19.376    0    0  (Gen:  0)
  2867616    672520 558861056  0.005  0.001   16.988   19.377    0    0  (Gen:  0)
  2984336    650376 559172008  0.005  0.001   16.994   19.379    0    0  (Gen:  0)
  2622256    569808 559433448  0.002  0.001   17.000   19.380    0    0  (Gen:  0)
  2891760    508664 559677952  0.005  0.001   17.005   19.382    0    0  (Gen:  0)
  2791128    513072 559942632  0.003  0.001   17.011   19.383    0    0  (Gen:  0)
  2525504    472968 560143264  0.005  0.001   17.017   19.385    0    0  (Gen:  0)
  2993480    439928 560361056  0.003  0.001   17.022   19.386    0    0  (Gen:  0)
  3124600    422928 560556208  0.005  0.001   17.027   19.387    0    0  (Gen:  0)
  2832424    494024 560836016  0.005  0.001   17.033   19.389    0    0  (Gen:  0)
  3290736    448128 561059520  0.003  0.001   17.039   19.391    0    0  (Gen:  0)
  2869784    359816 561220920  0.003  0.001   17.044   19.392    0    0  (Gen:  0)
  3078840    413824 561448112  0.005  0.001   17.050   19.394    0    0  (Gen:  0)
  2334248    508312 561722520  0.004  0.001   17.055   19.395    0    0  (Gen:  0)
  2561392    625488 562067608  0.004  0.001   17.060   19.396    0    0  (Gen:  0)
  2934656    654472 562390736  0.003  0.001   17.066   19.398    0    0  (Gen:  0)
  2370168    581928 562654280  0.004  0.001   17.072   19.399    0    0  (Gen:  0)
  2632544    525936 562909376  0.003  0.001   17.077   19.401    0    0  (Gen:  0)
  2902440    695184 563337128  0.004  0.001   17.083   19.402    0    0  (Gen:  0)
  2628576    809056 563725896  0.004  0.001   17.088   19.404    0    0  (Gen:  0)
  2786976    857960 564187256  0.005  0.001   17.094   19.406    0    0  (Gen:  0)
  2947552    925336 564690752  0.005  0.001   17.102   19.408    0    0  (Gen:  0)
  3281928    839936 565071144  0.005  0.001   17.108   19.409    0    0  (Gen:  0)
  3121512    821240 565549288  0.004  0.001   17.115   19.411    0    0  (Gen:  0)
  3255128    702768 565951920  0.005  0.001   17.121   19.413    0    0  (Gen:  0)
  2393272    571240 566134248  0.004  0.001   17.127   19.414    0    0  (Gen:  0)
  3035280    630128 566552312  0.004  0.001   17.133   19.416    0    0  (Gen:  0)
  2557360    798768 566939824  0.004  0.001   17.138   19.417    0    0  (Gen:  0)
  2558416    726936 567312488  0.003  0.001   17.144   19.419    0    0  (Gen:  0)
  2994696    701472 567753176  0.005  0.001   17.149   19.420    0    0  (Gen:  0)
  3409928    961384 568299552  0.005  0.001   17.156   19.422    0    0  (Gen:  0)
  2613384    956504 568764480  0.005  0.001   17.162   19.424    0    0  (Gen:  0)
  3016408    868960 569206312  0.005  0.001   17.169   19.426    0    0  (Gen:  0)
  2805400    802144 569623768  0.005  0.001   17.176   19.427    0    0  (Gen:  0)
  2507144    503384 569838296  0.004  0.001   17.182   19.429    0    0  (Gen:  0)
  2621808    634248 570276512  0.004  0.001   17.187   19.430    0    0  (Gen:  0)
  2235904    741144 570611136  0.005  0.001   17.193   19.432    0    0  (Gen:  0)
  2063360    592776 570857712  0.005  0.001   17.198   19.433    0    0  (Gen:  0)
  1817880    450440 571050080  0.004  0.001   17.204   19.435    0    0  (Gen:  0)
  2026216    432696 571271296  0.004  0.001   17.209   19.436    0    0  (Gen:  0)
  2585736    517288 571581920  0.004  0.001   17.215   19.438    0    0  (Gen:  0)
  2519120    599864 571910328  0.004  0.001   17.220   19.439    0    0  (Gen:  0)
  2916880    628024 572235528  0.004  0.001   17.224   19.440    0    0  (Gen:  0)
  2811688    638992 572565416  0.004  0.001   17.230   19.442    0    0  (Gen:  0)
  3014136    751816 572979016  0.003  0.001   17.236   19.443    0    0  (Gen:  0)
  1957016    623552 573224776  0.004  0.001   17.242   19.445    0    0  (Gen:  0)
  2384552    536640 573504960  0.004  0.001   17.247   19.446    0    0  (Gen:  0)
  2394720    487480 573714184  0.003  0.001   17.252   19.448    0    0  (Gen:  0)
  2373208    417664 573918256  0.004  0.001   17.257   19.449    0    0  (Gen:  0)
  2558216    483760 574197608  0.005  0.001   17.263   19.451    0    0  (Gen:  0)
  2312816    529536 574455720  0.004  0.001   17.268   19.452    0    0  (Gen:  0)
  2832984    503160 574702200  0.004  0.001   17.273   19.453    0    0  (Gen:  0)
  2392000    523000 574977544  0.004  0.001   17.278   19.455    0    0  (Gen:  0)
  2404408    569368 575261440  0.003  0.001   17.284   19.456    0    0  (Gen:  0)
  2486248    538696 575513496  0.003  0.001   17.289   19.458    0    0  (Gen:  0)
  3303824    712312 575993096  0.005  0.001   17.295   19.459    0    0  (Gen:  0)
  2711584    842968 576412192  0.004  0.001   17.300   19.461    0    0  (Gen:  0)
  2555712    752208 576757872  0.003  0.001   17.306   19.462    0    0  (Gen:  0)
  2925552    704440 577139152  0.004  0.001   17.311   19.464    0    0  (Gen:  0)
  2556904    577848 577469632  0.004  0.001   17.317   19.465    0    0  (Gen:  0)
  2756856    782336 577908984  0.004  0.001   17.322   19.466    0    0  (Gen:  0)
  2672024    770808 578290776  0.005  0.001   17.328   19.468    0    0  (Gen:  0)
  2769680    803696 578700072  0.005  0.001   17.333   19.469    0    0  (Gen:  0)
  2682248    685240 579010864  0.003  0.001   17.339   19.471    0    0  (Gen:  0)
  2406360    615600 579317720  0.004  0.001   17.344   19.472    0    0  (Gen:  0)
  2573576    638152 579639216  0.005  0.001   17.350   19.474    0    0  (Gen:  0)
  2096480    593320 579911056  0.003  0.001   17.355   19.475    0    0  (Gen:  0)
  2095504    536848 580175576  0.005  0.001   17.360   19.477    0    0  (Gen:  0)
  1924952    483384 580392272  0.002  0.001   17.365   19.478    0    0  (Gen:  0)
  2316808    514424 580669680  0.004  0.001   17.371   19.479    0    0  (Gen:  0)
  2628904    607560 581013608  0.003  0.001   17.376   19.481    0    0  (Gen:  0)
  2488344    633528 581346160  0.003  0.001   17.381   19.482    0    0  (Gen:  0)
  2587864    654608 581693608  0.005  0.001   17.387   19.484    0    0  (Gen:  0)
  2564152    703616 582084912  0.004  0.001   17.392   19.485    0    0  (Gen:  0)
  2964504    824504 582553920  0.003  0.001   17.397   19.487    0    0  (Gen:  0)
  2683048    885568 583021768  0.002  0.001   17.403   19.488    0    0  (Gen:  0)
  2558272    841624 583442936  0.002  0.001   17.410   19.490    0    0  (Gen:  0)
  2326936    732072 583795408  0.002  0.001   17.415   19.491    0    0  (Gen:  0)
  2823928    723800 584189088  0.003  0.001   17.422   19.493    0    0  (Gen:  0)
  2933680    757176 584581688  0.004  0.001   17.428   19.495    0    0  (Gen:  0)
  2810304    773328 585094640  0.004  0.001   17.433   19.496    0    0  (Gen:  0)
  2362520    593696 585345936  0.004  0.001   17.439   19.497    0    0  (Gen:  0)
  2480472    600736 585687560  0.004  0.001   17.445   19.499    0    0  (Gen:  0)
  2752616    753816 586097176  0.005  0.001   17.450   19.500    0    0  (Gen:  0)
  2487888    682936 586377064  0.002  0.001   17.456   19.502    0    0  (Gen:  0)
  2128528    546688 586632168  0.004  0.001   17.461   19.503    0    0  (Gen:  0)
  2543576    572048 586946448  0.005  0.001   17.467   19.505    0    0  (Gen:  0)
  2541544    618832 587244056  0.003  0.001   17.472   19.506    0    0  (Gen:  0)
  2294944    682520 587618728  0.004  0.001   17.477   19.508    0    0  (Gen:  0)
  3051960    708384 587967056  0.005  0.001   17.483   19.509    0    0  (Gen:  0)
  2960864    609296 588291456  0.004  0.001   17.488   19.511    0    0  (Gen:  0)
  2464632    519832 588570736  0.004  0.001   17.494   19.512    0    0  (Gen:  0)
  2441928    573984 588892992  0.004  0.001   17.498   19.513    0    0  (Gen:  0)
  2439592    662160 589236560  0.003  0.001   17.504   19.515    0    0  (Gen:  0)
  2522824    517056 589496880  0.004  0.001   17.510   19.516    0    0  (Gen:  0)
  2500096    496448 589730176  0.004  0.001   17.515   19.518    0    0  (Gen:  0)
  2066528    525200 590010648  0.003  0.001   17.520   19.519    0    0  (Gen:  0)
  2723152    565952 590295128  0.005  0.001   17.526   19.521    0    0  (Gen:  0)
  2850424    587072 590591232  0.004  0.001   17.531   19.522    0    0  (Gen:  0)
  2377616    568696 590856848  0.003  0.001   17.536   19.524    0    0  (Gen:  0)
  2530464    521720 591106144  0.003  0.001   17.542   19.525    0    0  (Gen:  0)
  2540000    491336 591341544  0.004  0.001   17.546   19.526    0    0  (Gen:  0)
  2524384    443448 591553880  0.004  0.001   17.552   19.528    0    0  (Gen:  0)
  2709776    472680 591805056  0.004  0.001   17.557   19.529    0    0  (Gen:  0)
  3111856    485120 592030376  0.004  0.001   17.562   19.530    0    0  (Gen:  0)
  2178992    488656 592272800  0.004  0.001   17.567   19.532    0    0  (Gen:  0)
  2961152    655776 592691568  0.005  0.001   17.572   19.533    0    0  (Gen:  0)
  2867160    745928 593100088  0.004  0.001   17.578   19.535    0    0  (Gen:  0)
  2712456    463440 593387296  0.002  0.001   17.584   19.536    0    0  (Gen:  0)
  2475352    532456 593711624  0.004  0.001   17.588   19.538    0    0  (Gen:  0)
  2863768    618656 594019744  0.004  0.001   17.594   19.539    0    0  (Gen:  0)
  2610480    466536 594231304  0.004  0.001   17.600   19.541    0    0  (Gen:  0)
  3191728    501776 594497648  0.004  0.001   17.606   19.542    0    0  (Gen:  0)
  2850944    539424 594787328  0.004  0.001   17.610   19.544    0    0  (Gen:  0)
  2500848    557832 595053552  0.003  0.001   17.616   19.545    0    0  (Gen:  0)
  2584960    674056 595458168  0.004  0.001   17.621   19.547    0    0  (Gen:  0)
  3345288    872688 595941112  0.005  0.001   17.627   19.548    0    0  (Gen:  0)
  2800328    916200 596412752  0.004  0.001   17.633   19.550    0    0  (Gen:  0)
  3023840    882488 596898392  0.003  0.001   17.639   19.552    0    0  (Gen:  0)
  3404352   1124368 597591032  0.006  0.001   17.646   19.553    0    0  (Gen:  0)
  3817440   1287352 598305872  0.005  0.001   17.652   19.555    0    0  (Gen:  0)
  2868704   1012400 598799128  0.004  0.001   17.658   19.557    0    0  (Gen:  0)
  3561720   1170984 599500568  0.005  0.001   17.666   19.559    0    0  (Gen:  0)
  3506984   1079824 599930840  0.005  0.001   17.672   19.560    0    0  (Gen:  0)
  3212024    845056 600482584  0.002  0.001   17.678   19.562    0    0  (Gen:  0)
  3446944    856632 600986320  0.004  0.001   17.684   19.563    0    0  (Gen:  0)
  3281152    599376 601339136  0.004  0.001   17.690   19.565    0    0  (Gen:  0)
  3377472    896944 601967064  0.002  0.001   17.695   19.566    0    0  (Gen:  0)
  2918648    870024 602225928  0.003  0.001   17.701   19.568    0    0  (Gen:  0)
  2396344    762272 602545056  0.004  0.001   17.707   19.570    0    0  (Gen:  0)
  2725160    698704 602930864  0.005  0.001   17.713   19.571    0    0  (Gen:  0)
  1880480    525568 603134696  0.004  0.001   17.718   19.573    0    0  (Gen:  0)
  2475864    523672 603429984  0.003  0.001   17.723   19.574    0    0  (Gen:  0)
  2576936    676624 603818600  0.003  0.001   17.729   19.575    0    0  (Gen:  0)
  2689224    782328 604221696  0.004  0.001   17.734   19.577    0    0  (Gen:  0)
  2614096    673720 604612096  0.002  0.001   17.738   19.578    0    0  (Gen:  0)
  2503976    529416 604945368  0.003  0.001   17.744   19.580    0    0  (Gen:  0)
  2889960    833936 605438552  0.004  0.001   17.749   19.581    0    0  (Gen:  0)
  3215008    999960 605960008  0.004  0.001   17.755   19.583    0    0  (Gen:  0)
  2591624    665552 606233208  0.002  0.001   17.760   19.585    0    0  (Gen:  0)
  3087880    535920 606504376  0.004  0.001   17.766   19.586    0    0  (Gen:  0)
  2680448    569232 606795928  0.002  0.001   17.772   19.588    0    0  (Gen:  0)
  2528048    610856 607118784  0.004  0.001   17.777   19.589    0    0  (Gen:  0)
  3101056    736504 607526408  0.004  0.001   17.782   19.591    0    0  (Gen:  0)
  2665168    756088 607914376  0.003  0.001   17.788   19.593    0    0  (Gen:  0)
  2854752    636144 608267728  0.004  0.001   17.795   19.594    0    0  (Gen:  0)
  2797520    812072 608726608  0.005  0.001   17.800   19.596    0    0  (Gen:  0)
  2410024    691048 608977512  0.004  0.001   17.806   19.597    0    0  (Gen:  0)
  2777560    483912 609198312  0.005  0.001   17.811   19.599    0    0  (Gen:  0)
  2214600    610184 609563560  0.004  0.001   17.816   19.600    0    0  (Gen:  0)
  3381024    734032 609947056  0.005  0.001   17.823   19.602    0    0  (Gen:  0)
  3651784    934688 610499880  0.004  0.001   17.829   19.603    0    0  (Gen:  0)
  2673528    458824 610721144  0.002  0.001   17.834   19.605    0    0  (Gen:  0)
  3123936    741232 611261304  0.004  0.001   17.840   19.606    0    0  (Gen:  0)
  3242568    885256 611653688  0.005  0.001   17.846   19.608    0    0  (Gen:  0)
  2806728    714376 612048104  0.004  0.001   17.851   19.609    0    0  (Gen:  0)
  2911248    568840 612351264  0.003  0.001   17.857   19.611    0    0  (Gen:  0)
  1841824    562720 612653168  0.003  0.001   17.862   19.612    0    0  (Gen:  0)
  3089400    701712 613057720  0.005  0.001   17.868   19.614    0    0  (Gen:  0)
  2485952    619560 613309096  0.004  0.001   17.873   19.615    0    0  (Gen:  0)
  2947696    651008 613692424  0.005  0.001   17.879   19.617    0    0  (Gen:  0)
  2328800    718384 614012440  0.003  0.001   17.884   19.618    0    0  (Gen:  0)
  2732456    713200 614391992  0.005  0.001   17.890   19.620    0    0  (Gen:  0)
  3071984    857152 614857336  0.004  0.001   17.895   19.621    0    0  (Gen:  0)
  2698216    546936 615113528  0.002  0.001   17.901   19.623    0    0  (Gen:  0)
  2222104    603984 615465024  0.003  0.001   17.906   19.624    0    0  (Gen:  0)
  2871704    759656 615873152  0.005  0.001   17.912   19.625    0    0  (Gen:  0)
  2545984    635712 616101136  0.004  0.001   17.917   19.627    0    0  (Gen:  0)
  2667432    471040 616349696  0.005  0.001   17.922   19.628    0    0  (Gen:  0)
  2238544    476576 616586968  0.004  0.001   17.927   19.630    0    0  (Gen:  0)
  2909488    553024 616898432  0.003  0.001   17.933   19.631    0    0  (Gen:  0)
  2529136    633080 617204696  0.004  0.001   17.938   19.632    0    0  (Gen:  0)
  2679632    594456 617484984  0.002  0.001   17.943   19.634    0    0  (Gen:  0)
  2519640    628448 617825968  0.004  0.001   17.948   19.635    0    0  (Gen:  0)
  2885008    786256 618275880  0.005  0.001   17.954   19.637    0    0  (Gen:  0)
  2911936    780584 618634880  0.003  0.001   17.960   19.638    0    0  (Gen:  0)
  1915240    521240 618877496  0.002  0.000   17.964   19.640    0    0  (Gen:  0)
  2896312 529447920 558618768  1.295  0.396   19.261   20.037    0    0  (Gen:  1)
  2958976    817560 559019944  0.004  0.001   19.266   20.039    0    0  (Gen:  0)
  2925024    751568 559383296  0.004  0.001   19.273   20.040    0    0  (Gen:  0)
  2479720    664600 559677256  0.004  0.001   19.278   20.041    0    0  (Gen:  0)
  3397480    716856 560082888  0.004  0.001   19.283   20.043    0    0  (Gen:  0)
  3158192    747376 560437552  0.003  0.001   19.289   20.044    0    0  (Gen:  0)
  2773848    613640 560712280  0.002  0.001   19.294   20.046    0    0  (Gen:  0)
  2124928    585792 561020296  0.004  0.001   19.299   20.047    0    0  (Gen:  0)
  2869576    805816 561520336  0.005  0.001   19.305   20.049    0    0  (Gen:  0)
  2755616    861112 561941320  0.004  0.001   19.311   20.050    0    0  (Gen:  0)
  2583440    490096 562173624  0.004  0.001   19.317   20.052    0    0  (Gen:  0)
  2324192    529600 562577704  0.003  0.001   19.322   20.054    0    0  (Gen:  0)
  2838208    706432 562967616  0.005  0.001   19.328   20.055    0    0  (Gen:  0)
  2188856    617424 563240104  0.004  0.001   19.333   20.056    0    0  (Gen:  0)
  2192160    532184 563491696  0.004  0.001   19.338   20.058    0    0  (Gen:  0)
  2395952    540184 563768808  0.004  0.001   19.343   20.059    0    0  (Gen:  0)
  2226080    497544 563982680  0.004  0.001   19.348   20.060    0    0  (Gen:  0)
  3321200    554848 564319304  0.003  0.001   19.354   20.062    0    0  (Gen:  0)
  2616992    624984 564657208  0.004  0.001   19.359   20.063    0    0  (Gen:  0)
  3127056    789200 565134072  0.005  0.001   19.365   20.065    0    0  (Gen:  0)
  2970976    696864 565409464  0.003  0.001   19.370   20.066    0    0  (Gen:  0)
  3027832    645744 565735336  0.005  0.001   19.376   20.068    0    0  (Gen:  0)
  3137696    760192 566161736  0.004  0.001   19.381   20.069    0    0  (Gen:  0)
  2564624    528800 566363872  0.004  0.001   19.386   20.071    0    0  (Gen:  0)
  2054976    470032 566815416  0.002  0.001   19.390   20.072    0    0  (Gen:  0)
  2136952    515672 567073464  0.002  0.001   19.394   20.073    0    0  (Gen:  0)
  2124088    647552 567460880  0.002  0.001   19.399   20.075    0    0  (Gen:  0)
  1899136    681800 567750720  0.002  0.001   19.403   20.076    0    0  (Gen:  0)
  2234744    642016 568087184  0.002  0.001   19.408   20.077    0    0  (Gen:  0)
  2060120    486384 568318296  0.002  0.001   19.412   20.079    0    0  (Gen:  0)
  1830832    458952 568544640  0.002  0.001   19.416   20.080    0    0  (Gen:  0)
  1654896    411696 568735048  0.002  0.001   19.420   20.081    0    0  (Gen:  0)
  2162640    401920 568935064  0.002  0.001   19.424   20.083    0    0  (Gen:  0)
  1855504    409208 569132056  0.002  0.001   19.428   20.084    0    0  (Gen:  0)
  2124752    399960 569316064  0.002  0.001   19.433   20.085    0    0  (Gen:  0)
  2574832    432432 569557424  0.002  0.001   19.437   20.087    0    0  (Gen:  0)
  2384488    430400 569742912  0.002  0.001   19.441   20.088    0    0  (Gen:  0)
  2934480    536440 570064352  0.004  0.001   19.446   20.089    0    0  (Gen:  0)
  2630144    609560 570346848  0.004  0.001   19.451   20.091    0    0  (Gen:  0)
  3091760    615936 570663496  0.005  0.001   19.457   20.092    0    0  (Gen:  0)
  2991352    673056 571018600  0.004  0.001   19.461   20.093    0    0  (Gen:  0)
  2891600    673984 571303752  0.004  0.001   19.467   20.095    0    0  (Gen:  0)
  3534816    725360 571698088  0.005  0.001   19.472   20.096    0    0  (Gen:  0)
  2624136    643952 571934680  0.004  0.001   19.477   20.097    0    0  (Gen:  0)
  2932416    549496 572235584  0.004  0.001   19.482   20.099    0    0  (Gen:  0)
  2897608    546680 572489928  0.003  0.001   19.487   20.100    0    0  (Gen:  0)
  2938792    506128 572708048  0.004  0.001   19.492   20.102    0    0  (Gen:  0)
  2414096    489704 572958192  0.004  0.001   19.497   20.103    0    0  (Gen:  0)
  2395016    511976 573211192  0.003  0.001   19.502   20.104    0    0  (Gen:  0)
  2873200    487560 573434608  0.002  0.001   19.506   20.105    0    0  (Gen:  0)
  2605160    449264 573654432  0.003  0.001   19.511   20.107    0    0  (Gen:  0)
  3160464    627832 574027216  0.004  0.001   19.516   20.108    0    0  (Gen:  0)
  2624768    623800 574285752  0.004  0.001   19.521   20.109    0    0  (Gen:  0)
  2377280    550952 574552720  0.004  0.001   19.526   20.111    0    0  (Gen:  0)
  2741688    605776 574898016  0.005  0.001   19.531   20.112    0    0  (Gen:  0)
  2535104    618128 575224112  0.004  0.001   19.536   20.114    0    0  (Gen:  0)
  3022720    800424 575745120  0.004  0.001   19.542   20.115    0    0  (Gen:  0)
  2732840    869504 576175648  0.004  0.001   19.548   20.117    0    0  (Gen:  0)
  2757000    800416 576572680  0.003  0.001   19.554   20.118    0    0  (Gen:  0)
  2991552    791808 577006816  0.004  0.001   19.560   20.120    0    0  (Gen:  0)
  2478792    675600 577276000  0.003  0.001   19.563   20.121    0    0  (Gen:  0)
  2965280    642488 577643632  0.003  0.001   19.568   20.122    0    0  (Gen:  0)
  3046072    838992 578134936  0.004  0.001   19.575   20.124    0    0  (Gen:  0)
  2794984    950464 578624328  0.005  0.001   19.581   20.126    0    0  (Gen:  0)
  2625992    899208 579035520  0.004  0.001   19.587   20.127    0    0  (Gen:  0)
  2566112    840368 579459544  0.005  0.001   19.592   20.128    0    0  (Gen:  0)
  2640160    744968 579775968  0.002  0.001   19.596   20.130    0    0  (Gen:  0)
  2837480    757168 580219840  0.003  0.001   19.603   20.131    0    0  (Gen:  0)
  2660736    628488 580575912  0.003  0.001   19.607   20.132    0    0  (Gen:  0)
  2424768    470256 580793848  0.004  0.001   19.612   20.134    0    0  (Gen:  0)
  2766464    463480 581019272  0.002  0.001   19.618   20.135    0    0  (Gen:  0)
  1477144    411560 581185032  0.002  0.001   19.622   20.137    0    0  (Gen:  0)
  1787712    431432 581417904  0.002  0.001   19.626   20.138    0    0  (Gen:  0)
  1912144    567472 581766936  0.003  0.001   19.630   20.139    0    0  (Gen:  0)
  1904240    664568 582102080  0.003  0.001   19.634   20.140    0    0  (Gen:  0)
  2221856    660904 582478592  0.002  0.001   19.638   20.142    0    0  (Gen:  0)
  2275480    728832 582883072  0.002  0.001   19.643   20.143    0    0  (Gen:  0)
  2159024    566776 583161760  0.002  0.001   19.647   20.145    0    0  (Gen:  0)
  1756080    521960 583404792  0.002  0.001   19.651   20.146    0    0  (Gen:  0)
  1526872    519000 583676344  0.002  0.001   19.654   20.147    0    0  (Gen:  0)
  1871536    547760 583938472  0.002  0.001   19.658   20.149    0    0  (Gen:  0)
  1598000    539264 584213704  0.002  0.001   19.661   20.150    0    0  (Gen:  0)
  2396712    537536 584482040  0.002  0.001   19.665   20.151    0    0  (Gen:  0)
  1804400    529328 584738728  0.002  0.001   19.669   20.153    0    0  (Gen:  0)
  1436656    491000 584976808  0.002  0.001   19.672   20.154    0    0  (Gen:  0)
  1596136    442640 585216800  0.002  0.001   19.676   20.155    0    0  (Gen:  0)
  1414600    364096 585370880  0.002  0.001   19.679   20.156    0    0  (Gen:  0)
  1592448    338040 585537536  0.002  0.001   19.682   20.158    0    0  (Gen:  0)
  1544016    356232 585722984  0.002  0.001   19.686   20.159    0    0  (Gen:  0)
  1626472    383640 585913368  0.002  0.001   19.689   20.160    0    0  (Gen:  0)
  1638712    462016 586174264  0.002  0.001   19.693   20.162    0    0  (Gen:  0)
  1417288    473320 586387000  0.002  0.001   19.696   20.163    0    0  (Gen:  0)
  1979408    530520 586695016  0.002  0.001   19.699   20.164    0    0  (Gen:  0)
  1878664    464112 586892200  0.001  0.001   19.702   20.165    0    0  (Gen:  0)
  1801400    464720 587066104  0.002  0.001   19.705   20.166    0    0  (Gen:  0)
  1780520    490664 587308584  0.002  0.001   19.709   20.167    0    0  (Gen:  0)
  1528592    441880 587513856  0.002  0.001   19.712   20.169    0    0  (Gen:  0)
  1633672    429240 587741432  0.002  0.001   19.716   20.170    0    0  (Gen:  0)
  1983360    526216 588073320  0.001  0.001   19.718   20.171    0    0  (Gen:  0)
  1947984    409048 588154720  0.001  0.001   19.721   20.172    0    0  (Gen:  0)
  1961424    480440 588428600  0.002  0.001   19.725   20.174    0    0  (Gen:  0)
  1518192    462672 588642392  0.002  0.001   19.729   20.175    0    0  (Gen:  0)
  1596224    422472 588851032  0.002  0.001   19.732   20.176    0    0  (Gen:  0)
  1538968    444912 589100616  0.002  0.001   19.735   20.177    0    0  (Gen:  0)
  1144720    347560 589255584  0.002  0.001   19.739   20.178    0    0  (Gen:  0)
  1320120    332600 589419704  0.002  0.001   19.742   20.180    0    0  (Gen:  0)
  1354112    356040 589642120  0.002  0.001   19.745   20.181    0    0  (Gen:  0)
  1331848    380440 589833416  0.002  0.001   19.749   20.182    0    0  (Gen:  0)
  1580744    357240 590001680  0.002  0.001   19.752   20.184    0    0  (Gen:  0)
  1473608    398112 590222568  0.002  0.001   19.756   20.185    0    0  (Gen:  0)
  1210504    367672 590377432  0.002  0.001   19.759   20.186    0    0  (Gen:  0)
  1337776    332480 590547168  0.002  0.001   19.762   20.187    0    0  (Gen:  0)
  1294888    368280 590740688  0.002  0.001   19.766   20.189    0    0  (Gen:  0)
  1422592    353872 590899784  0.002  0.001   19.769   20.190    0    0  (Gen:  0)
  1319808    367376 591101744  0.002  0.001   19.772   20.191    0    0  (Gen:  0)
  1334080    372688 591266440  0.002  0.001   19.776   20.192    0    0  (Gen:  0)
  1479672    367320 591458632  0.002  0.001   19.779   20.194    0    0  (Gen:  0)
  1361096    351104 591616176  0.002  0.001   19.783   20.195    0    0  (Gen:  0)
  1411288    346776 591795104  0.002  0.001   19.786   20.196    0    0  (Gen:  0)
  1360024    348376 591963664  0.002  0.001   19.789   20.197    0    0  (Gen:  0)
  1414696    352752 592139120  0.002  0.001   19.792   20.198    0    0  (Gen:  0)
  1979800    473704 592429048  0.002  0.001   19.796   20.200    0    0  (Gen:  0)
  2082688    497024 592634520  0.002  0.001   19.798   20.201    0    0  (Gen:  0)
  1948736    473824 592796504  0.002  0.001   19.802   20.202    0    0  (Gen:  0)
  1680824    368728 592904888  0.001  0.000   19.804   20.203    0    0  (Gen:  0)
  1849200    338992 593058456  0.002  0.001   19.808   20.204    0    0  (Gen:  0)
  1453424    393192 593244672  0.002  0.001   19.811   20.205    0    0  (Gen:  0)
  1992920    402712 593451160  0.002  0.001   19.815   20.207    0    0  (Gen:  0)
  1632160    410896 593655048  0.002  0.001   19.818   20.208    0    0  (Gen:  0)
  1699320    400928 593839440  0.002  0.001   19.821   20.209    0    0  (Gen:  0)
  1836560    384672 594028824  0.001  0.001   19.824   20.210    0    0  (Gen:  0)
  1555792    372728 594213456  0.002  0.001   19.827   20.211    0    0  (Gen:  0)
  1686776    399344 594396264  0.002  0.001   19.831   20.213    0    0  (Gen:  0)
  2036128    408288 594606856  0.002  0.001   19.835   20.214    0    0  (Gen:  0)
  1695656    392064 594780776  0.002  0.001   19.838   20.215    0    0  (Gen:  0)
  1512448    382384 594966952  0.002  0.001   19.841   20.217    0    0  (Gen:  0)
  1631808    462032 595231056  0.002  0.001   19.845   20.218    0    0  (Gen:  0)
  2070032    509496 595533056  0.002  0.001   19.848   20.219    0    0  (Gen:  0)
  1911432    485392 595703472  0.001  0.001   19.851   20.220    0    0  (Gen:  0)
  1611688    393528 595810600  0.002  0.000   19.854   20.221    0    0  (Gen:  0)
  2056208    362592 595947968  0.002  0.001   19.857   20.222    0    0  (Gen:  0)
  1738840    415712 596124952  0.002  0.001   19.860   20.224    0    0  (Gen:  0)
  1765456    384984 596312712  0.002  0.001   19.864   20.225    0    0  (Gen:  0)
  1588048    408992 596518904  0.002  0.001   19.867   20.226    0    0  (Gen:  0)
  1788912    392712 596691648  0.002  0.001   19.870   20.227    0    0  (Gen:  0)
  1842544    395384 596890304  0.002  0.001   19.874   20.229    0    0  (Gen:  0)
  1863984    421208 597101592  0.002  0.001   19.877   20.230    0    0  (Gen:  0)
  1853440    399136 597286776  0.002  0.001   19.881   20.231    0    0  (Gen:  0)
  1717128    385880 597472888  0.002  0.001   19.884   20.233    0    0  (Gen:  0)
  1659032    411232 597676496  0.002  0.001   19.887   20.234    0    0  (Gen:  0)
  1969088    391360 597853664  0.002  0.001   19.891   20.235    0    0  (Gen:  0)
  1658096    398528 598058680  0.002  0.001   19.894   20.236    0    0  (Gen:  0)
  1458728    394416 598236184  0.002  0.001   19.897   20.237    0    0  (Gen:  0)
  1770640    435088 598513136  0.001  0.001   19.900   20.239    0    0  (Gen:  0)
  1989672    448448 598712696  0.001  0.000   19.903   20.240    0    0  (Gen:  0)
  1983792    489448 598885160  0.002  0.001   19.906   20.241    0    0  (Gen:  0)
  1930240    383824 598976096  0.001  0.001   19.909   20.242    0    0  (Gen:  0)
  1843504    373384 599160360  0.002  0.001   19.913   20.243    0    0  (Gen:  0)
  1542064    394648 599355200  0.002  0.001   19.916   20.244    0    0  (Gen:  0)
  1871000    393944 599541816  0.002  0.001   19.920   20.246    0    0  (Gen:  0)
  1717848    390336 599735848  0.002  0.001   19.923   20.247    0    0  (Gen:  0)
  1708480    399168 599927624  0.002  0.001   19.926   20.248    0    0  (Gen:  0)
  2019776    412904 600171280  0.001  0.001   19.929   20.249    0    0  (Gen:  0)
  1586888    388720 600354208  0.002  0.001   19.933   20.251    0    0  (Gen:  0)
  1621008    401184 600542544  0.002  0.001   19.936   20.252    0    0  (Gen:  0)
  2698680    393528 600732888  0.002  0.001   19.940   20.253    0    0  (Gen:  0)
  1685296    401424 600937896  0.002  0.001   19.943   20.255    0    0  (Gen:  0)
  1623528    409896 601132040  0.002  0.001   19.947   20.256    0    0  (Gen:  0)
  1733240    432448 601360592  0.002  0.001   19.950   20.257    0    0  (Gen:  0)
  1564152    444336 601623424  0.002  0.001   19.954   20.258    0    0  (Gen:  0)
  1529024    389080 601852560  0.002  0.001   19.957   20.260    0    0  (Gen:  0)
  1942728    445032 602097560  0.002  0.001   19.961   20.261    0    0  (Gen:  0)
  1716728    598360 602454280  0.002  0.001   19.964   20.262    0    0  (Gen:  0)
  2025960    625984 602731944  0.002  0.001   19.967   20.263    0    0  (Gen:  0)
  1748368    536912 602983168  0.002  0.001   19.971   20.265    0    0  (Gen:  0)
  1828584    528176 603281072  0.002  0.001   19.974   20.266    0    0  (Gen:  0)
  1891272    475128 603477408  0.001  0.001   19.976   20.267    0    0  (Gen:  0)
  1797448    425344 603691624  0.001  0.000   19.979   20.268    0    0  (Gen:  0)
  1688048    418184 603893440  0.001  0.000   19.981   20.268    0    0  (Gen:  0)
  1755008    472720 604163320  0.002  0.001   19.984   20.270    0    0  (Gen:  0)
  1974056    610056 604512648  0.002  0.001   19.988   20.271    0    0  (Gen:  0)
  1781280    607792 604816192  0.002  0.001   19.992   20.272    0    0  (Gen:  0)
  2064000    700504 605236488  0.002  0.001   19.996   20.274    0    0  (Gen:  0)
  2019288    733104 605593552  0.003  0.001   20.001   20.275    0    0  (Gen:  0)
  1797816    695368 605936128  0.002  0.001   20.004   20.277    0    0  (Gen:  0)
  1891824    700784 606310584  0.003  0.001   20.009   20.278    0    0  (Gen:  0)
  2047680    742472 606706496  0.003  0.001   20.013   20.280    0    0  (Gen:  0)
  1971392    764472 607063624  0.002  0.001   20.016   20.281    0    0  (Gen:  0)
  1793136    692440 607384920  0.002  0.001   20.020   20.282    0    0  (Gen:  0)
  1835328    693536 607751256  0.002  0.001   20.023   20.283    0    0  (Gen:  0)
  1954768    708384 608084896  0.003  0.001   20.027   20.285    0    0  (Gen:  0)
  2004408    726064 608461880  0.002  0.001   20.030   20.286    0    0  (Gen:  0)
  1664248    687280 608765336  0.002  0.001   20.034   20.287    0    0  (Gen:  0)
  2053936    716144 609172272  0.002  0.001   20.037   20.288    0    0  (Gen:  0)
  1865656    667816 609429104  0.002  0.001   20.041   20.290    0    0  (Gen:  0)
  2055160    542224 609785936  0.001  0.001   20.044   20.291    0    0  (Gen:  0)
  1960768    553064 610101688  0.002  0.001   20.048   20.292    0    0  (Gen:  0)
  1508936    404744 610232096  0.002  0.001   20.051   20.293    0    0  (Gen:  0)
  1665320    352720 610404248  0.002  0.001   20.055   20.295    0    0  (Gen:  0)
  2484608    614688 610908712  0.002  0.001   20.059   20.296    0    0  (Gen:  0)
  2244136    811352 611277808  0.002  0.001   20.063   20.297    0    0  (Gen:  0)
  2495072    592864 611549376  0.002  0.001   20.067   20.298    0    0  (Gen:  0)
  2599536    494792 611822792  0.002  0.001   20.071   20.300    0    0  (Gen:  0)
  1647024    501440 612063520  0.002  0.001   20.075   20.301    0    0  (Gen:  0)
  1644976    463776 612296736  0.002  0.001   20.078   20.302    0    0  (Gen:  0)
  1531360    447976 612523520  0.002  0.001   20.082   20.304    0    0  (Gen:  0)
  1421568    380208 612687584  0.002  0.001   20.085   20.305    0    0  (Gen:  0)
  1390496    366840 612876384  0.002  0.001   20.089   20.306    0    0  (Gen:  0)
  1534536    385392 613067320  0.002  0.001   20.092   20.308    0    0  (Gen:  0)
  1394936    394920 613267296  0.002  0.001   20.096   20.309    0    0  (Gen:  0)
  1470088    377392 613437520  0.002  0.001   20.099   20.310    0    0  (Gen:  0)
  1620000    340968 613594648  0.002  0.001   20.102   20.311    0    0  (Gen:  0)
  1480440    377920 613789528  0.002  0.001   20.106   20.312    0    0  (Gen:  0)
  1674328    390768 613976608  0.002  0.001   20.109   20.314    0    0  (Gen:  0)
  1667408    382240 614152600  0.002  0.001   20.113   20.315    0    0  (Gen:  0)
  1587592    356712 614336200  0.002  0.001   20.116   20.316    0    0  (Gen:  0)
  1653608    355632 614504552  0.002  0.001   20.119   20.317    0    0  (Gen:  0)
  1778944    336232 614666880  0.002  0.001   20.122   20.319    0    0  (Gen:  0)
  1704600    272120 614770384  0.001  0.001   20.125   20.320    0    0  (Gen:  0)
  1450376    157040 614823328  0.001  0.000   20.129   20.321    0    0  (Gen:  0)
  1356024     79016 614850192  0.001  0.000   20.131   20.323    0    0  (Gen:  0)
  1788856     86000 614913824  0.000  0.000   20.134   20.324    0    0  (Gen:  0)
  1955368     68280 614947368  0.000  0.000   20.136   20.325    0    0  (Gen:  0)
  1996984    159104 615065920  0.001  0.000   20.139   20.326    0    0  (Gen:  0)
  1607448     78464 615086232  0.000  0.000   20.141   20.327    0    0  (Gen:  0)
  1763992    168832 615234816  0.001  0.000   20.144   20.328    0    0  (Gen:  0)
  1543368    319776 615399880  0.002  0.001   20.147   20.329    0    0  (Gen:  0)
  1494240    331232 615562640  0.002  0.001   20.150   20.330    0    0  (Gen:  0)
  1569024    332552 615724688  0.002  0.001   20.153   20.331    0    0  (Gen:  0)
  1450616    343128 615898088  0.002  0.001   20.156   20.332    0    0  (Gen:  0)
  1207544    410176 616129776  0.003  0.001   20.160   20.334    0    0  (Gen:  0)
  1347840    441200 616333152  0.003  0.001   20.163   20.335    0    0  (Gen:  0)
  1431592    364944 616542664  0.002  0.001   20.166   20.336    0    0  (Gen:  0)
  1440032    424328 616751952  0.002  0.001   20.170   20.337    0    0  (Gen:  0)
  1440440    428024 616966888  0.002  0.001   20.173   20.338    0    0  (Gen:  0)
  1462008    430464 617182016  0.002  0.001   20.176   20.339    0    0  (Gen:  0)
  1532032    602544 617563720  0.003  0.001   20.180   20.341    0    0  (Gen:  0)
  1546376    564304 617941600  0.003  0.001   20.185   20.342    0    0  (Gen:  0)
  1847632    355472 618223072  0.002  0.000   20.188   20.344    0    0  (Gen:  0)
  1855472    603928 618611848  0.003  0.001   20.192   20.345    0    0  (Gen:  0)
  1858280    593824 619016976  0.003  0.001   20.197   20.347    0    0  (Gen:  0)
  1832544    602048 619435728  0.003  0.001   20.201   20.349    0    0  (Gen:  0)
  1799360    602688 619848936  0.003  0.001   20.206   20.350    0    0  (Gen:  0)
  1937736    501752 620156360  0.002  0.001   20.210   20.352    0    0  (Gen:  0)
  1940728    383200 620371688  0.002  0.001   20.214   20.353    0    0  (Gen:  0)
  1982336    398904 620598224  0.001  0.001   20.217   20.355    0    0  (Gen:  0)
  1920368    394208 620819624  0.001  0.001   20.221   20.356    0    0  (Gen:  0)
  1877200    318128 620967640  0.001  0.000   20.225   20.358    0    0  (Gen:  0)
  1866408    251424 621121280  0.001  0.000   20.228   20.359    0    0  (Gen:  0)
  1868304    252880 621274376  0.001  0.000   20.232   20.361    0    0  (Gen:  0)
  2354184    465504 621641816  0.002  0.001   20.236   20.362    0    0  (Gen:  0)
  1745240    423248 621794888  0.002  0.001   20.241   20.364    0    0  (Gen:  0)
  1528792    697512 622228584  0.004  0.001   20.246   20.366    0    0  (Gen:  0)
  1708032    671664 622612920  0.004  0.001   20.252   20.368    0    0  (Gen:  0)
  1793560    467080 622765224  0.002  0.001   20.255   20.369    0    0  (Gen:  0)
  1899488    539328 623135176  0.002  0.001   20.258   20.370    0    0  (Gen:  0)
  1724632    465856 623421472  0.002  0.001   20.262   20.372    0    0  (Gen:  0)
  1632192    470536 623645504  0.002  0.001   20.265   20.373    0    0  (Gen:  0)
  1331312    358360 623799592  0.002  0.001   20.268   20.374    0    0  (Gen:  0)
  1552288    354456 623974200  0.002  0.001   20.272   20.375    0    0  (Gen:  0)
  1581024    416016 624273504  0.002  0.001   20.275   20.376    0    0  (Gen:  0)
  2501536    785560 624819240  0.003  0.001   20.279   20.377    0    0  (Gen:  0)
  2432416    815208 625246592  0.003  0.001   20.283   20.379    0    0  (Gen:  0)
  2444944    848112 625658776  0.004  0.001   20.288   20.380    0    0  (Gen:  0)
  2616544   1142288 626466320  0.007  0.002   20.296   20.382    0    0  (Gen:  0)
  2398376    502160 626819272  0.003  0.001   20.301   20.383    0    0  (Gen:  0)
  1983232    505560 627093048  0.005  0.001   20.307   20.385    0    0  (Gen:  0)
  2264600    508424 627422808  0.003  0.001   20.313   20.387    0    0  (Gen:  0)
  2657336    704784 627921408  0.004  0.001   20.320   20.389    0    0  (Gen:  0)
  2361448    693032 628386088  0.004  0.001   20.327   20.390    0    0  (Gen:  0)
  2928552    695832 628850840  0.005  0.001   20.334   20.392    0    0  (Gen:  0)
  3107544    646216 629215016  0.002  0.001   20.340   20.394    0    0  (Gen:  0)
  3630696    798608 629691856  0.006  0.001   20.347   20.396    0    0  (Gen:  0)
  3072928    673880 629984400  0.005  0.001   20.355   20.398    0    0  (Gen:  0)
  3737568    709392 630456184  0.005  0.001   20.362   20.400    0    0  (Gen:  0)
  3639064    864640 630908728  0.006  0.001   20.370   20.402    0    0  (Gen:  0)
  3787648    849368 631366896  0.006  0.001   20.377   20.404    0    0  (Gen:  0)
  4014848    803904 631772824  0.006  0.001   20.385   20.405    0    0  (Gen:  0)
  3420224    868984 632281480  0.002  0.001   20.392   20.407    0    0  (Gen:  0)
  2691464    729512 632667032  0.004  0.001   20.401   20.410    0    0  (Gen:  0)
  2889784    553776 632946152  0.003  0.001   20.407   20.411    0    0  (Gen:  0)
  3668104    743096 633438832  0.004  0.001   20.416   20.414    0    0  (Gen:  0)
  1808120    938688 633965256  0.005  0.001   20.422   20.415    0    0  (Gen:  0)
  2239200    986488 634428840  0.007  0.002   20.430   20.418    0    0  (Gen:  0)
  2820160    835904 634906712  0.005  0.001   20.439   20.420    0    0  (Gen:  0)
  2689432    890552 635385920  0.007  0.001   20.447   20.422    0    0  (Gen:  0)
  2512544    846344 635870128  0.006  0.001   20.454   20.424    0    0  (Gen:  0)
  2885000    761680 636292752  0.005  0.001   20.462   20.426    0    0  (Gen:  0)
  3659376    994608 636941344  0.004  0.001   20.469   20.429    0    0  (Gen:  0)
  2916720   1028736 637422288  0.005  0.001   20.477   20.430    0    0  (Gen:  0)
  3324736   1098168 638074552  0.006  0.001   20.485   20.433    0    0  (Gen:  0)
  3130896   1023968 638557216  0.004  0.001   20.492   20.434    0    0  (Gen:  0)
  2840152    894728 639079408  0.006  0.001   20.499   20.436    0    0  (Gen:  0)
  2643704    693728 639397536  0.003  0.001   20.505   20.438    0    0  (Gen:  0)
  2618944    738080 639831960  0.005  0.001   20.511   20.440    0    0  (Gen:  0)
  2618824    890440 640306648  0.006  0.001   20.518   20.442    0    0  (Gen:  0)
  2454832    836008 640736072  0.006  0.001   20.525   20.444    0    0  (Gen:  0)
  2589888    635896 641005872  0.005  0.001   20.531   20.445    0    0  (Gen:  0)
  2992304    624328 641367296  0.004  0.001   20.536   20.447    0    0  (Gen:  0)
  3026376    525152 641649840  0.003  0.000   20.541   20.448    0    0  (Gen:  0)
  2716168    612192 642005304  0.002  0.001   20.545   20.449    0    0  (Gen:  0)
  2611784    758120 642419960  0.004  0.001   20.550   20.451    0    0  (Gen:  0)
  2206408    692192 642721648  0.002  0.001   20.555   20.452    0    0  (Gen:  0)
  2452544    626528 643051432  0.003  0.001   20.560   20.453    0    0  (Gen:  0)
  1762088    574176 643308752  0.003  0.001   20.564   20.454    0    0  (Gen:  0)
  1985408    505632 643590848  0.003  0.001   20.569   20.455    0    0  (Gen:  0)
  2173632    502520 643845128  0.002  0.000   20.572   20.456    0    0  (Gen:  0)
  2041200    394488 644104872  0.003  0.000   20.576   20.457    0    0  (Gen:  0)
  2235200    379584 644286888  0.002  0.000   20.580   20.458    0    0  (Gen:  0)
  1703464    320816 644444168  0.003  0.000   20.584   20.459    0    0  (Gen:  0)
  2316408    464840 644760352  0.003  0.000   20.588   20.460    0    0  (Gen:  0)
  2340440    522272 645025008  0.003  0.000   20.591   20.461    0    0  (Gen:  0)
  2645968    490392 645252312  0.003  0.000   20.595   20.462    0    0  (Gen:  0)
  2413744    420632 645449856  0.003  0.000   20.599   20.463    0    0  (Gen:  0)
  2310520    383064 645628888  0.003  0.000   20.603   20.464    0    0  (Gen:  0)
  2518424    439640 645887312  0.003  0.000   20.606   20.465    0    0  (Gen:  0)
  2459760    491984 646133192  0.003  0.000   20.610   20.466    0    0  (Gen:  0)
  2372880    508528 646379136  0.003  0.000   20.614   20.467    0    0  (Gen:  0)
  2628424    599464 646720792  0.003  0.000   20.618   20.469    0    0  (Gen:  0)
  2705496    396184 646906336  0.003  0.000   20.622   20.470    0    0  (Gen:  0)
  2239848    396232 647132784  0.003  0.000   20.626   20.471    0    0  (Gen:  0)
  2438512    530624 647440184  0.003  0.000   20.630   20.472    0    0  (Gen:  0)
  2525104    598984 647754720  0.001  0.000   20.634   20.473    0    0  (Gen:  0)
  2256472    442872 647984224  0.002  0.000   20.638   20.474    0    0  (Gen:  0)
  2226248    433096 648200280  0.002  0.000   20.642   20.475    0    0  (Gen:  0)
  2084128    415216 648410160  0.003  0.000   20.646   20.476    0    0  (Gen:  0)
  2128672    402544 648615840  0.003  0.000   20.650   20.477    0    0  (Gen:  0)
  2152920    387104 648810536  0.002  0.000   20.653   20.478    0    0  (Gen:  0)
  2550392    443792 649065488  0.002  0.000   20.658   20.479    0    0  (Gen:  0)
  2329656    402816 649241672  0.003  0.000   20.662   20.480    0    0  (Gen:  0)
  1820576    366520 649427616  0.003  0.000   20.666   20.481    0    0  (Gen:  0)
  1869264    365032 649606720  0.003  0.000   20.670   20.482    0    0  (Gen:  0)
  2153840    452000 649877512  0.003  0.000   20.674   20.483    0    0  (Gen:  0)
  2270936    572856 650218384  0.003  0.001   20.677   20.484    0    0  (Gen:  0)
  2737904    670808 650577544  0.004  0.001   20.683   20.486    0    0  (Gen:  0)
  2729688    695216 650937120  0.004  0.001   20.688   20.487    0    0  (Gen:  0)
  2449544    686448 651294928  0.004  0.001   20.693   20.489    0    0  (Gen:  0)
  3013904    882128 651878392  0.002  0.001   20.698   20.490    0    0  (Gen:  0)
  2637096    594744 651936344  0.003  0.001   20.704   20.492    0    0  (Gen:  0)
  2551560    637336 652304216  0.003  0.001   20.708   20.493    0    0  (Gen:  0)
  2391232    662512 652632760  0.003  0.001   20.713   20.494    0    0  (Gen:  0)
  2808488    704640 653035312  0.004  0.001   20.718   20.496    0    0  (Gen:  0)
  2697984    567576 653229672  0.003  0.000   20.723   20.497    0    0  (Gen:  0)
  3001888    635232 653660832  0.002  0.001   20.727   20.498    0    0  (Gen:  0)
  2652888    502320 653951336  0.003  0.000   20.732   20.499    0    0  (Gen:  0)
  2494080    473296 654164520  0.002  0.000   20.736   20.500    0    0  (Gen:  0)
  2017080    387840 654341568  0.001  0.000   20.739   20.501    0    0  (Gen:  0)
  2580280    537800 654699160  0.003  0.000   20.744   20.502    0    0  (Gen:  0)
  2555480    632760 654986256  0.003  0.000   20.747   20.503    0    0  (Gen:  0)
  2732288    588768 655303888  0.004  0.000   20.752   20.505    0    0  (Gen:  0)
  2369488    572360 655587648  0.002  0.001   20.757   20.506    0    0  (Gen:  0)
  2576672    570480 655895936  0.004  0.001   20.762   20.507    0    0  (Gen:  0)
  2523000    630144 656233832  0.004  0.001   20.767   20.509    0    0  (Gen:  0)
  2417264    628864 656554624  0.002  0.001   20.772   20.510    0    0  (Gen:  0)
  2844696    659536 656917648  0.003  0.001   20.777   20.511    0    0  (Gen:  0)
  2856496    525184 657211000  0.002  0.001   20.782   20.513    0    0  (Gen:  0)
  2247336    331240 657372184  0.001  0.000   20.786   20.514    0    0  (Gen:  0)
  2044216    432368 657652288  0.002  0.000   20.789   20.515    0    0  (Gen:  0)
  2012112    509408 657884744  0.001  0.000   20.792   20.516    0    0  (Gen:  0)
  1899376    355896 658019176  0.001  0.000   20.796   20.517    0    0  (Gen:  0)
  2143392    292936 658176808  0.001  0.000   20.799   20.518    0    0  (Gen:  0)
  1984288    345952 658363560  0.001  0.000   20.803   20.519    0    0  (Gen:  0)
  2357736    472736 658639808  0.001  0.000   20.806   20.520    0    0  (Gen:  0)
  2081168    303376 658780488  0.001  0.000   20.809   20.521    0    0  (Gen:  0)
  1554976    325016 658967336  0.001  0.000   20.812   20.522    0    0  (Gen:  0)
  1796184    443144 659243056  0.001  0.001   20.815   20.523    0    0  (Gen:  0)
  1699624    535912 659533192  0.002  0.001   20.818   20.525    0    0  (Gen:  0)
  1676712    545392 659820192  0.002  0.001   20.822   20.526    0    0  (Gen:  0)
  1839632    545848 660103504  0.002  0.001   20.826   20.527    0    0  (Gen:  0)
  2050552    550720 660392984  0.002  0.001   20.829   20.529    0    0  (Gen:  0)
  1620224    297064 660543568  0.001  0.000   20.832   20.530    0    0  (Gen:  0)
  1555336    280272 660714888  0.001  0.000   20.835   20.531    0    0  (Gen:  0)
  2328904    551296 661163440  0.002  0.000   20.838   20.532    0    0  (Gen:  0)
  2490080    758832 661506520  0.001  0.001   20.841   20.533    0    0  (Gen:  0)
  2133368    534160 661695512  0.002  0.000   20.846   20.534    0    0  (Gen:  0)
  1810816    341320 661854888  0.001  0.000   20.849   20.535    0    0  (Gen:  0)
  1759472    386448 662077640  0.001  0.000   20.852   20.536    0    0  (Gen:  0)
  1825248    414120 662296944  0.002  0.000   20.856   20.537    0    0  (Gen:  0)
  1869584    318016 662471904  0.001  0.000   20.859   20.538    0    0  (Gen:  0)
  1252056    295560 662600144  0.001  0.000   20.862   20.539    0    0  (Gen:  0)
  1534864    274976 662747272  0.001  0.000   20.864   20.540    0    0  (Gen:  0)
  1523376    319704 662919216  0.001  0.000   20.867   20.541    0    0  (Gen:  0)
  1577688    331872 663081368  0.001  0.000   20.870   20.542    0    0  (Gen:  0)
  1506056    316808 663233248  0.001  0.000   20.872   20.543    0    0  (Gen:  0)
  1567920    348152 663456336  0.001  0.000   20.875   20.544    0    0  (Gen:  0)
  1488536    378352 663648240  0.001  0.000   20.877   20.545    0    0  (Gen:  0)
  1497808    367680 663826272  0.001  0.000   20.880   20.546    0    0  (Gen:  0)
  1538664    354288 664005400  0.001  0.000   20.883   20.547    0    0  (Gen:  0)
  1522744    349456 664177376  0.001  0.000   20.886   20.548    0    0  (Gen:  0)
  1546952    347928 664353920  0.001  0.000   20.888   20.549    0    0  (Gen:  0)
  1629064    355496 664569096  0.001  0.000   20.891   20.550    0    0  (Gen:  0)
  1537032    353760 664742712  0.001  0.000   20.894   20.551    0    0  (Gen:  0)
  1533232    344800 664915448  0.001  0.000   20.896   20.552    0    0  (Gen:  0)
  1540536    346928 665091400  0.001  0.000   20.899   20.553    0    0  (Gen:  0)
  1496424    340864 665259120  0.001  0.000   20.902   20.554    0    0  (Gen:  0)
  1429080    345552 665436888  0.001  0.000   20.904   20.555    0    0  (Gen:  0)
  1143248    298472 665560072  0.001  0.000   20.907   20.556    0    0  (Gen:  0)
  1176928    250448 665686936  0.001  0.000   20.909   20.557    0    0  (Gen:  0)
  1381776    263816 665828240  0.001  0.000   20.912   20.558    0    0  (Gen:  0)
  1428432    272256 665969008  0.001  0.000   20.915   20.559    0    0  (Gen:  0)
  1432080    275984 666110992  0.001  0.000   20.917   20.560    0    0  (Gen:  0)
  1423192    276352 666251664  0.001  0.000   20.920   20.562    0    0  (Gen:  0)
  1389680    261792 666378688  0.001  0.000   20.922   20.563    0    0  (Gen:  0)
  1669160    401680 666653672  0.001  0.000   20.925   20.564    0    0  (Gen:  0)
  1737888    539152 666980376  0.002  0.001   20.928   20.565    0    0  (Gen:  0)
  1723568    559064 667281696  0.002  0.001   20.932   20.566    0    0  (Gen:  0)
  1998064    514824 667519880  0.001  0.001   20.936   20.568    0    0  (Gen:  0)
  1665008    366880 667763768  0.001  0.000   20.939   20.569    0    0  (Gen:  0)
  1582776    279192 667871496  0.001  0.000   20.941   20.570    0    0  (Gen:  0)
  1495952    321728 668104416  0.001  0.000   20.944   20.571    0    0  (Gen:  0)
  1771440    475968 668380288  0.001  0.000   20.946   20.572    0    0  (Gen:  0)
  1421904    427488 668534192  0.001  0.000   20.950   20.573    0    0  (Gen:  0)
  1390312    303840 668719520  0.001  0.000   20.952   20.574    0    0  (Gen:  0)
  1288696    294392 668868264  0.001  0.000   20.955   20.575    0    0  (Gen:  0)
  1254560    272072 669003416  0.001  0.000   20.958   20.576    0    0  (Gen:  0)
  1317264    295424 669157736  0.001  0.000   20.960   20.577    0    0  (Gen:  0)
  1509064    304216 669314016  0.001  0.000   20.963   20.578    0    0  (Gen:  0)
  1546656    347264 669504816  0.001  0.000   20.966   20.579    0    0  (Gen:  0)
  1482160    357136 669674544  0.001  0.000   20.968   20.580    0    0  (Gen:  0)
  1456120    343536 669847416  0.001  0.000   20.971   20.581    0    0  (Gen:  0)
  1542456    362440 670036720  0.001  0.000   20.974   20.582    0    0  (Gen:  0)
  1407720    349944 670195808  0.001  0.000   20.976   20.583    0    0  (Gen:  0)
  1647016    314192 670357704  0.001  0.000   20.979   20.584    0    0  (Gen:  0)
  1284720    290400 670486208  0.001  0.001   20.982   20.585    0    0  (Gen:  0)
  1153440    255328 670610456  0.001  0.000   20.984   20.586    0    0  (Gen:  0)
  1534664    268696 670753824  0.001  0.000   20.987   20.587    0    0  (Gen:  0)
  1678528    285744 670893096  0.001  0.000   20.989   20.589    0    0  (Gen:  0)
  1541872    279624 671024696  0.001  0.000   20.992   20.590    0    0  (Gen:  0)
  1721960    380296 671270592  0.001  0.000   20.995   20.591    0    0  (Gen:  0)
  1811584    536328 671581280  0.001  0.001   20.998   20.592    0    0  (Gen:  0)
  2534488    555344 671838520  0.002  0.001   21.003   20.593    0    0  (Gen:  0)
  1651032    296360 671968560  0.001  0.000   21.005   20.594    0    0  (Gen:  0)
  1292936    252096 672092200  0.001  0.000   21.007   20.595    0    0  (Gen:  0)
  1035488    244568 672212136  0.001  0.000   21.009   20.596    0    0  (Gen:  0)
  1035904    239336 672331056  0.001  0.000   21.011   20.597    0    0  (Gen:  0)
  1035040    236600 672448760  0.001  0.000   21.013   20.598    0    0  (Gen:  0)
  1037336    240864 672568120  0.001  0.000   21.015   20.599    0    0  (Gen:  0)
  1036120    238864 672687392  0.001  0.000   21.017   20.600    0    0  (Gen:  0)
  1033912    237624 672805152  0.001  0.000   21.019   20.601    0    0  (Gen:  0)
  1071088    241368 672958280  0.001  0.000   21.021   20.602    0    0  (Gen:  0)
  1036248    240912 673078224  0.001  0.000   21.023   20.603    0    0  (Gen:  0)
  1035328    238616 673197232  0.001  0.000   21.025   20.604    0    0  (Gen:  0)
  1035256    238032 673315560  0.001  0.000   21.027   20.605    0    0  (Gen:  0)
  1034904    240184 673434424  0.001  0.000   21.029   20.606    0    0  (Gen:  0)
  1034824    240448 673553864  0.001  0.000   21.031   20.607    0    0  (Gen:  0)
  1033288    240952 673675624  0.001  0.000   21.033   20.608    0    0  (Gen:  0)
  1035096    241544 673795384  0.001  0.000   21.035   20.609    0    0  (Gen:  0)
  1036344    243200 673916328  0.001  0.000   21.037   20.610    0    0  (Gen:  0)
  1034816    243400 674037632  0.001  0.000   21.039   20.611    0    0  (Gen:  0)
  1034312    241336 674158112  0.001  0.000   21.041   20.612    0    0  (Gen:  0)
  1035272    239680 674277040  0.001  0.000   21.043   20.613    0    0  (Gen:  0)
  1035912    243768 674398600  0.001  0.000   21.045   20.614    0    0  (Gen:  0)
  1147792    248888 674591192  0.001  0.000   21.047   20.615    0    0  (Gen:  0)
  1034544    245784 674709760  0.001  0.000   21.049   20.616    0    0  (Gen:  0)
  1036536    242992 674831256  0.001  0.000   21.051   20.618    0    0  (Gen:  0)
  1036600    243280 674953008  0.001  0.000   21.053   20.619    0    0  (Gen:  0)
  1035520    242416 675073352  0.001  0.000   21.055   20.620    0    0  (Gen:  0)
  1035080    240008 675192944  0.001  0.000   21.057   20.621    0    0  (Gen:  0)
  1034920    243888 675313824  0.001  0.000   21.059   20.622    0    0  (Gen:  0)
  1070520    241800 675467176  0.001  0.000   21.061   20.623    0    0  (Gen:  0)
  1035936    241512 675587336  0.001  0.000   21.063   20.624    0    0  (Gen:  0)
  1036216    244712 675708712  0.001  0.000   21.065   20.625    0    0  (Gen:  0)
  1034936    242320 675829680  0.001  0.000   21.067   20.626    0    0  (Gen:  0)
  1034584    240176 675948752  0.001  0.000   21.069   20.627    0    0  (Gen:  0)
  1036560    244368 676070632  0.001  0.000   21.071   20.628    0    0  (Gen:  0)
  1035144    242664 676191360  0.001  0.000   21.073   20.629    0    0  (Gen:  0)
  1035528    240776 676311176  0.001  0.000   21.075   20.630    0    0  (Gen:  0)
  1036816    241064 676428840  0.001  0.000   21.077   20.631    0    0  (Gen:  0)
  1071856    231872 676575000  0.001  0.000   21.079   20.632    0    0  (Gen:  0)
  1037064    231880 676687528  0.001  0.000   21.081   20.633    0    0  (Gen:  0)
  1035128    235912 676808200  0.001  0.000   21.083   20.634    0    0  (Gen:  0)
  1035056    237664 676927248  0.001  0.000   21.085   20.635    0    0  (Gen:  0)
  1035272    236448 677046704  0.001  0.000   21.087   20.636    0    0  (Gen:  0)
  1037504    236464 677166104  0.001  0.000   21.089   20.637    0    0  (Gen:  0)
  1035160    239592 677286280  0.001  0.000   21.091   20.638    0    0  (Gen:  0)
  1035072    236792 677407016  0.001  0.000   21.093   20.639    0    0  (Gen:  0)
  1036336    239768 677527416  0.001  0.000   21.095   20.640    0    0  (Gen:  0)
  1071608    240360 677680656  0.001  0.000   21.097   20.641    0    0  (Gen:  0)
  1035824    237736 677799224  0.001  0.000   21.099   20.642    0    0  (Gen:  0)
  1036824    238976 677919528  0.001  0.000   21.101   20.643    0    0  (Gen:  0)
  1035096    236384 678039200  0.001  0.000   21.103   20.644    0    0  (Gen:  0)
  1034680    238640 678158280  0.001  0.000   21.105   20.645    0    0  (Gen:  0)
  1034656    238096 678277784  0.001  0.000   21.107   20.647    0    0  (Gen:  0)
  1035600    239560 678398216  0.001  0.000   21.109   20.648    0    0  (Gen:  0)
  1035352    238448 678516792  0.001  0.000   21.111   20.649    0    0  (Gen:  0)
  1037096    237824 678637000  0.001  0.000   21.113   20.650    0    0  (Gen:  0)
  1035304    238200 678755600  0.001  0.000   21.115   20.651    0    0  (Gen:  0)
  1035960    240024 678876584  0.001  0.000   21.117   20.652    0    0  (Gen:  0)
  1036072    235976 678994744  0.001  0.000   21.119   20.653    0    0  (Gen:  0)
  1036312    238896 679113280  0.001  0.000   21.121   20.654    0    0  (Gen:  0)
  1036136    239856 679233448  0.001  0.000   21.123   20.655    0    0  (Gen:  0)
  1034544    241232 679355048  0.001  0.000   21.125   20.656    0    0  (Gen:  0)
  1036200    239168 679474640  0.001  0.000   21.127   20.657    0    0  (Gen:  0)
  1035280    240016 679595256  0.001  0.000   21.129   20.658    0    0  (Gen:  0)
  1037640    239432 679714400  0.001  0.000   21.131   20.659    0    0  (Gen:  0)
  1034024    238936 679834360  0.001  0.000   21.133   20.660    0    0  (Gen:  0)
  1036080    239624 679954568  0.001  0.000   21.135   20.661    0    0  (Gen:  0)
  1036824    239624 680074088  0.001  0.000   21.137   20.662    0    0  (Gen:  0)
  1034040    239872 680194976  0.001  0.000   21.139   20.663    0    0  (Gen:  0)
  1035352    237432 680312000  0.001  0.000   21.141   20.664    0    0  (Gen:  0)
  1034992    239896 680431880  0.001  0.000   21.143   20.665    0    0  (Gen:  0)
  1036496    240320 680552336  0.001  0.000   21.145   20.666    0    0  (Gen:  0)
  1035736    240128 680672504  0.001  0.000   21.147   20.667    0    0  (Gen:  0)
  1036192    240392 680792328  0.001  0.000   21.149   20.669    0    0  (Gen:  0)
  1033864    239936 680911952  0.001  0.000   21.151   20.670    0    0  (Gen:  0)
  1035800    239088 681030920  0.001  0.000   21.153   20.671    0    0  (Gen:  0)
  1036392    238168 681149512  0.001  0.000   21.155   20.672    0    0  (Gen:  0)
  1035856    237840 681268880  0.001  0.000   21.157   20.673    0    0  (Gen:  0)
  1078288    242000 681424632  0.001  0.000   21.160   20.674    0    0  (Gen:  0)
  1035544    241512 681543760  0.001  0.000   21.162   20.675    0    0  (Gen:  0)
  1035208    240984 681663208  0.001  0.000   21.164   20.676    0    0  (Gen:  0)
  1034880    242168 681784304  0.001  0.000   21.166   20.677    0    0  (Gen:  0)
  1035088    238856 681902120  0.001  0.000   21.168   20.678    0    0  (Gen:  0)
  1037488    234848 682018080  0.001  0.000   21.170   20.679    0    0  (Gen:  0)
  1035352    237384 682137232  0.001  0.000   21.172   20.680    0    0  (Gen:  0)
  1033752    239800 682256784  0.001  0.000   21.174   20.681    0    0  (Gen:  0)
  1036064    238440 682375752  0.001  0.000   21.176   20.682    0    0  (Gen:  0)
  1034536    238816 682495560  0.001  0.000   21.178   20.683    0    0  (Gen:  0)
  1034984    238688 682614680  0.001  0.000   21.180   20.684    0    0  (Gen:  0)
  1036336    237136 682732104  0.001  0.000   21.182   20.685    0    0  (Gen:  0)
  1035352    237904 682851464  0.001  0.000   21.184   20.687    0    0  (Gen:  0)
  1036472    238224 682970808  0.001  0.000   21.186   20.688    0    0  (Gen:  0)
  1036488    238696 683090496  0.001  0.000   21.189   20.689    0    0  (Gen:  0)
  1035648    240248 683211120  0.001  0.000   21.191   20.690    0    0  (Gen:  0)
  1035160    237712 683328688  0.001  0.000   21.193   20.691    0    0  (Gen:  0)
  1035728    238864 683448368  0.001  0.000   21.195   20.692    0    0  (Gen:  0)
  1035376    239768 683567360  0.001  0.000   21.197   20.693    0    0  (Gen:  0)
  1035528    238016 683685632  0.001  0.000   21.199   20.694    0    0  (Gen:  0)
  1699632    237040 683804656  0.001  0.000   21.201   20.695    0    0  (Gen:  0)
  1035968    238824 683925048  0.001  0.000   21.203   20.696    0    0  (Gen:  0)
  1034800    238912 684043544  0.001  0.000   21.205   20.697    0    0  (Gen:  0)
  1070168    242072 684197000  0.001  0.000   21.207   20.698    0    0  (Gen:  0)
  1033432    241688 684317192  0.001  0.000   21.209   20.700    0    0  (Gen:  0)
  1037464    241464 684437720  0.001  0.000   21.211   20.701    0    0  (Gen:  0)
  1035672    240976 684558272  0.001  0.000   21.213   20.702    0    0  (Gen:  0)
  1035072    238952 684677128  0.001  0.000   21.215   20.703    0    0  (Gen:  0)
  1035304    243112 684798768  0.001  0.000   21.217   20.704    0    0  (Gen:  0)
  1035632    241520 684918616  0.001  0.000   21.219   20.705    0    0  (Gen:  0)
  1035400    241000 685038616  0.001  0.000   21.222   20.706    0    0  (Gen:  0)
  1034968    240240 685159264  0.001  0.000   21.223   20.707    0    0  (Gen:  0)
  1034864    238520 685277576  0.001  0.000   21.226   20.708    0    0  (Gen:  0)
  1036152    239728 685395536  0.002  0.001   21.228   20.709    0    0  (Gen:  0)
  1034888    238768 685516144  0.002  0.000   21.231   20.710    0    0  (Gen:  0)
  1036264    239488 685634984  0.002  0.000   21.233   20.711    0    0  (Gen:  0)
  1033904    243480 685756640  0.002  0.000   21.235   20.712    0    0  (Gen:  0)
  1036048    241208 685876192  0.002  0.001   21.237   20.714    0    0  (Gen:  0)
  1036424    240584 685996600  0.002  0.000   21.240   20.715    0    0  (Gen:  0)
  1035952    238920 686115488  0.002  0.000   21.242   20.716    0    0  (Gen:  0)
  1036384    241400 686236608  0.001  0.000   21.244   20.717    0    0  (Gen:  0)
  1036080    242088 686355936  0.001  0.000   21.246   20.718    0    0  (Gen:  0)
  1036304    240456 686476456  0.001  0.000   21.248   20.719    0    0  (Gen:  0)
  1035368    238832 686595272  0.001  0.000   21.250   20.720    0    0  (Gen:  0)
  1035232    241912 686716496  0.001  0.000   21.252   20.721    0    0  (Gen:  0)
  1035528    241000 686835360  0.001  0.000   21.254   20.722    0    0  (Gen:  0)
  1036160    240288 686955944  0.001  0.000   21.256   20.723    0    0  (Gen:  0)
  1037200    238176 687073880  0.001  0.000   21.258   20.724    0    0  (Gen:  0)
  1036960    240712 687193128  0.001  0.000   21.260   20.725    0    0  (Gen:  0)
  1035864    239848 687313008  0.001  0.000   21.262   20.726    0    0  (Gen:  0)
  1036280    238952 687432432  0.001  0.000   21.264   20.727    0    0  (Gen:  0)
  1036176    244008 687554112  0.001  0.000   21.266   20.728    0    0  (Gen:  0)
  1034664    241512 687673296  0.001  0.000   21.268   20.729    0    0  (Gen:  0)
  1035096    239368 687792784  0.001  0.000   21.270   20.731    0    0  (Gen:  0)
  1036848    242280 687913984  0.001  0.000   21.272   20.732    0    0  (Gen:  0)
  1035504    242248 688033496  0.001  0.000   21.274   20.733    0    0  (Gen:  0)
  1035704    237992 688151832  0.001  0.000   21.276   20.734    0    0  (Gen:  0)
  1036272    241552 688273528  0.001  0.000   21.278   20.735    0    0  (Gen:  0)
  1035536    241560 688392384  0.001  0.000   21.280   20.736    0    0  (Gen:  0)
  1034584    240224 688513040  0.001  0.000   21.282   20.737    0    0  (Gen:  0)
  1036320    240024 688632856  0.001  0.000   21.284   20.738    0    0  (Gen:  0)
  1035672    242472 688752224  0.001  0.000   21.286   20.739    0    0  (Gen:  0)
  1037192    238776 688870800  0.001  0.000   21.288   20.740    0    0  (Gen:  0)
  1034904    241912 688992648  0.001  0.000   21.290   20.741    0    0  (Gen:  0)
  1035488    241592 689111352  0.001  0.000   21.292   20.742    0    0  (Gen:  0)
  1036928    234736 689226864  0.001  0.000   21.294   20.743    0    0  (Gen:  0)
  1036536    229800 689336088  0.001  0.000   21.296   20.744    0    0  (Gen:  0)
  1034960    234144 689456984  0.001  0.000   21.298   20.745    0    0  (Gen:  0)
  1034368    242728 689576480  0.001  0.000   21.300   20.746    0    0  (Gen:  0)
  1035712    239016 689696336  0.001  0.000   21.302   20.747    0    0  (Gen:  0)
  1036768    239264 689815544  0.001  0.000   21.304   20.748    0    0  (Gen:  0)
  1034768    237352 689934240  0.001  0.000   21.306   20.749    0    0  (Gen:  0)
  1036456    238040 690053984  0.001  0.000   21.308   20.750    0    0  (Gen:  0)
  1036312    238024 690172288  0.001  0.000   21.310   20.751    0    0  (Gen:  0)
  1035648    240840 690292176  0.001  0.000   21.312   20.752    0    0  (Gen:  0)
  1034864    240256 690412176  0.001  0.000   21.314   20.753    0    0  (Gen:  0)
  1036408    239024 690531056  0.001  0.000   21.316   20.754    0    0  (Gen:  0)
  1037064    239112 690651216  0.001  0.000   21.318   20.756    0    0  (Gen:  0)
  1034912    238032 690769504  0.001  0.000   21.320   20.757    0    0  (Gen:  0)
  1034664    240248 690888584  0.001  0.000   21.322   20.758    0    0  (Gen:  0)
  1036312    238024 691006368  0.001  0.000   21.324   20.759    0    0  (Gen:  0)
  1035728    237720 691125904  0.001  0.000   21.327   20.760    0    0  (Gen:  0)
  1035304    237968 691244696  0.001  0.000   21.329   20.761    0    0  (Gen:  0)
  1035648    240792 691363472  0.001  0.000   21.330   20.762    0    0  (Gen:  0)
  1035608    239480 691483352  0.001  0.000   21.332   20.763    0    0  (Gen:  0)
  1034560    241624 691604552  0.001  0.000   21.334   20.764    0    0  (Gen:  0)
  1036544    240080 691723888  0.001  0.000   21.336   20.765    0    0  (Gen:  0)
  1036888    242232 691844096  0.001  0.000   21.338   20.766    0    0  (Gen:  0)
  1036480    241296 691963992  0.001  0.000   21.340   20.767    0    0  (Gen:  0)
  1035504    241392 692085080  0.001  0.000   21.342   20.768    0    0  (Gen:  0)
  1036672    240232 692204576  0.001  0.000   21.344   20.769    0    0  (Gen:  0)
  1035072    242904 692324480  0.001  0.000   21.346   20.770    0    0  (Gen:  0)
  1036016    239320 692443952  0.001  0.000   21.348   20.771    0    0  (Gen:  0)
  1035640    238920 692563520  0.001  0.000   21.350   20.773    0    0  (Gen:  0)
  1035584    241944 692683968  0.001  0.000   21.352   20.774    0    0  (Gen:  0)
  1036872    240192 692802856  0.001  0.000   21.354   20.775    0    0  (Gen:  0)
  1038480    237920 692921976  0.001  0.000   21.356   20.776    0    0  (Gen:  0)
  1035504    239664 693039824  0.001  0.000   21.358   20.777    0    0  (Gen:  0)
  1036768    240240 693159624  0.001  0.000   21.360   20.778    0    0  (Gen:  0)
  1036448    238088 693277832  0.001  0.000   21.362   20.779    0    0  (Gen:  0)
  1036360    239944 693398704  0.001  0.000   21.364   20.780    0    0  (Gen:  0)
  1034912    241912 693517736  0.001  0.000   21.366   20.781    0    0  (Gen:  0)
  1036176    239264 693637816  0.001  0.000   21.368   20.782    0    0  (Gen:  0)
  1035568    238712 693756752  0.001  0.000   21.371   20.783    0    0  (Gen:  0)
  1035376    241120 693875272  0.001  0.000   21.373   20.784    0    0  (Gen:  0)
  1036408    239816 693996120  0.001  0.000   21.375   20.785    0    0  (Gen:  0)
  1034952    239864 694115560  0.001  0.000   21.377   20.786    0    0  (Gen:  0)
  1036728    242632 694235296  0.001  0.000   21.379   20.787    0    0  (Gen:  0)
  1036736    240928 694355696  0.001  0.000   21.381   20.788    0    0  (Gen:  0)
  1034144    239496 694474704  0.001  0.000   21.383   20.789    0    0  (Gen:  0)
  1036416    241904 694594424  0.001  0.000   21.385   20.790    0    0  (Gen:  0)
  1035128    240896 694714648  0.001  0.000   21.387   20.791    0    0  (Gen:  0)
  1035232    238584 694833416  0.001  0.000   21.389   20.792    0    0  (Gen:  0)
  1035072    239256 694950304  0.001  0.000   21.391   20.793    0    0  (Gen:  0)
  1036616    238344 695070560  0.001  0.000   21.393   20.794    0    0  (Gen:  0)
  1035448    238728 695189416  0.001  0.000   21.395   20.795    0    0  (Gen:  0)
  1035656    242696 695309584  0.001  0.000   21.397   20.797    0    0  (Gen:  0)
  1035592    238288 695427736  0.001  0.000   21.399   20.798    0    0  (Gen:  0)
  1035840    240656 695548640  0.001  0.000   21.401   20.799    0    0  (Gen:  0)
  1739520    248064 695674184  0.001  0.000   21.404   20.800    0    0  (Gen:  0)
  1035792    244480 695793032  0.001  0.000   21.406   20.801    0    0  (Gen:  0)
  1036280    242680 695914464  0.001  0.000   21.408   20.802    0    0  (Gen:  0)
  1036936    240416 696032992  0.001  0.000   21.410   20.803    0    0  (Gen:  0)
  1035664    239200 696152576  0.001  0.000   21.412   20.804    0    0  (Gen:  0)
  1036216    242136 696271664  0.001  0.000   21.414   20.805    0    0  (Gen:  0)
  1036792    240104 696391904  0.001  0.000   21.416   20.806    0    0  (Gen:  0)
  1035520    238712 696510864  0.001  0.000   21.418   20.807    0    0  (Gen:  0)
  1035128    243128 696631080  0.001  0.000   21.420   20.808    0    0  (Gen:  0)
  1036496    239840 696750384  0.001  0.000   21.422   20.809    0    0  (Gen:  0)
  1035240    242112 696869736  0.001  0.000   21.424   20.810    0    0  (Gen:  0)
  1036184    240784 696989952  0.001  0.000   21.426   20.811    0    0  (Gen:  0)
  1038072    238416 697108520  0.001  0.000   21.428   20.813    0    0  (Gen:  0)
  1036944    237472 697223512  0.001  0.000   21.430   20.813    0    0  (Gen:  0)
  1036888    236088 697340880  0.001  0.000   21.432   20.814    0    0  (Gen:  0)
  1036624    241440 697461632  0.001  0.000   21.434   20.816    0    0  (Gen:  0)
  1034264    239408 697580256  0.001  0.000   21.436   20.817    0    0  (Gen:  0)
  1036312    242880 697700992  0.001  0.000   21.438   20.818    0    0  (Gen:  0)
  1034992    241344 697821144  0.001  0.000   21.440   20.819    0    0  (Gen:  0)
  1035256    238304 697939672  0.001  0.000   21.442   20.820    0    0  (Gen:  0)
  1035864    242648 698060208  0.001  0.000   21.444   20.821    0    0  (Gen:  0)
  1035048    240016 698179584  0.001  0.000   21.446   20.822    0    0  (Gen:  0)
  1033976    238360 698298640  0.001  0.000   21.448   20.823    0    0  (Gen:  0)
  1034576    242432 698418264  0.001  0.000   21.450   20.824    0    0  (Gen:  0)
  1035448    240040 698538792  0.001  0.000   21.452   20.825    0    0  (Gen:  0)
  1034792    240128 698658936  0.001  0.000   21.454   20.826    0    0  (Gen:  0)
  1035904    242232 698778056  0.001  0.000   21.456   20.827    0    0  (Gen:  0)
  1035776    238160 698896616  0.001  0.000   21.458   20.828    0    0  (Gen:  0)
  1033992    242024 699016368  0.001  0.000   21.460   20.829    0    0  (Gen:  0)
  1034112    240160 699136584  0.001  0.000   21.462   20.830    0    0  (Gen:  0)
  1034904    238064 699254776  0.001  0.000   21.464   20.831    0    0  (Gen:  0)
  1035752    241296 699374040  0.001  0.000   21.466   20.832    0    0  (Gen:  0)
  1035312    238984 699493584  0.001  0.000   21.469   20.833    0    0  (Gen:  0)
  1036552    241504 699611976  0.001  0.000   21.471   20.835    0    0  (Gen:  0)
  1034800    239168 699731912  0.001  0.000   21.472   20.836    0    0  (Gen:  0)
  1035888    239704 699852040  0.001  0.000   21.475   20.837    0    0  (Gen:  0)
  1033616    242744 699970688  0.001  0.000   21.477   20.838    0    0  (Gen:  0)
  1036344    239200 700090440  0.001  0.000   21.479   20.839    0    0  (Gen:  0)
  1035616    242056 700209248  0.001  0.000   21.481   20.840    0    0  (Gen:  0)
  1034800    237960 700327536  0.001  0.000   21.483   20.841    0    0  (Gen:  0)
  1035672    241040 700449456  0.001  0.000   21.485   20.842    0    0  (Gen:  0)
  1035704    242416 700568008  0.001  0.000   21.487   20.843    0    0  (Gen:  0)
  1035328    237816 700686472  0.001  0.000   21.489   20.844    0    0  (Gen:  0)
  1034784    241648 700805600  0.001  0.000   21.491   20.845    0    0  (Gen:  0)
  1034952    238328 700925016  0.001  0.000   21.493   20.846    0    0  (Gen:  0)
  1035696    242352 701044664  0.001  0.000   21.495   20.847    0    0  (Gen:  0)
  1034008    239552 701164376  0.001  0.000   21.497   20.848    0    0  (Gen:  0)
  1034672    243992 701286984  0.001  0.000   21.499   20.849    0    0  (Gen:  0)
  1034688    244344 701407328  0.001  0.000   21.501   20.850    0    0  (Gen:  0)
  1036376    239880 701526728  0.001  0.000   21.503   20.851    0    0  (Gen:  0)
  1035608    245104 701648864  0.001  0.000   21.505   20.852    0    0  (Gen:  0)
  1036832    239216 701766256  0.001  0.000   21.507   20.853    0    0  (Gen:  0)
  1036136    240464 701884896  0.001  0.000   21.509   20.854    0    0  (Gen:  0)
  1035160    238152 702004312  0.001  0.000   21.511   20.856    0    0  (Gen:  0)
  1034768    243720 702124848  0.001  0.000   21.513   20.857    0    0  (Gen:  0)
  1035864    239968 702244624  0.001  0.000   21.515   20.858    0    0  (Gen:  0)
  1034144    243752 702365992  0.001  0.000   21.517   20.859    0    0  (Gen:  0)
  1035504    243272 702487328  0.001  0.000   21.519   20.860    0    0  (Gen:  0)
  1035720    241336 702607376  0.001  0.000   21.521   20.861    0    0  (Gen:  0)
  1035616    244256 702728064  0.001  0.000   21.523   20.862    0    0  (Gen:  0)
  1034392    240128 702847408  0.001  0.000   21.525   20.863    0    0  (Gen:  0)
  1034864    243688 702968112  0.001  0.000   21.527   20.864    0    0  (Gen:  0)
  1035264    240088 703087800  0.001  0.000   21.529   20.865    0    0  (Gen:  0)
  1036608    243056 703208168  0.001  0.000   21.532   20.866    0    0  (Gen:  0)
  1035712    240144 703327528  0.001  0.000   21.534   20.867    0    0  (Gen:  0)
  1035912    243224 703448704  0.001  0.000   21.536   20.868    0    0  (Gen:  0)
  1036352    242912 703569992  0.001  0.000   21.538   20.869    0    0  (Gen:  0)
  1033584    240672 703689776  0.001  0.000   21.540   20.870    0    0  (Gen:  0)
  1036104    243904 703810032  0.001  0.000   21.542   20.871    0    0  (Gen:  0)
  1035056    240096 703929168  0.001  0.000   21.544   20.872    0    0  (Gen:  0)
  1037312    244296 704050480  0.001  0.000   21.546   20.874    0    0  (Gen:  0)
  1034632    240056 704169384  0.001  0.000   21.548   20.875    0    0  (Gen:  0)
  1035752    244328 704290904  0.001  0.000   21.550   20.876    0    0  (Gen:  0)
  1036128    239424 704409136  0.001  0.000   21.552   20.877    0    0  (Gen:  0)
  1035096    242080 704528504  0.001  0.000   21.554   20.878    0    0  (Gen:  0)
  1036144    239048 704647960  0.001  0.000   21.556   20.879    0    0  (Gen:  0)
  1036400    243992 704768872  0.001  0.000   21.558   20.880    0    0  (Gen:  0)
  1035080    241264 704889480  0.001  0.000   21.560   20.881    0    0  (Gen:  0)
  1035960    244104 705009896  0.001  0.000   21.562   20.882    0    0  (Gen:  0)
  1036120    240936 705129928  0.001  0.000   21.564   20.883    0    0  (Gen:  0)
  1035728    244024 705250784  0.001  0.000   21.567   20.884    0    0  (Gen:  0)
  1035896    240936 705370232  0.001  0.000   21.569   20.885    0    0  (Gen:  0)
  1034952    242920 705490968  0.001  0.000   21.571   20.886    0    0  (Gen:  0)
  1036640    241392 705611056  0.001  0.000   21.573   20.887    0    0  (Gen:  0)
  1034464    242512 705731168  0.001  0.000   21.575   20.888    0    0  (Gen:  0)
  1035176    241184 705850616  0.001  0.000   21.577   20.889    0    0  (Gen:  0)
  1035520    241488 705970376  0.001  0.000   21.579   20.890    0    0  (Gen:  0)
  1035328    241632 706090536  0.001  0.000   21.581   20.891    0    0  (Gen:  0)
  1036696    243224 706211328  0.001  0.000   21.583   20.893    0    0  (Gen:  0)
  1035608    241792 706330904  0.001  0.000   21.585   20.894    0    0  (Gen:  0)
  1034752    242408 706451656  0.001  0.000   21.587   20.895    0    0  (Gen:  0)
  1035264    240392 706570408  0.001  0.000   21.589   20.896    0    0  (Gen:  0)
  1035296    241928 706691232  0.001  0.000   21.591   20.897    0    0  (Gen:  0)
  1035424    241424 706810496  0.001  0.000   21.593   20.898    0    0  (Gen:  0)
  1036080    242824 706931600  0.001  0.000   21.595   20.899    0    0  (Gen:  0)
  1037360    240984 707050744  0.001  0.000   21.597   20.900    0    0  (Gen:  0)
  1039192    283584 707212824  0.001  0.000   21.599   20.901    0    0  (Gen:  0)
  1040344    317960 707367568  0.001  0.000   21.601   20.902    0    0  (Gen:  0)
  1037040    278560 707487512  0.001  0.000   21.604   20.903    0    0  (Gen:  0)
  1038192    225432 707584088  0.001  0.000   21.606   20.904    0    0  (Gen:  0)
  1037584    223752 707693352  0.001  0.000   21.607   20.905    0    0  (Gen:  0)
  1038256    213136 707793224  0.001  0.000   21.609   20.906    0    0  (Gen:  0)
  1037048    228496 707916192  0.001  0.001   21.611   20.907    0    0  (Gen:  0)
  1688832    240456 708041912  0.001  0.000   21.613   20.908    0    0  (Gen:  0)
  1035104    243984 708166168  0.001  0.000   21.615   20.909    0    0  (Gen:  0)
  1035480    243744 708289216  0.001  0.000   21.617   20.910    0    0  (Gen:  0)
  1035280    244688 708413240  0.001  0.000   21.619   20.911    0    0  (Gen:  0)
  1034472    245712 708536776  0.001  0.000   21.621   20.912    0    0  (Gen:  0)
  1035680    242392 708657472  0.001  0.000   21.623   20.913    0    0  (Gen:  0)
  1035512    242624 708781056  0.001  0.000   21.625   20.914    0    0  (Gen:  0)
  1034592    243856 708902840  0.001  0.000   21.627   20.915    0    0  (Gen:  0)
  1034680    244104 709025608  0.001  0.000   21.629   20.916    0    0  (Gen:  0)
  1035320    243504 709146960  0.001  0.000   21.631   20.917    0    0  (Gen:  0)
  1034440    243336 709269520  0.001  0.000   21.633   20.918    0    0  (Gen:  0)
  1034224    243952 709391600  0.001  0.000   21.635   20.919    0    0  (Gen:  0)
  1035056    243464 709513504  0.001  0.000   21.637   20.920    0    0  (Gen:  0)
  1034808    244496 709635448  0.001  0.000   21.639   20.921    0    0  (Gen:  0)
  1034672    244784 709757816  0.001  0.000   21.641   20.922    0    0  (Gen:  0)
  1036824    244000 709879296  0.001  0.000   21.643   20.923    0    0  (Gen:  0)
  1036512    239864 709996024  0.001  0.000   21.645   20.924    0    0  (Gen:  0)
  1035184    240072 710119016  0.001  0.000   21.647   20.925    0    0  (Gen:  0)
  1034992    246208 710242600  0.001  0.000   21.649   20.926    0    0  (Gen:  0)
  1037120    245600 710365256  0.001  0.000   21.651   20.928    0    0  (Gen:  0)
  1036712    244856 710487976  0.001  0.000   21.653   20.929    0    0  (Gen:  0)
  1035432    245376 710610496  0.001  0.000   21.655   20.930    0    0  (Gen:  0)
  1036000    244384 710731544  0.001  0.000   21.657   20.931    0    0  (Gen:  0)
  1034872    242960 710853448  0.001  0.000   21.659   20.932    0    0  (Gen:  0)
  1035784    244272 710975504  0.001  0.000   21.661   20.933    0    0  (Gen:  0)
  1034800    244488 711097056  0.001  0.000   21.663   20.934    0    0  (Gen:  0)
  1035080    244064 711219256  0.001  0.000   21.665   20.935    0    0  (Gen:  0)
  1033592    244632 711340848  0.001  0.000   21.667   20.936    0    0  (Gen:  0)
  1036800    246280 711463928  0.001  0.000   21.669   20.937    0    0  (Gen:  0)
  1035752    245936 711585584  0.001  0.000   21.671   20.938    0    0  (Gen:  0)
  1036904    242608 711704720  0.001  0.000   21.673   20.939    0    0  (Gen:  0)
  1035800    243592 711827704  0.001  0.000   21.675   20.940    0    0  (Gen:  0)
  1035728    245672 711949264  0.001  0.000   21.677   20.941    0    0  (Gen:  0)
  1036568    245472 712071352  0.001  0.000   21.679   20.942    0    0  (Gen:  0)
  1035648    244184 712193264  0.001  0.000   21.682   20.943    0    0  (Gen:  0)
  1034488    243992 712314360  0.001  0.000   21.684   20.944    0    0  (Gen:  0)
  1036696    245328 712436920  0.001  0.000   21.686   20.945    0    0  (Gen:  0)
  1034224    246248 712559136  0.001  0.000   21.688   20.946    0    0  (Gen:  0)
  1035776    246456 712681504  0.001  0.000   21.690   20.948    0    0  (Gen:  0)
  1034824    243376 712801464  0.001  0.000   21.692   20.949    0    0  (Gen:  0)
  1036680    243784 712923424  0.001  0.000   21.694   20.950    0    0  (Gen:  0)
  1035408    245664 713045176  0.001  0.000   21.696   20.951    0    0  (Gen:  0)
  1035168    246120 713167536  0.001  0.000   21.698   20.952    0    0  (Gen:  0)
  1036584    244400 713289080  0.001  0.000   21.700   20.953    0    0  (Gen:  0)
  1036376    244600 713410576  0.001  0.000   21.702   20.954    0    0  (Gen:  0)
  1034736    245584 713532904  0.001  0.000   21.704   20.955    0    0  (Gen:  0)
  1035544    245104 713654688  0.001  0.000   21.706   20.956    0    0  (Gen:  0)
  1034872    245024 713776120  0.001  0.000   21.708   20.957    0    0  (Gen:  0)
  1036344    244952 713897704  0.001  0.000   21.710   20.958    0    0  (Gen:  0)
  1035312    245448 714019704  0.001  0.000   21.713   20.959    0    0  (Gen:  0)
  1037344    229792 714125696  0.001  0.000   21.714   20.960    0    0  (Gen:  0)
  1036272    230448 714247624  0.001  0.000   21.716   20.961    0    0  (Gen:  0)
  1035056    245608 714370512  0.001  0.000   21.718   20.962    0    0  (Gen:  0)
  1036152    246792 714493208  0.001  0.000   21.720   20.964    0    0  (Gen:  0)
  1036000    245032 714615312  0.001  0.000   21.722   20.965    0    0  (Gen:  0)
  1035536    245856 714738120  0.001  0.000   21.724   20.966    0    0  (Gen:  0)
  1035528    245272 714860416  0.001  0.000   21.726   20.967    0    0  (Gen:  0)
  1035008    245832 714983040  0.001  0.000   21.729   20.968    0    0  (Gen:  0)
  1035160    244592 715103456  0.001  0.000   21.731   20.969    0    0  (Gen:  0)
  1035608    244616 715225752  0.001  0.000   21.733   20.970    0    0  (Gen:  0)
  1035432    244664 715347200  0.001  0.000   21.735   20.972    0    0  (Gen:  0)
  1035408    245016 715469040  0.001  0.000   21.737   20.973    0    0  (Gen:  0)
  1037480    245088 715591408  0.001  0.000   21.739   20.974    0    0  (Gen:  0)
  1034888    245312 715713104  0.001  0.000   21.741   20.975    0    0  (Gen:  0)
  1033392    244992 715834736  0.001  0.000   21.743   20.976    0    0  (Gen:  0)
  1033552    245128 715956712  0.001  0.000   21.745   20.977    0    0  (Gen:  0)
  1035072    244376 716078424  0.001  0.000   21.747   20.978    0    0  (Gen:  0)
  1037160    241672 716196840  0.001  0.000   21.749   20.979    0    0  (Gen:  0)
  1035704    242752 716319416  0.001  0.000   21.751   20.980    0    0  (Gen:  0)
  1035480    245192 716440936  0.001  0.000   21.753   20.981    0    0  (Gen:  0)
  1034816    245064 716562528  0.001  0.000   21.756   20.982    0    0  (Gen:  0)
  1036440    244808 716684120  0.001  0.000   21.758   20.983    0    0  (Gen:  0)
  1036320    244984 716805552  0.001  0.000   21.760   20.985    0    0  (Gen:  0)
  1034104    244680 716926776  0.001  0.000   21.762   20.986    0    0  (Gen:  0)
  1035440    244864 717048664  0.001  0.000   21.764   20.987    0    0  (Gen:  0)
  1035160    245344 717170416  0.001  0.000   21.766   20.988    0    0  (Gen:  0)
  1035712    245824 717292840  0.001  0.000   21.768   20.989    0    0  (Gen:  0)
  1035856    243688 717413136  0.001  0.000   21.770   20.990    0    0  (Gen:  0)
  1034632    243528 717534512  0.001  0.000   21.772   20.991    0    0  (Gen:  0)
  1034272    244768 717656168  0.001  0.000   21.774   20.992    0    0  (Gen:  0)
  1034664    244904 717777576  0.001  0.000   21.776   20.993    0    0  (Gen:  0)
  1034896    244536 717898808  0.001  0.000   21.778   20.994    0    0  (Gen:  0)
  1034752    244856 718020728  0.001  0.000   21.780   20.995    0    0  (Gen:  0)
  1034856    245064 718142056  0.001  0.000   21.783   20.996    0    0  (Gen:  0)
  1034448    243936 718262776  0.001  0.000   21.784   20.998    0    0  (Gen:  0)
  1035136    244448 718384048  0.001  0.000   21.787   20.999    0    0  (Gen:  0)
  1035984    244800 718505832  0.001  0.000   21.789   21.000    0    0  (Gen:  0)
  1034536    244800 718626960  0.001  0.000   21.791   21.001    0    0  (Gen:  0)
  1035328    243600 718747760  0.001  0.000   21.793   21.002    0    0  (Gen:  0)
  1036792    243688 718867936  0.001  0.000   21.795   21.003    0    0  (Gen:  0)
  1036080    239072 718983360  0.001  0.000   21.797   21.004    0    0  (Gen:  0)
  1035120    240456 719104488  0.001  0.000   21.799   21.005    0    0  (Gen:  0)
  1035864    243808 719225496  0.001  0.000   21.801   21.006    0    0  (Gen:  0)
  1036280    244848 719347056  0.001  0.000   21.803   21.007    0    0  (Gen:  0)
  1035672    245288 719468664  0.001  0.000   21.805   21.008    0    0  (Gen:  0)
  1036832    244648 719589904  0.001  0.000   21.807   21.009    0    0  (Gen:  0)
  1034472    244728 719711192  0.001  0.000   21.809   21.010    0    0  (Gen:  0)
  1034392    244584 719832552  0.001  0.000   21.811   21.012    0    0  (Gen:  0)
  1690536    245072 719954296  0.001  0.000   21.814   21.013    0    0  (Gen:  0)
  1034224    245592 720076032  0.001  0.000   21.816   21.014    0    0  (Gen:  0)
  1036872    245240 720197504  0.001  0.000   21.818   21.015    0    0  (Gen:  0)
  1037288    243248 720317464  0.001  0.000   21.820   21.016    0    0  (Gen:  0)
  1033456    243088 720438728  0.001  0.000   21.822   21.017    0    0  (Gen:  0)
  1035960    243960 720559576  0.001  0.000   21.824   21.018    0    0  (Gen:  0)
  1034808    244664 720680936  0.001  0.000   21.826   21.019    0    0  (Gen:  0)
  1034584    244568 720802320  0.001  0.000   21.828   21.021    0    0  (Gen:  0)
  1034864    244048 720923344  0.001  0.000   21.830   21.022    0    0  (Gen:  0)
  1035272    243616 721044224  0.001  0.000   21.832   21.023    0    0  (Gen:  0)
  1035288    245160 721165312  0.001  0.000   21.835   21.024    0    0  (Gen:  0)
  1035568    244896 721286768  0.001  0.000   21.837   21.025    0    0  (Gen:  0)
  1035672    244984 721408248  0.001  0.000   21.839   21.026    0    0  (Gen:  0)
  1034448    244112 721529000  0.001  0.000   21.841   21.027    0    0  (Gen:  0)
  1036280    244760 721650320  0.001  0.000   21.843   21.028    0    0  (Gen:  0)
  1035040    244104 721771384  0.001  0.000   21.845   21.029    0    0  (Gen:  0)
  1035312    245480 721892608  0.001  0.000   21.847   21.030    0    0  (Gen:  0)
  1035528    242424 722011448  0.001  0.000   21.849   21.032    0    0  (Gen:  0)
  1035808    242040 722132504  0.001  0.000   21.851   21.033    0    0  (Gen:  0)
  1035568    245000 722253848  0.001  0.000   21.853   21.034    0    0  (Gen:  0)
  1035208    244184 722374920  0.001  0.000   21.854   21.035    0    0  (Gen:  0)
  1035536    243800 722495864  0.001  0.000   21.857   21.036    0    0  (Gen:  0)
  1034936    245648 722617152  0.001  0.000   21.859   21.037    0    0  (Gen:  0)
  1033384    245376 722739104  0.001  0.000   21.861   21.038    0    0  (Gen:  0)
  1035008    245752 722860744  0.001  0.000   21.863   21.039    0    0  (Gen:  0)
  1034736    246352 722983072  0.001  0.000   21.865   21.040    0    0  (Gen:  0)
  1035088    244848 723104176  0.001  0.000   21.867   21.041    0    0  (Gen:  0)
  1033616    246376 723226400  0.001  0.000   21.869   21.043    0    0  (Gen:  0)
  1035712    246816 723348896  0.001  0.000   21.871   21.044    0    0  (Gen:  0)
  1035840    245648 723470424  0.001  0.000   21.873   21.045    0    0  (Gen:  0)
  1035296    244952 723591488  0.001  0.000   21.875   21.046    0    0  (Gen:  0)
  1035768    245232 723712544  0.001  0.000   21.877   21.047    0    0  (Gen:  0)
  1034960    245560 723834872  0.001  0.000   21.880   21.048    0    0  (Gen:  0)
  1035384    245696 723956488  0.001  0.000   21.882   21.049    0    0  (Gen:  0)
  1037280    245472 724077984  0.001  0.000   21.884   21.050    0    0  (Gen:  0)
  1036352    246736 724200320  0.001  0.000   21.886   21.051    0    0  (Gen:  0)
  1037080    247296 724323080  0.001  0.000   21.888   21.052    0    0  (Gen:  0)
  1035184    245768 724444408  0.001  0.000   21.890   21.054    0    0  (Gen:  0)
  1033920    245176 724565784  0.001  0.000   21.892   21.055    0    0  (Gen:  0)
  1034992    245968 724687320  0.001  0.000   21.894   21.056    0    0  (Gen:  0)
  1035624    245424 724809000  0.001  0.000   21.896   21.057    0    0  (Gen:  0)
  1035448    245336 724930240  0.001  0.000   21.898   21.058    0    0  (Gen:  0)
  1035096    246016 725052328  0.001  0.000   21.900   21.059    0    0  (Gen:  0)
  1035808    247472 725174720  0.001  0.000   21.902   21.060    0    0  (Gen:  0)
  1034512    246304 725296592  0.001  0.000   21.904   21.061    0    0  (Gen:  0)
  1036216    245184 725417624  0.001  0.000   21.906   21.062    0    0  (Gen:  0)
  1036088    245440 725538992  0.001  0.000   21.909   21.063    0    0  (Gen:  0)
  1036848    224432 725640184  0.001  0.000   21.910   21.064    0    0  (Gen:  0)
  1035368    223824 725756568  0.001  0.000   21.912   21.065    0    0  (Gen:  0)
  1036112    240600 725878984  0.001  0.000   21.914   21.066    0    0  (Gen:  0)
  1035488    247056 726002208  0.001  0.000   21.916   21.068    0    0  (Gen:  0)
  1035704    244688 726124160  0.001  0.000   21.918   21.069    0    0  (Gen:  0)
  1034640    245016 726246656  0.001  0.000   21.921   21.070    0    0  (Gen:  0)
  1035384    245336 726369072  0.001  0.000   21.923   21.071    0    0  (Gen:  0)
  1035512    246336 726492080  0.001  0.000   21.925   21.072    0    0  (Gen:  0)
  1035184    244224 726612880  0.001  0.000   21.927   21.073    0    0  (Gen:  0)
  1034528    244920 726735320  0.001  0.000   21.929   21.074    0    0  (Gen:  0)
  1035768    245576 726857696  0.001  0.000   21.931   21.075    0    0  (Gen:  0)
  1035744    244912 726979528  0.001  0.000   21.933   21.076    0    0  (Gen:  0)
  1034712    245744 727101720  0.001  0.000   21.935   21.077    0    0  (Gen:  0)
  1034912    245592 727224200  0.001  0.000   21.937   21.078    0    0  (Gen:  0)
  1035704    245304 727346304  0.001  0.000   21.939   21.080    0    0  (Gen:  0)
  1035400    246104 727468792  0.001  0.000   21.942   21.081    0    0  (Gen:  0)
  1037048    246696 727591456  0.001  0.000   21.944   21.082    0    0  (Gen:  0)
  1035536    246720 727714200  0.001  0.000   21.946   21.083    0    0  (Gen:  0)
  1037224    243032 727833400  0.001  0.000   21.948   21.084    0    0  (Gen:  0)
  1035624    243912 727956272  0.001  0.000   21.950   21.085    0    0  (Gen:  0)
  1035544    245120 728077888  0.001  0.000   21.952   21.086    0    0  (Gen:  0)
  1034072    245520 728200040  0.001  0.000   21.954   21.087    0    0  (Gen:  0)
  1035360    245528 728321664  0.001  0.000   21.956   21.088    0    0  (Gen:  0)
  1034336    245256 728443872  0.001  0.000   21.958   21.090    0    0  (Gen:  0)
  1034256    245408 728565864  0.001  0.000   21.960   21.091    0    0  (Gen:  0)
  1036704    245752 728687920  0.001  0.000   21.963   21.092    0    0  (Gen:  0)
  1033744    245800 728809672  0.001  0.000   21.965   21.093    0    0  (Gen:  0)
  1034840    246224 728932096  0.001  0.000   21.967   21.094    0    0  (Gen:  0)
  1037632    244640 729052152  0.001  0.000   21.969   21.095    0    0  (Gen:  0)
  1034784    245312 729173904  0.001  0.000   21.971   21.096    0    0  (Gen:  0)
  1035736    245968 729296024  0.001  0.000   21.973   21.097    0    0  (Gen:  0)
  1036192    246576 729417864  0.001  0.000   21.975   21.098    0    0  (Gen:  0)
  1034960    247112 729540080  0.001  0.000   21.977   21.099    0    0  (Gen:  0)
  1035896    247624 729662240  0.001  0.000   21.979   21.101    0    0  (Gen:  0)
  1035944    246408 729783576  0.001  0.000   21.981   21.102    0    0  (Gen:  0)
  1036056    245792 729905448  0.001  0.000   21.983   21.103    0    0  (Gen:  0)
  1033632    245672 730027192  0.001  0.000   21.985   21.104    0    0  (Gen:  0)
  1035016    245712 730149032  0.001  0.000   21.988   21.105    0    0  (Gen:  0)
  1034048    245640 730270768  0.001  0.000   21.990   21.106    0    0  (Gen:  0)
  1037080    245440 730392312  0.001  0.000   21.992   21.107    0    0  (Gen:  0)
  1036296    239200 730507856  0.001  0.000   21.994   21.108    0    0  (Gen:  0)
  1035368    239488 730629728  0.001  0.000   21.996   21.109    0    0  (Gen:  0)
  1033680    244976 730751112  0.001  0.000   21.998   21.111    0    0  (Gen:  0)
  1035800    245040 730872984  0.001  0.000   22.000   21.112    0    0  (Gen:  0)
  1035592    244624 730994320  0.001  0.000   22.002   21.113    0    0  (Gen:  0)
  1562648    331824 731203648  0.001  0.001   22.005   21.114    0    0  (Gen:  0)
  1164136    246784 731239080  0.001  0.000   22.007   21.115    0    0  (Gen:  0)
  1034008    246080 731360800  0.001  0.000   22.009   21.116    0    0  (Gen:  0)
  1035368    245504 731482816  0.001  0.000   22.012   21.117    0    0  (Gen:  0)
  1035144    245800 731605008  0.001  0.000   22.014   21.119    0    0  (Gen:  0)
  1035536    245904 731727016  0.001  0.000   22.016   21.120    0    0  (Gen:  0)
  1036176    244504 731847952  0.001  0.000   22.018   21.121    0    0  (Gen:  0)
  1035104    244208 731969648  0.001  0.001   22.020   21.123    0    0  (Gen:  0)
  1036008    245624 732092016  0.001  0.000   22.022   21.124    0    0  (Gen:  0)
  1035032    244912 732213056  0.001  0.000   22.024   21.125    0    0  (Gen:  0)
  1034344    245736 732334920  0.001  0.000   22.026   21.126    0    0  (Gen:  0)
  1034848    246464 732457120  0.001  0.000   22.028   21.128    0    0  (Gen:  0)
  1034960    246120 732579136  0.001  0.000   22.030   21.129    0    0  (Gen:  0)
  1034088    244328 732699784  0.001  0.000   22.032   21.130    0    0  (Gen:  0)
  1035416    244544 732821448  0.001  0.000   22.035   21.131    0    0  (Gen:  0)
  1037312    245544 732943416  0.001  0.000   22.037   21.132    0    0  (Gen:  0)
  1037080    244848 733064688  0.001  0.000   22.039   21.133    0    0  (Gen:  0)
  1033808    245704 733186216  0.001  0.000   22.041   21.134    0    0  (Gen:  0)
  1037728    246904 733308552  0.001  0.000   22.043   21.135    0    0  (Gen:  0)
  1035480    245880 733430208  0.001  0.000   22.045   21.137    0    0  (Gen:  0)
  1035432    242832 733549288  0.001  0.000   22.047   21.138    0    0  (Gen:  0)
  1035272    242528 733670904  0.001  0.000   22.049   21.139    0    0  (Gen:  0)
  1035248    244440 733792200  0.001  0.000   22.052   21.140    0    0  (Gen:  0)
  1035360    245904 733913616  0.001  0.000   22.053   21.141    0    0  (Gen:  0)
  1035424    245224 734035264  0.001  0.000   22.055   21.142    0    0  (Gen:  0)
  1036320    244552 734156200  0.001  0.000   22.058   21.143    0    0  (Gen:  0)
  1036208    244992 734277712  0.001  0.000   22.060   21.144    0    0  (Gen:  0)
  1035592    244424 734398976  0.001  0.000   22.062   21.146    0    0  (Gen:  0)
  1036048    245736 734520976  0.001  0.000   22.064   21.147    0    0  (Gen:  0)
  1034656    247264 734642672  0.001  0.000   22.066   21.148    0    0  (Gen:  0)
  1034392    244720 734763720  0.001  0.000   22.068   21.149    0    0  (Gen:  0)
  1035704    245080 734885320  0.001  0.000   22.070   21.150    0    0  (Gen:  0)
  1034360    244160 735006184  0.001  0.000   22.072   21.151    0    0  (Gen:  0)
  1035168    245888 735127968  0.001  0.000   22.074   21.152    0    0  (Gen:  0)
  1035016    243768 735247616  0.001  0.000   22.076   21.153    0    0  (Gen:  0)
  1035552    243312 735369064  0.001  0.000   22.078   21.155    0    0  (Gen:  0)
  1035048    244328 735490088  0.001  0.000   22.081   21.156    0    0  (Gen:  0)
  1037832    246512 735612296  0.001  0.000   22.083   21.157    0    0  (Gen:  0)
  1035264    245896 735733848  0.001  0.000   22.085   21.158    0    0  (Gen:  0)
  1036184    245352 735855416  0.001  0.000   22.087   21.159    0    0  (Gen:  0)
  1035400    244376 735976520  0.001  0.000   22.089   21.160    0    0  (Gen:  0)
  1035800    245896 736098224  0.001  0.000   22.091   21.161    0    0  (Gen:  0)
  1037016    244960 736219184  0.001  0.000   22.093   21.162    0    0  (Gen:  0)
  1037192    245320 736341096  0.001  0.000   22.095   21.164    0    0  (Gen:  0)
  1035968    244944 736462216  0.001  0.000   22.097   21.165    0    0  (Gen:  0)
  1034864    244824 736583368  0.001  0.000   22.099   21.166    0    0  (Gen:  0)
  1034488    245408 736705176  0.001  0.000   22.101   21.167    0    0  (Gen:  0)
  1034968    245112 736826464  0.001  0.000   22.104   21.168    0    0  (Gen:  0)
  1035416    246616 736948528  0.001  0.000   22.106   21.169    0    0  (Gen:  0)
  1035696    245112 737069760  0.001  0.000   22.108   21.170    0    0  (Gen:  0)
  1035424    239720 737186200  0.001  0.000   22.110   21.171    0    0  (Gen:  0)
  1036608    232000 737298488  0.001  0.000   22.112   21.172    0    0  (Gen:  0)
  1035208    237080 737420088  0.001  0.000   22.114   21.174    0    0  (Gen:  0)
  1035848    245384 737542032  0.001  0.002   22.117   21.177    0    0  (Gen:  0)
  1035984    245456 737663872  0.001  0.000   22.118   21.178    0    0  (Gen:  0)
  1035448    245272 737785720  0.001  0.001   22.120   21.181    0    0  (Gen:  0)
  1036328    244928 737907240  0.001  0.000   22.122   21.182    0    0  (Gen:  0)
  1036360    244744 738028824  0.001  0.000   22.123   21.183    0    0  (Gen:  0)
  1034832    246016 738150280  0.001  0.000   22.125   21.185    0    0  (Gen:  0)
  1035016    245584 738271776  0.001  0.001   22.127   21.186    0    0  (Gen:  0)
  1036672    244696 738393240  0.001  0.000   22.129   21.187    0    0  (Gen:  0)
  1036160    245280 738514856  0.001  0.000   22.130   21.189    0    0  (Gen:  0)
  1035392    245248 738636720  0.001  0.000   22.132   21.190    0    0  (Gen:  0)
  1036280    243896 738756968  0.001  0.000   22.134   21.191    0    0  (Gen:  0)
  1036736    243304 738878168  0.001  0.000   22.136   21.192    0    0  (Gen:  0)
  1034832    246408 739000080  0.001  0.000   22.138   21.193    0    0  (Gen:  0)
  1036152    245400 739121680  0.001  0.000   22.140   21.194    0    0  (Gen:  0)
  1036552    245072 739243048  0.001  0.000   22.142   21.195    0    0  (Gen:  0)
  1035136    244912 739364712  0.001  0.000   22.144   21.197    0    0  (Gen:  0)
  1035280    244656 739485912  0.001  0.000   22.146   21.198    0    0  (Gen:  0)
  1034744    246176 739607720  0.001  0.000   22.148   21.199    0    0  (Gen:  0)
  1035304    244648 739728080  0.001  0.000   22.150   21.200    0    0  (Gen:  0)
  1035312    244008 739849496  0.001  0.000   22.153   21.201    0    0  (Gen:  0)
  1035608    245504 739971528  0.001  0.000   22.155   21.202    0    0  (Gen:  0)
  1035344    244584 740092384  0.001  0.000   22.157   21.203    0    0  (Gen:  0)
  1035440    245368 740213648  0.001  0.000   22.159   21.204    0    0  (Gen:  0)
  1036536    245192 740335208  0.001  0.000   22.161   21.205    0    0  (Gen:  0)
  1037008    245000 740456768  0.001  0.000   22.163   21.206    0    0  (Gen:  0)
  1035024    244112 740577848  0.001  0.000   22.165   21.207    0    0  (Gen:  0)
  1036240    242456 740695768  0.001  0.000   22.167   21.208    0    0  (Gen:  0)
  1035624    241800 740817304  0.001  0.000   22.169   21.209    0    0  (Gen:  0)
  1035640    244904 740938584  0.001  0.000   22.171   21.211    0    0  (Gen:  0)
  1035560    244128 741059504  0.001  0.000   22.173   21.212    0    0  (Gen:  0)
  1035712    245528 741180576  0.001  0.000   22.175   21.213    0    0  (Gen:  0)
  1035088    244824 741302104  0.001  0.000   22.177   21.214    0    0  (Gen:  0)
  1035816    246008 741424472  0.001  0.000   22.179   21.215    0    0  (Gen:  0)
  1035440    244896 741545464  0.001  0.000   22.181   21.216    0    0  (Gen:  0)
  1034352    245672 741667160  0.001  0.001   22.183   21.217    0    0  (Gen:  0)
  1035768    245624 741789104  0.001  0.000   22.184   21.218    0    0  (Gen:  0)
  1034704    245032 741910416  0.001  0.000   22.186   21.220    0    0  (Gen:  0)
  1691536    246920 742032960  0.001  0.000   22.189   21.221    0    0  (Gen:  0)
  1034912    246688 742154872  0.001  0.000   22.191   21.222    0    0  (Gen:  0)
  1035440    245704 742276368  0.001  0.000   22.193   21.223    0    0  (Gen:  0)
  1034152    244168 742397640  0.001  0.000   22.195   21.224    0    0  (Gen:  0)
  1035664    244872 742517992  0.001  0.000   22.197   21.225    0    0  (Gen:  0)
  1034576    244056 742639664  0.001  0.000   22.199   21.226    0    0  (Gen:  0)
  1035936    244992 742761224  0.001  0.000   22.201   21.227    0    0  (Gen:  0)
  1035200    246136 742882632  0.001  0.000   22.203   21.228    0    0  (Gen:  0)
  1034816    244720 743003912  0.001  0.000   22.205   21.229    0    0  (Gen:  0)
  1035024    244144 743124848  0.001  0.000   22.208   21.231    0    0  (Gen:  0)
  1036768    246008 743246608  0.001  0.000   22.209   21.232    0    0  (Gen:  0)
  1036088    246040 743368608  0.001  0.000   22.211   21.233    0    0  (Gen:  0)
  1034888    245360 743490048  0.001  0.000   22.213   21.234    0    0  (Gen:  0)
  1034544    245112 743610624  0.001  0.000   22.215   21.235    0    0  (Gen:  0)
  1034656    245080 743732608  0.001  0.000   22.217   21.237    0    0  (Gen:  0)
  1034376    245112 743853712  0.001  0.000   22.219   21.238    0    0  (Gen:  0)
  1036616    246168 743975560  0.001  0.000   22.221   21.239    0    0  (Gen:  0)
  1033840    245800 744097040  0.001  0.000   22.223   21.240    0    0  (Gen:  0)
  1036608    244504 744218208  0.001  0.000   22.225   21.241    0    0  (Gen:  0)
  1036568    246512 744340288  0.001  0.000   22.227   21.242    0    0  (Gen:  0)
  1035216    246008 744462104  0.001  0.000   22.230   21.243    0    0  (Gen:  0)
  1035392    244720 744583064  0.001  0.000   22.232   21.244    0    0  (Gen:  0)
  1036768    237848 744696704  0.001  0.000   22.234   21.245    0    0  (Gen:  0)
  1035640    237304 744817984  0.001  0.000   22.236   21.246    0    0  (Gen:  0)
  1034488    246192 744939712  0.001  0.000   22.238   21.247    0    0  (Gen:  0)
  1034608    245216 745061256  0.001  0.000   22.240   21.248    0    0  (Gen:  0)
  1034432    245032 745182480  0.001  0.000   22.242   21.249    0    0  (Gen:  0)
  1036224    244400 745303768  0.001  0.000   22.244   21.250    0    0  (Gen:  0)
  1034640    245832 745424952  0.001  0.000   22.246   21.252    0    0  (Gen:  0)
  1036408    244384 745545976  0.001  0.000   22.248   21.253    0    0  (Gen:  0)
  1036328    244624 745667544  0.001  0.000   22.250   21.254    0    0  (Gen:  0)
  1035472    245528 745788192  0.001  0.000   22.252   21.255    0    0  (Gen:  0)
  1035136    244824 745910096  0.001  0.000   22.254   21.256    0    0  (Gen:  0)
  1036352    245096 746031360  0.001  0.000   22.257   21.257    0    0  (Gen:  0)
  1036136    246024 746152792  0.001  0.000   22.259   21.258    0    0  (Gen:  0)
  1035024    245280 746274320  0.001  0.000   22.261   21.259    0    0  (Gen:  0)
  1035880    244456 746395504  0.001  0.000   22.263   21.260    0    0  (Gen:  0)
  1035184    245904 746517016  0.001  0.000   22.265   21.261    0    0  (Gen:  0)
  1035688    244640 746638072  0.001  0.000   22.267   21.262    0    0  (Gen:  0)
  1036512    244520 746758232  0.001  0.000   22.269   21.264    0    0  (Gen:  0)
  1036128    245024 746878992  0.001  0.000   22.271   21.265    0    0  (Gen:  0)
  1035496    244376 747000088  0.001  0.000   22.273   21.266    0    0  (Gen:  0)
  1034528    245144 747120984  0.001  0.000   22.275   21.267    0    0  (Gen:  0)
  1034488    244952 747242568  0.001  0.000   22.278   21.268    0    0  (Gen:  0)
  1034008    244368 747363480  0.001  0.000   22.280   21.269    0    0  (Gen:  0)
  1034504    245056 747484520  0.001  0.000   22.282   21.270    0    0  (Gen:  0)
  1036288    245032 747606408  0.001  0.000   22.284   21.271    0    0  (Gen:  0)
  1035728    245016 747727624  0.001  0.000   22.286   21.272    0    0  (Gen:  0)
  1036408    245128 747848152  0.001  0.000   22.288   21.273    0    0  (Gen:  0)
  1035072    244064 747969136  0.001  0.000   22.290   21.274    0    0  (Gen:  0)
  1034904    245408 748090304  0.001  0.000   22.292   21.275    0    0  (Gen:  0)
  1035520    244648 748211456  0.001  0.000   22.294   21.277    0    0  (Gen:  0)
  1036440    244480 748332832  0.001  0.000   22.296   21.278    0    0  (Gen:  0)
  1035080    245344 748453440  0.001  0.000   22.298   21.279    0    0  (Gen:  0)
  1034904    244144 748574416  0.001  0.000   22.300   21.280    0    0  (Gen:  0)
  1035064    245680 748695776  0.001  0.000   22.303   21.281    0    0  (Gen:  0)
  1035968    245216 748817248  0.001  0.000   22.305   21.282    0    0  (Gen:  0)
  1035344    244200 748938200  0.001  0.000   22.307   21.283    0    0  (Gen:  0)
  1037240    241648 749055552  0.001  0.001   22.309   21.285    0    0  (Gen:  0)
  1035800    240824 749176672  0.001  0.000   22.310   21.286    0    0  (Gen:  0)
  1035360    245624 749297792  0.001  0.000   22.313   21.287    0    0  (Gen:  0)
  1034760    244072 749418616  0.001  0.000   22.315   21.288    0    0  (Gen:  0)
  1035424    246216 749540504  0.001  0.000   22.317   21.289    0    0  (Gen:  0)
  1035568    244800 749660984  0.001  0.000   22.319   21.291    0    0  (Gen:  0)
  1034800    244128 749782112  0.001  0.000   22.321   21.292    0    0  (Gen:  0)
  1034256    245496 749903112  0.001  0.000   22.323   21.293    0    0  (Gen:  0)
  1035736    243968 750023984  0.001  0.000   22.325   21.294    0    0  (Gen:  0)
  1034808    245696 750145184  0.001  0.000   22.327   21.295    0    0  (Gen:  0)
  1035768    244248 750265704  0.001  0.000   22.329   21.296    0    0  (Gen:  0)
  1036008    243840 750386872  0.001  0.000   22.331   21.297    0    0  (Gen:  0)
  1034936    245536 750507784  0.001  0.000   22.333   21.298    0    0  (Gen:  0)
  1036192    244488 750628904  0.001  0.000   22.335   21.299    0    0  (Gen:  0)
  1034784    245648 750750024  0.001  0.000   22.337   21.300    0    0  (Gen:  0)
  1034624    243992 750870760  0.001  0.000   22.340   21.301    0    0  (Gen:  0)
  1035200    245080 750991624  0.001  0.000   22.342   21.303    0    0  (Gen:  0)
  1035192    244968 751112976  0.001  0.000   22.344   21.304    0    0  (Gen:  0)
  1036216    244392 751234040  0.001  0.000   22.346   21.305    0    0  (Gen:  0)
  1036592    245792 751355352  0.001  0.000   22.348   21.306    0    0  (Gen:  0)
  1034688    244920 751476384  0.001  0.000   22.350   21.307    0    0  (Gen:  0)
  1036752    243328 751595320  0.001  0.000   22.352   21.308    0    0  (Gen:  0)
  1036152    242696 751716592  0.001  0.000   22.354   21.309    0    0  (Gen:  0)
  1034456    245144 751837056  0.001  0.000   22.356   21.310    0    0  (Gen:  0)
  1034792    243744 751957992  0.001  0.000   22.358   21.311    0    0  (Gen:  0)
  1034864    245264 752078688  0.001  0.000   22.360   21.312    0    0  (Gen:  0)
  1035720    244064 752199592  0.001  0.000   22.362   21.313    0    0  (Gen:  0)
  1037136    245792 752321048  0.001  0.000   22.364   21.314    0    0  (Gen:  0)
  1033888    245648 752442336  0.001  0.000   22.366   21.315    0    0  (Gen:  0)
  1035048    244968 752563752  0.001  0.000   22.368   21.317    0    0  (Gen:  0)
  1036096    246176 752685288  0.001  0.000   22.370   21.318    0    0  (Gen:  0)
  1035360    245344 752806744  0.001  0.000   22.373   21.319    0    0  (Gen:  0)
  1035776    245176 752927320  0.001  0.000   22.375   21.320    0    0  (Gen:  0)
  1036096    244376 753048816  0.001  0.000   22.377   21.321    0    0  (Gen:  0)
  1690264    246792 753170816  0.001  0.000   22.379   21.322    0    0  (Gen:  0)
  1035248    244608 753291496  0.001  0.000   22.381   21.323    0    0  (Gen:  0)
  1034976    245456 753412880  0.001  0.000   22.383   21.324    0    0  (Gen:  0)
  1034744    244840 753534016  0.001  0.000   22.385   21.326    0    0  (Gen:  0)
  1033336    245760 753655088  0.001  0.000   22.388   21.327    0    0  (Gen:  0)
  1035816    244264 753775848  0.001  0.000   22.390   21.328    0    0  (Gen:  0)
  1034792    245784 753897504  0.001  0.000   22.392   21.329    0    0  (Gen:  0)
  1034848    244712 754018304  0.001  0.000   22.394   21.330    0    0  (Gen:  0)
  1039872    319296 754213400  0.001  0.000   22.396   21.331    0    0  (Gen:  0)
  1043112    274272 754306256  0.001  0.000   22.398   21.332    0    0  (Gen:  0)
  1036984    236016 754455336  0.001  0.000   22.399   21.333    0    0  (Gen:  0)
  1040176    252064 754669736  0.001  0.000   22.401   21.334    0    0  (Gen:  0)
  1041176    398440 754986240  0.001  0.000   22.402   21.334    0    0  (Gen:  0)
  1039448    357464 755172584  0.001  0.000   22.404   21.335    0    0  (Gen:  0)
  1038552    270808 755287704  0.001  0.000   22.406   21.336    0    0  (Gen:  0)
  1026760    274384 755557960  0.001  0.000   22.408   21.337    0    0  (Gen:  0)
  1034712    295912 755846672  0.002  0.001   22.411   21.338    0    0  (Gen:  0)
  1040728    290168 756127360  0.002  0.001   22.414   21.339    0    0  (Gen:  0)
  1026432    212440 756331840  0.001  0.000   22.416   21.340    0    0  (Gen:  0)
   901600     36920 756340240  0.000  0.000   22.416   21.341    0    0  (Gen:  0)
   901600     42512 756359840  0.000  0.000   22.417   21.341    0    0  (Gen:  0)
  1259968    218144 756646496  0.001  0.000   22.419   21.342    0    0  (Gen:  0)
  1662776    119304 756504296  0.001  0.000   22.422   21.344    0    0  (Gen:  0)
  1124936    152232 756584512  0.000  0.000   22.423   21.345    0    0  (Gen:  0)
  1720504    299592 756851240  0.001  0.000   22.426   21.347    0    0  (Gen:  0)
  1035104    411696 757022432  0.002  0.001   22.428   21.349    0    0  (Gen:  0)
  1027664    151432 757107936  0.001  0.000   22.431   21.351    0    0  (Gen:  0)
  1032048    160328 757179768  0.001  0.000   22.435   21.353    0    0  (Gen:  0)
  1036704    127272 757238512  0.001  0.000   22.437   21.355    0    0  (Gen:  0)
  1036232    215456 757373384  0.001  0.000   22.439   21.356    0    0  (Gen:  0)
  1037784    159600 757437080  0.001  0.000   22.442   21.358    0    0  (Gen:  0)
  1032760    144768 757534456  0.001  0.000   22.444   21.359    0    0  (Gen:  0)
  1032496    247928 757676560  0.001  0.000   22.447   21.361    0    0  (Gen:  0)
  1032800    311080 757840064  0.001  0.001   22.450   21.363    0    0  (Gen:  0)
  1038160    301568 757971888  0.002  0.001   22.453   21.365    0    0  (Gen:  0)
  1034432    263440 758096168  0.002  0.000   22.457   21.366    0    0  (Gen:  0)
  1036160    273664 758238008  0.001  0.000   22.459   21.368    0    0  (Gen:  0)
  1032880    301112 758391984  0.002  0.000   22.462   21.369    0    0  (Gen:  0)
  1035184    311024 758542816  0.002  0.001   22.465   21.371    0    0  (Gen:  0)
  1038568    255680 758643504  0.001  0.001   22.468   21.373    0    0  (Gen:  0)
  1040128    168952 758702880  0.001  0.000   22.471   21.374    0    0  (Gen:  0)
  1040464     95440 758730752  0.001  0.000   22.472   21.375    0    0  (Gen:  0)
  1036896     84032 758779760  0.001  0.000   22.474   21.377    0    0  (Gen:  0)
  1039296    114816 758836184  0.001  0.000   22.477   21.378    0    0  (Gen:  0)
  1030912    149432 758923624  0.001  0.000   22.479   21.379    0    0  (Gen:  0)
  1036856    200032 759026552  0.001  0.001   22.482   21.381    0    0  (Gen:  0)
  1036528    121856 759042192  0.002  0.002   22.486   21.385    0    0  (Gen:  0)
  1036064     92688 759115296  0.001  0.001   22.490   21.389    0    0  (Gen:  0)
  1039280    122192 759163304  0.000  0.000   22.492   21.391    0    0  (Gen:  0)
  1038944     81040 759201344  0.000  0.000   22.494   21.393    0    0  (Gen:  0)
  1038648     99048 759241688  0.000  0.000   22.496   21.395    0    0  (Gen:  0)
  1038784     84880 759292128  0.000  0.000   22.498   21.397    0    0  (Gen:  0)
  1040120     97792 759340880  0.000  0.000   22.499   21.398    0    0  (Gen:  0)
  1039520    102936 759385656  0.000  0.000   22.501   21.399    0    0  (Gen:  0)
  1040888     81304 759428952  0.000  0.000   22.502   21.400    0    0  (Gen:  0)
  1040296     97408 759475640  0.000  0.000   22.503   21.401    0    0  (Gen:  0)
  1040288    103392 759528984  0.000  0.000   22.505   21.402    0    0  (Gen:  0)
  1040976     77248 759548552  0.000  0.000   22.506   21.404    0    0  (Gen:  0)
  1041448     77664 759583184  0.001  0.000   22.508   21.405    0    0  (Gen:  0)
  1036136    290384 759832408  0.001  0.001   22.510   21.406    0    0  (Gen:  0)
  1039984    406392 760030960  0.003  0.001   22.514   21.408    0    0  (Gen:  0)
  1041736    441680 760297640  0.002  0.001   22.517   21.410    0    0  (Gen:  0)
  1037544    375840 760449128  0.002  0.001   22.520   21.411    0    0  (Gen:  0)
  1039944    361160 760673264  0.002  0.001   22.523   21.413    0    0  (Gen:  0)
  1039832    425520 760901992  0.002  0.001   22.526   21.414    0    0  (Gen:  0)
  1043080    314216 761002520  0.001  0.000   22.529   21.415    0    0  (Gen:  0)
  1038584    290408 761262832  0.001  0.000   22.531   21.416    0    0  (Gen:  0)
  1088992     90584 761289008  0.000  0.000   22.533   21.417    0    0  (Gen:  0)
  1071664    263864 761564984  0.002  0.000   22.535   21.419    0    0  (Gen:  0)
  1030520    308368 761627576  0.002  0.001   22.539   21.421    0    0  (Gen:  0)
  1031888    170520 761722200  0.002  0.001   22.542   21.423    0    0  (Gen:  0)
  1035424    275320 761884696  0.002  0.001   22.546   21.425    0    0  (Gen:  0)
  1706160    315120 762029656  0.003  0.001   22.551   21.427    0    0  (Gen:  0)
  1034256    222696 762100736  0.002  0.001   22.555   21.430    0    0  (Gen:  0)
  1037920    114072 762149808  0.001  0.000   22.558   21.432    0    0  (Gen:  0)
  1040544     80688 762188640  0.001  0.000   22.559   21.433    0    0  (Gen:  0)
  1038304    236216 762380928  0.002  0.001   22.563   21.435    0    0  (Gen:  0)
  1039168    360560 762564360  0.003  0.001   22.566   21.436    0    0  (Gen:  0)
  1037544    348544 762748144  0.002  0.001   22.569   21.438    0    0  (Gen:  0)
  1509056    281200 763017696  0.002  0.000   22.572   21.440    0    0  (Gen:  0)
  1041744    319144 763089928  0.002  0.000   22.574   21.441    0    0  (Gen:  0)
  1050352    273632 763287680  0.001  0.000   22.576   21.441    0    0  (Gen:  0)
  1075608     60928 763280920  0.000  0.000   22.577   21.442    0    0  (Gen:  0)
   907064     30000 763300496  0.000  0.000   22.578   21.443    0    0  (Gen:  0)
   917360     21184 763321584  0.000  0.000   22.579   21.443    0    0  (Gen:  0)
  1145520    251624 763599056  0.001  0.000   22.581   21.445    0    0  (Gen:  0)
  1072312    461536 763816672  0.002  0.001   22.584   21.446    0    0  (Gen:  0)
  1030952    145864 763928056  0.001  0.000   22.587   21.448    0    0  (Gen:  0)
  1061512    184872 764044640  0.002  0.000   22.590   21.450    0    0  (Gen:  0)
  1036136    152272 764127544  0.001  0.000   22.593   21.452    0    0  (Gen:  0)
  1038752    218344 764256664  0.002  0.001   22.596   21.453    0    0  (Gen:  0)
  1036240    184608 764349672  0.002  0.000   22.599   21.455    0    0  (Gen:  0)
  1036872    189184 764456432  0.002  0.001   22.602   21.457    0    0  (Gen:  0)
  1034816    208608 764553744  0.002  0.001   22.605   21.458    0    0  (Gen:  0)
  1039640    218048 764666864  0.002  0.001   22.608   21.460    0    0  (Gen:  0)
  1038904    237448 764779680  0.002  0.001   22.610   21.461    0    0  (Gen:  0)
  1040248    244776 764901936  0.002  0.001   22.613   21.463    0    0  (Gen:  0)
  1039480    235432 765009120  0.002  0.001   22.616   21.464    0    0  (Gen:  0)
  1038144    214176 765110904  0.002  0.001   22.619   21.465    0    0  (Gen:  0)
  1039176    212512 765215984  0.002  0.000   22.621   21.467    0    0  (Gen:  0)
  1038832    229808 765334648  0.002  0.001   22.624   21.468    0    0  (Gen:  0)
  1036224    247800 765459472  0.002  0.001   22.627   21.470    0    0  (Gen:  0)
  1032536    261984 765591440  0.002  0.001   22.631   21.472    0    0  (Gen:  0)
  1035480    253448 765706648  0.002  0.001   22.634   21.474    0    0  (Gen:  0)
  1034416    272880 765859296  0.002  0.001   22.638   21.476    0    0  (Gen:  0)
  1036864    279016 765982264  0.002  0.001   22.642   21.478    0    0  (Gen:  0)
  1038840    189424 766043904  0.002  0.000   22.644   21.479    0    0  (Gen:  0)
  1040856    120912 766088400  0.001  0.000   22.646   21.480    0    0  (Gen:  0)
  1037128    118536 766147400  0.001  0.000   22.648   21.482    0    0  (Gen:  0)
  1034984    109952 766192888  0.001  0.000   22.651   21.484    0    0  (Gen:  0)
  1038736     94600 766252472  0.001  0.000   22.653   21.485    0    0  (Gen:  0)
  1040872     72936 766264424  0.001  0.000   22.655   21.486    0    0  (Gen:  0)
  1041224     92224 766308464  0.001  0.000   22.656   21.487    0    0  (Gen:  0)
  1040928    124056 766377896  0.001  0.000   22.658   21.489    0    0  (Gen:  0)
  1041040    100704 766396472  0.001  0.000   22.660   21.490    0    0  (Gen:  0)
  1040968     92584 766439344  0.001  0.000   22.661   21.491    0    0  (Gen:  0)
  1040584     96152 766482816  0.001  0.000   22.663   21.492    0    0  (Gen:  0)
  1040800    100960 766530016  0.001  0.000   22.665   21.493    0    0  (Gen:  0)
  1040640    109528 766585656  0.001  0.000   22.667   21.494    0    0  (Gen:  0)
  1040504     92896 766615392  0.001  0.000   22.668   21.495    0    0  (Gen:  0)
  1041504    104120 766668032  0.001  0.000   22.670   21.496    0    0  (Gen:  0)
  1040328    107296 766712528  0.001  0.000   22.672   21.497    0    0  (Gen:  0)
  1041568    155664 766808888  0.001  0.000   22.674   21.498    0    0  (Gen:  0)
  1038112    271560 767034472  0.002  0.001   22.677   21.500    0    0  (Gen:  0)
  1037648    302504 767161256  0.002  0.001   22.680   21.501    0    0  (Gen:  0)
  1036288    239792 767287896  0.002  0.000   22.682   21.502    0    0  (Gen:  0)
  1036632    243080 767418976  0.001  0.000   22.684   21.503    0    0  (Gen:  0)
  1036176    280536 767571088  0.002  0.001   22.686   21.504    0    0  (Gen:  0)
  1039616    410464 767843936  0.003  0.001   22.691   21.506    0    0  (Gen:  0)
  1040104    457664 768073768  0.003  0.001   22.695   21.508    0    0  (Gen:  0)
  1040864    432192 768291560  0.003  0.001   22.698   21.509    0    0  (Gen:  0)
  1040912    435608 768507552  0.002  0.001   22.701   21.510    0    0  (Gen:  0)
  1043664    323640 768610608  0.002  0.001   22.703   21.511    0    0  (Gen:  0)
  1074200    342144 768854952  0.002  0.001   22.706   21.512    0    0  (Gen:  0)
  1069648    110016 768945024  0.001  0.000   22.708   21.514    0    0  (Gen:  0)
  2556880    556224 769559240  0.001  0.001   22.711   21.516    0    0  (Gen:  0)
  2104824    808168 769852416  0.002  0.001   22.715   21.517    0    0  (Gen:  0)
  2727888    877336 770392480  0.002  0.001   22.720   21.519    0    0  (Gen:  0)
  2572296    729472 770767440  0.003  0.001   22.725   21.520    0    0  (Gen:  0)
  2632000    613488 771059632  0.003  0.001   22.731   21.522    0    0  (Gen:  0)
  2385240    443008 771279392  0.002  0.001   22.736   21.524    0    0  (Gen:  0)
  2586336    342256 771422216  0.002  0.001   22.741   21.525    0    0  (Gen:  0)
  2605880    420680 771657600  0.002  0.001   22.748   21.527    0    0  (Gen:  0)
  2115552    305648 771749552  0.002  0.001   22.755   21.530    0    0  (Gen:  0)
  2755272    247104 771882912  0.002  0.000   22.762   21.532    0    0  (Gen:  0)
  1946488    360856 772090392  0.002  0.001   22.765   21.533    0    0  (Gen:  0)
  1725320    392504 772279584  0.002  0.000   22.770   21.534    0    0  (Gen:  0)
  1940704    349128 772464160  0.001  0.000   22.773   21.535    0    0  (Gen:  0)
  2254504    311392 772638816  0.001  0.000   22.778   21.537    0    0  (Gen:  0)
  2912144    595944 773068048  0.001  0.001   22.784   21.539    0    0  (Gen:  0)
  2298744    707288 773402112  0.002  0.001   22.789   21.540    0    0  (Gen:  0)
  2502616    562528 773718808  0.002  0.001   22.795   21.542    0    0  (Gen:  0)
  2590248    491528 773945712  0.002  0.001   22.801   21.544    0    0  (Gen:  0)
  2593368    370792 774110504  0.001  0.001   22.806   21.546    0    0  (Gen:  0)
  2334120    383992 774337672  0.001  0.001   22.810   21.547    0    0  (Gen:  0)
  2997920    495336 774610936  0.002  0.001   22.817   21.549    0    0  (Gen:  0)
  2844688    494192 774850880  0.003  0.001   22.824   21.551    0    0  (Gen:  0)
  2324680    453712 775082056  0.002  0.001   22.829   21.553    0    0  (Gen:  0)
  2313280    611640 775516080  0.002  0.001   22.835   21.555    0    0  (Gen:  0)
  2596792    807848 775943392  0.003  0.001   22.841   21.557    0    0  (Gen:  0)
  2102424    588280 776117880  0.003  0.001   22.846   21.558    0    0  (Gen:  0)
  2060640    561992 776559800  0.002  0.001   22.850   21.559    0    0  (Gen:  0)
  2276656    467768 776896600  0.002  0.001   22.854   21.561    0    0  (Gen:  0)
  2671256    466528 777065800  0.002  0.001   22.860   21.563    0    0  (Gen:  0)
  1730112    350856 777238944  0.002  0.001   22.867   21.565    0    0  (Gen:  0)
  1504760    371288 777446592  0.002  0.001   22.871   21.567    0    0  (Gen:  0)
  1578808    412176 777656752  0.003  0.001   22.877   21.570    0    0  (Gen:  0)
  1660000    376648 777864840  0.002  0.001   22.882   21.571    0    0  (Gen:  0)
  1974208    490184 778141360  0.002  0.001   22.886   21.573    0    0  (Gen:  0)
  2037200    564864 778407920  0.003  0.001   22.893   21.576    0    0  (Gen:  0)
  1658520    470680 778659984  0.002  0.001   22.898   21.578    0    0  (Gen:  0)
  1393168    349088 778767408  0.002  0.001   22.903   21.579    0    0  (Gen:  0)
  1810480    431800 779035320  0.001  0.000   22.908   21.581    0    0  (Gen:  0)
  1765984    486200 779274416  0.002  0.001   22.912   21.583    0    0  (Gen:  0)
  1399040    520608 779544688  0.002  0.001   22.915   21.584    0    0  (Gen:  0)
  1580232    347056 779658088  0.001  0.000   22.919   21.586    0    0  (Gen:  0)
  2049544    395856 779896672  0.001  0.001   22.922   21.587    0    0  (Gen:  0)
  1798136    481256 780162800  0.001  0.001   22.926   21.589    0    0  (Gen:  0)
  1459656    459152 780388952  0.002  0.001   22.930   21.590    0    0  (Gen:  0)
  1607336    299888 780458704  0.001  0.000   22.933   21.591    0    0  (Gen:  0)
  1488232    290984 780602752  0.001  0.000   22.937   21.593    0    0  (Gen:  0)
  1938648    345208 780813224  0.001  0.000   22.940   21.594    0    0  (Gen:  0)
  1306296    199808 780831176  0.001  0.000   22.942   21.595    0    0  (Gen:  0)
  1856392    225888 780982360  0.001  0.000   22.946   21.596    0    0  (Gen:  0)
  1269096    253560 781108088  0.001  0.000   22.948   21.598    0    0  (Gen:  0)
  1228232    142936 781120928  0.001  0.000   22.950   21.598    0    0  (Gen:  0)
  2038304    317368 781360600  0.001  0.000   22.953   21.600    0    0  (Gen:  0)
  1501736    270528 781405464  0.001  0.000   22.956   21.601    0    0  (Gen:  0)
  1174456    195800 781459416  0.001  0.000   22.958   21.601    0    0  (Gen:  0)
  1170640    150024 781492744  0.001  0.000   22.960   21.602    0    0  (Gen:  0)
  1277312    116168 781500128  0.000  0.000   22.962   21.603    0    0  (Gen:  0)
  1489192    169776 781611416  0.001  0.000   22.965   21.604    0    0  (Gen:  0)
  1428024    138320 781648720  0.000  0.000   22.967   21.605    0    0  (Gen:  0)
  1576016    204112 781785424  0.001  0.000   22.970   21.607    0    0  (Gen:  0)
  1256416    141752 781802160  0.000  0.000   22.972   21.607    0    0  (Gen:  0)
  1236072    117224 781856240  0.001  0.000   22.974   21.608    0    0  (Gen:  0)
  1418728    141080 781933688  0.000  0.000   22.977   21.610    0    0  (Gen:  0)
  1392656    225144 782076456  0.001  0.000   22.980   21.611    0    0  (Gen:  0)
  1305400    169400 782137896  0.001  0.000   22.982   21.612    0    0  (Gen:  0)
  1196264    132464 782169664  0.000  0.000   22.983   21.612    0    0  (Gen:  0)
  1236288    112136 782204832  0.001  0.000   22.985   21.613    0    0  (Gen:  0)
  1355120    132216 782268416  0.000  0.000   22.987   21.614    0    0  (Gen:  0)
  1699672    133728 782332776  0.000  0.000   22.990   21.615    0    0  (Gen:  0)
  2008704    214216 782511048  0.001  0.000   22.992   21.616    0    0  (Gen:  0)
  1615080    215576 782575912  0.001  0.000   22.995   21.617    0    0  (Gen:  0)
  1547504    150560 782582952  0.001  0.000   22.997   21.618    0    0  (Gen:  0)
  1902760    185720 782675624  0.001  0.000   22.999   21.619    0    0  (Gen:  0)
  1998408    178008 782740544  0.001  0.000   23.002   21.620    0    0  (Gen:  0)
  1779160    178272 782817888  0.001  0.000   23.004   21.621    0    0  (Gen:  0)
  1872192    175208 782898304  0.001  0.000   23.006   21.622    0    0  (Gen:  0)
  1775496    235072 783038424  0.001  0.000   23.009   21.623    0    0  (Gen:  0)
  1534880    203200 783085696  0.001  0.000   23.011   21.624    0    0  (Gen:  0)
  1492576    166496 783130784  0.001  0.000   23.013   21.625    0    0  (Gen:  0)
  1635136    211144 783232680  0.001  0.000   23.015   21.625    0    0  (Gen:  0)
  2047128    196248 783327904  0.001  0.000   23.017   21.626    0    0  (Gen:  0)
  1469848    199920 783404296  0.001  0.000   23.020   21.627    0    0  (Gen:  0)
  1547832    134568 783416800  0.000  0.000   23.021   21.628    0    0  (Gen:  0)
  1830384    162560 783502312  0.001  0.000   23.024   21.629    0    0  (Gen:  0)
  1988536    170232 783579800  0.001  0.000   23.027   21.630    0    0  (Gen:  0)
  1894736    227536 783714616  0.001  0.000   23.029   21.631    0    0  (Gen:  0)
  2741040    194152 783773392  0.001  0.000   23.032   21.633    0    0  (Gen:  0)
  1808064    178440 783840184  0.001  0.000   23.035   21.634    0    0  (Gen:  0)
  1950296    173696 783922312  0.001  0.000   23.038   21.635    0    0  (Gen:  0)
  1736112    279328 784101840  0.001  0.000   23.040   21.636    0    0  (Gen:  0)
  1660952    242560 784209104  0.001  0.000   23.043   21.637    0    0  (Gen:  0)
  1479480    151264 784270496  0.000  0.000   23.044   21.637    0    0  (Gen:  0)
  1691552    294888 784508472  0.001  0.000   23.047   21.639    0    0  (Gen:  0)
  1579256    441640 784735568  0.002  0.001   23.051   21.641    0    0  (Gen:  0)
  1632184    374184 784895968  0.001  0.001   23.054   21.642    0    0  (Gen:  0)
  1461584    314360 785060296  0.001  0.000   23.057   21.643    0    0  (Gen:  0)
  1530856    285144 785201552  0.001  0.000   23.060   21.644    0    0  (Gen:  0)
  1698072    260144 785316320  0.001  0.000   23.062   21.644    0    0  (Gen:  0)
  1357696    245008 785435984  0.001  0.000   23.064   21.645    0    0  (Gen:  0)
  1402856    275072 785587904  0.001  0.000   23.066   21.646    0    0  (Gen:  0)
  1786920    394296 785834136  0.002  0.001   23.070   21.648    0    0  (Gen:  0)
  1609656    473160 786112360  0.002  0.001   23.073   21.649    0    0  (Gen:  0)
  1488736    444656 786346448  0.002  0.001   23.077   21.651    0    0  (Gen:  0)
  1705080    602856 786700384  0.002  0.001   23.081   21.652    0    0  (Gen:  0)
  1501944    515688 786979184  0.002  0.001   23.085   21.653    0    0  (Gen:  0)
  1651328    540008 787292304  0.001  0.001   23.087   21.654    0    0  (Gen:  0)
  1604456    671168 787654248  0.003  0.001   23.092   21.656    0    0  (Gen:  0)
  1678448    740368 788045072  0.002  0.001   23.096   21.657    0    0  (Gen:  0)
  2011344    713288 788397856  0.003  0.001   23.101   21.659    0    0  (Gen:  0)
  1898208    685968 788731336  0.002  0.001   23.105   21.660    0    0  (Gen:  0)
  1950040    463568 788890288  0.001  0.001   23.108   21.661    0    0  (Gen:  0)
  1828288    427240 789176184  0.001  0.000   23.110   21.662    0    0  (Gen:  0)
  1892288    439136 789510104  0.001  0.000   23.113   21.663    0    0  (Gen:  0)
  2077848    546128 789882080  0.003  0.001   23.118   21.665    0    0  (Gen:  0)
  1709552    446552 790126824  0.002  0.001   23.122   21.667    0    0  (Gen:  0)
  1667496    529056 790473480  0.002  0.001   23.126   21.669    0    0  (Gen:  0)
  1669592    610336 790803216  0.002  0.001   23.130   21.670    0    0  (Gen:  0)
  2014272    727088 791201208  0.002  0.001   23.134   21.671    0    0  (Gen:  0)
  1909456    515152 791465760  0.002  0.001   23.138   21.672    0    0  (Gen:  0)
  1607648    562856 791753592  0.002  0.001   23.141   21.674    0    0  (Gen:  0)
  1578552    557416 792036984  0.001  0.000   23.144   21.675    0    0  (Gen:  0)
  1592672    589528 792350424  0.002  0.001   23.147   21.676    0    0  (Gen:  0)
  1531552    242856 792300776  0.001  0.000   23.149   21.677    0    0  (Gen:  0)
  1611176    320624 792600880  0.002  0.000   23.152   21.678    0    0  (Gen:  0)
  1838728    271872 792825488  0.001  0.000   23.155   21.679    0    0  (Gen:  0)
  1988800    201856 792836880  0.001  0.000   23.158   21.680    0    0  (Gen:  0)
  2251816     94696 792974456  0.000  0.000   23.161   21.681    0    0  (Gen:  0)
  2938968    590176 793496616  0.002  0.001   23.166   21.683    0    0  (Gen:  0)
  2455544    575768 793662624  0.002  0.000   23.169   21.684    0    0  (Gen:  0)
  2799160    680784 794168496  0.002  0.001   23.173   21.686    0    0  (Gen:  0)
  2834672    280104 794396864  0.001  0.000   23.178   21.687    0    0  (Gen:  0)
  2977480    397112 794587000  0.001  0.001   23.183   21.688    0    0  (Gen:  0)
  2419000    259280 794659560  0.001  0.000   23.187   21.690    0    0  (Gen:  0)
  2336096    105784 794700480  0.000  0.000   23.191   21.691    0    0  (Gen:  0)
  2814944    210696 794882560  0.001  0.000   23.195   21.692    0    0  (Gen:  0)
  2499192    309072 795030256  0.001  0.001   23.200   21.694    0    0  (Gen:  0)
  2408560    340344 795222056  0.001  0.001   23.205   21.696    0    0  (Gen:  0)
  2074120    285304 795333320  0.002  0.001   23.209   21.697    0    0  (Gen:  0)
  2135608    226552 795453856  0.001  0.001   23.214   21.699    0    0  (Gen:  0)
  2289696    205064 795543312  0.001  0.000   23.219   21.700    0    0  (Gen:  0)
  1947808    433912 795890832  0.004  0.001   23.224   21.702    0    0  (Gen:  0)
  1628672    548728 796172136  0.003  0.001   23.229   21.703    0    0  (Gen:  0)
  1795688    224160 796304424  0.001  0.000   23.232   21.704    0    0  (Gen:  0)
  2451384    183688 796389040  0.001  0.000   23.236   21.705    0    0  (Gen:  0)
  2222664    393400 796724760  0.002  0.001   23.241   21.707    0    0  (Gen:  0)
  2328360    635008 797010272  0.002  0.001   23.246   21.709    0    0  (Gen:  0)
  1958528    637160 797364112  0.003  0.001   23.250   21.710    0    0  (Gen:  0)
  3003552    577704 797700704  0.002  0.001   23.255   21.712    0    0  (Gen:  0)
  2091056    467920 797924128  0.002  0.001   23.261   21.713    0    0  (Gen:  0)
  2082400    427504 798165664  0.002  0.001   23.266   21.715    0    0  (Gen:  0)
  2629264    415672 798377264  0.003  0.001   23.273   21.717    0    0  (Gen:  0)
  3011528    483008 798667984  0.003  0.001   23.279   21.719    0    0  (Gen:  0)
  2446712    340200 798730112  0.001  0.000   23.283   21.721    0    0  (Gen:  0)
  2584592    138080 798810856  0.001  0.000   23.288   21.722    0    0  (Gen:  0)
  2591576    224504 798962784  0.001  0.000   23.292   21.723    0    0  (Gen:  0)
  2966496    426560 799239128  0.001  0.000   23.297   21.725    0    0  (Gen:  0)
  2401640    630768 799616432  0.003  0.001   23.304   21.727    0    0  (Gen:  0)
  1933992    648784 799948552  0.004  0.001   23.309   21.729    0    0  (Gen:  0)
  1863384    303232 800125752  0.001  0.000   23.313   21.730    0    0  (Gen:  0)
  2815752    432504 800474168  0.001  0.001   23.317   21.731    0    0  (Gen:  0)
  2661592    587808 800759728  0.003  0.001   23.324   21.733    0    0  (Gen:  0)
  2638528    554040 801015288  0.002  0.001   23.329   21.736    0    0  (Gen:  0)
  2002360    490456 801254312  0.002  0.001   23.334   21.738    0    0  (Gen:  0)
  1930040    406088 801434096  0.001  0.001   23.338   21.739    0    0  (Gen:  0)
  1974928    402544 801661520  0.002  0.001   23.343   21.741    0    0  (Gen:  0)
  2002864    501696 801942944  0.002  0.001   23.347   21.743    0    0  (Gen:  0)
  1820408    500392 802191328  0.004  0.001   23.352   21.745    0    0  (Gen:  0)
  1840960    439344 802396008  0.002  0.001   23.357   21.746    0    0  (Gen:  0)
  1711304    367304 802563152  0.002  0.001   23.362   21.748    0    0  (Gen:  0)
  1560840    357464 802747840  0.003  0.001   23.367   21.750    0    0  (Gen:  0)
  1839192    365240 802931512  0.003  0.001   23.372   21.752    0    0  (Gen:  0)
  2028272    331424 803081288  0.002  0.001   23.376   21.754    0    0  (Gen:  0)
  1727136    299936 803229400  0.002  0.001   23.381   21.756    0    0  (Gen:  0)
  1963208    445416 803538224  0.001  0.001   23.384   21.757    0    0  (Gen:  0)
  1650416    383872 803775560  0.002  0.001   23.388   21.759    0    0  (Gen:  0)
  1578016    461496 804052360  0.002  0.001   23.392   21.760    0    0  (Gen:  0)
  1357528    512560 804313920  0.003  0.001   23.397   21.762    0    0  (Gen:  0)
  1691048    442400 804538016  0.003  0.001   23.402   21.764    0    0  (Gen:  0)
  1732256    317216 804677720  0.002  0.001   23.406   21.765    0    0  (Gen:  0)
  1318248    395696 805011248  0.002  0.001   23.409   21.766    0    0  (Gen:  0)
  1489368    200776 805141896  0.001  0.000   23.412   21.767    0    0  (Gen:  0)
  2424960    418672 805510600  0.002  0.001   23.417   21.770    0    0  (Gen:  0)
  1438432    491880 805717960  0.002  0.001   23.421   21.771    0    0  (Gen:  0)
  1473848    357800 805902848  0.002  0.001   23.425   21.773    0    0  (Gen:  0)
  1564584    162656 805999208  0.001  0.000   23.429   21.775    0    0  (Gen:  0)
  1815456    204696 806110264  0.002  0.000   23.434   21.777    0    0  (Gen:  0)
  1555392    232432 806228200  0.001  0.000   23.437   21.778    0    0  (Gen:  0)
  1860864    367296 806467024  0.002  0.001   23.441   21.779    0    0  (Gen:  0)
  3666272    595544 807036448  0.002  0.001   23.446   21.782    0    0  (Gen:  0)
  1873544    911376 807440000  0.002  0.001   23.451   21.783    0    0  (Gen:  0)
  1772512    594240 807672448  0.002  0.000   23.456   21.785    0    0  (Gen:  0)
  1648256    457512 807930256  0.002  0.001   23.460   21.786    0    0  (Gen:  0)
  2005968    404976 808090968  0.002  0.001   23.465   21.788    0    0  (Gen:  0)
  2574480    412088 808338984  0.001  0.000   23.470   21.789    0    0  (Gen:  0)
  2322072    474096 808572320  0.002  0.001   23.476   21.791    0    0  (Gen:  0)
  2201480    375128 808725000  0.003  0.001   23.481   21.793    0    0  (Gen:  0)
  2138248    233544 808816408  0.001  0.000   23.486   21.794    0    0  (Gen:  0)
  1828384    344240 809070624  0.002  0.001   23.491   21.796    0    0  (Gen:  0)
  1770456    419192 809273752  0.003  0.001   23.496   21.797    0    0  (Gen:  0)
  2653440    276304 809526152  0.002  0.000   23.501   21.799    0    0  (Gen:  0)
  2864464    681256 809988728  0.004  0.001   23.506   21.800    0    0  (Gen:  0)
  3235488    682392 810303296  0.002  0.001   23.513   21.802    0    0  (Gen:  0)
  2979920    333952 810511408  0.005  0.000   23.519   21.804    0    0  (Gen:  0)
  2250704    437328 810765448  0.004  0.001   23.524   21.805    0    0  (Gen:  0)
  3190992    349080 811014648  0.002  0.001   23.530   21.807    0    0  (Gen:  0)
  1687544    328800 811109432  0.001  0.000   23.534   21.808    0    0  (Gen:  0)
  2964448    269136 811308984  0.002  0.001   23.541   21.810    0    0  (Gen:  0)
  2020056    372936 811520688  0.002  0.001   23.545   21.812    0    0  (Gen:  0)
  2691208    291176 811708384  0.001  0.001   23.549   21.813    0    0  (Gen:  0)
  1988960    221344 811812808  0.001  0.000   23.553   21.815    0    0  (Gen:  0)
  2075904    308080 812000648  0.001  0.000   23.557   21.816    0    0  (Gen:  0)
  1706208    325928 812135496  0.001  0.000   23.561   21.818    0    0  (Gen:  0)
  2049024    254272 812247376  0.001  0.000   23.565   21.819    0    0  (Gen:  0)
  1635928    241064 812368640  0.001  0.000   23.568   21.821    0    0  (Gen:  0)
  2033088    144464 812419088  0.000  0.000   23.571   21.822    0    0  (Gen:  0)
  1562824    135384 812492488  0.001  0.000   23.573   21.823    0    0  (Gen:  0)
  1711824    204264 812607560  0.001  0.000   23.576   21.824    0    0  (Gen:  0)
  1654048    221496 812710168  0.001  0.000   23.579   21.826    0    0  (Gen:  0)
  1654008    281704 812885344  0.001  0.000   23.583   21.827    0    0  (Gen:  0)
  2072544    318896 813058160  0.002  0.001   23.589   21.830    0    0  (Gen:  0)
  1631528    255512 813147976  0.001  0.000   23.592   21.831    0    0  (Gen:  0)
  1622096    174376 813209984  0.001  0.000   23.596   21.833    0    0  (Gen:  0)
  1955208    225592 813349616  0.001  0.000   23.600   21.834    0    0  (Gen:  0)
  1617024    375440 813599624  0.001  0.000   23.603   21.835    0    0  (Gen:  0)
  1467168    489576 813884784  0.002  0.001   23.607   21.837    0    0  (Gen:  0)
  1558240    543136 814186712  0.002  0.001   23.612   21.839    0    0  (Gen:  0)
  2022816    467808 814391048  0.002  0.001   23.617   21.841    0    0  (Gen:  0)
  1748184    529120 814768216  0.004  0.001   23.624   21.843    0    0  (Gen:  0)
  1541760    543472 815006096  0.003  0.001   23.628   21.844    0    0  (Gen:  0)
  1603800    520880 815315192  0.003  0.001   23.632   21.846    0    0  (Gen:  0)
  1381280    472256 815499784  0.003  0.001   23.636   21.847    0    0  (Gen:  0)
  1318272    411024 815734056  0.002  0.001   23.640   21.849    0    0  (Gen:  0)
  1171024    431256 815953264  0.002  0.001   23.643   21.850    0    0  (Gen:  0)
  1265400    456640 816186640  0.003  0.001   23.647   21.851    0    0  (Gen:  0)
  1421288    506120 816459728  0.003  0.001   23.652   21.853    0    0  (Gen:  0)
  1246296    425672 816643792  0.003  0.001   23.656   21.855    0    0  (Gen:  0)
  1515568    322096 816797056  0.002  0.001   23.660   21.856    0    0  (Gen:  0)
  1284384    303056 817030208  0.002  0.001   23.664   21.857    0    0  (Gen:  0)
  1895072    228344 817036056  0.001  0.000   23.667   21.859    0    0  (Gen:  0)
  1257896    333752 817301952  0.002  0.001   23.670   21.860    0    0  (Gen:  0)
  3314616    608568 817958488  0.002  0.000   23.676   21.862    0    0  (Gen:  0)
  3004640   1003896 818368144  0.004  0.001   23.681   21.863    0    0  (Gen:  0)
  2709008    803328 818769416  0.003  0.001   23.685   21.864    0    0  (Gen:  0)
  3661320    570944 819161168  0.003  0.001   23.692   21.866    0    0  (Gen:  0)
  3714336    347144 819259712  0.004  0.000   23.698   21.868    0    0  (Gen:  0)
  3660208    483352 819653552  0.005  0.001   23.704   21.869    0    0  (Gen:  0)
  3248912    773120 820074656  0.003  0.001   23.710   21.871    0    0  (Gen:  0)
  3277416    706176 820388296  0.007  0.001   23.719   21.873    0    0  (Gen:  0)
  2713952    615872 820745408  0.006  0.001   23.727   21.875    0    0  (Gen:  0)
  2835496    737240 821170368  0.006  0.001   23.734   21.877    0    0  (Gen:  0)
  2822872    810192 821558648  0.005  0.001   23.740   21.879    0    0  (Gen:  0)
  2961064    510536 821955352  0.004  0.001   23.745   21.880    0    0  (Gen:  0)
  3376336    558392 822379016  0.002  0.001   23.751   21.882    0    0  (Gen:  0)
  3055952    633544 822588520  0.004  0.001   23.757   21.884    0    0  (Gen:  0)
  2673136    727088 823112272  0.004  0.001   23.763   21.885    0    0  (Gen:  0)
  2723016    810424 823616880  0.004  0.001   23.769   21.887    0    0  (Gen:  0)
  3684560    801040 824150616  0.004  0.001   23.775   21.889    0    0  (Gen:  0)
  3247920    938352 824732848  0.004  0.001   23.782   21.890    0    0  (Gen:  0)
  2874248    932000 825120648  0.003  0.001   23.788   21.892    0    0  (Gen:  0)
  2944864    713432 825560976  0.003  0.001   23.795   21.894    0    0  (Gen:  0)
  2869120    367816 825715368  0.004  0.000   23.801   21.895    0    0  (Gen:  0)
  3342576    626672 826188088  0.003  0.001   23.806   21.897    0    0  (Gen:  0)
  3279080    890200 826698376  0.004  0.001   23.812   21.899    0    0  (Gen:  0)
  2983856    871184 827121152  0.005  0.001   23.819   21.900    0    0  (Gen:  0)
  2386320    853336 827604888  0.005  0.001   23.826   21.902    0    0  (Gen:  0)
  3260872    516592 827954544  0.005  0.001   23.832   21.904    0    0  (Gen:  0)
  3228072    657208 828274480  0.005  0.001   23.838   21.905    0    0  (Gen:  0)
  3111488    638896 828602384  0.005  0.001   23.845   21.907    0    0  (Gen:  0)
  3562280    598768 828882448  0.005  0.001   23.851   21.909    0    0  (Gen:  0)
  3279056    480432 829089416  0.004  0.001   23.857   21.910    0    0  (Gen:  0)
  3651336    371240 829250488  0.005  0.001   23.864   21.912    0    0  (Gen:  0)
  3327344    280224 829385000  0.002  0.000   23.870   21.914    0    0  (Gen:  0)
  3552648    336040 829568392  0.005  0.001   23.877   21.915    0    0  (Gen:  0)
  3287976    382048 829788264  0.002  0.001   23.883   21.917    0    0  (Gen:  0)
  2923480    406824 829981672  0.004  0.001   23.889   21.919    0    0  (Gen:  0)
  3646608    631152 830423216  0.005  0.001   23.896   21.921    0    0  (Gen:  0)
  2920352    805400 830828344  0.005  0.001   23.904   21.923    0    0  (Gen:  0)
  2760256    679464 831167336  0.005  0.001   23.910   21.924    0    0  (Gen:  0)
  4004912    606280 831597112  0.005  0.001   23.917   21.926    0    0  (Gen:  0)
  2767800    743128 831951608  0.004  0.001   23.924   21.928    0    0  (Gen:  0)
  1926624    733064 832376888  0.004  0.001   23.929   21.929    0    0  (Gen:  0)
  2811280    412072 832678632  0.004  0.000   23.934   21.931    0    0  (Gen:  0)
  3031352    654656 833051456  0.005  0.001   23.941   21.932    0    0  (Gen:  0)
  3117736    710496 833412904  0.002  0.001   23.947   21.934    0    0  (Gen:  0)
  3195160    698264 833765680  0.005  0.001   23.954   21.936    0    0  (Gen:  0)
  3701024    765472 834179480  0.005  0.001   23.961   21.938    0    0  (Gen:  0)
  3629680    763864 834541448  0.006  0.001   23.969   21.940    0    0  (Gen:  0)
  2254936    594272 834794096  0.004  0.001   23.974   21.941    0    0  (Gen:  0)
  2246296    270864 834845376  0.001  0.000   23.977   21.942    0    0  (Gen:  0)
  3333672    349016 835053088  0.003  0.000   23.983   21.944    0    0  (Gen:  0)
  3260872    311520 835172832  0.004  0.000   23.988   21.945    0    0  (Gen:  0)
  2928984    326072 835385224  0.003  0.001   23.994   21.946    0    0  (Gen:  0)
  2354296    261624 835469288  0.003  0.000   23.998   21.947    0    0  (Gen:  0)
  3584728    309464 835600120  0.004  0.000   24.003   21.949    0    0  (Gen:  0)
  3827256    455632 835914832  0.004  0.001   24.009   21.951    0    0  (Gen:  0)
  3412488    604472 836249048  0.007  0.001   24.017   21.953    0    0  (Gen:  0)
  2706144    423408 836469904  0.003  0.001   24.023   21.954    0    0  (Gen:  0)
  3102888    407808 836711064  0.005  0.001   24.030   21.956    0    0  (Gen:  0)
  3011984    417592 836903776  0.003  0.001   24.036   21.958    0    0  (Gen:  0)
  2355184    392696 837207472  0.004  0.001   24.041   21.959    0    0  (Gen:  0)
  3157824    363784 837474456  0.005  0.000   24.046   21.961    0    0  (Gen:  0)
  2808512    572416 837781576  0.002  0.000   24.051   21.962    0    0  (Gen:  0)
  2339320    396344 837897712  0.003  0.000   24.055   21.963    0    0  (Gen:  0)
  2338456    270008 837978704  0.002  0.000   24.058   21.964    0    0  (Gen:  0)
  3302456    503256 838317720  0.002  0.000   24.063   21.965    0    0  (Gen:  0)
  3043864    742312 838682864  0.005  0.001   24.070   21.967    0    0  (Gen:  0)
  2730632    604216 838933816  0.004  0.001   24.075   21.968    0    0  (Gen:  0)
  3293880    610856 839271568  0.003  0.001   24.081   21.970    0    0  (Gen:  0)
  2581616    586392 839531448  0.003  0.000   24.086   21.971    0    0  (Gen:  0)
  2487024    356808 839638200  0.002  0.000   24.089   21.972    0    0  (Gen:  0)
  2340656    275504 839772392  0.001  0.000   24.093   21.973    0    0  (Gen:  0)
  2339832    343776 839966304  0.003  0.000   24.097   21.974    0    0  (Gen:  0)
  2821504    485384 840255152  0.003  0.000   24.101   21.975    0    0  (Gen:  0)
  2211576    467792 840408640  0.003  0.000   24.105   21.976    0    0  (Gen:  0)
  2175864    372792 840555984  0.003  0.000   24.108   21.977    0    0  (Gen:  0)
  2222272    358376 840708856  0.001  0.000   24.111   21.978    0    0  (Gen:  0)
  3852448    559416 841082544  0.003  0.001   24.118   21.980    0    0  (Gen:  0)
  3311952    648984 841370408  0.005  0.001   24.126   21.982    0    0  (Gen:  0)
  3547800    503968 841601072  0.005  0.001   24.132   21.983    0    0  (Gen:  0)
  2298080    393856 841770552  0.003  0.000   24.136   21.984    0    0  (Gen:  0)
  1901544    288040 841909760  0.002  0.000   24.140   21.985    0    0  (Gen:  0)
  1788096    222264 841988864  0.002  0.000   24.143   21.986    0    0  (Gen:  0)
  2275960    265464 842133096  0.002  0.000   24.146   21.987    0    0  (Gen:  0)
  2971184    661368 842640224  0.004  0.001   24.153   21.989    0    0  (Gen:  0)
  3237992    932168 843242712  0.004  0.001   24.160   21.991    0    0  (Gen:  0)
  2855488    725128 843667224  0.002  0.001   24.166   21.992    0    0  (Gen:  0)
  3243456    919408 844238784  0.003  0.001   24.172   21.994    0    0  (Gen:  0)
  3353624   1077168 844802504  0.005  0.001   24.179   21.996    0    0  (Gen:  0)
  2805680    924536 845227120  0.004  0.001   24.185   21.998    0    0  (Gen:  0)
  2364680    509504 845481240  0.003  0.000   24.190   21.999    0    0  (Gen:  0)
  2623200    646592 845936496  0.003  0.001   24.194   22.000    0    0  (Gen:  0)
  2203504    515400 846216544  0.003  0.001   24.198   22.001    0    0  (Gen:  0)
  2674008    561072 846538400  0.003  0.001   24.204   22.003    0    0  (Gen:  0)
  2595704    585992 846884920  0.003  0.001   24.211   22.004    0    0  (Gen:  0)
  1850880    610824 847250472  0.002  0.001   24.215   22.006    0    0  (Gen:  0)
  1680920    530608 847556456  0.002  0.001   24.220   22.007    0    0  (Gen:  0)
  1525552    539312 847812824  0.002  0.001   24.224   22.009    0    0  (Gen:  0)
  1808200    496128 848047088  0.002  0.001   24.228   22.010    0    0  (Gen:  0)
  1513712    473504 848283664  0.002  0.001   24.232   22.011    0    0  (Gen:  0)
  1814392    494624 848537088  0.002  0.001   24.236   22.012    0    0  (Gen:  0)
  2408552    572632 848852192  0.002  0.001   24.240   22.014    0    0  (Gen:  0)
  1671144    440872 849126144  0.002  0.001   24.244   22.015    0    0  (Gen:  0)
  2940424    355480 849328808  0.001  0.000   24.249   22.016    0    0  (Gen:  0)
  2803760    375808 849586528  0.002  0.001   24.254   22.018    0    0  (Gen:  0)
  2500064    504136 849865304  0.001  0.001   24.258   22.020    0    0  (Gen:  0)
  2801936    536072 850116912  0.002  0.001   24.264   22.021    0    0  (Gen:  0)
  2887872    580296 850481296  0.002  0.001   24.269   22.023    0    0  (Gen:  0)
  2536224    491256 850708112  0.002  0.001   24.275   22.025    0    0  (Gen:  0)
  2032984    453176 850947480  0.002  0.001   24.279   22.027    0    0  (Gen:  0)
  1589768    405040 851125568  0.002  0.001   24.284   22.028    0    0  (Gen:  0)
  1900256    330536 851292600  0.002  0.001   24.288   22.030    0    0  (Gen:  0)
  1279424    280016 851417808  0.002  0.001   24.292   22.032    0    0  (Gen:  0)
  1902360    287752 851585568  0.001  0.000   24.295   22.033    0    0  (Gen:  0)
  2027992    326032 851750904  0.001  0.000   24.298   22.034    0    0  (Gen:  0)
  1417696    292224 851884352  0.001  0.001   24.302   22.036    0    0  (Gen:  0)
  1839968    284808 852043728  0.001  0.001   24.306   22.038    0    0  (Gen:  0)
  1667672    242528 852128320  0.001  0.000   24.310   22.039    0    0  (Gen:  0)
  1580600    182560 852210152  0.001  0.000   24.313   22.040    0    0  (Gen:  0)
  1827216    151720 852269096  0.001  0.000   24.316   22.042    0    0  (Gen:  0)
  1874592    189288 852373240  0.001  0.000   24.319   22.043    0    0  (Gen:  0)
  1922240    231784 852509856  0.001  0.000   24.323   22.044    0    0  (Gen:  0)
  1695376    371880 852742360  0.003  0.001   24.327   22.046    0    0  (Gen:  0)
  1479864    396784 852914184  0.003  0.001   24.331   22.047    0    0  (Gen:  0)
  1603360    399608 853153256  0.003  0.001   24.335   22.049    0    0  (Gen:  0)
  1354568    463992 853408944  0.003  0.001   24.339   22.050    0    0  (Gen:  0)
  1351856    418136 853570584  0.002  0.001   24.343   22.052    0    0  (Gen:  0)
  1590584    219928 853746872  0.001  0.000   24.346   22.053    0    0  (Gen:  0)
  3519144    412528 854075792  0.002  0.001   24.353   22.056    0    0  (Gen:  0)
  1511648    546000 854316160  0.002  0.001   24.356   22.057    0    0  (Gen:  0)
  1671864    404416 854478736  0.001  0.001   24.360   22.059    0    0  (Gen:  0)
  1637768    231296 854597424  0.001  0.000   24.364   22.060    0    0  (Gen:  0)
  1893704    204840 854689032  0.001  0.000   24.367   22.062    0    0  (Gen:  0)
  2017848    197864 854808416  0.001  0.000   24.371   22.063    0    0  (Gen:  0)
  2017104    258080 854967968  0.001  0.000   24.375   22.065    0    0  (Gen:  0)
  1839232    286040 855129304  0.001  0.000   24.378   22.067    0    0  (Gen:  0)
  1655984    266648 855356176  0.001  0.000   24.381   22.068    0    0  (Gen:  0)
  1766376    266232 855607712  0.001  0.000   24.384   22.069    0    0  (Gen:  0)
  2092440    178320 855707672  0.001  0.000   24.387   22.070    0    0  (Gen:  0)
  1603864    338632 855932176  0.002  0.001   24.390   22.071    0    0  (Gen:  0)
  1498464    416936 856150344  0.002  0.001   24.394   22.073    0    0  (Gen:  0)
  1553544    527008 856456936  0.002  0.001   24.398   22.074    0    0  (Gen:  0)
  1642384    568112 856783920  0.002  0.001   24.402   22.076    0    0  (Gen:  0)
  1475752    527800 857049376  0.002  0.001   24.407   22.078    0    0  (Gen:  0)
  1272840    445832 857274128  0.003  0.001   24.411   22.079    0    0  (Gen:  0)
  1642240    504120 857598224  0.002  0.001   24.416   22.081    0    0  (Gen:  0)
  2005408    767256 858101712  0.003  0.001   24.422   22.083    0    0  (Gen:  0)
  1720256    577328 858246880  0.002  0.001   24.425   22.084    0    0  (Gen:  0)
  2030664    351304 858421824  0.001  0.000   24.429   22.085    0    0  (Gen:  0)
  1497576    355872 858759664  0.002  0.000   24.431   22.086    0    0  (Gen:  0)
  1870656    287928 859057280  0.001  0.000   24.434   22.087    0    0  (Gen:  0)
  3896320    883080 859799200  0.005  0.001   24.441   22.089    0    0  (Gen:  0)
  3314432   1340000 860388344  0.005  0.001   24.449   22.092    0    0  (Gen:  0)
  3233368   1124776 860959792  0.004  0.001   24.454   22.093    0    0  (Gen:  0)
  3384080   1145504 861549552  0.003  0.001   24.460   22.095    0    0  (Gen:  0)
  2925608    860888 862143824  0.004  0.001   24.466   22.097    0    0  (Gen:  0)
  3386440    801592 862593560  0.004  0.001   24.473   22.098    0    0  (Gen:  0)
  3588520    770024 862992560  0.005  0.001   24.479   22.100    0    0  (Gen:  0)
  3826864    938080 863551064  0.006  0.001   24.486   22.102    0    0  (Gen:  0)
  3524792    925464 864153600  0.005  0.001   24.493   22.104    0    0  (Gen:  0)
  3719448    588712 864523328  0.005  0.001   24.501   22.106    0    0  (Gen:  0)
  3148720    693192 864858240  0.005  0.001   24.507   22.108    0    0  (Gen:  0)
  3639896    564480 865116440  0.006  0.001   24.515   22.110    0    0  (Gen:  0)
  2893896    559416 865442520  0.005  0.001   24.521   22.111    0    0  (Gen:  0)
  3676216    668848 865806456  0.006  0.001   24.528   22.113    0    0  (Gen:  0)
  3410616    642240 866143712  0.005  0.001   24.534   22.115    0    0  (Gen:  0)
  2410784    630288 866458424  0.004  0.001   24.541   22.116    0    0  (Gen:  0)
  3039344    514480 866821336  0.003  0.001   24.547   22.118    0    0  (Gen:  0)
  3167296    742072 867279072  0.004  0.001   24.555   22.120    0    0  (Gen:  0)
  2322216    635272 867582120  0.005  0.001   24.560   22.122    0    0  (Gen:  0)
  2698992    737912 868028728  0.003  0.001   24.566   22.123    0    0  (Gen:  0)
  2354824    535144 868321944  0.004  0.001   24.572   22.125    0    0  (Gen:  0)
  2688832    508848 868586200  0.005  0.001   24.578   22.126    0    0  (Gen:  0)
  3510160    296712 868658224  0.003  0.000   24.585   22.128    0    0  (Gen:  0)
  3547744    386960 868947744  0.004  0.001   24.592   22.130    0    0  (Gen:  0)
  2792040    722960 869411184  0.005  0.001   24.601   22.132    0    0  (Gen:  0)
  2640712    667760 869676520  0.005  0.001   24.606   22.134    0    0  (Gen:  0)
  2578680    650408 870110976  0.004  0.001   24.612   22.135    0    0  (Gen:  0)
  3832864    515328 870439544  0.003  0.001   24.620   22.138    0    0  (Gen:  0)
  2913504    622136 870798688  0.004  0.001   24.627   22.140    0    0  (Gen:  0)
  2688648    579024 871028304  0.003  0.001   24.635   22.142    0    0  (Gen:  0)
  2922320    428048 871256488  0.002  0.001   24.641   22.144    0    0  (Gen:  0)
  2104616    537640 871589800  0.002  0.001   24.646   22.146    0    0  (Gen:  0)
  1980320    560136 871867672  0.002  0.001   24.651   22.148    0    0  (Gen:  0)
  2723736    391968 872156344  0.002  0.001   24.657   22.150    0    0  (Gen:  0)
  1966024    361216 872320560  0.001  0.000   24.662   22.151    0    0  (Gen:  0)
  1889328    358928 872521744  0.002  0.001   24.667   22.153    0    0  (Gen:  0)
  1921512    420928 872747384  0.002  0.001   24.671   22.155    0    0  (Gen:  0)
  2063400    480288 873006744  0.002  0.001   24.675   22.157    0    0  (Gen:  0)
  1795992    464144 873224464  0.003  0.001   24.681   22.159    0    0  (Gen:  0)
  2763584    474232 873522504  0.003  0.001   24.687   22.161    0    0  (Gen:  0)
  1757616    473504 873740040  0.002  0.001   24.691   22.163    0    0  (Gen:  0)
  1718368    430768 873994296  0.002  0.001   24.696   22.165    0    0  (Gen:  0)
  2065272    479264 874260368  0.002  0.001   24.701   22.167    0    0  (Gen:  0)
  1847336    461120 874468576  0.002  0.001   24.706   22.169    0    0  (Gen:  0)
  1485608    389608 874652168  0.002  0.001   24.709   22.170    0    0  (Gen:  0)
  1933232    442792 874910912  0.002  0.001   24.714   22.172    0    0  (Gen:  0)
  1891856    484688 875149944  0.002  0.001   24.719   22.174    0    0  (Gen:  0)
  1629736    385448 875313184  0.002  0.001   24.723   22.175    0    0  (Gen:  0)
  1863624    344344 875493304  0.002  0.001   24.728   22.177    0    0  (Gen:  0)
  1780784    369144 875686312  0.002  0.001   24.732   22.179    0    0  (Gen:  0)
  1726344    380912 875877760  0.002  0.001   24.736   22.180    0    0  (Gen:  0)
  1519904    403040 876088832  0.002  0.001   24.739   22.182    0    0  (Gen:  0)
  1850320    376504 876254344  0.002  0.001   24.743   22.184    0    0  (Gen:  0)
  2013544    345872 876443528  0.001  0.001   24.748   22.185    0    0  (Gen:  0)
  1891968    375856 876636928  0.002  0.001   24.753   22.188    0    0  (Gen:  0)
  2101384    419712 876907288  0.002  0.001   24.757   22.189    0    0  (Gen:  0)
  1494240    363824 877050400  0.002  0.000   24.762   22.191    0    0  (Gen:  0)
  1952376    307264 877235680  0.001  0.001   24.767   22.194    0    0  (Gen:  0)
  2457152    260760 877398376  0.001  0.000   24.773   22.197    0    0  (Gen:  0)
  1499200    130520 877433704  0.001  0.000   24.777   22.198    0    0  (Gen:  0)
  1982088    187600 877572072  0.002  0.000   24.780   22.200    0    0  (Gen:  0)
  1228016    338712 877770280  0.002  0.001   24.784   22.201    0    0  (Gen:  0)
  1251896    330680 877958592  0.003  0.001   24.787   22.202    0    0  (Gen:  0)
  1381200    305432 878068344  0.002  0.001   24.790   22.203    0    0  (Gen:  0)
  1895224    449784 878418400  0.002  0.000   24.793   22.204    0    0  (Gen:  0)
  1992400    334896 878638744  0.002  0.001   24.797   22.206    0    0  (Gen:  0)
  1863512    464008 878918824  0.003  0.001   24.802   22.208    0    0  (Gen:  0)
  2074472    669440 879371240  0.003  0.001   24.807   22.210    0    0  (Gen:  0)
  1695192    613808 879688512  0.002  0.001   24.810   22.211    0    0  (Gen:  0)
  1642976    386120 879791088  0.001  0.001   24.812   22.212    0    0  (Gen:  0)
  1993224    560672 880193712  0.002  0.001   24.816   22.214    0    0  (Gen:  0)
  1906440    605896 880510000  0.002  0.001   24.820   22.216    0    0  (Gen:  0)
  1737432    523232 880774432  0.002  0.001   24.823   22.218    0    0  (Gen:  0)
  1859840    301728 880860848  0.001  0.000   24.826   22.220    0    0  (Gen:  0)
  1257088    410056 881196968  0.001  0.001   24.829   22.221    0    0  (Gen:  0)
  1818496    392536 881561888  0.001  0.000   24.831   22.222    0    0  (Gen:  0)
  1454952    262408 881584304  0.001  0.000   24.833   22.223    0    0  (Gen:  0)
  1281248    320312 881804928  0.001  0.001   24.835   22.224    0    0  (Gen:  0)
  1580728    242976 881890472  0.001  0.000   24.837   22.225    0    0  (Gen:  0)
  1323696    140584 881864192  0.001  0.000   24.839   22.226    0    0  (Gen:  0)
  1040488    109160 881890304  0.000  0.000   24.840   22.227    0    0  (Gen:  0)
  1040048     98528 881934360  0.000  0.000   24.841   22.229    0    0  (Gen:  0)
  1040640    100248 881982192  0.000  0.000   24.843   22.230    0    0  (Gen:  0)
  1041024    109528 882039520  0.001  0.000   24.845   22.231    0    0  (Gen:  0)
  1040760     95512 882075680  0.000  0.000   24.846   22.233    0    0  (Gen:  0)
  1040488    119672 882142152  0.001  0.000   24.847   22.234    0    0  (Gen:  0)
  1040568    145648 882213896  0.001  0.000   24.849   22.235    0    0  (Gen:  0)
  1039920    100560 882224856  0.000  0.000   24.850   22.236    0    0  (Gen:  0)
  1040288     98592 882272528  0.000  0.000   24.852   22.237    0    0  (Gen:  0)
  1075352    114104 882366224  0.001  0.000   24.853   22.238    0    0  (Gen:  0)
  1041520     96896 882399128  0.000  0.000   24.854   22.239    0    0  (Gen:  0)
  1037056    122192 882464016  0.001  0.000   24.856   22.241    0    0  (Gen:  0)
  1041752    194328 882609952  0.001  0.001   24.858   22.243    0    0  (Gen:  0)
  1040632    256800 882776232  0.001  0.001   24.859   22.244    0    0  (Gen:  0)
  1039512    218656 882810032  0.001  0.001   24.861   22.245    0    0  (Gen:  0)
  1040320    125832 882797648  0.001  0.000   24.862   22.246    0    0  (Gen:  0)
  1040792    243080 882970272  0.001  0.001   24.864   22.247    0    0  (Gen:  0)
  1039528    182048 882976288  0.001  0.001   24.865   22.249    0    0  (Gen:  0)
  1040872     89632 882952240  0.000  0.000   24.866   22.250    0    0  (Gen:  0)
  1041672    110424 883014480  0.000  0.000   24.868   22.252    0    0  (Gen:  0)
  1074384    103312 883078456  0.001  0.000   24.870   22.253    0    0  (Gen:  0)
  1040464    108768 883130616  0.003  0.006   24.874   22.270    0    0  (Gen:  0)
  1709336     96752 883173208  0.001  0.000   24.876   22.271    0    0  (Gen:  0)
  1040640    143336 883260816  0.001  0.000   24.878   22.272    0    0  (Gen:  0)
  1041040    118224 883284744  0.000  0.000   24.879   22.273    0    0  (Gen:  0)
  1041504    105040 883325744  0.001  0.000   24.881   22.275    0    0  (Gen:  0)
  1040624    102800 883372952  0.000  0.000   24.882   22.276    0    0  (Gen:  0)
  1041232    106704 883426248  0.000  0.000   24.883   22.277    0    0  (Gen:  0)
  1041160    100840 883471160  0.000  0.000   24.885   22.278    0    0  (Gen:  0)
  1036624    158152 883566840  0.001  0.000   24.886   22.280    0    0  (Gen:  0)
  1075392    193048 883711640  0.001  0.000   24.889   22.281    0    0  (Gen:  0)
  1036336    239800 883928192  0.001  0.001   24.891   22.283    0    0  (Gen:  0)
  1040112    375872 884105552  0.002  0.001   24.893   22.285    0    0  (Gen:  0)
  1040432    434328 884348336  0.004  0.001   24.898   22.287    0    0  (Gen:  0)
  1038440    485680 884632792  0.004  0.001   24.903   22.289    0    0  (Gen:  0)
  1039984    498088 884899752  0.004  0.001   24.907   22.291    0    0  (Gen:  0)
  1039952    435520 885131384  0.003  0.001   24.912   22.292    0    0  (Gen:  0)
  1038496    312688 885270144  0.002  0.001   24.914   22.294    0    0  (Gen:  0)
  1038312    267248 885399024  0.002  0.000   24.916   22.295    0    0  (Gen:  0)
  1037952    256784 885536704  0.002  0.000   24.918   22.296    0    0  (Gen:  0)
  1037992    258840 885678208  0.002  0.001   24.920   22.297    0    0  (Gen:  0)
  1038760    246440 885808576  0.001  0.000   24.922   22.298    0    0  (Gen:  0)
  1035048    198424 885882192  0.001  0.000   24.924   22.298    0    0  (Gen:  0)
  1037408    159664 885961816  0.001  0.000   24.926   22.299    0    0  (Gen:  0)
  1036672    188648 886066168  0.001  0.000   24.927   22.300    0    0  (Gen:  0)
  1035552    204136 886167080  0.001  0.000   24.929   22.301    0    0  (Gen:  0)
  1036688    204968 886271184  0.001  0.000   24.931   22.302    0    0  (Gen:  0)
  1040920    307160 886474952  0.002  0.001   24.933   22.303    0    0  (Gen:  0)
  1041576    425288 886699488  0.002  0.001   24.936   22.304    0    0  (Gen:  0)
  1040904    450144 886921152  0.002  0.001   24.938   22.305    0    0  (Gen:  0)
  1041040    448432 887144328  0.002  0.001   24.941   22.306    0    0  (Gen:  0)
  1041048    438536 887355936  0.001  0.001   24.943   22.308    0    0  (Gen:  0)
  1041152    436928 887580600  0.001  0.001   24.945   22.309    0    0  (Gen:  0)
  1041104    451056 887803128  0.001  0.001   24.946   22.310    0    0  (Gen:  0)
  1040680    448744 888025656  0.001  0.001   24.948   22.312    0    0  (Gen:  0)
  1041792    465584 888265184  0.001  0.001   24.950   22.313    0    0  (Gen:  0)
  1075304    290368 888312944  0.005  0.005   24.955   22.322    0    0  (Gen:  0)
  1041576    260600 888461232  0.002  0.000   24.958   22.324    0    0  (Gen:  0)
  1041680    283024 888735104  0.002  0.001   24.960   22.325    0    0  (Gen:  0)
  1036704    253720 888912240  0.002  0.001   24.963   22.326    0    0  (Gen:  0)
  1017208    317096 889040128  0.002  0.001   24.965   22.327    0    0  (Gen:  0)
  1301112     67504 889119752  0.001  0.000   24.967   22.329    0    0  (Gen:  0)
  1453648    283096 889409872  0.002  0.001   24.970   22.331    0    0  (Gen:  0)
  1041336    465368 889613880  0.002  0.001   24.973   22.332    0    0  (Gen:  0)
  1028488    333880 889737392  0.002  0.001   24.976   22.334    0    0  (Gen:  0)
  1026736    175416 889828728  0.001  0.000   24.978   22.335    0    0  (Gen:  0)
  1032504    159184 889904400  0.002  0.000   24.981   22.337    0    0  (Gen:  0)
  1035296    211960 890044168  0.002  0.001   24.984   22.339    0    0  (Gen:  0)
  1036840    270760 890179648  0.002  0.001   24.988   22.341    0    0  (Gen:  0)
  1032456    216720 890264768  0.002  0.001   24.991   22.343    0    0  (Gen:  0)
  1037584    128768 890310760  0.001  0.000   24.993   22.344    0    0  (Gen:  0)
  1041040    337512 890599760  0.003  0.001   24.997   22.346    0    0  (Gen:  0)
  1043216    415936 890781520  0.003  0.001   25.000   22.347    0    0  (Gen:  0)
  1072960     88616 890855888  0.001  0.000   25.002   22.348    0    0  (Gen:  0)
  1260224    308824 891156480  0.002  0.001   25.005   22.350    0    0  (Gen:  0)
  1040984    497296 891382544  0.002  0.001   25.007   22.352    0    0  (Gen:  0)
  1031976    376120 891532240  0.001  0.001   25.010   22.353    0    0  (Gen:  0)
  1026232    195272 891653392  0.001  0.000   25.013   22.354    0    0  (Gen:  0)
  1028952    195600 891742256  0.001  0.000   25.015   22.356    0    0  (Gen:  0)
  1030408    131472 891787984  0.000  0.000   25.018   22.357    0    0  (Gen:  0)
  1036272     45584 891803480  0.000  0.000   25.019   22.359    0    0  (Gen:  0)
  1037880    105752 891897560  0.001  0.000   25.021   22.360    0    0  (Gen:  0)
  1037464    219120 892025032  0.001  0.001   25.024   22.362    0    0  (Gen:  0)
  1037040    243584 892146744  0.001  0.001   25.027   22.364    0    0  (Gen:  0)
  1037000    229360 892250888  0.001  0.001   25.030   22.366    0    0  (Gen:  0)
  1038208    230224 892384392  0.001  0.001   25.034   22.367    0    0  (Gen:  0)
  1030848    261704 892517624  0.001  0.001   25.037   22.369    0    0  (Gen:  0)
  1037968    201272 892588616  0.001  0.000   25.040   22.371    0    0  (Gen:  0)
  1037464     91288 892617176  0.000  0.000   25.043   22.373    0    0  (Gen:  0)
  1712192    268480 892850464  0.001  0.001   25.045   22.375    0    0  (Gen:  0)
  1041656    440192 893090480  0.002  0.001   25.049   22.377    0    0  (Gen:  0)
  1042984    384688 893270696  0.001  0.000   25.052   22.378    0    0  (Gen:  0)
  1027856    130632 893388088  0.001  0.000   25.054   22.379    0    0  (Gen:  0)
  1639040    338368 893684024  0.002  0.000   25.057   22.381    0    0  (Gen:  0)
  1034952    413968 893826912  0.002  0.001   25.060   22.383    0    0  (Gen:  0)
  1033232    222544 893898032  0.002  0.000   25.063   22.384    0    0  (Gen:  0)
  1041136    169848 893988080  0.001  0.000   25.065   22.386    0    0  (Gen:  0)
  1070352    267408 894144776  0.002  0.001   25.068   22.387    0    0  (Gen:  0)
  2635400    517984 894696968  0.002  0.000   25.072   22.389    0    0  (Gen:  0)
  1772008    838280 895061536  0.003  0.001   25.076   22.390    0    0  (Gen:  0)
  1574224    562256 895244288  0.002  0.000   25.079   22.392    0    0  (Gen:  0)
  1683032    426488 895479344  0.002  0.001   25.083   22.393    0    0  (Gen:  0)
  1434560    497200 895829472  0.002  0.001   25.087   22.395    0    0  (Gen:  0)
  1428328    269736 896002344  0.001  0.000   25.090   22.396    0    0  (Gen:  0)
  1845264    465440 896308536  0.001  0.001   25.093   22.397    0    0  (Gen:  0)
  1898208    437544 896590088  0.002  0.001   25.097   22.399    0    0  (Gen:  0)
  1194344    303480 896691360  0.002  0.000   25.100   22.400    0    0  (Gen:  0)
  1022112    193528 896813160  0.001  0.000   25.102   22.401    0    0  (Gen:  0)
  1033528    219880 896924320  0.002  0.000   25.105   22.402    0    0  (Gen:  0)
  1033944    206176 897047872  0.001  0.000   25.107   22.404    0    0  (Gen:  0)
  1030016    222664 897173824  0.002  0.001   25.110   22.405    0    0  (Gen:  0)
  1026208    233360 897306024  0.001  0.001   25.112   22.407    0    0  (Gen:  0)
  1026016    239680 897441088  0.002  0.001   25.115   22.408    0    0  (Gen:  0)
  1030904    234272 897570728  0.002  0.001   25.118   22.410    0    0  (Gen:  0)
  1026088    238464 897709768  0.002  0.001   25.120   22.411    0    0  (Gen:  0)
  1025760    244536 897837416  0.002  0.001   25.123   22.412    0    0  (Gen:  0)
  1028744    224008 897957368  0.001  0.001   25.125   22.414    0    0  (Gen:  0)
  1033696    191808 898047232  0.001  0.000   25.127   22.415    0    0  (Gen:  0)
  1032096    106312 898095616  0.001  0.000   25.129   22.416    0    0  (Gen:  0)
  1029896    144680 898199136  0.001  0.000   25.131   22.417    0    0  (Gen:  0)
  1035760    208448 898279904  0.001  0.000   25.134   22.419    0    0  (Gen:  0)
  1031512    169688 898346672  0.001  0.000   25.136   22.420    0    0  (Gen:  0)
  1032776    140512 898414352  0.001  0.000   25.139   22.422    0    0  (Gen:  0)
  1034480    146640 898489600  0.001  0.000   25.141   22.424    0    0  (Gen:  0)
  1033000    154184 898568592  0.001  0.000   25.144   22.425    0    0  (Gen:  0)
  1035008    141792 898625304  0.001  0.000   25.146   22.427    0    0  (Gen:  0)
  1034304    146064 898702888  0.001  0.000   25.148   22.428    0    0  (Gen:  0)
  1032256    140928 898767872  0.001  0.000   25.151   22.430    0    0  (Gen:  0)
  1027920    215648 898911848  0.002  0.001   25.155   22.432    0    0  (Gen:  0)
  1074424    176808 899020168  0.001  0.000   25.159   22.435    0    0  (Gen:  0)
  1037848     26888 899010152  0.000  0.000   25.162   22.439    0    0  (Gen:  0)
  1039232     19384 899023760  0.000  0.000   25.166   22.442    0    0  (Gen:  0)
  1039208     38160 899053008  0.000  0.000   25.169   22.445    0    0  (Gen:  0)
  1038864    194672 899222600  0.001  0.000   25.171   22.446    0    0  (Gen:  0)
  1038808    259976 899382032  0.002  0.001   25.174   22.447    0    0  (Gen:  0)
  1029160    375344 899590512  0.002  0.001   25.177   22.449    0    0  (Gen:  0)
  1033480    326272 899681216  0.002  0.001   25.180   22.450    0    0  (Gen:  0)
  1035176    260184 899846928  0.002  0.001   25.183   22.451    0    0  (Gen:  0)
  1036816    258320 899984584  0.002  0.001   25.185   22.453    0    0  (Gen:  0)
  1070888    216040 900138360  0.002  0.000   25.188   22.454    0    0  (Gen:  0)
  1032280    155840 900216184  0.001  0.000   25.190   22.455    0    0  (Gen:  0)
  1034624    107416 900267016  0.001  0.000   25.193   22.458    0    0  (Gen:  0)
  1035760     43232 900280384  0.000  0.000   25.195   22.459    0    0  (Gen:  0)
  1036584     25944 900293528  0.000  0.000   25.196   22.460    0    0  (Gen:  0)
  1036416     33240 900315032  0.000  0.000   25.198   22.462    0    0  (Gen:  0)
  1035832     57064 900356536  0.000  0.000   25.200   22.463    0    0  (Gen:  0)
  1032776    153632 900471472  0.001  0.000   25.202   22.465    0    0  (Gen:  0)
  1037536    228352 900584176  0.002  0.001   25.206   22.467    0    0  (Gen:  0)
  1036432    230112 900703616  0.002  0.001   25.209   22.468    0    0  (Gen:  0)
  1037944    230544 900810576  0.002  0.001   25.213   22.471    0    0  (Gen:  0)
  1035496    241856 900942744  0.002  0.001   25.216   22.473    0    0  (Gen:  0)
  1035248    267376 901078416  0.002  0.001   25.220   22.474    0    0  (Gen:  0)
  1036792    258568 901198104  0.002  0.001   25.224   22.476    0    0  (Gen:  0)
  1626032    262664 901348056  0.002  0.001   25.227   22.478    0    0  (Gen:  0)
  1115432    217160 901418400  0.002  0.001   25.231   22.480    0    0  (Gen:  0)
  1068488    232880 901575616  0.002  0.001   25.234   22.482    0    0  (Gen:  0)
  1039520    236608 901691720  0.002  0.001   25.238   22.484    0    0  (Gen:  0)
  1036192    219240 901799056  0.002  0.001   25.241   22.486    0    0  (Gen:  0)
  1036800    215800 901907624  0.002  0.001   25.244   22.488    0    0  (Gen:  0)
  1039744    218280 902017232  0.002  0.001   25.247   22.489    0    0  (Gen:  0)
  1038064    215656 902123200  0.002  0.001   25.250   22.491    0    0  (Gen:  0)
  1037304    214720 902232496  0.002  0.001   25.253   22.493    0    0  (Gen:  0)
  1036408    219008 902345448  0.002  0.001   25.256   22.494    0    0  (Gen:  0)
  1038744    228760 902463768  0.002  0.001   25.259   22.496    0    0  (Gen:  0)
  1036584    221704 902567648  0.002  0.001   25.262   22.497    0    0  (Gen:  0)
  1036472    222984 902686936  0.002  0.001   25.265   22.499    0    0  (Gen:  0)
  1036880    237424 902807832  0.002  0.001   25.268   22.501    0    0  (Gen:  0)
  1072120    230760 902953680  0.002  0.001   25.272   22.503    0    0  (Gen:  0)
  1036440    230648 903070320  0.002  0.001   25.275   22.504    0    0  (Gen:  0)
  1037272    225248 903180848  0.002  0.001   25.278   22.506    0    0  (Gen:  0)
  1036800    223744 903292096  0.002  0.001   25.281   22.508    0    0  (Gen:  0)
  1036096    220936 903399792  0.002  0.001   25.284   22.509    0    0  (Gen:  0)
  1037136    215800 903510952  0.002  0.001   25.287   22.511    0    0  (Gen:  0)
  1036304    224160 903627104  0.002  0.001   25.290   22.513    0    0  (Gen:  0)
  1035720    245408 903757648  0.002  0.001   25.293   22.514    0    0  (Gen:  0)
  1036960    232240 903875208  0.002  0.001   25.296   22.516    0    0  (Gen:  0)
  1037232    231664 903985608  0.002  0.001   25.299   22.518    0    0  (Gen:  0)
  1036440    224368 904103144  0.002  0.001   25.302   22.519    0    0  (Gen:  0)
  1030264    250808 904233808  0.002  0.001   25.306   22.521    0    0  (Gen:  0)
  1038496    271920 904380360  0.002  0.001   25.309   22.523    0    0  (Gen:  0)
  1039376    272472 904509968  0.002  0.001   25.313   22.525    0    0  (Gen:  0)
  1040776    264944 904644864  0.002  0.001   25.316   22.526    0    0  (Gen:  0)
  1039392    260088 904766816  0.002  0.001   25.319   22.528    0    0  (Gen:  0)
  1039656    256496 904900664  0.002  0.001   25.322   22.530    0    0  (Gen:  0)
  1041712    274504 905045248  0.002  0.001   25.325   22.531    0    0  (Gen:  0)
  1036600    261808 905155456  0.002  0.001   25.328   22.533    0    0  (Gen:  0)
  1035616    196328 905245912  0.001  0.000   25.331   22.535    0    0  (Gen:  0)
  1037008    178800 905337208  0.001  0.000   25.334   22.537    0    0  (Gen:  0)
  1068384    178000 905460432  0.001  0.000   25.337   22.539    0    0  (Gen:  0)
  1035312    248928 905589200  0.002  0.001   25.340   22.540    0    0  (Gen:  0)
  1034488    269384 905712800  0.002  0.001   25.344   22.543    0    0  (Gen:  0)
  1035336    239792 905836416  0.002  0.001   25.348   22.545    0    0  (Gen:  0)
  1034896    238728 905959712  0.002  0.001   25.353   22.548    0    0  (Gen:  0)
  1068192    240952 906118056  0.002  0.001   25.357   22.551    0    0  (Gen:  0)
  1035024    249848 906250048  0.002  0.001   25.360   22.553    0    0  (Gen:  0)
  1033072    299832 906433192  0.002  0.001   25.364   22.555    0    0  (Gen:  0)
  1027568    331552 906579672  0.002  0.001   25.368   22.557    0    0  (Gen:  0)
  1060584    289328 906759792  0.002  0.001   25.371   22.559    0    0  (Gen:  0)
  1032200    290400 906907528  0.002  0.001   25.375   22.561    0    0  (Gen:  0)
  1028960    241984 907005824  0.002  0.001   25.378   22.563    0    0  (Gen:  0)
  1029064    264888 907146080  0.002  0.001   25.381   22.564    0    0  (Gen:  0)
  1037464    265672 907274904  0.002  0.001   25.384   22.566    0    0  (Gen:  0)
  1033888    260768 907412096  0.002  0.001   25.387   22.567    0    0  (Gen:  0)
  1039672    242064 907518896  0.002  0.001   25.390   22.569    0    0  (Gen:  0)
  1034416    252736 907661696  0.002  0.001   25.393   22.571    0    0  (Gen:  0)
  1037648    271216 907788816  0.002  0.001   25.397   22.572    0    0  (Gen:  0)
  1032952    260640 907919008  0.001  0.001   25.399   22.574    0    0  (Gen:  0)
  1037928    244800 908025704  0.002  0.001   25.402   22.576    0    0  (Gen:  0)
  1033944    239400 908152816  0.002  0.001   25.405   22.578    0    0  (Gen:  0)
  1039696    265672 908287136  0.002  0.001   25.409   22.579    0    0  (Gen:  0)
  1035768    242328 908399584  0.002  0.001   25.412   22.581    0    0  (Gen:  0)
  1037816    252536 908537600  0.002  0.001   25.415   22.583    0    0  (Gen:  0)
  1034072    275776 908680808  0.002  0.001   25.418   22.585    0    0  (Gen:  0)
  1682304    276560 908817560  0.002  0.001   25.423   22.587    0    0  (Gen:  0)
  1033896    270480 908954480  0.002  0.001   25.426   22.589    0    0  (Gen:  0)
  1040000    268504 909077184  0.002  0.001   25.429   22.590    0    0  (Gen:  0)
  1038504    256272 909208840  0.002  0.001   25.432   22.592    0    0  (Gen:  0)
  1036976    218344 909298688  0.002  0.000   25.435   22.594    0    0  (Gen:  0)
  1034368    227712 909438936  0.002  0.001   25.438   22.596    0    0  (Gen:  0)
  1037152    261640 909558896  0.002  0.001   25.442   22.598    0    0  (Gen:  0)
  1034096    264792 909703680  0.002  0.001   25.446   22.600    0    0  (Gen:  0)
  1035728    268672 909829968  0.002  0.001   25.449   22.601    0    0  (Gen:  0)
  1037032    257104 909951672  0.002  0.001   25.452   22.603    0    0  (Gen:  0)
  1038944    251032 910080688  0.002  0.001   25.456   22.605    0    0  (Gen:  0)
  1036520    268136 910213056  0.002  0.001   25.459   22.606    0    0  (Gen:  0)
  1035624    276824 910359328  0.002  0.001   25.463   22.608    0    0  (Gen:  0)
  1036032    259424 910475432  0.002  0.001   25.466   22.610    0    0  (Gen:  0)
  1039440    243248 910604808  0.002  0.001   25.469   22.612    0    0  (Gen:  0)
  1038328    241544 910718080  0.002  0.001   25.472   22.613    0    0  (Gen:  0)
  1032680    265664 910871224  0.002  0.001   25.476   22.615    0    0  (Gen:  0)
  1035560    235616 910957272  0.002  0.001   25.480   22.618    0    0  (Gen:  0)
  1028968    262656 911135312  0.002  0.001   25.484   22.620    0    0  (Gen:  0)
  1028568    343016 911310752  0.003  0.001   25.488   22.622    0    0  (Gen:  0)
  1033864    300936 911444336  0.003  0.001   25.492   22.624    0    0  (Gen:  0)
  1040080    212832 911533480  0.002  0.000   25.494   22.625    0    0  (Gen:  0)
  1033912    237088 911709656  0.002  0.001   25.497   22.627    0    0  (Gen:  0)
  1036664    200160 911758104  0.002  0.000   25.501   22.630    0    0  (Gen:  0)
  1038432     98392 911807608  0.001  0.000   25.504   22.632    0    0  (Gen:  0)
  1039992    161728 911919904  0.001  0.000   25.507   22.633    0    0  (Gen:  0)
  1040184    309832 912107944  0.002  0.001   25.509   22.635    0    0  (Gen:  0)
  1041048    231512 912199088  0.002  0.000   25.512   22.636    0    0  (Gen:  0)
  1037496    211584 912259120  0.001  0.000   25.514   22.637    0    0  (Gen:  0)
  1039720    203832 912345584  0.001  0.000   25.516   22.638    0    0  (Gen:  0)
  1039264    165424 912431736  0.001  0.000   25.519   22.640    0    0  (Gen:  0)
  1041544    235272 912609784  0.002  0.000   25.521   22.641    0    0  (Gen:  0)
  1041600    352064 912790728  0.002  0.001   25.524   22.642    0    0  (Gen:  0)
  1037520    232312 912837248  0.002  0.000   25.526   22.643    0    0  (Gen:  0)
  1038216    203472 912954632  0.001  0.000   25.529   22.645    0    0  (Gen:  0)
  1039504    190368 913040080  0.001  0.000   25.531   22.646    0    0  (Gen:  0)
  1038488    166456 913144960  0.001  0.000   25.535   22.649    0    0  (Gen:  0)
  1039416     93392 913200368  0.001  0.000   25.537   22.650    0    0  (Gen:  0)
  1039368     89072 913229928  0.001  0.000   25.541   22.654    0    0  (Gen:  0)
  1039384    108048 913298624  0.001  0.000   25.543   22.655    0    0  (Gen:  0)
  1039536    148160 913373960  0.001  0.000   25.546   22.657    0    0  (Gen:  0)
  1040072    125336 913410552  0.001  0.000   25.548   22.658    0    0  (Gen:  0)
  1038888    130600 913467424  0.001  0.000   25.551   22.660    0    0  (Gen:  0)
  1038664    116656 913526152  0.001  0.000   25.553   22.662    0    0  (Gen:  0)
  1038720    129400 913590624  0.001  0.000   25.555   22.663    0    0  (Gen:  0)
  1039752    118192 913639656  0.001  0.000   25.557   22.664    0    0  (Gen:  0)
  1039640    123328 913702400  0.001  0.000   25.559   22.666    0    0  (Gen:  0)
  1039464    116920 913760952  0.001  0.000   25.561   22.667    0    0  (Gen:  0)
  1038624    125560 913826640  0.001  0.000   25.563   22.668    0    0  (Gen:  0)
  1039248    115880 913876552  0.001  0.000   25.566   22.671    0    0  (Gen:  0)
  1038488    169336 913996248  0.001  0.000   25.568   22.672    0    0  (Gen:  0)
  1037488    139576 914028120  0.001  0.000   25.570   22.673    0    0  (Gen:  0)
  1041200    222208 914161760  0.002  0.000   25.573   22.674    0    0  (Gen:  0)
  1038960    145472 914155752  0.001  0.000   25.575   22.675    0    0  (Gen:  0)
  1039040    139472 914210152  0.001  0.000   25.577   22.677    0    0  (Gen:  0)
  1037464    104256 914254360  0.001  0.000   25.580   22.679    0    0  (Gen:  0)
  1038072    116832 914323792  0.001  0.000   25.582   22.681    0    0  (Gen:  0)
  1039200    110696 914374168  0.001  0.000   25.584   22.682    0    0  (Gen:  0)
  1038664    126328 914440824  0.001  0.000   25.587   22.684    0    0  (Gen:  0)
  1039304    109656 914486736  0.001  0.000   25.589   22.686    0    0  (Gen:  0)
  1039000    135120 914567752  0.001  0.000   25.591   22.687    0    0  (Gen:  0)
  1038840    140928 914632784  0.001  0.000   25.593   22.688    0    0  (Gen:  0)
  1693360    137808 914697552  0.001  0.000   25.596   22.689    0    0  (Gen:  0)
  1039584    120864 914740808  0.001  0.000   25.598   22.691    0    0  (Gen:  0)
  1039968     88560 914768792  0.001  0.000   25.600   22.692    0    0  (Gen:  0)
  1040984     83192 914812696  0.001  0.000   25.602   22.693    0    0  (Gen:  0)
  1040568     91056 914848000  0.001  0.000   25.603   22.695    0    0  (Gen:  0)
  1040440    112848 914907216  0.001  0.000   25.605   22.696    0    0  (Gen:  0)
  1040608     98856 914931736  0.001  0.000   25.607   22.697    0    0  (Gen:  0)
  1040824    103280 914983592  0.001  0.000   25.609   22.698    0    0  (Gen:  0)
  1040536     92272 915013632  0.001  0.000   25.611   22.700    0    0  (Gen:  0)
  1040360     65824 915038352  0.001  0.000   25.613   22.701    0    0  (Gen:  0)
  1040656     94368 915090344  0.001  0.000   25.615   22.702    0    0  (Gen:  0)
  1040296     96832 915131960  0.001  0.000   25.616   22.703    0    0  (Gen:  0)
  1040312     85144 915156544  0.001  0.000   25.618   22.705    0    0  (Gen:  0)
  1040688     82320 915200896  0.001  0.000   25.620   22.705    0    0  (Gen:  0)
  1040608     79880 915220752  0.001  0.000   25.622   22.707    0    0  (Gen:  0)
  1040368     82352 915264856  0.001  0.000   25.623   22.708    0    0  (Gen:  0)
  1040096    104032 915317120  0.001  0.000   25.625   22.709    0    0  (Gen:  0)
  1039576     97256 915348200  0.001  0.000   25.627   22.710    0    0  (Gen:  0)
  1039952    103800 915405688  0.001  0.000   25.629   22.712    0    0  (Gen:  0)
  1040528     99048 915430640  0.001  0.000   25.630   22.712    0    0  (Gen:  0)
  1040360     86728 915450856  0.001  0.000   25.632   22.713    0    0  (Gen:  0)
  1039560     99464 915498488  0.001  0.000   25.634   22.714    0    0  (Gen:  0)
  1041176     99496 915540856  0.001  0.000   25.635   22.715    0    0  (Gen:  0)
  1040016    108504 915600144  0.001  0.000   25.637   22.717    0    0  (Gen:  0)
  1041192    140392 915689840  0.001  0.000   25.639   22.718    0    0  (Gen:  0)
  1040536     82720 915679048  0.001  0.000   25.640   22.718    0    0  (Gen:  0)
  1041240     94576 915725560  0.001  0.000   25.642   22.720    0    0  (Gen:  0)
  1040136    108696 915779224  0.001  0.000   25.644   22.721    0    0  (Gen:  0)
  1040984     96552 915817536  0.001  0.000   25.646   22.722    0    0  (Gen:  0)
  1040640    120288 915882472  0.001  0.000   25.648   22.724    0    0  (Gen:  0)
  1040376     90560 915922776  0.001  0.000   25.650   22.725    0    0  (Gen:  0)
  1039312     82760 915953352  0.001  0.000   25.652   22.726    0    0  (Gen:  0)
  1041504     77824 915980000  0.001  0.000   25.653   22.727    0    0  (Gen:  0)
  1036688     73424 916006408  0.001  0.000   25.655   22.728    0    0  (Gen:  0)
  1041016     72992 916044592  0.001  0.000   25.656   22.729    0    0  (Gen:  0)
  1041280     75704 916069792  0.001  0.000   25.658   22.730    0    0  (Gen:  0)
  1040728     78064 916109504  0.001  0.000   25.660   22.731    0    0  (Gen:  0)
  1036280     92240 916154904  0.001  0.000   25.662   22.732    0    0  (Gen:  0)
  1041648    100216 916202968  0.001  0.000   25.663   22.733    0    0  (Gen:  0)
  1041168     98128 916244792  0.001  0.000   25.665   22.735    0    0  (Gen:  0)
  1040752    100920 916288200  0.001  0.000   25.667   22.736    0    0  (Gen:  0)
  1040352     95944 916324288  0.001  0.000   25.668   22.737    0    0  (Gen:  0)
  1040952     73336 916346712  0.001  0.000   25.670   22.738    0    0  (Gen:  0)
  1040144     84192 916388912  0.001  0.000   25.672   22.739    0    0  (Gen:  0)
  1039960    104552 916442168  0.001  0.000   25.674   22.740    0    0  (Gen:  0)
  1040304     82320 916457576  0.001  0.000   25.675   22.742    0    0  (Gen:  0)
  1041160     80024 916500688  0.001  0.000   25.677   22.743    0    0  (Gen:  0)
  1040608     82440 916525016  0.001  0.000   25.679   22.744    0    0  (Gen:  0)
  1039328    119896 916599088  0.001  0.000   25.681   22.745    0    0  (Gen:  0)
  1041872    182568 916693984  0.001  0.000   25.683   22.746    0    0  (Gen:  0)
  1041392    217712 916776992  0.002  0.000   25.685   22.747    0    0  (Gen:  0)
  1039456    168504 916772376  0.001  0.000   25.687   22.748    0    0  (Gen:  0)
  1040632    121376 916776328  0.001  0.000   25.688   22.749    0    0  (Gen:  0)
  1039816    115752 916818432  0.001  0.000   25.690   22.750    0    0  (Gen:  0)
  1040136    114880 916869368  0.001  0.000   25.692   22.751    0    0  (Gen:  0)
  1041136    127008 916924248  0.001  0.000   25.694   22.752    0    0  (Gen:  0)
  1040040    101760 916949304  0.001  0.000   25.696   22.753    0    0  (Gen:  0)
  1040552     96832 916990192  0.001  0.000   25.698   22.755    0    0  (Gen:  0)
  1040736    135192 917068760  0.001  0.000   25.699   22.755    0    0  (Gen:  0)
  1041136    101872 917094840  0.001  0.000   25.701   22.757    0    0  (Gen:  0)
  1040624    113488 917149088  0.001  0.000   25.703   22.758    0    0  (Gen:  0)
  1040312    104992 917184400  0.001  0.000   25.705   22.759    0    0  (Gen:  0)
  1039976     93256 917220704  0.001  0.000   25.706   22.760    0    0  (Gen:  0)
  1042152    173776 917341664  0.001  0.000   25.709   22.761    0    0  (Gen:  0)
  1041016    231800 917521400  0.002  0.000   25.711   22.762    0    0  (Gen:  0)
  1040584    181792 917517336  0.001  0.000   25.713   22.763    0    0  (Gen:  0)
  1040576    133512 917521696  0.001  0.000   25.714   22.764    0    0  (Gen:  0)
  1039704    211608 917647992  0.001  0.000   25.716   22.765    0    0  (Gen:  0)
  1040184    120448 917606608  0.001  0.000   25.718   22.766    0    0  (Gen:  0)
  1040152     94576 917634408  0.001  0.000   25.720   22.767    0    0  (Gen:  0)
  1040640    104368 917684136  0.001  0.000   25.722   22.768    0    0  (Gen:  0)
  1040384    108472 917733472  0.001  0.000   25.723   22.769    0    0  (Gen:  0)
  1040336     98544 917775816  0.001  0.000   25.725   22.770    0    0  (Gen:  0)
  1040768    159544 917878256  0.001  0.000   25.727   22.771    0    0  (Gen:  0)
  1040984    107224 917878168  0.001  0.000   25.729   22.772    0    0  (Gen:  0)
  1040328     95472 917919440  0.001  0.000   25.730   22.773    0    0  (Gen:  0)
  1040272    106048 917969088  0.001  0.000   25.732   22.774    0    0  (Gen:  0)
  1040008    114568 918031016  0.001  0.000   25.734   22.776    0    0  (Gen:  0)
  1037320    152144 918110400  0.001  0.000   25.736   22.777    0    0  (Gen:  0)
  1040400    127192 918184304  0.001  0.000   25.739   22.779    0    0  (Gen:  0)
  1041168    182064 918317864  0.001  0.000   25.741   22.780    0    0  (Gen:  0)
  1040872    149848 918316240  0.001  0.000   25.743   22.781    0    0  (Gen:  0)
  1040312    195728 918417376  0.001  0.000   25.745   22.782    0    0  (Gen:  0)
  1041048    211232 918485392  0.002  0.000   25.747   22.783    0    0  (Gen:  0)
  1040040    162232 918481488  0.001  0.000   25.749   22.784    0    0  (Gen:  0)
  1038792     94864 918464256  0.001  0.000   25.750   22.785    0    0  (Gen:  0)
  1041544     97088 918510528  0.001  0.000   25.753   22.787    0    0  (Gen:  0)
  1041440    120784 918571056  0.001  0.000   25.755   22.788    0    0  (Gen:  0)
  1041328     94888 918595256  0.001  0.000   25.756   22.789    0    0  (Gen:  0)
  1041480     98888 918645288  0.001  0.000   25.758   22.790    0    0  (Gen:  0)
  1042200    176272 918761952  0.001  0.000   25.760   22.791    0    0  (Gen:  0)
  1040584     97832 918738104  0.001  0.000   25.762   22.792    0    0  (Gen:  0)
  1041520     87736 918777896  0.001  0.000   25.764   22.794    0    0  (Gen:  0)
  1041376    118832 918843488  0.001  0.000   25.766   22.795    0    0  (Gen:  0)
  1694680     97984 918872752  0.001  0.000   25.768   22.796    0    0  (Gen:  0)
  1041016     96800 918914688  0.001  0.000   25.770   22.797    0    0  (Gen:  0)
  1041304    216984 919081800  0.002  0.000   25.772   22.798    0    0  (Gen:  0)
  1039968    164760 919074032  0.001  0.000   25.774   22.799    0    0  (Gen:  0)
  1039456    114656 919076808  0.001  0.000   25.775   22.800    0    0  (Gen:  0)
  1041088    230216 919241176  0.002  0.001   25.777   22.801    0    0  (Gen:  0)
  1039336    146296 919211000  0.001  0.000   25.779   22.802    0    0  (Gen:  0)
  1039480     89216 919212432  0.001  0.000   25.781   22.803    0    0  (Gen:  0)
  1041744     95496 919256536  0.001  0.000   25.783   22.804    0    0  (Gen:  0)
  1041344    133688 919335176  0.001  0.000   25.785   22.806    0    0  (Gen:  0)
  1041464     92032 919345320  0.001  0.000   25.787   22.807    0    0  (Gen:  0)
  1041576     96072 919393256  0.001  0.000   25.789   22.808    0    0  (Gen:  0)
  1041632    117784 919456872  0.001  0.000   25.790   22.809    0    0  (Gen:  0)
  1041080     95792 919492680  0.001  0.000   25.792   22.810    0    0  (Gen:  0)
  1041336     95464 919534952  0.001  0.000   25.794   22.811    0    0  (Gen:  0)
  1041184    100208 919578400  0.001  0.000   25.795   22.812    0    0  (Gen:  0)
  1040424    108288 919636208  0.001  0.000   25.798   22.814    0    0  (Gen:  0)
  1037168    113928 919684112  0.001  0.000   25.800   22.815    0    0  (Gen:  0)
  1043016    245192 919879904  0.001  0.000   25.802   22.816    0    0  (Gen:  0)
  1041024     74976 919933848  0.001  0.000   25.804   22.817    0    0  (Gen:  0)
  1042192    129664 920044240  0.001  0.000   25.806   22.819    0    0  (Gen:  0)
  1127112    134040 920155976  0.001  0.000   25.808   22.820    0    0  (Gen:  0)
  1038800    236728 920357984  0.002  0.001   25.811   22.822    0    0  (Gen:  0)
  1036936    504720 920659776  0.004  0.001   25.815   22.823    0    0  (Gen:  0)
  1041352    392336 920804968  0.003  0.001   25.819   22.825    0    0  (Gen:  0)
  1039568    430208 921064232  0.004  0.001   25.823   22.827    0    0  (Gen:  0)
  1038768    442832 921302128  0.003  0.001   25.827   22.829    0    0  (Gen:  0)
  1039008    426128 921548512  0.002  0.001   25.831   22.831    0    0  (Gen:  0)
  1040320    443688 921807696  0.004  0.001   25.836   22.833    0    0  (Gen:  0)
  1039952    452936 922075944  0.004  0.001   25.840   22.835    0    0  (Gen:  0)
  1039120    460176 922336928  0.004  0.001   25.845   22.837    0    0  (Gen:  0)
  1037656    475048 922623176  0.003  0.001   25.850   22.839    0    0  (Gen:  0)
  1035864    483312 922871008  0.003  0.001   25.854   22.841    0    0  (Gen:  0)
  1037080    360928 923010624  0.002  0.001   25.857   22.842    0    0  (Gen:  0)
  1037496    269064 923139856  0.002  0.000   25.859   22.843    0    0  (Gen:  0)
  1037712    253328 923274248  0.002  0.000   25.861   22.844    0    0  (Gen:  0)
  1038184    264984 923425248  0.002  0.001   25.863   22.845    0    0  (Gen:  0)
  1036656    221232 923517000  0.001  0.000   25.865   22.846    0    0  (Gen:  0)
  1035632    172320 923593600  0.001  0.000   25.867   22.847    0    0  (Gen:  0)
  1037760    194072 923705744  0.001  0.000   25.868   22.847    0    0  (Gen:  0)
  1035992    215400 923810848  0.001  0.000   25.870   22.848    0    0  (Gen:  0)
  1037768    238048 923944800  0.002  0.000   25.872   22.849    0    0  (Gen:  0)
  1038400    310544 924127992  0.002  0.001   25.875   22.851    0    0  (Gen:  0)
  1039576    370272 924349544  0.003  0.001   25.879   22.852    0    0  (Gen:  0)
  1040256    399296 924582040  0.003  0.001   25.883   22.854    0    0  (Gen:  0)
  1038864    334840 924747264  0.002  0.001   25.886   22.855    0    0  (Gen:  0)
  1039184    291960 924899560  0.002  0.001   25.889   22.856    0    0  (Gen:  0)
  1038232    293808 925060112  0.002  0.001   25.891   22.858    0    0  (Gen:  0)
  1038880    284600 925208056  0.002  0.001   25.894   22.859    0    0  (Gen:  0)
  1039224    251032 925330944  0.002  0.001   25.896   22.860    0    0  (Gen:  0)
  1039056    298424 925516000  0.002  0.001   25.899   22.861    0    0  (Gen:  0)
  1038776    344608 925705192  0.003  0.001   25.903   22.863    0    0  (Gen:  0)
  1038472    306120 925854320  0.002  0.001   25.905   22.864    0    0  (Gen:  0)
  1035600    211488 925938944  0.001  0.000   25.907   22.865    0    0  (Gen:  0)
  1037176    237768 926087720  0.002  0.001   25.909   22.866    0    0  (Gen:  0)
  1038576    313264 926270792  0.002  0.001   25.912   22.867    0    0  (Gen:  0)
  1038264    308656 926426688  0.002  0.001   25.915   22.868    0    0  (Gen:  0)
  1037544    309568 926601104  0.002  0.001   25.918   22.870    0    0  (Gen:  0)
  1038528    327880 926778192  0.003  0.001   25.921   22.871    0    0  (Gen:  0)
  1038664    269504 926896608  0.002  0.001   25.924   22.872    0    0  (Gen:  0)
  1040056    315328 927103144  0.002  0.001   25.926   22.873    0    0  (Gen:  0)
  1040840    422936 927339680  0.003  0.001   25.930   22.875    0    0  (Gen:  0)
  1040504    451120 927566760  0.003  0.001   25.934   22.877    0    0  (Gen:  0)
  1040056    440776 927789952  0.003  0.001   25.937   22.878    0    0  (Gen:  0)
  1040512    448480 928017752  0.003  0.001   25.940   22.879    0    0  (Gen:  0)
  1040768    441344 928237520  0.002  0.001   25.943   22.881    0    0  (Gen:  0)
  1040592    444456 928459784  0.002  0.001   25.946   22.882    0    0  (Gen:  0)
  1040456    459600 928693328  0.003  0.001   25.949   22.883    0    0  (Gen:  0)
  1040856    443536 928917176  0.003  0.001   25.953   22.885    0    0  (Gen:  0)
  1040576    449600 929145408  0.003  0.001   25.956   22.886    0    0  (Gen:  0)
  1040512    447592 929372488  0.003  0.001   25.959   22.887    0    0  (Gen:  0)
  1040704    434744 929586000  0.003  0.001   25.962   22.889    0    0  (Gen:  0)
  1041744    435760 929810872  0.002  0.001   25.965   22.890    0    0  (Gen:  0)
  1040816    450680 930032744  0.002  0.001   25.968   22.891    0    0  (Gen:  0)
  1040528    447856 930255112  0.002  0.001   25.971   22.892    0    0  (Gen:  0)
  1041688    440608 930469648  0.002  0.001   25.973   22.893    0    0  (Gen:  0)
  1041624    437152 930691552  0.002  0.001   25.976   22.895    0    0  (Gen:  0)
  1040752    450072 930914008  0.002  0.001   25.979   22.896    0    0  (Gen:  0)
  1693912    455176 931143192  0.003  0.001   25.983   22.897    0    0  (Gen:  0)
  1040576    436392 931359544  0.002  0.001   25.986   22.899    0    0  (Gen:  0)
  1041168    437696 931581528  0.002  0.001   25.988   22.900    0    0  (Gen:  0)
  1040584    450328 931804200  0.002  0.001   25.991   22.901    0    0  (Gen:  0)
  1040760    433440 932011400  0.002  0.001   25.994   22.902    0    0  (Gen:  0)
  1040944    435816 932235976  0.002  0.001   25.997   22.903    0    0  (Gen:  0)
  1040992    451528 932459120  0.002  0.001   25.999   22.905    0    0  (Gen:  0)
  1041016    449384 932681712  0.002  0.001   26.002   22.906    0    0  (Gen:  0)
  1041504    476208 932931792  0.003  0.001   26.006   22.907    0    0  (Gen:  0)
  1139816    346992 933065096  0.002  0.001   26.008   22.908    0    0  (Gen:  0)
  1041824    140360 932989184  0.001  0.000   26.010   22.909    0    0  (Gen:  0)
  1043360    128112 933094072  0.001  0.000   26.011   22.910    0    0  (Gen:  0)
  1041368    312048 933402648  0.002  0.001   26.014   22.912    0    0  (Gen:  0)
  1041856    183640 933580136  0.001  0.000   26.016   22.913    0    0  (Gen:  0)
  1037576    402536 933920720  0.002  0.001   26.019   22.914    0    0  (Gen:  0)
  1042576    315712 933993856  0.002  0.001   26.021   22.915    0    0  (Gen:  0)
  1038152    288152 934267832  0.002  0.001   26.024   22.916    0    0  (Gen:  0)
  1032048    295536 934544264  0.002  0.001   26.026   22.917    0    0  (Gen:  0)
  1036704    263856 934796344  0.002  0.001   26.029   22.919    0    0  (Gen:  0)
  1037848     48632 934862376  0.000  0.000   26.030   22.919    0    0  (Gen:  0)
  1320192     63800 934887712  0.001  0.000   26.032   22.921    0    0  (Gen:  0)
  1256600    108104 934929744  0.001  0.000   26.035   22.923    0    0  (Gen:  0)
  1074936     60880 934958632  0.001  0.000   26.036   22.924    0    0  (Gen:  0)
  1113672    252640 935226200  0.001  0.000   26.039   22.925    0    0  (Gen:  0)
  1041640    455352 935446256  0.002  0.001   26.042   22.927    0    0  (Gen:  0)
  1037152    266656 935490192  0.001  0.000   26.044   22.928    0    0  (Gen:  0)
  1041968    359152 935813600  0.002  0.001   26.047   22.929    0    0  (Gen:  0)
  1030072    121016 935920800  0.001  0.000   26.048   22.930    0    0  (Gen:  0)
  1031656    148808 935982144  0.001  0.000   26.051   22.931    0    0  (Gen:  0)
  1034144    163888 936088896  0.001  0.000   26.053   22.933    0    0  (Gen:  0)
  1029744    191200 936169672  0.001  0.000   26.058   22.936    0    0  (Gen:  0)
  1039352    129648 936252608  0.001  0.000   26.060   22.938    0    0  (Gen:  0)
  1035304    252088 936417128  0.002  0.000   26.062   22.939    0    0  (Gen:  0)
  1031640    196072 936455744  0.001  0.000   26.065   22.941    0    0  (Gen:  0)
  1036584    109584 936520424  0.001  0.000   26.067   22.942    0    0  (Gen:  0)
  1031800    226856 936682352  0.002  0.001   26.070   22.944    0    0  (Gen:  0)
  1038840    288016 936807936  0.002  0.001   26.074   22.946    0    0  (Gen:  0)
  1038984    255744 936941384  0.002  0.001   26.077   22.947    0    0  (Gen:  0)
  1038784    256832 937066408  0.002  0.001   26.080   22.949    0    0  (Gen:  0)
  1040736    265736 937206952  0.002  0.001   26.083   22.950    0    0  (Gen:  0)
  1038624    233928 937298728  0.002  0.000   26.086   22.952    0    0  (Gen:  0)
  1038288    179288 937390136  0.001  0.000   26.089   22.954    0    0  (Gen:  0)
  1035648    218088 937520088  0.002  0.001   26.092   22.956    0    0  (Gen:  0)
  1035872    249368 937644816  0.002  0.001   26.096   22.958    0    0  (Gen:  0)
  1034920    238720 937766592  0.002  0.001   26.100   22.961    0    0  (Gen:  0)
  1034752    238832 937890840  0.002  0.001   26.104   22.964    0    0  (Gen:  0)
  1070360    282464 938057064  0.002  0.001   26.108   22.966    0    0  (Gen:  0)
  1034112    307232 938205416  0.002  0.001   26.111   22.968    0    0  (Gen:  0)
  1069064    290720 938384864  0.002  0.001   26.115   22.970    0    0  (Gen:  0)
  1033000    242704 938451904  0.002  0.001   26.118   22.971    0    0  (Gen:  0)
  1035376    246632 938574608  0.002  0.001   26.121   22.973    0    0  (Gen:  0)
  1039512    291632 938752304  0.002  0.001   26.124   22.974    0    0  (Gen:  0)
  1038856    154384 938756608  0.001  0.000   26.126   22.975    0    0  (Gen:  0)
  1037464    169016 938840568  0.001  0.000   26.128   22.977    0    0  (Gen:  0)
  1040896    204576 938961040  0.002  0.000   26.130   22.978    0    0  (Gen:  0)
  1041152    233336 939080616  0.002  0.000   26.133   22.979    0    0  (Gen:  0)
  1037840    183880 939090584  0.001  0.000   26.135   22.980    0    0  (Gen:  0)
  1039512    166992 939154056  0.001  0.000   26.137   22.982    0    0  (Gen:  0)
  1034984    118968 939218032  0.001  0.000   26.140   22.984    0    0  (Gen:  0)
  1040160    108144 939304720  0.001  0.000   26.144   22.987    0    0  (Gen:  0)
  1040496    129376 939357912  0.001  0.000   26.145   22.988    0    0  (Gen:  0)
  1041144    122936 939395776  0.001  0.000   26.147   22.988    0    0  (Gen:  0)
  1040824    126832 939434096  0.001  0.000   26.148   22.989    0    0  (Gen:  0)
  1040464     95080 939435552  0.001  0.000   26.150   22.990    0    0  (Gen:  0)
  1041424    116064 939502512  0.001  0.000   26.152   22.992    0    0  (Gen:  0)
  1040368     98000 939526312  0.001  0.000   26.154   22.993    0    0  (Gen:  0)
  1041056    137040 939608504  0.001  0.000   26.156   22.994    0    0  (Gen:  0)
  1042080     96376 939620032  0.001  0.000   26.158   22.995    0    0  (Gen:  0)
  1041192     92672 939664816  0.001  0.000   26.159   22.996    0    0  (Gen:  0)
  1042040     89872 939702824  0.001  0.000   26.161   22.998    0    0  (Gen:  0)
  1705272    102456 939755944  0.001  0.000   26.163   22.999    0    0  (Gen:  0)
  1040304     98792 939795752  0.001  0.000   26.165   22.999    0    0  (Gen:  0)
  1041608     98864 939834056  0.001  0.000   26.166   23.000    0    0  (Gen:  0)
  1040360     93840 939861736  0.001  0.000   26.168   23.001    0    0  (Gen:  0)
  1040320     94208 939904464  0.001  0.000   26.170   23.003    0    0  (Gen:  0)
  1039776    101896 939953344  0.001  0.000   26.172   23.004    0    0  (Gen:  0)
  1040272    125304 940025016  0.001  0.000   26.174   23.005    0    0  (Gen:  0)
  1041008     97784 940045120  0.001  0.000   26.175   23.006    0    0  (Gen:  0)
  1041328     88168 940083720  0.001  0.000   26.177   23.007    0    0  (Gen:  0)
  1041768     94496 940126240  0.001  0.000   26.179   23.008    0    0  (Gen:  0)
  1042432    205432 940278344  0.001  0.000   26.181   23.010    0    0  (Gen:  0)
  1040664    168936 940414280  0.001  0.000   26.183   23.011    0    0  (Gen:  0)
  1039824    337328 940664120  0.003  0.001   26.187   23.013    0    0  (Gen:  0)
  1039432    356360 940797456  0.002  0.001   26.190   23.014    0    0  (Gen:  0)
  1037248    269648 940942408  0.002  0.001   26.192   23.015    0    0  (Gen:  0)
  1036280    217104 941042872  0.001  0.000   26.194   23.016    0    0  (Gen:  0)
  1035888    196536 941137568  0.001  0.000   26.195   23.017    0    0  (Gen:  0)
  1036824    200872 941242224  0.001  0.000   26.197   23.017    0    0  (Gen:  0)
  1039016    290520 941428752  0.002  0.001   26.200   23.019    0    0  (Gen:  0)
  1040832    396560 941676592  0.003  0.001   26.204   23.020    0    0  (Gen:  0)
  1041928    390840 941889912  0.002  0.001   26.207   23.022    0    0  (Gen:  0)
  1041248    433448 942106800  0.002  0.001   26.209   23.023    0    0  (Gen:  0)
  1041640    437240 942319552  0.002  0.001   26.212   23.024    0    0  (Gen:  0)
  1040728    436496 942538048  0.002  0.001   26.215   23.025    0    0  (Gen:  0)
  1041632    358096 942670744  0.002  0.001   26.217   23.026    0    0  (Gen:  0)
  1043648    225728 942758800  0.001  0.000   26.219   23.027    0    0  (Gen:  0)
  1075544    315856 943071936  0.002  0.000   26.221   23.028    0    0  (Gen:  0)
  1035936    247936 943296760  0.001  0.000   26.223   23.030    0    0  (Gen:  0)
  1151320    184496 943286264  0.001  0.000   26.226   23.031    0    0  (Gen:  0)
  1187952    166744 943469560  0.001  0.000   26.228   23.033    0    0  (Gen:  0)
  1038544    384304 943717792  0.002  0.001   26.231   23.034    0    0  (Gen:  0)
  1041928    454152 943948144  0.002  0.001   26.234   23.035    0    0  (Gen:  0)
  1035000    266600 944037312  0.001  0.000   26.236   23.036    0    0  (Gen:  0)
  1029888    347976 944329128  0.002  0.001   26.239   23.038    0    0  (Gen:  0)
  1029928    160928 944440296  0.001  0.000   26.241   23.039    0    0  (Gen:  0)
  1030600    141408 944485504  0.001  0.000   26.243   23.041    0    0  (Gen:  0)
  1034328     54304 944502936  0.000  0.000   26.245   23.042    0    0  (Gen:  0)
  1037384    151264 944636744  0.001  0.000   26.247   23.043    0    0  (Gen:  0)
  1036672    263688 944766344  0.002  0.001   26.251   23.045    0    0  (Gen:  0)
  1032600    233168 944872760  0.002  0.001   26.255   23.048    0    0  (Gen:  0)
  1038792    201136 944978960  0.002  0.001   26.258   23.050    0    0  (Gen:  0)
  1040480    369808 945257096  0.003  0.001   26.262   23.051    0    0  (Gen:  0)
  1041880    335056 945365048  0.002  0.001   26.265   23.052    0    0  (Gen:  0)
  1043744    184872 945519584  0.001  0.000   26.266   23.053    0    0  (Gen:  0)
  1107392    157920 945650488  0.001  0.000   26.269   23.055    0    0  (Gen:  0)
  2819944    493968 946168352  0.001  0.000   26.272   23.056    0    0  (Gen:  0)
  3116000   1115480 946852096  0.003  0.001   26.277   23.058    0    0  (Gen:  0)
  3382824   1270840 947429176  0.004  0.001   26.283   23.059    0    0  (Gen:  0)
  2884608   1076760 947942560  0.004  0.001   26.287   23.060    0    0  (Gen:  0)
  3586416    846664 948468216  0.002  0.001   26.294   23.062    0    0  (Gen:  0)
  2976560    714104 948799616  0.005  0.001   26.300   23.064    0    0  (Gen:  0)
  3634992    696152 949345040  0.003  0.001   26.309   23.066    0    0  (Gen:  0)
  1935632    786056 949653960  0.003  0.001   26.315   23.068    0    0  (Gen:  0)
  2858600    343248 949874640  0.003  0.000   26.322   23.069    0    0  (Gen:  0)
  2394936    528016 950233528  0.004  0.001   26.327   23.071    0    0  (Gen:  0)
  2742032    819952 950723296  0.002  0.001   26.332   23.072    0    0  (Gen:  0)
  2645984    620368 951043600  0.002  0.001   26.339   23.074    0    0  (Gen:  0)
  2765056    603616 951399424  0.003  0.001   26.345   23.076    0    0  (Gen:  0)
  3083912    613696 951676048  0.005  0.001   26.351   23.077    0    0  (Gen:  0)
  1799800    651736 952049784  0.004  0.001   26.357   23.079    0    0  (Gen:  0)
  3539000    315952 952279816  0.004  0.000   26.362   23.080    0    0  (Gen:  0)
  3085984    551904 952608888  0.004  0.000   26.369   23.082    0    0  (Gen:  0)
  3257792    603552 952904320  0.002  0.001   26.377   23.084    0    0  (Gen:  0)
  2773600    564656 953188072  0.004  0.001   26.383   23.086    0    0  (Gen:  0)
  2638136    669696 953621776  0.005  0.001   26.389   23.087    0    0  (Gen:  0)
  3405448    488208 953935912  0.002  0.001   26.396   23.089    0    0  (Gen:  0)
  3404584    909376 954565856  0.005  0.001   26.403   23.091    0    0  (Gen:  0)
  3579904   1231800 955210784  0.005  0.001   26.410   23.093    0    0  (Gen:  0)
  2778264   1152888 955850448  0.004  0.001   26.416   23.094    0    0  (Gen:  0)
  2636784    693248 956360968  0.005  0.001   26.422   23.096    0    0  (Gen:  0)
  2825752    620352 956706296  0.003  0.001   26.428   23.098    0    0  (Gen:  0)
  3403760    811440 957283792  0.004  0.001   26.434   23.099    0    0  (Gen:  0)
  2501832    810208 957587272  0.002  0.001   26.439   23.101    0    0  (Gen:  0)
  2133392    809336 958074512  0.003  0.001   26.444   23.102    0    0  (Gen:  0)
  2621528    343672 958303864  0.005  0.001   26.450   23.104    0    0  (Gen:  0)
  2215800    369504 958490880  0.003  0.000   26.455   23.105    0    0  (Gen:  0)
  2732304    324632 958637320  0.004  0.000   26.461   23.107    0    0  (Gen:  0)
  3060248    341632 958831888  0.005  0.001   26.468   23.108    0    0  (Gen:  0)
  2686568    734880 959369464  0.002  0.001   26.474   23.110    0    0  (Gen:  0)
  3228192    716896 959811728  0.004  0.001   26.483   23.112    0    0  (Gen:  0)
  2827984    822272 960262136  0.003  0.001   26.489   23.114    0    0  (Gen:  0)
  2390640    791272 960630296  0.003  0.001   26.494   23.116    0    0  (Gen:  0)
  2764616    786392 961160400  0.004  0.001   26.499   23.117    0    0  (Gen:  0)
  3843160    764144 961661032  0.004  0.001   26.506   23.119    0    0  (Gen:  0)
  2571328    836376 962078936  0.003  0.001   26.512   23.120    0    0  (Gen:  0)
  2465360    498032 962480448  0.002  0.001   26.516   23.122    0    0  (Gen:  0)
  2877792    658440 962889536  0.002  0.001   26.521   23.123    0    0  (Gen:  0)
  2004920    563032 963298736  0.002  0.001   26.525   23.124    0    0  (Gen:  0)
  2890408    309456 963496144  0.001  0.000   26.530   23.126    0    0  (Gen:  0)
  3993592    866240 964283216  0.002  0.001   26.536   23.128    0    0  (Gen:  0)
  3567728   1455368 965025272  0.004  0.001   26.542   23.129    0    0  (Gen:  0)
  3397488   1204712 965611928  0.004  0.001   26.547   23.131    0    0  (Gen:  0)
  3102584   1005608 966104656  0.004  0.001   26.553   23.132    0    0  (Gen:  0)
  2782184   1051568 966866648  0.005  0.001   26.558   23.134    0    0  (Gen:  0)
  3512360    710312 967284584  0.005  0.001   26.564   23.135    0    0  (Gen:  0)
  3771160    794120 967713496  0.005  0.001   26.571   23.137    0    0  (Gen:  0)
  2176256    706528 968085632  0.004  0.001   26.576   23.138    0    0  (Gen:  0)
  2926168    588752 968459968  0.004  0.001   26.582   23.140    0    0  (Gen:  0)
  3153664    439104 968710952  0.004  0.001   26.587   23.141    0    0  (Gen:  0)
  2800976    465872 968920848  0.004  0.001   26.593   23.143    0    0  (Gen:  0)
  2962976    517376 969239920  0.005  0.001   26.599   23.144    0    0  (Gen:  0)
  2500088    529216 969501968  0.002  0.000   26.604   23.146    0    0  (Gen:  0)
  2761944    542672 969836008  0.005  0.001   26.610   23.147    0    0  (Gen:  0)
  2456488    502176 970074064  0.004  0.000   26.616   23.149    0    0  (Gen:  0)
  2479920    460480 970303952  0.004  0.001   26.622   23.150    0    0  (Gen:  0)
  2924184    466712 970544896  0.004  0.001   26.628   23.152    0    0  (Gen:  0)
  2989424    453248 970771032  0.003  0.001   26.635   23.154    0    0  (Gen:  0)
  2105024    418008 970976672  0.004  0.000   26.640   23.155    0    0  (Gen:  0)
  2628144    417768 971200832  0.004  0.000   26.646   23.157    0    0  (Gen:  0)
  3111744    561208 971560544  0.004  0.001   26.653   23.159    0    0  (Gen:  0)
  3157264    460232 971718952  0.004  0.001   26.659   23.160    0    0  (Gen:  0)
  2557280    542944 972118856  0.001  0.001   26.663   23.162    0    0  (Gen:  0)
  3183320    547504 972546368  0.003  0.000   26.669   23.163    0    0  (Gen:  0)
  2758648    503672 972795360  0.003  0.000   26.674   23.165    0    0  (Gen:  0)
  3376728    697192 973284096  0.003  0.001   26.680   23.166    0    0  (Gen:  0)
  2830080    835536 973681952  0.006  0.001   26.687   23.168    0    0  (Gen:  0)
  2989304    704096 974060328  0.002  0.001   26.694   23.170    0    0  (Gen:  0)
  2632776    767680 974497400  0.004  0.001   26.699   23.172    0    0  (Gen:  0)
  2692184    660816 974904248  0.002  0.001   26.705   23.173    0    0  (Gen:  0)
  2691368    483352 975131824  0.004  0.001   26.712   23.175    0    0  (Gen:  0)
  3264056    403400 975423296  0.002  0.000   26.717   23.176    0    0  (Gen:  0)
  3085992    221112 975457824  0.001  0.000   26.722   23.178    0    0  (Gen:  0)
  4094560    334264 975773040  0.005  0.001   26.729   23.179    0    0  (Gen:  0)
  3488656    589160 976104608  0.004  0.001   26.735   23.181    0    0  (Gen:  0)
  3006208    613288 976400016  0.004  0.001   26.741   23.183    0    0  (Gen:  0)
  2941128    632184 976724584  0.005  0.001   26.747   23.184    0    0  (Gen:  0)
  3291176    688616 977101016  0.004  0.001   26.755   23.187    0    0  (Gen:  0)
  3308232    635856 977466424  0.006  0.001   26.762   23.188    0    0  (Gen:  0)
  3137144    602664 977734368  0.003  0.000   26.768   23.190    0    0  (Gen:  0)
  3626440    604256 978076568  0.003  0.001   26.775   23.192    0    0  (Gen:  0)
  3080832    552680 978305888  0.002  0.001   26.783   23.194    0    0  (Gen:  0)
  3087408    361688 978473008  0.004  0.000   26.788   23.195    0    0  (Gen:  0)
  3612080    503160 978833088  0.005  0.001   26.796   23.197    0    0  (Gen:  0)
  3136536    529176 979057392  0.005  0.001   26.802   23.199    0    0  (Gen:  0)
  2224232    629392 979479992  0.004  0.001   26.807   23.200    0    0  (Gen:  0)
  2910440    545280 979873400  0.002  0.000   26.813   23.202    0    0  (Gen:  0)
  3848296    725704 980347904  0.003  0.001   26.820   23.204    0    0  (Gen:  0)
  3016272    936904 980822976  0.006  0.001   26.827   23.206    0    0  (Gen:  0)
  3377416    994536 981358264  0.006  0.001   26.835   23.208    0    0  (Gen:  0)
  1145776    647680 981630888  0.002  0.001   26.838   23.209    0    0  (Gen:  0)
  2797232    597208 981998184  0.003  0.001   26.844   23.210    0    0  (Gen:  0)
  2154304    681304 982394040  0.003  0.001   26.849   23.212    0    0  (Gen:  0)
  2876272    678448 982817104  0.004  0.001   26.855   23.213    0    0  (Gen:  0)
  3697976    735240 983284264  0.005  0.001   26.861   23.215    0    0  (Gen:  0)
  2984008    746224 983639528  0.003  0.001   26.867   23.217    0    0  (Gen:  0)
  3285168    748088 984106560  0.005  0.001   26.875   23.219    0    0  (Gen:  0)
  2889408    643184 984378328  0.004  0.001   26.882   23.221    0    0  (Gen:  0)
  3204672    547136 984774016  0.003  0.001   26.888   23.222    0    0  (Gen:  0)
  3212448    463544 984981480  0.004  0.000   26.894   23.224    0    0  (Gen:  0)
  3526960    671336 985463576  0.004  0.001   26.901   23.226    0    0  (Gen:  0)
  2346616    804312 985810984  0.004  0.001   26.908   23.227    0    0  (Gen:  0)
  2326744    737912 986206288  0.005  0.001   26.914   23.229    0    0  (Gen:  0)
  2116632    461368 986490936  0.003  0.001   26.919   23.230    0    0  (Gen:  0)
  2407048    526848 986736688  0.004  0.001   26.924   23.232    0    0  (Gen:  0)
  3455624    462728 986945200  0.005  0.001   26.930   23.233    0    0  (Gen:  0)
  4010800    642472 987372264  0.003  0.001   26.937   23.235    0    0  (Gen:  0)
  3804000    810632 987793264  0.007  0.001   26.947   23.238    0    0  (Gen:  0)
  3719248    757744 988159136  0.006  0.001   26.954   23.240    0    0  (Gen:  0)
  2680232    573096 988371480  0.005  0.001   26.961   23.241    0    0  (Gen:  0)
  4005816    562392 988745392  0.004  0.001   26.968   23.243    0    0  (Gen:  0)
  3637024    812296 989229632  0.006  0.001   26.975   23.245    0    0  (Gen:  0)
  3835584    962992 989774280  0.005  0.001   26.983   23.247    0    0  (Gen:  0)
  3510920    870056 990156168  0.006  0.001   26.992   23.250    0    0  (Gen:  0)
  3588832    804008 990577744  0.005  0.001   27.000   23.252    0    0  (Gen:  0)
  3037448    839152 991034792  0.007  0.001   27.008   23.254    0    0  (Gen:  0)
  2391048    736192 991330400  0.003  0.001   27.014   23.255    0    0  (Gen:  0)
  2701096    593528 991723336  0.003  0.001   27.020   23.257    0    0  (Gen:  0)
  3370280    524016 992044936  0.004  0.001   27.027   23.259    0    0  (Gen:  0)
  2746832    789968 992518464  0.005  0.001   27.034   23.261    0    0  (Gen:  0)
  3134920    789912 992900752  0.004  0.001   27.040   23.262    0    0  (Gen:  0)
  2392272    662880 993215800  0.005  0.001   27.046   23.264    0    0  (Gen:  0)
  2032840    731952 993674328  0.005  0.001   27.051   23.266    0    0  (Gen:  0)
  3153632    380672 993949016  0.003  0.000   27.058   23.267    0    0  (Gen:  0)
  2837976    457552 994160912  0.003  0.001   27.065   23.269    0    0  (Gen:  0)
  3145944    388544 994343576  0.002  0.000   27.072   23.271    0    0  (Gen:  0)
  2627760    382632 994561240  0.002  0.000   27.078   23.272    0    0  (Gen:  0)
  3270072    593248 994949416  0.004  0.001   27.086   23.274    0    0  (Gen:  0)
  2707504    772136 995405264  0.004  0.001   27.094   23.277    0    0  (Gen:  0)
  2670312    841464 995855368  0.007  0.001   27.103   23.279    0    0  (Gen:  0)
  2168992    597072 996065024  0.003  0.001   27.109   23.281    0    0  (Gen:  0)
  2342888    380200 996247824  0.002  0.000   27.113   23.282    0    0  (Gen:  0)
  2133336    531880 996570640  0.004  0.001   27.119   23.283    0    0  (Gen:  0)
  1963336    521480 996961344  0.004  0.001   27.123   23.284    0    0  (Gen:  0)
  3032984    469696 997292352  0.002  0.001   27.130   23.287    0    0  (Gen:  0)
  3160376    448696 997507296  0.003  0.001   27.137   23.288    0    0  (Gen:  0)
  2938824    569928 997907832  0.002  0.001   27.143   23.290    0    0  (Gen:  0)
  3040400    752120 998273008  0.005  0.001   27.150   23.292    0    0  (Gen:  0)
  2989968    648080 998581152  0.003  0.001   27.155   23.294    0    0  (Gen:  0)
  2146080    525208 998865480  0.004  0.001   27.162   23.295    0    0  (Gen:  0)
  3414248    804224 999397864  0.006  0.001   27.170   23.297    0    0  (Gen:  0)
  3368064   1059768 1000028160  0.006  0.001   27.178   23.300    0    0  (Gen:  0)
  2879264    832008 1000344240  0.005  0.001   27.186   23.302    0    0  (Gen:  0)
  2448288    796528 1000870416  0.003  0.001   27.191   23.303    0    0  (Gen:  0)
  3017296    740400 1001388664  0.007  0.001   27.200   23.305    0    0  (Gen:  0)
  2466552    579128 1001614312  0.005  0.001   27.206   23.307    0    0  (Gen:  0)
  3209736    850648 1002288288  0.007  0.001   27.215   23.310    0    0  (Gen:  0)
  2753344   1127896 1002862392  0.005  0.001   27.222   23.311    0    0  (Gen:  0)
  2427872    829864 1003218840  0.004  0.001   27.227   23.313    0    0  (Gen:  0)
  2945440    630000 1003580392  0.004  0.001   27.233   23.314    0    0  (Gen:  0)
  3437416    906488 1004344976  0.005  0.001   27.239   23.316    0    0  (Gen:  0)
  2734904    654968 1004713128  0.004  0.001   27.244   23.317    0    0  (Gen:  0)
  3095440    605640 1005039040  0.004  0.000   27.250   23.319    0    0  (Gen:  0)
  3136264    496712 1005379776  0.003  0.001   27.256   23.321    0    0  (Gen:  0)
  3491376    974032 1006009752  0.003  0.001   27.262   23.322    0    0  (Gen:  0)
  2877640    983480 1006441872  0.004  0.001   27.267   23.324    0    0  (Gen:  0)
  1727656    837520 1006901464  0.003  0.001   27.271   23.325    0    0  (Gen:  0)
  2972952    733832 1007454312  0.003  0.001   27.276   23.327    0    0  (Gen:  0)
  2763936    785280 1007848160  0.003  0.001   27.282   23.328    0    0  (Gen:  0)
  2638168    878344 1008485160  0.004  0.001   27.287   23.329    0    0  (Gen:  0)
  3658688    887584 1009068392  0.004  0.001   27.295   23.332    0    0  (Gen:  0)
  2921168    461832 1009341200  0.004  0.000   27.301   23.333    0    0  (Gen:  0)
  3349672    543384 1009625520  0.004  0.001   27.307   23.335    0    0  (Gen:  0)
  2736248    502240 1009889048  0.004  0.000   27.313   23.337    0    0  (Gen:  0)
  3831856    617840 1010338168  0.003  0.000   27.319   23.338    0    0  (Gen:  0)
  3802112    736360 1010839432  0.004  0.001   27.325   23.340    0    0  (Gen:  0)
  3538192    904104 1011306976  0.006  0.001   27.333   23.342    0    0  (Gen:  0)
  3109128    883872 1011774800  0.007  0.001   27.341   23.344    0    0  (Gen:  0)
  2794000    695992 1012074696  0.005  0.001   27.347   23.346    0    0  (Gen:  0)
  3347952    741000 1012548824  0.006  0.001   27.356   23.348    0    0  (Gen:  0)
  3261808    806112 1012985824  0.006  0.001   27.363   23.350    0    0  (Gen:  0)
  3511968    882840 1013503232  0.007  0.001   27.373   23.352    0    0  (Gen:  0)
  3456432    957320 1014031880  0.005  0.001   27.380   23.355    0    0  (Gen:  0)
  3338120    895616 1014468856  0.007  0.001   27.390   23.357    0    0  (Gen:  0)
  3535832    870360 1014949168  0.005  0.001   27.399   23.360    0    0  (Gen:  0)
  2546424    647424 1015195576  0.004  0.001   27.404   23.361    0    0  (Gen:  0)
  3039744    518744 1015482360  0.003  0.001   27.409   23.363    0    0  (Gen:  0)
  2234112    485208 1015657176  0.002  0.001   27.414   23.364    0    0  (Gen:  0)
  2968480    334552 1015676160  0.003  0.000   27.417   23.364    0    0  (Gen:  0)
  3158832    388048 1015937216  0.002  0.000   27.423   23.366    0    0  (Gen:  0)
  2194200    664720 1016403648  0.003  0.001   27.427   23.367    0    0  (Gen:  0)
  3308616    631296 1016866968  0.005  0.001   27.433   23.369    0    0  (Gen:  0)
  3020192    543304 1017111768  0.002  0.001   27.439   23.370    0    0  (Gen:  0)
  3468248    372448 1017280496  0.003  0.000   27.446   23.372    0    0  (Gen:  0)
  3488344    558416 1017703240  0.006  0.001   27.453   23.374    0    0  (Gen:  0)
  3462808    810648 1018097096  0.005  0.001   27.459   23.376    0    0  (Gen:  0)
  1647096    577448 1018324144  0.003  0.001   27.464   23.377    0    0  (Gen:  0)
  2125312    590992 1018641568  0.004  0.001   27.469   23.379    0    0  (Gen:  0)
  3432944    432328 1018942192  0.005  0.001   27.476   23.381    0    0  (Gen:  0)
  3322880    333664 1019063608  0.004  0.000   27.482   23.383    0    0  (Gen:  0)
  3407344    251064 1019200376  0.001  0.000   27.489   23.384    0    0  (Gen:  0)
  3711584    349944 1019450360  0.002  0.000   27.496   23.386    0    0  (Gen:  0)
  3651448    469872 1019700520  0.004  0.001   27.504   23.388    0    0  (Gen:  0)
  3048224    721720 1020189272  0.006  0.001   27.512   23.390    0    0  (Gen:  0)
  2964880    835016 1020595176  0.007  0.001   27.521   23.393    0    0  (Gen:  0)
  3252048    745656 1020999960  0.005  0.001   27.528   23.395    0    0  (Gen:  0)
  2553520    620392 1021275440  0.005  0.001   27.536   23.397    0    0  (Gen:  0)
  3142384    637800 1021649512  0.004  0.001   27.542   23.399    0    0  (Gen:  0)
  2831432    763800 1022125288  0.004  0.001   27.548   23.400    0    0  (Gen:  0)
  2793192    567040 1022579504  0.005  0.001   27.554   23.402    0    0  (Gen:  0)
  3791472    460808 1022864128  0.004  0.000   27.560   23.404    0    0  (Gen:  0)
  3161648    866808 1023450120  0.004  0.001   27.566   23.405    0    0  (Gen:  0)
  2813912   1040984 1023945040  0.003  0.001   27.572   23.407    0    0  (Gen:  0)
  2233960    926816 1024476736  0.004  0.001   27.577   23.408    0    0  (Gen:  0)
  3424408    627560 1024849376  0.004  0.000   27.583   23.410    0    0  (Gen:  0)
  2298800    760976 1025267832  0.005  0.001   27.589   23.411    0    0  (Gen:  0)
  3195400    419816 1025553944  0.003  0.000   27.595   23.413    0    0  (Gen:  0)
  2125928    313456 1025627368  0.002  0.000   27.599   23.414    0    0  (Gen:  0)
  2954544    438416 1025925880  0.004  0.000   27.603   23.415    0    0  (Gen:  0)
  3263248    433376 1026097960  0.005  0.000   27.609   23.417    0    0  (Gen:  0)
  2681184    597232 1026444992  0.003  0.001   27.617   23.418    0    0  (Gen:  0)
  3067424    641112 1026760808  0.005  0.001   27.625   23.420    0    0  (Gen:  0)
  3230440    545048 1026997104  0.003  0.001   27.631   23.422    0    0  (Gen:  0)
  3199960    561176 1027324432  0.003  0.000   27.638   23.424    0    0  (Gen:  0)
  3242176    576936 1027586712  0.003  0.001   27.646   23.426    0    0  (Gen:  0)
  3292288    537624 1027866152  0.005  0.000   27.653   23.428    0    0  (Gen:  0)
  4013400    662608 1028264904  0.004  0.001   27.662   23.430    0    0  (Gen:  0)
  3896656    814728 1028701456  0.007  0.001   27.672   23.433    0    0  (Gen:  0)
  2852632    697304 1029013664  0.005  0.001   27.679   23.434    0    0  (Gen:  0)
  2363384    482496 1029221712  0.004  0.001   27.685   23.436    0    0  (Gen:  0)
  2518712    664560 1029642952  0.006  0.001   27.692   23.438    0    0  (Gen:  0)
  2155416    580648 1029901752  0.005  0.001   27.698   23.440    0    0  (Gen:  0)
  2354088    575368 1030258056  0.004  0.001   27.703   23.441    0    0  (Gen:  0)
  2137184    668080 1030721104  0.003  0.001   27.707   23.442    0    0  (Gen:  0)
  2767216    487688 1030974344  0.004  0.001   27.714   23.444    0    0  (Gen:  0)
  2240288    528040 1031254512  0.004  0.001   27.719   23.445    0    0  (Gen:  0)
  2347440    423368 1031658488  0.002  0.001   27.724   23.447    0    0  (Gen:  0)
  3453248    666056 1032149760  0.004  0.000   27.730   23.449    0    0  (Gen:  0)
  3624920   1129032 1032783920  0.004  0.001   27.736   23.450    0    0  (Gen:  0)
  2774152   1048120 1033232792  0.004  0.001   27.742   23.452    0    0  (Gen:  0)
  2526184   1040224 1033799840  0.005  0.001   27.748   23.454    0    0  (Gen:  0)
  3322584    531416 1034132496  0.003  0.000   27.755   23.455    0    0  (Gen:  0)
  3476680    477800 1034354528  0.001  0.000   27.761   23.457    0    0  (Gen:  0)
  3283784    442536 1034569120  0.003  0.000   27.767   23.458    0    0  (Gen:  0)
  3391016    512216 1034869832  0.005  0.000   27.774   23.460    0    0  (Gen:  0)
  3354760    591080 1035168904  0.003  0.001   27.782   23.462    0    0  (Gen:  0)
  3401304    689720 1035597128  0.005  0.001   27.790   23.464    0    0  (Gen:  0)
  2739544    724616 1035895112  0.004  0.001   27.795   23.465    0    0  (Gen:  0)
  2207336    694240 1036442544  0.004  0.001   27.799   23.467    0    0  (Gen:  0)
  3865928    445296 1036787944  0.002  0.001   27.807   23.469    0    0  (Gen:  0)
  1746688    368936 1036908560  0.001  0.001   27.811   23.471    0    0  (Gen:  0)
  1796408    320960 1037106880  0.002  0.001   27.817   23.473    0    0  (Gen:  0)
  2043848    395512 1037313272  0.002  0.001   27.822   23.475    0    0  (Gen:  0)
  1856536    414584 1037567216  0.002  0.001   27.827   23.477    0    0  (Gen:  0)
  2042088    424776 1037781008  0.002  0.001   27.833   23.479    0    0  (Gen:  0)
  1739664    427424 1038007984  0.002  0.001   27.838   23.481    0    0  (Gen:  0)
  1924496    338352 1038158984  0.002  0.001   27.844   23.484    0    0  (Gen:  0)
  1641496    255704 1038269432  0.001  0.000   27.847   23.485    0    0  (Gen:  0)
  2043064    301520 1038469280  0.002  0.001   27.853   23.488    0    0  (Gen:  0)
  2057968    347008 1038649152  0.002  0.001   27.857   23.490    0    0  (Gen:  0)
  1945864    327944 1038810472  0.002  0.001   27.863   23.492    0    0  (Gen:  0)
  1820040    325456 1038976392  0.001  0.001   27.867   23.493    0    0  (Gen:  0)
  1728136    470760 1039306504  0.003  0.001   27.872   23.495    0    0  (Gen:  0)
  1485600    621032 1039633736  0.004  0.001   27.878   23.497    0    0  (Gen:  0)
  1641888    615040 1039976824  0.004  0.001   27.884   23.500    0    0  (Gen:  0)
  1759912    663856 1040357576  0.004  0.001   27.890   23.502    0    0  (Gen:  0)
  1594136    652272 1040691784  0.004  0.001   27.896   23.504    0    0  (Gen:  0)
  1528072    572384 1041067784  0.004  0.001   27.902   23.506    0    0  (Gen:  0)
  1363976    546656 1041357008  0.004  0.001   27.908   23.508    0    0  (Gen:  0)
  1471504    471848 1041656704  0.003  0.001   27.912   23.510    0    0  (Gen:  0)
  1162336    177160 1041573560  0.001  0.000   27.914   23.511    0    0  (Gen:  0)
  1560000     92040 1041639664  0.000  0.000   27.916   23.512    0    0  (Gen:  0)
  1209376    323168 1041936656  0.002  0.001   27.919   23.513    0    0  (Gen:  0)
  1273832    325992 1042241224  0.002  0.001   27.922   23.514    0    0  (Gen:  0)
  1302176    232424 1042401928  0.002  0.000   27.925   23.515    0    0  (Gen:  0)
  2082976    234848 1042522928  0.001  0.000   27.929   23.517    0    0  (Gen:  0)
  1386992    111056 1042558392  0.001  0.000   27.932   23.519    0    0  (Gen:  0)
  1041000    109416 1042606552  0.001  0.000   27.934   23.520    0    0  (Gen:  0)
  1039816    113080 1042662072  0.001  0.000   27.937   23.522    0    0  (Gen:  0)
  1040816    102760 1042715112  0.001  0.000   27.939   23.524    0    0  (Gen:  0)
  1037288    170560 1042832976  0.001  0.000   27.942   23.525    0    0  (Gen:  0)
  1039808    334536 1043074304  0.003  0.001   27.946   23.527    0    0  (Gen:  0)
  1040344    498088 1043357136  0.004  0.001   27.951   23.529    0    0  (Gen:  0)
  1040568    504912 1043631600  0.004  0.001   27.956   23.531    0    0  (Gen:  0)
  1039744    512608 1043915176  0.004  0.001   27.961   23.533    0    0  (Gen:  0)
  1041016    458240 1044159928  0.004  0.001   27.966   23.535    0    0  (Gen:  0)
  1040336    471768 1044425976  0.004  0.001   27.971   23.537    0    0  (Gen:  0)
  1040176    480728 1044702512  0.004  0.001   27.976   23.540    0    0  (Gen:  0)
  1040024    472816 1044972416  0.004  0.001   27.980   23.542    0    0  (Gen:  0)
  1039520    500040 1045255272  0.004  0.001   27.986   23.544    0    0  (Gen:  0)
  1140792    316960 1045367224  0.002  0.001   27.988   23.545    0    0  (Gen:  0)
  1041320     79512 1045283880  0.001  0.000   27.990   23.546    0    0  (Gen:  0)
  1044480     30984 1045293440  0.000  0.000   27.991   23.546    0    0  (Gen:  0)
  1041600    292536 1045581768  0.002  0.001   27.993   23.547    0    0  (Gen:  0)
  1076336    313936 1045912200  0.002  0.001   27.995   23.548    0    0  (Gen:  0)
  1104736    277120 1046211696  0.002  0.001   27.998   23.550    0    0  (Gen:  0)
  1044176    214048 1046279560  0.001  0.000   28.000   23.551    0    0  (Gen:  0)
  1788464    162912 1046517336  0.001  0.000   28.003   23.553    0    0  (Gen:  0)
  3726328   1019784 1047421192  0.002  0.001   28.008   23.554    0    0  (Gen:  0)
  3609936   1702904 1048198552  0.004  0.001   28.014   23.556    0    0  (Gen:  0)
  3641672   1500248 1049006328  0.005  0.001   28.020   23.558    0    0  (Gen:  0)
  2708336   1059472 1049435216  0.004  0.001   28.025   23.559    0    0  (Gen:  0)
  2926784    903736 1049975608  0.004  0.001   28.031   23.561    0    0  (Gen:  0)
  2425504    714376 1050431672  0.004  0.001   28.035   23.562    0    0  (Gen:  0)
  3575784    931024 1051056152  0.005  0.001   28.041   23.563    0    0  (Gen:  0)
  1588128    645168 1051272744  0.003  0.001   28.045   23.565    0    0  (Gen:  0)
  3028712    547952 1051689392  0.004  0.000   28.051   23.566    0    0  (Gen:  0)
  3354960    798552 1052112464  0.005  0.001   28.058   23.568    0    0  (Gen:  0)
  2301520    890168 1052705984  0.004  0.001   28.064   23.570    0    0  (Gen:  0)
  3155528    539912 1053096472  0.004  0.000   28.069   23.571    0    0  (Gen:  0)
  2688848    696528 1053411120  0.005  0.001   28.075   23.573    0    0  (Gen:  0)
  3949480    544888 1053774672  0.004  0.001   28.083   23.575    0    0  (Gen:  0)
  2799272    512272 1054023664  0.002  0.001   28.089   23.577    0    0  (Gen:  0)
  2687752    508448 1054308664  0.002  0.001   28.095   23.578    0    0  (Gen:  0)
  2365368    527640 1054589720  0.002  0.001   28.100   23.580    0    0  (Gen:  0)
  2514104    510720 1054861264  0.002  0.001   28.105   23.582    0    0  (Gen:  0)
  2954696    523872 1055142584  0.002  0.001   28.111   23.583    0    0  (Gen:  0)
  2393840    471600 1055366456  0.002  0.001   28.117   23.585    0    0  (Gen:  0)
  2788688    579752 1055746664  0.002  0.001   28.122   23.587    0    0  (Gen:  0)
  2404728    732264 1056140480  0.002  0.001   28.127   23.589    0    0  (Gen:  0)
  2042144    617928 1056428880  0.002  0.000   28.132   23.590    0    0  (Gen:  0)
  2879000    608160 1056910408  0.002  0.001   28.137   23.592    0    0  (Gen:  0)
  2514104    391632 1057106456  0.001  0.000   28.141   23.593    0    0  (Gen:  0)
  1585232    303360 1057280680  0.002  0.000   28.146   23.595    0    0  (Gen:  0)
  1972408    296208 1057419384  0.001  0.000   28.151   23.597    0    0  (Gen:  0)
  1758112    157104 1057451432  0.001  0.000   28.154   23.598    0    0  (Gen:  0)
  1874344    109672 1057532776  0.001  0.000   28.158   23.600    0    0  (Gen:  0)
  1834872    186856 1057642080  0.001  0.001   28.162   23.602    0    0  (Gen:  0)
  1892136    204520 1057745696  0.001  0.001   28.166   23.603    0    0  (Gen:  0)
  1983616    214456 1057864288  0.001  0.000   28.171   23.605    0    0  (Gen:  0)
  1822296    257456 1058021256  0.002  0.000   28.175   23.607    0    0  (Gen:  0)
  2004608    292280 1058172152  0.001  0.001   28.179   23.609    0    0  (Gen:  0)
  1365584    453016 1058507224  0.004  0.001   28.185   23.611    0    0  (Gen:  0)
  1565560    588912 1058831528  0.004  0.001   28.191   23.613    0    0  (Gen:  0)
  1232728    353040 1058910576  0.002  0.001   28.194   23.614    0    0  (Gen:  0)
  1315112    190232 1058999712  0.001  0.000   28.197   23.615    0    0  (Gen:  0)
  1214088    364112 1059311984  0.002  0.001   28.200   23.616    0    0  (Gen:  0)
  1711040    297992 1059573600  0.002  0.000   28.204   23.618    0    0  (Gen:  0)
  1727920    245600 1059672392  0.002  0.001   28.208   23.620    0    0  (Gen:  0)
  1036688    231520 1059790936  0.002  0.001   28.212   23.622    0    0  (Gen:  0)
  1036728    215184 1059896584  0.002  0.001   28.216   23.624    0    0  (Gen:  0)
  1038488    162280 1059951992  0.002  0.000   28.219   23.626    0    0  (Gen:  0)
  1035152    176888 1060072744  0.002  0.001   28.222   23.628    0    0  (Gen:  0)
  1038936    163144 1060120960  0.002  0.000   28.225   23.630    0    0  (Gen:  0)
  1035568    166792 1060233456  0.002  0.000   28.228   23.632    0    0  (Gen:  0)
  1031344    209752 1060335576  0.002  0.001   28.232   23.634    0    0  (Gen:  0)
  1037608    213960 1060451832  0.002  0.001   28.235   23.636    0    0  (Gen:  0)
  1072152    224360 1060590272  0.002  0.001   28.239   23.638    0    0  (Gen:  0)
  1039280    172512 1060659016  0.002  0.000   28.242   23.640    0    0  (Gen:  0)
  1037224    174904 1060765240  0.002  0.001   28.245   23.642    0    0  (Gen:  0)
  1036592    214264 1060878608  0.002  0.001   28.249   23.644    0    0  (Gen:  0)
  1037424    206056 1060980136  0.002  0.001   28.252   23.646    0    0  (Gen:  0)
  1034184    194264 1061071920  0.002  0.001   28.255   23.648    0    0  (Gen:  0)
  1036248    215016 1061194824  0.002  0.001   28.259   23.650    0    0  (Gen:  0)
  1035184    234712 1061314232  0.002  0.001   28.262   23.652    0    0  (Gen:  0)
  1037432    232560 1061429344  0.002  0.001   28.266   23.654    0    0  (Gen:  0)
  1035832    238544 1061554064  0.002  0.001   28.269   23.656    0    0  (Gen:  0)
  1035232    232984 1061666432  0.002  0.001   28.273   23.658    0    0  (Gen:  0)
  1072760    222912 1061813112  0.002  0.001   28.277   23.660    0    0  (Gen:  0)
  1038176    237200 1061941136  0.002  0.001   28.280   23.662    0    0  (Gen:  0)
  1034168    248056 1062064688  0.002  0.001   28.284   23.664    0    0  (Gen:  0)
  1037368    216328 1062164968  0.002  0.001   28.288   23.667    0    0  (Gen:  0)
  1035416    224864 1062286392  0.002  0.001   28.292   23.669    0    0  (Gen:  0)
  1038080    232184 1062401112  0.002  0.001   28.295   23.671    0    0  (Gen:  0)
  1038112    207960 1062495288  0.002  0.001   28.299   23.673    0    0  (Gen:  0)
  1036600    217360 1062618888  0.002  0.001   28.302   23.675    0    0  (Gen:  0)
  1035824    223952 1062726936  0.002  0.001   28.306   23.676    0    0  (Gen:  0)
  1037592    212872 1062835264  0.002  0.001   28.309   23.679    0    0  (Gen:  0)
  1035200    224760 1062953664  0.002  0.001   28.313   23.681    0    0  (Gen:  0)
  1070784    225872 1063101176  0.002  0.001   28.317   23.683    0    0  (Gen:  0)
  1036920    221008 1063210784  0.002  0.001   28.321   23.686    0    0  (Gen:  0)
  1039056    214128 1063319136  0.002  0.001   28.325   23.688    0    0  (Gen:  0)
  1037216    201304 1063416744  0.002  0.001   28.329   23.691    0    0  (Gen:  0)
  1035880    220800 1063540208  0.002  0.001   28.333   23.694    0    0  (Gen:  0)
  1703640    207696 1063632920  0.002  0.001   28.337   23.696    0    0  (Gen:  0)
  1037504    241016 1063777376  0.002  0.001   28.342   23.699    0    0  (Gen:  0)
  1037656    224488 1063882496  0.002  0.001   28.345   23.701    0    0  (Gen:  0)
  1033304    238424 1064018880  0.002  0.001   28.349   23.703    0    0  (Gen:  0)
  1040072    131864 1064077272  0.001  0.000   28.352   23.705    0    0  (Gen:  0)
  1039184     99232 1064131272  0.001  0.000   28.354   23.707    0    0  (Gen:  0)
  1039296    105280 1064188592  0.001  0.000   28.356   23.708    0    0  (Gen:  0)
  1039864     99680 1064239304  0.001  0.000   28.359   23.711    0    0  (Gen:  0)
  1040208    107024 1064299112  0.001  0.000   28.361   23.712    0    0  (Gen:  0)
  1041128    114664 1064350616  0.001  0.000   28.363   23.713    0    0  (Gen:  0)
  1041336    185448 1064479464  0.001  0.000   28.366   23.715    0    0  (Gen:  0)
  1037144    105320 1064534952  0.001  0.000   28.368   23.716    0    0  (Gen:  0)
  1036672    203608 1064700848  0.002  0.001   28.371   23.718    0    0  (Gen:  0)
  1040056    363680 1064937672  0.003  0.001   28.375   23.720    0    0  (Gen:  0)
  1040032    420912 1065179128  0.003  0.001   28.379   23.722    0    0  (Gen:  0)
  1039904    428584 1065424688  0.004  0.001   28.384   23.724    0    0  (Gen:  0)
  1041192    454248 1065683840  0.004  0.001   28.389   23.725    0    0  (Gen:  0)
  1075920    466144 1065973848  0.004  0.001   28.394   23.728    0    0  (Gen:  0)
  1036760    452752 1066228936  0.004  0.001   28.398   23.730    0    0  (Gen:  0)
  1040200    440120 1066471968  0.004  0.001   28.403   23.732    0    0  (Gen:  0)
  1039520    427760 1066700344  0.003  0.001   28.407   23.733    0    0  (Gen:  0)
  1039032    478352 1066971352  0.004  0.001   28.412   23.735    0    0  (Gen:  0)
  1039568    480968 1067243312  0.004  0.001   28.417   23.737    0    0  (Gen:  0)
  1140776    321368 1067420416  0.002  0.001   28.420   23.739    0    0  (Gen:  0)
  1041816     58864 1067300032  0.000  0.000   28.421   23.739    0    0  (Gen:  0)
  1044736     21288 1067304576  0.000  0.000   28.422   23.740    0    0  (Gen:  0)
  1041208    300656 1067601264  0.002  0.001   28.424   23.741    0    0  (Gen:  0)
  1041432    307576 1067894304  0.002  0.001   28.427   23.742    0    0  (Gen:  0)
  1035088    266040 1068152088  0.002  0.001   28.429   23.744    0    0  (Gen:  0)
  1019080    227264 1068232704  0.001  0.000   28.432   23.745    0    0  (Gen:  0)
  3140536    527288 1068810864  0.001  0.000   28.436   23.748    0    0  (Gen:  0)
  1932648    953696 1069280760  0.003  0.001   28.441   23.750    0    0  (Gen:  0)
  1262320    760560 1069671648  0.002  0.001   28.444   23.751    0    0  (Gen:  0)
  1495656    671168 1070157552  0.003  0.001   28.448   23.753    0    0  (Gen:  0)
  1718664    534608 1070452928  0.002  0.001   28.451   23.754    0    0  (Gen:  0)
  1676400    579144 1070734632  0.002  0.001   28.455   23.755    0    0  (Gen:  0)
  1916448    815384 1071319816  0.002  0.001   28.458   23.756    0    0  (Gen:  0)
  1867592    599144 1071723608  0.002  0.000   28.462   23.758    0    0  (Gen:  0)
  2013440    483088 1071940496  0.001  0.000   28.465   23.759    0    0  (Gen:  0)
  1871208    349040 1072081128  0.001  0.000   28.468   23.760    0    0  (Gen:  0)
  1989192    262968 1072233352  0.001  0.000   28.471   23.761    0    0  (Gen:  0)
  1874560    299176 1072391384  0.001  0.000   28.474   23.763    0    0  (Gen:  0)
  1609088    236104 1072488080  0.001  0.000   28.477   23.764    0    0  (Gen:  0)
  1769176    191896 1072591080  0.001  0.000   28.480   23.765    0    0  (Gen:  0)
  1634280    147312 1072646320  0.001  0.000   28.483   23.766    0    0  (Gen:  0)
  1927360    153888 1072752032  0.001  0.000   28.486   23.768    0    0  (Gen:  0)
  1825456    207720 1072865480  0.002  0.001   28.491   23.770    0    0  (Gen:  0)
  1842688    203960 1072978880  0.001  0.000   28.495   23.771    0    0  (Gen:  0)
  1649136    328432 1073198696  0.001  0.000   28.499   23.773    0    0  (Gen:  0)
  1846984    445888 1073439648  0.001  0.001   28.503   23.775    0    0  (Gen:  0)
  1984352    468104 1073672872  0.002  0.001   28.508   23.777    0    0  (Gen:  0)
  1907336    388976 1073839568  0.002  0.001   28.513   23.779    0    0  (Gen:  0)
  1845112    287608 1073965520  0.001  0.000   28.516   23.780    0    0  (Gen:  0)
  1908040    251320 1074090432  0.001  0.001   28.520   23.782    0    0  (Gen:  0)
  1527040    251432 1074212712  0.001  0.000   28.524   23.783    0    0  (Gen:  0)
  1629232    300152 1074394400  0.002  0.001   28.529   23.785    0    0  (Gen:  0)
  1908208    390280 1074610440  0.002  0.001   28.534   23.787    0    0  (Gen:  0)
  2072096    474352 1074876584  0.002  0.001   28.539   23.789    0    0  (Gen:  0)
  1888768    462224 1075088544  0.002  0.001   28.543   23.791    0    0  (Gen:  0)
  1917896    437008 1075323456  0.002  0.001   28.548   23.793    0    0  (Gen:  0)
  1911640    387904 1075490344  0.001  0.001   28.553   23.795    0    0  (Gen:  0)
  1934560    317048 1075650384  0.001  0.001   28.558   23.797    0    0  (Gen:  0)
  2060896    274512 1075782984  0.001  0.000   28.562   23.799    0    0  (Gen:  0)
  1995336    309152 1075967808  0.002  0.001   28.566   23.800    0    0  (Gen:  0)
  1953256    457600 1076268832  0.003  0.001   28.571   23.802    0    0  (Gen:  0)
  2664176    551208 1076562368  0.002  0.001   28.576   23.804    0    0  (Gen:  0)
  1728728    447240 1076769792  0.002  0.001   28.580   23.805    0    0  (Gen:  0)
  1627840    301872 1076894192  0.001  0.000   28.583   23.806    0    0  (Gen:  0)
  1426568    367856 1077200744  0.002  0.001   28.586   23.808    0    0  (Gen:  0)
  1716880    460360 1077638608  0.003  0.001   28.590   23.809    0    0  (Gen:  0)
  1725952    568648 1077915688  0.003  0.001   28.595   23.811    0    0  (Gen:  0)
  1039912    486152 1078173856  0.002  0.001   28.599   23.813    0    0  (Gen:  0)
  1074064    467432 1078432312  0.002  0.001   28.603   23.814    0    0  (Gen:  0)
  1043680    264256 1078479640  0.001  0.000   28.605   23.816    0    0  (Gen:  0)
  1042488    266272 1078672584  0.002  0.000   28.608   23.817    0    0  (Gen:  0)
  1040432    293128 1078957456  0.001  0.000   28.610   23.818    0    0  (Gen:  0)
  1137576    128664 1079022040  0.001  0.000   28.613   23.820    0    0  (Gen:  0)
  2359016    432616 1079502640  0.002  0.000   28.616   23.822    0    0  (Gen:  0)
  1672760    855944 1079942992  0.002  0.001   28.620   23.823    0    0  (Gen:  0)
  1968064    658968 1080333368  0.001  0.001   28.623   23.824    0    0  (Gen:  0)
  1897752    866176 1080919680  0.003  0.001   28.627   23.826    0    0  (Gen:  0)
  1864808    309240 1081165416  0.001  0.000   28.630   23.827    0    0  (Gen:  0)
  1797248    388248 1081325016  0.001  0.000   28.633   23.828    0    0  (Gen:  0)
  1253904    422496 1081634712  0.002  0.001   28.636   23.829    0    0  (Gen:  0)
  1310712    485592 1081962536  0.003  0.001   28.641   23.831    0    0  (Gen:  0)
  1286080    253128 1082119688  0.002  0.001   28.644   23.832    0    0  (Gen:  0)
  1798736    266048 1082238544  0.002  0.001   28.648   23.834    0    0  (Gen:  0)
  1750112    330728 1082445832  0.002  0.001   28.652   23.835    0    0  (Gen:  0)
  2100424    508344 1082813576  0.002  0.001   28.657   23.838    0    0  (Gen:  0)
  1806456    519440 1083029288  0.002  0.001   28.662   23.839    0    0  (Gen:  0)
  1916752    464408 1083269712  0.002  0.001   28.665   23.841    0    0  (Gen:  0)
  2042816    376768 1083420680  0.002  0.001   28.671   23.843    0    0  (Gen:  0)
  1239568    216336 1083501712  0.001  0.000   28.674   23.844    0    0  (Gen:  0)
  1431360    183928 1083600104  0.001  0.000   28.678   23.846    0    0  (Gen:  0)
  1670800    192368 1083715464  0.001  0.000   28.681   23.847    0    0  (Gen:  0)
  1646808    405512 1084052752  0.001  0.001   28.685   23.849    0    0  (Gen:  0)
  1361888    389576 1084199752  0.002  0.001   28.689   23.851    0    0  (Gen:  0)
  1542096    357104 1084424672  0.002  0.000   28.692   23.852    0    0  (Gen:  0)
  1731280    231720 1084610192  0.001  0.000   28.695   23.853    0    0  (Gen:  0)
  1469568     75080 1084624328  0.001  0.000   28.698   23.855    0    0  (Gen:  0)
  1036328    114112 1084722768  0.001  0.000   28.700   23.856    0    0  (Gen:  0)
  1036248    209176 1084836968  0.002  0.001   28.704   23.858    0    0  (Gen:  0)
  1036528    218824 1084952608  0.002  0.001   28.707   23.861    0    0  (Gen:  0)
  1037176    218752 1085064816  0.002  0.001   28.711   23.863    0    0  (Gen:  0)
  1038896    182056 1085137112  0.002  0.001   28.714   23.865    0    0  (Gen:  0)
  1038752    189168 1085253008  0.002  0.001   28.718   23.867    0    0  (Gen:  0)
  1037168    238432 1085378536  0.002  0.001   28.721   23.869    0    0  (Gen:  0)
  1037544    261088 1085515608  0.002  0.001   28.725   23.871    0    0  (Gen:  0)
  1036696    248336 1085630032  0.002  0.001   28.729   23.873    0    0  (Gen:  0)
  1037288    223784 1085742744  0.002  0.001   28.732   23.875    0    0  (Gen:  0)
  1037680    226584 1085858152  0.002  0.001   28.736   23.877    0    0  (Gen:  0)
  1034480    224232 1085969904  0.002  0.001   28.739   23.879    0    0  (Gen:  0)
  1037152    240448 1086101192  0.002  0.001   28.743   23.880    0    0  (Gen:  0)
  1035472    240712 1086213288  0.002  0.001   28.746   23.882    0    0  (Gen:  0)
  1034912    230744 1086334256  0.002  0.001   28.750   23.884    0    0  (Gen:  0)
  1037048    228840 1086446456  0.002  0.001   28.753   23.887    0    0  (Gen:  0)
  1034712    231144 1086568856  0.002  0.001   28.757   23.889    0    0  (Gen:  0)
  1033008    275056 1086724312  0.003  0.001   28.761   23.891    0    0  (Gen:  0)
  1026312    206872 1086790400  0.002  0.001   28.764   23.893    0    0  (Gen:  0)
  1032888    152032 1086877960  0.001  0.000   28.767   23.894    0    0  (Gen:  0)
  1039872    209056 1087002360  0.002  0.001   28.770   23.896    0    0  (Gen:  0)
  1039048    259456 1087136376  0.002  0.001   28.773   23.897    0    0  (Gen:  0)
  1038032    224040 1087226968  0.002  0.001   28.776   23.899    0    0  (Gen:  0)
  1032344    213768 1087352960  0.001  0.001   28.779   23.902    0    0  (Gen:  0)
  1040776    186184 1087412344  0.002  0.000   28.782   23.903    0    0  (Gen:  0)
  1041664    106240 1087460336  0.001  0.000   28.784   23.905    0    0  (Gen:  0)
  1041264    106256 1087518256  0.001  0.000   28.786   23.906    0    0  (Gen:  0)
  1713296    121928 1087583912  0.001  0.000   28.789   23.908    0    0  (Gen:  0)
  1040808    120136 1087639504  0.000  0.000   28.791   23.910    0    0  (Gen:  0)
  1039784    162808 1087741480  0.001  0.000   28.794   23.912    0    0  (Gen:  0)
  1073992    157824 1087833408  0.001  0.000   28.795   23.913    0    0  (Gen:  0)
  1040040    152688 1087907720  0.001  0.000   28.797   23.914    0    0  (Gen:  0)
  1039368    137984 1087957624  0.001  0.000   28.799   23.915    0    0  (Gen:  0)
  1040432    146928 1088021280  0.001  0.000   28.801   23.916    0    0  (Gen:  0)
  1040944    113736 1088057224  0.001  0.000   28.802   23.917    0    0  (Gen:  0)
  1040960     90152 1088075464  0.000  0.000   28.803   23.918    0    0  (Gen:  0)
  1040888     95344 1088116704  0.000  0.000   28.805   23.919    0    0  (Gen:  0)
  1039760     98816 1088159672  0.000  0.000   28.806   23.920    0    0  (Gen:  0)
  1041488    142608 1088247200  0.001  0.000   28.808   23.921    0    0  (Gen:  0)
  1075576    120424 1088316592  0.001  0.000   28.810   23.922    0    0  (Gen:  0)
  1041008     90208 1088334160  0.000  0.000   28.811   23.923    0    0  (Gen:  0)
  1039752    115280 1088395992  0.000  0.000   28.813   23.924    0    0  (Gen:  0)
  1040440    103072 1088425360  0.000  0.000   28.814   23.925    0    0  (Gen:  0)
  1040872    120168 1088490064  0.000  0.000   28.816   23.927    0    0  (Gen:  0)
  1037104    196872 1088631704  0.001  0.000   28.818   23.928    0    0  (Gen:  0)
  1039832    345872 1088886024  0.002  0.001   28.821   23.929    0    0  (Gen:  0)
  1039920    482160 1089153488  0.002  0.001   28.825   23.931    0    0  (Gen:  0)
  1037552    464512 1089406488  0.002  0.001   28.829   23.933    0    0  (Gen:  0)
  1041600    450464 1089660168  0.002  0.001   28.833   23.935    0    0  (Gen:  0)
  1039736    487320 1089934248  0.002  0.001   28.837   23.937    0    0  (Gen:  0)
  1040032    389400 1090104256  0.002  0.001   28.841   23.938    0    0  (Gen:  0)
  1036672    270608 1090225440  0.001  0.000   28.843   23.939    0    0  (Gen:  0)
  1037224    213296 1090327800  0.001  0.000   28.845   23.940    0    0  (Gen:  0)
  1040872    324864 1090549616  0.001  0.000   28.847   23.941    0    0  (Gen:  0)
  1041224    441568 1090768584  0.002  0.001   28.850   23.942    0    0  (Gen:  0)
  1073040    409496 1090957152  0.001  0.001   28.853   23.944    0    0  (Gen:  0)
  1042840    281496 1091055840  0.001  0.000   28.855   23.945    0    0  (Gen:  0)
  1043248    248912 1091182584  0.001  0.000   28.858   23.946    0    0  (Gen:  0)
  1042104    320168 1091485144  0.002  0.000   28.860   23.947    0    0  (Gen:  0)
  1037000    274112 1091720672  0.001  0.000   28.862   23.948    0    0  (Gen:  0)
  1098224    188120 1091758464  0.001  0.000   28.864   23.950    0    0  (Gen:  0)
  1673184    269968 1092035016  0.002  0.000   28.868   23.952    0    0  (Gen:  0)
  1039376    501688 1092287792  0.002  0.001   28.870   23.954    0    0  (Gen:  0)
  1038552    500656 1092531536  0.002  0.001   28.873   23.955    0    0  (Gen:  0)
  1042328    541992 1092835024  0.002  0.001   28.876   23.956    0    0  (Gen:  0)
  1041344    197952 1092931888  0.001  0.000   28.879   23.958    0    0  (Gen:  0)
  1041744    359544 1093192256  0.001  0.000   28.881   23.959    0    0  (Gen:  0)
  1118616    444688 1093522472  0.001  0.000   28.883   23.960    0    0  (Gen:  0)
  1032888    271640 1093660688  0.001  0.000   28.886   23.961    0    0  (Gen:  0)
  1035200    258648 1093800256  0.001  0.000   28.888   23.963    0    0  (Gen:  0)
  1035584    224472 1093900032  0.001  0.000   28.890   23.964    0    0  (Gen:  0)
  1034192    225032 1094035456  0.001  0.000   28.893   23.965    0    0  (Gen:  0)
  1032312    228576 1094136664  0.001  0.000   28.895   23.967    0    0  (Gen:  0)
  1036616    186472 1094198392  0.001  0.000   28.897   23.968    0    0  (Gen:  0)
  1035808     79368 1094212640  0.000  0.000   28.900   23.969    0    0  (Gen:  0)
  1036064     21496 1094224912  0.000  0.000   28.901   23.971    0    0  (Gen:  0)
  1035232     22016 1094238392  0.000  0.000   28.903   23.972    0    0  (Gen:  0)
  1033768     22880 1094251640  0.000  0.000   28.904   23.973    0    0  (Gen:  0)
  1034568     92864 1094333920  0.000  0.000   28.906   23.975    0    0  (Gen:  0)
  1037440    199808 1094455704  0.001  0.000   28.909   23.977    0    0  (Gen:  0)
  1036528    242608 1094582296  0.001  0.001   28.913   23.979    0    0  (Gen:  0)
  1036472    221240 1094702248  0.001  0.001   28.916   23.981    0    0  (Gen:  0)
  1036840    250640 1094836592  0.001  0.000   28.919   23.983    0    0  (Gen:  0)
  1036856    247800 1094952960  0.001  0.000   28.922   23.985    0    0  (Gen:  0)
  1036904    232160 1095073944  0.001  0.001   28.925   23.987    0    0  (Gen:  0)
  1035584    238384 1095195112  0.001  0.000   28.928   23.989    0    0  (Gen:  0)
  1036192    244848 1095322336  0.001  0.000   28.931   23.991    0    0  (Gen:  0)
  1036008    254536 1095454328  0.001  0.000   28.935   23.992    0    0  (Gen:  0)
  1036496    267816 1095593936  0.001  0.000   28.938   23.994    0    0  (Gen:  0)
  1036648    270744 1095727792  0.001  0.001   28.941   23.996    0    0  (Gen:  0)
  1036504    252944 1095851040  0.001  0.000   28.944   23.998    0    0  (Gen:  0)
  1037368    219024 1095952912  0.001  0.000   28.947   24.000    0    0  (Gen:  0)
  1036904    189520 1096042344  0.001  0.000   28.950   24.001    0    0  (Gen:  0)
  1035848    203648 1096155400  0.001  0.000   28.953   24.003    0    0  (Gen:  0)
  1035592    249464 1096293784  0.002  0.001   28.956   24.005    0    0  (Gen:  0)
  1037048    229120 1096385360  0.001  0.001   28.959   24.007    0    0  (Gen:  0)
  1722384    234504 1096527784  0.002  0.001   28.964   24.009    0    0  (Gen:  0)
  1041824    187416 1096582096  0.002  0.000   28.967   24.011    0    0  (Gen:  0)
  1039608    100360 1096630960  0.001  0.000   28.969   24.012    0    0  (Gen:  0)
  1040800     98768 1096688040  0.001  0.000   28.971   24.014    0    0  (Gen:  0)
  1037440     92560 1096735568  0.001  0.000   28.973   24.015    0    0  (Gen:  0)
  1038392     90472 1096788896  0.001  0.000   28.975   24.017    0    0  (Gen:  0)
  1040344     96448 1096842192  0.001  0.000   28.977   24.018    0    0  (Gen:  0)
  1040672    114232 1096908304  0.001  0.000   28.980   24.020    0    0  (Gen:  0)
  1039400    124392 1096991488  0.001  0.000   28.982   24.021    0    0  (Gen:  0)
  1039592    321024 1097253960  0.003  0.001   28.986   24.023    0    0  (Gen:  0)
  1040304    483352 1097524432  0.004  0.001   28.991   24.025    0    0  (Gen:  0)
  1040536    513136 1097823024  0.004  0.001   28.996   24.027    0    0  (Gen:  0)
  1040864    510960 1098113888  0.004  0.001   29.001   24.029    0    0  (Gen:  0)
  1040328    494440 1098388400  0.004  0.001   29.006   24.031    0    0  (Gen:  0)
  1040856    514760 1098676776  0.004  0.001   29.010   24.033    0    0  (Gen:  0)
  1042464    393512 1098963400  0.002  0.001   29.013   24.035    0    0  (Gen:  0)
  1107856    304200 1099190424  0.002  0.000   29.015   24.035    0    0  (Gen:  0)
  1044464     85176 1099099568  0.001  0.000   29.016   24.036    0    0  (Gen:  0)
  1043208    173120 1099242552  0.001  0.000   29.018   24.037    0    0  (Gen:  0)
  1042312    293840 1099463584  0.002  0.001   29.020   24.038    0    0  (Gen:  0)
  1119912    174104 1099633680  0.001  0.000   29.023   24.040    0    0  (Gen:  0)
  1145336     92216 1099623920  0.001  0.000   29.025   24.041    0    0  (Gen:  0)
  2217992    194920 1099963544  0.001  0.000   29.028   24.045    0    0  (Gen:  0)
  1032192    523744 1100307608  0.002  0.000   29.030   24.045    0    0  (Gen:  0)
  1032192    347336 1100651672  0.002  0.000   29.032   24.046    0    0  (Gen:  0)
  1104960    188504 1100905904  0.001  0.000   29.034   24.047    0    0  (Gen:  0)
  1040144     12880 1100906080  0.000  0.000   29.035   24.048    0    0  (Gen:  0)
  1035496     39920 1100940576  0.000  0.000   29.036   24.048    0    0  (Gen:  0)
  1032640     93584 1100995872  0.001  0.000   29.037   24.049    0    0  (Gen:  0)
  1036000    121056 1101057800  0.001  0.000   29.038   24.050    0    0  (Gen:  0)
  1033872    131704 1101122208  0.001  0.000   29.040   24.051    0    0  (Gen:  0)
  1032104    132064 1101185112  0.001  0.000   29.041   24.051    0    0  (Gen:  0)
  1070680    130784 1101278488  0.001  0.000   29.043   24.052    0    0  (Gen:  0)
  1033440    132240 1101345208  0.001  0.000   29.044   24.053    0    0  (Gen:  0)
  1034280    136688 1101406856  0.001  0.000   29.046   24.054    0    0  (Gen:  0)
  1033528    135016 1101473592  0.001  0.000   29.047   24.054    0    0  (Gen:  0)
  1034696    137304 1101538032  0.001  0.000   29.049   24.055    0    0  (Gen:  0)
  1036664    127656 1101595768  0.001  0.000   29.050   24.056    0    0  (Gen:  0)
  1037176    120816 1101652608  0.001  0.000   29.052   24.056    0    0  (Gen:  0)
  1036144    133464 1101722864  0.001  0.000   29.053   24.057    0    0  (Gen:  0)
  1032968    144120 1101789920  0.001  0.000   29.055   24.058    0    0  (Gen:  0)
  1035272    145896 1101864080  0.001  0.000   29.056   24.059    0    0  (Gen:  0)
  1033832    148280 1101932432  0.001  0.000   29.058   24.059    0    0  (Gen:  0)
  1032768    130336 1101990072  0.001  0.000   29.059   24.060    0    0  (Gen:  0)
  1033656    113504 1102039736  0.001  0.000   29.061   24.061    0    0  (Gen:  0)
  1032504    105680 1102090816  0.001  0.000   29.062   24.062    0    0  (Gen:  0)
  1035624    120480 1102153536  0.001  0.000   29.063   24.062    0    0  (Gen:  0)
  1035512    121384 1102206264  0.001  0.000   29.065   24.063    0    0  (Gen:  0)
  1035024    135872 1102281824  0.001  0.000   29.066   24.064    0    0  (Gen:  0)
  1030640    156840 1102358672  0.001  0.000   29.068   24.064    0    0  (Gen:  0)
  1033168    154760 1102428672  0.001  0.000   29.069   24.065    0    0  (Gen:  0)
  1034064    142600 1102493696  0.001  0.000   29.071   24.066    0    0  (Gen:  0)
  2742224    132832 1102597600  0.001  0.000   29.074   24.069    0    0  (Gen:  0)
  2119240     74336 1102623344  0.000  0.000   29.076   24.071    0    0  (Gen:  0)
  1772728     61744 1102662888  0.000  0.000   29.078   24.072    0    0  (Gen:  0)
  2111760     63328 1102700248  0.000  0.000   29.080   24.074    0    0  (Gen:  0)
  1831024     59104 1102731136  0.000  0.000   29.082   24.076    0    0  (Gen:  0)
  2122840     71344 1102785392  0.000  0.000   29.084   24.078    0    0  (Gen:  0)
  2506288     82832 1102811648  0.000  0.000   29.086   24.080    0    0  (Gen:  0)
  1498912     66144 1102844216  0.000  0.000   29.088   24.082    0    0  (Gen:  0)
  3317592     92256 1102952936  0.000  0.000   29.091   24.085    0    0  (Gen:  0)
  3146520    107320 1103024056  0.000  0.000   29.095   24.088    0    0  (Gen:  0)
  2384568     84112 1103072000  0.000  0.000   29.097   24.090    0    0  (Gen:  0)
  3503136     88968 1103141680  0.000  0.000   29.100   24.093    0    0  (Gen:  0)
  1107008     56264 1103157368  0.000  0.000   29.101   24.094    0    0  (Gen:  0)
  2581504     70320 1103183616  0.000  0.000   29.104   24.097    0    0  (Gen:  0)
  2559392     77184 1103265376  0.000  0.000   29.106   24.099    0    0  (Gen:  0)
  3189016     92312 1103335048  0.000  0.000   29.109   24.102    0    0  (Gen:  0)
  1295744     60712 1103319680  0.000  0.000   29.111   24.103    0    0  (Gen:  0)
  1137152     38824 1103378832  0.000  0.000   29.112   24.104    0    0  (Gen:  0)
  1795088     54640 1103416296  0.000  0.000   29.114   24.106    0    0  (Gen:  0)
  3836720     99064 1103461960  0.000  0.000   29.117   24.109    0    0  (Gen:  0)
  2607384     92744 1103555824  0.000  0.000   29.120   24.112    0    0  (Gen:  0)
  1711368     64448 1103568880  0.000  0.000   29.122   24.113    0    0  (Gen:  0)
  1103152     32536 1103583760  0.000  0.000   29.123   24.114    0    0  (Gen:  0)
  2070608     45048 1103616992  0.000  0.000   29.125   24.116    0    0  (Gen:  0)
  1137320     44752 1103632064  0.000  0.000   29.126   24.117    0    0  (Gen:  0)
  1939048     37464 1103654616  0.000  0.000   29.128   24.119    0    0  (Gen:  0)
  2880056     54488 1103692672  0.000  0.000   29.130   24.121    0    0  (Gen:  0)
  2526648     63680 1103728192  0.000  0.000   29.133   24.124    0    0  (Gen:  0)
  1410024     47688 1103741528  0.000  0.000   29.134   24.125    0    0  (Gen:  0)
  2236896     44928 1103775464  0.000  0.000   29.136   24.127    0    0  (Gen:  0)
  2207288     61256 1103814832  0.000  0.000   29.138   24.129    0    0  (Gen:  0)
  1105728     43176 1103822904  0.000  0.000   29.140   24.130    0    0  (Gen:  0)
  2063640     40592 1103848656  0.000  0.000   29.142   24.132    0    0  (Gen:  0)
  1744856     47160 1103874560  0.000  0.000   29.143   24.133    0    0  (Gen:  0)
  1104040     32408 1103889672  0.000  0.000   29.144   24.134    0    0  (Gen:  0)
  2308592     50688 1103924440  0.000  0.000   29.147   24.136    0    0  (Gen:  0)
  1137448     52816 1103943896  0.000  0.000   29.148   24.137    0    0  (Gen:  0)
  1105280     31240 1103956256  0.000  0.000   29.149   24.138    0    0  (Gen:  0)
  3327432     54744 1103996056  0.000  0.000   29.152   24.141    0    0  (Gen:  0)
  1102736     48952 1104008120  0.000  0.000   29.153   24.142    0    0  (Gen:  0)
  1996656     43608 1104045992  0.000  0.000   29.155   24.144    0    0  (Gen:  0)
  1896360     50792 1104032560  0.000  0.000   29.157   24.146    0    0  (Gen:  0)
  1591344    324336 1104364864  0.002  0.000   29.159   24.147    0    0  (Gen:  0)
  2065880     95328 1104449544  0.000  0.000   29.162   24.149    0    0  (Gen:  0)
  2128320     50016 1104479216  0.000  0.000   29.164   24.151    0    0  (Gen:  0)
  1172424     42016 1104499808  0.000  0.000   29.165   24.152    0    0  (Gen:  0)
  1144248     34224 1104514896  0.000  0.000   29.166   24.153    0    0  (Gen:  0)
  2637656     42384 1104542064  0.000  0.000   29.169   24.155    0    0  (Gen:  0)
  1727312     51080 1104568248  0.000  0.000   29.170   24.157    0    0  (Gen:  0)
  2102624     49944 1104596520  0.000  0.000   29.172   24.159    0    0  (Gen:  0)
  1634784     51144 1104622680  0.000  0.000   29.174   24.160    0    0  (Gen:  0)
  1237016     42304 1104635248  0.000  0.000   29.176   24.161    0    0  (Gen:  0)
  1977736     39280 1104661712  0.000  0.000   29.177   24.163    0    0  (Gen:  0)
  1204600     44208 1104686432  0.000  0.000   29.179   24.164    0    0  (Gen:  0)
  2622176     49520 1104713304  0.000  0.000   29.181   24.167    0    0  (Gen:  0)
  2285736     58952 1104750784  0.000  0.000   29.183   24.169    0    0  (Gen:  0)
  1136416     47600 1104767952  0.000  0.000   29.185   24.170    0    0  (Gen:  0)
  1108328     26704 1104773392  0.000  0.000   29.186   24.171    0    0  (Gen:  0)
  1986472     41168 1104804480  0.000  0.000   29.188   24.172    0    0  (Gen:  0)
  3311184     65816 1105372016  0.000  0.000   29.191   24.175    0    0  (Gen:  0)
  1493080     59544 1105462048  0.000  0.000   29.192   24.176    0    0  (Gen:  0)
  2133312     47448 1105552504  0.000  0.000   29.194   24.178    0    0  (Gen:  0)
  3274912     69768 1105894816  0.000  0.000   29.197   24.181    0    0  (Gen:  0)
  2251320     61824 1106015440  0.000  0.000   29.200   24.183    0    0  (Gen:  0)
  2749752     64952 1106254784  0.000  0.000   29.203   24.186    0    0  (Gen:  0)
  1656560     60688 1106410896  0.000  0.000   29.204   24.187    0    0  (Gen:  0)
  1243304     41488 1106523528  0.000  0.000   29.206   24.188    0    0  (Gen:  0)
  3052744     62712 1106834288  0.000  0.000   29.209   24.191    0    0  (Gen:  0)
  1138200     58616 1106850992  0.000  0.000   29.210   24.193    0    0  (Gen:  0)
  2011512     47080 1107009552  0.000  0.000   29.212   24.194    0    0  (Gen:  0)
  2180480     55424 1107203032  0.000  0.000   29.214   24.196    0    0  (Gen:  0)
  2970560     73392 1107549712  0.000  0.000   29.218   24.199    0    0  (Gen:  0)
  1586048     67440 1107636192  0.000  0.000   29.219   24.201    0    0  (Gen:  0)
  1362296     45352 1107821440  0.000  0.000   29.221   24.202    0    0  (Gen:  0)
  1990592     50704 1108015432  0.000  0.000   29.223   24.204    0    0  (Gen:  0)
  1334200     43944 1108091056  0.000  0.000   29.224   24.205    0    0  (Gen:  0)
  1106712     35408 1108110640  0.000  0.000   29.225   24.206    0    0  (Gen:  0)
  1360912     40984 1108232696  0.000  0.000   29.227   24.207    0    0  (Gen:  0)
  1376528     47000 1108286664  0.000  0.000   29.228   24.208    0    0  (Gen:  0)
  1199696     31912 1108360976  0.000  0.000   29.230   24.209    0    0  (Gen:  0)
  2215552     49952 1108497232  0.000  0.000   29.232   24.211    0    0  (Gen:  0)
  1975840     53496 1108676216  0.000  0.000   29.234   24.213    0    0  (Gen:  0)
  2752744     60624 1108915336  0.000  0.000   29.236   24.215    0    0  (Gen:  0)
  1312328     54064 1109063944  0.000  0.000   29.238   24.217    0    0  (Gen:  0)
  2499648     53680 1109260376  0.000  0.000   29.241   24.219    0    0  (Gen:  0)
  3654752     89400 1109616064  0.000  0.000   29.244   24.222    0    0  (Gen:  0)
  1870584     69336 1109793024  0.000  0.000   29.246   24.224    0    0  (Gen:  0)
  2812440     61504 1110170136  0.000  0.000   29.249   24.227    0    0  (Gen:  0)
  1804176     59408 1110353864  0.000  0.000   29.251   24.228    0    0  (Gen:  0)
  2799424 877734456 907813232  2.183  0.671   31.436   24.901    0    0  (Gen:  1)
  2408392     73144 908794440  0.000  0.000   31.439   24.902    0    0  (Gen:  0)
  1392192     47848 909814712  0.000  0.000   31.440   24.903    0    0  (Gen:  0)
  1946152     37072 910845256  0.000  0.000   31.442   24.904    0    0  (Gen:  0)
  1204248     35808 911870296  0.001  0.000   31.443   24.905    0    0  (Gen:  0)
  1473728     43744 912840424  0.000  0.000   31.444   24.905    0    0  (Gen:  0)
  1345616     34624 913897112  0.000  0.000   31.445   24.906    0    0  (Gen:  0)
  1461216     51696 914944752  0.000  0.000   31.446   24.907    0    0  (Gen:  0)
  1359256     30128 916000488  0.000  0.000   31.447   24.907    0    0  (Gen:  0)
  1724624     42968 917008864  0.000  0.000   31.449   24.908    0    0  (Gen:  0)
  1172040     41328 917027680  0.000  0.000   31.450   24.909    0    0  (Gen:  0)
  1971744     41912 917053112  0.000  0.000   31.452   24.911    0    0  (Gen:  0)
  1993512     56136 917090080  0.000  0.000   31.454   24.913    0    0  (Gen:  0)
  3394560     76064 917145120  0.000  0.000   31.457   24.916    0    0  (Gen:  0)
  2078192     69248 917167720  0.000  0.000   31.459   24.918    0    0  (Gen:  0)
  2290680     72040 917214896  0.000  0.000   31.462   24.920    0    0  (Gen:  0)
  1201464     67192 917241816  0.000  0.000   31.463   24.921    0    0  (Gen:  0)
  2181088     47232 917270896  0.000  0.000   31.465   24.923    0    0  (Gen:  0)
  2134048     53288 917297512  0.000  0.000   31.467   24.925    0    0  (Gen:  0)
  1174424     48064 917321296  0.000  0.000   31.468   24.926    0    0  (Gen:  0)
  1107208     29432 917329856  0.000  0.000   31.469   24.927    0    0  (Gen:  0)
  1503184     42688 917361520  0.000  0.000   31.471   24.929    0    0  (Gen:  0)
  1138048     42120 917376968  0.000  0.000   31.473   24.930    0    0  (Gen:  0)
  2635712     50616 917413256  0.000  0.000   31.475   24.932    0    0  (Gen:  0)
  2648888     74648 917459584  0.000  0.000   31.478   24.935    0    0  (Gen:  0)
  1849952     61504 917486264  0.000  0.000   31.480   24.936    0    0  (Gen:  0)
  3216816     70312 917535760  0.000  0.000   31.483   24.939    0    0  (Gen:  0)
  3750760     85024 917584536  0.000  0.000   31.486   24.942    0    0  (Gen:  0)
  2220224     65992 917607024  0.000  0.000   31.488   24.944    0    0  (Gen:  0)
  2272528     53280 917638768  0.000  0.000   31.490   24.946    0    0  (Gen:  0)
  1134568     46584 917657016  0.000  0.000   31.492   24.947    0    0  (Gen:  0)
  1180120     36344 917674360  0.000  0.000   31.493   24.948    0    0  (Gen:  0)
  1137480     35304 917693056  0.000  0.000   31.494   24.949    0    0  (Gen:  0)
  1106512     32296 917707056  0.000  0.000   31.495   24.950    0    0  (Gen:  0)
  1134184     42784 917729776  0.000  0.000   31.497   24.952    0    0  (Gen:  0)
  2388904     66344 917777000  0.000  0.000   31.500   24.955    0    0  (Gen:  0)
  1169504     57760 917802848  0.000  0.000   31.501   24.956    0    0  (Gen:  0)
  2332712     72288 917847624  0.000  0.000   31.504   24.959    0    0  (Gen:  0)
  1164920     52664 917865120  0.000  0.000   31.506   24.960    0    0  (Gen:  0)
  2306336     53384 917906488  0.000  0.000   31.508   24.962    0    0  (Gen:  0)
  2586320     66216 917936448  0.000  0.000   31.510   24.964    0    0  (Gen:  0)
  1521296     48592 917957600  0.000  0.000   31.512   24.966    0    0  (Gen:  0)
  1678472     35832 917977656  0.000  0.000   31.514   24.967    0    0  (Gen:  0)
  1928584     52824 918012656  0.000  0.000   31.515   24.969    0    0  (Gen:  0)
  1800152     45368 918032872  0.000  0.000   31.517   24.970    0    0  (Gen:  0)
  1103064     34272 918046624  0.000  0.000   31.518   24.971    0    0  (Gen:  0)
  1204888     38400 918072832  0.000  0.000   31.519   24.972    0    0  (Gen:  0)
  1136960     40048 918086792  0.000  0.000   31.521   24.973    0    0  (Gen:  0)
  1106496     31896 918100424  0.000  0.000   31.522   24.974    0    0  (Gen:  0)
  1100248     27768 918112528  0.000  0.000   31.523   24.975    0    0  (Gen:  0)
  1813272     41768 918137912  0.000  0.000   31.525   24.977    0    0  (Gen:  0)
  1342696     45552 918158248  0.000  0.000   31.526   24.978    0    0  (Gen:  0)
  1105752     34776 918173208  0.000  0.000   31.527   24.979    0    0  (Gen:  0)
  1982952     43424 918196704  0.000  0.000   31.529   24.981    0    0  (Gen:  0)
  1522640     48248 918222232  0.000  0.000   31.531   24.982    0    0  (Gen:  0)
  1317328     34328 918235808  0.000  0.000   31.532   24.983    0    0  (Gen:  0)
  3205792     57112 918279208  0.000  0.000   31.535   24.986    0    0  (Gen:  0)
  2859616     74696 918324664  0.000  0.000   31.538   24.989    0    0  (Gen:  0)
  3098608     76480 918366496  0.000  0.000   31.541   24.992    0    0  (Gen:  0)
  1167040     57128 918353224  0.000  0.000   31.542   24.993    0    0  (Gen:  0)
  2894672     61616 918431600  0.000  0.000   31.545   24.996    0    0  (Gen:  0)
  1571640     59264 918450936  0.000  0.000   31.547   24.997    0    0  (Gen:  0)
  1822784     48896 918442096  0.000  0.000   31.549   24.999    0    0  (Gen:  0)
  2489768     64824 918520960  0.000  0.000   31.551   25.001    0    0  (Gen:  0)
  2707704     68904 918554992  0.000  0.000   31.554   25.004    0    0  (Gen:  0)
  1169824     53544 918539432  0.000  0.000   31.555   25.005    0    0  (Gen:  0)
  3101024    221600 918848264  0.000  0.000   31.558   25.007    0    0  (Gen:  0)
  1556704     49008 918872968  0.000  0.000   31.560   25.009    0    0  (Gen:  0)
  1308880     32976 919081528  0.000  0.000   31.561   25.010    0    0  (Gen:  0)
  4009672     80728 919479560  0.000  0.000   31.565   25.013    0    0  (Gen:  0)
  1666656     67552 919556728  0.000  0.000   31.567   25.015    0    0  (Gen:  0)
  2028552     46952 919751816  0.000  0.000   31.569   25.016    0    0  (Gen:  0)
  1894968     49336 919937328  0.000  0.000   31.571   25.018    0    0  (Gen:  0)
  1270120     39520 920115904  0.000  0.000   31.572   25.019    0    0  (Gen:  0)
  1272712     38360 920202000  0.000  0.000   31.573   25.020    0    0  (Gen:  0)
  2069240     48128 920326792  0.000  0.000   31.575   25.022    0    0  (Gen:  0)
  1337600     39696 920538016  0.000  0.000   31.577   25.023    0    0  (Gen:  0)
  1241592     33672 920654696  0.000  0.000   31.578   25.024    0    0  (Gen:  0)
  1243488     33792 920769736  0.000  0.000   31.579   25.025    0    0  (Gen:  0)
  1327424     34440 920952736  0.000  0.000   31.580   25.026    0    0  (Gen:  0)
  2831872     63240 921158912  0.000  0.000   31.583   25.029    0    0  (Gen:  0)
  3406696     77368 921495432  0.000  0.000   31.586   25.032    0    0  (Gen:  0)
  1241256     51640 921638000  0.000  0.000   31.588   25.033    0    0  (Gen:  0)
  3403816     55448 921843328  0.000  0.000   31.591   25.036    0    0  (Gen:  0)
  1316000     61784 921998216  0.000  0.000   31.592   25.037    0    0  (Gen:  0)
  1824736     41016 922151360  0.000  0.000   31.594   25.038    0    0  (Gen:  0)
  2264408     49576 922507544  0.000  0.000   31.596   25.040    0    0  (Gen:  0)
  2215224     60264 922671120  0.000  0.000   31.598   25.042    0    0  (Gen:  0)
  1545616     51616 922795296  0.000  0.000   31.600   25.044    0    0  (Gen:  0)
  3653168     64536 923066480  0.000  0.000   31.603   25.047    0    0  (Gen:  0)
  2408064     75632 923339008  0.000  0.000   31.606   25.049    0    0  (Gen:  0)
  2318112     63976 923500968  0.000  0.000   31.608   25.051    0    0  (Gen:  0)
  1639928     57800 923657280  0.000  0.000   31.610   25.053    0    0  (Gen:  0)
  1736816     55912 923755400  0.000  0.000   31.612   25.054    0    0  (Gen:  0)
  2803960     61296 923950792  0.000  0.000   31.615   25.057    0    0  (Gen:  0)
  1259432     56344 924006632  0.000  0.000   31.616   25.058    0    0  (Gen:  0)
  3849200     63472 924281808  0.000  0.000   31.619   25.061    0    0  (Gen:  0)
  2076288     67968 924541056  0.000  0.000   31.622   25.063    0    0  (Gen:  0)
  2326088     55520 924795400  0.000  0.000   31.624   25.065    0    0  (Gen:  0)
  2628864     68936 925011704  0.000  0.000   31.626   25.067    0    0  (Gen:  0)
  1665928     58424 925158576  0.000  0.000   31.628   25.069    0    0  (Gen:  0)
  4073512     79344 925646320  0.000  0.000   31.632   25.072    0    0  (Gen:  0)
  1505136     75016 925806392  0.000  0.000   31.634   25.074    0    0  (Gen:  0)
  2993848     73952 926214896  0.000  0.000   31.638   25.077    0    0  (Gen:  0)
  3273432     91688 926661240  0.000  0.000   31.642   25.081    0    0  (Gen:  0)
  3362200     95904 927066040  0.000  0.000   31.645   25.085    0    0  (Gen:  0)
  3744592     98528 927516136  0.000  0.000   31.650   25.089    0    0  (Gen:  0)
  3025848     96408 927760888  0.000  0.000   31.653   25.092    0    0  (Gen:  0)
  1770368     68592 927915472  0.000  0.000   31.655   25.094    0    0  (Gen:  0)
  1601856     58888 928112880  0.000  0.000   31.657   25.096    0    0  (Gen:  0)
  2558624     70328 928324944  0.000  0.000   31.660   25.098    0    0  (Gen:  0)
  1819808     58792 928475040  0.000  0.000   31.662   25.100    0    0  (Gen:  0)
  1175520     36544 928552024  0.000  0.000   31.663   25.101    0    0  (Gen:  0)
  2484616     45792 928747688  0.000  0.000   31.665   25.103    0    0  (Gen:  0)
  1272440     46344 928895632  0.000  0.000   31.666   25.104    0    0  (Gen:  0)
  2398064     44280 929087576  0.000  0.000   31.669   25.106    0    0  (Gen:  0)
  4412272     75328 929407144  0.000  0.000   31.672   25.109    0    0  (Gen:  0)
  1498064     56368 929480672  0.000  0.000   31.674   25.110    0    0  (Gen:  0)
  3583056     59624 929792464  0.000  0.000   31.677   25.113    0    0  (Gen:  0)
  1209408     55376 929903872  0.000  0.000   31.679   25.114    0    0  (Gen:  0)
  1576880     35184 930018944  0.000  0.000   31.680   25.115    0    0  (Gen:  0)
  2615008     55448 930357936  0.000  0.000   31.683   25.118    0    0  (Gen:  0)
  1953912     49272 930435456  0.000  0.000   31.684   25.119    0    0  (Gen:  0)
  1374904     43752 930625336  0.000  0.000   31.686   25.120    0    0  (Gen:  0)
  1651208     41224 930771080  0.000  0.000   31.688   25.122    0    0  (Gen:  0)
  1105872     36080 930821608  0.000  0.000   31.689   25.123    0    0  (Gen:  0)
  3404008     51656 931091896  0.000  0.000   31.692   25.126    0    0  (Gen:  0)
  1306848     56256 931272232  0.000  0.000   31.693   25.127    0    0  (Gen:  0)
  1208952     37656 931388928  0.000  0.000   31.695   25.128    0    0  (Gen:  0)
  1239328     34392 931502000  0.000  0.000   31.696   25.129    0    0  (Gen:  0)
  2908736     57104 931736528  0.000  0.000   31.699   25.131    0    0  (Gen:  0)
  1865112     51960 931881760  0.000  0.000   31.700   25.133    0    0  (Gen:  0)
  1274912     48528 931977344  0.000  0.000   31.702   25.134    0    0  (Gen:  0)
  2010168     47032 932228304  0.000  0.000   31.704   25.136    0    0  (Gen:  0)
  1106256     39728 932244288  0.000  0.000   31.705   25.137    0    0  (Gen:  0)
  2777304     61176 932517120  0.000  0.000   31.708   25.139    0    0  (Gen:  0)
  2556848     61680 932739936  0.000  0.000   31.710   25.142    0    0  (Gen:  0)
  3818208     84208 933196312  0.000  0.000   31.714   25.145    0    0  (Gen:  0)
  3480984     98792 933507144  0.000  0.000   31.718   25.149    0    0  (Gen:  0)
  2922920     87304 933850320  0.000  0.000   31.721   25.152    0    0  (Gen:  0)
  4227560     99760 934214464  0.000  0.000   31.725   25.156    0    0  (Gen:  0)
  3957336    108448 934628104  0.000  0.000   31.730   25.159    0    0  (Gen:  0)
  2363824     79728 934930960  0.000  0.000   31.732   25.162    0    0  (Gen:  0)
  2702928     72328 935129592  0.000  0.000   31.735   25.164    0    0  (Gen:  0)
  1594160     61472 935315352  0.000  0.000   31.737   25.166    0    0  (Gen:  0)
  2633336     57704 935584744  0.000  0.000   31.739   25.168    0    0  (Gen:  0)
  2865096     80328 935860848  0.000  0.000   31.743   25.171    0    0  (Gen:  0)
  2178480     73080 936030352  0.000  0.000   31.745   25.173    0    0  (Gen:  0)
  1298232     59600 936120856  0.000  0.000   31.747   25.175    0    0  (Gen:  0)
  2540568     49512 936249608  0.000  0.000   31.749   25.177    0    0  (Gen:  0)
  1173952     39616 936328280  0.000  0.000   31.750   25.178    0    0  (Gen:  0)
  2921288     71040 936580984  0.000  0.000   31.754   25.182    0    0  (Gen:  0)
  1892960     84480 936691736  0.001  0.000   31.757   25.184    0    0  (Gen:  0)
  2200304     52944 936838016  0.000  0.000   31.759   25.186    0    0  (Gen:  0)
  2461040     62576 936976920  0.000  0.000   31.761   25.188    0    0  (Gen:  0)
  2841120     81736 937156360  0.000  0.000   31.764   25.191    0    0  (Gen:  0)
  2138392     79496 937326752  0.000  0.000   31.767   25.193    0    0  (Gen:  0)
  2987880     58440 937530328  0.000  0.000   31.770   25.196    0    0  (Gen:  0)
  3792560     96960 937920816  0.000  0.000   31.774   25.200    0    0  (Gen:  0)
  2138680     88760 938019832  0.000  0.000   31.777   25.202    0    0  (Gen:  0)
  2405696     71224 938292088  0.000  0.000   31.780   25.205    0    0  (Gen:  0)
  1741232     59912 938477184  0.000  0.000   31.781   25.206    0    0  (Gen:  0)
  1306112     48632 938668480  0.000  0.000   31.783   25.208    0    0  (Gen:  0)
  3071776     67488 938905440  0.000  0.000   31.787   25.211    0    0  (Gen:  0)
  2912824     82576 939220352  0.000  0.000   31.790   25.214    0    0  (Gen:  0)
  1641240     70656 939444256  0.000  0.000   31.792   25.215    0    0  (Gen:  0)
  2329880     74096 939620480  0.000  0.000   31.795   25.218    0    0  (Gen:  0)
  1309136     53736 939760816  0.000  0.000   31.796   25.219    0    0  (Gen:  0)
  1173192     31480 939841624  0.000  0.000   31.797   25.220    0    0  (Gen:  0)
  1311328     33880 940025496  0.000  0.000   31.799   25.221    0    0  (Gen:  0)
  2871448     52384 940164992  0.000  0.000   31.801   25.224    0    0  (Gen:  0)
  1203424     48800 940276176  0.000  0.000   31.803   25.225    0    0  (Gen:  0)
  1444384     47384 940470952  0.000  0.000   31.804   25.226    0    0  (Gen:  0)
  2051584     58600 940636744  0.000  0.000   31.806   25.228    0    0  (Gen:  0)
  1816392     54488 940730832  0.000  0.000   31.808   25.229    0    0  (Gen:  0)
  2620104     55264 941059320  0.000  0.000   31.810   25.231    0    0  (Gen:  0)
  1597368     50168 941176896  0.000  0.000   31.812   25.233    0    0  (Gen:  0)
  2291064     45648 941335464  0.000  0.000   31.814   25.235    0    0  (Gen:  0)
  1626264     47584 941590336  0.000  0.000   31.816   25.236    0    0  (Gen:  0)
  3393112     73592 941809608  0.000  0.000   31.819   25.239    0    0  (Gen:  0)
  3009736     75824 942080616  0.000  0.000   31.822   25.241    0    0  (Gen:  0)
  1136440     50488 942121888  0.000  0.000   31.823   25.242    0    0  (Gen:  0)
  2986384     55176 942365656  0.000  0.000   31.826   25.245    0    0  (Gen:  0)
  2127912     61840 942518160  0.000  0.000   31.828   25.247    0    0  (Gen:  0)
  1333296     50600 942610328  0.000  0.000   31.830   25.248    0    0  (Gen:  0)
  2785264     62712 942782024  0.000  0.000   31.833   25.251    0    0  (Gen:  0)
  1272512     53368 942925200  0.000  0.000   31.834   25.252    0    0  (Gen:  0)
  2812680     66176 943274616  0.000  0.000   31.837   25.255    0    0  (Gen:  0)
  1476536     72896 943403168  0.000  0.000   31.839   25.256    0    0  (Gen:  0)
  2850224     54272 943569688  0.000  0.000   31.841   25.259    0    0  (Gen:  0)
  1205560     50808 943685480  0.000  0.000   31.843   25.260    0    0  (Gen:  0)
  3529080     81672 943947776  0.000  0.000   31.846   25.264    0    0  (Gen:  0)
  1553760     63040 944094032  0.000  0.000   31.848   25.265    0    0  (Gen:  0)
  2367296     47648 944284904  0.000  0.000   31.850   25.267    0    0  (Gen:  0)
  2730744     62712 944493928  0.000  0.000   31.853   25.269    0    0  (Gen:  0)
  1673544     51376 944576736  0.000  0.000   31.854   25.271    0    0  (Gen:  0)
  2036472     46328 944737704  0.000  0.000   31.856   25.272    0    0  (Gen:  0)
  1142304     49704 944759344  0.000  0.000   31.858   25.273    0    0  (Gen:  0)
  1274800     30264 944929912  0.000  0.000   31.859   25.274    0    0  (Gen:  0)
  3116048     66544 945314224  0.000  0.000   31.862   25.278    0    0  (Gen:  0)
  1716280     65120 945401384  0.000  0.000   31.864   25.279    0    0  (Gen:  0)
  2090000     53232 945559112  0.000  0.000   31.866   25.281    0    0  (Gen:  0)
  1136832     42096 945573040  0.000  0.000   31.867   25.282    0    0  (Gen:  0)
  1237344     39336 945661400  0.000  0.000   31.869   25.283    0    0  (Gen:  0)
  2321496     46152 945915040  0.000  0.000   31.871   25.285    0    0  (Gen:  0)
  1298584     46744 945937448  0.000  0.000   31.872   25.286    0    0  (Gen:  0)
  1635904     39008 946085888  0.000  0.000   31.874   25.288    0    0  (Gen:  0)
  3065272     63064 946300048  0.000  0.000   31.877   25.290    0    0  (Gen:  0)
  3615208     95864 946649472  0.000  0.000   31.881   25.294    0    0  (Gen:  0)
  1857600     74904 946809440  0.000  0.000   31.883   25.296    0    0  (Gen:  0)
  1330568     37944 946915872  0.000  0.000   31.884   25.297    0    0  (Gen:  0)
  2112416     48944 947084488  0.000  0.000   31.886   25.299    0    0  (Gen:  0)
  3432496     71488 947258800  0.000  0.000   31.890   25.302    0    0  (Gen:  0)
  2247728     78152 947457632  0.000  0.000   31.892   25.304    0    0  (Gen:  0)
  3185232     73560 947706440  0.000  0.000   31.895   25.308    0    0  (Gen:  0)
  2997376     75048 947898824  0.000  0.000   31.898   25.310    0    0  (Gen:  0)
  2680352     68392 948067304  0.000  0.000   31.901   25.312    0    0  (Gen:  0)
  1980848     64824 948203992  0.000  0.000   31.903   25.314    0    0  (Gen:  0)
  1202856     52824 948253544  0.000  0.000   31.905   25.316    0    0  (Gen:  0)
  2777400     66312 948601736  0.000  0.000   31.908   25.318    0    0  (Gen:  0)
  2877592     78184 948765816  0.000  0.000   31.911   25.321    0    0  (Gen:  0)
  3089360     81368 949213168  0.000  0.000   31.914   25.324    0    0  (Gen:  0)
  1300520     62728 949362112  0.000  0.000   31.916   25.325    0    0  (Gen:  0)
  2448576     51176 949462000  0.000  0.000   31.918   25.328    0    0  (Gen:  0)
  1340880     52320 949644000  0.000  0.000   31.919   25.329    0    0  (Gen:  0)
  3345824     70544 950054000  0.000  0.000   31.923   25.332    0    0  (Gen:  0)
  2565448     83424 950397024  0.000  0.000   31.926   25.335    0    0  (Gen:  0)
  3136608     85944 950708728  0.000  0.000   31.929   25.338    0    0  (Gen:  0)
  2408912     83552 951008248  0.000  0.000   31.932   25.340    0    0  (Gen:  0)
  2781328     77712 951275832  0.000  0.000   31.935   25.343    0    0  (Gen:  0)
  2659704     73560 951543664  0.000  0.000   31.938   25.346    0    0  (Gen:  0)
  1850240     52824 951692648  0.000  0.000   31.940   25.347    0    0  (Gen:  0)
  2341264     55152 951892624  0.000  0.000   31.942   25.349    0    0  (Gen:  0)
  1232888     46944 951938760  0.000  0.000   31.943   25.350    0    0  (Gen:  0)
  2534304     53704 952043408  0.000  0.000   31.946   25.353    0    0  (Gen:  0)
  2769960     77320 952256816  0.000  0.000   31.949   25.356    0    0  (Gen:  0)
  1355912     66816 952417568  0.000  0.000   31.951   25.357    0    0  (Gen:  0)
  3018584     52152 952674280  0.000  0.000   31.954   25.360    0    0  (Gen:  0)
  3560800     82744 952928256  0.000  0.000   31.957   25.363    0    0  (Gen:  0)
  3863096     97032 953206680  0.001  0.000   31.961   25.367    0    0  (Gen:  0)
  2752432     93128 953642984  0.000  0.000   31.965   25.370    0    0  (Gen:  0)
  1396592     63504 953769520  0.000  0.000   31.966   25.371    0    0  (Gen:  0)
  3104608     57576 954099688  0.000  0.000   31.969   25.374    0    0  (Gen:  0)
  1243704     53120 954218840  0.000  0.000   31.970   25.375    0    0  (Gen:  0)
  1664320     44192 954306496  0.000  0.000   31.972   25.377    0    0  (Gen:  0)
  1141368     33560 954348928  0.000  0.000   31.973   25.377    0    0  (Gen:  0)
  2172328     49400 954555328  0.000  0.000   31.975   25.379    0    0  (Gen:  0)
  1203496     43568 954629448  0.000  0.000   31.977   25.380    0    0  (Gen:  0)
  1575984     37592 954748584  0.000  0.000   31.978   25.382    0    0  (Gen:  0)
  1328520     42384 954895568  0.000  0.000   31.980   25.383    0    0  (Gen:  0)
  3294056    158688 955403584  0.001  0.000   31.984   25.387    0    0  (Gen:  0)
  1037464    243664 955511160  0.001  0.000   31.985   25.387    0    0  (Gen:  0)
  1280528     84728 955750352  0.001  0.000   31.986   25.388    0    0  (Gen:  0)
  1041328    150616 955818424  0.001  0.000   31.988   25.389    0    0  (Gen:  0)
  1528640    183656 956216664  0.001  0.000   31.991   25.391    0    0  (Gen:  0)
  1035096    140624 956246408  0.000  0.000   31.992   25.392    0    0  (Gen:  0)
  1114200     65792 956360224  0.000  0.000   31.993   25.392    0    0  (Gen:  0)
  1035728     67128 956392840  0.000  0.000   31.994   25.393    0    0  (Gen:  0)
  1242288     54176 956523080  0.000  0.000   31.995   25.394    0    0  (Gen:  0)
  1035984     44336 956546112  0.000  0.000   31.996   25.395    0    0  (Gen:  0)
  1225016     52344 956751680  0.000  0.000   31.997   25.395    0    0  (Gen:  0)
  1038320     77560 956803504  0.000  0.000   31.998   25.396    0    0  (Gen:  0)
  1178120     84864 956984696  0.000  0.000   31.999   25.397    0    0  (Gen:  0)
  1039024     70288 957014312  0.000  0.000   32.000   25.397    0    0  (Gen:  0)
  1146560     52184 957115720  0.000  0.000   32.001   25.398    0    0  (Gen:  0)
  1037144     49416 957143128  0.000  0.000   32.002   25.398    0    0  (Gen:  0)
  1038608     60424 957183232  0.000  0.000   32.003   25.399    0    0  (Gen:  0)
  1104320     49048 957273056  0.000  0.000   32.004   25.400    0    0  (Gen:  0)
  1104864     46528 957366776  0.000  0.000   32.005   25.400    0    0  (Gen:  0)
  1143080     41824 957492160  0.000  0.000   32.005   25.401    0    0  (Gen:  0)
  1038136     46752 957524176  0.000  0.000   32.006   25.402    0    0  (Gen:  0)
  1207800     50208 957719000  0.000  0.000   32.007   25.402    0    0  (Gen:  0)
  1035872     61640 957756504  0.000  0.000   32.008   25.403    0    0  (Gen:  0)
  1173280     61128 957894048  0.000  0.000   32.009   25.404    0    0  (Gen:  0)
  1040608     58864 957928360  0.000  0.000   32.010   25.404    0    0  (Gen:  0)
  1107448     65784 958041896  0.000  0.000   32.011   25.405    0    0  (Gen:  0)
  1037304     82144 958095128  0.000  0.000   32.012   25.406    0    0  (Gen:  0)
  2049904    104184 958261520  0.000  0.000   32.014   25.407    0    0  (Gen:  0)
  1039080     63048 958285856  0.000  0.000   32.015   25.407    0    0  (Gen:  0)
  1614312     57728 958458648  0.000  0.000   32.016   25.408    0    0  (Gen:  0)
  1035296     51632 958487344  0.000  0.000   32.017   25.409    0    0  (Gen:  0)
  1142192     41168 958602712  0.000  0.000   32.018   25.410    0    0  (Gen:  0)
  1071360     50600 958669128  0.000  0.000   32.019   25.410    0    0  (Gen:  0)
  3246544    154296 959233416  0.001  0.000   32.028   25.414    0    0  (Gen:  0)
  2251144    259352 959500376  0.001  0.000   32.036   25.418    0    0  (Gen:  0)
  1040256    239824 959575176  0.001  0.000   32.038   25.419    0    0  (Gen:  0)
  1310312     95880 959918160  0.001  0.000   32.041   25.421    0    0  (Gen:  0)
  1218728    160616 960160144  0.001  0.000   32.042   25.422    0    0  (Gen:  0)
  1035760    127952 960215512  0.001  0.000   32.043   25.423    0    0  (Gen:  0)
  1071976     84864 960292432  0.000  0.000   32.044   25.423    0    0  (Gen:  0)
  1103224     85912 960411672  0.000  0.000   32.045   25.424    0    0  (Gen:  0)
  1138856     75024 960514000  0.000  0.000   32.047   25.425    0    0  (Gen:  0)
  1034264     63464 960552344  0.000  0.000   32.048   25.425    0    0  (Gen:  0)
  1103728     51624 960645192  0.000  0.000   32.049   25.426    0    0  (Gen:  0)
  1035288     59480 960683920  0.000  0.000   32.050   25.427    0    0  (Gen:  0)
  1140616     63512 960817880  0.000  0.000   32.051   25.427    0    0  (Gen:  0)
  1101352     59920 960917808  0.000  0.000   32.052   25.428    0    0  (Gen:  0)
  1147048     57776 961049784  0.000  0.000   32.053   25.429    0    0  (Gen:  0)
  1031528     51584 961077616  0.000  0.000   32.053   25.429    0    0  (Gen:  0)
  1135312     46256 961206464  0.000  0.000   32.054   25.430    0    0  (Gen:  0)
  1036656     48632 961241208  0.000  0.000   32.055   25.430    0    0  (Gen:  0)
  1099512     55520 961340352  0.000  0.000   32.056   25.431    0    0  (Gen:  0)
  1030864     45648 961365592  0.000  0.000   32.057   25.432    0    0  (Gen:  0)
  1135640     47488 961463096  0.000  0.000   32.058   25.432    0    0  (Gen:  0)
  1034480     45512 961490808  0.000  0.000   32.058   25.433    0    0  (Gen:  0)
  1067712     49784 961556656  0.000  0.000   32.059   25.433    0    0  (Gen:  0)
  1035976     44640 961580792  0.000  0.000   32.060   25.434    0    0  (Gen:  0)
  2005176     62728 961727520  0.000  0.000   32.061   25.435    0    0  (Gen:  0)
  1028672     47224 961747248  0.000  0.000   32.062   25.436    0    0  (Gen:  0)
  1028736     37432 961773864  0.000  0.000   32.063   25.436    0    0  (Gen:  0)
  1061784     39512 961828296  0.000  0.000   32.064   25.437    0    0  (Gen:  0)
  1029120     29432 961847288  0.000  0.000   32.065   25.437    0    0  (Gen:  0)
  1029240     43504 961879904  0.000  0.000   32.066   25.438    0    0  (Gen:  0)
  1504616    231688 962226624  0.001  0.000   32.068   25.439    0    0  (Gen:  0)
  2690552    803552 963071792  0.003  0.001   32.073   25.441    0    0  (Gen:  0)
  2434264    723848 963624064  0.002  0.001   32.076   25.443    0    0  (Gen:  0)
  3409544    857776 964437480  0.003  0.001   32.082   25.446    0    0  (Gen:  0)
  2067144    598040 964943712  0.001  0.001   32.085   25.447    0    0  (Gen:  0)
  2265560    643624 965549480  0.002  0.001   32.089   25.449    0    0  (Gen:  0)
  3357680    978528 966714816  0.002  0.001   32.094   25.452    0    0  (Gen:  0)
  2782928   1029880 967603192  0.004  0.001   32.101   25.454    0    0  (Gen:  0)
  2630352    945336 968420744  0.004  0.001   32.107   25.457    0    0  (Gen:  0)
  2118248    790560 969125096  0.002  0.001   32.111   25.459    0    0  (Gen:  0)
  3093056    676080 969790072  0.003  0.001   32.116   25.461    0    0  (Gen:  0)
  3233840    512696 970475712  0.002  0.000   32.121   25.464    0    0  (Gen:  0)
  2990152    192832 970856968  0.001  0.000   32.126   25.467    0    0  (Gen:  0)
  3599488    154176 971232240  0.001  0.000   32.134   25.472    0    0  (Gen:  0)
  1848888    533584 971812512  0.003  0.001   32.138   25.474    0    0  (Gen:  0)
  1143840    619480 972151424  0.002  0.001   32.141   25.476    0    0  (Gen:  0)
  1282632    547416 972686400  0.001  0.001   32.144   25.477    0    0  (Gen:  0)
  1168848    370656 972888712  0.001  0.000   32.146   25.478    0    0  (Gen:  0)
  1353656    415240 973331680  0.002  0.001   32.149   25.480    0    0  (Gen:  0)
  1035144    393104 973592440  0.002  0.001   32.153   25.481    0    0  (Gen:  0)
  1203984    234512 973890928  0.002  0.001   32.155   25.483    0    0  (Gen:  0)
  1241936    249096 974220376  0.002  0.001   32.158   25.484    0    0  (Gen:  0)
  1139032    226000 974426096  0.001  0.000   32.161   25.486    0    0  (Gen:  0)
  1105544    184968 974586544  0.001  0.000   32.163   25.487    0    0  (Gen:  0)
  1066936    233192 974765112  0.001  0.001   32.166   25.488    0    0  (Gen:  0)
  1034032    177584 974809920  0.001  0.000   32.168   25.490    0    0  (Gen:  0)
  1036064     69072 974829720  0.000  0.000   32.170   25.491    0    0  (Gen:  0)
  1036104     28928 974842752  0.000  0.000   32.172   25.492    0    0  (Gen:  0)
  1034608     22704 974848176  0.000  0.000   32.173   25.494    0    0  (Gen:  0)
  1034032     21008 974858672  0.000  0.000   32.175   25.495    0    0  (Gen:  0)
  1035688    113920 974963792  0.001  0.000   32.177   25.497    0    0  (Gen:  0)
  1036624    215248 975080960  0.001  0.000   32.180   25.498    0    0  (Gen:  0)
  1036328    233976 975202632  0.001  0.001   32.183   25.501    0    0  (Gen:  0)
  1037824    221968 975326584  0.001  0.001   32.187   25.503    0    0  (Gen:  0)
  1037936    252496 975460440  0.001  0.001   32.190   25.505    0    0  (Gen:  0)
  1036712    245696 975574512  0.001  0.001   32.193   25.507    0    0  (Gen:  0)
  1036904    237360 975702720  0.001  0.000   32.197   25.509    0    0  (Gen:  0)
  1037304    240736 975818896  0.001  0.001   32.200   25.511    0    0  (Gen:  0)
  1036712    243248 975949568  0.001  0.001   32.203   25.513    0    0  (Gen:  0)
  1035968    259400 976081968  0.001  0.001   32.206   25.515    0    0  (Gen:  0)
  1036624    264840 976218280  0.001  0.000   32.209   25.516    0    0  (Gen:  0)
  1096576    438912 976525928  0.002  0.001   32.213   25.518    0    0  (Gen:  0)
  1356104    224936 976444720  0.001  0.000   32.217   25.520    0    0  (Gen:  0)
  1037232    238568 976559832  0.001  0.000   32.220   25.522    0    0  (Gen:  0)
  1038312    202896 976648544  0.001  0.000   32.222   25.524    0    0  (Gen:  0)
  1036744    191416 976749184  0.001  0.000   32.225   25.525    0    0  (Gen:  0)
  1035832    235264 976885440  0.001  0.000   32.228   25.527    0    0  (Gen:  0)
  1037728    224544 976975728  0.001  0.001   32.231   25.529    0    0  (Gen:  0)
  1032312    240608 977125736  0.001  0.000   32.234   25.531    0    0  (Gen:  0)
  1041096    193088 977179656  0.001  0.000   32.237   25.532    0    0  (Gen:  0)
  1041160    103928 977234240  0.001  0.000   32.239   25.534    0    0  (Gen:  0)
  1040592    102864 977286304  0.001  0.000   32.241   25.535    0    0  (Gen:  0)
  1040456     94832 977337592  0.001  0.000   32.243   25.537    0    0  (Gen:  0)
  1037024     91720 977389656  0.001  0.000   32.245   25.538    0    0  (Gen:  0)
  1040496     93816 977440096  0.001  0.000   32.247   25.539    0    0  (Gen:  0)
  1040144    121784 977511096  0.001  0.000   32.249   25.541    0    0  (Gen:  0)
  1039752     93504 977555048  0.001  0.000   32.251   25.542    0    0  (Gen:  0)
  1039328    302864 977824680  0.001  0.001   32.254   25.544    0    0  (Gen:  0)
  1040392    487176 978094600  0.003  0.001   32.258   25.546    0    0  (Gen:  0)
  1040568    508368 978387912  0.002  0.001   32.261   25.547    0    0  (Gen:  0)
  1040704    508008 978676512  0.002  0.001   32.266   25.549    0    0  (Gen:  0)
  1040672    498312 978954936  0.003  0.001   32.270   25.551    0    0  (Gen:  0)
  1040840    508072 979237752  0.002  0.001   32.274   25.553    0    0  (Gen:  0)
  1042056    417560 979528264  0.002  0.000   32.277   25.554    0    0  (Gen:  0)
  1108312    311176 979816008  0.001  0.000   32.279   25.555    0    0  (Gen:  0)
  1043840     81520 979685656  0.000  0.000   32.279   25.555    0    0  (Gen:  0)
  1043160    148776 979806536  0.001  0.000   32.280   25.556    0    0  (Gen:  0)
  1043576    261416 980026248  0.002  0.000   32.283   25.557    0    0  (Gen:  0)
  1120640    143008 980196112  0.001  0.000   32.285   25.558    0    0  (Gen:  0)
  1227152    103800 980198528  0.000  0.000   32.287   25.560    0    0  (Gen:  0)
  3037456    533976 980853344  0.002  0.000   32.292   25.565    0    0  (Gen:  0)
  1032192    830880 981197408  0.003  0.001   32.295   25.566    0    0  (Gen:  0)
  1977784    225792 981488928  0.001  0.000   32.297   25.568    0    0  (Gen:  0)
  1037096     33000 981509120  0.000  0.000   32.298   25.568    0    0  (Gen:  0)
  1031744     77952 981563136  0.001  0.000   32.299   25.569    0    0  (Gen:  0)
  1036208    115960 981621192  0.001  0.000   32.300   25.569    0    0  (Gen:  0)
  1034160    128264 981687384  0.001  0.000   32.302   25.570    0    0  (Gen:  0)
  1031128    130792 981747816  0.001  0.000   32.303   25.571    0    0  (Gen:  0)
  1035968    129048 981809992  0.001  0.000   32.305   25.572    0    0  (Gen:  0)
  1033952    132296 981876152  0.001  0.000   32.306   25.572    0    0  (Gen:  0)
  1033128    137016 981942352  0.001  0.000   32.308   25.573    0    0  (Gen:  0)
  1034824    131472 982003496  0.001  0.000   32.310   25.574    0    0  (Gen:  0)
  1034088    134072 982070296  0.001  0.000   32.311   25.575    0    0  (Gen:  0)
  1036600    127992 982127688  0.001  0.000   32.312   25.575    0    0  (Gen:  0)
  1036176    128728 982192384  0.001  0.000   32.314   25.576    0    0  (Gen:  0)
  1036640    130600 982253208  0.001  0.000   32.315   25.577    0    0  (Gen:  0)
  1034560    135056 982321784  0.001  0.000   32.317   25.578    0    0  (Gen:  0)
  1033800    148560 982396080  0.001  0.000   32.319   25.578    0    0  (Gen:  0)
  1034400    152104 982467488  0.001  0.000   32.320   25.579    0    0  (Gen:  0)
  1033512    132432 982522520  0.001  0.000   32.322   25.580    0    0  (Gen:  0)
  1032984    112624 982575824  0.001  0.000   32.323   25.581    0    0  (Gen:  0)
  1032264    112952 982627536  0.001  0.000   32.324   25.581    0    0  (Gen:  0)
  1034744    113032 982685016  0.001  0.000   32.326   25.582    0    0  (Gen:  0)
  1034688    126936 982750104  0.001  0.000   32.327   25.583    0    0  (Gen:  0)
  1036400    129176 982808840  0.001  0.000   32.328   25.583    0    0  (Gen:  0)
  1031592    137248 982883208  0.001  0.000   32.330   25.584    0    0  (Gen:  0)
  1033128    158640 982960944  0.001  0.000   32.331   25.585    0    0  (Gen:  0)
  1033008    145952 983023112  0.001  0.000   32.332   25.586    0    0  (Gen:  0)
  1986824    142520 983136128  0.001  0.000   32.335   25.588    0    0  (Gen:  0)
  1985696     86776 983155752  0.000  0.000   32.337   25.589    0    0  (Gen:  0)
  1134752     34032 983167832  0.000  0.000   32.338   25.590    0    0  (Gen:  0)
  2604432     61912 983211096  0.000  0.000   32.341   25.593    0    0  (Gen:  0)
  1624088     61992 983247096  0.000  0.000   32.343   25.594    0    0  (Gen:  0)
  2405160     68400 983269560  0.000  0.000   32.345   25.597    0    0  (Gen:  0)
  3715728    106488 983348768  0.000  0.000   32.349   25.600    0    0  (Gen:  0)
  2689584     99600 983445184  0.000  0.000   32.351   25.603    0    0  (Gen:  0)
  2904600     95704 983518656  0.000  0.000   32.354   25.605    0    0  (Gen:  0)
  1709312     77728 983524168  0.000  0.000   32.356   25.607    0    0  (Gen:  0)
  1631040     54928 983585384  0.000  0.000   32.357   25.609    0    0  (Gen:  0)
  2363680     60024 983628704  0.000  0.000   32.360   25.611    0    0  (Gen:  0)
  2555968     75688 983683408  0.000  0.000   32.362   25.613    0    0  (Gen:  0)
  2669040     82664 983708320  0.000  0.000   32.365   25.615    0    0  (Gen:  0)
  3075744     80888 983791400  0.000  0.000   32.367   25.618    0    0  (Gen:  0)
  3349600     90536 983826520  0.000  0.000   32.370   25.621    0    0  (Gen:  0)
  1104288     60232 983846984  0.000  0.000   32.372   25.622    0    0  (Gen:  0)
  3560520     87232 983931760  0.000  0.000   32.375   25.625    0    0  (Gen:  0)
  2260336     78440 984003904  0.000  0.000   32.377   25.627    0    0  (Gen:  0)
  1451912     47864 983997256  0.000  0.000   32.379   25.629    0    0  (Gen:  0)
  1885528     53000 984069648  0.000  0.000   32.381   25.631    0    0  (Gen:  0)
  1134784     52760 984082128  0.000  0.000   32.382   25.632    0    0  (Gen:  0)
  2593872     42256 984110288  0.000  0.000   32.384   25.634    0    0  (Gen:  0)
  1171904     43288 984127448  0.000  0.000   32.386   25.635    0    0  (Gen:  0)
  2713184     52536 984166728  0.000  0.000   32.388   25.638    0    0  (Gen:  0)
  2479240     60112 984193584  0.000  0.000   32.391   25.640    0    0  (Gen:  0)
  1272728     48296 984211744  0.000  0.000   32.392   25.641    0    0  (Gen:  0)
  1104760     27208 984216848  0.000  0.000   32.393   25.642    0    0  (Gen:  0)
  1442920     33712 984243200  0.000  0.000   32.395   25.643    0    0  (Gen:  0)
  1669752     47848 984266808  0.000  0.000   32.396   25.645    0    0  (Gen:  0)
  2114240     44008 984284984  0.000  0.000   32.398   25.646    0    0  (Gen:  0)
  2786824     60872 984327448  0.000  0.000   32.401   25.649    0    0  (Gen:  0)
  2372744     61896 984353688  0.000  0.000   32.403   25.651    0    0  (Gen:  0)
  2113888     53400 984377696  0.000  0.000   32.405   25.653    0    0  (Gen:  0)
  2604504     56432 984414144  0.000  0.000   32.407   25.655    0    0  (Gen:  0)
  2246288     60344 984445520  0.000  0.000   32.410   25.657    0    0  (Gen:  0)
  2965112     59376 984478976  0.000  0.000   32.412   25.660    0    0  (Gen:  0)
  2790032     63256 984512896  0.000  0.000   32.415   25.662    0    0  (Gen:  0)
  1774040     57552 984541792  0.000  0.000   32.417   25.664    0    0  (Gen:  0)
  2504352    276728 984824192  0.001  0.000   32.420   25.666    0    0  (Gen:  0)
  1847720    278304 984925088  0.002  0.001   32.423   25.668    0    0  (Gen:  0)
  1763320     45088 984951160  0.000  0.000   32.425   25.669    0    0  (Gen:  0)
  3858896     63072 984992896  0.000  0.000   32.428   25.673    0    0  (Gen:  0)
  3372480     78704 985033280  0.000  0.000   32.431   25.676    0    0  (Gen:  0)
  1137592     54456 985051072  0.000  0.000   32.433   25.677    0    0  (Gen:  0)
  1447016     33104 985064896  0.000  0.000   32.434   25.678    0    0  (Gen:  0)
  1626608     41608 985088568  0.000  0.000   32.436   25.680    0    0  (Gen:  0)
  2172280     50768 985113696  0.000  0.000   32.438   25.681    0    0  (Gen:  0)
  2333496     54128 985140400  0.000  0.000   32.440   25.684    0    0  (Gen:  0)
  1139416     43384 985150240  0.000  0.000   32.442   25.685    0    0  (Gen:  0)
  3382296     49960 985198104  0.000  0.000   32.445   25.688    0    0  (Gen:  0)
  1757096     60160 985220648  0.000  0.000   32.447   25.690    0    0  (Gen:  0)
  1141184     37448 985233064  0.000  0.000   32.448   25.691    0    0  (Gen:  0)
  1597888     36808 985254104  0.000  0.000   32.449   25.692    0    0  (Gen:  0)
  3331656     59872 985754352  0.000  0.000   32.452   25.695    0    0  (Gen:  0)
  2190864     70304 985914672  0.000  0.000   32.455   25.697    0    0  (Gen:  0)
  1395968     44248 985989680  0.000  0.000   32.456   25.698    0    0  (Gen:  0)
  1656000     39152 986112912  0.000  0.000   32.458   25.700    0    0  (Gen:  0)
  1438376     47088 986263240  0.000  0.000   32.459   25.701    0    0  (Gen:  0)
  1252072     30816 986369056  0.000  0.000   32.461   25.702    0    0  (Gen:  0)
  2526584     46568 986566968  0.000  0.000   32.463   25.705    0    0  (Gen:  0)
  2209328     63576 986830544  0.000  0.000   32.466   25.707    0    0  (Gen:  0)
  1846240     59376 986986680  0.000  0.000   32.467   25.708    0    0  (Gen:  0)
  2810088     65584 987193616  0.000  0.000   32.470   25.711    0    0  (Gen:  0)
  1207792     59944 987240912  0.000  0.000   32.472   25.712    0    0  (Gen:  0)
  1628112     44800 987431984  0.000  0.000   32.473   25.713    0    0  (Gen:  0)
  1909104     50704 987550768  0.000  0.000   32.475   25.715    0    0  (Gen:  0)
  2593032     63600 987881576  0.000  0.000   32.478   25.718    0    0  (Gen:  0)
  1813472     62984 988004856  0.000  0.000   32.480   25.719    0    0  (Gen:  0)
  3293888     66448 988316032  0.000  0.000   32.483   25.722    0    0  (Gen:  0)
  2270648     66896 988434744  0.000  0.000   32.485   25.724    0    0  (Gen:  0)
  2064152     49776 988628120  0.000  0.000   32.487   25.726    0    0  (Gen:  0)
  2373656     54616 988690304  0.000  0.000   32.489   25.728    0    0  (Gen:  0)
  2004592     51184 988810608  0.000  0.000   32.492   25.730    0    0  (Gen:  0)
  2325312     56528 989008464  0.000  0.000   32.494   25.732    0    0  (Gen:  0)
  3727376     71536 989311480  0.000  0.000   32.497   25.735    0    0  (Gen:  0)
  1279600     59928 989460776  0.000  0.000   32.498   25.736    0    0  (Gen:  0)
  1178512     35248 989537392  0.000  0.000   32.500   25.737    0    0  (Gen:  0)
  3116936     60568 989883704  0.000  0.000   32.503   25.740    0    0  (Gen:  0)
  1755904     69984 990033488  0.000  0.000   32.505   25.742    0    0  (Gen:  0)
  3299328     64120 990434200  0.000  0.000   32.508   25.744    0    0  (Gen:  0)
  1815744     60816 990524368  0.000  0.000   32.510   25.746    0    0  (Gen:  0)
  1939352     56488 990688000  0.000  0.000   32.512   25.748    0    0  (Gen:  0)
  1136448     42984 990732024  0.000  0.000   32.513   25.749    0    0  (Gen:  0)
  3653928     57624 991138728  0.000  0.000   32.517   25.752    0    0  (Gen:  0)
  2182872     75816 991235736  0.000  0.000   32.519   25.754    0    0  (Gen:  0)
  2146920     56640 991490056  0.000  0.000   32.521   25.756    0    0  (Gen:  0)
  1587776     49312 991641912  0.000  0.000   32.523   25.758    0    0  (Gen:  0)
  1281728     42208 991758368  0.000  0.000   32.525   25.759    0    0  (Gen:  0)
  3106776     63296 992131080  0.000  0.000   32.528   25.762    0    0  (Gen:  0)
  1558552     61360 992312024  0.000  0.000   32.530   25.763    0    0  (Gen:  0)
  1852256     45376 992465336  0.000  0.000   32.531   25.765    0    0  (Gen:  0)
  3505456     73416 992785016  0.000  0.000   32.535   25.768    0    0  (Gen:  0)
  2341008     71792 993040552  0.000  0.000   32.537   25.770    0    0  (Gen:  0)
  1436016     43504 993221944  0.000  0.000   32.539   25.771    0    0  (Gen:  0)
  2887776     52192 993485752  0.000  0.000   32.541   25.774    0    0  (Gen:  0)
  1140576     47488 993497600  0.000  0.000   32.543   25.775    0    0  (Gen:  0)
  2541272     45896 993861136  0.000  0.000   32.545   25.777    0    0  (Gen:  0)
  1649728     56768 993978848  0.000  0.000   32.547   25.778    0    0  (Gen:  0)
  2084264     45328 994102488  0.000  0.000   32.549   25.780    0    0  (Gen:  0)
  2964256     60336 994433808  0.000  0.000   32.552   25.783    0    0  (Gen:  0)
  2121488     69336 994665688  0.000  0.000   32.554   25.785    0    0  (Gen:  0)
  1242360     48072 994776704  0.000  0.000   32.556   25.786    0    0  (Gen:  0)
  1275264     33768 994922424  0.000  0.000   32.557   25.787    0    0  (Gen:  0)
  2066776     44840 995049320  0.000  0.000   32.559   25.789    0    0  (Gen:  0)
  1784488     51024 995236344  0.000  0.000   32.561   25.791    0    0  (Gen:  0)
  2014136     48656 995396744  0.000  0.000   32.563   25.792    0    0  (Gen:  0)
  2654368     56840 995685192  0.000  0.000   32.565   25.794    0    0  (Gen:  0)
  4422960     76520 996128616  0.000  0.000   32.569   25.798    0    0  (Gen:  0)
  1103592     58768 996169984  0.000  0.000   32.570   25.799    0    0  (Gen:  0)
  3336760     63520 996617840  0.000  0.000   32.575   25.803    0    0  (Gen:  0)
  2694720     85288 996852096  0.000  0.000   32.578   25.806    0    0  (Gen:  0)
  2715200     79560 997057624  0.000  0.000   32.581   25.809    0    0  (Gen:  0)
  1960968     67728 997277368  0.000  0.000   32.583   25.810    0    0  (Gen:  0)
  2907808     64152 997512416  0.000  0.000   32.586   25.813    0    0  (Gen:  0)
  1816176     59928 997665552  0.000  0.000   32.587   25.814    0    0  (Gen:  0)
  3694296     62752 997968176  0.000  0.000   32.591   25.817    0    0  (Gen:  0)
  1261104     54328 997980536  0.000  0.000   32.592   25.819    0    0  (Gen:  0)
  1241616     35016 998131424  0.000  0.000   32.593   25.820    0    0  (Gen:  0)
  2320640     44168 998381736  0.000  0.000   32.596   25.822    0    0  (Gen:  0)
  2382328     58632 998578440  0.000  0.000   32.598   25.824    0    0  (Gen:  0)
  2357768     52528 998831920  0.000  0.000   32.600   25.826    0    0  (Gen:  0)
  3480456     63032 999165512  0.000  0.000   32.603   25.828    0    0  (Gen:  0)
  3344848     77488 999436840  0.000  0.000   32.606   25.831    0    0  (Gen:  0)
  1280432     51880 999605224  0.000  0.000   32.608   25.832    0    0  (Gen:  0)
  2521672     47904 999905792  0.000  0.000   32.610   25.834    0    0  (Gen:  0)
  3824792     74720 1000150840  0.000  0.000   32.614   25.838    0    0  (Gen:  0)
  4171280     89976 1000432272  0.001  0.000   32.618   25.842    0    0  (Gen:  0)
  2123288     81056 1000722872  0.000  0.000   32.620   25.844    0    0  (Gen:  0)
  2837352     62760 1000953840  0.000  0.000   32.623   25.846    0    0  (Gen:  0)
  2982168     73224 1001262312  0.000  0.000   32.626   25.849    0    0  (Gen:  0)
  3793856     85032 1001502280  0.000  0.000   32.630   25.852    0    0  (Gen:  0)
  1776080     65224 1001655360  0.000  0.000   32.632   25.854    0    0  (Gen:  0)
  1803648     49376 1001846728  0.000  0.000   32.634   25.856    0    0  (Gen:  0)
  3840784     70376 1002219608  0.000  0.000   32.637   25.859    0    0  (Gen:  0)
  1910120     68912 1002340944  0.000  0.000   32.639   25.861    0    0  (Gen:  0)
  1518096     49016 1002498088  0.000  0.000   32.641   25.862    0    0  (Gen:  0)
  1455696     40792 1002615104  0.000  0.000   32.642   25.863    0    0  (Gen:  0)
  1209160     34976 1002725712  0.000  0.000   32.644   25.864    0    0  (Gen:  0)
  1305776     34856 1002841320  0.000  0.000   32.645   25.866    0    0  (Gen:  0)
  2439720    237336 1003221272  0.001  0.000   32.648   25.867    0    0  (Gen:  0)
  1621984     47448 1003082128  0.000  0.000   32.649   25.869    0    0  (Gen:  0)
  1597352     38600 1003265160  0.000  0.000   32.651   25.870    0    0  (Gen:  0)
  1277384     39752 1003408712  0.000  0.000   32.652   25.871    0    0  (Gen:  0)
  2549992     41752 1003699272  0.000  0.000   32.655   25.873    0    0  (Gen:  0)
  1477192     51064 1003823952  0.000  0.000   32.656   25.875    0    0  (Gen:  0)
  1636192     39632 1003935848  0.000  0.000   32.658   25.876    0    0  (Gen:  0)
  1825592     40728 1004090080  0.000  0.000   32.660   25.878    0    0  (Gen:  0)
  1319616     41336 1004304880  0.000  0.000   32.661   25.879    0    0  (Gen:  0)
  1571376     42928 1004423504  0.000  0.000   32.663   25.881    0    0  (Gen:  0)
  1822120     42552 1004507712  0.000  0.000   32.665   25.882    0    0  (Gen:  0)
  1106320     32432 1004520824  0.000  0.000   32.666   25.883    0    0  (Gen:  0)
  2067192     41624 1004812616  0.000  0.000   32.668   25.885    0    0  (Gen:  0)
  2087008     48464 1004967856  0.000  0.000   32.670   25.887    0    0  (Gen:  0)
  1460264     36488 1005077400  0.000  0.000   32.671   25.888    0    0  (Gen:  0)
  3523320     62304 1005390048  0.000  0.000   32.674   25.891    0    0  (Gen:  0)
  1270528     59464 1005504712  0.000  0.000   32.676   25.892    0    0  (Gen:  0)
  2145976     47416 1005729800  0.000  0.000   32.678   25.894    0    0  (Gen:  0)
  1138888     47488 1005747024  0.000  0.000   32.679   25.895    0    0  (Gen:  0)
  1304920     37064 1005825968  0.000  0.000   32.681   25.896    0    0  (Gen:  0)
  1279192     34184 1006002408  0.000  0.000   32.682   25.897    0    0  (Gen:  0)
  2578264     50280 1006264024  0.000  0.000   32.685   25.899    0    0  (Gen:  0)
  2113080     56352 1006352168  0.000  0.000   32.686   25.901    0    0  (Gen:  0)
  3647024     77136 1006640368  0.000  0.000   32.691   25.905    0    0  (Gen:  0)
  1176688     62952 1006710664  0.000  0.000   32.692   25.906    0    0  (Gen:  0)
  1172192     30592 1006761360  0.000  0.000   32.693   25.907    0    0  (Gen:  0)
  1311840     39840 1006910656  0.000  0.000   32.695   25.909    0    0  (Gen:  0)
  3374376     54248 1007246736  0.000  0.000   32.698   25.911    0    0  (Gen:  0)
  2894648     70416 1007548656  0.000  0.000   32.701   25.914    0    0  (Gen:  0)
  1210464     56112 1007661568  0.000  0.000   32.702   25.915    0    0  (Gen:  0)
  1696800     39272 1007814152  0.000  0.000   32.704   25.916    0    0  (Gen:  0)
  2359208     58288 1008010840  0.000  0.000   32.706   25.918    0    0  (Gen:  0)
  2932608     66824 1008244280  0.000  0.000   32.709   25.921    0    0  (Gen:  0)
  2118840     63216 1008562688  0.000  0.000   32.712   25.923    0    0  (Gen:  0)
  3457368     79744 1008942080  0.000  0.000   32.716   25.927    0    0  (Gen:  0)
  2542120     84488 1009306264  0.000  0.000   32.719   25.930    0    0  (Gen:  0)
  3641760     84232 1009739376  0.000  0.000   32.723   25.934    0    0  (Gen:  0)
  3591152     98096 1010216968  0.000  0.000   32.727   25.939    0    0  (Gen:  0)
  3975912    105192 1010471472  0.001  0.000   32.732   25.943    0    0  (Gen:  0)
  3890752    111168 1010852736  0.000  0.000   32.736   25.947    0    0  (Gen:  0)
  1647992     74632 1010932008  0.000  0.000   32.738   25.948    0    0  (Gen:  0)
  1260296     32648 1011039192  0.000  0.000   32.740   25.949    0    0  (Gen:  0)
  3247192     51488 1011313264  0.000  0.000   32.742   25.952    0    0  (Gen:  0)
  2895912     63224 1011569016  0.000  0.000   32.745   25.954    0    0  (Gen:  0)
  3159528     65424 1011771592  0.000  0.000   32.748   25.957    0    0  (Gen:  0)
  2321248     59304 1012057640  0.000  0.000   32.750   25.959    0    0  (Gen:  0)
  3353592     64928 1012200280  0.000  0.000   32.753   25.961    0    0  (Gen:  0)
  2486128     65872 1012419544  0.000  0.000   32.755   25.963    0    0  (Gen:  0)
  2819152     61984 1012719736  0.000  0.000   32.758   25.966    0    0  (Gen:  0)
  3288096    259680 1013177720  0.001  0.000   32.761   25.968    0    0  (Gen:  0)
  3132488     69928 1013248072  0.000  0.000   32.764   25.970    0    0  (Gen:  0)
  1886992     51408 1013392344  0.000  0.000   32.766   25.972    0    0  (Gen:  0)
  2037680     44920 1013484224  0.000  0.000   32.768   25.974    0    0  (Gen:  0)
  1745248     46560 1013706728  0.000  0.000   32.769   25.975    0    0  (Gen:  0)
  2008832     42936 1013794136  0.000  0.000   32.771   25.977    0    0  (Gen:  0)
  2797416     57552 1014027760  0.000  0.000   32.774   25.979    0    0  (Gen:  0)
  2890512     72288 1014330096  0.000  0.000   32.777   25.982    0    0  (Gen:  0)
  3236688     72496 1014525192  0.000  0.000   32.779   25.984    0    0  (Gen:  0)
  1728064     56960 1014742040  0.000  0.000   32.781   25.986    0    0  (Gen:  0)
  2913560     56368 1014969112  0.000  0.000   32.784   25.988    0    0  (Gen:  0)
  1109864     43656 1014981936  0.000  0.000   32.785   25.989    0    0  (Gen:  0)
  3252872     56960 1015456488  0.000  0.000   32.789   25.993    0    0  (Gen:  0)
  1940216     67056 1015709848  0.000  0.000   32.791   25.995    0    0  (Gen:  0)
  3376672     71568 1015982760  0.001  0.000   32.795   25.999    0    0  (Gen:  0)
  1824816     71664 1016173272  0.000  0.000   32.797   26.001    0    0  (Gen:  0)
  1712464     54176 1016361856  0.000  0.000   32.799   26.002    0    0  (Gen:  0)
  1204216     41232 1016437824  0.000  0.000   32.800   26.003    0    0  (Gen:  0)
  2261264     43984 1016731904  0.000  0.000   32.803   26.005    0    0  (Gen:  0)
  3524376     72880 1017104432  0.000  0.000   32.806   26.009    0    0  (Gen:  0)
  3247848     90360 1017379048  0.000  0.000   32.810   26.012    0    0  (Gen:  0)
  2040776     70432 1017596312  0.000  0.000   32.812   26.014    0    0  (Gen:  0)
  2225784     54976 1017856064  0.000  0.000   32.814   26.016    0    0  (Gen:  0)
  2969200     69912 1018188328  0.000  0.000   32.818   26.019    0    0  (Gen:  0)
  2077776     71552 1018345152  0.000  0.000   32.820   26.021    0    0  (Gen:  0)
  1385528     49248 1018397912  0.000  0.000   32.822   26.022    0    0  (Gen:  0)
  1572112     39880 1018485080  0.000  0.000   32.823   26.024    0    0  (Gen:  0)
  2365552     54048 1018650560  0.000  0.000   32.826   26.026    0    0  (Gen:  0)
  3615136     83568 1018933408  0.001  0.000   32.831   26.030    0    0  (Gen:  0)
  1958592     74536 1019090968  0.000  0.000   32.833   26.032    0    0  (Gen:  0)
  2148944     46384 1019137952  0.000  0.000   32.835   26.034    0    0  (Gen:  0)
  2197064     57416 1019303600  0.000  0.000   32.838   26.037    0    0  (Gen:  0)
  4326432     80216 1019555672  0.001  0.000   32.842   26.041    0    0  (Gen:  0)
  1442576     61480 1019663024  0.000  0.000   32.843   26.042    0    0  (Gen:  0)
  3646568     73384 1020086328  0.000  0.000   32.848   26.046    0    0  (Gen:  0)
  2153808     79432 1020178984  0.000  0.000   32.851   26.049    0    0  (Gen:  0)
  2928024     68848 1020539952  0.000  0.000   32.854   26.052    0    0  (Gen:  0)
  3295584     85504 1020748608  0.000  0.000   32.858   26.055    0    0  (Gen:  0)
  3757296     95128 1021163224  0.001  0.000   32.862   26.059    0    0  (Gen:  0)
  3053624     90912 1021561664  0.001  0.000   32.866   26.063    0    0  (Gen:  0)
  3179280     79512 1021858904  0.000  0.000   32.869   26.065    0    0  (Gen:  0)
  3595128     72912 1022165440  0.000  0.000   32.873   26.068    0    0  (Gen:  0)
  3897200     80392 1022433192  0.000  0.000   32.876   26.071    0    0  (Gen:  0)
  1371592     58320 1022521744  0.000  0.000   32.878   26.073    0    0  (Gen:  0)
  2748384     48920 1022810480  0.000  0.000   32.881   26.075    0    0  (Gen:  0)
  2718880     60736 1023073432  0.000  0.000   32.883   26.077    0    0  (Gen:  0)
  3519192     77648 1023349832  0.000  0.000   32.886   26.080    0    0  (Gen:  0)
  2499480     66952 1023638376  0.000  0.000   32.889   26.082    0    0  (Gen:  0)
  1318016     44152 1023752520  0.000  0.000   32.890   26.084    0    0  (Gen:  0)
  2113952     48080 1023913280  0.000  0.000   32.892   26.086    0    0  (Gen:  0)
  1521664     46976 1024067328  0.000  0.000   32.894   26.087    0    0  (Gen:  0)
  1210768     32288 1024177192  0.000  0.000   32.895   26.088    0    0  (Gen:  0)
  2226032     43856 1024399656  0.000  0.000   32.897   26.090    0    0  (Gen:  0)
  1378392     50888 1024449256  0.000  0.000   32.899   26.091    0    0  (Gen:  0)
  1683552     39568 1024628024  0.000  0.000   32.901   26.093    0    0  (Gen:  0)
  1173632     39064 1024677768  0.000  0.000   32.902   26.094    0    0  (Gen:  0)
  2697520     54504 1024910272  0.000  0.000   32.905   26.097    0    0  (Gen:  0)
  1936280     66864 1025005864  0.000  0.000   32.907   26.099    0    0  (Gen:  0)
  1472776     50192 1025088528  0.000  0.000   32.909   26.100    0    0  (Gen:  0)
  3554312     71056 1025504208  0.000  0.000   32.912   26.103    0    0  (Gen:  0)
  1171552     53496 1025573816  0.000  0.000   32.913   26.104    0    0  (Gen:  0)
  3425616     57864 1025883776  0.000  0.000   32.917   26.108    0    0  (Gen:  0)
  2109424     70952 1026009920  0.000  0.000   32.919   26.110    0    0  (Gen:  0)
  4386192     75296 1026427280  0.000  0.000   32.923   26.114    0    0  (Gen:  0)
  1241216     66776 1026541232  0.000  0.000   32.925   26.115    0    0  (Gen:  0)
  1700000     33512 1026618712  0.000  0.000   32.926   26.116    0    0  (Gen:  0)
  1950664     44208 1026707552  0.000  0.000   32.928   26.118    0    0  (Gen:  0)
  1302608     46464 1026792896  0.000  0.000   32.930   26.119    0    0  (Gen:  0)
  1449576     41392 1026912744  0.000  0.000   32.931   26.120    0    0  (Gen:  0)
  3091584     64216 1027349872  0.000  0.000   32.935   26.123    0    0  (Gen:  0)
  2684144     73568 1027479928  0.000  0.000   32.937   26.126    0    0  (Gen:  0)
  2257600     60920 1027676744  0.000  0.000   32.940   26.128    0    0  (Gen:  0)
  3542080     63688 1027936152  0.000  0.000   32.943   26.131    0    0  (Gen:  0)
  2565224     65712 1028101248  0.000  0.000   32.945   26.133    0    0  (Gen:  0)
  2611216     61768 1028295720  0.000  0.000   32.948   26.135    0    0  (Gen:  0)
  3786432     80552 1028678768  0.000  0.000   32.952   26.139    0    0  (Gen:  0)
  3795560     93424 1028951032  0.000  0.000   32.956   26.143    0    0  (Gen:  0)
  2365672     75152 1029149648  0.000  0.000   32.958   26.145    0    0  (Gen:  0)
  2220704     64016 1029275320  0.000  0.000   32.961   26.147    0    0  (Gen:  0)
  1173824     43312 1029355528  0.000  0.000   32.962   26.148    0    0  (Gen:  0)
  1893400     41920 1029506120  0.000  0.000   32.964   26.150    0    0  (Gen:  0)
  2837448     69744 1029777464  0.000  0.000   32.967   26.153    0    0  (Gen:  0)
  3011528     68224 1029931224  0.000  0.000   32.970   26.156    0    0  (Gen:  0)
  2751128     70456 1030177600  0.000  0.000   32.973   26.159    0    0  (Gen:  0)
  3903624     92480 1030490056  0.001  0.000   32.978   26.163    0    0  (Gen:  0)
  4038864     98264 1030832272  0.000  0.000   32.982   26.167    0    0  (Gen:  0)
  3005208    203992 1031416664  0.001  0.000   32.985   26.170    0    0  (Gen:  0)
  3909768     82544 1031502848  0.000  0.000   32.989   26.173    0    0  (Gen:  0)
  2177624     73064 1031861288  0.000  0.000   32.992   26.175    0    0  (Gen:  0)
  3418680     75872 1032200568  0.001  0.000   32.996   26.179    0    0  (Gen:  0)
  3195040     88240 1032600760  0.001  0.000   33.000   26.183    0    0  (Gen:  0)
  2819216     83800 1032970008  0.000  0.000   33.003   26.186    0    0  (Gen:  0)
  1753680     65904 1033117136  0.000  0.000   33.005   26.187    0    0  (Gen:  0)
  2366472     57496 1033314704  0.000  0.000   33.008   26.190    0    0  (Gen:  0)
  2837512     59360 1033574136  0.000  0.000   33.010   26.192    0    0  (Gen:  0)
  2147880     55544 1033763648  0.000  0.000   33.013   26.194    0    0  (Gen:  0)
  1942320     47680 1033854608  0.000  0.000   33.015   26.196    0    0  (Gen:  0)
  2718000     61720 1034027504  0.000  0.000   33.018   26.199    0    0  (Gen:  0)
  2039616     69632 1034089176  0.000  0.000   33.021   26.201    0    0  (Gen:  0)
  2355296     61128 1034278312  0.000  0.000   33.023   26.203    0    0  (Gen:  0)
  3623360     66720 1034618008  0.000  0.000   33.026   26.206    0    0  (Gen:  0)
  2222408     62872 1034708744  0.000  0.000   33.028   26.208    0    0  (Gen:  0)
  2938000     69288 1035078440  0.000  0.000   33.032   26.212    0    0  (Gen:  0)
  2621232     78064 1035442976  0.000  0.000   33.035   26.215    0    0  (Gen:  0)
  1478416     63296 1035560232  0.000  0.000   33.036   26.216    0    0  (Gen:  0)
  1869904     47192 1035783000  0.000  0.000   33.038   26.218    0    0  (Gen:  0)
  1607176     41888 1035898336  0.000  0.000   33.040   26.219    0    0  (Gen:  0)
  1292320     39384 1035945472  0.000  0.000   33.041   26.220    0    0  (Gen:  0)
  2113448     41040 1036131888  0.000  0.000   33.043   26.222    0    0  (Gen:  0)
  2986344     61360 1036371296  0.000  0.000   33.046   26.225    0    0  (Gen:  0)
  1138640     50736 1036415688  0.000  0.000   33.047   26.226    0    0  (Gen:  0)
  3708584     61144 1036827840  0.000  0.000   33.052   26.230    0    0  (Gen:  0)
  1213392    184464 1037092672  0.001  0.000   33.053   26.231    0    0  (Gen:  0)
  1037328    166976 1037116848  0.001  0.000   33.054   26.231    0    0  (Gen:  0)
  1208784    125128 1037362672  0.001  0.000   33.056   26.232    0    0  (Gen:  0)
  1207920     67248 1037581624  0.000  0.000   33.058   26.233    0    0  (Gen:  0)
  1270048    110824 1037880480  0.000  0.000   33.060   26.235    0    0  (Gen:  0)
  1039456    121992 1037896728  0.000  0.000   33.061   26.236    0    0  (Gen:  0)
  1039840     44480 1037921040  0.000  0.000   33.062   26.236    0    0  (Gen:  0)
  1073712     40776 1037966272  0.000  0.000   33.063   26.237    0    0  (Gen:  0)
  1107232     25424 1038040680  0.000  0.000   33.064   26.238    0    0  (Gen:  0)
  1152592     43352 1038135904  0.000  0.000   33.065   26.238    0    0  (Gen:  0)
  1039000     62344 1038163896  0.000  0.000   33.066   26.239    0    0  (Gen:  0)
  1250416     56560 1038351984  0.000  0.000   33.067   26.240    0    0  (Gen:  0)
  1039472     37360 1038361680  0.000  0.000   33.068   26.240    0    0  (Gen:  0)
  1111000     34544 1038447680  0.000  0.000   33.069   26.241    0    0  (Gen:  0)
  1107736     35000 1038523344  0.000  0.000   33.069   26.241    0    0  (Gen:  0)
  1143400     23024 1038629760  0.000  0.000   33.070   26.242    0    0  (Gen:  0)
  1039024     20168 1038637744  0.000  0.000   33.071   26.243    0    0  (Gen:  0)
  1143440     30160 1038753944  0.000  0.000   33.072   26.243    0    0  (Gen:  0)
  1041152     38536 1038770504  0.000  0.000   33.073   26.244    0    0  (Gen:  0)
  1039496     41848 1038791120  0.000  0.000   33.074   26.244    0    0  (Gen:  0)
  1562224     61728 1038991648  0.000  0.000   33.075   26.245    0    0  (Gen:  0)
  1036080     77624 1039028592  0.000  0.000   33.076   26.246    0    0  (Gen:  0)
  1171800     54304 1039139848  0.000  0.000   33.077   26.246    0    0  (Gen:  0)
  1038888     23608 1039146736  0.000  0.000   33.078   26.247    0    0  (Gen:  0)
  1143632     17392 1039251688  0.000  0.000   33.078   26.248    0    0  (Gen:  0)
  1038472     17416 1039258216  0.000  0.000   33.079   26.248    0    0  (Gen:  0)
  1143920     19776 1039332672  0.000  0.000   33.080   26.249    0    0  (Gen:  0)
  2475280    138480 1039752608  0.001  0.000   33.088   26.252    0    0  (Gen:  0)
  3085792    290200 1040417408  0.001  0.000   33.097   26.257    0    0  (Gen:  0)
  1040144    187928 1040402552  0.000  0.000   33.098   26.257    0    0  (Gen:  0)
  1210432    114400 1040661272  0.001  0.000   33.101   26.259    0    0  (Gen:  0)
  1050272    156264 1040721280  0.000  0.000   33.102   26.260    0    0  (Gen:  0)
  1109632    100040 1040789616  0.000  0.000   33.103   26.261    0    0  (Gen:  0)
  1077144     78432 1040861376  0.000  0.000   33.104   26.262    0    0  (Gen:  0)
  1040128     66048 1040884704  0.000  0.000   33.105   26.262    0    0  (Gen:  0)
  1207072     47616 1041036240  0.000  0.000   33.106   26.263    0    0  (Gen:  0)
  1074760     51568 1041096272  0.000  0.000   33.107   26.264    0    0  (Gen:  0)
  1039296     49784 1041114752  0.000  0.000   33.108   26.264    0    0  (Gen:  0)
  1142016     35672 1041226280  0.000  0.000   33.109   26.265    0    0  (Gen:  0)
  1073664     31432 1041272992  0.000  0.000   33.110   26.266    0    0  (Gen:  0)
  1142608     29648 1041382728  0.000  0.000   33.111   26.266    0    0  (Gen:  0)
  1039136     32440 1041399400  0.000  0.000   33.111   26.267    0    0  (Gen:  0)
  1146216     32016 1041476240  0.000  0.000   33.112   26.267    0    0  (Gen:  0)
  1038616     22224 1041483088  0.000  0.000   33.113   26.268    0    0  (Gen:  0)
  1108656     23600 1041561392  0.000  0.000   33.114   26.269    0    0  (Gen:  0)
  1039224     28632 1041573200  0.000  0.000   33.115   26.269    0    0  (Gen:  0)
  1038608     29160 1041586368  0.000  0.000   33.115   26.270    0    0  (Gen:  0)
  1454944     36528 1041736648  0.000  0.000   33.116   26.271    0    0  (Gen:  0)
  1038592     27936 1041741704  0.000  0.000   33.117   26.271    0    0  (Gen:  0)
  2420072     27424 1041858040  0.000  0.000   33.119   26.272    0    0  (Gen:  0)
  1038832     24808 1041862984  0.000  0.000   33.120   26.273    0    0  (Gen:  0)
  2160352    372288 1042488192  0.001  0.000   33.122   26.274    0    0  (Gen:  0)
  1669336    541488 1042898472  0.001  0.000   33.126   26.276    0    0  (Gen:  0)
  2632104    951040 1043739408  0.003  0.001   33.131   26.278    0    0  (Gen:  0)
  2891616    876864 1044389848  0.002  0.001   33.136   26.281    0    0  (Gen:  0)
  3488712    858880 1045004968  0.002  0.001   33.142   26.284    0    0  (Gen:  0)
  3162976    943304 1045899096  0.003  0.001   33.148   26.289    0    0  (Gen:  0)
  2367296    877624 1046889816  0.002  0.001   33.154   26.291    0    0  (Gen:  0)
  1717160    530944 1047277184  0.001  0.000   33.158   26.293    0    0  (Gen:  0)
  2926912    639168 1048055368  0.001  0.001   33.162   26.295    0    0  (Gen:  0)
  4234528    435816 1048665056  0.001  0.000   33.169   26.299    0    0  (Gen:  0)
  3525504     86456 1048945048  0.000  0.000   33.176   26.303    0    0  (Gen:  0)
  1694952    235688 1049233776  0.001  0.000   33.180   26.305    0    0  (Gen:  0)
  1244456    471752 1049703504  0.001  0.001   33.182   26.307    0    0  (Gen:  0)
  1210720    443528 1050089360  0.002  0.001   33.186   26.308    0    0  (Gen:  0)
  1202608    526016 1050517360  0.002  0.001   33.188   26.310    0    0  (Gen:  0)
  1111288    220552 1050732768  0.001  0.000   33.191   26.311    0    0  (Gen:  0)
  1147352    367472 1051010096  0.002  0.001   33.194   26.312    0    0  (Gen:  0)
  1106560    422208 1051372800  0.002  0.001   33.197   26.314    0    0  (Gen:  0)
  1138072    204616 1051625680  0.002  0.000   33.200   26.315    0    0  (Gen:  0)
  1137760    263512 1051849560  0.002  0.001   33.203   26.317    0    0  (Gen:  0)
  1207976    222040 1052116320  0.001  0.000   33.205   26.318    0    0  (Gen:  0)
  1171256    220360 1052379680  0.001  0.000   33.208   26.320    0    0  (Gen:  0)
  1274088    234520 1052659512  0.002  0.001   33.211   26.321    0    0  (Gen:  0)
  1191544    192752 1052871592  0.001  0.000   33.214   26.323    0    0  (Gen:  0)
  1144544     95080 1052984488  0.001  0.000   33.216   26.325    0    0  (Gen:  0)
  1269840     33576 1053234488  0.000  0.000   33.218   26.326    0    0  (Gen:  0)
  1032736     23304 1053239184  0.000  0.000   33.220   26.327    0    0  (Gen:  0)
  1272216     23776 1053450904  0.000  0.000   33.222   26.329    0    0  (Gen:  0)
  1104416     88592 1053593288  0.001  0.000   33.224   26.330    0    0  (Gen:  0)
  1112528    194864 1053782728  0.001  0.001   33.227   26.332    0    0  (Gen:  0)
  1036240    246448 1053909240  0.001  0.001   33.231   26.335    0    0  (Gen:  0)
  1037392    221544 1054030152  0.001  0.001   33.234   26.337    0    0  (Gen:  0)
  1036648    249960 1054164152  0.001  0.000   33.237   26.339    0    0  (Gen:  0)
  1037160    249632 1054284528  0.001  0.000   33.240   26.341    0    0  (Gen:  0)
  1036616    229928 1054400176  0.001  0.001   33.244   26.343    0    0  (Gen:  0)
  1035792    235488 1054524520  0.001  0.000   33.247   26.345    0    0  (Gen:  0)
  1036304    246376 1054650944  0.001  0.000   33.250   26.346    0    0  (Gen:  0)
  1035768    255056 1054783816  0.002  0.001   33.254   26.348    0    0  (Gen:  0)
  1036616    266360 1054922024  0.001  0.000   33.256   26.350    0    0  (Gen:  0)
  1036496    268512 1055054600  0.001  0.001   33.259   26.352    0    0  (Gen:  0)
  1036736    254736 1055181600  0.001  0.001   33.263   26.354    0    0  (Gen:  0)
  1037552    222736 1055282248  0.001  0.000   33.266   26.356    0    0  (Gen:  0)
  1036520    188760 1055371056  0.001  0.000   33.268   26.357    0    0  (Gen:  0)
  1037880    201720 1055483416  0.001  0.000   33.271   26.359    0    0  (Gen:  0)
  1036320    246384 1055621312  0.001  0.001   33.274   26.361    0    0  (Gen:  0)
  1504016    299064 1055783144  0.001  0.001   33.278   26.363    0    0  (Gen:  0)
  1036672    251552 1055876520  0.001  0.000   33.281   26.365    0    0  (Gen:  0)
  1040760    126208 1055928128  0.001  0.000   33.283   26.366    0    0  (Gen:  0)
  1040512    100616 1055982464  0.001  0.000   33.285   26.368    0    0  (Gen:  0)
  1040696     95392 1056034800  0.001  0.000   33.287   26.369    0    0  (Gen:  0)
  1036776     93072 1056088784  0.001  0.000   33.289   26.371    0    0  (Gen:  0)
  1041144     99624 1056146720  0.001  0.000   33.291   26.372    0    0  (Gen:  0)
  1040000    108344 1056196760  0.001  0.000   33.293   26.373    0    0  (Gen:  0)
  1040440    120488 1056256824  0.001  0.000   33.295   26.375    0    0  (Gen:  0)
  1037136    215480 1056428240  0.001  0.000   33.297   26.376    0    0  (Gen:  0)
  1068568    419264 1056708912  0.002  0.001   33.300   26.378    0    0  (Gen:  0)
  2080752    607472 1057088600  0.003  0.001   33.306   26.380    0    0  (Gen:  0)
  1043776    589272 1057377672  0.003  0.001   33.311   26.382    0    0  (Gen:  0)
  1041320    504328 1057661432  0.003  0.001   33.315   26.384    0    0  (Gen:  0)
  1041696    502656 1057938712  0.002  0.001   33.319   26.386    0    0  (Gen:  0)
  1041456    460232 1058232072  0.002  0.001   33.322   26.387    0    0  (Gen:  0)
  1108752    310816 1058535056  0.001  0.000   33.324   26.388    0    0  (Gen:  0)
  1044592     85088 1058401960  0.000  0.000   33.324   26.389    0    0  (Gen:  0)
  1043176    126432 1058509672  0.001  0.000   33.326   26.389    0    0  (Gen:  0)
  1043944    232320 1058722624  0.001  0.000   33.328   26.390    0    0  (Gen:  0)
  1118944    144408 1058903792  0.001  0.000   33.329   26.391    0    0  (Gen:  0)
  1177536    148304 1058910664  0.000  0.000   33.331   26.393    0    0  (Gen:  0)
   889952 886416984 917050720  1.390  0.697   34.723   27.831    0    0  (Gen:  1)
   104624   9562440  15677480  0.022  0.117   34.746 2777.651    0    0  (Gen:  1)
     1368                      0.000  0.000

  14,471,399,312 bytes allocated in the heap
   5,487,360,848 bytes copied during GC
     917,050,720 bytes maximum residency (19 sample(s))
       5,017,232 bytes maximum slop
             874 MB total memory in use (0 MB lost due to fragmentation)

                                     Tot time (elapsed)  Avg pause  Max pause
  Gen  0      8117 colls,  8116 par   13.109s   3.400s     0.0004s    0.0103s
  Gen  1        19 colls,    18 par    6.890s   2.526s     0.1329s    0.6972s

  Parallel GC work balance: 63.33% (serial 0%, perfect 100%)

  TASKS: 17 (1 bound, 16 peak workers (16 total), using -N4)

  SPARKS: 0 (0 converted, 0 overflowed, 0 dud, 0 GC'd, 0 fizzled)

  INIT    time    0.001s  (  0.004s elapsed)
  MUT     time   14.747s  (2771.721s elapsed)
  GC      time   19.998s  (  5.926s elapsed)
  EXIT    time    0.000s  (  0.005s elapsed)
  Total   time   34.746s  (2777.656s elapsed)

  Alloc rate    981,323,118 bytes per MUT second

  Productivity  42.4% of total user, 99.8% of total elapsed

