bench-hist/normalizedUri-cache/ghcide --lsp --cwd bench/example/Cabal-3.0.0.0 +RTS -I0 -qg -A128M -Scode_actions.benchmark-gcStats -I0.5 
    Alloc    Copied     Live     GC     GC      TOT      TOT  Page Flts
    bytes     bytes     bytes   user   elap     user     elap
572291384  23576360  26533024  0.067  0.074    0.709    6.040    0    0  (Gen:  0)
558463072  23580056  40855344  0.092  0.107    1.143    6.786    0    0  (Gen:  1)
547079392  29634320  58249720  0.061  0.063    1.526    7.278    0    0  (Gen:  0)
539544448  36024584  78761120  0.078  0.083    1.864    7.758    0    0  (Gen:  0)
550583968  36025864  93612264  0.171  0.195    2.357    8.587    0    0  (Gen:  1)
543606744  36024560 109621760  0.060  0.060    2.723    9.089    0    0  (Gen:  0)
540060352  36023560 124366608  0.059  0.059    3.827    9.654    0    0  (Gen:  0)
551946064  36027656 213160936  0.193  0.207    4.892   10.254    0    0  (Gen:  0)
526675288  36031296 257091864  0.242  0.268    5.785   10.699    0    0  (Gen:  0)
526738272  36035944 293628840  0.528  0.586    6.918   11.448    0    0  (Gen:  1)
525333992  36028856 342033896  0.203  0.204    7.661   11.792    0    0  (Gen:  0)
525686488  36030136 390587680  0.205  0.205    8.382   12.129    0    0  (Gen:  0)
526023048  36033464 450880136  0.222  0.222    9.174   12.498    0    0  (Gen:  0)
526536088  36033584 502601336  0.231  0.243    9.949   12.881    0    0  (Gen:  0)
525182488  36026328 554701576  0.225  0.239   10.738   13.264    0    0  (Gen:  0)
526549248  36030776 599241688  1.052  1.196   12.360   14.612    0    0  (Gen:  1)
523600976 116531992 662318840  0.217  0.218   12.888   15.115    0    0  (Gen:  0)
519605816 121172968 722023728  0.192  0.193   13.395   15.626    0    0  (Gen:  0)
524783600 121175448 760685760  0.174  0.174   14.071   16.090    0    0  (Gen:  0)
523446488  69146032 795753376  0.153  0.154   14.847   16.421    0    0  (Gen:  0)
526774288  69141768 830853232  0.160  0.161   15.499   16.970    0    0  (Gen:  0)
527177048  75522176 870475432  0.168  0.169   16.230   17.390    0    0  (Gen:  0)
523523600  75489928 907327984  0.171  0.171   17.024   17.765    0    0  (Gen:  0)
580410328  63328984 936359672  0.140  0.141   17.703   18.376    0    0  (Gen:  0)
562068600  63327048 944748408  0.068  0.069   18.278   18.913    0    0  (Gen:  0)
541295752  20289440 952093640  0.023  0.023   18.724   19.279    0    0  (Gen:  0)
542822536  14549008 959186296  0.012  0.012   19.162   19.639    0    0  (Gen:  0)
460888088 873326920 910381920  1.532  1.755   21.042   22.364    0    0  (Gen:  1)
   103304   9778208  15720888  0.022  0.102   21.065   22.467    0    0  (Gen:  1)
     2440                      0.000  0.000

  14,968,803,200 bytes allocated in the heap
   2,237,947,264 bytes copied during GC
     910,381,920 bytes maximum residency (6 sample(s))
       4,664,480 bytes maximum slop
             868 MB total memory in use (0 MB lost due to fragmentation)

                                     Tot time (elapsed)  Avg pause  Max pause
  Gen  0        23 colls,     0 par    3.326s   3.412s     0.1483s    0.2684s
  Gen  1         6 colls,     0 par    3.398s   3.941s     0.6569s    1.7549s

  TASKS: 18 (1 bound, 17 peak workers (17 total), using -N4)

  SPARKS: 0 (0 converted, 0 overflowed, 0 dud, 0 GC'd, 0 fizzled)

  INIT    time    0.001s  (  0.006s elapsed)
  MUT     time   14.340s  ( 15.109s elapsed)
  GC      time    6.724s  (  7.353s elapsed)
  EXIT    time    0.000s  (  0.014s elapsed)
  Total   time   21.066s  ( 22.481s elapsed)

  Alloc rate    1,043,876,893 bytes per MUT second

  Productivity  68.1% of total user, 67.2% of total elapsed

