bench-hist/normalizedUri-cache/ghcide --lsp --cwd bench/example/Cabal-3.0.0.0 +RTS -I0 -qg -A128M -SdocumentSymbols_after_edit.benchmark-gcStats -I0.5 
    Alloc    Copied     Live     GC     GC      TOT      TOT  Page Flts
    bytes     bytes     bytes   user   elap     user     elap
572027544      2160  26592592  0.067  0.075    0.742    6.212    0 9760  (Gen:  0)
560269064      5848  40867160  0.095  0.110    1.179    6.949    0    0  (Gen:  1)
548417608  29659584  58227072  0.061  0.063    1.564    7.443    0    0  (Gen:  0)
533587600  35987360  79335064  0.076  0.080    1.895    7.912    0    0  (Gen:  0)
548437448  35988576  92633776  0.172  0.196    2.386    8.711    0    0  (Gen:  1)
546301840  35987352 109562744  0.059  0.060    2.752    9.246    0    0  (Gen:  0)
541596376  35986352 124060912  0.058  0.058    3.840    9.790    0    0  (Gen:  0)
547758080  35990416 204097728  0.183  0.194    4.882   10.347    0    0  (Gen:  0)
537068392  35991272 257668832  0.248  0.276    5.863   10.835    0    0  (Gen:  0)
525541320  35999336 289086792  0.514  0.569    6.988   11.592    0    0  (Gen:  1)
525561144  35988640 340444440  0.201  0.202    7.737   11.934    0    0  (Gen:  0)
523697176 105239880 391573112  0.218  0.219    8.490   12.290    0    0  (Gen:  0)
523865136 105237760 448725176  0.213  0.214    9.213   12.640    0    0  (Gen:  0)
525856152 111928696 503101120  0.235  0.248   10.026   13.035    0    0  (Gen:  0)
524565408 111928664 555668320  0.233  0.248   10.831   13.430    0    0  (Gen:  0)
528332600 111929832 610471184  0.236  0.253   11.585   13.838    0    0  (Gen:  0)
526481504 624249624 653894128  1.140  1.297   13.072   15.389    0    0  (Gen:  1)
519051088 117944128 713692664  0.189  0.189   13.554   15.871    0    0  (Gen:  0)
527825832 117946544 753031640  0.174  0.175   14.221   16.334    0    0  (Gen:  0)
521919000 117950456 789247608  0.156  0.156   14.998   16.668    0    0  (Gen:  0)
526398656 117958312 823826128  0.164  0.165   15.667   17.209    0    0  (Gen:  0)
526092696 117949424 863312208  0.170  0.171   16.381   17.634    0    0  (Gen:  0)
524867064  78093112 899464456  0.170  0.170   17.184   17.990    0    0  (Gen:  0)
571353176  78091576 927144696  0.139  0.140   17.860   18.583    0    0  (Gen:  0)
554687992  47163464 947686320  0.095  0.095   18.277   19.000    0    0  (Gen:  0)
552994200  47163480 970057488  0.079  0.079   18.639   19.372    0    0  (Gen:  0)
557514864  47163480 991826744  0.079  0.079   19.002   19.748    0    0  (Gen:  0)
549497344  47163472 1014989224  0.082  0.082   19.359   20.112    0    0  (Gen:  0)
555984296  47163480 1037418072  0.079  0.079   19.720   20.485    0    0  (Gen:  0)
559456096  44711944 1060516592  0.081  0.081   20.084   20.861    0    0  (Gen:  0)
556216456  44711944 1082754336  0.081  0.081   20.447   21.235    0    0  (Gen:  0)
555955080  44711944 1104384912  0.078  0.078   20.804   21.602    0    0  (Gen:  0)
559278616  44711952 1127426232  0.081  0.081   21.170   21.979    0    0  (Gen:  0)
552986424  44711952 1149215544  0.081  0.081   21.532   22.352    0    0  (Gen:  0)
558223704  44711952 1172356664  0.081  0.081   21.893   22.724    0    0  (Gen:  0)
560654656  49583528 1199430336  0.116  0.125   22.300   23.140    0    0  (Gen:  0)
552027984  48624048 1227160272  0.126  0.133   22.704   23.540    0    0  (Gen:  0)
559667048  48623968 1179139176  2.020  2.344   25.006   26.174    0    0  (Gen:  1)
559382432  40933928 1198740072  0.082  0.082   25.368   26.545    0    0  (Gen:  0)
562805840  40934016 1219145256  0.080  0.080   25.730   26.917    0    0  (Gen:  0)
622635752  40934032 1238787552  0.072  0.072   26.196   27.381    0    0  (Gen:  0)
 39144208  40933976 1233145352  1.718  1.729   27.952   29.887    0    0  (Gen:  1)
   103440   9777864  15873520  0.032  0.141   27.985   30.029    0    0  (Gen:  1)
     2016                      0.000  0.000

  22,426,090,352 bytes allocated in the heap
   3,058,469,328 bytes copied during GC
   1,233,145,352 bytes maximum residency (7 sample(s))
       5,603,832 bytes maximum slop
            1176 MB total memory in use (0 MB lost due to fragmentation)

                                     Tot time (elapsed)  Avg pause  Max pause
  Gen  0        36 colls,     0 par    4.625s   4.745s     0.1318s    0.2757s
  Gen  1         7 colls,     0 par    5.690s   6.385s     0.9122s    2.3441s

  TASKS: 20 (1 bound, 19 peak workers (19 total), using -N4)

  SPARKS: 0 (0 converted, 0 overflowed, 0 dud, 0 GC'd, 0 fizzled)

  INIT    time    0.001s  (  0.006s elapsed)
  MUT     time   17.668s  ( 18.892s elapsed)
  GC      time   10.315s  ( 11.131s elapsed)
  EXIT    time    0.000s  (  0.009s elapsed)
  Total   time   27.985s  ( 30.038s elapsed)

  Alloc rate    1,269,299,006 bytes per MUT second

  Productivity  63.1% of total user, 62.9% of total elapsed

