bench-hist/normalizedUri-cache/ghcide --lsp --cwd bench/example/Cabal-3.0.0.0 +RTS -I0 -qg -A128M -Sedit.benchmark-gcStats -I0.5 
    Alloc    Copied     Live     GC     GC      TOT      TOT  Page Flts
    bytes     bytes     bytes   user   elap     user     elap
569180016      2160  26575368  0.066  0.073    0.712    5.952    0    0  (Gen:  0)
559780648      5832  40802880  0.093  0.108    1.145    6.683    0    0  (Gen:  1)
548225280      5368  58209104  0.061  0.063    1.534    7.180    0    0  (Gen:  0)
534357720      5464  78660064  0.078  0.082    1.870    7.655    0    0  (Gen:  0)
548795480      6688  92594432  0.172  0.196    2.362    8.454    0    0  (Gen:  1)
538490368      5464 109742120  0.060  0.060    2.723    8.981    0    0  (Gen:  0)
539169544      4592 123612936  0.057  0.057    3.805    9.523    0    0  (Gen:  0)
550858352      8576 207336024  0.186  0.199    4.861   10.091    0    0  (Gen:  0)
529754112 109792592 256758056  0.245  0.274    5.767   10.559    0    0  (Gen:  0)
525016888 259292592 287881112  0.509  0.564    6.895   11.310    0    0  (Gen:  1)
523487368 259291080 345714184  0.208  0.209    7.643   11.657    0    0  (Gen:  0)
526873144 107633416 395162032  0.212  0.212    8.348   12.007    0    0  (Gen:  0)
528238776 107645208 453477984  0.211  0.212    9.034   12.352    0    0  (Gen:  0)
526690768 107627656 510054400  0.240  0.256    9.851   12.756    0    0  (Gen:  0)
529451776 107635848 562016840  0.228  0.242   10.653   13.146    0    0  (Gen:  0)
529302512 107625584 606810768  1.069  1.218   12.278   14.516    0    0  (Gen:  1)
526002576 107637000 662458704  0.198  0.199   12.869   14.950    0    0  (Gen:  0)
519029376 107623064 722356392  0.179  0.180   13.351   15.432    0    0  (Gen:  0)
528884840 107625528 761305560  0.170  0.170   14.017   15.888    0    0  (Gen:  0)
527559104  70598048 798123448  0.156  0.156   14.802   16.225    0    0  (Gen:  0)
526831528  70411528 831826296  0.160  0.160   15.444   16.765    0    0  (Gen:  0)
526077520  70408024 871962704  0.167  0.168   16.167   17.181    0    0  (Gen:  0)
527173216  70406512 908135200  0.171  0.172   16.959   17.579    0    0  (Gen:  0)
575182392  70405024 937308032  0.140  0.141   17.625   18.182    0    0  (Gen:  0)
570905672  70403520 954635904  0.081  0.081   18.276   18.823    0    0  (Gen:  0)
569010592  70404144 960360840  0.061  0.061   18.877   19.424    0    0  (Gen:  0)
572632656  70403616 971354976  0.055  0.055   19.526   20.087    0    0  (Gen:  0)
566806312  70403624 983271232  0.051  0.051   20.126   20.679    0    0  (Gen:  0)
571833088  70403632 998652064  0.054  0.055   20.741   21.283    0    0  (Gen:  0)
568295040  70403768 1007238144  0.058  0.058   21.353   21.892    0    0  (Gen:  0)
574184688  26242088 1019467656  0.057  0.057   21.980   22.526    0    0  (Gen:  0)
572294440  26242136 1030458968  0.052  0.052   22.613   23.156    0    0  (Gen:  0)
573272152  26242176 1044797136  0.052  0.052   23.216   23.747    0    0  (Gen:  0)
567490184  26347896 1061041232  0.059  0.060   23.837   24.362    0    0  (Gen:  0)
573049296  26649488 1067077872  0.059  0.059   24.446   24.974    0    0  (Gen:  0)
573161392  26649480 1078455120  0.053  0.054   25.091   25.629    0    0  (Gen:  0)
573410056  26649544 1091423664  0.054  0.055   25.699   26.225    0    0  (Gen:  0)
567089136  26649536 1108753080  0.065  0.071   26.329   26.851    0    0  (Gen:  0)
567786384  27677664 1114924184  0.065  0.070   26.938   27.462    0    0  (Gen:  0)
583266120  27677496 1126068416  0.061  0.065   27.606   28.149    0    0  (Gen:  0)
568990480  27677056 1109161216  1.956  2.252   30.111   30.940    0    0  (Gen:  1)
569229992  27677072 1125173256  0.056  0.056   30.716   31.537    0    0  (Gen:  0)
570250360  27677264 1133239520  0.060  0.060   31.321   32.142    0    0  (Gen:  0)
576902592  27680880 1145351304  0.059  0.059   31.946   32.778    0    0  (Gen:  0)
575174296  24022832 1156293488  0.053  0.053   32.558   33.388    0    0  (Gen:  0)
566944496  24022872 1170871704  0.053  0.053   33.148   33.969    0    0  (Gen:  0)
567145912  24022944 1186821992  0.059  0.060   33.760   34.581    0    0  (Gen:  0)
574099736  24022912 1192925496  0.058  0.058   34.362   35.188    0    0  (Gen:  0)
569584536  24022904 1203993776  0.053  0.053   34.989   35.829    0    0  (Gen:  0)
571027312  24022904 1216995288  0.053  0.054   35.583   36.413    0    0  (Gen:  0)
571535976  24022904 1234276896  0.060  0.060   36.202   37.024    0    0  (Gen:  0)
571353768  24023168 1240688544  0.061  0.062   36.802   37.626    0    0  (Gen:  0)
577429296  25999744 1251719072  0.057  0.057   37.447   38.288    0    0  (Gen:  0)
571247720  25999760 1263560624  0.052  0.052   38.060   38.895    0    0  (Gen:  0)
570295144  25999792 1279720904  0.056  0.056   38.666   39.491    0    0  (Gen:  0)
565624504  25999960 1287544056  0.060  0.060   39.275   40.100    0    0  (Gen:  0)
575338632  25999848 1299886576  0.059  0.059   39.896   40.732    0    0  (Gen:  0)
567448624  25999864 1311249352  0.054  0.054   40.508   41.352    0    0  (Gen:  0)
572850112  25999896 1324011816  0.051  0.052   41.110   41.941    0    0  (Gen:  0)
565381584  25999928 1341848968  0.062  0.062   41.727   42.556    0    0  (Gen:  0)
573619328  27789120 1347462696  0.061  0.061   42.326   43.156    0    0  (Gen:  0)
573438176  27788912 1358679072  0.057  0.057   42.977   43.824    0    0  (Gen:  0)
567883952  23301328 1370590176  0.052  0.052   43.568   44.410    0    0  (Gen:  0)
568826632  25105408 1386492960  0.057  0.057   44.180   45.013    0    0  (Gen:  0)
566040184  25105624 1394523696  0.060  0.060   44.786   45.618    0    0  (Gen:  0)
574226144  25105448 1406675792  0.059  0.059   45.409   46.253    0    0  (Gen:  0)
571159848  25105496 1417424376  0.052  0.053   46.032   46.877    0    0  (Gen:  0)
572371824  25105496 1431649704  0.052  0.052   46.628   47.463    0    0  (Gen:  0)
567384456  25105576 1448335320  0.061  0.061   47.242   48.076    0    0  (Gen:  0)
572568712  26994232 1454292256  0.059  0.059   47.843   48.681    0    0  (Gen:  0)
577043576  26994232 1465485856  0.055  0.055   48.487   49.340    0    0  (Gen:  0)
570557016  26994232 1478076488  0.053  0.053   49.081   49.925    0    0  (Gen:  0)
573017304  26994224 1496267856  0.062  0.062   49.708   50.543    0    0  (Gen:  0)
565191256  27714264 1502188880  0.062  0.063   50.303   51.138    0    0  (Gen:  0)
577803912  27714016 1513181488  0.056  0.056   50.948   51.798    0    0  (Gen:  0)
568531296  27714024 1524744960  0.053  0.053   51.546   52.391    0    0  (Gen:  0)
570546536  27714016 1540602120  0.057  0.057   52.155   52.993    0    0  (Gen:  0)
569693568  27714200 1548925296  0.060  0.060   52.780   53.621    0    0  (Gen:  0)
575309840  27714088 1561398680  0.058  0.058   53.404   54.256    0    0  (Gen:  0)
571769632  27714128 1572784768  0.054  0.054   54.021   54.882    0    0  (Gen:  0)
573590832  27714144 1585720088  0.051  0.052   54.628   55.474    0    0  (Gen:  0)
569365728  26091240 1603050392  0.060  0.061   55.249   56.092    0    0  (Gen:  0)
574165096  26091272 1609181528  0.062  0.062   55.853   56.698    0    0  (Gen:  0)
577416336  26091272 1620425280  0.055  0.055   56.498   57.358    0    0  (Gen:  0)
573235928  26091272 1633328000  0.053  0.054   57.095   57.945    0    0  (Gen:  0)
572784096  26497816 1651370936  0.062  0.062   57.723   58.566    0    0  (Gen:  0)
568338008  27748288 1657218536  0.062  0.062   58.324   59.167    0    0  (Gen:  0)
578216912  27748024 1668356776  0.057  0.057   58.977   59.836    0    0  (Gen:  0)
571344784  27748112 1680043112  0.052  0.052   59.574   60.426    0    0  (Gen:  0)
569245488  27748136 1696443792  0.057  0.057   60.189   61.032    0    0  (Gen:  0)
564410560  26494992 1704135256  0.059  0.059   60.798   61.641    0    0  (Gen:  0)
574581280  26494936 1716548336  0.057  0.058   61.420   62.271    0    0  (Gen:  0)
577935784  26494952 1727657440  0.053  0.053   62.054   62.906    0    0  (Gen:  0)
570537720  23160232 1741156656  0.052  0.052   62.653   63.496    0    0  (Gen:  0)
566688128  23160344 1758063416  0.060  0.060   63.271   64.113    0    0  (Gen:  0)
573938432  27575928 1764335576  0.062  0.062   63.874   64.720    0    0  (Gen:  0)
575262456  27575936 1775640752  0.054  0.054   64.515   65.375    0    0  (Gen:  0)
574441264  23609408 1788408024  0.053  0.053   65.115   65.965    0    0  (Gen:  0)
569363528  23609440 1806222904  0.061  0.061   65.736   66.578    0    0  (Gen:  0)
567348472  23609744 1812218784  0.062  0.062   66.339   67.181    0    0  (Gen:  0)
573742408  26338384 1823825632  0.057  0.058   66.982   67.839    0    0  (Gen:  0)
571451528  26333776 1834864984  0.053  0.053   67.597   68.449    0    0  (Gen:  0)
569456272  26333792 1850048224  0.055  0.055   68.198   69.042    0    0  (Gen:  0)
567871680  26333872 1859572656  0.060  0.060   68.819   69.663    0    0  (Gen:  0)
571337264  26333824 1871455384  0.058  0.058   69.426   70.275    0    0  (Gen:  0)
574388360  26333888 1882766992  0.054  0.054   70.060   70.922    0    0  (Gen:  0)
569752392  26333896 1895759328  0.053  0.053   70.663   71.513    0    0  (Gen:  0)
570689328  26504920 1913422656  0.062  0.062   71.291   72.135    0    0  (Gen:  0)
569487512  26505280 1919382736  0.067  0.067   71.901   72.746    0    0  (Gen:  0)
579396632  26504992 1930665328  0.058  0.058   72.567   73.430    0    0  (Gen:  0)
569035656  26505008 1942568616  0.053  0.053   73.163   74.020    0    0  (Gen:  0)
569252896  26505056 1958406880  0.058  0.058   73.776   74.624    0    0  (Gen:  0)
567417544  26505536 1966588048  0.061  0.061   74.389   75.237    0    0  (Gen:  0)
498026632 1937693688 1975083360  3.411  3.918   78.301   80.394    0    0  (Gen:  1)
   104832   9777688  15709440  0.041  0.224   78.342   80.619    0    0  (Gen:  1)
     1368                      0.000  0.000

  64,217,361,912 bytes allocated in the heap
   6,385,734,312 bytes copied during GC
   1,975,083,360 bytes maximum residency (7 sample(s))
       8,068,768 bytes maximum slop
            1883 MB total memory in use (0 MB lost due to fragmentation)

                                     Tot time (elapsed)  Avg pause  Max pause
  Gen  0       108 colls,     0 par    8.237s   8.357s     0.0774s    0.2736s
  Gen  1         7 colls,     0 par    7.251s   8.480s     1.2114s    3.9180s

  TASKS: 20 (1 bound, 19 peak workers (19 total), using -N4)

  SPARKS: 0 (0 converted, 0 overflowed, 0 dud, 0 GC'd, 0 fizzled)

  INIT    time    0.001s  (  0.006s elapsed)
  MUT     time   62.852s  ( 63.777s elapsed)
  GC      time   15.489s  ( 16.837s elapsed)
  EXIT    time    0.000s  (  0.009s elapsed)
  Total   time   78.343s  ( 80.628s elapsed)

  Alloc rate    1,021,716,275 bytes per MUT second

  Productivity  80.2% of total user, 79.1% of total elapsed

