bench-hist/normalizedUri-cache/ghcide --lsp --cwd bench/example/Cabal-3.0.0.0 +RTS -I0 -qg -A128M -SgetDefinition.benchmark-gcStats -I0.5 
    Alloc    Copied     Live     GC     GC      TOT      TOT  Page Flts
    bytes     bytes     bytes   user   elap     user     elap
566358560      2160  26230400  0.065  0.072    0.709    6.046    0    0  (Gen:  0)
559233856      5848  40796680  0.091  0.105    1.138    6.774    0    0  (Gen:  1)
545572984      5944  58225936  0.060  0.062    1.520    7.266    0    0  (Gen:  0)
534612944      5496  79279192  0.077  0.081    1.853    7.737    0    0  (Gen:  0)
548201576  86338800  92417576  0.169  0.194    2.343    8.534    0    0  (Gen:  1)
542602168  86337608 109768688  0.060  0.060    2.706    9.063    0    0  (Gen:  0)
542126360  86336600 123624352  0.057  0.057    3.800    9.615    0    0  (Gen:  0)
550528416  86340560 204685872  0.182  0.194    4.855   10.223    0    0  (Gen:  0)
537215368  86346904 257302264  0.246  0.274    5.780   10.695    0    0  (Gen:  0)
520001000  86340552 288949928  0.508  0.564    6.926   11.443    0    0  (Gen:  1)
524561296  86342544 338564528  0.193  0.193    7.645   11.770    0    0  (Gen:  0)
525856624  86346392 382507200  0.198  0.198    8.370   12.103    0    0  (Gen:  0)
531085016  86345856 445584200  0.217  0.218    9.116   12.456    0    0  (Gen:  0)
524144808  86341256 496644320  0.235  0.247    9.939   12.854    0    0  (Gen:  0)
525966720  86341608 550615208  0.232  0.245   10.734   13.251    0    0  (Gen:  0)
524819688  86343384 605104248  0.237  0.255   11.440   13.665    0    0  (Gen:  0)
522464904  86352168 651389176  1.126  1.285   12.882   15.220    0    0  (Gen:  1)
519049784  86335400 711144504  0.180  0.181   13.356   15.695    0    0  (Gen:  0)
522439264  86337992 750545480  0.168  0.169   14.008   16.148    0    0  (Gen:  0)
523248536  86352256 786659352  0.153  0.153   14.776   16.482    0    0  (Gen:  0)
528276224  86338856 821635760  0.161  0.161   15.438   17.010    0    0  (Gen:  0)
524024776  86339040 861549896  0.168  0.168   16.147   17.434    0    0  (Gen:  0)
523618032  79524032 896988352  0.173  0.174   16.939   17.802    0    0  (Gen:  0)
572381240  79522984 925060432  0.142  0.142   17.622   18.406    0    0  (Gen:  0)
578809704  33338128 931796000  0.068  0.068   18.265   19.039    0    0  (Gen:  0)
594093192   7975840 931225080  0.016  0.016   18.928   19.682    0    0  (Gen:  0)
596807472   7975848 931771896  0.006  0.006   19.598   20.349    0    0  (Gen:  0)
587487472   1714152 931659120  0.006  0.006   20.241   20.972    0    0  (Gen:  0)
588200144   1714168 933213840  0.008  0.008   20.878   21.586    0    0  (Gen:  0)
597812800   1714160 931557760  0.006  0.006   21.556   22.254    0    0  (Gen:  0)
587206808   1714168 932103472  0.007  0.007   22.199   22.886    0    0  (Gen:  0)
590135352   1714248 932842240  0.007  0.007   22.847   23.508    0    0  (Gen:  0)
593102544   1464024 931468232  0.006  0.006   23.517   24.159    0    0  (Gen:  0)
593524944   1464080 931985032  0.007  0.007   24.180   24.814    0    0  (Gen:  0)
588332848   1464096 932073504  0.007  0.007   24.821   25.431    0    0  (Gen:  0)
591802944   1464096 931854904  0.005  0.005   25.478   26.063    0    0  (Gen:  0)
593715944   1464136 931793704  0.007  0.007   26.149   26.730    0    0  (Gen:  0)
587369872   1464144 931569584  0.006  0.006   26.795   27.354    0    0  (Gen:  0)
588697768   1464184 933379232  0.008  0.008   27.434   27.974    0    0  (Gen:  0)
600054216   1464200 931653728  0.006  0.006   28.115   28.641    0    0  (Gen:  0)
593637664   1464200 932282008  0.007  0.007   28.764   29.277    0    0  (Gen:  0)
590908672   1464248 933191400  0.008  0.008   29.415   29.899    0    0  (Gen:  0)
591170584   1492608 931622776  0.006  0.006   30.082   30.548    0    0  (Gen:  0)
590747368   1492656 932109592  0.007  0.007   30.742   31.200    0    0  (Gen:  0)
588075944   1492696 932254984  0.007  0.007   31.390   31.824    0    0  (Gen:  0)
590495544   1492696 931563152  0.006  0.006   32.047   32.456    0    0  (Gen:  0)
596803768   1769272 931980936  0.007  0.007   32.721   33.125    0    0  (Gen:  0)
586919176   1769288 931727280  0.006  0.006   33.367   33.751    0    0  (Gen:  0)
588085048   1769320 933401200  0.008  0.008   34.005   34.369    0    0  (Gen:  0)
598093720   1592008 931718784  0.006  0.006   34.684   35.035    0    0  (Gen:  0)
589918000   2072848 932302176  0.007  0.007   35.334   35.676    0    0  (Gen:  0)
585850392   2072896 933114784  0.007  0.007   35.980   36.307    0    0  (Gen:  0)
595816432   2072920 931532032  0.006  0.006   36.650   36.957    0    0  (Gen:  0)
594562360   2072944 932169688  0.007  0.007   37.323   37.624    0    0  (Gen:  0)
588419512   1790408 932271464  0.006  0.006   37.969   38.248    0    0  (Gen:  0)
589161640   1790416 931989984  0.006  0.006   38.625   38.879    0    0  (Gen:  0)
598575816   1790440 932031032  0.007  0.007   39.305   39.556    0    0  (Gen:  0)
584254280   1790488 931856432  0.006  0.006   39.953   40.181    0    0  (Gen:  0)
586764384   1790512 933150080  0.007  0.007   40.593   40.800    0    0  (Gen:  0)
597119216   1526920 931734200  0.006  0.006   41.271   41.463    0    0  (Gen:  0)
594031168   2069928 932415104  0.007  0.007   41.930   42.115    0    0  (Gen:  0)
591061328   2157144 933209728  0.008  0.008   42.580   42.738    0    0  (Gen:  0)
594987480   2157160 931654816  0.006  0.006   43.251   43.392    0    0  (Gen:  0)
597255528   1958840 932333512  0.007  0.007   43.920   44.055    0    0  (Gen:  0)
585893136   1958872 932398992  0.007  0.007   44.564   44.681    0    0  (Gen:  0)
592950952   1958880 931887256  0.006  0.006   45.224   45.316    0    0  (Gen:  0)
594683544   1958936 932171072  0.007  0.007   45.898   45.985    0    0  (Gen:  0)
590183024   1958984 932080368  0.006  0.006   46.550   46.615    0    0  (Gen:  0)
589241168   1959032 933492176  0.008  0.008   47.192   47.234    0    0  (Gen:  0)
596618664   1619176 931967688  0.006  0.006   47.876   47.908    0    0  (Gen:  0)
517723448 875809008 913119768  1.487  1.671   49.921   50.808    0    0  (Gen:  1)
   104232   9783800  15798952  0.022  0.100   49.943   50.909    0    0  (Gen:  1)
     1368                      0.000  0.000

  40,565,658,728 bytes allocated in the heap
   2,722,717,456 bytes copied during GC
     913,119,768 bytes maximum residency (6 sample(s))
       4,675,048 bytes maximum slop
             870 MB total memory in use (0 MB lost due to fragmentation)

                                     Tot time (elapsed)  Avg pause  Max pause
  Gen  0        66 colls,     0 par    3.577s   3.680s     0.0558s    0.2741s
  Gen  1         6 colls,     0 par    3.403s   3.919s     0.6532s    1.6712s

  TASKS: 21 (1 bound, 20 peak workers (20 total), using -N4)

  SPARKS: 0 (0 converted, 0 overflowed, 0 dud, 0 GC'd, 0 fizzled)

  INIT    time    0.001s  (  0.006s elapsed)
  MUT     time   42.962s  ( 43.305s elapsed)
  GC      time    6.980s  (  7.599s elapsed)
  EXIT    time    0.000s  (  0.004s elapsed)
  Total   time   49.944s  ( 50.913s elapsed)

  Alloc rate    944,232,478 bytes per MUT second

  Productivity  86.0% of total user, 85.1% of total elapsed

