bench-hist/normalizedUri-cache/ghcide --lsp --cwd bench/example/Cabal-3.0.0.0 +RTS -I0 -qg -A128M -Shover.benchmark-gcStats -I0.5 
    Alloc    Copied     Live     GC     GC      TOT      TOT  Page Flts
    bytes     bytes     bytes   user   elap     user     elap
570447560      2160  26439840  0.066  0.073    0.708    5.971    0    0  (Gen:  0)
561714144      5848  40933480  0.095  0.110    1.143    6.704    0    0  (Gen:  1)
550807360      5920  58353152  0.062  0.064    1.532    7.205    0    0  (Gen:  0)
536492248  36036224  79442768  0.077  0.080    1.865    7.675    0    0  (Gen:  0)
548685248  86542720  93650320  0.173  0.199    2.359    8.510    0    0  (Gen:  1)
543253496  86541424 109642624  0.060  0.060    2.724    9.010    0    0  (Gen:  0)
537400664  30206568 124009352  0.058  0.058    3.815    9.551    0    0  (Gen:  0)
550298544  30210584 211371576  0.189  0.203    4.881   10.115    0    0  (Gen:  0)
526657584  30217368 256739968  0.238  0.263    5.771   10.554    0    0  (Gen:  0)
527280296 265504904 294013216  0.528  0.585    6.907   11.304    0    0  (Gen:  1)
527834360 265506960 338431144  0.191  0.192    7.682   11.646    0    0  (Gen:  0)
526473824 265500864 383218840  0.182  0.182    8.323   11.969    0    0  (Gen:  0)
525042320 104368616 442730256  0.213  0.214    9.103   12.329    0    0  (Gen:  0)
527996688 109784256 493631152  0.228  0.238    9.924   12.718    0    0  (Gen:  0)
527115544 109784776 547986032  0.228  0.241   10.726   13.107    0    0  (Gen:  0)
527608680 109787768 605793896  0.248  0.267   11.455   13.560    0    0  (Gen:  0)
520771624 109794416 653515544  1.141  1.298   12.882   15.143    0    0  (Gen:  1)
519028864 109779928 713209920  0.186  0.186   13.364   15.626    0    0  (Gen:  0)
525773472 109782496 751619904  0.168  0.169   14.030   16.081    0    0  (Gen:  0)
525929808 109784832 787921760  0.153  0.154   14.810   16.423    0    0  (Gen:  0)
528611472 109787056 822632016  0.161  0.162   15.467   16.951    0    0  (Gen:  0)
526079032 109784928 862870032  0.171  0.171   16.197   17.372    0    0  (Gen:  0)
526619672 109785752 899066784  0.172  0.172   16.996   17.741    0    0  (Gen:  0)
579550880  64069248 928652888  0.142  0.142   17.670   18.351    0    0  (Gen:  0)
580951352  64068552 938934464  0.080  0.080   18.332   19.004    0    0  (Gen:  0)
596714504   7838152 937531232  0.016  0.016   19.006   19.662    0    0  (Gen:  0)
591637736   1957600 938153208  0.007  0.007   19.664   20.310    0    0  (Gen:  0)
588841504   1814376 938215672  0.006  0.006   20.306   20.928    0    0  (Gen:  0)
595026024   1460824 937465360  0.006  0.006   20.970   21.569    0    0  (Gen:  0)
601409896   1460872 938105392  0.007  0.007   21.646   22.242    0    0  (Gen:  0)
585449560   1741856 937990960  0.006  0.006   22.287   22.857    0    0  (Gen:  0)
584534584   1741864 939523728  0.008  0.008   22.925   23.473    0    0  (Gen:  0)
596575632   1741920 937802952  0.006  0.006   23.601   24.136    0    0  (Gen:  0)
588493232   1741960 938359456  0.007  0.007   24.249   24.770    0    0  (Gen:  0)
585744376   1741976 938948632  0.007  0.007   24.895   25.392    0    0  (Gen:  0)
595123576   1465608 937709328  0.006  0.006   25.562   26.037    0    0  (Gen:  0)
593072920   1465616 938155312  0.007  0.007   26.229   26.699    0    0  (Gen:  0)
588642616   1465616 938196160  0.006  0.006   26.876   27.320    0    0  (Gen:  0)
586702328   1465664 940037016  0.007  0.007   27.513   27.934    0    0  (Gen:  0)
597557272   1646904 937909152  0.006  0.006   28.194   28.604    0    0  (Gen:  0)
586817664   1646968 938434888  0.007  0.007   28.837   29.233    0    0  (Gen:  0)
586562616   2102488 939163008  0.007  0.007   29.489   29.860    0    0  (Gen:  0)
600770096   2102520 937727368  0.006  0.006   30.165   30.516    0    0  (Gen:  0)
596799920   2102568 938377776  0.007  0.007   30.830   31.174    0    0  (Gen:  0)
587722896   2102616 938833304  0.007  0.007   31.479   31.799    0    0  (Gen:  0)
591797816   2102624 937668696  0.006  0.006   32.141   32.436    0    0  (Gen:  0)
597780816   2102632 938305112  0.007  0.007   32.820   33.109    0    0  (Gen:  0)
583821776   2102664 938132888  0.006  0.006   33.468   33.734    0    0  (Gen:  0)
585476480   2300136 939666184  0.008  0.008   34.107   34.352    0    0  (Gen:  0)
597245240   2300208 937894656  0.006  0.006   34.788   35.017    0    0  (Gen:  0)
589415376   2300248 938475904  0.007  0.007   35.441   35.663    0    0  (Gen:  0)
589726016   2303608 939413840  0.008  0.008   36.094   36.291    0    0  (Gen:  0)
593662728   2303608 937767120  0.006  0.006   36.762   36.938    0    0  (Gen:  0)
594975840   2303624 938354104  0.007  0.007   37.434   37.601    0    0  (Gen:  0)
589591280   2303648 938436808  0.007  0.007   38.082   38.222    0    0  (Gen:  0)
592795080   2303664 937764472  0.006  0.006   38.744   38.860    0    0  (Gen:  0)
599785176   2303704 938296784  0.007  0.007   39.431   39.541    0    0  (Gen:  0)
585214160   2303736 938314664  0.006  0.006   40.081   40.173    0    0  (Gen:  0)
584146512   2200704 939579600  0.008  0.008   40.720   40.791    0    0  (Gen:  0)
598552896   2200712 938012040  0.006  0.006   41.404   41.461    0    0  (Gen:  0)
591386984   2014472 938595112  0.007  0.007   42.059   42.107    0    0  (Gen:  0)
589661608   2014544 939437552  0.007  0.007   42.713   42.735    0    0  (Gen:  0)
592776800   2014568 937885392  0.006  0.006   43.384   43.385    0    0  (Gen:  0)
595801800   2014600 938511400  0.007  0.007   44.058   44.051    0    0  (Gen:  0)
585688640   2014664 938562672  0.007  0.007   44.708   44.679    0    0  (Gen:  0)
590515056   2014728 940260880  0.006  0.006   45.361   45.313    0    0  (Gen:  0)
596838736   2014736 938303968  0.007  0.007   46.045   45.988    0    0  (Gen:  0)
586699712   2014768 938332296  0.006  0.006   46.691   46.618    0    0  (Gen:  0)
589569992   2014784 939617120  0.008  0.008   47.344   47.242    0    0  (Gen:  0)
598026264   2014848 938101000  0.006  0.006   48.027   47.909    0    0  (Gen:  0)
526146000 858690712 896115376  1.468  1.644   50.066   50.764    0    0  (Gen:  1)
   104376   9783704  15810432  0.021  0.099   50.088   50.863    0    0  (Gen:  1)
     1368                      0.000  0.000

  40,599,828,216 bytes allocated in the heap
   3,389,808,784 bytes copied during GC
     896,115,376 bytes maximum residency (6 sample(s))
       4,611,408 bytes maximum slop
             854 MB total memory in use (0 MB lost due to fragmentation)

                                     Tot time (elapsed)  Avg pause  Max pause
  Gen  0        66 colls,     0 par    3.580s   3.682s     0.0558s    0.2671s
  Gen  1         6 colls,     0 par    3.425s   3.935s     0.6558s    1.6440s

  TASKS: 21 (1 bound, 20 peak workers (20 total), using -N4)

  SPARKS: 0 (0 converted, 0 overflowed, 0 dud, 0 GC'd, 0 fizzled)

  INIT    time    0.001s  (  0.006s elapsed)
  MUT     time   43.080s  ( 43.241s elapsed)
  GC      time    7.006s  (  7.617s elapsed)
  EXIT    time    0.000s  (  0.010s elapsed)
  Total   time   50.088s  ( 50.873s elapsed)

  Alloc rate    942,419,748 bytes per MUT second

  Productivity  86.0% of total user, 85.0% of total elapsed

