bench-hist/normalizedUri-cache/ghcide --lsp --cwd bench/example/Cabal-3.0.0.0 +RTS -I0 -qg -A128M -Shover_after_edit.benchmark-gcStats -I0.5 
    Alloc    Copied     Live     GC     GC      TOT      TOT  Page Flts
    bytes     bytes     bytes   user   elap     user     elap
570879024      2160  26746648  0.066  0.073    0.712    5.923    0    0  (Gen:  0)
559395128      5840  40884832  0.094  0.108    1.145    6.655    0    0  (Gen:  1)
550865640      5920  58334224  0.061  0.063    1.530    7.149    0    0  (Gen:  0)
538383704      5472  79487712  0.076  0.080    1.864    7.623    0    0  (Gen:  0)
553241576  86657216  92814200  0.180  0.205    2.365    8.463    0    0  (Gen:  1)
539198680  29704912 109665688  0.059  0.060    2.729    8.961    0    0  (Gen:  0)
538529592  29703480 124625896  0.058  0.058    3.829    9.505    0    0  (Gen:  0)
553994456  29707488 216274760  0.195  0.210    4.855   10.060    0    0  (Gen:  0)
526221656  29710184 258124888  0.240  0.267    5.791   10.547    0    0  (Gen:  0)
524960496  29706936 290902768  0.516  0.575    6.947   11.297    0    0  (Gen:  1)
525738168  86042480 337622176  0.188  0.188    7.664   11.621    0    0  (Gen:  0)
527506952  86043168 385515888  0.199  0.199    8.421   11.970    0    0  (Gen:  0)
529034512  86038952 446552272  0.216  0.216    9.155   12.323    0    0  (Gen:  0)
524753472  86037952 497319320  0.224  0.235    9.976   12.711    0    0  (Gen:  0)
525363896  86037688 550117384  0.223  0.237   10.775   13.097    0    0  (Gen:  0)
526744512  86038784 607559336  0.243  0.261   11.472   13.529    0    0  (Gen:  0)
522371016  86050224 653918424  1.136  1.295   12.921   15.096    0    0  (Gen:  1)
519017616  86034408 713640856  0.181  0.182   13.399   15.575    0    0  (Gen:  0)
523265880  97812504 752404640  0.168  0.168   14.056   16.026    0    0  (Gen:  0)
525553216  69019168 788307784  0.151  0.152   14.823   16.362    0    0  (Gen:  0)
527421440  70651088 823176496  0.161  0.161   15.489   16.903    0    0  (Gen:  0)
528152984  75803576 863752816  0.169  0.170   16.219   17.326    0    0  (Gen:  0)
526530712  79052664 899728928  0.168  0.168   17.012   17.691    0    0  (Gen:  0)
576565064  79051208 928624480  0.141  0.142   17.683   18.296    0    0  (Gen:  0)
574009104  44692856 945987944  0.099  0.100   18.329   18.952    0    0  (Gen:  0)
553284648  44692608 959133816  0.065  0.065   18.895   19.498    0    0  (Gen:  0)
563441032  44692632 973329920  0.057  0.057   19.479   20.078    0    0  (Gen:  0)
555367360  44692800 983425848  0.063  0.064   20.035   20.641    0    0  (Gen:  0)
557328736  44692760 994801648  0.061  0.061   20.634   21.227    0    0  (Gen:  0)
557900456  24930176 1006970224  0.057  0.057   21.207   21.808    0    0  (Gen:  0)
549364744  24930248 1019532896  0.063  0.063   21.755   22.345    0    0  (Gen:  0)
563595248  27416152 1037171592  0.062  0.062   22.359   22.943    0    0  (Gen:  0)
552987616  27415528 1044456848  0.064  0.064   22.920   23.517    0    0  (Gen:  0)
554356416  27372288 1056478688  0.064  0.064   23.502   24.080    0    0  (Gen:  0)
558000704  27372352 1068711280  0.058  0.058   24.074   24.658    0    0  (Gen:  0)
549665048  27372512 1081416584  0.064  0.064   24.624   25.197    0    0  (Gen:  0)
563938832  27374928 1099625560  0.063  0.063   25.247   25.816    0    0  (Gen:  0)
559174272  27372808 1105212152  0.061  0.062   25.822   26.406    0    0  (Gen:  0)
550890816  27372664 1118302880  0.067  0.067   26.388   26.953    0    0  (Gen:  0)
563790864  27372696 1130715680  0.056  0.056   26.967   27.532    0    0  (Gen:  0)
550726568  26011648 1142708256  0.064  0.064   27.510   28.073    0    0  (Gen:  0)
562456456  26011712 1153875864  0.061  0.061   28.135   28.691    0    0  (Gen:  0)
562260504  24860168 1165999560  0.058  0.058   28.716   29.281    0    0  (Gen:  0)
552406160  26575768 1179007320  0.065  0.065   29.279   29.831    0    0  (Gen:  0)
564230352  26644472 1195299256  0.064  0.068   29.884   30.437    0    0  (Gen:  0)
553592576  26645064 1203949520  0.065  0.068   30.449   31.013    0    0  (Gen:  0)
556931712  26643456 1172677680  2.092  2.421   33.073   33.950    0    0  (Gen:  1)
557676008  26643480 1184736648  0.058  0.058   33.643   34.529    0    0  (Gen:  0)
554706104  26643520 1197687656  0.065  0.065   34.202   35.079    0    0  (Gen:  0)
565354216  26643840 1216222080  0.065  0.066   34.820   35.695    0    0  (Gen:  0)
559328752  25308400 1221572224  0.062  0.062   35.394   36.286    0    0  (Gen:  0)
550553832  25308256 1234529816  0.066  0.066   35.957   36.830    0    0  (Gen:  0)
562091712  25308280 1247089856  0.057  0.057   36.529   37.405    0    0  (Gen:  0)
551547800  25308328 1259098504  0.065  0.066   37.075   37.947    0    0  (Gen:  0)
566936248  25308400 1270335784  0.064  0.064   37.705   38.574    0    0  (Gen:  0)
560956712  24889864 1282490672  0.058  0.058   38.283   39.161    0    0  (Gen:  0)
552860464  24889912 1295246752  0.065  0.065   38.836   39.705    0    0  (Gen:  0)
566573984  24889968 1312410200  0.061  0.061   39.435   40.300    0    0  (Gen:  0)
560068592  24890616 1320105152  0.064  0.064   40.008   40.887    0    0  (Gen:  0)
555120392  24890096 1332722368  0.065  0.065   40.586   41.450    0    0  (Gen:  0)
560198896  25486760 1345119688  0.059  0.059   41.161   42.033    0    0  (Gen:  0)
552332368  25486776 1357789536  0.066  0.066   41.709   42.575    0    0  (Gen:  0)
561880744  25486816 1375313248  0.062  0.062   42.328   43.190    0    0  (Gen:  0)
556314744  25486936 1381296744  0.061  0.061   42.898   43.777    0    0  (Gen:  0)
554674736  25486968 1394311288  0.064  0.065   43.465   44.326    0    0  (Gen:  0)
562181328  25487016 1407113064  0.056  0.056   44.047   44.907    0    0  (Gen:  0)
550404912  25487096 1418785592  0.064  0.064   44.591   45.453    0    0  (Gen:  0)
558308488  25487128 1429865536  0.064  0.064   45.204   46.060    0    0  (Gen:  0)
553493104  25487152 1442403624  0.060  0.061   45.765   46.638    0    0  (Gen:  0)
551787336  25487232 1455494720  0.065  0.065   46.333   47.188    0    0  (Gen:  0)
566062576  25487264 1470494024  0.061  0.061   46.930   47.784    0    0  (Gen:  0)
553759536  25487400 1479875176  0.064  0.064   47.493   48.356    0    0  (Gen:  0)
557962160  25487312 1491548816  0.064  0.064   48.093   48.944    0    0  (Gen:  0)
554801016  25487344 1503375160  0.058  0.059   48.665   49.526    0    0  (Gen:  0)
553247912  25487392 1516453016  0.065  0.065   49.224   50.076    0    0  (Gen:  0)
563315280  28166472 1535012200  0.065  0.065   49.841   50.689    0    0  (Gen:  0)
556567424  28166064 1540560472  0.063  0.063   50.420   51.285    0    0  (Gen:  0)
554272936  28165696 1553460600  0.066  0.066   50.992   51.840    0    0  (Gen:  0)
558960688  28165736 1565945736  0.059  0.059   51.570   52.422    0    0  (Gen:  0)
550053248  28165760 1578251888  0.066  0.066   52.120   52.966    0    0  (Gen:  0)
562820784  28165824 1595767976  0.063  0.063   52.744   53.586    0    0  (Gen:  0)
556080144  28165928 1601767816  0.061  0.061   53.316   54.176    0    0  (Gen:  0)
550983496  28165920 1614729752  0.068  0.068   53.889   54.730    0    0  (Gen:  0)
563137040  24854112 1627454072  0.055  0.055   54.474   55.316    0    0  (Gen:  0)
552706536  24854256 1639241232  0.065  0.066   55.026   55.871    0    0  (Gen:  0)
557610240  24854240 1650395664  0.063  0.063   55.645   56.484    0    0  (Gen:  0)
562929576  24854280 1662419184  0.060  0.061   56.229   57.077    0    0  (Gen:  0)
552019208  26286696 1675171232  0.066  0.066   56.787   57.624    0    0  (Gen:  0)
565866808  26286760 1691878192  0.062  0.062   57.388   58.225    0    0  (Gen:  0)
551713176  26287432 1700453496  0.065  0.065   57.952   58.800    0    0  (Gen:  0)
559487640  26286928 1712324592  0.064  0.064   58.552   59.388    0    0  (Gen:  0)
557044688  25038952 1724217120  0.060  0.060   59.128   59.972    0    0  (Gen:  0)
548334440  25039040 1737075824  0.064  0.064   59.684   60.519    0    0  (Gen:  0)
562718096  25039064 1755323968  0.066  0.066   60.304   61.138    0    0  (Gen:  0)
554997464  25039840 1761091504  0.064  0.064   60.878   61.727    0    0  (Gen:  0)
553797776  25039152 1773934488  0.065  0.066   61.453   62.285    0    0  (Gen:  0)
562156776  25325480 1786514736  0.058  0.058   62.031   62.867    0    0  (Gen:  0)
554292296  25325520 1798975048  0.067  0.068   62.588   63.418    0    0  (Gen:  0)
564214568  27929656 1810091272  0.062  0.063   63.213   64.039    0    0  (Gen:  0)
559590536  25098120 1822649920  0.061  0.061   63.781   64.624    0    0  (Gen:  0)
550577776  27191080 1835936624  0.067  0.067   64.357   65.181    0    0  (Gen:  0)
563607440  27191096 1850392240  0.061  0.061   64.950   65.773    0    0  (Gen:  0)
552307744  26251608 1860159568  0.065  0.065   65.510   66.339    0    0  (Gen:  0)
555167608  26251352 1871416248  0.062  0.062   66.117   66.935    0    0  (Gen:  0)
559299000  26251416 1883468000  0.060  0.060   66.698   67.527    0    0  (Gen:  0)
554698240  26251440 1896505784  0.067  0.067   67.261   68.080    0    0  (Gen:  0)
563517064  26251464 1914874184  0.064  0.065   67.881   68.695    0    0  (Gen:  0)
559846584  26251872 1920963216  0.065  0.065   68.462   69.292    0    0  (Gen:  0)
551919600  26251584 1933739568  0.066  0.066   69.041   69.854    0    0  (Gen:  0)
563158016  26251656 1946500072  0.060  0.060   69.624   70.442    0    0  (Gen:  0)
554578736  26251696 1958789072  0.067  0.067   70.182   70.995    0    0  (Gen:  0)
559324336  26251760 1976279568  0.064  0.064   70.806   71.614    0    0  (Gen:  0)
557713104  26251888 1982450016  0.061  0.061   71.382   72.207    0    0  (Gen:  0)
549953320  26802112 1995304568  0.066  0.066   71.953   72.759    0    0  (Gen:  0)
560661208  26802176 2007881560  0.057  0.057   72.541   73.346    0    0  (Gen:  0)
552335920  26802256 2019854400  0.067  0.067   73.098   73.905    0    0  (Gen:  0)
559471760  26802296 2031073400  0.064  0.064   73.721   74.521    0    0  (Gen:  0)
556940480  26802360 2043343952  0.061  0.061   74.299   75.114    0    0  (Gen:  0)
556085848  26802384 2056363760  0.066  0.066   74.870   75.668    0    0  (Gen:  0)
566258416  26802424 2072996248  0.062  0.062   75.480   76.274    0    0  (Gen:  0)
558326416  26219560 2081342088  0.065  0.065   76.057   76.865    0    0  (Gen:  0)
557269904  26219488 2093387856  0.066  0.066   76.648   77.440    0    0  (Gen:  0)
561508688  25400800 2106032760  0.062  0.062   77.235   78.034    0    0  (Gen:  0)
549046832  25400816 2118485024  0.067  0.067   77.799   78.590    0    0  (Gen:  0)
562035424  28600240 2136681008  0.067  0.067   78.429   79.216    0    0  (Gen:  0)
556789512  28598136 2142034384  0.063  0.063   79.010   79.814    0    0  (Gen:  0)
553194640  27645792 2155252440  0.068  0.068   79.584   80.375    0    0  (Gen:  0)
557957704  27645880 2167738520  0.059  0.059   80.167   80.962    0    0  (Gen:  0)
557036880  26112384 2179755168  0.066  0.066   80.728   81.520    0    0  (Gen:  0)
561816096  26112464 2190987000  0.064  0.064   81.361   82.148    0    0  (Gen:  0)
559408032  26112512 2203278224  0.061  0.061   81.946   82.744    0    0  (Gen:  0)
553402488  26847376 2216404504  0.067  0.067   82.510   83.296    0    0  (Gen:  0)
563656160  26847392 2231870488  0.060  0.060   83.112   83.897    0    0  (Gen:  0)
555586496  26847872 2241163752  0.067  0.067   83.687   84.482    0    0  (Gen:  0)
558745072  27279928 2253085384  0.067  0.067   84.293   85.074    0    0  (Gen:  0)
554798448  27279960 2264912056  0.059  0.059   84.871   85.660    0    0  (Gen:  0)
551027456  26143416 2277723888  0.066  0.066   85.431   86.209    0    0  (Gen:  0)
562668608  26144984 2296083984  0.066  0.066   86.053   86.827    0    0  (Gen:  0)
556478040  25519312 2301814000  0.066  0.066   86.634   87.424    0    0  (Gen:  0)
552437664  27761168 2314727816  0.067  0.068   87.215   87.987    0    0  (Gen:  0)
561292760  27761224 2327354864  0.060  0.060   87.799   88.577    0    0  (Gen:  0)
553533584  27756728 2337414520  4.316  5.020   92.608   94.085    0    0  (Gen:  1)
562461784  28125976 2354868176  0.065  0.065   93.242   94.717    0    0  (Gen:  0)
556330312  25011920 2360940320  0.062  0.063   93.819   95.311    0    0  (Gen:  0)
552678984  25011944 2373928512  0.067  0.067   94.397   95.869    0    0  (Gen:  0)
560860960  25697952 2387459144  0.060  0.060   94.987   96.456    0    0  (Gen:  0)
551294168  25698088 2398488896  0.067  0.067   95.549   97.022    0    0  (Gen:  0)
561512344  25698072 2409787672  0.063  0.064   96.172   97.637    0    0  (Gen:  0)
 70508904  25697648 2411415816  3.909  3.955  100.133  102.378    0    0  (Gen:  1)
   100016   9814568  16756664  0.036  0.264  100.169  102.646    0    0  (Gen:  1)
     1368                      0.000  0.000

  82,061,433,096 bytes allocated in the heap
   4,781,857,768 bytes copied during GC
   2,411,415,816 bytes maximum residency (8 sample(s))
       9,303,800 bytes maximum slop
            2299 MB total memory in use (0 MB lost due to fragmentation)

                                     Tot time (elapsed)  Avg pause  Max pause
  Gen  0       142 colls,     0 par   10.924s  11.053s     0.0778s    0.2666s
  Gen  1         8 colls,     0 par   12.277s  13.843s     1.7304s    5.0204s

  TASKS: 21 (1 bound, 20 peak workers (20 total), using -N4)

  SPARKS: 0 (0 converted, 0 overflowed, 0 dud, 0 GC'd, 0 fizzled)

  INIT    time    0.001s  (  0.006s elapsed)
  MUT     time   76.966s  ( 77.744s elapsed)
  GC      time   23.201s  ( 24.896s elapsed)
  EXIT    time    0.000s  (  0.011s elapsed)
  Total   time  100.169s  (102.657s elapsed)

  Alloc rate    1,066,200,142 bytes per MUT second

  Productivity  76.8% of total user, 75.7% of total elapsed

