bench-hist/position-mapping/ghcide --lsp --cwd bench/example/Cabal-3.0.0.0 +RTS -I0 -qg -A128M -Scode_actions.benchmark-gcStats -I0.5 
    Alloc    Copied     Live     GC     GC      TOT      TOT  Page Flts
    bytes     bytes     bytes   user   elap     user     elap
557072568      2160  15252952  0.037  0.040    0.770    6.296    0    0  (Gen:  0)
548838672  16103688  21975800  0.049  0.057    1.163    7.099    0    0  (Gen:  1)
546006160   9219768  28566152  0.021  0.021    1.519    7.663    0    0  (Gen:  0)
530413152  20643104  46396216  0.042  0.043    2.359    8.175    0    0  (Gen:  0)
549182688  20649608 125896328  0.173  0.194    3.171    8.692    0    0  (Gen:  0)
525886840  20656024 151840320  0.256  0.288    3.770    9.103    0    0  (Gen:  1)
530393576  20657640 174626888  0.097  0.098    4.326    9.358    0    0  (Gen:  0)
540918552  59391848 217046256  0.123  0.127    5.030    9.645    0    0  (Gen:  0)
553518376  59384944 216081656  0.068  0.072    5.684    9.903    0    0  (Gen:  0)
532924008  59380472 230322552  0.054  0.054    6.224   10.141    0    0  (Gen:  0)
537078552  59378664 237274160  0.063  0.064    6.840   10.359    0    0  (Gen:  0)
546261360  59378064 237847168  0.055  0.057    7.426   10.642    0    0  (Gen:  0)
521721400  59378752 252606824  0.064  0.065    7.885   11.104    0    0  (Gen:  0)
544004600  59378216 228464648  0.373  0.424    8.790   11.773    0    0  (Gen:  1)
534579760  59386328 248739816  0.097  0.097    9.490   12.027    0    0  (Gen:  0)
530969336  59387504 263770560  0.096  0.097   10.111   12.259    0    0  (Gen:  0)
535083408  59376680 260698760  0.045  0.045   10.665   12.439    0    0  (Gen:  0)
538063712  59378120 263325552  0.039  0.039   11.186   12.674    0    0  (Gen:  0)
530015736  59376680 269000168  0.048  0.048   11.665   13.006    0    0  (Gen:  0)
547623224  59377488 274813792  0.050  0.050   12.125   13.388    0    0  (Gen:  0)
564481320  59376440 298297432  0.074  0.074   12.855   13.966    0    0  (Gen:  0)
565819768  42665656 329855464  0.085  0.085   13.505   14.463    0    0  (Gen:  0)
537319768  42663696 339797952  0.051  0.051   13.970   14.875    0    0  (Gen:  0)
535062368  42663712 352375840  0.018  0.018   14.401   15.254    0    0  (Gen:  0)
537032576  42663696 364666328  0.019  0.019   14.841   15.639    0    0  (Gen:  0)
603958016  23055256 375513328  0.055  0.056   15.347   16.110    0    0  (Gen:  0)
 96271656 222971456 264744496  0.384  0.420   15.887   17.325    0    0  (Gen:  1)
   104176  12294552  20003840  0.026  0.046   15.913   17.373    0    0  (Gen:  1)
     1584                      0.000  0.000

  14,220,606,912 bytes allocated in the heap
   1,368,240,216 bytes copied during GC
     264,744,496 bytes maximum residency (5 sample(s))
       4,010,448 bytes maximum slop
             252 MB total memory in use (0 MB lost due to fragmentation)

                                     Tot time (elapsed)  Avg pause  Max pause
  Gen  0        23 colls,     0 par    1.473s   1.516s     0.0659s    0.1942s
  Gen  1         5 colls,     0 par    1.087s   1.236s     0.2472s    0.4244s

  TASKS: 21 (1 bound, 20 peak workers (20 total), using -N4)

  SPARKS: 0 (0 converted, 0 overflowed, 0 dud, 0 GC'd, 0 fizzled)

  INIT    time    0.001s  (  0.006s elapsed)
  MUT     time   13.352s  ( 14.614s elapsed)
  GC      time    2.560s  (  2.752s elapsed)
  EXIT    time    0.000s  (  0.005s elapsed)
  Total   time   15.914s  ( 17.377s elapsed)

  Alloc rate    1,065,051,889 bytes per MUT second

  Productivity  83.9% of total user, 84.1% of total elapsed

