bench-hist/position-mapping/ghcide --lsp --cwd bench/example/Cabal-3.0.0.0 +RTS -I0 -qg -A128M -SdocumentSymbols_after_edit.benchmark-gcStats -I0.5 
    Alloc    Copied     Live     GC     GC      TOT      TOT  Page Flts
    bytes     bytes     bytes   user   elap     user     elap
559264800  11747528  15279616  0.036  0.040    0.725    6.322    0    0  (Gen:  0)
547174432  11752144  21948104  0.049  0.059    1.116    7.119    0    0  (Gen:  1)
541809200  11750240  28492512  0.021  0.021    1.469    7.681    0    0  (Gen:  0)
533280456  11750968  44005920  0.041  0.042    2.326    8.196    0    0  (Gen:  0)
547462736  11753208 123072664  0.167  0.188    3.183    8.672    0    0  (Gen:  0)
526593792  11766328 150982664  0.255  0.287    3.803    9.084    0    0  (Gen:  1)
530532736  11754744 169531792  0.097  0.098    4.315    9.324    0    0  (Gen:  0)
542967296  56856240 214819392  0.112  0.113    5.046    9.613    0    0  (Gen:  0)
549001896  56823560 219325328  0.072  0.078    5.736    9.864    0    0  (Gen:  0)
541425712  56828640 236738632  0.075  0.076    6.344   10.111    0    0  (Gen:  0)
540782184  56820032 234768736  0.050  0.053    6.937   10.308    0    0  (Gen:  0)
541168072  56821288 239606232  0.052  0.054    7.528   10.555    0    0  (Gen:  0)
520543464  56820792 262052984  0.087  0.087    8.005   11.034    0    0  (Gen:  0)
543956800  56820632 235471544  0.386  0.442    8.934   11.739    0    0  (Gen:  1)
534813608  56819368 246857040  0.087  0.087    9.614   11.980    0    0  (Gen:  0)
537511200  39949272 257787944  0.089  0.090   10.180   12.195    0    0  (Gen:  0)
527632616  39953192 269880512  0.089  0.090   10.785   12.463    0    0  (Gen:  0)
535404160  39947304 271133160  0.058  0.058   11.350   12.698    0    0  (Gen:  0)
533361544  39946360 267066912  0.044  0.044   11.811   13.010    0    0  (Gen:  0)
533804776  39947232 272969000  0.047  0.047   12.258   13.369    0    0  (Gen:  0)
573132280  39946080 298074360  0.076  0.076   12.875   13.841    0    0  (Gen:  0)
541205464  39946088 310177736  0.056  0.057   13.176   14.069    0    0  (Gen:  0)
542052144  39946096 325246392  0.048  0.048   13.469   14.290    0    0  (Gen:  0)
538361760  39946136 337861216  0.047  0.047   13.766   14.514    0    0  (Gen:  0)
536815696  25495504 350651368  0.046  0.046   14.056   14.731    0    0  (Gen:  0)
542360072  25495504 363873512  0.045  0.045   14.348   14.953    0    0  (Gen:  0)
539319056  25495576 377507472  0.046  0.046   14.632   15.162    0    0  (Gen:  0)
545921888  25495824 391093360  0.047  0.048   14.929   15.390    0    0  (Gen:  0)
541676464  25664984 403723440  0.046  0.046   15.221   15.611    0    0  (Gen:  0)
543834688  25664984 417210472  0.047  0.049   15.516   15.839    0    0  (Gen:  0)
538416560  25664976 429881992  0.048  0.051   15.804   16.055    0    0  (Gen:  0)
543644120  25664408 403255848  0.614  0.700   16.664   16.930    0    0  (Gen:  1)
539441672  25664448 415485024  0.046  0.046   16.957   17.152    0    0  (Gen:  0)
542642984  25664432 428056840  0.044  0.044   17.246   17.371    0    0  (Gen:  0)
541275160  24822912 440877616  0.046  0.046   17.534   17.586    0    0  (Gen:  0)
536746408  24822920 455636816  0.048  0.048   17.822   17.803    0    0  (Gen:  0)
547629376  24822928 467637536  0.046  0.047   18.120   18.033    0    0  (Gen:  0)
540652688  24822920 479860416  0.043  0.043   18.408   18.251    0    0  (Gen:  0)
545074144  24822912 492743664  0.045  0.045   18.699   18.468    0    0  (Gen:  0)
544185032  24822920 507814632  0.049  0.050   18.994   18.690    0    0  (Gen:  0)
543022440  24822920 520146024  0.046  0.046   19.290   18.915    0    0  (Gen:  0)
543401232  24930552 532446944  0.044  0.044   19.581   19.136    0    0  (Gen:  0)
544071272  25421216 545741560  0.045  0.045   19.874   19.360    0    0  (Gen:  0)
545483832  25421208 558999216  0.046  0.046   20.164   19.575    0    0  (Gen:  0)
543457416  25421296 572559008  0.047  0.047   20.459   19.800    0    0  (Gen:  0)
543592336  25421328 584952696  0.046  0.046   20.757   20.028    0    0  (Gen:  0)
547744008  25421328 597702304  0.046  0.046   21.052   20.253    0    0  (Gen:  0)
537134224  25421320 610859976  0.047  0.047   21.337   20.462    0    0  (Gen:  0)
530897288  25421320 625951256  0.049  0.049   21.624   20.674    0    0  (Gen:  0)
548223336  25421328 638777512  0.048  0.048   21.921   20.900    0    0  (Gen:  0)
552357688 540403536 597825768  0.918  1.051   23.317   23.069    0    0  (Gen:  1)
   104792 540403200  18339016  0.019  0.071   23.337   23.140    0    0  (Gen:  1)
     1176                      0.000  0.000

  27,612,370,176 bytes allocated in the heap
   2,635,252,176 bytes copied during GC
     597,825,768 bytes maximum residency (6 sample(s))
       6,192,600 bytes maximum slop
             570 MB total memory in use (0 MB lost due to fragmentation)

                                     Tot time (elapsed)  Avg pause  Max pause
  Gen  0        46 colls,     0 par    2.605s   2.655s     0.0577s    0.1876s
  Gen  1         6 colls,     0 par    2.240s   2.609s     0.4348s    1.0509s

  TASKS: 22 (1 bound, 21 peak workers (21 total), using -N4)

  SPARKS: 0 (0 converted, 0 overflowed, 0 dud, 0 GC'd, 0 fizzled)

  INIT    time    0.001s  (  0.006s elapsed)
  MUT     time   18.490s  ( 17.871s elapsed)
  GC      time    4.845s  (  5.264s elapsed)
  EXIT    time    0.000s  (  0.003s elapsed)
  Total   time   23.337s  ( 23.143s elapsed)

  Alloc rate    1,493,342,011 bytes per MUT second

  Productivity  79.2% of total user, 77.2% of total elapsed

