bench-hist/position-mapping/ghcide --lsp --cwd bench/example/Cabal-3.0.0.0 +RTS -I0 -qg -A128M -Sedit.benchmark-gcStats -I0.5 
    Alloc    Copied     Live     GC     GC      TOT      TOT  Page Flts
    bytes     bytes     bytes   user   elap     user     elap
555542392      2160  15210088  0.035  0.039    0.721    6.292    0    0  (Gen:  0)
548048528      6752  22048120  0.049  0.058    1.112    7.083    0    0  (Gen:  1)
543396200      5976  28519968  0.020  0.021    1.461    7.636    0    0  (Gen:  0)
532415448      5544  45709080  0.040  0.041    2.295    8.143    0    0  (Gen:  0)
550686584  91577504 118829656  0.210  0.236    3.208    8.701    0    0  (Gen:  1)
523617128  89727280 153405136  0.177  0.193    3.756    9.023    0    0  (Gen:  0)
524279272 138099944 166111000  0.245  0.269    4.396    9.423    0    0  (Gen:  1)
537427488  55196784 206112784  0.113  0.115    5.124    9.714    0    0  (Gen:  0)
550528848  55186872 215525936  0.070  0.071    5.777    9.954    0    0  (Gen:  0)
536793360  55186728 239495672  0.082  0.083    6.372   10.213    0    0  (Gen:  0)
541373720  55184520 233728976  0.063  0.063    7.007   10.435    0    0  (Gen:  0)
546100912  55184464 232619176  0.042  0.043    7.590   10.649    0    0  (Gen:  0)
523283928  34426640 258196560  0.084  0.084    8.066   11.127    0    0  (Gen:  0)
540521184  34478504 263216992  0.068  0.073    8.669   11.464    0    0  (Gen:  0)
541652144  34426704 278843728  0.091  0.094    9.318   11.703    0    0  (Gen:  0)
534891800  34427040 293707512  0.100  0.105    9.963   11.954    0    0  (Gen:  0)
530020600  34428776 301497424  0.088  0.090   10.564   12.177    0    0  (Gen:  0)
542202000  34425432 296469512  0.051  0.052   11.179   12.385    0    0  (Gen:  0)
531783248  20640304 297375504  0.045  0.045   11.657   12.721    0    0  (Gen:  0)
532297552  20640768 303714624  0.049  0.049   12.108   13.086    0    0  (Gen:  0)
570067368  20639680 327021376  0.084  0.094   12.805   13.679    0    0  (Gen:  0)
542592776 239922928 275948664  0.458  0.514   13.888   14.726    0    0  (Gen:  1)
544606416 239922912 295145192  0.081  0.081   14.580   15.319    0    0  (Gen:  0)
538401992  40579768 313753600  0.080  0.080   15.253   15.885    0    0  (Gen:  0)
544030720  40303856 332712984  0.079  0.079   15.945   16.480    0    0  (Gen:  0)
538306808  40303856 352802488  0.081  0.081   16.652   17.095    0    0  (Gen:  0)
538264504  39471576 370404696  0.077  0.077   17.359   17.709    0    0  (Gen:  0)
541079296  39470552 390339864  0.080  0.080   18.065   18.322    0    0  (Gen:  0)
544165344  40536960 409104192  0.079  0.079   18.758   18.919    0    0  (Gen:  0)
537575256  40537192 427282184  0.076  0.076   19.437   19.508    0    0  (Gen:  0)
544518552  40540440 441773520  0.073  0.073   20.131   20.111    0    0  (Gen:  0)
539728096  40542400 460365664  0.077  0.077   20.778   20.696    0    0  (Gen:  0)
544069328  40537080 478961320  0.080  0.080   21.465   21.298    0    0  (Gen:  0)
542537704  40537072 498250504  0.081  0.081   22.169   21.906    0    0  (Gen:  0)
539994280  40813648 516892056  0.081  0.081   22.849   22.479    0    0  (Gen:  0)
543124936  40813648 535638896  0.081  0.081   23.531   23.061    0    0  (Gen:  0)
538617168  40813408 556107256  0.955  1.091   25.111   24.677    0    0  (Gen:  1)
540583952  40813424 573836248  0.080  0.081   25.827   25.301    0    0  (Gen:  0)
543427272  40817088 591780176  0.079  0.079   26.545   25.926    0    0  (Gen:  0)
539925656  40813456 612295112  0.083  0.083   27.253   26.536    0    0  (Gen:  0)
537528248  40813744 629329216  0.077  0.078   27.938   27.124    0    0  (Gen:  0)
544771352  40813968 647104640  0.078  0.079   28.632   27.730    0    0  (Gen:  0)
543325312  40818208 662569848  0.073  0.073   29.319   28.329    0    0  (Gen:  0)
545027888  40813616 681610168  0.076  0.076   29.988   28.925    0    0  (Gen:  0)
539291216  40813624 700570088  0.082  0.082   30.685   29.532    0    0  (Gen:  0)
542892280  40813608 719727256  0.083  0.083   31.385   30.133    0    0  (Gen:  0)
542508184  40813632 738461344  0.082  0.083   32.079   30.719    0    0  (Gen:  0)
537805344  40813640 757282000  0.080  0.080   32.771   31.306    0    0  (Gen:  0)
541007352  40813688 777551488  0.083  0.083   33.491   31.929    0    0  (Gen:  0)
538669968  40817976 795138136  0.083  0.083   34.213   32.556    0    0  (Gen:  0)
537864768  40816864 814676216  0.089  0.092   34.950   33.204    0    0  (Gen:  0)
543085472  40813744 833337376  0.080  0.080   35.666   33.822    0    0  (Gen:  0)
542503280  40814024 851053232  0.078  0.078   36.359   34.419    0    0  (Gen:  0)
545690952  37276008 867122176  0.075  0.075   37.058   35.034    0    0  (Gen:  0)
539390504  36439152 884893296  0.077  0.078   37.710   35.621    0    0  (Gen:  0)
547754368  36431392 903547424  0.080  0.080   38.408   36.234    0    0  (Gen:  0)
542830392  36431440 922639904  0.082  0.083   39.124   36.850    0    0  (Gen:  0)
539745792  40914000 941565736  0.082  0.082   39.818   37.438    0    0  (Gen:  0)
539799328  40914008 960237504  0.081  0.081   40.506   38.018    0    0  (Gen:  0)
535616896  40914064 980919848  0.083  0.084   41.216   38.627    0    0  (Gen:  0)
538748120  40025304 998606656  0.081  0.082   41.936   39.255    0    0  (Gen:  0)
545431592  40020752 1018420888  0.081  0.081   42.660   39.885    0    0  (Gen:  0)
538932040  40020760 1037225840  0.085  0.087   43.371   40.499    0    0  (Gen:  0)
538533720  40021096 1054302312  0.084  0.089   44.073   41.105    0    0  (Gen:  0)
540834032  38637096 1071554016  0.082  0.087   44.769   41.718    0    0  (Gen:  0)
543972368  38647992 1087523312  0.080  0.084   45.444   42.318    0    0  (Gen:  0)
545110112  38635720 1105802424  2.020  2.316   48.069   45.167    0    0  (Gen:  1)
543038992  38635720 1125012240  0.084  0.084   48.788   45.789    0    0  (Gen:  0)
544565032  38635720 1144235096  0.084  0.085   49.506   46.400    0    0  (Gen:  0)
546838800  38635760 1162986456  0.083  0.083   50.216   47.002    0    0  (Gen:  0)
544758344  40401472 1181832432  0.081  0.081   50.924   47.605    0    0  (Gen:  0)
535179848  40401472 1202174112  0.083  0.083   51.656   48.232    0    0  (Gen:  0)
541445152  40405872 1220052856  0.081  0.081   52.392   48.867    0    0  (Gen:  0)
537136976  40405088 1239570968  0.082  0.082   53.121   49.497    0    0  (Gen:  0)
540831040  40401520 1258193984  0.082  0.082   53.846   50.118    0    0  (Gen:  0)
541527304  40401864 1275600416  0.079  0.079   54.553   50.719    0    0  (Gen:  0)
539259656  40406552 1290062776  0.073  0.074   55.253   51.329    0    0  (Gen:  0)
543367800  40402440 1309240744  0.083  0.083   55.937   51.939    0    0  (Gen:  0)
543725264  40401656 1327972264  0.084  0.084   56.646   52.563    0    0  (Gen:  0)
545169224  40401648 1347150072  0.084  0.084   57.377   53.191    0    0  (Gen:  0)
543975224  40990584 1366133448  0.083  0.083   58.089   53.793    0    0  (Gen:  0)
538843552  40465096 1384685720  0.082  0.082   58.790   54.379    0    0  (Gen:  0)
541330592  40465112 1404275856  0.082  0.082   59.514   54.996    0    0  (Gen:  0)
544946160  40465176 1423919088  0.082  0.082   60.255   55.634    0    0  (Gen:  0)
542247584  40465208 1441701144  0.079  0.080   60.989   56.268    0    0  (Gen:  0)
540208384  40468560 1461489776  0.083  0.083   61.718   56.897    0    0  (Gen:  0)
541553744  40465320 1479997048  0.081  0.081   62.437   57.511    0    0  (Gen:  0)
539251120  38209176 1496917728  0.077  0.077   63.154   58.127    0    0  (Gen:  0)
540750680  38215056 1511954776  0.074  0.075   63.857   58.744    0    0  (Gen:  0)
545732440  36669008 1531438192  0.079  0.080   64.539   59.357    0    0  (Gen:  0)
539738568  41175240 1550071632  0.084  0.084   65.254   59.979    0    0  (Gen:  0)
542853280  41192368 1569264464  0.084  0.084   65.976   60.593    0    0  (Gen:  0)
541786968  41192368 1587973432  0.082  0.082   66.680   61.185    0    0  (Gen:  0)
542095600  41192368 1606771608  0.081  0.081   67.388   61.788    0    0  (Gen:  0)
539485464  41350776 1627183552  0.084  0.085   68.127   62.422    0    0  (Gen:  0)
539653512  39864224 1644876248  0.081  0.082   68.867   63.062    0    0  (Gen:  0)
540373968  40364672 1664586536  0.082  0.082   69.603   63.697    0    0  (Gen:  0)
542425840  40361960 1683398216  0.083  0.083   70.329   64.318    0    0  (Gen:  0)
541421536  40362544 1700709016  0.078  0.079   71.041   64.926    0    0  (Gen:  0)
543498752  40362840 1718194880  0.078  0.078   71.750   65.543    0    0  (Gen:  0)
545213392  40374104 1734098608  0.078  0.078   72.446   66.153    0    0  (Gen:  0)
541372248  36915568 1753097672  0.078  0.079   73.131   66.771    0    0  (Gen:  0)
543548464  41070448 1772037920  0.084  0.085   73.866   67.404    0    0  (Gen:  0)
540435984  41070440 1791100424  0.084  0.084   74.574   68.003    0    0  (Gen:  0)
540923120  41070448 1809734312  0.082  0.082   75.280   68.594    0    0  (Gen:  0)
534273224  41070480 1830424216  0.085  0.085   76.001   69.211    0    0  (Gen:  0)
539466536  41070480 1848072768  0.082  0.082   76.738   69.850    0    0  (Gen:  0)
539778800  41074168 1866637984  0.080  0.080   77.473   70.486    0    0  (Gen:  0)
539811240  41070544 1886528072  0.084  0.084   78.198   71.105    0    0  (Gen:  0)
540610296  41070864 1903740288  0.080  0.080   78.909   71.711    0    0  (Gen:  0)
543501944  41071264 1920897568  0.078  0.078   79.618   72.329    0    0  (Gen:  0)
541277880  41081160 1936989224  0.077  0.077   80.305   72.932    0    0  (Gen:  0)
540601032  41070752 1955886032  0.079  0.079   80.992   73.546    0    0  (Gen:  0)
545623248  41061432 1974955360  0.084  0.084   81.729   74.181    0    0  (Gen:  0)
542311464  41061424 1994061424  0.084  0.084   82.444   74.785    0    0  (Gen:  0)
544026416  41061432 2012852096  0.083  0.083   83.156   75.385    0    0  (Gen:  0)
535157224  41061472 2032156720  0.083  0.083   83.875   75.993    0    0  (Gen:  0)
545813136  41061472 2051774152  0.083  0.083   84.615   76.631    0    0  (Gen:  0)
540954968  41061496 2069492048  0.080  0.080   85.348   77.263    0    0  (Gen:  0)
540131120  41064384 2090126360  0.086  0.086   86.082   77.895    0    0  (Gen:  0)
537354832  41061640 2107047864  0.081  0.081   86.796   78.504    0    0  (Gen:  0)
544521704  41062256 2125133176  0.078  0.079   87.509   79.117    0    0  (Gen:  0)
543039840  35470472 2139788392  0.079  0.082   88.217   79.736    0    0  (Gen:  0)
541731072  35463304 2159030328  0.084  0.089   88.901   80.360    0    0  (Gen:  0)
544332960  35463352 2177939680  0.093  0.100   89.630   81.006    0    0  (Gen:  0)
131462176 2126390144 2183640864  3.996  4.588   93.816   86.451    0    0  (Gen:  1)
   104360  11148120  18156688  0.045  0.232   93.861   86.684    0    0  (Gen:  1)
     1368                      0.000  0.000

  67,787,547,088 bytes allocated in the heap
   7,574,716,320 bytes copied during GC
   2,183,640,864 bytes maximum residency (8 sample(s))
      11,340,000 bytes maximum slop
            2082 MB total memory in use (0 MB lost due to fragmentation)

                                     Tot time (elapsed)  Avg pause  Max pause
  Gen  0       119 colls,     0 par    9.477s   9.581s     0.0805s    0.1926s
  Gen  1         8 colls,     0 par    7.979s   9.303s     1.1629s    4.5876s

  TASKS: 21 (1 bound, 20 peak workers (20 total), using -N4)

  SPARKS: 0 (0 converted, 0 overflowed, 0 dud, 0 GC'd, 0 fizzled)

  INIT    time    0.001s  (  0.006s elapsed)
  MUT     time   76.404s  ( 67.794s elapsed)
  GC      time   17.455s  ( 18.884s elapsed)
  EXIT    time    0.000s  (  0.011s elapsed)
  Total   time   93.862s  ( 86.695s elapsed)

  Alloc rate    887,220,357 bytes per MUT second

  Productivity  81.4% of total user, 78.2% of total elapsed

