bench-hist/position-mapping/ghcide --lsp --cwd bench/example/Cabal-3.0.0.0 +RTS -I0 -qg -A128M -SgetDefinition.benchmark-gcStats -I0.5 
    Alloc    Copied     Live     GC     GC      TOT      TOT  Page Flts
    bytes     bytes     bytes   user   elap     user     elap
556948512      2160  15202128  0.036  0.040    0.722    7.108    0    0  (Gen:  0)
546843760  16132128  21999248  0.049  0.057    1.112    7.899    0    0  (Gen:  1)
542687832  16130216  28468712  0.020  0.021    1.464    8.456    0    0  (Gen:  0)
534739848  16130968  43886040  0.040  0.041    2.303    8.984    0    0  (Gen:  0)
549160520  16133360 124267984  0.167  0.188    3.142    9.529    0    0  (Gen:  0)
522693136  16139408 151243432  0.254  0.286    3.738    9.940    0    0  (Gen:  1)
520786000  16134928 180069896  0.122  0.124    4.227   10.175    0    0  (Gen:  0)
545534056  16167424 213083712  0.121  0.127    5.108   10.546    0    0  (Gen:  0)
551608248  16132728 216693544  0.055  0.057    5.714   10.776    0    0  (Gen:  0)
540455232  29943312 238544304  0.075  0.077    6.331   11.026    0    0  (Gen:  0)
537483768  29934312 240834888  0.065  0.065    6.967   11.246    0    0  (Gen:  0)
547613216  29933968 244639512  0.056  0.058    7.538   11.486    0    0  (Gen:  0)
521610768  36990912 265242864  0.087  0.088    8.020   11.968    0    0  (Gen:  0)
542499248  36990080 230359208  0.375  0.427    8.946   12.668    0    0  (Gen:  1)
537581720  36988872 245322264  0.074  0.074    9.591   12.903    0    0  (Gen:  0)
537859144  36988944 256080896  0.073  0.074   10.164   13.106    0    0  (Gen:  0)
534855376  36992680 260382704  0.073  0.073   10.815   13.349    0    0  (Gen:  0)
538196752  36989120 259430256  0.047  0.047   11.350   13.562    0    0  (Gen:  0)
530412744  18132488 259647712  0.042  0.043   11.813   13.886    0    0  (Gen:  0)
529108456  18133176 267055352  0.050  0.050   12.264   14.247    0    0  (Gen:  0)
574349472  18137080 291542792  0.077  0.078   13.017   14.850    0    0  (Gen:  0)
523697584  18135072 292306048  0.033  0.033   13.219   15.039    0    0  (Gen:  0)
520531520  18132296 295450160  0.009  0.009   13.377   15.197    0    0  (Gen:  0)
534988192   4745136 298119888  0.013  0.013   14.007   15.741    0    0  (Gen:  0)
535823280   4764944 299445736  0.014  0.014   14.936   16.517    0    0  (Gen:  0)
540509760   4765000 301768928  0.014  0.014   15.879   17.307    0    0  (Gen:  0)
538985576   4765032 303204488  0.015  0.015   16.813   18.093    0    0  (Gen:  0)
536797920   4765096 304754112  0.015  0.015   17.746   18.875    0    0  (Gen:  0)
541301968   5528456 305999104  0.015  0.016   18.688   19.661    0    0  (Gen:  0)
539997160   5633720 307597496  0.016  0.016   19.635   20.450    0    0  (Gen:  0)
537346992   5633720 308725128  0.015  0.015   20.573   21.236    0    0  (Gen:  0)
538204472   5633808 310100744  0.015  0.016   21.510   22.031    0    0  (Gen:  0)
540009152   5627704 311573704  0.016  0.016   22.450   22.818    0    0  (Gen:  0)
541488872   5627784 313001464  0.016  0.016   23.401   23.610    0    0  (Gen:  0)
538825008   5627824 314458072  0.016  0.016   24.343   24.396    0    0  (Gen:  0)
542074672   5627872 315725672  0.017  0.017   25.291   25.186    0    0  (Gen:  0)
541966208   5627928 317367168  0.016  0.016   26.242   25.978    0    0  (Gen:  0)
534026080   5628080 318973232  0.017  0.017   27.181   26.775    0    0  (Gen:  0)
532123904   5628144 319609776  0.015  0.015   28.111   27.555    0    0  (Gen:  0)
536908200   5416520 320889048  0.015  0.015   29.059   28.348    0    0  (Gen:  0)
538186296   5416552 322140496  0.015  0.015   30.007   29.143    0    0  (Gen:  0)
533503256   5416680 323409376  0.015  0.015   30.953   29.931    0    0  (Gen:  0)
540239984   5416776 325252008  0.015  0.015   31.904   30.732    0    0  (Gen:  0)
541193360   5416800 326210128  0.015  0.015   32.854   31.524    0    0  (Gen:  0)
542754344   5317656 327587440  0.015  0.015   33.806   32.326    0    0  (Gen:  0)
538638104   5317800 329044144  0.015  0.015   34.755   33.116    0    0  (Gen:  0)
540243960   5267232 330461832  0.015  0.015   35.706   33.909    0    0  (Gen:  0)
540219816   5253600 331674392  0.015  0.015   36.659   34.704    0    0  (Gen:  0)
537639216   5253648 333259568  0.015  0.015   37.609   35.498    0    0  (Gen:  0)
539061064   5226072 334588000  0.015  0.015   38.556   36.286    0    0  (Gen:  0)
542385872   5226176 336137624  0.015  0.015   39.512   37.082    0    0  (Gen:  0)
540240080   5226208 337180232  0.015  0.015   40.465   37.876    0    0  (Gen:  0)
540068376   5226288 338623848  0.015  0.015   41.416   38.674    0    0  (Gen:  0)
538527600   5226304 340570264  0.015  0.015   42.364   39.469    0    0  (Gen:  0)
536615104   5226416 341545408  0.015  0.015   43.311   40.259    0    0  (Gen:  0)
540288704   5421912 343096776  0.015  0.015   44.259   41.047    0    0  (Gen:  0)
537834000   5422000 344089264  0.015  0.015   45.201   41.833    0    0  (Gen:  0)
536942608   5422000 345199728  0.015  0.015   46.147   42.619    0    0  (Gen:  0)
541833704   5232968 346674576  0.014  0.014   47.102   43.415    0    0  (Gen:  0)
537768960   5233080 347979496  0.015  0.015   48.048   44.204    0    0  (Gen:  0)
535380296   5233080 349565024  0.015  0.015   48.993   44.991    0    0  (Gen:  0)
538929552   5233144 350486224  0.014  0.014   49.941   45.778    0    0  (Gen:  0)
540176224   5233168 351904336  0.014  0.014   50.896   46.573    0    0  (Gen:  0)
203150840 265088168 300737840  0.427  0.467   51.678   48.061    0    0  (Gen:  1)
   104152  11155360  18311040  0.016  0.037   51.694   48.100    0    0  (Gen:  1)
     1584                      0.000  0.000

  34,140,561,384 bytes allocated in the heap
   1,020,681,488 bytes copied during GC
     300,737,840 bytes maximum residency (5 sample(s))
       4,934,352 bytes maximum slop
             286 MB total memory in use (0 MB lost due to fragmentation)

                                     Tot time (elapsed)  Avg pause  Max pause
  Gen  0        60 colls,     0 par    1.921s   1.967s     0.0328s    0.1883s
  Gen  1         5 colls,     0 par    1.121s   1.275s     0.2551s    0.4672s

  TASKS: 22 (1 bound, 21 peak workers (21 total), using -N4)

  SPARKS: 0 (0 converted, 0 overflowed, 0 dud, 0 GC'd, 0 fizzled)

  INIT    time    0.001s  (  0.006s elapsed)
  MUT     time   48.651s  ( 44.851s elapsed)
  GC      time    3.042s  (  3.243s elapsed)
  EXIT    time    0.000s  (  0.011s elapsed)
  Total   time   51.695s  ( 48.110s elapsed)

  Alloc rate    701,750,346 bytes per MUT second

  Productivity  94.1% of total user, 93.2% of total elapsed

