bench-hist/position-mapping/ghcide --lsp --cwd bench/example/Cabal-3.0.0.0 +RTS -I0 -qg -A128M -Shover.benchmark-gcStats -I0.5 
    Alloc    Copied     Live     GC     GC      TOT      TOT  Page Flts
    bytes     bytes     bytes   user   elap     user     elap
556902272  11699512  15149896  0.036  0.040    0.724    6.332    0    0  (Gen:  0)
547995512  11704112  21920800  0.048  0.058    1.113    7.120    0    0  (Gen:  1)
545322576  11702208  28493536  0.020  0.020    1.464    7.676    0    0  (Gen:  0)
529185600  19655360  44883232  0.039  0.041    2.294    8.176    0    0  (Gen:  0)
542455512  73360600 124090168  0.168  0.191    3.111    8.658    0    0  (Gen:  0)
527015760  73372512 150728952  0.253  0.285    3.727    9.075    0    0  (Gen:  1)
524206264  50691712 170119024  0.097  0.098    4.227    9.306    0    0  (Gen:  0)
541647728  60319472 215232792  0.126  0.128    5.081    9.655    0    0  (Gen:  0)
553207120  47870664 228366400  0.101  0.109    5.761    9.919    0    0  (Gen:  0)
536277920  47858792 231495512  0.056  0.057    6.332   10.162    0    0  (Gen:  0)
545272976  47857200 241849008  0.068  0.071    6.951   10.396    0    0  (Gen:  0)
547570136  47856296 239425088  0.046  0.049    7.538   10.628    0    0  (Gen:  0)
520487000  47857456 264925120  0.087  0.088    8.014   11.106    0    0  (Gen:  0)
549256232  47856656 236242960  0.386  0.440    8.936   11.810    0    0  (Gen:  1)
539046120  47857024 256573512  0.098  0.100    9.613   12.063    0    0  (Gen:  0)
528644656  47858160 270586088  0.105  0.105   10.245   12.304    0    0  (Gen:  0)
540237976  47857448 262235072  0.050  0.050   10.793   12.506    0    0  (Gen:  0)
540201304  47856280 262725200  0.036  0.036   11.319   12.744    0    0  (Gen:  0)
532859848  47855128 269209752  0.044  0.044   11.803   13.077    0    0  (Gen:  0)
540888400  47855904 275477984  0.048  0.048   12.255   13.446    0    0  (Gen:  0)
569672488  47858456 300885128  0.075  0.076   12.997   14.036    0    0  (Gen:  0)
525790848  21530400 301720712  0.031  0.031   13.199   14.225    0    0  (Gen:  0)
520558600   5189880 305294480  0.010  0.010   13.357   14.383    0    0  (Gen:  0)
533822504   5190496 307761912  0.013  0.013   14.030   14.979    0    0  (Gen:  0)
536621200   5190000 309009648  0.013  0.013   14.959   15.753    0    0  (Gen:  0)
534963864   5080168 310441712  0.013  0.013   15.889   16.531    0    0  (Gen:  0)
538577408   5080280 311583768  0.013  0.013   16.826   17.315    0    0  (Gen:  0)
538768152   5080344 312998312  0.013  0.013   17.757   18.092    0    0  (Gen:  0)
540147968   5080448 314537584  0.013  0.013   18.693   18.875    0    0  (Gen:  0)
533865608   5080584 316751424  0.015  0.015   19.615   19.653    0    0  (Gen:  0)
533787544   5080608 318088664  0.015  0.015   20.537   20.438    0    0  (Gen:  0)
541081312   5607632 319597216  0.015  0.015   21.474   21.240    0    0  (Gen:  0)
536407912   5607672 321083824  0.016  0.016   22.403   22.023    0    0  (Gen:  0)
535595280   5607744 321942296  0.015  0.015   23.337   22.811    0    0  (Gen:  0)
531630632   5607792 323262736  0.015  0.015   24.276   23.595    0    0  (Gen:  0)
539401944   5607880 324727960  0.015  0.015   25.232   24.405    0    0  (Gen:  0)
538088288   5607936 325918768  0.015  0.015   26.177   25.197    0    0  (Gen:  0)
539929040   5608024 327207384  0.014  0.015   27.122   25.987    0    0  (Gen:  0)
537192640   5608032 328718664  0.014  0.014   28.056   26.771    0    0  (Gen:  0)
539971152   5256248 329952544  0.014  0.014   28.997   27.556    0    0  (Gen:  0)
537860920   5256296 331178088  0.014  0.014   29.936   28.335    0    0  (Gen:  0)
539803032   5256328 332643968  0.014  0.014   30.883   29.127    0    0  (Gen:  0)
535813600   5256400 333895112  0.014  0.014   31.820   29.911    0    0  (Gen:  0)
535033384   5256440 335737096  0.014  0.014   32.748   30.682    0    0  (Gen:  0)
540512048   5256504 337479368  0.015  0.015   33.693   31.475    0    0  (Gen:  0)
542367328   5528528 338945856  0.015  0.016   34.642   32.273    0    0  (Gen:  0)
536822096   5528568 340285616  0.016  0.016   35.570   33.064    0    0  (Gen:  0)
541941048   5565176 341486400  0.016  0.016   36.520   33.867    0    0  (Gen:  0)
539560664   5565200 343334584  0.017  0.017   37.457   34.668    0    0  (Gen:  0)
534605152   5565248 343858056  0.014  0.015   38.393   35.453    0    0  (Gen:  0)
535378760   5400552 345176432  0.016  0.016   39.329   36.242    0    0  (Gen:  0)
535419224   5400600 346497416  0.015  0.015   40.276   37.038    0    0  (Gen:  0)
536965160   5400632 347710800  0.015  0.015   41.224   37.831    0    0  (Gen:  0)
537786400   5400648 349050168  0.014  0.014   42.168   38.616    0    0  (Gen:  0)
536608984   5400712 350488040  0.014  0.014   43.106   39.395    0    0  (Gen:  0)
536681168   5400720 351717504  0.014  0.014   44.046   40.177    0    0  (Gen:  0)
536346520   5089536 352873536  0.014  0.014   44.987   40.959    0    0  (Gen:  0)
539855824   5089576 354271792  0.014  0.014   45.932   41.744    0    0  (Gen:  0)
537551384   5097256 355538184  0.014  0.015   46.876   42.529    0    0  (Gen:  0)
539147200   5620104 357765288  0.016  0.017   47.833   43.340    0    0  (Gen:  0)
542044912   5492888 359073648  0.015  0.015   48.790   44.153    0    0  (Gen:  0)
536290552   5492928 360720160  0.016  0.016   49.724   44.945    0    0  (Gen:  0)
534618056   5492952 361864728  0.016  0.016   50.655   45.734    0    0  (Gen:  0)
348616832 265983568 301729568  0.425  0.464   51.704   47.417    0    0  (Gen:  1)
   104160  11154904  18363168  0.016  0.038   51.720   47.455    0    0  (Gen:  1)
     1368                      0.000  0.000

  34,252,291,072 bytes allocated in the heap
   1,453,315,384 bytes copied during GC
     301,729,568 bytes maximum residency (5 sample(s))
       5,171,424 bytes maximum slop
             287 MB total memory in use (0 MB lost due to fragmentation)

                                     Tot time (elapsed)  Avg pause  Max pause
  Gen  0        60 colls,     0 par    1.929s   1.981s     0.0330s    0.1906s
  Gen  1         5 colls,     0 par    1.128s   1.284s     0.2568s    0.4643s

  TASKS: 22 (1 bound, 21 peak workers (21 total), using -N4)

  SPARKS: 0 (0 converted, 0 overflowed, 0 dud, 0 GC'd, 0 fizzled)

  INIT    time    0.001s  (  0.006s elapsed)
  MUT     time   48.661s  ( 44.184s elapsed)
  GC      time    3.057s  (  3.265s elapsed)
  EXIT    time    0.000s  (  0.009s elapsed)
  Total   time   51.720s  ( 47.465s elapsed)

  Alloc rate    703,895,596 bytes per MUT second

  Productivity  94.1% of total user, 93.1% of total elapsed

