bench-hist/position-mapping/ghcide --lsp --cwd bench/example/Cabal-3.0.0.0 +RTS -I0 -qg -A128M -Shover_after_edit.benchmark-gcStats -I0.5 
    Alloc    Copied     Live     GC     GC      TOT      TOT  Page Flts
    bytes     bytes     bytes   user   elap     user     elap
554601312      2160  15088008  0.036  0.039    0.724    6.285    0    0  (Gen:  0)
549695472      6776  21901248  0.049  0.057    1.116    7.084    0    0  (Gen:  1)
544166656   9220120  28408288  0.020  0.021    1.469    7.644    0    0  (Gen:  0)
531083304   9220792  44003144  0.040  0.041    2.312    8.157    0    0  (Gen:  0)
545756104   9225944 123480704  0.167  0.189    3.168    8.671    0    0  (Gen:  0)
526738136   9233720 152446976  0.256  0.288    3.791    9.095    0    0  (Gen:  1)
528429688   9224968 172240616  0.097  0.099    4.267    9.319    0    0  (Gen:  0)
546065864   9240936 205651064  0.098  0.101    5.008    9.620    0    0  (Gen:  0)
551565896  35145520 220154744  0.073  0.079    5.689    9.869    0    0  (Gen:  0)
529468008  35146000 243073344  0.083  0.083    6.283   10.102    0    0  (Gen:  0)
545814144  35141816 240702280  0.060  0.064    6.909   10.326    0    0  (Gen:  0)
540466216  35153560 243590048  0.053  0.054    7.545   10.537    0    0  (Gen:  0)
524563552  35142352 263180512  0.080  0.081    8.019   11.004    0    0  (Gen:  0)
546578488 191351352 224767384  0.367  0.417    8.914   11.678    0    0  (Gen:  1)
540343488 191358232 245050944  0.081  0.082    9.557   11.910    0    0  (Gen:  0)
530207088 191351920 260806328  0.083  0.083   10.140   12.131    0    0  (Gen:  0)
533968496 191350576 254366400  0.060  0.060   10.765   12.378    0    0  (Gen:  0)
535521144 191354600 260654896  0.058  0.058   11.252   12.633    0    0  (Gen:  0)
530138152  19223160 261928088  0.045  0.045   11.716   12.961    0    0  (Gen:  0)
533602032  19223728 267713624  0.047  0.047   12.161   13.318    0    0  (Gen:  0)
582023576  36965848 291148792  0.074  0.074   12.859   13.898    0    0  (Gen:  0)
527152504  36966520 302904464  0.062  0.062   13.219   14.210    0    0  (Gen:  0)
520392360  36966112 305825768  0.027  0.027   13.420   14.413    0    0  (Gen:  0)
537668744  36966448 310312448  0.016  0.016   13.713   14.700    0    0  (Gen:  0)
522350640  36965832 322398592  0.036  0.036   14.044   14.992    0    0  (Gen:  0)
520419008  36965776 325164720  0.026  0.026   14.227   15.176    0    0  (Gen:  0)
539501960   6532584 329592392  0.016  0.016   14.535   15.464    0    0  (Gen:  0)
527313704   6531936 341462576  0.034  0.034   14.831   15.738    0    0  (Gen:  0)
520386672   6531864 344103544  0.024  0.024   15.013   15.922    0    0  (Gen:  0)
542857752   6532656 352308128  0.022  0.022   15.360   16.232    0    0  (Gen:  0)
526458520  16483272 360509984  0.033  0.033   15.623   16.481    0    0  (Gen:  0)
520415248  10783040 363096080  0.019  0.019   15.797   16.656    0    0  (Gen:  0)
540612424  11526696 373400176  0.025  0.025   16.161   16.977    0    0  (Gen:  0)
522144336  11528912 379422224  0.032  0.032   16.414   17.223    0    0  (Gen:  0)
520457648  11526016 382003104  0.018  0.018   16.589   17.399    0    0  (Gen:  0)
539913056  11526824 392390128  0.027  0.027   16.963   17.725    0    0  (Gen:  0)
524689448  16500328 398253264  0.029  0.029   17.199   17.959    0    0  (Gen:  0)
520488256   8931952 400778384  0.016  0.016   17.370   18.130    0    0  (Gen:  0)
546005360  13488928 412698128  0.032  0.032   17.771   18.483    0    0  (Gen:  0)
523990256  13488752 417322544  0.029  0.029   17.990   18.701    0    0  (Gen:  0)
520511328  13488200 419732808  0.015  0.015   18.159   18.871    0    0  (Gen:  0)
543479512 336432200 373365360  0.631  0.717   19.176   19.923    0    0  (Gen:  1)
523312072 336432136 377100144  0.029  0.029   19.378   20.124    0    0  (Gen:  0)
524092536   8620248 379476832  0.015  0.015   19.546   20.293    0    0  (Gen:  0)
544136448   8621032 393365432  0.036  0.036   19.972   20.672    0    0  (Gen:  0)
520668168   8622344 396307968  0.028  0.028   20.165   20.865    0    0  (Gen:  0)
520480288   8620272 398858216  0.011  0.011   20.326   21.027    0    0  (Gen:  0)
538591024   8621080 414400648  0.039  0.039   20.761   21.414    0    0  (Gen:  0)
523860368  17204880 415665184  0.028  0.028   20.952   21.605    0    0  (Gen:  0)
520497936   4394336 418216408  0.009  0.009   21.112   21.765    0    0  (Gen:  0)
536337408  16863928 433358048  0.040  0.040   21.553   22.158    0    0  (Gen:  0)
520695632  16863696 434951112  0.026  0.026   21.737   22.342    0    0  (Gen:  0)
520496072  16863168 437717744  0.008  0.009   21.896   22.501    0    0  (Gen:  0)
537498232  16864000 452607360  0.039  0.039   22.337   22.894    0    0  (Gen:  0)
522936912  16863768 454191824  0.026  0.026   22.522   23.080    0    0  (Gen:  0)
520513496  16863312 457106824  0.008  0.008   22.679   23.237    0    0  (Gen:  0)
540713040  16864128 472064824  0.040  0.040   23.122   23.632    0    0  (Gen:  0)
524645688  16863680 473647096  0.026  0.026   23.308   23.819    0    0  (Gen:  0)
520527816  16863432 476525264  0.009  0.009   23.469   23.980    0    0  (Gen:  0)
536529624  16864256 491267584  0.040  0.040   23.909   24.373    0    0  (Gen:  0)
520616488  16863800 492770824  0.026  0.026   24.094   24.558    0    0  (Gen:  0)
520521008  16863552 495746920  0.009  0.009   24.253   24.718    0    0  (Gen:  0)
536570600  16830328 510474504  0.039  0.040   24.696   25.112    0    0  (Gen:  0)
527097864  16829840 512103792  0.026  0.026   24.888   25.305    0    0  (Gen:  0)
520537768  16829592 515231896  0.009  0.009   25.047   25.465    0    0  (Gen:  0)
536843968  16830424 529721344  0.040  0.040   25.492   25.862    0    0  (Gen:  0)
520619800  16829920 531335760  0.026  0.026   25.675   26.046    0    0  (Gen:  0)
520546664  16829704 534594512  0.009  0.009   25.833   26.205    0    0  (Gen:  0)
539509944  16830528 548916200  0.040  0.040   26.278   26.602    0    0  (Gen:  0)
520609368  16830016 550645088  0.026  0.026   26.463   26.788    0    0  (Gen:  0)
520534160  16829800 553971840  0.010  0.010   26.622   26.947    0    0  (Gen:  0)
540206592  16688496 568144496  0.040  0.040   27.067   27.343    0    0  (Gen:  0)
520611040  17397536 569856880  0.027  0.027   27.253   27.529    0    0  (Gen:  0)
520554184   5019440 573130560  0.009  0.009   27.409   27.686    0    0  (Gen:  0)
536487664   5020272 587432584  0.040  0.040   27.852   28.081    0    0  (Gen:  0)
520556104   5019792 589060368  0.027  0.027   28.036   28.266    0    0  (Gen:  0)
520558968   5019584 592440744  0.009  0.009   28.192   28.422    0    0  (Gen:  0)
539991088   5020408 606534240  0.039  0.040   28.638   28.820    0    0  (Gen:  0)
520545776  17462840 608306320  0.027  0.027   28.823   29.005    0    0  (Gen:  0)
520578760   5074304 611584376  0.009  0.009   28.979   29.162    0    0  (Gen:  0)
536568488   5075136 625839328  0.040  0.040   29.424   29.558    0    0  (Gen:  0)
520555336   5074648 627592656  0.026  0.026   29.608   29.742    0    0  (Gen:  0)
520580808   5074440 630906592  0.009  0.009   29.764   29.899    0    0  (Gen:  0)
536433040   5075256 645110856  0.040  0.040   30.208   30.294    0    0  (Gen:  0)
520605808   5074704 646783968  0.027  0.027   30.392   30.478    0    0  (Gen:  0)
520528032   5074496 649993456  0.009  0.009   30.548   30.635    0    0  (Gen:  0)
542286376   5075312 664311480  0.040  0.040   30.995   31.034    0    0  (Gen:  0)
520659112  17604456 666194192  0.027  0.027   31.180   31.219    0    0  (Gen:  0)
520476736   5007696 669254304  0.009  0.009   31.333   31.373    0    0  (Gen:  0)
539065440   5008504 683587840  0.040  0.040   31.780   31.771    0    0  (Gen:  0)
520631360   5008024 685476856  0.027  0.027   31.968   31.960    0    0  (Gen:  0)
520493760   5007816 688550272  0.009  0.009   32.124   32.116    0    0  (Gen:  0)
536630904   5008632 702829104  0.040  0.040   32.572   32.516    0    0  (Gen:  0)
520636752   5008144 704591472  0.027  0.027   32.757   32.702    0    0  (Gen:  0)
520508584   5007936 707769848  0.009  0.009   32.911   32.857    0    0  (Gen:  0)
536741992   5008768 721975688  0.040  0.040   33.359   33.258    0    0  (Gen:  0)
520926680   5008232 723798024  0.028  0.028   33.547   33.447    0    0  (Gen:  0)
520506600   5006144 659854048  1.162  1.325   34.855   34.917    0    0  (Gen:  1)
536169576   5006960 674224128  0.041  0.041   35.308   35.318    0    0  (Gen:  0)
521861688   5006400 675994544  0.029  0.029   35.499   35.509    0    0  (Gen:  0)
520515360   5006192 679119304  0.009  0.009   35.655   35.666    0    0  (Gen:  0)
536410624   5007008 693301048  0.040  0.040   36.109   36.069    0    0  (Gen:  0)
520620392   5006480 695150912  0.028  0.028   36.299   36.260    0    0  (Gen:  0)
520531528   5006272 698327576  0.009  0.009   36.455   36.416    0    0  (Gen:  0)
537660376  16557200 712559224  0.041  0.041   36.908   36.818    0    0  (Gen:  0)
520628240  17704016 714504752  0.029  0.030   37.100   37.010    0    0  (Gen:  0)
520527544   4897344 717400856  0.009  0.009   37.254   37.164    0    0  (Gen:  0)
536763624   4898168 731765096  0.041  0.041   37.707   37.566    0    0  (Gen:  0)
520615128   4897632 733690312  0.029  0.029   37.897   37.756    0    0  (Gen:  0)
520535312   4897424 736614088  0.009  0.009   38.050   37.910    0    0  (Gen:  0)
536734584   4898256 751052752  0.040  0.040   38.504   38.312    0    0  (Gen:  0)
520615200   4897808 752964336  0.027  0.027   38.692   38.500    0    0  (Gen:  0)
520538752   4897600 755908704  0.009  0.009   38.848   38.656    0    0  (Gen:  0)
544988944   4898424 770456880  0.041  0.041   39.305   39.062    0    0  (Gen:  0)
520620176   4897896 772211032  0.027  0.027   39.493   39.250    0    0  (Gen:  0)
520539680   4897688 775218248  0.008  0.008   39.647   39.405    0    0  (Gen:  0)
539369600   4898504 789585976  0.040  0.040   40.104   39.809    0    0  (Gen:  0)
520608920   4898024 791347176  0.027  0.027   40.292   39.998    0    0  (Gen:  0)
520546304   4897816 794282760  0.008  0.008   40.444   40.151    0    0  (Gen:  0)
536220576  16645520 808747416  0.040  0.040   40.896   40.550    0    0  (Gen:  0)
520607192  17669760 810506264  0.027  0.027   41.083   40.738    0    0  (Gen:  0)
520555064   4863256 813468312  0.009  0.009   41.237   40.892    0    0  (Gen:  0)
539353856   4864080 827823400  0.040  0.040   41.694   41.297    0    0  (Gen:  0)
520605312   4863600 829581776  0.026  0.026   41.882   41.485    0    0  (Gen:  0)
520556584   4863392 832587000  0.009  0.009   42.036   41.640    0    0  (Gen:  0)
536861648   4864200 846927536  0.040  0.040   42.488   42.041    0    0  (Gen:  0)
520603000   4863712 848955488  0.027  0.027   42.677   42.230    0    0  (Gen:  0)
520565072   4863504 851874208  0.008  0.008   42.830   42.383    0    0  (Gen:  0)
539351736   4864328 866216960  0.040  0.040   43.287   42.788    0    0  (Gen:  0)
520603104   4863760 868187704  0.027  0.027   43.477   42.978    0    0  (Gen:  0)
520627896   4863552 870976640  0.008  0.008   43.628   43.130    0    0  (Gen:  0)
536872000   4864376 885439776  0.040  0.040   44.082   43.532    0    0  (Gen:  0)
520581152   4863904 887307784  0.027  0.027   44.273   43.723    0    0  (Gen:  0)
520572032   4863696 890203496  0.008  0.008   44.425   43.876    0    0  (Gen:  0)
539260496   4864520 904691800  0.044  0.045   44.890   44.289    0    0  (Gen:  0)
520424160   4864032 906456560  0.027  0.027   45.081   44.481    0    0  (Gen:  0)
520644448   4863904 909354792  0.008  0.008   45.233   44.633    0    0  (Gen:  0)
536738920   4864584 923883312  0.041  0.041   45.690   45.040    0    0  (Gen:  0)
520473952   4864160 925660184  0.027  0.028   45.879   45.229    0    0  (Gen:  0)
520577208   4864352 927208248  0.006  0.006   46.031   45.381    0    0  (Gen:  0)
536427848   4864392 943048968  0.040  0.040   46.484   45.783    0    0  (Gen:  0)
520554352  17453352 944874640  0.027  0.027   46.673   45.972    0    0  (Gen:  0)
527914224  17453920 946098360  0.005  0.005   46.837   46.136    0    0  (Gen:  0)
537632752  16421680 962157400  0.040  0.040   47.287   46.534    0    0  (Gen:  0)
520482712  17403288 963973024  0.028  0.028   47.477   46.724    0    0  (Gen:  0)
523500064  17403880 965647888  0.006  0.006   47.636   46.882    0    0  (Gen:  0)
536676568  16289024 981134336  0.039  0.039   48.086   47.284    0    0  (Gen:  0)
520475688  17313176 983167584  0.028  0.028   48.276   47.475    0    0  (Gen:  0)
524374760  17313752 985215976  0.009  0.009   48.443   47.641    0    0  (Gen:  0)
539442232  16285728 1000309488  0.040  0.040   48.902   48.056    0    0  (Gen:  0)
520476784  16930400 1002191304  0.027  0.027   49.093   48.247    0    0  (Gen:  0)
528497408  16930984 1005445840  0.010  0.010   49.259   48.407    0    0  (Gen:  0)
542214848  16328720 1019481656  0.038  0.038   49.703   48.805    0    0  (Gen:  0)
520501008  16670448 1021514720  0.027  0.027   49.892   48.995    0    0  (Gen:  0)
524568648  16671032 1025569376  0.012  0.012   50.060   49.153    0    0  (Gen:  0)
536198712  16676352 1038823672  0.039  0.039   50.502   49.552    0    0  (Gen:  0)
520499992  16670400 1040774608  0.026  0.026   50.691   49.742    0    0  (Gen:  0)
524296264   4342760 1043334656  0.009  0.009   50.858   49.898    0    0  (Gen:  0)
536767856  16352360 1058006064  0.038  0.038   51.296   50.297    0    0  (Gen:  0)
520492072  16084672 1059879424  0.026  0.026   51.485   50.485    0    0  (Gen:  0)
531438160   4444328 1062627024  0.009  0.009   51.659   50.651    0    0  (Gen:  0)
533789328  16412664 1077402984  0.039  0.039   52.096   51.045    0    0  (Gen:  0)
520514656  16217080 1079329688  0.025  0.025   52.285   51.235    0    0  (Gen:  0)
533142544  16217840 1082548256  0.010  0.010   52.478   51.424    0    0  (Gen:  0)
535415224  16217296 1096761896  0.039  0.039   52.900   51.798    0    0  (Gen:  0)
520558096  16217224 1098750264  0.025  0.025   53.092   51.991    0    0  (Gen:  0)
536570648   5469616 1102415056  0.012  0.012   53.309   52.211    0    0  (Gen:  0)
528123104   5469008 1115946224  0.036  0.037   53.699   52.546    0    0  (Gen:  0)
520611144   5468888 1117795656  0.025  0.025   53.889   52.737    0    0  (Gen:  0)
539945736   5469688 1122148528  0.013  0.013   54.124   52.980    0    0  (Gen:  0)
524315320  16367240 1135104272  0.036  0.036   54.499   53.297    0    0  (Gen:  0)
520357768  15487616 1137106264  0.025  0.025   54.688   53.487    0    0  (Gen:  0)
544680320  15488416 1141419776  0.014  0.014   54.940   53.747    0    0  (Gen:  0)
525885528  15487800 1154307336  0.035  0.035   55.301   54.049    0    0  (Gen:  0)
520326184  15487728 1156662808  0.025  0.025   55.489   54.238    0    0  (Gen:  0)
538458952  15488512 1160787312  0.014  0.014   55.742   54.499    0    0  (Gen:  0)
523122296  16482352 1173535336  0.036  0.036   56.102   54.800    0    0  (Gen:  0)
520390056  16172568 1176302776  0.026  0.026   56.292   54.990    0    0  (Gen:  0)
536738344  16173368 1180079752  0.014  0.014   56.550   55.259    0    0  (Gen:  0)
523471520  16676264 1192902720  0.038  0.038   56.908   55.563    0    0  (Gen:  0)
520383472  16224784 1195535104  0.027  0.027   57.100   55.755    0    0  (Gen:  0)
538823864   6291224 1199600152  0.016  0.016   57.380   56.034    0    0  (Gen:  0)
522949192  16630312 1211971096  0.036  0.036   57.717   56.324    0    0  (Gen:  0)
520392168  15995000 1214615480  0.025  0.025   57.903   56.511    0    0  (Gen:  0)
539141048   6444824 1218962888  0.016  0.017   58.202   56.798    0    0  (Gen:  0)
525537160   6444192 1231180504  0.035  0.035   58.521   57.084    0    0  (Gen:  0)
520437904   6444136 1233946944  0.026  0.026   58.710   57.273    0    0  (Gen:  0)
540090296   6444928 1238496408  0.017  0.017   59.040   57.573    0    0  (Gen:  0)
524169648   6444336 1250300096  0.034  0.034   59.326   57.840    0    0  (Gen:  0)
520445408   6444232 1252813928  0.024  0.025   59.513   58.028    0    0  (Gen:  0)
542817200   6445024 1260944272  0.023  0.023   59.870   58.347    0    0  (Gen:  0)
522723216   6454008 1269163176  0.032  0.032   60.134   58.598    0    0  (Gen:  0)
520405640   6444368 1271748144  0.019  0.019   60.316   58.780    0    0  (Gen:  0)
545953040  11990184 1282185872  0.029  0.029   60.696   59.111    0    0  (Gen:  0)
524292328  11991096 1288118048  0.031  0.031   60.947   59.359    0    0  (Gen:  0)
522061576  11989584 1290672792  0.017  0.017   61.123   59.535    0    0  (Gen:  0)
539375032  11990368 1301500224  0.030  0.030   61.516   59.877    0    0  (Gen:  0)
527724040  11990232 1307069104  0.030  0.030   61.752   60.112    0    0  (Gen:  0)
520506896  11989680 1309572408  0.016  0.016   61.927   60.287    0    0  (Gen:  0)
538948160  13905128 1321904136  0.034  0.034   62.339   60.648    0    0  (Gen:  0)
525805184  13905096 1326273632  0.030  0.030   62.561   60.869    0    0  (Gen:  0)
520458888  13900616 1200580880  2.198  2.516   64.918   63.545    0    0  (Gen:  1)
541001264  14615024 1213757864  0.038  0.038   65.342   63.919    0    0  (Gen:  0)
524309376  16914512 1217370904  0.030  0.030   65.552   64.128    0    0  (Gen:  0)
520459352   7674464 1219493664  0.014  0.014   65.726   64.302    0    0  (Gen:  0)
544646288  16051408 1234204816  0.040  0.040   66.170   64.695    0    0  (Gen:  0)
521083800  16054440 1236428008  0.029  0.030   66.370   64.895    0    0  (Gen:  0)
520485888  16050736 1239010216  0.010  0.010   66.537   65.063    0    0  (Gen:  0)
541124928  16051512 1254624792  0.041  0.041   66.986   65.460    0    0  (Gen:  0)
521915056  16054728 1255823632  0.029  0.029   67.185   65.659    0    0  (Gen:  0)
520510840  16050856 1258382632  0.009  0.009   67.349   65.823    0    0  (Gen:  0)
539588664  16051672 1273577248  0.041  0.042   67.800   66.221    0    0  (Gen:  0)
520621768  16051424 1275084048  0.026  0.026   67.989   66.410    0    0  (Gen:  0)
520517064  16051000 1277928848  0.009  0.009   68.153   66.574    0    0  (Gen:  0)
539431712  16051784 1292893640  0.041  0.042   68.606   66.975    0    0  (Gen:  0)
520631128  16051296 1294434384  0.027  0.027   68.793   67.163    0    0  (Gen:  0)
520520424  16051048 1297368280  0.009  0.009   68.959   67.329    0    0  (Gen:  0)
536461536  16051872 1312314024  0.042  0.042   69.413   67.731    0    0  (Gen:  0)
520614448  16051384 1313804176  0.027  0.027   69.601   67.919    0    0  (Gen:  0)
520514200  16051136 1316653320  0.009  0.009   69.764   68.083    0    0  (Gen:  0)
539716368  16051936 1331422200  0.041  0.041   70.219   68.487    0    0  (Gen:  0)
520621632  16051392 1333126384  0.027  0.027   70.408   68.676    0    0  (Gen:  0)
520535856  16051184 1336059952  0.009  0.009   70.573   68.842    0    0  (Gen:  0)
536395720  16051944 1350723384  0.041  0.041   71.025   69.242    0    0  (Gen:  0)
520688792  16051424 1352425664  0.026  0.026   71.212   69.430    0    0  (Gen:  0)
520534880  16051176 1355406536  0.009  0.009   71.375   69.593    0    0  (Gen:  0)
536247472  16914344 1370183528  0.041  0.042   71.826   69.993    0    0  (Gen:  0)
520623992  17278104 1371629360  0.027  0.027   72.015   70.182    0    0  (Gen:  0)
520543392   4945160 1374922152  0.009  0.009   72.178   70.346    0    0  (Gen:  0)
540550968   4945960 1389340872  0.042  0.042   72.633   70.749    0    0  (Gen:  0)
522484392  17404832 1390976056  0.027  0.027   72.823   70.940    0    0  (Gen:  0)
520537664   5188352 1394402752  0.010  0.010   72.988   71.106    0    0  (Gen:  0)
538195600  16685696 1408503984  0.041  0.041   73.453   71.521    0    0  (Gen:  0)
520624832  17386208 1410217352  0.026  0.026   73.642   71.710    0    0  (Gen:  0)
520489472   5124360 1413565352  0.009  0.010   73.807   71.875    0    0  (Gen:  0)
536363824   5125160 1427699400  0.040  0.041   74.262   72.278    0    0  (Gen:  0)
520627728   5124608 1429436424  0.027  0.027   74.452   72.469    0    0  (Gen:  0)
520505120   5124400 1432821872  0.009  0.009   74.613   72.630    0    0  (Gen:  0)
539162984   5125232 1447034160  0.042  0.042   75.072   73.037    0    0  (Gen:  0)
520615040   5124688 1448669504  0.026  0.026   75.260   73.227    0    0  (Gen:  0)
520510200   5124480 1452035912  0.009  0.009   75.424   73.390    0    0  (Gen:  0)
536766656   5125312 1466213384  0.041  0.041   75.878   73.792    0    0  (Gen:  0)
520604496   5124832 1467826792  0.026  0.026   76.067   73.982    0    0  (Gen:  0)
520509344   5124624 1471236840  0.009  0.009   76.228   74.143    0    0  (Gen:  0)
539965912   5125456 1485422952  0.041  0.041   76.685   74.548    0    0  (Gen:  0)
520604128   5124976 1486992632  0.026  0.026   76.873   74.737    0    0  (Gen:  0)
520525568   5124768 1490294624  0.009  0.009   77.034   74.897    0    0  (Gen:  0)
538276888   5125584 1504751712  0.041  0.041   77.491   75.303    0    0  (Gen:  0)
522825960   5125024 1506494776  0.027  0.027   77.682   75.494    0    0  (Gen:  0)
520476176   5124816 1509724360  0.009  0.009   77.842   75.654    0    0  (Gen:  0)
538350512   5125640 1523881208  0.040  0.040   78.297   76.058    0    0  (Gen:  0)
520631720   5125072 1525602336  0.026  0.026   78.488   76.249    0    0  (Gen:  0)
520477168   5124864 1528803288  0.009  0.009   78.650   76.412    0    0  (Gen:  0)
536557744   5125688 1543110776  0.041  0.041   79.104   76.816    0    0  (Gen:  0)
524715392  17545840 1544947608  0.027  0.027   79.300   77.013    0    0  (Gen:  0)
520492872   4958944 1548010424  0.010  0.010   79.461   77.175    0    0  (Gen:  0)
536336040   4959760 1562415408  0.041  0.041   79.918   77.579    0    0  (Gen:  0)
520643024   4959200 1564191840  0.027  0.027   80.109   77.771    0    0  (Gen:  0)
520502920   4958992 1567175016  0.009  0.009   80.271   77.932    0    0  (Gen:  0)
536857592   4959816 1581445304  0.041  0.041   80.726   78.337    0    0  (Gen:  0)
520632768   4959312 1583400184  0.027  0.027   80.916   78.526    0    0  (Gen:  0)
520510280   4959104 1586424664  0.009  0.009   81.075   78.686    0    0  (Gen:  0)
538355008   4959928 1600717120  0.040  0.040   81.531   79.090    0    0  (Gen:  0)
520612664   4959336 1602583096  0.028  0.028   81.724   79.284    0    0  (Gen:  0)
520507760   4959128 1605527056  0.009  0.009   81.888   79.448    0    0  (Gen:  0)
537465200   4959944 1619866920  0.042  0.042   82.362   79.871    0    0  (Gen:  0)
520624728   4959432 1621674680  0.028  0.028   82.565   80.074    0    0  (Gen:  0)
520581744   4959272 1624691824  0.009  0.009   82.747   80.256    0    0  (Gen:  0)
537905048   4960032 1638949456  0.041  0.041   83.211   80.669    0    0  (Gen:  0)
520626280   4959504 1640884968  0.027  0.028   83.402   80.860    0    0  (Gen:  0)
520585048   4959296 1643960848  0.009  0.009   83.560   81.019    0    0  (Gen:  0)
538853000   4960120 1658162936  0.041  0.041   84.018   81.423    0    0  (Gen:  0)
520609600   4959608 1660076208  0.027  0.028   84.210   81.616    0    0  (Gen:  0)
520529968   4959400 1663015976  0.008  0.009   84.368   81.774    0    0  (Gen:  0)
539629776  16558000 1677374000  0.041  0.041   84.828   82.182    0    0  (Gen:  0)
520622152  17603928 1679186400  0.027  0.028   85.020   82.374    0    0  (Gen:  0)
520594392   4852536 1682158744  0.008  0.008   85.177   82.531    0    0  (Gen:  0)
536969320  16501648 1696526488  0.042  0.042   85.635   82.937    0    0  (Gen:  0)
520685824  16501256 1698494096  0.028  0.028   85.826   83.129    0    0  (Gen:  0)
520546976  16501016 1701494624  0.009  0.009   85.983   83.286    0    0  (Gen:  0)
537230864  16501824 1715857008  0.041  0.041   86.443   83.693    0    0  (Gen:  0)
520618160  16501296 1717822264  0.028  0.028   86.635   83.886    0    0  (Gen:  0)
520601632  16501088 1720728992  0.008  0.009   86.793   84.044    0    0  (Gen:  0)
538250384  16501904 1735091536  0.041  0.041   87.251   84.450    0    0  (Gen:  0)
520605848  16501408 1736847592  0.028  0.028   87.443   84.643    0    0  (Gen:  0)
520609368  16501200 1739807152  0.008  0.009   87.600   84.800    0    0  (Gen:  0)
536334464  16502008 1754205832  0.042  0.043   88.063   85.212    0    0  (Gen:  0)
520610768  16501456 1756139368  0.027  0.027   88.258   85.408    0    0  (Gen:  0)
520600680  16501248 1758928048  0.008  0.008   88.415   85.565    0    0  (Gen:  0)
537954512  16502056 1773255432  0.041  0.041   88.875   85.974    0    0  (Gen:  0)
520602000  16501528 1775154336  0.027  0.027   89.066   86.165    0    0  (Gen:  0)
520612344  16501384 1778202904  0.008  0.009   89.223   86.322    0    0  (Gen:  0)
536166944  16502136 1792367616  0.041  0.041   89.682   86.729    0    0  (Gen:  0)
520590624  16501616 1794309456  0.028  0.028   89.877   86.924    0    0  (Gen:  0)
520623344  16501408 1797298784  0.008  0.008   90.034   87.082    0    0  (Gen:  0)
539705888  16502224 1811554768  0.041  0.041   90.493   87.488    0    0  (Gen:  0)
520594624  16501680 1813459024  0.027  0.027   90.688   87.683    0    0  (Gen:  0)
520629024  16501472 1816319432  0.009  0.009   90.843   87.839    0    0  (Gen:  0)
538249352  16502288 1830868312  0.041  0.041   91.306   88.249    0    0  (Gen:  0)
520415808  16501808 1832644688  0.027  0.027   91.501   88.445    0    0  (Gen:  0)
520639656  16501600 1835634600  0.009  0.009   91.657   88.601    0    0  (Gen:  0)
536793568  16502416 1849997336  0.041  0.041   92.119   89.012    0    0  (Gen:  0)
520417680  16501888 1851763864  0.028  0.028   92.313   89.206    0    0  (Gen:  0)
520642768  16501912 1854653608  0.009  0.009   92.470   89.364    0    0  (Gen:  0)
537440512  16502288 1869248248  0.041  0.041   92.927   89.768    0    0  (Gen:  0)
520486040  16501928 1871039520  0.028  0.028   93.122   89.963    0    0  (Gen:  0)
520582632  16502152 1871569120  0.005  0.005   93.277   90.118    0    0  (Gen:  0)
537934456  16419344 1888290384  0.041  0.041   93.735   90.524    0    0  (Gen:  0)
520475528  17561832 1890291320  0.028  0.028   93.933   90.722    0    0  (Gen:  0)
525467680  17562416 1891421944  0.005  0.005   94.093   90.882    0    0  (Gen:  0)
536051688  17561824 1907454016  0.040  0.040   94.545   91.283    0    0  (Gen:  0)
520478176  17561864 1909449536  0.027  0.027   94.739   91.477    0    0  (Gen:  0)
522509240  17562448 1910915296  0.006  0.006   94.901   91.637    0    0  (Gen:  0)
538968824  17565064 1926634728  0.040  0.040   95.352   92.040    0    0  (Gen:  0)
520481056  17561944 1928493120  0.027  0.027   95.544   92.233    0    0  (Gen:  0)
522863360  17562520 1930625568  0.008  0.008   95.708   92.393    0    0  (Gen:  0)
539545856  16332008 1945633632  0.040  0.040   96.159   92.795    0    0  (Gen:  0)
520489200  17149928 1947693648  0.029  0.029   96.356   92.992    0    0  (Gen:  0)
527898440  17150504 1950763896  0.010  0.010   96.525   93.154    0    0  (Gen:  0)
536616928  17154760 1964915328  0.039  0.039   96.973   93.558    0    0  (Gen:  0)
520575104  17150024 1966832952  0.026  0.026   97.166   93.752    0    0  (Gen:  0)
522870288  17150592 1970404496  0.011  0.011   97.336   93.914    0    0  (Gen:  0)
540772176  17154400 1984198360  0.039  0.040   97.784   94.320    0    0  (Gen:  0)
520487760  17149944 1986024144  0.025  0.025   97.975   94.511    0    0  (Gen:  0)
527490608  17150696 1988683384  0.009  0.009   98.146   94.672    0    0  (Gen:  0)
538149520  17150112 2003353824  0.039  0.039   98.593   95.080    0    0  (Gen:  0)
520502672  17149968 2005223144  0.025  0.025   98.783   95.270    0    0  (Gen:  0)
526276592  17150752 2007904552  0.009  0.009   98.956   95.434    0    0  (Gen:  0)
538054256  17150192 2022669496  0.038  0.038   99.397   95.834    0    0  (Gen:  0)
520518720  17150104 2024594808  0.025  0.025   99.591   96.028    0    0  (Gen:  0)
533479136  17150880 2027718272  0.011  0.011   99.786   96.219    0    0  (Gen:  0)
531546328  16443776 2041887368  0.038  0.038  100.206   96.595    0    0  (Gen:  0)
520506408  15877632 2043673008  0.025  0.026  100.399   96.789    0    0  (Gen:  0)
532153248  15878416 2047223952  0.012  0.012  100.607   96.997    0    0  (Gen:  0)
529960664  15877816 2060893360  0.037  0.038  101.013   97.352    0    0  (Gen:  0)
520522888  15877744 2062858200  0.024  0.024  101.206   97.545    0    0  (Gen:  0)
535461304   5568496 2066832760  0.013  0.013  101.431   97.775    0    0  (Gen:  0)
527012136   5567920 2080255376  0.037  0.037  101.822   98.111    0    0  (Gen:  0)
520521832   5567840 2082090528  0.024  0.024  102.014   98.303    0    0  (Gen:  0)
538336296   5951432 2086443192  0.014  0.014  102.253   98.549    0    0  (Gen:  0)
526542448   5950856 2099320528  0.036  0.036  102.629   98.868    0    0  (Gen:  0)
520300272   5950736 2101257752  0.024  0.024  102.823   99.063    0    0  (Gen:  0)
539978512   5951536 2105589144  0.014  0.014  103.076   99.325    0    0  (Gen:  0)
522869888   5950888 2118638160  0.036  0.036  103.437   99.628    0    0  (Gen:  0)
520373376   5950832 2120833840  0.025  0.025  103.631   99.822    0    0  (Gen:  0)
538282912   5951640 2124965832  0.014  0.014  103.882  100.083    0    0  (Gen:  0)
527160536  16561752 2137852272  0.036  0.036  104.246  100.387    0    0  (Gen:  0)
520400672  16062880 2140435448  0.026  0.026  104.437  100.579    0    0  (Gen:  0)
544266696   5808568 2144042144  0.015  0.015  104.712  100.854    0    0  (Gen:  0)
522433968   5807976 2157103896  0.036  0.036  105.056  101.148    0    0  (Gen:  0)
520401432   5807856 2159699936  0.026  0.026  105.247  101.340    0    0  (Gen:  0)
538432296   5808656 2164131512  0.017  0.017  105.537  101.624    0    0  (Gen:  0)
528512952   5808080 2176183288  0.035  0.036  105.872  101.916    0    0  (Gen:  0)
520430616   5808024 2178941576  0.025  0.025  106.064  102.109    0    0  (Gen:  0)
543693536   5808824 2183752728  0.018  0.018  106.407  102.418    0    0  (Gen:  0)
524896712  16439928 2195232992  0.035  0.035  106.688  102.694    0    0  (Gen:  0)
520449328  15062968 2197876208  0.025  0.025  106.876  102.882    0    0  (Gen:  0)
538026592  15063768 2206221440  0.024  0.024  107.234  103.203    0    0  (Gen:  0)
527037872  15069608 2214200680  0.033  0.033  107.506  103.462    0    0  (Gen:  0)
520448680  15063048 2216801608  0.019  0.019  107.689  103.646    0    0  (Gen:  0)
542027312  12120544 2227608592  0.028  0.028  108.062  103.973    0    0  (Gen:  0)
528405032  12121256 2233158872  0.030  0.030  108.318  104.222    0    0  (Gen:  0)
520475440  12119880 2235662528  0.016  0.016  108.496  104.401    0    0  (Gen:  0)
540204008  12675968 2246675888  0.031  0.031  108.893  104.748    0    0  (Gen:  0)
526706976  12675936 2252216944  0.031  0.031  109.131  104.985    0    0  (Gen:  0)
520509528  12675288 2254561832  0.017  0.017  109.308  105.163    0    0  (Gen:  0)
541144032  12676080 2267186080  0.035  0.035  109.727  105.533    0    0  (Gen:  0)
526551192  12675816 2271234408  0.030  0.030  109.948  105.752    0    0  (Gen:  0)
520457552  12675304 2273376744  0.015  0.015  110.124  105.929    0    0  (Gen:  0)
543139680  12676112 2286036912  0.035  0.035  110.556  106.310    0    0  (Gen:  0)
523474192  12676688 2290287552  0.028  0.028  110.763  106.518    0    0  (Gen:  0)
520473704  12675424 2292562824  0.013  0.013  110.934  106.689    0    0  (Gen:  0)
543825080  17192936 2308351720  0.043  0.043  111.388  107.090    0    0  (Gen:  0)
520544944  17194328 2309479632  0.027  0.027  111.584  107.287    0    0  (Gen:  0)
520487008  17192264 2311974288  0.009  0.009  111.751  107.453    0    0  (Gen:  0)
539059472  17193080 2327350760  0.041  0.041  112.207  107.857    0    0  (Gen:  0)
520636760  17192984 2328911328  0.026  0.026  112.401  108.051    0    0  (Gen:  0)
520495968  17192368 2331485744  0.008  0.008  112.568  108.218    0    0  (Gen:  0)
536532000  17193184 2346538976  0.041  0.041  113.023  108.622    0    0  (Gen:  0)
520623760  17192816 2348221896  0.026  0.026  113.211  108.810    0    0  (Gen:  0)
520510680  17192448 2350879632  0.009  0.009  113.378  108.977    0    0  (Gen:  0)
542117440  17193264 2365964680  0.042  0.042  113.835  109.381    0    0  (Gen:  0)
520621608  17192808 2367509024  0.026  0.026  114.022  109.569    0    0  (Gen:  0)
520522072  17192560 2370256328  0.009  0.009  114.189  109.737    0    0  (Gen:  0)
539580704  16800768 2385107632  0.042  0.042  114.644  110.141    0    0  (Gen:  0)
520611152  17312000 2386768424  0.027  0.027  114.835  110.333    0    0  (Gen:  0)
520513376   4745392 2389809760  0.009  0.009  115.002  110.500    0    0  (Gen:  0)
536602560   4740496 2173667512  4.110  4.770  119.526  115.631    0    0  (Gen:  1)
520695960   4740088 2175377816  0.027  0.027  119.717  115.824    0    0  (Gen:  0)
520528104   4739840 2178145488  0.009  0.009  119.884  115.992    0    0  (Gen:  0)
538043184   4740664 2192814752  0.043  0.043  120.347  116.405    0    0  (Gen:  0)
520637400   4740168 2194460032  0.029  0.029  120.544  116.602    0    0  (Gen:  0)
520478280   4739928 2197671304  0.010  0.010  120.712  116.770    0    0  (Gen:  0)
536041960   4740736 2212224224  0.043  0.043  121.172  117.179    0    0  (Gen:  0)
524171752   4740208 2213756448  0.029  0.029  121.370  117.376    0    0  (Gen:  0)
520483272   4740000 2217074728  0.010  0.010  121.537  117.543    0    0  (Gen:  0)
539019384   4740816 2231282544  0.043  0.043  121.999  117.955    0    0  (Gen:  0)
520631656   4740264 2232879736  0.029  0.029  122.193  118.150    0    0  (Gen:  0)
520486896   4740056 2236330816  0.010  0.010  122.361  118.318    0    0  (Gen:  0)
537096800  16824720 2250803336  0.042  0.043  122.821  118.728    0    0  (Gen:  0)
525312232  16824168 2252381088  0.028  0.028  123.017  118.925    0    0  (Gen:  0)
520494312  16823960 2255760288  0.010  0.010  123.185  119.094    0    0  (Gen:  0)
543559576  16824776 2269865776  0.042  0.042  123.644  119.503    0    0  (Gen:  0)
520600784  16824288 2271481880  0.027  0.027  123.839  119.699    0    0  (Gen:  0)
520503408  16824080 2274876640  0.010  0.010  124.005  119.865    0    0  (Gen:  0)
536486584  16824904 2289164296  0.042  0.043  124.467  120.277    0    0  (Gen:  0)
523219528  17428136 2290743616  0.028  0.028  124.662  120.472    0    0  (Gen:  0)
520523416   5043304 2294019600  0.009  0.009  124.826  120.637    0    0  (Gen:  0)
539667000   5044112 2308295240  0.043  0.044  125.287  121.047    0    0  (Gen:  0)
520658816  17499616 2310018728  0.027  0.027  125.481  121.241    0    0  (Gen:  0)
520458784   5001720 2313162888  0.009  0.009  125.646  121.406    0    0  (Gen:  0)
536575560  16764448 2327517184  0.043  0.043  126.105  121.815    0    0  (Gen:  0)
520647296  17488104 2329201800  0.028  0.028  126.299  122.010    0    0  (Gen:  0)
520469504   5087288 2332430760  0.010  0.010  126.463  122.174    0    0  (Gen:  0)
538288536   5088096 2346678192  0.042  0.042  126.920  122.581    0    0  (Gen:  0)
520663376   5087552 2348388224  0.028  0.028  127.112  122.774    0    0  (Gen:  0)
520480808   5087368 2351616552  0.009  0.009  127.275  122.938    0    0  (Gen:  0)
536347136   5088160 2365802960  0.042  0.042  127.735  123.347    0    0  (Gen:  0)
520648368   5087616 2367520312  0.027  0.028  127.928  123.540    0    0  (Gen:  0)
520546680   5087408 2370750352  0.009  0.009  128.092  123.704    0    0  (Gen:  0)
536264968   5088240 2384979704  0.041  0.041  128.550  124.111    0    0  (Gen:  0)
520647600   5087744 2386863856  0.027  0.027  128.745  124.306    0    0  (Gen:  0)
520507696   5087536 2389950240  0.009  0.009  128.907  124.470    0    0  (Gen:  0)
540447832   5088360 2404378120  0.042  0.042  129.369  124.882    0    0  (Gen:  0)
520611608   5087888 2406130744  0.029  0.029  129.566  125.079    0    0  (Gen:  0)
520551088   5087680 2409150040  0.009  0.009  129.729  125.243    0    0  (Gen:  0)
537899512   5088496 2423578480  0.043  0.043  130.192  125.656    0    0  (Gen:  0)
520609936   5087984 2425465976  0.029  0.029  130.388  125.853    0    0  (Gen:  0)
520565128   5087776 2428383224  0.009  0.009  130.550  126.016    0    0  (Gen:  0)
539420632   5088592 2442711208  0.042  0.042  131.008  126.423    0    0  (Gen:  0)
520634656   5088048 2444515904  0.027  0.027  131.203  126.618    0    0  (Gen:  0)
520522024   5087856 2447528640  0.009  0.009  131.365  126.780    0    0  (Gen:  0)
535968288  16511584 2461794888  0.042  0.042  131.828  127.193    0    0  (Gen:  0)
520606200  17672696 2463731392  0.028  0.028  132.024  127.389    0    0  (Gen:  0)
520566608   4881328 2466616680  0.009  0.009  132.187  127.552    0    0  (Gen:  0)
540400840   4882144 2481032824  0.042  0.042  132.648  127.962    0    0  (Gen:  0)
520621176   4881640 2482761632  0.027  0.027  132.843  128.158    0    0  (Gen:  0)
520535784   4881432 2485887648  0.009  0.009  133.003  128.319    0    0  (Gen:  0)
538427560   4882256 2500124160  0.042  0.042  133.466  128.732    0    0  (Gen:  0)
520689592  17693416 2502054736  0.028  0.028  133.662  128.927    0    0  (Gen:  0)
520595072   4971136 2505022112  0.009  0.009  133.823  129.089    0    0  (Gen:  0)
536716712   4971944 2519373744  0.042  0.042  134.281  129.497    0    0  (Gen:  0)
520605128   4971432 2521209360  0.028  0.028  134.478  129.694    0    0  (Gen:  0)
520581760   4971208 2524196872  0.009  0.009  134.639  129.854    0    0  (Gen:  0)
542116568  16508912 2538362528  0.041  0.042  135.102  130.269    0    0  (Gen:  0)
520601544  17706360 2540313560  0.028  0.028  135.298  130.464    0    0  (Gen:  0)
520596368   4896208 2543242704  0.009  0.009  135.458  130.625    0    0  (Gen:  0)
539706672   4897032 2557661736  0.042  0.042  135.919  131.036    0    0  (Gen:  0)
520621752   4896520 2559412816  0.027  0.027  136.115  131.232    0    0  (Gen:  0)
520601584   4896312 2562375208  0.008  0.008  136.275  131.393    0    0  (Gen:  0)
537391984  16521288 2576729384  0.042  0.042  136.739  131.806    0    0  (Gen:  0)
520607968  17740016 2578670264  0.028  0.028  136.936  132.003    0    0  (Gen:  0)
520608144   4789760 2581479088  0.009  0.009  137.096  132.165    0    0  (Gen:  0)
540159752   4790584 2595857288  0.042  0.042  137.558  132.577    0    0  (Gen:  0)
520595720   4790088 2597765536  0.028  0.028  137.754  132.774    0    0  (Gen:  0)
520621024   4789880 2600783696  0.009  0.009  137.912  132.932    0    0  (Gen:  0)
536785640   4790712 2614998880  0.042  0.042  138.375  133.346    0    0  (Gen:  0)
520586888   4790176 2616934864  0.028  0.028  138.571  133.542    0    0  (Gen:  0)
520629144   4789968 2619937152  0.008  0.008  138.730  133.701    0    0  (Gen:  0)
535982336  16425528 2634129744  0.042  0.042  139.190  134.111    0    0  (Gen:  0)
520580144  17812576 2636186024  0.028  0.029  139.387  134.309    0    0  (Gen:  0)
520637200   4941376 2639077184  0.008  0.008  139.545  134.467    0    0  (Gen:  0)
538055936  16622584 2653582752  0.043  0.043  140.008  134.880    0    0  (Gen:  0)
520425992  17768336 2655355272  0.028  0.028  140.204  135.077    0    0  (Gen:  0)
520639112   4787360 2658207536  0.008  0.008  140.363  135.236    0    0  (Gen:  0)
536477024   4788040 2672729704  0.043  0.043  140.824  135.646    0    0  (Gen:  0)
520452688   4787672 2674487328  0.030  0.030  141.022  135.845    0    0  (Gen:  0)
520613784   4787848 2676585448  0.007  0.007  141.181  136.004    0    0  (Gen:  0)
539887400   4787912 2691839120  0.041  0.041  141.642  136.414    0    0  (Gen:  0)
520471120   4787728 2693837680  0.028  0.028  141.836  136.609    0    0  (Gen:  0)
526617016   4788296 2694960168  0.006  0.006  142.001  136.773    0    0  (Gen:  0)
539054440   4787712 2711058256  0.041  0.041  142.458  137.182    0    0  (Gen:  0)
520485912   4787776 2712879624  0.028  0.028  142.654  137.379    0    0  (Gen:  0)
530242576   4788352 2715064456  0.008  0.008  142.821  137.543    0    0  (Gen:  0)
536420512   4791576 2730200808  0.040  0.041  143.271  137.946    0    0  (Gen:  0)
520497408   4787824 2732097600  0.028  0.028  143.468  138.143    0    0  (Gen:  0)
523399496   4788392 2734660928  0.009  0.009  143.636  138.306    0    0  (Gen:  0)
538136296   4791608 2749249632  0.040  0.040  144.090  138.715    0    0  (Gen:  0)
520615944  16792456 2751175840  0.026  0.026  144.283  138.908    0    0  (Gen:  0)
521886328  16793032 2754404608  0.010  0.010  144.454  139.073    0    0  (Gen:  0)
537200144  16797448 2768389584  0.039  0.039  144.899  139.486    0    0  (Gen:  0)
520491512  16792528 2770285664  0.026  0.026  145.094  139.681    0    0  (Gen:  0)
521917536  16793112 2773864712  0.011  0.011  145.268  139.846    0    0  (Gen:  0)
537862032  16797808 2787457328  0.040  0.040  145.718  140.255    0    0  (Gen:  0)
520491720  16792600 2789422520  0.026  0.026  145.912  140.449    0    0  (Gen:  0)
523610960  16793176 2793617992  0.013  0.013  146.085  140.613    0    0  (Gen:  0)
539933728  16795696 2806695544  0.040  0.040  146.535  141.031    0    0  (Gen:  0)
520506768  16792536 2808683976  0.026  0.026  146.729  141.226    0    0  (Gen:  0)
528472088  16793304 2811239680  0.009  0.009  146.903  141.391    0    0  (Gen:  0)
539103448  16792720 2825990328  0.039  0.039  147.351  141.802    0    0  (Gen:  0)
520604816  16459000 2828021592  0.027  0.027  147.544  141.996    0    0  (Gen:  0)
535835840  16459792 2831009368  0.011  0.011  147.746  142.194    0    0  (Gen:  0)
533770264  16271080 2845001328  0.039  0.039  148.170  142.583    0    0  (Gen:  0)
520545208  15843232 2846958144  0.025  0.025  148.365  142.779    0    0  (Gen:  0)
538602120   5414216 2850667008  0.013  0.013  148.590  143.005    0    0  (Gen:  0)
530565904   5413608 2864211624  0.037  0.037  148.990  143.355    0    0  (Gen:  0)
520513312   5413528 2866234256  0.025  0.025  149.185  143.550    0    0  (Gen:  0)
539105120   5414328 2870470368  0.014  0.014  149.429  143.801    0    0  (Gen:  0)
528122576   5413736 2883528200  0.037  0.037  149.804  144.130    0    0  (Gen:  0)
520364312   5413696 2885274544  0.025  0.025  149.998  144.326    0    0  (Gen:  0)
540085216   5414496 2889664048  0.015  0.015  150.254  144.591    0    0  (Gen:  0)
522971704   5413848 2902521728  0.037  0.037  150.619  144.909    0    0  (Gen:  0)
520362552   5413752 2904709136  0.025  0.025  150.814  145.104    0    0  (Gen:  0)
539642992   5414560 2908840712  0.015  0.015  151.080  145.379    0    0  (Gen:  0)
522885808   5413936 2921630952  0.037  0.037  151.441  145.691    0    0  (Gen:  0)
520380064   5413880 2924092880  0.026  0.026  151.635  145.885    0    0  (Gen:  0)
535159888   6018936 2928062664  0.015  0.015  151.892  146.151    0    0  (Gen:  0)
524688808   6018312 2940995768  0.037  0.037  152.255  146.457    0    0  (Gen:  0)
520395024   6018216 2943530664  0.025  0.026  152.448  146.650    0    0  (Gen:  0)
543791776   6324464 2947702648  0.016  0.016  152.730  146.933    0    0  (Gen:  0)
522462824   6323880 2960165336  0.037  0.038  153.073  147.234    0    0  (Gen:  0)
520421800   6323808 2962792984  0.026  0.026  153.267  147.429    0    0  (Gen:  0)
540261752   6324608 2967072368  0.017  0.017  153.570  147.719    0    0  (Gen:  0)
522753520   6324024 2979285472  0.036  0.036  153.891  148.008    0    0  (Gen:  0)
520425784   6323968 2981996768  0.025  0.025  154.085  148.202    0    0  (Gen:  0)
544193984   6324768 2986713240  0.018  0.018  154.423  148.508    0    0  (Gen:  0)
521884712   6324152 2998266432  0.035  0.035  154.707  148.784    0    0  (Gen:  0)
520441800   6324152 3000935624  0.024  0.025  154.896  148.973    0    0  (Gen:  0)
542084728   6324856 3009370112  0.024  0.024  155.256  149.297    0    0  (Gen:  0)
522826720  16371072 3017133120  0.033  0.033  155.524  149.553    0    0  (Gen:  0)
520462200  10527600 3019880664  0.019  0.019  155.710  149.740    0    0  (Gen:  0)
538658360  10528400 3029369584  0.026  0.026  156.078  150.067    0    0  (Gen:  0)
522176000  16431056 3036085264  0.032  0.032  156.340  150.322    0    0  (Gen:  0)
520478128   9954504 3038794928  0.018  0.018  156.523  150.506    0    0  (Gen:  0)
538761288  11732696 3048729056  0.028  0.028  156.902  150.836    0    0  (Gen:  0)
522609048  16449920 3055029088  0.031  0.031  157.153  151.085    0    0  (Gen:  0)
520486256   9428968 3057638392  0.017  0.018  157.334  151.267    0    0  (Gen:  0)
541027416   9429752 3068219304  0.029  0.030  157.723  151.608    0    0  (Gen:  0)
523204320   9429920 3074189024  0.030  0.030  157.968  151.851    0    0  (Gen:  0)
520491888   9429056 3076646896  0.017  0.017  158.148  152.032    0    0  (Gen:  0)
540210912  13339392 3088237752  0.033  0.033  158.555  152.389    0    0  (Gen:  0)
523406296  13339288 3093136800  0.030  0.030  158.786  152.620    0    0  (Gen:  0)
520502752  13338704 3095516856  0.016  0.016  158.965  152.799    0    0  (Gen:  0)
538828360  13339504 3108056576  0.036  0.036  159.387  153.173    0    0  (Gen:  0)
524282856  13339496 3112123112  0.030  0.030  159.608  153.393    0    0  (Gen:  0)
520469360  13338816 3114262568  0.015  0.015  159.784  153.570    0    0  (Gen:  0)
539777160  14778312 3127590672  0.039  0.039  160.218  153.954    0    0  (Gen:  0)
525990416  14778736 3130939264  0.029  0.029  160.430  154.166    0    0  (Gen:  0)
520462848  14777600 3133368392  0.013  0.013  160.605  154.342    0    0  (Gen:  0)
539229704  14778360 3146711496  0.037  0.038  161.046  154.734    0    0  (Gen:  0)
520517240  14780248 3150363928  0.028  0.029  161.251  154.939    0    0  (Gen:  0)
520467824  14777640 3152721440  0.012  0.012  161.425  155.114    0    0  (Gen:  0)
539118568  17140480 3168428512  0.042  0.043  161.878  155.516    0    0  (Gen:  0)
521578592  17142736 3169679128  0.027  0.027  162.078  155.716    0    0  (Gen:  0)
520495760  17139744 3171986768  0.009  0.009  162.247  155.885    0    0  (Gen:  0)
539356744  16915808 3187414784  0.043  0.044  162.703  156.291    0    0  (Gen:  0)
523209600  17246080 3188978920  0.026  0.026  162.896  156.484    0    0  (Gen:  0)
520500016   4272744 3191561264  0.009  0.009  163.064  156.652    0    0  (Gen:  0)
537609000  16892440 3206643896  0.042  0.042  163.520  157.056    0    0  (Gen:  0)
520620376  16892072 3208150896  0.026  0.026  163.711  157.249    0    0  (Gen:  0)
520508896  16891656 3210858432  0.009  0.009  163.880  157.418    0    0  (Gen:  0)
539173392  16892488 3225927752  0.042  0.042  164.340  157.828    0    0  (Gen:  0)
520796944  16892008 3227493424  0.026  0.026  164.531  158.019    0    0  (Gen:  0)
520506760  16891760 3230287936  0.009  0.009  164.699  158.188    0    0  (Gen:  0)
540054096  16892584 3245086376  0.043  0.043  165.159  158.597    0    0  (Gen:  0)
524635872  16892120 3246611496  0.027  0.027  165.353  158.792    0    0  (Gen:  0)
520526008  16891872 3249581760  0.009  0.009  165.521  158.960    0    0  (Gen:  0)
539739608  16892744 3264433600  0.042  0.042  165.981  159.370    0    0  (Gen:  0)
520614304  16892232 3265884744  0.027  0.027  166.174  159.563    0    0  (Gen:  0)
520476760  16892008 3269277672  0.010  0.010  166.342  159.732    0    0  (Gen:  0)
538049896  16892808 3283666568  0.042  0.042  166.803  160.141    0    0  (Gen:  0)
520578904  16892312 3285387848  0.026  0.027  166.994  160.333    0    0  (Gen:  0)
520531696  16892104 3288530608  0.009  0.009  167.162  160.501    0    0  (Gen:  0)
536854120  16892920 3303004688  0.042  0.043  167.623  160.911    0    0  (Gen:  0)
520630392  16892432 3304608080  0.027  0.027  167.816  161.105    0    0  (Gen:  0)
520488648  16892224 3308037416  0.010  0.010  167.984  161.273    0    0  (Gen:  0)
536786400  16893104 3322396600  0.042  0.043  168.445  161.682    0    0  (Gen:  0)
520749088  16892584 3323970576  0.027  0.027  168.640  161.879    0    0  (Gen:  0)
520489184  16892376 3327472064  0.010  0.010  168.809  162.048    0    0  (Gen:  0)
536758960  16893200 3341627296  0.042  0.042  169.268  162.455    0    0  (Gen:  0)
520621720  16892736 3343326520  0.026  0.027  169.461  162.649    0    0  (Gen:  0)
520499944  16892528 3346680192  0.010  0.010  169.628  162.818    0    0  (Gen:  0)
539571072  16893344 3360839568  0.042  0.042  170.090  163.230    0    0  (Gen:  0)
523574712  16892792 3362535368  0.026  0.026  170.284  163.425    0    0  (Gen:  0)
520516424  16892584 3365910920  0.010  0.010  170.451  163.592    0    0  (Gen:  0)
540925960  16893400 3380122352  0.042  0.042  170.913  164.003    0    0  (Gen:  0)
520598024  16892840 3381708976  0.027  0.027  171.107  164.198    0    0  (Gen:  0)
520513392  16892632 3385163632  0.010  0.010  171.276  164.367    0    0  (Gen:  0)
539370176  16893448 3399312072  0.043  0.043  171.739  164.781    0    0  (Gen:  0)
520629256  16892928 3401071176  0.027  0.027  171.934  164.976    0    0  (Gen:  0)
520498616  16892720 3404368592  0.009  0.010  172.100  165.142    0    0  (Gen:  0)
536849160  16893536 3418500040  0.042  0.042  172.559  165.551    0    0  (Gen:  0)
520675504  16892992 3420366720  0.027  0.027  172.752  165.745    0    0  (Gen:  0)
520471944  16892784 3423583048  0.009  0.009  172.918  165.911    0    0  (Gen:  0)
537995112  16664032 3437735032  0.042  0.042  173.383  166.325    0    0  (Gen:  0)
520634696  17476000 3439494488  0.026  0.027  173.578  166.520    0    0  (Gen:  0)
520479024   5003408 3442653936  0.009  0.009  173.743  166.686    0    0  (Gen:  0)
536531296  16767368 3457036552  0.043  0.043  174.211  167.103    0    0  (Gen:  0)
520650448  17628056 3458811296  0.028  0.028  174.406  167.299    0    0  (Gen:  0)
520546624   5139296 3461976832  0.010  0.010  174.570  167.464    0    0  (Gen:  0)
538488296   5140064 3476383632  0.042  0.042  175.033  167.877    0    0  (Gen:  0)
520633408   5139536 3478069640  0.028  0.028  175.231  168.074    0    0  (Gen:  0)
520546352   5139328 3481323256  0.009  0.009  175.396  168.240    0    0  (Gen:  0)
539413408   5140152 3495608776  0.042  0.042  175.858  168.651    0    0  (Gen:  0)
520632872   5139672 3497365904  0.028  0.028  176.053  168.847    0    0  (Gen:  0)
520502480   5139464 3500377464  0.009  0.009  176.215  169.009    0    0  (Gen:  0)
540121032   5140288 3514757416  0.043  0.043  176.680  169.424    0    0  (Gen:  0)
520626256   5139792 3516638408  0.028  0.028  176.876  169.620    0    0  (Gen:  0)
520569760   5139584 3519571664  0.009  0.009  177.039  169.784    0    0  (Gen:  0)
538313984   5140408 3533982968  0.043  0.043  177.505  170.199    0    0  (Gen:  0)
520615912   5139928 3535747696  0.027  0.027  177.702  170.396    0    0  (Gen:  0)
520578960   5139720 3538801448  0.009  0.009  177.865  170.560    0    0  (Gen:  0)
536806232  16556736 3553130920  0.043  0.043  178.332  170.976    0    0  (Gen:  0)
520602312  17714600 3555058792  0.028  0.028  178.530  171.175    0    0  (Gen:  0)
520572576   4937184 3557953328  0.009  0.009  178.692  171.337    0    0  (Gen:  0)
536570112  16491456 3572210376  0.042  0.042  179.155  171.749    0    0  (Gen:  0)
520621072  17653584 3574134120  0.027  0.027  179.354  171.949    0    0  (Gen:  0)
520581352   4885624 3577050872  0.009  0.009  179.515  172.110    0    0  (Gen:  0)
536895080   4886432 3591355072  0.042  0.042  179.977  172.522    0    0  (Gen:  0)
520622784   4885904 3593271720  0.028  0.028  180.173  172.718    0    0  (Gen:  0)
520588824   4885696 3596207560  0.009  0.009  180.336  172.882    0    0  (Gen:  0)
535909040   4886504 3610427240  0.043  0.043  180.800  173.295    0    0  (Gen:  0)
523464064   4885944 3612384888  0.027  0.027  180.996  173.492    0    0  (Gen:  0)
520595032   4885736 3615355648  0.009  0.009  181.159  173.655    0    0  (Gen:  0)
540384304   4886536 3629626968  0.043  0.043  181.626  174.072    0    0  (Gen:  0)
520615672   4885984 3631465504  0.028  0.028  181.821  174.268    0    0  (Gen:  0)
520602920   4885776 3634489224  0.009  0.009  181.983  174.429    0    0  (Gen:  0)
 54442592   4879224 3353069368  7.073  8.983  189.074  184.174    0    0  (Gen:  1)
   143880  11186288  19045456  0.064  0.568  189.139  184.743    0    0  (Gen:  1)
     2440                      0.000  0.000

 325,672,951,024 bytes allocated in the heap
   8,674,632,200 bytes copied during GC
   3,353,069,368 bytes maximum residency (9 sample(s))
      14,977,224 bytes maximum slop
            3197 MB total memory in use (0 MB lost due to fragmentation)

                                     Tot time (elapsed)  Avg pause  Max pause
  Gen  0       610 colls,     0 par   16.519s  16.606s     0.0272s    0.1887s
  Gen  1         9 colls,     0 par   15.908s  19.640s     2.1823s    8.9827s

  TASKS: 21 (1 bound, 20 peak workers (20 total), using -N4)

  SPARKS: 0 (0 converted, 0 overflowed, 0 dud, 0 GC'd, 0 fizzled)

  INIT    time    0.001s  (  0.006s elapsed)
  MUT     time  156.710s  (148.490s elapsed)
  GC      time   32.427s  ( 36.247s elapsed)
  EXIT    time    0.000s  (  0.015s elapsed)
  Total   time  189.139s  (184.758s elapsed)

  Alloc rate    2,078,191,284 bytes per MUT second

  Productivity  82.9% of total user, 80.4% of total elapsed

