bench-hist/rawDependencyInformation/ghcide --lsp --cwd bench/example/Cabal-3.0.0.0 +RTS -I0 -qg -A128M -Scode_actions.benchmark-gcStats -I0.5 
    Alloc    Copied     Live     GC     GC      TOT      TOT  Page Flts
    bytes     bytes     bytes   user   elap     user     elap
560573296      2160  14854600  0.037  0.041    0.798    6.694    0    0  (Gen:  0)
546623040      6512  21941920  0.060  0.070    1.245    7.582    0    0  (Gen:  1)
543942672      5128  28366696  0.023  0.024    1.629    8.262    0    0  (Gen:  0)
531091600  12687352  35910336  0.030  0.031    2.432    8.771    0    0  (Gen:  0)
546165928  12690424 109735168  0.157  0.178    3.513    9.415    0    0  (Gen:  0)
527092648  12704928 137822056  0.251  0.284    4.168    9.855    0    0  (Gen:  1)
528959096  60339816 168642696  0.138  0.139    4.713   10.142    0    0  (Gen:  0)
531535672  60346696 215122120  0.158  0.165    5.410   10.483    0    0  (Gen:  0)
548598920  60351592 216227728  0.092  0.101    6.110   10.765    0    0  (Gen:  0)
539817936 185082032 217938952  0.405  0.454    7.104   11.436    0    0  (Gen:  1)
533230504 185079168 221513432  0.066  0.067    7.720   11.682    0    0  (Gen:  0)
545440936  25027224 225310176  0.062  0.062    8.313   11.888    0    0  (Gen:  0)
536079512  25020248 245039024  0.102  0.102    8.921   12.428    0    0  (Gen:  0)
537085776  25019672 236385816  0.044  0.044    9.426   12.826    0    0  (Gen:  0)
535924072  25055808 260976464  0.088  0.088   10.086   13.067    0    0  (Gen:  0)
547678712  25020040 261174432  0.062  0.062   10.704   13.283    0    0  (Gen:  0)
523864848  46952600 284172080  0.117  0.117   11.414   13.558    0    0  (Gen:  0)
538883800  46939712 275316240  0.052  0.052   11.927   13.740    0    0  (Gen:  0)
533261552  46940904 281825352  0.054  0.054   12.479   14.083    0    0  (Gen:  0)
534125160  46940568 287901232  0.057  0.057   12.993   14.441    0    0  (Gen:  0)
565346824  46940080 305948792  0.081  0.082   13.663   14.989    0    0  (Gen:  0)
566150904  46952632 342585904  0.109  0.109   14.413   15.640    0    0  (Gen:  0)
538105896  46942112 352440664  0.069  0.069   14.952   16.047    0    0  (Gen:  0)
537626880  28944104 364865000  0.028  0.028   15.420   16.455    0    0  (Gen:  0)
537897072  28944088 377205640  0.020  0.020   15.878   16.852    0    0  (Gen:  0)
537902632  24944856 389652736  0.021  0.021   16.336   17.251    0    0  (Gen:  0)
503429688 224069872 265839696  0.467  0.533   17.283   18.831    0    0  (Gen:  1)
   104000  12294544  20041232  0.019  0.045   17.302   18.877    0    0  (Gen:  1)
     1584                      0.000  0.000

  14,556,541,160 bytes allocated in the heap
   1,362,244,872 bytes copied during GC
     265,839,696 bytes maximum residency (5 sample(s))
       4,123,568 bytes maximum slop
             253 MB total memory in use (0 MB lost due to fragmentation)

                                     Tot time (elapsed)  Avg pause  Max pause
  Gen  0        23 colls,     0 par    1.666s   1.712s     0.0745s    0.1775s
  Gen  1         5 colls,     0 par    1.201s   1.386s     0.2773s    0.5325s

  TASKS: 20 (1 bound, 19 peak workers (19 total), using -N4)

  SPARKS: 0 (0 converted, 0 overflowed, 0 dud, 0 GC'd, 0 fizzled)

  INIT    time    0.001s  (  0.006s elapsed)
  MUT     time   14.433s  ( 15.772s elapsed)
  GC      time    2.867s  (  3.099s elapsed)
  EXIT    time    0.000s  (  0.008s elapsed)
  Total   time   17.302s  ( 18.885s elapsed)

  Alloc rate    1,008,539,856 bytes per MUT second

  Productivity  83.4% of total user, 83.5% of total elapsed

