bench-hist/rawDependencyInformation/ghcide --lsp --cwd bench/example/Cabal-3.0.0.0 +RTS -I0 -qg -A128M -SdocumentSymbols_after_edit.benchmark-gcStats -I0.5 
    Alloc    Copied     Live     GC     GC      TOT      TOT  Page Flts
    bytes     bytes     bytes   user   elap     user     elap
554946368      2160  14819464  0.036  0.040    0.752    6.637    0    0  (Gen:  0)
549990216      6528  21914296  0.048  0.057    1.159    7.461    0    0  (Gen:  1)
541073768      5168  28352032  0.021  0.022    1.507    8.067    0    0  (Gen:  0)
526478816  12132632  35414552  0.026  0.027    2.251    8.537    0    0  (Gen:  0)
544510976  12135752 110319664  0.154  0.175    3.264    9.139    0    0  (Gen:  0)
527291776  12144392 138585424  0.236  0.267    3.901    9.548    0    0  (Gen:  1)
528669504  12138920 168913072  0.122  0.123    4.441    9.808    0    0  (Gen:  0)
542463328  12158088 208712144  0.130  0.137    5.084   10.107    0    0  (Gen:  0)
549109728  46394496 220080288  0.098  0.105    5.833   10.385    0    0  (Gen:  0)
537050736 182957520 216185224  0.360  0.406    6.769   10.976    0    0  (Gen:  1)
534143136 182959216 230822272  0.083  0.083    7.382   11.211    0    0  (Gen:  0)
548942056 182955696 225483904  0.044  0.044    7.969   11.403    0    0  (Gen:  0)
531686352 182966096 249616336  0.099  0.100    8.546   11.860    0    0  (Gen:  0)
533057000 183008200 244648872  0.045  0.046    9.045   12.241    0    0  (Gen:  0)
542115352 182955344 264157744  0.071  0.071    9.667   12.457    0    0  (Gen:  0)
542463640  28140864 266651416  0.060  0.061   10.300   12.672    0    0  (Gen:  0)
529877160  28147496 283238840  0.089  0.089   10.942   12.904    0    0  (Gen:  0)
537022336  17986776 277964464  0.042  0.042   11.447   13.106    0    0  (Gen:  0)
533844120  17986672 287122488  0.053  0.053   11.980   13.441    0    0  (Gen:  0)
529785304  17986824 292963456  0.054  0.055   12.473   13.783    0    0  (Gen:  0)
562517224  17985560 309947120  0.073  0.074   13.092   14.280    0    0  (Gen:  0)
539274672  37657576 327991072  0.073  0.073   13.453   14.574    0    0  (Gen:  0)
542647168  37647968 340437168  0.053  0.053   13.757   14.807    0    0  (Gen:  0)
545285456  37647968 352966560  0.045  0.045   14.059   15.035    0    0  (Gen:  0)
545266784  37647968 366010440  0.045  0.045   14.359   15.260    0    0  (Gen:  0)
539703536  25912280 379603360  0.047  0.047   14.647   15.476    0    0  (Gen:  0)
539468320  25912336 393556736  0.049  0.050   14.940   15.698    0    0  (Gen:  0)
542399240  25912360 405884352  0.047  0.048   15.248   15.934    0    0  (Gen:  0)
541929800 314398728 356362120  0.604  0.694   16.102   16.805    0    0  (Gen:  1)
541090728  24864464 368137856  0.047  0.047   16.395   17.022    0    0  (Gen:  0)
541315816  26745048 383250264  0.051  0.051   16.692   17.243    0    0  (Gen:  0)
537975928  26745048 395510608  0.047  0.047   16.986   17.467    0    0  (Gen:  0)
540399552  24503296 407445760  0.045  0.045   17.282   17.693    0    0  (Gen:  0)
535102000  25175800 420904712  0.045  0.045   17.570   17.908    0    0  (Gen:  0)
538129560  25290112 433678320  0.046  0.046   17.858   18.120    0    0  (Gen:  0)
541940024  25290176 447941528  0.054  0.054   18.174   18.360    0    0  (Gen:  0)
542030104  25290264 460627792  0.046  0.046   18.476   18.588    0    0  (Gen:  0)
541852216  25290216 473843752  0.047  0.047   18.777   18.810    0    0  (Gen:  0)
542457584  25783360 487135952  0.048  0.048   19.084   19.044    0    0  (Gen:  0)
537891440  25783360 501685576  0.052  0.052   19.378   19.264    0    0  (Gen:  0)
540842096  25783360 514009752  0.047  0.047   19.683   19.496    0    0  (Gen:  0)
539598824  25783360 526346680  0.048  0.048   19.993   19.732    0    0  (Gen:  0)
541939496  25783360 539169112  0.047  0.047   20.298   19.960    0    0  (Gen:  0)
543125208  27036328 554298296  0.050  0.050   20.601   20.189    0    0  (Gen:  0)
545229688  27036344 567058096  0.050  0.050   20.914   20.426    0    0  (Gen:  0)
535908144  27036336 579675984  0.046  0.046   21.206   20.644    0    0  (Gen:  0)
540600560  27036336 593235096  0.047  0.047   21.515   20.880    0    0  (Gen:  0)
539638752  26853096 607199704  0.052  0.052   21.826   21.112    0    0  (Gen:  0)
536572896  26853104 620008824  0.054  0.054   22.133   21.344    0    0  (Gen:  0)
542815648  25559976 632533128  0.046  0.046   22.438   21.577    0    0  (Gen:  0)
623255816  25560008 663060336  0.129  0.141   22.912   22.034    0    0  (Gen:  0)
229463376  25559608  18334888  0.022  0.049   23.217   22.854    0    0  (Gen:  1)
     1224                      0.000  0.000

  27,862,190,552 bytes allocated in the heap
   2,472,533,944 bytes copied during GC
     356,362,120 bytes maximum residency (5 sample(s))
       5,425,272 bytes maximum slop
             339 MB total memory in use (0 MB lost due to fragmentation)

                                     Tot time (elapsed)  Avg pause  Max pause
  Gen  0        47 colls,     0 par    2.801s   2.863s     0.0609s    0.1746s
  Gen  1         5 colls,     0 par    1.270s   1.472s     0.2944s    0.6936s

  TASKS: 20 (1 bound, 19 peak workers (19 total), using -N4)

  SPARKS: 0 (0 converted, 0 overflowed, 0 dud, 0 GC'd, 0 fizzled)

  INIT    time    0.001s  (  0.005s elapsed)
  MUT     time   19.145s  ( 18.514s elapsed)
  GC      time    4.071s  (  4.335s elapsed)
  EXIT    time    0.000s  (  0.006s elapsed)
  Total   time   23.218s  ( 22.860s elapsed)

  Alloc rate    1,455,342,140 bytes per MUT second

  Productivity  82.5% of total user, 81.0% of total elapsed

