bench-hist/rawDependencyInformation/ghcide --lsp --cwd bench/example/Cabal-3.0.0.0 +RTS -I0 -qg -A128M -Sedit.benchmark-gcStats -I0.5 
    Alloc    Copied     Live     GC     GC      TOT      TOT  Page Flts
    bytes     bytes     bytes   user   elap     user     elap
555945048      2160  14788072  0.033  0.036    0.731    6.249    0    0  (Gen:  0)
544627792      6480  21830608  0.048  0.057    1.131    7.030    0    0  (Gen:  1)
540193048      5112  28265712  0.021  0.022    1.479    7.627    0    0  (Gen:  0)
530379688  12852808  36083752  0.028  0.029    2.231    8.111    0    0  (Gen:  0)
543161024  12855896 109236032  0.146  0.166    3.199    8.695    0    0  (Gen:  0)
525424712  12871728 141394384  0.243  0.274    3.849    9.118    0    0  (Gen:  1)
526949944  62666840 170564624  0.123  0.124    4.318    9.346    0    0  (Gen:  0)
534981344  62685584 201825096  0.118  0.121    4.960    9.641    0    0  (Gen:  0)
551504368  62668048 220627968  0.096  0.104    5.699    9.919    0    0  (Gen:  0)
543790088  29454560 229864240  0.065  0.068    6.317   10.160    0    0  (Gen:  0)
537604184  29458520 230196096  0.378  0.429    7.218   10.736    0    0  (Gen:  1)
541778216  29454240 223629312  0.046  0.046    7.825   10.951    0    0  (Gen:  0)
529227016  40716664 248077944  0.100  0.101    8.374   11.414    0    0  (Gen:  0)
536331336  24967448 243108424  0.050  0.050    8.862   11.785    0    0  (Gen:  0)
536239392  24968608 255488704  0.066  0.066    9.484   11.996    0    0  (Gen:  0)
538564208  25022320 278482312  0.091  0.092   10.103   12.226    0    0  (Gen:  0)
531247216  24969992 270722424  0.051  0.051   10.734   12.428    0    0  (Gen:  0)
534993688  24969880 281755288  0.051  0.051   11.250   12.633    0    0  (Gen:  0)
534913032  24968144 284380336  0.053  0.053   11.749   12.975    0    0  (Gen:  0)
534049920  22780368 289696376  0.050  0.050   12.216   13.299    0    0  (Gen:  0)
567534336  22779032 309970008  0.077  0.078   12.849   13.808    0    0  (Gen:  0)
540780176  22780552 323668584  0.076  0.076   13.467   14.398    0    0  (Gen:  0)
535487656  34906480 341828232  0.072  0.072   14.110   14.929    0    0  (Gen:  0)
533488288  34906512 360594104  0.078  0.078   14.817   15.550    0    0  (Gen:  0)
540249488  34906512 373004464  0.063  0.063   15.462   16.111    0    0  (Gen:  0)
535729272  34906520 391304128  0.071  0.072   16.098   16.699    0    0  (Gen:  0)
529824720  34906520 410444448  0.084  0.085   16.749   17.241    0    0  (Gen:  0)
537281280  34909408 427191840  0.079  0.081   17.453   17.866    0    0  (Gen:  0)
535262648 343256520 380568928  0.653  0.743   18.633   19.100    0    0  (Gen:  1)
537667656  34589968 399100512  0.073  0.073   19.299   19.666    0    0  (Gen:  0)
533173992  34590008 416960808  0.078  0.079   19.981   20.256    0    0  (Gen:  0)
539625064  34590016 432743560  0.069  0.069   20.651   20.836    0    0  (Gen:  0)
542226240  34595120 447925656  0.069  0.069   21.266   21.414    0    0  (Gen:  0)
540865200  35199232 466113768  0.073  0.074   21.916   21.955    0    0  (Gen:  0)
536605576  35199240 484501696  0.077  0.077   22.627   22.585    0    0  (Gen:  0)
543296280  35199240 496292088  0.063  0.063   23.288   23.162    0    0  (Gen:  0)
538511536  35199288 515423456  0.071  0.071   23.911   23.749    0    0  (Gen:  0)
529283000  35199328 535315208  0.084  0.085   24.555   24.282    0    0  (Gen:  0)
536823320  35204376 552460592  0.079  0.079   25.261   24.913    0    0  (Gen:  0)
535084400  35199832 563797632  0.065  0.065   25.863   25.470    0    0  (Gen:  0)
536028800  35199496 582711632  0.075  0.075   26.527   26.045    0    0  (Gen:  0)
534361808  35199528 600958464  0.079  0.079   27.202   26.634    0    0  (Gen:  0)
541841456  35202896 617790000  0.073  0.073   27.885   27.229    0    0  (Gen:  0)
538021104  35201056 631540392  0.068  0.068   28.501   27.813    0    0  (Gen:  0)
540938744  35199632 649776512  0.074  0.074   29.162   28.370    0    0  (Gen:  0)
532998240  35199632 668209152  0.079  0.079   29.867   28.995    0    0  (Gen:  0)
538633424  35199640 680184984  0.064  0.064   30.524   29.565    0    0  (Gen:  0)
539084208  35199704 698971472  0.072  0.072   31.156   30.153    0    0  (Gen:  0)
534305664  40421952 717439200  0.080  0.080   31.803   30.689    0    0  (Gen:  0)
537102048  39578288 736084336  0.080  0.080   32.518   31.325    0    0  (Gen:  0)
539199216  39578600 748202904  0.067  0.067   33.131   31.891    0    0  (Gen:  0)
541321816  39577632 765965976  1.381  1.577   35.116   33.992    0    0  (Gen:  1)
530078728  39577632 784376728  0.081  0.081   35.785   34.559    0    0  (Gen:  0)
539072512  39580552 800840424  0.074  0.074   36.479   35.171    0    0  (Gen:  0)
533516528  39578344 814343256  0.068  0.068   37.099   35.753    0    0  (Gen:  0)
539766696  34409664 832693624  0.074  0.074   37.765   36.310    0    0  (Gen:  0)
537994248  34409752 850499480  0.076  0.077   38.480   36.936    0    0  (Gen:  0)
536168112  31828552 862976672  0.063  0.063   39.150   37.520    0    0  (Gen:  0)
536122560  31828624 881940128  0.072  0.072   39.790   38.125    0    0  (Gen:  0)
531705608  31828632 901791192  0.084  0.085   40.450   38.670    0    0  (Gen:  0)
537103728  31832624 918750240  0.080  0.080   41.172   39.308    0    0  (Gen:  0)
537915392  31828968 930651696  0.067  0.067   41.793   39.883    0    0  (Gen:  0)
534685248  31828672 949241240  0.074  0.074   42.468   40.473    0    0  (Gen:  0)
531459640  39549584 967159624  0.080  0.080   43.155   41.075    0    0  (Gen:  0)
539139856  39552504 983481096  0.072  0.072   43.843   41.675    0    0  (Gen:  0)
534774616  32911144 997902576  0.070  0.070   44.470   42.268    0    0  (Gen:  0)
532549640  32906760 1016020864  0.075  0.076   45.121   42.802    0    0  (Gen:  0)
534012520  32906776 1035495280  0.083  0.084   45.852   43.449    0    0  (Gen:  0)
537091736  32906976 1046749544  0.066  0.066   46.488   44.026    0    0  (Gen:  0)
534093592  32906840 1065389672  0.074  0.075   47.153   44.627    0    0  (Gen:  0)
537240680  40633632 1084060224  0.082  0.082   47.832   45.203    0    0  (Gen:  0)
532412632  40637416 1100345072  0.074  0.075   48.530   45.819    0    0  (Gen:  0)
533455304  32454272 1113815000  0.068  0.068   49.147   46.401    0    0  (Gen:  0)
539079864  32453288 1132012960  0.076  0.076   49.839   46.987    0    0  (Gen:  0)
541459952  32453312 1149972776  0.078  0.078   50.560   47.620    0    0  (Gen:  0)
539530472  34910952 1165300864  0.068  0.068   51.243   48.215    0    0  (Gen:  0)
536442368  34914272 1181295560  0.073  0.073   51.879   48.815    0    0  (Gen:  0)
533083304  36188728 1199506080  0.076  0.076   52.533   49.358    0    0  (Gen:  0)
538003152  36188768 1218570464  0.082  0.082   53.267   50.009    0    0  (Gen:  0)
539609496  36189040 1230146040  0.067  0.067   53.904   50.587    0    0  (Gen:  0)
540610840  36188792 1248974488  0.076  0.076   54.582   51.202    0    0  (Gen:  0)
533516848  36188872 1267722248  0.083  0.083   55.256   51.763    0    0  (Gen:  0)
538342072  37784928 1284157528  0.079  0.080   55.968   52.391    0    0  (Gen:  0)
532658864  37781744 1297247480  0.068  0.068   56.584   52.971    0    0  (Gen:  0)
539056192  34585080 1315797504  0.074  0.075   57.260   53.542    0    0  (Gen:  0)
541259168  39278504 1333844496  0.078  0.078   57.976   54.166    0    0  (Gen:  0)
535580824  39281808 1349376696  0.069  0.070   58.658   54.764    0    0  (Gen:  0)
538346760  39288336 1364848048  0.071  0.071   59.291   55.365    0    0  (Gen:  0)
530013744  39278576 1383081704  0.075  0.075   59.941   55.903    0    0  (Gen:  0)
539522808  39278608 1402120504  0.082  0.082   60.673   56.559    0    0  (Gen:  0)
538906328  32227928 1413746056  0.067  0.067   61.303   57.131    0    0  (Gen:  0)
539891544  32227752 1432500696  0.076  0.076   61.984   57.744    0    0  (Gen:  0)
530076016  32227760 1450912072  0.082  0.082   62.662   58.313    0    0  (Gen:  0)
542306568  32231696 1467578096  0.080  0.085   63.375   58.943    0    0  (Gen:  0)
538510888  32644728 1480826824  0.071  0.074   63.994   59.533    0    0  (Gen:  0)
536092216  34526472 1499162640  0.080  0.084   64.677   60.121    0    0  (Gen:  0)
536512488  34526480 1517087080  0.086  0.092   65.391   60.754    0    0  (Gen:  0)
535018552  34525272 1530249256  2.831  3.249   68.846   64.535    0    0  (Gen:  1)
536130488  34530032 1547218448  0.072  0.073   69.470   65.119    0    0  (Gen:  0)
529931400  37278136 1565369304  0.078  0.079   70.121   65.657    0    0  (Gen:  0)
533173664  37278176 1583832336  0.080  0.081   70.834   66.294    0    0  (Gen:  0)
535004488  37278600 1595441760  0.066  0.066   71.443   66.857    0    0  (Gen:  0)
541121272  34646264 1614401408  0.075  0.076   72.125   67.453    0    0  (Gen:  0)
539073864  34646296 1632948288  0.082  0.083   72.810   68.043    0    0  (Gen:  0)
537497048  37334288 1649459176  0.074  0.074   73.503   68.648    0    0  (Gen:  0)
534749984  37333288 1663124136  0.068  0.068   74.119   69.226    0    0  (Gen:  0)
540774200  37331920 1681375304  0.075  0.076   74.784   69.788    0    0  (Gen:  0)
532545760  37331984 1699489528  0.078  0.079   75.499   70.418    0    0  (Gen:  0)
536702504  37331992 1712212440  0.065  0.065   76.155   70.988    0    0  (Gen:  0)
538543648  37332040 1730545584  0.073  0.073   76.804   71.601    0    0  (Gen:  0)
532024704  37332032 1750150456  0.085  0.085   77.461   72.145    0    0  (Gen:  0)
538038120  37334168 1767120768  0.079  0.080   78.174   72.779    0    0  (Gen:  0)
535718272  37332616 1778698440  0.067  0.067   78.788   73.345    0    0  (Gen:  0)
537969336  37332032 1797659112  0.078  0.078   79.466   73.933    0    0  (Gen:  0)
535094088  37332048 1815729304  0.081  0.081   80.154   74.530    0    0  (Gen:  0)
538954384  37335600 1832077768  0.072  0.073   80.840   75.126    0    0  (Gen:  0)
531001064  37334456 1846421040  0.071  0.071   81.456   75.711    0    0  (Gen:  0)
536148008  37332064 1864526776  0.075  0.075   82.106   76.250    0    0  (Gen:  0)
535737240  37332064 1884138424  0.084  0.084   82.833   76.900    0    0  (Gen:  0)
537636952  32161328 1895250816  0.065  0.066   83.465   77.471    0    0  (Gen:  0)
535017128  32161176 1913987800  0.075  0.075   84.124   78.067    0    0  (Gen:  0)
534772856  32161192 1932704920  0.084  0.085   84.794   78.635    0    0  (Gen:  0)
537398336  32165352 1949214504  0.077  0.077   85.496   79.250    0    0  (Gen:  0)
535087392  32467056 1962381128  0.068  0.068   86.108   79.820    0    0  (Gen:  0)
536991344  32466656 1980713216  0.075  0.075   86.774   80.387    0    0  (Gen:  0)
532109152  32466656 1998322152  0.078  0.079   87.480   81.006    0    0  (Gen:  0)
542123416  32466656 2011981608  0.067  0.067   88.159   81.593    0    0  (Gen:  0)
535157592  33206120 2029759704  0.072  0.073   88.791   82.184    0    0  (Gen:  0)
530518400  33200280 2049665816  0.084  0.084   89.450   82.737    0    0  (Gen:  0)
538037840  33204864 2066605696  0.082  0.082   90.171   83.377    0    0  (Gen:  0)
535736152  33200664 2078028512  0.067  0.067   90.784   83.945    0    0  (Gen:  0)
539554480  33200296 2097048056  0.075  0.076   91.467   84.538    0    0  (Gen:  0)
531211544  33200296 2115145576  0.081  0.081   92.155   85.129    0    0  (Gen:  0)
535059784  33203616 2130848960  0.072  0.072   92.836   85.725    0    0  (Gen:  0)
532801936  33205192 2145569624  0.071  0.071   93.460   86.314    0    0  (Gen:  0)
538123944  33200328 2163743984  0.075  0.075   94.114   86.853    0    0  (Gen:  0)
534571960  33200368 2183216288  0.083  0.084   94.842   87.506    0    0  (Gen:  0)
 11949920  33199872 2180593792  3.801  4.189   98.654   92.450    0    0  (Gen:  1)
   104240  11148416  18036312  0.049  0.240   98.703   92.692    0    0  (Gen:  1)
     1584                      0.000  0.000

  73,558,232,312 bytes allocated in the heap
   4,985,933,256 bytes copied during GC
   2,180,593,792 bytes maximum residency (8 sample(s))
      10,938,240 bytes maximum slop
            2079 MB total memory in use (0 MB lost due to fragmentation)

                                     Tot time (elapsed)  Avg pause  Max pause
  Gen  0       131 colls,     0 par    9.703s   9.792s     0.0748s    0.1655s
  Gen  1         8 colls,     0 par    9.384s  10.758s     1.3448s    4.1889s

  TASKS: 21 (1 bound, 20 peak workers (20 total), using -N4)

  SPARKS: 0 (0 converted, 0 overflowed, 0 dud, 0 GC'd, 0 fizzled)

  INIT    time    0.001s  (  0.006s elapsed)
  MUT     time   79.615s  ( 72.135s elapsed)
  GC      time   19.087s  ( 20.551s elapsed)
  EXIT    time    0.000s  (  0.010s elapsed)
  Total   time   98.704s  ( 92.702s elapsed)

  Alloc rate    923,929,442 bytes per MUT second

  Productivity  80.7% of total user, 77.8% of total elapsed

