bench-hist/rawDependencyInformation/ghcide --lsp --cwd bench/example/Cabal-3.0.0.0 +RTS -I0 -qg -A128M -SgetDefinition.benchmark-gcStats -I0.5 
    Alloc    Copied     Live     GC     GC      TOT      TOT  Page Flts
    bytes     bytes     bytes   user   elap     user     elap
558778088      2160  14836688  0.033  0.036    0.736    7.162    0    0  (Gen:  0)
551903896      6560  22095600  0.049  0.058    1.138    7.973    0    0  (Gen:  1)
538292608      5144  28432056  0.021  0.022    1.485    8.542    0    0  (Gen:  0)
535263264  12710024  36061096  0.028  0.029    2.258    9.033    0    0  (Gen:  0)
548184128  12713160 110844296  0.149  0.167    3.231    9.644    0    0  (Gen:  0)
527975320 112104168 138944296  0.234  0.265    3.851   10.047    0    0  (Gen:  1)
525255720 112094896 169263480  0.121  0.122    4.376   10.310    0    0  (Gen:  0)
542453304  62103432 213293576  0.133  0.143    5.058   10.620    0    0  (Gen:  0)
543495520  62085472 218153080  0.091  0.099    5.766   10.882    0    0  (Gen:  0)
543631080  62083456 218313408  0.356  0.401    6.678   11.458    0    0  (Gen:  1)
539834464  62081400 219251672  0.055  0.055    7.236   11.666    0    0  (Gen:  0)
545833552  62081632 230408344  0.072  0.072    7.899   11.904    0    0  (Gen:  0)
529869616  62082520 238170448  0.071  0.071    8.435   12.283    0    0  (Gen:  0)
533681696  62133640 242294136  0.044  0.044    8.942   12.661    0    0  (Gen:  0)
542130784  62089936 265293552  0.087  0.087    9.617   12.905    0    0  (Gen:  0)
539455872  37790264 273525992  0.079  0.079   10.197   13.124    0    0  (Gen:  0)
529013176  37794752 286228216  0.082  0.082   10.844   13.351    0    0  (Gen:  0)
535345664  37789648 281641904  0.039  0.039   11.384   13.539    0    0  (Gen:  0)
532118632  37790784 284073960  0.054  0.054   11.889   13.883    0    0  (Gen:  0)
531100984  37790344 289350160  0.051  0.051   12.363   14.209    0    0  (Gen:  0)
564388656  37789736 309072984  0.078  0.078   12.994   14.709    0    0  (Gen:  0)
544682680  37796424 316381248  0.055  0.055   13.431   15.102    0    0  (Gen:  0)
520614928  37789280 318520816  0.019  0.019   13.613   15.285    0    0  (Gen:  0)
525199424  37789968 321448808  0.010  0.010   13.840   15.529    0    0  (Gen:  0)
533325264  37789432 324017080  0.012  0.013   14.654   16.215    0    0  (Gen:  0)
532210616  37789528 325255480  0.013  0.013   15.462   16.899    0    0  (Gen:  0)
532761992   5020256 326632504  0.013  0.013   16.268   17.586    0    0  (Gen:  0)
538112752   5020344 327956352  0.015  0.015   17.086   18.279    0    0  (Gen:  0)
534758752   5077592 328911056  0.014  0.014   17.905   18.970    0    0  (Gen:  0)
538683136   5014536 330228744  0.014  0.014   18.733   19.666    0    0  (Gen:  0)
536116048   5014608 331199440  0.013  0.014   19.560   20.362    0    0  (Gen:  0)
534887384   5014624 332283848  0.013  0.013   20.382   21.057    0    0  (Gen:  0)
537276440   4615984 332710520  0.012  0.012   21.198   21.754    0    0  (Gen:  0)
534647544   4531008 333597000  0.012  0.012   22.008   22.442    0    0  (Gen:  0)
533630904   4500984 334769120  0.012  0.012   22.823   23.135    0    0  (Gen:  0)
538580760   4501016 335941912  0.012  0.012   23.643   23.841    0    0  (Gen:  0)
536993208   4501104 337866520  0.013  0.013   24.461   24.537    0    0  (Gen:  0)
537224280   4501208 338656776  0.013  0.013   25.277   25.232    0    0  (Gen:  0)
536424656   4501248 339578336  0.013  0.013   26.096   25.931    0    0  (Gen:  0)
533939064   4501352 340862512  0.013  0.013   26.915   26.628    0    0  (Gen:  0)
533528000   4501408 341867248  0.013  0.013   27.729   27.324    0    0  (Gen:  0)
535590696   4501536 342956856  0.013  0.013   28.549   28.023    0    0  (Gen:  0)
536663296   4501560 344035808  0.013  0.013   29.366   28.723    0    0  (Gen:  0)
536139192   4501608 345160048  0.013  0.013   30.183   29.419    0    0  (Gen:  0)
533972712   4501624 346404144  0.013  0.013   30.995   30.112    0    0  (Gen:  0)
532015200   4726928 347678712  0.013  0.013   31.809   30.803    0    0  (Gen:  0)
533273928   4635816 348581280  0.013  0.013   32.621   31.491    0    0  (Gen:  0)
532526080   4635944 349830976  0.013  0.013   33.434   32.179    0    0  (Gen:  0)
532369552   4635936 350745592  0.013  0.013   34.251   32.873    0    0  (Gen:  0)
533887456   4636096 352441880  0.013  0.013   35.062   33.560    0    0  (Gen:  0)
530280744   4636120 352955256  0.013  0.013   35.874   34.247    0    0  (Gen:  0)
533905432   4636112 354348216  0.013  0.013   36.690   34.938    0    0  (Gen:  0)
534641496   4679128 355319416  0.014  0.014   37.506   35.633    0    0  (Gen:  0)
534122240   4679224 356567592  0.013  0.013   38.321   36.327    0    0  (Gen:  0)
536145176   4841168 357845232  0.014  0.014   39.139   37.024    0    0  (Gen:  0)
531674392   4841208 359157144  0.014  0.014   39.953   37.715    0    0  (Gen:  0)
532882840   4841336 359714424  0.014  0.014   40.767   38.410    0    0  (Gen:  0)
530475248   4723272 360778112  0.013  0.013   41.578   39.099    0    0  (Gen:  0)
532759632   4723288 361975936  0.013  0.013   42.392   39.788    0    0  (Gen:  0)
532144072   4723328 363346000  0.014  0.014   43.208   40.480    0    0  (Gen:  0)
532509944   4806592 364281112  0.014  0.014   44.023   41.173    0    0  (Gen:  0)
536306032   4806664 365533624  0.014  0.014   44.841   41.868    0    0  (Gen:  0)
535834752   4806664 366736080  0.013  0.013   45.671   42.564    0    0  (Gen:  0)
538486808   5398528 368486904  0.016  0.016   46.495   43.263    0    0  (Gen:  0)
537235560   5398624 369141944  0.015  0.015   47.328   43.967    0    0  (Gen:  0)
534230368   5398600 370561432  0.015  0.015   48.157   44.663    0    0  (Gen:  0)
534518544   5398736 371735000  0.015  0.015   48.985   45.364    0    0  (Gen:  0)
535017856   5398712 372542096  0.014  0.014   49.821   46.081    0    0  (Gen:  0)
540140088   4531272 372829144  0.013  0.013   50.658   46.789    0    0  (Gen:  0)
537975856   4531448 373885536  0.013  0.013   51.482   47.491    0    0  (Gen:  0)
536140136   4531456 375013152  0.013  0.013   52.303   48.189    0    0  (Gen:  0)
539538704   4531496 376237256  0.013  0.013   53.129   48.893    0    0  (Gen:  0)
532258416   4531568 377795744  0.013  0.013   53.950   49.592    0    0  (Gen:  0)
114853096 263494744 298920616  0.446  0.503   54.566   50.955    0    0  (Gen:  1)
   100120  11155032  18103144  0.017  0.036   54.583   50.993    0    0  (Gen:  1)
     1368                      0.000  0.000

  39,252,220,888 bytes allocated in the heap
   1,660,216,400 bytes copied during GC
     298,920,616 bytes maximum residency (5 sample(s))
       4,867,416 bytes maximum slop
             285 MB total memory in use (0 MB lost due to fragmentation)

                                     Tot time (elapsed)  Avg pause  Max pause
  Gen  0        70 colls,     0 par    2.023s   2.070s     0.0296s    0.1668s
  Gen  1         5 colls,     0 par    1.102s   1.263s     0.2527s    0.5030s

  TASKS: 22 (1 bound, 21 peak workers (21 total), using -N4)

  SPARKS: 0 (0 converted, 0 overflowed, 0 dud, 0 GC'd, 0 fizzled)

  INIT    time    0.001s  (  0.005s elapsed)
  MUT     time   51.457s  ( 47.654s elapsed)
  GC      time    3.125s  (  3.333s elapsed)
  EXIT    time    0.000s  (  0.005s elapsed)
  Total   time   54.583s  ( 50.998s elapsed)

  Alloc rate    762,815,990 bytes per MUT second

  Productivity  94.3% of total user, 93.4% of total elapsed

