bench-hist/rawDependencyInformation/ghcide --lsp --cwd bench/example/Cabal-3.0.0.0 +RTS -I0 -qg -A128M -Shover_after_edit.benchmark-gcStats -I0.5 
    Alloc    Copied     Live     GC     GC      TOT      TOT  Page Flts
    bytes     bytes     bytes   user   elap     user     elap
560943472      2160  14889080  0.036  0.040    0.819    7.173    0    0  (Gen:  0)
547098480      6584  22042680  0.051  0.060    1.238    8.084    0    0  (Gen:  1)
540294416      5128  28345792  0.022  0.023    1.604    8.688    0    0  (Gen:  0)
532677008  12711872  36003752  0.031  0.032    2.392    9.246    0    0  (Gen:  0)
547167952  63647864 110455256  0.159  0.179    3.394    9.863    0    0  (Gen:  0)
530377224  63656224 141615736  0.269  0.304    4.059   10.299    0    0  (Gen:  1)
527408440  63651560 171714800  0.131  0.132    4.596   10.574    0    0  (Gen:  0)
535192720  60586544 211236632  0.144  0.151    5.327   10.912    0    0  (Gen:  0)
544811288  43374200 218128248  0.090  0.096    6.013   11.167    0    0  (Gen:  0)
541592912  43366760 235555528  0.083  0.086    6.677   11.435    0    0  (Gen:  0)
542419160 181285200 215449456  0.406  0.462    7.593   12.055    0    0  (Gen:  1)
538271528 181296928 222562592  0.063  0.063    8.235   12.272    0    0  (Gen:  0)
530569880 181286320 246091168  0.108  0.109    8.859   12.731    0    0  (Gen:  0)
528276608 181337376 247737784  0.068  0.068    9.428   13.172    0    0  (Gen:  0)
546462664 181285088 260105536  0.082  0.082   10.084   13.405    0    0  (Gen:  0)
535083032 181284000 281204272  0.110  0.110   10.695   13.652    0    0  (Gen:  0)
541634160  22975704 270421856  0.054  0.054   11.300   13.872    0    0  (Gen:  0)
532141080  22975648 271546256  0.059  0.059   11.850   14.189    0    0  (Gen:  0)
528874472  23735576 279011920  0.069  0.069   12.435   14.568    0    0  (Gen:  0)
536893072  23735768 283830216  0.057  0.057   12.939   14.921    0    0  (Gen:  0)
560988416  23734808 304105672  0.087  0.088   13.623   15.572    0    0  (Gen:  0)
535904824  23736592 320336136  0.081  0.081   14.188   16.098    0    0  (Gen:  0)
520720880  23734688 322282392  0.035  0.035   14.391   16.302    0    0  (Gen:  0)
520630920  23734264 325563792  0.009  0.009   14.554   16.465    0    0  (Gen:  0)
534647256  23734864 340058208  0.042  0.042   15.037   16.907    0    0  (Gen:  0)
523380640  17682952 342054344  0.029  0.030   15.238   17.108    0    0  (Gen:  0)
520647664   5073248 345105408  0.009  0.009   15.400   17.272    0    0  (Gen:  0)
534374152   5074072 359421168  0.040  0.040   15.864   17.697    0    0  (Gen:  0)
524053392   5073584 361249952  0.027  0.027   16.051   17.884    0    0  (Gen:  0)
520614104   5073328 364352248  0.009  0.009   16.203   18.038    0    0  (Gen:  0)
535233944  16568328 378769624  0.040  0.040   16.659   18.451    0    0  (Gen:  0)
520749000  17543656 380573848  0.027  0.027   16.842   18.634    0    0  (Gen:  0)
520558024   5053576 383732056  0.009  0.009   16.997   18.789    0    0  (Gen:  0)
538336736   5054352 398028528  0.040  0.040   17.453   19.199    0    0  (Gen:  0)
523501304  17465464 399815952  0.027  0.027   17.638   19.384    0    0  (Gen:  0)
520548160 301350144 338255800  0.560  0.637   18.344   20.167    0    0  (Gen:  1)
537069040 301350960 352826896  0.042  0.042   18.801   20.578    0    0  (Gen:  0)
521570968 301350408 354495896  0.029  0.029   18.991   20.768    0    0  (Gen:  0)
520600416 301350200 357721056  0.010  0.010   19.147   20.924    0    0  (Gen:  0)
537670992 301351024 372099720  0.042  0.042   19.610   21.349    0    0  (Gen:  0)
522718072 301350528 373691536  0.027  0.027   19.797   21.536    0    0  (Gen:  0)
520641264 301350320 377179464  0.009  0.009   19.957   21.696    0    0  (Gen:  0)
534990704 301351144 391460176  0.041  0.041   20.417   22.112    0    0  (Gen:  0)
524870304 301350656 393023976  0.027  0.027   20.602   22.298    0    0  (Gen:  0)
520574520 301350448 396517824  0.009  0.009   20.763   22.460    0    0  (Gen:  0)
535492248 301351264 410721488  0.042  0.042   21.221   22.873    0    0  (Gen:  0)
520717696 301350696 412433688  0.026  0.026   21.402   23.055    0    0  (Gen:  0)
520564920 301350488 415784744  0.009  0.009   21.562   23.215    0    0  (Gen:  0)
534686296 301351312 430061704  0.040  0.040   22.018   23.629    0    0  (Gen:  0)
523955280 301350936 431739896  0.027  0.027   22.209   23.820    0    0  (Gen:  0)
520565208 301350608 435052128  0.009  0.009   22.367   23.979    0    0  (Gen:  0)
534764088  16778552 449586184  0.040  0.040   22.827   24.396    0    0  (Gen:  0)
520757856  17278264 451164600  0.027  0.027   23.016   24.585    0    0  (Gen:  0)
520538400   4633816 454118064  0.009  0.009   23.174   24.745    0    0  (Gen:  0)
536373512   4634640 469063400  0.040  0.040   23.631   25.159    0    0  (Gen:  0)
520651256   4634616 470611432  0.027  0.027   23.819   25.348    0    0  (Gen:  0)
520593528   4633952 473407496  0.009  0.009   23.978   25.507    0    0  (Gen:  0)
534602944   4634744 488678600  0.040  0.040   24.421   25.908    0    0  (Gen:  0)
522882776   4637896 489922224  0.028  0.028   24.617   26.103    0    0  (Gen:  0)
520548976   4634064 492519920  0.009  0.009   24.778   26.264    0    0  (Gen:  0)
536065216   4634864 504793016  0.034  0.035   25.206   26.656    0    0  (Gen:  0)
524531464  16971880 509126512  0.028  0.028   25.406   26.854    0    0  (Gen:  0)
520559512   7515872 511598088  0.014  0.014   25.573   27.022    0    0  (Gen:  0)
541009696   7516632 523835112  0.033  0.033   25.997   27.403    0    0  (Gen:  0)
526713376   7516256 528348848  0.029  0.029   26.199   27.604    0    0  (Gen:  0)
520554104   7515944 530794512  0.013  0.013   26.366   27.771    0    0  (Gen:  0)
543229136   7516704 543021320  0.033  0.033   26.795   28.157    0    0  (Gen:  0)
527064376   7516376 547577128  0.029  0.029   26.997   28.357    0    0  (Gen:  0)
520544944   7516080 550019216  0.013  0.013   27.159   28.520    0    0  (Gen:  0)
537893600  14207656 562770360  0.036  0.036   27.584   28.902    0    0  (Gen:  0)
526331416  16944184 566717624  0.030  0.030   27.789   29.106    0    0  (Gen:  0)
520559472   8358856 568920400  0.015  0.015   27.957   29.275    0    0  (Gen:  0)
537339448   8359600 581654280  0.035  0.035   28.379   29.661    0    0  (Gen:  0)
528183640  16817592 585629840  0.030  0.030   28.592   29.872    0    0  (Gen:  0)
520555368   8602688 587819856  0.015  0.015   28.759   30.039    0    0  (Gen:  0)
536222848   8603488 600204640  0.033  0.033   29.168   30.405    0    0  (Gen:  0)
522597504   8603744 604625296  0.030  0.030   29.384   30.619    0    0  (Gen:  0)
520517848   8602824 606999144  0.016  0.016   29.554   30.789    0    0  (Gen:  0)
543908904   8603608 618960440  0.032  0.032   29.963   31.157    0    0  (Gen:  0)
526257824   8603512 623716272  0.030  0.030   30.185   31.376    0    0  (Gen:  0)
520528232   8602976 626068104  0.016  0.016   30.354   31.546    0    0  (Gen:  0)
536036696   8603752 637153640  0.029  0.029   30.751   31.900    0    0  (Gen:  0)
523694872  16779536 642774584  0.031  0.031   30.979   32.126    0    0  (Gen:  0)
520575448   8823776 645060904  0.017  0.017   31.149   32.296    0    0  (Gen:  0)
537239024   8824592 655545208  0.027  0.028   31.534   32.647    0    0  (Gen:  0)
524401552   8825456 661619128  0.030  0.030   31.775   32.884    0    0  (Gen:  0)
520571016   8823880 664015584  0.017  0.017   31.947   33.057    0    0  (Gen:  0)
540093680   8824664 674323944  0.027  0.027   32.328   33.394    0    0  (Gen:  0)
528007680   8827216 680689672  0.031  0.031   32.570   33.634    0    0  (Gen:  0)
521702648   8822152 615524392  1.089  1.251   33.815   35.040    0    0  (Gen:  1)
541314456  11744096 625763656  0.027  0.027   34.201   35.390    0    0  (Gen:  0)
524069184  11747072 632171800  0.032  0.032   34.447   35.633    0    0  (Gen:  0)
520755792   9287552 634636312  0.019  0.019   34.625   35.812    0    0  (Gen:  0)
537333792   9288344 643434560  0.024  0.024   35.005   36.145    0    0  (Gen:  0)
525763040   9292760 651095712  0.032  0.032   35.252   36.391    0    0  (Gen:  0)
520560104   9287616 653629552  0.018  0.018   35.428   36.568    0    0  (Gen:  0)
538507272   9288424 661637328  0.023  0.023   35.802   36.904    0    0  (Gen:  0)
524180064   9295792 670093264  0.034  0.035   36.054   37.153    0    0  (Gen:  0)
520569368   9287672 672574704  0.019  0.020   36.231   37.331    0    0  (Gen:  0)
544085832   9288472 680844544  0.023  0.023   36.607   37.661    0    0  (Gen:  0)
525096904  16477448 689019792  0.034  0.034   36.859   37.911    0    0  (Gen:  0)
520550440  10571024 691678832  0.019  0.019   37.035   38.088    0    0  (Gen:  0)
543879864  10571816 699725904  0.023  0.024   37.410   38.420    0    0  (Gen:  0)
523907480  10578216 708172728  0.034  0.034   37.663   38.670    0    0  (Gen:  0)
520560368  10571112 710779912  0.021  0.021   37.843   38.850    0    0  (Gen:  0)
538311624  10571920 715318152  0.016  0.016   38.202   39.172    0    0  (Gen:  0)
522897088  10571792 727186192  0.034  0.035   38.462   39.428    0    0  (Gen:  0)
520522512  10571264 729811472  0.025  0.025   38.646   39.613    0    0  (Gen:  0)
541153400  10572064 734279312  0.016  0.016   38.991   39.930    0    0  (Gen:  0)
525525280  10571648 746383616  0.035  0.035   39.266   40.194    0    0  (Gen:  0)
520540136  10571344 748952200  0.026  0.026   39.453   40.380    0    0  (Gen:  0)
537053240  10572144 753497424  0.017  0.017   39.777   40.684    0    0  (Gen:  0)
523112824  16593136 765536496  0.036  0.036   40.070   40.955    0    0  (Gen:  0)
520522224  15574760 768264776  0.026  0.026   40.257   41.142    0    0  (Gen:  0)
539806760  15575568 772433440  0.016  0.016   40.566   41.442    0    0  (Gen:  0)
525389672  16699648 784820440  0.036  0.036   40.876   41.721    0    0  (Gen:  0)
520517456  15884952 787520504  0.026  0.026   41.064   41.909    0    0  (Gen:  0)
539167632  15885736 791881480  0.017  0.017   41.355   42.198    0    0  (Gen:  0)
523363280  15885152 804032768  0.036  0.037   41.680   42.484    0    0  (Gen:  0)
520505224  15885080 806834456  0.026  0.026   41.865   42.669    0    0  (Gen:  0)
543656336  15885880 811014968  0.016  0.016   42.155   42.961    0    0  (Gen:  0)
523229720  15885272 823467784  0.036  0.036   42.485   43.245    0    0  (Gen:  0)
520518248  15885216 826138856  0.026  0.026   42.672   43.432    0    0  (Gen:  0)
535064224   5908048 829797496  0.015  0.015   42.937   43.708    0    0  (Gen:  0)
522730824   5907376 842645496  0.036  0.036   43.288   44.006    0    0  (Gen:  0)
520486760   5907312 845496608  0.027  0.027   43.479   44.197    0    0  (Gen:  0)
535233272   5908112 848911776  0.014  0.014   43.739   44.468    0    0  (Gen:  0)
522606040  16513864 861871824  0.036  0.036   44.090   44.767    0    0  (Gen:  0)
520494096  16070000 864505632  0.027  0.027   44.280   44.957    0    0  (Gen:  0)
535978272   5719352 868124744  0.014  0.014   44.538   45.226    0    0  (Gen:  0)
522792248   5718744 881143720  0.036  0.036   44.892   45.525    0    0  (Gen:  0)
520462816   5718696 883432008  0.025  0.025   45.081   45.714    0    0  (Gen:  0)
536511432   5796504 887424672  0.014  0.014   45.339   45.984    0    0  (Gen:  0)
525252936   5795864 900481416  0.036  0.036   45.697   46.290    0    0  (Gen:  0)
520441376   5795744 902503096  0.025  0.025   45.885   46.479    0    0  (Gen:  0)
537764296   5773448 906628344  0.014  0.014   46.138   46.743    0    0  (Gen:  0)
524066544  16448296 919717072  0.036  0.036   46.496   47.048    0    0  (Gen:  0)
520487384  15264776 921634184  0.025  0.025   46.686   47.238    0    0  (Gen:  0)
539536544   5908856 926051320  0.014  0.014   46.938   47.502    0    0  (Gen:  0)
522163488   5908248 938851128  0.036  0.036   47.298   47.811    0    0  (Gen:  0)
520604640   5908192 940806648  0.024  0.024   47.487   48.001    0    0  (Gen:  0)
537334256   5961352 945274696  0.015  0.015   47.731   48.255    0    0  (Gen:  0)
526529016   5960728 958156224  0.035  0.035   48.102   48.573    0    0  (Gen:  0)
520606528   5960672 960063632  0.025  0.025   48.289   48.761    0    0  (Gen:  0)
533930424   5961464 964249752  0.014  0.014   48.521   49.000    0    0  (Gen:  0)
525576576   5960848 977301408  0.036  0.036   48.902   49.335    0    0  (Gen:  0)
520659504   5960752 979338880  0.025  0.025   49.090   49.523    0    0  (Gen:  0)
531388376   5961536 982970088  0.012  0.012   49.303   49.739    0    0  (Gen:  0)
529968616   5960920 996733416  0.037  0.037   49.702   50.091    0    0  (Gen:  0)
520570880   5960848 998595744  0.025  0.025   49.887   50.276    0    0  (Gen:  0)
534087720   5961632 1002176592  0.012  0.012   50.096   50.485    0    0  (Gen:  0)
528002416  16298376 1015951120  0.037  0.037   50.505   50.846    0    0  (Gen:  0)
520553696  15786008 1017945472  0.028  0.028   50.694   51.037    0    0  (Gen:  0)
535775608  15786840 1021226784  0.011  0.011   50.896   51.237    0    0  (Gen:  0)
532532368  15786224 1035328648  0.037  0.037   51.312   51.608    0    0  (Gen:  0)
520542160  15786080 1037359000  0.026  0.027   51.500   51.796    0    0  (Gen:  0)
524564272  15786864 1040029216  0.010  0.010   51.684   51.975    0    0  (Gen:  0)
531219376  15786272 1054581040  0.038  0.038   52.116   52.372    0    0  (Gen:  0)
520544304  15786200 1056462440  0.025  0.025   52.305   52.561    0    0  (Gen:  0)
531943184  15786984 1059099912  0.009  0.009   52.482   52.729    0    0  (Gen:  0)
531764408  15786384 1073862608  0.038  0.038   52.921   53.130    0    0  (Gen:  0)
520584704  15786264 1075699360  0.025  0.025   53.109   53.319    0    0  (Gen:  0)
525914520   4385088 1078329232  0.009  0.009   53.278   53.478    0    0  (Gen:  0)
533727432   4384392 1092979512  0.038  0.039   53.724   53.888    0    0  (Gen:  0)
520580968   4384456 1094941752  0.025  0.025   53.912   54.076    0    0  (Gen:  0)
523858984   4385040 1099143144  0.013  0.013   54.081   54.235    0    0  (Gen:  0)
540119560   4389488 1112402416  0.038  0.038   54.530   54.646    0    0  (Gen:  0)
520577224   4384576 1114392392  0.026  0.026   54.719   54.836    0    0  (Gen:  0)
525885576   4385144 1118269104  0.012  0.012   54.891   54.999    0    0  (Gen:  0)
534438304   4387664 1131634616  0.039  0.039   55.338   55.416    0    0  (Gen:  0)
520601056   4384664 1133621784  0.026  0.026   55.528   55.606    0    0  (Gen:  0)
524239368   4385240 1136904992  0.011  0.011   55.696   55.767    0    0  (Gen:  0)
535712792   4389896 1151127864  0.039  0.039   56.147   56.184    0    0  (Gen:  0)
520593840   4384768 1152899648  0.027  0.027   56.336   56.374    0    0  (Gen:  0)
522219248   4189128 1155479344  0.009  0.009   56.500   56.532    0    0  (Gen:  0)
537309384  16368104 1170310576  0.040  0.040   56.953   56.949    0    0  (Gen:  0)
520583272  16365104 1172210120  0.027  0.027   57.143   57.139    0    0  (Gen:  0)
526618088  16365688 1174396888  0.008  0.008   57.305   57.298    0    0  (Gen:  0)
533947392  16368976 1189646040  0.039  0.039   57.759   57.711    0    0  (Gen:  0)
520632240  17077856 1191563232  0.028  0.028   57.950   57.903    0    0  (Gen:  0)
523497832   3078520 1192911808  0.006  0.006   58.109   58.061    0    0  (Gen:  0)
534331632   3081016 1208911664  0.041  0.041   58.568   58.475    0    0  (Gen:  0)
520563416   3078072 1210791944  0.027  0.027   58.760   58.667    0    0  (Gen:  0)
521133472   3078512 1211358728  0.005  0.005   58.915   58.822    0    0  (Gen:  0)
536429632  16326776 1228115624  0.040  0.040   59.378   59.237    0    0  (Gen:  0)
520778296  16326752 1230108568  0.028  0.028   59.576   59.435    0    0  (Gen:  0)
520725240  16323672 1112948608  2.051  2.345   61.773   61.926    0    0  (Gen:  1)
535465000  16555016 1127490088  0.042  0.042   62.240   62.351    0    0  (Gen:  0)
520696128  17656608 1129265496  0.030  0.030   62.437   62.548    0    0  (Gen:  0)
520697104   4955992 1132296824  0.009  0.009   62.596   62.708    0    0  (Gen:  0)
534707880  16599088 1146773728  0.042  0.042   63.063   63.128    0    0  (Gen:  0)
520701304  17741560 1148621136  0.030  0.030   63.258   63.324    0    0  (Gen:  0)
520683512   4873200 1151509400  0.009  0.009   63.416   63.482    0    0  (Gen:  0)
534287120   4874024 1165928408  0.042  0.042   63.882   63.908    0    0  (Gen:  0)
520713744  17548088 1167754728  0.029  0.029   64.079   64.106    0    0  (Gen:  0)
520673376   5020400 1170863600  0.010  0.010   64.237   64.265    0    0  (Gen:  0)
535715864   5021224 1185360040  0.042  0.042   64.705   64.686    0    0  (Gen:  0)
520734832   5020776 1187193104  0.029  0.029   64.899   64.880    0    0  (Gen:  0)
520661736   5020568 1190230544  0.009  0.009   65.056   65.038    0    0  (Gen:  0)
534452904   5021384 1204638864  0.042  0.042   65.522   65.457    0    0  (Gen:  0)
520719784   5020832 1206401680  0.028  0.028   65.713   65.649    0    0  (Gen:  0)
520650160   5020624 1209491568  0.009  0.009   65.871   65.808    0    0  (Gen:  0)
537115024   5021440 1223981712  0.042  0.042   66.337   66.229    0    0  (Gen:  0)
526601552  17518968 1225730936  0.029  0.029   66.531   66.423    0    0  (Gen:  0)
520635208   5060632 1228931896  0.009  0.009   66.689   66.582    0    0  (Gen:  0)
538346280   5061456 1243314256  0.041  0.042   67.154   67.002    0    0  (Gen:  0)
520726592   5061024 1245035736  0.028  0.028   67.345   67.193    0    0  (Gen:  0)
520632568   5060832 1248272864  0.009  0.009   67.505   67.353    0    0  (Gen:  0)
542430632   5061640 1262557576  0.041  0.041   67.968   67.777    0    0  (Gen:  0)
523833432   5061128 1264272936  0.027  0.028   68.161   67.970    0    0  (Gen:  0)
520620672   5060920 1267452624  0.009  0.009   68.321   68.131    0    0  (Gen:  0)
538216544   5061728 1281903728  0.042  0.042   68.787   68.549    0    0  (Gen:  0)
520737688   5061232 1283636304  0.027  0.027   68.976   68.739    0    0  (Gen:  0)
520591536   5061048 1286845568  0.010  0.010   69.137   68.901    0    0  (Gen:  0)
535062944   5061840 1301390288  0.041  0.042   69.602   69.318    0    0  (Gen:  0)
520694368   5061272 1302882552  0.027  0.027   69.791   69.508    0    0  (Gen:  0)
520659968   5061064 1306294824  0.009  0.009   69.954   69.671    0    0  (Gen:  0)
534692368   5061880 1320595408  0.042  0.042   70.418   70.091    0    0  (Gen:  0)
520715880   5061384 1322354240  0.027  0.027   70.606   70.279    0    0  (Gen:  0)
520594008   5061176 1325615960  0.010  0.010   70.767   70.441    0    0  (Gen:  0)
534458144  16720512 1340016800  0.042  0.042   71.236   70.864    0    0  (Gen:  0)
521739656  16719976 1341693928  0.027  0.027   71.424   71.053    0    0  (Gen:  0)
520581024  16719768 1344940120  0.010  0.010   71.587   71.216    0    0  (Gen:  0)
534334224  16675584 1359340600  0.042  0.042   72.050   71.638    0    0  (Gen:  0)
520712848  17333144 1361007488  0.028  0.028   72.239   71.827    0    0  (Gen:  0)
520562344   4994928 1364218152  0.009  0.009   72.403   71.991    0    0  (Gen:  0)
534699968  16647496 1378653832  0.042  0.042   72.864   72.407    0    0  (Gen:  0)
520765600  17175192 1380230472  0.027  0.027   73.051   72.595    0    0  (Gen:  0)
520545736   4592344 1383213472  0.009  0.009   73.214   72.758    0    0  (Gen:  0)
541491104   4593160 1398229544  0.042  0.042   73.678   73.174    0    0  (Gen:  0)
521034608   4592872 1399679472  0.026  0.026   73.868   73.364    0    0  (Gen:  0)
520534824   4592456 1402763832  0.009  0.009   74.031   73.527    0    0  (Gen:  0)
535234784   4593280 1417666688  0.041  0.041   74.492   73.941    0    0  (Gen:  0)
520735952   4593392 1419120440  0.027  0.027   74.685   74.134    0    0  (Gen:  0)
520523096   4592528 1421808688  0.009  0.009   74.848   74.297    0    0  (Gen:  0)
537980384  16332696 1436512456  0.040  0.040   75.301   74.708    0    0  (Gen:  0)
520717544  16334864 1438395856  0.029  0.029   75.501   74.908    0    0  (Gen:  0)
520514888  16331912 1440981312  0.010  0.010   75.665   75.072    0    0  (Gen:  0)
536270656  16332720 1453644728  0.035  0.036   76.101   75.464    0    0  (Gen:  0)
525698408  16334016 1458001416  0.029  0.029   76.311   75.671    0    0  (Gen:  0)
520539968  16332088 1460462120  0.013  0.013   76.483   75.844    0    0  (Gen:  0)
540476456  14552912 1473611312  0.038  0.038   76.924   76.241    0    0  (Gen:  0)
526895368  16866152 1477198272  0.030  0.030   77.133   76.447    0    0  (Gen:  0)
520569712   7909176 1479702720  0.014  0.014   77.304   76.618    0    0  (Gen:  0)
542117008  14360464 1492706152  0.038  0.038   77.740   77.018    0    0  (Gen:  0)
529187320  14360568 1496384632  0.031  0.031   77.953   77.228    0    0  (Gen:  0)
520552928  14359824 1498842400  0.014  0.014   78.125   77.400    0    0  (Gen:  0)
539999376  14296632 1511604888  0.038  0.038   78.562   77.800    0    0  (Gen:  0)
522781120  14296552 1515487920  0.030  0.030   78.773   78.008    0    0  (Gen:  0)
520555576  14295920 1517684640  0.015  0.015   78.946   78.181    0    0  (Gen:  0)
538461256  14296704 1530305896  0.036  0.036   79.369   78.566    0    0  (Gen:  0)
526726616  14296576 1534424624  0.031  0.031   79.588   78.784    0    0  (Gen:  0)
520526848  14296080 1536632616  0.016  0.016   79.763   78.960    0    0  (Gen:  0)
541101520  14296840 1549127216  0.035  0.035   80.187   79.341    0    0  (Gen:  0)
524619592  14296744 1553518216  0.031  0.031   80.407   79.558    0    0  (Gen:  0)
520538960  14296160 1555766984  0.016  0.016   80.583   79.735    0    0  (Gen:  0)
537787360  14296960 1567394288  0.033  0.033   80.998   80.109    0    0  (Gen:  0)
524273200  14296840 1572414464  0.030  0.030   81.227   80.336    0    0  (Gen:  0)
520558752  14296264 1574874520  0.016  0.017   81.401   80.510    0    0  (Gen:  0)
542809264  14297056 1586098464  0.031  0.031   81.810   80.883    0    0  (Gen:  0)
526721272  16724032 1591493768  0.032  0.032   82.047   81.117    0    0  (Gen:  0)
520592504   8786168 1593806296  0.016  0.016   82.221   81.292    0    0  (Gen:  0)
539306008   8786960 1604679352  0.030  0.030   82.624   81.659    0    0  (Gen:  0)
524779040   8787096 1610567280  0.030  0.031   82.862   81.894    0    0  (Gen:  0)
520590000   8786216 1612970688  0.017  0.017   83.037   82.070    0    0  (Gen:  0)
534576632   8787000 1623239456  0.028  0.028   83.426   82.422    0    0  (Gen:  0)
527971776   8788344 1629507184  0.031  0.031   83.676   82.668    0    0  (Gen:  0)
520576656   8786304 1631897664  0.016  0.017   83.853   82.846    0    0  (Gen:  0)
541745016  11799960 1642270464  0.028  0.028   84.248   83.199    0    0  (Gen:  0)
523663800  16620592 1648535464  0.031  0.031   84.495   83.443    0    0  (Gen:  0)
520579600   9151448 1650955504  0.017  0.017   84.672   83.620    0    0  (Gen:  0)
539817464  11017384 1660524112  0.026  0.026   85.059   83.970    0    0  (Gen:  0)
525699920  11019472 1667671528  0.032  0.032   85.314   84.222    0    0  (Gen:  0)
520580456  11016760 1670121792  0.019  0.019   85.492   84.401    0    0  (Gen:  0)
537494536   9641328 1678154784  0.023  0.023   85.870   84.744    0    0  (Gen:  0)
524075072   9649760 1686524144  0.033  0.033   86.127   84.998    0    0  (Gen:  0)
524314896   9640648 1689266808  0.020  0.020   86.309   85.180    0    0  (Gen:  0)
542776776   9708432 1697209544  0.024  0.024   86.688   85.516    0    0  (Gen:  0)
529077960   9716016 1705721520  0.033  0.033   86.946   85.772    0    0  (Gen:  0)
520555920   9707696 1708242872  0.019  0.019   87.126   85.952    0    0  (Gen:  0)
540607440   9708488 1716406368  0.024  0.024   87.504   86.290    0    0  (Gen:  0)
528353208   9716744 1724702568  0.033  0.033   87.763   86.547    0    0  (Gen:  0)
520561336   9707768 1727212352  0.019  0.019   87.943   86.728    0    0  (Gen:  0)
540097352   9893200 1735485648  0.023  0.023   88.322   87.069    0    0  (Gen:  0)
524678200   9900856 1743691064  0.034  0.034   88.581   87.325    0    0  (Gen:  0)
520558512   9892488 1746343552  0.019  0.019   88.762   87.507    0    0  (Gen:  0)
538082824   9893256 1750954624  0.017  0.017   89.128   87.834    0    0  (Gen:  0)
523680384   9892984 1762798160  0.034  0.035   89.390   88.094    0    0  (Gen:  0)
520533368   9892536 1765430272  0.026  0.026   89.579   88.283    0    0  (Gen:  0)
542867696   9893336 1769939144  0.017  0.017   89.938   88.607    0    0  (Gen:  0)
521450240   9892896 1781887800  0.035  0.035   90.210   88.872    0    0  (Gen:  0)
520546200   9892640 1784449368  0.025  0.025   90.399   89.061    0    0  (Gen:  0)
538354904   9893448 1789309488  0.020  0.020   90.733   89.374    0    0  (Gen:  0)
523636080   9892840 1800900592  0.035  0.035   91.031   89.649    0    0  (Gen:  0)
520513984   9892736 1803646800  0.026  0.026   91.223   89.841    0    0  (Gen:  0)
535699280   9893520 1807805208  0.016  0.016   91.525   90.138    0    0  (Gen:  0)
522325496   9892880 1820330192  0.036  0.037   91.849   90.427    0    0  (Gen:  0)
520500984   9892784 1822945888  0.026  0.026   92.041   90.619    0    0  (Gen:  0)
539623856   9893584 1826874208  0.015  0.016   92.330   90.910    0    0  (Gen:  0)
525613904   9892984 1839636088  0.037  0.037   92.671   91.204    0    0  (Gen:  0)
520503424   9892896 1842309840  0.026  0.026   92.862   91.395    0    0  (Gen:  0)
541145424   9893680 1845573680  0.014  0.014   93.149   91.685    0    0  (Gen:  0)
522856696   9893072 1858834432  0.036  0.036   93.490   91.977    0    0  (Gen:  0)
520491776   9893024 1861724264  0.027  0.027   93.681   92.168    0    0  (Gen:  0)
537668424   9893824 1865233808  0.015  0.015   93.950   92.449    0    0  (Gen:  0)
526657320  16678648 1878271296  0.037  0.037   94.308   92.750    0    0  (Gen:  0)
520481112  16256872 1880938472  0.027  0.027   94.501   92.944    0    0  (Gen:  0)
535648848  16257672 1884448416  0.015  0.016   94.770   93.225    0    0  (Gen:  0)
522549656  16573376 1897411960  0.037  0.037   95.137   93.536    0    0  (Gen:  0)
520471072  16153168 1900077056  0.026  0.026   95.329   93.728    0    0  (Gen:  0)
537606840  16153976 1903566448  0.014  0.014   95.594   94.005    0    0  (Gen:  0)
523139688  16153352 1916556456  0.037  0.037   95.953   94.310    0    0  (Gen:  0)
520462392  16153312 1918938144  0.026  0.026   96.146   94.503    0    0  (Gen:  0)
536312632  16154096 1922854592  0.014  0.014   96.406   94.776    0    0  (Gen:  0)
529278424  16153440 1935831312  0.037  0.037   96.769   95.084    0    0  (Gen:  0)
520467000  16153344 1938107664  0.026  0.026   96.962   95.277    0    0  (Gen:  0)
537827112   5798232 1942091272  0.014  0.014   97.223   95.550    0    0  (Gen:  0)
523003088   5797608 1955167664  0.037  0.037   97.586   95.862    0    0  (Gen:  0)
521942608   5797584 1957064712  0.025  0.025   97.777   96.054    0    0  (Gen:  0)
538907032   5800224 1961344664  0.014  0.014   98.036   96.324    0    0  (Gen:  0)
526949288  16486208 1974395576  0.037  0.037   98.400   96.638    0    0  (Gen:  0)
520545104  15304992 1976321496  0.025  0.025   98.593   96.832    0    0  (Gen:  0)
533979264  15305784 1980852232  0.015  0.015   98.849   97.100    0    0  (Gen:  0)
525969376  15305176 1993558464  0.037  0.037   99.219   97.415    0    0  (Gen:  0)
520590720  15305112 1995507928  0.024  0.024   99.410   97.606    0    0  (Gen:  0)
541789904  15305896 2000112904  0.016  0.016   99.665   97.872    0    0  (Gen:  0)
523178696  15305232 2012741360  0.037  0.037  100.034   98.184    0    0  (Gen:  0)
520603504  15305112 2014840600  0.025  0.025  100.225   98.375    0    0  (Gen:  0)
536434912   5798680 2019034504  0.015  0.015  100.462   98.621    0    0  (Gen:  0)
525105784   5798080 2032108304  0.037  0.037  100.845   98.955    0    0  (Gen:  0)
520645384   5798032 2033968224  0.025  0.025  101.037   99.147    0    0  (Gen:  0)
533951256   5798808 2037908992  0.014  0.014  101.264   99.379    0    0  (Gen:  0)
526680872   5798208 2051278480  0.037  0.037  101.661   99.728    0    0  (Gen:  0)
520554880   5798064 2053296432  0.026  0.026  101.852   99.920    0    0  (Gen:  0)
536392464   5798848 2056866112  0.013  0.013  102.071  100.142    0    0  (Gen:  0)
527680912  16397864 2070561432  0.037  0.037  102.478  100.499    0    0  (Gen:  0)
520608280  15722272 2072490208  0.026  0.026  102.670  100.691    0    0  (Gen:  0)
533347688  15723056 2075836272  0.012  0.012  102.877  100.898    0    0  (Gen:  0)
532348064  15722456 2089864672  0.037  0.037  103.297  101.274    0    0  (Gen:  0)
520612064  15722352 2091808544  0.025  0.025  103.486  101.463    0    0  (Gen:  0)
535892376  15723096 2095025256  0.012  0.012  103.693  101.668    0    0  (Gen:  0)
533877280  16283896 2109090168  0.038  0.038  104.118  102.048    0    0  (Gen:  0)
520612152  15834472 2111047072  0.026  0.026  104.309  102.239    0    0  (Gen:  0)
533568008   4896064 2114271280  0.011  0.011  104.509  102.437    0    0  (Gen:  0)
533284800  16294936 2128376704  0.038  0.039  104.935  102.821    0    0  (Gen:  0)
520596272  15867216 2130311600  0.025  0.025  105.126  103.012    0    0  (Gen:  0)
526105992  15867936 2133118216  0.010  0.010  105.312  103.194    0    0  (Gen:  0)
530785904  15867336 2147697240  0.039  0.039  105.750  103.590    0    0  (Gen:  0)
520841016  15784168 2149572888  0.026  0.026  105.942  103.783    0    0  (Gen:  0)
524381336  15784888 2152200152  0.010  0.010  106.116  103.947    0    0  (Gen:  0)
532789128  15784336 2166904472  0.039  0.039  106.567  104.365    0    0  (Gen:  0)
520589720  15784528 2168985680  0.026  0.026  106.759  104.557    0    0  (Gen:  0)
525448840   4916648 2172028672  0.010  0.010  106.932  104.720    0    0  (Gen:  0)
534883008  16372720 2186262936  0.039  0.039  107.387  105.140    0    0  (Gen:  0)
520598320  16166192 2188261376  0.026  0.026  107.580  105.332    0    0  (Gen:  0)
523543832  16166768 2191849848  0.012  0.012  107.752  105.496    0    0  (Gen:  0)
536224176  16171792 2205522048  0.040  0.040  108.212  105.919    0    0  (Gen:  0)
520582272  16166312 2207504176  0.026  0.026  108.406  106.113    0    0  (Gen:  0)
525571368  16166880 2210690544  0.011  0.011  108.575  106.275    0    0  (Gen:  0)
534788072  16171328 2224972760  0.040  0.041  109.029  106.692    0    0  (Gen:  0)
520648672  16166432 2226917984  0.027  0.027  109.222  106.886    0    0  (Gen:  0)
526030816  16161512 2009918696  3.808  4.401  113.188  111.440    0    0  (Gen:  1)
534959760  16473656 2024783576  0.041  0.041  113.649  111.860    0    0  (Gen:  0)
520590544  16470704 2026700448  0.029  0.029  113.848  112.059    0    0  (Gen:  0)
526017288   3673416 2028614128  0.008  0.008  114.017  112.225    0    0  (Gen:  0)
533984048   3676360 2044054976  0.042  0.042  114.483  112.652    0    0  (Gen:  0)
520585152   3672968 2045962512  0.030  0.030  114.683  112.854    0    0  (Gen:  0)
525727656   3673528 2047374368  0.006  0.006  114.848  113.017    0    0  (Gen:  0)
534362440   3675776 2063505240  0.042  0.042  115.312  113.443    0    0  (Gen:  0)
520532040   3673120 2065392752  0.030  0.030  115.511  113.642    0    0  (Gen:  0)
520678672   3673336 2065828232  0.005  0.005  115.668  113.800    0    0  (Gen:  0)
534378256  16356760 2082700584  0.042  0.042  116.139  114.227    0    0  (Gen:  0)
520710280  17495272 2084708376  0.031  0.031  116.340  114.428    0    0  (Gen:  0)
520718272   4820248 2087494144  0.009  0.009  116.499  114.587    0    0  (Gen:  0)
537407456  16441776 2101948056  0.043  0.043  116.972  115.020    0    0  (Gen:  0)
520758640  16441216 2103957712  0.030  0.030  117.167  115.216    0    0  (Gen:  0)
520696008  16441032 2106752768  0.009  0.009  117.326  115.375    0    0  (Gen:  0)
534296304  16441832 2121394464  0.043  0.043  117.802  115.811    0    0  (Gen:  0)
520772920  16441312 2123244808  0.029  0.029  117.999  116.008    0    0  (Gen:  0)
520688944  16441096 2126121880  0.009  0.009  118.159  116.169    0    0  (Gen:  0)
538502256  16594136 2140660552  0.043  0.043  118.633  116.595    0    0  (Gen:  0)
520785120  16593576 2142582456  0.029  0.029  118.829  116.792    0    0  (Gen:  0)
520682280  16593368 2145517392  0.009  0.009  118.990  116.954    0    0  (Gen:  0)
534042920  16594192 2160001744  0.043  0.043  119.464  117.388    0    0  (Gen:  0)
520717512  16593680 2161827504  0.029  0.029  119.659  117.584    0    0  (Gen:  0)
520662680  16593472 2164870256  0.009  0.009  119.822  117.747    0    0  (Gen:  0)
534567392  16503680 2179211600  0.043  0.043  120.294  118.175    0    0  (Gen:  0)
520735808  17692568 2181156496  0.029  0.029  120.489  118.370    0    0  (Gen:  0)
520657736   4926232 2184063456  0.009  0.009  120.651  118.533    0    0  (Gen:  0)
537816112   4927048 2198442168  0.042  0.042  121.120  118.961    0    0  (Gen:  0)
522941640   4926560 2200372304  0.029  0.029  121.315  119.157    0    0  (Gen:  0)
520634320   4926352 2203335696  0.009  0.009  121.476  119.318    0    0  (Gen:  0)
534542648   4927168 2217841288  0.042  0.042  121.953  119.755    0    0  (Gen:  0)
520748928   4926648 2219663912  0.029  0.029  122.148  119.950    0    0  (Gen:  0)
520626744   4926432 2222815368  0.009  0.009  122.311  120.113    0    0  (Gen:  0)
538376088   4927256 2237318768  0.043  0.043  122.781  120.537    0    0  (Gen:  0)
520737152   4926768 2239065416  0.028  0.028  122.975  120.732    0    0  (Gen:  0)
520587472   4926560 2242222944  0.009  0.009  123.140  120.897    0    0  (Gen:  0)
534815576   4927376 2256590680  0.042  0.042  123.606  121.324    0    0  (Gen:  0)
520696408   4926824 2258271216  0.028  0.028  123.800  121.518    0    0  (Gen:  0)
520663840   4926616 2261469720  0.009  0.009  123.964  121.682    0    0  (Gen:  0)
534651960   4927432 2275935904  0.042  0.042  124.434  122.111    0    0  (Gen:  0)
520720048   4926856 2277517224  0.028  0.028  124.626  122.305    0    0  (Gen:  0)
520636576   4926648 2280894320  0.010  0.010  124.793  122.472    0    0  (Gen:  0)
534173192   4927464 2295198400  0.043  0.043  125.265  122.898    0    0  (Gen:  0)
520718184   4926896 2296720456  0.027  0.027  125.455  123.088    0    0  (Gen:  0)
520624024   4926688 2300080416  0.009  0.009  125.621  123.255    0    0  (Gen:  0)
537987064   4927512 2314431728  0.042  0.042  126.089  123.683    0    0  (Gen:  0)
520723200   4926976 2315940832  0.028  0.028  126.282  123.876    0    0  (Gen:  0)
520616688   4926728 2319307312  0.009  0.009  126.449  124.043    0    0  (Gen:  0)
534487296   4927560 2333851560  0.042  0.042  126.917  124.466    0    0  (Gen:  0)
520734568   4927120 2335424024  0.027  0.027  127.108  124.658    0    0  (Gen:  0)
520609624   4926880 2338225784  0.009  0.009  127.274  124.824    0    0  (Gen:  0)
534099416  16806512 2353147288  0.042  0.042  127.740  125.249    0    0  (Gen:  0)
520709880  17238704 2354687824  0.027  0.027  127.932  125.441    0    0  (Gen:  0)
520530456   4523360 2357488744  0.009  0.009  128.100  125.610    0    0  (Gen:  0)
541155432   4524176 2372703216  0.043  0.043  128.564  126.033    0    0  (Gen:  0)
524154936  17089768 2373876144  0.028  0.028  128.762  126.232    0    0  (Gen:  0)
520532776   4878016 2376758808  0.009  0.009  128.929  126.399    0    0  (Gen:  0)
543337032   4878824 2392144136  0.042  0.043  129.390  126.814    0    0  (Gen:  0)
520703120   4880408 2393442552  0.029  0.029  129.590  127.015    0    0  (Gen:  0)
520516760   4878152 2396085800  0.009  0.009  129.758  127.183    0    0  (Gen:  0)
535588736   4878952 2408435416  0.036  0.036  130.201  127.589    0    0  (Gen:  0)
523679800  16974272 2412552824  0.030  0.030  130.413  127.799    0    0  (Gen:  0)
520550168   7462896 2415019096  0.014  0.014  130.588  127.975    0    0  (Gen:  0)
536722144   7463712 2427855776  0.038  0.038  131.028  128.377    0    0  (Gen:  0)
525690696   7463720 2431662144  0.030  0.030  131.243  128.590    0    0  (Gen:  0)
520554296   7463064 2433898864  0.014  0.015  131.418  128.765    0    0  (Gen:  0)
538314352   7463824 2446581064  0.038  0.038  131.853  129.162    0    0  (Gen:  0)
527187976   7463696 2450556880  0.032  0.032  132.075  129.382    0    0  (Gen:  0)
520550784   7463128 2452917832  0.015  0.015  132.251  129.557    0    0  (Gen:  0)
542462032  14092344 2465635000  0.037  0.037  132.687  129.952    0    0  (Gen:  0)
525665168  14092136 2469737912  0.032  0.032  132.908  130.171    0    0  (Gen:  0)
520531664  14091600 2471839112  0.016  0.017  133.084  130.347    0    0  (Gen:  0)
537350008  14092400 2484128072  0.035  0.035  133.508  130.731    0    0  (Gen:  0)
525191120  14092240 2488636896  0.032  0.032  133.737  130.957    0    0  (Gen:  0)
520541848  14091616 2490866728  0.016  0.016  133.914  131.135    0    0  (Gen:  0)
537904096  14092424 2502543576  0.033  0.033  134.327  131.507    0    0  (Gen:  0)
527616152  14092288 2507680864  0.032  0.032  134.565  131.743    0    0  (Gen:  0)
520596032  14091776 2509901024  0.016  0.016  134.744  131.922    0    0  (Gen:  0)
534048568  14092552 2520682992  0.030  0.030  135.146  132.285    0    0  (Gen:  0)
525747488  16770448 2526697768  0.032  0.032  135.394  132.529    0    0  (Gen:  0)
520589352   8970544 2529094072  0.017  0.017  135.571  132.707    0    0  (Gen:  0)
536283728   8971312 2539307880  0.029  0.029  135.966  133.067    0    0  (Gen:  0)
527317984  16594264 2545515912  0.032  0.032  136.219  133.317    0    0  (Gen:  0)
520570360   9169008 2548091072  0.017  0.017  136.399  133.496    0    0  (Gen:  0)
538237136   9169744 2557974424  0.028  0.028  136.788  133.851    0    0  (Gen:  0)
525277768   9170992 2564478368  0.032  0.032  137.042  134.102    0    0  (Gen:  0)
520566088   9169008 2567080784  0.017  0.017  137.222  134.283    0    0  (Gen:  0)
538150776  10414816 2575880520  0.026  0.026  137.608  134.627    0    0  (Gen:  0)
524733984  10418856 2583550272  0.033  0.033  137.867  134.883    0    0  (Gen:  0)
520557088  10414080 2586067840  0.018  0.018  138.051  135.068    0    0  (Gen:  0)
539521712  10414864 2594295016  0.024  0.024  138.434  135.413    0    0  (Gen:  0)
526741696  16540904 2602524448  0.035  0.035  138.697  135.673    0    0  (Gen:  0)
520556192  10619184 2605186600  0.019  0.019  138.880  135.856    0    0  (Gen:  0)
539260816  10619952 2611467160  0.020  0.020  139.256  136.190    0    0  (Gen:  0)
525075360  10624928 2621739640  0.035  0.035  139.519  136.451    0    0  (Gen:  0)
520543400  10619240 2624234528  0.023  0.023  139.707  136.639    0    0  (Gen:  0)
543691968  10620040 2629634352  0.019  0.019  140.081  136.971    0    0  (Gen:  0)
520870368  10623872 2640703840  0.035  0.036  140.346  137.233    0    0  (Gen:  0)
520559360  10619328 2643336296  0.023  0.023  140.534  137.421    0    0  (Gen:  0)
544371432  10620128 2648027872  0.017  0.017  140.896  137.745    0    0  (Gen:  0)
521037752  16549168 2659936968  0.037  0.037  141.174  138.016    0    0  (Gen:  0)
520537600  15098616 2662497080  0.026  0.026  141.365  138.207    0    0  (Gen:  0)
542229664   6246760 2666970296  0.018  0.018  141.708  138.529    0    0  (Gen:  0)
522392328  16641280 2679199344  0.037  0.037  142.003  138.807    0    0  (Gen:  0)
520515560  15462240 2681792328  0.027  0.027  142.197  139.002    0    0  (Gen:  0)
537679192  15463008 2686018448  0.017  0.017  142.514  139.308    0    0  (Gen:  0)
523973576  16755408 2698471320  0.037  0.037  142.835  139.597    0    0  (Gen:  0)
520514752  15884368 2701145856  0.027  0.027  143.029  139.790    0    0  (Gen:  0)
540318008   6432304 2705433648  0.017  0.017  143.330  140.090    0    0  (Gen:  0)
526677880   6431712 2717741048  0.038  0.038  143.667  140.385    0    0  (Gen:  0)
520508000   6431672 2720389760  0.026  0.027  143.859  140.578    0    0  (Gen:  0)
539631120   6432424 2724421536  0.017  0.017  144.154  140.874    0    0  (Gen:  0)
526302856   6431808 2736935160  0.037  0.037  144.498  141.173    0    0  (Gen:  0)
520510392   6431752 2739614096  0.026  0.026  144.691  141.367    0    0  (Gen:  0)
536391200   6432552 2743255280  0.015  0.015  144.973  141.655    0    0  (Gen:  0)
523845296   6431896 2756290720  0.038  0.038  145.323  141.955    0    0  (Gen:  0)
520501912   6431800 2758978256  0.026  0.026  145.517  142.151    0    0  (Gen:  0)
535904760   6432600 2762553192  0.015  0.015  145.787  142.432    0    0  (Gen:  0)
526294976   6431976 2775648168  0.038  0.038  146.149  142.744    0    0  (Gen:  0)
520477240   6431920 2778430280  0.026  0.026  146.344  142.939    0    0  (Gen:  0)
540427320   5750288 2781870408  0.015  0.015  146.615  143.221    0    0  (Gen:  0)
522916200   5749664 2794891592  0.038  0.038  146.977  143.530    0    0  (Gen:  0)
521450760   5749608 2797583616  0.027  0.027  147.173  143.727    0    0  (Gen:  0)
534603544   5750400 2801094496  0.015  0.015  147.440  144.005    0    0  (Gen:  0)
522589120  16415336 2813992384  0.037  0.037  147.803  144.311    0    0  (Gen:  0)
520454080  15795776 2816456768  0.026  0.026  147.997  144.506    0    0  (Gen:  0)
534253512  15796584 2820305488  0.015  0.015  148.263  144.784    0    0  (Gen:  0)
522707944  15795944 2833381840  0.038  0.038  148.629  145.093    0    0  (Gen:  0)
520451352  15795824 2835114736  0.025  0.025  148.822  145.287    0    0  (Gen:  0)
538840024  15796624 2839588736  0.015  0.015  149.087  145.564    0    0  (Gen:  0)
525848256  16392224 2852544416  0.038  0.038  149.455  145.881    0    0  (Gen:  0)
520532672  15364864 2854630696  0.025  0.025  149.649  146.075    0    0  (Gen:  0)
532857128  15365664 2859054904  0.015  0.015  149.903  146.340    0    0  (Gen:  0)
523583136  16402320 2871867088  0.038  0.038  150.280  146.664    0    0  (Gen:  0)
520605128  15308056 2873765240  0.026  0.026  150.475  146.860    0    0  (Gen:  0)
535945512  15308856 2878002664  0.014  0.014  150.718  147.110    0    0  (Gen:  0)
526178704  15308240 2891245616  0.038  0.038  151.108  147.453    0    0  (Gen:  0)
520642416  15308144 2893095112  0.025  0.025  151.303  147.648    0    0  (Gen:  0)
532310544  15308912 2896897312  0.013  0.013  151.529  147.878    0    0  (Gen:  0)
531002920  15308336 2910563272  0.038  0.039  151.934  148.236    0    0  (Gen:  0)
520615816  15308264 2912371608  0.025  0.025  152.128  148.430    0    0  (Gen:  0)
537504168  15309040 2916160248  0.013  0.013  152.354  148.660    0    0  (Gen:  0)
530393160  15308448 2929774888  0.038  0.038  152.760  149.023    0    0  (Gen:  0)
520614656  15308368 2931650336  0.025  0.025  152.952  149.215    0    0  (Gen:  0)
530119968  15309136 2935075624  0.012  0.012  153.169  149.432    0    0  (Gen:  0)
531527096  16264616 2948907472  0.039  0.039  153.589  149.806    0    0  (Gen:  0)
520562336  15794304 2950897168  0.025  0.026  153.782  150.000    0    0  (Gen:  0)
528877600  15795096 2953928424  0.011  0.011  153.982  150.196    0    0  (Gen:  0)
534515584  15794512 2968176072  0.039  0.039  154.415  150.592    0    0  (Gen:  0)
520593360  15794456 2970317664  0.026  0.026  154.610  150.788    0    0  (Gen:  0)
531681808  15795232 2973083888  0.011  0.011  154.804  150.977    0    0  (Gen:  0)
530817944  15794640 2987538824  0.040  0.040  155.240  151.378    0    0  (Gen:  0)
520604816  15794584 2989425944  0.026  0.026  155.433  151.572    0    0  (Gen:  0)
530056736  15795344 2992204032  0.010  0.010  155.612  151.742    0    0  (Gen:  0)
531840720  15794776 3006795368  0.039  0.039  156.063  152.162    0    0  (Gen:  0)
520588088  15794712 3008875344  0.026  0.026  156.256  152.356    0    0  (Gen:  0)
529421328   4408568 3011428848  0.010  0.010  156.433  152.523    0    0  (Gen:  0)
533828776   4407984 3026082144  0.040  0.040  156.891  152.944    0    0  (Gen:  0)
520578912   4408056 3028008336  0.026  0.026  157.085  153.139    0    0  (Gen:  0)
529593288   4408632 3030710136  0.010  0.010  157.259  153.302    0    0  (Gen:  0)
538773840   4408032 3045301024  0.040  0.040  157.717  153.725    0    0  (Gen:  0)
520623072   4408168 3047304240  0.026  0.026  157.913  153.920    0    0  (Gen:  0)
524241080   4408696 3051511440  0.013  0.013  158.089  154.087    0    0  (Gen:  0)
541774984  16483200 3064858840  0.041  0.041  158.550  154.515    0    0  (Gen:  0)
520645592  16477400 3066682840  0.026  0.026  158.743  154.710    0    0  (Gen:  0)
525790888   5626880 3070659144  0.013  0.013  158.920  154.877    0    0  (Gen:  0)
538860152   5632144 3084202456  0.040  0.040  159.379  155.304    0    0  (Gen:  0)
520576040   5626424 3086192280  0.027  0.027  159.574  155.499    0    0  (Gen:  0)
526691936   5627000 3089796832  0.013  0.013  159.749  155.666    0    0  (Gen:  0)
534503144   5630928 3103458416  0.041  0.041  160.208  156.094    0    0  (Gen:  0)
520665432   5626560 3105460664  0.026  0.026  160.402  156.288    0    0  (Gen:  0)
527340464   5627128 3108682896  0.011  0.011  160.573  156.453    0    0  (Gen:  0)
537507480   5630704 3122834536  0.041  0.041  161.037  156.878    0    0  (Gen:  0)
520600008   5626688 3124794208  0.027  0.027  161.233  157.074    0    0  (Gen:  0)
524814816   5627256 3127507048  0.010  0.010  161.403  157.239    0    0  (Gen:  0)
534159656   5630432 3142217168  0.041  0.041  161.865  157.660    0    0  (Gen:  0)
520589296   5626776 3144120048  0.027  0.027  162.060  157.856    0    0  (Gen:  0)
523499992   3602896 3146074480  0.007  0.007  162.226  158.019    0    0  (Gen:  0)
534382984   3605896 3161544064  0.042  0.042  162.689  158.446    0    0  (Gen:  0)
520569464   3602368 3163450712  0.027  0.027  162.885  158.643    0    0  (Gen:  0)
523858496   3602936 3164597016  0.006  0.006  163.049  158.806    0    0  (Gen:  0)
533775848  16329968 3180728632  0.042  0.043  163.516  159.231    0    0  (Gen:  0)
520581480  16330096 3182608168  0.028  0.028  163.712  159.427    0    0  (Gen:  0)
520722944  16330232 3185518824  0.009  0.009  163.872  159.588    0    0  (Gen:  0)
535808416  16330368 3199931544  0.043  0.043  164.346  160.022    0    0  (Gen:  0)
520693504  16330216 3201828032  0.028  0.028  164.542  160.219    0    0  (Gen:  0)
520700408  16330000 3204715936  0.008  0.008  164.701  160.378    0    0  (Gen:  0)
534450528  16330816 3219270176  0.044  0.044  165.179  160.811    0    0  (Gen:  0)
520810304  16330280 3221134744  0.028  0.029  165.372  161.006    0    0  (Gen:  0)
520696536  16330072 3224047872  0.009  0.009  165.535  161.169    0    0  (Gen:  0)
534185272  16576136 3238546184  0.044  0.044  166.009  161.602    0    0  (Gen:  0)
520708448  17704968 3240396432  0.029  0.029  166.205  161.798    0    0  (Gen:  0)
520671144   4952784 3243345688  0.009  0.009  166.366  161.959    0    0  (Gen:  0)
537654760   4953608 3257791744  0.044  0.044  166.840  162.396    0    0  (Gen:  0)
520840936   4953104 3259637008  0.028  0.028  167.036  162.591    0    0  (Gen:  0)
520676728   4952848 3262530848  0.009  0.009  167.199  162.755    0    0  (Gen:  0)
534778648   4953672 3276986656  0.043  0.044  167.674  163.187    0    0  (Gen:  0)
520731736   4953216 3278832888  0.029  0.029  167.870  163.385    0    0  (Gen:  0)
520652456   4953008 3281839584  0.009  0.009  168.031  163.546    0    0  (Gen:  0)
537906592   4953824 3296372248  0.043  0.044  168.507  163.976    0    0  (Gen:  0)
520723584   4953312 3298174040  0.029  0.029  168.704  164.173    0    0  (Gen:  0)
520648304   4953104 3301223088  0.010  0.010  168.867  164.336    0    0  (Gen:  0)
537412536   4953928 3315652800  0.043  0.043  169.339  164.768    0    0  (Gen:  0)
520748576   4953440 3317338536  0.028  0.028  169.534  164.964    0    0  (Gen:  0)
520630112   4953184 3320436880  0.009  0.009  169.699  165.129    0    0  (Gen:  0)
534070024  16538848 3334826144  0.044  0.044  170.174  165.569    0    0  (Gen:  0)
520763656  17547016 3336649392  0.028  0.028  170.369  165.765    0    0  (Gen:  0)
520611184   5057416 3339777056  0.009  0.009  170.534  165.930    0    0  (Gen:  0)
534520344   5058232 3354158280  0.043  0.043  171.011  166.359    0    0  (Gen:  0)
520707328   5057728 3355803776  0.027  0.028  171.209  166.558    0    0  (Gen:  0)
520665688   5057520 3359237296  0.010  0.010  171.374  166.724    0    0  (Gen:  0)
534886656  16592704 3373422208  0.044  0.044  171.849  167.158    0    0  (Gen:  0)
520696256  16592168 3375146232  0.028  0.028  172.043  167.352    0    0  (Gen:  0)
520643856  16591952 3378445440  0.009  0.009  172.210  167.520    0    0  (Gen:  0)
534483432  16592768 3392797040  0.043  0.043  172.684  167.951    0    0  (Gen:  0)
520707672  16592288 3394445888  0.027  0.027  172.878  168.145    0    0  (Gen:  0)
520625472  16592072 3397870216  0.010  0.010  173.044  168.311    0    0  (Gen:  0)
534486800  16592880 3412185160  0.043  0.044  173.518  168.739    0    0  (Gen:  0)
523155096  17373832 3413803200  0.028  0.028  173.712  168.933    0    0  (Gen:  0)
520626664   4994632 3417039448  0.010  0.010  173.881  169.103    0    0  (Gen:  0)
536846112   4995448 3431491192  0.043  0.044  174.353  169.528    0    0  (Gen:  0)
521009864   4994944 3433068600  0.027  0.027  174.548  169.723    0    0  (Gen:  0)
520598208   4994704 3436311960  0.009  0.009  174.718  169.894    0    0  (Gen:  0)
534365856   4995536 3450946552  0.044  0.044  175.186  170.318    0    0  (Gen:  0)
520781688   4995216 3452579304  0.027  0.027  175.380  170.512    0    0  (Gen:  0)
520597824   4994832 3455419304  0.009  0.009  175.550  170.682    0    0  (Gen:  0)
536244968  16963816 3470491144  0.044  0.044  176.020  171.114    0    0  (Gen:  0)
520720984  16963888 3471816584  0.028  0.028  176.220  171.315    0    0  (Gen:  0)
520565216  16963128 3474479336  0.009  0.009  176.396  171.492    0    0  (Gen:  0)
542373648  16963920 3489872872  0.045  0.045  176.867  171.921    0    0  (Gen:  0)
520902368  16966864 3491116064  0.029  0.030  177.075  172.129    0    0  (Gen:  0)
520567784  16963256 3493696800  0.010  0.010  177.249  172.303    0    0  (Gen:  0)
536475736  16964064 3506081384  0.037  0.037  177.693  172.704    0    0  (Gen:  0)
525305024  16963912 3510321408  0.029  0.029  177.908  172.916    0    0  (Gen:  0)
520562976  16963304 3512786688  0.014  0.014  178.083  173.092    0    0  (Gen:  0)
535551240  14258376 3525695504  0.039  0.039  178.523  173.491    0    0  (Gen:  0)
523244680  14258480 3529476920  0.031  0.031  178.741  173.706    0    0  (Gen:  0)
520554496  14257712 3531671952  0.015  0.015  178.919  173.884    0    0  (Gen:  0)
540386640  14258512 3544538208  0.038  0.038  179.356  174.278    0    0  (Gen:  0)
525287512  14258416 3548602792  0.032  0.032  179.579  174.498    0    0  (Gen:  0)
520544320  14257848 3550807456  0.016  0.016  179.756  174.676    0    0  (Gen:  0)
538089136  14258616 3563146136  0.035  0.035  180.184  175.065    0    0  (Gen:  0)
524178664  14258464 3567630136  0.031  0.031  180.415  175.294    0    0  (Gen:  0)
520544024  14257952 3569984912  0.016  0.016  180.595  175.475    0    0  (Gen:  0)
539815880  14258736 3581461304  0.033  0.033  181.011  175.847    0    0  (Gen:  0)
522280624  14258912 3586614464  0.031  0.031  181.248  176.081    0    0  (Gen:  0)
520583952  14258080 3589084776  0.017  0.017  181.430  176.263    0    0  (Gen:  0)
540966096  12201768 3599763416  0.030  0.030  181.838  176.632    0    0  (Gen:  0)
521466600  12201888 3605770504  0.032  0.032  182.088  176.879    0    0  (Gen:  0)
520596448  12201016 3608148432  0.017  0.017  182.268  177.059    0    0  (Gen:  0)
539778336  12201816 3618452192  0.029  0.029  182.669  177.417    0    0  (Gen:  0)
530782568  12204480 3624656616  0.031  0.032  182.927  177.673    0    0  (Gen:  0)
520580072  12201128 3627206960  0.017  0.017  183.109  177.855    0    0  (Gen:  0)
534802928  12201920 3636899664  0.027  0.027  183.499  178.205    0    0  (Gen:  0)
525777448  12202656 3643729968  0.032  0.032  183.755  178.458    0    0  (Gen:  0)
520567264  12201216 3646098016  0.018  0.018  183.938  178.641    0    0  (Gen:  0)
538238984  12202008 3654762568  0.025  0.025  184.325  178.985    0    0  (Gen:  0)
523992952  12208352 3662648256  0.034  0.034  184.587  179.244    0    0  (Gen:  0)
520559496  12201320 3665140632  0.018  0.018  184.779  179.436    0    0  (Gen:  0)
542411888  12202120 3673462048  0.025  0.025  185.164  179.785    0    0  (Gen:  0)
526560136  16492600 3681677720  0.034  0.034  185.429  180.047    0    0  (Gen:  0)
520561576  10599552 3684342616  0.020  0.020  185.615  180.234    0    0  (Gen:  0)
293048936 3304739200 3356130784  7.495 10.305  193.195  191.350    0    0  (Gen:  1)
   137200  11185352  19117280  0.073  0.666  193.269  192.018    0    0  (Gen:  1)
     1368                      0.000  0.000

 329,566,482,560 bytes allocated in the heap
  16,040,324,184 bytes copied during GC
   3,356,130,784 bytes maximum residency (9 sample(s))
      15,036,960 bytes maximum slop
            3200 MB total memory in use (0 MB lost due to fragmentation)

                                     Tot time (elapsed)  Avg pause  Max pause
  Gen  0       617 colls,     0 par   17.116s  17.207s     0.0279s    0.1789s
  Gen  1         9 colls,     0 par   15.804s  20.431s     2.2701s    10.3054s

  TASKS: 21 (1 bound, 20 peak workers (20 total), using -N4)

  SPARKS: 0 (0 converted, 0 overflowed, 0 dud, 0 GC'd, 0 fizzled)

  INIT    time    0.001s  (  0.006s elapsed)
  MUT     time  160.348s  (154.374s elapsed)
  GC      time   32.920s  ( 37.638s elapsed)
  EXIT    time    0.000s  (  0.010s elapsed)
  Total   time  193.269s  (192.028s elapsed)

  Alloc rate    2,055,321,668 bytes per MUT second

  Productivity  83.0% of total user, 80.4% of total elapsed

