bench-hist/rawDependencyInformation/ghcide --lsp --cwd bench/example/Cabal-3.0.0.0 +RTS -I0 -qg -A128M -Shover.benchmark-gcStats -I0.5 
    Alloc    Copied     Live     GC     GC      TOT      TOT  Page Flts
    bytes     bytes     bytes   user   elap     user     elap
559012784      2160  14874056  0.033  0.037    0.737    6.422    0    0  (Gen:  0)
547878808      6480  21936144  0.048  0.057    1.138    7.251    0    0  (Gen:  1)
539812344   9364760  28407000  0.021  0.022    1.483    7.846    0    0  (Gen:  0)
529947576   9363888  35771592  0.026  0.028    2.238    8.321    0    0  (Gen:  0)
545825376   9366944 108748712  0.148  0.167    3.214    8.923    0    0  (Gen:  0)
525061624 112689952 140508760  0.239  0.271    3.868    9.336    0    0  (Gen:  1)
527018816 112676328 168702664  0.121  0.122    4.359    9.596    0    0  (Gen:  0)
534574000  56770552 202470792  0.121  0.128    4.984    9.884    0    0  (Gen:  0)
540763080  56755800 217127008  0.094  0.103    5.682   10.148    0    0  (Gen:  0)
545568912  56752136 218989312  0.363  0.408    6.603   10.755    0    0  (Gen:  1)
537623328  18167784 213949056  0.044  0.044    7.149   10.947    0    0  (Gen:  0)
546111440  18172992 220286096  0.045  0.045    7.754   11.143    0    0  (Gen:  0)
532427208  18181032 237804592  0.077  0.078    8.293   11.587    0    0  (Gen:  0)
536347752  18219728 240851624  0.050  0.050    8.793   11.959    0    0  (Gen:  0)
542683384  18166912 256070688  0.074  0.074    9.452   12.194    0    0  (Gen:  0)
540575456  28984648 257407208  0.061  0.061   10.042   12.396    0    0  (Gen:  0)
527274144  28989744 284770448  0.115  0.115   10.709   12.654    0    0  (Gen:  0)
536288760  28983824 271274992  0.040  0.040   11.237   12.836    0    0  (Gen:  0)
534888416  28984680 276692736  0.047  0.048   11.752   13.144    0    0  (Gen:  0)
528626016  28984904 283203136  0.052  0.052   12.229   13.472    0    0  (Gen:  0)
564679232  28983880 304411104  0.081  0.083   12.869   13.984    0    0  (Gen:  0)
545343416  29992768 310797320  0.054  0.054   13.298   14.369    0    0  (Gen:  0)
520544096  10613112 312769152  0.018  0.018   13.477   14.549    0    0  (Gen:  0)
528205432   5263576 316544736  0.012  0.012   13.727   14.805    0    0  (Gen:  0)
534513440   5263040 319060696  0.014  0.014   14.534   15.494    0    0  (Gen:  0)
535276272   5263080 319999952  0.015  0.015   15.344   16.179    0    0  (Gen:  0)
534221016   5263088 320908936  0.014  0.014   16.156   16.866    0    0  (Gen:  0)
538807688   5036920 322038424  0.014  0.014   16.978   17.556    0    0  (Gen:  0)
539143520   5007408 323290200  0.014  0.014   17.808   18.256    0    0  (Gen:  0)
533929464   5007544 324538512  0.014  0.014   18.618   18.946    0    0  (Gen:  0)
538072696   4939472 325436400  0.013  0.013   19.442   19.640    0    0  (Gen:  0)
537076800   4935272 326512928  0.014  0.014   20.266   20.335    0    0  (Gen:  0)
536404288   4422992 326630344  0.012  0.012   21.079   21.026    0    0  (Gen:  0)
535480456   4423032 327916392  0.012  0.012   21.894   21.716    0    0  (Gen:  0)
534839448   4423120 329095256  0.012  0.012   22.706   22.405    0    0  (Gen:  0)
533040584   4423152 330169504  0.012  0.012   23.517   23.094    0    0  (Gen:  0)
538029504   4423184 331308608  0.012  0.012   24.335   23.790    0    0  (Gen:  0)
534581200   4423264 332476640  0.012  0.012   25.145   24.475    0    0  (Gen:  0)
534597264   4423312 333485904  0.012  0.012   25.957   25.165    0    0  (Gen:  0)
538238792   4423328 334659880  0.012  0.012   26.776   25.861    0    0  (Gen:  0)
537743776   4423408 335875024  0.012  0.012   27.598   26.559    0    0  (Gen:  0)
532679552   4423496 336970784  0.013  0.013   28.410   27.246    0    0  (Gen:  0)
535865320   4423496 338102232  0.012  0.013   29.225   27.939    0    0  (Gen:  0)
532858640   4423496 339194264  0.012  0.012   30.035   28.629    0    0  (Gen:  0)
533811184   4423608 340299968  0.013  0.013   30.848   29.319    0    0  (Gen:  0)
534727384   4423688 341440288  0.013  0.013   31.662   30.009    0    0  (Gen:  0)
538217592   4652952 342570080  0.013  0.013   32.492   30.721    0    0  (Gen:  0)
531735144   4652968 343652792  0.013  0.013   33.301   31.406    0    0  (Gen:  0)
537830880   4668992 344788504  0.013  0.013   34.122   32.104    0    0  (Gen:  0)
537450736   4669000 345944984  0.013  0.013   34.937   32.799    0    0  (Gen:  0)
533293416   4707168 347061808  0.013  0.013   35.749   33.484    0    0  (Gen:  0)
537977528   4740336 348247744  0.013  0.013   36.571   34.183    0    0  (Gen:  0)
536721464   4740400 349561728  0.013  0.013   37.386   34.876    0    0  (Gen:  0)
535691680   4691040 350483032  0.013  0.013   38.204   35.571    0    0  (Gen:  0)
530826984   4705584 351641008  0.013  0.013   39.014   36.257    0    0  (Gen:  0)
533258472   4698512 352820408  0.013  0.013   39.829   36.948    0    0  (Gen:  0)
535084048   4683976 353775568  0.013  0.013   40.644   37.641    0    0  (Gen:  0)
536071728   4683976 354864512  0.014  0.014   41.463   38.336    0    0  (Gen:  0)
533323344   4683984 356039856  0.013  0.013   42.276   39.026    0    0  (Gen:  0)
539347752   4684040 357086480  0.013  0.013   43.103   39.730    0    0  (Gen:  0)
536554328   4625056 358317888  0.013  0.013   43.918   40.420    0    0  (Gen:  0)
535898576   4625136 359360320  0.013  0.013   44.734   41.111    0    0  (Gen:  0)
532073736   4625144 360471416  0.013  0.013   45.548   41.799    0    0  (Gen:  0)
534478208   4617152 361676160  0.013  0.013   46.362   42.488    0    0  (Gen:  0)
533872600   4617176 362611336  0.013  0.013   47.177   43.178    0    0  (Gen:  0)
534709864   4617184 363841792  0.014  0.014   47.992   43.867    0    0  (Gen:  0)
535093264   4617248 364917872  0.013  0.013   48.809   44.556    0    0  (Gen:  0)
534945336   4617360 366025096  0.013  0.013   49.627   45.251    0    0  (Gen:  0)
536835040   4617448 367232952  0.014  0.014   50.445   45.945    0    0  (Gen:  0)
535172312   4650568 368329360  0.013  0.014   51.263   46.639    0    0  (Gen:  0)
533228920   4650600 369438480  0.013  0.013   52.080   47.330    0    0  (Gen:  0)
537314496   4650592 370597096  0.013  0.013   52.902   48.030    0    0  (Gen:  0)
536329928   4650656 371554112  0.014  0.014   53.719   48.723    0    0  (Gen:  0)
195890560 262532744 298013304  0.446  0.499   54.474   50.174    0    0  (Gen:  1)
   100144  11155000  18146792  0.016  0.037   54.491   50.212    0    0  (Gen:  1)
     1368                      0.000  0.000

  39,350,349,136 bytes allocated in the heap
   1,236,612,976 bytes copied during GC
     298,013,304 bytes maximum residency (5 sample(s))
       4,955,528 bytes maximum slop
             284 MB total memory in use (0 MB lost due to fragmentation)

                                     Tot time (elapsed)  Avg pause  Max pause
  Gen  0        70 colls,     0 par    1.974s   2.022s     0.0289s    0.1675s
  Gen  1         5 colls,     0 par    1.113s   1.271s     0.2542s    0.4986s

  TASKS: 22 (1 bound, 21 peak workers (21 total), using -N4)

  SPARKS: 0 (0 converted, 0 overflowed, 0 dud, 0 GC'd, 0 fizzled)

  INIT    time    0.001s  (  0.006s elapsed)
  MUT     time   51.402s  ( 46.913s elapsed)
  GC      time    3.087s  (  3.293s elapsed)
  EXIT    time    0.000s  (  0.009s elapsed)
  Total   time   54.491s  ( 50.221s elapsed)

  Alloc rate    765,534,698 bytes per MUT second

  Productivity  94.3% of total user, 93.4% of total elapsed

