bench-hist/interface_files/ghcide --lsp --cwd bench/example/Cabal-3.0.0.0 +RTS -I0 -qg -A128M -Scode_actions.benchmark-gcStats -I0.5 
    Alloc    Copied     Live     GC     GC      TOT      TOT  Page Flts
    bytes     bytes     bytes   user   elap     user     elap
541959936      2160  28431224  0.072  0.080    0.670    6.042    0    0  (Gen:  0)
543938800      6176  45386656  0.102  0.119    1.075    6.703    0    0  (Gen:  1)
535833040      5472  64589440  0.067  0.069    1.421    7.170    0    0  (Gen:  0)
530337912      5512  85738800  0.083  0.090    1.742    7.613    0    0  (Gen:  0)
538425536      6816 100949264  0.180  0.205    2.209    8.387    0    0  (Gen:  1)
535788912      5496 120196240  0.066  0.067    2.634    8.808    0    0  (Gen:  0)
546668064      7488 192636336  0.145  0.153    3.805    9.419    0    0  (Gen:  0)
543067544     33944 227101896  0.156  0.176    4.692    9.904    0    0  (Gen:  0)
542568264     14616 229343072  0.347  0.395    5.643   10.457    0    0  (Gen:  1)
551763712      6312 247240752  0.057  0.057    6.305   10.677    0    0  (Gen:  0)
536289016     10320 259580976  0.071  0.072    6.920   10.896    0    0  (Gen:  0)
537781144     12960 266183216  0.059  0.059    7.525   11.102    0    0  (Gen:  0)
537357176      4912 281091080  0.085  0.085    8.080   11.569    0    0  (Gen:  0)
531584872  24413424 281141520  0.049  0.049    8.540   11.944    0    0  (Gen:  0)
540015912  24474576 293609016  0.066  0.067    9.170   12.172    0    0  (Gen:  0)
537731432  24414104 306566272  0.075  0.075    9.817   12.398    0    0  (Gen:  0)
528504048  47477544 325516624  0.111  0.114   10.489   12.656    0    0  (Gen:  0)
535748320  47476104 329722648  0.079  0.079   11.034   12.856    0    0  (Gen:  0)
534693128  47474968 325710336  0.051  0.051   11.568   13.139    0    0  (Gen:  0)
529450504  47477312 327710128  0.048  0.049   12.054   13.481    0    0  (Gen:  0)
580364520  47473912 352549704  0.083  0.083   12.711   14.027    0    0  (Gen:  0)
557166704  47476296 382087184  0.095  0.095   13.453   14.616    0   33  (Gen:  0)
539561640  47474240 390298784  0.052  0.052   13.938   15.031    1   87  (Gen:  0)
535399296  47474472 402471376  0.017  0.017   14.378   15.407    2    0  (Gen:  0)
539962360  47474512 414415656  0.017  0.017   14.819   15.785    0    0  (Gen:  0)
537555416  47474512 426576864  0.021  0.023   15.263   16.167    0    0  (Gen:  0)
394692352 281356680 323460392  0.506  0.584   16.144   17.787    0    0  (Gen:  1)
   104576  12332720  19827080  0.018  0.046   16.163   17.833    0    0  (Gen:  1)
     1584                      0.000  0.000

  14,444,315,720 bytes allocated in the heap
     841,867,560 bytes copied during GC
     323,460,392 bytes maximum residency (5 sample(s))
       4,502,232 bytes maximum slop
             308 MB total memory in use (0 MB lost due to fragmentation)

                                     Tot time (elapsed)  Avg pause  Max pause
  Gen  0        23 colls,     0 par    1.626s   1.681s     0.0731s    0.1760s
  Gen  1         5 colls,     0 par    1.153s   1.349s     0.2697s    0.5842s

  TASKS: 21 (1 bound, 20 peak workers (20 total), using -N4)

  SPARKS: 0 (0 converted, 0 overflowed, 0 dud, 0 GC'd, 0 fizzled)

  INIT    time    0.001s  (  0.006s elapsed)
  MUT     time   13.382s  ( 14.798s elapsed)
  GC      time    2.779s  (  3.030s elapsed)
  EXIT    time    0.000s  (  0.009s elapsed)
  Total   time   16.163s  ( 17.842s elapsed)

  Alloc rate    1,079,346,503 bytes per MUT second

  Productivity  82.8% of total user, 82.9% of total elapsed

