bench-hist/interface_files/ghcide --lsp --cwd bench/example/Cabal-3.0.0.0 +RTS -I0 -qg -A128M -Scode_actions_after_edit.benchmark-gcStats -I0.5 
    Alloc    Copied     Live     GC     GC      TOT      TOT  Page Flts
    bytes     bytes     bytes   user   elap     user     elap
545736496      2160  28617096  0.073  0.081    0.697    6.192    0    0  (Gen:  0)
540484648      6168  45383256  0.102  0.118    1.119    6.892    0    0  (Gen:  1)
534412496      6048  64543480  0.070  0.073    1.488    7.416    0    0  (Gen:  0)
529711960  37994776  86283112  0.086  0.093    1.823    7.872    0    0  (Gen:  0)
539929624  37996096 100921400  0.189  0.214    2.311    8.683    0    0  (Gen:  1)
534737856  37994776 120395944  0.067  0.068    2.748    9.125    0    0  (Gen:  0)
544971768  37996768 191620896  0.145  0.152    3.920    9.737    0    0  (Gen:  0)
537316768  75463448 224463096  0.149  0.167    4.792   10.212    0    0  (Gen:  0)
546666016  75442280 245903456  0.403  0.457    5.913   10.879    0    0  (Gen:  1)
551107392  35465384 251021176  0.068  0.068    6.516   11.147    0    0  (Gen:  0)
538830192  35464104 253778304  0.045  0.045    7.055   11.358    0    0  (Gen:  0)
543268960  35809528 277201520  0.087  0.088    7.734   11.601    0    0  (Gen:  0)
534894288  35810584 279819104  0.081  0.081    8.367   11.925    0    0  (Gen:  0)
536634576  35807376 288983776  0.047  0.047    8.812   12.303    0    0  (Gen:  0)
541913736  35808768 302025272  0.067  0.067    9.471   12.530    0    0  (Gen:  0)
532520672  35862024 313049568  0.073  0.073   10.068   12.746    0    0  (Gen:  0)
539238592  35808696 319809456  0.071  0.071   10.758   12.993    0    0  (Gen:  0)
534473008  35808512 315222568  0.044  0.045   11.241   13.201    0    0  (Gen:  0)
535066056  20840376 326682528  0.051  0.052   11.776   13.486    0    0  (Gen:  0)
530228712  20839968 326771368  0.046  0.046   12.274   13.836    0    0  (Gen:  0)
576438176  20839344 350135752  0.076  0.078   12.904   14.354    0    0  (Gen:  0)
556028464  20841696 381357272  0.093  0.093   13.661   14.957    0    0  (Gen:  0)
588507824  20839744 394339000  0.089  0.095   14.368   15.597    0    0  (Gen:  0)
551542400  20846760 415137824  0.078  0.078   15.115   16.261    0    0  (Gen:  0)
548947680  42703112 434897056  0.084  0.085   15.866   16.931    0    0  (Gen:  0)
544045640  41781472 454195264  0.084  0.085   16.613   17.601    0    0  (Gen:  0)
544403944  41780448 420572984  0.717  0.829   18.003   19.027    0    0  (Gen:  1)
543787984  41780744 440410224  0.094  0.095   18.766   19.723    0    0  (Gen:  0)
549023616  41780592 460518288  0.089  0.090   19.519   20.407    0    0  (Gen:  0)
544718680  43163648 479799656  0.088  0.089   20.266   21.087    0    0  (Gen:  0)
541874632  43163736 499429368  0.091  0.092   21.017   21.768    0    0  (Gen:  0)
546920816  43163632 518047840  0.088  0.088   21.780   22.464    0    0  (Gen:  0)
542793288  43163784 534666000  0.080  0.081   22.529   23.147    0    0  (Gen:  0)
545180800  43164208 548609392  0.073  0.074   23.263   23.830    0    0  (Gen:  0)
544816224  43163600 567462632  0.075  0.076   23.972   24.506    0    0  (Gen:  0)
550819984  43163624 586439144  0.086  0.088   24.760   25.242    0    0  (Gen:  0)
546262328  43163624 605122744  0.082  0.082   25.500   25.900    0    0  (Gen:  0)
543075888  43163656 623332504  0.084  0.084   26.262   26.585    0    0  (Gen:  0)
540061488  43164672 642984848  0.089  0.089   27.046   27.298    0    0  (Gen:  0)
548743592  43163688 661972384  0.082  0.083   27.808   27.990    0    0  (Gen:  0)
543874320  43163928 678424384  0.075  0.075   28.554   28.670    0    0  (Gen:  0)
545775776  43169288 692728312  0.074  0.075   29.257   29.342    0    0  (Gen:  0)
548982536  43163768 711238112  0.077  0.078   30.020   30.047    0    0  (Gen:  0)
547993272  43168672 729518944  0.082  0.082   30.763   30.701    0    0  (Gen:  0)
548109576  43163840 746948736  0.081  0.081   31.560   31.431    0    0  (Gen:  0)
546728088  43163848 767630632  0.084  0.085   32.336   32.141    0    0  (Gen:  0)
542747328  43163856 784091568  0.080  0.080   33.092   32.824    0    0  (Gen:  0)
545504664  43164608 798255640  0.070  0.070   33.808   33.516    0    0  (Gen:  0)
546569760  43163888 816620048  0.076  0.077   34.566   34.213    0    0  (Gen:  0)
547134640  43163376 834342872  1.494  1.714   36.722   36.499    0    0  (Gen:  1)
541270016  43166288 853612520  0.087  0.088   37.521   37.233    0    0  (Gen:  0)
547297272  38194832 870729152  0.077  0.077   38.284   37.926    0    0  (Gen:  0)
545246872  38195248 884201376  0.070  0.070   39.000   38.611    0    0  (Gen:  0)
551305088  38194872 902584952  0.075  0.075   39.781   39.342    0    0  (Gen:  0)
547215736  38194896 920244888  0.080  0.080   40.536   40.008    0    0  (Gen:  0)
542819384  38195904 940002584  0.086  0.087   41.328   40.725    0    0  (Gen:  0)
551677992  38194920 956851120  0.076  0.076   42.079   41.406    0    0  (Gen:  0)
541340784  38195584 969998200  0.070  0.070   42.778   42.088    0    0  (Gen:  0)
543313224  38194920 988077448  0.076  0.076   43.518   42.737    0    0  (Gen:  0)
537410784  40031560 1007111944  0.088  0.089   44.339   43.493    0    0  (Gen:  0)
551270368  37677008 1023932752  0.076  0.077   45.103   44.184    0    0  (Gen:  0)
543716048  33544656 1037197712  0.070  0.070   45.818   44.883    0    0  (Gen:  0)
544382488  33544328 1055254200  0.075  0.075   46.569   45.543    0    0  (Gen:  0)
537543976  40007496 1074319928  0.083  0.084   47.370   46.270    0    0  (Gen:  0)
547714008  37080040 1090478144  0.076  0.076   48.130   46.956    0    0  (Gen:  0)
543268304  33316072 1104235704  0.071  0.072   48.840   47.651    0    0  (Gen:  0)
540628200  33315464 1121527616  0.076  0.078   49.586   48.305    0    0  (Gen:  0)
543787296  33318104 1141939840  0.093  0.096   50.384   49.036    0    0  (Gen:  0)
548290248  32999864 1152753152  0.067  0.067   51.143   49.743    0    0  (Gen:  0)
544442816  32999848 1171003240  0.073  0.074   51.877   50.435    0    0  (Gen:  0)
537547784  32999936 1189535032  0.085  0.085   52.658   51.132    0    0  (Gen:  0)
548314768  32999952 1206177056  0.076  0.076   53.426   51.829    0    0  (Gen:  0)
545250320  33000904 1219395760  0.071  0.072   54.156   52.543    0    0  (Gen:  0)
539779352  33004680 1236070672  0.069  0.069   54.904   53.198    0    0  (Gen:  0)
546404424  32999984 1256511664  0.084  0.085   55.688   53.911    0    0  (Gen:  0)
525077184 290425264 332898240  0.446  0.462   56.818   55.700    0    0  (Gen:  1)
   104320  12349384  20188792  0.017  0.061   56.836   55.762    0    0  (Gen:  1)
     1368                      0.000  0.000

  41,369,977,648 bytes allocated in the heap
   3,070,214,704 bytes copied during GC
     834,342,872 bytes maximum residency (7 sample(s))
       6,557,736 bytes maximum slop
             795 MB total memory in use (0 MB lost due to fragmentation)

                                     Tot time (elapsed)  Avg pause  Max pause
  Gen  0        70 colls,     0 par    5.511s   5.586s     0.0798s    0.1673s
  Gen  1         7 colls,     0 par    3.367s   3.856s     0.5508s    1.7143s

  TASKS: 21 (1 bound, 20 peak workers (20 total), using -N4)

  SPARKS: 0 (0 converted, 0 overflowed, 0 dud, 0 GC'd, 0 fizzled)

  INIT    time    0.001s  (  0.006s elapsed)
  MUT     time   47.956s  ( 46.314s elapsed)
  GC      time    8.878s  (  9.442s elapsed)
  EXIT    time    0.000s  (  0.010s elapsed)
  Total   time   56.836s  ( 55.772s elapsed)

  Alloc rate    862,661,857 bytes per MUT second

  Productivity  84.4% of total user, 83.0% of total elapsed

