bench-hist/interface_files/ghcide --lsp --cwd bench/example/Cabal-3.0.0.0 +RTS -I0 -qg -A128M -SdocumentSymbols_after_edit.benchmark-gcStats -I0.5 
    Alloc    Copied     Live     GC     GC      TOT      TOT  Page Flts
    bytes     bytes     bytes   user   elap     user     elap
544847856      2160  28590944  0.073  0.085    0.681    6.131  120 3764  (Gen:  0)
543922368      6192  45457456  0.112  0.300    1.096    6.973 6368   16  (Gen:  1)
533262024  32670216  64654032  0.067  0.069    1.439    7.439    0    0  (Gen:  0)
532174392  32669640  86535408  0.085  0.091    1.763    7.881    0    0  (Gen:  0)
537464952  32670992 101036192  0.184  0.208    2.231    8.654    0    1  (Gen:  1)
536631720  32669640 120460744  0.067  0.068    2.663    9.080    0    6  (Gen:  0)
545944752  72163624 192815168  0.143  0.150    3.867    9.693    0  364  (Gen:  0)
547159112  72192096 229051568  0.149  0.169    4.782   10.177    7  288  (Gen:  0)
538790312  72180080 237964144  0.376  0.424    5.844   10.790    0   42  (Gen:  1)
550084288  72164288 253935176  0.074  0.074    6.513   11.021    0   16  (Gen:  0)
533976032  72170536 265870784  0.086  0.086    7.137   11.258    0   23  (Gen:  0)
544901240  72171016 261903376  0.043  0.043    7.716   11.442    0   12  (Gen:  0)
536645936  30726576 280047672  0.081  0.081    8.279   11.913    0    0  (Gen:  0)
534990192  30725488 281365696  0.049  0.049    8.735   12.290    0    1  (Gen:  0)
548162864  23191520 286747144  0.051  0.051    9.351   12.490    0    1  (Gen:  0)
532879288  23140760 318097800  0.119  0.121   10.119   12.787    0    1  (Gen:  0)
529509912  23141152 332444568  0.121  0.122   10.672   13.019    0    5  (Gen:  0)
546443120  23048824 324560328  0.052  0.052   11.254   13.233    0    1  (Gen:  0)
532809704  23049792 322050552  0.049  0.049   11.736   13.561    0    4  (Gen:  0)
531797744  20964176 324872720  0.046  0.046   12.221   13.902    0    2  (Gen:  0)
582438680  40191928 350142456  0.083  0.083   12.891   14.456    1    5  (Gen:  0)
567939304  40191880 371580800  0.086  0.086   13.259   14.842    0    2  (Gen:  0)
567456000  40191728 395115312  0.080  0.080   13.618   15.217    0    0  (Gen:  0)
560833440  40191720 418542136  0.081  0.085   13.973   15.592    0    0  (Gen:  0)
560808592  44371656 441737256  0.084  0.091   14.330   15.973    0    0  (Gen:  0)
572531216  44488776 465209248  0.087  0.096   14.696   16.365    0    0  (Gen:  0)
564069632 405309432 449224608  0.723  0.830   15.693   17.486    0    0  (Gen:  1)
567415272  43808424 472233248  0.078  0.078   16.051   17.862    0    0  (Gen:  0)
563947112  43808408 495212424  0.078  0.078   16.403   18.231    0    0  (Gen:  0)
563968752  43808408 517933192  0.076  0.076   16.755   18.598    0    0  (Gen:  0)
565405896  43323792 540852008  0.077  0.077   17.110   18.970    0    0  (Gen:  0)
568077520  43455856 563808392  0.077  0.078   17.468   19.345    0    0  (Gen:  0)
570934736  43455856 586877440  0.077  0.077   17.825   19.718    0    0  (Gen:  0)
564004976  43455848 610193792  0.077  0.077   18.176   20.082    0    0  (Gen:  0)
568126392  43455848 633108048  0.077  0.077   18.532   20.456    0    0  (Gen:  0)
573855552  43455848 656172408  0.077  0.078   18.893   20.834    0    0  (Gen:  0)
561578680  43455848 679592072  0.078  0.078   19.244   21.202    0    0  (Gen:  0)
628695944  43455864 712912984  0.129  0.129   19.721   21.708    0    0  (Gen:  0)
205768552  11180768  18020696  0.020  0.050   19.999   22.564    0    1  (Gen:  1)
     1584                      0.000  0.000

  21,260,255,640 bytes allocated in the heap
   1,906,776,656 bytes copied during GC
     449,224,608 bytes maximum residency (5 sample(s))
       6,226,016 bytes maximum slop
             428 MB total memory in use (0 MB lost due to fragmentation)

                                     Tot time (elapsed)  Avg pause  Max pause
  Gen  0        34 colls,     0 par    2.755s   2.830s     0.0832s    0.1688s
  Gen  1         5 colls,     0 par    1.416s   1.812s     0.3624s    0.8303s

  TASKS: 21 (1 bound, 20 peak workers (20 total), using -N4)

  SPARKS: 0 (0 converted, 0 overflowed, 0 dud, 0 GC'd, 0 fizzled)

  INIT    time    0.001s  (  0.010s elapsed)
  MUT     time   15.826s  ( 17.912s elapsed)
  GC      time    4.171s  (  4.642s elapsed)
  EXIT    time    0.001s  (  0.007s elapsed)
  Total   time   20.000s  ( 22.571s elapsed)

  Alloc rate    1,343,338,428 bytes per MUT second

  Productivity  79.1% of total user, 79.4% of total elapsed

