bench-hist/interface_files/ghcide --lsp --cwd bench/example/Cabal-3.0.0.0 +RTS -I0 -qg -A128M -Sedit.benchmark-gcStats -I0.5 
    Alloc    Copied     Live     GC     GC      TOT      TOT  Page Flts
    bytes     bytes     bytes   user   elap     user     elap
543705416      2160  28468440  0.073  0.080    0.672    6.141    0    0  (Gen:  0)
541673720      6176  45374544  0.101  0.118    1.071    6.796    0    0  (Gen:  1)
535921704  32675592  64555720  0.068  0.070    1.416    7.260    0    0  (Gen:  0)
533167176  32675592  85803424  0.085  0.091    1.740    7.698    0    0  (Gen:  0)
541107256  93425008 101163520  0.183  0.207    2.209    8.474    0    0  (Gen:  1)
532817712  93423648 120490056  0.067  0.067    2.638    8.895    0    0  (Gen:  0)
550382800  93425656 192558992  0.146  0.154    3.792    9.492    0    0  (Gen:  0)
548331632  93450320 232710520  0.157  0.177    4.698    9.992    0    0  (Gen:  0)
542604640  93427680 238127248  0.373  0.423    5.725   10.593    0    0  (Gen:  1)
538410008  93426384 250016008  0.065  0.065    6.328   10.836    0    0  (Gen:  0)
536415192  93423696 253665064  0.046  0.047    6.852   11.043    0    0  (Gen:  0)
540072072  93424848 268162920  0.067  0.068    7.522   11.277    0    0  (Gen:  0)
539526752  37358584 279065448  0.085  0.085    8.121   11.637    0    0  (Gen:  0)
535147792  37356176 289929912  0.056  0.056    8.578   12.021    0    0  (Gen:  0)
540602168  36692288 309222296  0.086  0.088    9.263   12.271    0    0  (Gen:  0)
532679072  36639120 327260440  0.103  0.105    9.849   12.500    0    0  (Gen:  0)
536276744  29273488 324609328  0.070  0.070   10.525   12.746    0    0  (Gen:  0)
533748944  29274008 327461384  0.056  0.056   10.996   12.943    0    0  (Gen:  0)
539098968  29273816 331500160  0.053  0.053   11.528   13.236    0    0  (Gen:  0)
532634928  29273608 331874040  0.046  0.046   12.023   13.584    0    0  (Gen:  0)
578226848  29272960 355540880  0.076  0.076   12.665   14.111    0    0  (Gen:  0)
542334136  29272720 375416272  0.090  0.090   13.415   14.784    0    0  (Gen:  0)
546223928  44030056 396444376  0.087  0.087   14.156   15.451    0    0  (Gen:  0)
548641584  42796704 416630656  0.084  0.084   14.926   16.161    0    0  (Gen:  0)
544916136  41524016 436536944  0.082  0.082   15.710   16.830    0    0  (Gen:  0)
545601504  41524016 462376776  0.103  0.111   16.489   17.522    0    0  (Gen:  0)
544129640  48873264 482166144  0.102  0.110   17.250   18.213    0    0  (Gen:  0)
548230528  48876600 457456992  0.788  0.897   18.711   19.714    0    0  (Gen:  1)
547584312  48872864 477430536  0.084  0.084   19.456   20.398    0    0  (Gen:  0)
541774064  48872856 500598096  0.089  0.089   20.247   21.075    0    0  (Gen:  0)
540061296  48885032 523511776  0.099  0.099   21.002   21.748    0    0  (Gen:  0)
539644752  44572752 542957208  0.089  0.090   21.734   22.408    0    0  (Gen:  0)
544706824  44068496 563556728  0.089  0.089   22.482   23.091    0    0  (Gen:  0)
543898000  44068512 583459672  0.083  0.083   23.226   23.773    0    0  (Gen:  0)
544033864  44068504 605559664  0.087  0.087   24.017   24.450    0    0  (Gen:  0)
545114496  44077176 629920984  0.100  0.100   24.783   25.132    0    0  (Gen:  0)
538990360  44068880 649141384  0.092  0.092   25.516   25.792    0    0  (Gen:  0)
548424928  44068576 669751112  0.089  0.089   26.274   26.488    0    0  (Gen:  0)
544368200  44068608 689681344  0.085  0.085   27.017   27.165    0    0  (Gen:  0)
545326032  44068648 712678176  0.089  0.089   27.813   27.846    0    0  (Gen:  0)
540872144  49066904 736299176  0.101  0.101   28.578   28.528    0    0  (Gen:  0)
541393432  49059432 755530928  0.090  0.091   29.313   29.191    0    0  (Gen:  0)
545276256  49059224 775932168  0.088  0.088   30.072   29.888    0    0  (Gen:  0)
545994120  41912216 795895520  0.085  0.085   30.817   30.567    0    0  (Gen:  0)
547495584  41912208 819887896  0.091  0.092   31.618   31.255    0    0  (Gen:  0)
541424136  49314088 842658136  0.100  0.101   32.384   31.937    0    0  (Gen:  0)
542239656  49311232 862044424  0.092  0.092   33.116   32.597    0    0  (Gen:  0)
545893304  49315856 882225208  0.091  0.092   33.885   33.306    0    0  (Gen:  0)
546553384  49311112 901887920  0.087  0.091   34.637   33.985    0    0  (Gen:  0)
548643288  49310712 927522456  1.637  1.877   36.978   36.457    0    0  (Gen:  1)
543268336  49311112 948454832  0.100  0.100   37.749   37.148    0    0  (Gen:  0)
546892744  49310768 968053328  0.089  0.089   38.480   37.808    0    0  (Gen:  0)
550789848  49310744 988467792  0.085  0.086   39.262   38.532    0    0  (Gen:  0)
545661256  41641488 1008420104  0.084  0.084   40.031   39.201    0    0  (Gen:  0)
539677576  41641504 1033132376  0.098  0.098   40.810   39.886    0    0  (Gen:  0)
543209168  48852584 1053967552  0.097  0.098   41.574   40.574    0    0  (Gen:  0)
549438024  48852192 1074497272  0.089  0.089   42.322   41.255    0    0  (Gen:  0)
548661440  48852192 1094679336  0.085  0.086   43.091   41.965    0    0  (Gen:  0)
546954016  48852216 1114995056  0.085  0.085   43.886   42.643    0    0  (Gen:  0)
539411744  48852632 1140340056  0.099  0.099   44.650   43.323    0    0  (Gen:  0)
539321136  48852496 1159945160  0.095  0.096   45.401   44.000    0    0  (Gen:  0)
550530048  48852336 1180962432  0.089  0.090   46.161   44.695    0    0  (Gen:  0)
543943600  48852368 1200984864  0.086  0.087   46.922   45.397    0    0  (Gen:  0)
544160248  42650720 1221776544  0.087  0.087   47.722   46.079    0    0  (Gen:  0)
543949720  42651696 1247173168  0.101  0.101   48.493   46.766    0    0  (Gen:  0)
539216416  42651120 1266505360  0.096  0.096   49.250   47.448    0    0  (Gen:  0)
548831056  42652424 1287336632  0.093  0.093   50.025   48.164    0    0  (Gen:  0)
542626472  42650856 1307324032  0.086  0.086   50.783   48.864    0    0  (Gen:  0)
540833392  41573888 1327037784  0.086  0.086   51.574   49.539    0    0  (Gen:  0)
542751848  41573896 1353012224  0.100  0.100   52.343   50.231    0    0  (Gen:  0)
540925168  41574472 1372755200  0.096  0.097   53.094   50.909    0    0  (Gen:  0)
549079800  44152288 1393601512  0.090  0.090   53.853   51.603    0    0  (Gen:  0)
550066272  44152304 1413713424  0.086  0.087   54.615   52.307    0    0  (Gen:  0)
541108896  44445336 1436171920  0.090  0.091   55.416   52.992    0    0  (Gen:  0)
542845320  48781992 1459934448  0.102  0.103   56.192   53.685    0    0  (Gen:  0)
541273320  48773312 1479390792  0.093  0.093   56.938   54.357    0    0  (Gen:  0)
546343912  48773168 1499939464  0.089  0.089   57.703   55.057    0    0  (Gen:  0)
542834240  48773200 1519874240  0.085  0.086   58.457   55.757    0    0  (Gen:  0)
545041304  45021824 1543056776  0.090  0.090   59.262   56.445    0    0  (Gen:  0)
538425840  45029680 1566002544  0.100  0.100   60.027   57.127    0    0  (Gen:  0)
541638736  45022200 1585557504  0.092  0.092   60.773   57.799    0    0  (Gen:  0)
545254040  44145432 1606172000  0.090  0.090   61.537   58.498    0    0  (Gen:  0)
541852272  44145368 1626087088  0.086  0.086   62.296   59.194    0    0  (Gen:  0)
545467520  44145400 1647305136  0.088  0.088   63.098   59.881    0    0  (Gen:  0)
540510968  48297208 1671944960  0.101  0.101   63.871   60.568    0    0  (Gen:  0)
542554536  47392040 1691657248  0.096  0.097   64.625   61.246    0    0  (Gen:  0)
546778896  47395544 1712388464  0.090  0.090   65.388   61.943    0    0  (Gen:  0)
544883744  42401872 1732453664  0.086  0.087   66.148   62.637    0    0  (Gen:  0)
546847752  42401904 1755737856  0.091  0.091   66.957   63.329    0    0  (Gen:  0)
543787384  42410352 1779042128  0.108  0.113   67.741   64.034    0    0  (Gen:  0)
541309144  44941632 1798444728  0.100  0.105   68.491   64.715    0    0  (Gen:  0)
551001984  44945352 1819057200  0.097  0.105   69.277   65.445    0    0  (Gen:  0)
545558808  44940024 1837828752  3.334  3.834   73.290   69.880    0    0  (Gen:  1)
546718376  44940032 1862903752  0.094  0.094   74.103   70.576    0    0  (Gen:  0)
543159840  44943432 1885023240  0.104  0.104   74.891   71.281    0    0  (Gen:  0)
538262480  44940184 1904371728  0.092  0.092   75.638   71.948    0    0  (Gen:  0)
549041336  44944680 1924683064  0.090  0.090   76.432   72.681    0    0  (Gen:  0)
546181120  44940080 1944719504  0.086  0.086   77.204   73.370    0    0  (Gen:  0)
542388240  44940192 1969751568  0.095  0.095   78.022   74.072    0    0  (Gen:  0)
540285984  44941528 1991242256  0.102  0.103   78.811   74.774    0    0  (Gen:  0)
541847096  44940312 2010688640  0.093  0.093   79.563   75.448    0    0  (Gen:  0)
548062248  44128336 2031090656  0.090  0.090   80.356   76.177    0    0  (Gen:  0)
544014512  44128384 2050839288  0.086  0.086   81.126   76.864    0    0  (Gen:  0)
545368600  44128376 2076515840  0.095  0.096   81.938   77.563    0    0  (Gen:  0)
545680352  49248568 2097519248  0.101  0.101   82.730   78.267    0    0  (Gen:  0)
551523944  49248320 2117155480  0.091  0.091   83.489   78.948    0    0  (Gen:  0)
548214824  49248296 2137476832  0.087  0.087   84.286   79.683    0    0  (Gen:  0)
546555296  49248304 2157540712  0.092  0.092   85.081   80.370    0    0  (Gen:  0)
545374880  49248296 2182609656  0.108  0.108   85.914   81.107    0    0  (Gen:  0)
540198768  49248808 2202597936  0.097  0.098   86.708   81.823    0    0  (Gen:  0)
546402872  49249016 2223746568  0.090  0.091   87.469   82.509    0    0  (Gen:  0)
437867568 2183166888 2240751784  3.709  3.949   91.765   87.700    0    0  (Gen:  1)
   104736  11177376  18072472  0.037  0.233   91.802   87.933    0    0  (Gen:  1)
     1368                      0.000  0.000

  60,795,113,816 bytes allocated in the heap
   7,416,932,616 bytes copied during GC
   2,240,751,784 bytes maximum residency (8 sample(s))
      11,863,896 bytes maximum slop
            2136 MB total memory in use (0 MB lost due to fragmentation)

                                     Tot time (elapsed)  Avg pause  Max pause
  Gen  0       105 colls,     0 par    9.425s   9.534s     0.0908s    0.1773s
  Gen  1         8 colls,     0 par   10.162s  11.536s     1.4420s    3.9487s

  TASKS: 21 (1 bound, 20 peak workers (20 total), using -N4)

  SPARKS: 0 (0 converted, 0 overflowed, 0 dud, 0 GC'd, 0 fizzled)

  INIT    time    0.001s  (  0.006s elapsed)
  MUT     time   72.214s  ( 66.857s elapsed)
  GC      time   19.587s  ( 21.071s elapsed)
  EXIT    time    0.000s  (  0.005s elapsed)
  Total   time   91.802s  ( 87.938s elapsed)

  Alloc rate    841,876,418 bytes per MUT second

  Productivity  78.7% of total user, 76.0% of total elapsed

