bench-hist/interface_files/ghcide --lsp --cwd bench/example/Cabal-3.0.0.0 +RTS -I0 -qg -A128M -SgetDefinition.benchmark-gcStats -I0.5 
    Alloc    Copied     Live     GC     GC      TOT      TOT  Page Flts
    bytes     bytes     bytes   user   elap     user     elap
551389520      2160  28810920  0.072  0.080    0.678    6.787    0 1429  (Gen:  0)
540156216      6176  45532512  0.102  0.118    1.074    7.436    0    0  (Gen:  1)
537244248      5480  65047880  0.066  0.068    1.420    7.902    0    0  (Gen:  0)
533406760      5496  86044120  0.083  0.090    1.744    8.343    0    0  (Gen:  0)
539488056      6840 101438696  0.182  0.206    2.212    9.120    0    0  (Gen:  1)
535512544      5488 120915680  0.068  0.069    2.658    9.549    0    0  (Gen:  0)
543938320  72247664 193390608  0.146  0.153    3.809   10.197    0    0  (Gen:  0)
539704880  72259904 228332776  0.152  0.172    4.689   10.691    0    0  (Gen:  0)
545125448 198772896 233119176  0.365  0.416    5.690   11.276    0    0  (Gen:  1)
550119528 198777880 250344728  0.071  0.071    6.330   11.538    0    0  (Gen:  0)
538959288 198769288 250480240  0.049  0.049    6.868   11.736    0    0  (Gen:  0)
545429336 198768552 254251256  0.043  0.043    7.470   11.934    0    0  (Gen:  0)
530238112 198779304 275629488  0.089  0.089    8.035   12.365    0    0  (Gen:  0)
532749936 198820000 269747824  0.038  0.038    8.503   12.728    0    0  (Gen:  0)
541400376 198767160 287893840  0.068  0.068    9.169   12.964    0    0  (Gen:  0)
532433704 198767016 303855296  0.087  0.087    9.772   13.185    0    0  (Gen:  0)
538917656  24101920 296490496  0.048  0.048   10.363   13.378    0    0  (Gen:  0)
531784496  24101928 297222912  0.049  0.049   10.857   13.636    0    0  (Gen:  0)
536885200  24102592 304157984  0.055  0.055   11.390   13.969    0    0  (Gen:  0)
531146384  24102472 309158280  0.050  0.050   11.875   14.307    0    0  (Gen:  0)
576828336  39820112 331720808  0.083  0.084   12.550   14.865    0    0  (Gen:  0)
532888392  39820800 336210784  0.050  0.050   12.938   15.211    0    1  (Gen:  0)
520562056  39819704 339306792  0.016  0.016   13.115   15.388    0    0  (Gen:  0)
522763952  39820416 342809992  0.013  0.013   13.489   15.752    0    1  (Gen:  0)
538836344  39819944 344147864  0.014  0.014   14.425   16.541    0    0  (Gen:  0)
534672920  39819984 345292080  0.014  0.014   15.361   17.328    0    0  (Gen:  0)
539216704  39820032 346685360  0.014  0.014   16.299   18.115    0    0  (Gen:  0)
535301944  39820056 348276504  0.014  0.014   17.231   18.895    0    0  (Gen:  0)
540187384   5245656 349421328  0.014  0.014   18.168   19.680    0    0  (Gen:  0)
537724312   5245744 350736824  0.014  0.014   19.104   20.461    0    0  (Gen:  0)
535878320   5245816 352213832  0.013  0.013   20.039   21.244    0    0  (Gen:  0)
540802024   5245888 353348936  0.014  0.014   20.978   22.029    0    0  (Gen:  0)
541017088   5245936 355141152  0.014  0.014   21.923   22.822    0    0  (Gen:  0)
538758768   5246000 356086000  0.013  0.013   22.857   23.603    0    0  (Gen:  0)
536691536   5246080 357356904  0.013  0.013   23.794   24.384    0    0  (Gen:  0)
538946056   5246080 358858864  0.013  0.014   24.732   25.169    0    0  (Gen:  0)
538790352   5246200 361069280  0.015  0.015   25.668   25.953    0    0  (Gen:  0)
535877240   5469296 362430336  0.015  0.015   26.595   26.742    0    0  (Gen:  0)
539970096   5469392 363882528  0.015  0.015   27.533   27.536    0    0  (Gen:  0)
538722904   5469496 365287520  0.016  0.016   28.467   28.333    0    0  (Gen:  0)
535398240   5469584 367075208  0.017  0.017   29.397   29.120    0    0  (Gen:  0)
537584280   5586600 367972272  0.016  0.016   30.338   29.916    0    0  (Gen:  0)
532414856   5379144 368987512  0.015  0.015   31.265   30.708    0    0  (Gen:  0)
536727808   5379264 370453048  0.015  0.015   32.212   31.500    0    0  (Gen:  0)
537698216   5379328 371702136  0.015  0.015   33.161   32.297    0    0  (Gen:  0)
540247640   5390136 373330376  0.015  0.015   34.111   33.098    0    0  (Gen:  0)
538577832   5390208 374953896  0.015  0.015   35.060   33.899    0    0  (Gen:  0)
533881336   5390248 375797184  0.014  0.014   36.006   34.690    0    0  (Gen:  0)
535010416   5390304 377663872  0.015  0.015   36.944   35.473    0    0  (Gen:  0)
540574024   5242000 378632944  0.015  0.015   37.889   36.268    0    0  (Gen:  0)
538007440   5242072 380071656  0.014  0.015   38.831   37.056    0    0  (Gen:  0)
540825288   5171080 381156616  0.014  0.014   39.779   37.852    0    0  (Gen:  0)
535046344   5171088 382356968  0.014  0.014   40.718   38.633    0    0  (Gen:  0)
542850360   5171176 383743064  0.014  0.014   41.667   39.428    0    0  (Gen:  0)
538093808   5171192 384987336  0.014  0.014   42.608   40.216    0    0  (Gen:  0)
538395256   5171216 386995728  0.015  0.015   43.553   41.007    0    0  (Gen:  0)
536950592   5171360 387931792  0.014  0.014   44.493   41.788    0    0  (Gen:  0)
537601128   5171448 390255032  0.015  0.015   45.433   42.577    0    0  (Gen:  0)
535955464   5171544 391839048  0.016  0.016   46.368   43.363    0    0  (Gen:  0)
538399568   5171592 392931472  0.016  0.016   47.309   44.158    0    0  (Gen:  0)
540796936   5171720 394473040  0.016  0.016   48.256   44.956    0    0  (Gen:  0)
540306576   5171832 395690424  0.016  0.016   49.202   45.751    0    0  (Gen:  0)
538860368   5171960 397304952  0.017  0.017   50.141   46.541    0    0  (Gen:  0)
456583808 319630600 355237552  0.545  0.618   51.508   48.558    0    0  (Gen:  1)
    99240  11185320  17843968  0.016  0.041   51.525   48.600    0    0  (Gen:  1)
     6528                      0.000  0.000

  34,367,360,088 bytes allocated in the heap
   2,665,464,864 bytes copied during GC
     355,237,552 bytes maximum residency (5 sample(s))
       5,509,456 bytes maximum slop
             338 MB total memory in use (0 MB lost due to fragmentation)

                                     Tot time (elapsed)  Avg pause  Max pause
  Gen  0        60 colls,     0 par    1.963s   2.012s     0.0335s    0.1724s
  Gen  1         5 colls,     0 par    1.210s   1.399s     0.2797s    0.6180s

  TASKS: 21 (1 bound, 20 peak workers (20 total), using -N4)

  SPARKS: 0 (0 converted, 0 overflowed, 0 dud, 0 GC'd, 0 fizzled)

  INIT    time    0.001s  (  0.005s elapsed)
  MUT     time   48.351s  ( 45.184s elapsed)
  GC      time    3.173s  (  3.410s elapsed)
  EXIT    time    0.000s  (  0.004s elapsed)
  Total   time   51.525s  ( 48.604s elapsed)

  Alloc rate    710,793,492 bytes per MUT second

  Productivity  93.8% of total user, 93.0% of total elapsed

