bench-hist/interface_files/ghcide --lsp --cwd bench/example/Cabal-3.0.0.0 +RTS -I0 -qg -A128M -Shover.benchmark-gcStats -I0.5 
    Alloc    Copied     Live     GC     GC      TOT      TOT  Page Flts
    bytes     bytes     bytes   user   elap     user     elap
546571832      2160  28700944  0.072  0.080    0.679    6.341    0    0  (Gen:  0)
543410488      6192  45465640  0.101  0.118    1.079    6.998    0    0  (Gen:  1)
536476752      5480  64854040  0.068  0.070    1.423    7.462    0    0  (Gen:  0)
532699768      5496  85954560  0.084  0.091    1.746    7.904    0    0  (Gen:  0)
535753848      6840 101202896  0.184  0.208    2.212    8.679    0    0  (Gen:  1)
534097744      5496 120648768  0.069  0.069    2.642    9.109    0    0  (Gen:  0)
546536264      7464 191909344  0.143  0.150    3.842    9.741    0    0  (Gen:  0)
545877864     20312 225070760  0.143  0.162    4.797   10.239    0    0  (Gen:  0)
541275256      7440 230480504  0.358  0.407    5.783   10.819    0    0  (Gen:  1)
549829008     11448 249258808  0.076  0.077    6.460   11.055    0    0  (Gen:  0)
533262800  34426440 263224520  0.085  0.089    7.052   11.294    0    0  (Gen:  0)
545468360  34427424 263227624  0.049  0.049    7.637   11.502    0    0  (Gen:  0)
536028896  34421296 278194720  0.082  0.082    8.217   11.944    0    0  (Gen:  0)
533559408  34469552 279949360  0.052  0.052    8.678   12.327    0    0  (Gen:  0)
546602256  29612664 294636968  0.069  0.069    9.326   12.550    0    0  (Gen:  0)
540424976  29607672 305152656  0.077  0.077    9.910   12.760    0    0  (Gen:  0)
534069360  29610720 310789360  0.078  0.078   10.610   13.003    0    0  (Gen:  0)
534067328  29609048 316492360  0.071  0.071   11.143   13.204    0    0  (Gen:  0)
533090160  19632968 317417520  0.048  0.048   11.651   13.494    0    0  (Gen:  0)
527893544  19634288 319362384  0.046  0.046   12.155   13.845    0    0  (Gen:  0)
580032248  38661080 343676896  0.080  0.082   12.804   14.386    0    0  (Gen:  0)
532454376  38661920 349158400  0.051  0.051   13.210   14.748    0    0  (Gen:  0)
520555728  38660624 351254704  0.018  0.018   13.387   14.925    0    0  (Gen:  0)
534623416  38661352 361579800  0.030  0.030   13.758   15.277    0    0  (Gen:  0)
536936240  38660872 362713728  0.012  0.012   14.684   16.051    0    0  (Gen:  0)
535963656  38660920 363992424  0.013  0.013   15.611   16.823    0    0  (Gen:  0)
537912400  38661016 365590336  0.013  0.013   16.540   17.599    0    0  (Gen:  0)
533742080  38661120 367492680  0.015  0.015   17.462   18.366    0    0  (Gen:  0)
537974080  38661200 368971280  0.015  0.015   18.389   19.157    0    0  (Gen:  0)
541788744   5443560 370459008  0.015  0.015   19.329   19.949    0    0  (Gen:  0)
536378552   5512856 371797320  0.015  0.015   20.251   20.732    0    0  (Gen:  0)
537226760   5513000 373216040  0.017  0.017   21.185   21.526    0    0  (Gen:  0)
541481424   5513016 374485392  0.016  0.016   22.122   22.312    0    0  (Gen:  0)
540695272   5513048 376138568  0.016  0.016   23.055   23.101    0    0  (Gen:  0)
539361856   5513120 377823544  0.017  0.017   23.987   23.888    0    0  (Gen:  0)
536271800   5513200 378708288  0.015  0.015   24.923   24.673    0    0  (Gen:  0)
539119248   5513296 379944736  0.015  0.015   25.856   25.456    0    0  (Gen:  0)
533022440   5513392 381130272  0.015  0.015   26.790   26.245    0    0  (Gen:  0)
535604760   5290144 382416680  0.015  0.015   27.730   27.035    0    0  (Gen:  0)
534415504   5290192 383762424  0.015  0.015   28.669   27.819    0    0  (Gen:  0)
537792976   5290216 385139680  0.015  0.015   29.609   28.606    0    0  (Gen:  0)
536070776   5290312 386515416  0.014  0.014   30.546   29.390    0    0  (Gen:  0)
543678288   5290448 387884088  0.014  0.015   31.489   30.179    0    0  (Gen:  0)
534769096   5251064 389463224  0.014  0.014   32.420   30.957    0    0  (Gen:  0)
536087064   5251104 390481176  0.014  0.014   33.357   31.741    0    0  (Gen:  0)
536101304   5251144 391710640  0.014  0.014   34.293   32.522    0    0  (Gen:  0)
539381072   5251184 393221576  0.014  0.014   35.228   33.306    0    0  (Gen:  0)
539260912   5251224 394439600  0.014  0.014   36.165   34.094    0    0  (Gen:  0)
539740968   5251368 395702312  0.014  0.014   37.107   34.884    0    0  (Gen:  0)
534567024   5393816 397808176  0.015  0.015   38.040   35.660    0    0  (Gen:  0)
538869176   5445592 399401000  0.015  0.015   38.979   36.450    0    0  (Gen:  0)
542270896   5445728 400819320  0.016  0.016   39.925   37.247    0    0  (Gen:  0)
537425816   5445704 402172656  0.016  0.016   40.860   38.037    0    0  (Gen:  0)
539026192   5508928 403609176  0.016  0.016   41.798   38.827    0    0  (Gen:  0)
538407592   5508920 404804912  0.016  0.016   42.739   39.620    0    0  (Gen:  0)
535261840   5913856 406467704  0.017  0.017   43.669   40.413    0    0  (Gen:  0)
533358376   5913896 407296832  0.015  0.015   44.604   41.200    0    0  (Gen:  0)
531428120   5325384 408489392  0.015  0.015   45.540   41.988    0    0  (Gen:  0)
533420856   5325496 409744472  0.015  0.015   46.483   42.780    0    0  (Gen:  0)
538461792   5325520 411228272  0.015  0.015   47.427   43.570    0    0  (Gen:  0)
538021992   5325568 412539592  0.015  0.015   48.373   44.360    0    0  (Gen:  0)
541715912   5325608 413778176  0.015  0.015   49.319   45.155    0    0  (Gen:  0)
538075904   5325656 415206288  0.015  0.015   50.258   45.941    0    0  (Gen:  0)
504753224 302535248 338438648  0.526  0.603   51.655   47.961    0    0  (Gen:  1)
    99264  11185352  18109864  0.016  0.041   51.671   48.002    0    0  (Gen:  1)
     6536                      0.000  0.000

  34,410,609,464 bytes allocated in the heap
   1,141,237,664 bytes copied during GC
     338,438,648 bytes maximum residency (5 sample(s))
       5,490,184 bytes maximum slop
             322 MB total memory in use (0 MB lost due to fragmentation)

                                     Tot time (elapsed)  Avg pause  Max pause
  Gen  0        60 colls,     0 par    2.069s   2.122s     0.0354s    0.1622s
  Gen  1         5 colls,     0 par    1.185s   1.377s     0.2754s    0.6035s

  TASKS: 22 (1 bound, 21 peak workers (21 total), using -N4)

  SPARKS: 0 (0 converted, 0 overflowed, 0 dud, 0 GC'd, 0 fizzled)

  INIT    time    0.001s  (  0.006s elapsed)
  MUT     time   48.416s  ( 44.497s elapsed)
  GC      time    3.254s  (  3.499s elapsed)
  EXIT    time    0.000s  (  0.007s elapsed)
  Total   time   51.672s  ( 48.009s elapsed)

  Alloc rate    710,725,602 bytes per MUT second

  Productivity  93.7% of total user, 92.7% of total elapsed

