bench-hist/interface_files/ghcide --lsp --cwd bench/example/Cabal-3.0.0.0 +RTS -I0 -qg -A128M -Shover_after_edit.benchmark-gcStats -I0.5 
    Alloc    Copied     Live     GC     GC      TOT      TOT  Page Flts
    bytes     bytes     bytes   user   elap     user     elap
544291768      2160  28529056  0.072  0.079    0.675    6.147    0    0  (Gen:  0)
542277920      6176  45399904  0.103  0.120    1.075    6.802    0    0  (Gen:  1)
533401152      5464  64466728  0.067  0.069    1.420    7.269    0    0  (Gen:  0)
533218280  38093720  85750296  0.084  0.090    1.743    7.709    0    0  (Gen:  0)
541513360  38095072 101122608  0.182  0.206    2.211    8.485    0    0  (Gen:  1)
532706336  38093680 120668792  0.068  0.068    2.641    8.911    0    0  (Gen:  0)
545661768  38095680 191750888  0.144  0.151    3.835    9.546    0    0  (Gen:  0)
539390256  73224568 218070856  0.141  0.159    4.693   10.013    0    0  (Gen:  0)
545021168 206122752 240408584  0.388  0.438    5.797   10.640    0    0  (Gen:  1)
549474152 206113000 250985096  0.072  0.073    6.425   10.884    0    0  (Gen:  0)
537877264 206113304 254942520  0.053  0.053    6.971   11.087    0    0  (Gen:  0)
542675648  30001568 267025976  0.069  0.069    7.604   11.304    0    0  (Gen:  0)
533852896  30000640 274024776  0.083  0.083    8.192   11.721    0    0  (Gen:  0)
531672800  24778448 275803320  0.047  0.047    8.632   12.099    0    0  (Gen:  0)
546910120  24832920 291443320  0.078  0.080    9.289   12.344    0    0  (Gen:  0)
540146256  24780880 294271952  0.063  0.063    9.891   12.547    0    0  (Gen:  0)
529477008  24779200 303819216  0.071  0.071   10.557   12.779    0    0  (Gen:  0)
530106384  24778392 301906232  0.043  0.043   11.024   12.976    0    0  (Gen:  0)
535746520  24779552 306237640  0.052  0.052   11.577   13.247    0    0  (Gen:  0)
532603064  24780776 306714024  0.044  0.044   12.069   13.591    0    0  (Gen:  0)
583822872  24778488 330934136  0.075  0.075   12.697   14.113    0    0  (Gen:  0)
532895824  24779392 346252360  0.073  0.074   13.216   14.592    0   19  (Gen:  0)
520436040  24778296 348307688  0.032  0.032   13.411   14.789    0    0  (Gen:  0)
520519520  24777992 351365600  0.008  0.008   13.559   14.937    0    9  (Gen:  0)
539792488  24778784 371995936  0.057  0.058   14.038   15.379    0    8  (Gen:  0)
520480960  24778224 373895864  0.028  0.028   14.224   15.565    0    0  (Gen:  0)
526214864  24778792 376035072  0.008  0.008   14.381   15.724    0    0  (Gen:  0)
528894488  16537240 391423480  0.038  0.038   14.815   16.118    0    0  (Gen:  0)
520524088  16631456 393239176  0.026  0.026   15.000   16.303    0    0  (Gen:  0)
533121208  16632240 397133248  0.012  0.012   15.202   16.517    0    0  (Gen:  0)
527234928  16579880 410823968  0.036  0.036   15.597   16.860    0    0  (Gen:  0)
520537976  15763896 412682512  0.025  0.025   15.781   17.045    0    0  (Gen:  0)
533751216  15764688 417384528  0.015  0.015   16.023   17.309    0    0  (Gen:  0)
523275624  16637072 430357912  0.035  0.035   16.377   17.605    0    0  (Gen:  0)
520328344  15900096 432645032  0.025  0.025   16.561   17.790    0    0  (Gen:  0)
532436144 335388360 372233336  0.619  0.708   17.494   18.790    0    0  (Gen:  1)
525848192  16451248 383777504  0.034  0.034   17.757   19.048    0    0  (Gen:  0)
520371872  15082920 386491128  0.025  0.025   17.940   19.232    0    0  (Gen:  0)
532591016  15083720 397752528  0.031  0.031   18.326   19.584    0    0  (Gen:  0)
527736552  16726544 403164528  0.030  0.030   18.554   19.810    0    0  (Gen:  0)
520470328   8756296 405416688  0.015  0.015   18.722   19.979    0    0  (Gen:  0)
529915456   8757096 421342448  0.040  0.040   19.149   20.371    0    0  (Gen:  0)
520616064  17007376 422503576  0.027  0.027   19.339   20.562    0    0  (Gen:  0)
520458736   4433480 425014720  0.008  0.008   19.499   20.722    0    0  (Gen:  0)
531363720  16988024 440487848  0.040  0.040   19.935   21.122    0    0  (Gen:  0)
523327552  16987528 442072000  0.025  0.025   20.117   21.304    0    0  (Gen:  0)
520487112  16987280 445130432  0.009  0.009   20.275   21.463    0    0  (Gen:  0)
532730768  16988096 460001368  0.040  0.040   20.711   21.862    0    0  (Gen:  0)
522756840  17494304 461759536  0.026  0.026   20.896   22.047    0    0  (Gen:  0)
520529136   5144568 465067184  0.009  0.009   21.051   22.203    0    0  (Gen:  0)
530743080  16925232 479488920  0.040  0.040   21.487   22.604    0    0  (Gen:  0)
521883240  16924712 481224952  0.026  0.026   21.674   22.792    0    0  (Gen:  0)
520517136  16924504 484292392  0.009  0.009   21.828   22.947    0    0  (Gen:  0)
529214408  16925328 498692952  0.040  0.040   22.264   23.347    0    0  (Gen:  0)
520646872  16924800 500654824  0.027  0.027   22.451   23.534    0    0  (Gen:  0)
520480224  16924592 503514704  0.008  0.008   22.603   23.686    0    0  (Gen:  0)
532010104  16925408 518117728  0.039  0.040   23.045   24.093    0    0  (Gen:  0)
520615152  16924920 519941192  0.027  0.027   23.233   24.281    0    0  (Gen:  0)
520511000  16924712 522836016  0.008  0.008   23.383   24.432    0    0  (Gen:  0)
532015976  16679408 537336320  0.040  0.040   23.826   24.839    0    0  (Gen:  0)
520457840  17737792 539207816  0.028  0.028   24.017   25.030    0    0  (Gen:  0)
523474744  17738368 540898368  0.007  0.007   24.173   25.188    0    0  (Gen:  0)
532004472  17741352 556672512  0.038  0.038   24.609   25.587    0    0  (Gen:  0)
520502432  17737720 558409384  0.026  0.027   24.795   25.774    0    0  (Gen:  0)
532837872  17738464 562162640  0.012  0.012   24.992   25.982    0    0  (Gen:  0)
527857968  17737920 576142704  0.036  0.036   25.390   26.335    0    0  (Gen:  0)
520561768  17737840 578023096  0.025  0.026   25.576   26.521    0    0  (Gen:  0)
536558352  17738624 582643784  0.015  0.015   25.819   26.784    0    0  (Gen:  0)
522837504  17738000 595497008  0.035  0.035   26.167   27.078    0    0  (Gen:  0)
520372512  17737888 598054248  0.026  0.026   26.353   27.266    0    0  (Gen:  0)
535755112  17738648 603132832  0.017  0.017   26.683   27.572    0    0  (Gen:  0)
522925128  17738480 614785856  0.032  0.032   26.949   27.827    0    0  (Gen:  0)
520406592  17737952 617422744  0.025  0.025   27.135   28.013    0    0  (Gen:  0)
529221056  17738752 628219872  0.029  0.029   27.507   28.353    0    0  (Gen:  0)
524168904  17738632 633950216  0.029  0.029   27.740   28.584    0    0  (Gen:  0)
520453024  17738096 636388680  0.016  0.016   27.911   28.756    0    0  (Gen:  0)
534105584  15739272 650567744  0.037  0.037   28.336   29.145    0    0  (Gen:  0)
520936512  15740976 653466384  0.027  0.027   28.530   29.339    0    0  (Gen:  0)
520452416  15738560 655915008  0.010  0.010   28.694   29.504    0    0  (Gen:  0)
535821048  15739368 671669096  0.040  0.040   29.132   29.905    0    0  (Gen:  0)
520619920  15738888 673249160  0.026  0.026   29.318   30.091    0    0  (Gen:  0)
520481216  15738640 676105904  0.009  0.009   29.477   30.251    0    0  (Gen:  0)
530275984  15739440 691006928  0.040  0.040   29.914   30.653    0    0  (Gen:  0)
520687728  15738896 692568048  0.026  0.026   30.099   30.838    0    0  (Gen:  0)
520517560  15738680 695968632  0.009  0.009   30.258   30.997    0    0  (Gen:  0)
532314648  15739496 710223904  0.040  0.040   30.699   31.403    0    0  (Gen:  0)
522806448  17514000 712071744  0.028  0.028   30.889   31.594    0    0  (Gen:  0)
520446528   5058344 715225728  0.009  0.009   31.045   31.751    0    0  (Gen:  0)
530828272   5059160 729656640  0.039  0.040   31.487   32.156    0    0  (Gen:  0)
520647296   5058712 731630232  0.027  0.027   31.674   32.344    0    0  (Gen:  0)
520474944   5058504 734647088  0.009  0.009   31.831   32.500    0    0  (Gen:  0)
529423312   5057384 671227232  1.178  1.344   33.411   34.212    0    0  (Gen:  1)
520639304   5056984 673215664  0.028  0.028   33.599   34.400    0    0  (Gen:  0)
520560480   5056776 676127944  0.008  0.009   33.755   34.557    0    0  (Gen:  0)
533421080   5057584 690591464  0.041  0.041   34.202   34.967    0    0  (Gen:  0)
520565344  17713008 692486824  0.029  0.029   34.396   35.161    0    0  (Gen:  0)
521742928   2994624 693771432  0.006  0.006   34.553   35.319    0    0  (Gen:  0)
530367320  16284928 709883064  0.039  0.039   34.990   35.718    0    0  (Gen:  0)
520498896  17368888 711834712  0.029  0.029   35.182   35.911    0    0  (Gen:  0)
530404600   4981048 715140400  0.011  0.011   35.362   36.097    0    0  (Gen:  0)
525455728   4980448 729447312  0.038  0.038   35.777   36.469    0    0  (Gen:  0)
520543280   4980360 731457048  0.026  0.026   35.965   36.658    0    0  (Gen:  0)
534853672   4981152 735813200  0.014  0.014   36.210   36.923    0    0  (Gen:  0)
525792632  16387296 748789872  0.035  0.035   36.566   37.222    0    0  (Gen:  0)
520368224  15440656 750874184  0.026  0.026   36.756   37.412    0    0  (Gen:  0)
534272544   6762576 756211400  0.017  0.017   37.051   37.703    0    0  (Gen:  0)
524350464   6762016 768359888  0.035  0.035   37.357   37.977    0    0  (Gen:  0)
520341424   6761928 771002864  0.025  0.025   37.543   38.164    0    0  (Gen:  0)
535422784   6762728 781865360  0.028  0.029   37.911   38.499    0    0  (Gen:  0)
527533144   6762744 787478760  0.029  0.029   38.154   38.739    0    0  (Gen:  0)
520452528   6762120 789971688  0.016  0.016   38.328   38.914    0    0  (Gen:  0)
535816472   6762880 803175624  0.035  0.035   38.754   39.303    0    0  (Gen:  0)
520555472   6764360 807147872  0.027  0.027   38.958   39.507    0    0  (Gen:  0)
520447104   6762184 809562576  0.012  0.012   39.124   39.673    0    0  (Gen:  0)
530369864   6762976 825181896  0.040  0.040   39.565   40.077    0    0  (Gen:  0)
520618792   6762464 826730960  0.026  0.026   39.752   40.265    0    0  (Gen:  0)
520469320   6762216 829478840  0.009  0.009   39.915   40.428    0    0  (Gen:  0)
529189664   6763032 844479152  0.040  0.040   40.356   40.833    0    0  (Gen:  0)
520675144   6762536 846257424  0.026  0.026   40.543   41.020    0    0  (Gen:  0)
520521128   6762320 849504192  0.009  0.009   40.703   41.181    0    0  (Gen:  0)
530403312   6763128 863995496  0.040  0.041   41.144   41.585    0    0  (Gen:  0)
520615696   6762600 865715656  0.026  0.026   41.331   41.772    0    0  (Gen:  0)
520483864   6762392 868864192  0.009  0.009   41.487   41.929    0    0  (Gen:  0)
529487776   6763208 883221280  0.039  0.040   41.929   42.333    0    0  (Gen:  0)
520643720   6762664 885235336  0.027  0.027   42.118   42.523    0    0  (Gen:  0)
520472648   6762456 888187864  0.009  0.009   42.274   42.679    0    0  (Gen:  0)
535144704   6763280 902731064  0.040  0.040   42.720   43.087    0    0  (Gen:  0)
520608704   6762776 904546024  0.027  0.027   42.909   43.277    0    0  (Gen:  0)
520495784   6762568 907401808  0.008  0.008   43.063   43.430    0    0  (Gen:  0)
533501520   6763384 921927920  0.039  0.040   43.510   43.841    0    0  (Gen:  0)
520490136   6762872 923988240  0.027  0.027   43.701   44.032    0    0  (Gen:  0)
520528664   6763096 924357200  0.004  0.004   43.853   44.185    0    0  (Gen:  0)
529538648  16500960 941205984  0.039  0.040   44.295   44.591    0    0  (Gen:  0)
520477936  17478192 943159544  0.027  0.027   44.487   44.783    0    0  (Gen:  0)
530001712   4626744 946061064  0.010  0.010   44.655   44.954    0    0  (Gen:  0)
526656184  16554696 960721600  0.037  0.037   45.086   45.346    0    0  (Gen:  0)
520531544  16363352 962725768  0.025  0.025   45.271   45.531    0    0  (Gen:  0)
530416272  16364176 967009928  0.014  0.014   45.501   45.779    0    0  (Gen:  0)
525249424  16363544 980069736  0.036  0.036   45.873   46.097    0    0  (Gen:  0)
520455488  16363416 981930968  0.024  0.024   46.062   46.286    0    0  (Gen:  0)
531611712   6000912 986424904  0.015  0.015   46.325   46.561    0    0  (Gen:  0)
523861560   6000304 999646128  0.035  0.036   46.661   46.848    0    0  (Gen:  0)
520380832   6000240 1002307560  0.025  0.025   46.850   47.038    0    0  (Gen:  0)
532988824   6001032 1011131552  0.024  0.024   47.198   47.362    0    0  (Gen:  0)
525887824   6007712 1018792560  0.031  0.031   47.460   47.613    0    0  (Gen:  0)
520363296   6000320 1021307968  0.018  0.018   47.640   47.794    0    0  (Gen:  0)
529027264  14231560 1033832216  0.035  0.035   48.041   48.160    0    0  (Gen:  0)
523856360  14231568 1038026616  0.029  0.029   48.258   48.376    0    0  (Gen:  0)
520426584  14230880 1040415216  0.015  0.016   48.431   48.548    0    0  (Gen:  0)
532368480  14231688 1056061280  0.041  0.041   48.870   48.951    0    0  (Gen:  0)
521269240  17045656 1057499144  0.026  0.026   49.058   49.139    0    0  (Gen:  0)
520459856   4147408 1060133784  0.008  0.008   49.221   49.303    0    0  (Gen:  0)
529990048   4148224 1075496288  0.040  0.040   49.663   49.707    0    0  (Gen:  0)
520633928   4147760 1077206504  0.026  0.026   49.849   49.894    0    0  (Gen:  0)
520497104   4147512 1080312512  0.009  0.009   50.012   50.056    0    0  (Gen:  0)
529088496   4148328 1094993888  0.041  0.041   50.458   50.465    0    0  (Gen:  0)
520620568   4147808 1096664280  0.026  0.026   50.649   50.656    0    0  (Gen:  0)
520474464   4147600 1099968584  0.009  0.009   50.811   50.819    0    0  (Gen:  0)
529823280  16853040 1114347072  0.040  0.041   51.257   51.228    0    0  (Gen:  0)
520661104  17500616 1116090064  0.026  0.026   51.444   51.415    0    0  (Gen:  0)
520463712   5041152 1119263544  0.009  0.009   51.602   51.574    0    0  (Gen:  0)
531739312   5041976 1133673632  0.040  0.040   52.050   51.984    0    0  (Gen:  0)
520637368   5041480 1135640632  0.027  0.027   52.239   52.174    0    0  (Gen:  0)
520475632   5041272 1138489896  0.008  0.009   52.396   52.332    0    0  (Gen:  0)
532083040   5042088 1152948680  0.041  0.041   52.842   52.741    0    0  (Gen:  0)
520681040   5041568 1154960752  0.027  0.027   53.032   52.932    0    0  (Gen:  0)
520559544   5041360 1157851288  0.008  0.008   53.188   53.087    0    0  (Gen:  0)
529541808   5042160 1172294904  0.040  0.041   53.633   53.495    0    0  (Gen:  0)
520491208   5041600 1174170320  0.028  0.028   53.825   53.688    0    0  (Gen:  0)
525070480   3303448 1175773488  0.006  0.006   53.985   53.849    0    0  (Gen:  0)
531885320   3305912 1191568968  0.039  0.039   54.427   54.253    0    0  (Gen:  0)
520497472   3302896 1193510720  0.027  0.028   54.617   54.443    0    0  (Gen:  0)
531191560   3303488 1197016896  0.012  0.012   54.816   54.650    0    0  (Gen:  0)
529150816   3302896 1211117928  0.037  0.037   55.230   55.019    0    0  (Gen:  0)
520548000   3302760 1212978152  0.025  0.025   55.422   55.211    0    0  (Gen:  0)
531361576   3303552 1217572512  0.015  0.015   55.667   55.476    0    0  (Gen:  0)
524233808   3302936 1230503608  0.036  0.037   56.025   55.778    0    0  (Gen:  0)
520341160   3302880 1232679600  0.026  0.026   56.215   55.968    0    0  (Gen:  0)
533779456   3303664 1237935704  0.017  0.017   56.524   56.267    0    0  (Gen:  0)
522051256  16588032 1249875864  0.034  0.034   56.820   56.537    0    0  (Gen:  0)
520351552  15525328 1252532984  0.025  0.025   57.008   56.726    0    0  (Gen:  0)
533187256  15526120 1263450792  0.030  0.030   57.381   57.065    0    0  (Gen:  0)
521861496  15526104 1269012808  0.029  0.029   57.626   57.306    0    0  (Gen:  0)
520455320  15525464 1271592136  0.017  0.017   57.810   57.491    0    0  (Gen:  0)
535544704  15526264 1284206936  0.034  0.034   58.238   57.883    0    0  (Gen:  0)
522292088  15526176 1288500632  0.028  0.028   58.441   58.085    0    0  (Gen:  0)
520439808  15525512 1290849288  0.012  0.012   58.609   58.254    0    0  (Gen:  0)
530813568  15526336 1306382216  0.041  0.041   59.054   58.660    0    0  (Gen:  0)
520640592  15525856 1307944272  0.026  0.026   59.241   58.848    0    0  (Gen:  0)
520472800  15522704 1176113368  2.128  2.439   61.524   61.443    0    0  (Gen:  1)
529651104  15523496 1191069040  0.042  0.043   61.982   61.864    0    0  (Gen:  0)
520633176  15522992 1192642656  0.029  0.029   62.183   62.066    0    0  (Gen:  0)
520452104  15522784 1196069184  0.010  0.010   62.354   62.238    0    0  (Gen:  0)
529387576  15523600 1210574992  0.042  0.042   62.808   62.650    0    0  (Gen:  0)
520665560  15523088 1212127320  0.029  0.029   63.003   62.846    0    0  (Gen:  0)
520432008  15522880 1215438952  0.009  0.009   63.165   63.008    0    0  (Gen:  0)
529485352  16845920 1229877336  0.042  0.042   63.618   63.423    0    0  (Gen:  0)
520712776  16845392 1231613760  0.028  0.028   63.812   63.618    0    0  (Gen:  0)
520477752  16845184 1234673048  0.009  0.009   63.972   63.779    0    0  (Gen:  0)
530502392  16624616 1249102688  0.041  0.042   64.425   64.192    0    0  (Gen:  0)
521679040  16624080 1250964928  0.028  0.028   64.618   64.385    0    0  (Gen:  0)
520548008  16623872 1253982640  0.009  0.009   64.775   64.542    0    0  (Gen:  0)
529151136  16624696 1268505424  0.041  0.041   65.229   64.957    0    0  (Gen:  0)
520424864  16624192 1270334912  0.028  0.028   65.425   65.153    0    0  (Gen:  0)
520576016  16623984 1273221424  0.008  0.008   65.581   65.311    0    0  (Gen:  0)
529772744  16624800 1287871488  0.041  0.041   66.033   65.724    0    0  (Gen:  0)
520509464  16624336 1289807664  0.028  0.029   66.229   65.919    0    0  (Gen:  0)
525129424   4316024 1292400480  0.009  0.009   66.393   66.086    0    0  (Gen:  0)
533338704  16407560 1307241616  0.038  0.039   66.839   66.491    0    0  (Gen:  0)
520514528  16301232 1309176224  0.027  0.027   67.032   66.685    0    0  (Gen:  0)
534742552  16301992 1313530408  0.014  0.014   67.262   66.931    0    0  (Gen:  0)
525654328  16301416 1326738296  0.036  0.036   67.649   67.263    0    0  (Gen:  0)
520539280  15517568 1328642408  0.024  0.024   67.842   67.456    0    0  (Gen:  0)
537990288   6219176 1333399472  0.016  0.016   68.114   67.740    0    0  (Gen:  0)
523220000   6218576 1346437128  0.035  0.035   68.455   68.032    0    0  (Gen:  0)
520378824   6218528 1349287440  0.025  0.025   68.647   68.225    0    0  (Gen:  0)
531965768   6219328 1358182528  0.024  0.024   69.000   68.555    0    0  (Gen:  0)
526384848   6226136 1365768520  0.032  0.032   69.265   68.808    0    0  (Gen:  0)
520448024   6218664 1368290872  0.018  0.018   69.446   68.990    0    0  (Gen:  0)
533262912   6219448 1381108800  0.039  0.039   69.861   69.367    0    0  (Gen:  0)
525620736   6219344 1385174360  0.030  0.030   70.078   69.584    0    0  (Gen:  0)
520429416   6218776 1387385312  0.015  0.015   70.252   69.757    0    0  (Gen:  0)
529229544  17025920 1402962184  0.041  0.041   70.698   70.163    0    0  (Gen:  0)
520594168  17025776 1404595368  0.026  0.026   70.887   70.352    0    0  (Gen:  0)
520454792  17025248 1407239712  0.008  0.009   71.053   70.519    0    0  (Gen:  0)
529425184  17026072 1422407456  0.042  0.042   71.504   70.930    0    0  (Gen:  0)
520720792  17025600 1424074888  0.025  0.026   71.693   71.120    0    0  (Gen:  0)
520496272  17025408 1427206400  0.009  0.009   71.857   71.285    0    0  (Gen:  0)
535030328  17026192 1441877064  0.041  0.041   72.311   71.697    0    0  (Gen:  0)
523477168  17025632 1443552088  0.026  0.026   72.503   71.890    0    0  (Gen:  0)
520488320  17025424 1446933648  0.010  0.010   72.666   72.052    0    0  (Gen:  0)
530259152  17026240 1461182872  0.041  0.041   73.119   72.466    0    0  (Gen:  0)
520646104  17025760 1462979264  0.028  0.028   73.311   72.659    0    0  (Gen:  0)
520470720  17025552 1466129576  0.009  0.009   73.472   72.820    0    0  (Gen:  0)
531390400  17026368 1480471832  0.041  0.041   73.925   73.233    0    0  (Gen:  0)
520646008  17025896 1482344240  0.027  0.027   74.117   73.426    0    0  (Gen:  0)
520543544  17025672 1485425808  0.008  0.008   74.277   73.585    0    0  (Gen:  0)
533580576  17026488 1499969352  0.041  0.041   74.731   74.000    0    0  (Gen:  0)
520492584  17026024 1501855640  0.027  0.027   74.923   74.193    0    0  (Gen:  0)
520581792  17025816 1504647232  0.008  0.008   75.079   74.348    0    0  (Gen:  0)
531146424  17026632 1519151416  0.041  0.041   75.533   74.764    0    0  (Gen:  0)
520504976  17026160 1521260112  0.028  0.028   75.724   74.956    0    0  (Gen:  0)
525333104  17026728 1523564440  0.008  0.008   75.888   75.121    0    0  (Gen:  0)
534321592  17029232 1538587376  0.038  0.039   76.336   75.529    0    0  (Gen:  0)
520519568  17025984 1540523512  0.025  0.025   76.528   75.720    0    0  (Gen:  0)
531365760   5789280 1544672608  0.013  0.013   76.748   75.955    0    0  (Gen:  0)
525149872   5788712 1558039944  0.036  0.036   77.141   76.295    0    0  (Gen:  0)
520517496   5788632 1559929800  0.025  0.025   77.333   76.487    0    0  (Gen:  0)
533714448   5789472 1564696832  0.015  0.015   77.587   76.763    0    0  (Gen:  0)
525814288   5788824 1577485800  0.036  0.036   77.946   77.067    0    0  (Gen:  0)
520382632   5788704 1580168336  0.026  0.026   78.139   77.261    0    0  (Gen:  0)
535028776  10211800 1588537848  0.023  0.023   78.491   77.587    0    0  (Gen:  0)
522184608  10219328 1596747832  0.032  0.032   78.759   77.843    0    0  (Gen:  0)
520443552  10211104 1599364072  0.019  0.019   78.942   78.026    0    0  (Gen:  0)
531689280  10211904 1611300144  0.033  0.034   79.346   78.391    0    0  (Gen:  0)
528978592  10211752 1616032840  0.030  0.030   79.574   78.619    0    0  (Gen:  0)
520423976  10211192 1618225200  0.015  0.015   79.750   78.795    0    0  (Gen:  0)
533513776  17091312 1633930112  0.042  0.042   80.198   79.203    0    0  (Gen:  0)
520641752  17090920 1635564568  0.026  0.026   80.386   79.391    0    0  (Gen:  0)
520460408  17090640 1638034392  0.008  0.008   80.551   79.557    0    0  (Gen:  0)
530555888  17091448 1653481848  0.042  0.042   81.002   79.967    0    0  (Gen:  0)
520637032  17090944 1655133992  0.026  0.026   81.190   80.156    0    0  (Gen:  0)
520486864  17090744 1658266936  0.009  0.009   81.354   80.321    0    0  (Gen:  0)
530231896  17091536 1672904480  0.041  0.041   81.807   80.733    0    0  (Gen:  0)
524076296  17091016 1674542264  0.026  0.027   81.998   80.925    0    0  (Gen:  0)
520526640  17090800 1677900840  0.009  0.009   82.163   81.089    0    0  (Gen:  0)
531162696  17091608 1692278800  0.041  0.041   82.614   81.503    0    0  (Gen:  0)
523891872  17091080 1694003024  0.027  0.027   82.807   81.696    0    0  (Gen:  0)
520517072  17090872 1697169512  0.009  0.009   82.967   81.857    0    0  (Gen:  0)
535967680  16826800 1711679688  0.041  0.041   83.425   82.275    0    0  (Gen:  0)
520610144  17778872 1713553952  0.027  0.027   83.616   82.467    0    0  (Gen:  0)
520527776   4818392 1716326616  0.009  0.009   83.777   82.628    0    0  (Gen:  0)
529482280   4819208 1730836704  0.041  0.042   84.229   83.041    0    0  (Gen:  0)
520442352   4818672 1732717000  0.027  0.027   84.424   83.236    0    0  (Gen:  0)
520582504   4818464 1735744536  0.008  0.008   84.580   83.392    0    0  (Gen:  0)
529677744   4819272 1750247176  0.041  0.042   85.033   83.805    0    0  (Gen:  0)
520490648   4818752 1752164744  0.027  0.027   85.226   83.998    0    0  (Gen:  0)
525226688   4819320 1754616176  0.009  0.009   85.392   84.165    0    0  (Gen:  0)
531327592  16551096 1769756648  0.039  0.039   85.838   84.570    0    0  (Gen:  0)
520509488  16506712 1771615864  0.026  0.026   86.030   84.763    0    0  (Gen:  0)
531489536  16507488 1775615152  0.013  0.013   86.248   84.994    0    0  (Gen:  0)
524222696  16513688 1789148864  0.037  0.038   86.646   85.340    0    0  (Gen:  0)
520523672  15821552 1791184168  0.025  0.025   86.837   85.531    0    0  (Gen:  0)
532777240  15822344 1795753768  0.015  0.015   87.088   85.803    0    0  (Gen:  0)
526275744  15821704 1808821360  0.036  0.036   87.450   86.105    0    0  (Gen:  0)
520373088  15821680 1811374888  0.026  0.026   87.642   86.298    0    0  (Gen:  0)
538038024  15822440 1819768568  0.024  0.024   87.994   86.625    0    0  (Gen:  0)
528670776  15828720 1828069136  0.033  0.034   88.267   86.885    0    0  (Gen:  0)
520427856  15821736 1830526872  0.019  0.019   88.449   87.067    0    0  (Gen:  0)
534755848  15822528 1843259128  0.036  0.036   88.860   87.441    0    0  (Gen:  0)
523922032  15822360 1847394920  0.029  0.029   89.080   87.661    0    0  (Gen:  0)
520424528  15821800 1849678488  0.015  0.015   89.257   87.838    0    0  (Gen:  0)
531568072  17161992 1865418784  0.042  0.042   89.707   88.246    0    0  (Gen:  0)
523668912  17161648 1866969704  0.026  0.026   89.895   88.435    0    0  (Gen:  0)
520450480  17161232 1869616104  0.008  0.008   90.062   88.602    0    0  (Gen:  0)
531042712  17162040 1884989032  0.042  0.042   90.511   89.011    0    0  (Gen:  0)
520632184  17161544 1886594432  0.026  0.026   90.700   89.200    0    0  (Gen:  0)
520498344  17161328 1889798840  0.009  0.009   90.865   89.366    0    0  (Gen:  0)
532826864  17162144 1904478888  0.042  0.043   91.322   89.783    0    0  (Gen:  0)
520618776  17161664 1906122768  0.027  0.027   91.513   89.975    0    0  (Gen:  0)
520490672  17161456 1909298440  0.009  0.009   91.675   90.137    0    0  (Gen:  0)
529339696  17162264 1923747528  0.041  0.041   92.130   90.552    0    0  (Gen:  0)
522976880  17161728 1925679808  0.028  0.028   92.323   90.746    0    0  (Gen:  0)
520515784  17161520 1928626480  0.009  0.009   92.484   90.907    0    0  (Gen:  0)
536265744  17162344 1943096328  0.041  0.041   92.940   91.323    0    0  (Gen:  0)
520624408  17161856 1944998896  0.027  0.028   93.134   91.517    0    0  (Gen:  0)
520479584  17161648 1947914336  0.009  0.009   93.292   91.676    0    0  (Gen:  0)
529195456  16694232 1962433392  0.041  0.041   93.748   92.091    0    0  (Gen:  0)
520503344  17753592 1964326104  0.028  0.028   93.943   92.286    0    0  (Gen:  0)
520580072   4800416 1967116824  0.008  0.008   94.099   92.443    0    0  (Gen:  0)
529576192   4801216 1981634824  0.041  0.041   94.555   92.858    0    0  (Gen:  0)
520523872   4800632 1983558832  0.027  0.027   94.749   93.053    0    0  (Gen:  0)
522960352   4801200 1985821320  0.008  0.008   94.913   93.218    0    0  (Gen:  0)
528807160   4803680 2001059992  0.039  0.039   95.358   93.622    0    0  (Gen:  0)
520507664   4800472 2003079720  0.026  0.026   95.551   93.816    0    0  (Gen:  0)
533808176   5555024 2006877272  0.013  0.013   95.763   94.039    0    0  (Gen:  0)
524798960   5554424 2020514432  0.037  0.037   96.167   94.392    0    0  (Gen:  0)
520507024   5554344 2022430552  0.024  0.024   96.358   94.583    0    0  (Gen:  0)
529128128   5555144 2027122056  0.015  0.015   96.606   94.852    0    0  (Gen:  0)
522690344   5554536 2040167416  0.036  0.036   96.969   95.156    0    0  (Gen:  0)
520370376   5554504 2042270856  0.025  0.025   97.162   95.350    0    0  (Gen:  0)
537297488   5555288 2047752984  0.018  0.018   97.492   95.660    0    0  (Gen:  0)
527383408   5554688 2059484240  0.035  0.035   97.782   95.939    0    0  (Gen:  0)
520432544   5554608 2062122072  0.025  0.025   97.975   96.132    0    0  (Gen:  0)
531951800   5555400 2073160008  0.031  0.031   98.366   96.488    0    0  (Gen:  0)
528096088   5555296 2078626496  0.029  0.029   98.606   96.726    0    0  (Gen:  0)
520463928   5554760 2081037072  0.016  0.016   98.783   96.904    0    0  (Gen:  0)
536442936   5555520 2096971888  0.042  0.042   99.229   97.312    0    0  (Gen:  0)
520902872   5557640 2098197608  0.026  0.026   99.422   97.505    0    0  (Gen:  0)
520446352   5554792 2100582456  0.008  0.008   99.590   97.672    0    0  (Gen:  0)
532775504  17130584 2116284968  0.042  0.042  100.041   98.083    0    0  (Gen:  0)
521988944  17130136 2117909824  0.026  0.026  100.231   98.274    0    0  (Gen:  0)
520483808  17129944 2121007728  0.009  0.009  100.396   98.440    0    0  (Gen:  0)
532956080  17130712 2135651096  0.042  0.042  100.852   98.855    0    0  (Gen:  0)
520597888  17130248 2137324144  0.027  0.027  101.043   99.047    0    0  (Gen:  0)
520480320  17130040 2140635280  0.009  0.009  101.205   99.210    0    0  (Gen:  0)
533771920  17130848 2155062880  0.041  0.041  101.666   99.631    0    0  (Gen:  0)
520649304  17130376 2156889408  0.027  0.027  101.860   99.825    0    0  (Gen:  0)
520460080  17130168 2159979296  0.009  0.009  102.020   99.986    0    0  (Gen:  0)
536418032  17130976 2174351032  0.041  0.041  102.479  100.404    0    0  (Gen:  0)
520624464  17130496 2176218256  0.027  0.027  102.672  100.599    0    0  (Gen:  0)
520488168  17130256 2179293336  0.009  0.009  102.833  100.760    0    0  (Gen:  0)
529001840  16776464 2193734392  0.041  0.041  103.290  101.177    0    0  (Gen:  0)
520624776  17683832 2195513656  0.028  0.028  103.486  101.374    0    0  (Gen:  0)
520574856   4866328 2198447952  0.008  0.008  103.643  101.531    0    0  (Gen:  0)
529872080  16654952 2213034224  0.041  0.041  104.100  101.949    0    0  (Gen:  0)
520496600  17766056 2214927392  0.028  0.028  104.297  102.146    0    0  (Gen:  0)
522825240  17766632 2216843032  0.007  0.007  104.462  102.312    0    0  (Gen:  0)
531728240  17769104 2232349416  0.039  0.039  104.909  102.718    0    0  (Gen:  0)
520489824  17766072 2234452672  0.026  0.026  105.102  102.912    0    0  (Gen:  0)
535134976  17766720 2238264792  0.013  0.013  105.315  103.137    0    0  (Gen:  0)
524738272  17766152 2252060728  0.037  0.037  105.720  103.493    0    0  (Gen:  0)
520547160  17766040 2253963200  0.025  0.025  105.912  103.686    0    0  (Gen:  0)
534572704  17766792 2258572384  0.015  0.015  106.164  103.958    0    0  (Gen:  0)
525568256  16603344 2271619264  0.036  0.036  106.528  104.262    0    0  (Gen:  0)
520377096  16019800 2274087104  0.025  0.026  106.723  104.457    0    0  (Gen:  0)
535320344  16020576 2279798520  0.019  0.019  107.068  104.776    0    0  (Gen:  0)
523512384  16021144 2290813640  0.034  0.034  107.344  105.039    0    0  (Gen:  0)
520440896  16019888 2293336864  0.023  0.023  107.533  105.229    0    0  (Gen:  0)
531965032  16020688 2304720480  0.031  0.031  107.929  105.585    0    0  (Gen:  0)
522219000  16020504 2310120584  0.030  0.030  108.167  105.822    0    0  (Gen:  0)
521164184  16019992 2312438880  0.016  0.016  108.345  106.000    0    0  (Gen:  0)
536657712  16020792 2328314280  0.042  0.042  108.790  106.407    0    0  (Gen:  0)
521413560  16022672 2329483872  0.027  0.027  108.991  106.607    0    0  (Gen:  0)
520456632  16020112 2332045432  0.009  0.009  109.158  106.775    0    0  (Gen:  0)
534043800  17136320 2347599456  0.042  0.042  109.613  107.190    0    0  (Gen:  0)
522975576  17135768 2349062360  0.027  0.027  109.804  107.381    0    0  (Gen:  0)
520491552  17129632 2102455640  3.925  4.507  113.885  112.045    0    0  (Gen:  1)
529388336  17031784 2117356176  0.043  0.043  114.341  112.460    0    0  (Gen:  0)
521985880  17031288 2118944352  0.029  0.030  114.539  112.659    0    0  (Gen:  0)
520537352  17031080 2122244104  0.010  0.010  114.706  112.826    0    0  (Gen:  0)
532563104  17031888 2136800640  0.042  0.043  115.162  113.242    0    0  (Gen:  0)
520650512  17031344 2138622448  0.030  0.030  115.361  113.441    0    0  (Gen:  0)
520506912  17031136 2141681824  0.009  0.009  115.526  113.607    0    0  (Gen:  0)
533307216  17031952 2156101488  0.043  0.043  115.988  114.028    0    0  (Gen:  0)
520643552  17031464 2157995848  0.030  0.030  116.188  114.229    0    0  (Gen:  0)
520536552  17031256 2161038472  0.009  0.009  116.351  114.392    0    0  (Gen:  0)
533237824  17032064 2175416792  0.042  0.042  116.812  114.814    0    0  (Gen:  0)
520617352  17031512 2177459952  0.030  0.030  117.013  115.015    0    0  (Gen:  0)
520571160  17031304 2180311936  0.009  0.009  117.175  115.177    0    0  (Gen:  0)
532731176  17032112 2194856920  0.042  0.042  117.636  115.597    0    0  (Gen:  0)
520504456  17031640 2196751616  0.031  0.031  117.837  115.798    0    0  (Gen:  0)
524954544   3807944 2198749008  0.008  0.008  118.003  115.966    0    0  (Gen:  0)
529159216   3812072 2214190168  0.040  0.040  118.451  116.373    0    0  (Gen:  0)
520503432   3807312 2216122104  0.028  0.028  118.651  116.573    0    0  (Gen:  0)
530715168   3808088 2219724272  0.013  0.013  118.858  116.790    0    0  (Gen:  0)
527543456   3807480 2233710576  0.039  0.039  119.272  117.154    0    0  (Gen:  0)
520537040   3807376 2235592984  0.026  0.026  119.468  117.350    0    0  (Gen:  0)
531940096   6162088 2240159896  0.015  0.015  119.720  117.623    0    0  (Gen:  0)
522672728  16452136 2253012824  0.037  0.037  120.086  117.930    0    0  (Gen:  0)
520368592  15703184 2255312760  0.025  0.025  120.281  118.125    0    0  (Gen:  0)
535124680  15703952 2260651960  0.018  0.018  120.610  118.436    0    0  (Gen:  0)
526523408  15703344 2272379032  0.035  0.035  120.904  118.711    0    0  (Gen:  0)
520419456  15703264 2275125424  0.026  0.026  121.098  118.905    0    0  (Gen:  0)
533241160  15704008 2286081528  0.030  0.031  121.492  119.262    0    0  (Gen:  0)
521063792  15703880 2291582016  0.030  0.030  121.730  119.500    0    0  (Gen:  0)
520463312  15703344 2294120768  0.016  0.016  121.910  119.681    0    0  (Gen:  0)
528899464  15704128 2306744936  0.036  0.036  122.341  120.072    0    0  (Gen:  0)
524073384  15704056 2311033280  0.028  0.028  122.548  120.279    0    0  (Gen:  0)
520442520  15703456 2313225960  0.013  0.013  122.726  120.457    0    0  (Gen:  0)
534267456  15704256 2329031736  0.043  0.044  123.181  120.873    0    0  (Gen:  0)
520630040  15703808 2330585408  0.027  0.027  123.376  121.068    0    0  (Gen:  0)
520468680  15703560 2333525536  0.009  0.009  123.543  121.236    0    0  (Gen:  0)
531903432  15704376 2348412752  0.042  0.042  123.997  121.650    0    0  (Gen:  0)
527266488  15703840 2350019664  0.027  0.027  124.194  121.847    0    0  (Gen:  0)
520465544  15703632 2353471312  0.010  0.010  124.360  122.014    0    0  (Gen:  0)
528920488  16915232 2367853248  0.042  0.042  124.818  122.430    0    0  (Gen:  0)
523149672  16914736 2369591576  0.027  0.027  125.013  122.626    0    0  (Gen:  0)
520504720  16914528 2372740400  0.009  0.009  125.178  122.791    0    0  (Gen:  0)
529987528  16809688 2387382896  0.042  0.042  125.634  123.206    0    0  (Gen:  0)
520620504  17616456 2389165264  0.027  0.027  125.829  123.402    0    0  (Gen:  0)
520525976   4959784 2392178240  0.009  0.009  125.991  123.564    0    0  (Gen:  0)
532605224   4960608 2406685568  0.043  0.043  126.449  123.983    0    0  (Gen:  0)
520694272   4960064 2408404024  0.027  0.027  126.644  124.178    0    0  (Gen:  0)
520565344   4959856 2411415432  0.008  0.008  126.805  124.339    0    0  (Gen:  0)
529247352   4960680 2426016456  0.041  0.042  127.264  124.761    0    0  (Gen:  0)
520535088  17827008 2427912448  0.028  0.028  127.461  124.958    0    0  (Gen:  0)
525169344  17827592 2429301512  0.006  0.006  127.626  125.125    0    0  (Gen:  0)
535412464  16459328 2445326288  0.040  0.040  128.079  125.537    0    0  (Gen:  0)
520490760  17328992 2447233080  0.027  0.027  128.276  125.735    0    0  (Gen:  0)
532359720   5341656 2450803968  0.012  0.012  128.479  125.948    0    0  (Gen:  0)
525528504   5341080 2464743832  0.037  0.038  128.898  126.317    0    0  (Gen:  0)
520544560   5340944 2466771464  0.025  0.025  129.093  126.513    0    0  (Gen:  0)
537170968   5341736 2471370520  0.015  0.015  129.348  126.788    0    0  (Gen:  0)
522457976  16656664 2484384304  0.036  0.037  129.715  127.094    0    0  (Gen:  0)
520365736  15898696 2486681328  0.026  0.026  129.910  127.289    0    0  (Gen:  0)
531640328  15899456 2491770120  0.018  0.018  130.230  127.597    0    0  (Gen:  0)
522844848  15898840 2503714520  0.035  0.035  130.529  127.878    0    0  (Gen:  0)
520388408  15898776 2506381600  0.025  0.025  130.721  128.071    0    0  (Gen:  0)
532565456  15899576 2516882104  0.029  0.029  131.104  128.418    0    0  (Gen:  0)
527462960  16586632 2522902424  0.030  0.030  131.355  128.667    0    0  (Gen:  0)
520462720   8954264 2525426416  0.016  0.016  131.536  128.849    0    0  (Gen:  0)
535254632   8955064 2538856960  0.037  0.037  131.974  129.246    0    0  (Gen:  0)
522693128   8956056 2542547104  0.027  0.027  132.183  129.455    0    0  (Gen:  0)
520451216   8954344 2544985064  0.011  0.011  132.355  129.628    0    0  (Gen:  0)
529244912  16964656 2560516816  0.042  0.042  132.808  130.040    0    0  (Gen:  0)
520641488  17160216 2562080456  0.026  0.026  132.998  130.230    0    0  (Gen:  0)
520475920   4703840 2565187536  0.009  0.009  133.166  130.398    0    0  (Gen:  0)
530053192  17071328 2580183752  0.042  0.042  133.623  130.816    0    0  (Gen:  0)
520626496  17449928 2581803960  0.027  0.027  133.817  131.010    0    0  (Gen:  0)
520460712   5059792 2585059760  0.009  0.009  133.985  131.178    0    0  (Gen:  0)
528878800  16808976 2599471480  0.042  0.042  134.441  131.593    0    0  (Gen:  0)
520661208  17378744 2601162696  0.026  0.027  134.634  131.788    0    0  (Gen:  0)
520436888   5121904 2604530336  0.009  0.010  134.798  131.952    0    0  (Gen:  0)
531068160   5122688 2618833016  0.041  0.041  135.254  132.368    0    0  (Gen:  0)
520634976   5122160 2620837960  0.027  0.027  135.450  132.564    0    0  (Gen:  0)
520531968   5121952 2623794712  0.009  0.009  135.612  132.726    0    0  (Gen:  0)
531942352   5122760 2638420208  0.042  0.042  136.069  133.143    0    0  (Gen:  0)
520633752   5122256 2640239824  0.027  0.027  136.263  133.337    0    0  (Gen:  0)
520550912   5122048 2643083144  0.008  0.008  136.424  133.498    0    0  (Gen:  0)
531393144   5122872 2657586216  0.042  0.042  136.883  133.917    0    0  (Gen:  0)
520518064   5122336 2659630248  0.028  0.028  137.079  134.114    0    0  (Gen:  0)
520526264   5122448 2662418408  0.008  0.008  137.239  134.274    0    0  (Gen:  0)
533253032   5122632 2676909376  0.041  0.041  137.699  134.693    0    0  (Gen:  0)
520496960   5122416 2678865376  0.028  0.028  137.896  134.891    0    0  (Gen:  0)
528420352   4635192 2681772888  0.010  0.010  138.069  135.067    0    0  (Gen:  0)
527135784  16500784 2696408416  0.039  0.039  138.514  135.469    0    0  (Gen:  0)
520504864  16243864 2698361576  0.025  0.026  138.708  135.664    0    0  (Gen:  0)
530530120  16244552 2702717816  0.014  0.014  138.943  135.916    0    0  (Gen:  0)
524867096  16244024 2715801184  0.036  0.036  139.329  136.247    0    0  (Gen:  0)
520456784  16243880 2717654832  0.024  0.025  139.524  136.443    0    0  (Gen:  0)
533702112   6009256 2722188672  0.015  0.015  139.796  136.725    0    0  (Gen:  0)
522746040   6008608 2735420544  0.036  0.036  140.142  137.021    0    0  (Gen:  0)
520391536   6008512 2738063736  0.025  0.025  140.336  137.215    0    0  (Gen:  0)
532514168   6009304 2746408088  0.024  0.024  140.689  137.545    1    0  (Gen:  0)
527161208   6017064 2754565272  0.032  0.033  140.963  137.806    0    0  (Gen:  0)
520437584   6008632 2757224632  0.018  0.018  141.145  137.987    0    0  (Gen:  0)
529315992   6009424 2769456696  0.035  0.035  141.554  138.359    0    0  (Gen:  0)
524069360   6009336 2773817904  0.029  0.029  141.780  138.584    0    0  (Gen:  0)
520417360   6008720 2776109592  0.016  0.016  141.958  138.763    0    0  (Gen:  0)
530117344   6009520 2792027840  0.041  0.042  142.408  139.173    0    0  (Gen:  0)
521970040   6010464 2793205168  0.027  0.027  142.605  139.369    0    0  (Gen:  0)
520454464   6008856 2795820488  0.008  0.008  142.774  139.539    0    0  (Gen:  0)
532522264   6009656 2811254968  0.042  0.042  143.230  139.955    0    0  (Gen:  0)
520623088   6009176 2812772264  0.026  0.026  143.423  140.149    0    0  (Gen:  0)
520498768   6008928 2815879504  0.009  0.009  143.591  140.317    0    0  (Gen:  0)
533903800   6009744 2830639688  0.042  0.042  144.048  140.733    0    0  (Gen:  0)
520683592  17427624 2832311480  0.028  0.028  144.243  140.928    0    0  (Gen:  0)
520479496   5109448 2835644272  0.009  0.009  144.410  141.096    0    0  (Gen:  0)
537228344   5110264 2850168576  0.042  0.042  144.869  141.514    0    0  (Gen:  0)
520635112   5109736 2851967232  0.027  0.027  145.063  141.708    0    0  (Gen:  0)
520520488   5109528 2855109544  0.009  0.009  145.227  141.872    0    0  (Gen:  0)
529499152   5110344 2869498560  0.042  0.042  145.683  142.287    0    0  (Gen:  0)
520629296   5109832 2871327856  0.027  0.027  145.878  142.482    0    0  (Gen:  0)
520516968   5109600 2874209136  0.009  0.009  146.040  142.646    0    0  (Gen:  0)
529419400   5110416 2888780080  0.042  0.042  146.499  143.064    0    0  (Gen:  0)
520625960   5109952 2890774560  0.027  0.028  146.695  143.261    0    0  (Gen:  0)
520567624   5109744 2893676480  0.009  0.009  146.855  143.421    0    0  (Gen:  0)
529384464   5110504 2908097360  0.042  0.042  147.316  143.841    0    0  (Gen:  0)
520488912   5110016 2910167360  0.028  0.028  147.514  144.039    0    0  (Gen:  0)
524428984   5110576 2912015648  0.007  0.008  147.681  144.207    0    0  (Gen:  0)
536045608  16427432 2927503072  0.040  0.041  148.134  144.619    0    0  (Gen:  0)
520503248  17003848 2929561312  0.027  0.027  148.331  144.817    0    0  (Gen:  0)
528719472  17004672 2933259392  0.013  0.013  148.541  145.039    0    0  (Gen:  0)
527737464  17004016 2946979680  0.038  0.038  148.955  145.400    0    0  (Gen:  0)
520513416  17003936 2948932560  0.025  0.025  149.150  145.595    0    0  (Gen:  0)
537115680  17004728 2953715608  0.015  0.015  149.405  145.871    0    0  (Gen:  0)
525434104  17004088 2966708760  0.037  0.037  149.771  146.179    0    0  (Gen:  0)
520390816  17004032 2969138296  0.025  0.025  149.965  146.374    0    0  (Gen:  0)
536019768  17004816 2977212416  0.023  0.023  150.318  146.703    0    0  (Gen:  0)
521643256  17010552 2985780568  0.034  0.034  150.594  146.966    0    0  (Gen:  0)
520431080  17004096 2988316712  0.019  0.019  150.780  147.152    0    0  (Gen:  0)
529205448  13105440 2999739808  0.033  0.033  151.176  147.509    0    0  (Gen:  0)
524394224  13105296 3004925888  0.030  0.030  151.415  147.748    0    0  (Gen:  0)
520469832  13104736 3007475992  0.016  0.016  151.598  147.931    0    0  (Gen:  0)
529402640  13105592 3021686192  0.039  0.039  152.038  148.330    0    0  (Gen:  0)
521124112  13106112 3024492464  0.027  0.027  152.241  148.533    0    0  (Gen:  0)
520436136  13104848 3026925752  0.010  0.010  152.414  148.708    0    0  (Gen:  0)
529471016  13105664 3042407240  0.044  0.044  152.872  149.125    0    0  (Gen:  0)
520643216  13105152 3043965096  0.026  0.026  153.066  149.319    0    0  (Gen:  0)
520477568  13104904 3046881208  0.009  0.009  153.235  149.489    0    0  (Gen:  0)
529322792  13105712 3061780856  0.042  0.042  153.692  149.904    0    0  (Gen:  0)
520706432  13105200 3063412904  0.027  0.027  153.885  150.098    0    0  (Gen:  0)
520509568  13104984 3066856088  0.009  0.009  154.052  150.265    0    0  (Gen:  0)
529865944  13105800 3081273032  0.042  0.042  154.512  150.685    0    0  (Gen:  0)
520641760  13105296 3082994144  0.027  0.027  154.707  150.880    0    0  (Gen:  0)
520428184  13105088 3086135336  0.009  0.009  154.871  151.045    0    0  (Gen:  0)
532681352  13105912 3100547344  0.041  0.042  155.330  151.463    0    0  (Gen:  0)
520636384  13105400 3102547160  0.027  0.027  155.526  151.660    0    0  (Gen:  0)
520533544  13105192 3105510024  0.009  0.009  155.688  151.823    0    0  (Gen:  0)
532364336  16666568 3119941896  0.043  0.043  156.146  152.241    0    0  (Gen:  0)
521348968  16666072 3121917872  0.027  0.027  156.340  152.436    0    0  (Gen:  0)
520552552  16665864 3124768376  0.008  0.008  156.501  152.597    0    0  (Gen:  0)
529906008  16666672 3139397264  0.043  0.043  156.965  153.020    0    0  (Gen:  0)
520506288  16666152 3141255208  0.028  0.028  157.162  153.218    0    0  (Gen:  0)
520529592  16666344 3143403312  0.007  0.007  157.320  153.376    0    0  (Gen:  0)
532015784  16666392 3158769312  0.042  0.042  157.781  153.797    0    0  (Gen:  0)
520481344  16666280 3160716984  0.028  0.028  157.978  153.994    0    0  (Gen:  0)
531901472  16666848 3163567024  0.011  0.011  158.155  154.175    0    0  (Gen:  0)
528310872  16666264 3178211904  0.039  0.039  158.598  154.576    0    0  (Gen:  0)
520523680  16666184 3180310080  0.026  0.026  158.792  154.771    0    0  (Gen:  0)
531819128   6184136 3184756248  0.015  0.015  159.037  155.035    0    0  (Gen:  0)
523423240   6183520 3197707040  0.036  0.036  159.416  155.356    0    0  (Gen:  0)
520363312   6183464 3199582504  0.024  0.024  159.610  155.551    0    0  (Gen:  0)
534098880   6184248 3204843048  0.017  0.017  159.887  155.840    0    0  (Gen:  0)
527355160   6183632 3217156080  0.036  0.036  160.236  156.139    0    0  (Gen:  0)
520390896   6183512 3219966624  0.025  0.025  160.430  156.334    0    0  (Gen:  0)
537432808  12375064 3230860808  0.029  0.029  160.805  156.677    0    0  (Gen:  0)
525864656  12375096 3236541000  0.032  0.032  161.068  156.933    0    0  (Gen:  0)
522768944  12374392 3239006072  0.017  0.017  161.252  157.117    0    0  (Gen:  0)
532385296  12375168 3251774008  0.036  0.036  161.681  157.507    0    0  (Gen:  0)
525148912  12374808 3255879816  0.029  0.029  161.894  157.719    0    0  (Gen:  0)
520441432  12374440 3258167752  0.012  0.012  162.069  157.895    0    0  (Gen:  0)
529261816  12375256 3273883008  0.042  0.042  162.523  158.308    0    0  (Gen:  0)
520627000  12374800 3275309496  0.026  0.026  162.715  158.501    0    0  (Gen:  0)
520467240  12374552 3278287304  0.009  0.009  162.884  158.670    0    0  (Gen:  0)
529181664  12375360 3293275440  0.042  0.042  163.340  159.086    0    0  (Gen:  0)
520578824  12374880 3294935776  0.027  0.027  163.534  159.280    0    0  (Gen:  0)
520500896  12374672 3298260664  0.010  0.010  163.708  159.454    0    0  (Gen:  0)
533333504  12375480 3312643216  0.043  0.044  164.169  159.875    0    0  (Gen:  0)
524677192  17493808 3314485160  0.027  0.027  164.367  160.074    0    0  (Gen:  0)
520484904   5026728 3317616904  0.009  0.009  164.535  160.241    0    0  (Gen:  0)
529784168   5027552 3332041016  0.042  0.042  164.992  160.658    0    0  (Gen:  0)
520627272   5027016 3333903784  0.028  0.028  165.189  160.856    0    0  (Gen:  0)
520517168   5026848 3336984792  0.009  0.009  165.353  161.020    0    0  (Gen:  0)
531089824  16646864 3351302280  0.042  0.042  165.813  161.440    0    0  (Gen:  0)
522258824  16646352 3353289712  0.028  0.028  166.011  161.639    0    0  (Gen:  0)
520539464  16646144 3356126544  0.008  0.008  166.174  161.803    0    0  (Gen:  0)
529481800  16646960 3370792424  0.042  0.042  166.635  162.223    0    0  (Gen:  0)
520469104  17787472 3372632104  0.028  0.028  166.834  162.422    0    0  (Gen:  0)
520583464   4790888 3375420168  0.008  0.008  166.993  162.581    0    0  (Gen:  0)
531477816  16608704 3390003704  0.042  0.042  167.454  163.003    0    0  (Gen:  0)
520491360  17512736 3391941080  0.029  0.029  167.652  163.201    0    0  (Gen:  0)
521949456   4434832 3394646360  0.010  0.010  167.821  163.371    0    0  (Gen:  0)
528971360   4440040 3409415808  0.039  0.039  168.273  163.781    0    0  (Gen:  0)
520511120   4434144 3411347944  0.026  0.026  168.469  163.977    0    0  (Gen:  0)
533638048   4434912 3415630112  0.014  0.014  168.696  164.219    0    0  (Gen:  0)
523493976  16474480 3428882896  0.038  0.038  169.095  164.563    0    0  (Gen:  0)
520521224  15748416 3430957672  0.025  0.025  169.292  164.760    0    0  (Gen:  0)
531996920  15749208 3435618608  0.016  0.016  169.548  165.036    0    0  (Gen:  0)
522403000  15748592 3448479360  0.037  0.037  169.914  165.342    0    0  (Gen:  0)
520380232  15748512 3451024432  0.025  0.025  170.110  165.538    0    0  (Gen:  0)
532806200  15749248 3456418224  0.019  0.019  170.454  165.857    0    0  (Gen:  0)
521726616  15749544 3467677360  0.034  0.034  170.731  166.121    0    0  (Gen:  0)
520414368  15748568 3470305616  0.023  0.024  170.923  166.314    0    0  (Gen:  0)
532397360  15749360 3481410480  0.031  0.031  171.318  166.669    0    0  (Gen:  0)
523205040  15749184 3486976224  0.029  0.030  171.559  166.910    0    0  (Gen:  0)
520466320  15748648 3489320784  0.015  0.015  171.740  167.090    0    0  (Gen:  0)
531242168  15749456 3502752832  0.038  0.038  172.177  167.489    0    0  (Gen:  0)
520523376  15750632 3506526504  0.028  0.028  172.383  167.695    0    0  (Gen:  0)
520460344  15748728 3508942800  0.011  0.011  172.557  167.869    0    0  (Gen:  0)
529557128  15749528 3524502768  0.042  0.042  173.013  168.285    0    0  (Gen:  0)
520706848  15749072 3526080760  0.026  0.027  173.206  168.479    0    0  (Gen:  0)
520486392  15748824 3528812456  0.009  0.009  173.374  168.648    0    0  (Gen:  0)
532354024  15749632 3543919832  0.042  0.042  173.831  169.066    0    0  (Gen:  0)
520612144  15749136 3545516144  0.026  0.026  174.029  169.263    0    0  (Gen:  0)
520503320  15748920 3548969768  0.009  0.009  174.198  169.433    0    0  (Gen:  0)
534145992  15749728 3563265032  0.042  0.042  174.658  169.853    0    0  (Gen:  0)
520666768  15749208 3565162904  0.026  0.026  174.853  170.049    0    0  (Gen:  0)
520493064  15749024 3568342936  0.010  0.010  175.021  170.217    0    0  (Gen:  0)
533074736  15749808 3582782712  0.042  0.042  175.480  170.635    0    0  (Gen:  0)
520642296  15749272 3584579176  0.027  0.027  175.677  170.832    0    0  (Gen:  0)
520523720  15749064 3587564880  0.009  0.009  175.841  170.996    0    0  (Gen:  0)
529454376  15749880 3602052992  0.042  0.042  176.301  171.417    0    0  (Gen:  0)
520628928  15749376 3603879080  0.027  0.027  176.497  171.614    0    0  (Gen:  0)
520557288  15749168 3606931544  0.009  0.009  176.660  171.777    0    0  (Gen:  0)
535979704  15749976 3621509712  0.042  0.042  177.121  172.198    0    0  (Gen:  0)
520496304  15749424 3623387456  0.028  0.028  177.320  172.397    0    0  (Gen:  0)
523250520  15749992 3624604568  0.006  0.006  177.485  172.564    0    0  (Gen:  0)
528863072  15749440 3640759816  0.041  0.041  177.940  172.978    0    0  (Gen:  0)
520502680  15749488 3642720304  0.028  0.028  178.138  173.176    0    0  (Gen:  0)
529807240  15750064 3645745720  0.011  0.011  178.321  173.364    0    0  (Gen:  0)
527036312  15749520 3660173424  0.039  0.040  178.758  173.756    0    0  (Gen:  0)
520542112  15749432 3662256928  0.026  0.026  178.953  173.951    0    0  (Gen:  0)
433080232  15742464 3329251984  6.658  7.772  185.741  182.591    0    0  (Gen:  1)
   108168  11215824  18682264  0.061  0.608  185.802  183.203    0    0  (Gen:  1)
     2440                      0.000  0.000

 317,969,407,912 bytes allocated in the heap
   8,767,237,264 bytes copied during GC
   3,329,251,984 bytes maximum residency (9 sample(s))
      15,041,904 bytes maximum slop
            3175 MB total memory in use (0 MB lost due to fragmentation)

                                     Tot time (elapsed)  Avg pause  Max pause
  Gen  0       597 colls,     0 par   16.451s  16.539s     0.0277s    0.1589s
  Gen  1         9 colls,     0 par   15.242s  18.143s     2.0159s    7.7725s

  TASKS: 21 (1 bound, 20 peak workers (20 total), using -N4)

  SPARKS: 0 (0 converted, 0 overflowed, 0 dud, 0 GC'd, 0 fizzled)

  INIT    time    0.001s  (  0.006s elapsed)
  MUT     time  154.107s  (148.516s elapsed)
  GC      time   31.693s  ( 34.682s elapsed)
  EXIT    time    0.000s  (  0.010s elapsed)
  Total   time  185.802s  (183.213s elapsed)

  Alloc rate    2,063,300,558 bytes per MUT second

  Productivity  82.9% of total user, 81.1% of total elapsed

