bench-hist/haskell-lsp-0_21/ghcide --lsp --cwd bench/example/Cabal-3.0.0.0 +RTS -I0 -qg -A128M -Scode_actions.benchmark-gcStats -I0.5 
    Alloc    Copied     Live     GC     GC      TOT      TOT  Page Flts
    bytes     bytes     bytes   user   elap     user     elap
541872256      2160  28378256  0.074  0.082    0.677    6.036    0    0  (Gen:  0)
543170800  40331216  45311768  0.102  0.118    1.079    6.699    0    0  (Gen:  1)
537932616  32875472  64643656  0.068  0.070    1.429    7.171    0    0  (Gen:  0)
528427768  38054200  85667672  0.084  0.090    1.753    7.615    0    0  (Gen:  0)
537055976  38055528 100789224  0.183  0.208    2.222    8.402    0    0  (Gen:  1)
532753280  38054704 120072624  0.067  0.068    2.647    8.826    0    0  (Gen:  0)
537178040  38054216 163902904  0.100  0.100    3.856    9.415    0    0  (Gen:  0)
539239424  38068016 239215416  0.225  0.251    4.862    9.948    0    0  (Gen:  0)
524024072  38065840 275862920  0.218  0.236    5.680   10.360    0    0  (Gen:  0)
523934472  38056336 309401408  0.551  0.611    6.845   11.129    0    0  (Gen:  1)
522794600  38059744 356073488  0.185  0.186    7.578   11.463    0    0  (Gen:  0)
522930928  89986168 400490376  0.186  0.186    8.302   11.788    0    0  (Gen:  0)
524088328 104164536 460653960  0.212  0.212    9.057   12.140    0    0  (Gen:  0)
525893400 104170104 510198624  0.218  0.223    9.862   12.513    0    0  (Gen:  0)
526975856 104161992 569660992  0.237  0.252   10.516   12.939    0    0  (Gen:  0)
522952024 123151944 633169032  0.260  0.282   11.225   13.413    0    0  (Gen:  0)
518056520 123163664 674489624  1.154  1.312   12.652   14.999    0    0  (Gen:  1)
523202784 123149320 731405216  0.185  0.186   13.166   15.515    0    0  (Gen:  0)
525614296 123154888 767188816  0.168  0.168   13.874   15.911    0    0  (Gen:  0)
525190848 123150904 802601696  0.155  0.155   14.642   16.238    0    0  (Gen:  0)
525369888 123169744 838700144  0.161  0.161   15.253   16.834    0    0  (Gen:  0)
523809648 123151112 879433464  0.167  0.167   16.042   17.195    0    0  (Gen:  0)
527474104 123150904 912673448  0.162  0.163   16.812   17.619    0    0  (Gen:  0)
579499464  57718784 935797840  0.124  0.124   17.464   18.243    0    0  (Gen:  0)
554016648  40934344 962839168  0.080  0.080   18.072   18.795    0    0  (Gen:  0)
540023728  34627640 970007568  0.039  0.039   18.534   19.196    0    0  (Gen:  0)
540086144  34627648 979806520  0.015  0.016   18.973   19.573    0    0  (Gen:  0)
534508048  34627664 989550400  0.015  0.015   19.413   19.949    0    0  (Gen:  0)
560527144  34627664 998123360  0.023  0.023   19.867   20.349    0    0  (Gen:  0)
263774568 898086232 935280488  1.527  1.718   21.609   22.885    0    0  (Gen:  1)
   104600  12659600  19628656  0.035  0.111   21.645   22.997    0    0  (Gen:  1)
     1584                      0.000  0.000

  15,732,483,856 bytes allocated in the heap
   2,913,312,288 bytes copied during GC
     935,280,488 bytes maximum residency (6 sample(s))
       5,341,336 bytes maximum slop
             891 MB total memory in use (0 MB lost due to fragmentation)

                                     Tot time (elapsed)  Avg pause  Max pause
  Gen  0        25 colls,     0 par    3.427s   3.535s     0.1414s    0.2817s
  Gen  1         6 colls,     0 par    3.553s   4.078s     0.6797s    1.7179s

  TASKS: 20 (1 bound, 19 peak workers (19 total), using -N4)

  SPARKS: 0 (0 converted, 0 overflowed, 0 dud, 0 GC'd, 0 fizzled)

  INIT    time    0.001s  (  0.006s elapsed)
  MUT     time   14.664s  ( 15.379s elapsed)
  GC      time    6.980s  (  7.613s elapsed)
  EXIT    time    0.000s  (  0.004s elapsed)
  Total   time   21.646s  ( 23.001s elapsed)

  Alloc rate    1,072,882,930 bytes per MUT second

  Productivity  67.7% of total user, 66.9% of total elapsed

