bench-hist/haskell-lsp-0_21/ghcide --lsp --cwd bench/example/Cabal-3.0.0.0 +RTS -I0 -qg -A128M -SdocumentSymbols_after_edit.benchmark-gcStats -I0.5 
    Alloc    Copied     Live     GC     GC      TOT      TOT  Page Flts
    bytes     bytes     bytes   user   elap     user     elap
546437648      2160  28585856  0.073  0.081    0.677    6.055    0    0  (Gen:  0)
542228296  40336904  45278064  0.104  0.121    1.084    6.725    0    0  (Gen:  1)
535973504  40336208  64650784  0.067  0.069    1.429    7.191    0    0  (Gen:  0)
531380032  38161120  85753336  0.083  0.090    1.754    7.635    0    0  (Gen:  0)
540063744  38162104 101082176  0.184  0.208    2.228    8.423    0    0  (Gen:  1)
533411856  38160696 120321464  0.067  0.068    2.668    8.853    0    0  (Gen:  0)
531642648  45818032 152489656  0.087  0.087    3.880    9.446    0    0  (Gen:  0)
540445312  45823816 236433728  0.215  0.236    4.816    9.992    0    0  (Gen:  0)
527730432  45825688 276968392  0.230  0.253    5.686   10.435    0    0  (Gen:  0)
525960512  45823048 308473912  0.546  0.606    6.827   11.193    0    0  (Gen:  1)
526116856  45819096 365342952  0.208  0.209    7.577   11.541    0    0  (Gen:  0)
525283688  45823840 421413536  0.227  0.227    8.346   11.909    0    0  (Gen:  0)
524720928  45820312 473703640  0.209  0.209    9.068   12.250    0    0  (Gen:  0)
523814384  45832536 532013432  0.223  0.231    9.834   12.624    0    0  (Gen:  0)
524306840  45828304 588880000  0.248  0.267   10.611   13.056    0    0  (Gen:  0)
524389928  45842816 637178000  0.230  0.244   11.335   13.466    0    0  (Gen:  0)
521884280 646209856 676919960  1.173  1.343   12.825   15.038    0    0  (Gen:  1)
522272880 646204152 733524848  0.183  0.183   13.341   15.555    0    0  (Gen:  0)
526958688 646205992 769790872  0.115  0.116   14.014   15.902    0    0  (Gen:  0)
527915248 646205016 804716048  0.155  0.156   14.753   16.256    0    0  (Gen:  0)
524351496 646204504 840773120  0.167  0.167   15.417   16.890    0    0  (Gen:  0)
528027208 646209512 881934016  0.165  0.166   16.211   17.248    0    0  (Gen:  0)
526264440 646205080 915532320  0.162  0.163   17.007   17.665    0    0  (Gen:  0)
576849952 646204112 938891208  0.125  0.125   17.627   18.256    0    0  (Gen:  0)
566690960  44604872 961691928  0.083  0.083   17.992   18.638    0    0  (Gen:  0)
565352520  44604872 984294936  0.076  0.076   18.350   19.013    0    0  (Gen:  0)
562806072  44604856 1006692816  0.076  0.076   18.715   19.399    0    0  (Gen:  0)
569542512  44604944 1029421872  0.076  0.076   19.073   19.775    0    0  (Gen:  0)
565717760  44605416 1052245384  0.077  0.077   19.431   20.151    0    0  (Gen:  0)
571114016  44605424 1074755184  0.081  0.081   19.800   20.539    0    0  (Gen:  0)
560309304  44605528 1097621592  0.082  0.082   20.156   20.911    0    0  (Gen:  0)
568297488  44605872 1120345288  0.082  0.082   20.520   21.294    0    0  (Gen:  0)
569476936  44605864 1142947816  0.079  0.079   20.887   21.678    0    0  (Gen:  0)
570340800  42820400 1165474968  0.080  0.080   21.256   22.065    0    0  (Gen:  0)
567997744  42820392 1187949168  0.077  0.077   21.626   22.455    0    0  (Gen:  0)
569568376  42820408 1210605832  0.078  0.079   21.992   22.840    0    0  (Gen:  0)
563501400  42820408 1233482480  0.082  0.086   22.355   23.223    0    0  (Gen:  0)
571816800  42715168 1255772056  0.086  0.094   22.724   23.617    0    0  (Gen:  0)
568052864  42715168 1278839024  0.086  0.093   23.093   24.010    0    0  (Gen:  0)
562739232 1227319496 1279932288  2.147  2.495   25.517   26.798    0    0  (Gen:  1)
612175536 1227319472 1256512728  1.763  1.775   27.724   29.715    0    0  (Gen:  1)
   104792  11576504  17781616  0.026  0.142   27.750   29.857    0    0  (Gen:  1)
     1368                      0.000  0.000

  22,444,037,280 bytes allocated in the heap
   8,947,439,968 bytes copied during GC
   1,279,932,288 bytes maximum residency (7 sample(s))
      11,135,104 bytes maximum slop
            1220 MB total memory in use (0 MB lost due to fragmentation)

                                     Tot time (elapsed)  Avg pause  Max pause
  Gen  0        35 colls,     0 par    4.439s   4.570s     0.1306s    0.2672s
  Gen  1         7 colls,     0 par    5.944s   6.690s     0.9557s    2.4954s

  TASKS: 20 (1 bound, 19 peak workers (19 total), using -N4)

  SPARKS: 0 (0 converted, 0 overflowed, 0 dud, 0 GC'd, 0 fizzled)

  INIT    time    0.001s  (  0.006s elapsed)
  MUT     time   17.366s  ( 18.591s elapsed)
  GC      time   10.383s  ( 11.260s elapsed)
  EXIT    time    0.000s  (  0.007s elapsed)
  Total   time   27.751s  ( 29.864s elapsed)

  Alloc rate    1,292,409,850 bytes per MUT second

  Productivity  62.6% of total user, 62.3% of total elapsed

