bench-hist/haskell-lsp-0_21/ghcide --lsp --cwd bench/example/Cabal-3.0.0.0 +RTS -I0 -qg -A128M -Sedit.benchmark-gcStats -I0.5 
    Alloc    Copied     Live     GC     GC      TOT      TOT  Page Flts
    bytes     bytes     bytes   user   elap     user     elap
546140592      2160  28628360  0.073  0.081    0.677    6.009    0    0  (Gen:  0)
540457912      6168  45338448  0.102  0.118    1.080    6.662    0    0  (Gen:  1)
533000016      5472  64461624  0.067  0.069    1.425    7.126    0    0  (Gen:  0)
528198032  37856872  85470928  0.083  0.090    1.747    7.565    0    0  (Gen:  0)
537859968  37858192 100765192  0.182  0.206    2.216    8.342    0    0  (Gen:  1)
532026800  37856864 120070032  0.067  0.068    2.637    8.767    0    0  (Gen:  0)
530711192  37856832 157719752  0.092  0.093    3.852    9.367    0    0  (Gen:  0)
543596144  37872592 236337616  0.218  0.241    4.839    9.896    0    0  (Gen:  0)
527216544 100315944 274908136  0.219  0.239    5.681   10.330    0    0  (Gen:  0)
523750720 100317816 305236176  0.544  0.609    6.839   11.096    0    0  (Gen:  1)
528058472 100312552 359386952  0.203  0.203    7.601   11.446    0    0  (Gen:  0)
521709336 100315808 414142304  0.220  0.221    8.369   11.807    0    0  (Gen:  0)
526132200 100309376 467585856  0.209  0.210    9.044   12.153    0    0  (Gen:  0)
525519360 114644120 529350304  0.232  0.242    9.724   12.539    0    0  (Gen:  0)
525143128 112092856 580193936  0.228  0.248   10.505   12.929    0    0  (Gen:  0)
521097096 112092344 634398960  0.224  0.238   11.290   13.320    0    0  (Gen:  0)
519180592 112103760 674455928  1.163  1.327   12.739   14.911    0    0  (Gen:  1)
528661696 112088128 732247912  0.180  0.181   13.246   15.420    0    0  (Gen:  0)
524897136  92931840 768196128  0.167  0.168   13.953   15.823    0    0  (Gen:  0)
526327392  92931080 802778512  0.152  0.152   14.685   16.169    0    0  (Gen:  0)
527493896  92929896 840044200  0.158  0.158   15.318   16.744    0    0  (Gen:  0)
522015600  92934024 880544800  0.165  0.166   16.102   17.108    0    0  (Gen:  0)
522435280  92941624 912963080  0.160  0.161   16.864   17.516    0    0  (Gen:  0)
575457112  92929736 936969952  0.124  0.125   17.502   18.110    0    0  (Gen:  0)
539572064  92928568 948956576  0.067  0.068   18.158   18.762    0    0  (Gen:  0)
537643144  92928616 959933744  0.051  0.051   18.762   19.337    0    0  (Gen:  0)
538786176  24512640 971616344  0.053  0.053   19.372   19.917    0    0  (Gen:  0)
534812912  24512712 985354448  0.061  0.061   20.002   20.518    0    0  (Gen:  0)
538035824  24513096 996685384  0.059  0.059   20.605   21.102    0    0  (Gen:  0)
544657864  24512680 1008539320  0.055  0.056   21.249   21.743    0    0  (Gen:  0)
537008176  24512688 1020066496  0.052  0.052   21.860   22.340    0    0  (Gen:  0)
536872856  24512688 1031805760  0.053  0.053   22.474   22.922    0    0  (Gen:  0)
534242216  24512680 1043880808  0.056  0.056   23.097   23.513    0    0  (Gen:  0)
536356752  24512904 1056044440  0.058  0.058   23.723   24.116    0    0  (Gen:  0)
540193688  24512720 1067940224  0.057  0.058   24.327   24.704    0    0  (Gen:  0)
534470320  24512744 1079762912  0.054  0.054   24.972   25.347    0    0  (Gen:  0)
537216872  24512800 1090943864  0.052  0.053   25.583   25.931    0    0  (Gen:  0)
536222320  24512816 1102032352  0.052  0.052   26.187   26.506    0    0  (Gen:  0)
536162664  24512808 1116143840  0.061  0.061   26.822   27.108    0    0  (Gen:  0)
539453592  27481760 1127413544  0.061  0.061   27.433   27.701    0    0  (Gen:  0)
538253744  26371144 1139415624  0.056  0.056   28.059   28.318    0    0  (Gen:  0)
538690080  24420080 1151087192  0.053  0.053   28.688   28.941    0    0  (Gen:  0)
531485448  23830264 1162073816  0.053  0.053   29.296   29.521    0    0  (Gen:  0)
535234872  23830272 1174485472  0.055  0.055   29.915   30.110    0    0  (Gen:  0)
537905904  27054544 1187231696  0.061  0.061   30.553   30.720    0    0  (Gen:  0)
543714672  26253648 1198996384  0.057  0.057   31.162   31.310    0    0  (Gen:  0)
541586176  26253616 1210955504  0.055  0.055   31.817   31.961    0    0  (Gen:  0)
537438800  26253672 1222135536  0.053  0.053   32.430   32.548    0    0  (Gen:  0)
540106408  23899984 1233226360  0.053  0.053   33.048   33.135    0    0  (Gen:  0)
535198400  23900032 1247468112  0.062  0.062   33.690   33.748    0    0  (Gen:  0)
535477984  23900272 1258602504  0.062  0.065   34.304   34.346    0    0  (Gen:  0)
538436904  23899288 1251804832  2.207  2.550   37.086   37.461    0    0  (Gen:  1)
537657216  23899296 1263483568  0.053  0.054   37.717   38.091    0    0  (Gen:  0)
531868400  23843848 1274543440  0.053  0.053   38.315   38.668    0    0  (Gen:  0)
538124776  23843880 1286970776  0.056  0.056   38.923   39.254    0    0  (Gen:  0)
535154760  23844296 1299485688  0.059  0.059   39.543   39.854    0    0  (Gen:  0)
540918336  26272496 1311526504  0.058  0.058   40.138   40.437    0    0  (Gen:  0)
540635352  25305960 1323269992  0.055  0.055   40.777   41.079    0    0  (Gen:  0)
535150400  25305960 1334533136  0.052  0.052   41.386   41.670    0    0  (Gen:  0)
533389608  25306024 1345978248  0.054  0.054   41.977   42.243    0    0  (Gen:  0)
539158544  25306056 1358863632  0.059  0.059   42.600   42.845    0    0  (Gen:  0)
537922096  25306272 1370438672  0.060  0.060   43.212   43.445    0    0  (Gen:  0)
540459632  26355200 1382834032  0.057  0.057   43.820   44.045    0    0  (Gen:  0)
535143672  26355232 1394584000  0.054  0.054   44.452   44.676    0    0  (Gen:  0)
537239600  26355248 1405692648  0.053  0.053   45.059   45.260    0    0  (Gen:  0)
537121664  26355248 1417608768  0.055  0.055   45.660   45.841    0    0  (Gen:  0)
536021288  26355296 1431136992  0.063  0.064   46.289   46.450    0    0  (Gen:  0)
538256496  26722048 1442607008  0.060  0.060   46.888   47.036    0    0  (Gen:  0)
543564128  26726600 1454374712  0.057  0.057   47.526   47.679    0    0  (Gen:  0)
540914984  26721936 1465826608  0.054  0.054   48.146   48.285    0    0  (Gen:  0)
539004880  26721976 1477499888  0.054  0.054   48.746   48.865    0    0  (Gen:  0)
536942776  26407216 1490407184  0.060  0.060   49.373   49.466    0    0  (Gen:  0)
536564272  26913008 1501733848  0.059  0.059   49.983   50.062    0    0  (Gen:  0)
542153272  26386736 1514208880  0.057  0.057   50.598   50.673    0    0  (Gen:  0)
536384040  26386808 1525972952  0.055  0.055   51.231   51.303    0    0  (Gen:  0)
534403800  26386848 1537061152  0.053  0.053   51.829   51.878    0    0  (Gen:  0)
541927592  26386840 1549522264  0.057  0.057   52.444   52.471    0    0  (Gen:  0)
532838472  26387096 1562766464  0.062  0.063   53.066   53.072    0    0  (Gen:  0)
536444328  26387064 1574048640  0.059  0.059   53.663   53.654    0    0  (Gen:  0)
540702232  26386984 1585754256  0.056  0.056   54.296   54.290    0    0  (Gen:  0)
538677864  26387008 1597376280  0.054  0.054   54.909   54.897    0    0  (Gen:  0)
539875968  24203680 1608706976  0.055  0.055   55.518   55.479    0    0  (Gen:  0)
533446880  24203744 1621006824  0.058  0.058   56.138   56.073    0    0  (Gen:  0)
535158648  26475824 1632737264  0.059  0.059   56.751   56.672    0    0  (Gen:  0)
545860936  26475568 1645497488  0.059  0.060   57.360   57.275    0    0  (Gen:  0)
537014672  26475608 1657300976  0.055  0.055   58.001   57.921    0    0  (Gen:  0)
540127864  26475608 1668473608  0.053  0.053   58.606   58.505    0    0  (Gen:  0)
537539968  26475592 1680688720  0.055  0.055   59.216   59.096    0    0  (Gen:  0)
535636096  26475728 1694056776  0.063  0.063   59.848   59.707    0    0  (Gen:  0)
537901576  26526624 1705451728  0.061  0.061   60.447   60.293    0    0  (Gen:  0)
541361696  26526464 1717216064  0.057  0.057   61.090   60.940    0    0  (Gen:  0)
536000296  26526528 1728797936  0.053  0.053   61.698   61.540    0    0  (Gen:  0)
536410960  26526584 1740518712  0.055  0.055   62.306   62.125    0    0  (Gen:  0)
534706560  26075984 1753709904  0.059  0.059   62.924   62.723    0    0  (Gen:  0)
539134488  26076096 1764247784  0.060  0.060   63.551   63.330    0    0  (Gen:  0)
540701704  26076096 1776929496  0.058  0.058   64.152   63.923    0    0  (Gen:  0)
540336192  26076064 1788806600  0.054  0.055   64.799   64.570    0    0  (Gen:  0)
533838456  26076064 1799952120  0.054  0.054   65.400   65.150    0    0  (Gen:  0)
541709248  26076080 1812078784  0.055  0.055   66.011   65.738    0    0  (Gen:  0)
535448248  26076224 1825558624  0.064  0.064   66.643   66.348    0    0  (Gen:  0)
535581912  26076312 1836868792  0.060  0.060   67.240   66.932    0    0  (Gen:  0)
536412432  25930320 1848550648  0.056  0.056   67.872   67.566    0    0  (Gen:  0)
537955448  25930328 1860201448  0.054  0.054   68.485   68.174    0    0  (Gen:  0)
542268240  25930328 1871573072  0.054  0.054   69.096   68.759    0    0  (Gen:  0)
539644800  25930320 1884219016  0.059  0.059   69.726   69.362    0    0  (Gen:  0)
537817960  25930472 1895822320  0.059  0.059   70.342   69.965    0    0  (Gen:  0)
538422544  25930424 1908375784  0.059  0.059   70.947   70.565    0    0  (Gen:  0)
538021608  25930424 1920356936  0.055  0.055   71.591   71.210    0    0  (Gen:  0)
538735512  23887832 1931415240  0.053  0.054   72.195   71.792    0    0  (Gen:  0)
537746288  23887896 1943199464  0.055  0.055   72.804   72.379    0    0  (Gen:  0)
532228616  23887976 1956821576  0.062  0.063   73.433   72.988    0    0  (Gen:  0)
535226152  26307800 1967927856  0.059  0.060   74.038   73.579    0    0  (Gen:  0)
538084648  26311712 1979912816  0.058  0.058   74.659   74.199    0    0  (Gen:  0)
536652184  26307536 1991644056  0.054  0.055   75.286   74.820    0    0  (Gen:  0)
534407992  26307576 2002728432  0.054  0.054   75.895   75.409    0    0  (Gen:  0)
341333896 1956431224 2009331720  3.386  3.821   79.639   80.296    0    0  (Gen:  1)
   103784  11575472  17711456  0.040  0.221   79.679   80.518    0    0  (Gen:  1)
     2440                      0.000  0.000

  62,009,924,440 bytes allocated in the heap
   6,243,090,384 bytes copied during GC
   2,009,331,720 bytes maximum residency (7 sample(s))
       8,341,496 bytes maximum slop
            1916 MB total memory in use (0 MB lost due to fragmentation)

                                     Tot time (elapsed)  Avg pause  Max pause
  Gen  0       110 colls,     0 par    8.339s   8.464s     0.0769s    0.2482s
  Gen  1         7 colls,     0 par    7.625s   8.851s     1.2644s    3.8208s

  TASKS: 21 (1 bound, 20 peak workers (20 total), using -N4)

  SPARKS: 0 (0 converted, 0 overflowed, 0 dud, 0 GC'd, 0 fizzled)

  INIT    time    0.001s  (  0.006s elapsed)
  MUT     time   63.714s  ( 63.196s elapsed)
  GC      time   15.964s  ( 17.315s elapsed)
  EXIT    time    0.000s  (  0.009s elapsed)
  Total   time   79.680s  ( 80.527s elapsed)

  Alloc rate    973,256,850 bytes per MUT second

  Productivity  80.0% of total user, 78.5% of total elapsed

