bench-hist/haskell-lsp-0_21/ghcide --lsp --cwd bench/example/Cabal-3.0.0.0 +RTS -I0 -qg -A128M -SgetDefinition.benchmark-gcStats -I0.5 
    Alloc    Copied     Live     GC     GC      TOT      TOT  Page Flts
    bytes     bytes     bytes   user   elap     user     elap
544391328      2160  28486760  0.072  0.080    0.672    6.075    0    0  (Gen:  0)
542004928      6168  45321704  0.103  0.119    1.077    6.734    0    0  (Gen:  1)
537915080      5480  64650960  0.067  0.069    1.425    7.200    0    0  (Gen:  0)
534826120  38183616  85773008  0.085  0.092    1.755    7.647    0    0  (Gen:  0)
536753832  38184984 101119248  0.187  0.211    2.232    8.435    0    0  (Gen:  1)
533110784  38184112 120312360  0.067  0.067    2.672    8.865    0    0  (Gen:  0)
534555200  38183824 162190408  0.100  0.100    3.872    9.453    0    0  (Gen:  0)
539318448  38210488 235380192  0.216  0.239    4.806    9.965    0    0  (Gen:  0)
529937776  98576072 278455136  0.220  0.240    5.662   10.407    0    0  (Gen:  0)
521635832  98576208 319661352  0.595  0.662    6.841   11.219    0    0  (Gen:  1)
527183320  98576048 353813040  0.172  0.173    7.578   11.537    0    0  (Gen:  0)
525505904  90450064 411016360  0.196  0.196    8.224   11.864    0    0  (Gen:  0)
525415672  90439536 466238232  0.226  0.227    9.050   12.249    0    0  (Gen:  0)
526133064 105181792 517709064  0.217  0.218    9.833   12.611    0    0  (Gen:  0)
528561600 105189216 571832976  0.246  0.261   10.652   13.019    0    0  (Gen:  0)
525246736 105184944 637593544  0.265  0.286   11.313   13.521    0    0  (Gen:  0)
517904048 105189568 678299776  1.176  1.345   12.761   15.140    0    0  (Gen:  1)
522230160 105178656 734006480  0.193  0.194   13.290   15.669    0    0  (Gen:  0)
524383880  91169208 770406816  0.172  0.172   14.015   16.060    0    0  (Gen:  0)
524543968  68209336 803337520  0.150  0.151   14.739   16.422    0    0  (Gen:  0)
526021104  69509320 839866984  0.157  0.157   15.347   17.026    0    0  (Gen:  0)
525100392  69510496 879006040  0.163  0.164   16.161   17.373    0    0  (Gen:  0)
525287880  72418928 914067416  0.161  0.162   16.913   17.849    0    0  (Gen:  0)
578335624  55382640 934828848  0.117  0.118   17.574   18.492    0    0  (Gen:  0)
530675960  55382248 937896344  0.044  0.044   18.203   19.101    0    0  (Gen:  0)
535847000  55381512 939059336  0.013  0.013   18.852   19.746    0    0  (Gen:  0)
532439720  55381520 940066744  0.009  0.009   19.476   20.356    0    0  (Gen:  0)
532537648  55381552 940700816  0.009  0.009   20.108   20.965    0    0  (Gen:  0)
536155408  55381584 941990728  0.010  0.010   20.738   21.578    0    0  (Gen:  0)
534595840  55381576 941347720  0.008  0.008   21.386   22.208    0    0  (Gen:  0)
529979040   2991240 942269920  0.008  0.008   22.025   22.839    0    0  (Gen:  0)
533496904   2991280 943369512  0.009  0.009   22.668   23.474    0    0  (Gen:  0)
534273824   2991288 944253624  0.009  0.009   23.297   24.082    0    0  (Gen:  0)
532070936   2991352 944932688  0.010  0.010   23.925   24.694    0    0  (Gen:  0)
531898648   2991352 946126768  0.010  0.010   24.555   25.306    0    0  (Gen:  0)
537088984   2991368 945564184  0.008  0.008   25.209   25.944    0    0  (Gen:  0)
534519312   2991384 946696968  0.009  0.009   25.856   26.585    0    0  (Gen:  0)
532448168   2991432 947692408  0.009  0.010   26.487   27.203    0    0  (Gen:  0)
529612776   2991472 948383904  0.009  0.009   27.121   27.816    0    0  (Gen:  0)
533891280   2991520 949562984  0.011  0.011   27.750   28.426    0    0  (Gen:  0)
528634160   2991568 949986672  0.009  0.010   28.378   29.034    0    0  (Gen:  0)
533822184   2884160 949814840  0.008  0.008   29.034   29.679    0    0  (Gen:  0)
532492000   2884200 950891552  0.009  0.009   29.678   30.316    0    0  (Gen:  0)
528742416   3368304 951850904  0.009  0.009   30.307   30.934    0    0  (Gen:  0)
528529096   3267656 952488712  0.009  0.009   30.941   31.544    0    0  (Gen:  0)
530786624   3267656 953307240  0.010  0.010   31.567   32.155    0    0  (Gen:  0)
532722184   3267704 954367352  0.011  0.011   32.201   32.770    0    0  (Gen:  0)
533947600   2860960 953945552  0.008  0.008   32.854   33.408    0    0  (Gen:  0)
534091968   2860976 954991944  0.009  0.009   33.502   34.051    0    0  (Gen:  0)
533258184   2861016 956048520  0.010  0.010   34.141   34.678    0    0  (Gen:  0)
527962320   2861072 956731160  0.010  0.010   34.778   35.291    0    0  (Gen:  0)
532395352   2861096 957542248  0.010  0.010   35.403   35.901    0    0  (Gen:  0)
533568320   2861104 958629664  0.010  0.010   36.037   36.514    0    0  (Gen:  0)
532513512   2861120 958151608  0.008  0.008   36.687   37.149    0    0  (Gen:  0)
528907656   2861168 959106136  0.009  0.009   37.331   37.786    0    0  (Gen:  0)
529930560   3279664 960161240  0.009  0.009   37.974   38.420    0    0  (Gen:  0)
529487368   3279696 961050824  0.010  0.010   38.596   39.027    0    0  (Gen:  0)
530732048   3279720 961700944  0.010  0.010   39.236   39.643    0    0  (Gen:  0)
535272296   4171232 963288192  0.012  0.012   39.874   40.262    0    0  (Gen:  0)
531825288   4171256 962319928  0.008  0.008   40.523   40.891    0    0  (Gen:  0)
531783288   3026720 963289328  0.009  0.009   41.172   41.532    0    0  (Gen:  0)
529797696   3026800 964355808  0.009  0.009   41.814   42.165    0    0  (Gen:  0)
534584424   3026800 965252696  0.009  0.009   42.449   42.781    0    0  (Gen:  0)
530092872   3026864 965910640  0.010  0.010   43.081   43.394    0    0  (Gen:  0)
531821712   3026888 967207088  0.012  0.012   43.711   44.005    0    0  (Gen:  0)
532642904   3026888 966514008  0.008  0.008   44.359   44.633    0    0  (Gen:  0)
534022592   3026944 967538272  0.009  0.009   45.010   45.278    0    0  (Gen:  0)
530001616   3027000 968584832  0.010  0.010   45.651   45.908    0    0  (Gen:  0)
534081240   3027096 969319568  0.009  0.009   46.294   46.529    0    0  (Gen:  0)
528328200   3027096 970103888  0.010  0.010   46.918   47.142    0    0  (Gen:  0)
535469488   3027120 971270456  0.011  0.011   47.556   47.758    0    0  (Gen:  0)
517002152 915730624 946888272  1.523  1.696   49.699   50.738    0    0  (Gen:  1)
   100288  11581408  17736712  0.025  0.103   49.724   50.842    0    0  (Gen:  1)
     1368                      0.000  0.000

  38,287,185,104 bytes allocated in the heap
   3,005,516,120 bytes copied during GC
     946,888,272 bytes maximum residency (6 sample(s))
       5,509,552 bytes maximum slop
             903 MB total memory in use (0 MB lost due to fragmentation)

                                     Tot time (elapsed)  Avg pause  Max pause
  Gen  0        67 colls,     0 par    3.742s   3.846s     0.0574s    0.2861s
  Gen  1         6 colls,     0 par    3.609s   4.135s     0.6892s    1.6957s

  TASKS: 21 (1 bound, 20 peak workers (20 total), using -N4)

  SPARKS: 0 (0 converted, 0 overflowed, 0 dud, 0 GC'd, 0 fizzled)

  INIT    time    0.001s  (  0.005s elapsed)
  MUT     time   42.372s  ( 42.855s elapsed)
  GC      time    7.351s  (  7.981s elapsed)
  EXIT    time    0.000s  (  0.012s elapsed)
  Total   time   49.725s  ( 50.854s elapsed)

  Alloc rate    903,594,145 bytes per MUT second

  Productivity  85.2% of total user, 84.3% of total elapsed

