bench-hist/haskell-lsp-0_21/ghcide --lsp --cwd bench/example/Cabal-3.0.0.0 +RTS -I0 -qg -A128M -Shover_after_edit.benchmark-gcStats -I0.5 
    Alloc    Copied     Live     GC     GC      TOT      TOT  Page Flts
    bytes     bytes     bytes   user   elap     user     elap
542029432      2160  28350176  0.076  0.085    0.712    6.310    0    0  (Gen:  0)
539192104      6168  45171248  0.107  0.124    1.122    6.979    0    0  (Gen:  1)
534345168      6056  64121656  0.068  0.069    1.480    7.460    0    0  (Gen:  0)
526633928  37943808  85919392  0.086  0.092    1.806    7.908    0    0  (Gen:  0)
534130256  37945088 100485968  0.195  0.221    2.289    8.688    0    0  (Gen:  1)
532541904  37943800 119745632  0.072  0.073    2.704    9.146    0    0  (Gen:  0)
535765512  50788280 159819552  0.104  0.104    3.920    9.754    0    0  (Gen:  0)
543569312  50806496 239857640  0.235  0.261    4.955   10.326    0    0  (Gen:  0)
524280888  98427328 273602760  0.233  0.254    5.869   10.774    0    0  (Gen:  0)
524617824  98428288 309904104  0.598  0.665    7.085   11.611    0    0  (Gen:  1)
525912280  98428232 361016496  0.214  0.214    7.834   11.962    0    0  (Gen:  0)
525257896  98432056 410516864  0.215  0.216    8.560   12.310    0    0  (Gen:  0)
525853608  98426648 471117952  0.235  0.235    9.358   12.690    0    0  (Gen:  0)
528696200 116507264 528163936  0.254  0.267   10.148   13.117    0    0  (Gen:  0)
529420512 116502928 578872688  0.243  0.261   10.946   13.523    0    0  (Gen:  0)
524268168 116499552 632358312  0.238  0.254   11.739   13.941    0    0  (Gen:  0)
521311096 116511296 674229192  1.156  1.324   13.180   15.547    0    0  (Gen:  1)
527371792 116496168 731678192  0.187  0.188   13.696   16.065    0    0  (Gen:  0)
529912584 116497776 767885424  0.171  0.171   14.413   16.467    0    0  (Gen:  0)
529111440 116496720 803147584  0.156  0.157   15.175   16.795    0    0  (Gen:  0)
526732712 116510456 839230232  0.160  0.160   15.788   17.390    0    0  (Gen:  0)
522764752 116498216 878556336  0.164  0.164   16.574   17.741    0    0  (Gen:  0)
525183304  72754848 913230416  0.159  0.160   17.351   18.164    0    0  (Gen:  0)
581377312  72753976 936271920  0.122  0.123   18.002   18.789    0    0  (Gen:  0)
535148264  72753600 954232792  0.088  0.089   18.624   19.382    0    0  (Gen:  0)
531819424  72753008 966893936  0.059  0.060   19.186   19.955    0    0  (Gen:  0)
533733264  72753080 980057008  0.063  0.063   19.761   20.496    0    0  (Gen:  0)
538423720  72753144 990458808  0.056  0.056   20.341   21.068    0    0  (Gen:  0)
533428488  26213096 1004728784  0.064  0.064   20.889   21.601    0    0  (Gen:  0)
529057288  26213168 1016699568  0.062  0.062   21.510   22.201    0    0  (Gen:  0)
538571912  26213296 1029005280  0.060  0.060   22.078   22.780    0    0  (Gen:  0)
532041984  27325288 1042134200  0.064  0.064   22.654   23.324    0    0  (Gen:  0)
535990480  27325344 1053183864  0.058  0.058   23.236   23.902    0    0  (Gen:  0)
531259456  27325416 1066696496  0.064  0.064   23.791   24.432    0    0  (Gen:  0)
537877240  27325432 1079412352  0.065  0.066   24.418   25.041    0    0  (Gen:  0)
533879240  27330552 1090894968  0.061  0.061   24.990   25.625    0    0  (Gen:  0)
530029624  27325520 1103611048  0.065  0.065   25.563   26.161    0    0  (Gen:  0)
534805984  27325584 1114867320  0.058  0.058   26.135   26.733    0    0  (Gen:  0)
529904440  27325592 1128018112  0.063  0.063   26.700   27.271    0    0  (Gen:  0)
536009528  27327464 1140575848  0.062  0.062   27.316   27.866    0    0  (Gen:  0)
536768824  25950408 1152786856  0.064  0.065   27.887   28.447    0    0  (Gen:  0)
532776064  25949912 1165122144  0.064  0.065   28.475   29.000    0    0  (Gen:  0)
533374200  25553352 1176610568  0.059  0.059   29.049   29.576    0    0  (Gen:  0)
530060664  25734488 1189359976  0.062  0.062   29.615   30.114    0    0  (Gen:  0)
534967928  25735496 1202734808  0.061  0.061   30.216   30.702    0    0  (Gen:  0)
537068024  25735032 1214617152  0.064  0.064   30.790   31.272    0    0  (Gen:  0)
529035320  25734688 1226320632  0.061  0.061   31.387   31.839    0    0  (Gen:  0)
537137984  25734632 1238532712  0.059  0.059   31.972   32.427    0    0  (Gen:  0)
530738544  25734760 1251985864  0.065  0.065   32.536   32.961    0    0  (Gen:  0)
540178072  25733296 1220306800  2.170  2.496   35.242   35.982    0    0  (Gen:  1)
540030744  25733744 1233473616  0.064  0.064   35.817   36.552    0    0  (Gen:  0)
530403344  25733408 1245124904  0.062  0.062   36.423   37.128    0    0  (Gen:  0)
537833616  25733392 1257388976  0.060  0.061   37.009   37.718    0    0  (Gen:  0)
530823464  25733472 1271047160  0.066  0.066   37.579   38.260    0    0  (Gen:  0)
539703904  25733512 1282525136  0.060  0.060   38.179   38.852    0    0  (Gen:  0)
534155576  26184120 1295571872  0.063  0.063   38.746   39.412    0    0  (Gen:  0)
531481000  26667432 1307182464  0.062  0.062   39.359   39.998    0    0  (Gen:  0)
532434592  26667392 1319770024  0.060  0.060   39.927   40.577    0    0  (Gen:  0)
530940800  27078216 1332901920  0.064  0.064   40.508   41.123    0    0  (Gen:  0)
537893368  27078240 1343291376  0.057  0.057   41.102   41.710    0    0  (Gen:  0)
531770760  26232880 1357515048  0.066  0.067   41.657   42.252    0    0  (Gen:  0)
532050088  26232848 1369859608  0.064  0.064   42.289   42.863    0    0  (Gen:  0)
535586104  25551384 1381844048  0.061  0.061   42.868   43.454    0    0  (Gen:  0)
528078600  25551432 1394723952  0.064  0.065   43.443   43.993    0    0  (Gen:  0)
534238792  25551448 1405857336  0.059  0.059   44.028   44.575    0    0  (Gen:  0)
537673568  25551536 1419642320  0.065  0.066   44.593   45.122    0    0  (Gen:  0)
533984392  25551576 1432251168  0.066  0.066   45.230   45.738    0    0  (Gen:  0)
533654280  25596544 1443947896  0.063  0.063   45.808   46.329    0    0  (Gen:  0)
529819368  25596416 1456423232  0.065  0.065   46.390   46.873    0    0  (Gen:  0)
529522616  25596440 1467575704  0.059  0.059   46.971   47.455    0    0  (Gen:  0)
534617328  25596544 1480704704  0.063  0.064   47.546   48.003    0    0  (Gen:  0)
533405048  27552248 1492804688  0.061  0.061   48.159   48.597    0    0  (Gen:  0)
537176104  27551560 1505675168  0.064  0.065   48.736   49.180    0    0  (Gen:  0)
532023488  27551424 1517612304  0.065  0.065   49.336   49.747    0    0  (Gen:  0)
532036640  25496456 1529508712  0.062  0.062   49.921   50.335    0    0  (Gen:  0)
531640840  26577504 1542882864  0.066  0.066   50.494   50.880    0    0  (Gen:  0)
535102248  26577552 1555222560  0.060  0.060   51.099   51.473    0    0  (Gen:  0)
534260928  26577880 1567744432  0.064  0.065   51.666   52.034    0    0  (Gen:  0)
534064200  26787888 1579396168  0.063  0.063   52.288   52.634    0    0  (Gen:  0)
532199504  25662040 1591957896  0.061  0.061   52.862   53.219    0    0  (Gen:  0)
533847688  27365784 1605343688  0.066  0.067   53.456   53.781    0    0  (Gen:  0)
534895168  27365784 1615913112  0.059  0.059   54.053   54.370    0    0  (Gen:  0)
535317424  27365872 1629710560  0.066  0.066   54.619   54.923    0    0  (Gen:  0)
531127096  27514448 1641408904  0.063  0.063   55.247   55.529    0    0  (Gen:  0)
533031960  27514472 1653953392  0.062  0.063   55.827   56.121    0    0  (Gen:  0)
530116128  27514504 1666972520  0.065  0.065   56.411   56.668    0    0  (Gen:  0)
535940896  26117856 1678237776  0.060  0.060   57.000   57.254    0    0  (Gen:  0)
530807360  26117920 1691719824  0.067  0.067   57.568   57.799    0    0  (Gen:  0)
536295720  29127848 1704410072  0.066  0.066   58.209   58.421    0    0  (Gen:  0)
534760056  29129608 1716170224  0.064  0.064   58.792   59.016    0    0  (Gen:  0)
531894696  27597768 1728738360  0.066  0.066   59.377   59.565    0    0  (Gen:  0)
531124296  25823272 1740044760  0.059  0.059   59.959   60.148    0    0  (Gen:  0)
529415000  25720064 1753006792  0.064  0.064   60.531   60.695    0    0  (Gen:  0)
538278848  25721104 1765776336  0.064  0.065   61.161   61.304    0    0  (Gen:  0)
538938240  26171216 1778096728  0.066  0.066   61.753   61.905    0    0  (Gen:  0)
531339280  27545960 1790264312  0.065  0.065   62.347   62.464    0    0  (Gen:  0)
529829680  27545944 1801802928  0.060  0.060   62.934   63.052    0    0  (Gen:  0)
538398400  27545968 1814675504  0.064  0.064   63.511   63.606    0    0  (Gen:  0)
534857800  27546528 1826769896  0.061  0.061   64.128   64.204    0    0  (Gen:  0)
536606376  27546216 1839923784  0.065  0.065   64.705   64.784    0    0  (Gen:  0)
536213048  27546192 1852039704  0.066  0.066   65.321   65.369    0    0  (Gen:  0)
536934576  27546288 1863943264  0.061  0.061   65.914   65.964    0    0  (Gen:  0)
535189664  27546320 1876617144  0.063  0.063   66.490   66.514    0    0  (Gen:  0)
535176264  27546360 1889045376  0.062  0.062   67.103   67.111    0    0  (Gen:  0)
534482584  26329536 1901926216  0.065  0.066   67.678   67.686    0    0  (Gen:  0)
535950976  27095368 1913835752  0.065  0.065   68.301   68.279    0    0  (Gen:  0)
538549960  27095376 1925880008  0.061  0.061   68.895   68.876    0    0  (Gen:  0)
528214672  26807680 1939205640  0.067  0.067   69.471   69.424    0    0  (Gen:  0)
536816408  27038784 1950947376  0.061  0.061   70.076   70.018    0    0  (Gen:  0)
531314248  27038984 1963910400  0.064  0.065   70.643   70.577    0    0  (Gen:  0)
534645032  27038872 1975618080  0.063  0.063   71.271   71.178    0    0  (Gen:  0)
529656512  27038888 1988182432  0.061  0.062   71.847   71.764    0    0  (Gen:  0)
529634056  27038960 2001254544  0.066  0.066   72.437   72.318    0    0  (Gen:  0)
534283224  26082096 2012269920  0.061  0.061   73.028   72.905    0    0  (Gen:  0)
535177824  26082160 2025880888  0.068  0.068   73.602   73.458    0    0  (Gen:  0)
528834352  26082168 2038556800  0.067  0.067   74.239   74.075    0    0  (Gen:  0)
535558656  26082392 2050169968  0.063  0.063   74.829   74.677    0    0  (Gen:  0)
534173120  27714312 2063146784  0.067  0.067   75.419   75.230    0    0  (Gen:  0)
537311560  26147272 2074576208  0.060  0.060   76.010   75.819    0    0  (Gen:  0)
533078992  26147304 2088026816  0.066  0.067   76.581   76.366    0    0  (Gen:  0)
537824544  26149712 2100723896  0.066  0.066   77.226   76.991    0    0  (Gen:  0)
533891208  26147704 2112625512  0.065  0.065   77.814   77.591    0    0  (Gen:  0)
534075040  26147528 2125107496  0.068  0.068   78.408   78.147    0    0  (Gen:  0)
529311904  26147552 2136121328  0.060  0.060   78.990   78.731    0    0  (Gen:  0)
531411408  25676112 2149285480  0.064  0.064   79.569   79.282    0    0  (Gen:  0)
537045672  25677144 2161864544  0.065  0.065   80.202   79.895    0    0  (Gen:  0)
537322936  25676320 2174438952  0.066  0.066   80.790   80.490    0    0  (Gen:  0)
533387696  27508472 2186622512  0.067  0.067   81.399   81.065    0    0  (Gen:  0)
532976088  27508472 2198343376  0.061  0.061   81.992   81.659    0    0  (Gen:  0)
531765520  25863976 2211062272  0.065  0.065   82.569   82.210    0    0  (Gen:  0)
536578512  25864008 2223461288  0.061  0.061   83.183   82.806    0    0  (Gen:  0)
536420720  25864232 2236489912  0.066  0.066   83.766   83.390    0    0  (Gen:  0)
530981448  25864152 2248148152  0.064  0.064   84.386   83.980    0    0  (Gen:  0)
531621552  25864104 2260300576  0.061  0.062   84.977   84.576    0    0  (Gen:  0)
535611280  25864168 2273962208  0.067  0.067   85.561   85.131    0    0  (Gen:  0)
533521712  25864176 2285183008  0.060  0.060   86.164   85.726    0    0  (Gen:  0)
535465664  26158640 2298575704  0.066  0.066   86.735   86.284    0    0  (Gen:  0)
535866400  26158632 2310271000  0.063  0.064   87.367   86.892    0    0  (Gen:  0)
533753152  26158656 2322883464  0.062  0.062   87.947   87.483    0    0  (Gen:  0)
531792488  27208880 2336048536  0.067  0.067   88.541   88.040    0    0  (Gen:  0)
537672248  27208928 2346025384  0.058  0.058   89.145   88.635    0    0  (Gen:  0)
535926224  27208944 2360653448  0.068  0.068   89.712   89.186    0    0  (Gen:  0)
535530352  27208992 2372433472  0.065  0.065   90.357   89.809    0    0  (Gen:  0)
535638560  27209056 2384985928  0.064  0.064   90.952   90.418    0    0  (Gen:  0)
529178680  27209088 2398087816  0.067  0.067   91.543   90.970    0    0  (Gen:  0)
537922104  27209104 2409036952  0.061  0.061   92.141   91.565    0    0  (Gen:  0)
530235824  26240064 2422803016  0.067  0.067   92.710   92.114    0    0  (Gen:  0)
537215928  26240112 2435742912  0.073  0.078   93.364   92.751    0    0  (Gen:  0)
534496152 2384847832 2439002824  4.599  5.338   98.489   98.626    0    0  (Gen:  1)
233154840 2389692720 2443556032  3.891  3.901  102.586  103.462    0    0  (Gen:  1)
   103296  11614992  18534280  0.037  0.260  102.624  103.723    0    0  (Gen:  1)
     2440                      0.000  0.000

  79,738,690,680 bytes allocated in the heap
  10,166,290,704 bytes copied during GC
   2,443,556,032 bytes maximum residency (8 sample(s))
       9,721,144 bytes maximum slop
            2330 MB total memory in use (0 MB lost due to fragmentation)

                                     Tot time (elapsed)  Avg pause  Max pause
  Gen  0       143 colls,     0 par   11.202s  11.344s     0.0793s    0.2666s
  Gen  1         8 colls,     0 par   12.753s  14.329s     1.7912s    5.3377s

  TASKS: 22 (1 bound, 21 peak workers (21 total), using -N4)

  SPARKS: 0 (0 converted, 0 overflowed, 0 dud, 0 GC'd, 0 fizzled)

  INIT    time    0.001s  (  0.006s elapsed)
  MUT     time   78.667s  ( 78.043s elapsed)
  GC      time   23.955s  ( 25.674s elapsed)
  EXIT    time    0.000s  (  0.006s elapsed)
  Total   time  102.624s  (103.728s elapsed)

  Alloc rate    1,013,625,409 bytes per MUT second

  Productivity  76.7% of total user, 75.2% of total elapsed

