bench-hist/haskell-lsp-0_21/ghcide --lsp --cwd bench/example/Cabal-3.0.0.0 +RTS -I0 -qg -A128M -Shover.benchmark-gcStats -I0.5 
    Alloc    Copied     Live     GC     GC      TOT      TOT  Page Flts
    bytes     bytes     bytes   user   elap     user     elap
543797752      2160  28439048  0.073  0.081    0.677    6.073    0    0  (Gen:  0)
538634160      6184  45253272  0.103  0.119    1.078    6.728    0    0  (Gen:  1)
533825896  32393648  64256440  0.067  0.069    1.427    7.197    0    0  (Gen:  0)
528584176  32393704  85415896  0.085  0.091    1.749    7.636    0    0  (Gen:  0)
538214096  32395008 100733544  0.183  0.206    2.218    8.412    0    0  (Gen:  1)
535017824  32393648 120120864  0.068  0.069    2.643    8.840    0    0  (Gen:  0)
537434736  53380248 163703136  0.100  0.101    3.855    9.438    0    0  (Gen:  0)
533749248  53399616 236170824  0.217  0.240    4.806    9.968    0    0  (Gen:  0)
523513624  53390352 275475968  0.216  0.235    5.647   10.389    0    0  (Gen:  0)
525202472  53383336 309119608  0.554  0.615    6.798   11.157    0    0  (Gen:  1)
525098376  53381992 367505776  0.217  0.217    7.529   11.506    0    0  (Gen:  0)
524389928  53387240 412690056  0.209  0.210    8.267   11.851    0    0  (Gen:  0)
527833448  53388032 475710568  0.216  0.217    8.988   12.199    0    0  (Gen:  0)
524467064  53382120 531075056  0.243  0.255    9.813   12.603    0    0  (Gen:  0)
527631576  53390672 581369360  0.225  0.238   10.599   12.984    0    0  (Gen:  0)
524377640  53385928 633506136  0.225  0.241   11.391   13.380    0    0  (Gen:  0)
520835544  53394664 674751520  1.160  1.323   12.832   14.972    0    0  (Gen:  1)
526655088  53392192 732157792  0.185  0.186   13.347   15.489    0    0  (Gen:  0)
529235408  53384536 767843672  0.168  0.168   14.063   15.890    0    0  (Gen:  0)
525595648  70386024 803025360  0.155  0.156   14.822   16.233    0    0  (Gen:  0)
522068432  70852920 839426720  0.159  0.159   15.428   16.835    0    0  (Gen:  0)
528767032  70853616 879216984  0.165  0.166   16.219   17.194    0    0  (Gen:  0)
526945072  72570672 913450400  0.165  0.165   17.003   17.633    0    0  (Gen:  0)
584374496  72568600 935428536  0.124  0.125   17.673   18.279    0    0  (Gen:  0)
536580104  72568136 945017096  0.065  0.065   18.313   18.891    0    0  (Gen:  0)
533574104  72567424 945318552  0.014  0.014   18.955   19.509    0    0  (Gen:  0)
537375704  72567464 944861056  0.008  0.008   19.608   20.149    0    0  (Gen:  0)
530398104   3144464 945913704  0.008  0.008   20.246   20.781    0    0  (Gen:  0)
533854024   3144480 946960400  0.009  0.009   20.877   21.398    0    0  (Gen:  0)
535017448   3144488 947624544  0.009  0.009   21.512   22.007    0    0  (Gen:  0)
532222360   3144488 948907184  0.010  0.010   22.142   22.619    0    0  (Gen:  0)
536262080   3144472 948272816  0.008  0.008   22.790   23.246    0    0  (Gen:  0)
529148392   3144480 949147888  0.009  0.009   23.429   23.879    0    0  (Gen:  0)
533419488   3144520 950251040  0.009  0.009   24.074   24.515    0    0  (Gen:  0)
530393072   3469160 951159168  0.010  0.010   24.695   25.119    0    0  (Gen:  0)
528316264   3469168 951789528  0.009  0.009   25.330   25.729    0    0  (Gen:  0)
532604504   3469232 952897088  0.010  0.011   25.957   26.336    0    0  (Gen:  0)
533040160   3469272 952386616  0.008  0.008   26.601   26.960    0    0  (Gen:  0)
531094976   3469280 953272520  0.009  0.009   27.245   27.594    0    0  (Gen:  0)
530250856   3469312 954326480  0.009  0.009   27.886   28.224    0    0  (Gen:  0)
534182856   3469336 955329480  0.009  0.010   28.516   28.839    0    0  (Gen:  0)
531721848   3469352 955966552  0.009  0.009   29.153   29.451    0    0  (Gen:  0)
533767152   3469384 958090344  0.013  0.013   29.784   30.063    0    0  (Gen:  0)
536007504   3469416 956590888  0.008  0.008   30.436   30.694    0    0  (Gen:  0)
533123632   3469416 957565288  0.009  0.009   31.083   31.332    0    0  (Gen:  0)
536217272   3469432 958692976  0.009  0.009   31.727   31.966    0    0  (Gen:  0)
535942800   3469464 959445576  0.009  0.009   32.368   32.582    0    0  (Gen:  0)
530994448   3655296 960563600  0.010  0.010   32.992   33.189    0    0  (Gen:  0)
530624224   3655328 961283048  0.010  0.010   33.626   33.800    0    0  (Gen:  0)
534568496   3655336 960836424  0.008  0.008   34.282   34.441    0    0  (Gen:  0)
529818656   3087552 961864488  0.009  0.009   34.927   35.077    0    0  (Gen:  0)
534393560   3087560 962925784  0.010  0.010   35.564   35.700    0    0  (Gen:  0)
534974144   3087568 963653112  0.009  0.009   36.205   36.315    0    0  (Gen:  0)
531405872   3087616 965060872  0.011  0.011   36.835   36.929    0    0  (Gen:  0)
537609432   2857128 964265816  0.008  0.008   37.482   37.549    0    0  (Gen:  0)
532334720   2857160 965141368  0.009  0.009   38.135   38.195    0    0  (Gen:  0)
533848672   2857256 966285680  0.009  0.009   38.786   38.838    0    0  (Gen:  0)
532343744   2857288 967249968  0.010  0.010   39.415   39.450    0    0  (Gen:  0)
531909624   2857328 967885272  0.010  0.010   40.055   40.064    0    0  (Gen:  0)
535501608   2857360 969431704  0.011  0.011   40.688   40.678    0    0  (Gen:  0)
531515416   2857368 968494384  0.008  0.008   41.338   41.309    0    0  (Gen:  0)
532391128   2994280 969444904  0.008  0.008   41.989   41.950    0    0  (Gen:  0)
531162424   2994288 970533400  0.009  0.009   42.634   42.584    0    0  (Gen:  0)
534288280   2994312 971393576  0.009  0.009   43.274   43.201    0    0  (Gen:  0)
534919080   2994328 972316856  0.010  0.010   43.907   43.814    0    0  (Gen:  0)
528784392   2994384 973266608  0.011  0.011   44.540   44.426    0    0  (Gen:  0)
536839344   2994392 972744864  0.008  0.009   45.202   45.072    0    0  (Gen:  0)
532792680   2994408 973849512  0.009  0.009   45.853   45.716    0    0  (Gen:  0)
532386168   3429728 974891384  0.010  0.010   46.493   46.342    0    0  (Gen:  0)
531699808   3376896 975572680  0.010  0.010   47.134   46.960    0    0  (Gen:  0)
529188608   3376920 976840880  0.010  0.011   47.759   47.567    0    0  (Gen:  0)
536089904   3140160 976832152  0.009  0.009   48.403   48.185    0    0  (Gen:  0)
  1153352 898138728 929403752  1.491  1.659   49.898   50.526    0    0  (Gen:  1)
   104360  11581456  17806944  0.023  0.100   49.922   50.627    0    0  (Gen:  1)
     1368                      0.000  0.000

  38,344,406,952 bytes allocated in the heap
   2,452,994,176 bytes copied during GC
     929,403,752 bytes maximum residency (6 sample(s))
       5,418,136 bytes maximum slop
             886 MB total memory in use (0 MB lost due to fragmentation)

                                     Tot time (elapsed)  Avg pause  Max pause
  Gen  0        68 colls,     0 par    3.790s   3.896s     0.0573s    0.2546s
  Gen  1         6 colls,     0 par    3.513s   4.022s     0.6704s    1.6594s

  TASKS: 21 (1 bound, 20 peak workers (20 total), using -N4)

  SPARKS: 0 (0 converted, 0 overflowed, 0 dud, 0 GC'd, 0 fizzled)

  INIT    time    0.001s  (  0.006s elapsed)
  MUT     time   42.617s  ( 42.703s elapsed)
  GC      time    7.303s  (  7.918s elapsed)
  EXIT    time    0.000s  (  0.013s elapsed)
  Total   time   49.922s  ( 50.640s elapsed)

  Alloc rate    899,739,160 bytes per MUT second

  Productivity  85.4% of total user, 84.3% of total elapsed

