bench-hist/v0.0.6/ghcide --lsp --cwd bench/example/Cabal-3.0.0.0 +RTS -Scode_actions.benchmark-gcStats -I0.5 
    Alloc    Copied     Live     GC     GC      TOT      TOT  Page Flts
    bytes     bytes     bytes   user   elap     user     elap
  1182184     79184    218368  0.000  0.000    0.003    0.009    0    0  (Gen:  0)
  1402016    169264    462832  0.018  0.023    0.022    0.036    0    0  (Gen:  1)
  1042464     68488    462712  0.000  0.000    0.023    0.037    0    0  (Gen:  0)
  1099848      8904    535928  0.000  0.000    0.024    0.039    0    0  (Gen:  0)
  2274440    354984   1107280  0.001  0.001    0.027    0.043    0    0  (Gen:  0)
  1032192    684144   1451376  0.002  0.001    0.030    0.044    0    0  (Gen:  0)
  2359032    239440    968856  0.014  0.011    0.048    2.832    0    0  (Gen:  1)
  1328320    300992   1138144  0.001  0.000    0.052    4.794    0    0  (Gen:  0)
  1038616    320760   1172984  0.001  0.000    0.054    4.795    0    0  (Gen:  0)
  1055784     96568   1210704  0.000  0.000    0.056    4.797    0    0  (Gen:  0)
  1029408     49320   1216360  0.000  0.000    0.057    4.798    0    0  (Gen:  0)
  1047336     94400   1316448  0.000  0.000    0.058    4.798    0    0  (Gen:  0)
  1031552     53936   1313760  0.000  0.000    0.059    4.799    0    0  (Gen:  0)
  1032312     72624   1364104  0.000  0.000    0.059    4.799    0    0  (Gen:  0)
  1045360     65544   1403848  0.000  0.000    0.060    4.800    0    0  (Gen:  0)
  1036048    507968   1873024  0.002  0.001    0.064    4.802    0    0  (Gen:  0)
  1039624   1083040   1647968  0.025  0.007    0.090    4.810    0    0  (Gen:  1)
  1029120    229848   1814216  0.001  0.000    0.091    4.811    0    0  (Gen:  0)
  1042120     70136   1871920  0.000  0.000    0.092    4.812    0    0  (Gen:  0)
  1041952    118872   1930712  0.001  0.000    0.093    4.812    0    0  (Gen:  0)
  1042064    119648   1989344  0.000  0.000    0.094    4.813    0    0  (Gen:  0)
  1035112    161248   2148256  0.001  0.000    0.096    4.815    0    0  (Gen:  0)
  1039888    165720   2306288  0.001  0.000    0.098    4.817    0    0  (Gen:  0)
  1041448    167720   2466336  0.001  0.000    0.099    4.818    0    0  (Gen:  0)
  1084568    180960   2689536  0.001  0.000    0.101    4.819    0    0  (Gen:  0)
  1108280    334776   2887744  0.001  0.000    0.102    4.820    0    0  (Gen:  0)
  1043048    318392   3038104  0.001  0.000    0.104    4.821    0    0  (Gen:  0)
  1109424    304752   3223664  0.002  0.000    0.106    4.821    0    0  (Gen:  0)
  1176016    458248   3557512  0.003  0.001    0.109    4.823    0    0  (Gen:  0)
  1041568   2392616   3046840  0.025  0.007    0.135    4.831    0    0  (Gen:  1)
  1041184    441256   3278592  0.002  0.001    0.138    4.832    0    0  (Gen:  0)
  1037824    265888   3483000  0.001  0.000    0.139    4.833    0    0  (Gen:  0)
  1362016    268480   3621952  0.001  0.000    0.206    5.110    0    0  (Gen:  0)
  1042504     39000   3524144  0.000  0.000    0.235    5.144    0    0  (Gen:  0)
  1034312     11984   3530792  0.000  0.000    0.279    5.197    0    0  (Gen:  0)
  1099904     76360   3661400  0.001  0.000    0.283    5.202    0    0  (Gen:  0)
  1036528     40496   3694048  0.000  0.000    0.284    5.203    0    0  (Gen:  0)
  1115784     92992   3784496  0.002  0.001    0.287    5.204    0    0  (Gen:  0)
  1035432    107280   3846560  0.001  0.000    0.288    5.205    0    0  (Gen:  0)
  1034952    129016   3911512  0.001  0.000    0.290    5.205    0    0  (Gen:  0)
  1031480    141760   3983752  0.001  0.000    0.291    5.206    0    0  (Gen:  0)
  1037272    140792   4054656  0.001  0.000    0.293    5.207    0    0  (Gen:  0)
  1037384    138040   4118248  0.001  0.000    0.294    5.208    0    0  (Gen:  0)
  1037344    138616   4187904  0.001  0.000    0.296    5.208    0    0  (Gen:  0)
  1037624    141384   4250856  0.001  0.000    0.297    5.209    0    0  (Gen:  0)
  1037464    138672   4319504  0.001  0.000    0.299    5.210    0    0  (Gen:  0)
  1036704    141648   4390232  0.001  0.000    0.300    5.211    0    0  (Gen:  0)
  1059216    133120   4450816  0.001  0.000    0.301    5.211    0    0  (Gen:  0)
  1037440    124288   4508768  0.001  0.000    0.303    5.212    0    0  (Gen:  0)
  1035944    135400   4579680  0.001  0.000    0.304    5.213    0    0  (Gen:  0)
  1036128    147192   4649504  0.001  0.000    0.306    5.214    0    0  (Gen:  0)
  1034048    151312   4726280  0.001  0.000    0.307    5.214    0    0  (Gen:  0)
  1034744    152248   4801024  0.001  0.000    0.309    5.215    0    0  (Gen:  0)
  1037176    135584   4858936  0.001  0.000    0.310    5.216    0    0  (Gen:  0)
  1036168    116008   4912008  0.001  0.000    0.312    5.217    0    0  (Gen:  0)
  1035752    111384   4965184  0.001  0.000    0.313    5.217    0    0  (Gen:  0)
  1036608    122712   5028944  0.001  0.000    0.314    5.218    0    0  (Gen:  0)
  1036864    128480   5087744  0.001  0.000    0.316    5.219    0    0  (Gen:  0)
  1035144    135304   5161600  0.001  0.000    0.317    5.219    0    0  (Gen:  0)
  1031208    153792   5241168  0.001  0.000    0.319    5.220    0    0  (Gen:  0)
  1035656    160960   5315536  0.001  0.000    0.320    5.221    0    0  (Gen:  0)
  1034216    146776   5380816  0.001  0.000    0.322    5.222    0    0  (Gen:  0)
  3425848    154840   5503016  0.001  0.000    0.325    5.225    0    0  (Gen:  0)
  1606936     97928   5525024  0.000  0.000    0.327    5.226    0    0  (Gen:  0)
  1577448     45472   5547048  0.000  0.000    0.329    5.227    0    0  (Gen:  0)
  1171200     42360   5563968  0.000  0.000    0.330    5.228    0    0  (Gen:  0)
  1963712     41056   5589744  0.000  0.000    0.331    5.230    0    0  (Gen:  0)
  1780984     39400   5615056  0.000  0.000    0.333    5.231    0    0  (Gen:  0)
  2794176     67328   5659928  0.000  0.000    0.336    5.234    0    0  (Gen:  0)
  2994416     91960   5709464  0.000  0.000    0.338    5.236    0    0  (Gen:  0)
  2674880     78400   5755592  0.000  0.000    0.341    5.239    0    0  (Gen:  0)
  2612344   4525216   5217096  0.033  0.010    0.375    5.250    0    0  (Gen:  1)
  2610496     77856   5280960  0.000  0.000    0.378    5.253    0    0  (Gen:  0)
  2203656     71712   5291056  0.000  0.000    0.380    5.254    0    0  (Gen:  0)
  1171272     52200   5336448  0.000  0.000    0.381    5.255    0    0  (Gen:  0)
  1136488     32664   5353744  0.000  0.000    0.382    5.256    0    0  (Gen:  0)
  1907544     45112   5342280  0.000  0.000    0.384    5.258    0    0  (Gen:  0)
  1670080     49848   5402016  0.000  0.000    0.385    5.259    0    0  (Gen:  0)
  1319752     46640   5423016  0.000  0.000    0.387    5.260    0    0  (Gen:  0)
  1104392     25200   5431640  0.000  0.000    0.388    5.261    0    0  (Gen:  0)
  2057896     47440   5469368  0.000  0.000    0.390    5.263    0    0  (Gen:  0)
  1169752     52288   5488992  0.000  0.000    0.391    5.264    0    0  (Gen:  0)
  1105648     28984   5502096  0.000  0.000    0.392    5.265    0    0  (Gen:  0)
  3623408     61752   5546000  0.000  0.000    0.395    5.268    0    0  (Gen:  0)
  2305296     63528   5582224  0.000  0.000    0.397    5.270    0    0  (Gen:  0)
  1411384     42056   5604632  0.000  0.000    0.399    5.271    0    0  (Gen:  0)
  2686600     61336   5644464  0.000  0.000    0.401    5.274    0    0  (Gen:  0)
  1102120     43640   5655272  0.000  0.000    0.402    5.275    0    0  (Gen:  0)
  1179504     35976   5676616  0.000  0.000    0.404    5.276    0    0  (Gen:  0)
  2279408     41592   5705840  0.000  0.000    0.406    5.277    0    0  (Gen:  0)
  1631008     57968   5753048  0.000  0.000    0.408    5.279    0    0  (Gen:  0)
  1117960     56800   5806488  0.000  0.000    0.409    5.281    0    0  (Gen:  0)
  1197336     42776   5855880  0.000  0.000    0.410    5.312    0    0  (Gen:  0)
  1039752      5872   5823080  0.000  0.000    0.411    5.313    0    0  (Gen:  0)
  1037040      9512   5828504  0.000  0.000    0.412    5.313    0    0  (Gen:  0)
  1039976      8048   5835032  0.000  0.000    0.412    5.313    0    0  (Gen:  0)
  1038384      4696   5833488  0.000  0.000    0.413    5.314    0    0  (Gen:  0)
  1036552     50592   5879776  0.000  0.000    0.414    5.314    0    0  (Gen:  0)
  1034104    106000   5935288  0.001  0.000    0.415    5.315    0    0  (Gen:  0)
  1031872    149688   6012752  0.001  0.000    0.416    5.316    0    0  (Gen:  0)
  1035976    133704   6068576  0.001  0.000    0.418    5.317    0    0  (Gen:  0)
  1032584    108960   6117024  0.001  0.000    0.419    5.318    0    0  (Gen:  0)
  2474584     87296   6182128  0.000  0.000    0.422    5.320    0    0  (Gen:  0)
  1941256     57656   6210432  0.000  0.000    0.424    5.322    0    0  (Gen:  0)
  1170512     43552   6227312  0.000  0.000    0.425    5.323    0    0  (Gen:  0)
  1074320     61000   6262728  0.000  0.000    0.426    5.324    0    0  (Gen:  0)
  2067008     47632   6297816  0.000  0.000    0.428    5.326    0    0  (Gen:  0)
  2266888     59832   6329048  0.000  0.000    0.430    5.328    0    0  (Gen:  0)
  1385816     61648   6369272  0.000  0.000    0.432    5.329    0    0  (Gen:  0)
  2368360     63288   6409088  0.000  0.000    0.434    5.331    0    0  (Gen:  0)
  2746776     67936   6456912  0.000  0.000    0.437    5.333    0    0  (Gen:  0)
  1737656     55840   6486360  0.000  0.000    0.438    5.335    0    0  (Gen:  0)
  2843872     65616   6587984  0.000  0.000    0.441    5.337    0    0  (Gen:  0)
  1100688     36960   6599448  0.000  0.000    0.442    5.338    0    0  (Gen:  0)
  1430320     37608   6686976  0.000  0.000    0.443    5.340    0    0  (Gen:  0)
  2319864     53576   6891088  0.000  0.000    0.445    5.341    0    0  (Gen:  0)
  1951656     48352   6913632  0.000  0.000    0.447    5.343    0    0  (Gen:  0)
  1171744     40096   6935064  0.000  0.000    0.448    5.344    0    0  (Gen:  0)
  1483352     41608   6955008  0.000  0.000    0.450    5.345    0    0  (Gen:  0)
  1171088     34680   6969448  0.000  0.000    0.451    5.346    0    0  (Gen:  0)
  3694840     65736   7024648  0.000  0.000    0.454    5.349    0    0  (Gen:  0)
  1168880     58744   7044976  0.000  0.000    0.455    5.350    0    0  (Gen:  0)
  1102936     25440   7057368  0.000  0.000    0.456    5.351    0    0  (Gen:  0)
  1289104     33632   7110008  0.000  0.000    0.457    5.352    0    0  (Gen:  0)
  1608896     38824   7264896  0.000  0.000    0.459    5.353    0    0  (Gen:  0)
  1536816     44976   7389328  0.000  0.000    0.461    5.355    0    0  (Gen:  0)
  2719592     53560   7523936  0.000  0.000    0.463    5.357    0    0  (Gen:  0)
  3541936     71064   7737192  0.000  0.000    0.466    5.360    0    0  (Gen:  0)
  1368528     51872   7757056  0.000  0.000    0.467    5.361    0    0  (Gen:  0)
  2334224     52264   7957456  0.000  0.000    0.469    5.363    0    0  (Gen:  0)
  1107184     43104   7969648  0.000  0.000    0.471    5.364    0    0  (Gen:  0)
  1404264     32832   8055832  0.000  0.000    0.472    5.365    0    0  (Gen:  0)
  1458992     35024   8141248  0.000  0.000    0.473    5.366    0    0  (Gen:  0)
  2468080     56080   8313128  0.000  0.000    0.476    5.368    0    0  (Gen:  0)
  1556088     44744   8429056  0.000  0.000    0.477    5.370    0    0  (Gen:  0)
  2615120     85456   8559896  0.000  0.000    0.479    5.372    0    0  (Gen:  0)
  2943400     66112   8828488  0.000  0.000    0.482    5.374    0    0  (Gen:  0)
  1827912     51904   8887216  0.000  0.000    0.484    5.375    0    0  (Gen:  0)
  2007552     52584   9047440  0.000  0.000    0.485    5.377    0    0  (Gen:  0)
  2177936     58112   9145488  0.000  0.000    0.487    5.379    0    0  (Gen:  0)
  3031928     61472   9187336  0.000  0.000    0.490    5.382    0    0  (Gen:  0)
  1501824     56520   9212704  0.000  0.000    0.492    5.383    0    0  (Gen:  0)
  1343736     34416   9229328  0.000  0.000    0.493    5.384    0    0  (Gen:  0)
  2297360     47736   9263936  0.000  0.000    0.495    5.386    0    0  (Gen:  0)
  1169736     45024   9280800  0.000  0.000    0.496    5.387    0    0  (Gen:  0)
  1106256     29040   9294232  0.000  0.000    0.497    5.388    0    0  (Gen:  0)
  3106040     57984   9338320  0.000  0.000    0.500    5.390    0    0  (Gen:  0)
  1135368     49216   9359056  0.000  0.000    0.501    5.391    0    0  (Gen:  0)
  1167928     32416   9374568  0.000  0.000    0.502    5.392    0    0  (Gen:  0)
  2632136     50064   9413832  0.000  0.000    0.505    5.395    0    0  (Gen:  0)
  2671872     67376   9454104  0.000  0.000    0.507    5.397    0    0  (Gen:  0)
  1172040     42752   9467728  0.000  0.000    0.508    5.398    0    0  (Gen:  0)
  2601144     59552   9507080  0.000  0.000    0.511    5.400    0    0  (Gen:  0)
  1105392     36976   9515880  0.000  0.000    0.512    5.401    0    0  (Gen:  0)
  1903328     64648   9570936  0.000  0.000    0.514    5.403    0    0  (Gen:  0)
  2811408     49248   9632240  0.000  0.000    0.516    5.405    0    0  (Gen:  0)
  1037048     80376   9673328  0.000  0.000    0.517    5.406    0    0  (Gen:  0)
  1031624    112680   9736256  0.001  0.000    0.518    5.407    0    0  (Gen:  0)
  1035328    112768   9785880  0.001  0.000    0.519    5.407    0    0  (Gen:  0)
  1032352    100688   9832528  0.001  0.000    0.521    5.408    0    0  (Gen:  0)
  1036512    117792   9899552  0.001  0.000    0.522    5.409    0    0  (Gen:  0)
  1034752    142232   9969928  0.001  0.000    0.524    5.409    0    0  (Gen:  0)
  1035024    131976  10025184  0.001  0.000    0.525    5.410    0    0  (Gen:  0)
  1034328    125696  10091424  0.001  0.000    0.526    5.411    0    0  (Gen:  0)
  1035608    126080  10146824  0.001  0.000    0.528    5.412    0    0  (Gen:  0)
  2721312    141400  10260656  0.001  0.000    0.530    5.413    0    0  (Gen:  0)
  1041232     78104  10252776  0.000  0.000    0.531    5.414    0    0  (Gen:  0)
  1736488   6656048   7660808  0.039  0.012    0.572    5.428    0    0  (Gen:  1)
  1693224     37152   8141040  0.000  0.000    0.574    5.429    0    0  (Gen:  0)
  1190040     57232   8239808  0.000  0.000    0.575    5.429    0    0  (Gen:  0)
  1036528    111728   8304664  0.001  0.000    0.576    5.430    0    0  (Gen:  0)
  1158600    133864   8434664  0.001  0.000    0.577    5.431    0    0  (Gen:  0)
  1035704    130640   8496568  0.001  0.000    0.578    5.431    0    0  (Gen:  0)
  1103288    138600   8634504  0.001  0.000    0.580    5.432    0    0  (Gen:  0)
  1718440    134648   8720304  0.001  0.000    0.582    5.433    0    0  (Gen:  0)
  1558096     86648   8913072  0.000  0.000    0.584    5.435    0    0  (Gen:  0)
  1157960     34952   8990992  0.000  0.000    0.585    5.436    0    0  (Gen:  0)
  1034384     57056   9031296  0.000  0.000    0.586    5.437    0    0  (Gen:  0)
  2225200    117608   9230920  0.001  0.000    0.588    5.438    0    0  (Gen:  0)
  2471224    108952   9395752  0.000  0.000    0.591    5.441    0    0  (Gen:  0)
  2067784     72264   9552944  0.000  0.000    0.593    5.442    0    0  (Gen:  0)
  2325640     66224   9764320  0.000  0.000    0.596    5.445    0    0  (Gen:  0)
  1035688     87112   9807440  0.000  0.000    0.596    5.445    0    0  (Gen:  0)
  1031480    103200   9857704  0.001  0.000    0.598    5.446    0    0  (Gen:  0)
  1172672    109320  10031520  0.000  0.000    0.599    5.447    0    0  (Gen:  0)
  3782752     87192  10280576  0.000  0.000    0.602    5.450    0    0  (Gen:  0)
  2670680     92800  10451864  0.000  0.000    0.605    5.452    0    0  (Gen:  0)
  2831936     80368  10648520  0.000  0.000    0.607    5.455    0    0  (Gen:  0)
  2344848     75160  10746528  0.000  0.000    0.610    5.457    0    0  (Gen:  0)
  1744304     69240  10975816  0.000  0.000    0.612    5.459    0    0  (Gen:  0)
  1116288     38072  11012576  0.000  0.000    0.613    5.460    0    0  (Gen:  0)
  1105144     64344  11124384  0.000  0.000    0.614    5.460    0    0  (Gen:  0)
  1035304    120856  11190352  0.001  0.000    0.615    5.461    0    0  (Gen:  0)
  1208168    155888  11345560  0.001  0.000    0.617    5.462    0    0  (Gen:  0)
  1034208    145416  11396920  0.000  0.000    0.618    5.463    0    0  (Gen:  0)
  1173392    114856  11582152  0.001  0.000    0.619    5.463    0    0  (Gen:  0)
  1032080    135512  11658008  0.001  0.000    0.621    5.464    0    0  (Gen:  0)
  1108784    146160  11788368  0.001  0.000    0.623    5.465    0    0  (Gen:  0)
  1036968    124408  11839536  0.001  0.000    0.624    5.466    0    0  (Gen:  0)
  1034944    129744  11910576  0.001  0.000    0.626    5.467    0    0  (Gen:  0)
  1100368    144328  12043752  0.001  0.000    0.627    5.467    0    0  (Gen:  0)
  1104936    148544  12184456  0.001  0.000    0.629    5.468    0    0  (Gen:  0)
  1139960    133144  12332136  0.001  0.000    0.630    5.469    0    0  (Gen:  0)
  1035632    112952  12389200  0.001  0.000    0.632    5.470    0    0  (Gen:  0)
  1097984    130928  12523824  0.001  0.000    0.634    5.470    0    0  (Gen:  0)
  1036872    121800  12567376  0.001  0.000    0.635    5.471    0    0  (Gen:  0)
  1033304    128848  12646160  0.001  0.000    0.636    5.472    0    0  (Gen:  0)
  1165680    150184  12843056  0.001  0.000    0.638    5.473    0    0  (Gen:  0)
  1035296    120608  12887144  0.001  0.000    0.639    5.473    0    0  (Gen:  0)
  3792504    116536  13226184  0.000  0.000    0.643    5.477    0    0  (Gen:  0)
  3667800    125568  13423184  0.000  0.000    0.646    5.480    0    0  (Gen:  0)
  2322024    111016  13622264  0.000  0.000    0.649    5.482    0    0  (Gen:  0)
  1208472     59848  13702048  0.000  0.000    0.650    5.483    0    0  (Gen:  0)
  1288760     35208  13782848  0.000  0.000    0.651    5.484    0    0  (Gen:  0)
  1362760     44680  13902664  0.000  0.000    0.653    5.485    0    0  (Gen:  0)
  3127304     73176  14117120  0.000  0.000    0.655    5.488    0    0  (Gen:  0)
  1106448     50416  14129880  0.000  0.000    0.657    5.489    0    0  (Gen:  0)
  2676952     49184  14290944  0.000  0.000    0.659    5.491    0    0  (Gen:  0)
  1204624     48504  14379160  0.000  0.000    0.660    5.492    0    0  (Gen:  0)
  1401848     38744  14467280  0.000  0.000    0.662    5.493    0    0  (Gen:  0)
  1649048     39200  14581728  0.000  0.000    0.663    5.494    0    0  (Gen:  0)
  1175064     58768  14686792  0.000  0.000    0.665    5.495    0    0  (Gen:  0)
  1272056     34912  14776840  0.000  0.000    0.666    5.497    0    0  (Gen:  0)
  1219264     39320  14826064  0.000  0.000    0.667    5.498    0    0  (Gen:  0)
  2244920     41736  15015736  0.000  0.000    0.669    5.499    0    0  (Gen:  0)
  2031408     57360  15123576  0.000  0.000    0.672    5.502    0    0  (Gen:  0)
  1375768     42496  15202680  0.000  0.000    0.673    5.503    0    0  (Gen:  0)
  1037720   8687504   9855800  0.038  0.011    0.711    5.514    0    0  (Gen:  1)
  1178752     85000  10039976  0.001  0.000    0.713    5.515    0    0  (Gen:  0)
  1036024    118856  10093536  0.001  0.000    0.714    5.516    0    0  (Gen:  0)
  1459056     88464  10155896  0.001  0.000    0.716    5.517    0    0  (Gen:  0)
  1865024     57640  10179000  0.000  0.000    0.718    5.519    0    0  (Gen:  0)
  1424384     61144  10205176  0.000  0.000    0.719    5.520    0    0  (Gen:  0)
  1423920     31296  10231920  0.000  0.000    0.721    5.521    0    0  (Gen:  0)
  1038296     49312  10259048  0.000  0.000    0.722    5.522    0    0  (Gen:  0)
  1037168     94416  10313624  0.001  0.000    0.723    5.523    0    0  (Gen:  0)
  1035120    117928  10372128  0.001  0.000    0.724    5.523    0    0  (Gen:  0)
  1036408    122112  10430464  0.001  0.000    0.726    5.524    0    0  (Gen:  0)
  1034552    122928  10490344  0.001  0.000    0.727    5.525    0    0  (Gen:  0)
  1033552    130560  10560592  0.001  0.000    0.729    5.525    0    0  (Gen:  0)
  1036928    122544  10612448  0.001  0.000    0.730    5.526    0    0  (Gen:  0)
  1037040    114832  10670824  0.001  0.000    0.731    5.527    0    0  (Gen:  0)
  1036208    122536  10727152  0.001  0.000    0.733    5.528    0    0  (Gen:  0)
  1036552    115048  10781496  0.001  0.000    0.734    5.528    0    0  (Gen:  0)
  1031720    127688  10849616  0.001  0.000    0.736    5.529    0    0  (Gen:  0)
  1074264     95408  10900504  0.000  0.000    0.737    5.530    0    0  (Gen:  0)
  2634112     65288  10949680  0.000  0.000    0.739    5.532    0    0  (Gen:  0)
  1560752     66088  10966056  0.000  0.000    0.741    5.534    0    0  (Gen:  0)
  1138672     44792  10982400  0.000  0.000    0.742    5.535    0    0  (Gen:  0)
  1108072     54672  11013464  0.000  0.000    0.743    5.536    0    0  (Gen:  0)
  1624872     44832  11046848  0.000  0.000    0.745    5.537    0    0  (Gen:  0)
  1124680     33128  11092352  0.000  0.000    0.746    5.538    0    0  (Gen:  0)
  1036936     56224  11127208  0.000  0.000    0.747    5.539    0    0  (Gen:  0)
  1108176     72824  11217680  0.001  0.000    0.748    5.539    0    0  (Gen:  0)
  1036368     80072  11272592  0.001  0.000    0.749    5.540    0    0  (Gen:  0)
  1035112    121488  11338064  0.001  0.000    0.751    5.541    0    0  (Gen:  0)
  1143656    145056  11510824  0.001  0.000    0.752    5.542    0    0  (Gen:  0)
  1035304    150648  11581752  0.001  0.000    0.754    5.542    0    0  (Gen:  0)
  1147584    134848  11735632  0.001  0.000    0.756    5.543    0    0  (Gen:  0)
  1073896    103328  11809000  0.001  0.000    0.757    5.544    0    0  (Gen:  0)
  1035496    105696  11868680  0.001  0.000    0.758    5.545    0    0  (Gen:  0)
  1100024    133728  12004608  0.001  0.000    0.759    5.545    0    0  (Gen:  0)
  1034648    141160  12070784  0.001  0.000    0.761    5.546    0    0  (Gen:  0)
  1034664    139592  12137736  0.000  0.000    0.762    5.547    0    0  (Gen:  0)
  1036440    133256  12198272  0.001  0.000    0.764    5.547    0    0  (Gen:  0)
  1038016    120352  12249744  0.001  0.000    0.765    5.548    0    0  (Gen:  0)
  1032928    122720  12315768  0.001  0.000    0.766    5.549    0    0  (Gen:  0)
  1037080    138112  12381824  0.001  0.000    0.768    5.550    0    0  (Gen:  0)
  1134272    124072  12530680  0.001  0.000    0.769    5.550    0    0  (Gen:  0)
  1103128    133032  12669024  0.001  0.000    0.771    5.551    0    0  (Gen:  0)
  1168680    155256  12843912  0.001  0.000    0.773    5.552    0    0  (Gen:  0)
  1031432    169096  12929048  0.001  0.000    0.774    5.553    0    0  (Gen:  0)
  1184288    170096  13138344  0.001  0.000    0.776    5.554    0    0  (Gen:  0)
  1034008    157664  13207944  0.001  0.000    0.778    5.554    0    0  (Gen:  0)
  1180664    135128  13397992  0.001  0.000    0.779    5.555    0    0  (Gen:  0)
  1145896    119400  13549896  0.001  0.000    0.781    5.556    0    0  (Gen:  0)
  1241272     69128  13667664  0.000  0.000    0.783    5.557    0    0  (Gen:  0)
  1168408     51712  13690936  0.000  0.000    0.784    5.558    0    0  (Gen:  0)
  1894864     67400  13729416  0.000  0.000    0.786    5.560    0    0  (Gen:  0)
  1140088     76088  13758808  0.000  0.000    0.787    5.561    0    0  (Gen:  0)
  3169584     71608  13798008  0.000  0.000    0.790    5.564    0    0  (Gen:  0)
  2183384     69296  13821344  0.000  0.000    0.792    5.565    0    0  (Gen:  0)
  2402232     99040  13889016  0.000  0.000    0.794    5.568    0    0  (Gen:  0)
  1176568     50000  13906128  0.000  0.000    0.796    5.569    0    0  (Gen:  0)
  1534072     35392  14955832  0.000  0.000    0.797    5.590    0    0  (Gen:  0)
  1770576     27224  15557184  0.000  0.000    0.799    5.604    0    0  (Gen:  0)
   961944     11336  15549752  0.000  0.000    0.799    5.605    0    0  (Gen:  0)
  1038216      9200  15554920  0.000  0.000    0.800    5.605    0    0  (Gen:  0)
  1039848      7592  15561288  0.000  0.000    0.800    5.606    0    0  (Gen:  0)
  1037896      4448  15559688  0.000  0.000    0.801    5.606    0    0  (Gen:  0)
  1039440     18640  15574328  0.000  0.000    0.801    5.606    0    0  (Gen:  0)
  1033768     90584  15646616  0.000  0.000    0.802    5.607    0    0  (Gen:  0)
  1034944    130144  15705072  0.001  0.000    0.804    5.608    0    0  (Gen:  0)
  1033936    144776  15764064  0.001  0.000    0.805    5.608    0    0  (Gen:  0)
  1033976    130832  15831064  0.001  0.000    0.807    5.609    0    0  (Gen:  0)
  1035408    114176  15870576  0.000  0.000    0.808    5.610    0    0  (Gen:  0)
  1035280     91400  15917016  0.000  0.000    0.809    5.610    0    0  (Gen:  0)
  1035016     95840  15962360  0.000  0.000    0.810    5.611    0    0  (Gen:  0)
  1032920    117728  16022032  0.001  0.000    0.811    5.612    0    0  (Gen:  0)
  1033928    123216  16085784  0.001  0.000    0.813    5.612    0    0  (Gen:  0)
  1032592    126032  16142608  0.001  0.000    0.814    5.613    0    0  (Gen:  0)
  1034936    137000  16213680  0.001  0.000    0.816    5.614    0    0  (Gen:  0)
  1031952    149800  16285256  0.001  0.000    0.818    5.615    0    0  (Gen:  0)
  1031680    153064  16360880  0.001  0.000    0.819    5.615    0    0  (Gen:  0)
  1033192    148320  16429064  0.001  0.000    0.820    5.616    0    0  (Gen:  0)
  1033432    141632  16497792  0.001  0.000    0.822    5.617    0    0  (Gen:  0)
  1031696    150536  16574808  0.001  0.000    0.823    5.617    0    0  (Gen:  0)
  1032696    154136  16647400  0.001  0.000    0.825    5.618    0    0  (Gen:  0)
  1033016    152472  16722808  0.001  0.000    0.826    5.619    0    0  (Gen:  0)
  1063928    152928  16828536  0.001  0.000    0.828    5.620    0    0  (Gen:  0)
  1134576    152056  17001632  0.001  0.000    0.830    5.620    0    0  (Gen:  0)
  1065872    150736  17105048  0.001  0.000    0.831    5.621    0    0  (Gen:  0)
  1033096    148840  17177912  0.001  0.000    0.833    5.622    0    0  (Gen:  0)
  1035312    150384  17251160  0.001  0.000    0.834    5.623    0    0  (Gen:  0)
  1035768    139920  17313144  0.001  0.000    0.836    5.623    0    0  (Gen:  0)
  1032976    136984  17381576  0.001  0.000    0.837    5.624    0    0  (Gen:  0)
  1034128    148216  17454352  0.001  0.000    0.839    5.625    0    0  (Gen:  0)
  1033392    137496  17514280  0.001  0.000    0.840    5.626    0    0  (Gen:  0)
  1033584    134976  17584352  0.001  0.000    0.842    5.626    0    0  (Gen:  0)
  1033296    146048  17658784  0.001  0.000    0.843    5.627    0    0  (Gen:  0)
  1034240    141648  17724024  0.001  0.000    0.845    5.628    0    0  (Gen:  0)
  1033824    131024  17785320  0.001  0.000    0.846    5.628    0    0  (Gen:  0)
  1033952    137944  17854424  0.001  0.000    0.848    5.629    0    0  (Gen:  0)
  1033072    141816  17923088  0.001  0.000    0.849    5.630    0    0  (Gen:  0)
  1033800    139408  17986936  0.001  0.000    0.851    5.630    0    0  (Gen:  0)
  1032560    138248  18052816  0.001  0.000    0.852    5.631    0    0  (Gen:  0)
  1033816    132352  18113080  0.001  0.000    0.854    5.632    0    0  (Gen:  0)
  1195824    130800  18241368  0.001  0.000    0.855    5.633    0    0  (Gen:  0)
  1035856    125824  18298064  0.001  0.000    0.857    5.633    0    0  (Gen:  0)
  1138312    124440  18458984  0.001  0.000    0.858    5.634    0    0  (Gen:  0)
  1032296    127568  18518016  0.001  0.000    0.859    5.635    0    0  (Gen:  0)
  1105008    140104  18656696  0.001  0.000    0.861    5.635    0    0  (Gen:  0)
  1033624    146072  18724576  0.001  0.000    0.862    5.636    0    0  (Gen:  0)
  1071912    142080  18827152  0.001  0.000    0.864    5.637    0    0  (Gen:  0)
  1033064    139904  18891672  0.001  0.000    0.865    5.637    0    0  (Gen:  0)
  1032520    133840  18956744  0.001  0.000    0.867    5.638    0    0  (Gen:  0)
  1033744    125792  19011896  0.001  0.000    0.868    5.639    0    0  (Gen:  0)
  1033608    129720  19079648  0.001  0.000    0.870    5.640    0    0  (Gen:  0)
  1032816    135288  19142896  0.001  0.000    0.871    5.640    0    0  (Gen:  0)
  1034640    137208  19212048  0.001  0.000    0.872    5.641    0    0  (Gen:  0)
  1035552    146808  19284312  0.001  0.000    0.874    5.642    0    0  (Gen:  0)
  1034848    141752  19348304  0.001  0.000    0.875    5.642    0    0  (Gen:  0)
  1034904    140000  19417744  0.001  0.000    0.877    5.643    0    0  (Gen:  0)
  1033816    146040  19488808  0.001  0.000    0.878    5.644    0    0  (Gen:  0)
  1033920  14515000  17848808  0.049  0.014    0.928    5.658    0    0  (Gen:  1)
  1032808    141768  17916032  0.001  0.000    0.929    5.659    0    0  (Gen:  0)
  1032920    142832  17987200  0.001  0.000    0.931    5.660    0    0  (Gen:  0)
  1033320    148696  18057640  0.001  0.000    0.932    5.661    0    0  (Gen:  0)
  1306928    148040  18392344  0.001  0.000    0.934    5.661    0    0  (Gen:  0)
  1034264    162328  18476416  0.001  0.000    0.936    5.662    0    0  (Gen:  0)
  1103480    167056  18623528  0.001  0.000    0.937    5.663    0    0  (Gen:  0)
  1035176    145072  18686768  0.001  0.000    0.939    5.664    0    0  (Gen:  0)
  1159328    126520  18847416  0.001  0.000    0.941    5.665    0    0  (Gen:  0)
  1033744    128320  18911528  0.001  0.000    0.942    5.665    0    0  (Gen:  0)
  1103544    137416  19044568  0.001  0.000    0.944    5.666    0    0  (Gen:  0)
  1037920    147664  19116360  0.001  0.000    0.945    5.667    0    0  (Gen:  0)
  1982088    117480  19255296  0.001  0.000    0.948    5.669    0    0  (Gen:  0)
  1105736     63176  19283608  0.000  0.000    0.949    5.669    0    0  (Gen:  0)
  1665264     66872  19281776  0.000  0.000    0.950    5.671    0    0  (Gen:  0)
  1202208     68608  19345328  0.000  0.000    0.952    5.672    0    0  (Gen:  0)
  1131728     50512  19359944  0.000  0.000    0.953    5.673    0    0  (Gen:  0)
  2171056     46096  19388528  0.000  0.000    0.955    5.675    0    0  (Gen:  0)
  1134784     32712  19403712  0.000  0.000    0.956    5.676    0    0  (Gen:  0)
  2748704     44952  19463160  0.000  0.000    0.959    5.679    0    0  (Gen:  0)
  1035168     79656  19501832  0.000  0.000    0.960    5.679    0    0  (Gen:  0)
  1034408    108720  19559288  0.001  0.000    0.961    5.680    0    0  (Gen:  0)
  1036744    131040  19626712  0.001  0.000    0.962    5.681    0    0  (Gen:  0)
  1033504    157328  19710568  0.001  0.000    0.963    5.682    0    0  (Gen:  0)
  1034384    177872  19799280  0.001  0.000    0.964    5.683    0    0  (Gen:  0)
  1035896    175880  19881720  0.001  0.000    0.966    5.683    0    0  (Gen:  0)
  1033312    163040  19957104  0.001  0.000    0.967    5.684    0    0  (Gen:  0)
  1034568    166952  20042456  0.001  0.000    0.969    5.685    0    0  (Gen:  0)
  1034776    178984  20129448  0.001  0.000    0.971    5.686    0    0  (Gen:  0)
  1033744    172352  20209736  0.001  0.000    0.972    5.687    0    0  (Gen:  0)
  1033736    149128  20274296  0.001  0.000    0.974    5.688    0    0  (Gen:  0)
  1035696    140576  20344680  0.001  0.000    0.976    5.688    0    0  (Gen:  0)
  1035040    148312  20420408  0.001  0.000    0.977    5.689    0    0  (Gen:  0)
  1033856    143720  20483344  0.001  0.000    0.979    5.690    0    0  (Gen:  0)
  1036392    138520  20551552  0.001  0.000    0.980    5.691    0    0  (Gen:  0)
  1034920    142280  20620384  0.001  0.000    0.982    5.691    0    0  (Gen:  0)
  1035608    137912  20684744  0.001  0.000    0.983    5.692    0    0  (Gen:  0)
  1034648    134880  20745424  0.001  0.000    0.985    5.693    0    0  (Gen:  0)
  1071968    101792  20807792  0.001  0.000    0.987    5.694    0    0  (Gen:  0)
  1989456     72200  20820168  0.001  0.000    0.989    5.696    0    0  (Gen:  0)
  1600856     57560  20904800  0.000  0.000    0.990    5.697    0    0  (Gen:  0)
  1035272     79216  20951992  0.001  0.000    0.992    5.698    0    0  (Gen:  0)
  1035600    114616  21010600  0.001  0.000    0.993    5.699    0    0  (Gen:  0)
  1034184    128104  21076024  0.001  0.000    0.994    5.700    0    0  (Gen:  0)
  1036464    136568  21140896  0.001  0.000    0.996    5.700    0    0  (Gen:  0)
  1035704    131776  21202184  0.001  0.000    0.997    5.701    0    0  (Gen:  0)
  1037064    130224  21263920  0.001  0.000    0.999    5.702    0    0  (Gen:  0)
  1035384    123056  21318952  0.001  0.000    1.000    5.702    0    0  (Gen:  0)
  1034912    124424  21384416  0.001  0.000    1.002    5.703    0    0  (Gen:  0)
  1035736    123680  21440648  0.001  0.000    1.003    5.704    0    0  (Gen:  0)
  1033200    129888  21508968  0.001  0.000    1.005    5.705    0    0  (Gen:  0)
  1035256    147008  21582312  0.001  0.000    1.006    5.705    0    0  (Gen:  0)
  1032680    146192  21651024  0.001  0.000    1.008    5.706    0    0  (Gen:  0)
  1033992    141568  21718840  0.001  0.000    1.009    5.707    0    0  (Gen:  0)
  1035440    136704  21781912  0.001  0.000    1.011    5.708    0    0  (Gen:  0)
  1034776    123408  21837648  0.001  0.000    1.012    5.708    0    0  (Gen:  0)
  1031600    122640  21900064  0.001  0.000    1.014    5.709    0    0  (Gen:  0)
  1035792    123216  21955704  0.001  0.000    1.015    5.710    0    0  (Gen:  0)
  1034792    124592  22020576  0.001  0.000    1.016    5.710    0    0  (Gen:  0)
  1033440    138984  22087456  0.001  0.000    1.018    5.711    0    0  (Gen:  0)
  1035248    138120  22153848  0.001  0.000    1.019    5.712    0    0  (Gen:  0)
  1036696    128256  22210320  0.001  0.000    1.021    5.713    0    0  (Gen:  0)
  1035384    117160  22264288  0.001  0.000    1.022    5.713    0    0  (Gen:  0)
  1072440     85680  22323552  0.000  0.000    1.023    5.714    0    0  (Gen:  0)
  2356744     74120  22369064  0.000  0.000    1.026    5.716    0    0  (Gen:  0)
  2279952     89488  22407808  0.000  0.000    1.028    5.718    0    0  (Gen:  0)
  2543728     87168  22447624  0.000  0.000    1.030    5.721    0    0  (Gen:  0)
  1136376     71392  22472112  0.000  0.000    1.032    5.722    0    0  (Gen:  0)
  1934136     83032  22526280  0.000  0.000    1.034    5.723    0    0  (Gen:  0)
  1287656     62480  22528416  0.000  0.000    1.035    5.724    0    0  (Gen:  0)
  1040800     13208  22528728  0.000  0.000    1.036    5.725    0    0  (Gen:  0)
  2664904     43056  22634376  0.000  0.000    1.039    5.728    0    0  (Gen:  0)
  1036520     75712  22660760  0.000  0.000    1.039    5.728    0    0  (Gen:  0)
  1034200    106296  22727848  0.001  0.000    1.041    5.729    0    0  (Gen:  0)
  1034336    132952  22789288  0.001  0.000    1.042    5.730    0    0  (Gen:  0)
  1036000    122608  22847640  0.000  0.000    1.043    5.731    0    0  (Gen:  0)
  1034752    122792  22912176  0.000  0.000    1.044    5.731    0    0  (Gen:  0)
  1035048    134704  22977528  0.001  0.000    1.046    5.732    0    0  (Gen:  0)
  1034344    131608  23039720  0.001  0.000    1.047    5.733    0    0  (Gen:  0)
  1034528    134320  23104824  0.001  0.000    1.048    5.734    0    0  (Gen:  0)
  1035080    140832  23173416  0.001  0.000    1.049    5.735    0    0  (Gen:  0)
  1037032    133208  23230872  0.001  0.000    1.050    5.735    0    0  (Gen:  0)
  1036528    120784  23287624  0.000  0.000    1.051    5.736    0    0  (Gen:  0)
  1030056    118152  23342912  0.000  0.000    1.052    5.737    0    0  (Gen:  0)
  1033112    123360  23411040  0.000  0.000    1.052    5.737    0    0  (Gen:  0)
  1140192    139888  23480752  0.001  0.000    1.054    5.738    0    0  (Gen:  0)
  1036264    136888  23540840  0.001  0.000    1.056    5.739    0    0  (Gen:  0)
  2382832    126512  23635176  0.001  0.000    1.058    5.741    0    0  (Gen:  0)
  1041456     72928  23642488  0.000  0.000    1.059    5.742    0    0  (Gen:  0)
  3567656     58152  23720952  0.000  0.000    1.062    5.745    0    0  (Gen:  0)
  2080760     70528  23745344  0.000  0.000    1.064    5.747    0    0  (Gen:  0)
  2556400     61568  23777968  0.000  0.000    1.067    5.749    0    0  (Gen:  0)
  3129432     70536  23809936  0.000  0.000    1.069    5.751    0    0  (Gen:  0)
  1159592     58264  23829616  0.000  0.000    1.071    5.752    0    0  (Gen:  0)
  1101848     35368  23839416  0.000  0.000    1.072    5.754    0    0  (Gen:  0)
  1114168     19104  23873344  0.000  0.000    1.073    5.755    0    0  (Gen:  0)
  1035768     43824  23901376  0.000  0.000    1.074    5.755    0    0  (Gen:  0)
  1034600     89072  23953848  0.001  0.000    1.075    5.756    0    0  (Gen:  0)
  1034952    120856  24018000  0.001  0.000    1.077    5.757    0    0  (Gen:  0)
  1035152    134056  24081144  0.001  0.000    1.078    5.757    0    0  (Gen:  0)
  1035272    137232  24149448  0.001  0.000    1.080    5.758    0    0  (Gen:  0)
  1035888    133104  24206216  0.001  0.000    1.081    5.759    0    0  (Gen:  0)
  1035288    125424  24264944  0.001  0.000    1.083    5.759    0    0  (Gen:  0)
  1034768    130656  24333472  0.001  0.000    1.084    5.760    0    0  (Gen:  0)
  1032392    133432  24397328  0.001  0.000    1.086    5.761    0    0  (Gen:  0)
  1033952    129976  24458328  0.001  0.000    1.087    5.762    0    0  (Gen:  0)
  1035104    119640  24511816  0.001  0.000    1.088    5.762    0    0  (Gen:  0)
  1034904    112456  24565280  0.001  0.000    1.090    5.763    0    0  (Gen:  0)
  1035920    128480  24636128  0.001  0.000    1.091    5.764    0    0  (Gen:  0)
  1036416    129736  24684976  0.001  0.000    1.092    5.764    0    0  (Gen:  0)
  1035336    108824  24737216  0.001  0.000    1.094    5.765    0    0  (Gen:  0)
  1035392    121176  24798352  0.001  0.000    1.095    5.766    0    0  (Gen:  0)
  1814048    131040  24896664  0.001  0.000    1.097    5.767    0    0  (Gen:  0)
  1920432    133264  24959104  0.001  0.000    1.099    5.769    0    0  (Gen:  0)
  1040488     74392  24964560  0.000  0.000    1.100    5.769    0    0  (Gen:  0)
  1068096     17136  25004480  0.000  0.000    1.101    5.770    0    0  (Gen:  0)
  1758952     39344  25032632  0.000  0.000    1.103    5.771    0    0  (Gen:  0)
  2679288     65280  25326912  0.000  0.000    1.105    5.774    0    0  (Gen:  0)
  2811344     79024  25501376  0.000  0.000    1.108    5.777    0    0  (Gen:  0)
  1220056     54368  25645136  0.000  0.000    1.110    5.778    0    0  (Gen:  0)
  1042216     13808  25636648  0.000  0.000    1.111    5.778    0    0  (Gen:  0)
  1029912     57608  25692456  0.001  0.000    1.112    5.779    0    0  (Gen:  0)
  1034440    105712  25742664  0.001  0.000    1.113    5.780    0    0  (Gen:  0)
  1032688    124712  25816208  0.001  0.000    1.114    5.780    0    0  (Gen:  0)
  1034992    136160  25876912  0.001  0.000    1.116    5.781    0    0  (Gen:  0)
  1033944    125048  25936216  0.001  0.000    1.117    5.782    0    0  (Gen:  0)
  1033832    115136  25985624  0.001  0.000    1.118    5.783    0    0  (Gen:  0)
  1033352    123280  26050984  0.001  0.000    1.120    5.783    0    0  (Gen:  0)
  1035896    115408  26095344  0.001  0.000    1.121    5.784    0    0  (Gen:  0)
  1034264    110784  26160080  0.001  0.000    1.123    5.785    0    0  (Gen:  0)
  1035056    116840  26212056  0.001  0.000    1.124    5.785    0    0  (Gen:  0)
  1036240     95120  26251104  0.001  0.000    1.125    5.786    0    0  (Gen:  0)
  1036704     82472  26289536  0.001  0.000    1.126    5.786    0    0  (Gen:  0)
  1036200     74560  26321048  0.001  0.000    1.127    5.787    0    0  (Gen:  0)
  1033664    107720  26392208  0.001  0.000    1.128    5.788    0    0  (Gen:  0)
  1036656    118752  26434824  0.001  0.000    1.130    5.788    0    0  (Gen:  0)
  1034640     99000  26485992  0.001  0.000    1.131    5.789    0    0  (Gen:  0)
  1035128     99120  26528024  0.001  0.000    1.132    5.789    0    0  (Gen:  0)
  1032520    111744  26590624  0.001  0.000    1.133    5.790    0    0  (Gen:  0)
  1035528    114632  26640912  0.001  0.000    1.134    5.791    0    0  (Gen:  0)
  1035528    106800  26697152  0.001  0.000    1.136    5.791    0    0  (Gen:  0)
  1034792    135216  26764728  0.001  0.000    1.137    5.792    0    0  (Gen:  0)
  1034616    139680  26830976  0.001  0.000    1.138    5.793    0    0  (Gen:  0)
  1036104    130456  26890376  0.001  0.000    1.140    5.794    0    0  (Gen:  0)
  1036144    101000  26926512  0.001  0.000    1.141    5.794    0    0  (Gen:  0)
  1035968     80048  26964776  0.001  0.000    1.142    5.795    0    0  (Gen:  0)
  1035112    101560  27021800  0.001  0.000    1.143    5.795    0    0  (Gen:  0)
  1033016    123136  27083200  0.001  0.000    1.145    5.796    0    0  (Gen:  0)
  1035312    133208  27149000  0.001  0.000    1.146    5.797    0    0  (Gen:  0)
  1034448    130104  27208952  0.001  0.000    1.148    5.797    0    0  (Gen:  0)
  1034416    116760  27260832  0.001  0.000    1.149    5.798    0    0  (Gen:  0)
  1105720    119080  27391216  0.001  0.000    1.150    5.799    0    0  (Gen:  0)
  1033040    126112  27452312  0.001  0.000    1.152    5.799    0    0  (Gen:  0)
  1036544    116960  27502376  0.001  0.000    1.153    5.800    0    0  (Gen:  0)
  1036216    104040  27552200  0.001  0.000    1.154    5.801    0    0  (Gen:  0)
  1032656    120704  27617632  0.001  0.000    1.156    5.801    0    0  (Gen:  0)
  1034608    137088  27681224  0.001  0.000    1.157    5.802    0    0  (Gen:  0)
  1036776    119688  27733232  0.001  0.000    1.159    5.803    0    0  (Gen:  0)
  1035232    117064  27791536  0.001  0.000    1.160    5.804    0    0  (Gen:  0)
  1035216    118456  27845016  0.001  0.000    1.161    5.804    0    0  (Gen:  0)
  1032216    117120  27901368  0.001  0.000    1.163    5.805    0    0  (Gen:  0)
  1038432     80672  27918472  0.001  0.000    1.164    5.805    0    0  (Gen:  0)
  1035656     82952  27979208  0.001  0.000    1.165    5.806    0    0  (Gen:  0)
  1036232    133464  28045592  0.001  0.000    1.166    5.807    0    0  (Gen:  0)
  1034440    137672  28108536  0.001  0.000    1.168    5.807    0    0  (Gen:  0)
  1034896    130512  28169184  0.001  0.000    1.169    5.808    0    0  (Gen:  0)
  1035136    128416  28228072  0.001  0.000    1.171    5.809    0    0  (Gen:  0)
  1036432    119016  28287528  0.001  0.000    1.172    5.810    0    0  (Gen:  0)
  1034520    126944  28354856  0.001  0.000    1.173    5.810    0    0  (Gen:  0)
  1035544    132912  28414376  0.001  0.000    1.175    5.811    0    0  (Gen:  0)
  1036456    125368  28473360  0.001  0.000    1.176    5.812    0    0  (Gen:  0)
  1033744    133080  28542072  0.001  0.000    1.178    5.812    0    0  (Gen:  0)
  1033848    141608  28610904  0.001  0.000    1.179    5.813    0    0  (Gen:  0)
  1035264    143072  28679056  0.001  0.000    1.181    5.814    0    0  (Gen:  0)
  1036000    132688  28737840  0.001  0.000    1.182    5.814    0    0  (Gen:  0)
  1035416    119592  28791640  0.001  0.000    1.183    5.815    0    0  (Gen:  0)
  1035080    131320  28864592  0.001  0.000    1.185    5.816    0    0  (Gen:  0)
  1036512    148752  28934288  0.001  0.000    1.186    5.817    0    0  (Gen:  0)
  1068152    131216  29023248  0.001  0.000    1.188    5.818    0    0  (Gen:  0)
  1106864     76768  29040808  0.000  0.000    1.189    5.819    0    0  (Gen:  0)
  1433600     64192  29374464  0.000  0.000    1.191    5.819    0    0  (Gen:  0)
  2645216     96096  29557440  0.000  0.000    1.193    5.822    0    0  (Gen:  0)
  1900232     94288  29692192  0.000  0.000    1.195    5.823    0    0  (Gen:  0)
  1204624     70656  29783256  0.000  0.000    1.196    5.824    0    0  (Gen:  0)
  1938648     69600  29861576  0.000  0.000    1.198    5.826    0    0  (Gen:  0)
  1041032     48792  29867136  0.000  0.000    1.199    5.827    0    0  (Gen:  0)
  1449872     41104  29925768  0.000  0.000    1.201    5.828    0    0  (Gen:  0)
  3694936     74824  29967960  0.000  0.000    1.204    5.831    0    0  (Gen:  0)
  1800816     75600  29991144  0.000  0.000    1.205    5.832    0    0  (Gen:  0)
  2395136     53640  30028704  0.000  0.000    1.207    5.834    0    0  (Gen:  0)
  1167968     42808  30053392  0.000  0.000    1.209    5.835    0    0  (Gen:  0)
  1519080     83336  30116888  0.000  0.000    1.210    5.837    0    0  (Gen:  0)
  2962160     65568  30171280  0.000  0.000    1.213    5.839    0    0  (Gen:  0)
  1393072     64792  30189904  0.000  0.000    1.214    5.840    0    0  (Gen:  0)
  1486568     57520  30225368  0.000  0.000    1.216    5.841    0    0  (Gen:  0)
  1426848    101432  30372536  0.000  0.000    1.217    5.842    0    0  (Gen:  0)
  1041144     70432  30433248  0.000  0.000    1.218    5.843    0    0  (Gen:  0)
  1881512     95648  30621720  0.001  0.000    1.220    5.844    0    0  (Gen:  0)
  1665376     53744  30821984  0.000  0.000    1.222    5.847    0    0  (Gen:  0)
  1140080     39880  30878024  0.000  0.000    1.223    5.848    0    0  (Gen:  0)
  1038024     44776  30905104  0.000  0.000    1.224    5.848    0    0  (Gen:  0)
  1162112     86560  31054144  0.001  0.000    1.226    5.849    0    0  (Gen:  0)
  1035392    115792  31115408  0.001  0.000    1.227    5.849    0    0  (Gen:  0)
  1105152    137712  31251640  0.001  0.000    1.229    5.850    0    0  (Gen:  0)
  1036296    130288  31304856  0.001  0.000    1.230    5.851    0    0  (Gen:  0)
  1164352    108624  31453152  0.001  0.000    1.231    5.852    0    0  (Gen:  0)
  1036144    102888  31501824  0.001  0.000    1.233    5.852    0    0  (Gen:  0)
  1037288    101472  31548536  0.001  0.000    1.234    5.853    0    0  (Gen:  0)
  1033984    100000  31597248  0.001  0.000    1.235    5.854    0    0  (Gen:  0)
  1071680     82192  31656552  0.000  0.000    1.236    5.854    0    0  (Gen:  0)
  1040728     68792  31697384  0.000  0.000    1.238    5.855    0    0  (Gen:  0)
  1041024     47816  31699728  0.000  0.000    1.239    5.856    0    0  (Gen:  0)
  1127712     28352  31753720  0.000  0.000    1.240    5.857    0    0  (Gen:  0)
  1542184     33576  31778488  0.000  0.000    1.242    5.859    0    0  (Gen:  0)
  1035944     71448  31823024  0.001  0.000    1.243    5.859    0    0  (Gen:  0)
  1033928    116648  31882376  0.001  0.000    1.244    5.860    0    0  (Gen:  0)
  1034432    132168  31953528  0.001  0.000    1.245    5.861    0    0  (Gen:  0)
  1070064    117824  32032312  0.001  0.000    1.247    5.862    0    0  (Gen:  0)
  1041320     82352  32062960  0.000  0.000    1.248    5.862    0    0  (Gen:  0)
  1040520     38376  32063240  0.000  0.000    1.249    5.863    0    0  (Gen:  0)
  1124864     29920  32114816  0.000  0.000    1.250    5.864    0    0  (Gen:  0)
  1651368     32864  32142176  0.000  0.000    1.252    5.866    0    0  (Gen:  0)
  1036264     65024  32180216  0.000  0.000    1.253    5.867    0    0  (Gen:  0)
  1034808    113488  32242912  0.001  0.000    1.254    5.867    0    0  (Gen:  0)
  1034448    133224  32308560  0.001  0.000    1.255    5.868    0    0  (Gen:  0)
  1033712    139784  32377728  0.001  0.000    1.257    5.869    0    0  (Gen:  0)
  1259776    146288  32515704  0.001  0.000    1.258    5.870    0    0  (Gen:  0)
  1036552    129592  32568440  0.001  0.000    1.260    5.870    0    0  (Gen:  0)
  1706888    113312  32657336  0.001  0.000    1.262    5.872    0    0  (Gen:  0)
  1144744     78024  32772880  0.000  0.000    1.263    5.872    0    0  (Gen:  0)
  2295248     46288  32975384  0.000  0.000    1.266    5.875    0    0  (Gen:  0)
  1036000     60872  32997112  0.000  0.000    1.267    5.875    0    0  (Gen:  0)
  1104448     97936  33128736  0.000  0.000    1.268    5.876    0    0  (Gen:  0)
  1033816    135072  33193456  0.001  0.000    1.269    5.877    0    0  (Gen:  0)
  1030016    140440  33259704  0.001  0.000    1.271    5.878    0    0  (Gen:  0)
  3189072    144736  33365192  0.001  0.000    1.274    5.881    0    0  (Gen:  0)
  1269768     75616  33370728  0.000  0.000    1.275    5.881    0    0  (Gen:  0)
  2228776     43568  33406304  0.000  0.000    1.277    5.883    0    0  (Gen:  0)
  1322872     50480  33443480  0.000  0.000    1.278    5.884    0    0  (Gen:  0)
  1036464     80312  33493056  0.001  0.000    1.280    5.885    0    0  (Gen:  0)
  1034888    119736  33554360  0.001  0.000    1.281    5.886    0    0  (Gen:  0)
  1036760    113208  33601424  0.001  0.000    1.282    5.886    0    0  (Gen:  0)
  1033696    116728  33665248  0.001  0.000    1.283    5.887    0    0  (Gen:  0)
  1035280    134880  33731784  0.001  0.000    1.285    5.888    0    0  (Gen:  0)
  1035176    144064  33800680  0.001  0.000    1.286    5.889    0    0  (Gen:  0)
  1036688    147784  33871872  0.001  0.000    1.288    5.889    0    0  (Gen:  0)
  1830760    145264  33974296  0.001  0.000    1.290    5.891    0    0  (Gen:  0)
  1040008    110464  34008496  0.001  0.000    1.292    5.892    0    0  (Gen:  0)
  1040136     42984  34011680  0.000  0.000    1.293    5.892    0    0  (Gen:  0)
  2098288     39280  34114040  0.000  0.000    1.295    5.895    0    0  (Gen:  0)
  1038328     61160  34136712  0.000  0.000    1.296    5.895    0    0  (Gen:  0)
  1034256     90208  34195728  0.001  0.000    1.297    5.896    0    0  (Gen:  0)
  1036120    114352  34250616  0.001  0.000    1.298    5.897    0    0  (Gen:  0)
  1033784    125968  34317664  0.001  0.000    1.300    5.898    0    0  (Gen:  0)
  1033256    139328  34385560  0.001  0.000    1.302    5.898    0    0  (Gen:  0)
  1033608    141264  34450632  0.001  0.000    1.303    5.899    0    0  (Gen:  0)
  1036608    130736  34516688  0.001  0.000    1.305    5.900    0    0  (Gen:  0)
  1035152    126416  34575368  0.001  0.000    1.307    5.901    0    0  (Gen:  0)
  1034288    130576  34642456  0.001  0.000    1.308    5.901    0    0  (Gen:  0)
  1033128    135800  34705464  0.001  0.000    1.310    5.902    0    0  (Gen:  0)
  1036392    129432  34766680  0.001  0.000    1.311    5.903    0    0  (Gen:  0)
  1036056    122648  34823088  0.001  0.000    1.313    5.904    0    0  (Gen:  0)
  1034360    123488  34884240  0.001  0.000    1.314    5.905    0    0  (Gen:  0)
  1034632    126488  34944624  0.001  0.000    1.316    5.905    0    0  (Gen:  0)
  1034416    136640  35015592  0.001  0.000    1.318    5.906    0    0  (Gen:  0)
  1035176    138224  35078400  0.001  0.000    1.319    5.907    0    0  (Gen:  0)
  1034032    132688  35143864  0.001  0.000    1.321    5.908    0    0  (Gen:  0)
  1035456    148768  35221104  0.001  0.000    1.323    5.908    0    0  (Gen:  0)
  1033080    166000  35306536  0.001  0.000    1.325    5.909    0    0  (Gen:  0)
  1035256  27052328  28982512  0.081  0.025    1.406    5.935    0    0  (Gen:  1)
  1684808    124080  29660936  0.001  0.000    1.408    5.936    0    0  (Gen:  0)
  1307424    128024  29988560  0.001  0.000    1.409    5.937    0    0  (Gen:  0)
  1172576    126784  30170648  0.001  0.000    1.411    5.938    0    0  (Gen:  0)
  1034152    123720  30235000  0.001  0.000    1.412    5.938    0    0  (Gen:  0)
  1138824    135960  30399312  0.001  0.000    1.414    5.939    0    0  (Gen:  0)
  1036616    138384  30467720  0.001  0.000    1.415    5.940    0    0  (Gen:  0)
  1227680    137152  30591848  0.001  0.000    1.418    5.941    0    0  (Gen:  0)
  1105696    104160  30694384  0.000  0.000    1.419    5.942    0    0  (Gen:  0)
  2168016    103688  30796984  0.001  0.000    1.421    5.944    0    0  (Gen:  0)
  1040112    104136  30822512  0.000  0.000    1.422    5.944    0    0  (Gen:  0)
  1041080     32128  30819496  0.000  0.000    1.423    5.945    0    0  (Gen:  0)
  1110328     10456  30889328  0.000  0.000    1.424    5.946    0    0  (Gen:  0)
  2639632     39528  30972224  0.000  0.000    1.427    5.949    0    0  (Gen:  0)
  1036632     78888  31006600  0.000  0.000    1.428    5.949    0    0  (Gen:  0)
  1034552    115400  31074536  0.001  0.000    1.430    5.950    0    0  (Gen:  0)
  1035416    132520  31134440  0.001  0.000    1.431    5.951    0    0  (Gen:  0)
  1034896    123800  31188736  0.001  0.000    1.432    5.951    0    0  (Gen:  0)
  1027200    124584  31254448  0.001  0.000    1.434    5.952    0    0  (Gen:  0)
  1073560     93528  31310592  0.000  0.000    1.435    5.953    0    0  (Gen:  0)
  1139856     68672  31356736  0.000  0.000    1.436    5.954    0    0  (Gen:  0)
  1468008     62864  31429136  0.000  0.000    1.438    5.956    0    0  (Gen:  0)
  1064288     27928  31401728  0.000  0.000    1.439    5.957    0    0  (Gen:  0)
  1491488     19088  31718248  0.000  0.000    1.441    5.990    0    0  (Gen:  0)
  1039992      8216  31680296  0.000  0.000    1.441    5.991    0    0  (Gen:  0)
  1038968      9672  31685752  0.000  0.000    1.442    5.991    0    0  (Gen:  0)
  1039664      6472  31691104  0.000  0.000    1.442    5.992    0    0  (Gen:  0)
  1038808      5832  31691344  0.000  0.000    1.443    5.992    0    0  (Gen:  0)
  1039896     14240  31701544  0.000  0.000    1.443    5.992    0    0  (Gen:  0)
  1034144     57568  31745176  0.000  0.000    1.444    5.993    0    0  (Gen:  0)
  1035056     94696  31796832  0.000  0.000    1.445    5.993    0    0  (Gen:  0)
  1034376    132696  31859832  0.001  0.000    1.447    5.994    0    0  (Gen:  0)
  1069472     96248  31888864  0.001  0.000    1.448    5.995    0    0  (Gen:  0)
  1034160     94304  31949200  0.001  0.000    1.449    5.995    0    0  (Gen:  0)
  1035072    116016  32000056  0.000  0.000    1.450    5.996    0    0  (Gen:  0)
  1036408    117592  32062360  0.000  0.000    1.451    5.997    0    0  (Gen:  0)
  1035216    130240  32125344  0.001  0.001    1.453    5.999    0    0  (Gen:  0)
  1033712    140408  32190848  0.001  0.000    1.454    6.000    0    0  (Gen:  0)
  1034152    130712  32250176  0.000  0.000    1.455    6.001    0    0  (Gen:  0)
  1034656    129256  32319296  0.000  0.000    1.456    6.002    0    0  (Gen:  0)
  1036496    128128  32377992  0.001  0.000    1.457    6.002    0    0  (Gen:  0)
  1033680    124664  32437336  0.001  0.000    1.458    6.003    0    0  (Gen:  0)
  1034704    132648  32504864  0.001  0.000    1.459    6.004    0    0  (Gen:  0)
  1037088    143544  32574488  0.001  0.000    1.461    6.005    0    0  (Gen:  0)
  1036632    138672  32636952  0.001  0.000    1.462    6.005    0    0  (Gen:  0)
  1034176    122696  32692664  0.001  0.000    1.463    6.006    0    0  (Gen:  0)
  1037464    118896  32748600  0.001  0.000    1.465    6.007    0    0  (Gen:  0)
  1037040    121816  32807280  0.001  0.000    1.466    6.007    0    0  (Gen:  0)
  1035448    123072  32866840  0.001  0.000    1.468    6.008    0    0  (Gen:  0)
  1032416    142376  32938080  0.001  0.000    1.469    6.009    0    0  (Gen:  0)
  1033936    128736  32988568  0.001  0.000    1.471    6.010    0    0  (Gen:  0)
  1032536    127224  33056928  0.001  0.000    1.472    6.010    0    0  (Gen:  0)
  1037392    119480  33102496  0.001  0.000    1.474    6.011    0    0  (Gen:  0)
  1036832    114336  33165504  0.001  0.000    1.475    6.012    0    0  (Gen:  0)
  1035392    141072  33238832  0.001  0.000    1.476    6.013    0    0  (Gen:  0)
  1032016    136640  33298840  0.001  0.000    1.478    6.013    0    0  (Gen:  0)
  1030424    129168  33365912  0.001  0.000    1.479    6.014    0    0  (Gen:  0)
  1035544    131488  33426280  0.001  0.000    1.481    6.015    0    0  (Gen:  0)
  1036512    138344  33492728  0.001  0.000    1.482    6.016    0    0  (Gen:  0)
  1035328    124000  33544744  0.001  0.000    1.484    6.016    0    0  (Gen:  0)
  1034496    123744  33610480  0.001  0.000    1.485    6.017    0    0  (Gen:  0)
  1035872    123808  33664344  0.001  0.000    1.486    6.018    0    0  (Gen:  0)
  1034624    116440  33721424  0.001  0.000    1.488    6.018    0    0  (Gen:  0)
  1034024    129936  33788496  0.001  0.000    1.489    6.019    0    0  (Gen:  0)
  1033920    130280  33845440  0.001  0.000    1.491    6.020    0    0  (Gen:  0)
  1031264    120184  33904024  0.001  0.000    1.492    6.021    0    0  (Gen:  0)
  1103848     86056  33957456  0.000  0.000    1.494    6.022    0    0  (Gen:  0)
  1169328     45480  33984544  0.000  0.000    1.495    6.023    0    0  (Gen:  0)
  2876408     80224  34040400  0.000  0.000    1.498    6.025    0    0  (Gen:  0)
  1407264     73824  34056816  0.000  0.000    1.499    6.027    0    0  (Gen:  0)
  1967432     55208  34086400  0.000  0.000    1.501    6.028    0    0  (Gen:  0)
  1169344     52720  34104168  0.000  0.000    1.502    6.029    0    0  (Gen:  0)
  1102984     38920  34117440  0.000  0.000    1.503    6.030    0    0  (Gen:  0)
  1137344     33376  34127392  0.000  0.000    1.505    6.031    0    0  (Gen:  0)
  1040528     83280  34192024  0.000  0.000    1.506    6.032    0    0  (Gen:  0)
  1041040     76632  34260664  0.000  0.000    1.507    6.033    0    0  (Gen:  0)
  1040584     75048  34323072  0.000  0.000    1.508    6.034    0    0  (Gen:  0)
  2600760     84568  34431808  0.001  0.000    1.511    6.036    0    0  (Gen:  0)
  1106104     45696  34448552  0.000  0.000    1.512    6.037    0    0  (Gen:  0)
  2739760     52272  34485600  0.000  0.000    1.514    6.039    0    0  (Gen:  0)
  1664816     54408  34513128  0.000  0.000    1.516    6.041    0    0  (Gen:  0)
  1975512     54224  34543016  0.000  0.000    1.517    6.042    0    0  (Gen:  0)
  1272288     33000  34588432  0.000  0.000    1.519    6.043    0    0  (Gen:  0)
  2113992     79344  34688400  0.000  0.000    1.521    6.045    0    0  (Gen:  0)
  1137144     43488  34697520  0.000  0.000    1.522    6.046    0    0  (Gen:  0)
  1132760     34936  34719632  0.000  0.000    1.523    6.047    0    0  (Gen:  0)
  2444376     65672  34807704  0.000  0.000    1.525    6.049    0    0  (Gen:  0)
  2285624     70544  34853608  0.000  0.000    1.527    6.051    0    0  (Gen:  0)
  2140592     57760  34884800  0.000  0.000    1.529    6.053    0    0  (Gen:  0)
  1584648     43496  34875848  0.000  0.000    1.531    6.054    0    0  (Gen:  0)
  2458936     56648  34943888  0.000  0.000    1.533    6.056    0    0  (Gen:  0)
  3349096     75000  35027752  0.000  0.000    1.536    6.059    0    0  (Gen:  0)
  1568184     57528  35048632  0.000  0.000    1.537    6.060    0    0  (Gen:  0)
  2130024     48120  35079168  0.000  0.000    1.539    6.062    0    0  (Gen:  0)
  1415568     93928  35146480  0.001  0.000    1.541    6.063    0    0  (Gen:  0)
  1608368     48016  35180584  0.000  0.000    1.543    6.065    0    0  (Gen:  0)
  1088856     55528  35210768  0.000  0.000    1.544    6.066    0    0  (Gen:  0)
  1036344     95712  35266304  0.001  0.000    1.546    6.067    0    0  (Gen:  0)
  1035160    141680  35338176  0.001  0.000    1.547    6.068    0    0  (Gen:  0)
  1073232    109992  35404064  0.000  0.000    1.548    6.068    0    0  (Gen:  0)
  2163960     56624  35426392  0.000  0.000    1.551    6.071    0    0  (Gen:  0)
  1201432     52608  35463368  0.000  0.000    1.552    6.071    0    0  (Gen:  0)
  1034280     95776  35527904  0.001  0.000    1.553    6.072    0    0  (Gen:  0)
  1034160    140576  35589536  0.001  0.000    1.555    6.073    0    0  (Gen:  0)
  1036512    121760  35645432  0.001  0.000    1.556    6.074    0    0  (Gen:  0)
  1035424    132704  35718224  0.001  0.000    1.558    6.075    0    0  (Gen:  0)
  1035384    145208  35785008  0.001  0.000    1.559    6.075    0    0  (Gen:  0)
  1034512    141904  35854160  0.001  0.000    1.561    6.076    0    0  (Gen:  0)
  1443768     95848  35909328  0.001  0.000    1.562    6.077    0    0  (Gen:  0)
  1899936     33584  35912400  0.000  0.000    1.564    6.078    0    0  (Gen:  0)
  1913048     45656  35979232  0.000  0.000    1.566    6.081    0    0  (Gen:  0)
  1036312     61280  36004976  0.000  0.000    1.567    6.081    0    0  (Gen:  0)
  1036056     91920  36060904  0.001  0.000    1.568    6.082    0    0  (Gen:  0)
  1038952     77776  36078184  0.001  0.000    1.569    6.082    0    0  (Gen:  0)
  1039240     38336  36093632  0.000  0.000    1.570    6.083    0    0  (Gen:  0)
  1040240     34848  36108456  0.000  0.000    1.571    6.083    0    0  (Gen:  0)
  1038160     35488  36124480  0.000  0.000    1.571    6.084    0    0  (Gen:  0)
  1037960     36824  36140512  0.000  0.000    1.572    6.084    0    0  (Gen:  0)
  1038416     37168  36156808  0.000  0.000    1.573    6.084    0    0  (Gen:  0)
  1038544     37184  36172656  0.000  0.000    1.573    6.085    0    0  (Gen:  0)
  1039080     35712  36192184  0.000  0.000    1.574    6.085    0    0  (Gen:  0)
  1039752     35800  36208456  0.000  0.000    1.575    6.085    0    0  (Gen:  0)
  1036888     50152  36237688  0.000  0.000    1.575    6.086    0    0  (Gen:  0)
  1035320     95136  36296312  0.001  0.000    1.577    6.087    0    0  (Gen:  0)
  2096848    131128  36396720  0.001  0.000    1.579    6.088    0    0  (Gen:  0)
  1457360     90392  36415296  0.000  0.000    1.580    6.090    0    0  (Gen:  0)
  1171696     43376  36432496  0.000  0.000    1.582    6.091    0    0  (Gen:  0)
  2362560     69224  36476472  0.000  0.000    1.584    6.093    0    0  (Gen:  0)
  2577088     86984  36554696  0.000  0.000    1.586    6.095    0    0  (Gen:  0)
  1036736     82456  36588064  0.000  0.000    1.587    6.095    0    0  (Gen:  0)
  1036112     93408  36634088  0.001  0.000    1.589    6.096    0    0  (Gen:  0)
  1070464     93920  36710184  0.000  0.000    1.590    6.097    0    0  (Gen:  0)
  1137392     65872  36727376  0.000  0.000    1.591    6.098    0    0  (Gen:  0)
  1135528     30280  36733136  0.000  0.000    1.592    6.099    0    0  (Gen:  0)
  1214048     42840  36764496  0.000  0.000    1.594    6.100    0    0  (Gen:  0)
  1099032     30808  36784736  0.000  0.000    1.595    6.101    0    0  (Gen:  0)
  1039496     32608  36796984  0.000  0.000    1.596    6.102    0    0  (Gen:  0)
  1038208     54512  36831544  0.000  0.000    1.596    6.102    0    0  (Gen:  0)
  1034616    107848  36904984  0.001  0.000    1.598    6.103    0    0  (Gen:  0)
  1036200    128848  36956064  0.001  0.000    1.599    6.104    0    0  (Gen:  0)
  1034168    139136  37037096  0.001  0.000    1.601    6.104    0    0  (Gen:  0)
  1034936    153952  37105688  0.001  0.000    1.602    6.105    0    0  (Gen:  0)
  1454608    115000  37175912  0.001  0.000    1.604    6.107    0    0  (Gen:  0)
  3538776     94424  37243672  0.001  0.000    1.607    6.110    0    0  (Gen:  0)
  1029672    132880  37297568  0.001  0.000    1.609    6.111    0    0  (Gen:  0)
  1030024    135800  37365576  0.001  0.000    1.610    6.111    0    0  (Gen:  0)
  1867160    104328  37427256  0.001  0.000    1.612    6.113    0    0  (Gen:  0)
  1171128     52392  37448664  0.000  0.000    1.614    6.114    0    0  (Gen:  0)
  1559360     48168  37474784  0.000  0.000    1.615    6.116    0    0  (Gen:  0)
  1617968     48960  37495664  0.000  0.000    1.617    6.117    0    0  (Gen:  0)
  1073656     87632  37557160  0.001  0.000    1.618    6.118    0    0  (Gen:  0)
  2055416     45072  37617056  0.000  0.000    1.621    6.120    0    0  (Gen:  0)
  1037840     47320  37623160  0.000  0.000    1.622    6.121    0    0  (Gen:  0)
  1036640     59840  37662784  0.000  0.000    1.623    6.121    0    0  (Gen:  0)
  1032160    124416  37743216  0.001  0.000    1.624    6.122    0    0  (Gen:  0)
  1034776    150472  37805360  0.001  0.000    1.626    6.123    0    0  (Gen:  0)
  1031920    145752  37885048  0.001  0.000    1.627    6.124    0    0  (Gen:  0)
  1033408    144920  37945256  0.001  0.000    1.629    6.124    0    0  (Gen:  0)
  2293152    135552  38276624  0.001  0.000    1.631    6.126    0    0  (Gen:  0)
  1111656     83744  38351816  0.000  0.000    1.632    6.127    0    0  (Gen:  0)
  2876344     57264  38594592  0.000  0.000    1.635    6.130    0    0  (Gen:  0)
  1411568     58936  39653368  0.000  0.000    1.637    6.150    0    0  (Gen:  0)
  1815920     26592  40305256  0.000  0.000    1.639    6.163    0    0  (Gen:  0)
  1040320     13104  40298080  0.000  0.000    1.639    6.163    0    0  (Gen:  0)
  1070544     13168  40339728  0.000  0.000    1.640    6.164    0    0  (Gen:  0)
  1038832      7000  40341088  0.000  0.000    1.640    6.164    0    0  (Gen:  0)
  1036064     29112  40366024  0.000  0.000    1.641    6.164    0    0  (Gen:  0)
  1071176    106792  40480544  0.001  0.000    1.643    6.166    0    0  (Gen:  0)
  1041168     82208  40490312  0.000  0.000    1.644    6.166    0    0  (Gen:  0)
  1040888     18048  40493000  0.000  0.000    1.645    6.167    0    0  (Gen:  0)
  1070440     16296  40527616  0.000  0.000    1.646    6.168    0    0  (Gen:  0)
  1612520     38360  40551192  0.000  0.000    1.647    6.169    0    0  (Gen:  0)
  2271128     56152  40611864  0.000  0.000    1.649    6.171    0    0  (Gen:  0)
  1449824     52488  40600792  0.000  0.000    1.651    6.173    0    0  (Gen:  0)
  3137120     59216  41187528  0.000  0.000    1.654    6.206    0    0  (Gen:  0)
  1041160     33024  41137440  0.000  0.000    1.655    6.207    0    0  (Gen:  0)
  1037672      9048  41142304  0.000  0.000    1.656    6.207    0    0  (Gen:  0)
  1039344      5752  41145368  0.000  0.000    1.656    6.208    0    0  (Gen:  0)
  1038352      4512  41145808  0.000  0.000    1.656    6.208    0    0  (Gen:  0)
  1162376     35920  41242920  0.000  0.000    1.658    6.209    0    0  (Gen:  0)
  1041248     31896  41242520  0.000  0.000    1.659    6.210    0    0  (Gen:  0)
  2509680     41344  41316384  0.000  0.000    1.661    6.212    0    0  (Gen:  0)
  1594560     45048  41726904  0.000  0.000    1.663    6.244    0    0  (Gen:  0)
  1040664     15912  41727696  0.000  0.000    1.664    6.245    0    0  (Gen:  0)
  1039224      6816  41733960  0.000  0.000    1.664    6.245    0    0  (Gen:  0)
  1038344     10368  41743304  0.000  0.000    1.665    6.246    0    0  (Gen:  0)
  1038408      5920  41741536  0.000  0.000    1.665    6.246    0    0  (Gen:  0)
  1035352     31368  41772840  0.000  0.000    1.666    6.246    0    0  (Gen:  0)
  1190008     75760  41817496  0.000  0.000    1.668    6.247    0    0  (Gen:  0)
  1114984     61416  41859672  0.000  0.000    1.669    6.248    0    0  (Gen:  0)
  1040976     16960  41863240  0.000  0.000    1.670    6.249    0    0  (Gen:  0)
  1070056     18776  41904872  0.000  0.000    1.671    6.250    0    0  (Gen:  0)
  2915480     53912  41915136  0.000  0.000    1.673    6.252    0    0  (Gen:  0)
  1782152     68360  41973504  0.000  0.000    1.675    6.254    0    0  (Gen:  0)
  3061800     73696  42015880  0.000  0.000    1.678    6.256    0    0  (Gen:  0)
  2278704     66096  42049488  0.000  0.000    1.680    6.258    0    0  (Gen:  0)
  2031328     57576  42084112  0.000  0.000    1.682    6.260    0    0  (Gen:  0)
  1927232     49624  42103048  0.000  0.000    1.683    6.261    0    0  (Gen:  0)
  1170376     41160  42128776  0.000  0.000    1.684    6.262    0    0  (Gen:  0)
  1789672     45520  42157208  0.000  0.000    1.686    6.264    0    0  (Gen:  0)
  1104872     36464  42166152  0.000  0.000    1.687    6.265    0    0  (Gen:  0)
  2122136     50224  42203720  0.000  0.000    1.689    6.267    0    0  (Gen:  0)
  2218128     55816  42231280  0.000  0.000    1.691    6.269    0    0  (Gen:  0)
  1297752     49816  42287184  0.000  0.000    1.693    6.270    0    0  (Gen:  0)
  1495672     30464  42603456  0.000  0.000    1.694    6.301    0    0  (Gen:  0)
  1040208      8864  42566720  0.000  0.000    1.695    6.302    0    0  (Gen:  0)
  1037808      7864  42570448  0.000  0.000    1.695    6.302    0    0  (Gen:  0)
  1038952      7848  42576816  0.000  0.000    1.696    6.303    0    0  (Gen:  0)
  1034600     14552  42585320  0.000  0.000    1.696    6.303    0    0  (Gen:  0)
  1074464     29872  42633336  0.000  0.000    1.698    6.304    0    0  (Gen:  0)
  1947152     35256  42701144  0.000  0.000    1.700    6.306    0    0  (Gen:  0)
  1285456     39296  42782096  0.000  0.000    1.702    6.339    0    0  (Gen:  0)
  1041440     13808  42739456  0.000  0.000    1.702    6.339    0    0  (Gen:  0)
  1038256      4752  42741216  0.000  0.000    1.703    6.339    0    0  (Gen:  0)
  1039152     11136  42748048  0.000  0.000    1.703    6.340    0    0  (Gen:  0)
  1038808      5712  42751640  0.000  0.000    1.704    6.340    0    0  (Gen:  0)
  1038832      4792  42752272  0.000  0.000    1.704    6.341    0    0  (Gen:  0)
  1037048     38520  42786296  0.000  0.000    1.705    6.341    0    0  (Gen:  0)
  1036232     97176  42849392  0.000  0.000    1.706    6.342    0    0  (Gen:  0)
  1035920    109712  42896208  0.001  0.000    1.707    6.343    0    0  (Gen:  0)
  1035352    117616  42962320  0.001  0.000    1.709    6.343    0    0  (Gen:  0)
  1036624    127944  43019040  0.001  0.000    1.710    6.344    0    0  (Gen:  0)
  1034496    128072  43089248  0.001  0.000    1.712    6.345    0    0  (Gen:  0)
  1035080    139232  43157232  0.001  0.000    1.713    6.346    0    0  (Gen:  0)
  1035144    146312  43229080  0.001  0.000    1.715    6.346    0    0  (Gen:  0)
  1034960    136336  43289144  0.001  0.000    1.716    6.347    0    0  (Gen:  0)
  1035592    129304  43352648  0.001  0.000    1.718    6.348    0    0  (Gen:  0)
  1034496    132000  43415664  0.001  0.000    1.719    6.349    0    0  (Gen:  0)
  1035968    136384  43482656  0.001  0.000    1.721    6.349    0    0  (Gen:  0)
  1034568    145464  43554568  0.001  0.000    1.723    6.350    0    0  (Gen:  0)
  1271408    145448  43692304  0.001  0.000    1.725    6.351    0    0  (Gen:  0)
  1034744    147184  43764312  0.001  0.000    1.726    6.352    0    0  (Gen:  0)
  1216528    156960  43943656  0.001  0.000    1.728    6.353    0    0  (Gen:  0)
  1035552    118808  43977112  0.001  0.000    1.730    6.354    0    0  (Gen:  0)
  1103424    104600  44107160  0.001  0.000    1.731    6.354    0    0  (Gen:  0)
  1035048    143272  44180728  0.001  0.000    1.733    6.355    0    0  (Gen:  0)
  1157440    149464  44348832  0.001  0.000    1.734    6.356    0    0  (Gen:  0)
  1035704    142768  44413376  0.001  0.000    1.736    6.357    0    0  (Gen:  0)
  1138496    132648  44574992  0.001  0.000    1.737    6.357    0    0  (Gen:  0)
  1033728    146816  44653056  0.001  0.000    1.739    6.358    0    0  (Gen:  0)
  1117048    149664  44785816  0.001  0.000    1.740    6.359    0    0  (Gen:  0)
  1033528    146888  44856152  0.001  0.000    1.742    6.360    0    0  (Gen:  0)
  1195472    137800  45048952  0.001  0.000    1.744    6.361    0    0  (Gen:  0)
  1783600    116216  45192776  0.001  0.000    1.746    6.362    0    0  (Gen:  0)
  2141600     70368  45286704  0.000  0.000    1.748    6.364    0    0  (Gen:  0)
  3355216     68072  45488288  0.000  0.000    1.751    6.367    0    0  (Gen:  0)
  1172152     59856  45566624  0.000  0.000    1.752    6.367    0    0  (Gen:  0)
  3060376     69512  45683304  0.000  0.000    1.755    6.370    0    0  (Gen:  0)
  1104336     53944  45690752  0.000  0.000    1.756    6.371    0    0  (Gen:  0)
  1171024     33888  45713776  0.000  0.000    1.757    6.372    0    0  (Gen:  0)
  1070416     54960  45750424  0.000  0.000    1.758    6.373    0    0  (Gen:  0)
  2739656     63520  45807168  0.000  0.000    1.761    6.375    0    0  (Gen:  0)
  2753224     89568  45871488  0.001  0.000    1.764    6.378    0    0  (Gen:  0)
  1170200     52496  45888584  0.000  0.000    1.765    6.379    0    0  (Gen:  0)
  1073152     90288  45957968  0.001  0.000    1.766    6.380    0    0  (Gen:  0)
  1875320     50664  45997704  0.000  0.000    1.768    6.381    0    0  (Gen:  0)
  1170112     48864  46022696  0.000  0.000    1.769    6.382    0    0  (Gen:  0)
  3025448     66040  46075560  0.000  0.000    1.772    6.385    0    0  (Gen:  0)
  1072728     87328  46138096  0.001  0.000    1.773    6.385    0    0  (Gen:  0)
  1168104     38048  46160800  0.000  0.000    1.774    6.387    0    0  (Gen:  0)
  1394912     53688  46194344  0.000  0.000    1.776    6.388    0    0  (Gen:  0)
  3045328     70344  46233800  0.000  0.000    1.779    6.390    0    0  (Gen:  0)
  3380792     78376  46325064  0.000  0.000    1.782    6.394    0    0  (Gen:  0)
  1229680     59560  46380376  0.000  0.000    1.784    6.426    0    0  (Gen:  0)
  1040288      6448  46340600  0.000  0.000    1.784    6.426    0    0  (Gen:  0)
  1039128     11008  46351472  0.000  0.000    1.785    6.427    0    0  (Gen:  0)
  1035576     10456  46355000  0.000  0.000    1.785    6.427    0    0  (Gen:  0)
  1037560     17032  46364776  0.000  0.000    1.786    6.427    0    0  (Gen:  0)
  1071352     56376  46437208  0.000  0.000    1.787    6.429    0    0  (Gen:  0)
  1040688     46192  46438576  0.000  0.000    1.788    6.429    0    0  (Gen:  0)
  1070696     12736  46476656  0.000  0.000    1.789    6.430    0    0  (Gen:  0)
  2186392     42728  46512232  0.000  0.000    1.791    6.432    0    0  (Gen:  0)
  1849400     58472  46536528  0.000  0.000    1.793    6.433    0    0  (Gen:  0)
  3289856     62440  46589856  0.000  0.000    1.796    6.437    0    0  (Gen:  0)
  2112512     58016  46977416  0.000  0.000    1.798    6.469    0    0  (Gen:  0)
  1040560     14272  46931264  0.000  0.000    1.799    6.469    0    0  (Gen:  0)
  1106968     14448  47011112  0.000  0.000    1.800    6.470    0    0  (Gen:  0)
  1040000      6784  47009680  0.000  0.000    1.800    6.471    0    0  (Gen:  0)
  1038384      4312  47013816  0.000  0.000    1.801    6.471    0    0  (Gen:  0)
  2109560    110304  47185624  0.001  0.000    1.802    6.472    0    0  (Gen:  0)
  1034344    186656  47262440  0.001  0.000    1.804    6.473    0    0  (Gen:  0)
  1142408    106032  47385560  0.000  0.000    1.806    6.474    0    0  (Gen:  0)
  2721072     56024  47642840  0.000  0.000    1.809    6.477    0    0  (Gen:  0)
  2314632     64704  47738104  0.000  0.000    1.811    6.479    0    0  (Gen:  0)
  2079784     64840  47904592  0.000  0.000    1.813    6.481    0    0  (Gen:  0)
  1852048     55952  48032544  0.000  0.000    1.815    6.482    0    0  (Gen:  0)
  2767480     51352  48161400  0.000  0.000    1.817    6.484    0    0  (Gen:  0)
  2044616     69088  48284080  0.000  0.000    1.820    6.487    0    0  (Gen:  0)
  1601872     45936  48689928  0.000  0.000    1.821    6.518    0    0  (Gen:  0)
  1039744     13112  48642456  0.000  0.000    1.822    6.518    0    0  (Gen:  0)
  1038232      8752  48647096  0.000  0.000    1.823    6.519    0    0  (Gen:  0)
  1039256      5760  48651504  0.000  0.000    1.823    6.519    0    0  (Gen:  0)
  1038232      4664  48652088  0.000  0.000    1.823    6.519    0    0  (Gen:  0)
  1035680     50544  48702344  0.000  0.000    1.824    6.520    0    0  (Gen:  0)
  1070112     88176  48773136  0.000  0.000    1.826    6.521    0    0  (Gen:  0)
  1930656     60184  48795824  0.000  0.000    1.828    6.523    0    0  (Gen:  0)
  2363320     55824  48823408  0.000  0.000    1.830    6.525    0    0  (Gen:  0)
  1401528     50992  48839616  0.000  0.000    1.831    6.526    0    0  (Gen:  0)
  2427072     50624  48884528  0.000  0.000    1.834    6.529    0    0  (Gen:  0)
  1036408     66344  48908168  0.000  0.000    1.835    6.529    0    0  (Gen:  0)
  1034864    110136  48980504  0.001  0.000    1.836    6.530    0    0  (Gen:  0)
  1034792    135840  49038832  0.001  0.000    1.838    6.531    0    0  (Gen:  0)
  1109920    131544  49173008  0.001  0.000    1.839    6.532    0    0  (Gen:  0)
  1034480    134472  49234160  0.001  0.000    1.841    6.532    0    0  (Gen:  0)
  1504528     99392  49366152  0.001  0.000    1.843    6.534    0    0  (Gen:  0)
  1126848     38080  49430784  0.000  0.000    1.844    6.534    0    0  (Gen:  0)
  1623512     44216  49592504  0.000  0.000    1.846    6.536    0    0  (Gen:  0)
  1195968     51192  49622032  0.000  0.000    1.847    6.537    0    0  (Gen:  0)
  1071968     66904  49650760  0.000  0.000    1.849    6.538    0    0  (Gen:  0)
  1947272     69376  49640376  0.000  0.000    1.850    6.540    0    0  (Gen:  0)
  2546824     63744  49715600  0.000  0.000    1.853    6.543    0    0  (Gen:  0)
  1034728     75560  49746568  0.001  0.000    1.854    6.543    0    0  (Gen:  0)
  1072080     74112  49800592  0.000  0.000    1.855    6.544    0    0  (Gen:  0)
  1841944     45128  49825744  0.000  0.000    1.857    6.546    0    0  (Gen:  0)
  1091264     47976  49854336  0.000  0.000    1.858    6.547    0    0  (Gen:  0)
  1036544     91032  49907472  0.001  0.000    1.860    6.548    0    0  (Gen:  0)
  1034760    135856  49976864  0.001  0.000    1.861    6.549    0    0  (Gen:  0)
  1036008    126360  50028320  0.001  0.000    1.863    6.549    0    0  (Gen:  0)
  1144888     82288  50085392  0.000  0.000    1.864    6.550    0    0  (Gen:  0)
  1106672     48856  50111416  0.000  0.000    1.865    6.551    0    0  (Gen:  0)
  1041056     36536  50114872  0.000  0.000    1.866    6.552    0    0  (Gen:  0)
  2943472     36072  50183104  0.000  0.000    1.869    6.555    0    0  (Gen:  0)
  1038064     72272  50217352  0.001  0.000    1.870    6.555    0    0  (Gen:  0)
  1070544     86904  50293912  0.001  0.000    1.872    6.556    0    0  (Gen:  0)
  1040800     68808  50311056  0.001  0.000    1.873    6.557    0    0  (Gen:  0)
  2183760     47024  50380472  0.000  0.000    1.875    6.559    0    0  (Gen:  0)
  1037648     70008  50410360  0.000  0.000    1.876    6.560    0    0  (Gen:  0)
  1031096    102608  50469176  0.001  0.000    1.878    6.561    0    0  (Gen:  0)
  1073328     82888  50518248  0.000  0.000    1.879    6.562    0    0  (Gen:  0)
  1221864     42408  50505944  0.000  0.000    1.880    6.563    0    0  (Gen:  0)
  1566024     38176  50563040  0.000  0.000    1.882    6.565    0    0  (Gen:  0)
  1038232     36352  50571784  0.000  0.000    1.883    6.566    0    0  (Gen:  0)
  1037080     53296  50602120  0.000  0.000    1.884    6.566    0    0  (Gen:  0)
  1034760     84624  50652536  0.001  0.000    1.885    6.567    0    0  (Gen:  0)
  1210216     90152  50719632  0.001  0.000    1.887    6.568    0    0  (Gen:  0)
  1922320     51136  50737144  0.000  0.000    1.889    6.570    0    0  (Gen:  0)
  1082800     40416  50752072  0.000  0.000    1.890    6.571    0    0  (Gen:  0)
  1038632     64352  50787888  0.001  0.000    1.891    6.572    0    0  (Gen:  0)
  1074936     70144  50837032  0.000  0.000    1.893    6.572    0    0  (Gen:  0)
  2005808     47544  50866136  0.000  0.000    1.895    6.574    0    0  (Gen:  0)
  1092352     57264  50897616  0.000  0.000    1.896    6.575    0    0  (Gen:  0)
  1040072     46288  50910624  0.000  0.000    1.897    6.576    0    0  (Gen:  0)
  1035648     73248  50961800  0.001  0.000    1.898    6.577    0    0  (Gen:  0)
  1031256    145264  51050936  0.001  0.000    1.900    6.577    0    0  (Gen:  0)
  1254584    136496  51290192  0.001  0.000    1.901    6.579    0    0  (Gen:  0)
  1036336     55432  51297144  0.000  0.000    1.902    6.579    0    0  (Gen:  0)
  1658440     48288  51524776  0.000  0.000    1.904    6.581    0    0  (Gen:  0)
  1156264     37080  51604776  0.000  0.000    1.906    6.582    0    0  (Gen:  0)
  1035312     62416  51641320  0.000  0.000    1.907    6.583    0    0  (Gen:  0)
  1140560     71456  51758480  0.000  0.000    1.908    6.584    0    0  (Gen:  0)
  2028848     43152  51881776  0.000  0.000    1.910    6.586    0    0  (Gen:  0)
  1413648     57872  51914568  0.000  0.000    1.912    6.587    0    0  (Gen:  0)
  1072248     73792  51946408  0.001  0.000    1.913    6.588    0    0  (Gen:  0)
  1040624     68952  51963200  0.001  0.000    1.914    6.589    0    0  (Gen:  0)
  2581416     45368  52036128  0.000  0.000    1.917    6.592    0    0  (Gen:  0)
  1034080     89448  52088912  0.001  0.000    1.918    6.593    0    0  (Gen:  0)
  1036976    110984  52138640  0.001  0.000    1.919    6.593    0    0  (Gen:  0)
  1071904     83160  52199608  0.001  0.000    1.921    6.594    0    0  (Gen:  0)
  2287208     64320  52242856  0.000  0.000    1.923    6.597    0    0  (Gen:  0)
  1036304     85232  52274416  0.000  0.000    1.925    6.597    0    0  (Gen:  0)
  1032904    113560  52342512  0.001  0.000    1.926    6.598    0    0  (Gen:  0)
  1072528    100824  52403736  0.000  0.000    1.927    6.599    0    0  (Gen:  0)
  1947528     68096  52442792  0.000  0.000    1.930    6.601    0    0  (Gen:  0)
  1436176     85688  52494344  0.001  0.000    1.931    6.602    0    0  (Gen:  0)
  1030024    115152  52550432  0.001  0.000    1.933    6.603    0    0  (Gen:  0)
  1343032     95008  52604616  0.001  0.000    1.934    6.604    0    0  (Gen:  0)
  1958144     47776  52637512  0.000  0.000    1.937    6.607    0    0  (Gen:  0)
  1033856     81000  52680304  0.001  0.000    1.938    6.608    0    0  (Gen:  0)
  1033136    120952  52745696  0.001  0.000    1.939    6.608    0    0  (Gen:  0)
  1073216     90088  52798200  0.001  0.000    1.941    6.609    0    0  (Gen:  0)
  2143832     54432  52839968  0.000  0.000    1.943    6.612    0    0  (Gen:  0)
  1036336     85552  52875464  0.001  0.000    1.945    6.612    0    0  (Gen:  0)
  1070616     93896  52952576  0.001  0.000    1.946    6.613    0    0  (Gen:  0)
  1037424     50992  52952312  0.000  0.000    1.947    6.614    0    0  (Gen:  0)
  2247608     38432  53028896  0.000  0.000    1.950    6.617    0    0  (Gen:  0)
  1034984     72944  53062952  0.000  0.000    1.951    6.617    0    0  (Gen:  0)
  1072752     63944  53110152  0.000  0.000    1.952    6.618    0    0  (Gen:  0)
  2865176     73744  53181648  0.001  0.000    1.955    6.621    0    0  (Gen:  0)
  1071512     93488  53204560  0.000  0.000    1.956    6.622    0    0  (Gen:  0)
  1036624     51752  53208352  0.000  0.000    1.957    6.623    0    0  (Gen:  0)
  2410936     42240  53412744  0.000  0.000    1.960    6.625    0    0  (Gen:  0)
  1070552     69584  53473816  0.000  0.000    1.961    6.626    0    0  (Gen:  0)
  1141704     61872  53588640  0.000  0.000    1.962    6.627    0    0  (Gen:  0)
  1874992     42936  53688656  0.000  0.000    1.965    6.629    0    0  (Gen:  0)
  1037672     57632  53706344  0.000  0.000    1.966    6.630    0    0  (Gen:  0)
  1034264     84472  53759088  0.001  0.000    1.967    6.630    0    0  (Gen:  0)
  1034024    122560  53824040  0.001  0.000    1.968    6.631    0    0  (Gen:  0)
  1032840    124072  53879176  0.001  0.000    1.970    6.632    0    0  (Gen:  0)
  1148016     84944  53936976  0.001  0.000    1.971    6.633    0    0  (Gen:  0)
  1040720     27160  53936080  0.000  0.000    1.972    6.634    0    0  (Gen:  0)
  2619904     36912  54045440  0.000  0.000    1.975    6.636    0    0  (Gen:  0)
  1037360     84144  54088848  0.001  0.000    1.976    6.637    0    0  (Gen:  0)
  1702208    104352  54170256  0.001  0.000    1.978    6.638    0    0  (Gen:  0)
  1037704     51512  54165688  0.000  0.000    1.979    6.639    0    0  (Gen:  0)
  2836632     59344  54341528  0.000  0.000    1.982    6.642    0    0  (Gen:  0)
  1037280     97160  54374952  0.001  0.000    1.983    6.643    0    0  (Gen:  0)
  1039856     75104  54403704  0.001  0.000    1.984    6.643    0    0  (Gen:  0)
  1034888     98944  54470376  0.001  0.000    1.985    6.644    0    0  (Gen:  0)
  1033024    138680  54533808  0.001  0.000    1.986    6.644    0    0  (Gen:  0)
  1034320    122392  54584024  0.001  0.000    1.987    6.645    0    0  (Gen:  0)
  1035392    120592  54650456  0.001  0.000    1.989    6.646    0    0  (Gen:  0)
  1975352    150400  54755256  0.001  0.000    1.991    6.647    0    0  (Gen:  0)
  1935584    100584  54789544  0.000  0.000    1.993    6.649    0    0  (Gen:  0)
  1037552     64064  54814024  0.000  0.000    1.995    6.650    0    0  (Gen:  0)
  1073152     61112  54869264  0.000  0.000    1.996    6.651    0    0  (Gen:  0)
  1622208     49488  54926848  0.000  0.000    1.998    6.653    0    0  (Gen:  0)
  1121320     55088  54989200  0.000  0.000    1.999    6.654    0    0  (Gen:  0)
  1031504     92216  55046416  0.001  0.000    2.000    6.655    0    0  (Gen:  0)
  1345480     92960  55102544  0.001  0.000    2.002    6.656    0    0  (Gen:  0)
  3072576     46376  55139776  0.000  0.000    2.005    6.659    0    0  (Gen:  0)
  1032832     79472  55182088  0.001  0.000    2.006    6.659    0    0  (Gen:  0)
  1035640    110112  55241256  0.001  0.000    2.007    6.660    0    0  (Gen:  0)
  1035848    126632  55304296  0.001  0.000    2.009    6.661    0    0  (Gen:  0)
  1034784    125720  55361912  0.001  0.000    2.010    6.662    0    0  (Gen:  0)
  1035792    125760  55425112  0.001  0.000    2.012    6.662    0    0  (Gen:  0)
  1035680    117072  55472752  0.001  0.000    2.013    6.663    0    0  (Gen:  0)
  1034608    122792  55543264  0.001  0.000    2.015    6.664    0    0  (Gen:  0)
  1306064    119336  55653008  0.001  0.000    2.016    6.665    0    0  (Gen:  0)
  1041080     57752  55659520  0.000  0.000    2.017    6.666    0    0  (Gen:  0)
  1040808     39048  55684120  0.000  0.000    2.018    6.666    0    0  (Gen:  0)
  1143048     68640  55755448  0.000  0.000    2.020    6.668    0    0  (Gen:  0)
  1106624     56240  55767960  0.000  0.000    2.021    6.669    0    0  (Gen:  0)
  1097792     20912  55783872  0.000  0.000    2.022    6.670    0    0  (Gen:  0)
  1034992     54864  55818680  0.000  0.000    2.023    6.670    0    0  (Gen:  0)
  1054440    123040  55893896  0.001  0.000    2.024    6.671    0    0  (Gen:  0)
  1035896    163400  55977720  0.001  0.000    2.026    6.672    0    0  (Gen:  0)
  1033072    158328  56047768  0.001  0.000    2.027    6.673    0    0  (Gen:  0)
  1034016    149088  56121984  0.001  0.000    2.029    6.674    0    0  (Gen:  0)
  1140448    110424  56218080  0.000  0.000    2.031    6.675    0    0  (Gen:  0)
  1571128     52576  56239304  0.000  0.000    2.033    6.677    0    0  (Gen:  0)
  1091192     53152  56271248  0.000  0.000    2.034    6.678    0    0  (Gen:  0)
  1034808    113176  56345328  0.001  0.000    2.036    6.678    0    0  (Gen:  0)
  1035152    179952  56436320  0.001  0.000    2.037    6.679    0    0  (Gen:  0)
  1036152    180000  56520864  0.001  0.000    2.039    6.680    0    0  (Gen:  0)
  1109648    165360  56627240  0.001  0.000    2.041    6.681    0    0  (Gen:  0)
  1072040    114680  56696296  0.001  0.000    2.043    6.682    0    0  (Gen:  0)
  2215864     66400  56751448  0.000  0.000    2.045    6.684    0    0  (Gen:  0)
  1041608     33416  56742960  0.000  0.000    2.046    6.685    0    0  (Gen:  0)
  1112720     39952  56810016  0.000  0.000    2.047    6.686    0    0  (Gen:  0)
  1035488     78504  56850256  0.000  0.000    2.048    6.686    0    0  (Gen:  0)
  1034336     96120  56905960  0.001  0.000    2.049    6.687    0    0  (Gen:  0)
  1035512    112264  56958472  0.001  0.000    2.050    6.688    0    0  (Gen:  0)
  1032752    110704  57011872  0.001  0.000    2.051    6.688    0    0  (Gen:  0)
  1035800    119176  57072136  0.001  0.000    2.053    6.689    0    0  (Gen:  0)
  1035776    121576  57128688  0.001  0.000    2.054    6.690    0    0  (Gen:  0)
  1035176    119632  57187216  0.001  0.000    2.055    6.690    0    0  (Gen:  0)
  1036712    128216  57252104  0.001  0.000    2.057    6.691    0    0  (Gen:  0)
  1035728    125064  57307416  0.001  0.000    2.058    6.692    0    0  (Gen:  0)
  1034616  40496936  43404408  0.114  0.034    2.172    6.727    0    0  (Gen:  1)
  1285752    139080  43691200  0.001  0.000    2.174    6.728    0    0  (Gen:  0)
  1090896     81664  43742048  0.001  0.000    2.176    6.729    0    0  (Gen:  0)
  1040344     55432  43774152  0.000  0.000    2.177    6.729    0    0  (Gen:  0)
  2351880     87640  43867136  0.000  0.000    2.180    6.732    0    0  (Gen:  0)
  1036328     85072  43895600  0.001  0.000    2.181    6.733    0    0  (Gen:  0)
  1035144    117776  43970872  0.001  0.000    2.183    6.734    0    0  (Gen:  0)
  1070064    139184  44061936  0.001  0.000    2.184    6.735    0    0  (Gen:  0)
  1040488     80208  44079192  0.001  0.000    2.186    6.735    0    0  (Gen:  0)
  2336112     48552  44184016  0.000  0.000    2.188    6.738    0    0  (Gen:  0)
  1036136     70376  44210784  0.001  0.000    2.189    6.739    0    0  (Gen:  0)
  1029520    108696  44278456  0.001  0.000    2.191    6.739    0    0  (Gen:  0)
  1073232     94944  44335568  0.001  0.000    2.192    6.740    0    0  (Gen:  0)
  2104544     43896  44391160  0.000  0.000    2.194    6.742    0    0  (Gen:  0)
  1429624     37264  44409056  0.000  0.000    2.195    6.744    0    0  (Gen:  0)
  1073768     40928  44423512  0.000  0.000    2.197    6.744    0    0  (Gen:  0)
  2794104     53632  44462248  0.000  0.000    2.199    6.747    0    0  (Gen:  0)
  1038616     65952  44480936  0.001  0.000    2.200    6.748    0    0  (Gen:  0)
  1070880     76752  44558632  0.001  0.000    2.202    6.748    0    0  (Gen:  0)
  1032952    127936  44635184  0.001  0.000    2.203    6.749    0    0  (Gen:  0)
  1071400    138712  44724712  0.001  0.000    2.205    6.750    0    0  (Gen:  0)
  1041488     74584  44736600  0.001  0.000    2.206    6.751    0    0  (Gen:  0)
  1719112     43488  44825992  0.000  0.000    2.208    6.753    0    0  (Gen:  0)
  1460016     83544  44902192  0.001  0.000    2.210    6.754    0    0  (Gen:  0)
  1039184    108952  44938528  0.001  0.000    2.211    6.755    0    0  (Gen:  0)
  1037656     90328  44979072  0.001  0.000    2.213    6.756    0    0  (Gen:  0)
  1038480     88008  45022096  0.001  0.000    2.214    6.756    0    0  (Gen:  0)
  1038712     88736  45063416  0.001  0.000    2.215    6.757    0    0  (Gen:  0)
  1038288     88128  45106352  0.001  0.000    2.217    6.758    0    0  (Gen:  0)
  1073512     86496  45178024  0.001  0.000    2.218    6.759    0    0  (Gen:  0)
  1038744     88320  45223224  0.001  0.000    2.219    6.760    0    0  (Gen:  0)
  1038336     95864  45269688  0.001  0.000    2.221    6.760    0    0  (Gen:  0)
  1036312    108568  45322256  0.001  0.000    2.222    6.761    0    0  (Gen:  0)
  1037032    110624  45375144  0.001  0.000    2.224    6.762    0    0  (Gen:  0)
  1036952    111208  45428592  0.001  0.000    2.225    6.763    0    0  (Gen:  0)
  1036128    112480  45482872  0.001  0.000    2.226    6.763    0    0  (Gen:  0)
  1036704    107840  45532376  0.001  0.000    2.228    6.764    0    0  (Gen:  0)
  1038280    104296  45582728  0.001  0.000    2.229    6.765    0    0  (Gen:  0)
  1036328    110776  45637824  0.001  0.000    2.230    6.766    0    0  (Gen:  0)
  1280992    115784  45693936  0.001  0.000    2.232    6.767    0    0  (Gen:  0)
  1036472    107088  45740712  0.001  0.000    2.234    6.768    0    0  (Gen:  0)
  1107656     78456  45829048  0.001  0.000    2.235    6.769    0    0  (Gen:  0)
  1819656     80632  45885408  0.000  0.000    2.237    6.771    0    0  (Gen:  0)
  1637728     89936  45928176  0.001  0.000    2.239    6.772    0    0  (Gen:  0)
  1038824    107968  45969424  0.001  0.000    2.241    6.773    0    0  (Gen:  0)
  1036664    107688  46022640  0.001  0.000    2.242    6.774    0    0  (Gen:  0)
  1035256    118976  46083376  0.001  0.000    2.243    6.774    0    0  (Gen:  0)
  1036552    124440  46142368  0.001  0.000    2.245    6.775    0    0  (Gen:  0)
  1033584    118184  46195816  0.001  0.000    2.246    6.776    0    0  (Gen:  0)
  1110008     87744  46288864  0.001  0.000    2.248    6.777    0    0  (Gen:  0)
  1975240     74648  46334752  0.000  0.000    2.250    6.779    0    0  (Gen:  0)
  1097432     59496  46358920  0.000  0.000    2.251    6.780    0    0  (Gen:  0)
  1034400     81056  46412544  0.001  0.000    2.253    6.781    0    0  (Gen:  0)
  1037560    120456  46470384  0.001  0.000    2.254    6.782    0    0  (Gen:  0)
  1035112    122216  46530480  0.001  0.000    2.255    6.783    0    0  (Gen:  0)
  1036824    120064  46586072  0.001  0.000    2.257    6.783    0    0  (Gen:  0)
  1108800    117832  46676288  0.001  0.000    2.258    6.784    0    0  (Gen:  0)
  1035344    118416  46732896  0.001  0.000    2.260    6.785    0    0  (Gen:  0)
  1037352    116176  46788784  0.001  0.000    2.261    6.786    0    0  (Gen:  0)
  1035720    118648  46847296  0.001  0.000    2.262    6.787    0    0  (Gen:  0)
  1034344    122384  46907416  0.001  0.000    2.264    6.787    0    0  (Gen:  0)
  1033744    126368  46968600  0.001  0.000    2.265    6.788    0    0  (Gen:  0)
  1736056    125088  47058744  0.001  0.000    2.268    6.790    0    0  (Gen:  0)
  1105520     92792  47088168  0.000  0.000    2.269    6.791    0    0  (Gen:  0)
  1136216     63024  47115192  0.000  0.000    2.270    6.792    0    0  (Gen:  0)
  2404520     82800  47175224  0.000  0.000    2.273    6.794    0    0  (Gen:  0)
  1073688     79808  47193984  0.001  0.000    2.274    6.795    0    0  (Gen:  0)
  1578776     64456  47214584  0.000  0.000    2.276    6.797    0    0  (Gen:  0)
  1118104     39608  47230928  0.000  0.000    2.277    6.798    0    0  (Gen:  0)
  1832552     53656  47258424  0.000  0.000    2.279    6.799    0    0  (Gen:  0)
  1767112     63672  47315072  0.000  0.000    2.281    6.802    0    0  (Gen:  0)
  1203984     27816  47346936  0.000  0.000    2.282    6.833    0    0  (Gen:  0)
  1075736      8496  47349968  0.000  0.000    2.283    6.833    0    0  (Gen:  0)
  1037664     10568  47353504  0.000  0.000    2.284    6.834    0    0  (Gen:  0)
  1039008      8864  47361144  0.000  0.000    2.284    6.834    0    0  (Gen:  0)
  1038960      4456  47358320  0.000  0.000    2.284    6.835    0    0  (Gen:  0)
  1035832     34760  47393024  0.000  0.000    2.285    6.835    0    0  (Gen:  0)
  1033984     90168  47448808  0.000  0.000    2.286    6.836    0    0  (Gen:  0)
  1036344    135064  47513104  0.001  0.000    2.288    6.837    0    0  (Gen:  0)
  1068904    132928  47608440  0.001  0.000    2.289    6.838    0    0  (Gen:  0)
  1032584    142632  47681344  0.001  0.000    2.291    6.838    0    0  (Gen:  0)
  1033880    148920  47750376  0.001  0.000    2.293    6.839    0    0  (Gen:  0)
  1034400    150208  47825072  0.001  0.000    2.294    6.840    0    0  (Gen:  0)
  1034936    151368  47896384  0.001  0.000    2.296    6.841    0    0  (Gen:  0)
  1035704    145672  47966160  0.001  0.000    2.298    6.842    0    0  (Gen:  0)
  1034240    155488  48046008  0.001  0.000    2.299    6.842    0    0  (Gen:  0)
  1070664    167488  48162008  0.001  0.000    2.301    6.843    0    0  (Gen:  0)
  1034248    171392  48246992  0.001  0.000    2.303    6.844    0    0  (Gen:  0)
  1028920    178568  48340008  0.001  0.000    2.304    6.845    0    0  (Gen:  0)
  1474848    120456  48425504  0.001  0.000    2.307    6.846    0    0  (Gen:  0)
  1071416     38872  48437144  0.000  0.000    2.308    6.847    0    0  (Gen:  0)
  1070136     31000  48448136  0.000  0.000    2.309    6.848    0    0  (Gen:  0)
  1108152     30080  48462520  0.000  0.000    2.310    6.849    0    0  (Gen:  0)
  1202528     37016  48480880  0.000  0.000    2.311    6.850    0    0  (Gen:  0)
  1644000     37728  48514512  0.000  0.000    2.313    6.852    0    0  (Gen:  0)
  1094880     44512  48564720  0.000  0.000    2.314    6.852    0    0  (Gen:  0)
  1035744     84256  48618632  0.001  0.000    2.315    6.853    0    0  (Gen:  0)
  1036776    107920  48667712  0.001  0.000    2.317    6.854    0    0  (Gen:  0)
  1039120    101184  48714736  0.001  0.000    2.318    6.855    0    0  (Gen:  0)
  1036808     95464  48758760  0.001  0.000    2.319    6.855    0    0  (Gen:  0)
  1036624     85712  48795944  0.001  0.000    2.320    6.856    0    0  (Gen:  0)
  1036672     90640  48840008  0.000  0.000    2.322    6.857    0    0  (Gen:  0)
  1037624     89424  48880376  0.001  0.000    2.323    6.858    0    0  (Gen:  0)
  1037816     87120  48920600  0.001  0.000    2.324    6.859    0    0  (Gen:  0)
  1037888     89736  48961728  0.001  0.000    2.325    6.859    0    0  (Gen:  0)
  1039184     92256  49003512  0.001  0.000    2.327    6.860    0    0  (Gen:  0)
  1032616    116808  49072784  0.001  0.000    2.328    6.861    0    0  (Gen:  0)
  1033600    113504  49109200  0.001  0.000    2.330    6.862    0    0  (Gen:  0)
  1074896     59552  49155072  0.000  0.000    2.331    6.863    0    0  (Gen:  0)
  3164136     57232  49198200  0.000  0.000    2.334    6.865    0    0  (Gen:  0)
  1103600     61328  49210632  0.000  0.000    2.335    6.866    0    0  (Gen:  0)
  1501736     42640  49234904  0.000  0.000    2.336    6.868    0    0  (Gen:  0)
  1737240     47600  49259792  0.000  0.000    2.338    6.869    0    0  (Gen:  0)
  1848544     54504  49323264  0.000  0.000    2.340    6.871    0    0  (Gen:  0)
  1102192     36168  49333552  0.000  0.000    2.341    6.871    0    0  (Gen:  0)
  3003168     61880  49381320  0.000  0.000    2.343    6.874    0    0  (Gen:  0)
  1103656     42776  49392304  0.000  0.000    2.345    6.875    0    0  (Gen:  0)
  1099936     32400  49409248  0.000  0.000    2.346    6.876    0    0  (Gen:  0)
  1169272     33848  49431192  0.000  0.000    2.347    6.877    0    0  (Gen:  0)
  2511720     55344  49470256  0.000  0.000    2.349    6.879    0    0  (Gen:  0)
  1103024     43432  49484536  0.000  0.000    2.350    6.880    0    0  (Gen:  0)
  1136744     37208  49535264  0.000  0.000    2.352    6.881    0    0  (Gen:  0)
  1170480     39168  49558208  0.000  0.000    2.353    6.882    0    0  (Gen:  0)
  1106136     30248  49565848  0.000  0.000    2.354    6.883    0    0  (Gen:  0)
  1170400     32800  49582480  0.000  0.000    2.355    6.884    0    0  (Gen:  0)
  1996456     53448  49624328  0.000  0.000    2.357    6.885    0    0  (Gen:  0)
  1976664     49008  49648344  0.000  0.000    2.359    6.887    0    0  (Gen:  0)
  2196880     60200  49685592  0.000  0.000    2.361    6.889    0    0  (Gen:  0)
  1646680     56832  49713440  0.000  0.000    2.362    6.890    0    0  (Gen:  0)
  1107160     35848  49725944  0.000  0.000    2.364    6.891    0    0  (Gen:  0)
  2373664     46728  49891592  0.000  0.000    2.366    6.893    0    0  (Gen:  0)
  1723424     51400  49920240  0.000  0.000    2.367    6.895    0    0  (Gen:  0)
  1647376     48688  49949512  0.000  0.000    2.369    6.896    0    0  (Gen:  0)
  1944376     42240  49970456  0.000  0.000    2.371    6.898    0    0  (Gen:  0)
  2574672     60848  50041384  0.000  0.000    2.373    6.900    0    0  (Gen:  0)
  2880040     68424  50121936  0.000  0.000    2.375    6.902    0    0  (Gen:  0)
  1103544     67904  50160616  0.000  0.000    2.377    6.903    0    0  (Gen:  0)
  1169496     31720  50178544  0.000  0.000    2.378    6.904    0    0  (Gen:  0)
  2732176     60032  50222240  0.000  0.000    2.380    6.906    0    0  (Gen:  0)
  2549624     95800  50283504  0.001  0.000    2.383    6.909    0    0  (Gen:  0)
  1388520     50928  50323520  0.000  0.000    2.384    6.910    0    0  (Gen:  0)
  1036096     97576  50388976  0.001  0.000    2.386    6.911    0    0  (Gen:  0)
  1035056    143304  50453960  0.001  0.000    2.387    6.912    0    0  (Gen:  0)
  1035640    144888  50527904  0.001  0.000    2.389    6.913    0    0  (Gen:  0)
  1035264    155384  50604440  0.001  0.000    2.391    6.913    0    0  (Gen:  0)
  1036120    163360  50686920  0.001  0.000    2.392    6.914    0    0  (Gen:  0)
  1036120    158272  50759064  0.001  0.000    2.394    6.915    0    0  (Gen:  0)
  1038696    125744  50808160  0.001  0.000    2.395    6.916    0    0  (Gen:  0)
  1073360     74936  50862368  0.000  0.000    2.397    6.917    0    0  (Gen:  0)
  1042096     28144  50862632  0.000  0.000    2.398    6.918    0    0  (Gen:  0)
  1139592     28920  50877520  0.000  0.000    2.399    6.919    0    0  (Gen:  0)
  3478336     69296  50962960  0.000  0.000    2.402    6.921    0    0  (Gen:  0)
  1576024     67072  50978696  0.000  0.000    2.403    6.923    0    0  (Gen:  0)
  2069696     88624  51049672  0.000  0.000    2.405    6.925    0    0  (Gen:  0)
  1088032     48104  51069936  0.000  0.000    2.407    6.926    0    0  (Gen:  0)
  1038720     47000  51081480  0.000  0.000    2.407    6.926    0    0  (Gen:  0)
  1035696     82800  51139304  0.001  0.000    2.409    6.927    0    0  (Gen:  0)
  1468872     81968  51191920  0.000  0.000    2.410    6.928    0    0  (Gen:  0)
  1680656     47664  51232808  0.000  0.000    2.412    6.930    0    0  (Gen:  0)
  1038040     61160  51256840  0.000  0.000    2.414    6.931    0    0  (Gen:  0)
  1034416     93352  51311968  0.001  0.000    2.415    6.932    0    0  (Gen:  0)
  1034608    128328  51380616  0.001  0.000    2.416    6.933    0    0  (Gen:  0)
  1033472    138360  51445632  0.001  0.000    2.418    6.933    0    0  (Gen:  0)
  1037048    132696  51508184  0.001  0.000    2.420    6.934    0    0  (Gen:  0)
  1071216    107872  51585312  0.001  0.000    2.421    6.935    0    0  (Gen:  0)
  1040920     68712  51609160  0.000  0.000    2.422    6.936    0    0  (Gen:  0)
  1038760     34160  51613680  0.000  0.000    2.423    6.937    0    0  (Gen:  0)
  1350168     38160  51677616  0.000  0.000    2.425    6.938    0    0  (Gen:  0)
  1085048     57680  51715792  0.000  0.000    2.426    6.939    0    0  (Gen:  0)
  1035128    119792  51787856  0.001  0.000    2.428    6.940    0    0  (Gen:  0)
  1033144    159080  51860512  0.001  0.000    2.429    6.941    0    0  (Gen:  0)
  1949840    162016  51978352  0.001  0.000    2.432    6.943    0    0  (Gen:  0)
  1505064    112664  52003944  0.000  0.000    2.434    6.944    0    0  (Gen:  0)
  1089664     31984  52014688  0.000  0.000    2.435    6.946    0    0  (Gen:  0)
  1035776     61672  52066240  0.000  0.000    2.436    6.946    0    0  (Gen:  0)
  1073472     81952  52129208  0.001  0.000    2.437    6.947    0    0  (Gen:  0)
  2924672     80056  52188096  0.000  0.000    2.440    6.950    0    0  (Gen:  0)
  1034872    125096  52247112  0.001  0.000    2.442    6.951    0    0  (Gen:  0)
  1177336    112496  52417360  0.001  0.000    2.443    6.952    0    0  (Gen:  0)
  1041680     54144  52427416  0.000  0.000    2.444    6.952    0    0  (Gen:  0)
  2419984     46672  52502632  0.000  0.000    2.446    6.955    0    0  (Gen:  0)
  1041456     32104  52494120  0.000  0.000    2.447    6.956    0    0  (Gen:  0)
  1034712     40640  52529256  0.000  0.000    2.448    6.956    0    0  (Gen:  0)
  1036240     75696  52565928  0.001  0.000    2.449    6.957    0    0  (Gen:  0)
  1036440     89376  52612824  0.001  0.000    2.450    6.957    0    0  (Gen:  0)
  1071776     89512  52680664  0.000  0.000    2.452    6.958    0    0  (Gen:  0)
  1032968     47096  52686168  0.000  0.000    2.453    6.959    0    0  (Gen:  0)
  1460504     42864  52748768  0.000  0.000    2.455    6.961    0    0  (Gen:  0)
  1450352     52088  52790192  0.000  0.000    2.456    6.962    0    0  (Gen:  0)
  1035944     91232  52838256  0.001  0.000    2.457    6.962    0    0  (Gen:  0)
  1036024    120912  52898320  0.001  0.000    2.458    6.963    0    0  (Gen:  0)
  1034808    127664  52961216  0.001  0.000    2.460    6.964    0    0  (Gen:  0)
  1034280    133256  53027552  0.001  0.000    2.461    6.965    0    0  (Gen:  0)
  1034624    125520  53082248  0.001  0.000    2.463    6.965    0    0  (Gen:  0)
  1034760    140312  53161968  0.001  0.000    2.464    6.966    0    0  (Gen:  0)
  1037256    144600  53221992  0.001  0.000    2.466    6.967    0    0  (Gen:  0)
  1551488     93416  53476520  0.001  0.000    2.468    6.968    0    0  (Gen:  0)
  1131144     38656  53551760  0.000  0.000    2.469    6.969    0    0  (Gen:  0)
  2868616     44864  53765944  0.000  0.000    2.472    6.972    0    0  (Gen:  0)
  1035720     87384  53804688  0.001  0.000    2.473    6.972    0    0  (Gen:  0)
  1065536    114120  53897440  0.001  0.000    2.474    6.973    0    0  (Gen:  0)
  1104104    129256  54024728  0.001  0.000    2.476    6.974    0    0  (Gen:  0)
  1141232    124976  54185656  0.001  0.000    2.477    6.974    0    0  (Gen:  0)
  1032608    130376  54251960  0.001  0.000    2.479    6.975    0    0  (Gen:  0)
  1103688    136752  54383480  0.001  0.000    2.480    6.976    0    0  (Gen:  0)
  1033816    145024  54456088  0.001  0.000    2.482    6.977    0    0  (Gen:  0)
  1142952    102640  54579104  0.000  0.000    2.483    6.978    0    0  (Gen:  0)
  1375600     58368  54674232  0.000  0.000    2.485    6.979    0    0  (Gen:  0)
  2355720     63888  54850480  0.000  0.000    2.487    6.981    0    0  (Gen:  0)
  1093928     49064  54902128  0.000  0.000    2.489    6.983    0    0  (Gen:  0)
  1176456     27976  55966536  0.000  0.000    2.490    6.999    0    0  (Gen:  0)
  1582384     23312  56395192  0.000  0.000    2.491    7.015    0    0  (Gen:  0)
  1040376     11696  56383912  0.000  0.000    2.492    7.015    0    0  (Gen:  0)
  1038744     12472  56392240  0.000  0.000    2.493    7.016    0    0  (Gen:  0)
  1039200      5744  56393520  0.000  0.000    2.493    7.016    0    0  (Gen:  0)
  1038072      4776  56394232  0.000  0.000    2.494    7.016    0    0  (Gen:  0)
  1038176     28400  56418216  0.000  0.000    2.494    7.017    0    0  (Gen:  0)
  1035312     86528  56476784  0.000  0.000    2.495    7.017    0    0  (Gen:  0)
  1032648    133136  56546432  0.001  0.000    2.497    7.018    0    0  (Gen:  0)
  1035112    140256  56612888  0.001  0.000    2.499    7.019    0    0  (Gen:  0)
  2009544    144512  56714720  0.001  0.000    2.501    7.021    0    0  (Gen:  0)
  1038696     58944  56709976  0.000  0.000    2.502    7.022    0    0  (Gen:  0)
  2557088     42488  57087016  0.000  0.000    2.505    7.024    0    0  (Gen:  0)
  1080032    111320  57184456  0.001  0.000    2.506    7.025    0    0  (Gen:  0)
  1036152    157272  57267808  0.001  0.000    2.508    7.026    0    0  (Gen:  0)
  1033640    143528  57327952  0.001  0.000    2.510    7.027    0    0  (Gen:  0)
  1034672    142568  57405696  0.001  0.000    2.511    7.027    0    0  (Gen:  0)
  1033600    172776  57492840  0.001  0.000    2.513    7.028    0    0  (Gen:  0)
  2048800    154224  57588376  0.001  0.000    2.515    7.030    0    0  (Gen:  0)
  2539336     97264  57661344  0.000  0.000    2.518    7.032    0    0  (Gen:  0)
  1038672     80800  57696000  0.001  0.000    2.519    7.033    0    0  (Gen:  0)
  1073048     76152  57757368  0.000  0.000    2.520    7.034    0    0  (Gen:  0)
  1038112     45912  57768592  0.000  0.000    2.521    7.035    0    0  (Gen:  0)
  1931504     49448  57838600  0.000  0.000    2.524    7.037    0    0  (Gen:  0)
  1036848     77432  57877360  0.001  0.000    2.525    7.038    0    0  (Gen:  0)
  1035328    116304  57942000  0.001  0.000    2.526    7.038    0    0  (Gen:  0)
  1035896    136696  58013424  0.001  0.000    2.528    7.039    0    0  (Gen:  0)
  1734576    120704  58094456  0.001  0.000    2.530    7.041    0    0  (Gen:  0)
  1038104     56488  58096584  0.000  0.000    2.531    7.041    0    0  (Gen:  0)
  1328552     40704  58158216  0.000  0.000    2.533    7.043    0    0  (Gen:  0)
  1343168     42176  58220544  0.000  0.000    2.534    7.044    0    0  (Gen:  0)
  1036472     75096  58263296  0.000  0.000    2.535    7.045    0    0  (Gen:  0)
  1035440    118960  58322720  0.001  0.000    2.536    7.046    0    0  (Gen:  0)
  1037944    118776  58376568  0.001  0.000    2.538    7.046    0    0  (Gen:  0)
  1075208     74064  58423104  0.000  0.000    2.539    7.047    0    0  (Gen:  0)
  1918064     49648  58454296  0.000  0.000    2.541    7.049    0    0  (Gen:  0)
  1100560     47392  58461320  0.000  0.000    2.542    7.050    0    0  (Gen:  0)
  2203560     54080  58533992  0.000  0.000    2.544    7.052    0    0  (Gen:  0)
  1116576     45264  58567824  0.000  0.000    2.545    7.053    0    0  (Gen:  0)
  1040296     15096  58559152  0.000  0.000    2.546    7.054    0    0  (Gen:  0)
  1033520     55792  58613088  0.000  0.000    2.547    7.054    0    0  (Gen:  0)
  1084680    105808  58697560  0.001  0.000    2.548    7.055    0    0  (Gen:  0)
  1036184    113008  58758624  0.001  0.000    2.549    7.056    0    0  (Gen:  0)
  1032416    125016  58821776  0.001  0.000    2.551    7.056    0    0  (Gen:  0)
  1034112    125408  58878904  0.001  0.000    2.552    7.057    0    0  (Gen:  0)
  1034736    127424  58942312  0.001  0.000    2.554    7.058    0    0  (Gen:  0)
  1034312    130152  59002144  0.001  0.000    2.555    7.059    0    0  (Gen:  0)
  1035696    127824  59065144  0.001  0.000    2.556    7.059    0    0  (Gen:  0)
  1071784    127080  59158048  0.001  0.000    2.558    7.060    0    0  (Gen:  0)
  1035096    120704  59213408  0.001  0.000    2.559    7.061    0    0  (Gen:  0)
  1036632    114248  59267608  0.001  0.000    2.560    7.061    0    0  (Gen:  0)
  1035536    120112  59325128  0.001  0.000    2.562    7.062    0    0  (Gen:  0)
  1036056    126760  59388616  0.001  0.000    2.563    7.063    0    0  (Gen:  0)
  1035712    126920  59446832  0.001  0.000    2.565    7.064    0    0  (Gen:  0)
  1035384    122720  59500032  0.001  0.000    2.566    7.064    0    0  (Gen:  0)
  1035896    126488  59567552  0.001  0.000    2.567    7.065    0    0  (Gen:  0)
  1609688    107792  59635128  0.001  0.000    2.570    7.066    0    0  (Gen:  0)
  1040912     53248  59645840  0.000  0.000    2.571    7.067    0    0  (Gen:  0)
  1040976     27328  59646728  0.000  0.000    2.572    7.068    0    0  (Gen:  0)
  1963480     40880  59710040  0.000  0.000    2.573    7.069    0    0  (Gen:  0)
  1687648     56408  59764328  0.000  0.000    2.575    7.071    0    0  (Gen:  0)
  2867248    109296  59850536  0.000  0.000    2.578    7.073    0    0  (Gen:  0)
  1042224     92944  59912400  0.000  0.000    2.579    7.074    0    0  (Gen:  0)
  1659984     42912  59985040  0.000  0.000    2.581    7.076    0    0  (Gen:  0)
  1319064     42232  60007232  0.000  0.000    2.582    7.077    0    0  (Gen:  0)
  1036704     88824  60066104  0.001  0.000    2.583    7.077    0    0  (Gen:  0)
  1034568    148416  60143064  0.001  0.000    2.585    7.078    0    0  (Gen:  0)
  1535824    103080  60229624  0.001  0.000    2.587    7.079    0    0  (Gen:  0)
  1687344     49216  60288960  0.000  0.000    2.589    7.081    0    0  (Gen:  0)
  1462128     52792  60320376  0.000  0.000    2.590    7.083    0    0  (Gen:  0)
  1034664     94176  60372824  0.001  0.000    2.591    7.083    0    0  (Gen:  0)
  1073920     82192  60417208  0.000  0.000    2.593    7.084    0    0  (Gen:  0)
  2535160     41072  60465920  0.000  0.000    2.595    7.087    0    0  (Gen:  0)
  1033568     76768  60508128  0.000  0.000    2.596    7.088    0    0  (Gen:  0)
  1034344    111200  60575496  0.001  0.000    2.598    7.088    0    0  (Gen:  0)
  1034408    136688  60639664  0.001  0.000    2.599    7.089    0    0  (Gen:  0)
  1034808    127792  60697848  0.001  0.000    2.601    7.090    0    0  (Gen:  0)
  1034760    129128  60761176  0.001  0.000    2.602    7.091    0    0  (Gen:  0)
  1035416    128992  60820248  0.001  0.000    2.603    7.091    0    0  (Gen:  0)
  1037480    122976  60877912  0.001  0.000    2.605    7.092    0    0  (Gen:  0)
  1035064    134928  60949592  0.001  0.000    2.606    7.093    0    0  (Gen:  0)
  1071064    113176  61016104  0.001  0.000    2.608    7.094    0    0  (Gen:  0)
  1774016     95000  61075952  0.001  0.000    2.610    7.095    0    0  (Gen:  0)
  1040480     65872  61080120  0.000  0.000    2.611    7.096    0    0  (Gen:  0)
  1041080     17936  61089288  0.000  0.000    2.611    7.096    0    0  (Gen:  0)
  1041512      8720  61081416  0.000  0.000    2.612    7.097    0    0  (Gen:  0)
  1646016     35744  61146504  0.000  0.000    2.614    7.099    0    0  (Gen:  0)
  1079192     85208  61206248  0.001  0.000    2.616    7.100    0    0  (Gen:  0)
  1678608    104960  61208880  0.001  0.000    2.617    7.101    0    0  (Gen:  0)
  1946296     65696  61268600  0.000  0.000    2.620    7.103    0    0  (Gen:  0)
  1036896     65976  61306096  0.001  0.000    2.621    7.104    0    0  (Gen:  0)
  1031032    135320  61390880  0.001  0.000    2.622    7.105    0    0  (Gen:  0)
  1033008    157736  61459664  0.001  0.000    2.624    7.106    0    0  (Gen:  0)
  1071432     82160  61500624  0.000  0.000    2.626    7.107    0    0  (Gen:  0)
  1216784     35544  61524304  0.000  0.000    2.627    7.108    0    0  (Gen:  0)
  1105912     36080  61545744  0.000  0.000    2.628    7.109    0    0  (Gen:  0)
  1334808     23256  61708448  0.000  0.000    2.630    7.141    0    0  (Gen:  0)
  1040848     10344  61667320  0.000  0.000    2.630    7.141    0    0  (Gen:  0)
  1038808      7104  61669960  0.000  0.000    2.631    7.142    0    0  (Gen:  0)
  1087656      9032  61710880  0.000  0.000    2.632    7.143    0    0  (Gen:  0)
  1038632      6592  61711256  0.000  0.000    2.632    7.143    0    0  (Gen:  0)
  1039760      7392  61714584  0.000  0.000    2.633    7.143    0    0  (Gen:  0)
  1034512     49560  61757040  0.000  0.000    2.633    7.144    0    0  (Gen:  0)
  1034144    121464  61829240  0.001  0.000    2.635    7.145    0    0  (Gen:  0)
  1033568    146656  61897600  0.001  0.000    2.636    7.145    0    0  (Gen:  0)
  1038296    120528  61943648  0.001  0.000    2.638    7.146    0    0  (Gen:  0)
  1031696    123256  62015736  0.001  0.000    2.639    7.147    0    0  (Gen:  0)
  1035880    126280  62064928  0.001  0.000    2.640    7.147    0    0  (Gen:  0)
  1032952    125480  62133016  0.001  0.000    2.642    7.148    0    0  (Gen:  0)
  1035032    132640  62189216  0.001  0.000    2.643    7.149    0    0  (Gen:  0)
  1069920    118944  62280048  0.001  0.000    2.645    7.150    0    0  (Gen:  0)
  1035424    129408  62346024  0.001  0.000    2.646    7.150    0    0  (Gen:  0)
  1124232    143400  62484416  0.001  0.000    2.648    7.151    0    0  (Gen:  0)
  1030592    140480  62546736  0.001  0.000    2.650    7.152    0    0  (Gen:  0)
  1154232     88568  62664320  0.000  0.000    2.651    7.153    0    0  (Gen:  0)
  1107248     44512  62688696  0.000  0.000    2.652    7.154    0    0  (Gen:  0)
  3050936     46656  62725480  0.000  0.000    2.655    7.157    0    0  (Gen:  0)
  1073056     56928  62739288  0.000  0.000    2.656    7.158    0    0  (Gen:  0)
  2328520     62664  62787464  0.000  0.000    2.659    7.160    0    0  (Gen:  0)
  1035216     72664  62810736  0.000  0.000    2.660    7.161    0    0  (Gen:  0)
  1035760    118408  62891848  0.001  0.000    2.661    7.162    0    0  (Gen:  0)
  1033552    174208  62980768  0.001  0.000    2.663    7.162    0    0  (Gen:  0)
  1033112    160424  63045600  0.001  0.000    2.665    7.163    0    0  (Gen:  0)
  1032232    163888  63137584  0.001  0.000    2.667    7.164    0    0  (Gen:  0)
  1035288    177512  63222120  0.001  0.000    2.669    7.165    0    0  (Gen:  0)
  1034120    176288  63307128  0.001  0.000    2.670    7.166    0    0  (Gen:  0)
  1033488    186136  63400144  0.001  0.000    2.672    7.167    0    0  (Gen:  0)
  1069240    158408  63493760  0.001  0.000    2.674    7.168    0    0  (Gen:  0)
  1104368     84656  63476616  0.000  0.000    2.675    7.169    0    0  (Gen:  0)
  1533056     41624  63559400  0.000  0.000    2.677    7.170    0    0  (Gen:  0)
  2759648     59904  63755728  0.000  0.000    2.679    7.172    0    0  (Gen:  0)
  2494720     70240  63824456  0.000  0.000    2.682    7.175    0    0  (Gen:  0)
  1159432     47656  63915096  0.000  0.000    2.683    7.176    0    0  (Gen:  0)
  1039184     50088  63939664  0.000  0.000    2.684    7.176    0    0  (Gen:  0)
  1034904     84600  63987008  0.001  0.000    2.685    7.177    0    0  (Gen:  0)
  1033968    118792  64052304  0.001  0.000    2.687    7.178    0    0  (Gen:  0)
  1073488     88912  64104120  0.000  0.000    2.688    7.179    0    0  (Gen:  0)
  1961952     64504  64153000  0.000  0.000    2.690    7.181    0    0  (Gen:  0)
  1121096     67768  64207656  0.000  0.000    2.692    7.182    0    0  (Gen:  0)
  1070136     79640  64249256  0.001  0.000    2.693    7.183    0    0  (Gen:  0)
  1040792     75776  64263424  0.001  0.000    2.694    7.184    0    0  (Gen:  0)
  1986448     40784  64321032  0.000  0.000    2.697    7.186    0    0  (Gen:  0)
  1255456     66272  64402264  0.000  0.000    2.698    7.187    0    0  (Gen:  0)
  1820536     93024  64441336  0.001  0.000    2.700    7.188    0    0  (Gen:  0)
  1786600     71568  64457736  0.000  0.000    2.702    7.190    0    0  (Gen:  0)
  1103944     35504  64490528  0.000  0.000    2.703    7.191    0    0  (Gen:  0)
  1035264     54032  64523208  0.000  0.000    2.704    7.192    0    0  (Gen:  0)
  1037032     68032  64548960  0.001  0.000    2.705    7.192    0    0  (Gen:  0)
  1036408     59456  64578640  0.000  0.000    2.706    7.193    0    0  (Gen:  0)
  1037336     81880  64627080  0.001  0.000    2.707    7.193    0    0  (Gen:  0)
  1036016    118168  64685424  0.001  0.000    2.708    7.194    0    0  (Gen:  0)
  1036664    115280  64737728  0.001  0.000    2.710    7.195    0    0  (Gen:  0)
  1036456    116328  64796040  0.001  0.000    2.711    7.195    0    0  (Gen:  0)
  1069176    121560  64886952  0.001  0.000    2.712    7.196    0    0  (Gen:  0)
  1108320     93952  64950784  0.001  0.000    2.714    7.197    0    0  (Gen:  0)
  1035776     52088  64966928  0.000  0.000    2.715    7.198    0    0  (Gen:  0)
  1594072     52000  65060240  0.000  0.000    2.717    7.200    0    0  (Gen:  0)
  1083920     59128  65095064  0.001  0.000    2.718    7.201    0    0  (Gen:  0)
  1313784     57088  65104600  0.000  0.000    2.720    7.202    0    0  (Gen:  0)
  2395112     47096  65176488  0.000  0.000    2.722    7.204    0    0  (Gen:  0)
  1036592     62192  65204224  0.000  0.000    2.723    7.205    0    0  (Gen:  0)
  1037888     69800  65237792  0.001  0.000    2.724    7.206    0    0  (Gen:  0)
  1035104     90768  65291000  0.001  0.000    2.726    7.206    0    0  (Gen:  0)
  1034312    118080  65351064  0.001  0.000    2.727    7.207    0    0  (Gen:  0)
  1069544    124224  65443256  0.001  0.000    2.729    7.208    0    0  (Gen:  0)
  1036392    114808  65491816  0.001  0.000    2.730    7.208    0    0  (Gen:  0)
  1160680     76640  65546504  0.001  0.000    2.731    7.209    0    0  (Gen:  0)
  1041480     33272  65553392  0.000  0.000    2.732    7.210    0    0  (Gen:  0)
  1514960     33896  65600728  0.000  0.000    2.734    7.211    0    0  (Gen:  0)
  2101152     39352  65625824  0.000  0.000    2.736    7.213    0    0  (Gen:  0)
  1182400     35040  65730480  0.000  0.000    2.737    7.214    0    0  (Gen:  0)
  1304712     21496  65781896  0.000  0.000    2.738    7.248    0    0  (Gen:  0)
  1040928     10136  65735648  0.000  0.000    2.739    7.248    0    0  (Gen:  0)
  1039368      7032  65738528  0.000  0.000    2.739    7.249    0    0  (Gen:  0)
  1038552     10192  65743608  0.000  0.000    2.740    7.249    0    0  (Gen:  0)
  1038600      5712  65746168  0.000  0.000    2.741    7.249    0    0  (Gen:  0)
  1039072      4704  65746736  0.000  0.000    2.741    7.250    0    0  (Gen:  0)
  1039920     23808  65766144  0.000  0.000    2.742    7.250    0    0  (Gen:  0)
  1035328     74096  65820856  0.000  0.000    2.743    7.251    0    0  (Gen:  0)
  1032600    123400  65881464  0.001  0.000    2.744    7.252    0    0  (Gen:  0)
  1034568    126216  65942848  0.001  0.000    2.745    7.252    0    0  (Gen:  0)
  1032232    120104  65997416  0.001  0.000    2.747    7.253    0    0  (Gen:  0)
  1032600    123832  66065328  0.000  0.000    2.748    7.254    0    0  (Gen:  0)
  1035528    131344  66126944  0.001  0.000    2.750    7.254    0    0  (Gen:  0)
  1034544    119680  66177272  0.001  0.000    2.751    7.255    0    0  (Gen:  0)
  1034712    119344  66241016  0.001  0.000    2.752    7.256    0    0  (Gen:  0)
  1035328    126928  66300120  0.001  0.000    2.753    7.256    0    0  (Gen:  0)
  1033504    129768  66363648  0.001  0.000    2.755    7.257    0    0  (Gen:  0)
  1033920    138888  66434664  0.001  0.000    2.756    7.258    0    0  (Gen:  0)
  1035592    133440  66492704  0.001  0.000    2.758    7.259    0    0  (Gen:  0)
  1034704    141712  66571464  0.001  0.000    2.759    7.259    0    0  (Gen:  0)
  1135064    139072  66725552  0.001  0.000    2.761    7.260    0    0  (Gen:  0)
  1034088    124752  66784256  0.001  0.000    2.762    7.261    0    0  (Gen:  0)
  1036992    113672  66838048  0.001  0.000    2.764    7.261    0    0  (Gen:  0)
  1034768    110432  66892464  0.001  0.000    2.765    7.262    0    0  (Gen:  0)
  1035504    117168  66951280  0.001  0.000    2.766    7.263    0    0  (Gen:  0)
  1035000    119856  67006376  0.001  0.000    2.767    7.263    0    0  (Gen:  0)
  1033688    115304  67062328  0.001  0.000    2.769    7.264    0    0  (Gen:  0)
  1034448    115896  67116824  0.001  0.000    2.770    7.265    0    0  (Gen:  0)
  1036496    125872  67181424  0.001  0.000    2.771    7.265    0    0  (Gen:  0)
  1034664    132624  67242696  0.001  0.000    2.773    7.266    0    0  (Gen:  0)
  1037152    119688  67292384  0.001  0.000    2.774    7.267    0    0  (Gen:  0)
  1034192    103816  67341088  0.001  0.000    2.776    7.268    0    0  (Gen:  0)
  1034520    108264  67393800  0.001  0.000    2.777    7.268    0    0  (Gen:  0)
  1034104    123376  67457688  0.001  0.000    2.778    7.269    0    0  (Gen:  0)
  1036488    142312  67530368  0.001  0.000    2.780    7.270    0    0  (Gen:  0)
  1036592    146488  67598048  0.001  0.000    2.781    7.270    0    0  (Gen:  0)
  1363064    123368  67718952  0.001  0.000    2.783    7.271    0    0  (Gen:  0)
  1067392    126512  67821504  0.001  0.000    2.784    7.272    0    0  (Gen:  0)
  1147520    135792  67981544  0.001  0.000    2.786    7.273    0    0  (Gen:  0)
  1033512    128304  68041808  0.001  0.000    2.788    7.273    0    0  (Gen:  0)
  1149256    117192  68192344  0.001  0.000    2.789    7.274    0    0  (Gen:  0)
  1035160    115560  68250816  0.001  0.000    2.790    7.275    0    0  (Gen:  0)
  1036320    138352  68322160  0.001  0.000    2.792    7.276    0    0  (Gen:  0)
  1034336    141552  68389944  0.001  0.000    2.793    7.276    0    0  (Gen:  0)
  1035000    122712  68444856  0.001  0.000    2.795    7.277    0    0  (Gen:  0)
  1038096    104464  68488944  0.001  0.000    2.796    7.278    0    0  (Gen:  0)
  1035496     99152  68539304  0.001  0.000    2.797    7.278    0    0  (Gen:  0)
  1035320    106472  68589912  0.001  0.000    2.798    7.279    0    0  (Gen:  0)
  1035624    107800  68642168  0.001  0.000    2.799    7.279    0    0  (Gen:  0)
  1033056    116136  68701272  0.001  0.000    2.801    7.280    0    0  (Gen:  0)
  1068816    147560  68816584  0.001  0.000    2.802    7.281    0    0  (Gen:  0)
  1034200     89664  68815768  0.001  0.000    2.804    7.281    0    0  (Gen:  0)
  1035408    105192  68869160  0.001  0.000    2.805    7.282    0    0  (Gen:  0)
  1033672    125136  68935072  0.001  0.000    2.806    7.283    0    0  (Gen:  0)
  1033832    127968  68990520  0.001  0.000    2.808    7.283    0    0  (Gen:  0)
  1034240    128160  69058104  0.001  0.000    2.809    7.284    0    0  (Gen:  0)
  1034576    128440  69113736  0.001  0.000    2.811    7.285    0    0  (Gen:  0)
  1035696    126952  69177400  0.001  0.000    2.813    7.286    0    0  (Gen:  0)
  1068928    130968  69272552  0.001  0.000    2.814    7.286    0    0  (Gen:  0)
  1035128    125368  69331616  0.001  0.000    2.816    7.287    0    0  (Gen:  0)
  1032648    120312  69388536  0.001  0.000    2.817    7.288    0    0  (Gen:  0)
  1035760    122952  69451152  0.001  0.000    2.819    7.289    0    0  (Gen:  0)
  1036184    141632  69524088  0.001  0.000    2.820    7.289    0    0  (Gen:  0)
  1069424    150384  69627640  0.001  0.000    2.822    7.290    0    0  (Gen:  0)
  1069736    126584  69710408  0.001  0.000    2.824    7.292    0    0  (Gen:  0)
  1678200     75560  69733888  0.000  0.000    2.826    7.293    0    0  (Gen:  0)
  1071720     67256  69771248  0.000  0.000    2.827    7.294    0    0  (Gen:  0)
  1845480     81944  69807240  0.000  0.000    2.829    7.296    0    0  (Gen:  0)
  1041192     70496  69836880  0.000  0.000    2.830    7.296    0    0  (Gen:  0)
  1040928     35944  69840536  0.000  0.000    2.831    7.297    0    0  (Gen:  0)
  1041200     11728  69840632  0.000  0.000    2.832    7.298    0    0  (Gen:  0)
  1073648     18616  69848944  0.000  0.000    2.833    7.298    0    0  (Gen:  0)
  1199792     33232  69902200  0.000  0.000    2.834    7.299    0    0  (Gen:  0)
  1138424     37720  69915984  0.000  0.000    2.835    7.300    0    0  (Gen:  0)
  1509848     36296  69963168  0.000  0.000    2.836    7.302    0    0  (Gen:  0)
  3481328     75272  70093880  0.000  0.000    2.840    7.306    0    0  (Gen:  0)
  1341280     58512  70259936  0.000  0.000    2.842    7.339    0    0  (Gen:  0)
  1040616      8944  70264320  0.000  0.000    2.842    7.340    0    0  (Gen:  0)
  1036384      9320  70273544  0.000  0.000    2.843    7.340    0    0  (Gen:  0)
  1039840      6216  70274432  0.000  0.000    2.843    7.341    0    0  (Gen:  0)
  1038072      4688  70274560  0.000  0.000    2.844    7.341    0    0  (Gen:  0)
  1036632     35696  70305960  0.000  0.000    2.845    7.341    0    0  (Gen:  0)
  1034256     88912  70359640  0.000  0.000    2.846    7.342    0    0  (Gen:  0)
  1032160    119760  70425824  0.001  0.000    2.847    7.343    0    0  (Gen:  0)
  1035136    122720  70482504  0.001  0.000    2.848    7.343    0    0  (Gen:  0)
  1033808    122824  70544568  0.001  0.000    2.850    7.344    0    0  (Gen:  0)
  1032744    138520  70614488  0.001  0.000    2.851    7.345    0    0  (Gen:  0)
  1036632    135576  70674872  0.001  0.000    2.853    7.346    0    0  (Gen:  0)
  1033408    132088  70738792  0.001  0.000    2.854    7.346    0    0  (Gen:  0)
  1035584    131344  70801408  0.001  0.000    2.856    7.347    0    0  (Gen:  0)
  1034824    137928  70871880  0.001  0.000    2.857    7.348    0    0  (Gen:  0)
  1035784    132240  70929040  0.001  0.000    2.859    7.349    0    0  (Gen:  0)
  1035320    136952  71003800  0.001  0.000    2.860    7.349    0    0  (Gen:  0)
  1035456    133640  71058456  0.001  0.000    2.862    7.350    0    0  (Gen:  0)
  1033904    121168  71117192  0.001  0.000    2.863    7.351    0    0  (Gen:  0)
  1035088    115064  71168864  0.001  0.000    2.864    7.351    0    0  (Gen:  0)
  1032456     79208  71188296  0.000  0.000    2.865    7.352    0    0  (Gen:  0)
  1034472     79760  71240640  0.000  0.000    2.866    7.352    0    0  (Gen:  0)
  1037160    101136  71284640  0.001  0.000    2.867    7.353    0    0  (Gen:  0)
  1035584     95992  71332408  0.001  0.000    2.869    7.354    0    0  (Gen:  0)
  1034144    113968  71390672  0.001  0.000    2.870    7.354    0    0  (Gen:  0)
  1035424    135880  71460464  0.001  0.000    2.871    7.355    0    0  (Gen:  0)
  1035992    143136  71529224  0.001  0.000    2.873    7.356    0    0  (Gen:  0)
  1036808    123872  71580240  0.001  0.000    2.874    7.356    0    0  (Gen:  0)
  1034336    125384  71650480  0.001  0.000    2.876    7.357    0    0  (Gen:  0)
  1036272    134856  71708088  0.001  0.000    2.877    7.358    0    0  (Gen:  0)
  1035736    122544  71767432  0.001  0.000    2.879    7.359    0    0  (Gen:  0)
  1034896    113648  71817400  0.001  0.000    2.880    7.359    0    0  (Gen:  0)
  1035616    111616  71875328  0.001  0.000    2.881    7.360    0    0  (Gen:  0)
  1033680    137040  71946416  0.001  0.000    2.883    7.361    0    0  (Gen:  0)
  1034248    140680  72009720  0.001  0.000    2.884    7.361    0    0  (Gen:  0)
  1034960    121952  72064456  0.001  0.000    2.886    7.362    0    0  (Gen:  0)
  1036248    104704  72109264  0.001  0.000    2.887    7.363    0    0  (Gen:  0)
  1036880    101504  72161328  0.001  0.000    2.888    7.363    0    0  (Gen:  0)
  1034808    104752  72207608  0.001  0.000    2.889    7.364    0    0  (Gen:  0)
  1033664    108056  72263288  0.001  0.000    2.890    7.365    0    0  (Gen:  0)
  1035200    118704  72319768  0.001  0.000    2.892    7.365    0    0  (Gen:  0)
  1033592    159544  72417696  0.001  0.000    2.893    7.366    0    0  (Gen:  0)
  1033120     82312  72394848  0.001  0.000    2.894    7.366    0    0  (Gen:  0)
  1034288    115384  72453808  0.001  0.000    2.895    7.367    0    0  (Gen:  0)
  1036888    121720  72512656  0.001  0.000    2.897    7.368    0    0  (Gen:  0)
  1032160    125992  72575776  0.001  0.000    2.898    7.369    0    0  (Gen:  0)
  1036088    132480  72638864  0.001  0.000    2.900    7.369    0    0  (Gen:  0)
  1035328    127736  72698760  0.001  0.000    2.901    7.370    0    0  (Gen:  0)
  1033360    130464  72761056  0.001  0.000    2.902    7.371    0    0  (Gen:  0)
  1032456    128304  72820968  0.001  0.000    2.904    7.371    0    0  (Gen:  0)
  1035088    126320  72878544  0.001  0.000    2.905    7.372    0    0  (Gen:  0)
  1033896    130288  72946872  0.001  0.000    2.906    7.373    0    0  (Gen:  0)
  1033544    143456  73015032  0.001  0.000    2.908    7.373    0    0  (Gen:  0)
  1035392    131968  73073840  0.001  0.000    2.909    7.374    0    0  (Gen:  0)
  1070872    115264  73156896  0.001  0.000    2.911    7.375    0    0  (Gen:  0)
  1040256     87016  73185856  0.001  0.000    2.913    7.376    0    0  (Gen:  0)
  1040160     91312  73238688  0.001  0.000    2.914    7.377    0    0  (Gen:  0)
  1040712     60200  73242592  0.000  0.000    2.915    7.378    0    0  (Gen:  0)
  1302960     14880  73246656  0.000  0.000    2.916    7.378    0    0  (Gen:  0)
  1040584     13848  73247024  0.000  0.000    2.917    7.379    0    0  (Gen:  0)
  1698168     37168  73309472  0.000  0.000    2.919    7.381    0    0  (Gen:  0)
  1098032     38640  73333016  0.000  0.000    2.920    7.382    0    0  (Gen:  0)
  1035448     74984  73388776  0.001  0.000    2.921    7.383    0    0  (Gen:  0)
  1033680    136336  73459304  0.001  0.000    2.923    7.384    0    0  (Gen:  0)
  1035192    141024  73522704  0.001  0.000    2.924    7.384    0    0  (Gen:  0)
  1034944    132808  73584856  0.001  0.000    2.926    7.385    0    0  (Gen:  0)
  1033960    127104  73645544  0.001  0.000    2.927    7.386    0    0  (Gen:  0)
  1034464    131136  73711352  0.001  0.000    2.929    7.387    0    0  (Gen:  0)
  1030992    139800  73779504  0.001  0.000    2.930    7.387    0    0  (Gen:  0)
  1029568    136888  73840944  0.001  0.000    2.932    7.388    0    0  (Gen:  0)
  1073272     86552  73892968  0.000  0.000    2.933    7.389    0    0  (Gen:  0)
  1040208     53856  73924144  0.000  0.000    2.934    7.390    0    0  (Gen:  0)
  1040432     51464  73934448  0.000  0.000    2.935    7.391    0    0  (Gen:  0)
  1109888     34672  73949144  0.000  0.000    2.936    7.392    0    0  (Gen:  0)
  2041568     43648  74085024  0.000  0.000    2.939    7.394    0    0  (Gen:  0)
  1069712     85736  74171920  0.001  0.000    2.940    7.395    0    0  (Gen:  0)
  1033336    119608  74227328  0.001  0.000    2.941    7.395    0    0  (Gen:  0)
  1307936    150216  74413664  0.001  0.000    2.943    7.396    0    0  (Gen:  0)
  1033288    164120  74485376  0.001  0.000    2.945    7.397    0    0  (Gen:  0)
  1033920    146280  74553904  0.001  0.000    2.946    7.398    0    0  (Gen:  0)
  1033528    143568  74624208  0.001  0.000    2.948    7.399    0    0  (Gen:  0)
  1825728    117912  74767264  0.001  0.000    2.950    7.400    0    0  (Gen:  0)
  1111432     74160  74856080  0.001  0.000    2.951    7.401    0    0  (Gen:  0)
  2062472     75248  75037336  0.000  0.000    2.954    7.403    0    0  (Gen:  0)
  1486176     83360  75145200  0.000  0.000    2.955    7.404    0    0  (Gen:  0)
  1035296    119000  75213536  0.001  0.000    2.957    7.405    0    0  (Gen:  0)
  1035120    140720  75273144  0.001  0.000    2.958    7.406    0    0  (Gen:  0)
  1034968    135160  75343840  0.001  0.000    2.960    7.406    0    0  (Gen:  0)
  1072608    100000  75401832  0.000  0.000    2.961    7.407    0    0  (Gen:  0)
  1136152     68048  75439808  0.000  0.000    2.963    7.409    0    0  (Gen:  0)
  1771432     58760  75474624  0.000  0.000    2.964    7.410    0    0  (Gen:  0)
  1032432     77008  75521328  0.001  0.000    2.965    7.411    0    0  (Gen:  0)
  1029448    128824  75590088  0.001  0.000    2.967    7.412    0    0  (Gen:  0)
  1033576    150288  75671928  0.001  0.000    2.968    7.412    0    0  (Gen:  0)
  1030936    159304  75749120  0.001  0.000    2.970    7.413    0    0  (Gen:  0)
  1033640    143432  75808848  0.001  0.000    2.971    7.414    0    0  (Gen:  0)
  1035208    135824  75877616  0.001  0.000    2.973    7.414    0    0  (Gen:  0)
  1034120    136328  75940776  0.001  0.000    2.974    7.415    0    0  (Gen:  0)
  1030816    144632  76013032  0.001  0.000    2.976    7.416    0    0  (Gen:  0)
  1068728    133560  76101672  0.001  0.000    2.977    7.417    0    0  (Gen:  0)
  1040824     90648  76131184  0.000  0.000    2.978    7.417    0    0  (Gen:  0)
  2878800     56912  76213048  0.000  0.000    2.981    7.420    0    0  (Gen:  0)
  1035912     79880  76251296  0.001  0.000    2.982    7.421    0    0  (Gen:  0)
  1036000    106736  76306608  0.001  0.000    2.984    7.422    0    0  (Gen:  0)
  1036440    108208  76353680  0.001  0.000    2.985    7.422    0    0  (Gen:  0)
  1036104    101968  76402720  0.001  0.000    2.986    7.423    0    0  (Gen:  0)
  1034408    118904  76466288  0.001  0.000    2.988    7.424    0    0  (Gen:  0)
  1035000    137152  76534720  0.001  0.000    2.989    7.424    0    0  (Gen:  0)
  1034968    137336  76603680  0.001  0.000    2.991    7.425    0    0  (Gen:  0)
  1035936    126104  76660224  0.001  0.000    2.992    7.426    0    0  (Gen:  0)
  1035088    128944  76726768  0.001  0.000    2.994    7.427    0    0  (Gen:  0)
  1033120    135032  76790616  0.001  0.000    2.995    7.427    0    0  (Gen:  0)
  1035176    134584  76855768  0.001  0.000    2.997    7.428    0    0  (Gen:  0)
  1035632    139352  76925016  0.001  0.000    2.998    7.429    0    0  (Gen:  0)
  1071704    118704  77002504  0.001  0.000    3.000    7.430    0    0  (Gen:  0)
  1042224     60080  77012712  0.000  0.000    3.001    7.431    0    0  (Gen:  0)
  1040848     46704  77039408  0.000  0.000    3.002    7.431    0    0  (Gen:  0)
  2116480     54520  77094008  0.000  0.000    3.004    7.433    0    0  (Gen:  0)
  2734408     66864  77134248  0.000  0.000    3.007    7.435    0    0  (Gen:  0)
  1137680     50752  77143312  0.000  0.000    3.008    7.436    0    0  (Gen:  0)
  2522760     47464  77223800  0.000  0.000    3.011    7.439    0    0  (Gen:  0)
  1036528     76616  77263536  0.000  0.000    3.012    7.440    0    0  (Gen:  0)
  1035968     84640  77299520  0.001  0.000    3.013    7.440    0    0  (Gen:  0)
  1035184    102296  77361112  0.001  0.000    3.014    7.441    0    0  (Gen:  0)
  1036720    113120  77407608  0.001  0.000    3.015    7.442    0    0  (Gen:  0)
  1034376    126464  77481288  0.001  0.000    3.017    7.443    0    0  (Gen:  0)
  1033392    149024  77551264  0.001  0.000    3.018    7.443    0    0  (Gen:  0)
  1034504    129512  77606136  0.001  0.000    3.019    7.444    0    0  (Gen:  0)
  1036296    126136  77673160  0.001  0.000    3.021    7.445    0    0  (Gen:  0)
  1033808    147008  77746032  0.001  0.000    3.022    7.446    0    0  (Gen:  0)
  1035136    154704  77821000  0.001  0.000    3.024    7.446    0    0  (Gen:  0)
  1032736    152536  77891568  0.001  0.000    3.026    7.447    0    0  (Gen:  0)
  1034304    141896  77962480  0.001  0.000    3.027    7.448    0    0  (Gen:  0)
  1034192    135768  78025424  0.001  0.000    3.029    7.449    0    0  (Gen:  0)
  1035152    136456  78094416  0.001  0.000    3.030    7.449    0    0  (Gen:  0)
  1033456    150816  78171320  0.001  0.000    3.032    7.450    0    0  (Gen:  0)
  1034016    156400  78246240  0.001  0.000    3.034    7.451    0    0  (Gen:  0)
  1035424    152208  78318528  0.001  0.000    3.035    7.452    0    0  (Gen:  0)
  1033968    147728  78389464  0.001  0.000    3.037    7.453    0    0  (Gen:  0)
  1035208    148192  78460576  0.001  0.000    3.038    7.453    0    0  (Gen:  0)
  1035440    146440  78529808  0.001  0.000    3.040    7.454    0    0  (Gen:  0)
  1035184    146576  78600864  0.001  0.000    3.042    7.455    0    0  (Gen:  0)
  1034056    137256  78662200  0.001  0.000    3.043    7.456    0    0  (Gen:  0)
  1036040    143480  78738904  0.001  0.000    3.045    7.457    0    0  (Gen:  0)
  1034512    162864  78820320  0.001  0.000    3.046    7.457    0    0  (Gen:  0)
  1035264    168120  78902488  0.001  0.000    3.048    7.458    0    0  (Gen:  0)
  1032960    158208  78973824  0.001  0.000    3.050    7.459    0    0  (Gen:  0)
  1035000    130496  79032464  0.001  0.000    3.051    7.460    0    0  (Gen:  0)
  1032680    129864  79101520  0.001  0.000    3.053    7.460    0    0  (Gen:  0)
  1029392    149776  79178056  0.001  0.000    3.055    7.461    0    0  (Gen:  0)
  1073376    104320  79232472  0.000  0.000    3.056    7.462    0    0  (Gen:  0)
  1040752     51616  79257608  0.000  0.000    3.057    7.463    0    0  (Gen:  0)
  1041000     39656  79262544  0.000  0.000    3.058    7.464    0    0  (Gen:  0)
  1040248     10520  79262496  0.000  0.000    3.059    7.464    0    0  (Gen:  0)
  1040552     10240  79263680  0.000  0.000    3.060    7.465    0    0  (Gen:  0)
  2026312     45224  79348776  0.000  0.000    3.062    7.467    0    0  (Gen:  0)
  1034632     92920  79392720  0.001  0.000    3.063    7.468    0    0  (Gen:  0)
  1032568     84928  79420488  0.001  0.000    3.065    7.469    0    0  (Gen:  0)
  1072704     44800  79464768  0.000  0.000    3.066    7.470    0    0  (Gen:  0)
  1887200     50064  79503592  0.000  0.000    3.068    7.472    0    0  (Gen:  0)
  1093096     44336  79516928  0.000  0.000    3.069    7.472    0    0  (Gen:  0)
  1038392     34272  79530264  0.000  0.000    3.070    7.473    0    0  (Gen:  0)
  1032104     94512  79600096  0.001  0.000    3.071    7.473    0    0  (Gen:  0)
  1032384    144624  79670648  0.001  0.000    3.072    7.474    0    0  (Gen:  0)
  1070488    128392  79755208  0.001  0.000    3.074    7.475    0    0  (Gen:  0)
  1040072     87704  79784008  0.000  0.000    3.075    7.476    0    0  (Gen:  0)
  2873096     99120  79897400  0.000  0.000    3.078    7.479    0    0  (Gen:  0)
  1035784    150944  79971672  0.001  0.000    3.080    7.480    0    0  (Gen:  0)
  1072304    118336  80035704  0.001  0.000    3.082    7.481    0    0  (Gen:  0)
  3138128     56096  80113136  0.000  0.000    3.085    7.484    0    0  (Gen:  0)
  1331464     43536  80263488  0.000  0.000    3.086    7.516    0    0  (Gen:  0)
  1041160     13080  80223328  0.000  0.000    3.087    7.516    0    0  (Gen:  0)
  1038920      6976  80224776  0.000  0.000    3.088    7.516    0    0  (Gen:  0)
  1039360      9504  80233208  0.000  0.000    3.088    7.517    0    0  (Gen:  0)
  1039808      8552  80236464  0.000  0.000    3.089    7.517    0    0  (Gen:  0)
  1038760      4632  80234072  0.000  0.000    3.089    7.518    0    0  (Gen:  0)
  1040024     13816  80243616  0.000  0.000    3.090    7.518    0    0  (Gen:  0)
  1034808     77568  80307600  0.000  0.000    3.091    7.519    0    0  (Gen:  0)
  1032840    150008  80390136  0.001  0.000    3.093    7.520    0    0  (Gen:  0)
  1036272    157408  80461096  0.001  0.000    3.094    7.520    0    0  (Gen:  0)
  1069216    154760  80569792  0.001  0.000    3.096    7.521    0    0  (Gen:  0)
  1033976    154264  80642888  0.001  0.000    3.098    7.522    0    0  (Gen:  0)
  1034176    145752  80710768  0.000  0.000    3.099    7.523    0    0  (Gen:  0)
  1033528    144232  80782256  0.001  0.000    3.100    7.524    0    0  (Gen:  0)
  1036376    140208  80846848  0.001  0.000    3.102    7.524    0    0  (Gen:  0)
  1033288    143528  80921240  0.001  0.000    3.103    7.525    0    0  (Gen:  0)
  1698992    122920  80996552  0.001  0.000    3.106    7.527    0    0  (Gen:  0)
  1041128     49984  80999272  0.000  0.000    3.107    7.528    0    0  (Gen:  0)
  1041032     11392  80999168  0.000  0.000    3.107    7.528    0    0  (Gen:  0)
  1040920     11056  81000320  0.000  0.000    3.108    7.529    0    0  (Gen:  0)
  1041600     13008  81003792  0.000  0.000    3.109    7.529    0    0  (Gen:  0)
  1133784     30144  81055096  0.000  0.000    3.110    7.531    0    0  (Gen:  0)
  1713888     32328  81172072  0.000  0.000    3.112    7.532    0    0  (Gen:  0)
  1036864     58256  81203760  0.000  0.000    3.113    7.533    0    0  (Gen:  0)
  1034976     88248  81247744  0.001  0.000    3.114    7.533    0    0  (Gen:  0)
  1036672     94112  81293960  0.001  0.000    3.115    7.534    0    0  (Gen:  0)
  1034752    110632  81356744  0.001  0.000    3.116    7.535    0    0  (Gen:  0)
  1036256    131752  81425328  0.001  0.000    3.118    7.535    0    0  (Gen:  0)
  1034504    140136  81492472  0.001  0.000    3.119    7.536    0    0  (Gen:  0)
  1335472    144920  81794608  0.001  0.000    3.121    7.537    0    0  (Gen:  0)
  1034560    149280  81865808  0.001  0.000    3.123    7.538    0    0  (Gen:  0)
  1101728    144672  82000608  0.001  0.000    3.124    7.538    0    0  (Gen:  0)
  1034512    141408  82067872  0.001  0.000    3.125    7.539    0    0  (Gen:  0)
  1035232    138168  82133280  0.001  0.000    3.127    7.540    0    0  (Gen:  0)
  1035848    141544  82203552  0.001  0.000    3.128    7.540    0    0  (Gen:  0)
  1034760    146000  82273128  0.001  0.000    3.130    7.541    0    0  (Gen:  0)
  1034584    139440  82338592  0.001  0.000    3.131    7.542    0    0  (Gen:  0)
  1034536    133328  82402424  0.001  0.000    3.133    7.542    0    0  (Gen:  0)
  1034224    133872  82467976  0.001  0.000    3.134    7.543    0    0  (Gen:  0)
  1033480    137128  82534544  0.001  0.000    3.135    7.544    0    0  (Gen:  0)
  1033672    138472  82601504  0.001  0.000    3.137    7.545    0    0  (Gen:  0)
  1033664    142960  82669104  0.000  0.000    3.138    7.545    0    0  (Gen:  0)
  1034592    145464  82742712  0.001  0.000    3.139    7.546    0    0  (Gen:  0)
  1033656    139944  82804192  0.001  0.000    3.141    7.547    0    0  (Gen:  0)
  1033896    140368  82874312  0.001  0.000    3.142    7.548    0    0  (Gen:  0)
  1032712    149456  82949104  0.001  0.000    3.143    7.548    0    0  (Gen:  0)
  1033688    155312  83025296  0.001  0.000    3.145    7.549    0    0  (Gen:  0)
  1033632    156048  83100616  0.001  0.000    3.146    7.550    0    0  (Gen:  0)
  1032936    148440  83169552  0.001  0.000    3.148    7.550    0    0  (Gen:  0)
  1034256    143592  83238352  0.001  0.000    3.149    7.551    0    0  (Gen:  0)
  1034632    142728  83307472  0.001  0.000    3.151    7.552    0    0  (Gen:  0)
  1035424    156392  83383336  0.001  0.000    3.152    7.553    0    0  (Gen:  0)
  1034296    155040  83460776  0.001  0.000    3.154    7.553    0    0  (Gen:  0)
  1034264    147448  83530344  0.001  0.000    3.155    7.554    0    0  (Gen:  0)
  1031872    147080  83603768  0.001  0.000    3.157    7.555    0    0  (Gen:  0)
  1034072    140440  83666248  0.001  0.000    3.159    7.556    0    0  (Gen:  0)
  1034416    140088  83736608  0.001  0.000    3.160    7.556    0    0  (Gen:  0)
  1034368    142920  83805232  0.001  0.000    3.161    7.557    0    0  (Gen:  0)
  1035352    137912  83870320  0.001  0.000    3.163    7.558    0    0  (Gen:  0)
  1034400    135376  83936136  0.001  0.000    3.164    7.558    0    0  (Gen:  0)
  1034200    133864  83999800  0.001  0.000    3.165    7.559    0    0  (Gen:  0)
  1034680    136536  84067192  0.001  0.000    3.167    7.560    0    0  (Gen:  0)
  1035000    142784  84137904  0.001  0.000    3.168    7.560    0    0  (Gen:  0)
  1034136    138064  84200720  0.001  0.000    3.169    7.561    0    0  (Gen:  0)
  1034840    138856  84271816  0.001  0.000    3.171    7.562    0    0  (Gen:  0)
  1032896    143512  84339400  0.001  0.000    3.172    7.562    0    0  (Gen:  0)
  1034440    127648  84395208  0.001  0.000    3.174    7.563    0    0  (Gen:  0)
  1034368    117544  84451488  0.001  0.000    3.175    7.564    0    0  (Gen:  0)
  1034736    112816  84501648  0.001  0.000    3.176    7.564    0    0  (Gen:  0)
  1034928    123216  84570040  0.001  0.000    3.178    7.565    0    0  (Gen:  0)
  1034624    145784  84640600  0.001  0.000    3.179    7.566    0    0  (Gen:  0)
  1034808    149368  84716856  0.001  0.000    3.181    7.567    0    0  (Gen:  0)
  1035776    145944  84784984  0.001  0.000    3.182    7.567    0    0  (Gen:  0)
  1034416    142488  84851232  0.001  0.000    3.184    7.568    0    0  (Gen:  0)
  1034592    143704  84922840  0.001  0.000    3.185    7.569    0    0  (Gen:  0)
  1033976    150256  84996760  0.001  0.000    3.187    7.569    0    0  (Gen:  0)
  1033312    153728  85070352  0.001  0.000    3.188    7.570    0    0  (Gen:  0)
  1106064    144232  85199032  0.001  0.000    3.190    7.571    0    0  (Gen:  0)
  1034688    121544  85252672  0.001  0.000    3.191    7.572    0    0  (Gen:  0)
  1035824    112432  85303624  0.001  0.000    3.192    7.573    0    0  (Gen:  0)
  1033976    117944  85364088  0.001  0.000    3.193    7.573    0    0  (Gen:  0)
  1035120    132064  85428512  0.001  0.000    3.194    7.574    0    0  (Gen:  0)
  1034296    138536  85498072  0.001  0.000    3.196    7.575    0    0  (Gen:  0)
  1034936    144368  85567168  0.001  0.000    3.197    7.576    0    0  (Gen:  0)
  1034344    144520  85637608  0.001  0.000    3.199    7.576    0    0  (Gen:  0)
  1036832    135176  85695960  0.001  0.000    3.200    7.577    0    0  (Gen:  0)
  1033416    140056  85773336  0.001  0.000    3.202    7.578    0    0  (Gen:  0)
  1179736    134896  85891440  0.001  0.000    3.203    7.579    0    0  (Gen:  0)
  1034576  70072968  74663680  0.180  0.054    3.384    7.633    0    0  (Gen:  1)
  1428768    149280  74842800  0.001  0.000    3.386    7.634    0    0  (Gen:  0)
  1071000     98952  74889448  0.001  0.000    3.388    7.635    0    0  (Gen:  0)
  1040992     20736  74893704  0.000  0.000    3.389    7.636    0    0  (Gen:  0)
  1040704     62328  74945504  0.000  0.000    3.390    7.637    0    0  (Gen:  0)
  1040032     57568  74948416  0.000  0.000    3.391    7.637    0    0  (Gen:  0)
  1040736     13216  74951808  0.000  0.000    3.391    7.638    0    0  (Gen:  0)
  1073136     20416  74993192  0.000  0.000    3.392    7.639    0    0  (Gen:  0)
  2027184     39312  75017936  0.000  0.000    3.394    7.640    0    0  (Gen:  0)
  1196096     51496  75035824  0.000  0.000    3.396    7.641    0    0  (Gen:  0)
  1103496     37048  75045344  0.000  0.000    3.397    7.642    0    0  (Gen:  0)
  1866088     78936  75107488  0.000  0.000    3.398    7.644    0    0  (Gen:  0)
  1980112     47912  75157704  0.000  0.000    3.401    7.646    0    0  (Gen:  0)
  1036160     59680  75177824  0.000  0.000    3.402    7.647    0    0  (Gen:  0)
  1033920     86992  75234808  0.001  0.000    3.403    7.648    0    0  (Gen:  0)
  1034600    125952  75303544  0.001  0.000    3.404    7.648    0    0  (Gen:  0)
  1033824    143416  75374088  0.001  0.000    3.406    7.649    0    0  (Gen:  0)
  1035032    143728  75442968  0.001  0.000    3.408    7.650    0    0  (Gen:  0)
  1033952    143920  75508264  0.001  0.000    3.409    7.651    0    0  (Gen:  0)
  1037768    123592  75558624  0.001  0.000    3.411    7.651    0    0  (Gen:  0)
  1034296    113216  75615128  0.001  0.000    3.412    7.652    0    0  (Gen:  0)
  1028960    129992  75683376  0.001  0.000    3.413    7.653    0    0  (Gen:  0)
  1073344     98080  75734856  0.000  0.000    3.415    7.654    0    0  (Gen:  0)
  1040640     29600  75742120  0.000  0.000    3.416    7.654    0    0  (Gen:  0)
  2101144     38696  75803192  0.000  0.000    3.418    7.657    0    0  (Gen:  0)
  1413312     75000  75859408  0.001  0.000    3.419    7.658    0    0  (Gen:  0)
  1032952    131088  75926784  0.001  0.000    3.421    7.659    0    0  (Gen:  0)
  1034744    178416  76022752  0.001  0.000    3.423    7.659    0    0  (Gen:  0)
  1419416    116168  76069240  0.001  0.000    3.424    7.661    0    0  (Gen:  0)
  2646192     56952  76164368  0.000  0.000    3.427    7.694    0    0  (Gen:  0)
  1040568     33360  76114136  0.000  0.000    3.428    7.694    0    0  (Gen:  0)
  1036048      8432  76118456  0.000  0.000    3.429    7.695    0    0  (Gen:  0)
  1040048      5816  76122200  0.000  0.000    3.429    7.695    0    0  (Gen:  0)
  1038160      4552  76122616  0.000  0.000    3.430    7.695    0    0  (Gen:  0)
  1033048     79984  76198408  0.001  0.000    3.431    7.696    0    0  (Gen:  0)
  2458904    111032  76266640  0.001  0.000    3.434    7.699    0    0  (Gen:  0)
  1084240     51272  76289912  0.000  0.000    3.435    7.700    0    0  (Gen:  0)
  1037440     81624  76337488  0.001  0.000    3.437    7.701    0    0  (Gen:  0)
  1073864     81712  76391520  0.000  0.000    3.438    7.702    0    0  (Gen:  0)
  1041264     38472  76400424  0.000  0.000    3.439    7.702    0    0  (Gen:  0)
  2336856     43064  76484848  0.000  0.000    3.441    7.705    0    0  (Gen:  0)
  1037192     59936  76508408  0.000  0.000    3.442    7.706    0    0  (Gen:  0)
  1035448     94696  76569664  0.001  0.000    3.443    7.706    0    0  (Gen:  0)
  1033656    139144  76643424  0.001  0.000    3.445    7.707    0    0  (Gen:  0)
  1034488    152960  76716920  0.001  0.000    3.447    7.708    0    0  (Gen:  0)
  1032064    151584  76790032  0.001  0.000    3.448    7.709    0    0  (Gen:  0)
  1033944    158712  76866152  0.001  0.000    3.450    7.709    0    0  (Gen:  0)
  1034712    156904  76941872  0.001  0.000    3.452    7.710    0    0  (Gen:  0)
  1035680    147144  77009064  0.001  0.000    3.453    7.711    0    0  (Gen:  0)
  1071040    110688  77080864  0.000  0.000    3.455    7.712    0    0  (Gen:  0)
  2058416     83576  77124704  0.000  0.000    3.457    7.713    0    0  (Gen:  0)
  2529872     72872  77158976  0.000  0.000    3.459    7.716    0    0  (Gen:  0)
  1036568     70544  77187144  0.001  0.000    3.460    7.717    0    0  (Gen:  0)
  1796456    100840  77278616  0.000  0.000    3.462    7.718    0    0  (Gen:  0)
  1960632     88936  77305376  0.000  0.000    3.464    7.720    0    0  (Gen:  0)
  1086504     43312  77318536  0.000  0.000    3.466    7.721    0    0  (Gen:  0)
  1033064     83176  77367944  0.001  0.000    3.467    7.722    0    0  (Gen:  0)
  1073304     85192  77420328  0.000  0.000    3.468    7.723    0    0  (Gen:  0)
  2967512     45576  77452336  0.000  0.000    3.471    7.726    0    0  (Gen:  0)
  1033688     80384  77489416  0.000  0.000    3.472    7.727    0    0  (Gen:  0)
  1071344     77584  77546464  0.000  0.000    3.474    7.727    0    0  (Gen:  0)
  1982608     49376  77570664  0.000  0.000    3.476    7.730    0    0  (Gen:  0)
  1094568     39760  77589904  0.000  0.000    3.477    7.731    0    0  (Gen:  0)
  1035880     84872  77644080  0.001  0.000    3.478    7.731    0    0  (Gen:  0)
  1034744    133768  77710696  0.001  0.000    3.480    7.732    0    0  (Gen:  0)
  1035048    147480  77784160  0.001  0.000    3.482    7.733    0    0  (Gen:  0)
  1033384    131472  77840288  0.001  0.000    3.483    7.734    0    0  (Gen:  0)
  1432088     84592  77902680  0.000  0.000    3.485    7.735    0    0  (Gen:  0)
  1071160     43528  77914704  0.000  0.000    3.486    7.736    0    0  (Gen:  0)
  2463008     44472  77944624  0.000  0.000    3.488    7.738    0    0  (Gen:  0)
  1036880     68488  77971472  0.000  0.000    3.489    7.739    0    0  (Gen:  0)
  1034408     98552  78029216  0.001  0.000    3.491    7.740    0    0  (Gen:  0)
  1175520     90512  78186384  0.000  0.000    3.492    7.741    0    0  (Gen:  0)
  3125312     59336  78361920  0.000  0.000    3.495    7.744    0    0  (Gen:  0)
  1840952     91256  78465032  0.001  0.000    3.497    7.745    0    0  (Gen:  0)
  1984136     79000  78485320  0.000  0.000    3.500    7.747    0    0  (Gen:  0)
  1367136     72640  78537216  0.000  0.000    3.501    7.748    0    0  (Gen:  0)
  1075392     78736  78554568  0.001  0.000    3.502    7.749    0    0  (Gen:  0)
  1039912     37128  78553920  0.000  0.000    3.504    7.750    0    0  (Gen:  0)
  2612936     52624  78643496  0.000  0.000    3.506    7.753    0    0  (Gen:  0)
  1040000     48864  78658280  0.000  0.000    3.507    7.754    0    0  (Gen:  0)
  1033088     72872  78707720  0.001  0.000    3.508    7.754    0    0  (Gen:  0)
  1034888    115960  78769976  0.001  0.000    3.510    7.755    0    0  (Gen:  0)
  1032800    136640  78837448  0.001  0.000    3.511    7.756    0    0  (Gen:  0)
  1037224    114464  78884032  0.001  0.000    3.513    7.756    0    0  (Gen:  0)
  1036848     91576  78927880  0.001  0.000    3.514    7.757    0    0  (Gen:  0)
  1069696    110136  79020168  0.001  0.000    3.515    7.758    0    0  (Gen:  0)
  1033808    130144  79085848  0.001  0.000    3.517    7.758    0    0  (Gen:  0)
  1035472    123640  79139680  0.001  0.000    3.518    7.759    0    0  (Gen:  0)
  1034928    121560  79199512  0.001  0.000    3.519    7.760    0    0  (Gen:  0)
  1070856    100376  79266976  0.000  0.000    3.521    7.761    0    0  (Gen:  0)
  3930968    125280  79383168  0.001  0.000    3.524    7.764    0    0  (Gen:  0)
  1074304    103272  79394128  0.000  0.000    3.526    7.765    0    0  (Gen:  0)
  1041328     28168  79400416  0.000  0.000    3.527    7.765    0    0  (Gen:  0)
  2047248     38776  79463776  0.000  0.000    3.529    7.768    0    0  (Gen:  0)
  1450680     76024  79521336  0.001  0.000    3.531    7.769    0    0  (Gen:  0)
  1072440     92304  79551984  0.001  0.000    3.532    7.770    0    0  (Gen:  0)
  1677312     82424  79581416  0.000  0.000    3.534    7.772    0    0  (Gen:  0)
  2454032     67848  79635008  0.000  0.000    3.536    7.774    0    0  (Gen:  0)
  1035240     79840  79672096  0.000  0.000    3.537    7.775    0    0  (Gen:  0)
  1035328     89624  79714680  0.001  0.000    3.538    7.775    0    0  (Gen:  0)
  1034080    103176  79770720  0.001  0.000    3.540    7.776    0    0  (Gen:  0)
  1034624    119088  79828936  0.001  0.000    3.541    7.777    0    0  (Gen:  0)
  1036096    112128  79876904  0.001  0.000    3.543    7.777    0    0  (Gen:  0)
  1034536     98840  79923016  0.001  0.000    3.544    7.778    0    0  (Gen:  0)
  1035504    101480  79973768  0.001  0.000    3.545    7.779    0    0  (Gen:  0)
  1033536    105376  80022264  0.001  0.000    3.546    7.779    0    0  (Gen:  0)
  1356536     88656  80088992  0.000  0.000    3.548    7.780    0    0  (Gen:  0)
  1041464     74152  80126560  0.000  0.000    3.549    7.781    0    0  (Gen:  0)
  1041240     44880  80129024  0.000  0.000    3.550    7.782    0    0  (Gen:  0)
  1039400     12680  80131032  0.000  0.000    3.551    7.783    0    0  (Gen:  0)
  1407424     36912  80193160  0.000  0.000    3.552    7.784    0    0  (Gen:  0)
  1092032     44496  80221688  0.000  0.000    3.554    7.785    0    0  (Gen:  0)
  1037640     72168  80264912  0.001  0.000    3.555    7.786    0    0  (Gen:  0)
  1039208     78904  80291968  0.000  0.000    3.556    7.787    0    0  (Gen:  0)
  1028480     86760  80346216  0.001  0.000    3.557    7.787    0    0  (Gen:  0)
  1073928     81960  80400416  0.000  0.000    3.558    7.788    0    0  (Gen:  0)
  3287280     91608  80481656  0.000  0.000    3.561    7.791    0    0  (Gen:  0)
  1035600    151400  80545744  0.001  0.000    3.563    7.792    0    0  (Gen:  0)
  1032280    147736  80615440  0.001  0.000    3.565    7.793    0    0  (Gen:  0)
  1345000     95840  80666296  0.000  0.000    3.566    7.795    0    0  (Gen:  0)
  2478240     50104  80664544  0.000  0.000    3.569    7.797    0    0  (Gen:  0)
  1468360     54224  80966696  0.000  0.000    3.571    7.828    0    0  (Gen:  0)
  1040168     12752  80914416  0.000  0.000    3.571    7.829    0    0  (Gen:  0)
  1038472      7416  80917656  0.000  0.000    3.572    7.829    0    0  (Gen:  0)
  1074992      6688  80956000  0.000  0.000    3.572    7.830    0    0  (Gen:  0)
  1037664      7376  80958424  0.000  0.000    3.573    7.830    0    0  (Gen:  0)
  1862880     59456  81044384  0.000  0.000    3.574    7.831    0    0  (Gen:  0)
  1041576     54992  81042104  0.000  0.000    3.575    7.832    0    0  (Gen:  0)
  2954400     52632  81128776  0.000  0.000    3.578    7.835    0    0  (Gen:  0)
  1033344    113968  81183704  0.001  0.000    3.580    7.836    0    0  (Gen:  0)
  1368160    128488  81276712  0.001  0.000    3.581    7.836    0    0  (Gen:  0)
  1035360    129736  81341144  0.001  0.000    3.583    7.837    0    0  (Gen:  0)
  1104952    115128  81449736  0.001  0.000    3.584    7.838    0    0  (Gen:  0)
  1106648     71728  81475080  0.001  0.000    3.586    7.839    0    0  (Gen:  0)
  1040176     47904  81486584  0.000  0.000    3.587    7.840    0    0  (Gen:  0)
  2061056     36072  81557536  0.000  0.000    3.589    7.842    0    0  (Gen:  0)
  1066680     71712  81624040  0.001  0.000    3.590    7.843    0    0  (Gen:  0)
  1033528    110792  81691256  0.001  0.000    3.592    7.844    0    0  (Gen:  0)
  1034024    134496  81754288  0.001  0.000    3.593    7.844    0    0  (Gen:  0)
  1036208    120552  81806200  0.001  0.000    3.594    7.845    0    0  (Gen:  0)
  1035192    120800  81868768  0.001  0.000    3.596    7.846    0    0  (Gen:  0)
  1108864     91808  81958512  0.001  0.000    3.597    7.847    0    0  (Gen:  0)
  1040528     69480  81999152  0.001  0.000    3.599    7.848    0    0  (Gen:  0)
  1040592     56488  82007704  0.000  0.000    3.600    7.848    0    0  (Gen:  0)
  1040728     12168  82004080  0.000  0.000    3.600    7.849    0    0  (Gen:  0)
  2001032     36112  82066152  0.000  0.000    3.602    7.851    0    0  (Gen:  0)
  1392632     66696  82150112  0.000  0.000    3.604    7.852    0    0  (Gen:  0)
  1034376    104576  82200608  0.001  0.000    3.605    7.853    0    0  (Gen:  0)
  1032112    136672  82273632  0.001  0.000    3.607    7.854    0    0  (Gen:  0)
  1034752    142504  82337888  0.001  0.000    3.608    7.855    0    0  (Gen:  0)
  1030368    144424  82414136  0.001  0.000    3.610    7.856    0    0  (Gen:  0)
  1375240    117400  82481704  0.001  0.000    3.612    7.857    0    0  (Gen:  0)
  1037944     49240  82460136  0.000  0.000    3.613    7.858    0    0  (Gen:  0)
  1179120     43928  82515576  0.000  0.000    3.615    7.859    0    0  (Gen:  0)
  1193800     44592  82551552  0.000  0.000    3.616    7.860    0    0  (Gen:  0)
  1035880     83184  82594048  0.001  0.000    3.617    7.861    0    0  (Gen:  0)
  1104112    109008  82711008  0.001  0.000    3.619    7.862    0    0  (Gen:  0)
  2289792     74464  82830352  0.000  0.000    3.621    7.864    0    0  (Gen:  0)
  1134432     79232  82914280  0.001  0.000    3.623    7.865    0    0  (Gen:  0)
  1607408     94064  82978280  0.001  0.000    3.625    7.866    0    0  (Gen:  0)
  1170848     62880  83022032  0.000  0.000    3.626    7.867    0    0  (Gen:  0)
  2179256     38576  83076472  0.000  0.000    3.628    7.870    0    0  (Gen:  0)
  1033664     89352  83134176  0.001  0.000    3.629    7.870    0    0  (Gen:  0)
  1032648    142912  83205712  0.001  0.000    3.631    7.871    0    0  (Gen:  0)
  1034216    148464  83281768  0.001  0.000    3.633    7.872    0    0  (Gen:  0)
  1103096    155184  83424544  0.001  0.000    3.634    7.873    0    0  (Gen:  0)
  1033176    163680  83504040  0.001  0.000    3.636    7.874    0    0  (Gen:  0)
  1033656    159456  83577888  0.001  0.000    3.638    7.875    0    0  (Gen:  0)
  1031704    165504  83661688  0.001  0.000    3.639    7.875    0    0  (Gen:  0)
  1034112    172008  83742952  0.001  0.000    3.641    7.876    0    0  (Gen:  0)
  1034408    159248  83816512  0.001  0.000    3.643    7.877    0    0  (Gen:  0)
  1036128    114144  83852080  0.001  0.000    3.644    7.877    0    0  (Gen:  0)
  1034200     75912  83885688  0.001  0.000    3.645    7.878    0    0  (Gen:  0)
  1037432     76848  83924776  0.001  0.000    3.646    7.879    0    0  (Gen:  0)
  1035088     95872  83977448  0.001  0.000    3.647    7.879    0    0  (Gen:  0)
  1035104    131400  84044880  0.001  0.000    3.649    7.880    0    0  (Gen:  0)
  1035376    137592  84109216  0.001  0.000    3.650    7.881    0    0  (Gen:  0)
  1031360    136824  84176768  0.001  0.000    3.652    7.881    0    0  (Gen:  0)
  1033744    143568  84248160  0.001  0.000    3.653    7.882    0    0  (Gen:  0)
  1033360    147504  84318120  0.001  0.000    3.655    7.883    0    0  (Gen:  0)
  1033792    141240  84389528  0.001  0.000    3.656    7.884    0    0  (Gen:  0)
  1033352    140648  84457448  0.001  0.000    3.658    7.884    0    0  (Gen:  0)
  1069592    140288  84556960  0.001  0.000    3.660    7.885    0    0  (Gen:  0)
  1859192    140128  84658128  0.001  0.000    3.662    7.887    0    0  (Gen:  0)
  1040688     95944  84679800  0.001  0.000    3.663    7.887    0    0  (Gen:  0)
  1041504     30096  84680968  0.000  0.000    3.664    7.888    0    0  (Gen:  0)
  1037488      6600  84679344  0.000  0.000    3.665    7.889    0    0  (Gen:  0)
  2360352     36488  84807768  0.000  0.000    3.667    7.891    0    0  (Gen:  0)
  1295688     43128  84921160  0.000  0.000    3.669    7.925    0    0  (Gen:  0)
  1041520     11192  84875528  0.000  0.000    3.669    7.925    0    0  (Gen:  0)
  1038736      5672  84881056  0.000  0.000    3.670    7.926    0    0  (Gen:  0)
  1039584     10304  84886456  0.000  0.000    3.671    7.926    0    0  (Gen:  0)
  1039680      7704  84892472  0.000  0.000    3.671    7.927    0    0  (Gen:  0)
  1038784      4752  84892760  0.000  0.000    3.672    7.927    0    0  (Gen:  0)
  1036136     27344  84915728  0.000  0.000    3.673    7.927    0    0  (Gen:  0)
  1033752     90680  84979352  0.000  0.000    3.674    7.928    0    0  (Gen:  0)
  1033576    146192  85047192  0.001  0.000    3.675    7.929    0    0  (Gen:  0)
  1036984    132000  85106336  0.001  0.000    3.677    7.930    0    0  (Gen:  0)
  1034464    142672  85184800  0.001  0.000    3.678    7.931    0    0  (Gen:  0)
  1034744    152968  85253304  0.001  0.000    3.680    7.931    0    0  (Gen:  0)
  1036944    135360  85313808  0.001  0.000    3.681    7.932    0    0  (Gen:  0)
  1034864    139096  85387560  0.001  0.000    3.683    7.933    0    0  (Gen:  0)
  1035584    157224  85465456  0.001  0.000    3.684    7.934    0    0  (Gen:  0)
  1034416    156464  85538920  0.001  0.000    3.686    7.934    0    0  (Gen:  0)
  1036560    125968  85587456  0.001  0.000    3.688    7.935    0    0  (Gen:  0)
  1752344     98896  85665848  0.001  0.000    3.690    7.937    0    0  (Gen:  0)
  2976960     84104  85736808  0.000  0.000    3.693    7.939    0    0  (Gen:  0)
  2870696     76536  85840488  0.000  0.000    3.695    7.942    0    0  (Gen:  0)
  1202360     56912  85858200  0.000  0.000    3.697    7.943    0    0  (Gen:  0)
  1105312     36432  85866656  0.000  0.000    3.698    7.944    0    0  (Gen:  0)
  1169896     42088  85892168  0.000  0.000    3.699    7.945    0    0  (Gen:  0)
  1137592     31952  85902608  0.000  0.000    3.700    7.946    0    0  (Gen:  0)
  1107168     51304  85938072  0.000  0.000    3.702    7.947    0    0  (Gen:  0)
  1041368     80488  86000952  0.001  0.000    3.703    7.947    0    0  (Gen:  0)
  1040136     71768  86060560  0.000  0.000    3.704    7.948    0    0  (Gen:  0)
  1040592     72288  86126744  0.000  0.000    3.705    7.949    0    0  (Gen:  0)
  3190648    113648  86310144  0.001  0.000    3.708    7.952    0    0  (Gen:  0)
  1772648    118240  86333064  0.001  0.000    3.710    7.953    0    0  (Gen:  0)
  3029096     73328  86398224  0.000  0.000    3.713    7.956    0    0  (Gen:  0)
  1298512     43728  86519528  0.000  0.000    3.715    7.988    0    0  (Gen:  0)
  1039848      8336  86483936  0.000  0.000    3.715    7.988    0    0  (Gen:  0)
  1037688      8184  86490888  0.000  0.000    3.716    7.988    0    0  (Gen:  0)
  1039752      5712  86495200  0.000  0.000    3.716    7.989    0    0  (Gen:  0)
  1038504      4472  86495688  0.000  0.000    3.717    7.989    0    0  (Gen:  0)
  1034376     62696  86554224  0.000  0.000    3.718    7.990    0    0  (Gen:  0)
  1036064    136352  86632312  0.001  0.000    3.719    7.991    0    0  (Gen:  0)
  1031520    133128  86687392  0.001  0.000    3.721    7.992    0    0  (Gen:  0)
  1072616     85888  86742536  0.001  0.000    3.723    7.993    0    0  (Gen:  0)
  1041392     25896  86744448  0.000  0.000    3.723    7.993    0    0  (Gen:  0)
  1041016      9288  86742744  0.000  0.000    3.724    7.994    0    0  (Gen:  0)
  1041696      9864  86744592  0.000  0.000    3.725    7.994    0    0  (Gen:  0)
  2454520     40824  86846512  0.000  0.000    3.727    7.997    0    0  (Gen:  0)
  1140120     52592  86859880  0.000  0.000    3.729    7.998    0    0  (Gen:  0)
  1170144     38528  86881824  0.000  0.000    3.730    7.999    0    0  (Gen:  0)
  2077856     44256  86872616  0.000  0.000    3.732    8.000    0    0  (Gen:  0)
  1171832     48984  86931176  0.000  0.000    3.733    8.001    0    0  (Gen:  0)
  1511728     36064  86951560  0.000  0.000    3.734    8.003    0    0  (Gen:  0)
  1102936     28704  86959440  0.000  0.000    3.735    8.004    0    0  (Gen:  0)
  2325912     81088  87025688  0.000  0.000    3.738    8.006    0    0  (Gen:  0)
  1782336     54024  87059608  0.000  0.000    3.739    8.007    0    0  (Gen:  0)
  1339328     40040  87075336  0.000  0.000    3.741    8.008    0    0  (Gen:  0)
  1851176     44312  87107128  0.000  0.000    3.742    8.010    0    0  (Gen:  0)
  1587592     45976  87180640  0.000  0.000    3.744    8.042    0    0  (Gen:  0)
  1041600     17400  87129352  0.000  0.000    3.745    8.042    0    0  (Gen:  0)
  1560320      9640  87331208  0.000  0.000    3.746    8.043    0    0  (Gen:  0)
  1072296     12120  87371424  0.000  0.000    3.747    8.043    0    0  (Gen:  0)
  1141824     10688  87478168  0.000  0.000    3.747    8.044    0    0  (Gen:  0)
  1036528     35160  87504824  0.000  0.000    3.748    8.044    0    0  (Gen:  0)
  1035496     81632  87552936  0.001  0.000    3.749    8.045    0    0  (Gen:  0)
  1137712    119624  87718584  0.001  0.000    3.751    8.046    0    0  (Gen:  0)
  1176760    120040  87898464  0.000  0.000    3.752    8.047    0    0  (Gen:  0)
  1075216     50560  87933008  0.000  0.000    3.754    8.048    0    0  (Gen:  0)
  1041104     14416  87938936  0.000  0.000    3.754    8.048    0    0  (Gen:  0)
  1041040      8752  87937872  0.000  0.000    3.755    8.049    0    0  (Gen:  0)
  2178720     35008  88002520  0.000  0.000    3.757    8.051    0    0  (Gen:  0)
  1225304     48904  88050984  0.000  0.000    3.758    8.052    0    0  (Gen:  0)
  1441168     37496  88066112  0.000  0.000    3.760    8.053    0    0  (Gen:  0)
  2171184    104840  88143776  0.001  0.000    3.762    8.055    0    0  (Gen:  0)
  1627552     49536  88198600  0.000  0.000    3.764    8.057    0    0  (Gen:  0)
  1224608     36824  88217920  0.000  0.000    3.766    8.058    0    0  (Gen:  0)
  1214344     27872  88278064  0.000  0.000    3.767    8.090    0    0  (Gen:  0)
  1040872     10688  88238600  0.000  0.000    3.767    8.091    0    0  (Gen:  0)
  1037928      9280  88245640  0.000  0.000    3.768    8.091    0    0  (Gen:  0)
  1039512      6576  88246872  0.000  0.000    3.768    8.091    0    0  (Gen:  0)
  1037784      4560  88246416  0.000  0.000    3.769    8.092    0    0  (Gen:  0)
  1036936     52784  88295032  0.000  0.000    3.770    8.092    0    0  (Gen:  0)
  1033208    116096  88358768  0.001  0.000    3.771    8.093    0    0  (Gen:  0)
  1278952     89352  88410136  0.001  0.000    3.773    8.095    0    0  (Gen:  0)
  1303088     41080  88426376  0.000  0.000    3.774    8.096    0    0  (Gen:  0)
  1457816     45560  88448456  0.000  0.000    3.776    8.097    0    0  (Gen:  0)
  2857312    104872  88527280  0.001  0.000    3.779    8.099    0    0  (Gen:  0)
  2481424     59200  88937352  0.000  0.000    3.781    8.102    0    0  (Gen:  0)
  2226928     79104  89103536  0.000  0.000    3.784    8.104    0    0  (Gen:  0)
  1861384     78160  89203888  0.000  0.000    3.786    8.106    0    0  (Gen:  0)
  1037256     85552  89252192  0.001  0.000    3.787    8.107    0    0  (Gen:  0)
  1132528    146864  89435944  0.001  0.000    3.789    8.108    0    0  (Gen:  0)
  1068712    169288  89545168  0.001  0.000    3.790    8.108    0    0  (Gen:  0)
  1137448    158384  89719304  0.001  0.000    3.792    8.109    0    0  (Gen:  0)
  1035592    164928  89801776  0.001  0.000    3.794    8.110    0    0  (Gen:  0)
  1068688    151992  89899688  0.001  0.000    3.796    8.111    0    0  (Gen:  0)
  1034720    125944  89956152  0.001  0.000    3.797    8.112    0    0  (Gen:  0)
  1075280     75896  90001160  0.000  0.000    3.798    8.113    0    0  (Gen:  0)
  1041232     24824  90011888  0.000  0.000    3.799    8.113    0    0  (Gen:  0)
  1039088     16872  90013432  0.000  0.000    3.800    8.114    0    0  (Gen:  0)
  1136256     40072  90080568  0.000  0.000    3.802    8.115    0    0  (Gen:  0)
  1090120     50056  90107672  0.000  0.000    3.803    8.116    0    0  (Gen:  0)
  1037352     97768  90162016  0.001  0.000    3.804    8.117    0    0  (Gen:  0)
  1035144    143664  90229368  0.001  0.000    3.806    8.118    0    0  (Gen:  0)
  1035296    145176  90298336  0.001  0.000    3.807    8.119    0    0  (Gen:  0)
  1869312    126288  90381264  0.001  0.000    3.809    8.120    0    0  (Gen:  0)
  2509152     78064  90438896  0.000  0.000    3.812    8.123    0    0  (Gen:  0)
  1037280     67200  90457584  0.000  0.000    3.813    8.123    0    0  (Gen:  0)
  1033984    111496  90534208  0.001  0.000    3.814    8.124    0    0  (Gen:  0)
  1031344    149184  90601576  0.001  0.000    3.816    8.125    0    0  (Gen:  0)
  1033000    144984  90675336  0.001  0.000    3.818    8.126    0    0  (Gen:  0)
  1033232    137920  90739288  0.001  0.000    3.819    8.126    0    0  (Gen:  0)
  1031752    138888  90808944  0.001  0.000    3.820    8.127    0    0  (Gen:  0)
  1035456    145520  90880216  0.001  0.000    3.822    8.128    0    0  (Gen:  0)
  1033192    151888  90951864  0.001  0.000    3.824    8.129    0    0  (Gen:  0)
  1033968    135904  91011296  0.001  0.000    3.825    8.129    0    0  (Gen:  0)
  1034296    138000  91085808  0.001  0.000    3.827    8.130    0    0  (Gen:  0)
  1745152    133800  91171504  0.001  0.000    3.829    8.132    0    0  (Gen:  0)
  1039976     51464  91164392  0.000  0.000    3.830    8.132    0    0  (Gen:  0)
  1568536     40720  91232032  0.000  0.000    3.832    8.134    0    0  (Gen:  0)
  1072192     62392  91254808  0.000  0.000    3.833    8.135    0    0  (Gen:  0)
  1138304     60712  91269864  0.000  0.000    3.834    8.136    0    0  (Gen:  0)
  3145448     69888  91319744  0.000  0.000    3.837    8.139    0    0  (Gen:  0)
  1481840     69056  91342168  0.000  0.000    3.839    8.141    0    0  (Gen:  0)
  1036152     98192  91407584  0.001  0.000    3.840    8.141    0    0  (Gen:  0)
  1032560    152352  91481040  0.001  0.000    3.842    8.142    0    0  (Gen:  0)
  2572296    128480  91564192  0.001  0.000    3.845    8.145    0    0  (Gen:  0)
  1129040     46248  91572808  0.000  0.000    3.846    8.146    0    0  (Gen:  0)
  1037112     67344  91616112  0.001  0.000    3.848    8.146    0    0  (Gen:  0)
  1035040    134072  91694096  0.001  0.000    3.849    8.147    0    0  (Gen:  0)
  1071608    114072  91757016  0.001  0.000    3.851    8.148    0    0  (Gen:  0)
  1071624     46608  91767992  0.000  0.000    3.852    8.149    0    0  (Gen:  0)
  3235696     57088  91938960  0.000  0.000    3.855    8.152    0    0  (Gen:  0)
  1038432     52264  91932720  0.000  0.000    3.856    8.153    0    0  (Gen:  0)
  1098016     66912  92061328  0.001  0.000    3.857    8.154    0    0  (Gen:  0)
  1034272    132032  92129576  0.001  0.000    3.859    8.154    0    0  (Gen:  0)
  1135944    143984  92299216  0.001  0.000    3.861    8.155    0    0  (Gen:  0)
  1034952    145016  92368840  0.001  0.000    3.862    8.156    0    0  (Gen:  0)
  1034008    144464  92437752  0.001  0.000    3.864    8.157    0    0  (Gen:  0)
  1035464    144224  92506040  0.001  0.000    3.866    8.158    0    0  (Gen:  0)
  1035280    149872  92580280  0.001  0.000    3.867    8.159    0    0  (Gen:  0)
  1067792    149552  92682408  0.001  0.000    3.869    8.159    0    0  (Gen:  0)
  1034232    142272  92748232  0.001  0.000    3.870    8.160    0    0  (Gen:  0)
  1032936    151384  92827128  0.001  0.000    3.872    8.161    0    0  (Gen:  0)
  1034688    157704  92901240  0.001  0.000    3.874    8.162    0    0  (Gen:  0)
  1035496    152864  92971112  0.001  0.000    3.875    8.163    0    0  (Gen:  0)
  1905648    140176  93069600  0.001  0.000    3.878    8.164    0    0  (Gen:  0)
  1040896     70248  93071368  0.001  0.000    3.879    8.165    0    0  (Gen:  0)
  1040800     18656  93074376  0.000  0.000    3.880    8.166    0    0  (Gen:  0)
  1040848     13640  93077808  0.000  0.000    3.880    8.166    0    0  (Gen:  0)
  1623272     33464  93131840  0.000  0.000    3.882    8.167    0    0  (Gen:  0)
  1485768     48928  93153264  0.000  0.000    3.883    8.169    0    0  (Gen:  0)
  1517248     44816  93172792  0.000  0.000    3.885    8.170    0    0  (Gen:  0)
  1101344     36896  93181432  0.000  0.000    3.886    8.171    0    0  (Gen:  0)
  2714960     91992  93271232  0.000  0.000    3.889    8.174    0    0  (Gen:  0)
  1035896    116480  93328216  0.001  0.000    3.890    8.175    0    0  (Gen:  0)
  1033216    150056  93408912  0.001  0.000    3.892    8.175    0    0  (Gen:  0)
  1032192    156984  93480504  0.001  0.000    3.894    8.176    0    0  (Gen:  0)
  1034808    139032  93542904  0.001  0.000    3.895    8.177    0    0  (Gen:  0)
  1073768    104392  93611192  0.000  0.000    3.897    8.178    0    0  (Gen:  0)
  1041320     41400  93612088  0.000  0.000    3.898    8.179    0    0  (Gen:  0)
  2393368     35152  93686128  0.000  0.000    3.900    8.181    0    0  (Gen:  0)
  1036080     86744  93735976  0.001  0.000    3.902    8.182    0    0  (Gen:  0)
  1034080    123152  93800528  0.001  0.000    3.903    8.183    0    0  (Gen:  0)
  1801984    114712  93879184  0.001  0.000    3.905    8.184    0    0  (Gen:  0)
  1041424     58432  93885944  0.000  0.000    3.906    8.185    0    0  (Gen:  0)
  2570696     42888  93989832  0.000  0.000    3.909    8.188    0    0  (Gen:  0)
  1571024     45328  94376088  0.000  0.000    3.910    8.219    0    0  (Gen:  0)
  1040288      9768  94343256  0.000  0.000    3.911    8.219    0    0  (Gen:  0)
  1038296      8120  94347256  0.000  0.000    3.911    8.220    0    0  (Gen:  0)
  1038272      5936  94351432  0.000  0.000    3.912    8.220    0    0  (Gen:  0)
  1071064     24840  94404776  0.000  0.000    3.912    8.221    0    0  (Gen:  0)
  1033664     89984  94474520  0.000  0.000    3.914    8.221    0    0  (Gen:  0)
  1069208    132432  94569672  0.001  0.000    3.915    8.222    0    0  (Gen:  0)
  1034584    138568  94641008  0.001  0.000    3.917    8.223    0    0  (Gen:  0)
  1067280    143408  94739848  0.001  0.000    3.919    8.224    0    0  (Gen:  0)
  1041352     87136  94756816  0.001  0.000    3.920    8.225    0    0  (Gen:  0)
  1040560     17880  94754528  0.000  0.000    3.921    8.226    0    0  (Gen:  0)
  2069224     52120  94845192  0.000  0.000    3.924    8.229    0    0  (Gen:  0)
  1964248     42984  95284272  0.000  0.000    3.926    8.260    0    0  (Gen:  0)
  1040800     12728  95242432  0.000  0.000    3.926    8.261    0    0  (Gen:  0)
  1038568      7456  95245712  0.000  0.000    3.927    8.261    0    0  (Gen:  0)
  1039584      7712  95252360  0.000  0.000    3.927    8.262    0    0  (Gen:  0)
  1038304      5976  95252680  0.000  0.000    3.928    8.262    0    0  (Gen:  0)
  1037096     30784  95279280  0.000  0.000    3.929    8.263    0    0  (Gen:  0)
  1035984     99984  95348832  0.001  0.000    3.930    8.263    0    0  (Gen:  0)
  1032872    153840  95428216  0.001  0.000    3.931    8.264    0    0  (Gen:  0)
  1035464    164752  95507392  0.001  0.000    3.933    8.265    0    0  (Gen:  0)
  1031504    166560  95590496  0.001  0.000    3.935    8.266    0    0  (Gen:  0)
  1038480    113800  95615072  0.000  0.000    3.936    8.267    0    0  (Gen:  0)
  1037704     80480  95666504  0.000  0.000    3.937    8.267    0    0  (Gen:  0)
  1034872    114784  95725256  0.001  0.000    3.939    8.268    0    0  (Gen:  0)
  1035584    134320  95799264  0.001  0.000    3.940    8.269    0    0  (Gen:  0)
  1497616     99608  95857432  0.001  0.000    3.942    8.270    0    0  (Gen:  0)
  2312288     55696  96112016  0.000  0.000    3.944    8.272    0    0  (Gen:  0)
  2266040     58392  96205752  0.000  0.000    3.946    8.274    0    0  (Gen:  0)
  2860032     70328  96241064  0.000  0.000    3.949    8.276    0    0  (Gen:  0)
  1487008     94336  96291912  0.000  0.000    3.950    8.277    0    0  (Gen:  0)
  1173240     39152  96315152  0.000  0.000    3.952    8.278    0    0  (Gen:  0)
  2491200     50912  96351464  0.000  0.000    3.954    8.280    0    0  (Gen:  0)
  2816352     62720  96425176  0.000  0.000    3.956    8.283    0    0  (Gen:  0)
  2649032     68760  96462512  0.000  0.000    3.959    8.285    0    0  (Gen:  0)
  1140384     39496  96477352  0.000  0.000    3.960    8.286    0    0  (Gen:  0)
  2461976     52784  96588744  0.000  0.000    3.963    8.289    0    0  (Gen:  0)
  1197112     40880  96609280  0.000  0.000    3.964    8.320    0    0  (Gen:  0)
  1040448      8232  96575208  0.000  0.000    3.965    8.320    0    0  (Gen:  0)
  1037592      9424  96581912  0.000  0.000    3.965    8.321    0    0  (Gen:  0)
  1039728      5784  96582240  0.000  0.000    3.966    8.321    0    0  (Gen:  0)
  1038304      4952  96583088  0.000  0.000    3.966    8.322    0    0  (Gen:  0)
  1036736     48408  96626896  0.000  0.000    3.967    8.322    0    0  (Gen:  0)
  1035224    119720  96698608  0.001  0.000    3.969    8.323    0    0  (Gen:  0)
  1033808    144280  96765784  0.001  0.000    3.970    8.324    0    0  (Gen:  0)
  1035256    134320  96828376  0.001  0.000    3.972    8.325    0    0  (Gen:  0)
  1033824    146648  96901320  0.001  0.000    3.973    8.326    0    0  (Gen:  0)
  1033480    140440  96963280  0.001  0.000    3.975    8.326    0    0  (Gen:  0)
  1073912     86744  97018992  0.000  0.000    3.976    8.328    0    0  (Gen:  0)
  1076376     51992  97076904  0.000  0.000    3.978    8.328    0    0  (Gen:  0)
  1038696     26680  97070904  0.000  0.000    3.978    8.329    0    0  (Gen:  0)
  1407440     33496  97131552  0.000  0.000    3.980    8.331    0    0  (Gen:  0)
  1112792     46640  97184416  0.000  0.000    3.981    8.332    0    0  (Gen:  0)
  1034544     79040  97225728  0.000  0.000    3.982    8.332    0    0  (Gen:  0)
  1034856    117464  97287288  0.001  0.000    3.984    8.333    0    0  (Gen:  0)
  1033816    119880  97345408  0.001  0.000    3.985    8.334    0    0  (Gen:  0)
  1038568     93200  97373800  0.000  0.000    3.986    8.335    0    0  (Gen:  0)
  1037376     64416  97404464  0.000  0.000    3.988    8.335    0    0  (Gen:  0)
  1038464     62784  97431920  0.000  0.000    3.989    8.336    0    0  (Gen:  0)
  1035784     84656  97484160  0.000  0.000    3.990    8.337    0    0  (Gen:  0)
  1034688    114256  97539960  0.001  0.000    3.991    8.337    0    0  (Gen:  0)
  1034624    124720  97603544  0.001  0.000    3.993    8.338    0    0  (Gen:  0)
  1034848    123312  97656648  0.001  0.000    3.994    8.339    0    0  (Gen:  0)
  1038840     99792  97699032  0.001  0.000    3.996    8.340    0    0  (Gen:  0)
  1035848    107712  97759464  0.001  0.000    3.997    8.340    0    0  (Gen:  0)
  1036072    125792  97820488  0.001  0.000    3.998    8.341    0    0  (Gen:  0)
  1034104    129024  97879904  0.001  0.000    4.000    8.342    0    0  (Gen:  0)
  1032720    129272  97945312  0.001  0.000    4.001    8.342    0    0  (Gen:  0)
  1033848    123072  97998944  0.001  0.000    4.003    8.343    0    0  (Gen:  0)
  1035456    105408  98044504  0.001  0.000    4.004    8.344    0    0  (Gen:  0)
  1033896    117576  98111808  0.001  0.000    4.005    8.345    0    0  (Gen:  0)
  1035520    131072  98170328  0.001  0.000    4.007    8.345    0    0  (Gen:  0)
  1037896     95984  98203192  0.001  0.000    4.008    8.346    0    0  (Gen:  0)
  1039920     60072  98225600  0.000  0.000    4.009    8.347    0    0  (Gen:  0)
  1073328     52512  98283544  0.000  0.000    4.011    8.348    0    0  (Gen:  0)
  1069968     71416  98324976  0.000  0.000    4.012    8.349    0    0  (Gen:  0)
  2847840     80872  98391856  0.000  0.000    4.015    8.352    0    0  (Gen:  0)
  1035256     89920  98434544  0.001  0.000    4.017    8.352    0    0  (Gen:  0)
  1031288    117360  98494752  0.001  0.000    4.018    8.353    0    0  (Gen:  0)
  1032464    130072  98559416  0.001  0.000    4.019    8.354    0    0  (Gen:  0)
  1031288    137504  98628160  0.001  0.000    4.020    8.354    0    0  (Gen:  0)
  1030728    141320  98696600  0.001  0.000    4.021    8.355    0    0  (Gen:  0)
  1030120    142560  98766632  0.001  0.000    4.022    8.355    0    0  (Gen:  0)
  1031696    143648  98836168  0.001  0.000    4.024    8.356    0    0  (Gen:  0)
  1030704    143960  98906104  0.001  0.000    4.025    8.356    0    0  (Gen:  0)
  1030344    144200  98976072  0.001  0.000    4.026    8.357    0    0  (Gen:  0)
  1031568    140560  99042104  0.001  0.000    4.027    8.358    0    0  (Gen:  0)
  1031136    139896  99111968  0.000  0.000    4.028    8.358    0    0  (Gen:  0)
  1029176    145112  99187160  0.001  0.000    4.030    8.359    0    0  (Gen:  0)
  1035216    142408  99254024  0.001  0.000    4.032    8.360    0    0  (Gen:  0)
  1066240     92256  99273680  0.000  0.000    4.033    8.361    0    0  (Gen:  0)
  2295336     52336  99334264  0.000  0.000    4.035    8.363    0    0  (Gen:  0)
  1139384     52376  99354016  0.000  0.000    4.037    8.364    0    0  (Gen:  0)
  2316320     52424  99388120  0.000  0.000    4.039    8.366    0    0  (Gen:  0)
  1170880     55704  99405992  0.000  0.000    4.040    8.367    0    0  (Gen:  0)
  1658040     44336  99432720  0.000  0.000    4.041    8.368    0    0  (Gen:  0)
  1136352     34664  99447656  0.000  0.000    4.043    8.369    0    0  (Gen:  0)
  1106920     50616  99479456  0.000  0.000    4.044    8.370    0    0  (Gen:  0)
  2878800     88552  99550648  0.000  0.000    4.046    8.373    0    0  (Gen:  0)
  2280896     72304  99589832  0.000  0.000    4.048    8.374    0    0  (Gen:  0)
  3867376    100496  99905160  0.000  0.000    4.052    8.378    0    0  (Gen:  0)
  1129880     65688 100015872  0.000  0.000    4.053    8.379    0    0  (Gen:  0)
  1655672    105816 100208480  0.001  0.000    4.055    8.380    0    0  (Gen:  0)
  1034512    178632 100288352  0.001  0.000    4.056    8.381    0    0  (Gen:  0)
  2040168    143552 100478712  0.001  0.000    4.059    8.382    0    0  (Gen:  0)
  1180880     75056 100589496  0.000  0.000    4.060    8.383    0    0  (Gen:  0)
  1040576     18488 100585272  0.000  0.000    4.061    8.384    0    0  (Gen:  0)
  2690656     38208 100831888  0.000  0.000    4.064    8.387    0    0  (Gen:  0)
  1112864     80680 100937784  0.000  0.000    4.065    8.387    0    0  (Gen:  0)
  1035960    119128 101002824  0.001  0.000    4.067    8.388    0    0  (Gen:  0)
  1034760    139160 101071584  0.001  0.000    4.068    8.389    0    0  (Gen:  0)
  1036208    143216 101143720  0.001  0.000    4.070    8.390    0    0  (Gen:  0)
  1034024    141832 101212160  0.001  0.000    4.071    8.391    0    0  (Gen:  0)
  1034280    131176 101269312  0.001  0.000    4.073    8.391    0    0  (Gen:  0)
  1072808     78872 101317304  0.000  0.000    4.074    8.392    0    0  (Gen:  0)
  1040408     40344 101338896  0.000  0.000    4.075    8.393    0    0  (Gen:  0)
  2542600     64280 101420744  0.001  0.000    4.078    8.396    0    0  (Gen:  0)
  1035808    103136 101466144  0.001  0.000    4.079    8.397    0    0  (Gen:  0)
  2178032     91776 101529464  0.000  0.000    4.082    8.399    0    0  (Gen:  0)
  1268816     70080 101578080  0.000  0.000    4.083    8.400    0    0  (Gen:  0)
  1071368     91056 101613272  0.001  0.000    4.085    8.401    0    0  (Gen:  0)
  1037784     54584 101609864  0.000  0.000    4.086    8.402    0    0  (Gen:  0)
  1438184     35328 101673640  0.000  0.000    4.087    8.403    0    0  (Gen:  0)
  1529560     42720 101777840  0.000  0.000    4.090    8.436    0    0  (Gen:  0)
  1041336     16984 101727512  0.000  0.000    4.090    8.437    0    0  (Gen:  0)
  1038568      4632 101727984  0.000  0.000    4.091    8.437    0    0  (Gen:  0)
  1039880      9960 101733736  0.000  0.000    4.091    8.438    0    0  (Gen:  0)
  1037416      8840 101741280  0.000  0.000    4.092    8.438    0    0  (Gen:  0)
  1039336      4464 101738504  0.000  0.000    4.092    8.438    0    0  (Gen:  0)
  1033984     58744 101793128  0.000  0.000    4.093    8.439    0    0  (Gen:  0)
  1068640    123096 101894544  0.001  0.000    4.095    8.440    0    0  (Gen:  0)
  1040680     83504 101907576  0.001  0.000    4.096    8.441    0    0  (Gen:  0)
  1532280     29792 101954224  0.000  0.000    4.098    8.442    0    0  (Gen:  0)
  1156504     36920 101966896  0.000  0.000    4.099    8.443    0    0  (Gen:  0)
  1432520     41720 101992592  0.000  0.000    4.101    8.445    0    0  (Gen:  0)
  1347792     33704 102005848  0.000  0.000    4.102    8.446    0    0  (Gen:  0)
  1843864     41912 102034576  0.000  0.000    4.104    8.448    0    0  (Gen:  0)
  1462360     92272 102102192  0.001  0.000    4.106    8.449    0    0  (Gen:  0)
  1700456    103840 102127448  0.001  0.000    4.108    8.451    0    0  (Gen:  0)
  1868656     67976 102221480  0.000  0.000    4.110    8.452    0    0  (Gen:  0)
  1086240     67776 102265984  0.000  0.000    4.111    8.453    0    0  (Gen:  0)
  1038528     98464 102307032  0.001  0.000    4.113    8.454    0    0  (Gen:  0)
  1035128     87856 102340136  0.001  0.000    4.114    8.455    0    0  (Gen:  0)
  1143000     65920 102399008  0.001  0.000    4.115    8.456    0    0  (Gen:  0)
  2417976     64408 102478504  0.000  0.000    4.118    8.459    0    0  (Gen:  0)
  2086256     48952 103357784  0.000  0.000    4.120    8.490    0    0  (Gen:  0)
  1040416     15576 103323632  0.000  0.000    4.121    8.491    0    0  (Gen:  0)
  1038288      9056 103325920  0.000  0.000    4.121    8.491    0    0  (Gen:  0)
  1037256      8968 103333384  0.000  0.000    4.122    8.492    0    0  (Gen:  0)
  1038728      5392 103331560  0.000  0.000    4.122    8.492    0    0  (Gen:  0)
  1035552     49080 103375616  0.000  0.000    4.123    8.493    0    0  (Gen:  0)
  1776896    102920 103462848  0.000  0.000    4.125    8.494    0    0  (Gen:  0)
  1210624     73688 103516912  0.000  0.000    4.127    8.496    0    0  (Gen:  0)
  1932520     50968 103543920  0.000  0.000    4.129    8.497    0    0  (Gen:  0)
  1104616     46496 103555144  0.000  0.000    4.130    8.498    0    0  (Gen:  0)
  2249672     57632 103632080  0.000  0.000    4.132    8.501    0    0  (Gen:  0)
  1524576     73368 103686456  0.000  0.000    4.134    8.502    0    0  (Gen:  0)
  1035808     94040 103729784  0.000  0.000    4.135    8.503    0    0  (Gen:  0)
  1071632    109624 103816008  0.001  0.000    4.136    8.503    0    0  (Gen:  0)
  1036432    112168 103869432  0.001  0.000    4.137    8.504    0    0  (Gen:  0)
  1038208    101664 103913032  0.001  0.000    4.139    8.505    0    0  (Gen:  0)
  1038592    110952 103969656  0.001  0.000    4.140    8.505    0    0  (Gen:  0)
  1035800    110072 104017752  0.001  0.000    4.141    8.506    0    0  (Gen:  0)
  1038696     94704 104059768  0.001  0.000    4.143    8.507    0    0  (Gen:  0)
  1036360    104224 104113968  0.001  0.000    4.144    8.508    0    0  (Gen:  0)
  1036784    106848 104158024  0.001  0.000    4.146    8.509    0    0  (Gen:  0)
  1036944    107248 104211320  0.001  0.000    4.147    8.509    0    0  (Gen:  0)
  1037552    110680 104263856  0.001  0.000    4.149    8.510    0    0  (Gen:  0)
  1036536    114744 104318616  0.001  0.000    4.150    8.511    0    0  (Gen:  0)
  1034816    111704 104367584  0.001  0.000    4.152    8.512    0    0  (Gen:  0)
  1070760    102624 104445456  0.000  0.000    4.153    8.513    0    0  (Gen:  0)
  1040512     54304 104445920  0.000  0.000    4.154    8.514    0    0  (Gen:  0)
  1041360     13680 104447944  0.000  0.000    4.155    8.514    0    0  (Gen:  0)
  1041736     12256 104450248  0.000  0.000    4.156    8.515    0    0  (Gen:  0)
  1041016     11864 104451208  0.000  0.000    4.157    8.516    0    0  (Gen:  0)
  1041536     14936 104455752  0.000  0.000    4.158    8.516    0    0  (Gen:  0)
  1041120     10640 104452800  0.000  0.000    4.158    8.517    0    0  (Gen:  0)
  1041280     14224 104457768  0.000  0.000    4.159    8.517    0    0  (Gen:  0)
  1939984     32544 104514328  0.000  0.000    4.161    8.520    0    0  (Gen:  0)
  1446680     83192 104579264  0.001  0.000    4.163    8.521    0    0  (Gen:  0)
  1074336     88144 104594880  0.000  0.000    4.164    8.522    0    0  (Gen:  0)
  2769272     82384 104647824  0.000  0.000    4.167    8.524    0    0  (Gen:  0)
  1037200    120480 104693728  0.001  0.000    4.168    8.525    0    0  (Gen:  0)
  1035760    102064 104736960  0.001  0.000    4.170    8.526    0    0  (Gen:  0)
  1074344     80688 104801048  0.000  0.000    4.171    8.527    0    0  (Gen:  0)
  1915296     54280 104790888  0.000  0.000    4.173    8.529    0    0  (Gen:  0)
  1084256     88800 104889040  0.001  0.000    4.175    8.530    0    0  (Gen:  0)
  1074952     80016 104931424  0.000  0.000    4.176    8.531    0    0  (Gen:  0)
  1566440     54400 104963992  0.000  0.000    4.178    8.533    0    0  (Gen:  0)
  1554792     77112 105005216  0.000  0.000    4.179    8.534    0    0  (Gen:  0)
  1042368     67728 105013456  0.000  0.000    4.180    8.535    0    0  (Gen:  0)
  3170176    161296 105657456  0.001  0.000    4.184    8.554    0    0  (Gen:  0)
  1307720     45152 105487840  0.000  0.000    4.185    8.569    0    0  (Gen:  0)
  1039520      7392 105479784  0.000  0.000    4.186    8.570    0    0  (Gen:  0)
  1035808     11128 105490896  0.000  0.000    4.186    8.570    0    0  (Gen:  0)
  1038880      6128 105488240  0.000  0.000    4.187    8.570    0    0  (Gen:  0)
  2081048     37000 105553680  0.000  0.000    4.188    8.572    0    0  (Gen:  0)
  1486040     52256 105571768  0.000  0.000    4.190    8.573    0    0  (Gen:  0)
  1137400     42160 105584016  0.000  0.000    4.191    8.574    0    0  (Gen:  0)
  1985312     43704 105607288  0.000  0.000    4.193    8.576    0    0  (Gen:  0)
  2989064    114296 105709016  0.001  0.000    4.196    8.579    0    0  (Gen:  0)
  2530136    116104 105726840  0.001  0.000    4.199    8.582    0    0  (Gen:  0)
  1085464     69712 105760848  0.000  0.000    4.200    8.583    0    0  (Gen:  0)
  1037904     92480 105774936  0.001  0.000    4.202    8.584    0    0  (Gen:  0)
  1167520     87464 105827184  0.001  0.000    4.203    8.585    0    0  (Gen:  0)
  1106808     35832 105839216  0.000  0.000    4.205    8.586    0    0  (Gen:  0)
  1087400     43824 105875960  0.000  0.000    4.206    8.587    0    0  (Gen:  0)
  1034024    115784 105946960  0.001  0.000    4.208    8.588    0    0  (Gen:  0)
  1034080    164864 106031472  0.001  0.000    4.209    8.589    0    0  (Gen:  0)
  1035016    168368 106115288  0.001  0.000    4.211    8.590    0    0  (Gen:  0)
  1931888    142456 106199896  0.001  0.000    4.213    8.591    0    0  (Gen:  0)
  1040904     77752 106216752  0.000  0.000    4.214    8.592    0    0  (Gen:  0)
  2842672     77040 106319480  0.001  0.000    4.217    8.594    0    0  (Gen:  0)
  1075392     72936 106324304  0.000  0.000    4.218    8.595    0    0  (Gen:  0)
  1166912     48600 106344496  0.000  0.000    4.220    8.597    0    0  (Gen:  0)
  1347872     42664 106368088  0.000  0.000    4.221    8.598    0    0  (Gen:  0)
  1175968     58952 106535256  0.000  0.000    4.223    8.599    0    0  (Gen:  0)
  1103824     97248 106653128  0.001  0.000    4.224    8.599    0    0  (Gen:  0)
  1034856    119072 106715568  0.001  0.000    4.225    8.600    0    0  (Gen:  0)
  1063112    138160 106809688  0.001  0.000    4.226    8.601    0    0  (Gen:  0)
  1139440    102672 106943672  0.000  0.000    4.228    8.602    0    0  (Gen:  0)
  1593728     80176 106976248  0.000  0.000    4.230    8.603    0    0  (Gen:  0)
  1323448     87768 107022008  0.000  0.000    4.232    8.605    0    0  (Gen:  0)
  1103776     31200 107026944  0.000  0.000    4.233    8.606    0    0  (Gen:  0)
  1038120     51112 107054280  0.000  0.000    4.234    8.607    0    0  (Gen:  0)
  1034800     92408 107106568  0.001  0.000    4.235    8.608    0    0  (Gen:  0)
  1035248    113360 107162848  0.001  0.000    4.236    8.608    0    0  (Gen:  0)
  1036216    121624 107224112  0.001  0.000    4.238    8.609    0    0  (Gen:  0)
  1038088     84008 107242288  0.001  0.000    4.239    8.610    0    0  (Gen:  0)
  1035672     84608 107302088  0.001  0.000    4.240    8.610    0    0  (Gen:  0)
  1035736    133536 107370936  0.001  0.000    4.242    8.611    0    0  (Gen:  0)
  1035664    132864 107430048  0.001  0.000    4.243    8.612    0    0  (Gen:  0)
  1037288    120040 107486128  0.001  0.000    4.245    8.613    0    0  (Gen:  0)
  1036864    112160 107535360  0.001  0.000    4.246    8.613    0    0  (Gen:  0)
  1073328     80160 107594360  0.000  0.000    4.247    8.614    0    0  (Gen:  0)
  1040288     66856 107626656  0.000  0.000    4.249    8.615    0    0  (Gen:  0)
  1041368     56480 107637888  0.000  0.000    4.250    8.616    0    0  (Gen:  0)
  1070336     23576 107682368  0.000  0.000    4.250    8.616    0    0  (Gen:  0)
  3044240     63200 107768920  0.000  0.000    4.254    8.620    0    0  (Gen:  0)
  1364320     56320 107953880  0.000  0.000    4.256    8.653    0    0  (Gen:  0)
  1039608     10128 107958216  0.000  0.000    4.256    8.654    0    0  (Gen:  0)
  1038560      8952 107963112  0.000  0.000    4.257    8.654    0    0  (Gen:  0)
  1039584      8488 107969880  0.000  0.000    4.257    8.655    0    0  (Gen:  0)
  1039080      4608 107969232  0.000  0.000    4.258    8.655    0    0  (Gen:  0)
  1069792     46784 108044456  0.000  0.000    4.259    8.656    0    0  (Gen:  0)
  1041160     52688 108052096  0.000  0.000    4.260    8.657    0    0  (Gen:  0)
  1791704     41352 108081672  0.000  0.000    4.262    8.659    0    0  (Gen:  0)
  3111296     69608 108148376  0.000  0.000    4.264    8.661    0    0  (Gen:  0)
  1836248     87584 108163224  0.000  0.000    4.266    8.663    0    0  (Gen:  0)
  2070280     60440 108247320  0.000  0.000    4.269    8.665    0    0  (Gen:  0)
  1037752     86640 108286120  0.001  0.000    4.270    8.666    0    0  (Gen:  0)
  1033272    126280 108360720  0.001  0.000    4.271    8.666    0    0  (Gen:  0)
  1033848    158424 108436368  0.001  0.000    4.273    8.667    0    0  (Gen:  0)
  1034304    150664 108503816  0.001  0.000    4.275    8.668    0    0  (Gen:  0)
  3380912    142592 108620352  0.001  0.000    4.278    8.672    0    0  (Gen:  0)
  1076752     89792 108623704  0.001  0.000    4.280    8.672    0    0  (Gen:  0)
  1041552     17680 108620240  0.000  0.000    4.281    8.673    0    0  (Gen:  0)
  3771136     77112 109000032  0.001  0.000    4.284    8.676    0    0  (Gen:  0)
  1034088    132448 109049584  0.001  0.000    4.286    8.677    0    0  (Gen:  0)
  1103560    137080 109188888  0.001  0.000    4.287    8.678    0    0  (Gen:  0)
  1035944    144720 109259088  0.001  0.000    4.289    8.679    0    0  (Gen:  0)
  1034704    134008 109322048  0.001  0.000    4.290    8.679    0    0  (Gen:  0)
  1032920    132304 109387176  0.001  0.000    4.292    8.680    0    0  (Gen:  0)
  1035104    137744 109450144  0.001  0.000    4.293    8.681    0    0  (Gen:  0)
  1035904    110512 109493568  0.001  0.000    4.295    8.681    0    0  (Gen:  0)
  1070192    103464 109579408  0.001  0.000    4.296    8.682    0    0  (Gen:  0)
  1036032    111920 109630472  0.001  0.000    4.297    8.683    0    0  (Gen:  0)
  1034488    114288 109687136  0.001  0.000    4.299    8.683    0    0  (Gen:  0)
  1036144    112672 109736624  0.001  0.000    4.300    8.684    0    0  (Gen:  0)
  1035824    114456 109797032  0.001  0.000    4.301    8.685    0    0  (Gen:  0)
  1095056    118320 109880416  0.001  0.000    4.302    8.685    0    0  (Gen:  0)
  1031512    131576 109955992  0.001  0.000    4.304    8.686    0    0  (Gen:  0)
  1035544    143576 110018088  0.001  0.000    4.305    8.687    0    0  (Gen:  0)
  1033808    134472 110083568  0.001  0.000    4.307    8.688    0    0  (Gen:  0)
  1036216    123984 110136912  0.001  0.000    4.308    8.688    0    0  (Gen:  0)
  1036592    102728 110181592  0.001  0.000    4.310    8.689    0    0  (Gen:  0)
  1069720    105680 110270216  0.001  0.000    4.311    8.690    0    0  (Gen:  0)
  1072024     85120 110295512  0.000  0.000    4.312    8.691    0    0  (Gen:  0)
  1071408     73712 110336560  0.000  0.000    4.314    8.692    0    0  (Gen:  0)
  1041664     62656 110351208  0.000  0.000    4.315    8.692    0    0  (Gen:  0)
  1040744     17160 110348048  0.000  0.000    4.316    8.693    0    0  (Gen:  0)
  1075808      8064 110379888  0.000  0.000    4.316    8.694    0    0  (Gen:  0)
  1181912     33760 110439760  0.000  0.000    4.318    8.695    0    0  (Gen:  0)
  1139600     34712 110447368  0.000  0.000    4.319    8.696    0    0  (Gen:  0)
  1089448     50504 110524720  0.000  0.000    4.320    8.697    0    0  (Gen:  0)
  1034624    108720 110587824  0.001  0.000    4.322    8.698    0    0  (Gen:  0)
  1806848    118728 110662888  0.001  0.000    4.324    8.699    0    0  (Gen:  0)
  2045728     68400 110696976  0.000  0.000    4.326    8.702    0    0  (Gen:  0)
  1038448     44032 110708736  0.000  0.000    4.327    8.702    0    0  (Gen:  0)
  1033232     93248 110779976  0.001  0.000    4.329    8.703    0    0  (Gen:  0)
  1073104    102656 110840128  0.000  0.000    4.330    8.704    0    0  (Gen:  0)
  1130728     39544 110912784  0.000  0.000    4.331    8.705    0    0  (Gen:  0)
  3020056     61152 110991288  0.000  0.000    4.334    8.707    0    0  (Gen:  0)
  1525920     63888 111010368  0.000  0.000    4.335    8.709    0    0  (Gen:  0)
  2618576     64840 111055008  0.000  0.000    4.338    8.711    0    0  (Gen:  0)
  1096680     46632 111066592  0.000  0.000    4.339    8.713    0    0  (Gen:  0)
  1038272     54672 111097336  0.000  0.000    4.340    8.713    0    0  (Gen:  0)
  1034400    100688 111154256  0.001  0.000    4.341    8.714    0    0  (Gen:  0)
  1034616    126760 111223896  0.001  0.000    4.343    8.715    0    0  (Gen:  0)
  1035176    132712 111285056  0.001  0.000    4.344    8.715    0    0  (Gen:  0)
  1034448    140920 111360024  0.001  0.000    4.346    8.716    0    0  (Gen:  0)
  1070792    119520 111432304  0.001  0.000    4.348    8.717    0    0  (Gen:  0)
  1041152     61280 111444456  0.000  0.000    4.349    8.718    0    0  (Gen:  0)
  1042216     37656 111463184  0.000  0.000    4.350    8.719    0    0  (Gen:  0)
  1143168     34800 111563200  0.000  0.000    4.351    8.719    0    0  (Gen:  0)
  2639760     36672 111638448  0.000  0.000    4.353    8.722    0    0  (Gen:  0)
  1036056     69344 111666088  0.001  0.000    4.355    8.723    0    0  (Gen:  0)
  1034136    103800 111727992  0.001  0.000    4.356    8.723    0    0  (Gen:  0)
  1071584    111536 111805408  0.001  0.000    4.358    8.724    0    0  (Gen:  0)
  1040472     73136 111828136  0.001  0.000    4.359    8.725    0    0  (Gen:  0)
  1040088     32616 111830448  0.000  0.000    4.360    8.726    0    0  (Gen:  0)
  1198000     38872 111899040  0.000  0.000    4.361    8.728    0    0  (Gen:  0)
  1087864     31952 111905032  0.000  0.000    4.362    8.729    0    0  (Gen:  0)
  1037152     82344 111961680  0.001  0.000    4.364    8.729    0    0  (Gen:  0)
  1033320    122280 112014096  0.001  0.000    4.365    8.730    0    0  (Gen:  0)
  1070384     83720 112071056  0.000  0.000    4.366    8.731    0    0  (Gen:  0)
  1806440     44496 112090008  0.000  0.000    4.368    8.733    0    0  (Gen:  0)
  2126568     65304 112133712  0.000  0.000    4.370    8.735    0    0  (Gen:  0)
  1752712     56816 112146968  0.000  0.000    4.373    8.737    0    0  (Gen:  0)
  1036608     58168 112185984  0.000  0.000    4.374    8.737    0    0  (Gen:  0)
  1035512    126056 112269296  0.001  0.000    4.375    8.738    0    0  (Gen:  0)
  1033888    166896 112348408  0.001  0.000    4.377    8.739    0    0  (Gen:  0)
  1034384    156944 112423984  0.001  0.000    4.379    8.740    0    0  (Gen:  0)
  1034496    149888 112496632  0.001  0.000    4.380    8.741    0    0  (Gen:  0)
  1073504    117888 112569256  0.001  0.000    4.382    8.742    0    0  (Gen:  0)
  1041496     55800 112579784  0.000  0.000    4.383    8.742    0    0  (Gen:  0)
  1038744     21232 112577096  0.000  0.000    4.384    8.743    0    0  (Gen:  0)
  1407080     35208 112639400  0.000  0.000    4.385    8.745    0    0  (Gen:  0)
  1085448     45144 112661776  0.000  0.000    4.387    8.746    0    0  (Gen:  0)
  1036448     92032 112717400  0.001  0.000    4.388    8.747    0    0  (Gen:  0)
  1032512    140176 112788760  0.001  0.000    4.390    8.747    0    0  (Gen:  0)
  1071840    137056 112881192  0.001  0.000    4.391    8.748    0    0  (Gen:  0)
  1041088     63056 112880440  0.000  0.000    4.392    8.749    0    0  (Gen:  0)
  1041288     25048 112892544  0.000  0.000    4.393    8.750    0    0  (Gen:  0)
  2124616     37248 112962104  0.000  0.000    4.395    8.752    0    0  (Gen:  0)
  1071528     71632 112992656  0.000  0.000    4.397    8.753    0    0  (Gen:  0)
  2160864     77360 113021360  0.001  0.000    4.399    8.755    0    0  (Gen:  0)
  1103584     54128 113061248  0.000  0.000    4.400    8.756    0    0  (Gen:  0)
  1034960     73648 113103008  0.001  0.000    4.401    8.757    0    0  (Gen:  0)
  1036736    102192 113154552  0.001  0.000    4.403    8.758    0    0  (Gen:  0)
  1068568    121296 113250984  0.001  0.000    4.404    8.758    0    0  (Gen:  0)
  1035552    132208 113314848  0.001  0.000    4.406    8.759    0    0  (Gen:  0)
  1140944    132536 113476008  0.001  0.000    4.407    8.760    0    0  (Gen:  0)
  1033184    124784 113537192  0.001  0.000    4.409    8.761    0    0  (Gen:  0)
  1488136    128712 113665760  0.001  0.000    4.411    8.761    0    0  (Gen:  0)
  1033760    134544 113732912  0.001  0.000    4.412    8.762    0    0  (Gen:  0)
  1106576    122576 113846072  0.001  0.000    4.413    8.763    0    0  (Gen:  0)
  1037208    109576 113902240  0.001  0.000    4.415    8.763    0    0  (Gen:  0)
  1068304    135920 114008768  0.001  0.000    4.416    8.764    0    0  (Gen:  0)
  3207736    153536 114120544  0.001  0.000    4.419    8.767    0    0  (Gen:  0)
  1071904    116808 114156560  0.000  0.000    4.421    8.768    0    0  (Gen:  0)
  1041360     49248 114158712  0.000  0.000    4.422    8.768    0    0  (Gen:  0)
  1041024     16232 114165104  0.000  0.000    4.423    8.769    0    0  (Gen:  0)
  1070184     23736 114174224  0.000  0.000    4.424    8.770    0    0  (Gen:  0)
  1209272     36336 114260120  0.000  0.000    4.425    8.772    0    0  (Gen:  0)
  1101056     41640 114303160  0.000  0.000    4.426    8.773    0    0  (Gen:  0)
  1033960     71632 114339752  0.001  0.000    4.428    8.773    0    0  (Gen:  0)
  1036128     83504 114377936  0.001  0.000    4.429    8.774    0    0  (Gen:  0)
  1035424    101784 114435952  0.001  0.000    4.430    8.775    0    0  (Gen:  0)
  1035336    127976 114500408  0.001  0.000    4.432    8.775    0    0  (Gen:  0)
  1069336    128032 114591616  0.001  0.000    4.433    8.776    0    0  (Gen:  0)
  1035096    126656 114655160  0.001  0.000    4.434    8.777    0    0  (Gen:  0)
  1035696    122408 114708536  0.001  0.000    4.436    8.778    0    0  (Gen:  0)
  1034152    125448 114775832  0.001  0.000    4.437    8.778    0    0  (Gen:  0)
  1033904    139760 114842352  0.001  0.000    4.439    8.779    0    0  (Gen:  0)
  1027240    135208 114904976  0.001  0.000    4.440    8.780    0    0  (Gen:  0)
  1073112     93752 114959680  0.000  0.000    4.442    8.781    0    0  (Gen:  0)
  1949016     82360 115015824  0.001  0.000    4.444    8.782    0    0  (Gen:  0)
  1040512     65736 115016024  0.000  0.000    4.445    8.783    0    0  (Gen:  0)
  1040848     14776 115017936  0.000  0.000    4.445    8.783    0    0  (Gen:  0)
  1037704     15992 115020624  0.000  0.000    4.446    8.784    0    0  (Gen:  0)
  1331976     41224 115083888  0.000  0.000    4.448    8.786    0    0  (Gen:  0)
  1376104     79776 115148096  0.000  0.000    4.450    8.787    0    0  (Gen:  0)
  1037224    122064 115200592  0.001  0.000    4.451    8.788    0    0  (Gen:  0)
  1932680    131104 115298168  0.001  0.000    4.453    8.789    0    0  (Gen:  0)
  2579880     94848 115333216  0.000  0.000    4.456    8.792    0    0  (Gen:  0)
  1032832     79320 115366928  0.001  0.000    4.458    8.793    0    0  (Gen:  0)
  1106552     66552 115445304  0.000  0.000    4.459    8.794    0    0  (Gen:  0)
  1189264     39952 115469656  0.000  0.000    4.460    8.795    0    0  (Gen:  0)
  1484072     61088 115517040  0.000  0.000    4.462    8.797    0    0  (Gen:  0)
  1070328     56056 115554808  0.000  0.000    4.463    8.798    0    0  (Gen:  0)
  1191864     39512 115614728  0.000  0.000    4.465    8.799    0    0  (Gen:  0)
  1083608     52424 115648832  0.000  0.000    4.466    8.800    0    0  (Gen:  0)
  1033352     84160 115687200  0.001  0.000    4.467    8.801    0    0  (Gen:  0)
  1449552     82768 115779328  0.001  0.000    4.469    8.802    0    0  (Gen:  0)
  1073384     32376 115780752  0.000  0.000    4.470    8.803    0    0  (Gen:  0)
  1037440     16064 115785760  0.000  0.000    4.471    8.803    0    0  (Gen:  0)
  1679920     35224 115855992  0.000  0.000    4.473    8.806    0    0  (Gen:  0)
  2194200     47320 116347528  0.000  0.000    4.475    8.838    0    0  (Gen:  0)
  1039920     15096 116303144  0.000  0.000    4.475    8.838    0    0  (Gen:  0)
  1039264     10832 116313840  0.000  0.000    4.476    8.839    0    0  (Gen:  0)
  1038912      6080 116311808  0.000  0.000    4.476    8.839    0    0  (Gen:  0)
  1038232     12416 116320160  0.000  0.000    4.477    8.840    0    0  (Gen:  0)
  1035944     85248 116393352  0.000  0.000    4.478    8.840    0    0  (Gen:  0)
  1071496    110200 116458728  0.000  0.000    4.480    8.841    0    0  (Gen:  0)
  2565448     53160 116491248  0.000  0.000    4.483    8.844    0    0  (Gen:  0)
  1037352     55848 116504048  0.000  0.000    4.484    8.845    0    0  (Gen:  0)
  1070248     82136 116592096  0.000  0.000    4.485    8.846    0    0  (Gen:  0)
  1030992    123136 116654936  0.001  0.000    4.486    8.846    0    0  (Gen:  0)
  1319656     79016 116698152  0.001  0.000    4.488    8.847    0    0  (Gen:  0)
  1041672     28352 116711688  0.000  0.000    4.488    8.848    0    0  (Gen:  0)
  1514632     47904 116776016  0.000  0.000    4.490    8.850    0    0  (Gen:  0)
  1086744     87352 116844464  0.001  0.000    4.492    8.851    0    0  (Gen:  0)
  1068120    145928 116948312  0.001  0.000    4.493    8.852    0    0  (Gen:  0)
  1036648    157432 117020728  0.001  0.000    4.495    8.853    0    0  (Gen:  0)
  1073152    113472 117087072  0.000  0.000    4.496    8.854    0    0  (Gen:  0)
  1041432     34968 117083000  0.000  0.000    4.498    8.854    0    0  (Gen:  0)
  2130160     41552 117185800  0.000  0.000    4.500    8.856    0    0  (Gen:  0)
  1540600     34120 117204808  0.000  0.000    4.501    8.858    0    0  (Gen:  0)
  1037400     44880 117225272  0.000  0.000    4.502    8.858    0    0  (Gen:  0)
  1033976     85112 117276792  0.001  0.000    4.503    8.859    0    0  (Gen:  0)
  1034984    100736 117321864  0.001  0.000    4.505    8.860    0    0  (Gen:  0)
  1035784    113744 117386080  0.001  0.000    4.506    8.861    0    0  (Gen:  0)
  1035656    145216 117461640  0.001  0.000    4.508    8.861    0    0  (Gen:  0)
  1433384    162056 117547744  0.001  0.000    4.510    8.862    0    0  (Gen:  0)
  1036352    148264 117609520  0.001  0.000    4.512    8.863    0    0  (Gen:  0)
  1033000    138240 117675384  0.001  0.000    4.514    8.864    0    0  (Gen:  0)
  1034384    129072 117733808  0.001  0.000    4.515    8.865    0    0  (Gen:  0)
  1036048    133520 117800736  0.001  0.000    4.517    8.866    0    0  (Gen:  0)
  1033944    141344 117869184  0.001  0.000    4.518    8.866    0    0  (Gen:  0)
  1175656    119168 118043720  0.001  0.000    4.520    8.868    0    0  (Gen:  0)
  1042480     56600 118053304  0.000  0.000    4.521    8.868    0    0  (Gen:  0)
  2984664     51592 118171968  0.000  0.000    4.524    8.871    0    0  (Gen:  0)
  1073304     80416 118242968  0.000  0.000    4.525    8.872    0    0  (Gen:  0)
  1036992     83360 118277536  0.000  0.000    4.526    8.872    0    0  (Gen:  0)
  1033632    114072 118348752  0.001  0.000    4.528    8.873    0    0  (Gen:  0)
  1034464    159632 118430488  0.001  0.000    4.529    8.874    0    0  (Gen:  0)
  1033152    165096 118509704  0.001  0.000    4.531    8.875    0    0  (Gen:  0)
  1034064    146336 118572392  0.001  0.000    4.532    8.875    0    0  (Gen:  0)
  1035496    129688 118634432  0.001  0.000    4.534    8.876    0    0  (Gen:  0)
  1070064     97336 118696960  0.000  0.000    4.535    8.877    0    0  (Gen:  0)
  2004448     68624 118695384  0.000  0.000    4.537    8.879    0    0  (Gen:  0)
  2633512     73592 118764608  0.000  0.000    4.539    8.881    0    0  (Gen:  0)
  2245584     71248 118800952  0.000  0.000    4.541    8.883    0    0  (Gen:  0)
  1171656     53080 118845704  0.000  0.000    4.543    8.884    0    0  (Gen:  0)
  1135296     35512 118867920  0.000  0.000    4.544    8.884    0    0  (Gen:  0)
  1137168     30328 118881600  0.000  0.000    4.545    8.885    0    0  (Gen:  0)
  1139224     49256 118947960  0.000  0.000    4.546    8.886    0    0  (Gen:  0)
  1039184     68304 119000816  0.000  0.000    4.547    8.887    0    0  (Gen:  0)
  1287488     32080 119058824  0.000  0.000    4.549    8.889    0    0  (Gen:  0)
  1084624     42840 119082408  0.000  0.000    4.550    8.890    0    0  (Gen:  0)
  2047040     82184 119131360  0.000  0.000    4.552    8.891    0    0  (Gen:  0)
  1839992     85000 119189424  0.000  0.000    4.554    8.893    0    0  (Gen:  0)
  1382328     61792 119315920  0.000  0.000    4.555    8.894    0    0  (Gen:  0)
  1037616     80504 119347592  0.001  0.000    4.557    8.895    0    0  (Gen:  0)
  1035728     83272 119389880  0.001  0.000    4.558    8.896    0    0  (Gen:  0)
  1037128     74248 119421904  0.001  0.000    4.559    8.896    0    0  (Gen:  0)
  1036016     72720 119458232  0.000  0.000    4.559    8.897    0    0  (Gen:  0)
  1068320     86520 119536320  0.000  0.000    4.560    8.897    0    0  (Gen:  0)
  1037088     91560 119577800  0.000  0.000    4.561    8.898    0    0  (Gen:  0)
  1032808     86192 119621712  0.000  0.000    4.562    8.898    0    0  (Gen:  0)
  1036024     90680 119667496  0.000  0.000    4.564    8.899    0    0  (Gen:  0)
  1072280     93312 119742736  0.000  0.000    4.565    8.899    0    0  (Gen:  0)
  1034656     91328 119790728  0.000  0.000    4.566    8.900    0    0  (Gen:  0)
  1036488     90864 119832488  0.000  0.000    4.567    8.900    0    0  (Gen:  0)
  1034040     93632 119879256  0.000  0.000    4.568    8.901    0    0  (Gen:  0)
  1038104    105360 119926048  0.001  0.000    4.569    8.902    0    0  (Gen:  0)
  1032288    139576 120011640  0.001  0.000    4.571    8.902    0    0  (Gen:  0)
  1032120    183376 120101832  0.001  0.000    4.572    8.903    0    0  (Gen:  0)
  1091720    191336 120230272  0.001  0.000    4.574    8.904    0    0  (Gen:  0)
  1030360    194104 120323528  0.001  0.000    4.576    8.905    0    0  (Gen:  0)
  1066176    198320 120456256  0.001  0.000    4.578    8.906    0    0  (Gen:  0)
  1030368    200864 120552024  0.001  0.000    4.580    8.907    0    0  (Gen:  0)
  1031832    195568 120646920  0.001  0.000    4.581    8.907    0    0  (Gen:  0)
  1031408    199112 120745504  0.001  0.000    4.583    8.908    0    0  (Gen:  0)
  1032648    200520 120842448  0.001  0.000    4.585    8.909    0    0  (Gen:  0)
  1031208    200232 120940904  0.001  0.000    4.587    8.910    0    0  (Gen:  0)
  1029696    199600 121036920  0.001  0.000    4.589    8.911    0    0  (Gen:  0)
  1031552    193504 121128768  0.001  0.000    4.591    8.912    0    0  (Gen:  0)
  1034032    186672 121218776  0.001  0.000    4.593    8.913    0    0  (Gen:  0)
  1033048    179856 121303760  0.001  0.000    4.594    8.913    0    0  (Gen:  0)
  1033872    175064 121388920  0.001  0.000    4.596    8.914    0    0  (Gen:  0)
  1032896    175736 121474544  0.001  0.000    4.597    8.915    0    0  (Gen:  0)
  1033392    182296 121565992  0.001  0.000    4.599    8.915    0    0  (Gen:  0)
  1033432    186048 121655608  0.001  0.000    4.601    8.916    0    0  (Gen:  0)
  1033072    186040 121746440  0.001  0.000    4.602    8.917    0    0  (Gen:  0)
  1034880    183920 121834424  0.001  0.000    4.604    8.918    0    0  (Gen:  0)
  1034096    185440 121926800  0.001  0.000    4.606    8.919    0    0  (Gen:  0)
  1034032    188224 122017472  0.001  0.000    4.607    8.919    0    0  (Gen:  0)
  1033448    188888 122110712  0.001  0.000    4.609    8.920    0    0  (Gen:  0)
  1033136    189472 122201992  0.001  0.000    4.611    8.921    0    0  (Gen:  0)
  1032424    186760 122292368  0.001  0.000    4.613    8.922    0    0  (Gen:  0)
  1033872    180608 122377472  0.001  0.000    4.615    8.922    0    0  (Gen:  0)
  1033848    170320 122457672  0.001  0.000    4.616    8.923    0    0  (Gen:  0)
  1035296    163152 122534856  0.001  0.000    4.618    8.924    0    0  (Gen:  0)
  1036544    161680 122614176  0.001  0.000    4.619    8.925    0    0  (Gen:  0)
  1035296    165184 122695160  0.001  0.000    4.621    8.926    0    0  (Gen:  0)
  1034960    166640 122775640  0.001  0.000    4.623    8.926    0    0  (Gen:  0)
  1033352    168048 122858072  0.001  0.000    4.624    8.927    0    0  (Gen:  0)
  1034808    169800 122940824  0.001  0.000    4.626    8.928    0    0  (Gen:  0)
  1034896    170312 123023352  0.001  0.000    4.628    8.929    0    0  (Gen:  0)
  1036104    170744 123106320  0.001  0.000    4.629    8.930    0    0  (Gen:  0)
  1035144    168920 123187440  0.001  0.000    4.631    8.930    0    0  (Gen:  0)
  1036744    165536 123266496  0.001  0.000    4.633    8.931    0    0  (Gen:  0)
  1032248    141872 123324480  0.001  0.000    4.634    8.932    0    0  (Gen:  0)
  1032064    124888 123385704  0.001  0.000    4.636    8.933    0    0  (Gen:  0)
  1026544    123856 123443080  0.001  0.000    4.637    8.933    0    0  (Gen:  0)
  1028376    122328 123503048  0.001  0.000    4.638    8.934    0    0  (Gen:  0)
  1029936    126344 123564560  0.001  0.000    4.639    8.934    0    0  (Gen:  0)
  1026368    110456 123608584  0.001  0.000    4.641    8.935    0    0  (Gen:  0)
  1073984     82768 123663744  0.000  0.000    4.642    8.936    0    0  (Gen:  0)
  1041336     37056 123673264  0.000  0.000    4.643    8.937    0    0  (Gen:  0)
  1040968     17904 123671960  0.000  0.000    4.644    8.937    0    0  (Gen:  0)
  1980832     35624 123726464  0.000  0.000    4.646    8.939    0    0  (Gen:  0)
  1161512     57280 123767208  0.000  0.000    4.647    8.940    0    0  (Gen:  0)
  1035144     91040 123814352  0.001  0.000    4.649    8.941    0    0  (Gen:  0)
  1034384    137752 123895040  0.001  0.000    4.650    8.942    0    0  (Gen:  0)
  1035040    158688 123970552  0.001  0.000    4.652    8.943    0    0  (Gen:  0)
  1034664    149128 124036864  0.001  0.000    4.654    8.944    0    0  (Gen:  0)
  1419112    112480 124107768  0.001  0.000    4.655    8.945    0    0  (Gen:  0)
  1076104     45704 124141784  0.000  0.000    4.656    8.945    0    0  (Gen:  0)
  1595536     40128 124206888  0.000  0.000    4.658    8.947    0    0  (Gen:  0)
  1318128     66968 124255896  0.000  0.000    4.660    8.949    0    0  (Gen:  0)
  1036304    122176 124323624  0.001  0.000    4.661    8.949    0    0  (Gen:  0)
  2062064    153592 124462160  0.001  0.000    4.664    8.951    0    0  (Gen:  0)
  2513264    109176 124504840  0.001  0.000    4.667    8.954    0    0  (Gen:  0)
  2616224     70408 124524840  0.000  0.000    4.669    8.956    0    0  (Gen:  0)
  1122248     85096 124616208  0.001  0.000    4.671    8.957    0    0  (Gen:  0)
  1037344    104064 124660400  0.001  0.000    4.672    8.958    0    0  (Gen:  0)
  1033896    113552 124716112  0.001  0.000    4.673    8.959    0    0  (Gen:  0)
  1068872    117440 124804000  0.001  0.000    4.675    8.959    0    0  (Gen:  0)
  1041104     71272 124816640  0.000  0.000    4.676    8.960    0    0  (Gen:  0)
  1929656     51664 124886592  0.000  0.000    4.678    8.962    0    0  (Gen:  0)
  1723216     93472 124947344  0.001  0.000    4.680    8.964    0    0  (Gen:  0)
  1036768    133288 125010336  0.001  0.000    4.682    8.965    0    0  (Gen:  0)
  1035488    144984 125077376  0.001  0.000    4.683    8.965    0    0  (Gen:  0)
  1727632    129432 125166384  0.001  0.000    4.686    8.967    0    0  (Gen:  0)
  1040808     61808 125164808  0.000  0.000    4.687    8.968    0    0  (Gen:  0)
  1981664     37576 125275360  0.000  0.000    4.689    8.970    0    0  (Gen:  0)
  1907768     52848 125955944  0.000  0.000    4.691    9.003    0    0  (Gen:  0)
  1041040     16384 125915232  0.000  0.000    4.692    9.003    0    0  (Gen:  0)
  1038168      4880 125915160  0.000  0.000    4.692    9.004    0    0  (Gen:  0)
  1039424     12952 125927640  0.000  0.000    4.693    9.004    0    0  (Gen:  0)
  1038744      5656 125926632  0.000  0.000    4.694    9.005    0    0  (Gen:  0)
  1038240      4120 125926672  0.000  0.000    4.694    9.005    0    0  (Gen:  0)
  1037776     31824 125954720  0.000  0.000    4.695    9.006    0    0  (Gen:  0)
  1035104     48592 125971808  0.000  0.000    4.696    9.006    0    0  (Gen:  0)
  1031824     38704 125989160  0.000  0.000    4.697    9.006    0    0  (Gen:  0)
  1031520     35552 126003056  0.000  0.000    4.697    9.007    0    0  (Gen:  0)
  1031568     31736 126017328  0.000  0.000    4.698    9.007    0    0  (Gen:  0)
  1031600     31712 126031440  0.000  0.000    4.698    9.007    0    0  (Gen:  0)
  1031088     35592 126049440  0.000  0.000    4.699    9.008    0    0  (Gen:  0)
  1031568     35664 126063712  0.000  0.000    4.699    9.008    0    0  (Gen:  0)
  1031600     31720 126077824  0.000  0.000    4.700    9.008    0    0  (Gen:  0)
  1031600     32016 126092256  0.000  0.000    4.700    9.008    0    0  (Gen:  0)
  1031600     31824 126106200  0.000  0.000    4.701    9.009    0    0  (Gen:  0)
  1030848     79680 126168136  0.000  0.000    4.702    9.009    0    0  (Gen:  0)
  1033032    142512 126249216  0.001  0.000    4.703    9.010    0    0  (Gen:  0)
  1034888    156576 126317776  0.001  0.000    4.705    9.011    0    0  (Gen:  0)
  1033816    146872 126387184  0.001  0.000    4.706    9.012    0    0  (Gen:  0)
  1034528    142544 126455472  0.001  0.000    4.708    9.013    0    0  (Gen:  0)
  1035912    154320 126532664  0.001  0.000    4.710    9.013    0    0  (Gen:  0)
  1038352    129784 126581104  0.001  0.000    4.711    9.014    0    0  (Gen:  0)
  1031456    107064 126635416  0.001  0.000    4.713    9.015    0    0  (Gen:  0)
  1033792    125440 126706344  0.001  0.000    4.714    9.016    0    0  (Gen:  0)
  1073160    114728 126783120  0.001  0.000    4.716    9.017    0    0  (Gen:  0)
  1041072     52704 126789552  0.000  0.000    4.717    9.018    0    0  (Gen:  0)
  1041904     21088 126793824  0.000  0.000    4.718    9.018    0    0  (Gen:  0)
  1041024      7584 126788816  0.000  0.000    4.718    9.019    0    0  (Gen:  0)
  1135256     20312 126835736  0.000  0.000    4.719    9.020    0    0  (Gen:  0)
  1389472     37832 126854832  0.000  0.000    4.721    9.021    0    0  (Gen:  0)
  2269288     53896 126888904  0.000  0.000    4.723    9.023    0    0  (Gen:  0)
  2655272     75256 126931104  0.000  0.000    4.725    9.025    0    0  (Gen:  0)
  2449256     70720 126966392  0.000  0.000    4.728    9.027    0    0  (Gen:  0)
  2957728     63776 127014296  0.000  0.000    4.731    9.030    0    0  (Gen:  0)
  1070800     71632 127038192  0.000  0.000    4.732    9.031    0    0  (Gen:  0)
  2411336     83392 127078472  0.000  0.000    4.734    9.033    0    0  (Gen:  0)
  1124448     66200 127092736  0.000  0.000    4.736    9.035    0    0  (Gen:  0)
  1033264     63704 127133832  0.000  0.000    4.737    9.035    0    0  (Gen:  0)
  1072904     73640 127188480  0.000  0.000    4.738    9.036    0    0  (Gen:  0)
  2533472     47024 127213056  0.000  0.000    4.740    9.039    0    0  (Gen:  0)
  1091976     84288 127276936  0.001  0.000    4.742    9.040    0    0  (Gen:  0)
  1037152    108088 127316856  0.001  0.000    4.743    9.041    0    0  (Gen:  0)
  1036544    110344 127373640  0.001  0.000    4.745    9.041    0    0  (Gen:  0)
  1037416    120960 127433888  0.001  0.000    4.746    9.042    0    0  (Gen:  0)
  1072104    122904 127524960  0.001  0.000    4.748    9.043    0    0  (Gen:  0)
  1036536    120656 127582688  0.001  0.000    4.749    9.044    0    0  (Gen:  0)
  1038320    120680 127640992  0.001  0.000    4.751    9.045    0    0  (Gen:  0)
  1037152    115968 127694408  0.001  0.000    4.752    9.045    0    0  (Gen:  0)
  1036648    114376 127750968  0.001  0.000    4.754    9.046    0    0  (Gen:  0)
  1072352    117856 127839888  0.001  0.000    4.755    9.047    0    0  (Gen:  0)
  1035704    106216 127885496  0.001  0.000    4.757    9.048    0    0  (Gen:  0)
  1070912     73832 127939520  0.000  0.000    4.758    9.049    0    0  (Gen:  0)
  1971240     60392 127981864  0.000  0.000    4.760    9.051    0    0  (Gen:  0)
  1080192     83072 128030264  0.001  0.000    4.761    9.052    0    0  (Gen:  0)
  1074240     72616 128040976  0.000  0.000    4.763    9.053    0    0  (Gen:  0)
  1669520     47096 128098104  0.000  0.000    4.764    9.055    0    0  (Gen:  0)
  1085744     89752 128160176  0.001  0.000    4.766    9.055    0    0  (Gen:  0)
  1109408     80216 128202472  0.000  0.000    4.767    9.056    0    0  (Gen:  0)
  2792448     85496 128273792  0.001  0.000    4.770    9.059    0    0  (Gen:  0)
  1073024    109792 128308328  0.000  0.000    4.771    9.060    0    0  (Gen:  0)
  1041528     59144 128307744  0.000  0.000    4.773    9.061    0    0  (Gen:  0)
  1041336     10992 128308664  0.000  0.000    4.773    9.062    0    0  (Gen:  0)
  2025976     43680 128381912  0.000  0.000    4.776    9.064    0    0  (Gen:  0)
  1512936     63776 128450296  0.000  0.000    4.777    9.065    0    0  (Gen:  0)
  1037488     56120 128470216  0.000  0.000    4.778    9.066    0    0  (Gen:  0)
  1034624     99112 128536496  0.001  0.000    4.779    9.066    0    0  (Gen:  0)
  1071640    106112 128603400  0.001  0.000    4.781    9.067    0    0  (Gen:  0)
  1040904     61552 128625600  0.000  0.000    4.782    9.068    0    0  (Gen:  0)
  1991448     57864 128721224  0.000  0.000    4.784    9.070    0    0  (Gen:  0)
  1491160     65192 128785704  0.000  0.000    4.786    9.072    0    0  (Gen:  0)
  1034528    105520 128836616  0.001  0.000    4.787    9.072    0    0  (Gen:  0)
  1037512    118472 128895320  0.001  0.000    4.789    9.073    0    0  (Gen:  0)
  1033528    122464 128959104  0.001  0.000    4.790    9.074    0    0  (Gen:  0)
  1032040    138536 129027832  0.001  0.000    4.792    9.075    0    0  (Gen:  0)
  1035240    137792 129090600  0.001  0.000    4.793    9.075    0    0  (Gen:  0)
  1035848    113248 129136016  0.001  0.000    4.795    9.076    0    0  (Gen:  0)
  1034272    121784 129206824  0.001  0.000    4.796    9.077    0    0  (Gen:  0)
  1035344    141240 129272216  0.001  0.000    4.798    9.077    0    0  (Gen:  0)
  1035752    136328 129338656  0.001  0.000    4.799    9.078    0    0  (Gen:  0)
  1034352    133464 129401112  0.001  0.000    4.801    9.079    0    0  (Gen:  0)
  1035616    119264 129452856  0.001  0.000    4.802    9.080    0    0  (Gen:  0)
  1034560    119912 129515592  0.001  0.000    4.804    9.080    0    0  (Gen:  0)
  1035032    122936 129569176  0.001  0.000    4.805    9.081    0    0  (Gen:  0)
  1034384    116488 129627144  0.001  0.000    4.806    9.082    0    0  (Gen:  0)
  1960248    136088 129729280  0.001  0.000    4.809    9.083    0    0  (Gen:  0)
  1440752    109248 129763944  0.000  0.000    4.810    9.085    0    0  (Gen:  0)
  1278768     60760 129783872  0.000  0.000    4.812    9.086    0    0  (Gen:  0)
  1167736     43312 129802240  0.000  0.000    4.813    9.087    0    0  (Gen:  0)
  1745832     42344 129822512  0.000  0.000    4.814    9.088    0    0  (Gen:  0)
  1104944     70048 129863888  0.000  0.000    4.816    9.089    0    0  (Gen:  0)
  1754912     41600 129894368  0.000  0.000    4.818    9.091    0    0  (Gen:  0)
  1137704     47184 129915600  0.000  0.000    4.819    9.092    0    0  (Gen:  0)
  1153888     31560 129929496  0.000  0.000    4.820    9.093    0    0  (Gen:  0)
  1838656     75280 129986032  0.000  0.000    4.822    9.094    0    0  (Gen:  0)
  3015368     79880 130047176  0.000  0.000    4.824    9.097    0    0  (Gen:  0)
  2102520     61504 130075400  0.000  0.000    4.826    9.099    0    0  (Gen:  0)
  1071552     75184 130123720  0.000  0.000    4.827    9.099    0    0  (Gen:  0)
  1037528     72320 130180864  0.000  0.000    4.828    9.100    0    0  (Gen:  0)
  2382000     54336 130281768  0.000  0.000    4.831    9.103    0    0  (Gen:  0)
  1034536    109904 130337576  0.001  0.000    4.832    9.104    0    0  (Gen:  0)
  1033152    133584 130406336  0.001  0.000    4.834    9.104    0    0  (Gen:  0)
  1034136    144728 130476312  0.001  0.000    4.835    9.105    0    0  (Gen:  0)
  1035160    142272 130541776  0.001  0.000    4.837    9.106    0    0  (Gen:  0)
  1036840    133136 130604704  0.001  0.000    4.839    9.107    0    0  (Gen:  0)
  1833752    131016 130699528  0.001  0.000    4.841    9.108    0    0  (Gen:  0)
  1040704     71064 130700584  0.000  0.000    4.842    9.109    0    0  (Gen:  0)
  1040792     14736 130704832  0.000  0.000    4.843    9.109    0    0  (Gen:  0)
  1602200     37480 130765920  0.000  0.000    4.845    9.111    0    0  (Gen:  0)
  1530392     56848 130795744  0.000  0.000    4.846    9.113    0    0  (Gen:  0)
  2799824     63280 130816632  0.000  0.000    4.849    9.116    0    0  (Gen:  0)
  1034384    101320 130870200  0.001  0.000    4.851    9.116    0    0  (Gen:  0)
  1657576    113176 130950304  0.001  0.000    4.853    9.118    0    0  (Gen:  0)
  1041728     50720 130946576  0.000  0.000    4.854    9.118    0    0  (Gen:  0)
  1173240     30184 131003352  0.000  0.000    4.855    9.120    0    0  (Gen:  0)
  2043680     87912 131073808  0.001  0.000    4.857    9.122    0    0  (Gen:  0)
  1032104    123720 131116864  0.001  0.000    4.859    9.123    0    0  (Gen:  0)
  1275680     81568 131367032  0.000  0.000    4.860    9.124    0    0  (Gen:  0)
  2184488     48432 131604336  0.000  0.000    4.863    9.126    0    0  (Gen:  0)
  1036872     79320 131640072  0.001  0.000    4.864    9.127    0    0  (Gen:  0)
  1103680    116696 131772384  0.001  0.000    4.865    9.128    0    0  (Gen:  0)
  1033768    134368 131838488  0.001  0.000    4.867    9.128    0    0  (Gen:  0)
  1189688     83064 131984688  0.000  0.000    4.868    9.129    0    0  (Gen:  0)
  1040728     18280 131983392  0.000  0.000    4.869    9.130    0    0  (Gen:  0)
  1071488     93696 132101536  0.001  0.000    4.871    9.131    0    0  (Gen:  0)
  1041960    212392 132222112  0.001  0.000    4.872    9.132    0    0  (Gen:  0)
  1039216     73704 132254136  0.000  0.000    4.873    9.132    0    0  (Gen:  0)
  1041336    134232 132356480  0.001  0.000    4.875    9.133    0    0  (Gen:  0)
  1105216    172680 132576200  0.001  0.000    4.877    9.135    0    0  (Gen:  0)
  1050616    325832 132781736  0.001  0.000    4.879    9.136    0    0  (Gen:  0)
  3575264    372656 133073336  0.001  0.000    4.889    9.140    0    0  (Gen:  0)
  1588280    288104 133120744  0.001  0.000    4.896    9.141    0    0  (Gen:  0)
  2498720    203744 133243104  0.001  0.000    4.907    9.145    0    0  (Gen:  0)
  1440184    177000 133282216  0.001  0.000    4.910    9.146    0    0  (Gen:  0)
  1584296    107832 133341616  0.001  0.000    4.914    9.146    0    0  (Gen:  0)
  2954088    196576 133469664  0.001  0.000    4.924    9.150    0    0  (Gen:  0)
  1863112    249672 133550296  0.002  0.000    4.928    9.151    0    0  (Gen:  0)
  2038760    109216 133572104  0.001  0.000    4.932    9.152    0    0  (Gen:  0)
  2533184    204560 133724208  0.001  0.000    4.941    9.155    0    0  (Gen:  0)
  2449704    187504 133774432  0.001  0.000    4.944    9.156    0    0  (Gen:  0)
  3413808     87000 133778296  0.000  0.000    4.949    9.157    0    0  (Gen:  0)
  2999152    222632 133952848  0.001  0.000    4.958    9.160    0    0  (Gen:  0)
  2143976    215272 134012704  0.002  0.000    4.965    9.162    0    0  (Gen:  0)
  2299088    145576 134082144  0.001  0.000    4.971    9.163    0    0  (Gen:  0)
  2872792    243776 134263872  0.001  0.000    4.986    9.168    0    0  (Gen:  0)
  2215296    231368 134336704  0.002  0.000    4.990    9.169    0    0  (Gen:  0)
  2006360    113520 134340088  0.000  0.000    4.995    9.170    0    0  (Gen:  0)
  2230016    163200 134453872  0.001  0.000    5.003    9.173    0    0  (Gen:  0)
  2272976    123560 134473896  0.001  0.000    5.008    9.174    0    0  (Gen:  0)
  2654800    245640 134652888  0.001  0.000    5.017    9.177    0    0  (Gen:  0)
  1366832    178664 134637256  0.001  0.000    5.019    9.178    0    0  (Gen:  0)
  2285720    102840 134714168  0.001  0.000    5.025    9.179    0    0  (Gen:  0)
  2420152    150744 134808248  0.001  0.000    5.034    9.182    0    0  (Gen:  0)
  1661560    280056 134976744  0.002  0.000    5.038    9.183    0    0  (Gen:  0)
  1184720     68936 134865904  0.001  0.000    5.040    9.183    0    0  (Gen:  0)
  1194688    152920 134979192  0.001  0.000    5.042    9.184    0    0  (Gen:  0)
  2567960    253024 135244384  0.001  0.000    5.051    9.186    0    0  (Gen:  0)
  1477184    131992 135257064  0.001  0.000    5.055    9.187    0    0  (Gen:  0)
  1968552    142432 135400048  0.001  0.000    5.059    9.188    0    0  (Gen:  0)
  2560208    126464 135574248  0.000  0.000    5.065    9.191    0    0  (Gen:  0)
  2208544    216840 135791064  0.002  0.000    5.072    9.193    0    0  (Gen:  0)
  2101088    129072 135853064  0.000  0.000    5.076    9.194    0    0  (Gen:  0)
  2475352    223784 136041984  0.002  0.000    5.083    9.196    0    0  (Gen:  0)
  2454592    123576 135993840  0.001  0.000    5.087    9.197    0    0  (Gen:  0)
  2372736    116896 136295200  0.000  0.000    5.093    9.199    0    0  (Gen:  0)
  1814248    129632 136383344  0.001  0.000    5.098    9.200    0    0  (Gen:  0)
  1617072    118496 136457864  0.001  0.000    5.103    9.202    0    0  (Gen:  0)
  1999528    143400 136541184  0.001  0.000    5.110    9.204    0    0  (Gen:  0)
  1577896    171312 136616784  0.001  0.000    5.114    9.205    0    0  (Gen:  0)
  2456664    122440 136654312  0.000  0.000    5.121    9.207    0    0  (Gen:  0)
  2178696    142136 136700040  0.001  0.000    5.125    9.208    0    0  (Gen:  0)
  3456056    182048 136819432  0.001  0.000    5.129    9.209    0    0  (Gen:  0)
  2597040    141016 136811272  0.001  0.000    5.134    9.210    0    0  (Gen:  0)
  2625576    138272 136887552  0.000  0.000    5.138    9.212    0    0  (Gen:  0)
  3265768    117600 136936376  0.000  0.000    5.143    9.213    0    0  (Gen:  0)
  2450248    134024 136997304  0.000  0.000    5.148    9.215    0    0  (Gen:  0)
  1768408    148040 137053736  0.001  0.000    5.154    9.216    0    0  (Gen:  0)
  1783456    151064 137116648  0.000  0.000    5.161    9.218    0    0  (Gen:  0)
  1543336    134696 137159160  0.001  0.000    5.166    9.220    0    0  (Gen:  0)
  1490248    112432 137203024  0.001  0.000    5.171    9.221    0    0  (Gen:  0)
  1718536    112296 137259040  0.001  0.000    5.177    9.223    0    0  (Gen:  0)
  2049208    155248 137342768  0.001  0.000    5.186    9.225    0    0  (Gen:  0)
  2410608    294104 137541152  0.002  0.000    5.198    9.229    0    0  (Gen:  0)
  1165224    202224 137532008  0.001  0.000    5.200    9.229    0    0  (Gen:  0)
  1676832    138568 137653520  0.001  0.000    5.204    9.230    0    0  (Gen:  0)
  1961128     82704 137642288  0.000  0.000    5.208    9.231    0    0  (Gen:  0)
  2416480    153272 137755720  0.001  0.000    5.216    9.234    0    0  (Gen:  0)
  2004976    280416 137937344  0.001  0.000    5.222    9.236    0    0  (Gen:  0)
  1441480    179488 137927360  0.001  0.000    5.224    9.236    0    0  (Gen:  0)
  1520312    146864 138046480  0.001  0.000    5.227    9.237    0    0  (Gen:  0)
  2110432    180240 138271024  0.001  0.000    5.236    9.239    0    0  (Gen:  0)
  1626104    149400 138311496  0.001  0.000    5.241    9.241    0    0  (Gen:  0)
  1710880    177568 138424184  0.001  0.000    5.245    9.242    0    0  (Gen:  0)
  1474288    100168 138432224  0.000  0.000    5.248    9.243    0    0  (Gen:  0)
  3343248    264408 138661864  0.001  0.000    5.257    9.245    0    0  (Gen:  0)
  1191400    157920 138609800  0.001  0.000    5.259    9.246    0    0  (Gen:  0)
  1773816     96032 138644880  0.000  0.000    5.264    9.247    0    0  (Gen:  0)
  2481816    112760 138765616  0.001  0.000    5.270    9.249    0    0  (Gen:  0)
  2177632    175368 138867368  0.001  0.000    5.274    9.250    0    0  (Gen:  0)
  2340648     96512 138849896  0.001  0.000    5.278    9.251    0    0  (Gen:  0)
  2160280    142624 138948592  0.000  0.000    5.284    9.253    0    0  (Gen:  0)
  2528104    137224 139068328  0.001  0.000    5.289    9.254    0    0  (Gen:  0)
  1749672    135256 139124792  0.001  0.000    5.295    9.256    0    0  (Gen:  0)
  2546520    227592 139374184  0.001  0.000    5.304    9.259    0    0  (Gen:  0)
  2019032    135304 139406960  0.000  0.000    5.308    9.260    0    0  (Gen:  0)
  2251624    141728 139512536  0.001  0.000    5.317    9.262    0    0  (Gen:  0)
  2262064    225624 139744672  0.001  0.000    5.323    9.264    0    0  (Gen:  0)
  2357368    120200 139720168  0.001  0.000    5.328    9.265    0    0  (Gen:  0)
  2718232    198440 139843504  0.001  0.000    5.338    9.268    0    0  (Gen:  0)
  2466808    235256 139958176  0.001  0.000    5.342    9.269    0    0  (Gen:  0)
  1773944    197840 139998288  0.001  0.000    5.344    9.270    0    0  (Gen:  0)
  1491472    138312 140106320  0.001  0.000    5.347    9.271    0    0  (Gen:  0)
  1243352     95336 140270344  0.000  0.000    5.349    9.273    0    0  (Gen:  0)
  2735768    101296 140344848  0.000  0.000    5.356    9.275    0    0  (Gen:  0)
  1449040    135072 140421592  0.001  0.000    5.359    9.275    0    0  (Gen:  0)
  2376112    105168 140506672  0.001  0.000    5.364    9.277    0    0  (Gen:  0)
  2908552    133752 140624544  0.000  0.000    5.370    9.279    0    0  (Gen:  0)
  2886536    266360 140876792  0.001  0.000    5.384    9.283    0    0  (Gen:  0)
  1718144    172880 140847584  0.002  0.000    5.386    9.283    0    0  (Gen:  0)
  2069592    100512 140893736  0.001  0.000    5.391    9.284    0    0  (Gen:  0)
  2561352    137688 140956568  0.001  0.000    5.397    9.286    0    0  (Gen:  0)
  1922928    124424 141000376  0.000  0.000    5.401    9.287    0    0  (Gen:  0)
  2455024    160272 141122456  0.001  0.000    5.409    9.290    0    0  (Gen:  0)
  2757336    211848 141259560  0.001  0.000    5.414    9.291    0    0  (Gen:  0)
  1545984    119672 141271896  0.001  0.000    5.419    9.293    0    0  (Gen:  0)
  2114712    114368 141316464  0.000  0.000    5.423    9.294    0    0  (Gen:  0)
  2804136    175920 141463016  0.001  0.000    5.429    9.295    0    0  (Gen:  0)
  2142600    121560 141527128  0.001  0.000    5.433    9.296    0    0  (Gen:  0)
  2162568    147888 141626880  0.003  0.000    5.440    9.298    0    0  (Gen:  0)
  1983608    165000 141833448  0.001  0.000    5.448    9.301    0    0  (Gen:  0)
  2127832    213480 141987296  0.002  0.000    5.454    9.303    0    0  (Gen:  0)
  1938880    121456 142004584  0.000  0.000    5.458    9.304    0    0  (Gen:  0)
  3068984    140816 142110096  0.001  0.000    5.467    9.306    0    0  (Gen:  0)
  1986392    256616 142271960  0.002  0.000    5.474    9.308    0    0  (Gen:  0)
  1482488    126680 142256744  0.001  0.000    5.478    9.309    0    0  (Gen:  0)
  2783072    169248 142488640  0.001  0.000    5.488    9.312    0    0  (Gen:  0)
  1738872    163168 142704304  0.000  0.000    5.494    9.314    0    0  (Gen:  0)
  2485504    247672 143014312  0.001  0.000    5.500    9.316    0    0  (Gen:  0)
  1256416    228680 143051160  0.001  0.000    5.502    9.316    0    0  (Gen:  0)
  2192560    179760 143182328  0.001  0.000    5.504    9.317    0    0  (Gen:  0)
  3076488    137544 143391080  0.001  0.000    5.511    9.319    0    0  (Gen:  0)
  2852776    167168 143536544  0.001  0.000    5.516    9.321    0    0  (Gen:  0)
  2389960     91728 143533208  0.000  0.000    5.520    9.322    0    0  (Gen:  0)
  2591656    140696 143677136  0.001  0.000    5.526    9.324    0    0  (Gen:  0)
  2338696    235224 143850400  0.002  0.000    5.537    9.327    0    0  (Gen:  0)
  2054160    211872 143905920  0.001  0.000    5.546    9.330    0    0  (Gen:  0)
  2537096    159928 143958480  0.001  0.000    5.553    9.332    0    0  (Gen:  0)
  1652576    124904 144075760  0.001  0.000    5.557    9.333    0    0  (Gen:  0)
  1685856    193536 144194072  0.001  0.000    5.562    9.334    0    0  (Gen:  0)
  1450984    114480 144179584  0.000  0.000    5.566    9.335    0    0  (Gen:  0)
  1653312    129224 144269040  0.000  0.000    5.571    9.337    0    0  (Gen:  0)
  2145080    161016 144425936  0.000  0.000    5.581    9.340    0    0  (Gen:  0)
  1581312    149000 144469168  0.001  0.000    5.585    9.341    0    0  (Gen:  0)
  1544072    110512 144522336  0.001  0.000    5.590    9.342    0    0  (Gen:  0)
  1950056    150688 144730608  0.001  0.000    5.598    9.345    0    0  (Gen:  0)
  1487096    272568 144912816  0.002  0.000    5.603    9.346    0    0  (Gen:  0)
  1347840    237328 144964192  0.001  0.000    5.605    9.347    0    0  (Gen:  0)
  2124688    144640 145047472  0.001  0.000    5.607    9.347    0    0  (Gen:  0)
  2230744    200752 145306264  0.001  0.000    5.613    9.349    0    0  (Gen:  0)
  1969736    109736 145402864  0.000  0.000    5.619    9.351    0    0  (Gen:  0)
  2337056    162832 145583840  0.001  0.000    5.629    9.353    0    0  (Gen:  0)
  1909616    156432 145737344  0.001  0.000    5.635    9.355    0    0  (Gen:  0)
  1497256    229056 145894928  0.001  0.000    5.639    9.356    0    0  (Gen:  0)
  1533248    158608 145887600  0.001  0.000    5.641    9.357    0    0  (Gen:  0)
  1589520     96424 145863944  0.000  0.000    5.645    9.358    0    0  (Gen:  0)
  2274136    180176 146054448  0.001  0.000    5.649    9.359    0    0  (Gen:  0)
  2005792    109808 146030352  0.001  0.000    5.653    9.360    0    0  (Gen:  0)
  2257144    129096 146114424  0.000  0.000    5.658    9.362    0    0  (Gen:  0)
  2194720    147120 146225976  0.001  0.000    5.666    9.364    0    0  (Gen:  0)
  1851736    156024 146319168  0.001  0.000    5.672    9.366    0    0  (Gen:  0)
  2460720    247528 146522616  0.002  0.000    5.681    9.368    0    0  (Gen:  0)
  1999016    118104 146455360  0.001  0.000    5.684    9.369    0    0  (Gen:  0)
  2038984    173632 146593160  0.001  0.000    5.688    9.370    0    0  (Gen:  0)
  1117664     57552 146550520  0.000  0.000    5.690    9.372    0    0  (Gen:  0)
  2798592    121512 146699272  0.000  0.000    5.696    9.373    0    0  (Gen:  0)
  3071728    224376 146866008  0.002  0.000    5.702    9.375    0    0  (Gen:  0)
  2855696    112120 146885824  0.001  0.000    5.706    9.376    0    0  (Gen:  0)
  2467576    178960 147080912  0.001  0.000    5.715    9.379    0    0  (Gen:  0)
  1942960    183936 147183024  0.001  0.000    5.722    9.381    0    0  (Gen:  0)
  1665584    142440 147237920  0.001  0.000    5.729    9.383    0    0  (Gen:  0)
  1629360    114752 147279368  0.001  0.000    5.734    9.384    0    0  (Gen:  0)
  1729888    147176 147399984  0.001  0.000    5.739    9.386    0    0  (Gen:  0)
  1843440    134464 147503576  0.000  0.000    5.745    9.387    0    0  (Gen:  0)
  1515800    197480 147608120  0.001  0.000    5.750    9.389    0    0  (Gen:  0)
  1980000    155584 147652136  0.002  0.000    5.754    9.390    0    0  (Gen:  0)
  1897800     80624 147637672  0.001  0.000    5.757    9.391    0    0  (Gen:  0)
  2088064    148832 147816648  0.001  0.000    5.765    9.393    0    0  (Gen:  0)
  1808432    155392 147941400  0.001  0.000    5.771    9.395    0    0  (Gen:  0)
  1909600 109118168 115392624  0.271  0.083    6.048    9.479    0    0  (Gen:  1)
  2815640    120384 116358704  0.000  0.000    6.052    9.481    0    0  (Gen:  0)
  3624496    277632 117257272  0.001  0.000    6.063    9.484    0    0  (Gen:  0)
  1451016    165960 117230936  0.000  0.000    6.066    9.485    0    0  (Gen:  0)
  2074032    164592 117369416  0.001  0.000    6.070    9.486    0    0  (Gen:  0)
  1867520     93296 117351248  0.000  0.000    6.074    9.487    0    0  (Gen:  0)
  2569352    135192 117418728  0.000  0.000    6.076    9.488    0    0  (Gen:  0)
  3414544    105928 117471496  0.001  0.000    6.081    9.489    0    0  (Gen:  0)
  3536808    145552 117538968  0.000  0.000    6.088    9.491    0    0  (Gen:  0)
  2419400    146696 117626088  0.001  0.000    6.093    9.493    0    0  (Gen:  0)
  2935344    197048 117809536  0.001  0.000    6.102    9.495    0    0  (Gen:  0)
  1830424    150304 117856864  0.001  0.000    6.105    9.496    0    0  (Gen:  0)
  2941000    121520 117909024  0.000  0.000    6.111    9.498    0    0  (Gen:  0)
  1861816    162216 117979912  0.001  0.000    6.118    9.500    0    0  (Gen:  0)
  1796480    140008 118033520  0.000  0.000    6.123    9.502    0    0  (Gen:  0)
  2398184    140720 118102880  0.001  0.000    6.128    9.503    0    0  (Gen:  0)
  2182336    158336 118168504  0.001  0.000    6.130    9.504    0    0  (Gen:  0)
  1930216    109640 118166736  0.000  0.000    6.134    9.505    0    0  (Gen:  0)
  2608416    196640 118283200  0.001  0.000    6.142    9.507    0    0  (Gen:  0)
  1723664    134072 118278448  0.000  0.000    6.146    9.508    0    0  (Gen:  0)
  1876488    139624 118350256  0.001  0.000    6.153    9.510    0    0  (Gen:  0)
  2102144    196976 118459760  0.001  0.000    6.160    9.512    0    0  (Gen:  0)
  1903624    147256 118482832  0.001  0.000    6.164    9.513    0    0  (Gen:  0)
  2171016    115384 118525208  0.001  0.000    6.168    9.514    0    0  (Gen:  0)
  3251544    242120 118693088  0.001  0.000    6.176    9.517    0    0  (Gen:  0)
  1229088    149904 118660120  0.000  0.000    6.179    9.518    0    0  (Gen:  0)
  2453944    117008 118718944  0.001  0.000    6.185    9.520    0    0  (Gen:  0)
  3466888    258888 118899048  0.001  0.000    6.194    9.523    0    0  (Gen:  0)
  1460712    179680 118880464  0.001  0.000    6.197    9.524    0    0  (Gen:  0)
  2962072    111992 118968080  0.000  0.000    6.202    9.525    0    0  (Gen:  0)
  1792128    133888 119031664  0.001  0.000    6.207    9.527    0    0  (Gen:  0)
  2463512    188504 119139048  0.001  0.000    6.212    9.528    0    0  (Gen:  0)
  1507888    106736 119121664  0.000  0.000    6.216    9.529    0    0  (Gen:  0)
  1841608     97792 119153272  0.000  0.000    6.219    9.531    0    0  (Gen:  0)
  1682016    154536 119256240  0.001  0.000    6.224    9.535    0    0  (Gen:  0)
  1038192     71944 119215536  0.000  0.000    6.225    9.535    0    0  (Gen:  0)
  1036152     97904 119301952  0.001  0.000    6.227    9.536    0    0  (Gen:  0)
  1460528    160832 119488336  0.001  0.000    6.229    9.537    0    0  (Gen:  0)
  1035560     33824 119372040  0.000  0.000    6.230    9.538    0    0  (Gen:  0)
  1320056    201536 119600304  0.001  0.000    6.232    9.540    0    0  (Gen:  0)
  2679408    504104 120003360  0.001  0.001    6.237    9.543    0    0  (Gen:  0)
  3006400    344056 120075912  0.001  0.001    6.244    9.546    0    0  (Gen:  0)
  2299000    240112 120141504  0.001  0.000    6.249    9.548    0    0  (Gen:  0)
  3054008    227640 120288072  0.001  0.000    6.255    9.550    0    0  (Gen:  0)
  1782000    247440 120375808  0.001  0.000    6.257    9.552    0    0  (Gen:  0)
  2537112    215296 120450992  0.001  0.000    6.262    9.554    0    0  (Gen:  0)
  2725816    241176 120533280  0.001  0.000    6.267    9.556    0    0  (Gen:  0)
  1938920    236320 120671544  0.001  0.000    6.271    9.557    0    0  (Gen:  0)
  2824152    218336 120737744  0.001  0.000    6.276    9.560    0    0  (Gen:  0)
  1618960    274328 120858128  0.001  0.000    6.280    9.561    0    0  (Gen:  0)
  1665576    225048 120945808  0.001  0.000    6.282    9.562    0    0  (Gen:  0)
  2262960    130360 121027288  0.001  0.000    6.286    9.564    0    0  (Gen:  0)
  3345200    278192 121197560  0.001  0.000    6.292    9.567    0    0  (Gen:  0)
  2829400    357592 121297032  0.001  0.000    6.298    9.569    0    0  (Gen:  0)
  1782824    235240 121368600  0.001  0.000    6.301    9.571    0    0  (Gen:  0)
  1207056    263816 121483376  0.001  0.000    6.303    9.571    0    0  (Gen:  0)
  2761864    153064 121567496  0.000  0.000    6.307    9.573    0    0  (Gen:  0)
  2462440    250432 121700816  0.001  0.000    6.312    9.575    0    0  (Gen:  0)
  2562416    302672 121841704  0.001  0.000    6.317    9.578    0    0  (Gen:  0)
  2421944    242328 121919280  0.001  0.000    6.322    9.579    0    0  (Gen:  0)
  2057032    183040 121953944  0.001  0.000    6.324    9.580    0    0  (Gen:  0)
  3138816    222392 122024608  0.001  0.000    6.330    9.583    0    0  (Gen:  0)
  1396712    307008 122151960  0.001  0.000    6.333    9.584    0    0  (Gen:  0)
  2956400    226064 122230616  0.001  0.000    6.337    9.586    0    0  (Gen:  0)
  1805168    129928 122204904  0.001  0.000    6.340    9.587    0    0  (Gen:  0)
  3683752    305200 122619576  0.002  0.001    6.347    9.590    0    0  (Gen:  0)
  1666384    359800 122724504  0.001  0.000    6.350    9.592    0    0  (Gen:  0)
  2976976    173736 122855384  0.001  0.000    6.356    9.594    0    0  (Gen:  0)
  2739088    202168 122911920  0.001  0.000    6.361    9.596    0    0  (Gen:  0)
  3212008    224736 123072368  0.001  0.000    6.367    9.598    0    0  (Gen:  0)
  1955216    223768 123120032  0.001  0.000    6.371    9.600    0    0  (Gen:  0)
  2465592    163880 123224432  0.001  0.000    6.374    9.601    0    0  (Gen:  0)
  3177944    232864 123383976  0.001  0.000    6.380    9.604    0    0  (Gen:  0)
  1853632    226808 123431824  0.001  0.000    6.384    9.605    0    0  (Gen:  0)
  2020048     62976 123470808  0.000  0.000    6.386    9.606    0    0  (Gen:  0)
  2674864    273112 123736096  0.001  0.000    6.392    9.609    0    0  (Gen:  0)
  3153400    305144 123798400  0.001  0.000    6.396    9.611    0    0  (Gen:  0)
  3175328    307352 123983496  0.001  0.000    6.402    9.614    0    0  (Gen:  0)
  3223576    233712 123988448  0.001  0.000    6.408    9.616    0    0  (Gen:  0)
  2584472    284648 124214632  0.001  0.000    6.413    9.618    0    0  (Gen:  0)
  1346120    266488 124339712  0.001  0.000    6.415    9.619    0    0  (Gen:  0)
  1550016    104984 124337672  0.001  0.000    6.417    9.620    0    0  (Gen:  0)
  2425928    207576 124520544  0.001  0.000    6.422    9.622    0    0  (Gen:  0)
  3471024    325616 124687840  0.001  0.000    6.427    9.625    0    0  (Gen:  0)
  1204176    266816 124781928  0.001  0.000    6.429    9.626    0    0  (Gen:  0)
  2062616    170376 125015032  0.000  0.000    6.433    9.628    0    0  (Gen:  0)
  1760800    147392 125025016  0.001  0.000    6.436    9.629    0    0  (Gen:  0)
  1840832     93448 125032488  0.000  0.000    6.438    9.630    0    0  (Gen:  0)
  1708368    229176 125254840  0.001  0.000    6.442    9.632    0    0  (Gen:  0)
  2896448    355120 125409776  0.001  0.000    6.448    9.634    0    0  (Gen:  0)
  2142928    123920 125342600  0.000  0.000    6.451    9.635    0    0  (Gen:  0)
  1845224     96472 125412944  0.000  0.000    6.454    9.636    0    0  (Gen:  0)
  2767776    231432 125568912  0.001  0.000    6.459    9.639    0    0  (Gen:  0)
  2635984    260544 125666384  0.001  0.000    6.464    9.641    0    0  (Gen:  0)
  1155056    196808 125752648  0.001  0.000    6.466    9.641    0    0  (Gen:  0)
  1749984    104016 125764576  0.001  0.000    6.469    9.643    0    0  (Gen:  0)
  1726256     92832 125783936  0.000  0.000    6.472    9.644    0    0  (Gen:  0)
  2340792    153672 125973624  0.000  0.000    6.475    9.645    0    0  (Gen:  0)
  1912328    320168 126189088  0.001  0.000    6.479    9.647    0    0  (Gen:  0)
  1903064    233328 126252048  0.001  0.000    6.482    9.648    0    0  (Gen:  0)
  1653320    143320 126304264  0.001  0.000    6.485    9.649    0    0  (Gen:  0)
  2061232    197912 126445112  0.001  0.000    6.489    9.652    0    0  (Gen:  0)
  1503592    263368 126623600  0.001  0.000    6.491    9.653    0    0  (Gen:  0)
  1755264    116824 126642160  0.000  0.000    6.494    9.654    0    0  (Gen:  0)
  3441936    242640 126948728  0.001  0.000    6.500    9.656    0    0  (Gen:  0)
  2097384    263888 127049968  0.001  0.000    6.504    9.657    0    0  (Gen:  0)
  2501600    192640 127199008  0.001  0.000    6.508    9.659    0    0  (Gen:  0)
  1171144    165928 127269312  0.001  0.000    6.510    9.660    0    0  (Gen:  0)
  2081008    162808 127480648  0.001  0.000    6.514    9.661    0    0  (Gen:  0)
  2536144    245064 127579144  0.001  0.000    6.518    9.664    0    0  (Gen:  0)
  2034496    186128 127630928  0.001  0.000    6.522    9.665    0    0  (Gen:  0)
  3172512    253952 127971232  0.001  0.000    6.527    9.667    0    0  (Gen:  0)
  2996208    296848 128059224  0.001  0.000    6.533    9.669    0    0  (Gen:  0)
  2382536    196360 128195944  0.001  0.000    6.537    9.671    0    0  (Gen:  0)
  2792576    195472 128300328  0.001  0.000    6.541    9.672    0    0  (Gen:  0)
  3077912    270408 128584568  0.001  0.000    6.546    9.675    0    0  (Gen:  0)
  2248664    303176 128729720  0.001  0.000    6.550    9.677    0    0  (Gen:  0)
  2272056    139240 128773432  0.000  0.000    6.553    9.678    0    0  (Gen:  0)
  2213224    122480 128802808  0.000  0.000    6.557    9.679    0    0  (Gen:  0)
  2595504    320328 129110632  0.001  0.000    6.562    9.682    0    0  (Gen:  0)
  2430248    301160 129262352  0.001  0.000    6.566    9.683    0    0  (Gen:  0)
  3353176    313832 129447744  0.001  0.000    6.572    9.686    0    0  (Gen:  0)
  3563600    239040 129529928  0.001  0.000    6.577    9.688    0    0  (Gen:  0)
  2693824    244080 129716768  0.001  0.000    6.583    9.691    0    0  (Gen:  0)
  1842912    220352 129823696  0.001  0.000    6.585    9.691    0    0  (Gen:  0)
  2063888    182832 130042848  0.001  0.000    6.589    9.693    0    0  (Gen:  0)
  2993120    210512 130249808  0.001  0.000    6.593    9.695    0    0  (Gen:  0)
  1553400    289240 130426360  0.001  0.000    6.597    9.697    0    0  (Gen:  0)
  2768760    102688 130369832  0.000  0.000    6.601    9.698    0    0  (Gen:  0)
  3042736    249192 130828224  0.001  0.000    6.606    9.700    0    0  (Gen:  0)
  1455200    236504 130940264  0.001  0.000    6.608    9.701    0    0  (Gen:  0)
  2587368    164480 131047312  0.000  0.000    6.613    9.703    0    0  (Gen:  0)
  2867576    247808 131342552  0.001  0.000    6.618    9.705    0    0  (Gen:  0)
  3052232    265048 131518696  0.001  0.000    6.623    9.708    0    0  (Gen:  0)
  2737008    153704 131573856  0.000  0.000    6.627    9.709    0    0  (Gen:  0)
  3160936    243712 131825920  0.001  0.000    6.633    9.712    0    0  (Gen:  0)
  3743312    570800 132277104  0.002  0.000    6.639    9.713    0    0  (Gen:  0)
  2723608   1266384 133323736  0.004  0.001    6.646    9.716    0    0  (Gen:  0)
  1173848   1084816 133981536  0.003  0.001    6.650    9.718    0    0  (Gen:  0)
  1070632    572392 134433272  0.002  0.001    6.653    9.719    0    0  (Gen:  0)
  1963144    647416 134844496  0.001  0.000    6.656    9.720    0    0  (Gen:  0)
  3153928    981920 136207968  0.004  0.001    6.666    9.724    0    0  (Gen:  0)
  2245360   1245504 137125952  0.003  0.001    6.673    9.726    0    0  (Gen:  0)
  1796520   1092816 137821800  0.003  0.001    6.679    9.728    0    0  (Gen:  0)
  3859008    651216 138871192  0.002  0.001    6.690    9.732    0    0  (Gen:  0)
  3573344   1383288 139792672  0.005  0.001    6.700    9.735    0    0  (Gen:  0)
  3268248   1027064 140506464  0.003  0.001    6.710    9.739    0    0  (Gen:  0)
  2855536   1211296 141838400  0.004  0.001    6.718    9.741    0    0  (Gen:  0)
  2074776    999872 142214336  0.002  0.001    6.722    9.743    0    0  (Gen:  0)
  3915512   2845784 144703712  0.009  0.002    6.744    9.749    0    0  (Gen:  0)
  2854832    647664 144332488  0.004  0.001    6.755    9.753    0    0  (Gen:  0)
  2283600    768560 145194312  0.003  0.001    6.765    9.755    0    0  (Gen:  0)
  2020624   1148840 145804520  0.006  0.001    6.774    9.758    0    0  (Gen:  0)
  3117784   1023904 146888072  0.003  0.001    6.783    9.761    0    0  (Gen:  0)
  2153168   1236976 147680008  0.003  0.001    6.789    9.762    0    0  (Gen:  0)
  2879032   1882864 148768808  0.005  0.001    6.799    9.766    0    0  (Gen:  0)
  1661688   1223808 149252344  0.003  0.001    6.807    9.768    0    0  (Gen:  0)
  1783360    403264 149785200  0.002  0.000    6.813    9.771    0    0  (Gen:  0)
  3079416    721896 150734480  0.002  0.001    6.825    9.777    0    0  (Gen:  0)
  1241936    789544 151064704  0.003  0.001    6.831    9.778    0    0  (Gen:  0)
  1428424    242824 151316240  0.001  0.000    6.836    9.780    0    0  (Gen:  0)
  1387496    407720 151722152  0.002  0.001    6.841    9.782    0    0  (Gen:  0)
  1960968    595176 152613608  0.002  0.001    6.846    9.785    0    0  (Gen:  0)
  1227736    800520 153083480  0.004  0.001    6.853    9.787    0    0  (Gen:  0)
  2992544    874824 153920656  0.004  0.001    6.872    9.795    0    0  (Gen:  0)
  3291160    584120 154700536  0.002  0.001    6.894    9.806    0    0  (Gen:  0)
  3548616    394960 155495312  0.001  0.001    6.924    9.822    0    0  (Gen:  0)
  3000848    557776 155922728  0.003  0.001    6.948    9.834    0    0  (Gen:  0)
  1038472    636224 156221200  0.003  0.001    6.951    9.836    0    0  (Gen:  0)
  3262024    687128 157024344  0.005  0.001    6.960    9.838    0    0  (Gen:  0)
  3478144    958048 157921632  0.007  0.001    6.970    9.841    0    0  (Gen:  0)
  2740736    879088 158203920  0.006  0.002    6.980    9.844    0    0  (Gen:  0)
  1992000    882264 158863840  0.005  0.002    6.987    9.846    0    0  (Gen:  0)
  2283888   1069328 159383304  0.007  0.002    6.997    9.849    0    0  (Gen:  0)
  3183128    853880 160119424  0.007  0.002    7.007    9.852    0    0  (Gen:  0)
  3499184    947440 160588480  0.004  0.001    7.015    9.854    0    0  (Gen:  0)
  2602640    847744 160956376  0.002  0.001    7.022    9.856    0    0  (Gen:  0)
  2859424    515848 161400968  0.004  0.001    7.030    9.859    0    0  (Gen:  0)
  2569752    753368 161790040  0.003  0.001    7.036    9.860    0    0  (Gen:  0)
  2362680    724728 162347680  0.004  0.001    7.042    9.863    0    0  (Gen:  0)
  3171368    764984 162702816  0.003  0.001    7.049    9.865    0    0  (Gen:  0)
  3076792    712560 163335368  0.006  0.001    7.058    9.867    0    0  (Gen:  0)
  3476192    895560 164054992  0.005  0.002    7.068    9.870    0    0  (Gen:  0)
  3774488   1198872 164989352  0.007  0.002    7.079    9.873    0    0  (Gen:  0)
  4269608   1519040 166360888  0.010  0.003    7.094    9.878    0    0  (Gen:  0)
  2966208   1286984 167041624  0.009  0.002    7.107    9.882    0    0  (Gen:  0)
  2131160    855576 167350616  0.003  0.001    7.114    9.884    0    0  (Gen:  0)
  2797504    692992 167972320  0.004  0.001    7.122    9.886    0    0  (Gen:  0)
  3048480   1192296 168790280  0.006  0.002    7.133    9.889    0    0  (Gen:  0)
  2825544    958392 169250264  0.008  0.002    7.141    9.891    0    0  (Gen:  0)
  2438664    757256 169644064  0.005  0.001    7.148    9.893    0    0  (Gen:  0)
  2647872    760320 170084992  0.004  0.001    7.154    9.895    0    0  (Gen:  0)
  3480320    833016 170924552  0.003  0.001    7.161    9.897    0    0  (Gen:  0)
  1736016    616280 171203512  0.002  0.001    7.165    9.898    0    0  (Gen:  0)
  3046920    652152 171804176  0.003  0.001    7.173    9.901    0    0  (Gen:  0)
  2003520   1203672 172658248  0.005  0.002    7.181    9.904    0    0  (Gen:  0)
  1520760    951880 173135408  0.004  0.001    7.188    9.907    0    0  (Gen:  0)
  1183536    611392 173449120  0.003  0.001    7.192    9.909    0    0  (Gen:  0)
  2733280    783912 174802392  0.004  0.001    7.199    9.911    0    0  (Gen:  0)
  1234944    707912 175182888  0.004  0.001    7.205    9.914    0    0  (Gen:  0)
  1249240    741232 175703056  0.004  0.001    7.214    9.917    0    0  (Gen:  0)
  1345824    712400 176242968  0.002  0.001    7.218    9.919    0    0  (Gen:  0)
  1494072    631624 176589760  0.002  0.000    7.221    9.920    0    0  (Gen:  0)
  1799232   1061128 177365136  0.004  0.001    7.227    9.923    0    0  (Gen:  0)
  2295480   1210200 178157656  0.005  0.002    7.236    9.926    0    0  (Gen:  0)
  2024592    962792 179120792  0.004  0.001    7.242    9.929    0    0  (Gen:  0)
  1870304    873144 180121816  0.005  0.001    7.254    9.934    0    0  (Gen:  0)
  1091056    806696 180423912  0.002  0.001    7.257    9.935    0    0  (Gen:  0)
  1387136    810632 180917200  0.002  0.001    7.262    9.937    0    0  (Gen:  0)
  1160280    923896 181424384  0.003  0.001    7.267    9.938    0    0  (Gen:  0)
  1677888   1107192 182144072  0.005  0.001    7.275    9.941    0    0  (Gen:  0)
  1649752   1029272 182640192  0.006  0.002    7.284    9.945    0    0  (Gen:  0)
  2241368    669544 183532696  0.006  0.001    7.293    9.949    0    0  (Gen:  0)
  1307040    696864 183954344  0.002  0.001    7.297    9.951    0    0  (Gen:  0)
  1365936    881304 184457512  0.002  0.001    7.300    9.952    0    0  (Gen:  0)
  1807512    892776 184992184  0.004  0.001    7.309    9.955    0    0  (Gen:  0)
  2303848    901216 185795048  0.005  0.001    7.316    9.958    0    0  (Gen:  0)
  1575448    661928 186306032  0.003  0.001    7.322    9.960    0    0  (Gen:  0)
  1951040    642672 186754408  0.004  0.001    7.328    9.963    0    0  (Gen:  0)
  1332376    319888 186890064  0.001  0.001    7.332    9.964    0    0  (Gen:  0)
  1881080    534288 187355952  0.003  0.001    7.337    9.966    0    0  (Gen:  0)
  2260504    785288 188083376  0.004  0.001    7.344    9.969    0    0  (Gen:  0)
  1286912    529616 188402792  0.002  0.001    7.349    9.972    0    0  (Gen:  0)
  1901328    527040 188745712  0.002  0.001    7.354    9.973    0    0  (Gen:  0)
  2000272    612872 189165048  0.004  0.001    7.361    9.976    0    0  (Gen:  0)
  1482472    444360 189390832  0.001  0.000    7.364    9.977    0    0  (Gen:  0)
  1497688    310320 189720112  0.001  0.000    7.367    9.978    0    0  (Gen:  0)
  1387208    289720 189944816  0.001  0.000    7.370    9.980    0    0  (Gen:  0)
  1038816    248680 190038296  0.001  0.000    7.372    9.981    0    0  (Gen:  0)
  2041240    337088 191178360  0.002  0.001    7.377    9.985    0    0  (Gen:  0)
  1321936    849304 191832008  0.003  0.001    7.389    9.995    0    0  (Gen:  0)
  1086368    712408 192043576  0.002  0.001    7.392    9.996    0    0  (Gen:  0)
  1042896    715480 192525656  0.002  0.001    7.395    9.997    0    0  (Gen:  0)
  1076656    875328 193131216  0.003  0.001    7.399    9.999    0    0  (Gen:  0)
  1661688   1178576 193776904  0.004  0.002    7.413   10.009    0    0  (Gen:  0)
  1042936    671176 193904424  0.003  0.001    7.417   10.010    0    0  (Gen:  0)
  1311312    485904 194418024  0.003  0.001    7.423   10.013    0    0  (Gen:  0)
  1053744    560136 194768792  0.001  0.001    7.426   10.015    0    0  (Gen:  0)
  1036600    605912 195058600  0.002  0.001    7.431   10.017    0    0  (Gen:  0)
  1032448    370024 195175328  0.002  0.000    7.434   10.020    0    0  (Gen:  0)
  1033288    220896 195309784  0.001  0.000    7.437   10.021    0    0  (Gen:  0)
  1034600     74296 195350688  0.000  0.000    7.439   10.023    0    0  (Gen:  0)
  1029832    224024 195538608  0.001  0.000    7.442   10.025    0    0  (Gen:  0)
  1039136    277736 195745144  0.002  0.001    7.445   10.027    0    0  (Gen:  0)
  1039304    149968 195839664  0.001  0.000    7.447   10.028    0    0  (Gen:  0)
  1040272     60344 195888456  0.000  0.000    7.449   10.029    0    0  (Gen:  0)
  1100832    229608 196145000  0.001  0.000    7.451   10.031    0    0  (Gen:  0)
  1100264    442768 196455088  0.001  0.001    7.454   10.032    0    0  (Gen:  0)
  1029336    526696 196724712  0.002  0.001    7.458   10.034    0    0  (Gen:  0)
  1180952    236408 197071976  0.001  0.000    7.460   10.036    0    0  (Gen:  0)
  1040408    309792 197186960  0.001  0.000    7.463   10.038    0    0  (Gen:  0)
  1041704     75832 197176320  0.000  0.000    7.465   10.039    0    0  (Gen:  0)
  1039376     66496 197225536  0.000  0.000    7.467   10.041    0    0  (Gen:  0)
  1041768     25832 197202200  0.000  0.000    7.468   10.042    0    0  (Gen:  0)
  1042368     44056 197232688  0.000  0.000    7.469   10.043    0    0  (Gen:  0)
  1040824     21208 197214008  0.000  0.000    7.470   10.044    0    0  (Gen:  0)
  1040104     44608 197240856  0.000  0.000    7.472   10.045    0    0  (Gen:  0)
  1041512     20736 197222032  0.000  0.000    7.473   10.046    0    0  (Gen:  0)
  1033856    173456 197377168  0.001  0.000    7.475   10.047    0    0  (Gen:  0)
  1083624    313344 197636192  0.001  0.000    7.478   10.049    0    0  (Gen:  0)
  1074384    416824 197947624  0.001  0.000    7.481   10.051    0    0  (Gen:  0)
  1022160    426648 198196120  0.002  0.001    7.485   10.053    0    0  (Gen:  0)
  1031368    164224 198344472  0.001  0.000    7.487   10.054    0    0  (Gen:  0)
  1025648     95184 198398664  0.001  0.000    7.489   10.056    0    0  (Gen:  0)
  1029360    104808 198448160  0.001  0.000    7.491   10.057    0    0  (Gen:  0)
  1026088    135968 198532056  0.001  0.000    7.494   10.059    0    0  (Gen:  0)
  1028752    137672 198586464  0.001  0.000    7.496   10.060    0    0  (Gen:  0)
  1109144    294816 198896448  0.002  0.001    7.500   10.062    0    0  (Gen:  0)
  1076184    405976 199105856  0.002  0.001    7.503   10.064    0    0  (Gen:  0)
  1034912    202136 199156000  0.001  0.000    7.506   10.066    0    0  (Gen:  0)
  1035104    111184 199207328  0.001  0.000    7.509   10.067    0    0  (Gen:  0)
  1036536    119728 199273024  0.001  0.000    7.511   10.069    0    0  (Gen:  0)
  1030832    162520 199367104  0.001  0.000    7.514   10.071    0    0  (Gen:  0)
  1030216    188856 199459304  0.001  0.001    7.517   10.073    0    0  (Gen:  0)
  1033544    246640 199621320  0.001  0.001    7.521   10.075    0    0  (Gen:  0)
  1037304    234744 199712208  0.001  0.000    7.524   10.077    0    0  (Gen:  0)
  1039936    165552 199794144  0.001  0.000    7.527   10.079    0    0  (Gen:  0)
  1038824    156632 199870496  0.001  0.000    7.529   10.081    0    0  (Gen:  0)
  1037456    127000 199923344  0.001  0.000    7.531   10.082    0    0  (Gen:  0)
  1101472    246480 200188288  0.002  0.000    7.534   10.084    0    0  (Gen:  0)
  1039432    434608 200449168  0.002  0.001    7.537   10.085    0    0  (Gen:  0)
  1037072    480960 200700096  0.002  0.001    7.541   10.087    0    0  (Gen:  0)
  1036592    399176 200887432  0.002  0.001    7.545   10.089    0    0  (Gen:  0)
  1041616    315416 201069016  0.001  0.000    7.547   10.090    0    0  (Gen:  0)
  1031208    267152 201214592  0.001  0.000    7.550   10.091    0    0  (Gen:  0)
  1401808    300144 201537912  0.002  0.000    7.553   10.093    0    0  (Gen:  0)
  1036808    566832 201812728  0.002  0.001    7.556   10.094    0    0  (Gen:  0)
  1041008    517920 202082784  0.002  0.001    7.558   10.096    0    0  (Gen:  0)
  1180048    517824 202477168  0.003  0.001    7.562   10.098    0    0  (Gen:  0)
  1147584    519312 202890440  0.002  0.001    7.566   10.100    0    0  (Gen:  0)
  1210928    599400 203374680  0.002  0.001    7.569   10.103    0    0  (Gen:  0)
  2983288    819008 204940088  0.003  0.001    7.580   10.110    0    0  (Gen:  0)
  1142000    923608 205441496  0.002  0.001    7.587   10.116    0    0  (Gen:  0)
  1042480    614216 205629320  0.002  0.001    7.590   10.117    0    0  (Gen:  0)
  1043360    776384 206151136  0.002  0.001    7.593   10.118    0    0  (Gen:  0)
  1033872   1020824 206842184  0.003  0.001    7.601   10.124    0    0  (Gen:  0)
  1040072    869312 207080408  0.003  0.001    7.609   10.129    0    0  (Gen:  0)
  1113592    358832 207173568  0.002  0.001    7.614   10.131    0    0  (Gen:  0)
  1180312    446096 207598096  0.001  0.000    7.616   10.133    0    0  (Gen:  0)
  1224296    541760 207995456  0.003  0.001    7.621   10.135    0    0  (Gen:  0)
  1253752    520856 208457896  0.002  0.001    7.625   10.138    0    0  (Gen:  0)
  1094360    583728 208882984  0.003  0.001    7.629   10.140    0    0  (Gen:  0)
  1093408    627088 209182872  0.002  0.001    7.632   10.142    0    0  (Gen:  0)
  1037208    546064 209529832  0.002  0.001    7.636   10.143    0    0  (Gen:  0)
  1029984    189552 209594504  0.001  0.000    7.638   10.145    0    0  (Gen:  0)
  1188480    298096 209981064  0.002  0.001    7.643   10.148    0    0  (Gen:  0)
  1172944    550072 210476392  0.002  0.001    7.646   10.150    0    0  (Gen:  0)
  1238600    549256 210929120  0.002  0.001    7.649   10.152    0    0  (Gen:  0)
  1191696    550864 211365080  0.002  0.001    7.654   10.154    0    0  (Gen:  0)
  1270720    491008 211851480  0.003  0.001    7.658   10.156    0    0  (Gen:  0)
  1033912    449096 212108024  0.002  0.001    7.661   10.158    0    0  (Gen:  0)
  1031768    206456 212229904  0.001  0.000    7.664   10.160    0    0  (Gen:  0)
  1038336    152392 212338288  0.001  0.000    7.666   10.161    0    0  (Gen:  0)
  1040272    385448 212621792  0.002  0.000    7.669   10.162    0    0  (Gen:  0)
  1042832    170544 212690672  0.001  0.000    7.670   10.163    0    0  (Gen:  0)
  1042376    233736 212841400  0.001  0.000    7.672   10.164    0    0  (Gen:  0)
  1080000    138488 212919272  0.000  0.000    7.673   10.165    0    0  (Gen:  0)
  3421872    756736 213736752  0.002  0.001    7.679   10.168    0    0  (Gen:  0)
  2908096   1181976 214309096  0.006  0.001    7.687   10.170    0    0  (Gen:  0)
  2533688    975376 214831136  0.005  0.001    7.695   10.172    0    0  (Gen:  0)
  3622440    927360 215704784  0.003  0.001    7.704   10.175    0    0  (Gen:  0)
  3847552   1078672 216525656  0.006  0.001    7.713   10.177    0    0  (Gen:  0)
  3388712   1117176 217214112  0.005  0.001    7.722   10.180    0    0  (Gen:  0)
  2781384    804512 217756024  0.003  0.001    7.728   10.181    0    0  (Gen:  0)
  2592304    871136 218388408  0.003  0.001    7.734   10.183    0    0  (Gen:  0)
  2496496    815880 218965576  0.003  0.001    7.739   10.185    0    0  (Gen:  0)
  2310312    710424 219464880  0.003  0.001    7.746   10.186    0    0  (Gen:  0)
  3648240   1022608 220136760  0.006  0.001    7.754   10.188    0    0  (Gen:  0)
  3091832    842416 220628464  0.006  0.001    7.761   10.190    0    0  (Gen:  0)
  3705480    728408 221215672  0.004  0.001    7.771   10.193    0    0  (Gen:  0)
  3215816    857240 221755880  0.003  0.001    7.778   10.195    0    0  (Gen:  0)
  3192728    787496 222502416  0.006  0.001    7.789   10.198    0    0  (Gen:  0)
  3440280   1226680 223357168  0.004  0.001    7.796   10.200    0    0  (Gen:  0)
  3128240   1369408 223947408  0.004  0.001    7.806   10.203    0    0  (Gen:  0)
  3126416    696736 224169856  0.004  0.001    7.811   10.204    0    0  (Gen:  0)
  4626096    584496 226955624  0.002  0.001    7.819   10.207    0    0  (Gen:  0)
  3087952    632776 227496800  0.006  0.001    7.828   10.209    0    0  (Gen:  0)
  2324544    838488 227998176  0.005  0.001    7.836   10.211    0    0  (Gen:  0)
  2317424    788080 228498800  0.004  0.001    7.842   10.213    0    0  (Gen:  0)
  2352056 168985664 194846336  0.406  0.122    8.251   10.336    0    0  (Gen:  1)
  3230032    512144 195190664  0.003  0.001    8.258   10.338    0    0  (Gen:  0)
  2692312    735784 195654976  0.004  0.001    8.267   10.340    0    0  (Gen:  0)
  1803824    670536 196002544  0.003  0.001    8.272   10.342    0    0  (Gen:  0)
  2511968    498640 196443096  0.004  0.001    8.279   10.344    0    0  (Gen:  0)
  2783240    586200 196695432  0.004  0.001    8.288   10.346    0    0  (Gen:  0)
  2848840    624064 197177232  0.005  0.001    8.294   10.348    0    0  (Gen:  0)
  1807096    740576 197610056  0.004  0.001    8.299   10.349    0    0  (Gen:  0)
  2102488    316696 197817560  0.002  0.000    8.304   10.350    0    0  (Gen:  0)
  2608424    594792 198225912  0.005  0.001    8.312   10.352    0    0  (Gen:  0)
  2813448    590056 198608288  0.003  0.001    8.318   10.354    0    0  (Gen:  0)
  2238880    685240 198951648  0.003  0.001    8.325   10.356    0    0  (Gen:  0)
  2535248    620272 199292360  0.003  0.001    8.331   10.357    0    0  (Gen:  0)
  2478120    623776 199603336  0.002  0.001    8.338   10.359    0    0  (Gen:  0)
  2567944    653792 199958752  0.004  0.001    8.346   10.361    0    0  (Gen:  0)
  2643344    566096 200276464  0.003  0.001    8.352   10.363    0    0  (Gen:  0)
  2686312    783712 200809416  0.004  0.001    8.359   10.365    0    0  (Gen:  0)
  2561616   1005336 201294784  0.005  0.001    8.366   10.367    0    0  (Gen:  0)
  2501760    744336 201648168  0.004  0.001    8.374   10.369    0    0  (Gen:  0)
  3217328    710640 202232928  0.005  0.001    8.383   10.371    0    0  (Gen:  0)
  2502792    569776 202429600  0.007  0.001    8.391   10.373    0    0  (Gen:  0)
  2836760    393816 202653096  0.002  0.001    8.398   10.375    0    0  (Gen:  0)
  2418536    362872 202852168  0.002  0.001    8.404   10.377    0    0  (Gen:  0)
  2628120    367392 203047968  0.003  0.001    8.411   10.379    0    0  (Gen:  0)
  2811280    341896 203213608  0.003  0.001    8.417   10.380    0    0  (Gen:  0)
  2898960    531848 203589216  0.003  0.001    8.424   10.382    0    0  (Gen:  0)
  2440256    757344 203993648  0.004  0.001    8.430   10.384    0    0  (Gen:  0)
  3921264   1105968 205036112  0.006  0.001    8.437   10.385    0    0  (Gen:  0)
  2862312   1291856 205457264  0.004  0.001    8.443   10.387    0    0  (Gen:  0)
  2713648    879784 205924248  0.002  0.001    8.448   10.389    0    0  (Gen:  0)
  2228272    503448 206163000  0.001  0.000    8.451   10.390    0    0  (Gen:  0)
  1821592    507952 206508584  0.001  0.000    8.454   10.391    0    0  (Gen:  0)
  2104376    683472 206941096  0.001  0.000    8.458   10.392    0    0  (Gen:  0)
  1747112    629280 207234000  0.001  0.000    8.461   10.393    0    0  (Gen:  0)
  1365744    408624 207477320  0.001  0.000    8.463   10.394    0    0  (Gen:  0)
  2890744   1573688 208972488  0.005  0.001    8.470   10.396    0    0  (Gen:  0)
  2622496   2031736 209846768  0.008  0.002    8.481   10.399    0    0  (Gen:  0)
  2484504   1546304 210565440  0.007  0.002    8.490   10.402    0    0  (Gen:  0)
  1621432    931080 210825152  0.002  0.001    8.495   10.403    0    0  (Gen:  0)
  2023080    647120 211244160  0.003  0.001    8.501   10.405    0    0  (Gen:  0)
  2133728    854496 211732088  0.004  0.001    8.506   10.406    0    0  (Gen:  0)
  2525200    693616 212168680  0.005  0.001    8.514   10.408    0    0  (Gen:  0)
  2297024    769512 212546920  0.004  0.001    8.521   10.410    0    0  (Gen:  0)
  2129952    557096 212866944  0.003  0.000    8.526   10.411    0    0  (Gen:  0)
  2773080    579432 213328144  0.002  0.001    8.533   10.413    0    0  (Gen:  0)
  2428776    768504 213873976  0.003  0.001    8.539   10.415    0    0  (Gen:  0)
  2329536    916456 214386576  0.004  0.001    8.546   10.417    0    0  (Gen:  0)
  2917088    875312 215063928  0.004  0.001    8.555   10.419    0    0  (Gen:  0)
  2096600    713472 215322576  0.003  0.001    8.560   10.421    0    0  (Gen:  0)
  2256456    630256 215665040  0.003  0.001    8.567   10.422    0    0  (Gen:  0)
  2578800    460736 215920992  0.003  0.001    8.573   10.424    0    0  (Gen:  0)
  2825784    901120 216630064  0.005  0.001    8.579   10.426    0    0  (Gen:  0)
  2440016   1116272 217182704  0.005  0.001    8.587   10.428    0    0  (Gen:  0)
  2488480    793696 217575576  0.004  0.001    8.594   10.430    0    0  (Gen:  0)
  2554568    541096 217949632  0.003  0.000    8.600   10.431    0    0  (Gen:  0)
  2810856    582400 218218512  0.003  0.001    8.606   10.433    0    0  (Gen:  0)
  2860968    492864 218465376  0.003  0.001    8.613   10.435    0    0  (Gen:  0)
  3101904    538360 218781928  0.004  0.001    8.621   10.437    0    0  (Gen:  0)
  2718624    673264 219157280  0.003  0.001    8.628   10.438    0    0  (Gen:  0)
  3133784    670072 219555248  0.004  0.001    8.636   10.441    0    0  (Gen:  0)
  2816336    784912 219963824  0.004  0.001    8.644   10.443    0    0  (Gen:  0)
  2688296    509536 220161664  0.003  0.001    8.651   10.444    0    0  (Gen:  0)
  2364776    451176 220453760  0.004  0.000    8.656   10.446    0    0  (Gen:  0)
  2691296    759208 220973024  0.004  0.001    8.664   10.448    0    0  (Gen:  0)
  2336064    759328 221277000  0.004  0.001    8.670   10.449    0    0  (Gen:  0)
  3262552    615248 221751440  0.004  0.001    8.676   10.451    0    0  (Gen:  0)
  2232560    581264 221934144  0.003  0.001    8.679   10.452    0    0  (Gen:  0)
  1044648    311936 222083272  0.001  0.000    8.681   10.453    0    0  (Gen:  0)
  2803664    704024 222701048  0.004  0.001    8.687   10.455    0    0  (Gen:  0)
  2936304    638480 223365232  0.004  0.001    8.694   10.457    0    0  (Gen:  0)
  2761512    639176 223747488  0.003  0.001    8.700   10.459    0    0  (Gen:  0)
  2678704    638072 224140288  0.004  0.001    8.706   10.460    0    0  (Gen:  0)
  3351792    648352 224625608  0.004  0.001    8.712   10.462    0    0  (Gen:  0)
  3163568    721376 225018024  0.005  0.001    8.718   10.464    0    0  (Gen:  0)
  2981768    702520 225407616  0.007  0.001    8.726   10.466    0    0  (Gen:  0)
  2807168    541944 225662712  0.003  0.001    8.732   10.467    0    0  (Gen:  0)
  3653488    436400 226012240  0.004  0.001    8.739   10.469    0    0  (Gen:  0)
  3104352    760224 226477112  0.003  0.001    8.747   10.471    0    0  (Gen:  0)
  2544592    528192 226675840  0.003  0.001    8.754   10.473    0    0  (Gen:  0)
  3226528    347576 226964904  0.001  0.000    8.759   10.475    0    0  (Gen:  0)
  3666784    609352 227327904  0.004  0.001    8.767   10.477    0    0  (Gen:  0)
  3449968    706816 227723080  0.007  0.001    8.775   10.479    0    0  (Gen:  0)
  3412184    429392 227991344  0.004  0.001    8.782   10.481    0    0  (Gen:  0)
  2459048    470520 228289448  0.004  0.001    8.788   10.482    0    0  (Gen:  0)
  2223064    396416 228623712  0.002  0.000    8.792   10.483    0    0  (Gen:  0)
  3606000    529160 229098104  0.004  0.001    8.798   10.485    0    0  (Gen:  0)
  3180704    664816 229493120  0.005  0.001    8.806   10.487    0    0  (Gen:  0)
  2445280    765504 229922576  0.005  0.001    8.812   10.489    0    0  (Gen:  0)
  2912224    713032 230394304  0.005  0.001    8.818   10.491    0    0  (Gen:  0)
  3817360    646800 230799272  0.003  0.001    8.825   10.493    0    0  (Gen:  0)
  3033432    905400 231319416  0.004  0.001    8.831   10.494    0    0  (Gen:  0)
  3540136    866144 231749464  0.006  0.001    8.840   10.496    0    0  (Gen:  0)
  3506584    765336 232126080  0.005  0.001    8.849   10.499    0    0  (Gen:  0)
  3639656    679608 232447752  0.007  0.001    8.858   10.501    0    0  (Gen:  0)
  4071144    536648 232753168  0.002  0.001    8.866   10.503    0    0  (Gen:  0)
  3048936    752576 233253976  0.004  0.001    8.872   10.505    0    0  (Gen:  0)
  3240624    870184 233690984  0.005  0.001    8.880   10.507    0    0  (Gen:  0)
  2738408    679320 234041312  0.003  0.001    8.888   10.509    0    0  (Gen:  0)
  3161440    520536 234340920  0.004  0.000    8.894   10.510    0    0  (Gen:  0)
  2852160    635144 234709472  0.005  0.001    8.900   10.512    0    0  (Gen:  0)
  2893896    543168 235011944  0.005  0.001    8.906   10.514    0    0  (Gen:  0)
  2857744    516768 235340352  0.003  0.001    8.911   10.515    0    0  (Gen:  0)
  3103832    430112 235581600  0.002  0.000    8.916   10.516    0    0  (Gen:  0)
  3629344    712776 236110432  0.003  0.001    8.921   10.518    0    0  (Gen:  0)
  2987888    999568 236800664  0.004  0.001    8.928   10.520    0    0  (Gen:  0)
  2562040    938288 237251104  0.007  0.001    8.936   10.522    0    0  (Gen:  0)
  2751520    820664 237673888  0.005  0.001    8.943   10.524    0    0  (Gen:  0)
  3297240    795520 238087016  0.005  0.001    8.950   10.526    0    0  (Gen:  0)
  2367168    593896 238414280  0.003  0.001    8.956   10.527    0    0  (Gen:  0)
  3681320    642152 238915112  0.005  0.001    8.962   10.529    0    0  (Gen:  0)
  3669968    758368 239278224  0.002  0.001    8.970   10.531    0    0  (Gen:  0)
  2701720    731744 239669680  0.005  0.001    8.977   10.533    0    0  (Gen:  0)
  2701832    815520 240109520  0.005  0.001    8.983   10.535    0    0  (Gen:  0)
  3524144    837192 240544040  0.004  0.001    8.989   10.536    0    0  (Gen:  0)
  2902768    670456 240894536  0.005  0.001    8.996   10.538    0    0  (Gen:  0)
  3256488    736632 241535872  0.005  0.001    9.003   10.540    0    0  (Gen:  0)
  3555296    917160 242105432  0.006  0.001    9.010   10.542    0    0  (Gen:  0)
  3540304    827232 242659656  0.005  0.001    9.017   10.544    0    0  (Gen:  0)
  3295536    744032 243077112  0.005  0.001    9.023   10.545    0    0  (Gen:  0)
  3581664    650176 243466544  0.004  0.001    9.030   10.547    0    0  (Gen:  0)
  2874104    502768 243673632  0.003  0.001    9.036   10.549    0    0  (Gen:  0)
  3152240    379456 243840888  0.005  0.001    9.043   10.551    0    0  (Gen:  0)
  3332632    289520 244017320  0.004  0.001    9.049   10.552    0    0  (Gen:  0)
  3376616    386488 244267304  0.004  0.001    9.055   10.554    0    0  (Gen:  0)
  3309496    501144 244531624  0.003  0.000    9.060   10.555    0    0  (Gen:  0)
  3324752    588280 244854920  0.004  0.000    9.066   10.557    0    0  (Gen:  0)
  3033064    579992 245167448  0.004  0.001    9.072   10.558    0    0  (Gen:  0)
  3169424    942952 245819736  0.006  0.001    9.080   10.560    0    0  (Gen:  0)
  2696096    959264 246195344  0.006  0.001    9.087   10.562    0    0  (Gen:  0)
  2281904    639888 246506688  0.004  0.001    9.092   10.564    0    0  (Gen:  0)
  2611224    685568 246917824  0.004  0.001    9.097   10.565    0    0  (Gen:  0)
  3212280    868728 247407616  0.005  0.001    9.103   10.567    0    0  (Gen:  0)
  2717968    801080 247889472  0.005  0.001    9.109   10.568    0    0  (Gen:  0)
  3732984    595448 248203800  0.003  0.001    9.115   10.570    0    0  (Gen:  0)
  3739880    711512 248690944  0.004  0.001    9.122   10.572    0    0  (Gen:  0)
  2743168    697592 248890736  0.004  0.001    9.127   10.573    0    0  (Gen:  0)
  2737320    346408 249034296  0.003  0.000    9.132   10.574    0    0  (Gen:  0)
  3064216    352984 249240968  0.005  0.001    9.138   10.576    0    0  (Gen:  0)
  2880808    362200 249397704  0.002  0.001    9.143   10.578    0    0  (Gen:  0)
  3240000    293808 249517112  0.002  0.000    9.151   10.580    0    0  (Gen:  0)
  3086048    478672 249876176  0.002  0.001    9.157   10.582    0    0  (Gen:  0)
  3490728    471152 250109264  0.001  0.001    9.163   10.583    0    0  (Gen:  0)
  3661728    515232 250454688  0.003  0.001    9.169   10.585    0    0  (Gen:  0)
  3511816    590704 250772112  0.003  0.001    9.175   10.587    0    0  (Gen:  0)
  2837144    599344 251069848  0.006  0.001    9.183   10.589    0    0  (Gen:  0)
  3034392    560992 251352656  0.006  0.001    9.190   10.591    0    0  (Gen:  0)
  2886752    540256 251620280  0.005  0.001    9.196   10.592    0    0  (Gen:  0)
  2938944    519456 251909232  0.004  0.001    9.201   10.594    0    0  (Gen:  0)
  3436752    393600 252214256  0.004  0.000    9.207   10.595    0    0  (Gen:  0)
  3398728    379464 252350688  0.003  0.000    9.212   10.597    0    0  (Gen:  0)
  3431912    561984 252769656  0.004  0.001    9.218   10.598    0    0  (Gen:  0)
  3804216    476640 253028640  0.001  0.001    9.224   10.600    0    0  (Gen:  0)
  3222368    518320 253391216  0.002  0.001    9.230   10.601    0    0  (Gen:  0)
  2659688    646440 253844080  0.003  0.001    9.237   10.603    0    0  (Gen:  0)
  3009888    633280 254172168  0.003  0.001    9.241   10.605    0    0  (Gen:  0)
  2715864    435040 254405896  0.003  0.000    9.246   10.606    0    0  (Gen:  0)
  2338120    412088 254607448  0.003  0.001    9.250   10.607    0    0  (Gen:  0)
  1999936    329336 254754824  0.003  0.000    9.254   10.608    0    0  (Gen:  0)
  2166944    344872 254945016  0.003  0.000    9.257   10.609    0    0  (Gen:  0)
  3350312    552792 255298824  0.005  0.001    9.264   10.611    0    0  (Gen:  0)
  2479616    701360 255662504  0.004  0.001    9.270   10.612    0    0  (Gen:  0)
  2753240    629032 255948968  0.005  0.001    9.276   10.614    0    0  (Gen:  0)
  2769344    597504 256250144  0.003  0.001    9.281   10.615    0    0  (Gen:  0)
  3439688    594896 256529160  0.005  0.001    9.287   10.617    0    0  (Gen:  0)
  3309776    351152 256721408  0.003  0.001    9.293   10.618    0    0  (Gen:  0)
  3190280    446440 256990488  0.004  0.001    9.299   10.620    0    0  (Gen:  0)
  3709488    635040 257360704  0.004  0.001    9.305   10.622    0    0  (Gen:  0)
  3399416    545184 257717752  0.003  0.001    9.310   10.623    0    0  (Gen:  0)
  3213072    369392 257929000  0.004  0.000    9.315   10.625    0    0  (Gen:  0)
  3616376    524280 258280840  0.004  0.001    9.322   10.626    0    0  (Gen:  0)
  2366920    668072 258641496  0.004  0.001    9.328   10.628    0    0  (Gen:  0)
  3445288    565448 258977920  0.004  0.001    9.334   10.630    0    0  (Gen:  0)
  3233120    530208 259348656  0.003  0.001    9.341   10.631    0    0  (Gen:  0)
  3882328    497528 259621480  0.006  0.001    9.348   10.633    0    0  (Gen:  0)
  3205968    388136 259744200  0.004  0.001    9.355   10.635    0    0  (Gen:  0)
  2273064    201000 259848688  0.003  0.000    9.359   10.636    0    0  (Gen:  0)
  3018184    348832 260089424  0.004  0.000    9.364   10.638    0    0  (Gen:  0)
  3204912    405864 260266480  0.002  0.000    9.369   10.639    0    0  (Gen:  0)
  3768344    452008 260506400  0.006  0.000    9.377   10.641    0    0  (Gen:  0)
  3694760    385224 260685416  0.005  0.000    9.383   10.643    0    0  (Gen:  0)
  3327152    358288 260867416  0.004  0.001    9.389   10.644    0    0  (Gen:  0)
  3285488    453192 261161576  0.003  0.001    9.395   10.646    0    0  (Gen:  0)
  3287080    484440 261365440  0.002  0.001    9.401   10.647    0    0  (Gen:  0)
  2905888    469960 261588056  0.004  0.001    9.407   10.649    0    0  (Gen:  0)
  3025528    516216 261876256  0.004  0.001    9.412   10.650    0    0  (Gen:  0)
  2787416    506744 262092472  0.004  0.001    9.418   10.652    0    0  (Gen:  0)
  3073008    507472 262356616  0.003  0.001    9.424   10.653    0    0  (Gen:  0)
  3040608    521792 262611104  0.005  0.001    9.430   10.655    0    0  (Gen:  0)
  3026864    559832 262904120  0.004  0.001    9.436   10.656    0    0  (Gen:  0)
  2975136    673744 263272400  0.004  0.001    9.442   10.658    0    0  (Gen:  0)
  2672296    610304 263529032  0.003  0.001    9.447   10.659    0    0  (Gen:  0)
  2655528    528520 263784992  0.002  0.001    9.452   10.661    0    0  (Gen:  0)
  3419800    513192 264032088  0.004  0.001    9.458   10.662    0    0  (Gen:  0)
  2958080    498728 264275280  0.003  0.001    9.463   10.664    0    0  (Gen:  0)
  3185928    668056 264694232  0.003  0.001    9.470   10.665    0    0  (Gen:  0)
  3204312    852568 265216480  0.002  0.001    9.478   10.668    0    0  (Gen:  0)
  2130896    704696 265473920  0.005  0.001    9.484   10.669    0    0  (Gen:  0)
  1950528    500856 265734728  0.002  0.001    9.488   10.670    0    0  (Gen:  0)
  2005416    462960 265994448  0.003  0.000    9.492   10.671    0    0  (Gen:  0)
  1922968    409432 266198696  0.003  0.000    9.496   10.672    0    0  (Gen:  0)
  2022288    415208 266416056  0.003  0.000    9.500   10.673    0    0  (Gen:  0)
  2279280    523376 266726448  0.004  0.001    9.505   10.675    0    0  (Gen:  0)
  2064880    582672 267027664  0.004  0.001    9.510   10.676    0    0  (Gen:  0)
  2045584    604368 267325800  0.004  0.001    9.515   10.677    0    0  (Gen:  0)
  1939256    615776 267632248  0.004  0.001    9.520   10.679    0    0  (Gen:  0)
  2360888    626392 267947760  0.005  0.001    9.526   10.680    0    0  (Gen:  0)
  2851144    381672 268154112  0.004  0.000    9.531   10.682    0    0  (Gen:  0)
  2083928    295328 268300544  0.003  0.000    9.535   10.683    0    0  (Gen:  0)
  3039656    564056 268751216  0.004  0.001    9.541   10.684    0    0  (Gen:  0)
  2962456    950968 269235776  0.005  0.001    9.549   10.687    0    0  (Gen:  0)
  2954864    880592 269749776  0.006  0.001    9.558   10.689    0    0  (Gen:  0)
  2706832    775440 270185920  0.006  0.001    9.566   10.692    0    0  (Gen:  0)
  2674056    719688 270522984  0.005  0.001    9.574   10.693    0    0  (Gen:  0)
  2612688    491888 270927072  0.003  0.001    9.580   10.695    0    0  (Gen:  0)
  3203056    581360 271229752  0.004  0.001    9.586   10.697    0    0  (Gen:  0)
  3716864    732656 271712240  0.004  0.001    9.592   10.699    0    0  (Gen:  0)
  3479296    824880 272129176  0.005  0.001    9.600   10.701    0    0  (Gen:  0)
  2822128    708808 272457960  0.006  0.001    9.608   10.703    0    0  (Gen:  0)
  2615776    578976 272737648  0.005  0.001    9.616   10.705    0    0  (Gen:  0)
  2097544    480448 272992384  0.004  0.001    9.621   10.706    0    0  (Gen:  0)
  2909856    340632 273276040  0.004  0.001    9.627   10.708    0    0  (Gen:  0)
  3420584    367128 273402792  0.004  0.000    9.633   10.710    0    0  (Gen:  0)
  2529184    328616 273624232  0.002  0.000    9.637   10.711    0    0  (Gen:  0)
  2401992    499312 273967536  0.002  0.001    9.642   10.713    0    0  (Gen:  0)
  2286864    591888 274288504  0.002  0.001    9.647   10.714    0    0  (Gen:  0)
  2024352    582872 274567432  0.002  0.001    9.653   10.716    0    0  (Gen:  0)
  1938560    506408 274949560  0.003  0.001    9.659   10.718    0    0  (Gen:  0)
  2136648    546800 275266344  0.002  0.001    9.665   10.720    0    0  (Gen:  0)
  2382600    729936 275716016  0.003  0.001    9.671   10.722    0    0  (Gen:  0)
  2481856    825712 276142584  0.004  0.001    9.679   10.724    0    0  (Gen:  0)
  2684960    587464 276503656  0.003  0.001    9.685   10.725    0    0  (Gen:  0)
  2019992    494144 276878152  0.002  0.001    9.689   10.727    0    0  (Gen:  0)
  2772440    526704 277125000  0.003  0.001    9.695   10.729    0    0  (Gen:  0)
  2011352    494400 277356576  0.002  0.001    9.699   10.730    0    0  (Gen:  0)
  1428272    403768 277601768  0.002  0.001    9.702   10.732    0    0  (Gen:  0)
  1399120    438488 277785392  0.002  0.001    9.706   10.733    0    0  (Gen:  0)
  1727656    357008 278039888  0.002  0.001    9.710   10.734    0    0  (Gen:  0)
  1661376    382600 278247184  0.002  0.001    9.713   10.736    0    0  (Gen:  0)
  2003424    360520 278419192  0.001  0.001    9.717   10.738    0    0  (Gen:  0)
  1754920    326536 278576560  0.002  0.001    9.723   10.740    0    0  (Gen:  0)
  2015072    277784 278702464  0.002  0.001    9.727   10.741    0    0  (Gen:  0)
  1999088    269984 278893624  0.002  0.000    9.731   10.743    0    0  (Gen:  0)
  2079080    234520 279015520  0.001  0.000    9.735   10.745    0    0  (Gen:  0)
  1908376    313272 279207256  0.001  0.000    9.739   10.747    0    0  (Gen:  0)
  2052136    366616 279435040  0.001  0.001    9.743   10.748    0    0  (Gen:  0)
  2039704    479696 279697256  0.001  0.001    9.748   10.750    0    0  (Gen:  0)
  1977680    458752 279913760  0.001  0.000    9.752   10.752    0    0  (Gen:  0)
  1853072    409904 280108048  0.001  0.001    9.757   10.754    0    0  (Gen:  0)
  2008624    362528 280273848  0.002  0.001    9.762   10.756    0    0  (Gen:  0)
  1846600    270824 280418680  0.002  0.001    9.766   10.757    0    0  (Gen:  0)
  1977496    273336 280572616  0.002  0.001    9.771   10.759    0    0  (Gen:  0)
  1667240    267872 280686792  0.001  0.000    9.774   10.761    0    0  (Gen:  0)
  1781384    271600 280833672  0.001  0.000    9.778   10.762    0    0  (Gen:  0)
  1799904    334848 281023520  0.002  0.001    9.783   10.764    0    0  (Gen:  0)
  1585072    209432 281052720  0.001  0.000    9.787   10.766    0    0  (Gen:  0)
  1594648     83752 281097936  0.000  0.000    9.789   10.767    0    0  (Gen:  0)
  1612464    155776 281210344  0.001  0.000    9.792   10.768    0    0  (Gen:  0)
  1699480    218504 281389288  0.001  0.000    9.794   10.769    0    0  (Gen:  0)
  2047920    562904 281862768  0.002  0.001    9.798   10.771    0    0  (Gen:  0)
  2065304    875688 282320760  0.003  0.001    9.804   10.773    0    0  (Gen:  0)
  1726912    759640 282711488  0.003  0.001    9.810   10.774    0    0  (Gen:  0)
  1562840    561208 283106520  0.002  0.001    9.813   10.776    0    0  (Gen:  0)
  1785312    561336 283459240  0.002  0.001    9.816   10.777    0    0  (Gen:  0)
  1827176    377032 283606640  0.001  0.000    9.819   10.778    0    0  (Gen:  0)
  1952640    264072 283839224  0.001  0.000    9.821   10.779    0    0  (Gen:  0)
  1466800    160752 283883784  0.001  0.000    9.823   10.780    0    0  (Gen:  0)
  1724840     63768 283933320  0.000  0.000    9.825   10.780    0    0  (Gen:  0)
  2119968    291936 284276992  0.001  0.000    9.828   10.781    0    0  (Gen:  0)
  3684840   1155656 285169368  0.005  0.001    9.835   10.783    0    0  (Gen:  0)
  3139848   1260520 285699624  0.004  0.001    9.841   10.785    0    0  (Gen:  0)
  2697080    728288 286019640  0.003  0.001    9.847   10.787    0    0  (Gen:  0)
  2568344    470840 286281200  0.003  0.001    9.854   10.788    0    0  (Gen:  0)
  3558008    557104 286608632  0.005  0.001    9.861   10.791    0    0  (Gen:  0)
  2858160    528592 286829760  0.004  0.001    9.867   10.792    0    0  (Gen:  0)
  3109088    478400 287070048  0.004  0.001    9.874   10.794    0    0  (Gen:  0)
  2846544    513648 287347000  0.004  0.001    9.880   10.796    0    0  (Gen:  0)
  3071848    561560 287675496  0.004  0.001    9.887   10.798    0    0  (Gen:  0)
  2891296    667008 288034344  0.003  0.001    9.893   10.799    0    0  (Gen:  0)
  3224024    634696 288378840  0.006  0.001    9.900   10.801    0    0  (Gen:  0)
  3068688    516992 288609408  0.003  0.001    9.906   10.803    0    0  (Gen:  0)
  3200312    400984 288794696  0.005  0.000    9.913   10.804    0    0  (Gen:  0)
  3518144    425208 289047384  0.005  0.001    9.919   10.806    0    0  (Gen:  0)
  3020336    646336 289447096  0.004  0.001    9.926   10.808    0    0  (Gen:  0)
  2617800    751296 289815320  0.006  0.001    9.933   10.810    0    0  (Gen:  0)
  2690416    724264 290187416  0.004  0.001    9.940   10.812    0    0  (Gen:  0)
  2363544    424296 290470904  0.004  0.001    9.945   10.813    0    0  (Gen:  0)
  3067632    691456 290961672  0.006  0.001    9.952   10.815    0    0  (Gen:  0)
  2787248    855696 291392728  0.005  0.001    9.958   10.816    0    0  (Gen:  0)
  3015520    516320 291748432  0.006  0.001    9.965   10.818    0    0  (Gen:  0)
  2576352    696776 292141488  0.005  0.001    9.972   10.820    0    0  (Gen:  0)
  2820736    818464 292621064  0.005  0.001    9.978   10.822    0    0  (Gen:  0)
  2699432    481816 292892616  0.002  0.001    9.984   10.824    0    0  (Gen:  0)
  3019816    640504 293254776  0.004  0.001    9.991   10.825    0    0  (Gen:  0)
  2611888    589128 293482728  0.005  0.001    9.998   10.827    0    0  (Gen:  0)
  2849672    494848 293752776  0.005  0.001   10.004   10.829    0    0  (Gen:  0)
  3075840    618288 294087592  0.005  0.001   10.010   10.830    0    0  (Gen:  0)
  3312456    734296 294478480  0.005  0.001   10.016   10.832    0    0  (Gen:  0)
  2499920    641280 294720808  0.003  0.001   10.023   10.834    0    0  (Gen:  0)
  3205640    581808 295151840  0.002  0.001   10.031   10.836    0    0  (Gen:  0)
  2817984    550984 295380496  0.002  0.001   10.037   10.837    0    0  (Gen:  0)
  2780616    580880 295722568  0.002  0.001   10.043   10.839    0    0  (Gen:  0)
  2887800    631768 296036800  0.005  0.001   10.049   10.841    0    0  (Gen:  0)
  3620496    671328 296535584  0.004  0.001   10.056   10.843    0    0  (Gen:  0)
  3535896    912824 296988536  0.004  0.001   10.063   10.845    0    0  (Gen:  0)
  3025648    695256 297270264  0.005  0.001   10.070   10.846    0    0  (Gen:  0)
  3267432    707832 297807304  0.003  0.001   10.077   10.848    0    0  (Gen:  0)
  3267312    936432 298250240  0.006  0.001   10.087   10.851    0    0  (Gen:  0)
  2443800    613272 298521144  0.004  0.001   10.092   10.852    0    0  (Gen:  0)
  2988872    503720 298879648  0.002  0.001   10.098   10.854    0    0  (Gen:  0)
  3004672    664448 299183952  0.003  0.001   10.104   10.856    0    0  (Gen:  0)
  2379608    487176 299392432  0.003  0.001   10.111   10.857    0    0  (Gen:  0)
  2408928    432472 299619176  0.005  0.001   10.117   10.859    0    0  (Gen:  0)
  2494424    493264 299870424  0.004  0.001   10.122   10.860    0    0  (Gen:  0)
  3423208    655024 300274736  0.006  0.001   10.129   10.862    0    0  (Gen:  0)
  3213808    803104 300690664  0.004  0.001   10.136   10.864    0    0  (Gen:  0)
  2784216    605472 300932184  0.006  0.001   10.143   10.866    0    0  (Gen:  0)
  3558072    560640 301281208  0.005  0.001   10.151   10.868    0    0  (Gen:  0)
  3702984    599000 301560832  0.004  0.001   10.160   10.870    0    0  (Gen:  0)
  2509960    582744 301898224  0.003  0.001   10.164   10.871    0    0  (Gen:  0)
  3012496    569304 302134040  0.004  0.001   10.170   10.873    0    0  (Gen:  0)
  2789560    581080 302373288  0.005  0.001   10.176   10.874    0    0  (Gen:  0)
  2185240    398888 302514032  0.003  0.001   10.181   10.876    0    0  (Gen:  0)
  3007336    538632 302866624  0.005  0.001   10.188   10.877    0    0  (Gen:  0)
  3153184    567808 303085824  0.003  0.001   10.196   10.879    0    0  (Gen:  0)
  3023432    637520 303498608  0.006  0.001   10.203   10.881    0    0  (Gen:  0)
  3047560    782560 303916264  0.007  0.001   10.211   10.883    0    0  (Gen:  0)
  2786128    800000 304388248  0.007  0.001   10.219   10.886    0    0  (Gen:  0)
  2323608    726440 304714016  0.003  0.001   10.224   10.887    0    0  (Gen:  0)
  2130616    613936 305024824  0.003  0.001   10.228   10.888    0    0  (Gen:  0)
  2159528    529480 305285288  0.003  0.000   10.233   10.889    0    0  (Gen:  0)
  2496744    534920 305582928  0.003  0.000   10.237   10.890    0    0  (Gen:  0)
  2084336    386536 305782816  0.003  0.000   10.241   10.892    0    0  (Gen:  0)
  2192184    501400 306087552  0.002  0.001   10.244   10.893    0    0  (Gen:  0)
  2544336    634976 306419352  0.003  0.001   10.249   10.894    0    0  (Gen:  0)
  2184224    547800 306640368  0.003  0.000   10.254   10.895    0    0  (Gen:  0)
  2070080    451768 306854384  0.002  0.001   10.259   10.896    0    0  (Gen:  0)
  2007088    429552 307061640  0.002  0.000   10.262   10.897    0    0  (Gen:  0)
  2088248    397360 307246680  0.003  0.000   10.267   10.899    0    0  (Gen:  0)
  2872736    633272 307695808  0.002  0.001   10.272   10.900    0    0  (Gen:  0)
  3153976    909616 308221504  0.006  0.001   10.279   10.902    0    0  (Gen:  0)
  2854104    992656 308791056  0.005  0.001   10.286   10.904    0    0  (Gen:  0)
  3517992    779536 309193968  0.005  0.001   10.295   10.906    0    0  (Gen:  0)
  3101088    669800 309547200  0.003  0.001   10.300   10.908    0    0  (Gen:  0)
  3386376    655728 309989968  0.004  0.001   10.308   10.910    0    0  (Gen:  0)
  3149968    797152 310333712  0.003  0.001   10.315   10.911    0    0  (Gen:  0)
  2996888    746952 310724728  0.005  0.001   10.322   10.913    0    0  (Gen:  0)
  2502904    636392 311044744  0.005  0.001   10.329   10.915    0    0  (Gen:  0)
  2528512    419656 311223328  0.006  0.001   10.336   10.917    0    0  (Gen:  0)
  2831288    394984 311459016  0.003  0.000   10.341   10.918    0    0  (Gen:  0)
  3726320    406424 311653928  0.004  0.000   10.349   10.920    0    0  (Gen:  0)
  2790072    551624 312007432  0.003  0.001   10.356   10.923    0    0  (Gen:  0)
  2935040    516496 312203168  0.003  0.001   10.364   10.925    0    0  (Gen:  0)
  2302472    399992 312453880  0.004  0.000   10.369   10.926    0    0  (Gen:  0)
  3427264    457912 312826488  0.004  0.001   10.376   10.928    0    0  (Gen:  0)
  3036688    521576 313050224  0.003  0.001   10.382   10.930    0    0  (Gen:  0)
  3067432    480984 313309984  0.003  0.001   10.390   10.932    0    0  (Gen:  0)
  3374368    557584 313670520  0.004  0.001   10.396   10.933    0    0  (Gen:  0)
  3047016    647096 314032848  0.003  0.001   10.402   10.935    0    0  (Gen:  0)
  3395952    709880 314419968  0.003  0.001   10.409   10.937    0    0  (Gen:  0)
  3303832    535048 314594408  0.006  0.001   10.417   10.939    0    0  (Gen:  0)
  3350760    309024 314717552  0.003  0.000   10.422   10.940    0    0  (Gen:  0)
  2920056    263824 314835592  0.004  0.000   10.427   10.941    0    0  (Gen:  0)
  3529056    293952 315006360  0.001  0.000   10.433   10.943    0    0  (Gen:  0)
  3406784    333696 315174896  0.004  0.000   10.439   10.944    0    0  (Gen:  0)
  3516264    307576 315293592  0.004  0.000   10.445   10.946    0    0  (Gen:  0)
  3519816    490432 315635496  0.005  0.001   10.451   10.948    0    0  (Gen:  0)
  2777360    642568 315965824  0.003  0.001   10.457   10.949    0    0  (Gen:  0)
  2898992    372280 316140696  0.002  0.001   10.463   10.951    0    0  (Gen:  0)
  3419936    585928 316535424  0.005  0.001   10.471   10.953    0    0  (Gen:  0)
  3254344    635288 316883584  0.002  0.001   10.477   10.955    0    0  (Gen:  0)
  2995296    428264 317096024  0.002  0.001   10.484   10.957    0    0  (Gen:  0)
  3620256    522256 317405616  0.003  0.001   10.491   10.958    0    0  (Gen:  0)
  3039048    636144 317737576  0.006  0.001   10.499   10.961    0    0  (Gen:  0)
  3013608    676008 318093216  0.007  0.001   10.507   10.963    0    0  (Gen:  0)
  2434752    526864 318286360  0.004  0.001   10.512   10.964    0    0  (Gen:  0)
  3497592    619760 318701672  0.006  0.001   10.519   10.966    0    0  (Gen:  0)
  2522064    710552 319033832  0.006  0.001   10.526   10.968    0    0  (Gen:  0)
  3022808    784360 319507152  0.006  0.001   10.533   10.970    0    0  (Gen:  0)
  2787712    970288 320068344  0.005  0.001   10.540   10.972    0    0  (Gen:  0)
  2914744   1031736 320584816  0.006  0.001   10.547   10.973    0    0  (Gen:  0)
  2950888   1058824 321154048  0.007  0.001   10.554   10.975    0    0  (Gen:  0)
  2798536   1002600 321608096  0.004  0.001   10.560   10.977    0    0  (Gen:  0)
  2402224    629040 322008776  0.005  0.001   10.565   10.978    0    0  (Gen:  0)
  3186024    450680 322237360  0.003  0.001   10.571   10.980    0    0  (Gen:  0)
  3260392    681792 322659032  0.004  0.001   10.577   10.982    0    0  (Gen:  0)
  3088744    692832 322930848  0.003  0.001   10.584   10.983    0    0  (Gen:  0)
  2940088    379648 323097408  0.004  0.001   10.591   10.985    0    0  (Gen:  0)
  3551720    405864 323332696  0.005  0.001   10.598   10.987    0    0  (Gen:  0)
  3438824    751080 323826208  0.006  0.001   10.605   10.989    0    0  (Gen:  0)
  3401824    828208 324274624  0.005  0.001   10.611   10.991    0    0  (Gen:  0)
  3031224    919840 324758232  0.005  0.001   10.619   10.993    0    0  (Gen:  0)
  3586464    745992 325142704  0.003  0.001   10.625   10.994    0    0  (Gen:  0)
  3229704    821984 325602432  0.006  0.001   10.632   10.997    0    0  (Gen:  0)
  2544912    628376 325791616  0.006  0.001   10.641   10.999    0    0  (Gen:  0)
  3445104    545544 326140824  0.004  0.001   10.649   11.001    0    0  (Gen:  0)
  3798296    708376 326518048  0.007  0.001   10.657   11.003    0    0  (Gen:  0)
  3826072    753088 326878672  0.005  0.001   10.665   11.005    0    0  (Gen:  0)
  3259976    829560 327334600  0.006  0.001   10.674   11.007    0    0  (Gen:  0)
  2946040    777624 327679776  0.006  0.001   10.681   11.009    0    0  (Gen:  0)
  2703848    598640 327952800  0.005  0.001   10.687   11.011    0    0  (Gen:  0)
  3278064    483816 328272072  0.004  0.001   10.693   11.013    0    0  (Gen:  0)
  3181792    634224 328673952  0.005  0.001   10.700   11.014    0    0  (Gen:  0)
  3627096    692992 329108336  0.003  0.001   10.707   11.016    0    0  (Gen:  0)
  2898616    732424 329401960  0.003  0.001   10.714   11.018    0    0  (Gen:  0)
  2569080    453752 329640920  0.004  0.001   10.721   11.020    0    0  (Gen:  0)
  2604248    311592 329773888  0.002  0.000   10.727   11.021    0    0  (Gen:  0)
  3454880    411112 330016968  0.004  0.001   10.734   11.023    0    0  (Gen:  0)
  2967496    449064 330227104  0.004  0.001   10.741   11.025    0    0  (Gen:  0)
  3841480    559000 330567632  0.005  0.001   10.748   11.027    0    0  (Gen:  0)
  3564672    681912 330916000  0.006  0.001   10.757   11.029    0    0  (Gen:  0)
  3151816    723456 331253104  0.005  0.001   10.763   11.031    0    0  (Gen:  0)
  2562280    691344 331617640  0.006  0.001   10.771   11.033    0    0  (Gen:  0)
  3370040    438208 331837544  0.002  0.001   10.778   11.035    0    0  (Gen:  0)
  3474760    725920 332333704  0.007  0.001   10.787   11.038    0    0  (Gen:  0)
  3708504    848232 332777880  0.003  0.001   10.796   11.040    0    0  (Gen:  0)
  2528568    695816 333136752  0.003  0.001   10.801   11.041    0    0  (Gen:  0)
  1880488    310416 333270528  0.003  0.000   10.805   11.043    0    0  (Gen:  0)
  2021304    335152 333491128  0.003  0.001   10.810   11.044    0    0  (Gen:  0)
  2304944    348168 333668616  0.004  0.001   10.815   11.045    0    0  (Gen:  0)
  2576048    413416 333899280  0.004  0.001   10.820   11.047    0    0  (Gen:  0)
  2218056    337080 334027408  0.003  0.000   10.823   11.048    0    0  (Gen:  0)
  3163760    354768 334262768  0.004  0.001   10.828   11.049    0    0  (Gen:  0)
  3166024    480784 334523160  0.005  0.001   10.834   11.050    0    0  (Gen:  0)
  3310424    608728 334911744  0.005  0.001   10.840   11.052    0    0  (Gen:  0)
  3896520    914864 335479208  0.006  0.001   10.846   11.054    0    0  (Gen:  0)
  2987656    988240 335958712  0.003  0.001   10.852   11.056    0    0  (Gen:  0)
  3135000    890696 336418400  0.002  0.001   10.859   11.057    0    0  (Gen:  0)
  3227336    488848 336655768  0.002  0.001   10.864   11.059    0    0  (Gen:  0)
  3132952    543576 337084240  0.001  0.001   10.870   11.060    0    0  (Gen:  0)
  3171840    750528 337442504  0.002  0.001   10.876   11.062    0    0  (Gen:  0)
  2444968    351496 337593544  0.002  0.000   10.882   11.064    0    0  (Gen:  0)
  2353120    302024 337748880  0.002  0.000   10.887   11.065    0    0  (Gen:  0)
  2273536    286488 337873216  0.002  0.000   10.890   11.066    0    0  (Gen:  0)
  2844624    340632 338076048  0.003  0.000   10.896   11.067    0    0  (Gen:  0)
  2942792    397112 338271040  0.004  0.000   10.902   11.069    0    0  (Gen:  0)
  2770904    419152 338470928  0.001  0.000   10.907   11.070    0    0  (Gen:  0)
  3728888    603504 338846232  0.004  0.001   10.914   11.072    0    0  (Gen:  0)
  3178552    395816 339021688  0.004  0.001   10.919   11.073    0    0  (Gen:  0)
  2878160    284640 339192264  0.002  0.000   10.924   11.075    0    0  (Gen:  0)
  3287768    345712 339470488  0.004  0.000   10.930   11.076    0    0  (Gen:  0)
  3151720    296024 339587952  0.003  0.000   10.935   11.077    0    0  (Gen:  0)
  2805264    291312 339738896  0.003  0.000   10.939   11.078    0    0  (Gen:  0)
  3523576    546464 340107112  0.004  0.001   10.945   11.080    0    0  (Gen:  0)
  2142552    418432 340254568  0.002  0.000   10.949   11.082    0    0  (Gen:  0)
  3160048    576720 340717096  0.002  0.001   10.954   11.083    0    0  (Gen:  0)
  3749120    770376 341286472  0.006  0.001   10.961   11.085    0    0  (Gen:  0)
  2491624    588664 341468856  0.004  0.001   10.968   11.087    0    0  (Gen:  0)
  2943560    430640 341793208  0.001  0.000   10.971   11.088    0    0  (Gen:  0)
  2895384    344888 341917816  0.002  0.000   10.974   11.089    0    0  (Gen:  0)
  2178864    290888 342058112  0.002  0.000   10.978   11.090    0    0  (Gen:  0)
  2400080    348400 342295768  0.002  0.000   10.982   11.091    0    0  (Gen:  0)
  2207240    356792 342565664  0.001  0.000   10.985   11.092    0    0  (Gen:  0)
  2717744    538504 342909320  0.003  0.001   10.989   11.093    0    0  (Gen:  0)
  2925656    449760 343140920  0.003  0.001   10.995   11.094    0    0  (Gen:  0)
  2453008    446744 343374328  0.002  0.000   10.999   11.095    0    0  (Gen:  0)
  2472512    579000 343761584  0.001  0.000   11.003   11.096    0    0  (Gen:  0)
  2120400    645080 344123336  0.002  0.001   11.007   11.098    0    0  (Gen:  0)
  2327152    726184 344590432  0.003  0.001   11.014   11.100    0    0  (Gen:  0)
  2394088    683224 344934680  0.002  0.001   11.019   11.101    0    0  (Gen:  0)
  1732104    431840 345148552  0.001  0.000   11.023   11.102    0    0  (Gen:  0)
  1802256    382504 345353432  0.002  0.000   11.026   11.103    0    0  (Gen:  0)
  1813360    380960 345552160  0.002  0.000   11.030   11.104    0    0  (Gen:  0)
  3056608    704816 346081992  0.004  0.001   11.036   11.106    0    0  (Gen:  0)
  3511752   1043384 346740664  0.005  0.001   11.044   11.108    0    0  (Gen:  0)
  3178968   1070496 347320280  0.004  0.001   11.052   11.110    0    0  (Gen:  0)
  2890520    890920 347781456  0.004  0.001   11.058   11.112    0    0  (Gen:  0)
  2732080    661968 348126408  0.002  0.001   11.064   11.113    0    0  (Gen:  0)
  2788624    936336 348706064  0.004  0.001   11.070   11.115    0    0  (Gen:  0)
  2615472   1000272 349282424  0.003  0.001   11.074   11.117    0    0  (Gen:  0)
  2309744    817232 349672656  0.003  0.001   11.080   11.118    0    0  (Gen:  0)
  1992912    738792 350038912  0.003  0.001   11.085   11.119    0    0  (Gen:  0)
  2914872    780568 350566944  0.003  0.001   11.090   11.121    0    0  (Gen:  0)
  3077288    561800 350932424  0.004  0.001   11.096   11.122    0    0  (Gen:  0)
  2900512    387928 351097576  0.002  0.000   11.100   11.123    0    0  (Gen:  0)
  2700912    355480 351344488  0.003  0.000   11.103   11.124    0    0  (Gen:  0)
  3352456    531896 351697840  0.004  0.001   11.109   11.126    0    0  (Gen:  0)
  3071656    676832 352105792  0.002  0.001   11.114   11.127    0    0  (Gen:  0)
  2755224    779896 352528272  0.004  0.001   11.120   11.128    0    0  (Gen:  0)
  2664784    506648 352771392  0.002  0.001   11.123   11.130    0    0  (Gen:  0)
  2320672    412048 352983856  0.002  0.001   11.129   11.131    0    0  (Gen:  0)
  2429856    363904 353199992  0.001  0.000   11.133   11.132    0    0  (Gen:  0)
  2658720    468296 353506448  0.004  0.001   11.138   11.133    0    0  (Gen:  0)
  2445256    477896 353767312  0.004  0.001   11.143   11.135    0    0  (Gen:  0)
  2738600    345824 353935408  0.002  0.000   11.146   11.136    0    0  (Gen:  0)
  3391296    344216 354139768  0.001  0.000   11.152   11.137    0    0  (Gen:  0)
  3615224    605296 354546040  0.004  0.001   11.157   11.139    0    0  (Gen:  0)
  3595336    706104 354940064  0.006  0.001   11.165   11.140    0    0  (Gen:  0)
  3571776    518768 355214792  0.004  0.001   11.170   11.142    0    0  (Gen:  0)
  2786160    381072 355428136  0.001  0.000   11.175   11.143    0    0  (Gen:  0)
  3100544    556240 355795752  0.003  0.001   11.181   11.144    0    0  (Gen:  0)
  2847736    522632 356015136  0.004  0.001   11.186   11.146    0    0  (Gen:  0)
  2522640    362744 356196800  0.003  0.000   11.192   11.147    0    0  (Gen:  0)
  2497136    250120 356323704  0.004  0.000   11.197   11.149    0    0  (Gen:  0)
  2734128    277304 356506768  0.002  0.000   11.201   11.150    0    0  (Gen:  0)
  3100512    439480 356838808  0.003  0.000   11.207   11.151    0    0  (Gen:  0)
  2909072    648704 357286944  0.003  0.001   11.212   11.153    0    0  (Gen:  0)
  2771376    859960 357827480  0.005  0.001   11.219   11.155    0    0  (Gen:  0)
  3199032    888672 358281376  0.005  0.001   11.225   11.156    0    0  (Gen:  0)
  3055248    791368 358730904  0.005  0.001   11.231   11.158    0    0  (Gen:  0)
  2725952    625480 359096104  0.003  0.001   11.237   11.159    0    0  (Gen:  0)
  2594808    716584 359531456  0.004  0.001   11.242   11.161    0    0  (Gen:  0)
  2115144    740376 359862336  0.004  0.001   11.247   11.162    0    0  (Gen:  0)
  2330176    474296 360112104  0.001  0.001   11.251   11.164    0    0  (Gen:  0)
  2541896    597408 360539992  0.003  0.001   11.256   11.165    0    0  (Gen:  0)
  2620368    749744 360974960  0.005  0.001   11.262   11.166    0    0  (Gen:  0)
  3210048    769248 361471544  0.003  0.001   11.268   11.169    0    0  (Gen:  0)
  2043672    524544 361656520  0.002  0.001   11.275   11.170    0    0  (Gen:  0)
  2328136    365272 361839680  0.002  0.001   11.279   11.172    0    0  (Gen:  0)
  2537432    453744 362103928  0.001  0.000   11.284   11.173    0    0  (Gen:  0)
  2504688    763984 362635312  0.005  0.001   11.290   11.175    0    0  (Gen:  0)
  2519672    907640 363159744  0.005  0.001   11.296   11.176    0    0  (Gen:  0)
  3033640   1067768 363839752  0.005  0.001   11.302   11.178    0    0  (Gen:  0)
  2374488    584360 364164816  0.003  0.001   11.307   11.179    0    0  (Gen:  0)
  2710456    537416 364453096  0.002  0.001   11.312   11.181    0    0  (Gen:  0)
  2515568    609496 364828856  0.003  0.001   11.317   11.182    0    0  (Gen:  0)
  2675488    679656 365192232  0.003  0.001   11.323   11.184    0    0  (Gen:  0)
  2612056    571472 365497424  0.002  0.001   11.329   11.185    0    0  (Gen:  0)
  2495904    561744 365801176  0.004  0.001   11.334   11.187    0    0  (Gen:  0)
  2728928    581896 366136144  0.003  0.001   11.339   11.188    0    0  (Gen:  0)
  2460664    908640 366755112  0.005  0.001   11.345   11.190    0    0  (Gen:  0)
  2962320    754144 367295216  0.004  0.001   11.351   11.191    0    0  (Gen:  0)
  3310136    553088 367606816  0.002  0.001   11.357   11.193    0    0  (Gen:  0)
  3149016    721336 368055168  0.004  0.001   11.364   11.195    0    0  (Gen:  0)
  3404800    870304 368475736  0.005  0.001   11.369   11.196    0    0  (Gen:  0)
  3214216    741576 368800784  0.004  0.001   11.375   11.198    0    0  (Gen:  0)
  3398912    666568 369142552  0.004  0.001   11.382   11.200    0    0  (Gen:  0)
  3023776    602952 369405488  0.003  0.001   11.389   11.202    0    0  (Gen:  0)
  2708720    614432 369743192  0.003  0.001   11.395   11.204    0    0  (Gen:  0)
  2877056    626984 370043896  0.004  0.001   11.402   11.205    0    0  (Gen:  0)
  2901584    563656 370302000  0.004  0.001   11.408   11.207    0    0  (Gen:  0)
  3084240    568560 370611104  0.006  0.001   11.415   11.209    0    0  (Gen:  0)
  3280608    725760 371039440  0.005  0.001   11.422   11.211    0    0  (Gen:  0)
  3079776    546464 371198760  0.003  0.001   11.428   11.212    0    0  (Gen:  0)
  2635144    504408 371458464  0.004  0.001   11.434   11.214    0    0  (Gen:  0)
  2592376    451008 371660504  0.003  0.001   11.440   11.215    0    0  (Gen:  0)
  2567328    395648 371851696  0.004  0.001   11.446   11.217    0    0  (Gen:  0)
  2774168    371680 372035784  0.004  0.001   11.451   11.219    0    0  (Gen:  0)
  2823560    423376 372280168  0.004  0.001   11.457   11.220    0    0  (Gen:  0)
  2794008    425528 372470632  0.004  0.001   11.463   11.222    0    0  (Gen:  0)
  2819720    407824 372685808  0.003  0.001   11.469   11.223    0    0  (Gen:  0)
  2758952    454504 372921008  0.004  0.001   11.475   11.225    0    0  (Gen:  0)
  2562392    363368 373093504  0.004  0.001   11.480   11.226    0    0  (Gen:  0)
  2260152    398768 373316408  0.003  0.001   11.485   11.228    0    0  (Gen:  0)
  2585456    506392 373618544  0.002  0.001   11.491   11.229    0    0  (Gen:  0)
  3013936    776744 374126656  0.004  0.001   11.498   11.231    0    0  (Gen:  0)
  2739528    898984 374600232  0.004  0.001   11.504   11.233    0    0  (Gen:  0)
  3465520    888832 375126808  0.006  0.001   11.511   11.235    0    0  (Gen:  0)
  3155184    995976 375632136  0.005  0.001   11.517   11.237    0    0  (Gen:  0)
  3225712    921384 376111256  0.007  0.001   11.527   11.239    0    0  (Gen:  0)
  3283640    635496 376420296  0.005  0.001   11.533   11.241    0    0  (Gen:  0)
  2817056    663928 376798128  0.004  0.001   11.540   11.243    0    0  (Gen:  0)
  3362408    824280 377237304  0.005  0.001   11.547   11.245    0    0  (Gen:  0)
  2675544    741144 377555448  0.006  0.001   11.554   11.247    0    0  (Gen:  0)
  3331720    685320 377922464  0.003  0.001   11.560   11.248    0    0  (Gen:  0)
  3422904    720584 378286064  0.005  0.001   11.568   11.250    0    0  (Gen:  0)
  2466040    657320 378575864  0.004  0.001   11.574   11.252    0    0  (Gen:  0)
  2840456    588400 378867984  0.005  0.001   11.581   11.254    0    0  (Gen:  0)
  2724896    690984 379274896  0.004  0.001   11.588   11.256    0    0  (Gen:  0)
  3503152    852360 379736464  0.004  0.001   11.595   11.258    0    0  (Gen:  0)
  3276648    958624 380299248  0.004  0.001   11.602   11.260    0    0  (Gen:  0)
  2687776    883936 380719896  0.005  0.001   11.608   11.261    0    0  (Gen:  0)
  3187680    534088 381010608  0.005  0.001   11.615   11.263    0    0  (Gen:  0)
  2893392    533952 381257424  0.002  0.001   11.620   11.265    0    0  (Gen:  0)
  2426688    545528 381602824  0.002  0.001   11.625   11.266    0    0  (Gen:  0)
  2556120    650464 382027656  0.003  0.001   11.631   11.268    0    0  (Gen:  0)
  2605136    667264 382351608  0.003  0.001   11.637   11.270    0    0  (Gen:  0)
  2370408    554264 382648232  0.004  0.001   11.644   11.272    0    0  (Gen:  0)
  2506088    494960 382899424  0.002  0.001   11.649   11.274    0    0  (Gen:  0)
  2102576    494696 383138184  0.002  0.001   11.653   11.275    0    0  (Gen:  0)
  2251480    466136 383353000  0.002  0.001   11.658   11.276    0    0  (Gen:  0)
  2951936    487232 383613784  0.002  0.001   11.663   11.278    0    0  (Gen:  0)
  2346744    558056 383929208  0.002  0.001   11.668   11.280    0    0  (Gen:  0)
  2456672    630040 384266536  0.002  0.001   11.673   11.281    0    0  (Gen:  0)
  2503720    633880 384609464  0.002  0.001   11.678   11.283    0    0  (Gen:  0)
  2273816    622200 384929648  0.002  0.001   11.683   11.284    0    0  (Gen:  0)
  2410264    618336 385268464  0.002  0.001   11.688   11.286    0    0  (Gen:  0)
  2523592    574344 385551232  0.002  0.001   11.693   11.287    0    0  (Gen:  0)
  2480312    515216 385809920  0.002  0.001   11.698   11.289    0    0  (Gen:  0)
  2247168    494184 386054448  0.002  0.001   11.703   11.290    0    0  (Gen:  0)
  1764424    464232 386274920  0.002  0.001   11.708   11.292    0    0  (Gen:  0)
  2108552    445104 386505080  0.002  0.001   11.713   11.293    0    0  (Gen:  0)
  2067048    454752 386732512  0.002  0.001   11.717   11.295    0    0  (Gen:  0)
  2129352    500640 387003584  0.002  0.001   11.722   11.296    0    0  (Gen:  0)
  2265256    538312 387337064  0.002  0.001   11.727   11.298    0    0  (Gen:  0)
  1990064    511616 387574504  0.002  0.001   11.732   11.299    0    0  (Gen:  0)
  2348848    451984 387790144  0.002  0.001   11.736   11.301    0    0  (Gen:  0)
  2230376    461496 388024176  0.002  0.001   11.741   11.302    0    0  (Gen:  0)
  2845696    469808 388245264  0.002  0.001   11.747   11.304    0    0  (Gen:  0)
  2713720 295108616 323634704  0.768  0.235   12.518   11.540    0    0  (Gen:  1)
  2742616    421280 323867392  0.002  0.001   12.523   11.541    0    0  (Gen:  0)
  2532184    456416 324105392  0.002  0.001   12.528   11.543    0    0  (Gen:  0)
  2413680    501504 324352992  0.001  0.001   12.532   11.544    0    0  (Gen:  0)
  2668328    448952 324545928  0.001  0.001   12.536   11.546    0    0  (Gen:  0)
  2387592    429352 324771840  0.002  0.001   12.541   11.547    0    0  (Gen:  0)
  2617504    444384 324983024  0.001  0.001   12.546   11.548    0    0  (Gen:  0)
  2387168    437296 325199704  0.001  0.001   12.550   11.550    0    0  (Gen:  0)
  2542792    436720 325408736  0.001  0.001   12.555   11.551    0    0  (Gen:  0)
  2279368    477792 325659600  0.001  0.001   12.559   11.553    0    0  (Gen:  0)
  2266744    495720 325895064  0.001  0.001   12.564   11.554    0    0  (Gen:  0)
  2758144    456200 326104608  0.001  0.001   12.569   11.556    0    0  (Gen:  0)
  2286592    431448 326317184  0.001  0.001   12.573   11.557    0    0  (Gen:  0)
  2584712    422024 326518248  0.002  0.001   12.578   11.559    0    0  (Gen:  0)
  2146416    472008 326772320  0.001  0.001   12.582   11.560    0    0  (Gen:  0)
  2453920    467936 326985608  0.001  0.001   12.586   11.561    0    0  (Gen:  0)
  2305280    428832 327190176  0.002  0.001   12.591   11.563    0    0  (Gen:  0)
  3232920    521856 327535344  0.002  0.001   12.596   11.564    0    0  (Gen:  0)
  2366152    580248 327792784  0.001  0.000   12.599   11.565    0    0  (Gen:  0)
  2425384    531576 328059296  0.002  0.000   12.603   11.566    0    0  (Gen:  0)
  2191016    620952 328409992  0.002  0.001   12.607   11.568    0    0  (Gen:  0)
  2399344    682624 328758000  0.002  0.001   12.612   11.569    0    0  (Gen:  0)
  2653280    686656 329103864  0.002  0.001   12.617   11.571    0    0  (Gen:  0)
  2957872    692352 329452656  0.002  0.001   12.621   11.572    0    0  (Gen:  0)
  2709768    713576 329803144  0.002  0.001   12.626   11.573    0    0  (Gen:  0)
  2630960    677296 330127112  0.002  0.001   12.631   11.575    0    0  (Gen:  0)
  2822872    662120 330460320  0.002  0.001   12.635   11.576    0    0  (Gen:  0)
  2645512    662432 330784416  0.002  0.001   12.640   11.578    0    0  (Gen:  0)
  2691664    666080 331117216  0.002  0.001   12.644   11.579    0    0  (Gen:  0)
  2531848    671488 331445176  0.002  0.001   12.649   11.581    0    0  (Gen:  0)
  1853904    575904 331686176  0.002  0.001   12.653   11.582    0    0  (Gen:  0)
  2403776    562256 331991400  0.002  0.001   12.658   11.584    0    0  (Gen:  0)
  2505608    652328 332335968  0.002  0.001   12.662   11.585    0    0  (Gen:  0)
  2587672    690072 332679008  0.002  0.001   12.667   11.586    0    0  (Gen:  0)
  2563440    693160 333022560  0.002  0.001   12.671   11.588    0    0  (Gen:  0)
  2681616    695848 333369872  0.002  0.001   12.676   11.589    0    0  (Gen:  0)
  2572328    704648 333719152  0.002  0.001   12.681   11.591    0    0  (Gen:  0)
  2557568    706952 334064680  0.002  0.001   12.685   11.592    0    0  (Gen:  0)
  2531824    696384 334406560  0.002  0.001   12.690   11.593    0    0  (Gen:  0)
  2930872    695104 334761408  0.002  0.001   12.695   11.595    0    0  (Gen:  0)
  2842640    736024 335140128  0.002  0.001   12.700   11.596    0    0  (Gen:  0)
  2895728    745512 335506344  0.002  0.001   12.704   11.598    0    0  (Gen:  0)
  2901592    718616 335844064  0.002  0.001   12.710   11.599    0    0  (Gen:  0)
  2697192    674920 336169672  0.002  0.001   12.714   11.601    0    0  (Gen:  0)
  2919160    685648 336518352  0.002  0.001   12.719   11.602    0    0  (Gen:  0)
  2513344    697064 336866440  0.002  0.001   12.723   11.604    0    0  (Gen:  0)
  2638856    693832 337209448  0.002  0.001   12.729   11.605    0    0  (Gen:  0)
  2652936    702096 337562648  0.002  0.001   12.733   11.606    0    0  (Gen:  0)
  2521032    686688 337892224  0.002  0.001   12.737   11.608    0    0  (Gen:  0)
  2773960    708368 338265400  0.002  0.001   12.743   11.609    0    0  (Gen:  0)
  2637544    725000 338611944  0.003  0.001   12.747   11.611    0    0  (Gen:  0)
  2430320    670544 338930280  0.002  0.001   12.751   11.612    0    0  (Gen:  0)
  2703312    685968 339294008  0.002  0.001   12.756   11.614    0    0  (Gen:  0)
  2645832    729832 339648400  0.002  0.001   12.761   11.615    0    0  (Gen:  0)
  2670504    731840 340025176  0.002  0.001   12.765   11.616    0    0  (Gen:  0)
  2447528    702648 340344792  0.002  0.001   12.770   11.618    0    0  (Gen:  0)
  2822688    612592 340630664  0.002  0.001   12.775   11.619    0    0  (Gen:  0)
  2459696    571808 340905928  0.002  0.001   12.779   11.621    0    0  (Gen:  0)
  2608360    633416 341255208  0.002  0.001   12.785   11.622    0    0  (Gen:  0)
  2571104    653752 341551272  0.002  0.001   12.789   11.624    0    0  (Gen:  0)
  2883864    582672 341830968  0.002  0.001   12.794   11.625    0    0  (Gen:  0)
  2637448    603640 342133824  0.002  0.001   12.799   11.627    0    0  (Gen:  0)
  2673696    651832 342474648  0.002  0.001   12.803   11.628    0    0  (Gen:  0)
  2773424    666016 342793480  0.002  0.001   12.808   11.629    0    0  (Gen:  0)
  2712120    654736 343126192  0.002  0.001   12.813   11.631    0    0  (Gen:  0)
  2509248    602824 343434008  0.002  0.001   12.818   11.632    0    0  (Gen:  0)
  2476096    599760 343721664  0.002  0.001   12.822   11.634    0    0  (Gen:  0)
  2673688    641632 344068192  0.002  0.001   12.826   11.635    0    0  (Gen:  0)
  2941536    694040 344395248  0.002  0.001   12.831   11.637    0    0  (Gen:  0)
  2731048    687600 344722232  0.002  0.001   12.836   11.638    0    0  (Gen:  0)
  2861816    656584 345030880  0.002  0.001   12.840   11.639    0    0  (Gen:  0)
  2566176    660776 345339032  0.003  0.001   12.846   11.641    0    0  (Gen:  0)
  2408488    621256 345635880  0.002  0.001   12.850   11.642    0    0  (Gen:  0)
  2347744    583416 345920736  0.002  0.001   12.854   11.644    0    0  (Gen:  0)
  2477184    598688 346223616  0.002  0.001   12.859   11.645    0    0  (Gen:  0)
  2524240    611272 346523240  0.002  0.001   12.864   11.647    0    0  (Gen:  0)
  2815744    696744 346916192  0.002  0.001   12.868   11.648    0    0  (Gen:  0)
  2895496    679720 347209192  0.002  0.001   12.873   11.650    0    0  (Gen:  0)
  3026128    770712 347610536  0.002  0.001   12.878   11.651    0    0  (Gen:  0)
  2712392    694960 347884392  0.002  0.001   12.882   11.653    0    0  (Gen:  0)
  2518248    644848 348181320  0.002  0.001   12.887   11.654    0    0  (Gen:  0)
  2420872    640328 348503840  0.003  0.001   12.893   11.655    0    0  (Gen:  0)
  2397576    627648 348801536  0.002  0.001   12.897   11.657    0    0  (Gen:  0)
  2350728    596400 349093728  0.002  0.001   12.901   11.658    0    0  (Gen:  0)
  2819104    607000 349401720  0.002  0.001   12.906   11.660    0    0  (Gen:  0)
  3021904    663352 349749432  0.002  0.001   12.911   11.661    0    0  (Gen:  0)
  3120384    677928 350065968  0.001  0.001   12.915   11.663    0    0  (Gen:  0)
  2515720    652120 350380328  0.002  0.001   12.919   11.664    0    0  (Gen:  0)
  2837792    613064 350672776  0.002  0.001   12.923   11.665    0    0  (Gen:  0)
  2813424    634928 350993080  0.002  0.001   12.927   11.666    0    0  (Gen:  0)
  2628200    626272 351287544  0.002  0.001   12.932   11.668    0    0  (Gen:  0)
  3481296    628784 351598608  0.002  0.001   12.937   11.670    0    0  (Gen:  0)
  2968344    669000 351936912  0.002  0.001   12.942   11.671    0    0  (Gen:  0)
  2931072    656224 352227608  0.002  0.001   12.946   11.672    0    0  (Gen:  0)
  2877296    662568 352564168  0.002  0.001   12.950   11.674    0    0  (Gen:  0)
  3048928    685048 352892360  0.002  0.001   12.955   11.675    0    0  (Gen:  0)
  2902576    649200 353189488  0.002  0.001   12.959   11.676    0    0  (Gen:  0)
  2884848    617656 353498392  0.001  0.000   12.963   11.678    0    0  (Gen:  0)
  2745840    672120 353897296  0.002  0.001   12.968   11.679    0    0  (Gen:  0)
  2560400    808488 354348824  0.003  0.001   12.975   11.682    0    0  (Gen:  0)
  2713216    858544 354794656  0.003  0.001   12.981   11.684    0    0  (Gen:  0)
  2638872    805560 355189320  0.002  0.001   12.986   11.686    0    0  (Gen:  0)
  2059744    628776 355445416  0.002  0.001   12.990   11.688    0    0  (Gen:  0)
  2129264    513928 355717096  0.001  0.001   12.993   11.689    0    0  (Gen:  0)
  2317384    572768 356025320  0.002  0.001   12.997   11.690    0    0  (Gen:  0)
  2552752    779472 356496256  0.003  0.001   13.003   11.693    0    0  (Gen:  0)
  2691152    891040 356966176  0.003  0.001   13.009   11.695    0    0  (Gen:  0)
  2172824    703488 357223056  0.002  0.001   13.013   11.697    0    0  (Gen:  0)
  2339024    533688 357509760  0.002  0.001   13.017   11.698    0    0  (Gen:  0)
  2150496    531392 357766120  0.001  0.001   13.021   11.699    0    0  (Gen:  0)
  2848400    665984 358176480  0.002  0.001   13.026   11.701    0    0  (Gen:  0)
  2691944    866152 358664640  0.003  0.001   13.032   11.704    0    0  (Gen:  0)
  2696920    890608 359100624  0.003  0.001   13.038   11.706    0    0  (Gen:  0)
  2163520    764432 359437600  0.002  0.001   13.043   11.708    0    0  (Gen:  0)
  2171280    707016 359801888  0.002  0.001   13.047   11.710    0    0  (Gen:  0)
  2752456    700512 360132552  0.002  0.001   13.052   11.712    0    0  (Gen:  0)
  2875520    786776 360631984  0.002  0.001   13.057   11.714    0    0  (Gen:  0)
  2447128    656440 360979368  0.002  0.001   13.062   11.715    0    0  (Gen:  0)
  1868448    408608 361129624  0.002  0.001   13.065   11.717    0    0  (Gen:  0)
  2239304    469000 361466232  0.001  0.000   13.069   11.719    0    0  (Gen:  0)
  2460840    649296 361816888  0.001  0.000   13.073   11.720    0    0  (Gen:  0)
  2198152    635616 362103720  0.001  0.000   13.077   11.721    0    0  (Gen:  0)
  2152576    552288 362359656  0.002  0.001   13.083   11.723    0    0  (Gen:  0)
  2274096    523016 362613504  0.002  0.001   13.087   11.724    0    0  (Gen:  0)
  2291856    532440 362880208  0.002  0.001   13.091   11.725    0    0  (Gen:  0)
  2060248    562336 363175888  0.001  0.000   13.095   11.727    0    0  (Gen:  0)
  2192128    603888 363479768  0.002  0.000   13.099   11.728    0    0  (Gen:  0)
  1936232    550608 363714976  0.002  0.001   13.104   11.729    0    0  (Gen:  0)
  2728152    633104 364070016  0.002  0.001   13.108   11.731    0    0  (Gen:  0)
  2112704    402976 364274872  0.002  0.000   13.112   11.732    0    0  (Gen:  0)
  2992416    701648 364794096  0.004  0.001   13.119   11.734    0    0  (Gen:  0)
  3411000    963064 365243784  0.004  0.001   13.125   11.736    0    0  (Gen:  0)
  3610632    696976 365660936  0.005  0.001   13.132   11.738    0    0  (Gen:  0)
  2454864    717464 365974592  0.003  0.001   13.138   11.739    0    0  (Gen:  0)
  2232632    651680 366306504  0.004  0.001   13.143   11.740    0    0  (Gen:  0)
  2213832    563704 366619496  0.003  0.001   13.147   11.742    0    0  (Gen:  0)
  2303784    519024 366821928  0.003  0.000   13.152   11.743    0    0  (Gen:  0)
  3043688    647688 367285688  0.002  0.001   13.157   11.744    0    0  (Gen:  0)
  2875016    798296 367702312  0.003  0.001   13.163   11.746    0    0  (Gen:  0)
  2784304    638168 367988000  0.002  0.001   13.169   11.747    0    0  (Gen:  0)
  2887648    564408 368274560  0.004  0.001   13.175   11.749    0    0  (Gen:  0)
  2926016    562520 368565904  0.004  0.001   13.180   11.750    0    0  (Gen:  0)
  3058256    647048 368931208  0.003  0.001   13.186   11.752    0    0  (Gen:  0)
  3216840    675744 369294000  0.003  0.001   13.192   11.753    0    0  (Gen:  0)
  2401304    683800 369613992  0.004  0.001   13.198   11.755    0    0  (Gen:  0)
  2364336    665536 369945760  0.004  0.001   13.203   11.756    0    0  (Gen:  0)
  2248824    686792 370280712  0.003  0.001   13.208   11.758    0    0  (Gen:  0)
  3336448    590248 370582160  0.003  0.001   13.214   11.759    0    0  (Gen:  0)
  3100648    773008 371020824  0.005  0.001   13.220   11.761    0    0  (Gen:  0)
  3050128    700224 371326712  0.003  0.001   13.226   11.763    0    0  (Gen:  0)
  3236776    679536 371715056  0.004  0.001   13.233   11.765    0    0  (Gen:  0)
  3206392    787608 372142360  0.005  0.001   13.239   11.766    0    0  (Gen:  0)
  3355280    761200 372499032  0.002  0.001   13.246   11.768    0    0  (Gen:  0)
  2656296    782360 372930152  0.004  0.001   13.252   11.770    0    0  (Gen:  0)
  2802288    613168 373240392  0.004  0.001   13.259   11.772    0    0  (Gen:  0)
  2370008    575800 373507328  0.002  0.001   13.265   11.773    0    0  (Gen:  0)
  2222104    523200 373767912  0.004  0.001   13.270   11.774    0    0  (Gen:  0)
  2518272    533304 374041640  0.004  0.001   13.275   11.776    0    0  (Gen:  0)
  2651120    577944 374345624  0.002  0.001   13.281   11.777    0    0  (Gen:  0)
  2935840    636128 374683232  0.005  0.001   13.287   11.779    0    0  (Gen:  0)
  2841656    832504 375188744  0.004  0.001   13.294   11.781    0    0  (Gen:  0)
  2890792    976656 375710824  0.007  0.002   13.305   11.784    0    0  (Gen:  0)
  2490984    858976 376116664  0.006  0.001   13.312   11.786    0    0  (Gen:  0)
  2914784    473416 376373240  0.004  0.001   13.318   11.787    0    0  (Gen:  0)
  3274512    451664 376565168  0.001  0.000   13.322   11.789    0    0  (Gen:  0)
  3290304    585392 376953232  0.004  0.001   13.328   11.790    0    0  (Gen:  0)
  3292944    613936 377213112  0.004  0.001   13.334   11.792    0    0  (Gen:  0)
  2739616    524312 377449496  0.003  0.001   13.340   11.793    0    0  (Gen:  0)
  3071936    563544 377752184  0.005  0.001   13.346   11.795    0    0  (Gen:  0)
  2623056    595352 378069000  0.003  0.001   13.351   11.796    0    0  (Gen:  0)
  1999208    527432 378274512  0.002  0.001   13.356   11.798    0    0  (Gen:  0)
  2518016    548768 378571504  0.003  0.001   13.359   11.799    0    0  (Gen:  0)
  2170984    694264 378906608  0.004  0.001   13.364   11.800    0    0  (Gen:  0)
  2610784    568016 379169336  0.003  0.000   13.367   11.801    0    0  (Gen:  0)
  2608224    414744 379321640  0.003  0.000   13.371   11.802    0    0  (Gen:  0)
  2907264    400096 379490280  0.003  0.001   13.375   11.803    0    0  (Gen:  0)
  3051224    483272 379762896  0.004  0.000   13.381   11.804    0    0  (Gen:  0)
  3369136    556056 380038024  0.002  0.001   13.386   11.806    0    0  (Gen:  0)
  3272232    581808 380327800  0.004  0.001   13.391   11.807    0    0  (Gen:  0)
  3095912    588456 380607560  0.004  0.001   13.397   11.808    0    0  (Gen:  0)
  3410384    555464 380869040  0.004  0.001   13.402   11.810    0    0  (Gen:  0)
  3636936    661432 381230192  0.004  0.001   13.408   11.812    0    0  (Gen:  0)
  3440904    681432 381536640  0.005  0.001   13.414   11.813    0    0  (Gen:  0)
  2930168    673024 381869976  0.004  0.001   13.420   11.815    0    0  (Gen:  0)
  2489984    715952 382287400  0.003  0.001   13.425   11.816    0    0  (Gen:  0)
  3272848    599248 382514016  0.002  0.001   13.430   11.817    0    0  (Gen:  0)
  2602024    600176 382782600  0.002  0.001   13.435   11.819    0    0  (Gen:  0)
  3195320    702768 383196584  0.005  0.001   13.441   11.820    0    0  (Gen:  0)
  3336672    796040 383612312  0.005  0.001   13.448   11.822    0    0  (Gen:  0)
  2792192    768656 383999656  0.005  0.001   13.454   11.824    0    0  (Gen:  0)
  3082968    827784 384432200  0.005  0.001   13.460   11.825    0    0  (Gen:  0)
  3252104    716736 384716952  0.005  0.001   13.465   11.827    0    0  (Gen:  0)
  3239792    486080 385023328  0.004  0.000   13.470   11.828    0    0  (Gen:  0)
  3495384    564928 385277904  0.002  0.001   13.475   11.829    0    0  (Gen:  0)
  3609976    742816 385753072  0.004  0.001   13.481   11.831    0    0  (Gen:  0)
  3603832   1110144 386386680  0.006  0.001   13.490   11.834    0    0  (Gen:  0)
  2280528    859128 386738952  0.003  0.001   13.496   11.836    0    0  (Gen:  0)
  1947736    481040 387017400  0.001  0.001   13.499   11.838    0    0  (Gen:  0)
  2237728    518280 387415416  0.003  0.001   13.504   11.839    0    0  (Gen:  0)
  2264768    571128 387648608  0.002  0.000   13.507   11.840    0    0  (Gen:  0)
  2190752    648136 388006296  0.004  0.001   13.512   11.841    0    0  (Gen:  0)
  2329824    446352 388179360  0.002  0.000   13.515   11.842    0    0  (Gen:  0)
  2100184    419672 388362728  0.001  0.000   13.518   11.843    0    0  (Gen:  0)
  2189136    386288 388549776  0.002  0.000   13.522   11.844    0    0  (Gen:  0)
  2649456    462864 388807600  0.003  0.000   13.527   11.845    0    0  (Gen:  0)
  3193816    677408 389198800  0.002  0.001   13.532   11.847    0    0  (Gen:  0)
  3117072    713208 389538824  0.004  0.001   13.538   11.848    0    0  (Gen:  0)
  3253456    793520 389944696  0.004  0.001   13.544   11.850    0    0  (Gen:  0)
  3203968    715072 390244592  0.004  0.001   13.550   11.851    0    0  (Gen:  0)
  2711576    618216 390505312  0.005  0.001   13.556   11.853    0    0  (Gen:  0)
  3299456    696512 390921712  0.005  0.001   13.562   11.855    0    0  (Gen:  0)
  3194336    737728 391242336  0.005  0.001   13.569   11.856    0    0  (Gen:  0)
  2303296    662896 391558456  0.004  0.001   13.574   11.858    0    0  (Gen:  0)
  2598320    467856 391715320  0.002  0.001   13.579   11.859    0    0  (Gen:  0)
  3225176    520928 391985448  0.002  0.001   13.584   11.861    0    0  (Gen:  0)
  2794704    513792 392217616  0.004  0.000   13.590   11.862    0    0  (Gen:  0)
  3058744    439032 392411712  0.003  0.000   13.595   11.863    0    0  (Gen:  0)
  3072296    529040 392716416  0.003  0.000   13.600   11.864    0    0  (Gen:  0)
  3108888    498864 392910832  0.002  0.000   13.605   11.866    0    0  (Gen:  0)
  3942184    725536 393388752  0.004  0.001   13.612   11.868    0    0  (Gen:  0)
  3646408    802696 393743376  0.005  0.001   13.618   11.869    0    0  (Gen:  0)
  3995888    797296 394193704  0.005  0.001   13.627   11.872    0    0  (Gen:  0)
  2956552    612896 394506640  0.001  0.000   13.631   11.873    0    0  (Gen:  0)
  2491752    506152 394669968  0.002  0.001   13.635   11.874    0    0  (Gen:  0)
  3628008    788328 395196288  0.003  0.001   13.641   11.876    0    0  (Gen:  0)
  3503528   1054192 395735344  0.007  0.001   13.650   11.878    0    0  (Gen:  0)
  2957056    799176 396045096  0.005  0.001   13.657   11.880    0    0  (Gen:  0)
  2645520    430000 396284320  0.003  0.000   13.661   11.881    0    0  (Gen:  0)
  2167912    435560 396471768  0.002  0.000   13.665   11.882    0    0  (Gen:  0)
  3417912    592664 396868408  0.003  0.001   13.671   11.884    0    0  (Gen:  0)
  2688048    639320 397136912  0.004  0.001   13.677   11.885    0    0  (Gen:  0)
  2865128    594160 397451608  0.004  0.001   13.682   11.887    0    0  (Gen:  0)
  2664728    625616 397757104  0.004  0.000   13.687   11.888    0    0  (Gen:  0)
  2645808    598704 398022936  0.002  0.000   13.691   11.889    0    0  (Gen:  0)
  2954536    651128 398337992  0.004  0.001   13.696   11.890    0    0  (Gen:  0)
  3464304    746096 398725600  0.005  0.001   13.703   11.892    0    0  (Gen:  0)
  3450848    732608 399029776  0.004  0.001   13.709   11.894    0    0  (Gen:  0)
  2456720    565312 399276600  0.003  0.001   13.714   11.895    0    0  (Gen:  0)
  2340128    509528 399517344  0.003  0.001   13.719   11.896    0    0  (Gen:  0)
  3222552    527440 399811224  0.004  0.001   13.725   11.898    0    0  (Gen:  0)
  2932528    625296 400129480  0.004  0.001   13.732   11.900    0    0  (Gen:  0)
  2934336    611136 400411528  0.003  0.001   13.738   11.902    0    0  (Gen:  0)
  3529304    647880 400752456  0.002  0.001   13.745   11.904    0    0  (Gen:  0)
  2442352    664208 401069976  0.004  0.001   13.750   11.905    0    0  (Gen:  0)
  2817232    554504 401276608  0.003  0.001   13.754   11.906    0    0  (Gen:  0)
  2445376    709696 401682448  0.003  0.001   13.758   11.907    0    0  (Gen:  0)
  2185512    737008 402040120  0.004  0.001   13.763   11.908    0    0  (Gen:  0)
  2701160    705472 402399096  0.003  0.001   13.767   11.909    0    0  (Gen:  0)
  2230464    345184 402466184  0.002  0.000   13.770   11.910    0    0  (Gen:  0)
  3178472    413368 402736736  0.002  0.000   13.775   11.911    0    0  (Gen:  0)
  3701264    615416 403107232  0.004  0.000   13.780   11.913    0    0  (Gen:  0)
  3657240    602136 403376040  0.002  0.001   13.785   11.914    0    0  (Gen:  0)
  3374328    616456 403732272  0.003  0.000   13.790   11.915    0    0  (Gen:  0)
  3382088    671784 404022064  0.003  0.000   13.795   11.917    0    0  (Gen:  0)
  3309656    616416 404298408  0.004  0.001   13.801   11.918    0    0  (Gen:  0)
  3094968    513888 404519240  0.004  0.001   13.806   11.920    0    0  (Gen:  0)
  2676360    513432 404797616  0.002  0.001   13.811   11.921    0    0  (Gen:  0)
  3050384    733496 405251656  0.005  0.001   13.817   11.922    0    0  (Gen:  0)
  2729408    739040 405562264  0.004  0.001   13.822   11.924    0    0  (Gen:  0)
  3616840    845416 406034064  0.006  0.001   13.830   11.926    0    0  (Gen:  0)
  3186792    939760 406450736  0.005  0.001   13.837   11.928    0    0  (Gen:  0)
  3122296    602264 406759136  0.004  0.001   13.842   11.929    0    0  (Gen:  0)
  3432240    710464 407154088  0.004  0.001   13.848   11.931    0    0  (Gen:  0)
  2817624    717168 407462152  0.004  0.001   13.853   11.932    0    0  (Gen:  0)
  2405904    532104 407683888  0.002  0.001   13.858   11.934    0    0  (Gen:  0)
  2993408    547712 407972240  0.004  0.001   13.864   11.935    0    0  (Gen:  0)
  2972264    516904 408201744  0.004  0.001   13.870   11.937    0    0  (Gen:  0)
  3028840    482960 408432816  0.002  0.000   13.875   11.938    0    0  (Gen:  0)
  2636816    443464 408634760  0.002  0.000   13.879   11.939    0    0  (Gen:  0)
  2467952    386240 408801312  0.002  0.000   13.883   11.940    0    0  (Gen:  0)
  3056040    576520 409271288  0.001  0.000   13.887   11.941    0    0  (Gen:  0)
  3605568    887312 409787624  0.003  0.001   13.894   11.943    0    0  (Gen:  0)
  3139816    810504 410139568  0.003  0.001   13.902   11.945    0    0  (Gen:  0)
  2970232    528048 410446744  0.002  0.000   13.906   11.946    0    0  (Gen:  0)
  2891488    623288 410764288  0.003  0.001   13.911   11.948    0    0  (Gen:  0)
  3217864    728672 411122568  0.004  0.001   13.916   11.949    0    0  (Gen:  0)
  2678960    556800 411381800  0.004  0.001   13.922   11.951    0    0  (Gen:  0)
  2826416    533680 411649776  0.004  0.001   13.927   11.952    0    0  (Gen:  0)
  2333984    540856 411912864  0.003  0.000   13.932   11.953    0    0  (Gen:  0)
  2642816    490144 412112344  0.003  0.000   13.935   11.954    0    0  (Gen:  0)
  2945656    613312 412411376  0.003  0.001   13.941   11.956    0    0  (Gen:  0)
  2705840    619608 412707136  0.004  0.001   13.946   11.957    0    0  (Gen:  0)
  3249528    700576 413081608  0.004  0.001   13.952   11.959    0    0  (Gen:  0)
  3328288    746896 413442712  0.004  0.001   13.958   11.960    0    0  (Gen:  0)
  2897680    628080 413696688  0.003  0.001   13.963   11.961    0    0  (Gen:  0)
  2993992    596680 414003256  0.004  0.001   13.968   11.963    0    0  (Gen:  0)
  3470936    696464 414377096  0.004  0.001   13.974   11.964    0    0  (Gen:  0)
  2854208    649864 414654688  0.005  0.001   13.980   11.966    0    0  (Gen:  0)
  2413648    650416 415011008  0.003  0.001   13.985   11.967    0    0  (Gen:  0)
  2988632    674080 415451520  0.003  0.001   13.991   11.969    0    0  (Gen:  0)
  2801504    587320 415796880  0.004  0.001   13.997   11.970    0    0  (Gen:  0)
  2660336    868936 416381216  0.003  0.001   14.002   11.972    0    0  (Gen:  0)
  2359024    497256 416665992  0.002  0.000   14.007   11.973    0    0  (Gen:  0)
  2906552    502912 416904920  0.002  0.000   14.013   11.975    0    0  (Gen:  0)
  2379440    528664 417213648  0.002  0.000   14.017   11.976    0    0  (Gen:  0)
  3154112    599632 417587800  0.003  0.001   14.022   11.977    0    0  (Gen:  0)
  3266344    774120 418011664  0.006  0.001   14.030   11.979    0    0  (Gen:  0)
  2830848    795080 418395064  0.005  0.001   14.036   11.981    0    0  (Gen:  0)
  3131528    756864 418919176  0.005  0.001   14.043   11.983    0    0  (Gen:  0)
  3109224   1104864 419611760  0.005  0.001   14.051   11.985    0    0  (Gen:  0)
  2759360   1022368 420035808  0.006  0.001   14.059   11.987    0    0  (Gen:  0)
  2843352    787528 420446688  0.004  0.001   14.066   11.989    0    0  (Gen:  0)
  2027024    616736 420665536  0.004  0.001   14.070   11.990    0    0  (Gen:  0)
  2460536    528872 420960720  0.003  0.000   14.074   11.991    0    0  (Gen:  0)
  2389632    554032 421221704  0.004  0.000   14.079   11.992    0    0  (Gen:  0)
  2471264    543144 421512496  0.003  0.000   14.083   11.993    0    0  (Gen:  0)
  2810176    699808 421935816  0.003  0.001   14.087   11.995    0    0  (Gen:  0)
  2795168    813344 422393488  0.004  0.001   14.092   11.996    0    0  (Gen:  0)
  2811784    820168 422809328  0.004  0.001   14.098   11.998    0    0  (Gen:  0)
  2769048    837736 423253928  0.004  0.001   14.103   11.999    0    0  (Gen:  0)
  2845880    856032 423684864  0.004  0.001   14.109   12.000    0    0  (Gen:  0)
  2630960    796056 424072160  0.004  0.001   14.114   12.002    0    0  (Gen:  0)
  2812824    662224 424359400  0.004  0.001   14.119   12.003    0    0  (Gen:  0)
  2827648    742008 424788304  0.003  0.001   14.123   12.004    0    0  (Gen:  0)
  2690984    612136 425119776  0.003  0.000   14.128   12.005    0    0  (Gen:  0)
  3067328    781632 425567208  0.004  0.001   14.132   12.007    0    0  (Gen:  0)
  2278416    671784 425833192  0.002  0.001   14.137   12.008    0    0  (Gen:  0)
  2343472    541600 426122192  0.004  0.000   14.142   12.009    0    0  (Gen:  0)
  2316704    548752 426378400  0.002  0.000   14.146   12.010    0    0  (Gen:  0)
  2955728    554784 426676008  0.003  0.000   14.151   12.012    0    0  (Gen:  0)
  2484664    580496 426941512  0.003  0.000   14.156   12.013    0    0  (Gen:  0)
  2875776    622016 427297128  0.001  0.000   14.160   12.014    0    0  (Gen:  0)
  3114792    702552 427639352  0.003  0.001   14.165   12.015    0    0  (Gen:  0)
  3066360    704984 428003424  0.003  0.001   14.170   12.017    0    0  (Gen:  0)
  2929960    751344 428388888  0.004  0.001   14.175   12.018    0    0  (Gen:  0)
  3146040    862584 428874776  0.004  0.001   14.181   12.020    0    0  (Gen:  0)
  2955896    933496 429352016  0.004  0.001   14.186   12.021    0    0  (Gen:  0)
  3334232    827304 429747424  0.003  0.001   14.191   12.022    0    0  (Gen:  0)
  3254344    829256 430223976  0.004  0.001   14.197   12.024    0    0  (Gen:  0)
  2668408    577632 430453032  0.003  0.000   14.202   12.025    0    0  (Gen:  0)
  2657608    653632 430875688  0.003  0.000   14.206   12.026    0    0  (Gen:  0)
  2567728    825552 431279672  0.002  0.001   14.210   12.027    0    0  (Gen:  0)
  2980032    851152 431759392  0.003  0.001   14.215   12.028    0    0  (Gen:  0)
  2694408    833160 432159712  0.003  0.000   14.219   12.030    0    0  (Gen:  0)
  3083112    864072 432630488  0.003  0.001   14.224   12.031    0    0  (Gen:  0)
  2621784    743136 432977720  0.003  0.000   14.229   12.032    0    0  (Gen:  0)
  2836248    643376 433398152  0.003  0.000   14.233   12.033    0    0  (Gen:  0)
  2503672    649728 433766904  0.004  0.001   14.238   12.034    0    0  (Gen:  0)
  3164096    887936 434372304  0.004  0.001   14.242   12.036    0    0  (Gen:  0)
  2906536   1036792 434848656  0.003  0.001   14.249   12.038    0    0  (Gen:  0)
  3616480    997592 435444392  0.003  0.001   14.256   12.039    0    0  (Gen:  0)
  3514912    773520 435849232  0.004  0.001   14.260   12.041    0    0  (Gen:  0)
  3432352    712456 436395128  0.002  0.001   14.267   12.042    0    0  (Gen:  0)
  2912704    956752 436914552  0.004  0.001   14.272   12.044    0    0  (Gen:  0)
  3491104   1069736 437495128  0.003  0.001   14.278   12.046    0    0  (Gen:  0)
  2832184    934096 437853144  0.004  0.001   14.285   12.048    0    0  (Gen:  0)
  3313688    758728 438284632  0.004  0.001   14.290   12.049    0    0  (Gen:  0)
  2768024    722104 438591080  0.004  0.000   14.295   12.050    0    0  (Gen:  0)
  2988320    663104 438967104  0.003  0.000   14.300   12.051    0    0  (Gen:  0)
  2665480    694672 439305216  0.004  0.000   14.305   12.053    0    0  (Gen:  0)
  2793736    689176 439676600  0.004  0.000   14.309   12.054    0    0  (Gen:  0)
  2375288    618432 439937640  0.003  0.001   14.313   12.055    0    0  (Gen:  0)
  2802264    617680 440283352  0.002  0.000   14.319   12.056    0    0  (Gen:  0)
  2491928    649232 440593776  0.004  0.000   14.323   12.057    0    0  (Gen:  0)
  3164048    684408 441111328  0.004  0.001   14.328   12.059    0    0  (Gen:  0)
  2507160    746760 441493720  0.004  0.001   14.333   12.060    0    0  (Gen:  0)
  2623240    721752 441883328  0.004  0.001   14.338   12.062    0    0  (Gen:  0)
  2490360    876944 442397680  0.003  0.001   14.344   12.063    0    0  (Gen:  0)
  2823864    792384 442693144  0.004  0.001   14.349   12.064    0    0  (Gen:  0)
  3060896    669528 443036344  0.003  0.000   14.353   12.065    0    0  (Gen:  0)
  2884224    709888 443402792  0.004  0.001   14.359   12.067    0    0  (Gen:  0)
  3168392    750960 443803840  0.004  0.001   14.363   12.068    0    0  (Gen:  0)
  2417376    666040 444074048  0.003  0.000   14.368   12.069    0    0  (Gen:  0)
  3044392    668880 444469728  0.003  0.001   14.373   12.070    0    0  (Gen:  0)
  2524472    640696 444711456  0.003  0.001   14.377   12.072    0    0  (Gen:  0)
  2834720    590792 445051552  0.003  0.000   14.382   12.073    0    0  (Gen:  0)
  2463512    617832 445328064  0.003  0.001   14.385   12.074    0    0  (Gen:  0)
  2783496    619544 445671080  0.003  0.001   14.390   12.075    0    0  (Gen:  0)
  2603464    660688 445986240  0.003  0.001   14.395   12.076    0    0  (Gen:  0)
  2798640    655784 446328464  0.003  0.001   14.399   12.077    0    0  (Gen:  0)
  2677032    652600 446628000  0.002  0.001   14.404   12.079    0    0  (Gen:  0)
  2842120    626136 446952152  0.003  0.001   14.409   12.080    0    0  (Gen:  0)
  2602608    611936 447227280  0.003  0.000   14.413   12.081    0    0  (Gen:  0)
  2868216    634248 447577608  0.004  0.001   14.418   12.082    0    0  (Gen:  0)
  2878416    675648 447898504  0.004  0.001   14.423   12.084    0    0  (Gen:  0)
  2103376    540736 448114824  0.001  0.000   14.427   12.085    0    0  (Gen:  0)
  2851848    541456 448443168  0.004  0.001   14.432   12.086    0    0  (Gen:  0)
  2925208    682736 448805936  0.004  0.001   14.436   12.088    0    0  (Gen:  0)
  2575992    672232 449203352  0.004  0.001   14.442   12.089    0    0  (Gen:  0)
  3032736    676384 449574592  0.003  0.000   14.446   12.090    0    0  (Gen:  0)
  2868800    621544 449846024  0.004  0.000   14.451   12.092    0    0  (Gen:  0)
  2967352    569288 450143360  0.003  0.000   14.456   12.093    0    0  (Gen:  0)
  2543336    597960 450430568  0.003  0.000   14.460   12.094    0    0  (Gen:  0)
  2870384    608304 450752336  0.003  0.000   14.465   12.095    0    0  (Gen:  0)
  2631392    540280 450980064  0.004  0.000   14.469   12.096    0    0  (Gen:  0)
  2791768    581864 451322200  0.003  0.000   14.473   12.097    0    0  (Gen:  0)
  2470544    622944 451603560  0.003  0.000   14.478   12.099    0    0  (Gen:  0)
  3045336    666224 451999696  0.004  0.000   14.483   12.100    0    0  (Gen:  0)
  2443608    652944 452259768  0.003  0.000   14.487   12.101    0    0  (Gen:  0)
  2656728    569296 452574240  0.002  0.000   14.491   12.102    0    0  (Gen:  0)
  2381856    603312 452855600  0.002  0.000   14.496   12.103    0    0  (Gen:  0)
  2659952    599288 453176912  0.003  0.000   14.500   12.105    0    0  (Gen:  0)
  2373176    596544 453444400  0.002  0.000   14.505   12.106    0    0  (Gen:  0)
  2906880    615544 453787024  0.002  0.001   14.509   12.107    0    0  (Gen:  0)
  2810072    650456 454087016  0.003  0.000   14.514   12.108    0    0  (Gen:  0)
  2609536    640320 454409184  0.003  0.000   14.519   12.109    0    0  (Gen:  0)
  2418560    644192 454715592  0.004  0.000   14.523   12.110    0    0  (Gen:  0)
  2581264    620520 455023224  0.002  0.000   14.528   12.112    0    0  (Gen:  0)
  2470944    575824 455281424  0.002  0.000   14.532   12.113    0    0  (Gen:  0)
  2739568    565392 455589192  0.003  0.000   14.536   12.114    0    0  (Gen:  0)
  2485408    600552 455866680  0.003  0.000   14.541   12.115    0    0  (Gen:  0)
  2700096    617352 456200384  0.003  0.000   14.545   12.116    0    0  (Gen:  0)
  2735672    633672 456499040  0.003  0.000   14.550   12.117    0    0  (Gen:  0)
  2713064    651440 456848024  0.004  0.001   14.555   12.119    0    0  (Gen:  0)
  2901016    631192 457145784  0.003  0.000   14.559   12.120    0    0  (Gen:  0)
  2994528    661536 457493744  0.002  0.001   14.564   12.121    0    0  (Gen:  0)
  2661520    683080 457820960  0.004  0.000   14.569   12.123    0    0  (Gen:  0)
  3108144    698024 458186800  0.004  0.001   14.574   12.124    0    0  (Gen:  0)
  2856600    695984 458510712  0.003  0.000   14.578   12.125    0    0  (Gen:  0)
  3037944    699232 458885744  0.004  0.000   14.583   12.126    0    0  (Gen:  0)
  3199496    817224 459331824  0.004  0.001   14.588   12.128    0    0  (Gen:  0)
  3256696    926224 459848616  0.005  0.001   14.595   12.129    0    0  (Gen:  0)
  2732584    893664 460257544  0.005  0.001   14.602   12.131    0    0  (Gen:  0)
  3211736    862200 460736448  0.005  0.001   14.608   12.133    0    0  (Gen:  0)
  2788056    858784 461139680  0.005  0.001   14.614   12.135    0    0  (Gen:  0)
  3411448    937024 461694736  0.005  0.001   14.621   12.137    0    0  (Gen:  0)
  2792912    868800 462023480  0.004  0.001   14.627   12.138    0    0  (Gen:  0)
  3301520    882080 462624336  0.005  0.001   14.634   12.140    0    0  (Gen:  0)
  2804320   1059360 463141040  0.005  0.001   14.641   12.142    0    0  (Gen:  0)
  2581440    776944 463608800  0.004  0.001   14.648   12.143    0    0  (Gen:  0)
  2663792    853120 464051624  0.005  0.001   14.655   12.146    0    0  (Gen:  0)
  3502424   1014120 464657816  0.004  0.001   14.661   12.148    0    0  (Gen:  0)
  3252328   1092112 465218008  0.006  0.001   14.670   12.150    0    0  (Gen:  0)
  2710160    829744 465610184  0.005  0.001   14.677   12.152    0    0  (Gen:  0)
  2543064    836600 466053880  0.004  0.001   14.682   12.153    0    0  (Gen:  0)
  2612672    915464 466528680  0.004  0.001   14.688   12.154    0    0  (Gen:  0)
  2511152    897760 466950312  0.005  0.001   14.693   12.156    0    0  (Gen:  0)
  2631232    874896 467388688  0.005  0.001   14.699   12.158    0    0  (Gen:  0)
  3021352    992424 467979184  0.005  0.001   14.704   12.159    0    0  (Gen:  0)
  2650008    823136 468350664  0.005  0.001   14.710   12.161    0    0  (Gen:  0)
  2456512    804096 468815256  0.003  0.001   14.715   12.162    0    0  (Gen:  0)
  3081840    983968 469347872  0.004  0.001   14.720   12.163    0    0  (Gen:  0)
  2124992    876320 469674592  0.004  0.001   14.725   12.165    0    0  (Gen:  0)
  2384080    756824 470085720  0.004  0.001   14.730   12.166    0    0  (Gen:  0)
  2276184    778744 470452512  0.003  0.001   14.735   12.167    0    0  (Gen:  0)
  2630008    849512 470930104  0.004  0.001   14.741   12.169    0    0  (Gen:  0)
  2582544    904920 471347160  0.003  0.001   14.746   12.170    0    0  (Gen:  0)
  2425296    842640 471756712  0.004  0.001   14.751   12.172    0    0  (Gen:  0)
  2770784    829400 472177544  0.004  0.001   14.757   12.173    0    0  (Gen:  0)
  2539856    863320 472602656  0.004  0.001   14.762   12.174    0    0  (Gen:  0)
  3224328    987816 473182816  0.005  0.001   14.767   12.176    0    0  (Gen:  0)
  2342944    760768 473474104  0.004  0.001   14.772   12.177    0    0  (Gen:  0)
  2615584    839536 473998944  0.004  0.001   14.777   12.178    0    0  (Gen:  0)
  2796040   1037736 474511216  0.005  0.001   14.782   12.180    0    0  (Gen:  0)
  2196736    896216 474886160  0.005  0.001   14.787   12.181    0    0  (Gen:  0)
  2361192    800296 475306656  0.004  0.001   14.792   12.183    0    0  (Gen:  0)
  2125552    785008 475670664  0.003  0.001   14.797   12.184    0    0  (Gen:  0)
  2125240    721392 476025568  0.004  0.001   14.802   12.185    0    0  (Gen:  0)
  2237768    755496 476414392  0.004  0.001   14.807   12.187    0    0  (Gen:  0)
  2260136    766008 476781296  0.004  0.001   14.812   12.188    0    0  (Gen:  0)
  2684552    808848 477223248  0.004  0.001   14.817   12.189    0    0  (Gen:  0)
  2823144    896096 477672496  0.004  0.001   14.823   12.191    0    0  (Gen:  0)
  2619040    860768 478086280  0.005  0.001   14.829   12.192    0    0  (Gen:  0)
  2695952    770776 478482016  0.005  0.001   14.835   12.194    0    0  (Gen:  0)
  2655472    637896 478906424  0.003  0.001   14.840   12.195    0    0  (Gen:  0)
  2460184    624904 479188984  0.004  0.001   14.845   12.197    0    0  (Gen:  0)
  2095864    510928 479536496  0.004  0.001   14.849   12.198    0    0  (Gen:  0)
  2647984    321384 479758320  0.002  0.000   14.853   12.199    0    0  (Gen:  0)
  3054888    447504 480064224  0.002  0.001   14.859   12.200    0    0  (Gen:  0)
  2829576    531256 480278008  0.004  0.001   14.864   12.202    0    0  (Gen:  0)
  3288760    721976 480692672  0.004  0.001   14.871   12.204    0    0  (Gen:  0)
  3104152    904744 481211752  0.004  0.001   14.877   12.205    0    0  (Gen:  0)
  3623848    812440 481657832  0.002  0.001   14.884   12.207    0    0  (Gen:  0)
  3189336    745792 482056896  0.004  0.001   14.890   12.209    0    0  (Gen:  0)
  2581888    744920 482387856  0.003  0.001   14.896   12.210    0    0  (Gen:  0)
  2805416    502504 482644232  0.005  0.001   14.903   12.212    0    0  (Gen:  0)
  2182384    488072 482890856  0.004  0.001   14.907   12.213    0    0  (Gen:  0)
  2340984    454360 483103080  0.004  0.000   14.912   12.215    0    0  (Gen:  0)
  2085680    469768 483348960  0.002  0.001   14.917   12.216    0    0  (Gen:  0)
  2618056    506520 483615616  0.004  0.001   14.923   12.218    0    0  (Gen:  0)
  2387904    557464 483911464  0.004  0.001   14.928   12.219    0    0  (Gen:  0)
  3041008    683592 484339968  0.004  0.001   14.934   12.221    0    0  (Gen:  0)
  3152560    859368 484779496  0.005  0.001   14.941   12.223    0    0  (Gen:  0)
  2998224    876568 485246800  0.006  0.001   14.950   12.225    0    0  (Gen:  0)
  3081056    928584 485744216  0.006  0.001   14.957   12.227    0    0  (Gen:  0)
  2520360    857872 486155600  0.004  0.001   14.963   12.229    0    0  (Gen:  0)
  3018760    803264 486584424  0.006  0.001   14.972   12.231    0    0  (Gen:  0)
  2437144    751920 486945896  0.005  0.001   14.978   12.233    0    0  (Gen:  0)
  2681400    714592 487321968  0.005  0.001   14.986   12.235    0    0  (Gen:  0)
  2630720    508624 487484608  0.003  0.001   14.990   12.236    0    0  (Gen:  0)
  3384792    548848 487816992  0.004  0.001   14.996   12.237    0    0  (Gen:  0)
  2457072    661096 488266280  0.004  0.001   15.001   12.239    0    0  (Gen:  0)
  3067080    613592 488671272  0.004  0.001   15.006   12.240    0    0  (Gen:  0)
  2284560    586496 488879928  0.003  0.001   15.012   12.242    0    0  (Gen:  0)
  3228616    591200 489234664  0.003  0.001   15.017   12.243    0    0  (Gen:  0)
  2330312    579408 489543024  0.003  0.001   15.023   12.245    0    0  (Gen:  0)
  3317184    784728 490040376  0.004  0.001   15.028   12.246    0    0  (Gen:  0)
  2812624    805536 490424656  0.003  0.001   15.033   12.247    0    0  (Gen:  0)
  2944560    701064 490754824  0.004  0.001   15.039   12.249    0    0  (Gen:  0)
  2347240    528032 490981608  0.004  0.001   15.045   12.250    0    0  (Gen:  0)
  2775264    435024 491218632  0.004  0.001   15.050   12.252    0    0  (Gen:  0)
  2420136    436408 491447488  0.003  0.001   15.055   12.253    0    0  (Gen:  0)
  3125776    559424 491762608  0.002  0.000   15.059   12.254    0    0  (Gen:  0)
  3047240    752088 492191688  0.004  0.001   15.065   12.256    0    0  (Gen:  0)
  3502256    911600 492693232  0.005  0.001   15.073   12.258    0    0  (Gen:  0)
  3347392    906368 493128816  0.006  0.001   15.081   12.260    0    0  (Gen:  0)
  3455920    840808 493594296  0.005  0.001   15.087   12.262    0    0  (Gen:  0)
  2979528    614376 493894920  0.003  0.001   15.093   12.263    0    0  (Gen:  0)
  3508576    714728 494344144  0.005  0.001   15.101   12.266    0    0  (Gen:  0)
  2964592    727992 494656304  0.005  0.001   15.108   12.268    0    0  (Gen:  0)
  2585080    600784 494942200  0.004  0.001   15.115   12.269    0    0  (Gen:  0)
  2678008    606032 495267408  0.002  0.001   15.122   12.271    0    0  (Gen:  0)
  3248584    734240 495688336  0.005  0.001   15.129   12.273    0    0  (Gen:  0)
  3108976    863160 496133344  0.005  0.001   15.136   12.275    0    0  (Gen:  0)
  3073840    878760 496571424  0.006  0.001   15.144   12.277    0    0  (Gen:  0)
  2767288    811984 496949608  0.005  0.001   15.152   12.279    0    0  (Gen:  0)
  2802880    669240 497247776  0.004  0.001   15.159   12.281    0    0  (Gen:  0)
  2547672    622072 497576432  0.005  0.001   15.166   12.283    0    0  (Gen:  0)
  2846032    792496 498053944  0.005  0.001   15.173   12.285    0    0  (Gen:  0)
  3037640    839920 498464424  0.005  0.001   15.179   12.287    0    0  (Gen:  0)
  2841616    802128 498894280  0.005  0.001   15.187   12.288    0    0  (Gen:  0)
  2938608    509920 499146152  0.004  0.001   15.192   12.290    0    0  (Gen:  0)
  3338488    687832 499576344  0.003  0.001   15.198   12.292    0    0  (Gen:  0)
  3550328    956368 500095080  0.004  0.001   15.205   12.294    0    0  (Gen:  0)
  3468224   1046376 500630168  0.005  0.002   15.214   12.296    0    0  (Gen:  0)
  3310592    964056 501114848  0.007  0.002   15.224   12.299    0    0  (Gen:  0)
  2837600    601272 501412120  0.002  0.001   15.230   12.300    0    0  (Gen:  0)
  2743704    699424 501838512  0.005  0.001   15.237   12.302    0    0  (Gen:  0)
  3331008    713672 502131560  0.006  0.001   15.244   12.305    0    0  (Gen:  0)
  2472744    499584 502407256  0.005  0.001   15.252   12.306    0    0  (Gen:  0)
  3280576    633376 502758744  0.004  0.001   15.257   12.308    0    0  (Gen:  0)
  3148528    670032 503082472  0.004  0.001   15.265   12.310    0    0  (Gen:  0)
  2706960    660264 503406912  0.003  0.001   15.271   12.312    0    0  (Gen:  0)
  2500888    684936 503751824  0.003  0.001   15.278   12.314    0    0  (Gen:  0)
  2230720    581056 503986024  0.005  0.001   15.284   12.315    0    0  (Gen:  0)
  2731032    581256 504368392  0.005  0.001   15.291   12.317    0    0  (Gen:  0)
  3146624    824864 504874472  0.006  0.001   15.299   12.319    0    0  (Gen:  0)
  3341664    896512 505331840  0.004  0.001   15.305   12.321    0    0  (Gen:  0)
  2491656    492296 505645808  0.003  0.001   15.311   12.322    0    0  (Gen:  0)
  3097664    708128 506110744  0.004  0.001   15.318   12.324    0    0  (Gen:  0)
  3162048    970248 506641992  0.006  0.001   15.326   12.327    0    0  (Gen:  0)
  3120528    947464 507084360  0.004  0.001   15.332   12.329    0    0  (Gen:  0)
  3387840    849264 507565368  0.005  0.001   15.339   12.330    0    0  (Gen:  0)
  2577776    730536 507827280  0.003  0.001   15.346   12.332    0    0  (Gen:  0)
  2570440    538776 508104912  0.004  0.001   15.352   12.334    0    0  (Gen:  0)
  3045872    570144 508412504  0.003  0.001   15.358   12.335    0    0  (Gen:  0)
  2773760    540872 508652384  0.004  0.001   15.364   12.337    0    0  (Gen:  0)
  3092904    529352 508932392  0.004  0.001   15.369   12.338    0    0  (Gen:  0)
  3476184    504904 509161720  0.003  0.001   15.376   12.340    0    0  (Gen:  0)
  2750248    452848 509375488  0.004  0.001   15.382   12.342    0    0  (Gen:  0)
  3415328    439016 509588264  0.003  0.001   15.387   12.343    0    0  (Gen:  0)
  3014168    442824 509798280  0.004  0.001   15.393   12.345    0    0  (Gen:  0)
  2807584    462592 510044312  0.003  0.001   15.399   12.346    0    0  (Gen:  0)
  2549712    414152 510235272  0.003  0.001   15.405   12.348    0    0  (Gen:  0)
  2818808    387312 510433520  0.004  0.001   15.410   12.349    0    0  (Gen:  0)
  2718648    418792 510641984  0.004  0.001   15.416   12.351    0    0  (Gen:  0)
  2508752    437232 510849936  0.003  0.001   15.421   12.353    0    0  (Gen:  0)
  2590656    451608 511077736  0.004  0.001   15.427   12.354    0    0  (Gen:  0)
  2423072    544232 511381216  0.004  0.001   15.433   12.356    0    0  (Gen:  0)
  2539224    541680 511643136  0.003  0.001   15.439   12.358    0    0  (Gen:  0)
  2741944    481384 511869664  0.004  0.001   15.446   12.359    0    0  (Gen:  0)
  2721648    524352 512158632  0.004  0.001   15.452   12.361    0    0  (Gen:  0)
  2827736    543168 512404648  0.005  0.001   15.459   12.362    0    0  (Gen:  0)
  2545680    561024 512683680  0.004  0.001   15.464   12.364    0    0  (Gen:  0)
  2937256    602200 512997624  0.004  0.001   15.470   12.366    0    0  (Gen:  0)
  3470176    699616 513392784  0.003  0.001   15.477   12.368    0    0  (Gen:  0)
  3253360    675224 513671720  0.005  0.001   15.485   12.370    0    0  (Gen:  0)
  2994672    529024 513919248  0.004  0.001   15.491   12.372    0    0  (Gen:  0)
  3044472    603016 514258936  0.003  0.001   15.497   12.373    0    0  (Gen:  0)
  2999296    478888 514427544  0.004  0.001   15.503   12.375    0    0  (Gen:  0)
  2615768    498088 514688032  0.004  0.001   15.508   12.376    0    0  (Gen:  0)
  2508544    533952 514961056  0.004  0.001   15.514   12.378    0    0  (Gen:  0)
  2799008    665680 515386488  0.004  0.001   15.519   12.379    0    0  (Gen:  0)
  3344512   1012976 516043408  0.006  0.001   15.527   12.381    0    0  (Gen:  0)
  2576624    987176 516458848  0.005  0.001   15.534   12.383    0    0  (Gen:  0)
  2944344    817304 516906776  0.004  0.001   15.540   12.385    0    0  (Gen:  0)
  3266584   1064992 517549712  0.006  0.001   15.548   12.387    0    0  (Gen:  0)
  3411008    904976 518050920  0.005  0.001   15.554   12.389    0    0  (Gen:  0)
  2455312    808328 518410024  0.003  0.001   15.561   12.391    0    0  (Gen:  0)
  2958888    890200 518963144  0.005  0.001   15.567   12.393    0    0  (Gen:  0)
  2795744    905232 519352016  0.005  0.001   15.573   12.394    0    0  (Gen:  0)
  2765832    743328 519759120  0.003  0.001   15.579   12.396    0    0  (Gen:  0)
  2966856    870248 520271920  0.004  0.001   15.586   12.398    0    0  (Gen:  0)
  2927168    899000 520711008  0.006  0.001   15.594   12.399    0    0  (Gen:  0)
  3100696   1001680 521281064  0.005  0.001   15.600   12.401    0    0  (Gen:  0)
  2951840    798160 521657136  0.004  0.001   15.606   12.403    0    0  (Gen:  0)
  2884216    853392 522194552  0.004  0.001   15.611   12.404    0    0  (Gen:  0)
  3089648    845992 522734376  0.005  0.001   15.618   12.406    0    0  (Gen:  0)
  3113432    755848 523009968  0.004  0.001   15.624   12.408    0    0  (Gen:  0)
  2395400    485664 523259560  0.003  0.001   15.630   12.410    0    0  (Gen:  0)
  2287536    537184 523546456  0.003  0.001   15.636   12.411    0    0  (Gen:  0)
  2710456    649720 523923424  0.004  0.001   15.642   12.413    0    0  (Gen:  0)
  2536952    691896 524297088  0.003  0.001   15.648   12.414    0    0  (Gen:  0)
  2284128    645352 524561520  0.004  0.001   15.654   12.416    0    0  (Gen:  0)
  2173648    500144 524794528  0.004  0.001   15.660   12.418    0    0  (Gen:  0)
  2356424    433912 524984184  0.003  0.001   15.665   12.419    0    0  (Gen:  0)
  3010392    441544 525221696  0.004  0.001   15.670   12.420    0    0  (Gen:  0)
  2968280    471144 525454568  0.004  0.001   15.676   12.422    0    0  (Gen:  0)
  3016616    448080 525667872  0.003  0.001   15.682   12.423    0    0  (Gen:  0)
  2635424    575936 526015456  0.004  0.001   15.687   12.425    0    0  (Gen:  0)
  2257424    658280 526328712  0.005  0.001   15.694   12.426    0    0  (Gen:  0)
  2146264    559408 526572280  0.003  0.001   15.699   12.428    0    0  (Gen:  0)
  2008872    478016 526803096  0.004  0.001   15.705   12.430    0    0  (Gen:  0)
  2651032    654344 527228736  0.002  0.001   15.711   12.431    0    0  (Gen:  0)
  3438800    916968 527755704  0.006  0.001   15.719   12.434    0    0  (Gen:  0)
  3062800    750864 528161176  0.006  0.001   15.727   12.436    0    0  (Gen:  0)
  2938504    556088 528548680  0.002  0.001   15.732   12.437    0    0  (Gen:  0)
  2978872    820368 529003192  0.005  0.001   15.739   12.439    0    0  (Gen:  0)
  2542648    597912 529244224  0.002  0.001   15.746   12.441    0    0  (Gen:  0)
  2911336    606640 529594400  0.004  0.001   15.751   12.442    0    0  (Gen:  0)
  2706168    481744 529848256  0.003  0.001   15.757   12.444    0    0  (Gen:  0)
  2820208    610160 530194072  0.003  0.001   15.762   12.445    0    0  (Gen:  0)
  2612016    572520 530433616  0.004  0.001   15.768   12.447    0    0  (Gen:  0)
  2431936    416776 530693296  0.003  0.001   15.773   12.448    0    0  (Gen:  0)
  3132384    557632 531010240  0.004  0.001   15.778   12.450    0    0  (Gen:  0)
  2591264    407536 531210800  0.004  0.001   15.783   12.451    0    0  (Gen:  0)
  2674768    518760 531537832  0.003  0.001   15.788   12.452    0    0  (Gen:  0)
  3385872    752200 531985272  0.004  0.001   15.794   12.454    0    0  (Gen:  0)
  3747880    844848 532474776  0.004  0.001   15.801   12.456    0    0  (Gen:  0)
  2893976    868168 532891800  0.003  0.001   15.808   12.458    0    0  (Gen:  0)
  3094448    810552 533318792  0.004  0.001   15.815   12.460    0    0  (Gen:  0)
  3173488    793808 533738256  0.005  0.001   15.822   12.461    0    0  (Gen:  0)
  3253744    760592 534117088  0.004  0.001   15.828   12.463    0    0  (Gen:  0)
  3227840    766344 534537648  0.005  0.001   15.835   12.465    0    0  (Gen:  0)
  2952680    633928 534938624  0.005  0.001   15.840   12.466    0    0  (Gen:  0)
  3045232    550160 535154264  0.002  0.001   15.847   12.468    0    0  (Gen:  0)
  2490304    547248 535479072  0.002  0.001   15.852   12.469    0    0  (Gen:  0)
  3010808    727320 535867616  0.004  0.001   15.858   12.471    0    0  (Gen:  0)
  2787024    712992 536179680  0.004  0.001   15.864   12.473    0    0  (Gen:  0)
  2346800    576448 536428784  0.005  0.001   15.871   12.474    0    0  (Gen:  0)
  2368384    482456 536643744  0.004  0.001   15.876   12.476    0    0  (Gen:  0)
  3073984    420552 536839248  0.004  0.001   15.881   12.478    0    0  (Gen:  0)
  2272184    393224 537028800  0.003  0.001   15.886   12.479    0    0  (Gen:  0)
  2582528    429544 537256072  0.004  0.001   15.891   12.480    0    0  (Gen:  0)
  2376784    440616 537469296  0.004  0.001   15.896   12.481    0    0  (Gen:  0)
  2965672    561432 537810816  0.004  0.001   15.902   12.483    0    0  (Gen:  0)
  3482040    886928 538382384  0.005  0.001   15.909   12.485    0    0  (Gen:  0)
  3396152    760760 538757128  0.006  0.001   15.918   12.487    0    0  (Gen:  0)
  2813736    543376 539117088  0.003  0.001   15.923   12.489    0    0  (Gen:  0)
  3398104    682280 539431200  0.002  0.001   15.929   12.490    0    0  (Gen:  0)
  3130136    748160 539882888  0.003  0.001   15.934   12.492    0    0  (Gen:  0)
  3067800    781264 540283720  0.005  0.001   15.941   12.494    0    0  (Gen:  0)
  3060496    679264 540560560  0.005  0.001   15.948   12.496    0    0  (Gen:  0)
  2281504    533600 540820432  0.003  0.001   15.955   12.498    0    0  (Gen:  0)
  2318808    506728 541073664  0.002  0.001   15.960   12.499    0    0  (Gen:  0)
  2740328    537480 541345944  0.004  0.001   15.966   12.501    0    0  (Gen:  0)
  2551624    540328 541603272  0.004  0.001   15.971   12.502    0    0  (Gen:  0)
  2722608    569752 541887664  0.004  0.001   15.977   12.504    0    0  (Gen:  0)
  2765456    597320 542183296  0.004  0.001   15.983   12.505    0    0  (Gen:  0)
  2359824    571136 542443776  0.003  0.001   15.988   12.507    0    0  (Gen:  0)
  2666832    624696 542790296  0.004  0.001   15.994   12.508    0    0  (Gen:  0)
  2561720    679424 543115560  0.004  0.001   15.999   12.510    0    0  (Gen:  0)
  2592992    618776 543400968  0.003  0.001   16.005   12.511    0    0  (Gen:  0)
  2729576    541264 543642376  0.003  0.001   16.011   12.513    0    0  (Gen:  0)
  2251240    494808 543887304  0.003  0.001   16.016   12.514    0    0  (Gen:  0)
  2828216    506648 544130032  0.003  0.001   16.021   12.516    0    0  (Gen:  0)
  2335424    473272 544356160  0.003  0.001   16.026   12.517    0    0  (Gen:  0)
  2912040    620248 544739272  0.005  0.001   16.033   12.519    0    0  (Gen:  0)
  2974944    684224 545086088  0.004  0.001   16.039   12.521    0    0  (Gen:  0)
  3031256    764848 545538088  0.006  0.001   16.048   12.523    0    0  (Gen:  0)
  3132672    476344 545767792  0.002  0.001   16.053   12.524    0    0  (Gen:  0)
  2341104    504776 546094152  0.003  0.001   16.058   12.526    0    0  (Gen:  0)
  3381184    648680 546433504  0.004  0.001   16.065   12.528    0    0  (Gen:  0)
  2725272    520040 546643968  0.004  0.001   16.071   12.529    0    0  (Gen:  0)
  2763664    517232 546950696  0.004  0.001   16.077   12.531    0    0  (Gen:  0)
  2909816    694640 547329168  0.004  0.001   16.082   12.532    0    0  (Gen:  0)
  2727080    646272 547599088  0.003  0.001   16.089   12.534    0    0  (Gen:  0)
  2177248    582744 547895800  0.002  0.001   16.094   12.535    0    0  (Gen:  0)
  2221152    485360 548089584  0.004  0.001   16.099   12.537    0    0  (Gen:  0)
  2440640    425864 548309664  0.002  0.001   16.104   12.538    0    0  (Gen:  0)
  2671320    614400 548707296  0.004  0.001   16.110   12.540    0    0  (Gen:  0)
  3021160    827704 549147472  0.004  0.001   16.116   12.542    0    0  (Gen:  0)
  2804024    922616 549601560  0.005  0.001   16.123   12.543    0    0  (Gen:  0)
  2890104    910296 550086808  0.006  0.001   16.130   12.545    0    0  (Gen:  0)
  2818176    849840 550513968  0.003  0.001   16.136   12.547    0    0  (Gen:  0)
  3372768    711616 550838992  0.005  0.001   16.143   12.549    0    0  (Gen:  0)
  3459544    666512 551298424  0.005  0.001   16.149   12.550    0    0  (Gen:  0)
  2453728    533224 551449768  0.003  0.001   16.153   12.551    0    0  (Gen:  0)
  3016680    588744 551819800  0.005  0.001   16.159   12.553    0    0  (Gen:  0)
  2687968    775168 552269560  0.004  0.001   16.165   12.555    0    0  (Gen:  0)
  3102912    962096 552798120  0.005  0.001   16.171   12.557    0    0  (Gen:  0)
  2944112    984464 553288488  0.006  0.001   16.179   12.558    0    0  (Gen:  0)
  2565024    472456 553512960  0.004  0.000   16.183   12.560    0    0  (Gen:  0)
  2667672    509040 553813656  0.003  0.001   16.188   12.561    0    0  (Gen:  0)
  2574544    599144 554111856  0.003  0.001   16.193   12.562    0    0  (Gen:  0)
  2663640    589584 554382160  0.003  0.001   16.199   12.564    0    0  (Gen:  0)
  2261136    542000 554641376  0.002  0.001   16.204   12.565    0    0  (Gen:  0)
  2733856    624584 554986360  0.005  0.001   16.210   12.567    0    0  (Gen:  0)
  2572824    770080 555413752  0.005  0.001   16.216   12.569    0    0  (Gen:  0)
  3277872    919992 555924096  0.007  0.002   16.225   12.571    0    0  (Gen:  0)
  2962736    761360 556338528  0.005  0.001   16.231   12.573    0    0  (Gen:  0)
  3498360    741008 556795440  0.003  0.001   16.239   12.574    0    0  (Gen:  0)
  3344264    992632 557401192  0.003  0.001   16.244   12.576    0    0  (Gen:  0)
  3584352    947616 557937840  0.006  0.001   16.251   12.578    0    0  (Gen:  0)
  3543240    803976 558441640  0.003  0.001   16.257   12.580    0    0  (Gen:  0)
  3083280    808144 558877192  0.004  0.001   16.263   12.581    0    0  (Gen:  0)
  3376448    757312 559251608  0.003  0.001   16.269   12.583    0    0  (Gen:  0)
  2511632    677256 559567624  0.002  0.001   16.275   12.584    0    0  (Gen:  0)
  2132528    504200 559768984  0.002  0.001   16.280   12.586    0    0  (Gen:  0)
  2424720    505720 560052120  0.003  0.000   16.285   12.588    0    0  (Gen:  0)
  2103960    571032 560348448  0.003  0.001   16.290   12.589    0    0  (Gen:  0)
  2297600    563168 560645920  0.002  0.001   16.296   12.590    0    0  (Gen:  0)
  2171816    537256 560892288  0.002  0.001   16.301   12.592    0    0  (Gen:  0)
  2807120    453760 561106976  0.004  0.001   16.306   12.593    0    0  (Gen:  0)
  1788864    424744 561303744  0.003  0.001   16.310   12.594    0    0  (Gen:  0)
  2790064    419424 561559248  0.003  0.001   16.315   12.596    0    0  (Gen:  0)
  2609336    427432 561755464  0.004  0.001   16.320   12.597    0    0  (Gen:  0)
  2423104    400696 561946104  0.003  0.001   16.325   12.598    0    0  (Gen:  0)
  2854816    668544 562407872  0.004  0.001   16.331   12.600    0    0  (Gen:  0)
  4027696   1057984 563082232  0.005  0.001   16.338   12.602    0    0  (Gen:  0)
  3249120    816560 563461712  0.003  0.001   16.344   12.604    0    0  (Gen:  0)
  3060640    784992 563872016  0.005  0.001   16.352   12.605    0    0  (Gen:  0)
  2141232    678952 564176872  0.004  0.001   16.357   12.607    0    0  (Gen:  0)
  2709944    576552 564426968  0.005  0.001   16.362   12.609    0    0  (Gen:  0)
  2483936    447640 564621376  0.004  0.001   16.368   12.610    0    0  (Gen:  0)
  2745024    542680 564959144  0.004  0.001   16.374   12.612    0    0  (Gen:  0)
  2813800    629304 565248000  0.004  0.001   16.380   12.613    0    0  (Gen:  0)
  2525672    665128 565597376  0.005  0.001   16.387   12.615    0    0  (Gen:  0)
  2741840    718072 565954520  0.005  0.001   16.393   12.617    0    0  (Gen:  0)
  2601368    706296 566282040  0.004  0.001   16.400   12.619    0    0  (Gen:  0)
  2192728    614336 566585232  0.002  0.001   16.405   12.620    0    0  (Gen:  0)
  2657808    650176 566954848  0.003  0.001   16.412   12.622    0    0  (Gen:  0)
  3471424    843568 567435008  0.004  0.001   16.420   12.624    0    0  (Gen:  0)
  2956112    728896 567758000  0.005  0.001   16.426   12.626    0    0  (Gen:  0)
  2506032    577584 568068464  0.003  0.001   16.432   12.628    0    0  (Gen:  0)
  2737864    704392 568452288  0.005  0.001   16.438   12.629    0    0  (Gen:  0)
  2545112    711880 568772024  0.004  0.001   16.444   12.631    0    0  (Gen:  0)
  2735696    694616 569126048  0.003  0.001   16.449   12.632    0    0  (Gen:  0)
  2230424    576920 569401312  0.003  0.001   16.454   12.634    0    0  (Gen:  0)
  2553016    594504 569729136  0.003  0.001   16.460   12.635    0    0  (Gen:  0)
  2326632    702552 570127840  0.003  0.001   16.464   12.636    0    0  (Gen:  0)
  3255392    926696 570664088  0.005  0.001   16.470   12.638    0    0  (Gen:  0)
  2869920    932432 571058392  0.004  0.001   16.477   12.640    0    0  (Gen:  0)
  2526824    739200 571433200  0.003  0.001   16.482   12.641    0    0  (Gen:  0)
  2870072    723552 571819224  0.004  0.001   16.488   12.643    0    0  (Gen:  0)
  2155504    672872 572115960  0.003  0.001   16.493   12.644    0    0  (Gen:  0)
  2890336    690056 572550584  0.005  0.001   16.500   12.646    0    0  (Gen:  0)
  2503440    713312 572870640  0.003  0.001   16.506   12.648    0    0  (Gen:  0)
  3090688    703048 573241776  0.004  0.001   16.511   12.649    0    0  (Gen:  0)
  2349456    725008 573580184  0.004  0.001   16.518   12.651    0    0  (Gen:  0)
  2369608    623984 573864872  0.005  0.001   16.525   12.653    0    0  (Gen:  0)
  2028784    563496 574148248  0.004  0.001   16.530   12.654    0    0  (Gen:  0)
  2315920    577760 574438376  0.002  0.001   16.535   12.656    0    0  (Gen:  0)
  2021328    519208 574670048  0.003  0.001   16.541   12.657    0    0  (Gen:  0)
  1944264    466656 574886560  0.002  0.001   16.545   12.658    0    0  (Gen:  0)
  2803112    558888 575218184  0.004  0.001   16.552   12.660    0    0  (Gen:  0)
  2706448    572720 575492240  0.002  0.001   16.557   12.661    0    0  (Gen:  0)
  2753280    578456 575807360  0.003  0.001   16.563   12.663    0    0  (Gen:  0)
  2826920    724864 576268904  0.002  0.001   16.568   12.665    0    0  (Gen:  0)
  1733664    590888 576477792  0.003  0.001   16.574   12.666    0    0  (Gen:  0)
  2018968    441928 576714496  0.002  0.001   16.579   12.667    0    0  (Gen:  0)
  2135408    451584 576936272  0.002  0.001   16.583   12.669    0    0  (Gen:  0)
  2751312    549416 577276488  0.002  0.001   16.589   12.670    0    0  (Gen:  0)
  2527440    560128 577511424  0.002  0.001   16.595   12.672    0    0  (Gen:  0)
  3041472    717056 577949776  0.005  0.001   16.602   12.673    0    0  (Gen:  0)
  2847408    748168 578257224  0.004  0.001   16.607   12.675    0    0  (Gen:  0)
  2571968    742600 578575560  0.005  0.001   16.614   12.677    0    0  (Gen:  0)
  2345576    703872 578950520  0.005  0.001   16.621   12.679    0    0  (Gen:  0)
  2589352    703992 579264048  0.004  0.001   16.626   12.680    0    0  (Gen:  0)
  2794488    718184 579653800  0.005  0.001   16.633   12.682    0    0  (Gen:  0)
  2504624    712640 579981752  0.004  0.001   16.639   12.684    0    0  (Gen:  0)
  2850760    724144 580369496  0.005  0.001   16.646   12.686    0    0  (Gen:  0)
  2303792    700688 580690240  0.004  0.001   16.652   12.687    0    0  (Gen:  0)
  2199160    606624 581007864  0.004  0.001   16.658   12.689    0    0  (Gen:  0)
  2696736    568408 581287400  0.004  0.001   16.664   12.691    0    0  (Gen:  0)
  2510968    542976 581542752  0.003  0.001   16.668   12.692    0    0  (Gen:  0)
  3134984    553216 581824872  0.004  0.001   16.674   12.693    0    0  (Gen:  0)
  3371760    683912 582211840  0.005  0.001   16.681   12.695    0    0  (Gen:  0)
  2775728    661224 582473288  0.004  0.001   16.685   12.696    0    0  (Gen:  0)
  3294744    682480 582874520  0.004  0.001   16.691   12.698    0    0  (Gen:  0)
  3141152    851544 583314440  0.005  0.001   16.699   12.700    0    0  (Gen:  0)
  3155608    667568 583574848  0.003  0.001   16.705   12.701    0    0  (Gen:  0)
  3160048    621624 583884184  0.004  0.001   16.710   12.703    0    0  (Gen:  0)
  3302552    635672 584199968  0.004  0.001   16.715   12.704    0    0  (Gen:  0)
  3058360    659520 584531832  0.004  0.001   16.720   12.706    0    0  (Gen:  0)
  2615256    636856 584877272  0.005  0.001   16.726   12.707    0    0  (Gen:  0)
  3066328    582072 585099392  0.004  0.001   16.731   12.708    0    0  (Gen:  0)
  3213608    667448 585434112  0.004  0.001   16.736   12.710    0    0  (Gen:  0)
  3366352    644568 585721904  0.004  0.001   16.742   12.711    0    0  (Gen:  0)
  3408672    611232 586031128  0.004  0.001   16.747   12.713    0    0  (Gen:  0)
  2432416    667856 586403984  0.002  0.001   16.752   12.714    0    0  (Gen:  0)
  2451800    476384 586600448  0.002  0.000   16.757   12.715    0    0  (Gen:  0)
  2721448    372240 586765120  0.002  0.000   16.762   12.716    0    0  (Gen:  0)
  2552040    482176 587028720  0.004  0.000   16.766   12.718    0    0  (Gen:  0)
  2720280    489352 587266480  0.001  0.000   16.771   12.719    0    0  (Gen:  0)
  2516304    499832 587529096  0.004  0.001   16.777   12.720    0    0  (Gen:  0)
  2836752    635480 587952616  0.004  0.001   16.783   12.722    0    0  (Gen:  0)
  2758864    794968 588393552  0.005  0.001   16.789   12.724    0    0  (Gen:  0)
  2684536    842344 588835304  0.007  0.001   16.798   12.726    0    0  (Gen:  0)
  2162056    630480 589088520  0.003  0.001   16.803   12.727    0    0  (Gen:  0)
  2447952    508864 589356768  0.003  0.000   16.806   12.728    0    0  (Gen:  0)
  2533360    578048 589666176  0.004  0.001   16.812   12.730    0    0  (Gen:  0)
  2642112    729560 590100560  0.004  0.001   16.818   12.732    0    0  (Gen:  0)
  2676720    781928 590475160  0.005  0.001   16.824   12.733    0    0  (Gen:  0)
  3045240    789912 590898576  0.005  0.001   16.830   12.735    0    0  (Gen:  0)
  2178600    754344 591223048  0.004  0.001   16.835   12.736    0    0  (Gen:  0)
  2662160    618008 591500688  0.003  0.001   16.839   12.737    0    0  (Gen:  0)
  2844520    783016 592063584  0.003  0.001   16.846   12.739    0    0  (Gen:  0)
  2778864    579960 592302192  0.002  0.001   16.850   12.740    0    0  (Gen:  0)
  2727112    432320 592525672  0.002  0.001   16.855   12.742    0    0  (Gen:  0)
  3011856    415608 592671968  0.003  0.000   16.859   12.743    0    0  (Gen:  0)
  2610088    454312 592986296  0.003  0.001   16.864   12.744    0    0  (Gen:  0)
  3062064    569400 593287688  0.004  0.001   16.869   12.745    0    0  (Gen:  0)
  2936576    597656 593568088  0.004  0.001   16.874   12.747    0    0  (Gen:  0)
  3804856    671504 593946440  0.005  0.001   16.880   12.748    0    0  (Gen:  0)
  3511840    524320 594172704  0.002  0.001   16.886   12.750    0    0  (Gen:  0)
  2706104    457792 594440720  0.001  0.001   16.890   12.751    0    0  (Gen:  0)
  2595360    498744 594685472  0.002  0.001   16.895   12.753    0    0  (Gen:  0)
  2833056    449024 594870888  0.001  0.001   16.899   12.754    0    0  (Gen:  0)
  2363152    436824 595100576  0.001  0.000   16.903   12.755    0    0  (Gen:  0)
  2319688    565176 595420488  0.002  0.001   16.907   12.757    0    0  (Gen:  0)
  2461376    548392 595715536  0.002  0.001   16.911   12.758    0    0  (Gen:  0)
  2169200    467680 595857352  0.002  0.001   16.915   12.759    0    0  (Gen:  0)
  2329576    418456 596096248  0.001  0.000   16.919   12.760    0    0  (Gen:  0)
  2050112    318288 596153008  0.001  0.000   16.922   12.761    0    0  (Gen:  0)
  2271032    349776 596355472  0.001  0.000   16.925   12.762    0    0  (Gen:  0)
  2335152    457576 596585096  0.002  0.001   16.929   12.764    0    0  (Gen:  0)
  2557640    447808 596788032  0.001  0.000   16.933   12.765    0    0  (Gen:  0)
  2456256    445032 597012192  0.001  0.001   16.937   12.766    0    0  (Gen:  0)
  2727840    556272 597339520  0.002  0.001   16.942   12.768    0    0  (Gen:  0)
  2516984    630192 597679424  0.001  0.001   16.946   12.769    0    0  (Gen:  0)
  2641904    714984 598040760  0.002  0.001   16.951   12.770    0    0  (Gen:  0)
  2572624    722824 598417976  0.002  0.001   16.956   12.772    0    0  (Gen:  0)
  2947592    754792 598814632  0.003  0.001   16.962   12.773    0    0  (Gen:  0)
  2570824    696416 599126200  0.002  0.001   16.966   12.775    0    0  (Gen:  0)
  2921416    786744 599603776  0.003  0.001   16.972   12.776    0    0  (Gen:  0)
  2579848    728336 599884000  0.002  0.001   16.975   12.778    0    0  (Gen:  0)
  2687608    710760 600231008  0.002  0.001   16.979   12.779    0    0  (Gen:  0)
  2749632    748552 600550064  0.002  0.001   16.984   12.780    0    0  (Gen:  0)
  2939744    713032 600871776  0.003  0.001   16.989   12.782    0    0  (Gen:  0)
  2716192    646864 601240024  0.002  0.001   16.994   12.783    0    0  (Gen:  0)
  2940344    646984 601688992  0.003  0.001   17.000   12.785    0    0  (Gen:  0)
  2766872    569600 601848472  0.002  0.001   17.004   12.786    0    0  (Gen:  0)
  2539656    466440 602086976  0.001  0.001   17.008   12.788    0    0  (Gen:  0)
  2475976    438192 602314936  0.001  0.000   17.011   12.789    0    0  (Gen:  0)
  2379032    583512 602678600  0.001  0.000   17.015   12.790    0    0  (Gen:  0)
  2588816    618688 602951760  0.002  0.001   17.020   12.791    0    0  (Gen:  0)
  2326136    479440 603159704  0.001  0.000   17.023   12.792    0    0  (Gen:  0)
  2310360    503880 603410000  0.001  0.000   17.027   12.794    0    0  (Gen:  0)
  1892088    523040 603679584  0.001  0.000   17.031   12.795    0    0  (Gen:  0)
  2648192    634016 604097192  0.002  0.001   17.035   12.796    0    0  (Gen:  0)
  2262200    556648 604413344  0.001  0.000   17.039   12.797    0    0  (Gen:  0)
  2302648    520464 604707240  0.002  0.001   17.043   12.799    0    0  (Gen:  0)
  2073928    636672 605061888  0.002  0.001   17.047   12.800    0    0  (Gen:  0)
  1615640    557440 605269392  0.002  0.001   17.051   12.802    0    0  (Gen:  0)
  1961008    495536 605565216  0.002  0.001   17.055   12.803    0    0  (Gen:  0)
  1737496    484920 605776600  0.001  0.000   17.057   12.804    0    0  (Gen:  0)
  1737712    424496 605992896  0.002  0.001   17.061   12.805    0    0  (Gen:  0)
  1681512    408480 606176000  0.001  0.001   17.064   12.806    0    0  (Gen:  0)
  1539120    387416 606371448  0.001  0.000   17.066   12.807    0    0  (Gen:  0)
  1965104    571504 606752160  0.002  0.001   17.070   12.808    0    0  (Gen:  0)
  2080000    669560 607096928  0.002  0.001   17.075   12.810    0    0  (Gen:  0)
  1949416    679024 607468920  0.003  0.001   17.080   12.812    0    0  (Gen:  0)
  1763768    672808 607802944  0.003  0.001   17.084   12.813    0    0  (Gen:  0)
  1908992    669016 608150504  0.003  0.001   17.089   12.815    0    0  (Gen:  0)
  1930512    729360 608544608  0.003  0.001   17.094   12.817    0    0  (Gen:  0)
  1919328    708320 608885960  0.003  0.001   17.100   12.818    0    0  (Gen:  0)
  2235592    660032 609189528  0.002  0.001   17.104   12.820    0    0  (Gen:  0)
  1945728    664672 609545808  0.001  0.000   17.107   12.821    0    0  (Gen:  0)
  1800616    693456 609876296  0.003  0.001   17.112   12.823    0    0  (Gen:  0)
  1901248    683656 610223624  0.002  0.001   17.115   12.824    0    0  (Gen:  0)
  1884416    706576 610575624  0.002  0.001   17.118   12.825    0    0  (Gen:  0)
  1782784    708792 610927304  0.003  0.001   17.123   12.827    0    0  (Gen:  0)
  1995664    663888 611235352  0.002  0.001   17.127   12.828    0    0  (Gen:  0)
  1930840    673904 611591752  0.002  0.001   17.131   12.830    0    0  (Gen:  0)
  2014472    499600 611927232  0.002  0.001   17.135   12.831    0    0  (Gen:  0)
  1999888    512208 612218056  0.003  0.001   17.140   12.833    0    0  (Gen:  0)
  1714016    345056 612290136  0.001  0.000   17.142   12.834    0    0  (Gen:  0)
  2035568    479232 612664416  0.002  0.001   17.146   12.835    0    0  (Gen:  0)
  2731912    771576 613123392  0.001  0.001   17.150   12.836    0    0  (Gen:  0)
  2552976    720744 613390600  0.001  0.001   17.154   12.837    0    0  (Gen:  0)
  2646952    469912 613648184  0.001  0.000   17.158   12.839    0    0  (Gen:  0)
  1795544    501088 613893896  0.001  0.001   17.161   12.840    0    0  (Gen:  0)
  1785672    476888 614141120  0.001  0.000   17.164   12.841    0    0  (Gen:  0)
  1385432    413512 614337008  0.001  0.000   17.167   12.842    0    0  (Gen:  0)
  1575432    365360 614501944  0.001  0.000   17.170   12.843    0    0  (Gen:  0)
  1401296    367360 614698736  0.001  0.000   17.172   12.844    0    0  (Gen:  0)
  1591168    376064 614873176  0.001  0.000   17.175   12.845    0    0  (Gen:  0)
  1430608    367480 615065288  0.001  0.000   17.178   12.846    0    0  (Gen:  0)
  1627616    345064 615244328  0.001  0.000   17.181   12.848    0    0  (Gen:  0)
  1556800    348488 615425528  0.001  0.000   17.184   12.849    0    0  (Gen:  0)
  1818704    393392 615635936  0.002  0.001   17.187   12.850    0    0  (Gen:  0)
  1527728    391688 615811824  0.001  0.000   17.190   12.851    0    0  (Gen:  0)
  1889088    332440 615995720  0.001  0.000   17.193   12.852    0    0  (Gen:  0)
  1629784    332224 616172416  0.001  0.000   17.195   12.853    0    0  (Gen:  0)
  1888376    336232 616325296  0.001  0.000   17.198   12.854    0    0  (Gen:  0)
  1713920    330376 616505328  0.001  0.000   17.201   12.855    0    0  (Gen:  0)
  1834040    338816 616659424  0.001  0.000   17.204   12.856    0    0  (Gen:  0)
  1747392    323616 616824696  0.001  0.000   17.206   12.858    0    0  (Gen:  0)
  1820448    336056 616988696  0.001  0.000   17.209   12.859    0    0  (Gen:  0)
  1835696    325864 617147768  0.001  0.001   17.212   12.860    0    0  (Gen:  0)
  1695432    331872 617314944  0.001  0.000   17.215   12.861    0    0  (Gen:  0)
  1835984    334560 617477712  0.001  0.001   17.219   12.862    0    0  (Gen:  0)
  1799160    332648 617644728  0.001  0.000   17.222   12.863    0    0  (Gen:  0)
  1869136    333240 617808528  0.001  0.000   17.224   12.865    0    0  (Gen:  0)
  1710576    331576 617971608  0.001  0.000   17.227   12.866    0    0  (Gen:  0)
  1851248    329440 618133720  0.001  0.001   17.230   12.867    0    0  (Gen:  0)
  1771976    330880 618301176  0.001  0.000   17.233   12.868    0    0  (Gen:  0)
  1616600    347168 618480544  0.001  0.001   17.237   12.869    0    0  (Gen:  0)
  1468784    366472 618670304  0.001  0.000   17.240   12.870    0    0  (Gen:  0)
  1733240    449760 618922840  0.001  0.001   17.243   12.872    0    0  (Gen:  0)
  1645304    454776 619124256  0.001  0.000   17.246   12.873    0    0  (Gen:  0)
  1724816    463016 619374536  0.001  0.001   17.249   12.874    0    0  (Gen:  0)
  1655920    458984 619583360  0.001  0.000   17.252   12.875    0    0  (Gen:  0)
  1759304    459400 619823664  0.001  0.001   17.255   12.876    0    0  (Gen:  0)
  1599080    444984 620028648  0.001  0.000   17.258   12.877    0    0  (Gen:  0)
  1754816    447024 620261904  0.001  0.000   17.261   12.879    0    0  (Gen:  0)
  1582688    452136 620482712  0.001  0.000   17.264   12.880    0    0  (Gen:  0)
  1744864    462712 620720352  0.001  0.000   17.267   12.881    0    0  (Gen:  0)
  1520112    452256 620942600  0.001  0.000   17.270   12.882    0    0  (Gen:  0)
  1640888    460920 621177760  0.001  0.000   17.272   12.883    0    0  (Gen:  0)
  1654808    472272 621416840  0.001  0.000   17.275   12.884    0    0  (Gen:  0)
  1601216    467760 621642712  0.001  0.000   17.278   12.885    0    0  (Gen:  0)
  1685464    487000 621898192  0.001  0.001   17.281   12.886    0    0  (Gen:  0)
  1590304    463408 622105856  0.001  0.000   17.284   12.887    0    0  (Gen:  0)
  1685024    462016 622348768  0.002  0.001   17.288   12.889    0    0  (Gen:  0)
  1483528    437936 622537936  0.001  0.000   17.291   12.890    0    0  (Gen:  0)
  1623688    384384 622727272  0.001  0.001   17.294   12.891    0    0  (Gen:  0)
  1478904    366056 622908640  0.001  0.000   17.297   12.892    0    0  (Gen:  0)
  1611376    363104 623085472  0.001  0.000   17.299   12.893    0    0  (Gen:  0)
  1517016    367160 623278432  0.001  0.000   17.302   12.894    0    0  (Gen:  0)
  1527304    376632 623460064  0.001  0.000   17.305   12.895    0    0  (Gen:  0)
  1860112    365800 623646504  0.001  0.001   17.308   12.897    0    0  (Gen:  0)
  1877408    515736 623976112  0.001  0.000   17.311   12.898    0    0  (Gen:  0)
  2042784    717520 624377792  0.002  0.001   17.315   12.899    0    0  (Gen:  0)
  1682928    685336 624731672  0.002  0.001   17.319   12.901    0    0  (Gen:  0)
  2078016    635832 625066272  0.002  0.001   17.323   12.902    0    0  (Gen:  0)
  1984336    593968 625353624  0.001  0.000   17.326   12.903    0    0  (Gen:  0)
  2053712    557096 625716792  0.001  0.000   17.329   12.904    0    0  (Gen:  0)
  1793480    450472 625892384  0.002  0.001   17.333   12.906    0    0  (Gen:  0)
  1633920    354072 626074368  0.001  0.000   17.336   12.907    0    0  (Gen:  0)
  2285072    553232 626529032  0.002  0.001   17.340   12.908    0    0  (Gen:  0)
  3413016   1022496 627161000  0.003  0.001   17.346   12.910    0    0  (Gen:  0)
  3130592   1106000 627610216  0.004  0.001   17.353   12.912    0    0  (Gen:  0)
  2374536    569360 627896400  0.002  0.001   17.359   12.913    0    0  (Gen:  0)
  2097896    544936 628155256  0.003  0.001   17.364   12.915    0    0  (Gen:  0)
  1699416    476088 628384384  0.004  0.001   17.369   12.916    0    0  (Gen:  0)
  2159544    490496 628656664  0.001  0.000   17.374   12.917    0    0  (Gen:  0)
  1980624    493576 628894144  0.003  0.001   17.379   12.919    0    0  (Gen:  0)
  2221336    539896 629210584  0.004  0.001   17.385   12.920    0    0  (Gen:  0)
  2316712    613752 629504552  0.003  0.001   17.389   12.922    0    0  (Gen:  0)
  2482800    636504 629832224  0.004  0.001   17.397   12.924    0    0  (Gen:  0)
  2520480    701720 630192032  0.004  0.001   17.403   12.925    0    0  (Gen:  0)
  2944192    828816 630656912  0.005  0.001   17.410   12.927    0    0  (Gen:  0)
  2356656    720768 630958984  0.005  0.001   17.416   12.929    0    0  (Gen:  0)
  2383600    532960 631196592  0.003  0.001   17.420   12.930    0    0  (Gen:  0)
  3877592    747240 631695264  0.004  0.001   17.428   12.932    0    0  (Gen:  0)
  2699320    855288 632067680  0.004  0.001   17.434   12.934    0    0  (Gen:  0)
  3399312    862624 632561256  0.004  0.001   17.442   12.936    0    0  (Gen:  0)
  2837408    747688 632827504  0.004  0.001   17.446   12.937    0    0  (Gen:  0)
  3261280    765696 633235696  0.005  0.001   17.453   12.938    0    0  (Gen:  0)
  2652976    744520 633571384  0.004  0.001   17.458   12.940    0    0  (Gen:  0)
  3085128    681728 633914416  0.004  0.001   17.465   12.942    0    0  (Gen:  0)
  1878824    567624 634141048  0.003  0.001   17.469   12.943    0    0  (Gen:  0)
  2183224    498112 634400408  0.004  0.001   17.474   12.944    0    0  (Gen:  0)
  2292936    522056 634671544  0.003  0.000   17.479   12.945    0    0  (Gen:  0)
  2691832    569272 634966456  0.004  0.001   17.484   12.947    0    0  (Gen:  0)
  2285112    548520 635233696  0.003  0.000   17.488   12.948    0    0  (Gen:  0)
  2746504    534104 635497280  0.003  0.001   17.494   12.949    0    0  (Gen:  0)
  2517120    485512 635721760  0.002  0.000   17.498   12.950    0    0  (Gen:  0)
  3380192    541552 636027872  0.004  0.001   17.504   12.952    0    0  (Gen:  0)
  2605544    577728 636288664  0.003  0.000   17.508   12.953    0    0  (Gen:  0)
  3095328    566320 636580144  0.004  0.001   17.514   12.955    0    0  (Gen:  0)
  2418888    540704 636897856  0.001  0.000   17.518   12.956    0    0  (Gen:  0)
  2747448    703472 637349800  0.002  0.001   17.524   12.958    0    0  (Gen:  0)
  2601456    853208 637786744  0.002  0.001   17.529   12.959    0    0  (Gen:  0)
  2621184    864304 638251552  0.003  0.001   17.536   12.961    0    0  (Gen:  0)
  2179800    845408 638655368  0.003  0.001   17.541   12.963    0    0  (Gen:  0)
  2568616    752216 639026312  0.003  0.001   17.547   12.965    0    0  (Gen:  0)
  2690888    841672 639566960  0.003  0.001   17.553   12.966    0    0  (Gen:  0)
  3157912    792080 639969264  0.006  0.001   17.561   12.968    0    0  (Gen:  0)
  3039048    852384 640443816  0.004  0.001   17.567   12.970    0    0  (Gen:  0)
  3496328    755216 640838080  0.005  0.001   17.574   12.972    0    0  (Gen:  0)
  3202528    647600 641141104  0.002  0.001   17.580   12.974    0    0  (Gen:  0)
  3437904    820808 641649472  0.002  0.001   17.586   12.975    0    0  (Gen:  0)
  2599104    690632 641911704  0.003  0.001   17.592   12.977    0    0  (Gen:  0)
  2123832    508312 642170720  0.003  0.000   17.597   12.978    0    0  (Gen:  0)
  2701440    674624 642575696  0.003  0.001   17.603   12.980    0    0  (Gen:  0)
  1831216    590736 642769392  0.003  0.000   17.608   12.981    0    0  (Gen:  0)
  2217520    452408 643000584  0.004  0.001   17.614   12.983    0    0  (Gen:  0)
  2111032    470760 643251144  0.003  0.000   17.619   12.984    0    0  (Gen:  0)
  2482336    488424 643508480  0.002  0.001   17.624   12.985    0    0  (Gen:  0)
  2186776    533152 643803008  0.004  0.001   17.629   12.986    0    0  (Gen:  0)
  3150648    598680 644113392  0.004  0.001   17.634   12.988    0    0  (Gen:  0)
  2830136 552538864 581626296  1.371  0.420   19.006   13.408    0    0  (Gen:  1)
  2646880    695664 581959176  0.005  0.001   19.011   13.410    0    0  (Gen:  0)
  2891816    686136 582283912  0.003  0.001   19.018   13.412    0    0  (Gen:  0)
  2556680    639216 582585688  0.004  0.001   19.023   13.413    0    0  (Gen:  0)
  3721104    684648 583077640  0.004  0.001   19.029   13.415    0    0  (Gen:  0)
  2461216    690608 583397456  0.004  0.001   19.034   13.416    0    0  (Gen:  0)
  2852400    608304 583667160  0.005  0.001   19.040   13.417    0    0  (Gen:  0)
  2310816    573368 583973376  0.004  0.001   19.044   13.419    0    0  (Gen:  0)
  2666960    600344 584271472  0.003  0.001   19.049   13.420    0    0  (Gen:  0)
  2502640    606192 584580320  0.004  0.001   19.054   13.421    0    0  (Gen:  0)
  2721824    606032 584878568  0.004  0.001   19.059   13.423    0    0  (Gen:  0)
  3022936    622720 585193424  0.004  0.001   19.064   13.424    0    0  (Gen:  0)
  2741576    638360 585505472  0.004  0.001   19.069   13.425    0    0  (Gen:  0)
  2941896    646624 585830304  0.004  0.001   19.075   13.427    0    0  (Gen:  0)
  2612088    614752 586097376  0.004  0.001   19.080   13.428    0    0  (Gen:  0)
  2833048    502072 586325736  0.005  0.001   19.086   13.430    0    0  (Gen:  0)
  1969288    559824 586651824  0.003  0.001   19.091   13.431    0    0  (Gen:  0)
  2611984    671536 587029312  0.005  0.001   19.097   13.433    0    0  (Gen:  0)
  2655944    689240 587370264  0.005  0.001   19.103   13.434    0    0  (Gen:  0)
  2319720    657552 587703080  0.003  0.001   19.108   13.436    0    0  (Gen:  0)
  2843128    729808 588122080  0.003  0.001   19.114   13.438    0    0  (Gen:  0)
  2618664    742432 588463968  0.002  0.001   19.119   13.439    0    0  (Gen:  0)
  3450160    797040 588916384  0.005  0.001   19.126   13.441    0    0  (Gen:  0)
  2847896    783984 589269216  0.005  0.001   19.133   13.443    0    0  (Gen:  0)
  3301320    654976 589558768  0.003  0.001   19.139   13.444    0    0  (Gen:  0)
  3530400    700104 590004936  0.004  0.001   19.144   13.446    0    0  (Gen:  0)
  2819416    530344 590300112  0.004  0.001   19.149   13.447    0    0  (Gen:  0)
  3405032    552128 590539024  0.002  0.001   19.155   13.449    0    0  (Gen:  0)
  2632400    570784 590864296  0.004  0.001   19.160   13.450    0    0  (Gen:  0)
  2900480    656656 591190000  0.004  0.001   19.166   13.451    0    0  (Gen:  0)
  3060616    673720 591558744  0.005  0.001   19.171   13.453    0    0  (Gen:  0)
  2679024    737408 591962104  0.005  0.001   19.177   13.454    0    0  (Gen:  0)
  3594640   1007632 592590056  0.005  0.001   19.183   13.456    0    0  (Gen:  0)
  3243024    935640 593064920  0.004  0.001   19.189   13.458    0    0  (Gen:  0)
  3369424   1070688 593688768  0.003  0.001   19.195   13.460    0    0  (Gen:  0)
  3679464   1076632 594295160  0.006  0.001   19.203   13.462    0    0  (Gen:  0)
  3022392    962816 594708824  0.003  0.001   19.210   13.463    0    0  (Gen:  0)
  3780880    912664 595217776  0.005  0.001   19.216   13.465    0    0  (Gen:  0)
  3177688    866816 595621176  0.005  0.001   19.223   13.467    0    0  (Gen:  0)
  2862632    505912 595847512  0.004  0.001   19.228   13.468    0    0  (Gen:  0)
  3304304    780280 596372344  0.004  0.001   19.234   13.470    0    0  (Gen:  0)
  3474024    788824 596810600  0.005  0.001   19.239   13.471    0    0  (Gen:  0)
  2543880    648208 597082544  0.002  0.001   19.245   13.473    0    0  (Gen:  0)
  2397800    550480 597356576  0.002  0.001   19.249   13.474    0    0  (Gen:  0)
  2465096    580224 597646744  0.002  0.001   19.253   13.475    0    0  (Gen:  0)
  2245160    476848 597912264  0.002  0.001   19.258   13.477    0    0  (Gen:  0)
  1702400    490464 598135728  0.002  0.001   19.262   13.478    0    0  (Gen:  0)
  2264896    578704 598475584  0.002  0.001   19.267   13.480    0    0  (Gen:  0)
  2028192    439160 598690552  0.002  0.001   19.271   13.481    0    0  (Gen:  0)
  1582744    384328 598871200  0.002  0.001   19.275   13.482    0    0  (Gen:  0)
  1702680    405712 599096056  0.002  0.001   19.279   13.484    0    0  (Gen:  0)
  1533848    433024 599302688  0.002  0.001   19.282   13.485    0    0  (Gen:  0)
  1748272    439216 599526640  0.002  0.001   19.286   13.486    0    0  (Gen:  0)
  1503056    470016 599772656  0.002  0.001   19.289   13.488    0    0  (Gen:  0)
  1506416    467736 599987680  0.002  0.001   19.293   13.489    0    0  (Gen:  0)
  1571048    471008 600236168  0.002  0.001   19.296   13.490    0    0  (Gen:  0)
  1570120    455664 600439888  0.002  0.001   19.300   13.491    0    0  (Gen:  0)
  1739352    439472 600660864  0.002  0.001   19.304   13.493    0    0  (Gen:  0)
  1595840    456408 600892936  0.002  0.001   19.307   13.494    0    0  (Gen:  0)
  1583632    457352 601110480  0.002  0.001   19.310   13.495    0    0  (Gen:  0)
  1728144    457784 601346096  0.002  0.001   19.314   13.497    0    0  (Gen:  0)
  1522600    449664 601558984  0.002  0.001   19.317   13.498    0    0  (Gen:  0)
  1727880    452048 601792616  0.002  0.001   19.321   13.499    0    0  (Gen:  0)
  1158312    429992 601989712  0.002  0.001   19.325   13.501    0    0  (Gen:  0)
  1184464    360672 602152640  0.002  0.001   19.328   13.502    0    0  (Gen:  0)
  1363680    366512 602346984  0.002  0.001   19.332   13.503    0    0  (Gen:  0)
  1444472    368872 602523672  0.002  0.001   19.335   13.505    0    0  (Gen:  0)
  1564200    359048 602700688  0.002  0.001   19.339   13.506    0    0  (Gen:  0)
  1401640    375560 602901800  0.002  0.001   19.342   13.507    0    0  (Gen:  0)
  1427208    363704 603062816  0.002  0.001   19.345   13.508    0    0  (Gen:  0)
  1936128    548928 603442904  0.002  0.001   19.349   13.510    0    0  (Gen:  0)
  1705448    679584 603783144  0.002  0.001   19.353   13.511    0    0  (Gen:  0)
  2064416    613360 604077984  0.002  0.001   19.357   13.513    0    0  (Gen:  0)
  1868728    620344 604438624  0.002  0.001   19.361   13.514    0    0  (Gen:  0)
  1693160    389496 604603384  0.002  0.001   19.365   13.515    0    0  (Gen:  0)
  1600224    400656 604872392  0.002  0.001   19.368   13.517    0    0  (Gen:  0)
  1785600    564824 605195872  0.002  0.001   19.372   13.518    0    0  (Gen:  0)
  2133320    532640 605399336  0.002  0.001   19.376   13.520    0    0  (Gen:  0)
  1301848    395056 605584680  0.002  0.001   19.379   13.521    0    0  (Gen:  0)
  1266360    375416 605768608  0.002  0.001   19.383   13.522    0    0  (Gen:  0)
  1426968    360440 605955944  0.002  0.001   19.387   13.524    0    0  (Gen:  0)
  1375104    384496 606141856  0.002  0.001   19.390   13.525    0    0  (Gen:  0)
  1682680    432408 606385120  0.002  0.001   19.394   13.526    0    0  (Gen:  0)
  1494088    476536 606616904  0.002  0.001   19.397   13.528    0    0  (Gen:  0)
  1492968    437312 606817344  0.002  0.001   19.401   13.529    0    0  (Gen:  0)
  1659632    477200 607087552  0.002  0.001   19.404   13.530    0    0  (Gen:  0)
  1448104    467064 607284696  0.002  0.001   19.408   13.532    0    0  (Gen:  0)
  1685320    371384 607451352  0.002  0.001   19.412   13.533    0    0  (Gen:  0)
  1216480    364624 607645184  0.002  0.001   19.415   13.534    0    0  (Gen:  0)
  1387456    365776 607818424  0.002  0.001   19.418   13.535    0    0  (Gen:  0)
  1774168    381192 608019256  0.002  0.001   19.422   13.537    0    0  (Gen:  0)
  1592400    374664 608186152  0.002  0.001   19.426   13.538    0    0  (Gen:  0)
  1840088    470600 608473560  0.002  0.001   19.429   13.539    0    0  (Gen:  0)
  1966440    613944 608813672  0.002  0.001   19.432   13.541    0    0  (Gen:  0)
  1875888    654864 609141312  0.002  0.001   19.436   13.542    0    0  (Gen:  0)
  1831104    380376 609296592  0.002  0.001   19.441   13.544    0    0  (Gen:  0)
  1061976    349776 609478816  0.002  0.001   19.444   13.545    0    0  (Gen:  0)
  1042040    341512 609630912  0.002  0.001   19.447   13.546    0    0  (Gen:  0)
  1041352    335208 609803624  0.002  0.001   19.450   13.548    0    0  (Gen:  0)
  1043280    326504 609952232  0.002  0.001   19.452   13.549    0    0  (Gen:  0)
  1041712    314728 610104224  0.002  0.001   19.455   13.550    0    0  (Gen:  0)
  1044120    322152 610268192  0.002  0.001   19.458   13.551    0    0  (Gen:  0)
  1043256    336320 610434584  0.002  0.001   19.461   13.553    0    0  (Gen:  0)
  1042128    322952 610583968  0.002  0.001   19.464   13.554    0    0  (Gen:  0)
  1042280    335128 610765608  0.002  0.001   19.466   13.555    0    0  (Gen:  0)
  1042288    340288 610918024  0.002  0.001   19.469   13.557    0    0  (Gen:  0)
  1041312    332528 611088744  0.002  0.001   19.472   13.558    0    0  (Gen:  0)
  1077392    324184 611269864  0.002  0.001   19.475   13.559    0    0  (Gen:  0)
  1042136    322672 611431624  0.002  0.001   19.477   13.560    0    0  (Gen:  0)
  1041400    329976 611595208  0.002  0.001   19.480   13.562    0    0  (Gen:  0)
  1043200    339200 611766928  0.002  0.001   19.483   13.563    0    0  (Gen:  0)
  1042064    321256 611908776  0.002  0.001   19.486   13.564    0    0  (Gen:  0)
  1077600    319328 612111040  0.002  0.001   19.488   13.565    0    0  (Gen:  0)
  1042072    341552 612276520  0.002  0.001   19.491   13.567    0    0  (Gen:  0)
  1041648    324320 612427648  0.002  0.001   19.494   13.568    0    0  (Gen:  0)
  1042720    337944 612609496  0.002  0.001   19.496   13.569    0    0  (Gen:  0)
  1043104    339136 612760496  0.002  0.001   19.499   13.570    0    0  (Gen:  0)
  1076544    323448 612956112  0.002  0.001   19.502   13.572    0    0  (Gen:  0)
  1042840    342184 613131064  0.002  0.001   19.504   13.573    0    0  (Gen:  0)
  1111904    332752 613345072  0.002  0.001   19.507   13.574    0    0  (Gen:  0)
  1042016    327544 613514392  0.002  0.001   19.510   13.575    0    0  (Gen:  0)
  1042544    320456 613661592  0.002  0.001   19.513   13.577    0    0  (Gen:  0)
  1042448    325944 613828216  0.002  0.001   19.515   13.578    0    0  (Gen:  0)
  1041816    326608 613983760  0.002  0.001   19.518   13.579    0    0  (Gen:  0)
  1043376    331888 614155736  0.002  0.001   19.521   13.580    0    0  (Gen:  0)
  1041848    320280 614297904  0.002  0.001   19.524   13.582    0    0  (Gen:  0)
  1042920    327976 614479384  0.002  0.001   19.526   13.583    0    0  (Gen:  0)
  1078304    352688 614679208  0.002  0.001   19.529   13.584    0    0  (Gen:  0)
  1041568    322248 614826816  0.002  0.001   19.532   13.586    0    0  (Gen:  0)
  1042328    334592 615008120  0.002  0.001   19.535   13.587    0    0  (Gen:  0)
  1042960    337456 615157144  0.002  0.001   19.538   13.588    0    0  (Gen:  0)
  1041832    328672 615326216  0.002  0.001   19.540   13.589    0    0  (Gen:  0)
  1043160    325944 615478368  0.002  0.001   19.543   13.590    0    0  (Gen:  0)
  1042656    331392 615646816  0.002  0.001   19.546   13.592    0    0  (Gen:  0)
  1041056    345096 615819976  0.002  0.001   19.548   13.593    0    0  (Gen:  0)
  1042888    324000 615965872  0.002  0.001   19.551   13.595    0    0  (Gen:  0)
  1042896    321784 616127680  0.002  0.001   19.554   13.596    0    0  (Gen:  0)
  1042424    333144 616292984  0.002  0.001   19.556   13.597    0    0  (Gen:  0)
  1042776    332280 616456336  0.002  0.001   19.559   13.598    0    0  (Gen:  0)
  1043152    324208 616607680  0.002  0.001   19.562   13.600    0    0  (Gen:  0)
  1042768    322320 616771224  0.002  0.001   19.565   13.601    0    0  (Gen:  0)
  1042872    332408 616934400  0.002  0.001   19.567   13.602    0    0  (Gen:  0)
  1041904    325528 617089824  0.002  0.001   19.570   13.603    0    0  (Gen:  0)
  1042536    329864 617260984  0.002  0.001   19.573   13.605    0    0  (Gen:  0)
  1042816    343200 617424176  0.002  0.001   19.576   13.606    0    0  (Gen:  0)
  1041512    313768 617566432  0.002  0.001   19.578   13.607    0    0  (Gen:  0)
  1042912    328016 617747720  0.002  0.001   19.581   13.608    0    0  (Gen:  0)
  1043080    350072 617912800  0.002  0.001   19.584   13.610    0    0  (Gen:  0)
  1042944    319016 618059360  0.002  0.001   19.587   13.611    0    0  (Gen:  0)
  1042504    333672 618240856  0.002  0.001   19.589   13.612    0    0  (Gen:  0)
  1043216    351384 618405512  0.002  0.001   19.592   13.613    0    0  (Gen:  0)
  1042032    314672 618546768  0.002  0.001   19.595   13.615    0    0  (Gen:  0)
  1042744    329632 618728400  0.002  0.001   19.597   13.616    0    0  (Gen:  0)
  1043880    352000 618892984  0.002  0.001   19.600   13.617    0    0  (Gen:  0)
  1042536    312744 619031984  0.002  0.001   19.603   13.618    0    0  (Gen:  0)
  1077768    328304 619246992  0.002  0.001   19.606   13.620    0    0  (Gen:  0)
  1488952    443440 619502864  0.002  0.001   19.609   13.621    0    0  (Gen:  0)
  1189944    322552 619560488  0.002  0.001   19.612   13.622    0    0  (Gen:  0)
  1042632    337240 619741896  0.002  0.001   19.615   13.624    0    0  (Gen:  0)
  1043144    341784 619895576  0.002  0.001   19.617   13.625    0    0  (Gen:  0)
  1042152    315136 620046696  0.002  0.001   19.620   13.626    0    0  (Gen:  0)
  1043208    336824 620228408  0.002  0.001   19.623   13.627    0    0  (Gen:  0)
  1043008    345832 620385896  0.002  0.001   19.626   13.629    0    0  (Gen:  0)
  1041864    312272 620530512  0.002  0.001   19.629   13.630    0    0  (Gen:  0)
  1042952    331288 620712136  0.002  0.001   19.632   13.631    0    0  (Gen:  0)
  1043192    351296 620875864  0.001  0.001   19.634   13.632    0    0  (Gen:  0)
  1042096    315976 621018672  0.002  0.001   19.636   13.634    0    0  (Gen:  0)
  1042832    331888 621200392  0.002  0.001   19.639   13.635    0    0  (Gen:  0)
  1042792    350808 621363784  0.002  0.001   19.642   13.636    0    0  (Gen:  0)
  1042264    310296 621501536  0.002  0.001   19.645   13.638    0    0  (Gen:  0)
  1042432    325528 621682816  0.002  0.001   19.647   13.639    0    0  (Gen:  0)
  1043816    349368 621846592  0.002  0.001   19.650   13.640    0    0  (Gen:  0)
  1041696    320400 621995328  0.002  0.001   19.653   13.641    0    0  (Gen:  0)
  1042448    322872 622163728  0.002  0.001   19.655   13.643    0    0  (Gen:  0)
  1042800    337416 622325520  0.002  0.001   19.658   13.644    0    0  (Gen:  0)
  1078360    330912 622519736  0.002  0.001   19.661   13.645    0    0  (Gen:  0)
  1042000    329152 622682832  0.002  0.001   19.664   13.646    0    0  (Gen:  0)
  1044072    337568 622852008  0.002  0.001   19.666   13.648    0    0  (Gen:  0)
  1043608    334296 623010224  0.002  0.001   19.669   13.649    0    0  (Gen:  0)
  1042560    325688 623172200  0.002  0.001   19.672   13.650    0    0  (Gen:  0)
  1042576    335040 623340952  0.002  0.001   19.675   13.651    0    0  (Gen:  0)
  1042568    334544 623499592  0.002  0.001   19.677   13.653    0    0  (Gen:  0)
  1042392    340384 623673888  0.002  0.001   19.680   13.654    0    0  (Gen:  0)
  1042832    322208 623817152  0.002  0.001   19.683   13.655    0    0  (Gen:  0)
  1043296    326528 623987016  0.002  0.001   19.686   13.656    0    0  (Gen:  0)
  1041600    342088 624154464  0.002  0.001   19.689   13.658    0    0  (Gen:  0)
  1043008    351160 624333816  0.002  0.001   19.691   13.659    0    0  (Gen:  0)
  1043136    333848 624477800  0.002  0.001   19.694   13.660    0    0  (Gen:  0)
  1041768    308656 624630216  0.002  0.001   19.697   13.661    0    0  (Gen:  0)
  1042792    338736 624811760  0.002  0.001   19.699   13.663    0    0  (Gen:  0)
  1042824    350560 624974080  0.002  0.001   19.702   13.664    0    0  (Gen:  0)
  1043144    315584 625117152  0.002  0.001   19.705   13.665    0    0  (Gen:  0)
  1033976    289272 625255416  0.002  0.001   19.709   13.668    0    0  (Gen:  0)
  1037600    204232 625325608  0.002  0.000   19.712   13.669    0    0  (Gen:  0)
  1033024     61728 625344728  0.001  0.000   19.713   13.670    0    0  (Gen:  0)
  1040568    146896 625459808  0.001  0.000   19.715   13.672    0    0  (Gen:  0)
  1039680    142072 625553640  0.001  0.000   19.718   13.673    0    0  (Gen:  0)
  1040632    250184 625710152  0.002  0.001   19.720   13.674    0    0  (Gen:  0)
  1040568    322264 625868672  0.002  0.001   19.723   13.675    0    0  (Gen:  0)
  1039280    321624 626026592  0.002  0.001   19.725   13.676    0    0  (Gen:  0)
  1040048    322688 626184464  0.002  0.001   19.728   13.678    0    0  (Gen:  0)
  1038672    391184 626411896  0.002  0.001   19.731   13.679    0    0  (Gen:  0)
  1039464    407496 626586168  0.003  0.001   19.734   13.680    0    0  (Gen:  0)
  1041656    234240 626756272  0.002  0.000   19.736   13.681    0    0  (Gen:  0)
  1041112    345248 626925456  0.002  0.001   19.739   13.682    0    0  (Gen:  0)
  1041264    346536 627094952  0.002  0.001   19.742   13.683    0    0  (Gen:  0)
  1041696    345720 627263472  0.002  0.001   19.744   13.684    0    0  (Gen:  0)
  1041280    345680 627432656  0.002  0.001   19.747   13.686    0    0  (Gen:  0)
  1039896    721632 627978728  0.005  0.001   19.753   13.688    0    0  (Gen:  0)
  1036408    271824 628213560  0.002  0.001   19.755   13.689    0    0  (Gen:  0)
  1035712    295280 628408608  0.002  0.001   19.758   13.690    0    0  (Gen:  0)
  1034720    348264 628622528  0.002  0.001   19.761   13.692    0    0  (Gen:  0)
  1035704    447984 628941352  0.003  0.001   19.765   13.693    0    0  (Gen:  0)
  1034728    419992 629259984  0.003  0.001   19.768   13.695    0    0  (Gen:  0)
  1071576    383792 629542136  0.002  0.001   19.772   13.696    0    0  (Gen:  0)
  1037048    182080 629641744  0.001  0.000   19.774   13.698    0    0  (Gen:  0)
  1037688    183624 629754488  0.001  0.000   19.776   13.699    0    0  (Gen:  0)
  1037544    183472 629867032  0.001  0.000   19.778   13.700    0    0  (Gen:  0)
  1038064    184208 629980368  0.001  0.000   19.780   13.702    0    0  (Gen:  0)
  1037536    183160 630092368  0.001  0.000   19.782   13.703    0    0  (Gen:  0)
  1038200    184064 630205680  0.001  0.000   19.785   13.704    0    0  (Gen:  0)
  1037400    145840 630280568  0.001  0.000   19.787   13.706    0    0  (Gen:  0)
  1040912    403392 630641232  0.003  0.001   19.791   13.708    0    0  (Gen:  0)
  1040432    302576 630826696  0.002  0.001   19.794   13.709    0    0  (Gen:  0)
  1040584    277440 630984424  0.002  0.001   19.796   13.711    0    0  (Gen:  0)
  1040072    322256 631142416  0.002  0.001   19.799   13.712    0    0  (Gen:  0)
  1040976    323000 631300000  0.002  0.001   19.801   13.713    0    0  (Gen:  0)
  1039832    322320 631457864  0.002  0.001   19.804   13.714    0    0  (Gen:  0)
  1041584    331920 631625288  0.002  0.001   19.807   13.715    0    0  (Gen:  0)
  1041592    344072 631794464  0.002  0.001   19.810   13.716    0    0  (Gen:  0)
  1040976    345776 631963880  0.002  0.001   19.812   13.717    0    0  (Gen:  0)
  1041552    346568 632134024  0.002  0.001   19.815   13.719    0    0  (Gen:  0)
  1041064    346144 632302352  0.002  0.001   19.818   13.720    0    0  (Gen:  0)
  1041336    429880 632555336  0.003  0.001   19.822   13.721    0    0  (Gen:  0)
  1038608    536856 632936688  0.003  0.001   19.825   13.723    0    0  (Gen:  0)
  1036256    204832 633132088  0.001  0.000   19.828   13.724    0    0  (Gen:  0)
  1034936    420696 633418152  0.003  0.001   19.831   13.725    0    0  (Gen:  0)
  1615280    429208 633737584  0.003  0.001   19.835   13.727    0    0  (Gen:  0)
  1035352    420464 634055928  0.003  0.001   19.839   13.729    0    0  (Gen:  0)
  1034496    419808 634374592  0.003  0.001   19.842   13.730    0    0  (Gen:  0)
  1071680    325256 634596864  0.002  0.001   19.845   13.732    0    0  (Gen:  0)
  1036928    175528 634700784  0.001  0.000   19.847   13.733    0    0  (Gen:  0)
  1038592    183784 634813352  0.001  0.000   19.849   13.734    0    0  (Gen:  0)
  1036896    183968 634926288  0.001  0.000   19.851   13.736    0    0  (Gen:  0)
  1037920    184336 635039488  0.001  0.000   19.854   13.737    0    0  (Gen:  0)
  1037616    183192 635151488  0.001  0.000   19.856   13.738    0    0  (Gen:  0)
  1037848    184192 635264896  0.001  0.000   19.858   13.740    0    0  (Gen:  0)
  1037424    184312 635379024  0.002  0.000   19.861   13.741    0    0  (Gen:  0)
  1040192    374016 635722776  0.002  0.001   19.865   13.744    0    0  (Gen:  0)
  1133936    156368 635873456  0.001  0.000   19.868   13.746    0    0  (Gen:  0)
  1049168    533656 636338448  0.003  0.001   19.872   13.748    0    0  (Gen:  0)
  1036584    854328 636726680  0.005  0.002   19.878   13.750    0    0  (Gen:  0)
  1039664    651288 637091440  0.004  0.001   19.883   13.752    0    0  (Gen:  0)
  1072576    693952 637482760  0.005  0.001   19.888   13.754    0    0  (Gen:  0)
  1042536    648256 637790952  0.004  0.001   19.893   13.756    0    0  (Gen:  0)
  1042680    549448 638099208  0.003  0.001   19.896   13.757    0    0  (Gen:  0)
  1043136    585992 638443992  0.004  0.001   19.901   13.759    0    0  (Gen:  0)
  1043048    545296 638706616  0.004  0.001   19.905   13.761    0    0  (Gen:  0)
  1040112    471056 638941880  0.003  0.001   19.909   13.763    0    0  (Gen:  0)
  1040176    472496 639225032  0.003  0.001   19.913   13.764    0    0  (Gen:  0)
  1040320    474136 639476832  0.003  0.001   19.917   13.766    0    0  (Gen:  0)
  1040832    472800 639729576  0.003  0.001   19.920   13.767    0    0  (Gen:  0)
  1039872    472040 639980696  0.003  0.001   19.924   13.769    0    0  (Gen:  0)
  1040360    546672 640307512  0.003  0.001   19.928   13.770    0    0  (Gen:  0)
  1041520    652096 640692688  0.004  0.001   19.932   13.772    0    0  (Gen:  0)
  1040032    532888 640894312  0.003  0.001   19.936   13.774    0    0  (Gen:  0)
  1040320    346968 641050960  0.002  0.001   19.939   13.775    0    0  (Gen:  0)
  1037336    278408 641169152  0.002  0.000   19.941   13.776    0    0  (Gen:  0)
  1036128    230976 641279192  0.001  0.000   19.943   13.777    0    0  (Gen:  0)
  1036152    224592 641388584  0.001  0.000   19.945   13.778    0    0  (Gen:  0)
  1035840    227144 641501248  0.001  0.000   19.946   13.779    0    0  (Gen:  0)
  1036368    233896 641618088  0.001  0.000   19.948   13.780    0    0  (Gen:  0)
  1036424    222816 641734032  0.001  0.000   19.950   13.780    0    0  (Gen:  0)
  1035976    225240 641854992  0.001  0.000   19.952   13.781    0    0  (Gen:  0)
  1036408    224840 641969280  0.001  0.000   19.954   13.782    0    0  (Gen:  0)
  1035240    227944 642088384  0.001  0.000   19.956   13.783    0    0  (Gen:  0)
  1035296    226632 642204080  0.001  0.000   19.958   13.784    0    0  (Gen:  0)
  1036816    232256 642325160  0.001  0.000   19.960   13.785    0    0  (Gen:  0)
  1036232    232616 642444168  0.001  0.000   19.962   13.786    0    0  (Gen:  0)
  1035784    228576 642558264  0.001  0.000   19.964   13.787    0    0  (Gen:  0)
  1035624    233688 642677512  0.001  0.000   19.966   13.788    0    0  (Gen:  0)
  1036800    228488 642793848  0.001  0.000   19.969   13.789    0    0  (Gen:  0)
  1035240    230432 642911760  0.001  0.000   19.971   13.790    0    0  (Gen:  0)
  1035792    231024 643029872  0.001  0.000   19.973   13.791    0    0  (Gen:  0)
  1035928    233992 643148936  0.001  0.000   19.975   13.792    0    0  (Gen:  0)
  1035808    232584 643266424  0.001  0.000   19.977   13.793    0    0  (Gen:  0)
  1037360    231784 643383840  0.001  0.000   19.979   13.794    0    0  (Gen:  0)
  1033904    236792 643504536  0.001  0.000   19.981   13.795    0    0  (Gen:  0)
  1035104    235800 643623704  0.001  0.000   19.983   13.796    0    0  (Gen:  0)
  1037104    238616 643744816  0.001  0.000   19.985   13.797    0    0  (Gen:  0)
  1035488    236392 643863224  0.001  0.000   19.987   13.798    0    0  (Gen:  0)
  1034696    236912 643983840  0.001  0.000   19.989   13.799    0    0  (Gen:  0)
  1035544    238128 644104216  0.001  0.000   19.991   13.800    0    0  (Gen:  0)
  1037160    233496 644216928  0.001  0.000   19.993   13.801    0    0  (Gen:  0)
  1037056    236848 644337760  0.001  0.000   19.995   13.802    0    0  (Gen:  0)
  1035112    235800 644456616  0.001  0.000   19.997   13.803    0    0  (Gen:  0)
  1035320    231272 644572976  0.001  0.000   19.999   13.804    0    0  (Gen:  0)
  1036856    235400 644692424  0.001  0.000   20.001   13.805    0    0  (Gen:  0)
  1035800    234680 644812064  0.001  0.000   20.003   13.806    0    0  (Gen:  0)
  1035280    238744 644932144  0.001  0.000   20.006   13.807    0    0  (Gen:  0)
  1036560    233896 645049256  0.001  0.000   20.007   13.808    0    0  (Gen:  0)
  1034136    235232 645167280  0.001  0.000   20.010   13.809    0    0  (Gen:  0)
  1035312    235568 645288064  0.001  0.000   20.012   13.810    0    0  (Gen:  0)
  1033704    236376 645405592  0.001  0.000   20.014   13.811    0    0  (Gen:  0)
  1036080    236592 645524968  0.001  0.000   20.016   13.812    0    0  (Gen:  0)
  1036616    237488 645645024  0.001  0.000   20.018   13.813    0    0  (Gen:  0)
  1036168    237248 645764072  0.001  0.000   20.020   13.814    0    0  (Gen:  0)
  1035344    237168 645882592  0.001  0.000   20.022   13.815    0    0  (Gen:  0)
  1036016    235616 645999448  0.001  0.000   20.024   13.816    0    0  (Gen:  0)
  1035848    232752 646116600  0.001  0.000   20.026   13.817    0    0  (Gen:  0)
  1034528    237504 646236264  0.001  0.000   20.028   13.818    0    0  (Gen:  0)
  1035448    235304 646354736  0.001  0.000   20.030   13.819    0    0  (Gen:  0)
  1035560    237320 646473296  0.001  0.000   20.032   13.820    0    0  (Gen:  0)
  1034496    237488 646592560  0.001  0.000   20.034   13.821    0    0  (Gen:  0)
  1034576    237944 646711472  0.001  0.000   20.036   13.822    0    0  (Gen:  0)
  1035744    239936 646832864  0.001  0.000   20.038   13.823    0    0  (Gen:  0)
  1033784    237176 646952424  0.001  0.000   20.041   13.824    0    0  (Gen:  0)
  1036776    238704 647071200  0.001  0.000   20.043   13.825    0    0  (Gen:  0)
  1036672    238376 647190904  0.001  0.000   20.045   13.826    0    0  (Gen:  0)
  1036128    238096 647309352  0.001  0.000   20.047   13.827    0    0  (Gen:  0)
  1035224    237784 647427888  0.001  0.000   20.049   13.828    0    0  (Gen:  0)
  1035560    237600 647547008  0.001  0.000   20.051   13.829    0    0  (Gen:  0)
  1035800    239120 647666792  0.001  0.000   20.053   13.830    0    0  (Gen:  0)
  1615672    239384 647786224  0.001  0.000   20.055   13.831    0    0  (Gen:  0)
  1036688    239624 647906112  0.001  0.000   20.057   13.832    0    0  (Gen:  0)
  1037256    238960 648024584  0.001  0.000   20.059   13.833    0    0  (Gen:  0)
  1035448    238840 648143328  0.001  0.000   20.061   13.835    0    0  (Gen:  0)
  1036944    238400 648262864  0.001  0.000   20.064   13.836    0    0  (Gen:  0)
  1036256    239016 648381936  0.001  0.000   20.066   13.837    0    0  (Gen:  0)
  1038128    239472 648501632  0.001  0.000   20.068   13.838    0    0  (Gen:  0)
  1036032    239288 648621096  0.001  0.000   20.070   13.839    0    0  (Gen:  0)
  1035760    233864 648734992  0.001  0.000   20.072   13.840    0    0  (Gen:  0)
  1035512    229752 648846448  0.001  0.000   20.074   13.841    0    0  (Gen:  0)
  1036336    233312 648965840  0.001  0.000   20.076   13.842    0    0  (Gen:  0)
  1036832    233856 649083896  0.001  0.000   20.078   13.843    0    0  (Gen:  0)
  1036336    236040 649202928  0.001  0.000   20.080   13.844    0    0  (Gen:  0)
  1035752    236832 649321904  0.001  0.000   20.082   13.845    0    0  (Gen:  0)
  1035520    232520 649439032  0.001  0.000   20.084   13.846    0    0  (Gen:  0)
  1036352    235824 649558016  0.001  0.000   20.086   13.847    0    0  (Gen:  0)
  1036552    237112 649676216  0.001  0.000   20.088   13.848    0    0  (Gen:  0)
  1035392    232272 649793296  0.001  0.000   20.090   13.849    0    0  (Gen:  0)
  1036472    236968 649912576  0.001  0.000   20.092   13.850    0    0  (Gen:  0)
  1037992    236896 650031152  0.001  0.000   20.094   13.851    0    0  (Gen:  0)
  1036168    235632 650148384  0.001  0.000   20.096   13.852    0    0  (Gen:  0)
  1035568    236968 650267304  0.001  0.000   20.098   13.853    0    0  (Gen:  0)
  1037208    236488 650385392  0.001  0.000   20.100   13.854    0    0  (Gen:  0)
  1034408    234616 650502272  0.001  0.000   20.102   13.855    0    0  (Gen:  0)
  1036312    238032 650623152  0.001  0.000   20.104   13.856    0    0  (Gen:  0)
  1035256    236680 650741760  0.001  0.000   20.106   13.857    0    0  (Gen:  0)
  1036272    237672 650860224  0.001  0.000   20.108   13.858    0    0  (Gen:  0)
  1035936    237112 650978616  0.001  0.000   20.110   13.859    0    0  (Gen:  0)
  1036448    234248 651094232  0.001  0.000   20.112   13.860    0    0  (Gen:  0)
  1036208    237616 651213640  0.001  0.000   20.115   13.861    0    0  (Gen:  0)
  1036496    236592 651332336  0.001  0.000   20.117   13.862    0    0  (Gen:  0)
  1035616    237440 651450552  0.001  0.000   20.119   13.863    0    0  (Gen:  0)
  1035128    236456 651568704  0.001  0.000   20.121   13.864    0    0  (Gen:  0)
  1035096    237128 651687600  0.001  0.000   20.123   13.865    0    0  (Gen:  0)
  1036576    240096 651808056  0.001  0.000   20.125   13.866    0    0  (Gen:  0)
  1035064    240336 651928080  0.001  0.000   20.127   13.867    0    0  (Gen:  0)
  1035888    240448 652048624  0.001  0.000   20.129   13.868    0    0  (Gen:  0)
  1036768    240904 652168752  0.001  0.000   20.131   13.869    0    0  (Gen:  0)
  1036432    240512 652289096  0.001  0.000   20.133   13.870    0    0  (Gen:  0)
  1036448    238712 652407456  0.001  0.000   20.135   13.871    0    0  (Gen:  0)
  1036288    236664 652525400  0.001  0.000   20.137   13.873    0    0  (Gen:  0)
  1036880    239184 652645888  0.001  0.000   20.139   13.874    0    0  (Gen:  0)
  1035720    240960 652766408  0.001  0.000   20.141   13.875    0    0  (Gen:  0)
  1036784    240312 652885360  0.001  0.000   20.143   13.876    0    0  (Gen:  0)
  1034792    240472 653006192  0.001  0.000   20.145   13.877    0    0  (Gen:  0)
  1035664    240192 653125552  0.001  0.000   20.147   13.878    0    0  (Gen:  0)
  1035480    239296 653245304  0.001  0.000   20.149   13.879    0    0  (Gen:  0)
  1036072    240472 653366048  0.001  0.000   20.151   13.880    0    0  (Gen:  0)
  1036384    241128 653486720  0.001  0.000   20.154   13.881    0    0  (Gen:  0)
  1034640    240608 653606152  0.001  0.000   20.156   13.882    0    0  (Gen:  0)
  1036112    237712 653724088  0.001  0.000   20.158   13.883    0    0  (Gen:  0)
  1037184    240232 653844696  0.001  0.000   20.160   13.884    0    0  (Gen:  0)
  1035544    241912 653965152  0.001  0.000   20.162   13.885    0    0  (Gen:  0)
  1037296    235096 654079568  0.001  0.000   20.164   13.886    0    0  (Gen:  0)
  1036392    237424 654199616  0.001  0.000   20.166   13.887    0    0  (Gen:  0)
  1037600    241232 654320448  0.001  0.000   20.168   13.888    0    0  (Gen:  0)
  1035864    239280 654438400  0.001  0.000   20.170   13.889    0    0  (Gen:  0)
  1036024    239376 654558928  0.001  0.000   20.172   13.890    0    0  (Gen:  0)
  1036144    240600 654678760  0.001  0.000   20.174   13.891    0    0  (Gen:  0)
  1035032    241736 654799256  0.001  0.000   20.176   13.892    0    0  (Gen:  0)
  1036376    239176 654917960  0.001  0.000   20.178   13.893    0    0  (Gen:  0)
  1035592    238736 655037464  0.001  0.000   20.180   13.894    0    0  (Gen:  0)
  1035224    239192 655157480  0.001  0.000   20.182   13.895    0    0  (Gen:  0)
  1036192    240448 655277896  0.001  0.000   20.184   13.896    0    0  (Gen:  0)
  1033576    240520 655397744  0.001  0.000   20.186   13.897    0    0  (Gen:  0)
  1036296    238016 655515808  0.001  0.000   20.188   13.898    0    0  (Gen:  0)
  1034160    240488 655635368  0.001  0.000   20.190   13.899    0    0  (Gen:  0)
  1037320    239936 655754064  0.001  0.000   20.193   13.900    0    0  (Gen:  0)
  1035864    239800 655874664  0.001  0.000   20.195   13.901    0    0  (Gen:  0)
  1036504    240072 655994432  0.001  0.000   20.197   13.902    0    0  (Gen:  0)
  1035440    239408 656113464  0.001  0.000   20.199   13.904    0    0  (Gen:  0)
  1035808    237584 656232000  0.001  0.000   20.201   13.905    0    0  (Gen:  0)
  1035840    241808 656353104  0.001  0.000   20.203   13.906    0    0  (Gen:  0)
  1035968    240976 656472784  0.001  0.000   20.205   13.907    0    0  (Gen:  0)
  1036184    240568 656593704  0.001  0.000   20.207   13.908    0    0  (Gen:  0)
  1036360    240408 656713144  0.001  0.000   20.209   13.909    0    0  (Gen:  0)
  1036328    238760 656832320  0.001  0.000   20.211   13.910    0    0  (Gen:  0)
  1034384    242200 656952640  0.001  0.000   20.213   13.911    0    0  (Gen:  0)
  1034544    241184 657072360  0.001  0.000   20.215   13.912    0    0  (Gen:  0)
  1034552    239120 657192072  0.001  0.000   20.217   13.913    0    0  (Gen:  0)
  1034704    236360 657308128  0.001  0.000   20.219   13.914    0    0  (Gen:  0)
  1035768    239128 657427576  0.001  0.000   20.222   13.915    0    0  (Gen:  0)
  1036032    239848 657547768  0.001  0.000   20.224   13.916    0    0  (Gen:  0)
  1034800    240448 657666960  0.001  0.000   20.226   13.917    0    0  (Gen:  0)
  1036216    238464 657785600  0.001  0.000   20.228   13.918    0    0  (Gen:  0)
  1035856    242184 657906208  0.001  0.000   20.230   13.919    0    0  (Gen:  0)
  1034848    241216 658026744  0.001  0.000   20.232   13.920    0    0  (Gen:  0)
  1035840    239056 658145640  0.001  0.000   20.234   13.921    0    0  (Gen:  0)
  1035552    237744 658263704  0.001  0.000   20.236   13.922    0    0  (Gen:  0)
  1035656    241744 658384024  0.001  0.000   20.238   13.923    0    0  (Gen:  0)
  1036520    241288 658504920  0.001  0.000   20.240   13.924    0    0  (Gen:  0)
  1036904    239808 658624216  0.001  0.000   20.242   13.925    0    0  (Gen:  0)
  1035688    239072 658743072  0.001  0.000   20.244   13.926    0    0  (Gen:  0)
  1034960    240832 658861736  0.001  0.000   20.246   13.927    0    0  (Gen:  0)
  1035616    239232 658981592  0.001  0.000   20.248   13.929    0    0  (Gen:  0)
  1035240    236864 659098592  0.001  0.000   20.250   13.930    0    0  (Gen:  0)
  1034808    240504 659218624  0.001  0.000   20.252   13.931    0    0  (Gen:  0)
  1036032    242264 659340104  0.001  0.000   20.254   13.932    0    0  (Gen:  0)
  1034936    241512 659460152  0.001  0.000   20.256   13.933    0    0  (Gen:  0)
  1034952    239816 659579784  0.001  0.000   20.258   13.934    0    0  (Gen:  0)
  1034656    243184 659699816  0.001  0.000   20.260   13.935    0    0  (Gen:  0)
  1035592    241128 659820112  0.001  0.000   20.262   13.936    0    0  (Gen:  0)
  1034352    239464 659938864  0.001  0.000   20.264   13.937    0    0  (Gen:  0)
  1614736    243496 660060056  0.001  0.000   20.267   13.938    0    0  (Gen:  0)
  1036368    240392 660179392  0.001  0.000   20.269   13.939    0    0  (Gen:  0)
  1035760    239192 660298248  0.001  0.000   20.271   13.940    0    0  (Gen:  0)
  1035576    243560 660419544  0.001  0.000   20.273   13.941    0    0  (Gen:  0)
  1037088    241688 660540152  0.001  0.000   20.275   13.942    0    0  (Gen:  0)
  1035832    239888 660658864  0.001  0.000   20.277   13.943    0    0  (Gen:  0)
  1036264    242952 660779648  0.001  0.000   20.280   13.944    0    0  (Gen:  0)
  1035168    239760 660898544  0.001  0.000   20.282   13.945    0    0  (Gen:  0)
  1034736    237456 661016360  0.001  0.000   20.284   13.946    0    0  (Gen:  0)
  1035480    237104 661131776  0.001  0.000   20.286   13.947    0    0  (Gen:  0)
  1036528    228352 661244320  0.001  0.000   20.288   13.948    0    0  (Gen:  0)
  1038376    226928 661353064  0.001  0.000   20.290   13.949    0    0  (Gen:  0)
  1036136    231832 661472856  0.001  0.000   20.292   13.950    0    0  (Gen:  0)
  1034720    234920 661589792  0.001  0.000   20.294   13.952    0    0  (Gen:  0)
  1036200    233064 661707760  0.001  0.000   20.296   13.953    0    0  (Gen:  0)
  1036072    234736 661826840  0.001  0.000   20.298   13.954    0    0  (Gen:  0)
  1035760    236432 661944280  0.001  0.000   20.299   13.955    0    0  (Gen:  0)
  1035576    234368 662063952  0.001  0.000   20.302   13.956    0    0  (Gen:  0)
  1035656    235336 662181976  0.001  0.000   20.304   13.957    0    0  (Gen:  0)
  1034832    236264 662300720  0.001  0.000   20.306   13.958    0    0  (Gen:  0)
  1035712    234304 662416968  0.001  0.000   20.308   13.959    0    0  (Gen:  0)
  1036768    234280 662534192  0.001  0.000   20.310   13.960    0    0  (Gen:  0)
  1037096    234272 662652944  0.001  0.000   20.312   13.961    0    0  (Gen:  0)
  1036792    235544 662771440  0.001  0.000   20.314   13.963    0    0  (Gen:  0)
  1036376    237040 662890280  0.001  0.000   20.316   13.964    0    0  (Gen:  0)
  1036296    235904 663007696  0.001  0.000   20.318   13.965    0    0  (Gen:  0)
  1034960    236128 663126384  0.001  0.000   20.321   13.966    0    0  (Gen:  0)
  1035256    236984 663245040  0.001  0.000   20.323   13.967    0    0  (Gen:  0)
  1034960    236144 663363704  0.001  0.000   20.325   13.968    0    0  (Gen:  0)
  1036040    236736 663482040  0.001  0.000   20.327   13.969    0    0  (Gen:  0)
  1034456    236880 663600472  0.001  0.000   20.329   13.970    0    0  (Gen:  0)
  1035984    235016 663716656  0.001  0.000   20.331   13.971    0    0  (Gen:  0)
  1035872    238088 663837296  0.001  0.000   20.333   13.972    0    0  (Gen:  0)
  1036160    238712 663955664  0.001  0.000   20.335   13.973    0    0  (Gen:  0)
  1035112    236864 664073320  0.001  0.000   20.337   13.974    0    0  (Gen:  0)
  1035280    235368 664191448  0.001  0.000   20.339   13.975    0    0  (Gen:  0)
  1036464    236056 664309680  0.001  0.000   20.342   13.976    0    0  (Gen:  0)
  1036016    236856 664428280  0.001  0.000   20.344   13.978    0    0  (Gen:  0)
  1037664    236816 664546848  0.001  0.000   20.346   13.979    0    0  (Gen:  0)
  1035752    236712 664665480  0.001  0.000   20.348   13.980    0    0  (Gen:  0)
  1034712    238320 664785088  0.001  0.000   20.350   13.981    0    0  (Gen:  0)
  1034712    237872 664903632  0.001  0.000   20.352   13.982    0    0  (Gen:  0)
  1035120    235696 665020224  0.001  0.000   20.354   13.983    0    0  (Gen:  0)
  1035864    236752 665138896  0.001  0.000   20.356   13.984    0    0  (Gen:  0)
  1036240    237032 665257600  0.001  0.000   20.358   13.985    0    0  (Gen:  0)
  1036496    236848 665376120  0.001  0.000   20.360   13.986    0    0  (Gen:  0)
  1036712    237648 665495168  0.001  0.000   20.362   13.987    0    0  (Gen:  0)
  1033864    237096 665613480  0.001  0.000   20.364   13.988    0    0  (Gen:  0)
  1035376    236376 665731856  0.001  0.000   20.366   13.989    0    0  (Gen:  0)
  1034512    237896 665849768  0.001  0.000   20.369   13.990    0    0  (Gen:  0)
  1035528    239840 665969488  0.001  0.000   20.371   13.991    0    0  (Gen:  0)
  1036848    239432 666089168  0.001  0.000   20.373   13.992    0    0  (Gen:  0)
  1035680    238096 666207104  0.001  0.000   20.375   13.994    0    0  (Gen:  0)
  1036080    236920 666324952  0.001  0.000   20.377   13.995    0    0  (Gen:  0)
  1036712    237360 666444720  0.001  0.000   20.379   13.996    0    0  (Gen:  0)
  1037648    237208 666562424  0.001  0.000   20.381   13.997    0    0  (Gen:  0)
  1036368    238368 666679032  0.001  0.000   20.383   13.998    0    0  (Gen:  0)
  1034136    239008 666799184  0.001  0.000   20.385   13.999    0    0  (Gen:  0)
  1034920    240512 666919576  0.001  0.000   20.388   14.000    0    0  (Gen:  0)
  1034536    239984 667039216  0.001  0.000   20.390   14.001    0    0  (Gen:  0)
  1034056    238408 667158408  0.001  0.000   20.392   14.002    0    0  (Gen:  0)
  1036208    239400 667279120  0.001  0.000   20.394   14.003    0    0  (Gen:  0)
  1036336    240984 667399376  0.001  0.000   20.396   14.004    0    0  (Gen:  0)
  1035208    238384 667517344  0.001  0.000   20.398   14.005    0    0  (Gen:  0)
  1036408    240376 667638736  0.001  0.000   20.400   14.007    0    0  (Gen:  0)
  1036352    241880 667758064  0.001  0.000   20.402   14.008    0    0  (Gen:  0)
  1037856    241496 667879400  0.001  0.000   20.405   14.009    0    0  (Gen:  0)
  1035408    240320 667998368  0.001  0.000   20.407   14.010    0    0  (Gen:  0)
  1036536    238128 668116976  0.001  0.000   20.409   14.011    0    0  (Gen:  0)
  1035144    238928 668237272  0.001  0.000   20.411   14.012    0    0  (Gen:  0)
  1035400    237456 668355040  0.001  0.000   20.413   14.013    0    0  (Gen:  0)
  1035744    241344 668475928  0.001  0.000   20.415   14.014    0    0  (Gen:  0)
  1035064    242432 668597384  0.001  0.000   20.417   14.015    0    0  (Gen:  0)
  1036264    241416 668716928  0.001  0.000   20.419   14.016    0    0  (Gen:  0)
  1035008    239192 668836168  0.001  0.000   20.421   14.017    0    0  (Gen:  0)
  1034480    239336 668956600  0.001  0.000   20.423   14.018    0    0  (Gen:  0)
  1033752    238696 669074912  0.001  0.000   20.426   14.020    0    0  (Gen:  0)
  1037088    242816 669196032  0.001  0.000   20.428   14.021    0    0  (Gen:  0)
  1035680    240104 669315120  0.001  0.000   20.430   14.022    0    0  (Gen:  0)
  1035360    239696 669435216  0.001  0.000   20.432   14.023    0    0  (Gen:  0)
  1035504    239240 669554456  0.001  0.000   20.434   14.024    0    0  (Gen:  0)
  1034824    240384 669674128  0.001  0.000   20.436   14.025    0    0  (Gen:  0)
  1036600    240224 669793440  0.001  0.000   20.438   14.026    0    0  (Gen:  0)
  1037216    237576 669911216  0.001  0.000   20.440   14.027    0    0  (Gen:  0)
  1037248    236696 670030136  0.001  0.000   20.442   14.028    0    0  (Gen:  0)
  1036688    243464 670151896  0.001  0.000   20.445   14.029    0    0  (Gen:  0)
  1034464    240576 670270520  0.001  0.000   20.447   14.030    0    0  (Gen:  0)
  1035456    239248 670390160  0.001  0.000   20.449   14.031    0    0  (Gen:  0)
  1035144    238648 670509408  0.001  0.000   20.451   14.033    0    0  (Gen:  0)
  1036672    242832 670631520  0.001  0.000   20.453   14.034    0    0  (Gen:  0)
  1036320    241560 670750416  0.001  0.000   20.455   14.035    0    0  (Gen:  0)
  1036032    239496 670869944  0.001  0.000   20.457   14.036    0    0  (Gen:  0)
  1034752    238456 670989328  0.001  0.000   20.459   14.037    0    0  (Gen:  0)
  1035488    242032 671110064  0.001  0.000   20.461   14.038    0    0  (Gen:  0)
  1575728    265464 671254232  0.001  0.000   20.464   14.039    0    0  (Gen:  0)
  1077040    240296 671350168  0.001  0.000   20.466   14.040    0    0  (Gen:  0)
  1035480    238672 671469040  0.001  0.000   20.468   14.041    0    0  (Gen:  0)
  1035224    241920 671588832  0.001  0.000   20.470   14.042    0    0  (Gen:  0)
  1036152    239232 671707360  0.001  0.000   20.472   14.043    0    0  (Gen:  0)
  1035368    238144 671826336  0.001  0.000   20.474   14.044    0    0  (Gen:  0)
  1035280    242632 671946680  0.001  0.000   20.477   14.046    0    0  (Gen:  0)
  1035760    240120 672065776  0.001  0.000   20.478   14.047    0    0  (Gen:  0)
  1034792    238488 672184752  0.001  0.000   20.480   14.048    0    0  (Gen:  0)
  1035816    241088 672305752  0.001  0.000   20.482   14.049    0    0  (Gen:  0)
  1034920    241760 672424448  0.001  0.000   20.485   14.050    0    0  (Gen:  0)
  1036304    240400 672545088  0.001  0.000   20.487   14.051    0    0  (Gen:  0)
  1035592    239520 672664240  0.001  0.000   20.489   14.052    0    0  (Gen:  0)
  1035808    240952 672782504  0.001  0.000   20.491   14.053    0    0  (Gen:  0)
  1035632    239472 672902664  0.001  0.000   20.493   14.054    0    0  (Gen:  0)
  1035992    239320 673022096  0.001  0.000   20.495   14.055    0    0  (Gen:  0)
  1036392    241928 673140944  0.001  0.000   20.497   14.056    0    0  (Gen:  0)
  1035944    240560 673261768  0.001  0.000   20.499   14.057    0    0  (Gen:  0)
  1036512    240272 673381216  0.001  0.000   20.501   14.058    0    0  (Gen:  0)
  1036480    241784 673500088  0.001  0.000   20.503   14.060    0    0  (Gen:  0)
  1036080    238344 673618760  0.001  0.000   20.505   14.061    0    0  (Gen:  0)
  1037240    236088 673735848  0.001  0.000   20.508   14.062    0    0  (Gen:  0)
  1038040    233344 673849368  0.001  0.000   20.510   14.063    0    0  (Gen:  0)
  1035304    231664 673964432  0.001  0.000   20.512   14.064    0    0  (Gen:  0)
  1035784    236520 674083776  0.001  0.000   20.514   14.065    0    0  (Gen:  0)
  1036112    238136 674202560  0.001  0.000   20.516   14.066    0    0  (Gen:  0)
  1034568    237440 674321160  0.001  0.000   20.518   14.067    0    0  (Gen:  0)
  1036016    237232 674440312  0.001  0.000   20.520   14.068    0    0  (Gen:  0)
  1036288    242288 674561272  0.001  0.000   20.523   14.069    0    0  (Gen:  0)
  1036008    241280 674680776  0.001  0.000   20.525   14.070    0    0  (Gen:  0)
  1035088    239584 674800488  0.001  0.000   20.527   14.072    0    0  (Gen:  0)
  1035704    240312 674921552  0.001  0.000   20.529   14.073    0    0  (Gen:  0)
  1036416    239168 675040192  0.001  0.000   20.531   14.074    0    0  (Gen:  0)
  1035376    240520 675160544  0.001  0.000   20.533   14.075    0    0  (Gen:  0)
  1034944    242104 675279792  0.001  0.000   20.535   14.076    0    0  (Gen:  0)
  1036208    238888 675399416  0.001  0.000   20.538   14.078    0    0  (Gen:  0)
  1035040    236152 675516344  0.001  0.000   20.540   14.079    0    0  (Gen:  0)
  1034280    239024 675637128  0.001  0.000   20.542   14.080    0    0  (Gen:  0)
  1034896    242424 675756856  0.001  0.000   20.544   14.081    0    0  (Gen:  0)
  1034712    238984 675876056  0.001  0.000   20.546   14.082    0    0  (Gen:  0)
  1036576    239096 675996288  0.001  0.000   20.548   14.083    0    0  (Gen:  0)
  1035376    239944 676116024  0.001  0.000   20.550   14.084    0    0  (Gen:  0)
  1035120    242848 676235712  0.001  0.000   20.553   14.085    0    0  (Gen:  0)
  1036008    238336 676354144  0.001  0.000   20.555   14.086    0    0  (Gen:  0)
  1034632    237272 676473320  0.001  0.000   20.557   14.087    0    0  (Gen:  0)
  1034728    237784 676591832  0.001  0.000   20.559   14.088    0    0  (Gen:  0)
  1036312    242664 676712176  0.001  0.000   20.561   14.090    0    0  (Gen:  0)
  1036248    240896 676832944  0.001  0.000   20.563   14.091    0    0  (Gen:  0)
  1034624    239176 676951640  0.001  0.000   20.565   14.092    0    0  (Gen:  0)
  1036176    241088 677071176  0.001  0.000   20.567   14.093    0    0  (Gen:  0)
  1036416    240976 677190640  0.001  0.000   20.569   14.094    0    0  (Gen:  0)
  1035592    240336 677311480  0.001  0.000   20.571   14.095    0    0  (Gen:  0)
  1036224    238064 677428976  0.001  0.000   20.573   14.096    0    0  (Gen:  0)
  1037240    240256 677547728  0.001  0.000   20.575   14.097    0    0  (Gen:  0)
  1035768    237840 677666648  0.001  0.000   20.577   14.098    0    0  (Gen:  0)
  1035976    241912 677786944  0.001  0.000   20.579   14.099    0    0  (Gen:  0)
  1034344    241704 677907008  0.001  0.000   20.581   14.101    0    0  (Gen:  0)
  1036216    241352 678027848  0.001  0.000   20.583   14.102    0    0  (Gen:  0)
  1035256    240120 678147480  0.001  0.000   20.586   14.103    0    0  (Gen:  0)
  1036424    242480 678266832  0.001  0.000   20.588   14.104    0    0  (Gen:  0)
  1035648    239736 678386488  0.001  0.000   20.590   14.105    0    0  (Gen:  0)
  1035536    239312 678506072  0.001  0.000   20.592   14.106    0    0  (Gen:  0)
  1035576    242400 678625400  0.001  0.000   20.594   14.107    0    0  (Gen:  0)
  1035032    239992 678745328  0.001  0.000   20.596   14.108    0    0  (Gen:  0)
  1035512    238152 678863864  0.001  0.000   20.598   14.109    0    0  (Gen:  0)
  1036568    243184 678985208  0.001  0.000   20.601   14.110    0    0  (Gen:  0)
  1034776    240168 679103560  0.001  0.000   20.603   14.111    0    0  (Gen:  0)
  1038344    237608 679222328  0.001  0.000   20.605   14.113    0    0  (Gen:  0)
  1034176    242488 679342856  0.001  0.000   20.607   14.114    0    0  (Gen:  0)
  1037288    239720 679461488  0.001  0.000   20.609   14.115    0    0  (Gen:  0)
  1037088    237280 679580128  0.001  0.000   20.611   14.116    0    0  (Gen:  0)
  1035752    241928 679699584  0.001  0.000   20.613   14.117    0    0  (Gen:  0)
  1035688    239704 679819856  0.001  0.000   20.615   14.118    0    0  (Gen:  0)
  1036056    238648 679938544  0.001  0.000   20.617   14.119    0    0  (Gen:  0)
  1036008    241888 680057808  0.001  0.000   20.619   14.120    0    0  (Gen:  0)
  1035080    237088 680175448  0.001  0.000   20.621   14.121    0    0  (Gen:  0)
  1034032    239440 680295592  0.001  0.000   20.624   14.122    0    0  (Gen:  0)
  1034248    240024 680414216  0.001  0.000   20.626   14.123    0    0  (Gen:  0)
  1033712    238528 680533952  0.001  0.000   20.628   14.124    0    0  (Gen:  0)
  1034528    241632 680652960  0.001  0.000   20.630   14.126    0    0  (Gen:  0)
  1035288    241936 680774168  0.001  0.000   20.632   14.127    0    0  (Gen:  0)
  1036104    240272 680893384  0.001  0.000   20.634   14.128    0    0  (Gen:  0)
  1034592    243736 681014032  0.001  0.000   20.636   14.129    0    0  (Gen:  0)
  1035224    239792 681133376  0.001  0.000   20.638   14.130    0    0  (Gen:  0)
  1036688    243928 681255728  0.001  0.000   20.641   14.131    0    0  (Gen:  0)
  1036064    243760 681376256  0.001  0.000   20.643   14.132    0    0  (Gen:  0)
  1035872    240472 681495816  0.001  0.000   20.645   14.133    0    0  (Gen:  0)
  1036576    240440 681613456  0.001  0.000   20.647   14.134    0    0  (Gen:  0)
  1036952    236824 681731808  0.001  0.000   20.649   14.135    0    0  (Gen:  0)
  1035984    236368 681846648  0.001  0.000   20.651   14.136    0    0  (Gen:  0)
  1035608    235032 681965576  0.001  0.000   20.653   14.137    0    0  (Gen:  0)
  1033904    243536 682086648  0.001  0.000   20.655   14.139    0    0  (Gen:  0)
  1035104    241536 682206696  0.001  0.000   20.657   14.140    0    0  (Gen:  0)
  1037088    239536 682325488  0.001  0.000   20.659   14.141    0    0  (Gen:  0)
  1034016    242768 682446016  0.001  0.000   20.662   14.142    0    0  (Gen:  0)
  1036224    241248 682566592  0.001  0.000   20.664   14.143    0    0  (Gen:  0)
  1615600    240176 682686624  0.001  0.000   20.666   14.144    0    0  (Gen:  0)
  1036104    241688 682804720  0.001  0.000   20.668   14.145    0    0  (Gen:  0)
  1036296    239736 682924776  0.001  0.000   20.670   14.146    0    0  (Gen:  0)
  1035072    238136 683043280  0.001  0.000   20.673   14.147    0    0  (Gen:  0)
  1037240    242160 683162896  0.001  0.000   20.675   14.149    0    0  (Gen:  0)
  1035168    239456 683282696  0.001  0.000   20.677   14.150    0    0  (Gen:  0)
  1035032    243128 683404128  0.001  0.000   20.679   14.151    0    0  (Gen:  0)
  1034832    242704 683523680  0.001  0.000   20.681   14.152    0    0  (Gen:  0)
  1034304    239680 683643256  0.001  0.000   20.683   14.153    0    0  (Gen:  0)
  1036144    242016 683762104  0.001  0.000   20.685   14.154    0    0  (Gen:  0)
  1034608    238328 683881016  0.001  0.000   20.687   14.155    0    0  (Gen:  0)
  1034976    240152 683999904  0.001  0.000   20.689   14.156    0    0  (Gen:  0)
  1037224    241384 684119800  0.001  0.000   20.692   14.157    0    0  (Gen:  0)
  1035784    238864 684239120  0.001  0.000   20.694   14.158    0    0  (Gen:  0)
  1036352    243248 684359216  0.001  0.000   20.696   14.159    0    0  (Gen:  0)
  1036536    239152 684478432  0.001  0.000   20.698   14.160    0    0  (Gen:  0)
  1035392    242928 684599840  0.001  0.000   20.700   14.162    0    0  (Gen:  0)
  1035088    241760 684719200  0.001  0.000   20.702   14.163    0    0  (Gen:  0)
  1033712    238648 684837904  0.001  0.000   20.704   14.164    0    0  (Gen:  0)
  1036968    242224 684957512  0.001  0.000   20.706   14.165    0    0  (Gen:  0)
  1036200    239152 685076984  0.001  0.000   20.708   14.166    0    0  (Gen:  0)
  1034872    242832 685197208  0.001  0.000   20.710   14.167    0    0  (Gen:  0)
  1035672    241120 685317712  0.001  0.000   20.712   14.168    0    0  (Gen:  0)
  1034200    239968 685437592  0.001  0.000   20.714   14.169    0    0  (Gen:  0)
  1035056    243792 685557576  0.001  0.000   20.716   14.170    0    0  (Gen:  0)
  1036320    239304 685676640  0.001  0.000   20.718   14.171    0    0  (Gen:  0)
  1034440    242808 685796480  0.001  0.000   20.720   14.172    0    0  (Gen:  0)
  1033520    240272 685916808  0.001  0.000   20.723   14.173    0    0  (Gen:  0)
  1035656    242448 686036200  0.001  0.000   20.725   14.175    0    0  (Gen:  0)
  1036640    240976 686156568  0.001  0.000   20.727   14.176    0    0  (Gen:  0)
  1036824    238952 686275528  0.001  0.000   20.729   14.177    0    0  (Gen:  0)
  1036096    238424 686391224  0.001  0.000   20.731   14.178    0    0  (Gen:  0)
  1036904    237080 686509528  0.001  0.000   20.733   14.179    0    0  (Gen:  0)
  1035528    240760 686629416  0.001  0.000   20.735   14.180    0    0  (Gen:  0)
  1034992    239232 686749184  0.001  0.000   20.737   14.181    0    0  (Gen:  0)
  1036872    243896 686869424  0.001  0.000   20.739   14.182    0    0  (Gen:  0)
  1034792    239320 686988136  0.001  0.000   20.741   14.183    0    0  (Gen:  0)
  1034008    241752 687107048  0.001  0.000   20.743   14.184    0    0  (Gen:  0)
  1035168    239080 687227120  0.001  0.000   20.745   14.185    0    0  (Gen:  0)
  1035304    241688 687345888  0.001  0.000   20.748   14.186    0    0  (Gen:  0)
  1035648    240536 687466344  0.001  0.000   20.750   14.187    0    0  (Gen:  0)
  1036248    240152 687586368  0.001  0.000   20.752   14.189    0    0  (Gen:  0)
  1035584    242592 687705000  0.001  0.000   20.754   14.190    0    0  (Gen:  0)
  1036392    239456 687825008  0.001  0.000   20.756   14.191    0    0  (Gen:  0)
  1036592    243480 687944544  0.001  0.000   20.758   14.192    0    0  (Gen:  0)
  1035672    239144 688063456  0.001  0.000   20.760   14.193    0    0  (Gen:  0)
  1035800    243008 688183784  0.001  0.000   20.762   14.194    0    0  (Gen:  0)
  1036088    240960 688304528  0.001  0.000   20.764   14.195    0    0  (Gen:  0)
  1036928    243232 688423928  0.001  0.000   20.766   14.196    0    0  (Gen:  0)
  1034424    240824 688543800  0.001  0.000   20.768   14.197    0    0  (Gen:  0)
  1037504    242496 688663568  0.001  0.000   20.770   14.198    0    0  (Gen:  0)
  1035040    240176 688782808  0.001  0.000   20.773   14.199    0    0  (Gen:  0)
  1035296    241152 688902760  0.001  0.000   20.775   14.201    0    0  (Gen:  0)
  1036888    239048 689020600  0.001  0.000   20.777   14.202    0    0  (Gen:  0)
  1036552    239152 689139472  0.001  0.000   20.778   14.203    0    0  (Gen:  0)
  1037056    238696 689258312  0.001  0.000   20.780   14.204    0    0  (Gen:  0)
  1035512    241864 689379000  0.001  0.000   20.783   14.205    0    0  (Gen:  0)
  1035416    241256 689498616  0.001  0.000   20.785   14.206    0    0  (Gen:  0)
  1034432    239200 689618672  0.001  0.000   20.787   14.207    0    0  (Gen:  0)
  1034272    243336 689737832  0.001  0.000   20.789   14.208    0    0  (Gen:  0)
  1034280    239920 689857912  0.001  0.000   20.791   14.209    0    0  (Gen:  0)
  1036640    244112 689978264  0.001  0.000   20.793   14.210    0    0  (Gen:  0)
  1036432    240664 690098360  0.001  0.000   20.795   14.211    0    0  (Gen:  0)
  1036224    244496 690218848  0.001  0.000   20.797   14.212    0    0  (Gen:  0)
  1035672    239512 690337504  0.001  0.000   20.799   14.214    0    0  (Gen:  0)
  1035392    242544 690457448  0.001  0.000   20.801   14.215    0    0  (Gen:  0)
  1035192    239408 690576808  0.001  0.000   20.803   14.216    0    0  (Gen:  0)
  1036816    244728 690698256  0.001  0.000   20.805   14.217    0    0  (Gen:  0)
  1036400    240296 690817136  0.001  0.000   20.808   14.218    0    0  (Gen:  0)
  1036064    243624 690938304  0.001  0.000   20.810   14.219    0    0  (Gen:  0)
  1036016    240240 691057576  0.001  0.000   20.812   14.220    0    0  (Gen:  0)
  1036616    244152 691178544  0.001  0.000   20.814   14.221    0    0  (Gen:  0)
  1037712    240536 691297912  0.001  0.000   20.816   14.222    0    0  (Gen:  0)
  1036344    244096 691418616  0.001  0.000   20.818   14.223    0    0  (Gen:  0)
  1035512    239576 691537592  0.001  0.000   20.820   14.224    0    0  (Gen:  0)
  1038616    261144 691675808  0.002  0.000   20.822   14.225    0    0  (Gen:  0)
  1041256    294704 691832272  0.002  0.001   20.825   14.227    0    0  (Gen:  0)
  1038776    311496 691983736  0.002  0.001   20.827   14.228    0    0  (Gen:  0)
  1036568    250248 692079232  0.001  0.000   20.829   14.229    0    0  (Gen:  0)
  1037096    238216 692200496  0.001  0.000   20.831   14.230    0    0  (Gen:  0)
  1036776    221704 692294000  0.001  0.000   20.833   14.230    0    0  (Gen:  0)
  1036336    213016 692396728  0.001  0.000   20.835   14.231    0    0  (Gen:  0)
  1034672    230768 692521840  0.001  0.000   20.837   14.232    0    0  (Gen:  0)
  1036048    238344 692645072  0.001  0.000   20.839   14.233    0    0  (Gen:  0)
  1036072    240504 692768032  0.001  0.000   20.841   14.234    0    0  (Gen:  0)
  1036144    242496 692890864  0.001  0.000   20.843   14.236    0    0  (Gen:  0)
  1035640    243976 693014064  0.001  0.000   20.845   14.237    0    0  (Gen:  0)
  1037464    241192 693133528  0.001  0.000   20.847   14.238    0    0  (Gen:  0)
  1035888    240216 693255520  0.001  0.000   20.849   14.239    0    0  (Gen:  0)
  1034680    243296 693378232  0.001  0.000   20.851   14.240    0    0  (Gen:  0)
  1035200    242000 693500016  0.001  0.000   20.853   14.241    0    0  (Gen:  0)
  1035480    243152 693621960  0.001  0.000   20.855   14.242    0    0  (Gen:  0)
  1034600    242968 693742904  0.001  0.000   20.858   14.243    0    0  (Gen:  0)
  1034392    244072 693865960  0.001  0.000   20.860   14.244    0    0  (Gen:  0)
  1035448    246992 693989896  0.001  0.000   20.862   14.245    0    0  (Gen:  0)
  1616720    248088 694114280  0.001  0.000   20.864   14.246    0    0  (Gen:  0)
  1034136    247440 694237456  0.001  0.000   20.866   14.247    0    0  (Gen:  0)
  1035776    246400 694360208  0.001  0.000   20.869   14.249    0    0  (Gen:  0)
  1035912    247680 694484216  0.001  0.000   20.871   14.250    0    0  (Gen:  0)
  1034824    241664 694602024  0.001  0.000   20.873   14.251    0    0  (Gen:  0)
  1033424    241248 694725000  0.001  0.000   20.875   14.252    0    0  (Gen:  0)
  1035768    245584 694848296  0.001  0.000   20.877   14.253    0    0  (Gen:  0)
  1035568    245944 694971464  0.001  0.000   20.879   14.254    0    0  (Gen:  0)
  1037232    247368 695095280  0.001  0.000   20.881   14.255    0    0  (Gen:  0)
  1035832    248800 695219040  0.001  0.000   20.884   14.256    0    0  (Gen:  0)
  1037000    245320 695340928  0.001  0.000   20.886   14.257    0    0  (Gen:  0)
  1034032    244376 695463208  0.001  0.000   20.888   14.258    0    0  (Gen:  0)
  1035336    246200 695586112  0.001  0.000   20.890   14.260    0    0  (Gen:  0)
  1036536    246184 695709040  0.001  0.000   20.892   14.261    0    0  (Gen:  0)
  1035552    245872 695831048  0.001  0.000   20.894   14.262    0    0  (Gen:  0)
  1035584    245856 695954392  0.001  0.000   20.896   14.263    0    0  (Gen:  0)
  1036336    246824 696076776  0.001  0.000   20.898   14.264    0    0  (Gen:  0)
  1035232    247464 696200104  0.001  0.000   20.901   14.265    0    0  (Gen:  0)
  1036584    243600 696319720  0.001  0.000   20.903   14.266    0    0  (Gen:  0)
  1035408    244200 696442512  0.001  0.000   20.905   14.267    0    0  (Gen:  0)
  1036536    245872 696565000  0.001  0.000   20.907   14.268    0    0  (Gen:  0)
  1036376    245512 696687120  0.001  0.000   20.909   14.269    0    0  (Gen:  0)
  1036008    246320 696809584  0.001  0.000   20.911   14.271    0    0  (Gen:  0)
  1035552    245408 696932024  0.001  0.000   20.913   14.272    0    0  (Gen:  0)
  1035624    245352 697053976  0.001  0.000   20.915   14.273    0    0  (Gen:  0)
  1035688    245976 697176040  0.001  0.000   20.918   14.274    0    0  (Gen:  0)
  1035944    247160 697299240  0.001  0.000   20.919   14.275    0    0  (Gen:  0)
  1035200    245232 697419408  0.001  0.000   20.921   14.276    0    0  (Gen:  0)
  1036632    245608 697542016  0.001  0.000   20.923   14.277    0    0  (Gen:  0)
  1034904    245384 697663704  0.001  0.000   20.925   14.278    0    0  (Gen:  0)
  1036072    245808 697785792  0.001  0.000   20.928   14.279    0    0  (Gen:  0)
  1036080    245616 697907648  0.001  0.000   20.930   14.281    0    0  (Gen:  0)
  1035400    244920 698028752  0.001  0.000   20.932   14.282    0    0  (Gen:  0)
  1034232    244872 698150432  0.001  0.000   20.934   14.283    0    0  (Gen:  0)
  1035352    245208 698271984  0.001  0.000   20.936   14.284    0    0  (Gen:  0)
  1033736    246216 698394328  0.001  0.000   20.938   14.285    0    0  (Gen:  0)
  1036184    247024 698516736  0.001  0.000   20.940   14.286    0    0  (Gen:  0)
  1036416    240200 698632288  0.001  0.000   20.942   14.287    0    0  (Gen:  0)
  1036280    234288 698748664  0.001  0.000   20.944   14.288    0    0  (Gen:  0)
  1036088    240624 698871104  0.001  0.000   20.947   14.289    0    0  (Gen:  0)
  1035792    246688 698994176  0.001  0.000   20.949   14.290    0    0  (Gen:  0)
  1037248    245808 699116776  0.001  0.000   20.951   14.292    0    0  (Gen:  0)
  1033488    246440 699239704  0.001  0.000   20.953   14.293    0    0  (Gen:  0)
  1036376    244968 699361544  0.001  0.000   20.955   14.294    0    0  (Gen:  0)
  1035944    246680 699484664  0.001  0.000   20.957   14.295    0    0  (Gen:  0)
  1035576    244752 699605792  0.001  0.000   20.960   14.296    0    0  (Gen:  0)
  1035000    243696 699727416  0.001  0.000   20.962   14.297    0    0  (Gen:  0)
  1035296    245912 699850200  0.001  0.000   20.964   14.298    0    0  (Gen:  0)
  1034952    246576 699972880  0.001  0.000   20.966   14.299    0    0  (Gen:  0)
  1035984    245648 700094752  0.001  0.000   20.968   14.301    0    0  (Gen:  0)
  1036760    245552 700216760  0.001  0.000   20.971   14.302    0    0  (Gen:  0)
  1035320    244680 700338784  0.001  0.000   20.973   14.303    0    0  (Gen:  0)
  1035288    246112 700461312  0.001  0.000   20.975   14.304    0    0  (Gen:  0)
  1035568    245472 700583128  0.001  0.000   20.977   14.305    0    0  (Gen:  0)
  1036944    246040 700705480  0.001  0.000   20.979   14.306    0    0  (Gen:  0)
  1036712    243248 700824680  0.001  0.000   20.981   14.307    0    0  (Gen:  0)
  1035144    243912 700947216  0.001  0.000   20.983   14.308    0    0  (Gen:  0)
  1035128    244976 701068768  0.001  0.000   20.985   14.309    0    0  (Gen:  0)
  1035784    246200 701191552  0.001  0.000   20.987   14.310    0    0  (Gen:  0)
  1035488    245072 701312856  0.001  0.000   20.989   14.311    0    0  (Gen:  0)
  1035440    245248 701434856  0.001  0.000   20.992   14.313    0    0  (Gen:  0)
  1035848    245880 701556912  0.001  0.000   20.994   14.314    0    0  (Gen:  0)
  1035136    245344 701678384  0.001  0.000   20.996   14.315    0    0  (Gen:  0)
  1034864    245752 701800544  0.001  0.000   20.998   14.316    0    0  (Gen:  0)
  1036136    245752 701922136  0.001  0.000   21.000   14.317    0    0  (Gen:  0)
  1034944    244104 702042240  0.001  0.000   21.002   14.318    0    0  (Gen:  0)
  1037072    246400 702165664  0.001  0.000   21.005   14.319    0    0  (Gen:  0)
  1035160    245752 702286800  0.001  0.000   21.007   14.320    0    0  (Gen:  0)
  1034120    244152 702408216  0.001  0.000   21.009   14.322    0    0  (Gen:  0)
  1035176    243600 702528696  0.001  0.000   21.011   14.323    0    0  (Gen:  0)
  1035152    245688 702650944  0.001  0.000   21.013   14.324    0    0  (Gen:  0)
  1035384    246056 702771504  0.001  0.000   21.015   14.325    0    0  (Gen:  0)
  1036472    246544 702893984  0.001  0.000   21.017   14.326    0    0  (Gen:  0)
  1034872    247272 703016128  0.001  0.000   21.019   14.327    0    0  (Gen:  0)
  1034520    246392 703138152  0.001  0.000   21.021   14.328    0    0  (Gen:  0)
  1036528    246568 703260424  0.001  0.000   21.024   14.329    0    0  (Gen:  0)
  1035424    246496 703382648  0.001  0.000   21.026   14.331    0    0  (Gen:  0)
  1037208    239704 703498312  0.001  0.000   21.028   14.332    0    0  (Gen:  0)
  1034136    240544 703620704  0.001  0.000   21.030   14.333    0    0  (Gen:  0)
  1035880    245064 703742312  0.001  0.000   21.032   14.334    0    0  (Gen:  0)
  1034440    245160 703864040  0.001  0.000   21.034   14.335    0    0  (Gen:  0)
  1035680    245376 703985752  0.001  0.000   21.036   14.336    0    0  (Gen:  0)
  1035104    245408 704107480  0.001  0.000   21.039   14.337    0    0  (Gen:  0)
  1034896    245728 704229376  0.001  0.000   21.041   14.338    0    0  (Gen:  0)
  1035640    245576 704351240  0.001  0.000   21.043   14.340    0    0  (Gen:  0)
  1035048    245624 704473216  0.001  0.000   21.045   14.341    0    0  (Gen:  0)
  1035552    246080 704595456  0.001  0.000   21.047   14.342    0    0  (Gen:  0)
  1036136    245432 704716720  0.001  0.000   21.050   14.343    0    0  (Gen:  0)
  1035584    244424 704837400  0.001  0.000   21.052   14.344    0    0  (Gen:  0)
  1034816    243992 704959008  0.001  0.000   21.054   14.345    0    0  (Gen:  0)
  1036320    245552 705081136  0.001  0.000   21.056   14.346    0    0  (Gen:  0)
  1614504    245288 705202528  0.001  0.000   21.058   14.348    0    0  (Gen:  0)
  1034240    245776 705324040  0.001  0.000   21.061   14.349    0    0  (Gen:  0)
  1035520    246640 705446064  0.001  0.000   21.063   14.350    0    0  (Gen:  0)
  1035632    245936 705568040  0.001  0.000   21.065   14.351    0    0  (Gen:  0)
  1035296    245432 705689488  0.001  0.000   21.067   14.352    0    0  (Gen:  0)
  1034608    244640 705810800  0.001  0.000   21.069   14.353    0    0  (Gen:  0)
  1036368    245696 705932744  0.001  0.000   21.071   14.354    0    0  (Gen:  0)
  1035264    245632 706054560  0.001  0.000   21.073   14.355    0    0  (Gen:  0)
  1035920    244992 706176040  0.001  0.000   21.076   14.357    0    0  (Gen:  0)
  1036504    246296 706297632  0.001  0.000   21.078   14.358    0    0  (Gen:  0)
  1035672    246064 706419992  0.001  0.000   21.080   14.359    0    0  (Gen:  0)
  1035784    242576 706538272  0.001  0.000   21.082   14.360    0    0  (Gen:  0)
  1036240    242528 706659952  0.001  0.000   21.084   14.361    0    0  (Gen:  0)
  1035096    244760 706781232  0.001  0.000   21.086   14.362    0    0  (Gen:  0)
  1034464    246176 706903040  0.001  0.000   21.088   14.363    0    0  (Gen:  0)
  1036512    246088 707024528  0.001  0.000   21.091   14.364    0    0  (Gen:  0)
  1035872    245128 707146104  0.001  0.000   21.093   14.366    0    0  (Gen:  0)
  1034328    244592 707267288  0.001  0.000   21.095   14.367    0    0  (Gen:  0)
  1036176    245776 707389232  0.001  0.000   21.097   14.368    0    0  (Gen:  0)
  1034552    244640 707510360  0.001  0.000   21.099   14.369    0    0  (Gen:  0)
  1034144    246256 707632232  0.001  0.000   21.101   14.370    0    0  (Gen:  0)
  1034976    246088 707754360  0.001  0.000   21.104   14.371    0    0  (Gen:  0)
  1036440    245376 707875688  0.001  0.000   21.106   14.372    0    0  (Gen:  0)
  1036160    245288 707997192  0.001  0.000   21.108   14.373    0    0  (Gen:  0)
  1037072    246960 708119504  0.001  0.000   21.110   14.375    0    0  (Gen:  0)
  1034656    245240 708239808  0.001  0.000   21.112   14.376    0    0  (Gen:  0)
  1034184    243240 708360704  0.001  0.000   21.114   14.377    0    0  (Gen:  0)
  1035560    244440 708481800  0.001  0.000   21.116   14.378    0    0  (Gen:  0)
  1035680    246000 708603568  0.001  0.000   21.118   14.379    0    0  (Gen:  0)
  1034672    245536 708725088  0.001  0.000   21.121   14.380    0    0  (Gen:  0)
  1034944    245000 708846360  0.001  0.000   21.123   14.381    0    0  (Gen:  0)
  1035592    245208 708967784  0.001  0.000   21.125   14.382    0    0  (Gen:  0)
  1037272    246616 709089672  0.001  0.000   21.127   14.384    0    0  (Gen:  0)
  1033784    245680 709211136  0.001  0.000   21.129   14.385    0    0  (Gen:  0)
  1035784    244744 709332504  0.001  0.000   21.131   14.386    0    0  (Gen:  0)
  1036496    244672 709453408  0.001  0.000   21.134   14.387    0    0  (Gen:  0)
  1036592    246016 709575320  0.001  0.000   21.136   14.388    0    0  (Gen:  0)
  1034992    244912 709696264  0.001  0.000   21.138   14.389    0    0  (Gen:  0)
  1035168    244768 709817576  0.001  0.000   21.140   14.390    0    0  (Gen:  0)
  1034296    245968 709938928  0.001  0.000   21.142   14.392    0    0  (Gen:  0)
  1036160    244936 710060336  0.001  0.000   21.144   14.393    0    0  (Gen:  0)
  1038232    229760 710166112  0.001  0.000   21.146   14.394    0    0  (Gen:  0)
  1036856    216400 710273352  0.001  0.000   21.148   14.395    0    0  (Gen:  0)
  1034816    234136 710395656  0.001  0.000   21.150   14.396    0    0  (Gen:  0)
  1035896    243768 710517712  0.001  0.000   21.152   14.397    0    0  (Gen:  0)
  1034944    244536 710639104  0.001  0.000   21.155   14.398    0    0  (Gen:  0)
  1035992    244416 710762248  0.001  0.000   21.157   14.399    0    0  (Gen:  0)
  1036224    246992 710885336  0.001  0.000   21.159   14.400    0    0  (Gen:  0)
  1035320    246296 711007904  0.001  0.000   21.161   14.402    0    0  (Gen:  0)
  1036680    245472 711129872  0.001  0.000   21.163   14.403    0    0  (Gen:  0)
  1036032    243952 711251704  0.001  0.000   21.165   14.404    0    0  (Gen:  0)
  1034368    245984 711374112  0.001  0.000   21.168   14.405    0    0  (Gen:  0)
  1034000    245464 711496384  0.001  0.000   21.170   14.406    0    0  (Gen:  0)
  1035736    244808 711618424  0.001  0.000   21.172   14.407    0    0  (Gen:  0)
  1035448    245712 711740280  0.001  0.000   21.174   14.408    0    0  (Gen:  0)
  1035648    245112 711862104  0.001  0.000   21.176   14.410    0    0  (Gen:  0)
  1035112    245240 711984448  0.001  0.000   21.178   14.411    0    0  (Gen:  0)
  1034496    244520 712105960  0.001  0.000   21.181   14.412    0    0  (Gen:  0)
  1035616    245320 712228008  0.001  0.000   21.183   14.413    0    0  (Gen:  0)
  1034584    242800 712347048  0.001  0.000   21.185   14.414    0    0  (Gen:  0)
  1035120    243016 712469320  0.001  0.000   21.187   14.415    0    0  (Gen:  0)
  1037440    246448 712591960  0.001  0.000   21.189   14.416    0    0  (Gen:  0)
  1034520    246232 712714408  0.001  0.000   21.191   14.417    0    0  (Gen:  0)
  1035640    244568 712835896  0.001  0.000   21.194   14.418    0    0  (Gen:  0)
  1035304    244936 712957632  0.001  0.000   21.196   14.420    0    0  (Gen:  0)
  1033864    244688 713079088  0.001  0.000   21.198   14.421    0    0  (Gen:  0)
  1035632    244880 713200840  0.001  0.000   21.200   14.422    0    0  (Gen:  0)
  1036136    245160 713322456  0.001  0.000   21.202   14.423    0    0  (Gen:  0)
  1036256    245448 713444512  0.001  0.000   21.204   14.424    0    0  (Gen:  0)
  1034680    244016 713564968  0.001  0.000   21.206   14.425    0    0  (Gen:  0)
  1035672    244096 713686816  0.001  0.000   21.209   14.426    0    0  (Gen:  0)
  1035720    246000 713809224  0.001  0.000   21.211   14.427    0    0  (Gen:  0)
  1036088    245424 713930936  0.001  0.000   21.213   14.429    0    0  (Gen:  0)
  1035120    245080 714052424  0.001  0.000   21.215   14.430    0    0  (Gen:  0)
  1035192    244984 714174016  0.001  0.000   21.217   14.431    0    0  (Gen:  0)
  1034720    244728 714295008  0.001  0.000   21.219   14.432    0    0  (Gen:  0)
  1033384    244016 714416416  0.001  0.000   21.222   14.433    0    0  (Gen:  0)
  1035472    244488 714537784  0.001  0.000   21.224   14.434    0    0  (Gen:  0)
  1036816    245200 714659640  0.001  0.000   21.226   14.435    0    0  (Gen:  0)
  1036448    245288 714781352  0.001  0.000   21.228   14.436    0    0  (Gen:  0)
  1036992    245064 714902952  0.001  0.000   21.230   14.437    0    0  (Gen:  0)
  1035088    239128 715018800  0.001  0.000   21.232   14.439    0    0  (Gen:  0)
  1034320    238352 715138000  0.001  0.000   21.234   14.440    0    0  (Gen:  0)
  1035480    244424 715259768  0.001  0.000   21.236   14.441    0    0  (Gen:  0)
  1034784    244960 715381320  0.001  0.000   21.238   14.442    0    0  (Gen:  0)
  1033472    245528 715503440  0.001  0.000   21.241   14.443    0    0  (Gen:  0)
  1034032    245056 715624776  0.001  0.000   21.243   14.444    0    0  (Gen:  0)
  1035056    245144 715746984  0.001  0.000   21.245   14.445    0    0  (Gen:  0)
  1035544    245520 715868672  0.001  0.000   21.247   14.446    0    0  (Gen:  0)
  1034712    245104 715990512  0.001  0.000   21.249   14.448    0    0  (Gen:  0)
  1621024    245528 716112096  0.001  0.000   21.252   14.449    0    0  (Gen:  0)
  1036680    246136 716234216  0.001  0.000   21.254   14.450    0    0  (Gen:  0)
  1035248    246520 716356128  0.001  0.000   21.256   14.451    0    0  (Gen:  0)
  1036368    244960 716476984  0.001  0.000   21.258   14.452    0    0  (Gen:  0)
  1033472    244488 716598424  0.001  0.000   21.260   14.453    0    0  (Gen:  0)
  1034816    244600 716719688  0.001  0.000   21.262   14.454    0    0  (Gen:  0)
  1035032    245608 716841728  0.001  0.000   21.265   14.456    0    0  (Gen:  0)
  1034968    245184 716963192  0.001  0.000   21.267   14.457    0    0  (Gen:  0)
  1034464    244776 717084648  0.001  0.000   21.269   14.458    0    0  (Gen:  0)
  1037152    244520 717206008  0.001  0.000   21.271   14.459    0    0  (Gen:  0)
  1034744    244136 717327120  0.001  0.000   21.273   14.460    0    0  (Gen:  0)
  1035296    246288 717449016  0.001  0.000   21.275   14.461    0    0  (Gen:  0)
  1034808    246504 717571032  0.001  0.000   21.277   14.462    0    0  (Gen:  0)
  1036208    245440 717692288  0.001  0.000   21.279   14.464    0    0  (Gen:  0)
  1036088    245152 717813912  0.001  0.000   21.282   14.465    0    0  (Gen:  0)
  1036248    245216 717935464  0.001  0.000   21.284   14.466    0    0  (Gen:  0)
  1035576    244776 718056992  0.001  0.000   21.286   14.467    0    0  (Gen:  0)
  1037720    243512 718175592  0.001  0.000   21.288   14.468    0    0  (Gen:  0)
  1034640    242280 718297072  0.001  0.000   21.290   14.469    0    0  (Gen:  0)
  1035176    244888 718418176  0.001  0.000   21.292   14.471    0    0  (Gen:  0)
  1035472    244944 718539800  0.001  0.000   21.295   14.472    0    0  (Gen:  0)
  1035312    245240 718661640  0.001  0.000   21.297   14.473    0    0  (Gen:  0)
  1035256    244848 718782840  0.001  0.000   21.299   14.474    0    0  (Gen:  0)
  1036440    246128 718904520  0.001  0.000   21.301   14.475    0    0  (Gen:  0)
  1034720    244568 719025400  0.001  0.000   21.303   14.476    0    0  (Gen:  0)
  1035464    244760 719146976  0.001  0.000   21.306   14.477    0    0  (Gen:  0)
  1035616    245328 719268768  0.001  0.000   21.308   14.478    0    0  (Gen:  0)
  1034672    244344 719389544  0.001  0.000   21.310   14.480    0    0  (Gen:  0)
  1034416    246056 719511528  0.001  0.000   21.312   14.481    0    0  (Gen:  0)
  1035512    245288 719632624  0.001  0.000   21.314   14.482    0    0  (Gen:  0)
  1037160    243816 719752712  0.001  0.000   21.316   14.483    0    0  (Gen:  0)
  1035568    242896 719873712  0.001  0.000   21.319   14.484    0    0  (Gen:  0)
  1034520    245568 719995104  0.001  0.000   21.321   14.485    0    0  (Gen:  0)
  1035400    244208 720115784  0.001  0.000   21.323   14.486    0    0  (Gen:  0)
  1035904    244792 720237328  0.001  0.000   21.325   14.488    0    0  (Gen:  0)
  1034056    244176 720358200  0.001  0.000   21.327   14.489    0    0  (Gen:  0)
  1034888    245960 720479832  0.001  0.000   21.329   14.490    0    0  (Gen:  0)
  1034544    244136 720600160  0.001  0.000   21.332   14.491    0    0  (Gen:  0)
  1034888    243760 720721096  0.001  0.000   21.334   14.492    0    0  (Gen:  0)
  1036160    245136 720842080  0.001  0.000   21.336   14.493    0    0  (Gen:  0)
  1034800    244888 720962976  0.001  0.000   21.338   14.494    0    0  (Gen:  0)
  1035160    244416 721084200  0.001  0.000   21.340   14.496    0    0  (Gen:  0)
  1036824    244640 721205616  0.001  0.000   21.342   14.497    0    0  (Gen:  0)
  1034776    245912 721327080  0.001  0.000   21.344   14.498    0    0  (Gen:  0)
  1034952    245944 721448984  0.001  0.000   21.347   14.499    0    0  (Gen:  0)
  1035328    244472 721569896  0.001  0.000   21.349   14.500    0    0  (Gen:  0)
  1035248    245712 721691784  0.001  0.000   21.351   14.501    0    0  (Gen:  0)
  1036536    230056 721797744  0.001  0.000   21.353   14.502    0    0  (Gen:  0)
  1036080    229648 721918784  0.001  0.000   21.355   14.503    0    0  (Gen:  0)
  1036560    246096 722040768  0.001  0.000   21.357   14.505    0    0  (Gen:  0)
  1034640    246552 722162288  0.001  0.000   21.359   14.506    0    0  (Gen:  0)
  1034968    245304 722284128  0.001  0.000   21.361   14.507    0    0  (Gen:  0)
  1035248    244712 722405200  0.001  0.000   21.364   14.508    0    0  (Gen:  0)
  1037448    244800 722526712  0.001  0.000   21.366   14.509    0    0  (Gen:  0)
  1036216    244984 722648360  0.001  0.000   21.368   14.510    0    0  (Gen:  0)
  1035592    245592 722770312  0.001  0.000   21.370   14.511    0    0  (Gen:  0)
  1034824    245192 722891888  0.001  0.000   21.372   14.513    0    0  (Gen:  0)
  1035976    244664 723013040  0.001  0.000   21.374   14.514    0    0  (Gen:  0)
  1036312    245768 723134792  0.001  0.000   21.376   14.515    0    0  (Gen:  0)
  1034664    246840 723256504  0.001  0.000   21.379   14.516    0    0  (Gen:  0)
  1035040    243272 723376312  0.001  0.000   21.381   14.517    0    0  (Gen:  0)
  1035048    243232 723497360  0.001  0.000   21.383   14.518    0    0  (Gen:  0)
  1035504    244584 723618880  0.001  0.000   21.385   14.519    0    0  (Gen:  0)
  1036712    244592 723740096  0.001  0.000   21.387   14.520    0    0  (Gen:  0)
  1035352    245480 723861224  0.001  0.000   21.390   14.522    0    0  (Gen:  0)
  1034816    244840 723982440  0.001  0.000   21.392   14.523    0    0  (Gen:  0)
  1035688    245240 724104056  0.001  0.000   21.394   14.524    0    0  (Gen:  0)
  1036720    245104 724225464  0.001  0.000   21.396   14.525    0    0  (Gen:  0)
  1035584    244360 724346592  0.001  0.000   21.398   14.526    0    0  (Gen:  0)
  1036096    246000 724468000  0.001  0.000   21.400   14.527    0    0  (Gen:  0)
  1036744    244688 724589424  0.001  0.000   21.403   14.528    0    0  (Gen:  0)
  1035008    244872 724710584  0.001  0.000   21.405   14.530    0    0  (Gen:  0)
  1035968    244824 724832048  0.001  0.000   21.407   14.531    0    0  (Gen:  0)
  1035440    246328 724953680  0.001  0.000   21.409   14.532    0    0  (Gen:  0)
  1036888    245520 725075056  0.001  0.000   21.411   14.533    0    0  (Gen:  0)
  1036168    242288 725193696  0.001  0.000   21.413   14.534    0    0  (Gen:  0)
  1034168    241824 725314808  0.001  0.000   21.415   14.535    0    0  (Gen:  0)
  1034240    246032 725436520  0.001  0.000   21.417   14.536    0    0  (Gen:  0)
  1034864    245200 725557944  0.001  0.000   21.419   14.537    0    0  (Gen:  0)
  1034416    245112 725679392  0.001  0.000   21.421   14.538    0    0  (Gen:  0)
  1033792    244160 725800312  0.001  0.000   21.424   14.539    0    0  (Gen:  0)
  1033424    245792 725921880  0.001  0.000   21.426   14.541    0    0  (Gen:  0)
  1035208    245064 726043056  0.001  0.000   21.428   14.542    0    0  (Gen:  0)
  1035096    244976 726164464  0.001  0.000   21.430   14.543    0    0  (Gen:  0)
  1035016    244320 726285384  0.001  0.000   21.432   14.544    0    0  (Gen:  0)
  1035920    245624 726406872  0.001  0.000   21.434   14.545    0    0  (Gen:  0)
  1036080    245896 726528816  0.001  0.000   21.436   14.546    0    0  (Gen:  0)
  1034056    244792 726649632  0.001  0.000   21.439   14.547    0    0  (Gen:  0)
  1035472    245656 726771344  0.001  0.000   21.441   14.548    0    0  (Gen:  0)
  1034784    245864 726892496  0.001  0.000   21.443   14.549    0    0  (Gen:  0)
  1035352    243744 727012720  0.001  0.000   21.445   14.550    0    0  (Gen:  0)
  1616496    243648 727134080  0.001  0.000   21.447   14.552    0    0  (Gen:  0)
  1034192    245824 727255240  0.001  0.000   21.449   14.553    0    0  (Gen:  0)
  1034832    245040 727376792  0.001  0.000   21.452   14.554    0    0  (Gen:  0)
  1035552    244592 727497848  0.001  0.000   21.454   14.555    0    0  (Gen:  0)
  1033920    245072 727618584  0.001  0.000   21.456   14.556    0    0  (Gen:  0)
  1034312    245096 727740288  0.001  0.000   21.458   14.557    0    0  (Gen:  0)
  1035400    244256 727860968  0.001  0.000   21.460   14.558    0    0  (Gen:  0)
  1036752    245728 727982848  0.001  0.000   21.462   14.559    0    0  (Gen:  0)
  1034272    244656 728103192  0.001  0.000   21.464   14.560    0    0  (Gen:  0)
  1034192    243384 728224224  0.001  0.000   21.467   14.562    0    0  (Gen:  0)
  1036264    245544 728345288  0.001  0.000   21.468   14.563    0    0  (Gen:  0)
  1034728    244872 728466648  0.001  0.000   21.470   14.564    0    0  (Gen:  0)
  1034360    244536 728587776  0.001  0.000   21.473   14.565    0    0  (Gen:  0)
  1035352    245880 728709016  0.001  0.000   21.475   14.566    0    0  (Gen:  0)
  1036616    246168 728831392  0.001  0.000   21.477   14.567    0    0  (Gen:  0)
  1036064    245272 728952328  0.001  0.000   21.479   14.568    0    0  (Gen:  0)
  1035736    246000 729074160  0.001  0.000   21.481   14.569    0    0  (Gen:  0)
  1035680    242024 729192208  0.001  0.000   21.483   14.570    0    0  (Gen:  0)
  1035664    236808 729307472  0.001  0.000   21.485   14.571    0    0  (Gen:  0)
  1035096    240456 729428936  0.001  0.000   21.487   14.573    0    0  (Gen:  0)
  1034688    244616 729550072  0.001  0.000   21.489   14.574    0    0  (Gen:  0)
  1034976    245776 729671408  0.001  0.000   21.491   14.575    0    0  (Gen:  0)
  1036384    244280 729792168  0.001  0.000   21.494   14.576    0    0  (Gen:  0)
  1034632    244848 729913576  0.001  0.000   21.496   14.577    0    0  (Gen:  0)
  1034960    243984 730034472  0.001  0.000   21.498   14.578    0    0  (Gen:  0)
  1036696    244872 730154928  0.001  0.000   21.500   14.579    0    0  (Gen:  0)
  1035536    244584 730276512  0.001  0.000   21.502   14.580    0    0  (Gen:  0)
  1034848    244360 730397456  0.001  0.000   21.504   14.581    0    0  (Gen:  0)
  1034816    245680 730518792  0.001  0.000   21.506   14.582    0    0  (Gen:  0)
  1035592    245072 730640328  0.001  0.000   21.508   14.584    0    0  (Gen:  0)
  1036408    244768 730761520  0.001  0.000   21.511   14.585    0    0  (Gen:  0)
  1034968    245688 730882656  0.001  0.000   21.513   14.586    0    0  (Gen:  0)
  1036152    244176 731003520  0.001  0.000   21.515   14.587    0    0  (Gen:  0)
  1035344    245728 731125096  0.001  0.000   21.517   14.588    0    0  (Gen:  0)
  1036608    243368 731244184  0.001  0.000   21.519   14.589    0    0  (Gen:  0)
  1036280    242928 731365440  0.001  0.000   21.521   14.590    0    0  (Gen:  0)
  1035992    245512 731486288  0.001  0.000   21.524   14.591    0    0  (Gen:  0)
  1034352    244544 731607344  0.001  0.000   21.526   14.592    0    0  (Gen:  0)
  1035528    244072 731728296  0.001  0.000   21.528   14.594    0    0  (Gen:  0)
  1035936    245256 731849120  0.001  0.000   21.530   14.595    0    0  (Gen:  0)
  1035440    244480 731970392  0.001  0.000   21.532   14.596    0    0  (Gen:  0)
  1035200    244360 732091408  0.001  0.000   21.533   14.597    0    0  (Gen:  0)
  1035424    245608 732212568  0.001  0.000   21.536   14.598    0    0  (Gen:  0)
  1036328    245224 732334048  0.001  0.000   21.538   14.599    0    0  (Gen:  0)
  1035568    245488 732454840  0.001  0.000   21.540   14.600    0    0  (Gen:  0)
  1036352    244648 732576120  0.001  0.000   21.542   14.602    0    0  (Gen:  0)
  1036272    244488 732697384  0.001  0.000   21.544   14.603    0    0  (Gen:  0)
  1035776    246048 732818848  0.001  0.000   21.546   14.604    0    0  (Gen:  0)
  1035432    244824 732939880  0.001  0.000   21.548   14.605    0    0  (Gen:  0)
  1034184    245104 733060632  0.001  0.000   21.550   14.606    0    0  (Gen:  0)
  1034888    244928 733181848  0.001  0.000   21.553   14.607    0    0  (Gen:  0)
  1036752    244616 733303072  0.001  0.000   21.555   14.608    0    0  (Gen:  0)
  1036240    245792 733424320  0.001  0.000   21.557   14.609    0    0  (Gen:  0)
  1034336    244760 733545288  0.001  0.000   21.559   14.610    0    0  (Gen:  0)
  1035296    240944 733661856  0.001  0.000   21.561   14.611    0    0  (Gen:  0)
  1036192    239656 733782304  0.001  0.000   21.563   14.613    0    0  (Gen:  0)
  1033936    245568 733904248  0.001  0.000   21.565   14.614    0    0  (Gen:  0)
  1033976    245976 734024992  0.001  0.000   21.567   14.615    0    0  (Gen:  0)
  1036440    244280 734146024  0.001  0.000   21.569   14.616    0    0  (Gen:  0)
  1036840    245608 734267184  0.001  0.000   21.571   14.617    0    0  (Gen:  0)
  1035240    244208 734387712  0.001  0.000   21.574   14.618    0    0  (Gen:  0)
  1035576    245672 734509328  0.001  0.000   21.576   14.619    0    0  (Gen:  0)
  1034416    245496 734630392  0.001  0.000   21.578   14.620    0    0  (Gen:  0)
  1034712    244456 734751256  0.001  0.000   21.580   14.621    0    0  (Gen:  0)
  1035272    244808 734871824  0.001  0.000   21.582   14.623    0    0  (Gen:  0)
  1034440    243784 734992552  0.001  0.000   21.584   14.624    0    0  (Gen:  0)
  1036576    245632 735113744  0.001  0.000   21.586   14.625    0    0  (Gen:  0)
  1036200    246136 735236120  0.001  0.000   21.589   14.626    0    0  (Gen:  0)
  1034568    245448 735356352  0.001  0.000   21.591   14.627    0    0  (Gen:  0)
  1035784    244800 735476976  0.001  0.000   21.593   14.628    0    0  (Gen:  0)
  1034456    244216 735597848  0.001  0.000   21.595   14.629    0    0  (Gen:  0)
  1034736    244800 735718248  0.001  0.000   21.597   14.630    0    0  (Gen:  0)
  1036000    244424 735839632  0.001  0.000   21.599   14.632    0    0  (Gen:  0)
  1035648    246048 735960928  0.001  0.000   21.601   14.633    0    0  (Gen:  0)
  1034328    244336 736081408  0.001  0.000   21.604   14.634    0    0  (Gen:  0)
  1035472    243080 736200496  0.001  0.000   21.606   14.635    0    0  (Gen:  0)
  1033816    241480 736320016  0.001  0.000   21.608   14.636    0    0  (Gen:  0)
  1035400    245072 736442344  0.001  0.000   21.610   14.637    0    0  (Gen:  0)
  1036888    246392 736563024  0.001  0.000   21.612   14.638    0    0  (Gen:  0)
  1036368    244376 736684224  0.001  0.000   21.614   14.639    0    0  (Gen:  0)
  1036264    245504 736805064  0.001  0.000   21.616   14.640    0    0  (Gen:  0)
  1035168    244592 736926112  0.001  0.000   21.618   14.642    0    0  (Gen:  0)
  1035400    245040 737046696  0.001  0.000   21.621   14.643    0    0  (Gen:  0)
  1034928    243848 737167656  0.001  0.000   21.623   14.644    0    0  (Gen:  0)
  1035152    245896 737289080  0.001  0.000   21.625   14.645    0    0  (Gen:  0)
  1035432    244608 737409824  0.001  0.000   21.627   14.646    0    0  (Gen:  0)
  1036024    244688 737530160  0.001  0.000   21.629   14.647    0    0  (Gen:  0)
  1035176    243784 737650928  0.001  0.000   21.631   14.648    0    0  (Gen:  0)
  1035008    245480 737772128  0.001  0.000   21.633   14.649    0    0  (Gen:  0)
  1035864    244992 737893104  0.001  0.000   21.635   14.650    0    0  (Gen:  0)
  1036424    246360 738014920  0.001  0.000   21.638   14.652    0    0  (Gen:  0)
  1034936    245472 738135504  0.001  0.000   21.640   14.653    0    0  (Gen:  0)
  1035320    243512 738256456  0.001  0.000   21.642   14.654    0    0  (Gen:  0)
  1036744    245096 738377144  0.001  0.000   21.644   14.655    0    0  (Gen:  0)
  1615192    244592 738498496  0.001  0.000   21.646   14.656    0    0  (Gen:  0)
  1034120    270536 738644096  0.002  0.000   21.649   14.657    0    0  (Gen:  0)
  1041584    201800 738705056  0.001  0.000   21.651   14.658    0    0  (Gen:  0)
  1042000    260832 738912528  0.001  0.000   21.653   14.659    0    0  (Gen:  0)
  1038584    370400 739199648  0.002  0.001   21.656   14.661    0    0  (Gen:  0)
  1040688    191584 739383184  0.001  0.000   21.657   14.661    0    0  (Gen:  0)
  1041352    402000 739695304  0.002  0.001   21.660   14.662    0    0  (Gen:  0)
  1039496    318496 739824928  0.001  0.000   21.662   14.663    0    0  (Gen:  0)
  1034528    342856 740015104  0.002  0.001   21.665   14.665    0    0  (Gen:  0)
  1023400    279608 740263560  0.002  0.001   21.667   14.666    0    0  (Gen:  0)
  1041288    294776 740547248  0.002  0.001   21.670   14.667    0    0  (Gen:  0)
  1041152    288432 740827336  0.002  0.001   21.672   14.668    0    0  (Gen:  0)
   972920    111280 740931072  0.001  0.000   21.674   14.669    0    0  (Gen:  0)
   901600     40072 740939472  0.000  0.000   21.674   14.669    0    0  (Gen:  0)
   980560    115288 741064576  0.001  0.000   21.676   14.670    0    0  (Gen:  0)
  1429864    166088 741310656  0.001  0.000   21.678   14.671    0    0  (Gen:  0)
  1466320    135792 741645880  0.001  0.000   21.680   14.673    0    0  (Gen:  0)
  1143536    153992 741663200  0.001  0.000   21.682   14.674    0    0  (Gen:  0)
  1391136    248648 741926704  0.002  0.000   21.685   14.676    0    0  (Gen:  0)
  1032752    391992 742088096  0.002  0.001   21.687   14.678    0    0  (Gen:  0)
  1029248    155784 742170960  0.001  0.000   21.691   14.679    0    0  (Gen:  0)
  1034592    153688 742237344  0.001  0.000   21.694   14.682    0    0  (Gen:  0)
  1035168    122752 742298888  0.001  0.000   21.696   14.683    0    0  (Gen:  0)
  1036648    224160 742439872  0.001  0.000   21.698   14.685    0    0  (Gen:  0)
  1037728    146248 742489392  0.001  0.000   21.701   14.686    0    0  (Gen:  0)
  1033824    146088 742598752  0.001  0.000   21.703   14.688    0    0  (Gen:  0)
  1032528    255864 742743200  0.001  0.000   21.706   14.689    0    0  (Gen:  0)
  1033400    309992 742905768  0.001  0.001   21.709   14.691    0    0  (Gen:  0)
  1038168    297672 743036600  0.002  0.001   21.712   14.693    0    0  (Gen:  0)
  1032440    261896 743162664  0.002  0.000   21.716   14.694    0    0  (Gen:  0)
  1036896    277088 743304456  0.001  0.000   21.718   14.696    0    0  (Gen:  0)
  1031400    301576 743457816  0.001  0.001   21.721   14.697    0    0  (Gen:  0)
  1033872    307832 743605616  0.002  0.001   21.724   14.699    0    0  (Gen:  0)
  1038152    248216 743702096  0.001  0.001   21.727   14.701    0    0  (Gen:  0)
  1040080    163136 743761368  0.001  0.000   21.730   14.702    0    0  (Gen:  0)
  1040280     93848 743791512  0.001  0.000   21.732   14.704    0    0  (Gen:  0)
  1036264     92648 743847088  0.001  0.000   21.734   14.705    0    0  (Gen:  0)
  1040664    116272 743896064  0.001  0.000   21.736   14.706    0    0  (Gen:  0)
  1032128    155864 743994656  0.001  0.000   21.739   14.708    0    0  (Gen:  0)
  1037424    201264 744086544  0.001  0.000   21.741   14.710    0    0  (Gen:  0)
  1039792    112632 744103368  0.001  0.000   21.743   14.711    0    0  (Gen:  0)
  1036096     97336 744179072  0.001  0.000   21.746   14.713    0    0  (Gen:  0)
  1039424    106944 744207760  0.001  0.000   21.749   14.715    0    0  (Gen:  0)
  1038568     79600 744259968  0.001  0.000   21.751   14.716    0    0  (Gen:  0)
  1039336     98608 744302504  0.001  0.000   21.754   14.719    0    0  (Gen:  0)
  1038320     86624 744354424  0.001  0.000   21.755   14.720    0    0  (Gen:  0)
  1038048     98920 744401800  0.001  0.000   21.757   14.721    0    0  (Gen:  0)
  1040592    106408 744451048  0.001  0.000   21.759   14.723    0    0  (Gen:  0)
  1040664     69696 744478744  0.000  0.000   21.760   14.724    0    0  (Gen:  0)
  1040488     82056 744519544  0.000  0.000   21.762   14.725    0    0  (Gen:  0)
  1040472    118056 744588856  0.000  0.000   21.763   14.726    0    0  (Gen:  0)
  1040592     86328 744620104  0.000  0.000   21.765   14.727    0    0  (Gen:  0)
  1040432     82248 744650960  0.001  0.000   21.767   14.728    0    0  (Gen:  0)
  1036704    299480 744907824  0.002  0.001   21.769   14.729    0    0  (Gen:  0)
  1039560    429120 745109488  0.002  0.001   21.773   14.731    0    0  (Gen:  0)
  1041056    437000 745371192  0.002  0.001   21.776   14.733    0    0  (Gen:  0)
  1037976    368528 745518520  0.002  0.001   21.779   14.734    0    0  (Gen:  0)
  1040488    356712 745742312  0.002  0.001   21.783   14.735    0    0  (Gen:  0)
  1040152    427088 745972288  0.002  0.001   21.786   14.737    0    0  (Gen:  0)
  1043072    311960 746069976  0.001  0.000   21.788   14.738    0    0  (Gen:  0)
  1037952    288368 746327552  0.001  0.000   21.791   14.739    0    0  (Gen:  0)
  1084800     87704 746348640  0.000  0.000   21.792   14.740    0    0  (Gen:  0)
  1130624    253384 746616056  0.002  0.000   21.795   14.742    0    0  (Gen:  0)
  1028728    299888 746676912  0.001  0.001   21.799   14.744    0    0  (Gen:  0)
  1030528    171144 746770336  0.001  0.000   21.802   14.746    0    0  (Gen:  0)
  1031272    277128 746934864  0.002  0.001   21.806   14.748    0    0  (Gen:  0)
  1034272    310024 747075912  0.002  0.001   21.810   14.750    0    0  (Gen:  0)
  1034288    218920 747152984  0.001  0.001   21.814   14.753    0    0  (Gen:  0)
  1038576    112712 747196288  0.001  0.000   21.816   14.754    0    0  (Gen:  0)
  1037904     81984 747234968  0.000  0.000   21.818   14.755    0    0  (Gen:  0)
  1039104    242392 747432672  0.001  0.000   21.820   14.757    0    0  (Gen:  0)
  1040096    365320 747604416  0.002  0.001   21.823   14.758    0    0  (Gen:  0)
  1631848    341832 747790664  0.001  0.000   21.826   14.760    0    0  (Gen:  0)
  1588920    293992 748074864  0.002  0.000   21.829   14.761    0    0  (Gen:  0)
  1041704    341624 748157584  0.002  0.001   21.832   14.762    0    0  (Gen:  0)
  1126288    279568 748368816  0.002  0.000   21.834   14.764    0    0  (Gen:  0)
  1000136     53888 748317488  0.000  0.000   21.835   14.764    0    0  (Gen:  0)
   890320     28160 748333032  0.000  0.000   21.836   14.765    0    0  (Gen:  0)
   935008     24440 748358328  0.000  0.000   21.837   14.765    0    0  (Gen:  0)
  1112920    248408 748628336  0.001  0.000   21.839   14.767    0    0  (Gen:  0)
  1072040    443464 748836208  0.002  0.001   21.841   14.768    0    0  (Gen:  0)
  1030232    148304 748940384  0.001  0.000   21.844   14.770    0    0  (Gen:  0)
  1032072    175408 749012456  0.001  0.000   21.847   14.772    0    0  (Gen:  0)
  1037632    141896 749092192  0.001  0.000   21.849   14.773    0    0  (Gen:  0)
  1040304    211472 749208592  0.001  0.000   21.851   14.774    0    0  (Gen:  0)
  1037528    197080 749310768  0.001  0.000   21.854   14.776    0    0  (Gen:  0)
  1037376    197704 749415176  0.001  0.000   21.857   14.778    0    0  (Gen:  0)
  1066880    202464 749539808  0.001  0.000   21.860   14.779    0    0  (Gen:  0)
  1040032    210984 749653632  0.001  0.001   21.863   14.781    0    0  (Gen:  0)
  1039800    238888 749773304  0.002  0.001   21.866   14.782    0    0  (Gen:  0)
  1039480    249624 749897544  0.001  0.001   21.868   14.784    0    0  (Gen:  0)
  1039024    232472 750000040  0.001  0.001   21.871   14.785    0    0  (Gen:  0)
  1038432    211920 750101008  0.001  0.000   21.874   14.787    0    0  (Gen:  0)
  1038904    214728 750207224  0.001  0.000   21.876   14.788    0    0  (Gen:  0)
  1036800    229784 750324920  0.001  0.000   21.879   14.790    0    0  (Gen:  0)
  1038448    247408 750450776  0.001  0.001   21.882   14.791    0    0  (Gen:  0)
  1033248    264440 750583768  0.001  0.000   21.884   14.793    0    0  (Gen:  0)
  1034304    258544 750703744  0.001  0.000   21.887   14.794    0    0  (Gen:  0)
  1036112    267496 750846656  0.001  0.000   21.890   14.796    0    0  (Gen:  0)
  1036760    279376 750979328  0.001  0.001   21.893   14.797    0    0  (Gen:  0)
  1038568    187152 751029392  0.001  0.000   21.895   14.799    0    0  (Gen:  0)
  1040256    126912 751079480  0.001  0.000   21.896   14.799    0    0  (Gen:  0)
  1034704    120208 751133264  0.001  0.000   21.898   14.801    0    0  (Gen:  0)
  1036648     99280 751177040  0.001  0.000   21.901   14.803    0    0  (Gen:  0)
  1038688     91992 751235584  0.000  0.000   21.903   14.804    0    0  (Gen:  0)
  1039632     75200 751248136  0.000  0.000   21.904   14.805    0    0  (Gen:  0)
  1041256     95208 751295192  0.001  0.000   21.905   14.806    0    0  (Gen:  0)
  1041056    113216 751351968  0.000  0.000   21.907   14.807    0    0  (Gen:  0)
  1040528    101704 751383496  0.000  0.000   21.908   14.808    0    0  (Gen:  0)
  1040984     90704 751423392  0.000  0.000   21.910   14.809    0    0  (Gen:  0)
  1041536     97496 751470184  0.000  0.000   21.911   14.810    0    0  (Gen:  0)
  1040976    101032 751516672  0.000  0.000   21.913   14.811    0    0  (Gen:  0)
  1040184     98136 751561576  0.000  0.000   21.914   14.812    0    0  (Gen:  0)
  1040880    100792 751611144  0.000  0.000   21.915   14.813    0    0  (Gen:  0)
  1040920     95464 751644816  0.000  0.000   21.917   14.814    0    0  (Gen:  0)
  1040864    101432 751693096  0.001  0.000   21.918   14.815    0    0  (Gen:  0)
  1041352    164976 751803000  0.001  0.000   21.920   14.816    0    0  (Gen:  0)
  1038168    275176 752021848  0.001  0.000   21.922   14.817    0    0  (Gen:  0)
  1036936    315240 752151312  0.001  0.001   21.924   14.818    0    0  (Gen:  0)
  1035288    247944 752285624  0.001  0.000   21.926   14.819    0    0  (Gen:  0)
  1035656    247136 752412648  0.001  0.000   21.928   14.820    0    0  (Gen:  0)
  1037672    302248 752589456  0.001  0.000   21.930   14.821    0    0  (Gen:  0)
  1039712    419552 752856128  0.002  0.001   21.934   14.823    0    0  (Gen:  0)
  1040792    451816 753082136  0.002  0.001   21.937   14.824    0    0  (Gen:  0)
  1040696    429800 753297368  0.002  0.001   21.940   14.826    0    0  (Gen:  0)
  1040784    440992 753517696  0.002  0.001   21.943   14.827    0    0  (Gen:  0)
  1043392    301048 753589920  0.001  0.000   21.946   14.828    0    0  (Gen:  0)
  1075472    307480 753860336  0.002  0.000   21.948   14.829    0    0  (Gen:  0)
  1081936     96272 753916152  0.001  0.000   21.950   14.830    0    0  (Gen:  0)
  2850432    657232 754611640  0.002  0.000   21.954   14.832    0    0  (Gen:  0)
  2862456    996184 755015424  0.002  0.001   21.959   14.833    0    0  (Gen:  0)
  2714488    910632 755543016  0.002  0.001   21.963   14.835    0    0  (Gen:  0)
  2449824    510352 755806320  0.002  0.001   21.968   14.836    0    0  (Gen:  0)
  2628192    506864 756108144  0.001  0.001   21.972   14.837    0    0  (Gen:  0)
  2372768    409392 756230376  0.002  0.000   21.978   14.839    0    0  (Gen:  0)
  2120992    321584 756410328  0.002  0.000   21.982   14.841    0    0  (Gen:  0)
  2387976    343192 756563192  0.001  0.000   21.988   14.843    0    0  (Gen:  0)
  2111536    213400 756618104  0.001  0.000   21.994   14.844    0    0  (Gen:  0)
  2109400    264320 756804184  0.001  0.000   21.998   14.846    0    0  (Gen:  0)
  1898032    406744 757047440  0.002  0.000   22.003   14.847    0    0  (Gen:  0)
  1792856    498432 757363408  0.002  0.001   22.007   14.849    0    0  (Gen:  0)
  2399472    455184 757546648  0.002  0.001   22.013   14.851    0    0  (Gen:  0)
  2400288    392360 757723544  0.002  0.001   22.018   14.852    0    0  (Gen:  0)
  2193816    516784 758041696  0.001  0.001   22.023   14.854    0    0  (Gen:  0)
  2280576    616344 758380568  0.002  0.001   22.028   14.855    0    0  (Gen:  0)
  2412904    554776 758610336  0.002  0.001   22.033   14.857    0    0  (Gen:  0)
  2782960    508480 758869904  0.002  0.001   22.039   14.859    0    0  (Gen:  0)
  2144864    406952 759039136  0.002  0.001   22.043   14.860    0    0  (Gen:  0)
  3039104    427272 759295728  0.002  0.001   22.049   14.862    0    0  (Gen:  0)
  2882424    489232 759549512  0.003  0.001   22.056   14.864    0    0  (Gen:  0)
  2654728    446168 759796896  0.002  0.001   22.061   14.866    0    0  (Gen:  0)
  3136328    445560 760039120  0.002  0.001   22.068   14.868    0    0  (Gen:  0)
  2626040    724552 760526416  0.003  0.001   22.074   14.870    0    0  (Gen:  0)
  2529816    860232 760986056  0.003  0.001   22.080   14.872    0    0  (Gen:  0)
  1999496    570376 761177264  0.002  0.001   22.085   14.873    0    0  (Gen:  0)
  1958928    537080 761536352  0.002  0.000   22.089   14.874    0    0  (Gen:  0)
  2180400    445992 761867088  0.001  0.001   22.093   14.875    0    0  (Gen:  0)
  2402032    407000 761990952  0.001  0.000   22.098   14.877    0    0  (Gen:  0)
  1805136    325496 762165248  0.001  0.000   22.102   14.879    0    0  (Gen:  0)
  1490696    379968 762379440  0.001  0.000   22.106   14.880    0    0  (Gen:  0)
  1597336    429616 762593640  0.002  0.001   22.112   14.883    0    0  (Gen:  0)
  1931704    458272 762846952  0.001  0.001   22.115   14.884    0    0  (Gen:  0)
  2067864    544256 763125296  0.002  0.001   22.121   14.886    0    0  (Gen:  0)
  1910192    511072 763407440  0.002  0.001   22.126   14.888    0    0  (Gen:  0)
  1564400    422072 763594112  0.002  0.001   22.130   14.890    0    0  (Gen:  0)
  1517992    394400 763808592  0.002  0.001   22.135   14.892    0    0  (Gen:  0)
  1700776    413232 764019312  0.001  0.000   22.139   14.894    0    0  (Gen:  0)
  1483384    446216 764265824  0.002  0.000   22.142   14.895    0    0  (Gen:  0)
  1435672    280760 764326944  0.001  0.000   22.144   14.896    0    0  (Gen:  0)
  2036704    414200 764590896  0.001  0.001   22.148   14.897    0    0  (Gen:  0)
  1991920    464704 764798384  0.002  0.001   22.152   14.899    0    0  (Gen:  0)
  1694816    479592 765080024  0.002  0.001   22.156   14.900    0    0  (Gen:  0)
  1422688    315880 765151088  0.001  0.000   22.159   14.901    0    0  (Gen:  0)
  1592336    318576 765298568  0.002  0.001   22.162   14.902    0    0  (Gen:  0)
  1564280    282496 765395160  0.001  0.000   22.166   14.904    0    0  (Gen:  0)
  1505920    322448 765632312  0.002  0.000   22.169   14.905    0    0  (Gen:  0)
  1339512    167856 765639960  0.001  0.000   22.171   14.906    0    0  (Gen:  0)
  1893184    222544 765761176  0.001  0.000   22.175   14.908    0    0  (Gen:  0)
  1199080    275328 765932208  0.001  0.000   22.177   14.909    0    0  (Gen:  0)
  1272008    174352 765931960  0.001  0.000   22.180   14.910    0    0  (Gen:  0)
  1990936    306104 766139256  0.001  0.000   22.183   14.911    0    0  (Gen:  0)
  1355504    261168 766199808  0.002  0.000   22.186   14.912    0    0  (Gen:  0)
  1160736    181112 766231936  0.001  0.000   22.188   14.913    0    0  (Gen:  0)
  1217520    154928 766267320  0.001  0.000   22.190   14.914    0    0  (Gen:  0)
  1273784    117720 766271440  0.001  0.000   22.193   14.915    0    0  (Gen:  0)
  1580288    178192 766387840  0.001  0.000   22.196   14.916    0    0  (Gen:  0)
  1387712    140224 766423856  0.001  0.000   22.198   14.917    0    0  (Gen:  0)
  1504968    204872 766559688  0.001  0.000   22.201   14.918    0    0  (Gen:  0)
  1308000    142776 766587248  0.001  0.000   22.204   14.920    0    0  (Gen:  0)
  1345328    136224 766654320  0.001  0.000   22.206   14.921    0    0  (Gen:  0)
  1388312    131344 766710152  0.001  0.000   22.209   14.922    0    0  (Gen:  0)
  1496632    236472 766875144  0.001  0.000   22.213   14.923    0    0  (Gen:  0)
  1235352    170808 766922736  0.001  0.000   22.215   14.924    0    0  (Gen:  0)
  1316592    141800 766971312  0.001  0.000   22.217   14.925    0    0  (Gen:  0)
  1332984    127536 767008992  0.001  0.000   22.219   14.926    0    0  (Gen:  0)
  1332400    112056 767048448  0.001  0.000   22.221   14.926    0    0  (Gen:  0)
  2068368    188328 767177936  0.001  0.000   22.224   14.928    0    0  (Gen:  0)
  1468272    215808 767260072  0.001  0.000   22.226   14.929    0    0  (Gen:  0)
  1745312    151120 767269168  0.000  0.000   22.227   14.929    0    0  (Gen:  0)
  2051520    164368 767343616  0.001  0.000   22.230   14.931    0    0  (Gen:  0)
  1778216    205576 767448952  0.001  0.000   22.233   14.932    0    0  (Gen:  0)
  1929944    165880 767503336  0.001  0.000   22.235   14.933    0    0  (Gen:  0)
  2041984    192344 767601808  0.001  0.000   22.238   14.934    0    0  (Gen:  0)
  1929512    181080 767679832  0.001  0.000   22.241   14.935    0    0  (Gen:  0)
  1804672    260328 767840280  0.001  0.000   22.244   14.936    0    0  (Gen:  0)
  1580232    282584 767944280  0.001  0.000   22.246   14.937    0    0  (Gen:  0)
  1766320    283968 768076008  0.001  0.000   22.249   14.938    0    0  (Gen:  0)
  2037584    260992 768117200  0.001  0.000   22.251   14.939    0    0  (Gen:  0)
  1802904    183528 768106112  0.001  0.000   22.253   14.940    0    0  (Gen:  0)
  1918888    171984 768172728  0.001  0.000   22.255   14.941    0    0  (Gen:  0)
  2044760    187904 768257688  0.001  0.000   22.258   14.942    0    0  (Gen:  0)
  2026272    206440 768359120  0.001  0.000   22.261   14.943    0    0  (Gen:  0)
  1969928    205688 768441600  0.001  0.000   22.264   14.944    0    0  (Gen:  0)
  1863736    196744 768528968  0.001  0.000   22.266   14.945    0    0  (Gen:  0)
  1778888    183448 768597328  0.001  0.000   22.269   14.947    0    0  (Gen:  0)
  1863352    230976 768725576  0.001  0.000   22.271   14.948    0    0  (Gen:  0)
  1596992    214040 768780480  0.001  0.000   22.273   14.948    0    0  (Gen:  0)
  1521296    212000 768857584  0.001  0.000   22.275   14.949    0    0  (Gen:  0)
  2024352    247696 769016832  0.001  0.000   22.278   14.951    0    0  (Gen:  0)
  1827736    309272 769253512  0.002  0.001   22.282   14.952    0    0  (Gen:  0)
  1694168    449704 769477760  0.003  0.001   22.286   14.953    0    0  (Gen:  0)
  1514512    381216 769641632  0.002  0.001   22.289   14.955    0    0  (Gen:  0)
  1787624    334776 769820024  0.002  0.001   22.292   14.956    0    0  (Gen:  0)
  1510904    285648 769947472  0.001  0.000   22.295   14.957    0    0  (Gen:  0)
  1330856    228800 770043952  0.001  0.000   22.297   14.957    0    0  (Gen:  0)
  1448624    240144 770178976  0.001  0.000   22.299   14.958    0    0  (Gen:  0)
  1495080    278024 770322088  0.002  0.000   22.302   14.959    0    0  (Gen:  0)
  1763496    374264 770544912  0.003  0.001   22.306   14.961    0    0  (Gen:  0)
  1958536    593672 770954960  0.003  0.001   22.311   14.962    0    0  (Gen:  0)
  1456920    475400 771227480  0.002  0.001   22.314   14.964    0    0  (Gen:  0)
  1660224    580520 771575912  0.002  0.001   22.318   14.965    0    0  (Gen:  0)
  1664080    716416 771950712  0.003  0.001   22.321   14.966    0    0  (Gen:  0)
  1834208    742344 772347600  0.002  0.001   22.325   14.968    0    0  (Gen:  0)
  2013592    729976 772697992  0.002  0.001   22.328   14.969    0    0  (Gen:  0)
  2065408    677552 773042352  0.002  0.001   22.331   14.970    0    0  (Gen:  0)
  1805472    581280 773292248  0.002  0.001   22.334   14.971    0    0  (Gen:  0)
  2519968    554512 773593328  0.001  0.001   22.338   14.972    0    0  (Gen:  0)
  1867048    650496 773944416  0.002  0.001   22.342   14.973    0    0  (Gen:  0)
  1870968    607360 774269224  0.002  0.001   22.345   14.975    0    0  (Gen:  0)
  2062328    576144 774725600  0.002  0.001   22.348   14.976    0    0  (Gen:  0)
  1932776    611304 775045768  0.003  0.001   22.353   14.978    0    0  (Gen:  0)
  1612264    444976 775249360  0.002  0.001   22.357   14.979    0    0  (Gen:  0)
  1608840    481232 775557392  0.002  0.001   22.361   14.981    0    0  (Gen:  0)
  1629776    607432 775917384  0.002  0.001   22.364   14.982    0    0  (Gen:  0)
  1785552    643808 776237224  0.002  0.001   22.368   14.983    0    0  (Gen:  0)
  2054016    648824 776575904  0.002  0.001   22.371   14.984    0    0  (Gen:  0)
  1743600    492448 776812160  0.002  0.001   22.376   14.986    0    0  (Gen:  0)
  1768424    366152 776957728  0.001  0.000   22.378   14.987    0    0  (Gen:  0)
  1548232    443680 777308904  0.002  0.001   22.381   14.988    0    0  (Gen:  0)
  1561048    303208 777529440  0.002  0.001   22.384   14.989    0    0  (Gen:  0)
  2069384    180304 777509696  0.001  0.000   22.388   14.990    0    0  (Gen:  0)
  2161976    105744 777663736  0.000  0.000   22.390   14.992    0    0  (Gen:  0)
  3000896    573080 778147464  0.002  0.001   22.395   14.993    0    0  (Gen:  0)
  2511168    576408 778315976  0.001  0.000   22.398   14.994    0    0  (Gen:  0)
  2745576    660584 778805224  0.002  0.001   22.403   14.996    0    0  (Gen:  0)
  2841208    286736 779039328  0.001  0.000   22.408   14.997    0    0  (Gen:  0)
  2969712    399968 779228624  0.002  0.001   22.413   14.999    0    0  (Gen:  0)
  2424416    249144 779291640  0.001  0.000   22.417   15.000    0    0  (Gen:  0)
  2331304     99168 779337592  0.001  0.000   22.420   15.001    0    0  (Gen:  0)
  2805184     84552 779387680  0.001  0.000   22.424   15.002    0    0  (Gen:  0)
  2491840    146744 779477168  0.001  0.000   22.428   15.004    0    0  (Gen:  0)
  2449528    262464 779654776  0.001  0.000   22.432   15.005    0    0  (Gen:  0)
  2354568    318376 779812216  0.003  0.001   22.437   15.007    0    0  (Gen:  0)
  2131856    254032 779933040  0.001  0.001   22.442   15.008    0    0  (Gen:  0)
  2193928    236232 780054408  0.001  0.001   22.446   15.010    0    0  (Gen:  0)
  2397872    318072 780252456  0.001  0.000   22.452   15.011    0    0  (Gen:  0)
  2064304    477696 780552856  0.003  0.001   22.457   15.013    0    0  (Gen:  0)
  1774184    561952 780843264  0.003  0.001   22.462   15.014    0    0  (Gen:  0)
  1685400    144656 780920904  0.001  0.000   22.465   15.015    0    0  (Gen:  0)
  2211872    242760 781072256  0.001  0.000   22.469   15.017    0    0  (Gen:  0)
  3006896    530896 781489408  0.002  0.001   22.475   15.019    0    0  (Gen:  0)
  2796520    700720 781827328  0.002  0.001   22.479   15.020    0    0  (Gen:  0)
  2307304    614488 782156176  0.002  0.001   22.484   15.022    0    0  (Gen:  0)
  2280368    640648 782483168  0.002  0.001   22.490   15.023    0    0  (Gen:  0)
  2206192    467992 782721192  0.002  0.001   22.495   15.025    0    0  (Gen:  0)
  2758424    491136 782997640  0.002  0.001   22.501   15.027    0    0  (Gen:  0)
  2893736    514488 783270040  0.002  0.001   22.507   15.029    0    0  (Gen:  0)
  2367472    313192 783319400  0.001  0.000   22.511   15.030    0    0  (Gen:  0)
  2633080    126680 783394144  0.001  0.000   22.516   15.032    0    0  (Gen:  0)
  2484072    152944 783477304  0.001  0.000   22.519   15.033    0    0  (Gen:  0)
  2804632    427824 783808840  0.002  0.001   22.525   15.034    0    0  (Gen:  0)
  2421144    640120 784166152  0.003  0.001   22.531   15.036    0    0  (Gen:  0)
  1879096    682200 784545288  0.003  0.001   22.536   15.038    0    0  (Gen:  0)
  1922672    239408 784689656  0.001  0.000   22.540   15.039    0    0  (Gen:  0)
  2847512    409632 784973648  0.002  0.001   22.545   15.041    0    0  (Gen:  0)
  2158464    472392 785198312  0.002  0.001   22.550   15.043    0    0  (Gen:  0)
  2059512    525472 785503728  0.002  0.001   22.555   15.045    0    0  (Gen:  0)
  1994240    507200 785719064  0.002  0.001   22.561   15.047    0    0  (Gen:  0)
  1936272    392216 785899624  0.001  0.001   22.564   15.048    0    0  (Gen:  0)
  2011032    409664 786139032  0.001  0.001   22.569   15.050    0    0  (Gen:  0)
  1930808    480920 786388968  0.002  0.001   22.573   15.052    0    0  (Gen:  0)
  2000016    506192 786657680  0.003  0.001   22.579   15.054    0    0  (Gen:  0)
  1749392    446160 786863696  0.002  0.001   22.584   15.056    0    0  (Gen:  0)
  1774072    424368 787096496  0.002  0.001   22.589   15.058    0    0  (Gen:  0)
  1766408    408216 787278360  0.003  0.001   22.594   15.060    0    0  (Gen:  0)
  1631016    358272 787451976  0.003  0.001   22.599   15.062    0    0  (Gen:  0)
  1953392    320640 787601248  0.002  0.001   22.604   15.064    0    0  (Gen:  0)
  1875456    297496 787743592  0.002  0.001   22.608   15.065    0    0  (Gen:  0)
  2001176    346776 787944400  0.002  0.001   22.613   15.067    0    0  (Gen:  0)
  1663176    460424 788224312  0.002  0.001   22.616   15.069    0    0  (Gen:  0)
  1565128    391736 788511056  0.001  0.001   22.620   15.070    0    0  (Gen:  0)
  1487144    440920 788701024  0.002  0.001   22.624   15.072    0    0  (Gen:  0)
  1610368    454760 788980168  0.002  0.001   22.628   15.073    0    0  (Gen:  0)
  1668960    470176 789237288  0.002  0.000   22.632   15.074    0    0  (Gen:  0)
  1637080    541632 789558984  0.002  0.001   22.636   15.076    0    0  (Gen:  0)
  1634728    344736 789652576  0.002  0.000   22.639   15.077    0    0  (Gen:  0)
  1782056    197776 789744840  0.001  0.000   22.642   15.078    0    0  (Gen:  0)
  1729040    326416 790036664  0.002  0.000   22.646   15.080    0    0  (Gen:  0)
  1472224    463456 790233024  0.001  0.001   22.650   15.082    0    0  (Gen:  0)
  1465520    367536 790435992  0.001  0.001   22.654   15.083    0    0  (Gen:  0)
  1526504    185048 790549560  0.001  0.000   22.658   15.085    0    0  (Gen:  0)
  1898744    215152 790657696  0.001  0.000   22.662   15.087    0    0  (Gen:  0)
  1734256    237248 790785032  0.001  0.000   22.665   15.088    0    0  (Gen:  0)
  1415760    368440 791021168  0.002  0.000   22.669   15.089    0    0  (Gen:  0)
  2369416    328560 791352104  0.001  0.000   22.673   15.091    0    0  (Gen:  0)
  2175520    708504 791794296  0.002  0.001   22.677   15.092    0    0  (Gen:  0)
  2118672    709288 792078360  0.002  0.001   22.681   15.094    0    0  (Gen:  0)
  1676992    422112 792315432  0.002  0.001   22.686   15.095    0    0  (Gen:  0)
  2334584    444776 792557696  0.002  0.001   22.691   15.097    0    0  (Gen:  0)
  2423352    377120 792753248  0.002  0.001   22.696   15.099    0    0  (Gen:  0)
  2246672    450232 793013304  0.002  0.001   22.702   15.100    0    0  (Gen:  0)
  2042008    398912 793178800  0.002  0.001   22.708   15.102    0    0  (Gen:  0)
  2297632    256832 793285472  0.001  0.000   22.713   15.104    0    0  (Gen:  0)
  2273376    267528 793445832  0.001  0.000   22.717   15.105    0    0  (Gen:  0)
  1827080    355032 793653528  0.001  0.000   22.721   15.107    0    0  (Gen:  0)
  2080984    231664 793792864  0.001  0.000   22.725   15.108    0    0  (Gen:  0)
  3285120    527464 794278976  0.003  0.001   22.732   15.110    0    0  (Gen:  0)
  2833304    850328 794675944  0.006  0.001   22.739   15.112    0    0  (Gen:  0)
  2772008    572768 794840224  0.003  0.001   22.745   15.114    0    0  (Gen:  0)
  3094664    376688 795049552  0.003  0.000   22.752   15.115    0    0  (Gen:  0)
  2418872    473272 795330968  0.004  0.001   22.757   15.117    0    0  (Gen:  0)
  3710816    353840 795554824  0.002  0.001   22.765   15.119    0    0  (Gen:  0)
  2357544    312928 795663712  0.002  0.001   22.770   15.121    0    0  (Gen:  0)
  2748640    307432 795859688  0.002  0.001   22.775   15.122    0    0  (Gen:  0)
  2078480    478000 796147752  0.003  0.001   22.780   15.124    0    0  (Gen:  0)
  2704224    300736 796352512  0.001  0.001   22.785   15.126    0    0  (Gen:  0)
  1917376    343912 796521168  0.002  0.001   22.789   15.127    0    0  (Gen:  0)
  1974704    314488 796652344  0.001  0.001   22.794   15.129    0    0  (Gen:  0)
  1662472    217864 796751752  0.001  0.000   22.798   15.131    0    0  (Gen:  0)
  1861920    138384 796795224  0.001  0.000   22.800   15.132    0    0  (Gen:  0)
  1808096    147440 796877704  0.001  0.000   22.803   15.133    0    0  (Gen:  0)
  1736728    204072 796988168  0.001  0.000   22.806   15.134    0    0  (Gen:  0)
  1932384    239152 797111176  0.001  0.000   22.811   15.136    0    0  (Gen:  0)
  1637392    270112 797259496  0.002  0.001   22.817   15.138    0    0  (Gen:  0)
  1796584    273176 797395536  0.002  0.001   22.820   15.140    0    0  (Gen:  0)
  1607808    226592 797488960  0.001  0.000   22.824   15.142    0    0  (Gen:  0)
  1633480    180120 797567104  0.001  0.000   22.828   15.143    0    0  (Gen:  0)
  1844976    217376 797688808  0.001  0.000   22.832   15.145    0    0  (Gen:  0)
  1659120    411392 798027552  0.001  0.000   22.835   15.146    0    0  (Gen:  0)
  1518512    576064 798337704  0.003  0.001   22.840   15.148    0    0  (Gen:  0)
  1508288    550640 798619072  0.003  0.001   22.846   15.150    0    0  (Gen:  0)
  1430976    485224 798856608  0.002  0.001   22.850   15.152    0    0  (Gen:  0)
  1610528    477152 799128672  0.002  0.001   22.855   15.153    0    0  (Gen:  0)
  1551352    521688 799409128  0.002  0.001   22.859   15.155    0    0  (Gen:  0)
  1584408    529232 799685176  0.002  0.001   22.863   15.156    0    0  (Gen:  0)
  1437880    454152 799880328  0.002  0.001   22.867   15.158    0    0  (Gen:  0)
  1411632    448248 800142704  0.002  0.001   22.870   15.159    0    0  (Gen:  0)
  1143528    467840 800362896  0.002  0.001   22.874   15.160    0    0  (Gen:  0)
  1240504    455544 800591712  0.002  0.001   22.878   15.162    0    0  (Gen:  0)
  1466296    508480 800872672  0.002  0.001   22.882   15.163    0    0  (Gen:  0)
  1250184    409512 801036664  0.002  0.001   22.886   15.165    0    0  (Gen:  0)
  1524952    314288 801208968  0.001  0.000   22.890   15.166    0    0  (Gen:  0)
  1338864    272624 801339056  0.001  0.001   22.894   15.168    0    0  (Gen:  0)
  1805512    195304 801503776  0.001  0.000   22.897   15.169    0    0  (Gen:  0)
  1468816    254408 801758680  0.002  0.000   22.900   15.170    0    0  (Gen:  0)
  3241248    649984 802381592  0.002  0.001   22.905   15.172    0    0  (Gen:  0)
  2866736    981184 802740080  0.004  0.001   22.910   15.173    0    0  (Gen:  0)
  2637888    773880 803134304  0.003  0.001   22.915   15.174    0    0  (Gen:  0)
  3595312    561160 803498872  0.002  0.001   22.922   15.176    0    0  (Gen:  0)
  3690928    342200 803611128  0.004  0.000   22.928   15.178    0    0  (Gen:  0)
  3598032    457424 803974792  0.003  0.001   22.935   15.180    0    0  (Gen:  0)
  3122688    751272 804390088  0.007  0.001   22.944   15.182    0    0  (Gen:  0)
  3324792    703744 804704952  0.005  0.001   22.951   15.184    0    0  (Gen:  0)
  2790680    622256 805072256  0.006  0.001   22.960   15.187    0    0  (Gen:  0)
  2359384    561872 805346256  0.004  0.001   22.966   15.188    0    0  (Gen:  0)
  3031776    717296 805808392  0.004  0.001   22.972   15.190    0    0  (Gen:  0)
  2636464    554312 806099696  0.004  0.001   22.977   15.191    0    0  (Gen:  0)
  3295632    637320 806631688  0.004  0.001   22.983   15.193    0    0  (Gen:  0)
  3366800    526840 806759448  0.005  0.001   22.990   15.195    0    0  (Gen:  0)
  2993888    711360 807310696  0.004  0.001   22.996   15.196    0    0  (Gen:  0)
  2651152    763544 807706216  0.004  0.001   23.002   15.198    0    0  (Gen:  0)
  3333216    678864 808262280  0.004  0.001   23.010   15.200    0    0  (Gen:  0)
  2870976    835720 808737552  0.004  0.001   23.015   15.202    0    0  (Gen:  0)
  2984096    796424 809109232  0.002  0.001   23.022   15.203    0    0  (Gen:  0)
  2665280    788736 809569312  0.005  0.001   23.028   15.205    0    0  (Gen:  0)
  2906552    509552 809874400  0.003  0.000   23.034   15.206    0    0  (Gen:  0)
  3208536    501520 810161936  0.003  0.001   23.040   15.208    0    0  (Gen:  0)
  3539432    689776 810671760  0.005  0.001   23.047   15.210    0    0  (Gen:  0)
  2785648    797544 811087448  0.002  0.001   23.053   15.212    0    0  (Gen:  0)
  3259080    798528 811530568  0.006  0.001   23.062   15.214    0    0  (Gen:  0)
  3055104    556856 811821504  0.004  0.001   23.068   15.216    0    0  (Gen:  0)
  3385800    648728 812183528  0.005  0.001   23.075   15.218    0    0  (Gen:  0)
  3196256    660064 812484008  0.003  0.001   23.082   15.220    0    0  (Gen:  0)
  3564432    585048 812786176  0.005  0.001   23.089   15.222    0    0  (Gen:  0)
  3373312    499336 812990472  0.002  0.001   23.096   15.223    0    0  (Gen:  0)
  3549576    388880 813166816  0.004  0.001   23.102   15.225    0    0  (Gen:  0)
  3533776    284392 813265776  0.004  0.001   23.109   15.227    0    0  (Gen:  0)
  3600032    303536 813469264  0.003  0.001   23.115   15.228    0    0  (Gen:  0)
  3467312    427440 813695952  0.006  0.001   23.123   15.230    0    0  (Gen:  0)
  3393080    423544 813909056  0.005  0.001   23.129   15.232    0    0  (Gen:  0)
  3116432    404792 814104968  0.005  0.001   23.137   15.234    0    0  (Gen:  0)
  3588496    532040 814514840  0.005  0.001   23.144   15.236    0    0  (Gen:  0)
  2995816    627504 814830400  0.003  0.001   23.151   15.238    0    0  (Gen:  0)
  3618624    645736 815221584  0.003  0.001   23.159   15.241    0    0  (Gen:  0)
  2923216    426464 815421920  0.005  0.001   23.167   15.243    0    0  (Gen:  0)
  3008240    544400 815764240  0.005  0.001   23.173   15.244    0    0  (Gen:  0)
  2761232    717272 816139720  0.005  0.001   23.179   15.246    0    0  (Gen:  0)
  3411016    593952 816488824  0.005  0.001   23.188   15.248    0    0  (Gen:  0)
  3824304    740600 816892448  0.005  0.001   23.197   15.251    0    0  (Gen:  0)
  3209032    746288 817252856  0.006  0.001   23.205   15.253    0    0  (Gen:  0)
  3016936    692920 817592424  0.005  0.001   23.215   15.256    0    0  (Gen:  0)
  2811408    646640 817906384  0.006  0.001   23.224   15.258    0    0  (Gen:  0)
  2499512    615960 818204912  0.004  0.001   23.230   15.260    0    0  (Gen:  0)
  2248296    630016 818537312  0.003  0.001   23.236   15.261    0    0  (Gen:  0)
  2237472    458408 818732960  0.004  0.000   23.241   15.263    0    0  (Gen:  0)
  3491872    585936 819130280  0.005  0.001   23.248   15.264    0    0  (Gen:  0)
  3247384    787264 819571904  0.004  0.001   23.255   15.266    0    0  (Gen:  0)
  2772008    853704 820043544  0.007  0.001   23.263   15.269    0    0  (Gen:  0)
  2492392    606056 820229112  0.004  0.001   23.267   15.270    0    0  (Gen:  0)
  3317536    746792 820697208  0.005  0.001   23.275   15.272    0    0  (Gen:  0)
  3096872    727304 821015808  0.004  0.001   23.280   15.273    0    0  (Gen:  0)
  2647040    626696 821428632  0.003  0.001   23.286   15.275    0    0  (Gen:  0)
  2925688    569320 821794384  0.002  0.001   23.291   15.276    0    0  (Gen:  0)
  3572216    538872 822095912  0.005  0.001   23.299   15.278    0    0  (Gen:  0)
  2979208    635488 822566960  0.004  0.001   23.306   15.280    0    0  (Gen:  0)
  2593760    696784 822872600  0.003  0.001   23.312   15.282    0    0  (Gen:  0)
  2501520    642928 823209592  0.003  0.001   23.318   15.283    0    0  (Gen:  0)
  2078112    488136 823363112  0.003  0.001   23.322   15.285    0    0  (Gen:  0)
  2114056    322064 823483000  0.003  0.001   23.327   15.286    0    0  (Gen:  0)
  2505280    342112 823641968  0.003  0.001   23.331   15.287    0    0  (Gen:  0)
  3530632    319256 823781768  0.004  0.000   23.336   15.288    0    0  (Gen:  0)
  3513720    489184 824091560  0.006  0.001   23.344   15.290    0    0  (Gen:  0)
  3145160    553848 824333160  0.005  0.001   23.350   15.292    0    0  (Gen:  0)
  2835720    452544 824534560  0.003  0.001   23.356   15.293    0    0  (Gen:  0)
  2455408    357472 824686008  0.003  0.000   23.361   15.295    0    0  (Gen:  0)
  2585408    274184 824799328  0.003  0.000   23.364   15.295    0    0  (Gen:  0)
  2212112    290464 824944776  0.002  0.000   23.367   15.296    0    0  (Gen:  0)
  3265976    377648 825162816  0.004  0.001   23.373   15.298    0    0  (Gen:  0)
  2455120    397728 825303920  0.002  0.000   23.377   15.299    0    0  (Gen:  0)
  2056224    312584 825402832  0.002  0.000   23.380   15.300    0    0  (Gen:  0)
  2195656    279240 825511416  0.003  0.000   23.385   15.301    0    0  (Gen:  0)
  3410800    219728 825610680  0.004  0.000   23.390   15.302    0    0  (Gen:  0)
  3402992    445520 826008328  0.003  0.001   23.395   15.304    0    0  (Gen:  0)
  3460736    747592 826456480  0.005  0.001   23.403   15.306    0    0  (Gen:  0)
  2841008    597208 826758688  0.003  0.001   23.408   15.307    0    0  (Gen:  0)
  2917304    475304 827046008  0.004  0.001   23.413   15.309    0    0  (Gen:  0)
  2333096    562368 827359616  0.002  0.001   23.417   15.310    0    0  (Gen:  0)
  2990456    723176 827744472  0.002  0.001   23.421   15.311    0    0  (Gen:  0)
  3398416    856416 828178136  0.003  0.001   23.426   15.312    0    0  (Gen:  0)
  3536064    755704 828641824  0.004  0.001   23.433   15.314    0    0  (Gen:  0)
  2351064    795712 829103520  0.004  0.001   23.439   15.316    0    0  (Gen:  0)
  3012128    511960 829523888  0.004  0.001   23.445   15.317    0    0  (Gen:  0)
  2509784    800568 829921752  0.004  0.001   23.451   15.319    0    0  (Gen:  0)
  2676944    743560 830329504  0.003  0.001   23.455   15.320    0    0  (Gen:  0)
  2880288    797208 830735064  0.004  0.001   23.461   15.322    0    0  (Gen:  0)
  2740664    737440 831079080  0.004  0.001   23.466   15.323    0    0  (Gen:  0)
  2494064    618048 831378448  0.003  0.001   23.470   15.324    0    0  (Gen:  0)
  2511416    570960 831658432  0.003  0.001   23.475   15.326    0    0  (Gen:  0)
  2360272    542960 831924568  0.003  0.001   23.480   15.327    0    0  (Gen:  0)
  2950272    579208 832252808  0.004  0.001   23.486   15.329    0    0  (Gen:  0)
  2683160    647824 832678624  0.003  0.001   23.493   15.330    0    0  (Gen:  0)
  2494424    619632 833009880  0.003  0.001   23.499   15.332    0    0  (Gen:  0)
  2336448    648192 833336592  0.003  0.001   23.503   15.333    0    0  (Gen:  0)
  2435072    670168 833679024  0.004  0.001   23.510   15.335    0    0  (Gen:  0)
  2281736    642864 833981376  0.004  0.001   23.514   15.336    0    0  (Gen:  0)
  2332792    624176 834299792  0.003  0.001   23.519   15.337    0    0  (Gen:  0)
  2777720    509976 834492320  0.004  0.001   23.524   15.339    0    0  (Gen:  0)
  2649360    422200 834726584  0.004  0.001   23.530   15.340    0    0  (Gen:  0)
  3074448    331784 835007008  0.004  0.001   23.535   15.342    0    0  (Gen:  0)
  3027664    322864 835090960  0.003  0.001   23.541   15.343    0    0  (Gen:  0)
  3801872    436328 835396224  0.006  0.001   23.548   15.345    0    0  (Gen:  0)
  2658440    564296 835651208  0.004  0.001   23.554   15.347    0    0  (Gen:  0)
  3704680    590672 835974288  0.005  0.001   23.563   15.349    0    0  (Gen:  0)
  2582848    507136 836195288  0.005  0.001   23.569   15.350    0    0  (Gen:  0)
  3224664    364184 836454776  0.001  0.000   23.575   15.352    0    0  (Gen:  0)
  2237688    551464 836800904  0.002  0.001   23.580   15.354    0    0  (Gen:  0)
  1779712    525344 837044192  0.002  0.000   23.585   15.355    0    0  (Gen:  0)
  2575040    265216 837230776  0.001  0.000   23.589   15.357    0    0  (Gen:  0)
  3298648    638656 837732456  0.004  0.001   23.596   15.358    0    0  (Gen:  0)
  3341088    927752 838180280  0.005  0.001   23.602   15.360    0    0  (Gen:  0)
  2565640    633744 838352752  0.004  0.001   23.608   15.362    0    0  (Gen:  0)
  2746048    547320 838663256  0.002  0.001   23.614   15.363    0    0  (Gen:  0)
  2652808    553632 839002880  0.005  0.001   23.620   15.365    0    0  (Gen:  0)
  3317568    471760 839249968  0.005  0.001   23.626   15.367    0    0  (Gen:  0)
  3630544    455880 839489952  0.004  0.001   23.632   15.368    0    0  (Gen:  0)
  3220576    502792 839736656  0.002  0.001   23.638   15.370    0    0  (Gen:  0)
  3382112    496616 840073168  0.003  0.001   23.644   15.372    0    0  (Gen:  0)
  3067392    798608 840581768  0.006  0.001   23.651   15.373    0    0  (Gen:  0)
  3025128    685000 841000808  0.006  0.001   23.658   15.375    0    0  (Gen:  0)
  3106008    282864 841163544  0.003  0.000   23.662   15.377    0    0  (Gen:  0)
  3283136    552312 841574960  0.004  0.001   23.668   15.378    0    0  (Gen:  0)
  2805504    671560 841852472  0.003  0.001   23.673   15.380    0    0  (Gen:  0)
  2531256    617392 842182832  0.004  0.001   23.679   15.381    0    0  (Gen:  0)
  3303672    831832 842748968  0.006  0.001   23.687   15.384    0    0  (Gen:  0)
  2826568    761704 843143192  0.005  0.001   23.695   15.386    0    0  (Gen:  0)
  2838816    607384 843498184  0.003  0.001   23.702   15.388    0    0  (Gen:  0)
  2819728    878456 844050880  0.005  0.001   23.708   15.389    0    0  (Gen:  0)
  2549720    934840 844523976  0.006  0.001   23.716   15.391    0    0  (Gen:  0)
  2725992    818608 844931840  0.004  0.001   23.721   15.393    0    0  (Gen:  0)
  2659280    564976 845200696  0.003  0.000   23.726   15.394    0    0  (Gen:  0)
  3277896    646176 845665216  0.004  0.001   23.732   15.396    0    0  (Gen:  0)
  2570488    654688 846085224  0.004  0.001   23.738   15.397    0    0  (Gen:  0)
  2968680    448184 846349184  0.004  0.001   23.745   15.399    0    0  (Gen:  0)
  3647408    512256 846646104  0.004  0.001   23.752   15.401    0    0  (Gen:  0)
  3789216    712072 847148728  0.005  0.001   23.759   15.403    0    0  (Gen:  0)
  3015480    753800 847515944  0.004  0.001   23.764   15.404    0    0  (Gen:  0)
  2640016    729480 847880592  0.004  0.000   23.770   15.405    0    0  (Gen:  0)
  3324296    511432 848226880  0.004  0.001   23.776   15.407    0    0  (Gen:  0)
  3631960    660600 848565192  0.005  0.001   23.782   15.409    0    0  (Gen:  0)
  3441392    498608 848729672  0.006  0.001   23.791   15.411    0    0  (Gen:  0)
  3634408    384304 848944888  0.005  0.001   23.798   15.413    0    0  (Gen:  0)
  3308184    653888 849412152  0.006  0.001   23.805   15.415    0    0  (Gen:  0)
  3021024    880360 849871040  0.007  0.001   23.813   15.417    0    0  (Gen:  0)
  2883768    843056 850306144  0.007  0.001   23.821   15.419    0    0  (Gen:  0)
  2593560    774864 850696880  0.006  0.001   23.828   15.421    0    0  (Gen:  0)
  2910376    647424 851040808  0.005  0.001   23.835   15.423    0    0  (Gen:  0)
  2221144    585616 851453688  0.004  0.001   23.839   15.424    0    0  (Gen:  0)
  3355640    440328 851733648  0.005  0.000   23.846   15.426    0    0  (Gen:  0)
  2952824    563160 852093488  0.002  0.001   23.852   15.427    0    0  (Gen:  0)
  3545944   1102080 852874360  0.008  0.002   23.862   15.430    0    0  (Gen:  0)
  3266456   1237088 853416112  0.004  0.001   23.869   15.432    0    0  (Gen:  0)
  3570952    965480 854132024  0.003  0.001   23.874   15.433    0    0  (Gen:  0)
  3441360    755376 854461168  0.003  0.001   23.881   15.435    0    0  (Gen:  0)
  1815648    644184 854810360  0.003  0.001   23.886   15.437    0    0  (Gen:  0)
  1404488    702440 855212504  0.003  0.001   23.891   15.439    0    0  (Gen:  0)
  1752520    301792 855465120  0.001  0.000   23.894   15.440    0    0  (Gen:  0)
  1892800    446824 855702760  0.002  0.001   23.898   15.442    0    0  (Gen:  0)
  1687488    445144 855925784  0.002  0.001   23.903   15.443    0    0  (Gen:  0)
  1710992    408360 856158848  0.002  0.001   23.906   15.445    0    0  (Gen:  0)
  1815904    352720 856327952  0.002  0.000   23.910   15.446    0    0  (Gen:  0)
  2081976    472416 856629648  0.002  0.001   23.914   15.448    0    0  (Gen:  0)
  1950208    469752 856847984  0.002  0.001   23.918   15.450    0    0  (Gen:  0)
  1880928    406768 857048080  0.002  0.001   23.923   15.451    0    0  (Gen:  0)
  1627032    364592 857215304  0.002  0.001   23.928   15.453    0    0  (Gen:  0)
  1632288    313904 857363640  0.002  0.001   23.932   15.455    0    0  (Gen:  0)
  2003080    294512 857551648  0.002  0.001   23.936   15.457    0    0  (Gen:  0)
  1696648    301224 857701840  0.002  0.001   23.940   15.458    0    0  (Gen:  0)
  1822888    295144 857838992  0.002  0.001   23.944   15.460    0    0  (Gen:  0)
  1972808    288176 858024808  0.002  0.000   23.949   15.462    0    0  (Gen:  0)
  1859624    323872 858207768  0.002  0.001   23.953   15.463    0    0  (Gen:  0)
  1711088    302176 858336184  0.002  0.001   23.958   15.465    0    0  (Gen:  0)
  1951072    321752 858563464  0.001  0.001   23.962   15.467    0    0  (Gen:  0)
  1657192    391896 858733144  0.001  0.001   23.966   15.469    0    0  (Gen:  0)
  1746784    345992 858895896  0.001  0.001   23.971   15.471    0    0  (Gen:  0)
  1828568    279728 859029904  0.002  0.001   23.976   15.473    0    0  (Gen:  0)
  1403456    285032 859179848  0.002  0.001   23.980   15.475    0    0  (Gen:  0)
  1502184    232008 859301384  0.002  0.001   23.985   15.477    0    0  (Gen:  0)
  2035432    313576 859526224  0.002  0.001   23.989   15.478    0    0  (Gen:  0)
  1412456    451672 859757336  0.002  0.001   23.993   15.480    0    0  (Gen:  0)
  1385872    394808 859978344  0.002  0.001   23.996   15.481    0    0  (Gen:  0)
  1506304    343888 860094784  0.002  0.001   23.999   15.482    0    0  (Gen:  0)
  1737808    367936 860327072  0.002  0.000   24.003   15.483    0    0  (Gen:  0)
  1800584    326680 860452160  0.001  0.000   24.006   15.485    0    0  (Gen:  0)
  1893128    329736 860668312  0.001  0.000   24.010   15.487    0    0  (Gen:  0)
  1468024    359968 860892792  0.002  0.000   24.013   15.488    0    0  (Gen:  0)
  1384032    444672 861110744  0.002  0.001   24.016   15.489    0    0  (Gen:  0)
  1377936    303504 861190928  0.002  0.000   24.019   15.490    0    0  (Gen:  0)
  1594856    324104 861403384  0.002  0.000   24.023   15.491    0    0  (Gen:  0)
  1926504    350112 861605048  0.001  0.000   24.026   15.493    0    0  (Gen:  0)
  1732816    345704 861796640  0.002  0.001   24.031   15.494    0    0  (Gen:  0)
  1440168    345584 862005704  0.002  0.000   24.034   15.496    0    0  (Gen:  0)
  1357080    224344 862015880  0.001  0.000   24.036   15.497    0    0  (Gen:  0)
  1375360    338688 862226112  0.002  0.001   24.039   15.498    0    0  (Gen:  0)
  1398176    294160 862307312  0.001  0.000   24.041   15.499    0    0  (Gen:  0)
  1392568    201176 862335896  0.001  0.000   24.043   15.499    0    0  (Gen:  0)
  1401304    223048 862453280  0.001  0.000   24.045   15.500    0    0  (Gen:  0)
  1664464    224760 862547520  0.001  0.000   24.048   15.502    0    0  (Gen:  0)
  1780680    178040 862608384  0.001  0.000   24.052   15.503    0    0  (Gen:  0)
  1619544    191120 862731424  0.001  0.000   24.055   15.504    0    0  (Gen:  0)
  1607536    207024 862846280  0.001  0.000   24.057   15.505    0    0  (Gen:  0)
  1533360    201120 862938712  0.001  0.000   24.060   15.507    0    0  (Gen:  0)
  1382112    217440 863050120  0.001  0.000   24.062   15.507    0    0  (Gen:  0)
  1701904    199672 863135800  0.001  0.000   24.065   15.509    0    0  (Gen:  0)
  1667456    222400 863239304  0.001  0.000   24.068   15.510    0    0  (Gen:  0)
  1531032    202480 863335536  0.001  0.000   24.071   15.511    0    0  (Gen:  0)
  1600008    226696 863453776  0.001  0.000   24.074   15.512    0    0  (Gen:  0)
  1625312    223144 863548240  0.001  0.000   24.077   15.514    0    0  (Gen:  0)
  1807272    370112 863804360  0.001  0.001   24.081   15.515    0    0  (Gen:  0)
  1389464    389776 864038064  0.001  0.001   24.084   15.516    0    0  (Gen:  0)
  1459568    304656 864107488  0.001  0.000   24.087   15.517    0    0  (Gen:  0)
  1215296    187544 864116768  0.001  0.000   24.089   15.518    0    0  (Gen:  0)
  1192672    256376 864293064  0.001  0.000   24.091   15.519    0    0  (Gen:  0)
  1231816    176880 864286632  0.001  0.000   24.093   15.520    0    0  (Gen:  0)
  1263064    128192 864304688  0.001  0.000   24.095   15.520    0    0  (Gen:  0)
  1608224    142576 864383168  0.001  0.000   24.098   15.522    0    0  (Gen:  0)
  1458560    148528 864446280  0.001  0.000   24.101   15.523    0    0  (Gen:  0)
  1514880    159224 864527512  0.001  0.000   24.104   15.524    0    0  (Gen:  0)
  2135288    138944 864577896  0.001  0.000   24.107   15.525    0    0  (Gen:  0)
  1576688    163128 864666136  0.001  0.000   24.109   15.526    0    0  (Gen:  0)
  1343096    163952 864729840  0.001  0.000   24.111   15.527    0    0  (Gen:  0)
  2045296    117424 864758744  0.001  0.000   24.114   15.528    0    0  (Gen:  0)
  1463336    124320 864855504  0.001  0.000   24.117   15.530    0    0  (Gen:  0)
  1330488    137968 864917704  0.001  0.000   24.119   15.531    0    0  (Gen:  0)
  1944488    343688 865191616  0.002  0.000   24.122   15.532    0    0  (Gen:  0)
  1969136    228136 865355032  0.001  0.000   24.125   15.533    0    0  (Gen:  0)
  1807568    521672 865734472  0.002  0.001   24.128   15.534    0    0  (Gen:  0)
  1851464    583864 866061920  0.002  0.001   24.133   15.536    0    0  (Gen:  0)
  2023472    567824 866484992  0.002  0.001   24.138   15.538    0    0  (Gen:  0)
  2010944    782304 866936792  0.004  0.001   24.144   15.540    0    0  (Gen:  0)
  2053800    840824 867408960  0.003  0.001   24.149   15.542    0    0  (Gen:  0)
  1904896    896664 867925808  0.003  0.001   24.154   15.544    0    0  (Gen:  0)
  1952336    738544 868251600  0.002  0.001   24.159   15.545    0    0  (Gen:  0)
  1804016    499560 868498704  0.002  0.001   24.163   15.547    0    0  (Gen:  0)
  1998528    628528 868919752  0.002  0.001   24.168   15.548    0    0  (Gen:  0)
  1715248    455304 869225280  0.001  0.000   24.170   15.549    0    0  (Gen:  0)
  1460920    365616 869404848  0.001  0.000   24.173   15.550    0    0  (Gen:  0)
  1315504    354920 869623896  0.001  0.000   24.175   15.551    0    0  (Gen:  0)
  1550328    270568 869764296  0.001  0.000   24.178   15.552    0    0  (Gen:  0)
  1372752    209776 869844856  0.001  0.000   24.180   15.553    0    0  (Gen:  0)
  1034872    167704 869926280  0.001  0.000   24.182   15.554    0    0  (Gen:  0)
  1036312    192224 870032456  0.001  0.000   24.183   15.555    0    0  (Gen:  0)
  1037520    204024 870131608  0.001  0.000   24.185   15.555    0    0  (Gen:  0)
  1037048    205552 870238632  0.001  0.000   24.187   15.556    0    0  (Gen:  0)
  1040720    310536 870443328  0.001  0.001   24.189   15.557    0    0  (Gen:  0)
  1041280    426872 870667976  0.002  0.001   24.192   15.558    0    0  (Gen:  0)
  1041176    450328 870889648  0.002  0.001   24.194   15.560    0    0  (Gen:  0)
  1041008    448376 871112720  0.002  0.001   24.197   15.561    0    0  (Gen:  0)
  1040320    438488 871324376  0.002  0.000   24.200   15.562    0    0  (Gen:  0)
  1041256    436944 871548920  0.001  0.001   24.202   15.563    0    0  (Gen:  0)
  1040392    450600 871771072  0.002  0.001   24.205   15.564    0    0  (Gen:  0)
  1040672    448712 871993840  0.002  0.001   24.208   15.566    0    0  (Gen:  0)
  1041720    466472 872233832  0.002  0.001   24.211   15.567    0    0  (Gen:  0)
  1074808    281688 872272368  0.001  0.000   24.213   15.568    0    0  (Gen:  0)
  1042192    266408 872430752  0.002  0.000   24.216   15.569    0    0  (Gen:  0)
  1041040    279776 872703784  0.001  0.000   24.217   15.570    0    0  (Gen:  0)
  1038040    256840 872880456  0.001  0.001   24.220   15.571    0    0  (Gen:  0)
  1015080    316016 873006896  0.002  0.001   24.222   15.572    0    0  (Gen:  0)
  1266456     67288 873053440  0.001  0.000   24.225   15.574    0    0  (Gen:  0)
  1141040    171384 873232576  0.001  0.000   24.227   15.576    0    0  (Gen:  0)
  1041704    371704 873453224  0.002  0.001   24.230   15.577    0    0  (Gen:  0)
  1032488    388496 873645536  0.002  0.001   24.233   15.578    0    0  (Gen:  0)
  1032200    145328 873733456  0.001  0.000   24.235   15.580    0    0  (Gen:  0)
  1031288    157120 873817440  0.001  0.000   24.238   15.581    0    0  (Gen:  0)
  1035904    205584 873949488  0.002  0.001   24.242   15.584    0    0  (Gen:  0)
  1035248    263024 874087720  0.002  0.001   24.245   15.585    0    0  (Gen:  0)
  1029336    246880 874198552  0.002  0.001   24.249   15.587    0    0  (Gen:  0)
  1039656    154016 874245424  0.001  0.000   24.251   15.589    0    0  (Gen:  0)
  1039656    269456 874467544  0.002  0.001   24.254   15.591    0    0  (Gen:  0)
  1042088    363024 874647768  0.003  0.001   24.258   15.592    0    0  (Gen:  0)
  1030432    235024 874811512  0.002  0.000   24.260   15.593    0    0  (Gen:  0)
  1722512    304776 875103264  0.002  0.000   24.263   15.596    0    0  (Gen:  0)
  1042488    496616 875332400  0.002  0.001   24.266   15.597    0    0  (Gen:  0)
  1031384    362592 875492544  0.001  0.001   24.268   15.599    0    0  (Gen:  0)
  1027744    204216 875607328  0.002  0.000   24.271   15.600    0    0  (Gen:  0)
  1026608    189704 875696768  0.002  0.000   24.274   15.602    0    0  (Gen:  0)
  1035408    116200 875735952  0.001  0.000   24.277   15.603    0    0  (Gen:  0)
  1035304     43232 875753416  0.000  0.000   24.278   15.605    0    0  (Gen:  0)
  1037560    118520 875859024  0.001  0.000   24.281   15.606    0    0  (Gen:  0)
  1036272    224448 875981512  0.002  0.001   24.284   15.608    0    0  (Gen:  0)
  1035776    251104 876115048  0.002  0.001   24.288   15.610    0    0  (Gen:  0)
  1036648    233280 876220280  0.002  0.001   24.292   15.612    0    0  (Gen:  0)
  1037248    228096 876342024  0.002  0.001   24.295   15.614    0    0  (Gen:  0)
  1031528    262488 876486080  0.002  0.001   24.299   15.616    0    0  (Gen:  0)
  1038760    191112 876542784  0.002  0.001   24.302   15.619    0    0  (Gen:  0)
  1036112     89328 876580680  0.001  0.000   24.305   15.621    0    0  (Gen:  0)
  1039368    292704 876829416  0.003  0.001   24.309   15.623    0    0  (Gen:  0)
  1040344    416344 877044800  0.004  0.001   24.313   15.624    0    0  (Gen:  0)
  1041560    375256 877253432  0.003  0.001   24.317   15.626    0    0  (Gen:  0)
  1616696    104496 877336680  0.001  0.000   24.319   15.627    0    0  (Gen:  0)
  1559264    314168 877628416  0.002  0.000   24.322   15.629    0    0  (Gen:  0)
  1030032    406336 877774488  0.002  0.001   24.325   15.630    0    0  (Gen:  0)
  1032416    223464 877843728  0.001  0.000   24.327   15.632    0    0  (Gen:  0)
  1041960    165776 877931072  0.001  0.000   24.330   15.633    0    0  (Gen:  0)
  1071384    272648 878092992  0.002  0.001   24.332   15.635    0    0  (Gen:  0)
  2712424    469360 878591760  0.002  0.001   24.336   15.637    0    0  (Gen:  0)
  1826120    812024 878979336  0.003  0.001   24.340   15.638    0    0  (Gen:  0)
  1606144    519712 879109952  0.001  0.000   24.343   15.639    0    0  (Gen:  0)
  1622224    429120 879386704  0.002  0.001   24.348   15.641    0    0  (Gen:  0)
  1410272    497672 879705496  0.003  0.001   24.352   15.642    0    0  (Gen:  0)
  1425200    276496 879876416  0.002  0.000   24.355   15.644    0    0  (Gen:  0)
  1769648    465168 880178512  0.001  0.001   24.358   15.645    0    0  (Gen:  0)
  1801368    418688 880456480  0.002  0.001   24.362   15.646    0    0  (Gen:  0)
  1353624    299832 880551240  0.002  0.000   24.364   15.647    0    0  (Gen:  0)
  1021400    196080 880675568  0.001  0.000   24.367   15.649    0    0  (Gen:  0)
  1034136    217416 880784984  0.002  0.000   24.369   15.650    0    0  (Gen:  0)
  1034152    207960 880910528  0.002  0.000   24.372   15.652    0    0  (Gen:  0)
  1030160    222664 881033968  0.002  0.001   24.375   15.653    0    0  (Gen:  0)
  1030896    233976 881167376  0.002  0.001   24.378   15.654    0    0  (Gen:  0)
  1025272    238336 881301944  0.002  0.001   24.380   15.656    0    0  (Gen:  0)
  1029976    233040 881432584  0.002  0.001   24.383   15.657    0    0  (Gen:  0)
  1029240    240224 881572032  0.002  0.001   24.386   15.659    0    0  (Gen:  0)
  1026800    242256 881697016  0.002  0.001   24.389   15.660    0    0  (Gen:  0)
  1026728    224496 881818304  0.002  0.001   24.391   15.662    0    0  (Gen:  0)
  1032960    196136 881912392  0.002  0.000   24.394   15.663    0    0  (Gen:  0)
  1030760    101384 881953592  0.001  0.000   24.396   15.665    0    0  (Gen:  0)
  1029616    145248 882060112  0.001  0.000   24.398   15.666    0    0  (Gen:  0)
  1036624    181640 882109048  0.001  0.000   24.400   15.667    0    0  (Gen:  0)
  1032312    175336 882189880  0.001  0.000   24.403   15.669    0    0  (Gen:  0)
  1034448    135288 882254808  0.001  0.000   24.406   15.670    0    0  (Gen:  0)
  1034120    149024 882337672  0.001  0.000   24.408   15.672    0    0  (Gen:  0)
  1033352    157712 882418104  0.001  0.000   24.410   15.673    0    0  (Gen:  0)
  1032640    142312 882471776  0.001  0.000   24.413   15.675    0    0  (Gen:  0)
  1032640    144024 882544328  0.001  0.000   24.415   15.676    0    0  (Gen:  0)
  1035728    142224 882609968  0.001  0.000   24.418   15.678    0    0  (Gen:  0)
  1028760    217488 882757872  0.002  0.001   24.421   15.680    0    0  (Gen:  0)
  1073704    173480 882861624  0.001  0.000   24.425   15.683    0    0  (Gen:  0)
  1039832     27400 882852688  0.000  0.000   24.428   15.686    0    0  (Gen:  0)
  1039072     20776 882865592  0.000  0.000   24.432   15.689    0    0  (Gen:  0)
  1038856     41376 882896632  0.000  0.000   24.435   15.692    0    0  (Gen:  0)
  1038464    197464 883070080  0.001  0.000   24.437   15.693    0    0  (Gen:  0)
  1039016    260480 883225920  0.002  0.001   24.439   15.694    0    0  (Gen:  0)
  1030512    367152 883423480  0.002  0.001   24.442   15.695    0    0  (Gen:  0)
  1036920    328432 883525568  0.002  0.001   24.445   15.697    0    0  (Gen:  0)
  1072184    262424 883727408  0.002  0.001   24.448   15.698    0    0  (Gen:  0)
  1036792    265512 883864984  0.002  0.001   24.451   15.700    0    0  (Gen:  0)
  1031616    207568 883973880  0.002  0.000   24.453   15.701    0    0  (Gen:  0)
  1035616    156248 884060520  0.001  0.000   24.455   15.702    0    0  (Gen:  0)
  1035648    106456 884107688  0.001  0.000   24.458   15.705    0    0  (Gen:  0)
  1034944     43352 884123168  0.000  0.000   24.460   15.706    0    0  (Gen:  0)
  1035832     29064 884136800  0.000  0.000   24.461   15.707    0    0  (Gen:  0)
  1036376     34912 884156832  0.000  0.000   24.463   15.708    0    0  (Gen:  0)
  1034616     60688 884200304  0.001  0.000   24.465   15.710    0    0  (Gen:  0)
  1031840    158008 884315496  0.001  0.000   24.467   15.711    0    0  (Gen:  0)
  1036416    226104 884425184  0.002  0.001   24.471   15.714    0    0  (Gen:  0)
  1038144    229144 884544872  0.002  0.001   24.474   15.715    0    0  (Gen:  0)
  1037064    229832 884651464  0.002  0.001   24.478   15.717    0    0  (Gen:  0)
  1035088    241072 884782768  0.002  0.001   24.482   15.719    0    0  (Gen:  0)
  1035176    268216 884919360  0.002  0.001   24.485   15.721    0    0  (Gen:  0)
  1038168    257288 885038528  0.002  0.001   24.489   15.723    0    0  (Gen:  0)
  1038208    219568 885146048  0.002  0.001   24.492   15.725    0    0  (Gen:  0)
  1036144    215944 885258152  0.002  0.001   24.495   15.727    0    0  (Gen:  0)
  1035584    233928 885383456  0.002  0.001   24.499   15.729    0    0  (Gen:  0)
  1037704    237400 885500264  0.002  0.001   24.502   15.731    0    0  (Gen:  0)
  1036272    215552 885602648  0.002  0.001   24.505   15.732    0    0  (Gen:  0)
  1632040    215576 885712872  0.002  0.001   24.509   15.734    0    0  (Gen:  0)
  1037592    221072 885825976  0.002  0.001   24.512   15.736    0    0  (Gen:  0)
  1085552    220064 885967544  0.001  0.001   24.515   15.738    0    0  (Gen:  0)
  1036864    216600 886073336  0.001  0.001   24.518   15.739    0    0  (Gen:  0)
  1036488    219576 886186536  0.001  0.001   24.521   15.741    0    0  (Gen:  0)
  1038280    225264 886302656  0.001  0.001   24.524   15.743    0    0  (Gen:  0)
  1037048    222488 886410896  0.001  0.001   24.527   15.745    0    0  (Gen:  0)
  1036328    224240 886529976  0.001  0.001   24.530   15.746    0    0  (Gen:  0)
  1037184    236808 886648040  0.001  0.001   24.533   15.748    0    0  (Gen:  0)
  1072440    230984 886797904  0.001  0.001   24.536   15.750    0    0  (Gen:  0)
  1036352    231128 886912088  0.001  0.001   24.540   15.752    0    0  (Gen:  0)
  1037456    227160 887023736  0.001  0.001   24.543   15.753    0    0  (Gen:  0)
  1036680    223504 887134520  0.001  0.001   24.546   15.755    0    0  (Gen:  0)
  1036736    222240 887242512  0.001  0.001   24.549   15.757    0    0  (Gen:  0)
  1036344    217000 887354952  0.001  0.001   24.552   15.758    0    0  (Gen:  0)
  1036856    221288 887467000  0.001  0.001   24.555   15.760    0    0  (Gen:  0)
  1035448    243520 887597080  0.001  0.001   24.558   15.762    0    0  (Gen:  0)
  1036560    234096 887718296  0.001  0.001   24.562   15.764    0    0  (Gen:  0)
  1037496    232368 887830456  0.001  0.001   24.565   15.765    0    0  (Gen:  0)
  1036440    220744 887942184  0.001  0.001   24.568   15.767    0    0  (Gen:  0)
  1033704    251128 888076736  0.001  0.001   24.571   15.769    0    0  (Gen:  0)
  1038392    273296 888225144  0.001  0.000   24.574   15.771    0    0  (Gen:  0)
  1039312    270400 888349680  0.002  0.001   24.577   15.772    0    0  (Gen:  0)
  1040464    261880 888484784  0.001  0.001   24.580   15.774    0    0  (Gen:  0)
  1039016    259840 888608704  0.001  0.001   24.583   15.775    0    0  (Gen:  0)
  1039912    255704 888741784  0.001  0.001   24.586   15.777    0    0  (Gen:  0)
  1042136    275944 888889120  0.001  0.000   24.588   15.778    0    0  (Gen:  0)
  1038480    262328 888997800  0.001  0.000   24.591   15.780    0    0  (Gen:  0)
  1038504    194776 889088680  0.001  0.000   24.594   15.781    0    0  (Gen:  0)
  1038648    180216 889180328  0.001  0.000   24.597   15.783    0    0  (Gen:  0)
  1069544    179272 889303552  0.001  0.000   24.599   15.785    0    0  (Gen:  0)
  1033008    248400 889430888  0.001  0.000   24.602   15.786    0    0  (Gen:  0)
  1035464    269784 889554872  0.001  0.001   24.605   15.788    0    0  (Gen:  0)
  1035136    238696 889678032  0.001  0.001   24.608   15.791    0    0  (Gen:  0)
  1034872    239616 889802592  0.001  0.001   24.613   15.794    0    0  (Gen:  0)
  1068112    240344 889959008  0.001  0.000   24.617   15.796    0    0  (Gen:  0)
  1035120    247760 890090848  0.001  0.000   24.620   15.798    0    0  (Gen:  0)
  1035376    301968 890276048  0.002  0.001   24.623   15.800    0    0  (Gen:  0)
  1027584    332992 890423312  0.002  0.001   24.627   15.802    0    0  (Gen:  0)
  1060752    289896 890603224  0.002  0.001   24.630   15.804    0    0  (Gen:  0)
  1031392    290128 890750768  0.002  0.001   24.634   15.806    0    0  (Gen:  0)
  1029352    242232 890849592  0.002  0.001   24.637   15.808    0    0  (Gen:  0)
  1028752    271040 890995928  0.002  0.001   24.640   15.809    0    0  (Gen:  0)
  1038048    265424 891119376  0.002  0.001   24.644   15.811    0    0  (Gen:  0)
  1032560    256576 891256768  0.002  0.001   24.647   15.813    0    0  (Gen:  0)
  1038272    244056 891365080  0.002  0.001   24.650   15.814    0    0  (Gen:  0)
  1033088    249952 891502648  0.002  0.001   24.653   15.816    0    0  (Gen:  0)
  1035688    262256 891631504  0.002  0.001   24.656   15.818    0    0  (Gen:  0)
  1032392    258424 891759840  0.002  0.001   24.660   15.819    0    0  (Gen:  0)
  1038824    244232 891867832  0.002  0.001   24.663   15.821    0    0  (Gen:  0)
  1031768    238280 891993608  0.002  0.001   24.666   15.823    0    0  (Gen:  0)
  1040992    265800 892128312  0.002  0.001   24.669   15.824    0    0  (Gen:  0)
  1036040    246128 892244128  0.002  0.001   24.672   15.826    0    0  (Gen:  0)
  1036176    252448 892378760  0.002  0.001   24.676   15.828    0    0  (Gen:  0)
  1035912    270792 892521200  0.002  0.001   24.679   15.830    0    0  (Gen:  0)
  1027816    274560 892656600  0.002  0.001   24.683   15.832    0    0  (Gen:  0)
  1033832    269560 892794552  0.002  0.001   24.686   15.833    0    0  (Gen:  0)
  1040360    270912 892920752  0.002  0.001   24.689   15.835    0    0  (Gen:  0)
  1618688    256176 893049432  0.002  0.001   24.692   15.837    0    0  (Gen:  0)
  1037544    218000 893139336  0.002  0.000   24.695   15.838    0    0  (Gen:  0)
  1034216    228928 893280104  0.002  0.001   24.698   15.840    0    0  (Gen:  0)
  1036848    262624 893399832  0.002  0.001   24.702   15.842    0    0  (Gen:  0)
  1035144    263552 893543184  0.002  0.001   24.705   15.844    0    0  (Gen:  0)
  1036400    264488 893666744  0.002  0.001   24.709   15.845    0    0  (Gen:  0)
  1035752    257328 893792400  0.002  0.001   24.712   15.847    0    0  (Gen:  0)
  1036544    247720 893920064  0.002  0.001   24.715   15.849    0    0  (Gen:  0)
  1036184    266512 894052712  0.002  0.001   24.719   15.851    0    0  (Gen:  0)
  1035712    277624 894199744  0.002  0.001   24.722   15.852    0    0  (Gen:  0)
  1037928    259288 894315472  0.002  0.001   24.726   15.854    0    0  (Gen:  0)
  1039936    243088 894444256  0.002  0.001   24.729   15.856    0    0  (Gen:  0)
  1037688    241376 894557320  0.002  0.001   24.732   15.857    0    0  (Gen:  0)
  1033360    265568 894710552  0.002  0.001   24.735   15.859    0    0  (Gen:  0)
  1036336    235896 894796896  0.002  0.001   24.739   15.862    0    0  (Gen:  0)
  1030072    262928 894974928  0.002  0.001   24.743   15.864    0    0  (Gen:  0)
  1028608    343680 895150720  0.003  0.001   24.747   15.866    0    0  (Gen:  0)
  1033784    300672 895283488  0.003  0.001   24.751   15.868    0    0  (Gen:  0)
  1040448    212168 895372440  0.002  0.000   24.754   15.869    0    0  (Gen:  0)
  1031984    237144 895548904  0.002  0.001   24.757   15.871    0    0  (Gen:  0)
  1035280    200888 895598160  0.002  0.000   24.760   15.873    0    0  (Gen:  0)
  1038504     97504 895645992  0.001  0.000   24.764   15.876    0    0  (Gen:  0)
  1040024    161896 895759856  0.001  0.000   24.766   15.877    0    0  (Gen:  0)
  1039360    310264 895947640  0.002  0.001   24.768   15.878    0    0  (Gen:  0)
  1040456    231688 896038656  0.002  0.000   24.770   15.879    0    0  (Gen:  0)
  1036464    211376 896098496  0.001  0.000   24.773   15.881    0    0  (Gen:  0)
  1039720    203816 896184960  0.001  0.000   24.775   15.882    0    0  (Gen:  0)
  1039320    164136 896269840  0.001  0.000   24.778   15.883    0    0  (Gen:  0)
  1041464    236328 896449696  0.002  0.000   24.780   15.885    0    0  (Gen:  0)
  1040528    351184 896629576  0.002  0.001   24.783   15.886    0    0  (Gen:  0)
  1037360    231256 896675288  0.002  0.000   24.786   15.887    0    0  (Gen:  0)
  1038208    203664 896793376  0.001  0.000   24.788   15.889    0    0  (Gen:  0)
  1039504    190360 896878576  0.001  0.000   24.790   15.890    0    0  (Gen:  0)
  1039464    166632 896983424  0.001  0.000   24.794   15.892    0    0  (Gen:  0)
  1040144     93512 897038936  0.001  0.000   24.796   15.894    0    0  (Gen:  0)
  1040680     89360 897069056  0.001  0.000   24.800   15.897    0    0  (Gen:  0)
  1039928    106752 897136536  0.001  0.000   24.802   15.899    0    0  (Gen:  0)
  1039280    148048 897212984  0.001  0.000   24.804   15.900    0    0  (Gen:  0)
  1039128    125264 897249528  0.001  0.000   24.806   15.901    0    0  (Gen:  0)
  1038096    131024 897306560  0.001  0.000   24.809   15.903    0    0  (Gen:  0)
  1039624    116424 897365056  0.001  0.000   24.812   15.905    0    0  (Gen:  0)
  1038864    129008 897429344  0.001  0.000   24.814   15.906    0    0  (Gen:  0)
  1039552    118008 897478680  0.001  0.000   24.816   15.908    0    0  (Gen:  0)
  1039176    123336 897541712  0.001  0.000   24.818   15.909    0    0  (Gen:  0)
  1039832    117336 897600280  0.001  0.000   24.820   15.911    0    0  (Gen:  0)
  1039656    125776 897665704  0.001  0.000   24.822   15.912    0    0  (Gen:  0)
  1038600    116072 897715984  0.001  0.000   24.825   15.914    0    0  (Gen:  0)
  1039936    170544 897836592  0.001  0.000   24.827   15.915    0    0  (Gen:  0)
  1037024    139080 897866880  0.001  0.000   24.829   15.916    0    0  (Gen:  0)
  1040600    221120 897999944  0.002  0.000   24.832   15.918    0    0  (Gen:  0)
  1038968    145224 897994656  0.001  0.000   24.834   15.919    0    0  (Gen:  0)
  1038576    138936 898048816  0.001  0.000   24.836   15.921    0    0  (Gen:  0)
  1039112    105000 898094328  0.001  0.000   24.839   15.923    0    0  (Gen:  0)
  1037864    116512 898162816  0.001  0.000   24.841   15.924    0    0  (Gen:  0)
  1039160    109928 898212616  0.001  0.000   24.843   15.926    0    0  (Gen:  0)
  1039160    125328 898278904  0.001  0.000   24.845   15.927    0    0  (Gen:  0)
  1034024    109144 898325576  0.001  0.000   24.848   15.929    0    0  (Gen:  0)
  1039480    133784 898404680  0.001  0.000   24.850   15.930    0    0  (Gen:  0)
  1039688    141840 898470688  0.001  0.000   24.852   15.931    0    0  (Gen:  0)
  1039776    136304 898534760  0.001  0.000   24.854   15.933    0    0  (Gen:  0)
  1038648    118944 898578264  0.001  0.000   24.857   15.934    0    0  (Gen:  0)
  1040280     89424 898608408  0.001  0.000   24.859   15.936    0    0  (Gen:  0)
  1040520     82064 898650296  0.001  0.000   24.860   15.937    0    0  (Gen:  0)
  1040968     89768 898685872  0.001  0.000   24.862   15.938    0    0  (Gen:  0)
  1041008    111552 898744480  0.001  0.000   24.864   15.939    0    0  (Gen:  0)
  1041024     98136 898770080  0.001  0.000   24.866   15.940    0    0  (Gen:  0)
  1619648    104016 898823184  0.001  0.000   24.868   15.942    0    0  (Gen:  0)
  1039536     90160 898849816  0.001  0.000   24.871   15.943    0    0  (Gen:  0)
  1040160     66080 898878152  0.001  0.000   24.872   15.945    0    0  (Gen:  0)
  1041152     94304 898929512  0.001  0.000   24.874   15.946    0    0  (Gen:  0)
  1039376     94616 898969360  0.001  0.000   24.876   15.947    0    0  (Gen:  0)
  1040808     83688 898994472  0.001  0.000   24.878   15.948    0    0  (Gen:  0)
  1039952     81592 899039032  0.001  0.000   24.879   15.949    0    0  (Gen:  0)
  1041088     77016 899057384  0.001  0.000   24.881   15.950    0    0  (Gen:  0)
  1040360     82472 899104184  0.001  0.000   24.883   15.952    0    0  (Gen:  0)
  1040632    102912 899155304  0.001  0.000   24.884   15.953    0    0  (Gen:  0)
  1040736     97352 899187704  0.001  0.000   24.886   15.954    0    0  (Gen:  0)
  1041032    103656 899244872  0.001  0.000   24.888   15.955    0    0  (Gen:  0)
  1040744     98944 899269720  0.001  0.000   24.890   15.956    0    0  (Gen:  0)
  1040272     86320 899289608  0.001  0.000   24.891   15.957    0    0  (Gen:  0)
  1039936     98736 899337008  0.001  0.000   24.893   15.958    0    0  (Gen:  0)
  1040360    100304 899380904  0.001  0.000   24.895   15.959    0    0  (Gen:  0)
  1041616    108704 899439864  0.001  0.000   24.897   15.960    0    0  (Gen:  0)
  1040792    140952 899528840  0.001  0.000   24.898   15.961    0    0  (Gen:  0)
  1040288     82216 899518328  0.001  0.000   24.900   15.962    0    0  (Gen:  0)
  1039608     96160 899566728  0.001  0.000   24.901   15.963    0    0  (Gen:  0)
  1040016    107736 899617568  0.001  0.000   24.903   15.964    0    0  (Gen:  0)
  1041192     96656 899656064  0.001  0.000   24.905   15.966    0    0  (Gen:  0)
  1040672    121240 899722736  0.001  0.000   24.907   15.967    0    0  (Gen:  0)
  1040760     92176 899763288  0.001  0.000   24.909   15.968    0    0  (Gen:  0)
  1039320     84008 899794000  0.001  0.000   24.911   15.969    0    0  (Gen:  0)
  1040600     77600 899819176  0.001  0.000   24.912   15.970    0    0  (Gen:  0)
  1037280     72736 899845008  0.001  0.000   24.914   15.972    0    0  (Gen:  0)
  1040688     77384 899888272  0.001  0.000   24.915   15.972    0    0  (Gen:  0)
  1040880     74232 899906688  0.001  0.000   24.917   15.974    0    0  (Gen:  0)
  1040184     79432 899950832  0.001  0.000   24.918   15.975    0    0  (Gen:  0)
  1036296     91704 899994080  0.001  0.000   24.920   15.976    0    0  (Gen:  0)
  1041288    100136 900042384  0.001  0.000   24.922   15.977    0    0  (Gen:  0)
  1041064     98424 900083736  0.001  0.000   24.924   15.978    0    0  (Gen:  0)
  1040704     99328 900126944  0.001  0.000   24.926   15.979    0    0  (Gen:  0)
  1040768     94760 900163304  0.001  0.000   24.927   15.981    0    0  (Gen:  0)
  1040552     72120 900185600  0.001  0.000   24.929   15.982    0    0  (Gen:  0)
  1039320     84168 900229160  0.001  0.000   24.931   15.983    0    0  (Gen:  0)
  1039768    102400 900280336  0.001  0.000   24.933   15.984    0    0  (Gen:  0)
  1039968     82224 900297880  0.001  0.000   24.935   15.985    0    0  (Gen:  0)
  1040832     79392 900340056  0.001  0.000   24.936   15.986    0    0  (Gen:  0)
  1040248     82336 900365200  0.001  0.000   24.938   15.987    0    0  (Gen:  0)
  1040944    118424 900438008  0.001  0.000   24.940   15.989    0    0  (Gen:  0)
  1041272    184960 900536768  0.001  0.000   24.942   15.990    0    0  (Gen:  0)
  1041072    216504 900615472  0.001  0.000   24.944   15.991    0    0  (Gen:  0)
  1040280    167144 900611152  0.001  0.000   24.945   15.991    0    0  (Gen:  0)
  1039576    119456 900614296  0.001  0.000   24.947   15.992    0    0  (Gen:  0)
  1039896    113960 900656856  0.001  0.000   24.948   15.993    0    0  (Gen:  0)
  1040536    113736 900708608  0.001  0.000   24.950   15.994    0    0  (Gen:  0)
  1040648    124776 900762720  0.001  0.000   24.952   15.996    0    0  (Gen:  0)
  1039968     99904 900788224  0.001  0.000   24.954   15.997    0    0  (Gen:  0)
  1039648     96536 900830792  0.001  0.000   24.956   15.998    0    0  (Gen:  0)
  1041008    133176 900907416  0.001  0.000   24.957   15.999    0    0  (Gen:  0)
  1041400     99984 900933488  0.001  0.000   24.959   16.000    0    0  (Gen:  0)
  1040144    110848 900986984  0.001  0.000   24.961   16.001    0    0  (Gen:  0)
  1040424    104512 901024168  0.001  0.000   24.962   16.002    0    0  (Gen:  0)
  1040616     94992 901062912  0.001  0.000   24.964   16.003    0    0  (Gen:  0)
  1042384    171064 901179192  0.001  0.000   24.966   16.004    0    0  (Gen:  0)
  1040536    230848 901358608  0.002  0.000   24.968   16.005    0    0  (Gen:  0)
  1040288    180056 901353384  0.001  0.000   24.970   16.006    0    0  (Gen:  0)
  1041040    132432 901357744  0.001  0.000   24.972   16.007    0    0  (Gen:  0)
  1041304    213176 901486520  0.001  0.000   24.974   16.008    0    0  (Gen:  0)
  1040344    120112 901442920  0.001  0.000   24.976   16.009    0    0  (Gen:  0)
  1040640     95096 901471720  0.001  0.000   24.977   16.010    0    0  (Gen:  0)
  1039960    104296 901520592  0.001  0.000   24.980   16.011    0    0  (Gen:  0)
  1040784    108128 901569656  0.001  0.000   24.981   16.012    0    0  (Gen:  0)
  1040280     97872 901611560  0.001  0.000   24.983   16.014    0    0  (Gen:  0)
  1040904    158904 901713904  0.001  0.000   24.985   16.015    0    0  (Gen:  0)
  1040544    106752 901714176  0.001  0.000   24.987   16.016    0    0  (Gen:  0)
  1040880     95232 901755824  0.001  0.000   24.989   16.017    0    0  (Gen:  0)
  1040560    105464 901805152  0.001  0.000   24.990   16.018    0    0  (Gen:  0)
  1040752    114472 901867400  0.001  0.000   24.992   16.019    0    0  (Gen:  0)
  1040208    156872 901951240  0.001  0.000   24.994   16.020    0    0  (Gen:  0)
  1040960    128736 902019736  0.001  0.000   24.997   16.023    0    0  (Gen:  0)
  1041080    177032 902153888  0.001  0.000   25.000   16.024    0    0  (Gen:  0)
  1040888    151360 902152016  0.001  0.000   25.001   16.025    0    0  (Gen:  0)
  1040208    192464 902249168  0.001  0.000   25.003   16.026    0    0  (Gen:  0)
  1041104    211552 902321528  0.002  0.000   25.005   16.027    0    0  (Gen:  0)
  1040088    164304 902318992  0.001  0.000   25.007   16.028    0    0  (Gen:  0)
  1038808     91472 902296744  0.001  0.000   25.009   16.029    0    0  (Gen:  0)
  1041536     98272 902347264  0.001  0.000   25.011   16.030    0    0  (Gen:  0)
  1041440    123080 902408320  0.001  0.000   25.013   16.031    0    0  (Gen:  0)
  1041384     94912 902430704  0.001  0.000   25.014   16.032    0    0  (Gen:  0)
  1041488    100224 902481880  0.001  0.000   25.017   16.034    0    0  (Gen:  0)
  1042200    172552 902593648  0.001  0.000   25.019   16.035    0    0  (Gen:  0)
  1040560     99072 902574560  0.001  0.000   25.020   16.036    0    0  (Gen:  0)
  1041424     89528 902614648  0.001  0.000   25.022   16.037    0    0  (Gen:  0)
  1041328    116832 902677056  0.001  0.000   25.024   16.038    0    0  (Gen:  0)
  1040184     96032 902706496  0.001  0.000   25.026   16.039    0    0  (Gen:  0)
  1041120     96120 902750056  0.001  0.000   25.028   16.041    0    0  (Gen:  0)
  1041272    218232 902918320  0.002  0.000   25.030   16.042    0    0  (Gen:  0)
  1039944    165536 902911072  0.001  0.000   25.032   16.043    0    0  (Gen:  0)
  1618720    116640 902913640  0.001  0.000   25.033   16.043    0    0  (Gen:  0)
  1041040    231848 903077640  0.002  0.001   25.036   16.044    0    0  (Gen:  0)
  1039072    106984 903007808  0.001  0.000   25.037   16.045    0    0  (Gen:  0)
  1039840     89136 903049616  0.001  0.000   25.039   16.046    0    0  (Gen:  0)
  1041456     98184 903095664  0.001  0.000   25.041   16.048    0    0  (Gen:  0)
  1041056    129896 903168480  0.001  0.000   25.043   16.049    0    0  (Gen:  0)
  1041040     92248 903182344  0.001  0.000   25.045   16.050    0    0  (Gen:  0)
  1040056     94032 903227728  0.001  0.000   25.047   16.051    0    0  (Gen:  0)
  1041192    118376 903294736  0.000  0.000   25.048   16.052    0    0  (Gen:  0)
  1041808     93512 903327056  0.001  0.000   25.049   16.053    0    0  (Gen:  0)
  1039968     94592 903370784  0.001  0.000   25.051   16.055    0    0  (Gen:  0)
  1040528    101328 903416240  0.001  0.000   25.053   16.056    0    0  (Gen:  0)
  1040448    109008 903473760  0.001  0.000   25.055   16.057    0    0  (Gen:  0)
  1037864    114944 903521560  0.001  0.000   25.057   16.058    0    0  (Gen:  0)
  1043272    238496 903710848  0.002  0.000   25.060   16.060    0    0  (Gen:  0)
  1041992     73960 903763496  0.001  0.000   25.061   16.061    0    0  (Gen:  0)
  1041576    131712 903876192  0.001  0.000   25.064   16.062    0    0  (Gen:  0)
  1126552    134616 903987696  0.001  0.000   25.066   16.064    0    0  (Gen:  0)
  1039000    238488 904190968  0.002  0.001   25.069   16.065    0    0  (Gen:  0)
  1037208    502752 904489064  0.003  0.001   25.073   16.067    0    0  (Gen:  0)
  1041472    395136 904636344  0.003  0.001   25.077   16.069    0    0  (Gen:  0)
  1040368    432320 904897592  0.004  0.001   25.081   16.071    0    0  (Gen:  0)
  1039008    446512 905137680  0.004  0.001   25.086   16.072    0    0  (Gen:  0)
  1039880    428840 905386640  0.004  0.001   25.090   16.074    0    0  (Gen:  0)
  1039976    447192 905647000  0.004  0.001   25.095   16.076    0    0  (Gen:  0)
  1040080    455112 905915192  0.004  0.001   25.100   16.079    0    0  (Gen:  0)
  1039288    462320 906179920  0.004  0.001   25.104   16.081    0    0  (Gen:  0)
  1037512    482456 906471456  0.004  0.001   25.109   16.082    0    0  (Gen:  0)
  1037432    483936 906712424  0.003  0.001   25.113   16.084    0    0  (Gen:  0)
  1038736    354224 906849136  0.002  0.001   25.116   16.085    0    0  (Gen:  0)
  1037568    270560 906982888  0.002  0.000   25.118   16.086    0    0  (Gen:  0)
  1038816    262536 907126584  0.002  0.000   25.120   16.087    0    0  (Gen:  0)
  1039136    272144 907280040  0.002  0.000   25.122   16.088    0    0  (Gen:  0)
  1035328    211752 907355488  0.001  0.000   25.124   16.089    0    0  (Gen:  0)
  1034432    157544 907433040  0.001  0.000   25.126   16.090    0    0  (Gen:  0)
  1035728    191496 907541968  0.001  0.000   25.127   16.091    0    0  (Gen:  0)
  1036592    204792 907640272  0.001  0.000   25.129   16.092    0    0  (Gen:  0)
  1038080    231480 907773216  0.002  0.000   25.131   16.093    0    0  (Gen:  0)
  1038744    308960 907956352  0.002  0.001   25.134   16.094    0    0  (Gen:  0)
  1040248    369152 908177160  0.003  0.001   25.138   16.096    0    0  (Gen:  0)
  1039552    395592 908406640  0.003  0.001   25.142   16.097    0    0  (Gen:  0)
  1039368    324944 908564312  0.002  0.001   25.145   16.099    0    0  (Gen:  0)
  1037776    291056 908721752  0.002  0.001   25.147   16.100    0    0  (Gen:  0)
  1038472    301056 908886024  0.002  0.001   25.150   16.101    0    0  (Gen:  0)
  1037832    290288 909037504  0.002  0.001   25.153   16.103    0    0  (Gen:  0)
  1038000    253872 909160336  0.002  0.001   25.155   16.104    0    0  (Gen:  0)
  1039952    299688 909346744  0.002  0.001   25.158   16.105    0    0  (Gen:  0)
  1039696    344616 909534520  0.003  0.001   25.161   16.106    0    0  (Gen:  0)
  1040152    298240 909676664  0.002  0.001   25.164   16.107    0    0  (Gen:  0)
  1037688    205792 909760320  0.001  0.000   25.166   16.108    0    0  (Gen:  0)
  1038112    233040 909907336  0.002  0.000   25.168   16.109    0    0  (Gen:  0)
  1039984    317408 910095328  0.002  0.001   25.171   16.111    0    0  (Gen:  0)
  1039336    308696 910247528  0.002  0.001   25.174   16.112    0    0  (Gen:  0)
  1039232    303888 910419400  0.002  0.001   25.177   16.113    0    0  (Gen:  0)
  1038408    329544 910600136  0.002  0.001   25.180   16.115    0    0  (Gen:  0)
  1036304    268064 910714776  0.002  0.001   25.183   16.116    0    0  (Gen:  0)
  1039352    301240 910909704  0.002  0.001   25.186   16.117    0    0  (Gen:  0)
  1040680    406904 911141504  0.003  0.001   25.189   16.119    0    0  (Gen:  0)
  1040768    458536 911375008  0.003  0.001   25.193   16.120    0    0  (Gen:  0)
  1040936    441976 911598880  0.003  0.001   25.196   16.122    0    0  (Gen:  0)
  1041488    449136 911826400  0.003  0.001   25.199   16.123    0    0  (Gen:  0)
  1041184    441912 912046384  0.003  0.001   25.203   16.124    0    0  (Gen:  0)
  1041232    442632 912266752  0.002  0.001   25.206   16.126    0    0  (Gen:  0)
  1039592    462552 912503240  0.003  0.001   25.209   16.127    0    0  (Gen:  0)
  1040976    444176 912727480  0.003  0.001   25.212   16.129    0    0  (Gen:  0)
  1040904    449632 912955336  0.003  0.001   25.216   16.130    0    0  (Gen:  0)
  1040776    447960 913181832  0.003  0.001   25.219   16.131    0    0  (Gen:  0)
  1040880    435224 913396352  0.003  0.001   25.222   16.133    0    0  (Gen:  0)
  1040656    436544 913620800  0.002  0.001   25.225   16.134    0    0  (Gen:  0)
  1040120    450312 913842816  0.002  0.001   25.228   16.135    0    0  (Gen:  0)
  1040584    448328 914065432  0.002  0.001   25.231   16.136    0    0  (Gen:  0)
  1041512    440312 914279520  0.002  0.001   25.233   16.138    0    0  (Gen:  0)
  1041496    437424 914502072  0.002  0.001   25.236   16.139    0    0  (Gen:  0)
  1041112    450656 914724848  0.002  0.001   25.239   16.140    0    0  (Gen:  0)
  1039512    442696 914941264  0.003  0.001   25.242   16.141    0    0  (Gen:  0)
  1041064    445824 915169904  0.003  0.001   25.245   16.143    0    0  (Gen:  0)
  1040696    440064 915392224  0.002  0.001   25.248   16.144    0    0  (Gen:  0)
  1040800    450560 915615176  0.002  0.001   25.251   16.145    0    0  (Gen:  0)
  1041232    433144 915821864  0.002  0.001   25.253   16.147    0    0  (Gen:  0)
  1620864    435968 916047032  0.002  0.001   25.257   16.148    0    0  (Gen:  0)
  1040784    452376 916270368  0.002  0.001   25.259   16.149    0    0  (Gen:  0)
  1041112    449272 916492752  0.002  0.001   25.262   16.150    0    0  (Gen:  0)
  1041192    474920 916741720  0.003  0.001   25.266   16.152    0    0  (Gen:  0)
  1140624    357472 916886376  0.002  0.001   25.269   16.153    0    0  (Gen:  0)
  1041936    135784 916813440  0.001  0.000   25.270   16.154    0    0  (Gen:  0)
  1043512     88064 916881512  0.000  0.000   25.271   16.155    0    0  (Gen:  0)
  1040304    332104 917209512  0.002  0.001   25.274   16.156    0    0  (Gen:  0)
  1041160    204360 917399680  0.001  0.000   25.276   16.157    0    0  (Gen:  0)
  1040512    401968 917699032  0.002  0.001   25.279   16.158    0    0  (Gen:  0)
  1041224    287760 917795440  0.002  0.000   25.281   16.160    0    0  (Gen:  0)
  1037448    296256 918057496  0.002  0.001   25.284   16.161    0    0  (Gen:  0)
  1032088    295320 918335376  0.002  0.001   25.287   16.162    0    0  (Gen:  0)
  1041496    274984 918598576  0.002  0.001   25.290   16.163    0    0  (Gen:  0)
  1000776     52400 918651752  0.001  0.000   25.291   16.164    0    0  (Gen:  0)
  1334968     67192 918686296  0.001  0.000   25.294   16.166    0    0  (Gen:  0)
  1280576    110472 918742240  0.001  0.000   25.296   16.168    0    0  (Gen:  0)
  1074704     59936 918768208  0.001  0.000   25.297   16.169    0    0  (Gen:  0)
  1268184    266968 919050392  0.001  0.000   25.300   16.170    0    0  (Gen:  0)
  1041104    444592 919243960  0.002  0.001   25.303   16.172    0    0  (Gen:  0)
  1038448    265680 919302080  0.001  0.000   25.305   16.173    0    0  (Gen:  0)
  1041952    357144 919619000  0.002  0.001   25.308   16.174    0    0  (Gen:  0)
  1028888    123728 919721352  0.001  0.000   25.310   16.176    0    0  (Gen:  0)
  1029184    182240 919816600  0.001  0.000   25.313   16.177    0    0  (Gen:  0)
  1035864    164520 919890600  0.001  0.000   25.315   16.178    0    0  (Gen:  0)
  1030008    175136 919967968  0.001  0.000   25.319   16.182    0    0  (Gen:  0)
  1038824    101888 920028312  0.001  0.000   25.321   16.183    0    0  (Gen:  0)
  1035064    264880 920228080  0.002  0.001   25.324   16.184    0    0  (Gen:  0)
  1034632    192832 920252616  0.001  0.000   25.327   16.186    0    0  (Gen:  0)
  1036536    109896 920324112  0.001  0.000   25.329   16.187    0    0  (Gen:  0)
  1033088    234376 920486536  0.002  0.001   25.332   16.189    0    0  (Gen:  0)
  1038040    289000 920612408  0.002  0.001   25.336   16.191    0    0  (Gen:  0)
  1038272    256184 920743496  0.002  0.001   25.339   16.193    0    0  (Gen:  0)
  1040032    255792 920869144  0.002  0.001   25.342   16.194    0    0  (Gen:  0)
  1039536    264896 921008864  0.002  0.001   25.345   16.196    0    0  (Gen:  0)
  1036704    231416 921099688  0.002  0.000   25.348   16.198    0    0  (Gen:  0)
  1036968    180184 921191504  0.001  0.000   25.351   16.200    0    0  (Gen:  0)
  1035024    221304 921324008  0.002  0.001   25.354   16.202    0    0  (Gen:  0)
  1034856    250840 921447104  0.002  0.001   25.358   16.204    0    0  (Gen:  0)
  1034904    239192 921570672  0.002  0.001   25.362   16.207    0    0  (Gen:  0)
  1034696    240088 921694536  0.002  0.001   25.367   16.209    0    0  (Gen:  0)
  1069616    285024 921862712  0.002  0.001   25.371   16.212    0    0  (Gen:  0)
  1035424    307136 922009760  0.002  0.001   25.375   16.214    0    0  (Gen:  0)
  1069264    291584 922191096  0.002  0.001   25.378   16.216    0    0  (Gen:  0)
  1032440    243064 922256936  0.002  0.001   25.381   16.218    0    0  (Gen:  0)
  1035944    248504 922381784  0.002  0.001   25.385   16.220    0    0  (Gen:  0)
  1039496    293640 922559912  0.002  0.001   25.388   16.221    0    0  (Gen:  0)
  1038584    162600 922571544  0.001  0.000   25.390   16.222    0    0  (Gen:  0)
  1037960    169632 922652816  0.001  0.000   25.392   16.223    0    0  (Gen:  0)
  1040848    207392 922779904  0.002  0.000   25.395   16.225    0    0  (Gen:  0)
  1040384    194912 922854568  0.001  0.000   25.397   16.226    0    0  (Gen:  0)
  1036352    183152 922898448  0.001  0.000   25.399   16.227    0    0  (Gen:  0)
  1039496    151976 922944208  0.001  0.000   25.401   16.228    0    0  (Gen:  0)
  1033352    122264 923029168  0.001  0.000   25.404   16.231    0    0  (Gen:  0)
  1039504    111160 923110976  0.001  0.000   25.407   16.233    0    0  (Gen:  0)
  1041088    129408 923163592  0.001  0.000   25.409   16.234    0    0  (Gen:  0)
  1040192    127368 923200856  0.001  0.000   25.411   16.235    0    0  (Gen:  0)
  1041720    127360 923235056  0.001  0.000   25.412   16.236    0    0  (Gen:  0)
  1039648     99848 923240608  0.001  0.000   25.414   16.237    0    0  (Gen:  0)
  1040912    110000 923297864  0.001  0.000   25.416   16.238    0    0  (Gen:  0)
  1039392     96376 923326272  0.001  0.000   25.418   16.240    0    0  (Gen:  0)
  1040904    107392 923380216  0.001  0.000   25.420   16.241    0    0  (Gen:  0)
  1041176     93920 923419464  0.001  0.000   25.422   16.242    0    0  (Gen:  0)
  1041328     94832 923463496  0.001  0.000   25.423   16.243    0    0  (Gen:  0)
  1041424     89432 923500976  0.001  0.000   25.425   16.244    0    0  (Gen:  0)
  1041168    109072 923561376  0.001  0.000   25.426   16.245    0    0  (Gen:  0)
  1040240    101224 923597944  0.001  0.000   25.428   16.246    0    0  (Gen:  0)
  1041584    104320 923637016  0.001  0.000   25.429   16.247    0    0  (Gen:  0)
  1040424     91960 923657936  0.001  0.000   25.431   16.248    0    0  (Gen:  0)
  1040328     94224 923702240  0.001  0.000   25.433   16.249    0    0  (Gen:  0)
  1039624    107232 923756168  0.001  0.000   25.435   16.250    0    0  (Gen:  0)
  1633872    132640 923830744  0.001  0.000   25.437   16.252    0    0  (Gen:  0)
  1040968    102320 923848784  0.001  0.000   25.439   16.253    0    0  (Gen:  0)
  1041376     91568 923886792  0.001  0.000   25.441   16.254    0    0  (Gen:  0)
  1041672     88712 923920448  0.001  0.000   25.442   16.255    0    0  (Gen:  0)
  1042384    206872 924079648  0.001  0.000   25.445   16.256    0    0  (Gen:  0)
  1040376    170432 924215880  0.001  0.000   25.447   16.258    0    0  (Gen:  0)
  1039848    342848 924468176  0.003  0.001   25.451   16.259    0    0  (Gen:  0)
  1037840    350456 924599984  0.002  0.001   25.454   16.261    0    0  (Gen:  0)
  1038216    270144 924746576  0.002  0.001   25.456   16.262    0    0  (Gen:  0)
  1037024    213560 924843288  0.001  0.000   25.458   16.262    0    0  (Gen:  0)
  1035120    198152 924942024  0.001  0.000   25.460   16.263    0    0  (Gen:  0)
  1036480    203344 925045656  0.001  0.000   25.461   16.264    0    0  (Gen:  0)
  1039600    291312 925235312  0.002  0.001   25.464   16.266    0    0  (Gen:  0)
  1039640    390040 925476656  0.003  0.001   25.468   16.267    0    0  (Gen:  0)
  1042352    391752 925694696  0.002  0.001   25.471   16.268    0    0  (Gen:  0)
  1041120    441360 925911624  0.002  0.001   25.474   16.270    0    0  (Gen:  0)
  1041680    437168 926124384  0.002  0.001   25.476   16.271    0    0  (Gen:  0)
  1040672    436016 926342496  0.002  0.001   25.479   16.272    0    0  (Gen:  0)
  1143904    349512 926499240  0.002  0.001   25.482   16.273    0    0  (Gen:  0)
  1044248    231000 926607464  0.001  0.000   25.483   16.274    0    0  (Gen:  0)
  1040616    326048 926900440  0.002  0.001   25.486   16.275    0    0  (Gen:  0)
  1037080    255336 927122008  0.001  0.000   25.488   16.276    0    0  (Gen:  0)
  1190576    173408 927100944  0.001  0.000   25.490   16.278    0    0  (Gen:  0)
  1623576    277760 927392696  0.002  0.000   25.493   16.280    0    0  (Gen:  0)
  1040960    515664 927648016  0.002  0.001   25.496   16.281    0    0  (Gen:  0)
  1034200    311224 927695752  0.001  0.000   25.498   16.283    0    0  (Gen:  0)
  1041576    389448 928026920  0.002  0.001   25.501   16.284    0    0  (Gen:  0)
  1026912    181136 928164424  0.001  0.000   25.504   16.285    0    0  (Gen:  0)
  1031288    177192 928231936  0.001  0.000   25.506   16.287    0    0  (Gen:  0)
  1034976     83096 928248896  0.001  0.000   25.508   16.288    0    0  (Gen:  0)
  1036168     98736 928334936  0.001  0.000   25.511   16.290    0    0  (Gen:  0)
  1036184    235608 928482800  0.002  0.001   25.514   16.291    0    0  (Gen:  0)
  1036912    246984 928585680  0.002  0.001   25.518   16.294    0    0  (Gen:  0)
  1033512    162480 928655656  0.002  0.000   25.521   16.296    0    0  (Gen:  0)
  1038904    298800 928892824  0.003  0.001   25.525   16.298    0    0  (Gen:  0)
  1041928    486280 929157520  0.003  0.001   25.528   16.299    0    0  (Gen:  0)
  1043592     98248 929207184  0.001  0.000   25.530   16.300    0    0  (Gen:  0)
  1061576    244016 929443776  0.002  0.001   25.532   16.301    0    0  (Gen:  0)
  1239760    134552 929549592  0.000  0.000   25.534   16.303    0    0  (Gen:  0)
  4058368    879216 930413984  0.002  0.001   25.540   16.304    0    0  (Gen:  0)
  2922456   1343304 930898440  0.003  0.001   25.545   16.306    0    0  (Gen:  0)
  3687152   1188168 931603368  0.002  0.001   25.549   16.307    0    0  (Gen:  0)
  3517024   1312120 932290600  0.005  0.001   25.556   16.309    0    0  (Gen:  0)
  2680272    851232 932741432  0.005  0.001   25.562   16.311    0    0  (Gen:  0)
  2965784    457128 933008016  0.004  0.000   25.567   16.312    0    0  (Gen:  0)
  3021144    474216 933224280  0.004  0.001   25.573   16.313    0    0  (Gen:  0)
  2506256    535584 933552616  0.005  0.001   25.579   16.315    0    0  (Gen:  0)
  3762448    489512 933883616  0.004  0.001   25.585   16.317    0    0  (Gen:  0)
  2650144    676144 934354504  0.003  0.001   25.591   16.318    0    0  (Gen:  0)
  3682240    617984 934744496  0.002  0.001   25.597   16.320    0    0  (Gen:  0)
  3156064    775648 935217008  0.004  0.001   25.603   16.321    0    0  (Gen:  0)
  2997632    897336 935653864  0.004  0.001   25.608   16.323    0    0  (Gen:  0)
  2816384    768160 936060696  0.005  0.001   25.614   16.324    0    0  (Gen:  0)
  3201560    643696 936418536  0.004  0.001   25.621   16.326    0    0  (Gen:  0)
  3706104    511232 936718704  0.005  0.001   25.629   16.328    0    0  (Gen:  0)
  2686560    605864 937056536  0.005  0.001   25.635   16.330    0    0  (Gen:  0)
  1897592    561376 937316520  0.003  0.001   25.640   16.331    0    0  (Gen:  0)
  2254976    344304 937586448  0.003  0.000   25.646   16.333    0    0  (Gen:  0)
  2932304    439440 937878760  0.002  0.001   25.653   16.335    0    0  (Gen:  0)
  2323848    625896 938253088  0.004  0.001   25.659   16.336    0    0  (Gen:  0)
  2067568    645176 938546088  0.005  0.001   25.665   16.338    0    0  (Gen:  0)
  2341056    524048 938784160  0.004  0.001   25.671   16.340    0    0  (Gen:  0)
  2149016    413656 939078728  0.004  0.001   25.676   16.341    0    0  (Gen:  0)
  2647208    712680 939485688  0.003  0.001   25.682   16.343    0    0  (Gen:  0)
  2224168    654432 939757840  0.004  0.001   25.688   16.344    0    0  (Gen:  0)
  3269280    407520 940046376  0.002  0.000   25.694   16.346    0    0  (Gen:  0)
  3042544    549304 940384816  0.003  0.001   25.701   16.347    0    0  (Gen:  0)
  3157480    665136 940720920  0.006  0.001   25.707   16.349    0    0  (Gen:  0)
  3257992    663368 941099752  0.004  0.001   25.713   16.351    0    0  (Gen:  0)
  3506016    627000 941516848  0.003  0.001   25.719   16.353    0    0  (Gen:  0)
  3224808    737152 941858232  0.005  0.001   25.725   16.354    0    0  (Gen:  0)
  3111456    642544 942179424  0.002  0.001   25.731   16.356    0    0  (Gen:  0)
  2487104    802976 942693864  0.005  0.001   25.737   16.358    0    0  (Gen:  0)
  2160560    786352 943147880  0.003  0.001   25.743   16.360    0    0  (Gen:  0)
  2753600    475232 943440776  0.004  0.000   25.749   16.361    0    0  (Gen:  0)
  2776344    493296 943650696  0.005  0.001   25.755   16.362    0    0  (Gen:  0)
  2709480    395920 943852672  0.003  0.001   25.760   16.364    0    0  (Gen:  0)
  3138904    509872 944191664  0.003  0.001   25.767   16.366    0    0  (Gen:  0)
  2488008    523832 944398952  0.004  0.001   25.773   16.367    0    0  (Gen:  0)
  2788464    432864 944705928  0.005  0.001   25.779   16.369    0    0  (Gen:  0)
  2441944    285672 944864768  0.003  0.000   25.784   16.370    0    0  (Gen:  0)
  2746552    488416 945207808  0.002  0.001   25.789   16.372    0    0  (Gen:  0)
  2501224    645784 945513600  0.004  0.001   25.795   16.373    0    0  (Gen:  0)
  3089488    520112 945731408  0.005  0.001   25.801   16.375    0    0  (Gen:  0)
  2960328    586168 946126920  0.004  0.001   25.806   16.376    0    0  (Gen:  0)
  3188952    781368 946566384  0.005  0.001   25.813   16.378    0    0  (Gen:  0)
  2918912    754064 946927112  0.006  0.001   25.821   16.380    0    0  (Gen:  0)
  2766712    568312 947190840  0.004  0.000   25.826   16.381    0    0  (Gen:  0)
  2657728    547816 947574384  0.002  0.001   25.831   16.383    0    0  (Gen:  0)
  3391920    488424 947927072  0.004  0.001   25.838   16.385    0    0  (Gen:  0)
  3165584    653728 948307528  0.004  0.001   25.843   16.386    0    0  (Gen:  0)
  3900904    837704 948864136  0.004  0.001   25.850   16.388    0    0  (Gen:  0)
  3468696    896968 949361848  0.005  0.001   25.857   16.390    0    0  (Gen:  0)
  2968528    883512 949768656  0.003  0.001   25.862   16.391    0    0  (Gen:  0)
  2887768    982216 950275336  0.005  0.001   25.869   16.393    0    0  (Gen:  0)
  2880856    814312 950690592  0.003  0.001   25.875   16.395    0    0  (Gen:  0)
  2306728    697120 951092952  0.004  0.001   25.881   16.396    0    0  (Gen:  0)
  2761016    596480 951404160  0.005  0.001   25.886   16.398    0    0  (Gen:  0)
  3146856    430392 951622576  0.002  0.000   25.892   16.399    0    0  (Gen:  0)
  2367760    361816 951780696  0.003  0.000   25.896   16.400    0    0  (Gen:  0)
  3560944    361528 951979072  0.005  0.000   25.903   16.402    0    0  (Gen:  0)
  3938048    461792 952235728  0.005  0.001   25.910   16.404    0    0  (Gen:  0)
  3707120    579400 952585512  0.004  0.001   25.918   16.406    0    0  (Gen:  0)
  3763864    733696 952987688  0.005  0.001   25.927   16.408    0    0  (Gen:  0)
  3894320    805656 953417240  0.007  0.001   25.936   16.411    0    0  (Gen:  0)
  3737520    750088 953762200  0.007  0.001   25.945   16.413    0    0  (Gen:  0)
  3534864    587632 954018904  0.006  0.001   25.952   16.415    0    0  (Gen:  0)
  3082960    446576 954228296  0.003  0.001   25.959   16.417    0    0  (Gen:  0)
  3084608    625512 954679688  0.003  0.001   25.967   16.419    0    0  (Gen:  0)
  2660744    529440 954821536  0.004  0.001   25.973   16.420    0    0  (Gen:  0)
  2265264    560192 955250856  0.004  0.001   25.978   16.422    0    0  (Gen:  0)
  3283296    700240 955821200  0.004  0.001   25.985   16.424    0    0  (Gen:  0)
  2581312    703368 956137168  0.004  0.001   25.992   16.425    0    0  (Gen:  0)
  2458448    670344 956555352  0.003  0.001   25.997   16.427    0    0  (Gen:  0)
  2906872    892000 957190704  0.003  0.001   26.003   16.429    0    0  (Gen:  0)
  2657848    736040 957569616  0.004  0.001   26.009   16.431    0    0  (Gen:  0)
  2426720    781472 958010064  0.003  0.001   26.014   16.432    0    0  (Gen:  0)
  3604872    951096 958660608  0.007  0.001   26.023   16.434    0    0  (Gen:  0)
  2779704    926624 959042200  0.004  0.001   26.028   16.436    0    0  (Gen:  0)
  3266488    774400 959396016  0.005  0.001   26.034   16.437    0    0  (Gen:  0)
  2651344    792904 959881576  0.003  0.001   26.040   16.439    0    0  (Gen:  0)
  3173616    613768 960257000  0.005  0.001   26.047   16.441    0    0  (Gen:  0)
  3305168    744592 960641760  0.006  0.001   26.055   16.443    0    0  (Gen:  0)
  2495232    600984 960873904  0.003  0.001   26.061   16.445    0    0  (Gen:  0)
  3484608    631616 961283432  0.006  0.001   26.069   16.447    0    0  (Gen:  0)
  2946752    705792 961593952  0.003  0.001   26.076   16.449    0    0  (Gen:  0)
  3449808    686456 961992784  0.006  0.001   26.084   16.451    0    0  (Gen:  0)
  2670920    651112 962293800  0.004  0.001   26.092   16.453    0    0  (Gen:  0)
  2493096    488072 962521232  0.005  0.001   26.097   16.455    0    0  (Gen:  0)
  2058216    466792 962871960  0.003  0.001   26.102   16.456    0    0  (Gen:  0)
  3704400    332104 963136640  0.001  0.001   26.110   16.458    0    0  (Gen:  0)
  3087048    593632 963524408  0.005  0.001   26.117   16.460    0    0  (Gen:  0)
  2568952    720744 963859528  0.003  0.001   26.123   16.462    0    0  (Gen:  0)
  2667200    589632 964186168  0.004  0.001   26.129   16.464    0    0  (Gen:  0)
  2325960    672232 964607760  0.004  0.001   26.137   16.466    0    0  (Gen:  0)
  2662192    472360 964878144  0.002  0.001   26.144   16.468    0    0  (Gen:  0)
  3398792    543464 965158120  0.006  0.001   26.152   16.470    0    0  (Gen:  0)
  3545072    530448 965433968  0.004  0.001   26.161   16.472    0    0  (Gen:  0)
  3018848    617648 965765208  0.007  0.001   26.170   16.474    0    0  (Gen:  0)
  3236648    642752 966097264  0.008  0.001   26.179   16.477    0    0  (Gen:  0)
  3455248    667776 966443592  0.006  0.001   26.189   16.480    0    0  (Gen:  0)
  3311072    658832 966772584  0.006  0.001   26.200   16.482    0    0  (Gen:  0)
  3313456    581752 967040856  0.003  0.001   26.207   16.484    0    0  (Gen:  0)
  3012736    531600 967341632  0.002  0.001   26.214   16.486    0    0  (Gen:  0)
  3141680    504320 967597912  0.002  0.001   26.220   16.488    0    0  (Gen:  0)
  3050408    493800 967874992  0.005  0.001   26.227   16.490    0    0  (Gen:  0)
  3310240    839016 968507920  0.004  0.001   26.233   16.492    0    0  (Gen:  0)
  3053944   1014928 968972880  0.006  0.001   26.241   16.494    0    0  (Gen:  0)
  2499512    853616 969420800  0.003  0.001   26.248   16.495    0    0  (Gen:  0)
  3259304    831848 970050128  0.005  0.001   26.257   16.498    0    0  (Gen:  0)
  2718936    729752 970400640  0.005  0.001   26.266   16.500    0    0  (Gen:  0)
  3242232    840128 970950432  0.005  0.001   26.274   16.502    0    0  (Gen:  0)
  2837520    916392 971365952  0.005  0.001   26.280   16.504    0    0  (Gen:  0)
  2680464    943752 971916880  0.004  0.001   26.287   16.506    0    0  (Gen:  0)
  2890048    655560 972340176  0.004  0.001   26.295   16.508    0    0  (Gen:  0)
  2172688    599016 972552880  0.004  0.001   26.300   16.509    0    0  (Gen:  0)
  2757008    488744 972898920  0.004  0.001   26.305   16.511    0    0  (Gen:  0)
  2696136    700032 973441464  0.003  0.001   26.311   16.512    0    0  (Gen:  0)
  2609376    777456 973911200  0.004  0.001   26.317   16.514    0    0  (Gen:  0)
  3755824    895792 974416424  0.006  0.001   26.326   16.516    0    0  (Gen:  0)
  2747432    925112 974875288  0.007  0.001   26.334   16.518    0    0  (Gen:  0)
  2676240    582064 975236856  0.003  0.001   26.339   16.520    0    0  (Gen:  0)
  2979664    668192 975641264  0.003  0.001   26.344   16.521    0    0  (Gen:  0)
  2848424    881432 976208120  0.004  0.001   26.350   16.523    0    0  (Gen:  0)
  3018432    856808 976720864  0.003  0.001   26.355   16.524    0    0  (Gen:  0)
  2866376    937440 977271920  0.005  0.001   26.362   16.526    0    0  (Gen:  0)
  2790216    786568 977646416  0.003  0.001   26.368   16.528    0    0  (Gen:  0)
  2544776    978744 978312888  0.007  0.001   26.377   16.530    0    0  (Gen:  0)
  2800680    852264 978732952  0.004  0.001   26.383   16.532    0    0  (Gen:  0)
  2613672    744832 979093880  0.003  0.001   26.389   16.533    0    0  (Gen:  0)
  3593208    463112 979382960  0.002  0.001   26.396   16.535    0    0  (Gen:  0)
  3361120    545560 979697208  0.003  0.001   26.403   16.537    0    0  (Gen:  0)
  1907040    349720 979757432  0.001  0.001   26.408   16.538    0    0  (Gen:  0)
  2638928    352304 979986776  0.004  0.001   26.413   16.540    0    0  (Gen:  0)
  2875408    434000 980196616  0.005  0.001   26.420   16.542    0    0  (Gen:  0)
  3206608    674504 980612824  0.004  0.001   26.428   16.544    0    0  (Gen:  0)
  3368072    838784 981056248  0.006  0.001   26.436   16.546    0    0  (Gen:  0)
  3645056    656192 981299928  0.003  0.001   26.446   16.549    0    0  (Gen:  0)
  2775752    575072 981654232  0.004  0.001   26.453   16.551    0    0  (Gen:  0)
  2349016    381776 981737600  0.003  0.000   26.458   16.552    0    0  (Gen:  0)
  1991696    490120 982128352  0.005  0.001   26.464   16.554    0    0  (Gen:  0)
  2993808    356304 982371712  0.002  0.000   26.470   16.555    0    0  (Gen:  0)
  3305928    451784 982685592  0.003  0.001   26.477   16.557    0    0  (Gen:  0)
  2729368    758456 983150520  0.005  0.001   26.484   16.559    0    0  (Gen:  0)
  3180536    863120 983783072  0.005  0.001   26.490   16.561    0    0  (Gen:  0)
  1822160    528104 983989336  0.001  0.001   26.494   16.562    0    0  (Gen:  0)
  2992840    754528 984510184  0.003  0.001   26.500   16.564    0    0  (Gen:  0)
  3455064   1140008 985245064  0.006  0.001   26.508   16.566    0    0  (Gen:  0)
  3602920   1091792 985816464  0.004  0.001   26.514   16.568    0    0  (Gen:  0)
  3410424   1119440 986403432  0.006  0.001   26.522   16.570    0    0  (Gen:  0)
  3107320   1211544 987160272  0.003  0.001   26.528   16.572    0    0  (Gen:  0)
  3465584   1076256 987707976  0.005  0.001   26.535   16.574    0    0  (Gen:  0)
  3010448    772024 988231800  0.004  0.001   26.542   16.575    0    0  (Gen:  0)
  3704216    758920 988758280  0.007  0.001   26.551   16.577    0    0  (Gen:  0)
  3580104    730224 989103440  0.005  0.001   26.560   16.580    0    0  (Gen:  0)
  3163312    744784 989582160  0.004  0.001   26.567   16.582    0    0  (Gen:  0)
  3656760   1100264 990268344  0.007  0.002   26.577   16.585    0    0  (Gen:  0)
  3836576   1119024 990796600  0.007  0.002   26.586   16.587    0    0  (Gen:  0)
  3457352   1081352 991324344  0.004  0.002   26.595   16.590    0    0  (Gen:  0)
  3283328    978776 991903800  0.007  0.002   26.606   16.593    0    0  (Gen:  0)
  2352160    791976 992307744  0.007  0.001   26.614   16.595    0    0  (Gen:  0)
  1649536    449208 992409064  0.004  0.001   26.619   16.596    0    0  (Gen:  0)
  1849440    253128 992403760  0.003  0.000   26.623   16.597    0    0  (Gen:  0)
  2456032    361096 992592104  0.004  0.000   26.628   16.599    0    0  (Gen:  0)
  2138320    524280 992967144  0.003  0.001   26.632   16.600    0    0  (Gen:  0)
  2015800    438328 993320024  0.004  0.001   26.637   16.602    0    0  (Gen:  0)
  3712800    418104 993546024  0.003  0.001   26.644   16.604    0    0  (Gen:  0)
  3676456    340152 993723088  0.004  0.000   26.651   16.606    0    0  (Gen:  0)
  3543928    821224 994388736  0.005  0.001   26.659   16.608    0    0  (Gen:  0)
  2082064    881744 994669592  0.003  0.001   26.663   16.609    0    0  (Gen:  0)
  2639808    842632 995301888  0.005  0.001   26.669   16.611    0    0  (Gen:  0)
  3311880    389552 995617536  0.002  0.000   26.676   16.613    0    0  (Gen:  0)
  2958304    503784 995889008  0.002  0.001   26.683   16.615    0    0  (Gen:  0)
  2472288    665912 996295344  0.003  0.001   26.689   16.617    0    0  (Gen:  0)
  2157608    664448 996599960  0.003  0.001   26.695   16.618    0    0  (Gen:  0)
  2021376    529552 996847336  0.002  0.001   26.699   16.620    0    0  (Gen:  0)
  1994392    471328 997166424  0.001  0.000   26.703   16.621    0    0  (Gen:  0)
  2782096    443928 997460376  0.002  0.001   26.710   16.623    0    0  (Gen:  0)
  2086000    431248 997692552  0.002  0.001   26.714   16.624    0    0  (Gen:  0)
  2537624    690544 998270400  0.002  0.001   26.719   16.626    0    0  (Gen:  0)
  2380576    662264 998644080  0.002  0.001   26.724   16.627    0    0  (Gen:  0)
  1473728    549512 998942264  0.002  0.001   26.727   16.629    0    0  (Gen:  0)
  1540896    551448 999256704  0.002  0.001   26.731   16.630    0    0  (Gen:  0)
  1684296    301776 999446984  0.001  0.000   26.735   16.632    0    0  (Gen:  0)
  1888080    385112 999659232  0.001  0.000   26.738   16.633    0    0  (Gen:  0)
  1771200    387664 999836664  0.001  0.001   26.743   16.635    0    0  (Gen:  0)
  1551584    240424 999926712  0.001  0.000   26.748   16.637    0    0  (Gen:  0)
  1746264    175368 1000013056  0.001  0.000   26.751   16.639    0    0  (Gen:  0)
  1971248    254432 1000183256  0.001  0.001   26.755   16.641    0    0  (Gen:  0)
  1398480    304456 1000320984  0.002  0.001   26.760   16.643    0    0  (Gen:  0)
  1888976    430056 1000616160  0.002  0.001   26.764   16.644    0    0  (Gen:  0)
  1728344    597448 1000976360  0.002  0.001   26.769   16.646    0    0  (Gen:  0)
  1709456    680400 1001358112  0.003  0.001   26.775   16.648    0    0  (Gen:  0)
  1266112    412888 1001453368  0.002  0.001   26.779   16.649    0    0  (Gen:  0)
  1456440     80288 1001442320  0.000  0.000   26.781   16.650    0    0  (Gen:  0)
  1306024    329248 1001749296  0.002  0.000   26.784   16.651    0    0  (Gen:  0)
  1626696    462816 1002166880  0.002  0.001   26.787   16.653    0    0  (Gen:  0)
  1749816    470392 1002491624  0.003  0.001   26.791   16.654    0    0  (Gen:  0)
  1812528    491336 1002721152  0.002  0.001   26.796   16.656    0    0  (Gen:  0)
  1634920    393416 1002967112  0.001  0.001   26.799   16.657    0    0  (Gen:  0)
  1860952    464944 1003366272  0.002  0.001   26.803   16.659    0    0  (Gen:  0)
  2002856    488464 1003616696  0.002  0.001   26.808   16.660    0    0  (Gen:  0)
  2014448    569728 1003988024  0.002  0.000   26.812   16.662    0    0  (Gen:  0)
  1556792    536792 1004259616  0.002  0.001   26.815   16.664    0    0  (Gen:  0)
  1332288    504520 1004562168  0.002  0.001   26.819   16.665    0    0  (Gen:  0)
  1702752    369392 1004780040  0.001  0.000   26.823   16.666    0    0  (Gen:  0)
  1519792    508728 1005135728  0.002  0.001   26.826   16.668    0    0  (Gen:  0)
  1780904    215368 1005305088  0.001  0.000   26.830   16.669    0    0  (Gen:  0)
  1951712    280072 1005429248  0.001  0.000   26.833   16.670    0    0  (Gen:  0)
  1982176    276544 1005599272  0.001  0.000   26.837   16.672    0    0  (Gen:  0)
  2075104    329520 1005769112  0.002  0.000   26.842   16.674    0    0  (Gen:  0)
  1693600    294400 1005931992  0.001  0.000   26.845   16.676    0    0  (Gen:  0)
  1426968    336432 1006142168  0.001  0.000   26.848   16.677    0    0  (Gen:  0)
  2849376    548936 1006708288  0.003  0.000   26.853   16.679    0    0  (Gen:  0)
  2559568   1014312 1007218384  0.003  0.001   26.858   16.680    0    0  (Gen:  0)
  2664280    796848 1007549256  0.002  0.001   26.862   16.682    0    0  (Gen:  0)
  2465248    805488 1008020784  0.002  0.001   26.866   16.683    0    0  (Gen:  0)
  1282160    587032 1008279520  0.002  0.001   26.869   16.684    0    0  (Gen:  0)
  2880032    628528 1008703448  0.002  0.001   26.875   16.686    0    0  (Gen:  0)
  2372752    887840 1009336632  0.003  0.001   26.880   16.688    0    0  (Gen:  0)
  2996120    899704 1009912920  0.003  0.001   26.886   16.690    0    0  (Gen:  0)
  2274808    463944 1010152728  0.001  0.000   26.890   16.691    0    0  (Gen:  0)
  2504920    530560 1010448720  0.002  0.001   26.896   16.693    0    0  (Gen:  0)
  2413600    499040 1010687864  0.001  0.001   26.900   16.694    0    0  (Gen:  0)
  2602328    359296 1010897752  0.001  0.000   26.905   16.696    0    0  (Gen:  0)
  2924608    611616 1011333272  0.002  0.001   26.910   16.697    0    0  (Gen:  0)
  3040120    815064 1011776928  0.004  0.001   26.917   16.699    0    0  (Gen:  0)
  2491208    599256 1011990864  0.002  0.001   26.921   16.701    0    0  (Gen:  0)
  2564128    558656 1012407200  0.002  0.001   26.926   16.702    0    0  (Gen:  0)
  2521520    319312 1012594744  0.001  0.000   26.930   16.703    0    0  (Gen:  0)
  2364040    328992 1012783536  0.001  0.000   26.934   16.705    0    0  (Gen:  0)
  1893064    314184 1012925768  0.001  0.000   26.936   16.706    0    0  (Gen:  0)
  1904104    342368 1013125760  0.001  0.000   26.940   16.707    0    0  (Gen:  0)
  1956512    348848 1013293184  0.001  0.001   26.943   16.708    0    0  (Gen:  0)
  1992312    378752 1013529872  0.001  0.001   26.947   16.710    0    0  (Gen:  0)
  2003592    275120 1013589280  0.001  0.000   26.950   16.711    0    0  (Gen:  0)
  1689800    197976 1013726776  0.001  0.000   26.952   16.712    0    0  (Gen:  0)
  1835992    193224 1013807792  0.001  0.000   26.954   16.713    0    0  (Gen:  0)
  2046512    260400 1014077640  0.001  0.000   26.958   16.715    0    0  (Gen:  0)
  1878088    330792 1014238152  0.002  0.000   26.962   16.716    0    0  (Gen:  0)
  1558416    273624 1014330184  0.002  0.000   26.965   16.717    0    0  (Gen:  0)
  1992616    186016 1014423232  0.001  0.000   26.969   16.719    0    0  (Gen:  0)
  1930560    153848 1014500344  0.001  0.000   26.973   16.720    0    0  (Gen:  0)
  2002120    103840 1014528704  0.001  0.000   26.976   16.722    0    0  (Gen:  0)
  1991552     44488 1014554888  0.000  0.000   26.978   16.723    0    0  (Gen:  0)
  1965200     43440 1014581464  0.000  0.000   26.981   16.724    0    0  (Gen:  0)
  2039096     44384 1014608776  0.000  0.000   26.984   16.726    0    0  (Gen:  0)
  1943688    163208 1014753096  0.001  0.000   26.987   16.727    0    0  (Gen:  0)
  2035424    250056 1014940000  0.001  0.000   26.991   16.729    0    0  (Gen:  0)
  1651072    283976 1015112904  0.001  0.000   26.995   16.730    0    0  (Gen:  0)
  1845616    283488 1015237256  0.001  0.000   26.999   16.732    0    0  (Gen:  0)
  1553904    203600 1015315104  0.001  0.000   27.001   16.733    0    0  (Gen:  0)
  1989088    262952 1015495384  0.001  0.000   27.005   16.735    0    0  (Gen:  0)
  2022624    329016 1015656952  0.001  0.000   27.010   16.737    0    0  (Gen:  0)
  1968288    381704 1015878648  0.002  0.001   27.014   16.738    0    0  (Gen:  0)
  1767472    412680 1016071824  0.001  0.001   27.019   16.740    0    0  (Gen:  0)
  2020032    310888 1016201960  0.001  0.001   27.023   16.742    0    0  (Gen:  0)
  2013288    352240 1016414344  0.002  0.001   27.028   16.744    0    0  (Gen:  0)
  1982104    398064 1016609968  0.002  0.001   27.034   16.746    0    0  (Gen:  0)
  1738768    376040 1016805728  0.002  0.001   27.039   16.748    0    0  (Gen:  0)
  1832720    377248 1016991224  0.002  0.001   27.044   16.750    0    0  (Gen:  0)
  1875984    356144 1017168664  0.002  0.001   27.049   16.752    0    0  (Gen:  0)
  1930296    321008 1017315632  0.002  0.000   27.053   16.754    0    0  (Gen:  0)
  1823216    347616 1017513448  0.002  0.001   27.057   16.756    0    0  (Gen:  0)
  1988984    422848 1017743760  0.002  0.001   27.062   16.758    0    0  (Gen:  0)
  1656080    302456 1017827808  0.001  0.000   27.066   16.760    0    0  (Gen:  0)
  1636376    163976 1017940400  0.001  0.000   27.070   16.761    0    0  (Gen:  0)
  2045928    292048 1018147472  0.001  0.001   27.075   16.763    0    0  (Gen:  0)
  2098328    414784 1018398536  0.002  0.001   27.081   16.766    0    0  (Gen:  0)
  1941288    407296 1018598672  0.002  0.001   27.086   16.768    0    0  (Gen:  0)
  1961472    419248 1018826336  0.002  0.001   27.092   16.770    0    0  (Gen:  0)
  1832176    389520 1018999136  0.002  0.001   27.097   16.772    0    0  (Gen:  0)
  1929632    246720 1019074744  0.001  0.000   27.100   16.774    0    0  (Gen:  0)
  1937512    118520 1019114296  0.001  0.000   27.103   16.775    0    0  (Gen:  0)
  2010016    172384 1019239984  0.001  0.000   27.106   16.776    0    0  (Gen:  0)
  1776832    251936 1019367048  0.001  0.000   27.110   16.778    0    0  (Gen:  0)
  1874064    339360 1019581568  0.002  0.001   27.115   16.780    0    0  (Gen:  0)
  1919432    409680 1019784160  0.002  0.001   27.121   16.782    0    0  (Gen:  0)
  1936416    403192 1020027008  0.002  0.001   27.126   16.784    0    0  (Gen:  0)
  1925840    410728 1020237336  0.002  0.001   27.131   16.786    0    0  (Gen:  0)
  2058544    417616 1020454376  0.002  0.001   27.137   16.789    0    0  (Gen:  0)
  2788104    473192 1020717944  0.002  0.001   27.143   16.791    0    0  (Gen:  0)
  1828824    432200 1020902672  0.002  0.001   27.149   16.794    0    0  (Gen:  0)
  1767000    378792 1021105280  0.002  0.001   27.154   16.796    0    0  (Gen:  0)
  1917344    329944 1021249288  0.003  0.001   27.161   16.799    0    0  (Gen:  0)
  1769928    261984 1021374640  0.002  0.001   27.166   16.801    0    0  (Gen:  0)
  1988104    319392 1021572448  0.002  0.001   27.170   16.803    0    0  (Gen:  0)
  1942280    346136 1021746144  0.002  0.001   27.176   16.805    0    0  (Gen:  0)
  1969464    321256 1021904824  0.002  0.001   27.181   16.807    0    0  (Gen:  0)
  1786272    378112 1022167648  0.002  0.001   27.185   16.808    0    0  (Gen:  0)
  1703632    562296 1022529736  0.002  0.001   27.189   16.810    0    0  (Gen:  0)
  1597392    632096 1022858384  0.004  0.001   27.194   16.812    0    0  (Gen:  0)
  1550784    622992 1023200320  0.003  0.001   27.200   16.814    0    0  (Gen:  0)
  1763776    644176 1023573536  0.003  0.001   27.205   16.816    0    0  (Gen:  0)
  1590296    647144 1023909152  0.003  0.001   27.211   16.818    0    0  (Gen:  0)
  1577528    603848 1024238072  0.003  0.001   27.217   16.820    0    0  (Gen:  0)
  1331296    570440 1024533784  0.004  0.001   27.223   16.822    0    0  (Gen:  0)
  1314800    339400 1024611808  0.001  0.001   27.226   16.823    0    0  (Gen:  0)
  1266856    273232 1024734744  0.001  0.000   27.228   16.824    0    0  (Gen:  0)
  1455552    245264 1024813560  0.001  0.000   27.231   16.826    0    0  (Gen:  0)
  1297928    329056 1025113016  0.002  0.001   27.234   16.827    0    0  (Gen:  0)
  1358352    310168 1025404280  0.001  0.000   27.237   16.828    0    0  (Gen:  0)
  1579824    268288 1025508792  0.001  0.000   27.240   16.829    0    0  (Gen:  0)
  2016008    131792 1025591824  0.001  0.000   27.244   16.831    0    0  (Gen:  0)
  1038312    110568 1025645712  0.001  0.000   27.246   16.832    0    0  (Gen:  0)
  1037904    112336 1025699848  0.001  0.000   27.248   16.834    0    0  (Gen:  0)
  1040176    116168 1025756640  0.001  0.000   27.250   16.835    0    0  (Gen:  0)
  1041448    102920 1025808520  0.001  0.000   27.253   16.837    0    0  (Gen:  0)
  1036528    181936 1025940648  0.001  0.000   27.254   16.838    0    0  (Gen:  0)
  1040440    376504 1026215208  0.002  0.001   27.257   16.840    0    0  (Gen:  0)
  1040256    503448 1026499208  0.003  0.001   27.262   16.842    0    0  (Gen:  0)
  1040088    513072 1026779272  0.003  0.001   27.266   16.844    0    0  (Gen:  0)
  1039400    499072 1027048528  0.002  0.001   27.271   16.846    0    0  (Gen:  0)
  1039496    462968 1027304512  0.002  0.001   27.275   16.848    0    0  (Gen:  0)
  1040664    477808 1027568168  0.002  0.001   27.279   16.850    0    0  (Gen:  0)
  1040768    481448 1027850280  0.002  0.001   27.283   16.851    0    0  (Gen:  0)
  1040968    487176 1028119688  0.002  0.001   27.288   16.853    0    0  (Gen:  0)
  1041144    501944 1028402024  0.003  0.001   27.292   16.855    0    0  (Gen:  0)
  1140192    283312 1028469688  0.001  0.000   27.294   16.856    0    0  (Gen:  0)
  1041232    150960 1028440344  0.000  0.000   27.295   16.857    0    0  (Gen:  0)
  1043888    112336 1028457656  0.001  0.000   27.297   16.858    0    0  (Gen:  0)
  1041304    319112 1028738936  0.002  0.001   27.299   16.859    0    0  (Gen:  0)
  1075592    310432 1029033752  0.002  0.000   27.301   16.860    0    0  (Gen:  0)
  1032352    296576 1029262440  0.001  0.000   27.303   16.861    0    0  (Gen:  0)
  1041624    209208 1029293672  0.001  0.000   27.306   16.862    0    0  (Gen:  0)
  2130368    271336 1029645864  0.001  0.000   27.309   16.864    0    0  (Gen:  0)
  3497712   1050816 1030468584  0.003  0.001   27.314   16.866    0    0  (Gen:  0)
  3589264   1338344 1031057712  0.003  0.001   27.321   16.868    0    0  (Gen:  0)
  3140496   1257296 1031770360  0.005  0.001   27.328   16.870    0    0  (Gen:  0)
  3411968   1230928 1032440872  0.003  0.001   27.334   16.871    0    0  (Gen:  0)
  3749520   1112200 1033148280  0.004  0.001   27.341   16.874    0    0  (Gen:  0)
  3025712    940776 1033738072  0.004  0.001   27.347   16.875    0    0  (Gen:  0)
  1440424    635680 1034000360  0.003  0.001   27.351   16.876    0    0  (Gen:  0)
  3286568    555912 1034460376  0.002  0.001   27.357   16.878    0    0  (Gen:  0)
  3347456    849400 1034898344  0.005  0.001   27.365   16.880    0    0  (Gen:  0)
  2243824    834680 1035407808  0.005  0.001   27.371   16.881    0    0  (Gen:  0)
  2779320    465176 1035757648  0.004  0.001   27.376   16.883    0    0  (Gen:  0)
  3047288    571216 1036066432  0.004  0.001   27.382   16.884    0    0  (Gen:  0)
  3065816    698384 1036498072  0.005  0.001   27.389   16.886    0    0  (Gen:  0)
  3472152    447656 1036773512  0.002  0.001   27.396   16.888    0    0  (Gen:  0)
  2675944    512576 1037035984  0.002  0.001   27.402   16.890    0    0  (Gen:  0)
  2446488    513272 1037314656  0.002  0.001   27.407   16.892    0    0  (Gen:  0)
  3003856    517272 1037580472  0.002  0.001   27.414   16.894    0    0  (Gen:  0)
  2766936    537176 1037877224  0.003  0.001   27.421   16.896    0    0  (Gen:  0)
  2750208    518056 1038126720  0.003  0.001   27.428   16.898    0    0  (Gen:  0)
  2773560    474720 1038382400  0.002  0.001   27.434   16.900    0    0  (Gen:  0)
  2354088    626072 1038774488  0.004  0.001   27.442   16.902    0    0  (Gen:  0)
  2661024    690776 1039139952  0.004  0.001   27.449   16.905    0    0  (Gen:  0)
  1971208    679256 1039531112  0.004  0.001   27.455   16.906    0    0  (Gen:  0)
  2701000    459648 1039895992  0.002  0.001   27.460   16.908    0    0  (Gen:  0)
  2115432    411424 1040069664  0.002  0.001   27.466   16.910    0    0  (Gen:  0)
  1998256    270064 1040168992  0.001  0.000   27.470   16.912    0    0  (Gen:  0)
  2041920    143384 1040227400  0.001  0.000   27.474   16.913    0    0  (Gen:  0)
  1869160    162360 1040339752  0.001  0.000   27.478   16.915    0    0  (Gen:  0)
  1940712    230064 1040466952  0.001  0.000   27.482   16.917    0    0  (Gen:  0)
  2056504    192592 1040542000  0.001  0.000   27.486   16.919    0    0  (Gen:  0)
  1931904    198360 1040673712  0.001  0.000   27.489   16.920    0    0  (Gen:  0)
  1972792    355232 1040910680  0.001  0.000   27.493   16.922    0    0  (Gen:  0)
  1946848    489504 1041199256  0.002  0.001   27.497   16.923    0    0  (Gen:  0)
  1383160    555816 1041516832  0.003  0.001   27.503   16.925    0    0  (Gen:  0)
  1281784    340600 1041595408  0.002  0.001   27.507   16.927    0    0  (Gen:  0)
  1450840    212304 1041704512  0.001  0.000   27.509   16.928    0    0  (Gen:  0)
  1220384    379984 1042015480  0.003  0.001   27.512   16.929    0    0  (Gen:  0)
  1586056    281064 1042261248  0.001  0.000   27.516   16.930    0    0  (Gen:  0)
  1827184    233048 1042359960  0.001  0.000   27.520   16.933    0    0  (Gen:  0)
  1037416    227640 1042475456  0.001  0.001   27.523   16.935    0    0  (Gen:  0)
  1037232    209576 1042577240  0.001  0.001   27.527   16.937    0    0  (Gen:  0)
  1037976    178680 1042655592  0.001  0.000   27.530   16.939    0    0  (Gen:  0)
  1073200    174896 1042784104  0.001  0.000   27.533   16.941    0    0  (Gen:  0)
  1037704    207080 1042892104  0.001  0.001   27.536   16.943    0    0  (Gen:  0)
  1038912    167432 1042955216  0.001  0.000   27.539   16.944    0    0  (Gen:  0)
  1034296    166304 1043056464  0.001  0.000   27.542   16.946    0    0  (Gen:  0)
  1033456    201552 1043160688  0.001  0.001   27.545   16.948    0    0  (Gen:  0)
  1037448    217952 1043278520  0.001  0.001   27.548   16.950    0    0  (Gen:  0)
  1036744    205352 1043368280  0.001  0.001   27.552   16.952    0    0  (Gen:  0)
  1038120    172032 1043453976  0.001  0.001   27.555   16.954    0    0  (Gen:  0)
  1038360    200272 1043566432  0.001  0.001   27.559   16.956    0    0  (Gen:  0)
  1037816    232512 1043694248  0.001  0.001   27.562   16.958    0    0  (Gen:  0)
  1036896    191112 1043760512  0.001  0.000   27.565   16.960    0    0  (Gen:  0)
  1031728    193512 1043883432  0.001  0.001   27.568   16.962    0    0  (Gen:  0)
  1036280    236320 1044004832  0.001  0.000   27.571   16.963    0    0  (Gen:  0)
  1036944    240392 1044124800  0.001  0.001   27.574   16.965    0    0  (Gen:  0)
  1072800    230416 1044270576  0.001  0.001   27.577   16.967    0    0  (Gen:  0)
  1034816    227296 1044383648  0.001  0.001   27.581   16.969    0    0  (Gen:  0)
  1035984    230384 1044503104  0.001  0.000   27.584   16.971    0    0  (Gen:  0)
  1037392    241760 1044626872  0.001  0.001   27.588   16.973    0    0  (Gen:  0)
  1035344    242528 1044748424  0.001  0.001   27.591   16.976    0    0  (Gen:  0)
  1037888    241552 1044870856  0.001  0.001   27.595   16.978    0    0  (Gen:  0)
  1034016    215992 1044965128  0.001  0.000   27.598   16.980    0    0  (Gen:  0)
  1038032    221184 1045088040  0.001  0.001   27.601   16.982    0    0  (Gen:  0)
  1038296    212800 1045183360  0.001  0.000   27.604   16.984    0    0  (Gen:  0)
  1036960    215992 1045303288  0.001  0.000   27.607   16.985    0    0  (Gen:  0)
  1036136    232944 1045421536  0.001  0.001   27.610   16.988    0    0  (Gen:  0)
  1036360    217272 1045524576  0.001  0.001   27.613   16.989    0    0  (Gen:  0)
  1726872    290952 1045747376  0.002  0.001   27.619   16.993    0    0  (Gen:  0)
  1033248    284480 1045855352  0.002  0.001   27.624   16.996    0    0  (Gen:  0)
  1628432    216408 1045972216  0.001  0.001   27.628   16.999    0    0  (Gen:  0)
  1037016    211352 1046076504  0.001  0.001   27.633   17.002    0    0  (Gen:  0)
  1038272    207640 1046184464  0.001  0.001   27.637   17.004    0    0  (Gen:  0)
  1035448    217072 1046296536  0.001  0.001   27.641   17.007    0    0  (Gen:  0)
  1033240    231824 1046422488  0.001  0.001   27.645   17.009    0    0  (Gen:  0)
  1038040    224136 1046533648  0.001  0.001   27.649   17.012    0    0  (Gen:  0)
  1032360    236784 1046670032  0.001  0.000   27.652   17.014    0    0  (Gen:  0)
  1038152    235056 1046770568  0.001  0.000   27.655   17.016    0    0  (Gen:  0)
  1040848    111560 1046823104  0.001  0.000   27.658   17.017    0    0  (Gen:  0)
  1040240     95832 1046880152  0.001  0.000   27.660   17.019    0    0  (Gen:  0)
  1039760    103920 1046935152  0.001  0.000   27.662   17.020    0    0  (Gen:  0)
  1038528     95200 1046982616  0.001  0.000   27.664   17.022    0    0  (Gen:  0)
  1041536    107472 1047047560  0.001  0.000   27.666   17.023    0    0  (Gen:  0)
  1040952    119288 1047100064  0.001  0.000   27.668   17.025    0    0  (Gen:  0)
  1042120    189016 1047229888  0.001  0.000   27.670   17.026    0    0  (Gen:  0)
  1040384    139144 1047302792  0.001  0.000   27.673   17.028    0    0  (Gen:  0)
  1036000    226400 1047481960  0.001  0.000   27.675   17.029    0    0  (Gen:  0)
  1037168    399104 1047716280  0.002  0.001   27.678   17.031    0    0  (Gen:  0)
  1039992    416040 1047954880  0.002  0.001   27.682   17.032    0    0  (Gen:  0)
  1039888    425344 1048200072  0.002  0.001   27.685   17.034    0    0  (Gen:  0)
  1040112    451624 1048456672  0.002  0.001   27.689   17.036    0    0  (Gen:  0)
  1039312    464592 1048711912  0.002  0.001   27.694   17.038    0    0  (Gen:  0)
  1040056    458312 1048971464  0.003  0.001   27.698   17.040    0    0  (Gen:  0)
  1070216    429400 1049231784  0.002  0.001   27.701   17.041    0    0  (Gen:  0)
  1039872    435320 1049469280  0.002  0.001   27.705   17.043    0    0  (Gen:  0)
  1039720    469832 1049736024  0.002  0.001   27.709   17.045    0    0  (Gen:  0)
  1038016    500176 1050029056  0.002  0.001   27.713   17.047    0    0  (Gen:  0)
  1141008    275920 1050122632  0.001  0.000   27.716   17.048    0    0  (Gen:  0)
  1041936     92464 1050057456  0.000  0.000   27.717   17.048    0    0  (Gen:  0)
  1044392     70736 1050079464  0.000  0.000   27.718   17.049    0    0  (Gen:  0)
  1041240    306712 1050373184  0.002  0.001   27.721   17.050    0    0  (Gen:  0)
  1041952    320984 1050660608  0.002  0.001   27.723   17.051    0    0  (Gen:  0)
  1027184    239072 1050886200  0.001  0.000   27.725   17.053    0    0  (Gen:  0)
  1044656    220800 1050964488  0.001  0.000   27.727   17.054    0    0  (Gen:  0)
  3064072    534568 1051536384  0.001  0.000   27.732   17.057    0    0  (Gen:  0)
  1959216    985712 1052018560  0.003  0.001   27.737   17.058    0    0  (Gen:  0)
  1038992    779352 1052328656  0.003  0.001   27.740   17.060    0    0  (Gen:  0)
  1740056    541632 1052712888  0.002  0.001   27.744   17.061    0    0  (Gen:  0)
  1614512    568160 1052993160  0.002  0.001   27.747   17.063    0    0  (Gen:  0)
  1729888    512024 1053344920  0.002  0.001   27.751   17.064    0    0  (Gen:  0)
  1791904    883696 1053971536  0.002  0.001   27.754   17.065    0    0  (Gen:  0)
  1914312    382152 1054233848  0.001  0.000   27.757   17.066    0    0  (Gen:  0)
  1964064    454248 1054455272  0.001  0.000   27.761   17.068    0    0  (Gen:  0)
  1961648    318840 1054585904  0.001  0.000   27.763   17.069    0    0  (Gen:  0)
  1894792    274264 1054759648  0.001  0.000   27.767   17.070    0    0  (Gen:  0)
  1814464    296976 1054901320  0.001  0.000   27.770   17.072    0    0  (Gen:  0)
  1603760    230232 1055002360  0.001  0.000   27.773   17.073    0    0  (Gen:  0)
  1698104    205800 1055116512  0.001  0.000   27.776   17.074    0    0  (Gen:  0)
  1743328    136160 1055139784  0.001  0.000   27.779   17.075    0    0  (Gen:  0)
  1920992    163384 1055253848  0.001  0.000   27.782   17.077    0    0  (Gen:  0)
  1771632    204280 1055355768  0.001  0.001   27.786   17.078    0    0  (Gen:  0)
  1908312    225720 1055498720  0.001  0.000   27.791   17.080    0    0  (Gen:  0)
  1579360    346344 1055712120  0.001  0.000   27.794   17.082    0    0  (Gen:  0)
  1830952    443504 1055951088  0.001  0.001   27.798   17.083    0    0  (Gen:  0)
  2032808    464568 1056181968  0.002  0.001   27.804   17.086    0    0  (Gen:  0)
  1999992    392440 1056363152  0.001  0.001   27.808   17.087    0    0  (Gen:  0)
  1825888    292024 1056480888  0.002  0.001   27.813   17.089    0    0  (Gen:  0)
  1758112    229920 1056596232  0.001  0.000   27.817   17.091    0    0  (Gen:  0)
  1541248    238072 1056719160  0.001  0.000   27.820   17.092    0    0  (Gen:  0)
  1716640    315408 1056911992  0.002  0.001   27.825   17.094    0    0  (Gen:  0)
  1873496    401056 1057127408  0.002  0.001   27.830   17.096    0    0  (Gen:  0)
  2068568    461992 1057383352  0.002  0.001   27.835   17.098    0    0  (Gen:  0)
  1957856    466344 1057611064  0.002  0.001   27.840   17.100    0    0  (Gen:  0)
  1919352    447952 1057843856  0.002  0.001   27.845   17.102    0    0  (Gen:  0)
  1942296    333712 1057960936  0.002  0.001   27.851   17.104    0    0  (Gen:  0)
  1984072    283832 1058129440  0.002  0.001   27.856   17.106    0    0  (Gen:  0)
  2004840    288168 1058257848  0.002  0.001   27.860   17.108    0    0  (Gen:  0)
  2020704    278416 1058402040  0.002  0.000   27.864   17.110    0    0  (Gen:  0)
  2082544    438304 1058722144  0.002  0.001   27.868   17.111    0    0  (Gen:  0)
  2037664    562016 1059020424  0.002  0.001   27.872   17.113    0    0  (Gen:  0)
  1745880    461888 1059228568  0.002  0.001   27.877   17.114    0    0  (Gen:  0)
  1685896    307504 1059360008  0.001  0.000   27.880   17.116    0    0  (Gen:  0)
  1446304    373976 1059681768  0.002  0.001   27.883   17.117    0    0  (Gen:  0)
  1849984    518824 1060173160  0.002  0.001   27.887   17.119    0    0  (Gen:  0)
  1759592    561152 1060427456  0.003  0.001   27.893   17.121    0    0  (Gen:  0)
  1102312    492168 1060695880  0.002  0.001   27.897   17.122    0    0  (Gen:  0)
  1073480    456504 1060934656  0.002  0.001   27.901   17.124    0    0  (Gen:  0)
  1044392    174392 1060906360  0.001  0.000   27.903   17.125    0    0  (Gen:  0)
  1041408    297424 1061198648  0.002  0.001   27.906   17.126    0    0  (Gen:  0)
  1030712    284936 1061465904  0.001  0.000   27.908   17.127    0    0  (Gen:  0)
  1142280    126320 1061515200  0.001  0.000   27.910   17.129    0    0  (Gen:  0)
  2373960    433824 1062006328  0.002  0.000   27.914   17.131    0    0  (Gen:  0)
  1802896    886432 1062466272  0.003  0.001   27.918   17.132    0    0  (Gen:  0)
  1707408    630472 1062818536  0.002  0.001   27.921   17.133    0    0  (Gen:  0)
  2040744    927624 1063423064  0.003  0.001   27.925   17.135    0    0  (Gen:  0)
  1990888    306720 1063592768  0.001  0.000   27.928   17.136    0    0  (Gen:  0)
  1920928    467512 1063910672  0.002  0.001   27.932   17.137    0    0  (Gen:  0)
  1291656    565784 1064303136  0.003  0.001   27.936   17.139    0    0  (Gen:  0)
  1303096    212464 1064459704  0.001  0.000   27.939   17.140    0    0  (Gen:  0)
  1368776    290464 1064622296  0.002  0.001   27.944   17.142    0    0  (Gen:  0)
  1764544    267280 1064741472  0.002  0.001   27.947   17.143    0    0  (Gen:  0)
  1742368    325704 1064947936  0.002  0.001   27.951   17.145    0    0  (Gen:  0)
  1995928    510464 1065318400  0.003  0.001   27.957   17.147    0    0  (Gen:  0)
  1724216    511680 1065518968  0.002  0.001   27.960   17.149    0    0  (Gen:  0)
  1862704    428808 1065745800  0.002  0.001   27.965   17.150    0    0  (Gen:  0)
  1902200    328648 1065860600  0.002  0.000   27.969   17.152    0    0  (Gen:  0)
  2055120    262368 1066023488  0.001  0.000   27.974   17.154    0    0  (Gen:  0)
  1802392    241824 1066129296  0.001  0.000   27.978   17.156    0    0  (Gen:  0)
  1649752    361304 1066394776  0.001  0.000   27.981   17.158    0    0  (Gen:  0)
  1617096    445656 1066619984  0.002  0.001   27.985   17.159    0    0  (Gen:  0)
  1598104    300960 1066717024  0.001  0.000   27.989   17.160    0    0  (Gen:  0)
  1539424    296520 1067003280  0.002  0.000   27.992   17.161    0    0  (Gen:  0)
  1997160    115056 1067090512  0.001  0.000   27.995   17.163    0    0  (Gen:  0)
  1037136    153368 1067199128  0.002  0.000   27.998   17.165    0    0  (Gen:  0)
  1035568    207864 1067304944  0.002  0.001   28.002   17.167    0    0  (Gen:  0)
  1036664    221424 1067428040  0.002  0.001   28.006   17.169    0    0  (Gen:  0)
  1036752    221816 1067530800  0.002  0.001   28.009   17.171    0    0  (Gen:  0)
  1038904    188248 1067616024  0.002  0.001   28.013   17.173    0    0  (Gen:  0)
  1036640    210656 1067741392  0.002  0.001   28.016   17.175    0    0  (Gen:  0)
  1036200    250856 1067864728  0.002  0.001   28.020   17.177    0    0  (Gen:  0)
  1036152    249144 1067990424  0.002  0.001   28.023   17.179    0    0  (Gen:  0)
  1035384    227728 1068094432  0.002  0.001   28.027   17.181    0    0  (Gen:  0)
  1037976    226440 1068216952  0.002  0.001   28.030   17.183    0    0  (Gen:  0)
  1036384    228896 1068325128  0.002  0.001   28.033   17.185    0    0  (Gen:  0)
  1034768    221880 1068438928  0.002  0.001   28.037   17.187    0    0  (Gen:  0)
  1036632    238840 1068570840  0.002  0.001   28.041   17.189    0    0  (Gen:  0)
  1035144    244232 1068684304  0.002  0.001   28.044   17.191    0    0  (Gen:  0)
  1035288    230608 1068806632  0.002  0.001   28.048   17.193    0    0  (Gen:  0)
  1036272    225568 1068915944  0.001  0.001   28.051   17.195    0    0  (Gen:  0)
  1037936    232320 1069043224  0.002  0.001   28.055   17.197    0    0  (Gen:  0)
  1027864    268264 1069186072  0.002  0.001   28.058   17.199    0    0  (Gen:  0)
  1029072    179696 1069239256  0.002  0.000   28.061   17.201    0    0  (Gen:  0)
  1037128    163312 1069349872  0.002  0.000   28.063   17.202    0    0  (Gen:  0)
  1040416    238488 1069480056  0.002  0.001   28.066   17.204    0    0  (Gen:  0)
  1039368    246808 1069598480  0.002  0.001   28.069   17.205    0    0  (Gen:  0)
  1037976    216848 1069695568  0.002  0.001   28.072   17.207    0    0  (Gen:  0)
  1035088    196160 1069790960  0.002  0.001   28.076   17.210    0    0  (Gen:  0)
  1829960    161648 1069863064  0.001  0.000   28.079   17.211    0    0  (Gen:  0)
  1040368    105016 1069915272  0.001  0.000   28.081   17.213    0    0  (Gen:  0)
  1041344    114504 1069978472  0.001  0.000   28.083   17.215    0    0  (Gen:  0)
  1041680    120656 1070038032  0.001  0.000   28.085   17.216    0    0  (Gen:  0)
  1038792    126672 1070102000  0.001  0.000   28.088   17.218    0    0  (Gen:  0)
  1039696    196072 1070242528  0.001  0.000   28.090   17.219    0    0  (Gen:  0)
  1038440    148984 1070250760  0.001  0.000   28.092   17.220    0    0  (Gen:  0)
  1040824    170440 1070335680  0.001  0.000   28.093   17.221    0    0  (Gen:  0)
  1037712    143360 1070374968  0.001  0.000   28.095   17.223    0    0  (Gen:  0)
  1038232    152624 1070439552  0.001  0.000   28.097   17.224    0    0  (Gen:  0)
  1041104     88952 1070443720  0.000  0.000   28.098   17.224    0    0  (Gen:  0)
  1040000     95000 1070491008  0.000  0.000   28.099   17.225    0    0  (Gen:  0)
  1040328    105712 1070541176  0.001  0.000   28.101   17.226    0    0  (Gen:  0)
  1039568    112528 1070597496  0.000  0.000   28.103   17.228    0    0  (Gen:  0)
  1041656    134496 1070674560  0.001  0.000   28.104   17.229    0    0  (Gen:  0)
  1040424     83224 1070679192  0.000  0.000   28.105   17.229    0    0  (Gen:  0)
  1040128     97672 1070729272  0.000  0.000   28.107   17.230    0    0  (Gen:  0)
  1074728    114224 1070818576  0.001  0.000   28.108   17.232    0    0  (Gen:  0)
  1040008    100848 1070856640  0.001  0.000   28.110   17.233    0    0  (Gen:  0)
  1040128    156920 1070956648  0.001  0.000   28.112   17.234    0    0  (Gen:  0)
  1038328    259128 1071176784  0.002  0.001   28.116   17.236    0    0  (Gen:  0)
  1039904    461904 1071442680  0.004  0.001   28.121   17.238    0    0  (Gen:  0)
  1039408    477800 1071704672  0.004  0.001   28.126   17.240    0    0  (Gen:  0)
  1040128    450568 1071951496  0.004  0.001   28.130   17.242    0    0  (Gen:  0)
  1040704    468568 1072216776  0.004  0.001   28.135   17.244    0    0  (Gen:  0)
  1039824    460792 1072463560  0.004  0.001   28.140   17.246    0    0  (Gen:  0)
  1039128    350752 1072609504  0.003  0.001   28.143   17.247    0    0  (Gen:  0)
  1034568    219288 1072700120  0.001  0.000   28.145   17.248    0    0  (Gen:  0)
  1038864    276120 1072882848  0.002  0.000   28.147   17.249    0    0  (Gen:  0)
  1040312    400608 1073101504  0.002  0.001   28.150   17.251    0    0  (Gen:  0)
  1073632    466480 1073379688  0.003  0.001   28.154   17.252    0    0  (Gen:  0)
  1041640    353880 1073460088  0.002  0.001   28.156   17.253    0    0  (Gen:  0)
  1044288    137944 1073484152  0.001  0.000   28.158   17.254    0    0  (Gen:  0)
  1041152    309424 1073783088  0.002  0.001   28.161   17.256    0    0  (Gen:  0)
  1040840    283184 1074058576  0.002  0.001   28.163   17.257    0    0  (Gen:  0)
  1064616    195072 1074170968  0.001  0.000   28.166   17.258    0    0  (Gen:  0)
  1212080    124984 1074248656  0.001  0.000   28.169   17.260    0    0  (Gen:  0)
  1035232    267848 1074486792  0.002  0.000   28.171   17.261    0    0  (Gen:  0)
  1036032    475104 1074717064  0.002  0.001   28.174   17.263    0    0  (Gen:  0)
  1041816    519904 1075016712  0.002  0.001   28.177   17.264    0    0  (Gen:  0)
  1043168    573280 1075276024  0.003  0.001   28.180   17.266    0    0  (Gen:  0)
  1041336    269448 1075373168  0.002  0.000   28.183   17.267    0    0  (Gen:  0)
  1076912    352800 1075690904  0.002  0.001   28.186   17.268    0    0  (Gen:  0)
  1033848    401016 1075939640  0.002  0.001   28.189   17.270    0    0  (Gen:  0)
  1034608    249384 1076077360  0.002  0.001   28.192   17.271    0    0  (Gen:  0)
  1035800    247392 1076203952  0.002  0.001   28.195   17.273    0    0  (Gen:  0)
  1035928    211936 1076301336  0.002  0.001   28.197   17.274    0    0  (Gen:  0)
  1035704    177504 1076398768  0.001  0.000   28.200   17.276    0    0  (Gen:  0)
  1033560    215824 1076531608  0.002  0.001   28.203   17.277    0    0  (Gen:  0)
  1032544    165016 1076578472  0.001  0.000   28.205   17.279    0    0  (Gen:  0)
  1036024     69080 1076606672  0.001  0.000   28.207   17.280    0    0  (Gen:  0)
  1036032     20800 1076605712  0.000  0.000   28.208   17.281    0    0  (Gen:  0)
  1034616     23304 1076619048  0.000  0.000   28.210   17.283    0    0  (Gen:  0)
  1033664     23392 1076631712  0.000  0.000   28.212   17.284    0    0  (Gen:  0)
  1036320    125264 1076745944  0.001  0.000   28.214   17.285    0    0  (Gen:  0)
  1036976    225952 1076863072  0.002  0.001   28.217   17.287    0    0  (Gen:  0)
  1036552    229112 1076983512  0.002  0.001   28.221   17.290    0    0  (Gen:  0)
  1037624    220040 1077103224  0.002  0.001   28.225   17.292    0    0  (Gen:  0)
  1036632    252800 1077242256  0.002  0.001   28.229   17.294    0    0  (Gen:  0)
  1036768    250304 1077358016  0.002  0.001   28.233   17.296    0    0  (Gen:  0)
  1036864    235408 1077481944  0.002  0.001   28.236   17.298    0    0  (Gen:  0)
  1037344    240968 1077599880  0.002  0.001   28.240   17.300    0    0  (Gen:  0)
  1036224    247232 1077732936  0.002  0.001   28.244   17.302    0    0  (Gen:  0)
  1036408    266224 1077868568  0.003  0.001   28.248   17.305    0    0  (Gen:  0)
  1035896    263816 1078003816  0.002  0.001   28.252   17.307    0    0  (Gen:  0)
  1036632    267840 1078138752  0.002  0.001   28.256   17.309    0    0  (Gen:  0)
  1035568    243912 1078253024  0.002  0.001   28.259   17.311    0    0  (Gen:  0)
  1035976    209976 1078356624  0.002  0.001   28.263   17.313    0    0  (Gen:  0)
  1034736    186608 1078440312  0.002  0.001   28.266   17.314    0    0  (Gen:  0)
  1036688    211752 1078567224  0.002  0.001   28.269   17.316    0    0  (Gen:  0)
  1817760    256360 1078699480  0.002  0.001   28.273   17.319    0    0  (Gen:  0)
  1036752    260544 1078826592  0.002  0.001   28.277   17.321    0    0  (Gen:  0)
  1036144    215856 1078920200  0.001  0.000   28.280   17.323    0    0  (Gen:  0)
  1040424    126096 1078971352  0.001  0.000   28.282   17.324    0    0  (Gen:  0)
  1040664     99936 1079025712  0.001  0.000   28.284   17.325    0    0  (Gen:  0)
  1040752     95376 1079078712  0.001  0.000   28.286   17.327    0    0  (Gen:  0)
  1034472     93056 1079132696  0.001  0.000   28.288   17.328    0    0  (Gen:  0)
  1039824     99776 1079190728  0.001  0.000   28.290   17.329    0    0  (Gen:  0)
  1040784    108000 1079240240  0.000  0.000   28.291   17.331    0    0  (Gen:  0)
  1039672    120952 1079301320  0.001  0.000   28.293   17.332    0    0  (Gen:  0)
  1038312    214680 1079471456  0.001  0.000   28.295   17.333    0    0  (Gen:  0)
  1040352    401304 1079734752  0.002  0.001   28.299   17.335    0    0  (Gen:  0)
  1039552    490200 1080014080  0.002  0.001   28.303   17.337    0    0  (Gen:  0)
  1040688    516864 1080312352  0.002  0.001   28.307   17.339    0    0  (Gen:  0)
  1040736    510696 1080602288  0.003  0.001   28.311   17.341    0    0  (Gen:  0)
  1040440    497072 1080874464  0.002  0.001   28.315   17.343    0    0  (Gen:  0)
  1041792    462888 1081165952  0.001  0.000   28.318   17.344    0    0  (Gen:  0)
  1043192    286624 1081436400  0.001  0.000   28.321   17.345    0    0  (Gen:  0)
  1108424    330792 1081556616  0.001  0.000   28.322   17.345    0    0  (Gen:  0)
  1043768     63840 1081482312  0.000  0.000   28.323   17.346    0    0  (Gen:  0)
  1043832     64584 1081515216  0.000  0.000   28.324   17.347    0    0  (Gen:  0)
  1035768    226288 1081736640  0.001  0.000   28.326   17.348    0    0  (Gen:  0)
  1223440    169576 1081808496  0.001  0.000   28.328   17.349    0    0  (Gen:  0)
  1050208     72672 1081850584  0.001  0.000   28.330   17.351    0    0  (Gen:  0)
  2483232    244776 1082268008  0.001  0.000   28.333   17.354    0    0  (Gen:  0)
  1032192    585088 1082612024  0.002  0.001   28.335   17.355    0    0  (Gen:  0)
  1032192    347360 1082956088  0.002  0.000   28.337   17.356    0    0  (Gen:  0)
  1754760    137864 1083159648  0.001  0.000   28.339   17.357    0    0  (Gen:  0)
  1036936     32624 1083178456  0.000  0.000   28.340   17.358    0    0  (Gen:  0)
  1031960     76112 1083231976  0.000  0.000   28.341   17.359    0    0  (Gen:  0)
  1035896    113888 1083288232  0.001  0.000   28.342   17.359    0    0  (Gen:  0)
  1034096    127232 1083354480  0.001  0.000   28.344   17.360    0    0  (Gen:  0)
  1031448    132704 1083416272  0.001  0.000   28.345   17.361    0    0  (Gen:  0)
  1035944    130000 1083477800  0.001  0.000   28.347   17.361    0    0  (Gen:  0)
  1033976    132968 1083545096  0.001  0.000   28.348   17.362    0    0  (Gen:  0)
  1033392    135424 1083609256  0.001  0.000   28.350   17.363    0    0  (Gen:  0)
  1034592    132928 1083671200  0.001  0.000   28.351   17.364    0    0  (Gen:  0)
  1033648    133672 1083737120  0.001  0.000   28.353   17.364    0    0  (Gen:  0)
  1036784    130376 1083795304  0.001  0.000   28.354   17.365    0    0  (Gen:  0)
  1036064    131160 1083861768  0.001  0.000   28.356   17.366    0    0  (Gen:  0)
  1036848    129512 1083920376  0.001  0.000   28.357   17.367    0    0  (Gen:  0)
  1034528    133304 1083989592  0.001  0.000   28.359   17.367    0    0  (Gen:  0)
  1033552    148136 1084063528  0.001  0.000   28.361   17.368    0    0  (Gen:  0)
  1069560    150816 1084167152  0.001  0.000   28.362   17.369    0    0  (Gen:  0)
  1033552    134880 1084225704  0.001  0.000   28.363   17.370    0    0  (Gen:  0)
  1032856    115704 1084278056  0.001  0.000   28.364   17.370    0    0  (Gen:  0)
  1032640    111968 1084329928  0.001  0.000   28.366   17.371    0    0  (Gen:  0)
  1034584    114080 1084387832  0.001  0.000   28.367   17.372    0    0  (Gen:  0)
  1034416    128192 1084454056  0.001  0.000   28.369   17.373    0    0  (Gen:  0)
  1036392    127200 1084507720  0.001  0.000   28.370   17.373    0    0  (Gen:  0)
  1032152    133224 1084583016  0.001  0.000   28.372   17.374    0    0  (Gen:  0)
  1032888    158416 1084659416  0.001  0.000   28.373   17.375    0    0  (Gen:  0)
  1032968    147344 1084724448  0.001  0.000   28.375   17.375    0    0  (Gen:  0)
  2085928    144480 1084835752  0.001  0.000   28.378   17.378    0    0  (Gen:  0)
  1137392     77000 1084842864  0.001  0.000   28.379   17.379    0    0  (Gen:  0)
  1255712     26600 1084851192  0.000  0.000   28.380   17.380    0    0  (Gen:  0)
  2527320     41232 1084873480  0.000  0.000   28.383   17.382    0    0  (Gen:  0)
  1209472     46976 1084891936  0.000  0.000   28.384   17.383    0    0  (Gen:  0)
  1171704     38072 1084913904  0.000  0.000   28.385   17.384    0    0  (Gen:  0)
  1614824     35968 1084932800  0.000  0.000   28.387   17.385    0    0  (Gen:  0)
  1171064     37384 1084953800  0.000  0.000   28.388   17.387    0    0  (Gen:  0)
  2806896     70504 1085012592  0.001  0.000   28.391   17.389    0    0  (Gen:  0)
  1587600     59928 1085036632  0.000  0.000   28.392   17.391    0    0  (Gen:  0)
  2421496     67296 1085080352  0.000  0.000   28.395   17.393    0    0  (Gen:  0)
  2587384     72152 1085131416  0.000  0.000   28.397   17.395    0    0  (Gen:  0)
  1168384     48296 1085148736  0.000  0.000   28.398   17.396    0    0  (Gen:  0)
  2199576     61664 1085196632  0.000  0.000   28.401   17.398    0    0  (Gen:  0)
  1168984     48184 1085213096  0.000  0.000   28.402   17.399    0    0  (Gen:  0)
  2809048     67760 1085269296  0.000  0.000   28.405   17.402    0    0  (Gen:  0)
  1513136     48336 1085284880  0.000  0.000   28.406   17.403    0    0  (Gen:  0)
  1941616     42608 1085312848  0.000  0.000   28.408   17.405    0    0  (Gen:  0)
  2000416     56944 1085384104  0.000  0.000   28.410   17.407    0    0  (Gen:  0)
  3383568     64392 1085395240  0.000  0.000   28.413   17.409    0    0  (Gen:  0)
  2640584     70816 1085470080  0.000  0.000   28.415   17.411    0    0  (Gen:  0)
  1471608     41984 1085487720  0.000  0.000   28.416   17.413    0    0  (Gen:  0)
  1878232     44984 1085517872  0.000  0.000   28.418   17.414    0    0  (Gen:  0)
  1803544     55592 1085551512  0.000  0.000   28.420   17.416    0    0  (Gen:  0)
  1106288     28720 1085557312  0.000  0.000   28.421   17.417    0    0  (Gen:  0)
  1181104     35728 1085583472  0.000  0.000   28.422   17.418    0    0  (Gen:  0)
  2361376     60024 1085625848  0.000  0.000   28.425   17.420    0    0  (Gen:  0)
  1379360     45584 1085641224  0.000  0.000   28.426   17.421    0    0  (Gen:  0)
  1171912     40200 1085668488  0.000  0.000   28.427   17.422    0    0  (Gen:  0)
  2313072     45992 1085700368  0.000  0.000   28.429   17.424    0    0  (Gen:  0)
  1542328     58840 1085733680  0.000  0.000   28.432   17.426    0    0  (Gen:  0)
  1694464     53016 1085755040  0.000  0.000   28.433   17.428    0    0  (Gen:  0)
  1104384     33952 1085769576  0.000  0.000   28.435   17.429    0    0  (Gen:  0)
  1069512     25648 1085776528  0.000  0.000   28.436   17.430    0    0  (Gen:  0)
  1897336     36768 1085800240  0.000  0.000   28.438   17.432    0    0  (Gen:  0)
  1104824     36088 1085808888  0.000  0.000   28.439   17.433    0    0  (Gen:  0)
  2138424     38856 1085835104  0.000  0.000   28.441   17.435    0    0  (Gen:  0)
  1869144     44968 1085855584  0.000  0.000   28.443   17.436    0    0  (Gen:  0)
  1246600     34576 1085870584  0.000  0.000   28.444   17.437    0    0  (Gen:  0)
  1107656     27968 1085878944  0.000  0.000   28.445   17.438    0    0  (Gen:  0)
  1599512     36208 1085902336  0.000  0.000   28.447   17.440    0    0  (Gen:  0)
  1811352     41896 1085919576  0.000  0.000   28.449   17.441    0    0  (Gen:  0)
  1106784     31776 1085929920  0.000  0.000   28.450   17.442    0    0  (Gen:  0)
  1137496     34024 1085950520  0.000  0.000   28.451   17.443    0    0  (Gen:  0)
  1105040     33448 1085961632  0.000  0.000   28.452   17.444    0    0  (Gen:  0)
  2294088     35672 1085981864  0.000  0.000   28.455   17.446    0    0  (Gen:  0)
  1321208     40224 1086001216  0.000  0.000   28.456   17.448    0    0  (Gen:  0)
  1105640     27912 1086008912  0.000  0.000   28.457   17.449    0    0  (Gen:  0)
  1104976     30272 1086026560  0.000  0.000   28.458   17.450    0    0  (Gen:  0)
  1922648     42032 1086019928  0.000  0.000   28.460   17.451    0    0  (Gen:  0)
  1106408     40264 1086061992  0.000  0.000   28.462   17.452    0    0  (Gen:  0)
  1105576     28664 1086077872  0.000  0.000   28.463   17.453    0    0  (Gen:  0)
  1379464    281608 1086371920  0.002  0.001   28.466   17.454    0    0  (Gen:  0)
  1295560     84544 1086405624  0.001  0.000   28.468   17.456    0    0  (Gen:  0)
  1138352     28728 1086420328  0.000  0.000   28.469   17.457    0    0  (Gen:  0)
  1287008     33480 1086438128  0.000  0.000   28.470   17.458    0    0  (Gen:  0)
  1105624     29000 1086446792  0.000  0.000   28.472   17.459    0    0  (Gen:  0)
  2902904     47872 1086479696  0.000  0.000   28.474   17.461    0    0  (Gen:  0)
  2153648     53488 1086501512  0.000  0.000   28.476   17.463    0    0  (Gen:  0)
  1323048     40736 1086519344  0.000  0.000   28.478   17.465    0    0  (Gen:  0)
  1105680     33696 1086529232  0.000  0.000   28.479   17.466    0    0  (Gen:  0)
  1101664     27456 1086541432  0.000  0.000   28.480   17.467    0    0  (Gen:  0)
  1069080     22584 1086546192  0.000  0.000   28.482   17.468    0    0  (Gen:  0)
  1137128     32040 1086568808  0.000  0.000   28.483   17.469    0    0  (Gen:  0)
  1104512     29872 1086576056  0.000  0.000   28.484   17.470    0    0  (Gen:  0)
  1104312     29560 1086592232  0.000  0.000   28.485   17.471    0    0  (Gen:  0)
  2854768     42152 1086618456  0.000  0.000   28.488   17.473    0    0  (Gen:  0)
  1104288     43680 1086670072  0.000  0.000   28.489   17.474    0    0  (Gen:  0)
  1376560     27144 1086681688  0.000  0.000   28.491   17.475    0    0  (Gen:  0)
  2031360     41576 1086705320  0.000  0.000   28.492   17.477    0    0  (Gen:  0)
  1154720     35120 1086711888  0.000  0.000   28.494   17.478    0    0  (Gen:  0)
  1876696     36304 1086770048  0.000  0.000   28.496   17.480    0    0  (Gen:  0)
  1105824     36888 1086785984  0.000  0.000   28.497   17.481    0    0  (Gen:  0)
  1968256     35448 1086806592  0.000  0.000   28.499   17.483    0    0  (Gen:  0)
  1595128     42776 1087119736  0.000  0.000   28.500   17.484    0    0  (Gen:  0)
  1291328     37624 1087133888  0.000  0.000   28.502   17.485    0    0  (Gen:  0)
  1199928     28496 1087209072  0.000  0.000   28.503   17.486    0    0  (Gen:  0)
  1250440     30824 1087255128  0.000  0.000   28.505   17.488    0    0  (Gen:  0)
  2700192     47400 1087454280  0.000  0.000   28.507   17.490    0    0  (Gen:  0)
  1852520     49840 1087538384  0.000  0.000   28.509   17.491    0    0  (Gen:  0)
  1205904     37448 1087619464  0.000  0.000   28.510   17.493    0    0  (Gen:  0)
  2467976     45096 1087778408  0.000  0.000   28.513   17.495    0    0  (Gen:  0)
  2247096     46712 1087892456  0.000  0.000   28.515   17.497    0    0  (Gen:  0)
  1101240     38600 1087908352  0.000  0.000   28.516   17.498    0    0  (Gen:  0)
  3101232     54472 1088112608  0.000  0.000   28.519   17.500    0    0  (Gen:  0)
  2229112     68320 1088204584  0.000  0.000   28.522   17.503    0    0  (Gen:  0)
  2098600     59792 1088302584  0.000  0.000   28.524   17.505    0    0  (Gen:  0)
  1790504     51264 1088420816  0.000  0.000   28.526   17.506    0    0  (Gen:  0)
  1870232     55992 1088514952  0.000  0.000   28.528   17.508    0    0  (Gen:  0)
  2733248     64688 1088716440  0.000  0.000   28.531   17.511    0    0  (Gen:  0)
  3547856     74568 1088924528  0.000  0.000   28.534   17.514    0    0  (Gen:  0)
  2404224     82216 1089129072  0.000  0.000   28.537   17.516    0    0  (Gen:  0)
  1205584     56688 1089212128  0.000  0.000   28.538   17.517    0    0  (Gen:  0)
  1171992     34352 1089257032  0.000  0.000   28.540   17.519    0    0  (Gen:  0)
  1644688     40640 1089407904  0.000  0.000   28.541   17.520    0    0  (Gen:  0)
  1725808     46000 1089496784  0.000  0.000   28.543   17.522    0    0  (Gen:  0)
  2083048     55072 1089533720  0.000  0.000   28.545   17.524    0    0  (Gen:  0)
  2863512     55680 1089624576  0.000  0.000   28.548   17.526    0    0  (Gen:  0)
  2140136     54864 1089753336  0.000  0.000   28.550   17.528    0    0  (Gen:  0)
  1174184     36712 1089824888  0.000  0.000   28.551   17.529    0    0  (Gen:  0)
  1181448     30880 1089905128  0.000  0.000   28.553   17.530    0    0  (Gen:  0)
  2759816     46376 1090098448  0.000  0.000   28.555   17.532    0    0  (Gen:  0)
  1404792     43312 1090173192  0.000  0.000   28.557   17.534    0    0  (Gen:  0)
  1329896     34352 1090257856  0.000  0.000   28.558   17.535    0    0  (Gen:  0)
  1234008     33344 1090370368  0.000  0.000   28.560   17.536    0    0  (Gen:  0)
  2456328     42752 1090524816  0.000  0.000   28.562   17.538    0    0  (Gen:  0)
  1814312     52816 1090748240  0.000  0.000   28.565   17.540    0    0  (Gen:  0)
  3027192     68376 1090955992  0.000  0.000   28.568   17.543    0    0  (Gen:  0)
  1833096     56880 1091003832  0.000  0.000   28.570   17.545    0    0  (Gen:  0)
  1247424     37432 1091051408  0.000  0.000   28.571   17.546    0    0  (Gen:  0)
  1992176     47440 1091213080  0.000  0.000   28.573   17.548    0    0  (Gen:  0)
  2525200     65136 1091318000  0.000  0.000   28.576   17.550    0    0  (Gen:  0)
  1780968     57080 1091406704  0.000  0.000   28.578   17.552    0    0  (Gen:  0)
  1208920     38424 1091516392  0.000  0.000   28.579   17.553    0    0  (Gen:  0)
  2177168    168536 1091728864  0.000  0.000   28.582   17.555    0    0  (Gen:  0)
  2679792     61080 1091748216  0.000  0.000   28.585   17.557    0    0  (Gen:  0)
  1797280     57424 1091835736  0.000  0.000   28.586   17.559    0    0  (Gen:  0)
  1230280     39560 1091946184  0.000  0.000   28.588   17.560    0    0  (Gen:  0)
  1208656     28488 1092083712  0.000  0.000   28.589   17.561    0    0  (Gen:  0)
  2474000     56352 1092260896  0.000  0.000   28.592   17.564    0    0  (Gen:  0)
  2599808     73992 1092456576  0.000  0.000   28.595   17.566    0    0  (Gen:  0)
  1521008     57560 1092576888  0.000  0.000   28.597   17.568    0    0  (Gen:  0)
  1243024     42560 1092690440  0.000  0.000   28.598   17.569    0    0  (Gen:  0)
  1171032     33888 1092769128  0.000  0.000   28.600   17.570    0    0  (Gen:  0)
  1271440     52536 1092901688  0.000  0.000   28.601   17.572    0    0  (Gen:  0)
  1604768     57088 1093025512  0.000  0.000   28.603   17.573    0    0  (Gen:  0)
  2948856     56536 1093225776  0.000  0.000   28.606   17.576    0    0  (Gen:  0)
  1178680     43408 1093303032  0.000  0.000   28.607   17.577    0    0  (Gen:  0)
  2114928     42016 1093391944  0.000  0.000   28.610   17.579    0    0  (Gen:  0)
  1153704     40264 1093439824  0.000  0.000   28.611   17.580    0    0  (Gen:  0)
  2080248     44184 1093631120  0.000  0.000   28.613   17.582    0    0  (Gen:  0)
  3339064     66984 1093868256  0.000  0.000   28.616   17.585    0    0  (Gen:  0)
  1171184     52992 1093952536  0.000  0.000   28.618   17.586    0    0  (Gen:  0)
  1105040     26672 1093962744  0.000  0.000   28.619   17.587    0    0  (Gen:  0)
  1978128     51552 1094227896  0.000  0.000   28.621   17.589    0    0  (Gen:  0)
  1927592     55608 1094286064  0.000  0.000   28.623   17.591    0    0  (Gen:  0)
  2372856     56936 1094452368  0.000  0.000   28.626   17.593    0    0  (Gen:  0)
  1185216     49416 1094501552  0.000  0.000   28.627   17.594    0    0  (Gen:  0)
  1214160     41272 1094585136  0.000  0.000   28.629   17.596    0    0  (Gen:  0)
  1802600     39432 1094736800  0.000  0.000   28.630   17.597    0    0  (Gen:  0)
  1208528     35848 1094850552  0.000  0.000   28.632   17.598    0    0  (Gen:  0)
  1069440     29904 1094824616  0.000  0.000   28.633   17.599    0    0  (Gen:  0)
  1245712     33968 1094971536  0.000  0.000   28.634   17.600    0    0  (Gen:  0)
  1398176     34640 1095052568  0.000  0.000   28.636   17.602    0    0  (Gen:  0)
  1339248     34416 1095133952  0.000  0.000   28.637   17.603    0    0  (Gen:  0)
  2352800     48480 1095261664  0.000  0.000   28.640   17.605    0    0  (Gen:  0)
  2217432     52328 1095412408  0.000  0.000   28.642   17.607    0    0  (Gen:  0)
  2206104     58872 1095545896  0.000  0.000   28.645   17.610    0    0  (Gen:  0)
  1786912     65008 1095737704  0.000  0.000   28.647   17.612    0    0  (Gen:  0)
  1204376     47544 1095825096  0.000  0.000   28.649   17.613    0    0  (Gen:  0)
  1308152     42448 1095975688  0.000  0.000   28.650   17.614    0    0  (Gen:  0)
  1403944     51120 1096096440  0.000  0.000   28.652   17.616    0    0  (Gen:  0)
  2371488     65760 1096337192  0.000  0.000   28.655   17.619    0    0  (Gen:  0)
  2871192     74576 1096641472  0.000  0.000   28.658   17.621    0    0  (Gen:  0)
  1105464     50504 1096654992  0.000  0.000   28.659   17.622    0    0  (Gen:  0)
  1900048     38856 1096838136  0.000  0.000   28.661   17.624    0    0  (Gen:  0)
  2624128     52496 1097034424  0.000  0.000   28.663   17.626    0    0  (Gen:  0)
  1547944     56240 1097121864  0.000  0.000   28.665   17.628    0    0  (Gen:  0)
  1171280     32400 1097198888  0.000  0.000   28.667   17.629    0    0  (Gen:  0)
  1653752     35392 1097287440  0.000  0.000   28.668   17.630    0    0  (Gen:  0)
  1175680     33744 1097362288  0.000  0.000   28.670   17.631    0    0  (Gen:  0)
  1252384     38048 1097481368  0.000  0.000   28.671   17.632    0    0  (Gen:  0)
  1141504     33136 1097554952  0.000  0.000   28.672   17.633    0    0  (Gen:  0)
  1952664     31664 1097697896  0.000  0.000   28.674   17.635    0    0  (Gen:  0)
  2226176     49480 1097831616  0.000  0.000   28.676   17.637    0    0  (Gen:  0)
  2713576     54336 1098019072  0.000  0.000   28.679   17.639    0    0  (Gen:  0)
  1138088     44072 1098035256  0.000  0.000   28.680   17.640    0    0  (Gen:  0)
  1639272     36456 1098116928  0.000  0.000   28.682   17.642    0    0  (Gen:  0)
  1339368     32288 1098229168  0.000  0.000   28.683   17.643    0    0  (Gen:  0)
  1832936     40928 1098389200  0.000  0.000   28.685   17.645    0    0  (Gen:  0)
  2403632     50032 1098545152  0.000  0.000   28.687   17.647    0    0  (Gen:  0)
  1771960     45312 1098658648  0.000  0.000   28.689   17.648    0    0  (Gen:  0)
  2652432     48384 1098882232  0.000  0.000   28.692   17.651    0    0  (Gen:  0)
  1858848     53392 1098970040  0.000  0.000   28.694   17.652    0    0  (Gen:  0)
  2654280     65752 1099173136  0.000  0.000   28.697   17.655    0    0  (Gen:  0)
  1761960     58952 1099227088  0.000  0.000   28.698   17.657    0    0  (Gen:  0)
  2518688     45432 1099381616  0.000  0.000   28.701   17.658    0    0  (Gen:  0)
  3535360     75672 1099695456  0.000  0.000   28.704   17.662    0    0  (Gen:  0)
  1315200     68752 1099750816  0.000  0.000   28.706   17.663    0    0  (Gen:  0)
  1431240     38144 1099832592  0.000  0.000   28.707   17.664    0    0  (Gen:  0)
  1371184     30408 1099938008  0.000  0.000   28.709   17.666    0    0  (Gen:  0)
  1205816     32816 1100054296  0.000  0.000   28.710   17.667    0    0  (Gen:  0)
  3954344     73856 1100434656  0.000  0.000   28.714   17.670    0    0  (Gen:  0)
  1139736     61360 1100482904  0.000  0.000   28.715   17.671    0    0  (Gen:  0)
  3291096     62048 1100664040  0.000  0.000   28.719   17.675    0    0  (Gen:  0)
  1709408     56976 1100776816  0.000  0.000   28.720   17.676    0    0  (Gen:  0)
  1173184     33056 1100854512  0.000  0.000   28.722   17.677    0    0  (Gen:  0)
  1615528     35824 1100968648  0.000  0.000   28.723   17.678    0    0  (Gen:  0)
  2061112     43016 1101158680  0.000  0.000   28.725   17.680    0    0  (Gen:  0)
  2040456     42104 1101241272  0.000  0.000   28.727   17.682    0    0  (Gen:  0)
  1679136     46808 1101332392  0.000  0.000   28.729   17.684    0    0  (Gen:  0)
  1593456     41528 1101411016  0.000  0.000   28.731   17.685    0    0  (Gen:  0)
  1328320     33480 1101486144  0.000  0.000   28.732   17.686    0    0  (Gen:  0)
  2683576     49680 1101687344  0.000  0.000   28.735   17.689    0    0  (Gen:  0)
  1829688     50640 1101771528  0.000  0.000   28.737   17.690    0    0  (Gen:  0)
  2301992     56664 1101905176  0.000  0.000   28.739   17.692    0    0  (Gen:  0)
  2354224     55448 1102156800  0.000  0.000   28.742   17.694    0    0  (Gen:  0)
  1493808     43040 1102273304  0.000  0.000   28.743   17.696    0    0  (Gen:  0)
  1386424     33784 1102384800  0.000  0.000   28.745   17.697    0    0  (Gen:  0)
  2921856     45728 1102544832  0.000  0.000   28.747   17.699    0    0  (Gen:  0)
  1891656     51224 1102635632  0.000  0.000   28.749   17.701    0    0  (Gen:  0)
  1209944     40656 1102714680  0.000  0.000   28.751   17.702    0    0  (Gen:  0)
  1105320     34704 1102731296  0.000  0.000   28.752   17.703    0    0  (Gen:  0)
  1650896     39944 1102783536  0.000  0.000   28.754   17.705    0    0  (Gen:  0)
  1287304     40392 1102927144  0.000  0.000   28.755   17.706    0    0  (Gen:  0)
  1562600     46768 1103022568  0.000  0.000   28.757   17.707    0    0  (Gen:  0)
  2527992     50424 1103183272  0.000  0.000   28.759   17.709    0    0  (Gen:  0)
  1841448     52168 1103239552  0.000  0.000   28.761   17.711    0    0  (Gen:  0)
  1171232     40216 1103289184  0.000  0.000   28.762   17.712    0    0  (Gen:  0)
  2118696     44568 1103476464  0.000  0.000   28.764   17.714    0    0  (Gen:  0)
  1104952     35008 1103486096  0.000  0.000   28.765   17.715    0    0  (Gen:  0)
  1799672     47016 1103613456  0.000  0.000   28.768   17.717    0    0  (Gen:  0)
  2284064     56712 1103742464  0.000  0.000   28.770   17.719    0    0  (Gen:  0)
  1208480     39384 1103849880  0.000  0.000   28.772   17.720    0    0  (Gen:  0)
  2082720     45336 1103945480  0.000  0.000   28.774   17.722    0    0  (Gen:  0)
  1924144     47384 1104063360  0.000  0.000   28.776   17.724    0    0  (Gen:  0)
  1315520     39288 1104211064  0.000  0.000   28.777   17.725    0    0  (Gen:  0)
  1820920     43952 1104367104  0.000  0.000   28.779   17.727    0    0  (Gen:  0)
  1102048     40528 1104376448  0.000  0.000   28.780   17.728    0    0  (Gen:  0)
  2073000     39072 1104530576  0.000  0.000   28.783   17.730    0    0  (Gen:  0)
  2054208     50896 1104618784  0.000  0.000   28.785   17.732    0    0  (Gen:  0)
  1208704     46936 1104736616  0.000  0.000   28.786   17.733    0    0  (Gen:  0)
  2128912     37872 1104817848  0.000  0.000   28.788   17.735    0    0  (Gen:  0)
  1203392     42984 1104904200  0.000  0.000   28.790   17.736    0    0  (Gen:  0)
  2527264     62112 1105141648  0.000  0.000   28.793   17.739    0    0  (Gen:  0)
  3184176     86592 1105456952  0.000  0.000   28.796   17.743    0    0  (Gen:  0)
  1946696     71160 1105609400  0.000  0.000   28.799   17.745    0    0  (Gen:  0)
  2828272     72464 1105820600  0.000  0.000   28.802   17.748    0    0  (Gen:  0)
  3135824     85360 1105962048  0.000  0.000   28.806   17.751    0    0  (Gen:  0)
  2700592     86560 1106169904  0.000  0.000   28.809   17.755    0    0  (Gen:  0)
  3312632    185928 1106483656  0.001  0.000   28.813   17.758    0    0  (Gen:  0)
  2694856     75392 1106542512  0.000  0.000   28.817   17.761    0    0  (Gen:  0)
  1206824     58856 1106632848  0.000  0.000   28.818   17.762    0    0  (Gen:  0)
  2031288     58968 1106796360  0.000  0.000   28.821   17.764    0    0  (Gen:  0)
  1738168     59728 1106854600  0.000  0.000   28.823   17.766    0    0  (Gen:  0)
  2582072     56424 1107015336  0.000  0.000   28.825   17.768    0    0  (Gen:  0)
  1173760     43968 1107091216  0.000  0.000   28.827   17.769    0    0  (Gen:  0)
  3398440     52224 1107293640  0.000  0.000   28.830   17.772    0    0  (Gen:  0)
  1471616     53840 1107410480  0.000  0.000   28.831   17.773    0    0  (Gen:  0)
  1446552     35208 1107453760  0.000  0.000   28.833   17.775    0    0  (Gen:  0)
  1208760     33360 1107566784  0.000  0.000   28.834   17.776    0    0  (Gen:  0)
  1205120     32072 1107648264  0.000  0.000   28.835   17.777    0    0  (Gen:  0)
  1176912     32624 1107725672  0.000  0.000   28.837   17.778    0    0  (Gen:  0)
  2193656     40600 1107847648  0.000  0.000   28.839   17.780    0    0  (Gen:  0)
  2504200     48992 1107937360  0.000  0.000   28.841   17.782    0    0  (Gen:  0)
  1218360     42936 1108050208  0.000  0.000   28.842   17.783    0    0  (Gen:  0)
  1206680     27184 1108187544  0.000  0.000   28.844   17.784    0    0  (Gen:  0)
  1209192     33952 1108274616  0.000  0.000   28.845   17.785    0    0  (Gen:  0)
  1071152     33048 1108283952  0.000  0.000   28.846   17.786    0    0  (Gen:  0)
  2894176     42968 1108511840  0.000  0.000   28.849   17.789    0    0  (Gen:  0)
  1623560     47848 1108592256  0.000  0.000   28.851   17.790    0    0  (Gen:  0)
  3006080     50408 1108758104  0.000  0.000   28.853   17.793    0    0  (Gen:  0)
  1346128     48024 1108843376  0.000  0.000   28.855   17.794    0    0  (Gen:  0)
  1522224     38080 1108923968  0.000  0.000   28.856   17.795    0    0  (Gen:  0)
  2876840     47872 1109083144  0.000  0.000   28.859   17.798    0    0  (Gen:  0)
  2218608     50832 1109238000  0.000  0.000   28.861   17.800    0    0  (Gen:  0)
  1175408     40696 1109319424  0.000  0.000   28.863   17.801    0    0  (Gen:  0)
  2896496     47608 1109541064  0.000  0.000   28.866   17.804    0    0  (Gen:  0)
  1205720     43016 1109652960  0.000  0.000   28.867   17.805    0    0  (Gen:  0)
  1073496     25688 1109661760  0.000  0.000   28.868   17.806    0    0  (Gen:  0)
  1206416     32456 1109776984  0.000  0.000   28.869   17.807    0    0  (Gen:  0)
  1296224     42096 1109898592  0.000  0.000   28.871   17.808    0    0  (Gen:  0)
  1522552     36112 1109948432  0.000  0.000   28.872   17.809    0    0  (Gen:  0)
  1208688     30880 1110055040  0.000  0.000   28.874   17.810    0    0  (Gen:  0)
  1140120     31472 1110136944  0.000  0.000   28.875   17.811    0    0  (Gen:  0)
  3118248     62760 1110412568  0.000  0.000   28.879   17.815    0    0  (Gen:  0)
  3631784     89136 1110724904  0.000  0.000   28.883   17.819    0    0  (Gen:  0)
  2961968     87248 1110967536  0.000  0.000   28.886   17.822    0    0  (Gen:  0)
  2255592     76392 1111105264  0.000  0.000   28.889   17.824    0    0  (Gen:  0)
  1172744     47320 1111180360  0.000  0.000   28.890   17.825    0    0  (Gen:  0)
  1779288     33248 1111267664  0.000  0.000   28.892   17.827    0    0  (Gen:  0)
  1240848     37136 1111447536  0.000  0.000   28.893   17.828    0    0  (Gen:  0)
  3940112     79336 1111705936  0.000  0.000   28.898   17.832    0    0  (Gen:  0)
  2334320     84064 1111903240  0.000  0.000   28.900   17.835    0    0  (Gen:  0)
  1499232     55520 1111987736  0.000  0.000   28.902   17.836    0    0  (Gen:  0)
  1176416     31256 1112094904  0.000  0.000   28.903   17.837    0    0  (Gen:  0)
  1163448     27472 1112138576  0.000  0.000   28.905   17.838    0    0  (Gen:  0)
  2656848     54432 1112248184  0.000  0.000   28.907   17.841    0    0  (Gen:  0)
  3624944     88648 1112428472  0.000  0.000   28.912   17.845    0    0  (Gen:  0)
  1278232     66832 1112514968  0.000  0.000   28.913   17.847    0    0  (Gen:  0)
  1207952     41632 1112632392  0.000  0.000   28.914   17.848    0    0  (Gen:  0)
  3058320     47216 1112799024  0.000  0.000   28.917   17.850    0    0  (Gen:  0)
  2298960     69248 1112966544  0.000  0.000   28.920   17.853    0    0  (Gen:  0)
  1680072     65728 1113036248  0.000  0.000   28.923   17.855    0    0  (Gen:  0)
  1718088     57592 1113162456  0.000  0.000   28.925   17.857    0    0  (Gen:  0)
  2299896    193760 1113424728  0.001  0.000   28.927   17.859    0    0  (Gen:  0)
  3319232     60784 1113476312  0.000  0.000   28.931   17.862    0    0  (Gen:  0)
  1966120     72176 1113647896  0.000  0.000   28.933   17.864    0    0  (Gen:  0)
  2971200     81320 1113827200  0.000  0.000   28.936   17.867    0    0  (Gen:  0)
  3239152     70560 1113984280  0.000  0.000   28.940   17.870    0    0  (Gen:  0)
  1302232     52144 1114135864  0.000  0.000   28.941   17.871    0    0  (Gen:  0)
  2402328     57424 1114274752  0.000  0.000   28.944   17.874    0    0  (Gen:  0)
  1775008     66776 1114340552  0.000  0.000   28.947   17.876    0    0  (Gen:  0)
  3077768     74216 1114613240  0.000  0.000   28.950   17.880    0    0  (Gen:  0)
  1669472     64064 1114761688  0.000  0.000   28.952   17.881    0    0  (Gen:  0)
  1105312     43256 1114780800  0.000  0.000   28.953   17.882    0    0  (Gen:  0)
  2305808     52936 1115008776  0.000  0.000   28.956   17.885    0    0  (Gen:  0)
  2838016     81664 1115221296  0.001  0.000   28.960   17.888    0    0  (Gen:  0)
  3618136     95976 1115509888  0.001  0.000   28.964   17.892    0    0  (Gen:  0)
  2131408     85720 1115705864  0.000  0.000   28.967   17.895    0    0  (Gen:  0)
  2316512     60608 1115835344  0.000  0.000   28.969   17.897    0    0  (Gen:  0)
  1207656     38496 1115875784  0.000  0.000   28.970   17.898    0    0  (Gen:  0)
  2080728     41120 1116062056  0.000  0.000   28.972   17.900    0    0  (Gen:  0)
  1868832     41648 1116148696  0.000  0.000   28.974   17.901    0    0  (Gen:  0)
  2626976     58768 1116382216  0.000  0.000   28.977   17.904    0    0  (Gen:  0)
  2108672     61768 1116482360  0.000  0.000   28.979   17.906    0    0  (Gen:  0)
  1173984     38016 1116558464  0.000  0.000   28.980   17.907    0    0  (Gen:  0)
  1217144     31056 1116673696  0.000  0.000   28.982   17.908    0    0  (Gen:  0)
  2178384     37240 1116756352  0.000  0.000   28.984   17.910    0    0  (Gen:  0)
  1185312     38136 1116833912  0.000  0.000   28.985   17.911    0    0  (Gen:  0)
  1173120     30792 1116916608  0.000  0.000   28.986   17.912    0    0  (Gen:  0)
  1682560     40712 1117005688  0.000  0.000   28.988   17.913    0    0  (Gen:  0)
  1280112     40176 1117054536  0.000  0.000   28.990   17.915    0    0  (Gen:  0)
  1255192     30360 1117131408  0.000  0.000   28.991   17.916    0    0  (Gen:  0)
  3229512     63824 1117273552  0.000  0.000   28.994   17.919    0    0  (Gen:  0)
  1237776     50536 1117383552  0.000  0.000   28.996   17.920    0    0  (Gen:  0)
  2289696     45656 1117544976  0.000  0.000   28.998   17.922    0    0  (Gen:  0)
  1348952     43904 1117556224  0.000  0.000   28.999   17.923    0    0  (Gen:  0)
  1242048     32456 1117701360  0.000  0.000   29.001   17.924    0    0  (Gen:  0)
  1793376     38448 1117784880  0.000  0.000   29.003   17.926    0    0  (Gen:  0)
  2787216     61504 1118024352  0.000  0.000   29.005   17.929    0    0  (Gen:  0)
  2341968     69656 1118186080  0.000  0.000   29.008   17.931    0    0  (Gen:  0)
  2933128     73520 1118358560  0.000  0.000   29.011   17.934    0    0  (Gen:  0)
  2421784     78736 1118562840  0.000  0.000   29.014   17.936    0    0  (Gen:  0)
  1657168     52120 1118646408  0.000  0.000   29.016   17.938    0    0  (Gen:  0)
  2016800     35960 1118791552  0.000  0.000   29.018   17.940    0    0  (Gen:  0)
  3665568     78192 1119018776  0.000  0.000   29.021   17.943    0    0  (Gen:  0)
  2035008     71544 1119111280  0.000  0.000   29.023   17.945    0    0  (Gen:  0)
  1339440     36376 1119183888  0.000  0.000   29.025   17.946    0    0  (Gen:  0)
  2339704     44920 1119377888  0.000  0.000   29.027   17.948    0    0  (Gen:  0)
  1139000     40624 1119423808  0.000  0.000   29.028   17.949    0    0  (Gen:  0)
  2836496     47880 1119682944  0.000  0.000   29.031   17.952    0    0  (Gen:  0)
  1104040     46424 1119697808  0.000  0.000   29.032   17.953    0    0  (Gen:  0)
  1550648     33960 1119744312  0.000  0.000   29.034   17.955    0    0  (Gen:  0)
  1327448     30376 1119821352  0.000  0.000   29.036   17.956    0    0  (Gen:  0)
  2562536     57408 1120032536  0.000  0.000   29.039   17.959    0    0  (Gen:  0)
  2081232     58824 1120120288  0.000  0.000   29.041   17.960    0    0  (Gen:  0)
  1239208     36272 1120231968  0.000  0.000   29.042   17.962    0    0  (Gen:  0)
  1959408     39456 1120349704  0.000  0.000   29.044   17.963    0    0  (Gen:  0)
  2055064     49216 1120443624  0.000  0.000   29.046   17.965    0    0  (Gen:  0)
  2549528     51688 1120595728  0.000  0.000   29.049   17.967    0    0  (Gen:  0)
  1385680     48464 1120682936  0.000  0.000   29.050   17.969    0    0  (Gen:  0)
  1988704     38320 1120794392  0.000  0.000   29.052   17.970    0    0  (Gen:  0)
  2236344     50904 1120956448  0.000  0.000   29.055   17.973    0    0  (Gen:  0)
  1802296     56592 1121051328  0.000  0.000   29.057   17.975    0    0  (Gen:  0)
  3227368     66776 1121258040  0.000  0.000   29.060   17.978    0    0  (Gen:  0)
  1795008     60176 1121342440  0.000  0.000   29.062   17.979    0    0  (Gen:  0)
  3242368     67600 1121626056  0.000  0.000   29.066   17.983    0    0  (Gen:  0)
  1554712     61512 1121736992  0.000  0.000   29.067   17.984    0    0  (Gen:  0)
  1956120     39752 1121789344  0.000  0.000   29.069   17.986    0    0  (Gen:  0)
  1463160     51256 1121879416  0.000  0.000   29.071   17.987    0    0  (Gen:  0)
  1392440     44528 1122026008  0.000  0.000   29.073   17.989    0    0  (Gen:  0)
  3280920     69376 1122207120  0.000  0.000   29.076   17.992    0    0  (Gen:  0)
  1075248     50104 1122210440  0.000  0.000   29.077   17.993    0    0  (Gen:  0)
  2074824     39712 1122370320  0.000  0.000   29.080   17.995    0    0  (Gen:  0)
  3072920     79856 1122619640  0.000  0.000   29.083   17.999    0    0  (Gen:  0)
  1240312     66280 1122733464  0.000  0.000   29.085   18.000    0    0  (Gen:  0)
  2283552     53552 1122931896  0.000  0.000   29.087   18.002    0    0  (Gen:  0)
  1169992     50328 1123014496  0.000  0.000   29.089   18.003    0    0  (Gen:  0)
  2132976     35912 1123095192  0.000  0.000   29.091   18.005    0    0  (Gen:  0)
  2528632     65896 1123341400  0.000  0.000   29.094   18.008    0    0  (Gen:  0)
  1442464     59032 1123526200  0.000  0.000   29.096   18.009    0    0  (Gen:  0)
  2204336     49216 1123620392  0.000  0.000   29.098   18.012    0    0  (Gen:  0)
  1172936     38184 1123728752  0.000  0.000   29.099   18.013    0    0  (Gen:  0)
  1105544     30008 1123744584  0.000  0.000   29.101   18.014    0    0  (Gen:  0)
  4182440     78216 1124133056  0.000  0.000   29.105   18.018    0    0  (Gen:  0)
  3915048    106360 1124450032  0.000  0.000   29.110   18.022    0    0  (Gen:  0)
  2267712     81464 1124615520  0.000  0.000   29.112   18.025    0    0  (Gen:  0)
  3777496     91720 1124904832  0.000  0.000   29.117   18.029    0    0  (Gen:  0)
  2257408     75272 1125059712  0.000  0.000   29.119   18.031    0    0  (Gen:  0)
  2204184     45528 1125174664  0.000  0.000   29.121   18.033    0    0  (Gen:  0)
  3248392     55576 1125349928  0.000  0.000   29.124   18.036    0    0  (Gen:  0)
  2828288     65440 1125578712  0.000  0.000   29.127   18.038    0    0  (Gen:  0)
  3646048     84064 1125826640  0.000  0.000   29.131   18.043    0    0  (Gen:  0)
  1790272     77224 1125957800  0.000  0.000   29.133   18.044    0    0  (Gen:  0)
  2117752     47992 1126077792  0.000  0.000   29.135   18.046    0    0  (Gen:  0)
  1176008     38488 1126159248  0.000  0.000   29.137   18.047    0    0  (Gen:  0)
  2524920     47040 1126348528  0.000  0.000   29.139   18.049    0    0  (Gen:  0)
  2239328     51424 1126467376  0.000  0.000   29.141   18.051    0    0  (Gen:  0)
  4083656     82480 1126760200  0.000  0.000   29.146   18.056    0    0  (Gen:  0)
  1333912     78096 1126914512  0.000  0.000   29.148   18.058    0    0  (Gen:  0)
  1207376     44936 1126965376  0.000  0.000   29.150   18.059    0    0  (Gen:  0)
  2362336     46696 1127058184  0.000  0.000   29.152   18.061    0    0  (Gen:  0)
  1318304     35136 1127132960  0.000  0.000   29.153   18.062    0    0  (Gen:  0)
  1188432     32640 1127215216  0.000  0.000   29.155   18.063    0    0  (Gen:  0)
  2293928     41832 1127404088  0.000  0.000   29.157   18.065    0    0  (Gen:  0)
  1235128     43752 1127417928  0.000  0.000   29.158   18.066    0    0  (Gen:  0)
  2193728     47504 1127610672  0.000  0.000   29.161   18.068    0    0  (Gen:  0)
  1104704     41624 1127619344  0.000  0.000   29.162   18.069    0    0  (Gen:  0)
  2163216     38792 1127839392  0.000  0.000   29.164   18.071    0    0  (Gen:  0)
  1939736     57000 1127904712  0.000  0.000   29.167   18.073    0    0  (Gen:  0)
  2461688    204528 1128242600  0.001  0.000   29.170   18.076    0    0  (Gen:  0)
  1037328    173112 1128242336  0.001  0.000   29.171   18.076    0    0  (Gen:  0)
  1142352    122384 1128456072  0.001  0.000   29.172   18.077    0    0  (Gen:  0)
  2265504    179824 1128853992  0.001  0.000   29.177   18.080    0    0  (Gen:  0)
  1139648    144496 1128950304  0.001  0.000   29.178   18.081    0    0  (Gen:  0)
  1035176     65656 1128996112  0.000  0.000   29.179   18.082    0    0  (Gen:  0)
  1140872     68880 1129131880  0.000  0.000   29.180   18.082    0    0  (Gen:  0)
  1036760     49424 1129158584  0.000  0.000   29.181   18.083    0    0  (Gen:  0)
  1104672     44368 1129248608  0.000  0.000   29.182   18.084    0    0  (Gen:  0)
  1038144     46888 1129283984  0.000  0.000   29.183   18.084    0    0  (Gen:  0)
  1105048     77016 1129407200  0.000  0.000   29.184   18.085    0    0  (Gen:  0)
  1038064     89904 1129456504  0.000  0.000   29.185   18.086    0    0  (Gen:  0)
  1454480     84520 1129570400  0.000  0.000   29.186   18.087    0    0  (Gen:  0)
  1036912     49504 1129595592  0.000  0.000   29.187   18.087    0    0  (Gen:  0)
  1142072     58960 1129734048  0.000  0.000   29.188   18.088    0    0  (Gen:  0)
  1036904     63408 1129768192  0.000  0.000   29.189   18.089    0    0  (Gen:  0)
  1073368     53616 1129829408  0.000  0.000   29.190   18.089    0    0  (Gen:  0)
  1034056     46184 1129856448  0.000  0.000   29.191   18.090    0    0  (Gen:  0)
  1105624     46224 1129949016  0.000  0.000   29.192   18.091    0    0  (Gen:  0)
  1036672     47496 1129976232  0.000  0.000   29.193   18.091    0    0  (Gen:  0)
  1107160     57728 1130079032  0.000  0.000   29.194   18.092    0    0  (Gen:  0)
  1037056     58312 1130111352  0.000  0.000   29.195   18.092    0    0  (Gen:  0)
  1139168     64408 1130253024  0.000  0.000   29.196   18.093    0    0  (Gen:  0)
  1036584     67832 1130291232  0.000  0.000   29.197   18.094    0    0  (Gen:  0)
  1140456     69024 1130432048  0.000  0.000   29.198   18.095    0    0  (Gen:  0)
  1038512     80704 1130481880  0.000  0.000   29.199   18.095    0    0  (Gen:  0)
  1117000     81400 1130593008  0.000  0.000   29.200   18.096    0    0  (Gen:  0)
  1035608     54232 1130618776  0.000  0.000   29.201   18.097    0    0  (Gen:  0)
  1123640     41160 1130710288  0.000  0.000   29.202   18.097    0    0  (Gen:  0)
  1035936     44824 1130738864  0.000  0.000   29.203   18.098    0    0  (Gen:  0)
  1148128     49048 1130835728  0.000  0.000   29.204   18.099    0    0  (Gen:  0)
  1034624     44712 1130856296  0.000  0.000   29.204   18.099    0    0  (Gen:  0)
  1036200     48592 1130886080  0.000  0.000   29.205   18.100    0    0  (Gen:  0)
  3987024    200320 1131536464  0.001  0.000   29.220   18.107    0    0  (Gen:  0)
  1260256    276840 1131740352  0.001  0.000   29.224   18.108    0    0  (Gen:  0)
  1039120    113184 1131709584  0.001  0.000   29.225   18.109    0    0  (Gen:  0)
  1240376    106496 1132009192  0.001  0.000   29.228   18.111    0    0  (Gen:  0)
  1045648    174472 1132088352  0.001  0.000   29.229   18.112    0    0  (Gen:  0)
  1105592    116088 1132205672  0.001  0.000   29.231   18.113    0    0  (Gen:  0)
  1069160     80488 1132280096  0.000  0.000   29.232   18.114    0    0  (Gen:  0)
  1105312     84672 1132399912  0.000  0.000   29.233   18.114    0    0  (Gen:  0)
  1033168     70392 1132429136  0.000  0.000   29.234   18.115    0    0  (Gen:  0)
  1103640     55360 1132530360  0.000  0.000   29.235   18.116    0    0  (Gen:  0)
  1031008     63904 1132570088  0.000  0.000   29.236   18.116    0    0  (Gen:  0)
  1642720     77608 1132722160  0.000  0.000   29.237   18.117    0    0  (Gen:  0)
  1033704     69288 1132757488  0.000  0.000   29.238   18.118    0    0  (Gen:  0)
  1148952     51752 1132850360  0.000  0.000   29.239   18.119    0    0  (Gen:  0)
  1034032     42880 1132877104  0.000  0.000   29.240   18.120    0    0  (Gen:  0)
  1099344     48912 1132973984  0.000  0.000   29.241   18.120    0    0  (Gen:  0)
  1034368     51320 1133008848  0.000  0.000   29.242   18.121    0    0  (Gen:  0)
  1033688     48624 1133037816  0.000  0.000   29.243   18.122    0    0  (Gen:  0)
  1028472     46120 1133060808  0.000  0.000   29.244   18.122    0    0  (Gen:  0)
  1029272     42872 1133090128  0.000  0.000   29.245   18.123    0    0  (Gen:  0)
  1066616     44168 1133151024  0.000  0.000   29.246   18.123    0    0  (Gen:  0)
  1033392     50960 1133185528  0.000  0.000   29.247   18.124    0    0  (Gen:  0)
  1068120     42240 1133242504  0.000  0.000   29.248   18.125    0    0  (Gen:  0)
  1033992     47216 1133270960  0.000  0.000   29.249   18.125    0    0  (Gen:  0)
  1103776     47272 1133365928  0.000  0.000   29.250   18.126    0    0  (Gen:  0)
  1028832     49544 1133395128  0.000  0.000   29.251   18.127    0    0  (Gen:  0)
  1095656     45976 1133489848  0.000  0.000   29.252   18.127    0    0  (Gen:  0)
  1026880     38288 1133512416  0.000  0.000   29.253   18.128    0    0  (Gen:  0)
  1100616     46136 1133608104  0.000  0.000   29.254   18.129    0    0  (Gen:  0)
  1026512     41904 1133632744  0.000  0.000   29.255   18.129    0    0  (Gen:  0)
  2276592    398336 1134149296  0.001  0.000   29.258   18.131    0    0  (Gen:  0)
  2504488    502000 1134701968  0.002  0.000   29.262   18.133    0    0  (Gen:  0)
  1830336    587680 1135257520  0.002  0.001   29.265   18.135    0    0  (Gen:  0)
  2050728    727008 1135896576  0.002  0.001   29.268   18.136    0    0  (Gen:  0)
  2669848    863592 1136716216  0.003  0.001   29.274   18.139    0    0  (Gen:  0)
  3607280    849272 1137472496  0.002  0.001   29.279   18.142    0    0  (Gen:  0)
  2512176    810568 1138259848  0.004  0.001   29.286   18.144    0    0  (Gen:  0)
  2255664    681760 1138792936  0.003  0.001   29.291   18.146    0    0  (Gen:  0)
  3302952    931472 1139739688  0.002  0.001   29.296   18.149    0    0  (Gen:  0)
  2230864    664288 1140232320  0.002  0.001   29.300   18.151    0    0  (Gen:  0)
  3121072    493408 1140751384  0.001  0.000   29.305   18.154    0    0  (Gen:  0)
  3770344    775768 1141562224  0.002  0.001   29.310   18.157    0    0  (Gen:  0)
  4457504    284256 1142055856  0.001  0.000   29.319   18.161    0    0  (Gen:  0)
  2778744    336088 1142274144  0.002  0.001   29.325   18.165    0    0  (Gen:  0)
  1107552    507504 1142556160  0.002  0.001   29.328   18.166    0    0  (Gen:  0)
  1145888    496976 1142976528  0.002  0.001   29.331   18.168    0    0  (Gen:  0)
  1180592    572592 1143344032  0.002  0.001   29.334   18.169    0    0  (Gen:  0)
  1110464    282616 1143511648  0.001  0.000   29.337   18.171    0    0  (Gen:  0)
  1155696    347632 1143901352  0.001  0.000   29.339   18.172    0    0  (Gen:  0)
  1034616    412672 1144144064  0.002  0.000   29.342   18.173    0    0  (Gen:  0)
  1138672    299040 1144370384  0.001  0.000   29.344   18.174    0    0  (Gen:  0)
  1034496    255672 1144511184  0.001  0.000   29.346   18.176    0    0  (Gen:  0)
  1138712    214920 1144702160  0.001  0.000   29.349   18.177    0    0  (Gen:  0)
  1034808    185256 1144805312  0.001  0.000   29.351   18.178    0    0  (Gen:  0)
  1034080    213992 1144931240  0.001  0.000   29.354   18.180    0    0  (Gen:  0)
  1035104    159864 1144975512  0.001  0.000   29.356   18.181    0    0  (Gen:  0)
  1035528     54960 1144993440  0.000  0.000   29.358   18.183    0    0  (Gen:  0)
  1036168     20632 1144998104  0.000  0.000   29.359   18.184    0    0  (Gen:  0)
  1034128     22864 1145011832  0.000  0.000   29.361   18.185    0    0  (Gen:  0)
  1034168     22880 1145024048  0.000  0.000   29.363   18.187    0    0  (Gen:  0)
  1036296    136160 1145149728  0.001  0.000   29.365   18.188    0    0  (Gen:  0)
  1035456    228376 1145258280  0.001  0.000   29.367   18.190    0    0  (Gen:  0)
  1035592    231936 1145386952  0.001  0.001   29.371   18.192    0    0  (Gen:  0)
  1035152    222152 1145503120  0.001  0.000   29.375   18.194    0    0  (Gen:  0)
  1036336    252440 1145643760  0.001  0.000   29.378   18.196    0    0  (Gen:  0)
  1036384    247552 1145753208  0.001  0.001   29.381   18.198    0    0  (Gen:  0)
  1035480    230312 1145880880  0.001  0.000   29.384   18.200    0    0  (Gen:  0)
  1036272    241440 1145996368  0.001  0.001   29.387   18.202    0    0  (Gen:  0)
  1036968    250472 1146133488  0.001  0.000   29.390   18.203    0    0  (Gen:  0)
  1035880    263072 1146262232  0.001  0.000   29.393   18.205    0    0  (Gen:  0)
  1036712    265584 1146403544  0.001  0.000   29.396   18.207    0    0  (Gen:  0)
  1036888    268456 1146535344  0.001  0.000   29.399   18.209    0    0  (Gen:  0)
  1035704    245952 1146652224  0.002  0.001   29.403   18.210    0    0  (Gen:  0)
  1036640    214800 1146756600  0.001  0.000   29.405   18.212    0    0  (Gen:  0)
  1037544    192296 1146842280  0.001  0.000   29.408   18.214    0    0  (Gen:  0)
  1034472    212096 1146966208  0.001  0.001   29.411   18.216    0    0  (Gen:  0)
  1036944    237008 1147081752  0.002  0.001   29.414   18.217    0    0  (Gen:  0)
  1036032    233880 1147197976  0.001  0.000   29.417   18.219    0    0  (Gen:  0)
  1034864    218424 1147301424  0.001  0.000   29.420   18.221    0    0  (Gen:  0)
  1039448    140648 1147354120  0.001  0.000   29.423   18.223    0    0  (Gen:  0)
  1040752    106048 1147408168  0.001  0.000   29.425   18.224    0    0  (Gen:  0)
  1040240    102432 1147463360  0.001  0.000   29.426   18.225    0    0  (Gen:  0)
  1035880     93352 1147511296  0.001  0.000   29.428   18.227    0    0  (Gen:  0)
  1038352     99384 1147569888  0.001  0.000   29.430   18.228    0    0  (Gen:  0)
  1040808    105296 1147622288  0.001  0.000   29.432   18.229    0    0  (Gen:  0)
  1040024    119128 1147682624  0.001  0.000   29.434   18.231    0    0  (Gen:  0)
  1037864    192928 1147827304  0.001  0.000   29.436   18.232    0    0  (Gen:  0)
  1039968    381288 1148091792  0.002  0.001   29.439   18.234    0    0  (Gen:  0)
  1039336    491648 1148371720  0.002  0.001   29.443   18.236    0    0  (Gen:  0)
  1040400    518416 1148670864  0.003  0.001   29.448   18.237    0    0  (Gen:  0)
  1040376    504488 1148955016  0.003  0.001   29.452   18.239    0    0  (Gen:  0)
  1041208    502080 1149230672  0.003  0.001   29.456   18.241    0    0  (Gen:  0)
  1041704    500040 1149521696  0.002  0.001   29.460   18.242    0    0  (Gen:  0)
  1043136    366632 1149797816  0.001  0.000   29.462   18.243    0    0  (Gen:  0)
  1107880    324648 1149937824  0.001  0.000   29.463   18.244    0    0  (Gen:  0)
  1044312     62712 1149868624  0.000  0.000   29.465   18.245    0    0  (Gen:  0)
  1044104    190560 1150031736  0.001  0.000   29.466   18.246    0    0  (Gen:  0)
  1039920    248888 1150260160  0.001  0.000   29.468   18.247    0    0  (Gen:  0)
  1217736    170088 1150321528  0.001  0.000   29.470   18.248    0    0  (Gen:  0)
  2127096    172664 1150424288  0.000  0.000   29.473   18.252    0    0  (Gen:  0)
  1601608    377856 1150929144  0.001  0.000   29.475   18.254    0    0  (Gen:  0)
  1032192    713576 1151273184  0.002  0.001   29.478   18.254    0    0  (Gen:  0)
  1064936    338496 1151644672  0.002  0.000   29.480   18.255    0    0  (Gen:  0)
  1320472     14560 1151684936  0.000  0.000   29.481   18.257    0    0  (Gen:  0)
  1037400     31976 1151703816  0.000  0.000   29.482   18.257    0    0  (Gen:  0)
  1033176     77752 1151758736  0.000  0.000   29.483   18.258    0    0  (Gen:  0)
  1036024    114680 1151814640  0.001  0.000   29.485   18.258    0    0  (Gen:  0)
  1034096    126536 1151880392  0.001  0.000   29.486   18.259    0    0  (Gen:  0)
  1031248    131128 1151941592  0.001  0.000   29.487   18.260    0    0  (Gen:  0)
  1035904    129056 1152002944  0.001  0.000   29.489   18.261    0    0  (Gen:  0)
  1034016    132704 1152070160  0.001  0.000   29.490   18.261    0    0  (Gen:  0)
  1033440    135544 1152134696  0.001  0.000   29.492   18.262    0    0  (Gen:  0)
  1034760    133272 1152197400  0.001  0.000   29.493   18.263    0    0  (Gen:  0)
  1033616    133792 1152262632  0.001  0.000   29.495   18.264    0    0  (Gen:  0)
  1036792    130056 1152320960  0.001  0.000   29.496   18.264    0    0  (Gen:  0)
  1036032    130968 1152387208  0.001  0.000   29.498   18.265    0    0  (Gen:  0)
  1036896    130544 1152446768  0.001  0.000   29.499   18.266    0    0  (Gen:  0)
  1034496    133440 1152514968  0.001  0.000   29.500   18.267    0    0  (Gen:  0)
  1033648    147736 1152589104  0.001  0.000   29.502   18.267    0    0  (Gen:  0)
  1034576    150040 1152659096  0.001  0.000   29.503   18.268    0    0  (Gen:  0)
  1033456    133704 1152717256  0.001  0.000   29.505   18.269    0    0  (Gen:  0)
  1032928    115408 1152769480  0.001  0.000   29.506   18.270    0    0  (Gen:  0)
  1032608    112160 1152821456  0.001  0.000   29.508   18.270    0    0  (Gen:  0)
  1034464    113480 1152879216  0.001  0.000   29.509   18.271    0    0  (Gen:  0)
  1034568    127696 1152945152  0.001  0.000   29.511   18.272    0    0  (Gen:  0)
  1036392    128120 1152999872  0.001  0.000   29.512   18.272    0    0  (Gen:  0)
  1032024    133528 1153074416  0.001  0.000   29.514   18.273    0    0  (Gen:  0)
  1033048    158488 1153151704  0.001  0.000   29.515   18.274    0    0  (Gen:  0)
  1032968    147248 1153215856  0.001  0.000   29.517   18.275    0    0  (Gen:  0)
  3928320    153048 1153345448  0.001  0.000   29.521   18.278    0    0  (Gen:  0)
  2699424     95400 1153327968  0.000  0.000   29.524   18.281    0    0  (Gen:  0)
  1580648     46664 1153386432  0.000  0.000   29.526   18.282    0    0  (Gen:  0)
  1171528     32712 1153393112  0.000  0.000   29.527   18.283    0    0  (Gen:  0)
  1106880     28336 1153399872  0.000  0.000   29.528   18.284    0    0  (Gen:  0)
  1221880     29096 1153407840  0.000  0.000   29.529   18.285    0    0  (Gen:  0)
  1790576     52440 1153445200  0.000  0.000   29.531   18.287    0    0  (Gen:  0)
  1169152     43712 1153465384  0.000  0.000   29.533   18.288    0    0  (Gen:  0)
  3127280     68496 1153524592  0.000  0.000   29.535   18.291    0    0  (Gen:  0)
  2826360     86016 1153575104  0.000  0.000   29.538   18.293    0    0  (Gen:  0)
  1980856     67168 1153611784  0.000  0.000   29.540   18.295    0    0  (Gen:  0)
  2133832     65000 1153617400  0.000  0.000   29.542   18.297    0    0  (Gen:  0)
  1238632     52712 1153676688  0.000  0.000   29.544   18.298    0    0  (Gen:  0)
  1763960     46120 1153673032  0.000  0.000   29.545   18.300    0    0  (Gen:  0)
  2648448     63336 1153748952  0.000  0.000   29.548   18.302    0    0  (Gen:  0)
  2424288     56928 1153783600  0.000  0.000   29.550   18.304    0    0  (Gen:  0)
  2786096     63304 1153826560  0.000  0.000   29.552   18.307    0    0  (Gen:  0)
  1102408     40640 1153843480  0.000  0.000   29.554   18.308    0    0  (Gen:  0)
  1455728     41616 1153865080  0.000  0.000   29.555   18.309    0    0  (Gen:  0)
  1493968     44248 1153892856  0.000  0.000   29.557   18.310    0    0  (Gen:  0)
  1475648     33936 1153911072  0.000  0.000   29.558   18.311    0    0  (Gen:  0)
  2483024     51576 1153945872  0.000  0.000   29.560   18.314    0    0  (Gen:  0)
  2064416     54544 1153971632  0.000  0.000   29.562   18.315    0    0  (Gen:  0)
  2207408     51768 1154010520  0.000  0.000   29.564   18.317    0    0  (Gen:  0)
  2282760     63984 1154048656  0.000  0.000   29.567   18.319    0    0  (Gen:  0)
  1969784     56296 1154074952  0.000  0.000   29.569   18.321    0    0  (Gen:  0)
  2687128     57880 1154120328  0.000  0.000   29.571   18.323    0    0  (Gen:  0)
  1887416     57448 1154154000  0.000  0.000   29.574   18.326    0    0  (Gen:  0)
  2317464     56656 1154175320  0.000  0.000   29.576   18.328    0    0  (Gen:  0)
  1102880     32312 1154186408  0.000  0.000   29.577   18.329    0    0  (Gen:  0)
  2404880     41848 1154217624  0.000  0.000   29.580   18.331    0    0  (Gen:  0)
  1549040     44400 1154229256  0.000  0.000   29.581   18.332    0    0  (Gen:  0)
  1106640     30344 1154237264  0.000  0.000   29.582   18.333    0    0  (Gen:  0)
  1237456     32920 1154254464  0.000  0.000   29.584   18.334    0    0  (Gen:  0)
  1070856     24928 1154257056  0.000  0.000   29.585   18.335    0    0  (Gen:  0)
  1752768     28064 1154276280  0.000  0.000   29.586   18.337    0    0  (Gen:  0)
  1733248     42504 1154302080  0.000  0.000   29.588   18.339    0    0  (Gen:  0)
  1104368     38808 1154312408  0.000  0.000   29.589   18.340    0    0  (Gen:  0)
  1070352     25200 1154320776  0.000  0.000   29.590   18.340    0    0  (Gen:  0)
  2767616     41536 1154345736  0.000  0.000   29.593   18.343    0    0  (Gen:  0)
  2169824     51096 1154370600  0.000  0.000   29.595   18.345    0    0  (Gen:  0)
  1649424     39720 1154385320  0.000  0.000   29.597   18.346    0    0  (Gen:  0)
  2727536     47848 1154416480  0.000  0.000   29.599   18.349    0    0  (Gen:  0)
  1141136     40224 1154429592  0.000  0.000   29.601   18.350    0    0  (Gen:  0)
  1358664     35480 1154448992  0.000  0.000   29.602   18.351    0    0  (Gen:  0)
  1487288     31312 1154458568  0.000  0.000   29.604   18.352    0    0  (Gen:  0)
  1103152     28544 1154473448  0.000  0.000   29.605   18.353    0    0  (Gen:  0)
  1762504     34000 1154493368  0.000  0.000   29.607   18.355    0    0  (Gen:  0)
  2522096    298464 1154799344  0.001  0.001   29.609   18.357    0    0  (Gen:  0)
  1406040     91968 1154831192  0.000  0.000   29.612   18.359    0    0  (Gen:  0)
  1982808     38080 1154853120  0.000  0.000   29.614   18.360    0    0  (Gen:  0)
  1790128     41592 1154870432  0.000  0.000   29.616   18.362    0    0  (Gen:  0)
  1936320     42800 1154893536  0.000  0.000   29.618   18.364    0    0  (Gen:  0)
  1104248     37936 1154905256  0.000  0.000   29.619   18.365    0    0  (Gen:  0)
  1991112     35456 1154921392  0.000  0.000   29.621   18.366    0    0  (Gen:  0)
  1977336     42000 1154944712  0.000  0.000   29.623   18.368    0    0  (Gen:  0)
  1105864     36864 1154954544  0.000  0.000   29.624   18.369    0    0  (Gen:  0)
  1104608     23344 1154962592  0.000  0.000   29.625   18.370    0    0  (Gen:  0)
  1447304     30520 1154978768  0.000  0.000   29.626   18.372    0    0  (Gen:  0)
  1930560     38960 1154998864  0.000  0.000   29.628   18.373    0    0  (Gen:  0)
  1262704     30744 1155008384  0.000  0.000   29.630   18.374    0    0  (Gen:  0)
  1362360     34200 1155026216  0.000  0.000   29.631   18.376    0    0  (Gen:  0)
  1852240     35664 1155069736  0.000  0.000   29.633   18.378    0    0  (Gen:  0)
  3126112     49032 1155174224  0.000  0.000   29.636   18.381    0    0  (Gen:  0)
  2079512     54048 1155295464  0.000  0.000   29.639   18.382    0    0  (Gen:  0)
  2628984     46064 1155450008  0.000  0.000   29.641   18.385    0    0  (Gen:  0)
  1936864     46880 1155502320  0.000  0.000   29.643   18.387    0    0  (Gen:  0)
  2515312     46864 1155659968  0.000  0.000   29.645   18.389    0    0  (Gen:  0)
  1215880     37208 1155731760  0.000  0.000   29.647   18.390    0    0  (Gen:  0)
  1276968     30624 1155811240  0.000  0.000   29.648   18.391    0    0  (Gen:  0)
  1206168     30664 1155890384  0.000  0.000   29.649   18.392    0    0  (Gen:  0)
  1784208     34888 1156009784  0.000  0.000   29.651   18.394    0    0  (Gen:  0)
  2226080     39808 1156092704  0.000  0.000   29.653   18.396    0    0  (Gen:  0)
  1175072     39280 1156175544  0.000  0.000   29.654   18.397    0    0  (Gen:  0)
  2137112 879837256 910009664  2.213  0.679   31.869   19.077    0    0  (Gen:  1)
  2035648     45208 911039856  0.000  0.000   31.871   19.078    0    0  (Gen:  0)
  1603632     37856 912096928  0.000  0.000   31.873   19.079    0    0  (Gen:  0)
  1473312     34128 913128824  0.000  0.000   31.874   19.080    0    0  (Gen:  0)
  1476576     35080 914158136  0.001  0.000   31.876   19.080    0    0  (Gen:  0)
  1489232     32752 915183752  0.000  0.000   31.877   19.081    0    0  (Gen:  0)
  2171968     49488 915641232  0.000  0.000   31.879   19.083    0    0  (Gen:  0)
  1139808     49120 915658136  0.000  0.000   31.881   19.084    0    0  (Gen:  0)
  1910112     40568 915681152  0.000  0.000   31.883   19.086    0    0  (Gen:  0)
  1625040     48136 915701672  0.000  0.000   31.884   19.088    0    0  (Gen:  0)
  3014584     61192 915737784  0.000  0.000   31.887   19.091    0    0  (Gen:  0)
  1711096     58536 915762480  0.000  0.000   31.889   19.092    0    0  (Gen:  0)
  1716984     46472 915784480  0.000  0.000   31.891   19.094    0    0  (Gen:  0)
  3365488     68816 915801240  0.000  0.000   31.895   19.097    0    0  (Gen:  0)
  1590368     66936 915850168  0.000  0.000   31.896   19.099    0    0  (Gen:  0)
  2114944     46816 915876016  0.000  0.000   31.898   19.101    0    0  (Gen:  0)
  1140280     45048 915894416  0.000  0.000   31.900   19.102    0    0  (Gen:  0)
  1104488     30696 915902816  0.000  0.000   31.901   19.103    0    0  (Gen:  0)
  2320600     39216 915928480  0.000  0.000   31.903   19.105    0    0  (Gen:  0)
  2436672     49280 915957096  0.000  0.000   31.905   19.107    0    0  (Gen:  0)
  1718400     46376 915970920  0.000  0.000   31.907   19.108    0    0  (Gen:  0)
  2401448     42536 915992824  0.000  0.000   31.909   19.111    0    0  (Gen:  0)
  1731096     40304 916007168  0.000  0.000   31.911   19.112    0    0  (Gen:  0)
  1102776     31920 916017568  0.000  0.000   31.912   19.113    0    0  (Gen:  0)
  1378104     30728 916034400  0.000  0.000   31.914   19.115    0    0  (Gen:  0)
  1801384     32784 916048480  0.000  0.000   31.916   19.116    0    0  (Gen:  0)
  1210704     32720 916061424  0.000  0.000   31.917   19.117    0    0  (Gen:  0)
  2250536     48352 916094888  0.000  0.000   31.919   19.120    0    0  (Gen:  0)
  1820584     56648 916116408  0.000  0.000   31.921   19.122    0    0  (Gen:  0)
  2482496     49808 916140376  0.000  0.000   31.924   19.124    0    0  (Gen:  0)
  1702000     43088 916160368  0.000  0.000   31.926   19.126    0    0  (Gen:  0)
  1141680     38424 916173800  0.000  0.000   31.927   19.127    0    0  (Gen:  0)
  2124272     44360 916206120  0.000  0.000   31.929   19.129    0    0  (Gen:  0)
  2740496     53128 916232488  0.000  0.000   31.932   19.131    0    0  (Gen:  0)
  1102704     41192 916243664  0.000  0.000   31.933   19.132    0    0  (Gen:  0)
  1138168     32904 916262064  0.000  0.000   31.934   19.133    0    0  (Gen:  0)
  1230584     42120 916279472  0.000  0.000   31.936   19.135    0    0  (Gen:  0)
  1138056     35776 916295592  0.000  0.000   31.937   19.136    0    0  (Gen:  0)
  1104600     28184 916306344  0.000  0.000   31.938   19.137    0    0  (Gen:  0)
  2780304     44304 916302520  0.000  0.000   31.941   19.139    0    0  (Gen:  0)
  1598728     56288 916364336  0.000  0.000   31.943   19.141    0    0  (Gen:  0)
  1578792     46624 916380720  0.000  0.000   31.945   19.143    0    0  (Gen:  0)
  1907368     48576 916407408  0.000  0.000   31.947   19.144    0    0  (Gen:  0)
  1198816     43696 916424312  0.000  0.000   31.948   19.146    0    0  (Gen:  0)
  2662048     62976 916472552  0.000  0.000   31.951   19.149    0    0  (Gen:  0)
  1104896     56216 916479136  0.000  0.000   31.952   19.150    0    0  (Gen:  0)
  1531272     36400 916497272  0.000  0.000   31.954   19.151    0    0  (Gen:  0)
  1455848     31704 916509416  0.000  0.000   31.956   19.152    0    0  (Gen:  0)
  1207960     28872 916522448  0.000  0.000   31.957   19.154    0    0  (Gen:  0)
  1297712     30880 916534368  0.000  0.000   31.958   19.155    0    0  (Gen:  0)
  2280808     40784 916557128  0.000  0.000   31.960   19.157    0    0  (Gen:  0)
  2536448     53896 916591096  0.000  0.000   31.963   19.159    0    0  (Gen:  0)
  2392000     57984 916620528  0.000  0.000   31.966   19.162    0    0  (Gen:  0)
  1106616     36128 916628096  0.000  0.000   31.967   19.163    0    0  (Gen:  0)
  2848792     49920 916660488  0.000  0.000   31.970   19.166    0    0  (Gen:  0)
  1139368     56144 916680216  0.000  0.000   31.971   19.167    0    0  (Gen:  0)
  2395384     45544 916701896  0.000  0.000   31.974   19.169    0    0  (Gen:  0)
  2607400     62536 916744192  0.000  0.000   31.976   19.171    0    0  (Gen:  0)
  1970880     53648 916759672  0.000  0.000   31.978   19.173    0    0  (Gen:  0)
  1288272     33800 916766368  0.000  0.000   31.979   19.174    0    0  (Gen:  0)
  1137368     34656 916786360  0.000  0.000   31.981   19.175    0    0  (Gen:  0)
  1528024     30080 916796352  0.000  0.000   31.982   19.177    0    0  (Gen:  0)
  1104504     30336 916809816  0.000  0.000   31.983   19.178    0    0  (Gen:  0)
  1106496     28424 916822104  0.000  0.000   31.985   19.179    0    0  (Gen:  0)
  1103120     28256 916830984  0.000  0.000   31.986   19.180    0    0  (Gen:  0)
  1128568     30016 916847112  0.000  0.000   31.987   19.181    0    0  (Gen:  0)
  1818312     33016 916991224  0.000  0.000   31.989   19.182    0    0  (Gen:  0)
  1421808     28984 917064184  0.000  0.000   31.990   19.183    0    0  (Gen:  0)
  2935200     66752 917283464  0.000  0.000   31.994   19.187    0    0  (Gen:  0)
  1210016     67584 917394936  0.000  0.000   31.996   19.188    0    0  (Gen:  0)
  1271648     41680 917483160  0.000  0.000   31.998   19.190    0    0  (Gen:  0)
  2925040     64448 917752496  0.000  0.000   32.001   19.193    0    0  (Gen:  0)
  1846608     64224 917905016  0.000  0.000   32.003   19.195    0    0  (Gen:  0)
  1257640     40296 918052376  0.000  0.000   32.005   19.196    0    0  (Gen:  0)
  1258224     32544 918134144  0.000  0.000   32.006   19.197    0    0  (Gen:  0)
  1439368     35944 918217144  0.000  0.000   32.008   19.198    0    0  (Gen:  0)
  2809448     46088 918469696  0.000  0.000   32.010   19.201    0    0  (Gen:  0)
  1464024     45344 918546336  0.000  0.000   32.012   19.202    0    0  (Gen:  0)
  1525296     33840 918689360  0.000  0.000   32.013   19.203    0    0  (Gen:  0)
  3045416     49160 918858392  0.000  0.000   32.016   19.206    0    0  (Gen:  0)
  1175704     43272 918966384  0.000  0.000   32.017   19.207    0    0  (Gen:  0)
  2957712     42592 919162056  0.000  0.000   32.020   19.210    0    0  (Gen:  0)
  2763608     58296 919349672  0.000  0.000   32.023   19.212    0    0  (Gen:  0)
  1140928     42376 919427728  0.000  0.000   32.024   19.213    0    0  (Gen:  0)
  2852592     41984 919622424  0.000  0.000   32.027   19.215    0    0  (Gen:  0)
  1950440     53480 919745232  0.000  0.000   32.029   19.217    0    0  (Gen:  0)
  1175032     34936 919817048  0.000  0.000   32.030   19.218    0    0  (Gen:  0)
  2115848     38872 919872688  0.000  0.000   32.032   19.220    0    0  (Gen:  0)
  1293864     35168 920014312  0.000  0.000   32.033   19.221    0    0  (Gen:  0)
  2406992     43552 920207872  0.000  0.000   32.036   19.223    0    0  (Gen:  0)
  2086864     50096 920293784  0.000  0.000   32.038   19.225    0    0  (Gen:  0)
  1618352     44144 920506816  0.000  0.000   32.040   19.227    0    0  (Gen:  0)
  1932520     51440 920632152  0.000  0.000   32.042   19.229    0    0  (Gen:  0)
  2268128     56456 920855976  0.000  0.000   32.044   19.231    0    0  (Gen:  0)
  1103784     36424 920863960  0.000  0.000   32.045   19.232    0    0  (Gen:  0)
  1220320     34056 920980152  0.000  0.000   32.047   19.233    0    0  (Gen:  0)
  1971776     45888 921164752  0.000  0.000   32.049   19.235    0    0  (Gen:  0)
  1687224     55216 921287392  0.000  0.000   32.051   19.237    0    0  (Gen:  0)
  1420856     43248 921364336  0.000  0.000   32.053   19.238    0    0  (Gen:  0)
  2692736     40520 921523344  0.000  0.000   32.055   19.240    0    0  (Gen:  0)
  3980752     74256 921872056  0.000  0.000   32.059   19.244    0    0  (Gen:  0)
  1936608     69760 922091048  0.000  0.000   32.061   19.246    0    0  (Gen:  0)
  2228288     48088 922212136  0.000  0.000   32.064   19.248    0    0  (Gen:  0)
  2805160     58976 922374880  0.000  0.000   32.066   19.250    0    0  (Gen:  0)
  2323304     53496 922562528  0.000  0.000   32.069   19.252    0    0  (Gen:  0)
  1103776     41336 922577232  0.000  0.000   32.070   19.253    0    0  (Gen:  0)
  1216520     30960 922687632  0.000  0.000   32.071   19.254    0    0  (Gen:  0)
  2272088     39824 922807904  0.000  0.000   32.073   19.256    0    0  (Gen:  0)
  1209608     43024 922923176  0.000  0.000   32.074   19.257    0    0  (Gen:  0)
  2523592     41864 923105608  0.000  0.000   32.077   19.259    0    0  (Gen:  0)
  1106160     39536 923118648  0.000  0.000   32.078   19.260    0    0  (Gen:  0)
  2018432     38960 923207504  0.000  0.000   32.080   19.262    0    0  (Gen:  0)
  1209168     39272 923317328  0.000  0.000   32.081   19.263    0    0  (Gen:  0)
  1564608     37984 923397128  0.000  0.000   32.083   19.265    0    0  (Gen:  0)
  2356976     52888 923590784  0.000  0.000   32.086   19.267    0    0  (Gen:  0)
  1070848     44512 923599736  0.000  0.000   32.087   19.268    0    0  (Gen:  0)
  2194032     36840 923882376  0.000  0.000   32.089   19.269    0    0  (Gen:  0)
  3330944     57464 924118432  0.000  0.000   32.092   19.272    0    0  (Gen:  0)
  1748744     52776 924195720  0.000  0.000   32.094   19.274    0    0  (Gen:  0)
  2065824     42360 924348344  0.000  0.000   32.096   19.276    0    0  (Gen:  0)
  2650920     56904 924474840  0.000  0.000   32.099   19.279    0    0  (Gen:  0)
  2708776     62760 924674464  0.000  0.000   32.101   19.281    0    0  (Gen:  0)
  1485864    198120 924902624  0.001  0.000   32.103   19.282    0    0  (Gen:  0)
  1298272     24360 924758808  0.000  0.000   32.105   19.283    0    0  (Gen:  0)
  1221040     29680 924875792  0.000  0.000   32.106   19.284    0    0  (Gen:  0)
  1106168     30248 924884904  0.000  0.000   32.107   19.285    0    0  (Gen:  0)
  1597736     40208 925012536  0.000  0.000   32.109   19.287    0    0  (Gen:  0)
  1103568     39168 925026776  0.000  0.000   32.110   19.288    0    0  (Gen:  0)
  1552240     30352 925134504  0.000  0.000   32.112   19.289    0    0  (Gen:  0)
  1174368     38824 925189208  0.000  0.000   32.114   19.291    0    0  (Gen:  0)
  1395008     42440 925301512  0.000  0.000   32.115   19.292    0    0  (Gen:  0)
  1345912     38208 925347976  0.000  0.000   32.117   19.294    0    0  (Gen:  0)
  2001824     34904 925527408  0.000  0.000   32.119   19.295    0    0  (Gen:  0)
  1669824     45312 925650472  0.000  0.000   32.121   19.297    0    0  (Gen:  0)
  1217584     39008 925757456  0.000  0.000   32.122   19.298    0    0  (Gen:  0)
  1142616     25408 925834792  0.000  0.000   32.124   19.299    0    0  (Gen:  0)
  1175648     23960 925909608  0.000  0.000   32.125   19.300    0    0  (Gen:  0)
  2097224     41216 926007568  0.000  0.000   32.127   19.302    0    0  (Gen:  0)
  1248264     42128 926054944  0.000  0.000   32.128   19.303    0    0  (Gen:  0)
  3815104     57616 926287872  0.000  0.000   32.132   19.307    0    0  (Gen:  0)
  1173536     57280 926367560  0.000  0.000   32.133   19.308    0    0  (Gen:  0)
  2093776     36720 926522160  0.000  0.000   32.136   19.310    0    0  (Gen:  0)
  2277328     58376 926684832  0.000  0.000   32.138   19.312    0    0  (Gen:  0)
  2422520     68904 926916312  0.000  0.000   32.141   19.315    0    0  (Gen:  0)
  2578488     73856 927180704  0.000  0.000   32.145   19.319    0    0  (Gen:  0)
  2512368     71200 927402488  0.001  0.000   32.148   19.321    0    0  (Gen:  0)
  1830520     66320 927493928  0.000  0.000   32.150   19.324    0    0  (Gen:  0)
  2312104     65376 927631240  0.000  0.000   32.153   19.327    0    0  (Gen:  0)
  3276800     80992 927869488  0.000  0.000   32.158   19.331    0    0  (Gen:  0)
  3255552     85440 928073800  0.000  0.000   32.162   19.334    0    0  (Gen:  0)
  1898936     73904 928232760  0.000  0.000   32.164   19.336    0    0  (Gen:  0)
  1385000     50576 928311384  0.000  0.000   32.166   19.338    0    0  (Gen:  0)
  1603544     46344 928366472  0.000  0.000   32.168   19.340    0    0  (Gen:  0)
  1175128     40816 928444000  0.000  0.000   32.169   19.341    0    0  (Gen:  0)
  2193072     40168 928569888  0.000  0.000   32.171   19.343    0    0  (Gen:  0)
  1466112     39632 928649088  0.000  0.000   32.173   19.344    0    0  (Gen:  0)
  1247360     35304 928730920  0.000  0.000   32.174   19.345    0    0  (Gen:  0)
  1173712     30648 928837232  0.000  0.000   32.175   19.346    0    0  (Gen:  0)
  2895056     41464 928996696  0.000  0.000   32.178   19.348    0    0  (Gen:  0)
  1680816     47096 929112816  0.000  0.000   32.180   19.350    0    0  (Gen:  0)
  2074360     45328 929200064  0.000  0.000   32.182   19.352    0    0  (Gen:  0)
  2846072     53816 929425984  0.000  0.000   32.184   19.354    0    0  (Gen:  0)
  1140920     46776 929503928  0.000  0.000   32.186   19.355    0    0  (Gen:  0)
  2071872     34784 929582312  0.000  0.000   32.188   19.357    0    0  (Gen:  0)
  2480552     49392 929810432  0.000  0.000   32.190   19.359    0    0  (Gen:  0)
  2151816     50008 929892744  0.000  0.000   32.192   19.361    0    0  (Gen:  0)
  1374808     36432 929998776  0.000  0.000   32.194   19.362    0    0  (Gen:  0)
  2459760     46520 930135376  0.000  0.000   32.196   19.364    0    0  (Gen:  0)
  1225808     41816 930240776  0.000  0.000   32.197   19.365    0    0  (Gen:  0)
  1104232     27344 930283512  0.000  0.000   32.198   19.366    0    0  (Gen:  0)
  1665160     32512 930369256  0.000  0.000   32.200   19.367    0    0  (Gen:  0)
  1141848     34184 930446600  0.000  0.000   32.201   19.368    0    0  (Gen:  0)
  1934568     35640 930532448  0.000  0.000   32.203   19.370    0    0  (Gen:  0)
  2979744     53256 930725480  0.000  0.000   32.206   19.373    0    0  (Gen:  0)
  1414216     48040 930772864  0.000  0.000   32.207   19.374    0    0  (Gen:  0)
  2944768     47944 930961864  0.000  0.000   32.210   19.376    0    0  (Gen:  0)
  2504848     56288 931149648  0.000  0.000   32.212   19.378    0    0  (Gen:  0)
  2023952     49720 931336896  0.000  0.000   32.215   19.382    0    0  (Gen:  0)
  2820040     50272 931524128  0.000  0.000   32.218   19.384    0    0  (Gen:  0)
  1388896     41072 931608680  0.000  0.000   32.219   19.385    0    0  (Gen:  0)
  2727744     55424 931903392  0.000  0.000   32.223   19.389    0    0  (Gen:  0)
  3220320     77080 932108056  0.000  0.000   32.227   19.392    0    0  (Gen:  0)
  3969024     91312 932424240  0.000  0.000   32.231   19.396    0    0  (Gen:  0)
  2110600     78440 932615656  0.000  0.000   32.234   19.399    0    0  (Gen:  0)
  1103984     46160 932629960  0.000  0.000   32.235   19.400    0    0  (Gen:  0)
  2652032     40376 932848176  0.000  0.000   32.238   19.402    0    0  (Gen:  0)
  1592136     50696 932933496  0.000  0.000   32.240   19.404    0    0  (Gen:  0)
  1207312     44824 933016808  0.000  0.000   32.241   19.405    0    0  (Gen:  0)
  3357168     65376 933317536  0.000  0.000   32.245   19.409    0    0  (Gen:  0)
  2883640     77304 933484168  0.000  0.000   32.248   19.411    0    0  (Gen:  0)
  2027048     52552 933607560  0.000  0.000   32.250   19.413    0    0  (Gen:  0)
  2465680     64176 933712016  0.000  0.000   32.253   19.417    0    0  (Gen:  0)
  2048592     66944 933869064  0.000  0.000   32.256   19.419    0    0  (Gen:  0)
  1823312     52528 933921640  0.000  0.000   32.258   19.421    0    0  (Gen:  0)
  3191904     57816 934115952  0.000  0.000   32.261   19.424    0    0  (Gen:  0)
  1447792     48840 934163280  0.000  0.000   32.262   19.425    0    0  (Gen:  0)
  3646984     69640 934510432  0.000  0.000   32.267   19.430    0    0  (Gen:  0)
  2882160     84600 934609776  0.000  0.000   32.270   19.433    0    0  (Gen:  0)
  2066384     50936 934754608  0.000  0.000   32.272   19.435    0    0  (Gen:  0)
  3132448     69912 934998672  0.000  0.000   32.276   19.438    0    0  (Gen:  0)
  1220128     64112 935075504  0.000  0.000   32.278   19.440    0    0  (Gen:  0)
  1195368     37400 935156544  0.000  0.000   32.279   19.441    0    0  (Gen:  0)
  1374632     34864 935205808  0.000  0.000   32.281   19.442    0    0  (Gen:  0)
  2112392     39400 935389688  0.000  0.000   32.283   19.444    0    0  (Gen:  0)
  3227136     71072 935538240  0.000  0.000   32.287   19.448    0    0  (Gen:  0)
  2235784     79176 935731456  0.000  0.000   32.290   19.450    0    0  (Gen:  0)
  2893032     73968 935998568  0.000  0.000   32.293   19.454    0    0  (Gen:  0)
  1457744     59136 936079400  0.000  0.000   32.295   19.455    0    0  (Gen:  0)
  1423256     40760 936165808  0.000  0.000   32.297   19.457    0    0  (Gen:  0)
  1587840     50808 936288872  0.000  0.000   32.299   19.458    0    0  (Gen:  0)
  3599696     73040 936559704  0.000  0.000   32.303   19.462    0    0  (Gen:  0)
  2615128     89392 936796872  0.000  0.000   32.306   19.466    0    0  (Gen:  0)
  2734184     79232 936962432  0.000  0.000   32.309   19.468    0    0  (Gen:  0)
  1171968     50160 937069576  0.000  0.000   32.311   19.469    0    0  (Gen:  0)
  2543776     40160 937223168  0.000  0.000   32.313   19.472    0    0  (Gen:  0)
  1207152     43328 937336744  0.000  0.000   32.315   19.473    0    0  (Gen:  0)
  2069752     34568 937484800  0.000  0.000   32.317   19.475    0    0  (Gen:  0)
  1801112     47704 937610448  0.000  0.000   32.319   19.477    0    0  (Gen:  0)
  2309304     49784 937763120  0.000  0.000   32.321   19.479    0    0  (Gen:  0)
  2942296     53608 937923312  0.000  0.000   32.324   19.481    0    0  (Gen:  0)
  1383880     41360 937969928  0.000  0.000   32.325   19.482    0    0  (Gen:  0)
  1880608     36144 938023880  0.000  0.000   32.327   19.484    0    0  (Gen:  0)
  2054256     43160 938108152  0.000  0.000   32.329   19.485    0    0  (Gen:  0)
  1175128     35944 938188408  0.000  0.000   32.330   19.486    0    0  (Gen:  0)
  1191360     31816 938268744  0.000  0.000   32.332   19.488    0    0  (Gen:  0)
  1436416     31504 938278568  0.000  0.000   32.333   19.489    0    0  (Gen:  0)
  2002296     44904 938437192  0.000  0.000   32.335   19.491    0    0  (Gen:  0)
  2640464     55288 938523736  0.000  0.000   32.338   19.493    0    0  (Gen:  0)
  1355880     44512 938600840  0.000  0.000   32.339   19.494    0    0  (Gen:  0)
  2766160     46608 938798192  0.000  0.000   32.342   19.497    0    0  (Gen:  0)
  1952328     52736 938887456  0.000  0.000   32.344   19.499    0    0  (Gen:  0)
  1227720     43280 938997616  0.000  0.000   32.345   19.500    0    0  (Gen:  0)
  3340864     64368 939270552  0.000  0.000   32.349   19.503    0    0  (Gen:  0)
  1437104     64224 939349208  0.000  0.000   32.351   19.505    0    0  (Gen:  0)
  2931456     58568 939555600  0.000  0.000   32.354   19.508    0    0  (Gen:  0)
  1868896     60440 939673456  0.000  0.000   32.356   19.510    0    0  (Gen:  0)
  1309280     39880 939787496  0.000  0.000   32.357   19.511    0    0  (Gen:  0)
  4110744     62768 940031944  0.000  0.000   32.362   19.515    0    0  (Gen:  0)
  1299608     69304 940118760  0.000  0.000   32.363   19.516    0    0  (Gen:  0)
  1172080     31304 940194240  0.000  0.000   32.364   19.517    0    0  (Gen:  0)
  1140024     25032 940265888  0.000  0.000   32.366   19.518    0    0  (Gen:  0)
  3353568     52264 940503224  0.000  0.000   32.369   19.521    0    0  (Gen:  0)
  1105200     48464 940512856  0.000  0.000   32.370   19.522    0    0  (Gen:  0)
  3689392     49680 940745224  0.000  0.000   32.373   19.525    0    0  (Gen:  0)
  2587040     63480 940869816  0.000  0.000   32.376   19.527    0    0  (Gen:  0)
  1231896     48664 940955256  0.000  0.000   32.377   19.529    0    0  (Gen:  0)
  2381080     50408 941076264  0.000  0.000   32.380   19.531    0    0  (Gen:  0)
  1859352     53480 941227864  0.000  0.000   32.382   19.533    0    0  (Gen:  0)
  1480800     36088 941309880  0.000  0.000   32.384   19.534    0    0  (Gen:  0)
  1549728     37256 941423608  0.000  0.000   32.385   19.536    0    0  (Gen:  0)
  2475584     45760 941583808  0.000  0.000   32.388   19.538    0    0  (Gen:  0)
  1140368     38536 941623976  0.000  0.000   32.389   19.539    0    0  (Gen:  0)
  2289152     41128 941719112  0.000  0.000   32.391   19.541    0    0  (Gen:  0)
  1176456     42856 941795960  0.000  0.000   32.392   19.542    0    0  (Gen:  0)
  2742488     51424 941988104  0.000  0.000   32.395   19.545    0    0  (Gen:  0)
  3965632     79472 942268856  0.000  0.000   32.399   19.549    0    0  (Gen:  0)
  1073088     57760 942273392  0.000  0.000   32.401   19.550    0    0  (Gen:  0)
  1808152     36960 942398384  0.000  0.000   32.403   19.552    0    0  (Gen:  0)
  2357912     57096 942589144  0.000  0.000   32.405   19.554    0    0  (Gen:  0)
  2138488     54464 942712960  0.000  0.000   32.408   19.556    0    0  (Gen:  0)
  3390280     62632 942947224  0.000  0.000   32.411   19.560    0    0  (Gen:  0)
  2484592     72520 943141384  0.000  0.000   32.414   19.562    0    0  (Gen:  0)
  1792368     54208 943229784  0.000  0.000   32.416   19.564    0    0  (Gen:  0)
  1204016     34464 943305008  0.000  0.000   32.417   19.565    0    0  (Gen:  0)
  2639416     57208 943475392  0.000  0.000   32.420   19.568    0    0  (Gen:  0)
  3107784     77144 943775632  0.000  0.000   32.424   19.571    0    0  (Gen:  0)
  2146048     68704 943867904  0.000  0.000   32.426   19.573    0    0  (Gen:  0)
  1260104     42936 943980392  0.000  0.000   32.428   19.574    0    0  (Gen:  0)
  1329960     27584 944055480  0.000  0.000   32.429   19.576    0    0  (Gen:  0)
  2693648     60056 944327576  0.000  0.000   32.432   19.579    0    0  (Gen:  0)
  2679072     75272 944488984  0.000  0.000   32.435   19.581    0    0  (Gen:  0)
  1244040     48008 944625760  0.000  0.000   32.437   19.582    0    0  (Gen:  0)
  1072136     27088 944633992  0.000  0.000   32.438   19.583    0    0  (Gen:  0)
  2318456    128376 944880400  0.000  0.000   32.440   19.585    0    0  (Gen:  0)
  3067712     69560 944998640  0.000  0.000   32.444   19.589    0    0  (Gen:  0)
  4696376    101904 945424256  0.001  0.000   32.449   19.594    0    0  (Gen:  0)
  2428272     93896 945555296  0.000  0.000   32.452   19.597    0    0  (Gen:  0)
  2813328     75688 945814776  0.000  0.000   32.455   19.600    0    0  (Gen:  0)
  1372400     55848 945893800  0.000  0.000   32.457   19.601    0    0  (Gen:  0)
  2533808     38696 946017960  0.000  0.000   32.460   19.603    0    0  (Gen:  0)
  2513424     53864 946208320  0.000  0.000   32.462   19.605    0    0  (Gen:  0)
  1070248     39432 946216800  0.000  0.000   32.463   19.606    0    0  (Gen:  0)
  3392632     57648 946492352  0.000  0.000   32.466   19.609    0    0  (Gen:  0)
  2096160     70792 946653520  0.000  0.000   32.470   19.612    0    0  (Gen:  0)
  1697032     51320 946765336  0.000  0.000   32.471   19.614    0    0  (Gen:  0)
  1992880     42624 946886544  0.000  0.000   32.473   19.616    0    0  (Gen:  0)
  2810904     50824 947049424  0.000  0.000   32.476   19.618    0    0  (Gen:  0)
  2456424     52832 947201240  0.000  0.000   32.478   19.620    0    0  (Gen:  0)
  2350080     57136 947360528  0.000  0.000   32.481   19.623    0    0  (Gen:  0)
  1549112     56920 947580096  0.000  0.000   32.483   19.625    0    0  (Gen:  0)
  1842656     53704 947705120  0.000  0.000   32.486   19.627    0    0  (Gen:  0)
  1730312     52808 947857472  0.000  0.000   32.488   19.629    0    0  (Gen:  0)
  1956392     42488 947936576  0.000  0.000   32.490   19.630    0    0  (Gen:  0)
  2007576     43544 948092864  0.000  0.000   32.492   19.632    0    0  (Gen:  0)
  1365072     36704 948105320  0.000  0.000   32.493   19.633    0    0  (Gen:  0)
  2648280     42072 948325176  0.000  0.000   32.496   19.636    0    0  (Gen:  0)
  1500464     47480 948444912  0.000  0.000   32.497   19.637    0    0  (Gen:  0)
  1903000     39064 948525528  0.000  0.000   32.499   19.639    0    0  (Gen:  0)
  2874200     59144 948794608  0.000  0.000   32.503   19.642    0    0  (Gen:  0)
  2258496    162240 949043648  0.001  0.000   32.505   19.644    0    0  (Gen:  0)
  1037792    235584 949145704  0.001  0.000   32.507   19.645    0    0  (Gen:  0)
  1186176    100152 949300448  0.001  0.000   32.508   19.646    0    0  (Gen:  0)
  1070248    169392 949404768  0.001  0.000   32.511   19.647    0    0  (Gen:  0)
  1638112    109824 949672968  0.001  0.000   32.514   19.649    0    0  (Gen:  0)
  1161552    130936 949794592  0.000  0.000   32.515   19.650    0    0  (Gen:  0)
  1039680     47536 949814128  0.000  0.000   32.516   19.651    0    0  (Gen:  0)
  1143728     35952 949892472  0.000  0.000   32.517   19.651    0    0  (Gen:  0)
  1038360     29264 949904592  0.000  0.000   32.518   19.652    0    0  (Gen:  0)
  1614016     62016 950015560  0.000  0.000   32.519   19.653    0    0  (Gen:  0)
  1040568     77568 950044200  0.000  0.000   32.520   19.654    0    0  (Gen:  0)
  1143224     44288 950154072  0.000  0.000   32.521   19.654    0    0  (Gen:  0)
  1041048     32616 950170784  0.000  0.000   32.522   19.655    0    0  (Gen:  0)
  1107872     35568 950250568  0.000  0.000   32.523   19.655    0    0  (Gen:  0)
  1039152     26824 950258736  0.000  0.000   32.523   19.656    0    0  (Gen:  0)
  1109144     20520 950332216  0.000  0.000   32.524   19.657    0    0  (Gen:  0)
  1039704     21984 950342288  0.000  0.000   32.525   19.657    0    0  (Gen:  0)
  1040152     35752 950363640  0.000  0.000   32.526   19.658    0    0  (Gen:  0)
  1170480     42344 950478648  0.000  0.000   32.527   19.659    0    0  (Gen:  0)
  1040632     47680 950505936  0.000  0.000   32.528   19.659    0    0  (Gen:  0)
  1041568     59352 950534256  0.000  0.000   32.529   19.660    0    0  (Gen:  0)
  1071800     71976 950606240  0.000  0.000   32.530   19.661    0    0  (Gen:  0)
  1107120     49480 950677576  0.000  0.000   32.531   19.661    0    0  (Gen:  0)
  1108720     18312 950751144  0.000  0.000   32.532   19.662    0    0  (Gen:  0)
  1039152     17096 950755888  0.000  0.000   32.532   19.662    0    0  (Gen:  0)
  1143848     17184 950862320  0.000  0.000   32.533   19.663    0    0  (Gen:  0)
  1039576     22816 950872968  0.000  0.000   32.534   19.664    0    0  (Gen:  0)
  3190064    165944 951433816  0.001  0.000   32.545   19.669    0    0  (Gen:  0)
  1805200    264600 951672344  0.001  0.000   32.551   19.671    0    0  (Gen:  0)
  1040176    219344 951735560  0.001  0.000   32.553   19.672    0    0  (Gen:  0)
  1246336    103976 952014552  0.001  0.000   32.555   19.674    0    0  (Gen:  0)
  1050168    156192 952081216  0.001  0.000   32.557   19.675    0    0  (Gen:  0)
  1132128    115792 952185368  0.000  0.000   32.558   19.676    0    0  (Gen:  0)
  1041760     78816 952221632  0.000  0.000   32.559   19.677    0    0  (Gen:  0)
  1142584     69080 952348888  0.000  0.000   32.560   19.677    0    0  (Gen:  0)
  1039584     55032 952371112  0.000  0.000   32.561   19.678    0    0  (Gen:  0)
  1148688     51504 952461912  0.000  0.000   32.562   19.679    0    0  (Gen:  0)
  1040216     51328 952484056  0.000  0.000   32.563   19.680    0    0  (Gen:  0)
  1073344     40640 952531512  0.000  0.000   32.564   19.680    0    0  (Gen:  0)
  1038760     30568 952543888  0.000  0.000   32.565   19.681    0    0  (Gen:  0)
  1180864     29600 952655808  0.000  0.000   32.566   19.681    0    0  (Gen:  0)
  1039560     32976 952671256  0.000  0.000   32.566   19.682    0    0  (Gen:  0)
  1143048     31184 952781168  0.000  0.000   32.567   19.683    0    0  (Gen:  0)
  1039176     24240 952789728  0.000  0.000   32.568   19.683    0    0  (Gen:  0)
  1159000     22808 952865528  0.000  0.000   32.569   19.684    0    0  (Gen:  0)
  1039344     27936 952879400  0.000  0.000   32.570   19.685    0    0  (Gen:  0)
  1108896     34864 952961936  0.000  0.000   32.571   19.685    0    0  (Gen:  0)
  1039184     32944 952973952  0.000  0.000   32.572   19.686    0    0  (Gen:  0)
  1546384    122808 953146216  0.000  0.000   32.573   19.687    0    0  (Gen:  0)
  1204904     24848 953060416  0.000  0.000   32.574   19.687    0    0  (Gen:  0)
  1108832     21704 953134112  0.000  0.000   32.575   19.688    0    0  (Gen:  0)
  1038680     17664 953139432  0.000  0.000   32.576   19.689    0    0  (Gen:  0)
  2244936    485504 953812016  0.002  0.001   32.580   19.690    0    0  (Gen:  0)
  1520432    663520 954261208  0.003  0.001   32.584   19.692    0    0  (Gen:  0)
  2649088    925128 955053168  0.003  0.001   32.590   19.695    0    0  (Gen:  0)
  1637048    752112 955601120  0.002  0.001   32.594   19.697    0    0  (Gen:  0)
  2782896    986528 956514344  0.002  0.001   32.599   19.700    0    0  (Gen:  0)
  2864336    743128 957047256  0.002  0.000   32.605   19.702    0    0  (Gen:  0)
  3782024    903848 957925184  0.003  0.001   32.611   19.705    0    0  (Gen:  0)
  3552720    730752 958707512  0.002  0.001   32.617   19.708    0    0  (Gen:  0)
  2563152    575528 959286856  0.002  0.000   32.622   19.710    0    0  (Gen:  0)
  3192632    332048 959661248  0.001  0.000   32.628   19.714    0    0  (Gen:  0)
  3934472    110712 960046968  0.001  0.000   32.635   19.719    0    0  (Gen:  0)
  1146120    328096 960396456  0.002  0.001   32.638   19.720    0    0  (Gen:  0)
  1108264    476776 960675944  0.002  0.001   32.641   19.722    0    0  (Gen:  0)
  1146464    515456 961106800  0.002  0.001   32.644   19.723    0    0  (Gen:  0)
  1135784    587136 961371672  0.001  0.001   32.647   19.724    0    0  (Gen:  0)
  1270600    401336 961586416  0.002  0.001   32.650   19.726    0    0  (Gen:  0)
  1193736    431104 962022728  0.002  0.000   32.653   19.727    0    0  (Gen:  0)
  1070176    265960 962216760  0.001  0.000   32.655   19.729    0    0  (Gen:  0)
  1105720    273656 962406216  0.001  0.000   32.657   19.730    0    0  (Gen:  0)
  1218160    228744 962619864  0.002  0.000   32.661   19.732    0    0  (Gen:  0)
  1137912    229544 962850584  0.002  0.000   32.664   19.733    0    0  (Gen:  0)
  1157104    215152 963047448  0.001  0.000   32.666   19.734    0    0  (Gen:  0)
  1103904    200104 963226888  0.001  0.000   32.668   19.736    0    0  (Gen:  0)
  1138320    114696 963337216  0.001  0.000   32.670   19.737    0    0  (Gen:  0)
  1147384     32072 963456776  0.000  0.000   32.672   19.739    0    0  (Gen:  0)
  1033064     21888 963462184  0.000  0.000   32.674   19.740    0    0  (Gen:  0)
  1132160     23920 963574584  0.000  0.000   32.675   19.742    0    0  (Gen:  0)
  1207832     56360 963783200  0.000  0.000   32.677   19.743    0    0  (Gen:  0)
  1105032    170664 963978560  0.002  0.000   32.680   19.745    0    0  (Gen:  0)
  1035400    259264 964110328  0.002  0.001   32.685   19.747    0    0  (Gen:  0)
  1037040    214760 964220624  0.002  0.001   32.688   19.750    0    0  (Gen:  0)
  1034784    230128 964341560  0.002  0.001   32.692   19.752    0    0  (Gen:  0)
  1037624    252296 964476952  0.002  0.001   32.696   19.754    0    0  (Gen:  0)
  1035848    248760 964594384  0.002  0.001   32.700   19.756    0    0  (Gen:  0)
  1037544    232352 964714584  0.002  0.001   32.703   19.758    0    0  (Gen:  0)
  1037176    241168 964838968  0.002  0.001   32.707   19.760    0    0  (Gen:  0)
  1035192    257128 964974496  0.002  0.001   32.711   19.762    0    0  (Gen:  0)
  1035800    264120 965107072  0.002  0.001   32.714   19.764    0    0  (Gen:  0)
  1037520    270144 965247272  0.003  0.001   32.718   19.766    0    0  (Gen:  0)
  1034440    259816 965372360  0.002  0.001   32.722   19.768    0    0  (Gen:  0)
  1037528    245312 965498488  0.002  0.001   32.726   19.770    0    0  (Gen:  0)
  1033952    220864 965595264  0.002  0.001   32.729   19.771    0    0  (Gen:  0)
  1036096    179816 965674624  0.002  0.000   32.732   19.773    0    0  (Gen:  0)
  1038200    214472 965810696  0.002  0.001   32.736   19.775    0    0  (Gen:  0)
  1038656    231712 965910512  0.002  0.001   32.739   19.777    0    0  (Gen:  0)
  1032336    255720 966065176  0.002  0.001   32.743   19.779    0    0  (Gen:  0)
  1041480    200168 966119464  0.002  0.001   32.746   19.781    0    0  (Gen:  0)
  1040328    103728 966173600  0.001  0.000   32.748   19.782    0    0  (Gen:  0)
  1040040    101952 966226608  0.001  0.000   32.750   19.784    0    0  (Gen:  0)
  1039256     96256 966279144  0.001  0.000   32.752   19.785    0    0  (Gen:  0)
  1036312     90368 966327952  0.001  0.000   32.755   19.787    0    0  (Gen:  0)
  1040232     91416 966379552  0.001  0.000   32.757   19.788    0    0  (Gen:  0)
  1037400    108664 966440096  0.001  0.000   32.759   19.790    0    0  (Gen:  0)
  1946416    153120 966545800  0.001  0.000   32.762   19.792    0    0  (Gen:  0)
  1040152    323664 966808872  0.002  0.001   32.765   19.793    0    0  (Gen:  0)
  1040376    483456 967078752  0.003  0.001   32.769   19.795    0    0  (Gen:  0)
  1040336    515968 967379168  0.002  0.001   32.773   19.797    0    0  (Gen:  0)
  1040664    510576 967668888  0.002  0.001   32.778   19.799    0    0  (Gen:  0)
  1039840    495832 967944488  0.003  0.001   32.782   19.801    0    0  (Gen:  0)
  1041192    513160 968230888  0.002  0.001   32.786   19.803    0    0  (Gen:  0)
  1042128    395224 968516024  0.002  0.001   32.789   19.804    0    0  (Gen:  0)
  1108576    302848 968751184  0.001  0.000   32.790   19.804    0    0  (Gen:  0)
  1044608     87520 968659672  0.000  0.000   32.791   19.805    0    0  (Gen:  0)
  1043336    176232 968806296  0.001  0.000   32.792   19.806    0    0  (Gen:  0)
  1042976    299960 969030216  0.002  0.000   32.795   19.807    0    0  (Gen:  0)
  1216736    177912 969148536  0.001  0.000   32.797   19.809    0    0  (Gen:  0)
  1123040     78688 969154816  0.000  0.000   32.799   19.810    0    0  (Gen:  0)
  1039000      9472 969155864  0.000  0.000   32.800   19.810    0    0  (Gen:  0)
  1042720      5216 969155632  0.000  0.000   32.800   19.811    0    0  (Gen:  0)
  1043224      3856 969155512  0.000  0.000   32.801   19.812    0    0  (Gen:  0)
  1043224      4392 969156176  0.000  0.000   32.802   19.812    0    0  (Gen:  0)
  1042808      4752 969156656  0.000  0.000   32.803   19.813    0    0  (Gen:  0)
  1040648      3880 969155784  0.000  0.000   32.803   19.814    0    0  (Gen:  0)
  1040648      3824 969155728  0.000  0.000   32.804   19.814    0    0  (Gen:  0)
  1040664      3624 969155528  0.000  0.000   32.805   19.815    0    0  (Gen:  0)
  2356208    248320 969501352  0.001  0.000   32.809   19.819    0    0  (Gen:  0)
  1459488    269360 969614032  0.001  0.000   32.811   19.819    0    0  (Gen:  0)
  1421560     26008 969588040  0.000  0.000   32.812   19.820    0    0  (Gen:  0)
  1420176     22680 969623008  0.000  0.000   32.813   19.820    0    0  (Gen:  0)
  1350464     62128 969707328  0.000  0.000   32.814   19.821    0    0  (Gen:  0)
  1675208     38696 969795000  0.000  0.000   32.816   19.821    0    0  (Gen:  0)
  1420904     39840 969855208  0.000  0.000   32.817   19.822    0    0  (Gen:  0)
  2389144    219928 970117432  0.001  0.000   32.820   19.825    0    0  (Gen:  0)
  1349384    205048 970113136  0.001  0.000   32.822   19.826    0    0  (Gen:  0)
  1285344     59152 970145896  0.000  0.000   32.823   19.826    0    0  (Gen:  0)
  1581128     17480 970181160  0.000  0.000   32.824   19.827    0    0  (Gen:  0)
  3146128    206248 970522080  0.001  0.000   32.829   19.830    0    0  (Gen:  0)
  1261728    254312 970580104  0.001  0.000   32.830   19.831    0    0  (Gen:  0)
  1382792     60856 970608960  0.000  0.000   32.831   19.831    0    0  (Gen:  0)
  1318368     70920 970660200  0.000  0.000   32.832   19.832    0    0  (Gen:  0)
  1567544     16896 970682560  0.000  0.000   32.833   19.832    0    0  (Gen:  0)
  3613600    212392 970997120  0.001  0.000   32.838   19.836    0    0  (Gen:  0)
  1339176    202376 970996736  0.001  0.000   32.839   19.836    0    0  (Gen:  0)
  1314224     22144 971002896  0.000  0.000   32.840   19.837    0    0  (Gen:  0)
  1576512     15848 971073568  0.000  0.000   32.841   19.837    0    0  (Gen:  0)
  1847056     38888 971175464  0.000  0.000   32.843   19.838    0    0  (Gen:  0)
  2137848    202400 971421976  0.001  0.000   32.846   19.841    0    0  (Gen:  0)
  1338712    193968 971424176  0.001  0.000   32.848   19.841    0    0  (Gen:  0)
  1329816     22464 971433232  0.000  0.000   32.849   19.842    0    0  (Gen:  0)
  1564584     14640 971503112  0.000  0.000   32.850   19.842    0    0  (Gen:  0)
  2881960    204664 971871976  0.001  0.000   32.853   19.845    0    0  (Gen:  0)
  1366448    205992 971853864  0.001  0.000   32.855   19.846    0    0  (Gen:  0)
  1321768     31288 971857544  0.000  0.000   32.856   19.847    0    0  (Gen:  0)
  1321264     23672 971862296  0.000  0.000   32.857   19.847    0    0  (Gen:  0)
  1586392     15704 971931328  0.000  0.000   32.858   19.847    0    0  (Gen:  0)
  2808440    206272 972299720  0.001  0.000   32.862   19.850    0    0  (Gen:  0)
  1554128    264776 972339864  0.001  0.000   32.863   19.851    0    0  (Gen:  0)
  1345240     49352 972306016  0.000  0.000   32.865   19.852    0    0  (Gen:  0)
  1330496     57248 972323672  0.000  0.000   32.866   19.852    0    0  (Gen:  0)
  1611040     17488 972361608  0.000  0.000   32.867   19.853    0    0  (Gen:  0)
  3752584    213440 972678016  0.001  0.000   32.871   19.857    0    0  (Gen:  0)
  1328568    203480 972681008  0.001  0.000   32.873   19.857    0    0  (Gen:  0)
  1317464     23648 972687704  0.000  0.000   32.874   19.858    0    0  (Gen:  0)
  1586872     16344 972757408  0.000  0.000   32.875   19.858    0    0  (Gen:  0)
  1792592     38032 972854592  0.000  0.000   32.877   19.859    0    0  (Gen:  0)
  2508568    260376 973159296  0.001  0.000   32.880   19.862    0    0  (Gen:  0)
  1336872    229456 973138616  0.001  0.000   32.881   19.862    0    0  (Gen:  0)
  1340384     57408 973143728  0.000  0.000   32.883   19.863    0    0  (Gen:  0)
  1620248     19328 973182768  0.000  0.000   32.884   19.863    0    0  (Gen:  0)
  2229640    204408 973483064  0.001  0.000   32.887   19.866    0    0  (Gen:  0)
  1897640    260728 973552624  0.001  0.000   32.889   19.867    0    0  (Gen:  0)
  1391736     63432 973527040  0.000  0.000   32.891   19.868    0    0  (Gen:  0)
  1325504     68968 973555280  0.000  0.000   32.892   19.868    0    0  (Gen:  0)
  1618560     19016 973581464  0.000  0.000   32.893   19.869    0    0  (Gen:  0)
  2660624    205240 973886096  0.001  0.000   32.897   19.872    0    0  (Gen:  0)
  1326384    257656 973951536  0.001  0.000   32.898   19.873    0    0  (Gen:  0)
  1334304     52048 973963176  0.000  0.000   32.900   19.873    0    0  (Gen:  0)
  1282920     71568 973991224  0.000  0.000   32.901   19.874    0    0  (Gen:  0)
  1573272     17776 974015320  0.000  0.000   32.902   19.874    0    0  (Gen:  0)
  3527944    211488 974321488  0.001  0.000   32.906   19.878    0    0  (Gen:  0)
  1329976    202192 974322224  0.001  0.000   32.908   19.878    0    0  (Gen:  0)
  1320872     26176 974333464  0.000  0.000   32.909   19.879    0    0  (Gen:  0)
  1561144     20056 974404280  0.000  0.000   32.910   19.879    0    0  (Gen:  0)
  3003344    205336 974744248  0.001  0.000   32.914   19.883    0    0  (Gen:  0)
  1308104    270512 974818576  0.001  0.000   32.915   19.883    0    0  (Gen:  0)
  1344104     17968 974718856  0.000  0.000   32.916   19.884    0    0  (Gen:  0)
  1390872     19360 974757472  0.000  0.000   32.917   19.884    0    0  (Gen:  0)
  2149776     27552 974883240  0.000  0.000   32.919   19.885    0    0  (Gen:  0)
  2709176    207464 975177088  0.001  0.000   32.922   19.888    0    0  (Gen:  0)
  1341536    198960 975178008  0.001  0.000   32.924   19.889    0    0  (Gen:  0)
  1294696     19936 975180056  0.000  0.000   32.925   19.889    0    0  (Gen:  0)
  1558752     15360 975252424  0.000  0.000   32.926   19.890    0    0  (Gen:  0)
  3032584    205584 975599448  0.001  0.000   32.930   19.893    0    0  (Gen:  0)
  1344632    273520 975677960  0.001  0.000   32.932   19.893    0    0  (Gen:  0)
  1378408     24120 975612568  0.000  0.000   32.933   19.894    0    0  (Gen:  0)
  1345424     17784 975610744  0.000  0.000   32.934   19.894    0    0  (Gen:  0)
  2118664     26048 975736464  0.000  0.000   32.935   19.895    0    0  (Gen:  0)
  2652496    207768 976036016  0.001  0.000   32.939   19.898    0    0  (Gen:  0)
  1323856    201256 976038576  0.001  0.000   32.940   19.899    0    0  (Gen:  0)
  1353960     22552 976041832  0.000  0.000   32.941   19.899    0    0  (Gen:  0)
  1569792     15088 976112160  0.000  0.000   32.942   19.900    0    0  (Gen:  0)
  3611744    207432 976460648  0.001  0.000   32.947   19.903    0    0  (Gen:  0)
  1380424    200400 976464200  0.001  0.000   32.948   19.904    0    0  (Gen:  0)
  1322760     22240 976471448  0.000  0.000   32.949   19.904    0    0  (Gen:  0)
  1353376     20576 976474496  0.000  0.000   32.950   19.904    0    0  (Gen:  0)
  1953680     25080 976596064  0.000  0.000   32.952   19.905    0    0  (Gen:  0)
  2922952    207552 976896904  0.001  0.000   32.956   19.909    0    0  (Gen:  0)
  2195632    246040 976943528  0.001  0.000   32.958   19.909    0    0  (Gen:  0)
  2163592     18656 976973776  0.000  0.000   32.959   19.910    0    0  (Gen:  0)
  2329536    199032 977276384  0.000  0.000   32.962   19.913    0    0  (Gen:  0)
  2032008    259208 977346136  0.001  0.000   32.964   19.914    0    0  (Gen:  0)
  1335768     63936 977321496  0.000  0.000   32.966   19.914    0    0  (Gen:  0)
  1607176     69272 977348088  0.000  0.000   32.967   19.915    0    0  (Gen:  0)
  1619952     17128 977373128  0.000  0.000   32.968   19.916    0    0  (Gen:  0)
  3251472    211208 977680464  0.001  0.000   32.972   19.919    0    0  (Gen:  0)
  1308648    200104 977678736  0.001  0.000   32.974   19.919    0    0  (Gen:  0)
  1316496     25888 977689024  0.000  0.000   32.975   19.920    0    0  (Gen:  0)
  1588064     18720 977758704  0.000  0.000   32.976   19.920    0    0  (Gen:  0)
  2461824    194576 978052368  0.001  0.000   32.979   19.923    0    0  (Gen:  0)
  2080472    266328 978169472  0.001  0.000   32.981   19.924    0    0  (Gen:  0)
  1444552     70704 978141376  0.000  0.000   32.983   19.925    0    0  (Gen:  0)
  1421800     71544 978165304  0.001  0.000   32.984   19.926    0    0  (Gen:  0)
  1619752     19664 978195440  0.000  0.000   32.985   19.926    0    0  (Gen:  0)
  2713304    203216 978494688  0.001  0.000   32.990   19.929    0    0  (Gen:  0)
  1279496    258632 978559608  0.000  0.000   32.991   19.930    0    0  (Gen:  0)
  1429808     62704 978614464  0.000  0.000   32.992   19.930    0    0  (Gen:  0)
  1353032     69040 978628784  0.000  0.000   32.993   19.931    0    0  (Gen:  0)
  1592256     19648 978657264  0.000  0.000   32.994   19.932    0    0  (Gen:  0)
  2816136    204840 978963568  0.001  0.000   32.998   19.935    0    0  (Gen:  0)
  1296488    266760 979002240  0.001  0.000   33.000   19.935    0    0  (Gen:  0)
  1381632     14880 978968352  0.000  0.000   33.001   19.936    0    0  (Gen:  0)
  1335816     18448 979009736  0.000  0.000   33.002   19.936    0    0  (Gen:  0)
  2348920     37496 979143840  0.000  0.000   33.004   19.937    0    0  (Gen:  0)
  2329448    204272 979397560  0.001  0.000   33.007   19.940    0    0  (Gen:  0)
  1305624    191680 979396168  0.001  0.000   33.008   19.941    0    0  (Gen:  0)
  1305664     18904 979369280  0.000  0.000   33.010   19.941    0    0  (Gen:  0)
  1582496     17040 979476488  0.000  0.000   33.011   19.942    0    0  (Gen:  0)
  3333728    207168 979820416  0.001  0.000   33.015   19.945    0    0  (Gen:  0)
  1277424    281968 979871744  0.001  0.000   33.016   19.946    0    0  (Gen:  0)
  1386888     16304 979828784  0.000  0.000   33.017   19.946    0    0  (Gen:  0)
  1341088     19640 979869896  0.000  0.000   33.018   19.947    0    0  (Gen:  0)
  2443464     38896 980005520  0.000  0.000   33.020   19.948    0    0  (Gen:  0)
  2792904    263248 980315464  0.001  0.000   33.024   19.951    0    0  (Gen:  0)
  1350992    240408 980304392  0.001  0.000   33.026   19.951    0    0  (Gen:  0)
  1341192     53688 980302008  0.000  0.000   33.027   19.952    0    0  (Gen:  0)
  1611280     21600 980347128  0.000  0.000   33.028   19.952    0    0  (Gen:  0)
  2121336    197384 980630712  0.000  0.000   33.031   19.955    0    0  (Gen:  0)
  1894096    242720 980693376  0.001  0.000   33.033   19.956    0    0  (Gen:  0)
  1341576     69392 980689672  0.000  0.000   33.034   19.957    0    0  (Gen:  0)
  1338656     67256 980708472  0.000  0.000   33.035   19.957    0    0  (Gen:  0)
  1604400     21808 980739896  0.000  0.000   33.037   19.958    0    0  (Gen:  0)
  1937440    120784 980904792  0.000  0.000   33.039   19.960    0    0  (Gen:  0)
  2070664    227424 981073784  0.001  0.000   33.042   19.962    0    0  (Gen:  0)
  1336392    138496 981072264  0.001  0.000   33.043   19.962    0    0  (Gen:  0)
  1353072     73824 981107168  0.000  0.000   33.045   19.963    0    0  (Gen:  0)
  1625136     19744 981129936  0.000  0.000   33.046   19.963    0    0  (Gen:  0)
  1981496    187120 981373240  0.001  0.000   33.049   19.966    0    0  (Gen:  0)
  1586184    202048 981437824  0.001  0.000   33.051   19.967    0    0  (Gen:  0)
  1312752     40072 981439952  0.000  0.000   33.053   19.968    0    0  (Gen:  0)
  1338880     24600 981450664  0.000  0.000   33.053   19.968    0    0  (Gen:  0)
  1542608     19488 981522752  0.000  0.000   33.054   19.969    0    0  (Gen:  0)
  2042640     41608 981622256  0.000  0.000   33.056   19.970    0    0  (Gen:  0)
  2334992    204880 981867296  0.001  0.000   33.060   19.972    0    0  (Gen:  0)
  1336664    194744 981869464  0.001  0.000   33.061   19.973    0    0  (Gen:  0)
  1326872     30648 981882288  0.000  0.000   33.062   19.973    0    0  (Gen:  0)
  1579208     17584 981946384  0.000  0.000   33.063   19.974    0    0  (Gen:  0)
  3533888    209160 982295176  0.001  0.000   33.068   19.978    0    0  (Gen:  0)
  1309656    197568 982293480  0.001  0.000   33.069   19.978    0    0  (Gen:  0)
  1402888     21368 982303104  0.000  0.000   33.071   19.979    0    0  (Gen:  0)
  1378232     23360 982309056  0.000  0.000   33.071   19.979    0    0  (Gen:  0)
  2335928     41968 982481912  0.000  0.000   33.073   19.980    0    0  (Gen:  0)
  2687192    261496 982783672  0.001  0.000   33.077   19.983    0    0  (Gen:  0)
  1315408    242840 982776632  0.001  0.000   33.079   19.984    0    0  (Gen:  0)
  1355328     50952 982764584  0.000  0.000   33.080   19.984    0    0  (Gen:  0)
  1619720     16488 982807832  0.000  0.000   33.082   19.985    0    0  (Gen:  0)
  2108920     41704 982876552  0.000  0.000   33.084   19.987    0    0  (Gen:  0)
  2177456    208528 983124704  0.001  0.000   33.087   19.989    0    0  (Gen:  0)
  1296944    191344 983123480  0.001  0.000   33.089   19.990    0    0  (Gen:  0)
  1333440     25568 983134752  0.000  0.000   33.090   19.990    0    0  (Gen:  0)
  1577096     17984 983203720  0.000  0.000   33.091   19.991    0    0  (Gen:  0)
  2344144    203144 983572704  0.001  0.000   33.094   19.993    0    0  (Gen:  0)
  1659040    261360 983611464  0.001  0.000   33.096   19.994    0    0  (Gen:  0)
  1411016     57224 983581680  0.000  0.000   33.098   19.995    0    0  (Gen:  0)
  1474176     71792 983608600  0.001  0.000   33.099   19.996    0    0  (Gen:  0)
  1567664     17944 983635968  0.000  0.000   33.100   19.996    0    0  (Gen:  0)
  2620224    203336 983937952  0.001  0.000   33.104   19.999    0    0  (Gen:  0)
  1301040    258128 984002256  0.001  0.000   33.106   20.000    0    0  (Gen:  0)
  1341904     53432 984016088  0.000  0.000   33.107   20.001    0    0  (Gen:  0)
  1342640     73072 984043304  0.000  0.000   33.109   20.001    0    0  (Gen:  0)
  1595312     17144 984065288  0.000  0.000   33.110   20.002    0    0  (Gen:  0)
  2411888    204112 984401720  0.001  0.000   33.114   20.005    0    0  (Gen:  0)
  1549488    260904 984438800  0.001  0.000   33.116   20.006    0    0  (Gen:  0)
  1342064     56536 984411480  0.000  0.000   33.117   20.006    0    0  (Gen:  0)
  1313456     55912 984420664  0.000  0.000   33.118   20.007    0    0  (Gen:  0)
  1615496     17816 984460216  0.000  0.000   33.120   20.007    0    0  (Gen:  0)
  1913592    167080 984685760  0.000  0.000   33.122   20.010    0    0  (Gen:  0)
  2019608    224640 984795384  0.001  0.000   33.124   20.011    0    0  (Gen:  0)
  1322752     86840 984792160  0.000  0.000   33.126   20.012    0    0  (Gen:  0)
  1288096     66200 984823976  0.000  0.000   33.127   20.012    0    0  (Gen:  0)
  1579384     18144 984820128  0.000  0.000   33.128   20.013    0    0  (Gen:  0)
  3101568    203096 985161344  0.001  0.000   33.132   20.016    0    0  (Gen:  0)
  1282552    250320 985218432  0.001  0.000   33.134   20.017    0    0  (Gen:  0)
  1340704     62280 985248400  0.000  0.000   33.135   20.017    0    0  (Gen:  0)
  1302392     67872 985258744  0.000  0.000   33.137   20.018    0    0  (Gen:  0)
  1617328     18592 985286232  0.000  0.000   33.138   20.018    0    0  (Gen:  0)
  1471936     37936 985352616  0.000  0.000   33.139   20.019    0    0  (Gen:  0)
  2451744    262520 985662648  0.001  0.000   33.143   20.022    0    0  (Gen:  0)
  1314592    220344 985632912  0.001  0.000   33.145   20.023    0    0  (Gen:  0)
  1330472     58664 985646136  0.000  0.000   33.146   20.023    0    0  (Gen:  0)
  1628648     19648 985684352  0.000  0.000   33.147   20.024    0    0  (Gen:  0)
  1592512     38768 985745656  0.000  0.000   33.149   20.025    0    0  (Gen:  0)
  2468888    260752 986049712  0.001  0.000   33.152   20.028    0    0  (Gen:  0)
  1341648    224264 986023328  0.001  0.000   33.154   20.028    0    0  (Gen:  0)
  1321624     55376 986031520  0.000  0.000   33.155   20.029    0    0  (Gen:  0)
  1620168     16816 986074672  0.000  0.000   33.157   20.029    0    0  (Gen:  0)
  2991192    204736 986382536  0.001  0.000   33.161   20.033    0    0  (Gen:  0)
  1296272    268424 986455072  0.001  0.000   33.162   20.033    0    0  (Gen:  0)
  1340728     61152 986437104  0.000  0.000   33.164   20.034    0    0  (Gen:  0)
  1336128     14632 986427848  0.000  0.000   33.165   20.034    0    0  (Gen:  0)
  1627720     18848 986510008  0.000  0.000   33.166   20.035    0    0  (Gen:  0)
  1916760    195176 986801456  0.001  0.000   33.169   20.037    0    0  (Gen:  0)
  1949384    262624 986878976  0.001  0.000   33.171   20.039    0    0  (Gen:  0)
  1316840     69904 986857392  0.000  0.000   33.172   20.039    0    0  (Gen:  0)
  1348576     57880 986866912  0.000  0.000   33.173   20.040    0    0  (Gen:  0)
  1617696     20408 986906216  0.000  0.000   33.175   20.040    0    0  (Gen:  0)
  3320808    209672 987210464  0.001  0.000   33.179   20.044    0    0  (Gen:  0)
  1347136    200640 987215160  0.001  0.000   33.180   20.044    0    0  (Gen:  0)
  1307128     18264 987218296  0.000  0.000   33.181   20.045    0    0  (Gen:  0)
  1376064     20232 987224608  0.000  0.000   33.182   20.045    0    0  (Gen:  0)
  3048744    205104 987668792  0.001  0.000   33.185   20.048    0    0  (Gen:  0)
  1540040    260016 987703848  0.001  0.000   33.187   20.049    0    0  (Gen:  0)
  1386936     56752 987678832  0.000  0.000   33.189   20.050    0    0  (Gen:  0)
  1339976     68728 987701840  0.000  0.000   33.190   20.050    0    0  (Gen:  0)
  1600216     21040 987734816  0.000  0.000   33.191   20.051    0    0  (Gen:  0)
  2058488    197536 988053320  0.001  0.000   33.194   20.053    0    0  (Gen:  0)
  1918936    260712 988097024  0.001  0.000   33.196   20.055    0    0  (Gen:  0)
  1328712     68496 988079712  0.000  0.000   33.197   20.055    0    0  (Gen:  0)
  1325104     70824 988099120  0.000  0.000   33.198   20.056    0    0  (Gen:  0)
  1609496     19696 988125720  0.000  0.000   33.199   20.056    0    0  (Gen:  0)
  3761992    214424 988432480  0.001  0.000   33.204   20.060    0    0  (Gen:  0)
  1340624    205280 988436792  0.001  0.000   33.205   20.061    0    0  (Gen:  0)
  1290240     23920 988441576  0.000  0.000   33.206   20.061    0    0  (Gen:  0)
  1933080     19640 988517960  0.000  0.000   33.208   20.062    0    0  (Gen:  0)
  1493080     38640 988575560  0.000  0.000   33.209   20.063    0    0  (Gen:  0)
  2019736    201920 988829544  0.001  0.000   33.212   20.065    0    0  (Gen:  0)
  1886464    220656 988860528  0.001  0.000   33.214   20.066    0    0  (Gen:  0)
  1425672     72016 988885784  0.000  0.000   33.215   20.066    0    0  (Gen:  0)
  1630152     18080 988910784  0.000  0.000   33.217   20.067    0    0  (Gen:  0)
  2209048    204832 989245272  0.001  0.000   33.220   20.070    0    0  (Gen:  0)
  1675816    259960 989280744  0.001  0.000   33.222   20.071    0    0  (Gen:  0)
  1332600     59984 989256072  0.000  0.000   33.223   20.071    0    0  (Gen:  0)
  1317520     66304 989276288  0.000  0.000   33.224   20.072    0    0  (Gen:  0)
  1606280     18312 989304520  0.000  0.000   33.225   20.072    0    0  (Gen:  0)
  3283792    209016 989611560  0.001  0.000   33.229   20.075    0    0  (Gen:  0)
  1339960    199968 989615544  0.001  0.000   33.231   20.076    0    0  (Gen:  0)
  1326480     24312 989625416  0.000  0.000   33.232   20.076    0    0  (Gen:  0)
  1411744     19136 989624640  0.000  0.000   33.232   20.077    0    0  (Gen:  0)
  2258664     41680 989800728  0.000  0.000   33.234   20.078    0    0  (Gen:  0)
  2588600    233552 990074784  0.001  0.000   33.238   20.081    0    0  (Gen:  0)
  1316960    217400 990074080  0.001  0.000   33.239   20.081    0    0  (Gen:  0)
  1281640     70496 990106728  0.001  0.000   33.240   20.082    0    0  (Gen:  0)
  1581448     17824 990098312  0.000  0.000   33.242   20.082    0    0  (Gen:  0)
  2864632    208344 990429584  0.001  0.000   33.245   20.086    0    0  (Gen:  0)
  1391664    259280 990498400  0.001  0.000   33.247   20.086    0    0  (Gen:  0)
  1398368     50936 990473480  0.000  0.000   33.248   20.087    0    0  (Gen:  0)
  1336352     69912 990496824  0.000  0.000   33.249   20.087    0    0  (Gen:  0)
  1611584     19176 990524352  0.000  0.000   33.250   20.088    0    0  (Gen:  0)
  2477648    204696 990891168  0.001  0.000   33.254   20.091    0    0  (Gen:  0)
  1383032    231048 990898608  0.001  0.000   33.256   20.092    0    0  (Gen:  0)
  1314200     49976 990895008  0.000  0.000   33.257   20.092    0    0  (Gen:  0)
  1306000     73216 990931400  0.001  0.000   33.258   20.092    0    0  (Gen:  0)
  1575192     18776 990920968  0.000  0.000   33.259   20.093    0    0  (Gen:  0)
  3328152    206536 991265800  0.001  0.000   33.263   20.097    0    0  (Gen:  0)
  1349216    284096 991352808  0.001  0.000   33.265   20.097    0    0  (Gen:  0)
  1303640     19032 991240880  0.000  0.000   33.266   20.098    0    0  (Gen:  0)
  1382840     23416 991282432  0.000  0.000   33.267   20.098    0    0  (Gen:  0)
  2294120     36280 991453280  0.000  0.000   33.269   20.099    0    0  (Gen:  0)
  2867600    256264 991750600  0.001  0.000   33.272   20.102    0    0  (Gen:  0)
  1305856    234128 991740672  0.001  0.000   33.274   20.103    0    0  (Gen:  0)
  1294976     56856 991741704  0.000  0.000   33.275   20.103    0    0  (Gen:  0)
  1585736     18928 991751960  0.000  0.000   33.276   20.104    0    0  (Gen:  0)
  2174296    198272 992076736  0.001  0.000   33.279   20.106    0    0  (Gen:  0)
  2015120    267808 992155136  0.001  0.000   33.281   20.108    0    0  (Gen:  0)
  1433936     66192 992124584  0.000  0.000   33.283   20.108    0    0  (Gen:  0)
  1358120     69944 992145624  0.000  0.000   33.284   20.109    0    0  (Gen:  0)
  1602720     19008 992172800  0.000  0.000   33.285   20.109    0    0  (Gen:  0)
  2193072    200768 992534520  0.001  0.000   33.288   20.113    0    0  (Gen:  0)
  1759808    259824 992541312  0.001  0.000   33.291   20.114    0    0  (Gen:  0)
  1337872     63648 992516512  0.000  0.000   33.292   20.114    0    0  (Gen:  0)
  1322968     68240 992540272  0.000  0.000   33.293   20.115    0    0  (Gen:  0)
  1607608     18944 992572752  0.000  0.000   33.294   20.115    0    0  (Gen:  0)
  2630976    205632 992874336  0.001  0.000   33.298   20.118    0    0  (Gen:  0)
  1421296    259712 992942064  0.001  0.000   33.300   20.119    0    0  (Gen:  0)
  1303440     54040 992916840  0.000  0.000   33.301   20.120    0    0  (Gen:  0)
  1344536     69872 992940688  0.000  0.000   33.302   20.120    0    0  (Gen:  0)
  1617136     19760 992967656  0.000  0.000   33.303   20.121    0    0  (Gen:  0)
  1524432     38304 993023864  0.000  0.000   33.305   20.122    0    0  (Gen:  0)
  2068640    202856 993278656  0.001  0.000   33.308   20.124    0    0  (Gen:  0)
  1335240    195320 993281312  0.001  0.000   33.310   20.125    0    0  (Gen:  0)
  1337936     22208 993284536  0.000  0.000   33.311   20.125    0    0  (Gen:  0)
  1561616     14952 993355032  0.000  0.000   33.312   20.126    0    0  (Gen:  0)
  2963952    204216 993726176  0.001  0.000   33.315   20.129    0    0  (Gen:  0)
  1299120    208960 993711632  0.001  0.000   33.317   20.130    0    0  (Gen:  0)
  1318624     28104 993709832  0.000  0.000   33.318   20.130    0    0  (Gen:  0)
  1314264     33952 993725760  0.000  0.000   33.319   20.130    0    0  (Gen:  0)
  1579552     15392 993784208  0.000  0.000   33.320   20.131    0    0  (Gen:  0)
  1784936     38880 993883192  0.000  0.000   33.322   20.132    0    0  (Gen:  0)
  2164312    203368 994135032  0.001  0.000   33.325   20.135    0    0  (Gen:  0)
  1353536    193416 994136032  0.001  0.000   33.326   20.135    0    0  (Gen:  0)
  1321536     21432 994139992  0.000  0.000   33.327   20.136    0    0  (Gen:  0)
  1567808     16632 994212872  0.000  0.000   33.328   20.136    0    0  (Gen:  0)
  3279408    204984 994553440  0.001  0.000   33.333   20.140    0    0  (Gen:  0)
  1282096    250520 994609296  0.001  0.000   33.334   20.140    0    0  (Gen:  0)
  1290456     62240 994639784  0.000  0.000   33.335   20.141    0    0  (Gen:  0)
  1326312     72680 994653824  0.000  0.000   33.336   20.141    0    0  (Gen:  0)
  1546672     19432 994644680  0.000  0.000   33.338   20.142    0    0  (Gen:  0)
  3135048    211288 994989904  0.001  0.000   33.342   20.145    0    0  (Gen:  0)
  1341888    201752 994990792  0.001  0.000   33.343   20.146    0    0  (Gen:  0)
  1326480     23280 994995968  0.000  0.000   33.344   20.146    0    0  (Gen:  0)
  1580760     15232 995065336  0.000  0.000   33.345   20.146    0    0  (Gen:  0)
  3237024    212736 995413080  0.001  0.000   33.349   20.150    0    0  (Gen:  0)
  1338152    267472 995481520  0.001  0.000   33.351   20.151    0    0  (Gen:  0)
  1308128     41984 995477632  0.000  0.000   33.352   20.151    0    0  (Gen:  0)
  1338200     61224 995501392  0.000  0.000   33.353   20.152    0    0  (Gen:  0)
  1567080     19136 995536848  0.000  0.000   33.354   20.152    0    0  (Gen:  0)
  3556600    211816 995844640  0.001  0.000   33.359   20.156    0    0  (Gen:  0)
  1309256    199816 995843224  0.001  0.000   33.360   20.156    0    0  (Gen:  0)
  1256640     19984 995820264  0.000  0.000   33.361   20.157    0    0  (Gen:  0)
  1565112     18168 995928424  0.000  0.000   33.362   20.157    0    0  (Gen:  0)
  3244144    207984 996301976  0.001  0.000   33.366   20.160    0    0  (Gen:  0)
  1351664    210280 996284736  0.001  0.000   33.368   20.161    0    0  (Gen:  0)
  1316832     28400 996284056  0.000  0.000   33.369   20.162    0    0  (Gen:  0)
  1329120     46952 996312672  0.000  0.000   33.370   20.162    0    0  (Gen:  0)
  1583232     18248 996328152  0.000  0.000   33.371   20.163    0    0  (Gen:  0)
  2168704    190816 996608904  0.001  0.000   33.374   20.165    0    0  (Gen:  0)
  2012000    245560 996713752  0.001  0.000   33.377   20.167    0    0  (Gen:  0)
  1321480     76296 996709304  0.000  0.000   33.378   20.167    0    0  (Gen:  0)
  1345632     69488 996724848  0.001  0.000   33.379   20.168    0    0  (Gen:  0)
  1531648     19368 996718816  0.000  0.000   33.381   20.168    0    0  (Gen:  0)
  2496672    202656 997112608  0.001  0.000   33.384   20.171    0    0  (Gen:  0)
  1723176    260120 997121864  0.001  0.000   33.386   20.172    0    0  (Gen:  0)
  1328336     64032 997097992  0.000  0.000   33.387   20.172    0    0  (Gen:  0)
  1326480     68496 997116864  0.000  0.000   33.388   20.173    0    0  (Gen:  0)
  1624136     16904 997142904  0.000  0.000   33.390   20.173    0    0  (Gen:  0)
  1851632    187328 997389864  0.000  0.000   33.392   20.176    0    0  (Gen:  0)
  1725552    202392 997457352  0.001  0.000   33.394   20.177    0    0  (Gen:  0)
  1337992     49672 997462880  0.000  0.000   33.395   20.178    0    0  (Gen:  0)
  1338176     22224 997467144  0.000  0.000   33.396   20.178    0    0  (Gen:  0)
  1556696     14976 997537656  0.000  0.000   33.398   20.179    0    0  (Gen:  0)
  2809760    205648 997938032  0.001  0.000   33.401   20.182    0    0  (Gen:  0)
  1735728    261016 997945232  0.001  0.000   33.404   20.183    0    0  (Gen:  0)
  1312664     65192 997957000  0.000  0.000   33.405   20.184    0    0  (Gen:  0)
  1314912     71408 997978144  0.000  0.000   33.407   20.184    0    0  (Gen:  0)
  1532528     17240 997972552  0.000  0.000   33.408   20.185    0    0  (Gen:  0)
  2958208    209136 998311968  0.001  0.000   33.411   20.188    0    0  (Gen:  0)
  1330176    196272 998312320  0.001  0.000   33.413   20.188    0    0  (Gen:  0)
  1295512     16336 998316056  0.000  0.000   33.414   20.189    0    0  (Gen:  0)
  1383496     20744 998361600  0.000  0.000   33.415   20.189    0    0  (Gen:  0)
  2285584     43280 998500824  0.000  0.000   33.417   20.190    0    0  (Gen:  0)
  2760048    257832 998797032  0.001  0.000   33.421   20.193    0    0  (Gen:  0)
  1316880    234856 998790328  0.001  0.000   33.423   20.194    0    0  (Gen:  0)
  1346544     60008 998795144  0.000  0.000   33.424   20.195    0    0  (Gen:  0)
  1591136     22904 998834920  0.000  0.000   33.425   20.195    0    0  (Gen:  0)
  1995512    167184 999048760  0.000  0.000   33.428   20.198    0    0  (Gen:  0)
  2062456    254272 999196048  0.001  0.000   33.430   20.199    0    0  (Gen:  0)
  1290960    113296 999185336  0.000  0.000   33.432   20.200    0    0  (Gen:  0)
  1341072     47440 999176696  0.000  0.000   33.433   20.200    0    0  (Gen:  0)
  1665528     21680 999227784  0.000  0.000   33.434   20.201    0    0  (Gen:  0)
  3160256    206160 999532416  0.001  0.000   33.439   20.204    0    0  (Gen:  0)
  1358536    276624 999616264  0.001  0.000   33.441   20.205    0    0  (Gen:  0)
  1395800     19992 999545664  0.000  0.000   33.442   20.206    0    0  (Gen:  0)
  1344480     22872 999553056  0.000  0.000   33.443   20.206    0    0  (Gen:  0)
  2192024     31368 999674720  0.000  0.000   33.445   20.207    0    0  (Gen:  0)
  2929040    263584 1000021696  0.001  0.000   33.448   20.210    0    0  (Gen:  0)
  1349520    234456 1000006400  0.001  0.000   33.451   20.211    0    0  (Gen:  0)
  1321176     56096 1000007680  0.000  0.000   33.452   20.211    0    0  (Gen:  0)
  1616024     17784 1000047040  0.000  0.000   33.453   20.212    0    0  (Gen:  0)
  1266344     23104 1000061864  0.000  0.000   33.455   20.213    0    0  (Gen:  0)
  2638504    208200 1000361184  0.001  0.000   33.458   20.216    0    0  (Gen:  0)
  1332424    200848 1000365896  0.001  0.000   33.460   20.216    0    0  (Gen:  0)
  1295680     23336 1000370648  0.000  0.000   33.461   20.217    0    0  (Gen:  0)
  1572008     16344 1000440704  0.000  0.000   33.462   20.217    0    0  (Gen:  0)
  1843000     39824 1000540720  0.000  0.000   33.464   20.219    0    0  (Gen:  0)
  2443704    230720 1000819216  0.001  0.000   33.467   20.221    0    0  (Gen:  0)
  1338376    217912 1000817488  0.001  0.000   33.469   20.222    0    0  (Gen:  0)
  1284944     71160 1000847624  0.001  0.000   33.471   20.222    0    0  (Gen:  0)
  1615408     18200 1000871592  0.000  0.000   33.472   20.223    0    0  (Gen:  0)
  3036104    204256 1001173848  0.001  0.000   33.476   20.227    0    0  (Gen:  0)
  1288680    259752 1001238792  0.001  0.000   33.478   20.227    0    0  (Gen:  0)
  1374184     64376 1001262152  0.000  0.000   33.479   20.228    0    0  (Gen:  0)
  1290608     69344 1001274264  0.000  0.000   33.480   20.228    0    0  (Gen:  0)
  1615040     18752 1001301464  0.000  0.000   33.482   20.229    0    0  (Gen:  0)
  1458960     37776 1001362504  0.000  0.000   33.483   20.230    0    0  (Gen:  0)
  2367224    239040 1001649968  0.001  0.000   33.486   20.233    0    0  (Gen:  0)
  1345504    224080 1001645680  0.001  0.000   33.488   20.234    0    0  (Gen:  0)
  1359392     66288 1001666176  0.000  0.000   33.490   20.234    0    0  (Gen:  0)
  1601120     21752 1001698536  0.000  0.000   33.491   20.235    0    0  (Gen:  0)
  1619224     40192 1001760624  0.000  0.000   33.493   20.236    0    0  (Gen:  0)
  2421704    231512 1002037800  0.001  0.000   33.496   20.239    0    0  (Gen:  0)
  1333240    220192 1002036568  0.001  0.000   33.498   20.239    0    0  (Gen:  0)
  1301896     76552 1002070040  0.000  0.000   33.500   20.240    0    0  (Gen:  0)
  1643864     20200 1002091464  0.000  0.000   33.501   20.240    0    0  (Gen:  0)
  2838776    205720 1002392016  0.001  0.000   33.505   20.244    0    0  (Gen:  0)
  1329720    261200 1002461096  0.001  0.000   33.507   20.245    0    0  (Gen:  0)
  1360264     53616 1002472928  0.000  0.000   33.509   20.245    0    0  (Gen:  0)
  1485376     72944 1002496152  0.000  0.000   33.510   20.246    0    0  (Gen:  0)
  1622112     22328 1002523328  0.000  0.000   33.511   20.246    0    0  (Gen:  0)
  3431600    214008 1002840392  0.001  0.000   33.516   20.250    0    0  (Gen:  0)
  1333312    201352 1002841968  0.001  0.000   33.517   20.250    0    0  (Gen:  0)
  1321816     19944 1002845856  0.000  0.000   33.518   20.251    0    0  (Gen:  0)
  1559992     16176 1002919184  0.000  0.000   33.519   20.251    0    0  (Gen:  0)
  1960672     39008 1003017648  0.000  0.000   33.521   20.252    0    0  (Gen:  0)
  2491608    259080 1003320904  0.001  0.000   33.525   20.255    0    0  (Gen:  0)
  1311160    233576 1003308312  0.001  0.000   33.527   20.256    0    0  (Gen:  0)
  1303920     53392 1003303072  0.000  0.000   33.528   20.256    0    0  (Gen:  0)
  1574376     17496 1003311240  0.000  0.000   33.529   20.257    0    0  (Gen:  0)
  3175640    211232 1003657184  0.001  0.000   33.533   20.260    0    0  (Gen:  0)
  1373328    201040 1003656376  0.001  0.000   33.535   20.261    0    0  (Gen:  0)
  1323656     22984 1003661944  0.000  0.000   33.536   20.261    0    0  (Gen:  0)
  1566840     15224 1003731928  0.000  0.000   33.537   20.262    0    0  (Gen:  0)
  2106008     39176 1003840624  0.000  0.000   33.539   20.263    0    0  (Gen:  0)
  2039560    207672 1004091160  0.001  0.000   33.542   20.266    0    0  (Gen:  0)
  1332736    192040 1004087928  0.001  0.000   33.544   20.266    0    0  (Gen:  0)
  2004936     72680 1004145376  0.000  0.000   33.545   20.267    0    0  (Gen:  0)
  1619192     21568 1004174744  0.000  0.000   33.547   20.268    0    0  (Gen:  0)
  1414864     36696 1004233968  0.000  0.000   33.548   20.269    0    0  (Gen:  0)
  2283032    205456 1004484488  0.001  0.000   33.552   20.272    0    0  (Gen:  0)
  1345608    194256 1004484640  0.001  0.000   33.553   20.272    0    0  (Gen:  0)
  1309056     21552 1004491448  0.000  0.000   33.554   20.273    0    0  (Gen:  0)
  1523520     17976 1004564776  0.000  0.000   33.555   20.273    0    0  (Gen:  0)
  2597784    109376 1004761464  0.000  0.000   33.558   20.276    0    0  (Gen:  0)
  2060760    218168 1004928840  0.001  0.000   33.560   20.277    0    0  (Gen:  0)
  1327416    137376 1004926168  0.001  0.000   33.562   20.278    0    0  (Gen:  0)
  1292200     57912 1004958064  0.000  0.000   33.563   20.278    0    0  (Gen:  0)
  1580080     17848 1004998984  0.000  0.000   33.565   20.279    0    0  (Gen:  0)
  2249656    197016 1005323344  0.001  0.000   33.568   20.282    0    0  (Gen:  0)
  1612328    201576 1005341064  0.001  0.000   33.570   20.283    0    0  (Gen:  0)
  1334984     33696 1005342672  0.000  0.000   33.571   20.283    0    0  (Gen:  0)
  1316920     23744 1005350096  0.000  0.000   33.572   20.284    0    0  (Gen:  0)
  1571240     15320 1005418976  0.000  0.000   33.573   20.284    0    0  (Gen:  0)
  1910032     40912 1005528736  0.000  0.000   33.575   20.285    0    0  (Gen:  0)
  2428568    207944 1005777728  0.001  0.000   33.578   20.288    0    0  (Gen:  0)
  1366816    196520 1005780680  0.001  0.000   33.580   20.289    0    0  (Gen:  0)
  1357520     25128 1005786768  0.000  0.000   33.581   20.289    0    0  (Gen:  0)
  1541752     19424 1005892616  0.000  0.000   33.582   20.290    0    0  (Gen:  0)
  1688216     36720 1005952672  0.000  0.000   33.584   20.291    0    0  (Gen:  0)
  2640664    234304 1006231496  0.001  0.000   33.587   20.294    0    0  (Gen:  0)
  1322520    219104 1006227888  0.001  0.000   33.589   20.295    0    0  (Gen:  0)
  1429000     73160 1006260032  0.000  0.000   33.591   20.295    0    0  (Gen:  0)
  1565712     16088 1006318528  0.000  0.000   33.592   20.296    0    0  (Gen:  0)
  3022288    206168 1006653016  0.001  0.000   33.596   20.299    0    0  (Gen:  0)
  1451968    259680 1006687696  0.001  0.000   33.598   20.300    0    0  (Gen:  0)
  1331928     56864 1006664872  0.000  0.000   33.600   20.300    0    0  (Gen:  0)
  1332280     68736 1006690168  0.000  0.000   33.601   20.301    0    0  (Gen:  0)
  1649176     22232 1006720928  0.000  0.000   33.602   20.301    0    0  (Gen:  0)
  2045920    195256 1007038384  0.001  0.000   33.605   20.304    0    0  (Gen:  0)
  1931584    259272 1007086976  0.001  0.000   33.607   20.305    0    0  (Gen:  0)
  1341576     67952 1007068784  0.000  0.000   33.609   20.306    0    0  (Gen:  0)
  1329176     69336 1007087376  0.000  0.000   33.610   20.306    0    0  (Gen:  0)
  1613408     17936 1007113696  0.000  0.000   33.611   20.307    0    0  (Gen:  0)
  3346744    208600 1007421040  0.001  0.000   33.616   20.310    0    0  (Gen:  0)
  1341008    200048 1007421496  0.001  0.000   33.618   20.311    0    0  (Gen:  0)
  1343832     23288 1007430128  0.000  0.000   33.618   20.311    0    0  (Gen:  0)
  1491656     16000 1007500072  0.000  0.000   33.619   20.312    0    0  (Gen:  0)
  2230720     42056 1007607720  0.000  0.000   33.621   20.313    0    0  (Gen:  0)
  2262776    206384 1007852848  0.001  0.000   33.624   20.316    0    0  (Gen:  0)
  1349912    194264 1007857232  0.001  0.000   33.626   20.316    0    0  (Gen:  0)
  1321840     21608 1007861568  0.000  0.000   33.627   20.317    0    0  (Gen:  0)
  1575512     18408 1007902664  0.000  0.000   33.628   20.317    0    0  (Gen:  0)
  1852688     37648 1008001432  0.000  0.000   33.630   20.319    0    0  (Gen:  0)
  2478536    252264 1008302472  0.001  0.000   33.633   20.321    0    0  (Gen:  0)
  1327456    232928 1008293408  0.001  0.000   33.635   20.322    0    0  (Gen:  0)
  1340752     68592 1008307776  0.000  0.000   33.637   20.323    0    0  (Gen:  0)
  1601456     22248 1008338312  0.000  0.000   33.638   20.323    0    0  (Gen:  0)
  2608584    203960 1008660976  0.001  0.000   33.642   20.326    0    0  (Gen:  0)
  1555640    260200 1008697840  0.001  0.000   33.644   20.327    0    0  (Gen:  0)
  1325992     59248 1008674424  0.000  0.000   33.646   20.328    0    0  (Gen:  0)
  1311952     70192 1008699016  0.000  0.000   33.647   20.328    0    0  (Gen:  0)
  1606992     20928 1008727088  0.000  0.000   33.648   20.329    0    0  (Gen:  0)
  1927088    195744 1008974904  0.000  0.000   33.650   20.331    0    0  (Gen:  0)
  1677880    204216 1009038656  0.001  0.000   33.652   20.333    0    0  (Gen:  0)
  1309368     43040 1009042848  0.000  0.000   33.654   20.333    0    0  (Gen:  0)
  1339912     25520 1009052016  0.000  0.000   33.655   20.334    0    0  (Gen:  0)
  1567752     18024 1009121720  0.000  0.000   33.656   20.334    0    0  (Gen:  0)
  1996088     39664 1009224800  0.000  0.000   33.658   20.335    0    0  (Gen:  0)
  2555680    262016 1009528928  0.001  0.000   33.661   20.338    0    0  (Gen:  0)
  1338104    222480 1009503904  0.001  0.000   33.663   20.339    0    0  (Gen:  0)
  1325096     55432 1009516520  0.000  0.000   33.664   20.339    0    0  (Gen:  0)
  1644688     22424 1009560832  0.000  0.000   33.666   20.340    0    0  (Gen:  0)
  3280912    211304 1009870024  0.001  0.000   33.670   20.343    0    0  (Gen:  0)
  1351288    201192 1009869224  0.001  0.000   33.672   20.344    0    0  (Gen:  0)
  1345400     23400 1009878280  0.000  0.000   33.673   20.344    0    0  (Gen:  0)
  1363400     25152 1009888400  0.000  0.000   33.674   20.345    0    0  (Gen:  0)
  2723440     68152 1010105344  0.000  0.000   33.676   20.347    0    0  (Gen:  0)
  2232288    270392 1010361672  0.001  0.000   33.679   20.349    0    0  (Gen:  0)
  1320016    191464 1010319544  0.001  0.000   33.681   20.350    0    0  (Gen:  0)
  1344840     62424 1010343016  0.000  0.000   33.682   20.350    0    0  (Gen:  0)
  1602752     21280 1010379048  0.000  0.000   33.684   20.351    0    0  (Gen:  0)
  2889096    208776 1010690000  0.001  0.000   33.687   20.354    0    0  (Gen:  0)
  1340848    198784 1010689440  0.000  0.000   33.689   20.355    0    0  (Gen:  0)
  1341312     23808 1010698176  0.000  0.000   33.690   20.355    0    0  (Gen:  0)
  1409616     19056 1010697888  0.000  0.000   33.691   20.355    0    0  (Gen:  0)
  2253920     42128 1010874904  0.000  0.000   33.693   20.356    0    0  (Gen:  0)
  2605096    251576 1011170360  0.002  0.000   33.697   20.360    0    0  (Gen:  0)
  1333208    230624 1011162992  0.001  0.000   33.698   20.360    0    0  (Gen:  0)
  1315856     70456 1011178680  0.000  0.000   33.700   20.361    0    0  (Gen:  0)
  1647544     20952 1011206080  0.000  0.000   33.701   20.361    0    0  (Gen:  0)
  3569232    210208 1011515208  0.001  0.000   33.706   20.365    0    0  (Gen:  0)
  1323312    203304 1011517792  0.001  0.000   33.707   20.366    0    0  (Gen:  0)
  1308384     24600 1011524448  0.000  0.000   33.708   20.366    0    0  (Gen:  0)
  1503728     15720 1011593352  0.000  0.000   33.709   20.367    0    0  (Gen:  0)
  3503384    204912 1011941112  0.001  0.000   33.714   20.370    0    0  (Gen:  0)
  1280528    244272 1011989664  0.001  0.000   33.715   20.371    0    0  (Gen:  0)
  1324584     64728 1012030800  0.000  0.000   33.717   20.371    0    0  (Gen:  0)
  1323992     69832 1012039520  0.000  0.000   33.718   20.372    0    0  (Gen:  0)
  1615760     19424 1012067000  0.000  0.000   33.719   20.372    0    0  (Gen:  0)
  2512872    205144 1012397392  0.001  0.000   33.723   20.375    0    0  (Gen:  0)
  1459448    266384 1012439392  0.001  0.000   33.725   20.376    0    0  (Gen:  0)
  1350592     49448 1012400048  0.000  0.000   33.726   20.377    0    0  (Gen:  0)
  1316976     60784 1012420584  0.000  0.000   33.727   20.377    0    0  (Gen:  0)
  1611296     18224 1012455736  0.000  0.000   33.729   20.378    0    0  (Gen:  0)
  1834584    102296 1012645008  0.000  0.000   33.731   20.380    0    0  (Gen:  0)
  1827008    205864 1012805120  0.001  0.000   33.733   20.382    0    0  (Gen:  0)
  1296288    138192 1012806000  0.001  0.000   33.735   20.382    0    0  (Gen:  0)
  1262888     22520 1012777600  0.000  0.000   33.736   20.383    0    0  (Gen:  0)
  1629272     21024 1012889664  0.000  0.000   33.737   20.383    0    0  (Gen:  0)
  2829768    202696 1013221192  0.001  0.000   33.741   20.386    0    0  (Gen:  0)
  1280816    248208 1013276112  0.001  0.000   33.742   20.387    0    0  (Gen:  0)
  1342256     55848 1013302064  0.000  0.000   33.744   20.388    0    0  (Gen:  0)
  1313936     68408 1013321872  0.000  0.000   33.745   20.388    0    0  (Gen:  0)
  1617720     17456 1013348776  0.000  0.000   33.746   20.389    0    0  (Gen:  0)
  3589936    211080 1013666184  0.001  0.000   33.750   20.392    0    0  (Gen:  0)
  1333176    204040 1013668744  0.001  0.000   33.752   20.393    0    0  (Gen:  0)
  1321520     25056 1013675248  0.000  0.000   33.753   20.393    0    0  (Gen:  0)
  1579544     15720 1013747672  0.000  0.000   33.754   20.394    0    0  (Gen:  0)
  2342600    199272 1014029952  0.000  0.000   33.757   20.396    0    0  (Gen:  0)
  2112056    265872 1014156952  0.001  0.000   33.760   20.398    0    0  (Gen:  0)
  1335448     73352 1014126048  0.000  0.000   33.761   20.398    0    0  (Gen:  0)
  1317624     57216 1014137232  0.000  0.000   33.762   20.399    0    0  (Gen:  0)
  1614160     19584 1014177248  0.000  0.000   33.763   20.400    0    0  (Gen:  0)
  2366616    202600 1014501296  0.001  0.000   33.767   20.402    0    0  (Gen:  0)
  1698560    260872 1014547968  0.001  0.000   33.769   20.404    0    0  (Gen:  0)
  1338512     62256 1014523144  0.000  0.000   33.771   20.404    0    0  (Gen:  0)
  1310984     70000 1014543728  0.000  0.000   33.772   20.405    0    0  (Gen:  0)
  1603120     20440 1014571904  0.000  0.000   33.773   20.405    0    0  (Gen:  0)
  2093272    194392 1014895016  0.001  0.000   33.776   20.408    0    0  (Gen:  0)
  1609280    205920 1014886512  0.001  0.000   33.778   20.409    0    0  (Gen:  0)
  1365416     35392 1014885240  0.000  0.000   33.780   20.410    0    0  (Gen:  0)
  1345160     24992 1014896440  0.000  0.000   33.780   20.410    0    0  (Gen:  0)
  2093488     18984 1014967264  0.000  0.000   33.782   20.411    0    0  (Gen:  0)
  2421112    205280 1015302456  0.001  0.000   33.786   20.414    0    0  (Gen:  0)
  1360400    242496 1015321168  0.001  0.000   33.787   20.415    0    0  (Gen:  0)
  1327192     60144 1015315352  0.000  0.000   33.789   20.415    0    0  (Gen:  0)
  1336768     66368 1015330728  0.000  0.000   33.790   20.416    0    0  (Gen:  0)
  1629584     18872 1015360968  0.000  0.000   33.791   20.416    0    0  (Gen:  0)
  3417384    209872 1015668048  0.001  0.000   33.796   20.420    0    0  (Gen:  0)
  1345200    200680 1015668344  0.001  0.000   33.797   20.420    0    0  (Gen:  0)
  1301984     21872 1015674888  0.000  0.000   33.798   20.421    0    0  (Gen:  0)
  1533840     18088 1015752008  0.000  0.000   33.799   20.421    0    0  (Gen:  0)
  2060184    181888 1015988136  0.000  0.000   33.802   20.424    0    0  (Gen:  0)
  1900408    204800 1016069792  0.001  0.000   33.805   20.425    0    0  (Gen:  0)
  1372712     58408 1016073952  0.000  0.000   33.806   20.426    0    0  (Gen:  0)
  1340272     24272 1016080192  0.000  0.000   33.806   20.426    0    0  (Gen:  0)
  1507912     19384 1016186896  0.000  0.000   33.808   20.427    0    0  (Gen:  0)
  2782840    203912 1016516432  0.001  0.000   33.811   20.430    0    0  (Gen:  0)
  1296416    205848 1016498600  0.001  0.000   33.813   20.430    0    0  (Gen:  0)
  1288056     28168 1016497808  0.000  0.000   33.814   20.431    0    0  (Gen:  0)
  1340488     26384 1016507296  0.000  0.000   33.815   20.431    0    0  (Gen:  0)
  1597840     16408 1016577744  0.000  0.000   33.816   20.432    0    0  (Gen:  0)
  3499440    211120 1016927552  0.001  0.000   33.820   20.435    0    0  (Gen:  0)
  2321104    232960 1016958984  0.001  0.000   33.823   20.436    0    0  (Gen:  0)
  1350360     65480 1016978400  0.000  0.000   33.824   20.437    0    0  (Gen:  0)
  1639264     21088 1017012984  0.000  0.000   33.825   20.437    0    0  (Gen:  0)
  3443336    209224 1017321800  0.001  0.000   33.830   20.441    0    0  (Gen:  0)
  1289944    269272 1017392088  0.001  0.000   33.832   20.442    0    0  (Gen:  0)
  1332080     64848 1017410352  0.000  0.000   33.833   20.443    0    0  (Gen:  0)
  1300320     16760 1017367160  0.000  0.000   33.834   20.443    0    0  (Gen:  0)
  2263080     30376 1017461576  0.000  0.000   33.836   20.444    0    0  (Gen:  0)
  2371064    206208 1017753920  0.001  0.000   33.839   20.447    0    0  (Gen:  0)
  1335432    197456 1017757032  0.001  0.000   33.841   20.447    0    0  (Gen:  0)
  1339824     23624 1017760088  0.000  0.000   33.842   20.448    0    0  (Gen:  0)
  1573880     15840 1017833736  0.000  0.000   33.843   20.448    0    0  (Gen:  0)
  3053528    206224 1018169712  0.001  0.000   33.847   20.452    0    0  (Gen:  0)
  1403088    261216 1018243248  0.001  0.000   33.849   20.453    0    0  (Gen:  0)
  1351584     55784 1018219296  0.000  0.000   33.851   20.453    0    0  (Gen:  0)
  1311632     69432 1018240464  0.000  0.000   33.852   20.454    0    0  (Gen:  0)
  1602336     20344 1018268960  0.000  0.000   33.853   20.454    0    0  (Gen:  0)
  1555760     39688 1018334832  0.000  0.000   33.855   20.455    0    0  (Gen:  0)
  2469904    257368 1018634288  0.001  0.000   33.858   20.458    0    0  (Gen:  0)
  1339992    232912 1018622168  0.001  0.000   33.860   20.459    0    0  (Gen:  0)
  1335008     57520 1018622144  0.000  0.000   33.862   20.459    0    0  (Gen:  0)
  1602648     17024 1018659024  0.000  0.000   33.863   20.460    0    0  (Gen:  0)
  1606824     36000 1018720600  0.000  0.000   33.865   20.461    0    0  (Gen:  0)
  2366224    226424 1019000184  0.001  0.000   33.868   20.464    0    0  (Gen:  0)
  1340120    211328 1018997264  0.001  0.000   33.870   20.464    0    0  (Gen:  0)
  1321016     68584 1019029448  0.000  0.000   33.871   20.465    0    0  (Gen:  0)
  1610392     19424 1019058080  0.000  0.000   33.872   20.465    0    0  (Gen:  0)
  1946904    119680 1019227992  0.000  0.000   33.874   20.468    0    0  (Gen:  0)
  2209544    265320 1019428264  0.001  0.000   33.877   20.469    0    0  (Gen:  0)
  1340704    140520 1019389384  0.001  0.000   33.879   20.470    0    0  (Gen:  0)
  1340544     64688 1019416480  0.001  0.000   33.881   20.470    0    0  (Gen:  0)
  1592936     17096 1019449080  0.000  0.000   33.882   20.471    0    0  (Gen:  0)
  1919728    186944 1019698800  0.001  0.000   33.885   20.474    0    0  (Gen:  0)
  1999344    206384 1019771208  0.001  0.000   33.887   20.475    0    0  (Gen:  0)
  1369672     47312 1019772320  0.000  0.000   33.889   20.476    0    0  (Gen:  0)
  1361480     22080 1019777512  0.000  0.000   33.890   20.476    0    0  (Gen:  0)
  1548016     16560 1019882680  0.000  0.000   33.891   20.477    0    0  (Gen:  0)
  3251872    207272 1020194088  0.001  0.000   33.895   20.480    0    0  (Gen:  0)
  1346744    198152 1020194256  0.001  0.000   33.897   20.481    0    0  (Gen:  0)
  1299560     18592 1020167568  0.000  0.000   33.898   20.481    0    0  (Gen:  0)
  1357448     25240 1020211696  0.000  0.000   33.898   20.481    0    0  (Gen:  0)
  2626880     38568 1020370744  0.000  0.000   33.901   20.483    0    0  (Gen:  0)
  2430984    235272 1020652992  0.001  0.000   33.904   20.486    0    0  (Gen:  0)
  1337888    216360 1020649520  0.001  0.000   33.906   20.486    0    0  (Gen:  0)
  1278344     71504 1020679560  0.000  0.000   33.907   20.487    0    0  (Gen:  0)
  1580504     19336 1020671720  0.000  0.000   33.909   20.487    0    0  (Gen:  0)
  2245472    200024 1021000368  0.001  0.000   33.912   20.490    0    0  (Gen:  0)
  2028464    263792 1021077440  0.001  0.000   33.914   20.492    0    0  (Gen:  0)
  1339208     64328 1021049256  0.000  0.000   33.916   20.492    0    0  (Gen:  0)
  1295344     71928 1021078560  0.000  0.000   33.917   20.493    0    0  (Gen:  0)
  1621704     20392 1021104344  0.000  0.000   33.918   20.493    0    0  (Gen:  0)
  1557144     40328 1021169480  0.000  0.000   33.920   20.494    0    0  (Gen:  0)
  2014896    204848 1021415936  0.001  0.000   33.923   20.497    0    0  (Gen:  0)
  1331776    194696 1021420000  0.001  0.000   33.925   20.498    0    0  (Gen:  0)
  1351920     22840 1021424448  0.000  0.000   33.926   20.498    0    0  (Gen:  0)
  1571336     16232 1021495616  0.000  0.000   33.927   20.498    0    0  (Gen:  0)
  2616024    199352 1021861040  0.001  0.000   33.930   20.501    0    0  (Gen:  0)
  1381448    205448 1021848840  0.001  0.000   33.932   20.502    0    0  (Gen:  0)
  1334528     32392 1021847320  0.000  0.000   33.933   20.503    0    0  (Gen:  0)
  1346496     24480 1021856016  0.000  0.000   33.934   20.503    0    0  (Gen:  0)
  1553904     18872 1021927600  0.000  0.000   33.935   20.504    0    0  (Gen:  0)
  2346744     32912 1021986336  0.000  0.000   33.937   20.506    0    0  (Gen:  0)
  2609640    216512 1022288544  0.001  0.000   33.940   20.509    0    0  (Gen:  0)
  1342416    201296 1022294368  0.001  0.000   33.942   20.509    0    0  (Gen:  0)
  1315432     26704 1022301600  0.000  0.000   33.943   20.510    0    0  (Gen:  0)
  1583264     16512 1022369232  0.000  0.000   33.944   20.510    0    0  (Gen:  0)
  3114680    209192 1022711840  0.001  0.000   33.948   20.513    0    0  (Gen:  0)
  1338648    198544 1022710952  0.001  0.000   33.950   20.514    0    0  (Gen:  0)
  1297344     17216 1022719352  0.000  0.000   33.951   20.514    0    0  (Gen:  0)
  1368776     26792 1022765776  0.000  0.000   33.952   20.515    0    0  (Gen:  0)
  2612440     40072 1022895464  0.000  0.000   33.954   20.516    0    0  (Gen:  0)
  2429968    236192 1023173008  0.001  0.000   33.957   20.519    0    0  (Gen:  0)
  1341280    216792 1023168984  0.001  0.000   33.959   20.520    0    0  (Gen:  0)
  1360624     73736 1023204824  0.000  0.000   33.961   20.520    0    0  (Gen:  0)
  1626256     19312 1023227280  0.000  0.000   33.962   20.521    0    0  (Gen:  0)
  1659744     37528 1023288000  0.000  0.000   33.964   20.522    0    0  (Gen:  0)
  2388400    257928 1023593552  0.001  0.000   33.967   20.524    0    0  (Gen:  0)
  1317816    238208 1023590088  0.001  0.000   33.969   20.525    0    0  (Gen:  0)
  1343152     57440 1023584336  0.000  0.000   33.970   20.526    0    0  (Gen:  0)
  1598784     22320 1023626088  0.000  0.000   33.971   20.526    0    0  (Gen:  0)
  2034288    202088 1023954424  0.001  0.000   33.975   20.529    0    0  (Gen:  0)
  1676232    258712 1023991688  0.001  0.000   33.977   20.530    0    0  (Gen:  0)
  1343592     57384 1023965248  0.000  0.000   33.978   20.531    0    0  (Gen:  0)
  1320696     70528 1023989800  0.000  0.000   33.980   20.531    0    0  (Gen:  0)
  1567216     21336 1024016856  0.000  0.000   33.981   20.532    0    0  (Gen:  0)
  1554232     39880 1024078248  0.000  0.000   33.982   20.533    0    0  (Gen:  0)
  2392480    240216 1024367272  0.001  0.000   33.986   20.536    0    0  (Gen:  0)
  1332784    224768 1024364064  0.001  0.000   33.988   20.536    0    0  (Gen:  0)
  1355288     65600 1024379776  0.000  0.000   33.989   20.537    0    0  (Gen:  0)
  1631560     19696 1024410864  0.000  0.000   33.991   20.537    0    0  (Gen:  0)
  2421328    202632 1024739256  0.001  0.000   33.994   20.540    0    0  (Gen:  0)
  1716536    261184 1024778328  0.001  0.000   33.996   20.542    0    0  (Gen:  0)
  1334368     60032 1024751392  0.000  0.000   33.998   20.542    0    0  (Gen:  0)
  1325920     69192 1024777584  0.000  0.000   33.999   20.543    0    0  (Gen:  0)
  1618608     18344 1024804104  0.000  0.000   34.001   20.543    0    0  (Gen:  0)
  2562880    205536 1025136240  0.001  0.000   34.004   20.546    0    0  (Gen:  0)
  1501992    260320 1025175272  0.001  0.000   34.007   20.547    0    0  (Gen:  0)
  1337600     58224 1025150976  0.000  0.000   34.008   20.548    0    0  (Gen:  0)
  1319800     68504 1025174664  0.000  0.000   34.009   20.548    0    0  (Gen:  0)
  1599744     19800 1025203304  0.000  0.000   34.011   20.549    0    0  (Gen:  0)
  3457424    213664 1025512640  0.001  0.000   34.015   20.553    0    0  (Gen:  0)
  1353680    205640 1025513896  0.001  0.000   34.017   20.553    0    0  (Gen:  0)
  1338752     22328 1025517704  0.000  0.000   34.018   20.554    0    0  (Gen:  0)
  1556080     15912 1025589104  0.000  0.000   34.019   20.554    0    0  (Gen:  0)
  1700288     28008 1025649496  0.000  0.000   34.021   20.555    0    0  (Gen:  0)
  2799104    254920 1025994984  0.001  0.000   34.025   20.559    0    0  (Gen:  0)
  1320384    238624 1025988848  0.001  0.000   34.026   20.559    0    0  (Gen:  0)
  1335808     70688 1026003080  0.000  0.000   34.028   20.560    0    0  (Gen:  0)
  1634448     22176 1026031496  0.000  0.000   34.029   20.560    0    0  (Gen:  0)
  2924472    206432 1026324448  0.001  0.000   34.033   20.564    0    0  (Gen:  0)
  1277776    264808 1026396648  0.001  0.000   34.035   20.565    0    0  (Gen:  0)
  1337880     52152 1026368904  0.000  0.000   34.037   20.565    0    0  (Gen:  0)
  1393736     70240 1026428096  0.000  0.000   34.038   20.566    0    0  (Gen:  0)
  1552584     17696 1026490872  0.000  0.000   34.039   20.566    0    0  (Gen:  0)
  2714904    204920 1026793824  0.001  0.000   34.043   20.570    0    0  (Gen:  0)
  1283488    237016 1026835752  0.001  0.000   34.045   20.570    0    0  (Gen:  0)
  1343768     62392 1026880408  0.000  0.000   34.046   20.571    0    0  (Gen:  0)
  1374608     72944 1026898184  0.000  0.000   34.048   20.571    0    0  (Gen:  0)
  1562784     18088 1026921232  0.000  0.000   34.049   20.572    0    0  (Gen:  0)
  1923736    191528 1027210280  0.001  0.000   34.052   20.574    0    0  (Gen:  0)
  2041128    256544 1027288136  0.001  0.000   34.054   20.576    0    0  (Gen:  0)
  1333576     79552 1027276920  0.000  0.000   34.056   20.577    0    0  (Gen:  0)
  1333544     56504 1027275288  0.000  0.000   34.057   20.577    0    0  (Gen:  0)
  1610760     17328 1027317424  0.000  0.000   34.059   20.578    0    0  (Gen:  0)
  3121280    205728 1027625496  0.001  0.000   34.062   20.581    0    0  (Gen:  0)
  1338256    270400 1027702864  0.001  0.000   34.064   20.582    0    0  (Gen:  0)
  1312688     19416 1027604592  0.000  0.000   34.066   20.582    0    0  (Gen:  0)
  1385680     21160 1027643568  0.000  0.000   34.067   20.582    0    0  (Gen:  0)
  2121000     29152 1027768104  0.000  0.000   34.068   20.583    0    0  (Gen:  0)
  2788048    209384 1028065600  0.001  0.000   34.072   20.586    0    0  (Gen:  0)
  1316760    197280 1028062760  0.001  0.000   34.073   20.587    0    0  (Gen:  0)
  1344912     26752 1028072584  0.000  0.000   34.074   20.587    0    0  (Gen:  0)
  1589304     16120 1028139192  0.000  0.000   34.076   20.588    0    0  (Gen:  0)
  3509536    210312 1028483624  0.001  0.000   34.080   20.592    0    0  (Gen:  0)
  1373848    201584 1028484376  0.001  0.000   34.082   20.592    0    0  (Gen:  0)
  1266936     19240 1028456560  0.000  0.000   34.083   20.593    0    0  (Gen:  0)
  1374440     25136 1028503192  0.000  0.000   34.084   20.593    0    0  (Gen:  0)
  2214616     35048 1028666896  0.000  0.000   34.085   20.594    0    0  (Gen:  0)
  2406272    207296 1028924432  0.001  0.000   34.089   20.597    0    0  (Gen:  0)
  1340368    195952 1028924400  0.001  0.000   34.090   20.598    0    0  (Gen:  0)
  1312384     24472 1028933032  0.000  0.000   34.091   20.598    0    0  (Gen:  0)
  1537784     15920 1029001344  0.000  0.000   34.092   20.598    0    0  (Gen:  0)
  3751672    208696 1029345464  0.001  0.000   34.097   20.602    0    0  (Gen:  0)
  1344920    286704 1029432664  0.001  0.000   34.099   20.603    0    0  (Gen:  0)
  1344328     20248 1029354544  0.000  0.000   34.100   20.603    0    0  (Gen:  0)
  1362592     22208 1029364656  0.000  0.000   34.101   20.603    0    0  (Gen:  0)
  2218576     33944 1029522712  0.000  0.000   34.103   20.605    0    0  (Gen:  0)
  2564056    206592 1029780416  0.001  0.000   34.106   20.607    0    0  (Gen:  0)
  1340376    196624 1029782512  0.001  0.000   34.108   20.608    0    0  (Gen:  0)
  1321960     23904 1029787456  0.000  0.000   34.109   20.608    0    0  (Gen:  0)
  1572024     16576 1029857872  0.000  0.000   34.110   20.609    0    0  (Gen:  0)
  2758312    204592 1030292672  0.001  0.000   34.113   20.612    0    0  (Gen:  0)
  1792168    259400 1030300816  0.001  0.000   34.116   20.613    0    0  (Gen:  0)
  1342792     65376 1030278664  0.000  0.000   34.117   20.614    0    0  (Gen:  0)
  1369704     72480 1030303240  0.001  0.000   34.118   20.614    0    0  (Gen:  0)
  1567720     17216 1030324016  0.000  0.000   34.119   20.615    0    0  (Gen:  0)
  3371768    210712 1030637792  0.001  0.000   34.123   20.619    0    0  (Gen:  0)
  1334736    203000 1030638808  0.001  0.000   34.125   20.619    0    0  (Gen:  0)
  1273360     21296 1030611448  0.000  0.000   34.126   20.620    0    0  (Gen:  0)
  1550728     20224 1030720112  0.000  0.000   34.127   20.620    0    0  (Gen:  0)
  2132128     41760 1030822872  0.000  0.000   34.129   20.621    0    0  (Gen:  0)
  2325448    208840 1031071024  0.001  0.000   34.132   20.624    0    0  (Gen:  0)
  1352328    196328 1031070232  0.001  0.000   34.134   20.625    0    0  (Gen:  0)
  1311616     26112 1031077272  0.000  0.000   34.135   20.625    0    0  (Gen:  0)
  1582456     15616 1031144520  0.000  0.000   34.136   20.626    0    0  (Gen:  0)
  3685416    212664 1031499432  0.001  0.000   34.141   20.629    0    0  (Gen:  0)
  1355040    201688 1031498072  0.001  0.000   34.142   20.630    0    0  (Gen:  0)
  1258288     20152 1031470976  0.000  0.000   34.143   20.630    0    0  (Gen:  0)
  1414576     16472 1031504464  0.000  0.000   34.144   20.631    0    0  (Gen:  0)
  2246344     40664 1031678512  0.000  0.000   34.146   20.632    0    0  (Gen:  0)
  2645392    235376 1031958984  0.001  0.000   34.150   20.635    0    0  (Gen:  0)
  1323224    220936 1031956600  0.001  0.000   34.152   20.636    0    0  (Gen:  0)
  1309456     72096 1031987488  0.000  0.000   34.153   20.636    0    0  (Gen:  0)
  1670104     22784 1032015096  0.000  0.000   34.154   20.637    0    0  (Gen:  0)
  3577720    209944 1032322792  0.001  0.000   34.159   20.640    0    0  (Gen:  0)
  1387744    203160 1032325472  0.001  0.000   34.160   20.641    0    0  (Gen:  0)
  1315656     23296 1032331120  0.000  0.000   34.161   20.641    0    0  (Gen:  0)
  1568464     17408 1032407264  0.000  0.000   34.162   20.642    0    0  (Gen:  0)
  3019416    206600 1032811016  0.001  0.000   34.166   20.645    0    0  (Gen:  0)
  1956304    274856 1032827160  0.001  0.000   34.169   20.647    0    0  (Gen:  0)
  1350792     59240 1032788824  0.000  0.000   34.170   20.647    0    0  (Gen:  0)
  1402248     58792 1032805240  0.000  0.000   34.171   20.648    0    0  (Gen:  0)
  1664912     21408 1032882672  0.000  0.000   34.173   20.648    0    0  (Gen:  0)
  1752960    199544 1033168968  0.001  0.000   34.176   20.651    0    0  (Gen:  0)
  1991360    255096 1033246192  0.001  0.000   34.178   20.652    0    0  (Gen:  0)
  1326752     76360 1033237712  0.000  0.000   34.180   20.653    0    0  (Gen:  0)
  1342488     54776 1033233544  0.000  0.000   34.181   20.653    0    0  (Gen:  0)
  1618872     17832 1033274304  0.000  0.000   34.182   20.654    0    0  (Gen:  0)
  3594808    214024 1033582232  0.001  0.000   34.187   20.658    0    0  (Gen:  0)
  1297328    269392 1033654864  0.001  0.000   34.189   20.659    0    0  (Gen:  0)
  1394392     53832 1033629528  0.000  0.000   34.190   20.659    0    0  (Gen:  0)
  1400560     69024 1033649416  0.000  0.000   34.192   20.660    0    0  (Gen:  0)
  1607304     17640 1033709456  0.000  0.000   34.193   20.660    0    0  (Gen:  0)
  3288000    210904 1034018432  0.001  0.000   34.197   20.664    0    0  (Gen:  0)
  1336776    202256 1034019432  0.001  0.000   34.198   20.664    0    0  (Gen:  0)
  1345680     22264 1034027888  0.000  0.000   34.200   20.665    0    0  (Gen:  0)
  1560272     16520 1034099904  0.000  0.000   34.201   20.665    0    0  (Gen:  0)
  3492728    209616 1034450224  0.001  0.000   34.205   20.669    0    0  (Gen:  0)
  1274400    268872 1034487696  0.001  0.000   34.207   20.669    0    0  (Gen:  0)
  1378552     62920 1034500200  0.000  0.000   34.208   20.670    0    0  (Gen:  0)
  1327912     16840 1034492000  0.000  0.000   34.209   20.670    0    0  (Gen:  0)
  2645872     32152 1034554856  0.000  0.000   34.211   20.672    0    0  (Gen:  0)
  2293008    204984 1034880968  0.001  0.000   34.215   20.675    0    0  (Gen:  0)
  1295960    263728 1034919688  0.001  0.000   34.217   20.675    0    0  (Gen:  0)
  1377984     65872 1034935120  0.000  0.000   34.218   20.676    0    0  (Gen:  0)
  1322200     16744 1034923248  0.000  0.000   34.219   20.676    0    0  (Gen:  0)
  2329088     33760 1035058488  0.000  0.000   34.221   20.678    0    0  (Gen:  0)
  2843792    210424 1035317520  0.001  0.000   34.224   20.680    0    0  (Gen:  0)
  1311832    197088 1035319520  0.001  0.000   34.226   20.681    0    0  (Gen:  0)
  1326832     35720 1035337656  0.000  0.000   34.227   20.681    0    0  (Gen:  0)
  1575128     18568 1035397520  0.000  0.000   34.229   20.682    0    0  (Gen:  0)
  2658216    204592 1035765504  0.001  0.000   34.232   20.685    0    0  (Gen:  0)
  1697168    260920 1035802744  0.001  0.000   34.234   20.686    0    0  (Gen:  0)
  1354880     61184 1035777328  0.000  0.000   34.236   20.687    0    0  (Gen:  0)
  1375432     72328 1035801208  0.000  0.000   34.237   20.687    0    0  (Gen:  0)
  1612144     21424 1035828072  0.000  0.000   34.238   20.688    0    0  (Gen:  0)
  3478152    213560 1036144304  0.001  0.000   34.243   20.691    0    0  (Gen:  0)
  1322856    202744 1036142536  0.001  0.000   34.244   20.692    0    0  (Gen:  0)
  1344776     23152 1036150256  0.000  0.000   34.246   20.693    0    0  (Gen:  0)
  1535704     19824 1036224752  0.000  0.000   34.247   20.693    0    0  (Gen:  0)
  3695832    210792 1036562264  0.001  0.000   34.251   20.697    0    0  (Gen:  0)
  1313312    276968 1036642008  0.001  0.000   34.253   20.698    0    0  (Gen:  0)
  1343120     16184 1036568968  0.000  0.000   34.255   20.698    0    0  (Gen:  0)
  1386888     22224 1036616240  0.000  0.000   34.255   20.698    0    0  (Gen:  0)
  4073424    205840 1036997408  0.001  0.000   34.260   20.702    0    0  (Gen:  0)
  1283096    246592 1037047112  0.001  0.000   34.262   20.703    0    0  (Gen:  0)
  1380480     64488 1037086304  0.000  0.000   34.263   20.703    0    0  (Gen:  0)
  1336976     71592 1037097872  0.000  0.000   34.265   20.704    0    0  (Gen:  0)
  1611264     22208 1037125456  0.000  0.000   34.266   20.704    0    0  (Gen:  0)
  1769000    180488 1037352632  0.000  0.000   34.268   20.707    0    0  (Gen:  0)
  2144512    260744 1037494024  0.001  0.000   34.271   20.709    0    0  (Gen:  0)
  1376168     85064 1037468504  0.001  0.000   34.273   20.709    0    0  (Gen:  0)
  1349360     57816 1037483080  0.000  0.000   34.274   20.710    0    0  (Gen:  0)
  1607456     21240 1037522832  0.000  0.000   34.275   20.710    0    0  (Gen:  0)
  1833968    157744 1037732336  0.000  0.000   34.278   20.712    0    0  (Gen:  0)
  2097504    256368 1037883120  0.001  0.000   34.280   20.714    0    0  (Gen:  0)
  1377152    116448 1037871208  0.001  0.000   34.282   20.715    0    0  (Gen:  0)
  1371368     52928 1037865912  0.000  0.000   34.284   20.715    0    0  (Gen:  0)
  1625600     20584 1037911280  0.000  0.000   34.285   20.716    0    0  (Gen:  0)
  3711424    215216 1038224880  0.001  0.000   34.289   20.719    0    0  (Gen:  0)
  1319312    204472 1038223192  0.000  0.000   34.291   20.720    0    0  (Gen:  0)
  1331648     24232 1038229064  0.000  0.000   34.292   20.720    0    0  (Gen:  0)
  1576416     17496 1038299376  0.000  0.000   34.293   20.721    0    0  (Gen:  0)
  3311360    206848 1038642440  0.001  0.000   34.297   20.725    0    0  (Gen:  0)
  1258608    268384 1038680984  0.001  0.000   34.299   20.725    0    0  (Gen:  0)
  1377584     64512 1038695520  0.000  0.000   34.301   20.726    0    0  (Gen:  0)
  1325392     17384 1038686264  0.000  0.000   34.302   20.726    0    0  (Gen:  0)
  2198576     30120 1038779776  0.000  0.000   34.304   20.727    0    0  (Gen:  0)
  2604144    205088 1039071448  0.001  0.000   34.307   20.730    0    0  (Gen:  0)
  1345192    197048 1039071912  0.001  0.000   34.309   20.731    0    0  (Gen:  0)
  1336560     25632 1039081864  0.000  0.000   34.310   20.731    0    0  (Gen:  0)
  1555920     19656 1039157720  0.000  0.000   34.311   20.732    0    0  (Gen:  0)
  2051448     43768 1039261680  0.000  0.000   34.313   20.733    0    0  (Gen:  0)
  2500208    247304 1039546936  0.001  0.000   34.316   20.735    0    0  (Gen:  0)
  1307432    231784 1039543864  0.001  0.000   34.318   20.736    0    0  (Gen:  0)
  1345400     69184 1039564064  0.000  0.000   34.319   20.737    0    0  (Gen:  0)
  1645576     22720 1039594480  0.000  0.000   34.321   20.737    0    0  (Gen:  0)
  3078488    208352 1039901152  0.001  0.000   34.325   20.741    0    0  (Gen:  0)
  1268976    268784 1039938296  0.001  0.000   34.327   20.741    0    0  (Gen:  0)
  1393128     17008 1039908888  0.000  0.000   34.328   20.742    0    0  (Gen:  0)
  1323504     18288 1039947752  0.000  0.000   34.329   20.742    0    0  (Gen:  0)
  2488088     37064 1040079208  0.000  0.000   34.331   20.743    0    0  (Gen:  0)
  2832424    267488 1040390984  0.001  0.000   34.334   20.746    0    0  (Gen:  0)
  1341344    224104 1040359312  0.001  0.000   34.336   20.747    0    0  (Gen:  0)
  1343832     61400 1040375368  0.000  0.000   34.338   20.747    0    0  (Gen:  0)
  1594040     17952 1040409632  0.000  0.000   34.339   20.748    0    0  (Gen:  0)
  2507424    206592 1040752240  0.001  0.000   34.342   20.751    0    0  (Gen:  0)
  1315488    216608 1040741888  0.001  0.000   34.344   20.752    0    0  (Gen:  0)
  1323792     36176 1040741232  0.000  0.000   34.345   20.752    0    0  (Gen:  0)
  1318384     61656 1040775712  0.000  0.000   34.346   20.753    0    0  (Gen:  0)
  1593664     16760 1040807912  0.000  0.000   34.348   20.753    0    0  (Gen:  0)
  2463960    207728 1041151816  0.001  0.000   34.351   20.756    0    0  (Gen:  0)
  1354040    261552 1041220416  0.001  0.000   34.353   20.757    0    0  (Gen:  0)
  1323368     52704 1041194160  0.000  0.000   34.355   20.758    0    0  (Gen:  0)
  1402624     70000 1041248976  0.000  0.000   34.356   20.758    0    0  (Gen:  0)
  1598800     22208 1041278536  0.000  0.000   34.357   20.759    0    0  (Gen:  0)
  3429592    211520 1041582584  0.001  0.000   34.361   20.762    0    0  (Gen:  0)
  1336344    203416 1041584056  0.001  0.000   34.363   20.763    0    0  (Gen:  0)
  1330632     23016 1041589088  0.000  0.000   34.364   20.763    0    0  (Gen:  0)
  1545936     19176 1041667032  0.000  0.000   34.365   20.764    0    0  (Gen:  0)
  2066744     43392 1041767256  0.000  0.000   34.367   20.765    0    0  (Gen:  0)
  2550016    242360 1042051576  0.001  0.000   34.370   20.768    0    0  (Gen:  0)
  1345440    224752 1042052664  0.001  0.000   34.372   20.769    0    0  (Gen:  0)
  1325656     64944 1042067600  0.000  0.000   34.374   20.769    0    0  (Gen:  0)
  1614360     17384 1042101992  0.000  0.000   34.375   20.770    0    0  (Gen:  0)
  1307496     22504 1042113848  0.000  0.000   34.376   20.771    0    0  (Gen:  0)
  2680800    208720 1042413904  0.001  0.000   34.380   20.773    0    0  (Gen:  0)
  1333504    202264 1042415072  0.001  0.000   34.382   20.774    0    0  (Gen:  0)
  1336432     40504 1042435968  0.000  0.000   34.383   20.774    0    0  (Gen:  0)
  1597184     19968 1042463848  0.000  0.000   34.384   20.775    0    0  (Gen:  0)
  3046368    209248 1042797168  0.001  0.000   34.388   20.778    0    0  (Gen:  0)
  1327440    260880 1042862968  0.001  0.000   34.390   20.779    0    0  (Gen:  0)
  1403664     52064 1042875496  0.000  0.000   34.391   20.780    0    0  (Gen:  0)
  1305832     72832 1042905728  0.000  0.000   34.393   20.780    0    0  (Gen:  0)
  1574560     18024 1042928240  0.000  0.000   34.394   20.781    0    0  (Gen:  0)
  3079320    210624 1043266360  0.001  0.000   34.398   20.784    0    0  (Gen:  0)
  1547528    272240 1043308824  0.001  0.000   34.400   20.785    0    0  (Gen:  0)
  1329048     52624 1043275456  0.000  0.000   34.402   20.786    0    0  (Gen:  0)
  1345784     60960 1043293624  0.000  0.000   34.403   20.787    0    0  (Gen:  0)
  1689264     20760 1043331120  0.000  0.000   34.404   20.787    0    0  (Gen:  0)
  1851480    191344 1043568400  0.000  0.000   34.407   20.789    0    0  (Gen:  0)
  2058224    260240 1043694608  0.001  0.000   34.409   20.791    0    0  (Gen:  0)
  1314168     86704 1043677344  0.000  0.000   34.411   20.792    0    0  (Gen:  0)
  1316856     56312 1043681408  0.000  0.000   34.412   20.792    0    0  (Gen:  0)
  1625880     21424 1043723344  0.000  0.000   34.413   20.793    0    0  (Gen:  0)
  1606576     38592 1043787504  0.000  0.000   34.415   20.794    0    0  (Gen:  0)
  2455960    244576 1044071448  0.001  0.000   34.418   20.796    0    0  (Gen:  0)
  1334040    230952 1044072088  0.001  0.000   34.420   20.797    0    0  (Gen:  0)
  1296376     69024 1044091312  0.000  0.000   34.422   20.798    0    0  (Gen:  0)
  1543864     17360 1044084616  0.000  0.000   34.423   20.798    0    0  (Gen:  0)
  3124624    206536 1044422368  0.001  0.000   34.427   20.802    0    0  (Gen:  0)
  1264448    262448 1044491856  0.001  0.000   34.429   20.803    0    0  (Gen:  0)
  1359376     55776 1044470416  0.000  0.000   34.430   20.803    0    0  (Gen:  0)
  1359224     67344 1044486352  0.000  0.000   34.432   20.804    0    0  (Gen:  0)
  1628880     16904 1044551056  0.000  0.000   34.433   20.804    0    0  (Gen:  0)
  3226048    211400 1044856408  0.001  0.000   34.437   20.808    0    0  (Gen:  0)
  1350896    201960 1044860624  0.001  0.000   34.439   20.808    0    0  (Gen:  0)
  1348696     23816 1044868728  0.000  0.000   34.440   20.809    0    0  (Gen:  0)
  1554520     18600 1044941248  0.000  0.000   34.441   20.809    0    0  (Gen:  0)
  3421488    209136 1045285480  0.001  0.000   34.445   20.813    0    0  (Gen:  0)
  1281368    248496 1045334048  0.001  0.000   34.447   20.813    0    0  (Gen:  0)
  1390600     61720 1045371456  0.000  0.000   34.448   20.814    0    0  (Gen:  0)
  1338296     69544 1045383688  0.000  0.000   34.449   20.814    0    0  (Gen:  0)
  1653280     23024 1045413960  0.000  0.000   34.451   20.815    0    0  (Gen:  0)
  2451592    205552 1045709424  0.001  0.000   34.454   20.818    0    0  (Gen:  0)
  1428512    258528 1045776392  0.001  0.000   34.456   20.819    0    0  (Gen:  0)
  1371744     58000 1045754248  0.000  0.000   34.458   20.819    0    0  (Gen:  0)
  1308040     72744 1045778152  0.000  0.000   34.459   20.820    0    0  (Gen:  0)
  1594872     17600 1045802760  0.000  0.000   34.460   20.820    0    0  (Gen:  0)
  2932352    206088 1046112560  0.001  0.000   34.464   20.823    0    0  (Gen:  0)
  1271280    268096 1046150336  0.001  0.000   34.466   20.824    0    0  (Gen:  0)
  1373152     63056 1046163272  0.000  0.000   34.467   20.825    0    0  (Gen:  0)
  1335224     17152 1046159480  0.000  0.000   34.468   20.825    0    0  (Gen:  0)
  1632792     22312 1046241112  0.000  0.000   34.469   20.826    0    0  (Gen:  0)
  3537536    209968 1046543696  0.001  0.000   34.474   20.829    0    0  (Gen:  0)
  1312360    203552 1046547176  0.001  0.000   34.475   20.830    0    0  (Gen:  0)
  1313448     23792 1046552976  0.000  0.000   34.476   20.830    0    0  (Gen:  0)
  1586656     18904 1046629200  0.000  0.000   34.477   20.831    0    0  (Gen:  0)
  1879600     37712 1046723536  0.000  0.000   34.479   20.832    0    0  (Gen:  0)
  2380984    245104 1047017392  0.001  0.000   34.482   20.834    0    0  (Gen:  0)
  1309264    230160 1047012936  0.001  0.000   34.484   20.835    0    0  (Gen:  0)
  1350408     67824 1047027536  0.001  0.000   34.485   20.836    0    0  (Gen:  0)
  1565800     22368 1047058936  0.000  0.000   34.486   20.836    0    0  (Gen:  0)
  1971168    121456 1047224008  0.000  0.000   34.489   20.839    0    0  (Gen:  0)
  2101488    232528 1047397792  0.001  0.000   34.491   20.840    0    0  (Gen:  0)
  1346960    144952 1047394352  0.001  0.000   34.493   20.841    0    0  (Gen:  0)
  1318632     74424 1047426632  0.000  0.000   34.494   20.841    0    0  (Gen:  0)
  1621616     19984 1047449872  0.000  0.000   34.496   20.842    0    0  (Gen:  0)
  2512696    205560 1047781848  0.001  0.000   34.499   20.845    0    0  (Gen:  0)
  1566520    248528 1047809408  0.001  0.000   34.501   20.846    0    0  (Gen:  0)
  1338104     68952 1047804504  0.000  0.000   34.503   20.846    0    0  (Gen:  0)
  1313288     68992 1047816608  0.000  0.000   34.504   20.847    0    0  (Gen:  0)
  1608136     21296 1047846624  0.000  0.000   34.505   20.847    0    0  (Gen:  0)
  3219512    207584 1048156392  0.001  0.000   34.509   20.851    0    0  (Gen:  0)
  1340320    285368 1048243752  0.001  0.000   34.512   20.852    0    0  (Gen:  0)
  1297032     17744 1048162504  0.000  0.000   34.513   20.852    0    0  (Gen:  0)
  1357640     24776 1048206856  0.000  0.000   34.514   20.853    0    0  (Gen:  0)
  2249936     30104 1048331960  0.000  0.000   34.516   20.854    0    0  (Gen:  0)
  2981712    265056 1048648320  0.001  0.000   34.520   20.857    0    0  (Gen:  0)
  1366000    236576 1048631904  0.001  0.000   34.522   20.858    0    0  (Gen:  0)
  1345576     60112 1048635536  0.000  0.000   34.523   20.858    0    0  (Gen:  0)
  1562032     17600 1048674392  0.000  0.000   34.524   20.859    0    0  (Gen:  0)
  2374008    203376 1049038672  0.001  0.000   34.528   20.861    0    0  (Gen:  0)
  1727264    260512 1049042736  0.001  0.000   34.530   20.862    0    0  (Gen:  0)
  1390048     61440 1049017432  0.000  0.000   34.531   20.863    0    0  (Gen:  0)
  1336480     69960 1049044984  0.000  0.000   34.532   20.864    0    0  (Gen:  0)
  1612056     20664 1049072432  0.000  0.000   34.534   20.864    0    0  (Gen:  0)
  3269016    210672 1049382360  0.001  0.000   34.538   20.868    0    0  (Gen:  0)
  1316944    274288 1049455632  0.001  0.000   34.540   20.868    0    0  (Gen:  0)
  1408056     18968 1049422232  0.000  0.000   34.541   20.869    0    0  (Gen:  0)
  1346640     20608 1049429552  0.000  0.000   34.542   20.869    0    0  (Gen:  0)
  2892744    202112 1049757640  0.001  0.000   34.546   20.872    0    0  (Gen:  0)
  1932456    262136 1049835704  0.001  0.000   34.548   20.873    0    0  (Gen:  0)
  1550016     78520 1049824672  0.000  0.000   34.550   20.874    0    0  (Gen:  0)
  1344720     71208 1049838336  0.000  0.000   34.552   20.875    0    0  (Gen:  0)
  1606608     20272 1049865672  0.000  0.000   34.553   20.875    0    0  (Gen:  0)
  2956168    207432 1050198048  0.001  0.000   34.557   20.879    0    0  (Gen:  0)
  1403160    221760 1050192680  0.001  0.000   34.559   20.880    0    0  (Gen:  0)
  1342384     36736 1050191976  0.000  0.000   34.560   20.880    0    0  (Gen:  0)
  1338880     63184 1050228200  0.000  0.000   34.561   20.881    0    0  (Gen:  0)
  1626072     20320 1050262504  0.000  0.000   34.563   20.881    0    0  (Gen:  0)
  1348360     25496 1050278048  0.000  0.000   34.564   20.882    0    0  (Gen:  0)
  2477216    207968 1050612136  0.001  0.000   34.568   20.885    0    0  (Gen:  0)
  2521672    204832 1050616248  0.001  0.000   34.570   20.886    0    0  (Gen:  0)
  2716176     21928 1050690928  0.000  0.000   34.572   20.887    0    0  (Gen:  0)
  3317744    214384 1050998144  0.001  0.000   34.576   20.890    0    0  (Gen:  0)
  1340264    205912 1051004144  0.001  0.000   34.578   20.891    0    0  (Gen:  0)
  2010608     18968 1051003232  0.000  0.000   34.579   20.892    0    0  (Gen:  0)
  2440264     33784 1051139464  0.000  0.000   34.581   20.893    0    0  (Gen:  0)
  2641512    211104 1051397360  0.001  0.000   34.585   20.896    0    0  (Gen:  0)
  1262336    195888 1051398160  0.001  0.000   34.587   20.896    0    0  (Gen:  0)
  1359088     26536 1051407424  0.000  0.000   34.588   20.897    0    0  (Gen:  0)
  1605616     19128 1051443464  0.000  0.000   34.589   20.897    0    0  (Gen:  0)
  2501104    203392 1051772768  0.001  0.000   34.592   20.900    0    0  (Gen:  0)
  1844128    267632 1051854792  0.001  0.000   34.595   20.902    0    0  (Gen:  0)
  1357496     56568 1051819800  0.000  0.000   34.596   20.902    0    0  (Gen:  0)
  1376272     62280 1051842080  0.000  0.000   34.597   20.903    0    0  (Gen:  0)
  1627184     21792 1051879296  0.000  0.000   34.599   20.903    0    0  (Gen:  0)
  2264848    204576 1052207696  0.001  0.000   34.602   20.906    0    0  (Gen:  0)
  1613768    233952 1052217384  0.001  0.000   34.604   20.907    0    0  (Gen:  0)
  1320040     58136 1052215640  0.000  0.000   34.605   20.908    0    0  (Gen:  0)
  1318080     74048 1052243792  0.000  0.000   34.607   20.908    0    0  (Gen:  0)
  1618752     23360 1052274160  0.000  0.000   34.608   20.909    0    0  (Gen:  0)
  2515432     37712 1052299112  0.000  0.000   34.610   20.911    0    0  (Gen:  0)
  1349992     52856 1052328704  0.000  0.000   34.612   20.912    0    0  (Gen:  0)
  1103432     43352 1052350080  0.000  0.000   34.613   20.913    0    0  (Gen:  0)
  1104624     40552 1052373616  0.000  0.000   34.614   20.914    0    0  (Gen:  0)
  1075096     33152 1052385608  0.000  0.000   34.616   20.915    0    0  (Gen:  0)
  1785032     47592 1052418144  0.000  0.000   34.618   20.917    0    0  (Gen:  0)
  1137184     54088 1052452472  0.000  0.000   34.619   20.918    0    0  (Gen:  0)
  1505240     53824 1052486384  0.000  0.000   34.621   20.919    0    0  (Gen:  0)
  1320784     52264 1052517408  0.000  0.000   34.622   20.921    0    0  (Gen:  0)
  1139496     53344 1052548288  0.000  0.000   34.624   20.922    0    0  (Gen:  0)
  1100928     41480 1052570176  0.000  0.000   34.625   20.923    0    0  (Gen:  0)
  1671984     58096 1052609880  0.000  0.000   34.627   20.925    0    0  (Gen:  0)
  2573456     86096 1052677000  0.000  0.000   34.630   20.927    0    0  (Gen:  0)
  1137176     66072 1052709688  0.000  0.000   34.631   20.928    0    0  (Gen:  0)
  1138536     54520 1052744240  0.000  0.000   34.632   20.929    0    0  (Gen:  0)
  1074440     39720 1052757928  0.000  0.000   34.634   20.930    0    0  (Gen:  0)
  1105352     32808 1052808872  0.000  0.000   34.635   20.931    0    0  (Gen:  0)
  2025904     55536 1052845968  0.000  0.000   34.637   20.933    0    0  (Gen:  0)
  1106536     49680 1052871640  0.000  0.000   34.638   20.934    0    0  (Gen:  0)
  1074544     32768 1052881648  0.000  0.000   34.640   20.935    0    0  (Gen:  0)
  1772456     43440 1052908560  0.000  0.000   34.641   20.937    0    0  (Gen:  0)
  1854976     63032 1052954256  0.000  0.000   34.643   20.939    0    0  (Gen:  0)
  2079784     60592 1052987376  0.000  0.000   34.645   20.941    0    0  (Gen:  0)
  1880536     63592 1053028464  0.000  0.000   34.648   20.942    0    0  (Gen:  0)
  1101920     43024 1053046192  0.000  0.000   34.649   20.943    0    0  (Gen:  0)
  1073136     31784 1053061928  0.000  0.000   34.650   20.944    0    0  (Gen:  0)
  1851968     49896 1053097464  0.000  0.000   34.652   20.946    0    0  (Gen:  0)
  1134760     49888 1053155264  0.000  0.000   34.653   20.947    0    0  (Gen:  0)
  2067528     60832 1053205360  0.000  0.000   34.655   20.949    0    0  (Gen:  0)
  1104416     44832 1053220008  0.000  0.000   34.657   20.950    0    0  (Gen:  0)
  2010904     48808 1053252464  0.000  0.000   34.659   20.952    0    0  (Gen:  0)
  1236584     73344 1053339872  0.000  0.000   34.660   20.953    0    0  (Gen:  0)
  1324616     42720 1053363112  0.000  0.000   34.662   20.954    0    0  (Gen:  0)
  1846136     50672 1053393280  0.000  0.000   34.664   20.956    0    0  (Gen:  0)
  2376376     66696 1053437672  0.000  0.000   34.666   20.958    0    0  (Gen:  0)
  1072808     42888 1053451112  0.000  0.000   34.667   20.959    0    0  (Gen:  0)
  1159984     37520 1053475400  0.000  0.000   34.669   20.960    0    0  (Gen:  0)
  2427160     65944 1053524392  0.000  0.000   34.671   20.963    0    0  (Gen:  0)
  1621376     54448 1053550864  0.000  0.000   34.673   20.964    0    0  (Gen:  0)
  1314904     41056 1053572368  0.000  0.000   34.674   20.965    0    0  (Gen:  0)
  3371064     79960 1053636392  0.000  0.000   34.677   20.968    0    0  (Gen:  0)
  1988824     72104 1053671568  0.000  0.000   34.679   20.970    0    0  (Gen:  0)
  1703888     56144 1053710696  0.000  0.000   34.681   20.972    0    0  (Gen:  0)
  1487544     45424 1053731856  0.000  0.000   34.683   20.973    0    0  (Gen:  0)
  2682672     67744 1053781728  0.000  0.000   34.686   20.975    0    0  (Gen:  0)
  1103872     53056 1053804776  0.000  0.000   34.687   20.977    0    0  (Gen:  0)
  2508912     64056 1053852104  0.000  0.000   34.689   20.979    0    0  (Gen:  0)
  1816600     64760 1053893848  0.000  0.000   34.691   20.981    0    0  (Gen:  0)
  1206208     44784 1053911416  0.000  0.000   34.693   20.982    0    0  (Gen:  0)
  1104376     38968 1053934904  0.000  0.000   34.694   20.983    0    0  (Gen:  0)
  2197904     57304 1053971800  0.000  0.000   34.696   20.985    0    0  (Gen:  0)
  1179776     45040 1053987752  0.000  0.000   34.698   20.986    0    0  (Gen:  0)
  1104504     34952 1054009168  0.000  0.000   34.699   20.987    0    0  (Gen:  0)
  3401096     77072 1054069680  0.000  0.000   34.702   20.990    0    0  (Gen:  0)
  1105656     58424 1054092984  0.000  0.000   34.703   20.991    0    0  (Gen:  0)
  1527672     48072 1054123448  0.000  0.000   34.705   20.992    0    0  (Gen:  0)
  1343928     43216 1054145784  0.000  0.000   34.706   20.994    0    0  (Gen:  0)
  1104576     37096 1054163136  0.000  0.000   34.708   20.995    0    0  (Gen:  0)
  3091960     76512 1054225992  0.000  0.000   34.711   20.997    0    0  (Gen:  0)
  1071440     50808 1054238328  0.000  0.000   34.712   20.998    0    0  (Gen:  0)
  1106168     33224 1054260072  0.000  0.000   34.713   20.999    0    0  (Gen:  0)
  1136024     41304 1054281040  0.000  0.000   34.714   21.000    0    0  (Gen:  0)
  1072568     31480 1054293184  0.000  0.000   34.716   21.001    0    0  (Gen:  0)
  1106032     34824 1054316448  0.000  0.000   34.717   21.002    0    0  (Gen:  0)
  1355576     37832 1054336440  0.000  0.000   34.718   21.004    0    0  (Gen:  0)
  1392952     47960 1054367936  0.000  0.000   34.720   21.005    0    0  (Gen:  0)
  1306696     41816 1054390768  0.000  0.000   34.721   21.006    0    0  (Gen:  0)
  1827312    382344 1054821024  0.003  0.001   34.725   21.008    0    0  (Gen:  0)
  2405208    560912 1055216536  0.003  0.001   34.730   21.010    0    0  (Gen:  0)
  1563640    261576 1055458928  0.003  0.001   34.734   21.011    0    0  (Gen:  0)
  1647728    263848 1055777976  0.003  0.001   34.739   21.012    0    0  (Gen:  0)
  1556800    270600 1056027256  0.003  0.001   34.743   21.014    0    0  (Gen:  0)
  1738368    262416 1056470152  0.003  0.001   34.747   21.015    0    0  (Gen:  0)
  1539712    267504 1056718712  0.003  0.001   34.751   21.017    0    0  (Gen:  0)
  1614264    264512 1057061664  0.003  0.001   34.755   21.018    0    0  (Gen:  0)
  1740296    264432 1057438040  0.003  0.001   34.759   21.020    0    0  (Gen:  0)
  1668744    272128 1057723024  0.003  0.001   34.764   21.021    0    0  (Gen:  0)
  1595944    263704 1058001840  0.003  0.001   34.768   21.023    0    0  (Gen:  0)
  1672352    266256 1058448704  0.003  0.001   34.772   21.024    0    0  (Gen:  0)
  1589192    266912 1058733120  0.003  0.001   34.776   21.026    0    0  (Gen:  0)
  1704136    264760 1059078040  0.003  0.001   34.780   21.027    0    0  (Gen:  0)
  1741032    265744 1059459920  0.003  0.001   34.785   21.029    0    0  (Gen:  0)
  1566776    265840 1059771648  0.003  0.001   34.789   21.030    0    0  (Gen:  0)
  1633240    259728 1060078920  0.003  0.001   34.793   21.032    0    0  (Gen:  0)
  1588424    265376 1060401096  0.003  0.001   34.797   21.033    0    0  (Gen:  0)
  1535376    261744 1060680888  0.003  0.001   34.801   21.034    0    0  (Gen:  0)
  1595056    262240 1061025792  0.003  0.001   34.805   21.036    0    0  (Gen:  0)
  1581480    267232 1061342304  0.003  0.001   34.809   21.037    0    0  (Gen:  0)
  1638800    266272 1061621680  0.003  0.001   34.814   21.039    0    0  (Gen:  0)
  1785120    266368 1062036992  0.003  0.001   34.818   21.040    0    0  (Gen:  0)
  1552376    270488 1062285864  0.003  0.001   34.822   21.042    0    0  (Gen:  0)
  1678968    261952 1062625192  0.003  0.001   34.826   21.043    0    0  (Gen:  0)
  1836128    284632 1062990400  0.003  0.001   34.830   21.045    0    0  (Gen:  0)
  1834832    269560 1063407496  0.003  0.001   34.835   21.046    0    0  (Gen:  0)
  1558584    264360 1063715720  0.003  0.001   34.839   21.048    0    0  (Gen:  0)
  1665760    275368 1064039088  0.003  0.001   34.843   21.049    0    0  (Gen:  0)
  1711552    276432 1064359216  0.003  0.001   34.847   21.051    0    0  (Gen:  0)
  1638464    262640 1064671896  0.003  0.001   34.852   21.052    0    0  (Gen:  0)
  1606008    262496 1064951664  0.003  0.001   34.856   21.053    0    0  (Gen:  0)
  1549744    261016 1065197304  0.002  0.001   34.859   21.055    0    0  (Gen:  0)
  1745648    266592 1065608928  0.003  0.001   34.864   21.056    0    0  (Gen:  0)
  2453808    367112 1066119944  0.003  0.001   34.868   21.058    0    0  (Gen:  0)
  1500352    264536 1066429464  0.003  0.001   34.873   21.060    0    0  (Gen:  0)
  1748544    279400 1066794880  0.003  0.001   34.877   21.061    0    0  (Gen:  0)
  2997704    466896 1067371128  0.003  0.001   34.882   21.063    0    0  (Gen:  0)
  1615232    268712 1067717584  0.003  0.001   34.887   21.065    0    0  (Gen:  0)
  1576560    265472 1068063768  0.003  0.001   34.891   21.066    0    0  (Gen:  0)
  2891552    452960 1068598224  0.003  0.001   34.896   21.068    0    0  (Gen:  0)
  1658200    265816 1068948440  0.003  0.001   34.900   21.069    0    0  (Gen:  0)
  1508384    266288 1069195536  0.003  0.001   34.904   21.071    0    0  (Gen:  0)
  1583216    270016 1069577496  0.003  0.001   34.908   21.072    0    0  (Gen:  0)
  1441744    264112 1069818680  0.003  0.001   34.913   21.074    0    0  (Gen:  0)
  1582760    269560 1070138944  0.003  0.001   34.917   21.075    0    0  (Gen:  0)
  1608416    274680 1070524144  0.003  0.001   34.921   21.077    0    0  (Gen:  0)
  1391528    266552 1070765232  0.003  0.001   34.925   21.078    0    0  (Gen:  0)
  2855512    465480 1071311600  0.003  0.001   34.930   21.080    0    0  (Gen:  0)
  1620104    269752 1071659824  0.003  0.001   34.934   21.081    0    0  (Gen:  0)
  1625800    266080 1071939696  0.003  0.001   34.939   21.083    0    0  (Gen:  0)
  1514952    262584 1072184032  0.003  0.001   34.943   21.084    0    0  (Gen:  0)
  1722088    266200 1072629800  0.003  0.001   34.947   21.086    0    0  (Gen:  0)
  1782184    291024 1072999208  0.003  0.001   34.951   21.087    0    0  (Gen:  0)
  1538464    266160 1073317000  0.003  0.001   34.955   21.089    0    0  (Gen:  0)
  4384552    136864 1073701600  0.001  0.000   34.961   21.093    0    0  (Gen:  0)
  1672208     69504 1073846816  0.000  0.000   34.963   21.095    0    0  (Gen:  0)
  2635904     53448 1074083592  0.000  0.000   34.965   21.097    0    0  (Gen:  0)
  1906128     56896 1074168776  0.000  0.000   34.967   21.099    0    0  (Gen:  0)
  1822888     53224 1074261928  0.000  0.000   34.969   21.100    0    0  (Gen:  0)
  1247112     44232 1074405352  0.000  0.000   34.971   21.102    0    0  (Gen:  0)
  3053032     54784 1074575328  0.000  0.000   34.974   21.104    0    0  (Gen:  0)
  2548408     69992 1074734464  0.000  0.000   34.976   21.107    0    0  (Gen:  0)
  1220120     45936 1074779616  0.000  0.000   34.977   21.108    0    0  (Gen:  0)
  1800520     36104 1074830840  0.000  0.000   34.979   21.109    0    0  (Gen:  0)
  1135776     35712 1074843480  0.000  0.000   34.981   21.110    0    0  (Gen:  0)
  1106672     29944 1074885728  0.000  0.000   34.982   21.111    0    0  (Gen:  0)
  1757872     34552 1074938232  0.000  0.000   34.983   21.113    0    0  (Gen:  0)
  2305016     41880 1075024368  0.000  0.000   34.986   21.115    0    0  (Gen:  0)
  2077040     48160 1075043144  0.000  0.000   34.988   21.117    0    0  (Gen:  0)
  3159664     49104 1075143424  0.000  0.000   34.991   21.120    0    0  (Gen:  0)
  1683920     53240 1075231240  0.000  0.000   34.993   21.122    0    0  (Gen:  0)
  3185064     60352 1075330752  0.000  0.000   34.996   21.125    0    0  (Gen:  0)
  1104984     55712 1075344536  0.000  0.000   34.997   21.126    0    0  (Gen:  0)
  1779112     35960 1075425528  0.000  0.000   34.999   21.127    0    0  (Gen:  0)
  2078072     46416 1075482016  0.000  0.000   35.001   21.129    0    0  (Gen:  0)
  1412992     48008 1075534344  0.000  0.000   35.003   21.131    0    0  (Gen:  0)
  2044728     48104 1075562992  0.000  0.000   35.005   21.133    0    0  (Gen:  0)
  1139424     45456 1075609168  0.000  0.000   35.007   21.134    0    0  (Gen:  0)
  1906808     35064 1075654472  0.000  0.000   35.008   21.135    0    0  (Gen:  0)
  2016584     47976 1075709832  0.000  0.000   35.011   21.137    0    0  (Gen:  0)
  2773288     62720 1075816776  0.000  0.000   35.013   21.140    0    0  (Gen:  0)
  1312504     48360 1075861224  0.000  0.000   35.015   21.141    0    0  (Gen:  0)
  1813488     39352 1075946328  0.000  0.000   35.017   21.143    0    0  (Gen:  0)
  1276176     44336 1075961280  0.000  0.000   35.018   21.144    0    0  (Gen:  0)
  1645600     45080 1076052760  0.000  0.000   35.020   21.146    0    0  (Gen:  0)
  1466152     46688 1076075096  0.000  0.000   35.021   21.147    0    0  (Gen:  0)
  1227848     42968 1076127352  0.000  0.000   35.023   21.148    0    0  (Gen:  0)
  1739760     44192 1076177984  0.000  0.000   35.025   21.150    0    0  (Gen:  0)
  1781144     54320 1076202288  0.000  0.000   35.027   21.152    0    0  (Gen:  0)
  3379792     67096 1076311944  0.000  0.000   35.030   21.155    0    0  (Gen:  0)
  1952952     59664 1076325096  0.000  0.000   35.032   21.157    0    0  (Gen:  0)
  2578016     46664 1076415608  0.000  0.000   35.034   21.159    0    0  (Gen:  0)
  1138416     41512 1076461472  0.000  0.000   35.036   21.160    0    0  (Gen:  0)
  1432736     33736 1076507872  0.000  0.000   35.037   21.161    0    0  (Gen:  0)
  2087320     45760 1076566448  0.000  0.000   35.039   21.163    0    0  (Gen:  0)
  1453536     42824 1076615392  0.000  0.000   35.041   21.164    0    0  (Gen:  0)
  2012688     39736 1076669648  0.000  0.000   35.043   21.166    0    0  (Gen:  0)
  1641888     46240 1076752328  0.000  0.000   35.044   21.168    0    0  (Gen:  0)
  2635752     58968 1076818488  0.000  0.000   35.047   21.170    0    0  (Gen:  0)
  2194008     61592 1076876984  0.000  0.000   35.049   21.172    0    0  (Gen:  0)
  2193112     54768 1076942032  0.000  0.000   35.051   21.174    0    0  (Gen:  0)
  1069256     41120 1076952264  0.000  0.000   35.052   21.175    0    0  (Gen:  0)
  1156080     25648 1076958904  0.000  0.000   35.054   21.176    0    0  (Gen:  0)
  1425192     34888 1077040560  0.000  0.000   35.055   21.177    0    0  (Gen:  0)
  1106456     37528 1077057920  0.000  0.000   35.056   21.178    0    0  (Gen:  0)
  1475352     31776 1077099560  0.000  0.000   35.058   21.179    0    0  (Gen:  0)
  1799808     36800 1077151336  0.000  0.000   35.060   21.181    0    0  (Gen:  0)
  2655032     51816 1077213960  0.000  0.000   35.062   21.183    0    0  (Gen:  0)
  1938048     46512 1077256832  0.000  0.000   35.064   21.185    0    0  (Gen:  0)
  2172488     52968 1077323160  0.000  0.000   35.066   21.187    0    0  (Gen:  0)
  1683936     55928 1077412648  0.000  0.000   35.068   21.189    0    0  (Gen:  0)
  2195504    181544 1077598504  0.001  0.000   35.071   21.191    0    0  (Gen:  0)
  2866968     62296 1077638904  0.000  0.000   35.074   21.193    0    0  (Gen:  0)
  3821720     77560 1077948776  0.000  0.000   35.077   21.196    0    0  (Gen:  0)
  3037952     68728 1078199488  0.000  0.000   35.080   21.199    0    0  (Gen:  0)
  1899272     49352 1078284720  0.000  0.000   35.082   21.200    0    0  (Gen:  0)
  1639880     42312 1078439152  0.000  0.000   35.084   21.202    0    0  (Gen:  0)
  1922968     44208 1078555840  0.000  0.000   35.086   21.204    0    0  (Gen:  0)
  1211408     37856 1078666616  0.000  0.000   35.087   21.205    0    0  (Gen:  0)
  1411840     35552 1078809856  0.000  0.000   35.089   21.206    0    0  (Gen:  0)
  2883000     45128 1078962432  0.000  0.000   35.091   21.208    0    0  (Gen:  0)
  1209736     44336 1079045136  0.000  0.000   35.092   21.209    0    0  (Gen:  0)
  1587568     37504 1079065160  0.000  0.000   35.094   21.211    0    0  (Gen:  0)
  1701440     35520 1079276296  0.000  0.000   35.096   21.212    0    0  (Gen:  0)
  2642552     47600 1079398472  0.000  0.000   35.098   21.215    0    0  (Gen:  0)
  2569904     51280 1079523512  0.000  0.000   35.101   21.217    0    0  (Gen:  0)
  2772016     54424 1079745592  0.000  0.000   35.104   21.219    0    0  (Gen:  0)
  1932648     50496 1079866704  0.000  0.000   35.106   21.221    0    0  (Gen:  0)
  3230776     54776 1080058280  0.000  0.000   35.109   21.224    0    0  (Gen:  0)
  3444632     76936 1080368904  0.000  0.000   35.112   21.227    0    0  (Gen:  0)
  2123216     66896 1080458616  0.000  0.000   35.115   21.229    0    0  (Gen:  0)
  1173632     43576 1080534744  0.000  0.000   35.116   21.230    0    0  (Gen:  0)
  1372696     32712 1080642904  0.000  0.000   35.117   21.231    0    0  (Gen:  0)
  3398792     64160 1080953968  0.000  0.000   35.121   21.234    0    0  (Gen:  0)
  2214160     69432 1081075080  0.000  0.000   35.123   21.236    0    0  (Gen:  0)
  2619784     53952 1081265032  0.000  0.000   35.125   21.239    0    0  (Gen:  0)
  3014248     68688 1081500808  0.000  0.000   35.128   21.241    0    0  (Gen:  0)
  1469520     53976 1081575400  0.000  0.000   35.130   21.243    0    0  (Gen:  0)
  1182440     33352 1081658240  0.000  0.000   35.131   21.244    0    0  (Gen:  0)
  2114112     43184 1081874968  0.000  0.000   35.133   21.246    0    0  (Gen:  0)
  1241960     47736 1081956512  0.000  0.000   35.135   21.247    0    0  (Gen:  0)
  2078264     43384 1082107224  0.000  0.000   35.137   21.249    0    0  (Gen:  0)
  1351000     36720 1082216936  0.000  0.000   35.138   21.250    0    0  (Gen:  0)
  2526240     48328 1082449744  0.000  0.000   35.141   21.252    0    0  (Gen:  0)
  1631704     48736 1082527544  0.000  0.000   35.142   21.253    0    0  (Gen:  0)
  2604272     47520 1082655584  0.000  0.000   35.145   21.256    0    0  (Gen:  0)
  2826496     54840 1082874640  0.000  0.000   35.148   21.258    0    0  (Gen:  0)
  3331368     59184 1083107112  0.000  0.000   35.151   21.261    0    0  (Gen:  0)
  1140824     45448 1083180520  0.000  0.000   35.152   21.262    0    0  (Gen:  0)
  3366632     55896 1083353528  0.000  0.000   35.155   21.265    0    0  (Gen:  0)
  1237856     56160 1083466296  0.000  0.000   35.156   21.266    0    0  (Gen:  0)
  1139904     30760 1083512176  0.000  0.000   35.158   21.267    0    0  (Gen:  0)
  1174568     32416 1083622304  0.000  0.000   35.159   21.268    0    0  (Gen:  0)
  2017208     40808 1083738160  0.000  0.000   35.161   21.270    0    0  (Gen:  0)
  1455200     39824 1083848184  0.000  0.000   35.162   21.271    0    0  (Gen:  0)
  2127176     39480 1083964416  0.000  0.000   35.164   21.273    0    0  (Gen:  0)
  2629944     59360 1084232608  0.000  0.000   35.167   21.275    0    0  (Gen:  0)
  2790768     65704 1084431800  0.000  0.000   35.170   21.277    0    0  (Gen:  0)
  2090960     57400 1084515104  0.000  0.000   35.172   21.279    0    0  (Gen:  0)
  1268216     40656 1084563040  0.000  0.000   35.173   21.281    0    0  (Gen:  0)
  1341080     32800 1084606296  0.000  0.000   35.175   21.282    0    0  (Gen:  0)
  1539064     37784 1084753880  0.000  0.000   35.176   21.283    0    0  (Gen:  0)
  2580440     49544 1084915032  0.000  0.000   35.179   21.285    0    0  (Gen:  0)
  2033000     52920 1085070016  0.000  0.000   35.181   21.287    0    0  (Gen:  0)
  2274808     49744 1085156152  0.000  0.000   35.183   21.289    0    0  (Gen:  0)
  1213912     42608 1085267944  0.000  0.000   35.185   21.290    0    0  (Gen:  0)
  1143304     27640 1085342016  0.000  0.000   35.186   21.291    0    0  (Gen:  0)
  2808840     47360 1085505728  0.000  0.000   35.189   21.294    0    0  (Gen:  0)
  2276104     53408 1085662072  0.000  0.000   35.191   21.295    0    0  (Gen:  0)
  1175128     37680 1085736912  0.000  0.000   35.192   21.297    0    0  (Gen:  0)
  1223448     33832 1085815600  0.000  0.000   35.194   21.298    0    0  (Gen:  0)
  3185824     49144 1086013448  0.000  0.000   35.196   21.300    0    0  (Gen:  0)
  1190896     47536 1086095264  0.000  0.000   35.198   21.302    0    0  (Gen:  0)
  1527584     39608 1086145144  0.000  0.000   35.200   21.303    0    0  (Gen:  0)
  1207056     36984 1086257832  0.000  0.000   35.201   21.304    0    0  (Gen:  0)
  1437232     28896 1086329520  0.000  0.000   35.203   21.305    0    0  (Gen:  0)
  3549752     68728 1086645384  0.000  0.000   35.206   21.309    0    0  (Gen:  0)
  1792008     74144 1086767144  0.000  0.000   35.208   21.311    0    0  (Gen:  0)
  2691808     66712 1086902800  0.000  0.000   35.211   21.313    0    0  (Gen:  0)
  4087624     91664 1087256880  0.000  0.000   35.215   21.317    0    0  (Gen:  0)
  2400464     84400 1087448312  0.000  0.000   35.218   21.320    0    0  (Gen:  0)
  3112360     72000 1087578664  0.000  0.000   35.221   21.323    0    0  (Gen:  0)
  2534776     76504 1087751016  0.000  0.000   35.224   21.325    0    0  (Gen:  0)
  1571512     56536 1087804976  0.000  0.000   35.226   21.327    0    0  (Gen:  0)
  2227280     57664 1087997760  0.000  0.000   35.228   21.329    0    0  (Gen:  0)
  1892440     58080 1088053632  0.000  0.000   35.230   21.331    0    0  (Gen:  0)
  1173808     42424 1088128792  0.000  0.000   35.231   21.332    0    0  (Gen:  0)
  1540128     37208 1088211472  0.000  0.000   35.233   21.333    0    0  (Gen:  0)
  1210280     37272 1088323984  0.000  0.000   35.234   21.334    0    0  (Gen:  0)
  2089176     41880 1088414848  0.000  0.000   35.236   21.336    0    0  (Gen:  0)
  1109216     40120 1088460128  0.000  0.000   35.238   21.337    0    0  (Gen:  0)
  1173552     31920 1088537088  0.000  0.000   35.239   21.338    0    0  (Gen:  0)
  1137584     26656 1088610096  0.000  0.000   35.240   21.339    0    0  (Gen:  0)
  1768616     34936 1088692768  0.000  0.000   35.242   21.341    0    0  (Gen:  0)
  1222576     39496 1088803768  0.000  0.000   35.243   21.342    0    0  (Gen:  0)
  1174680     32672 1088884992  0.000  0.000   35.245   21.343    0    0  (Gen:  0)
  1652888     34008 1088966000  0.000  0.000   35.246   21.344    0    0  (Gen:  0)
  1934264     41880 1089015888  0.000  0.000   35.248   21.346    0    0  (Gen:  0)
  1909120     46640 1089201408  0.000  0.000   35.250   21.347    0    0  (Gen:  0)
  1457832     36648 1089279048  0.000  0.000   35.252   21.349    0    0  (Gen:  0)
  1104704     32064 1089289560  0.000  0.000   35.253   21.350    0    0  (Gen:  0)
  1914488     34864 1089403008  0.000  0.000   35.255   21.351    0    0  (Gen:  0)
  1245800     40072 1089553992  0.000  0.000   35.256   21.352    0    0  (Gen:  0)
  1639264     34328 1089599360  0.000  0.000   35.257   21.354    0    0  (Gen:  0)
  1265904     39600 1089718448  0.000  0.000   35.259   21.355    0    0  (Gen:  0)
  2523336     47032 1089870008  0.000  0.000   35.261   21.357    0    0  (Gen:  0)
  1646376     46456 1089981096  0.000  0.000   35.263   21.358    0    0  (Gen:  0)
  1448584     40440 1090064232  0.000  0.000   35.264   21.360    0    0  (Gen:  0)
  1372984     33008 1090174736  0.000  0.000   35.266   21.361    0    0  (Gen:  0)
  1870136     38832 1090258136  0.000  0.000   35.267   21.363    0    0  (Gen:  0)
  1483000     44424 1090380496  0.000  0.000   35.269   21.364    0    0  (Gen:  0)
  1134288     34240 1090423632  0.000  0.000   35.270   21.365    0    0  (Gen:  0)
  1566688     34880 1090540088  0.000  0.000   35.272   21.366    0    0  (Gen:  0)
  1298368     36000 1090648424  0.000  0.000   35.273   21.367    0    0  (Gen:  0)
  1174280     37832 1090731552  0.000  0.000   35.275   21.369    0    0  (Gen:  0)
  1103784     31992 1090739776  0.000  0.000   35.276   21.370    0    0  (Gen:  0)
  1207824     32072 1090849624  0.000  0.000   35.277   21.371    0    0  (Gen:  0)
  1830656     39872 1090902584  0.000  0.000   35.279   21.372    0    0  (Gen:  0)
  1963176     46976 1091022712  0.000  0.000   35.281   21.374    0    0  (Gen:  0)
  1436424     37776 1091166752  0.000  0.000   35.282   21.375    0    0  (Gen:  0)
  1930536     44184 1091286328  0.000  0.000   35.284   21.377    0    0  (Gen:  0)
  2480752     58560 1091517216  0.000  0.000   35.287   21.379    0    0  (Gen:  0)
  3132832     76952 1091753512  0.000  0.000   35.290   21.383    0    0  (Gen:  0)
  1272928     60064 1091871320  0.000  0.000   35.292   21.384    0    0  (Gen:  0)
  2448536     53168 1092064176  0.000  0.000   35.294   21.386    0    0  (Gen:  0)
  1209912     51224 1092146760  0.000  0.000   35.295   21.387    0    0  (Gen:  0)
  1570120     38928 1092199248  0.000  0.000   35.297   21.389    0    0  (Gen:  0)
  1294008     33048 1092337080  0.000  0.000   35.298   21.390    0    0  (Gen:  0)
  2481872     46840 1092499528  0.000  0.000   35.301   21.392    0    0  (Gen:  0)
  1826080     50296 1092580992  0.000  0.000   35.303   21.394    0    0  (Gen:  0)
  2281384     56648 1092748800  0.000  0.000   35.305   21.396    0    0  (Gen:  0)
  2611432     66288 1092974600  0.000  0.000   35.308   21.398    0    0  (Gen:  0)
  1693712     52224 1093055432  0.000  0.000   35.310   21.400    0    0  (Gen:  0)
  1219472     33832 1093162088  0.000  0.000   35.311   21.401    0    0  (Gen:  0)
  1872904     44528 1093289304  0.000  0.000   35.313   21.403    0    0  (Gen:  0)
  2916296     66912 1093500280  0.000  0.000   35.316   21.405    0    0  (Gen:  0)
  2750224     71680 1093724792  0.000  0.000   35.319   21.408    0    0  (Gen:  0)
  2139200     61736 1093787528  0.000  0.000   35.321   21.410    0    0  (Gen:  0)
  1243960     39752 1093860784  0.000  0.000   35.322   21.411    0    0  (Gen:  0)
  3264696     52952 1094028264  0.000  0.000   35.326   21.414    0    0  (Gen:  0)
  3762792     80528 1094265384  0.000  0.000   35.329   21.417    0    0  (Gen:  0)
  1282456     56808 1094277296  0.000  0.000   35.330   21.418    0    0  (Gen:  0)
  1207984     31360 1094390288  0.000  0.000   35.332   21.420    0    0  (Gen:  0)
  2161576     43672 1094482848  0.000  0.000   35.334   21.422    0    0  (Gen:  0)
  1382368     52904 1094606120  0.000  0.000   35.335   21.423    0    0  (Gen:  0)
  1494384     42248 1094683864  0.000  0.000   35.337   21.424    0    0  (Gen:  0)
  1506552     41136 1094801720  0.000  0.000   35.339   21.426    0    0  (Gen:  0)
  2004432     39016 1094913992  0.000  0.000   35.341   21.427    0    0  (Gen:  0)
  1237440     41616 1095031256  0.000  0.000   35.342   21.429    0    0  (Gen:  0)
  1272840     41200 1095145680  0.000  0.000   35.343   21.430    0    0  (Gen:  0)
  2682864     60800 1095314080  0.000  0.000   35.346   21.433    0    0  (Gen:  0)
  2239480     69104 1095474704  0.000  0.000   35.349   21.435    0    0  (Gen:  0)
  2300208     61720 1095597824  0.000  0.000   35.351   21.437    0    0  (Gen:  0)
  1809664     57568 1095693776  0.000  0.000   35.353   21.439    0    0  (Gen:  0)
  3798768     74216 1095941264  0.000  0.000   35.357   21.442    0    0  (Gen:  0)
  2961464     85368 1096072728  0.000  0.000   35.360   21.445    0    0  (Gen:  0)
  3879352     89792 1096388424  0.000  0.000   35.364   21.449    0    0  (Gen:  0)
  1176080     61248 1096460384  0.000  0.000   35.365   21.450    0    0  (Gen:  0)
  1889200     34192 1096609672  0.000  0.000   35.367   21.452    0    0  (Gen:  0)
  1108640     36448 1096589168  0.000  0.000   35.368   21.453    0    0  (Gen:  0)
  1739336     37704 1096710784  0.000  0.000   35.370   21.454    0    0  (Gen:  0)
  1908160     39688 1096860208  0.000  0.000   35.372   21.456    0    0  (Gen:  0)
  1800328     44840 1097008496  0.000  0.000   35.374   21.458    0    0  (Gen:  0)
  1241992     42920 1097126192  0.000  0.000   35.375   21.459    0    0  (Gen:  0)
  2104896     36744 1097204472  0.000  0.000   35.377   21.461    0    0  (Gen:  0)
  1929984     45312 1097295048  0.000  0.000   35.379   21.462    0    0  (Gen:  0)
  3225920     55056 1097557400  0.000  0.000   35.382   21.465    0    0  (Gen:  0)
  2952376     63112 1097688888  0.000  0.000   35.385   21.468    0    0  (Gen:  0)
  1983416     51576 1097864600  0.000  0.000   35.387   21.469    0    0  (Gen:  0)
  1916992     46984 1097987056  0.000  0.000   35.389   21.471    0    0  (Gen:  0)
  2506344     52920 1098173672  0.000  0.000   35.392   21.473    0    0  (Gen:  0)
  1070136     40256 1098180832  0.000  0.000   35.393   21.474    0    0  (Gen:  0)
  2544232     45016 1098315152  0.000  0.000   35.395   21.477    0    0  (Gen:  0)
  1175104     44152 1098356384  0.000  0.000   35.397   21.478    0    0  (Gen:  0)
  3352864     57656 1098526144  0.000  0.000   35.400   21.481    0    0  (Gen:  0)
  1759464     64480 1098744776  0.000  0.000   35.402   21.482    0    0  (Gen:  0)
  1104192     39384 1098756928  0.000  0.000   35.403   21.483    0    0  (Gen:  0)
  3325896     61720 1099031504  0.000  0.000   35.406   21.487    0    0  (Gen:  0)
  2474696     75432 1099229408  0.000  0.000   35.409   21.489    0    0  (Gen:  0)
  1177296     46744 1099237000  0.000  0.000   35.410   21.490    0    0  (Gen:  0)
  1139280     26568 1099311416  0.000  0.000   35.411   21.491    0    0  (Gen:  0)
  3622200    218048 1099745136  0.001  0.000   35.415   21.494    0    0  (Gen:  0)
  2943624     76480 1099754464  0.000  0.000   35.419   21.497    0    0  (Gen:  0)
  1068864     44664 1099760176  0.000  0.000   35.420   21.498    0    0  (Gen:  0)
  1290784     30784 1099903120  0.000  0.000   35.421   21.499    0    0  (Gen:  0)
  1618920     39936 1099989936  0.000  0.000   35.423   21.500    0    0  (Gen:  0)
  1818552     43032 1100074568  0.000  0.000   35.425   21.502    0    0  (Gen:  0)
  1352392     35680 1100180736  0.000  0.000   35.426   21.503    0    0  (Gen:  0)
  2990928     47288 1100412216  0.000  0.000   35.429   21.506    0    0  (Gen:  0)
  1856584     52856 1100527888  0.000  0.000   35.431   21.507    0    0  (Gen:  0)
  2191080     51456 1100750264  0.000  0.000   35.433   21.509    0    0  (Gen:  0)
  1498952     50552 1100839072  0.000  0.000   35.435   21.511    0    0  (Gen:  0)
  1789944     42024 1100920280  0.000  0.000   35.437   21.513    0    0  (Gen:  0)
  1240952     35872 1101063896  0.000  0.000   35.438   21.514    0    0  (Gen:  0)
  1174328     32616 1101141000  0.000  0.000   35.440   21.515    0    0  (Gen:  0)
  1920080     41288 1101261200  0.000  0.000   35.442   21.517    0    0  (Gen:  0)
  1874680     43712 1101345144  0.000  0.000   35.444   21.518    0    0  (Gen:  0)
  2215168     46120 1101493504  0.000  0.000   35.446   21.520    0    0  (Gen:  0)
  3437400     62864 1101697392  0.000  0.000   35.449   21.523    0    0  (Gen:  0)
  2509936     69848 1101896072  0.000  0.000   35.452   21.526    0    0  (Gen:  0)
  1515960     52632 1102012384  0.000  0.000   35.453   21.527    0    0  (Gen:  0)
  4564024     70008 1102292376  0.000  0.000   35.458   21.531    0    0  (Gen:  0)
  1733872     67880 1102377520  0.000  0.000   35.460   21.533    0    0  (Gen:  0)
  1662680     42096 1102461232  0.000  0.000   35.461   21.534    0    0  (Gen:  0)
  1979184     45776 1102646056  0.000  0.000   35.463   21.536    0    0  (Gen:  0)
  2842960     66376 1102816800  0.000  0.000   35.466   21.539    0    0  (Gen:  0)
  2991656     69280 1103008864  0.000  0.000   35.469   21.541    0    0  (Gen:  0)
  2716016     61040 1103200016  0.000  0.000   35.471   21.544    0    0  (Gen:  0)
  2537448     68448 1103401224  0.000  0.000   35.474   21.546    0    0  (Gen:  0)
  1339160     54144 1103478640  0.000  0.000   35.476   21.547    0    0  (Gen:  0)
  2389280     49680 1103606600  0.000  0.000   35.478   21.549    0    0  (Gen:  0)
  2705208     62256 1103808296  0.000  0.000   35.481   21.552    0    0  (Gen:  0)
  2815584     66392 1104003416  0.000  0.000   35.483   21.554    0    0  (Gen:  0)
  2301992     67624 1104195512  0.000  0.000   35.486   21.556    0    0  (Gen:  0)
  1214200     42664 1104268272  0.000  0.000   35.487   21.558    0    0  (Gen:  0)
  3406280     51344 1104468896  0.000  0.000   35.490   21.560    0    0  (Gen:  0)
  2510056     73784 1104633672  0.000  0.000   35.493   21.563    0    0  (Gen:  0)
  2237472     65112 1104831056  0.000  0.000   35.495   21.565    0    0  (Gen:  0)
  3839648     80040 1105144464  0.000  0.000   35.499   21.568    0    0  (Gen:  0)
  1259936     66112 1105226016  0.000  0.000   35.500   21.570    0    0  (Gen:  0)
  2733696     61544 1105428096  0.000  0.000   35.503   21.572    0    0  (Gen:  0)
  2271640     63688 1105551032  0.000  0.000   35.506   21.575    0    0  (Gen:  0)
  2594192     53384 1105707048  0.000  0.000   35.508   21.577    0    0  (Gen:  0)
  1408560     43352 1105784160  0.000  0.000   35.510   21.578    0    0  (Gen:  0)
  1206712     34704 1105898304  0.000  0.000   35.511   21.579    0    0  (Gen:  0)
  1486440     35368 1105982504  0.000  0.000   35.512   21.580    0    0  (Gen:  0)
  1240184     34280 1106089952  0.000  0.000   35.514   21.581    0    0  (Gen:  0)
  3994152     73624 1106214624  0.000  0.000   35.518   21.586    0    0  (Gen:  0)
  2111704     74496 1106298440  0.000  0.000   35.520   21.588    0    0  (Gen:  0)
  1814416     47704 1106318008  0.000  0.000   35.522   21.589    0    0  (Gen:  0)
  2209704     45824 1106570000  0.000  0.000   35.524   21.591    0    0  (Gen:  0)
  1105616     41800 1106583664  0.000  0.000   35.525   21.592    0    0  (Gen:  0)
  1172640     28272 1106656656  0.000  0.000   35.527   21.593    0    0  (Gen:  0)
  2787240     73768 1106879664  0.000  0.000   35.529   21.596    0    0  (Gen:  0)
  2838200     75760 1107028760  0.000  0.000   35.532   21.598    0    0  (Gen:  0)
  1788296     58408 1107114368  0.000  0.000   35.534   21.600    0    0  (Gen:  0)
  1242312     45944 1107231392  0.000  0.000   35.536   21.601    0    0  (Gen:  0)
  2888720     48200 1107417112  0.000  0.000   35.538   21.603    0    0  (Gen:  0)
  2092240     49592 1107501376  0.000  0.000   35.540   21.605    0    0  (Gen:  0)
  1934808     47896 1107622912  0.000  0.000   35.542   21.607    0    0  (Gen:  0)
  1174576     34432 1107694168  0.000  0.000   35.544   21.608    0    0  (Gen:  0)
  2284000     40592 1107854352  0.000  0.000   35.546   21.610    0    0  (Gen:  0)
  1103816     40072 1107864704  0.000  0.000   35.547   21.611    0    0  (Gen:  0)
  2284360     48736 1108057216  0.000  0.000   35.549   21.613    0    0  (Gen:  0)
  1869320     97416 1108256320  0.000  0.000   35.552   21.615    0    0  (Gen:  0)
  1051688    141856 1108351712  0.001  0.000   35.553   21.616    0    0  (Gen:  0)
  1041496     74032 1108380144  0.000  0.000   35.554   21.616    0    0  (Gen:  0)
  1141904     47568 1108491704  0.000  0.000   35.555   21.617    0    0  (Gen:  0)
  1142792     31920 1108602688  0.000  0.000   35.556   21.618    0    0  (Gen:  0)
  1039280     32776 1108616152  0.000  0.000   35.557   21.619    0    0  (Gen:  0)
  1112344     53208 1108682896  0.000  0.000   35.558   21.619    0    0  (Gen:  0)
  2161664     86656 1108860624  0.000  0.000   35.560   21.621    0    0  (Gen:  0)
  1039336     61216 1108868928  0.000  0.000   35.561   21.622    0    0  (Gen:  0)
  1114712     33976 1108954248  0.000  0.000   35.562   21.622    0    0  (Gen:  0)
  1039840     37320 1108965984  0.000  0.000   35.563   21.623    0    0  (Gen:  0)
  1178072     25640 1109072232  0.000  0.000   35.564   21.624    0    0  (Gen:  0)
  1038840     20896 1109079256  0.000  0.000   35.564   21.624    0    0  (Gen:  0)
  1127240     35344 1109167464  0.000  0.000   35.565   21.625    0    0  (Gen:  0)
  1039360     45320 1109184288  0.000  0.000   35.566   21.626    0    0  (Gen:  0)
  1142528     47016 1109307016  0.000  0.000   35.567   21.626    0    0  (Gen:  0)
  1040264     57368 1109334088  0.000  0.000   35.568   21.627    0    0  (Gen:  0)
  1176872     72488 1109472496  0.000  0.000   35.569   21.628    0    0  (Gen:  0)
  1039736     57440 1109483904  0.000  0.000   35.570   21.628    0    0  (Gen:  0)
  1108952     25808 1109557848  0.000  0.000   35.571   21.629    0    0  (Gen:  0)
  1038592     18992 1109562816  0.000  0.000   35.572   21.630    0    0  (Gen:  0)
  1355064     20840 1109671120  0.000  0.000   35.573   21.630    0    0  (Gen:  0)
  1038752     25552 1109680856  0.000  0.000   35.574   21.631    0    0  (Gen:  0)
  3507424    182208 1110346968  0.001  0.000   35.588   21.638    0    0  (Gen:  0)
  2127848    351944 1110751960  0.001  0.000   35.592   21.640    0    0  (Gen:  0)
  1142040    174552 1110854432  0.000  0.000   35.593   21.641    0    0  (Gen:  0)
  1040128     80720 1110891672  0.000  0.000   35.595   21.642    0    0  (Gen:  0)
  1039912     66584 1110916064  0.000  0.000   35.596   21.642    0    0  (Gen:  0)
  1142544     51640 1111036312  0.000  0.000   35.597   21.643    0    0  (Gen:  0)
  1110464     53944 1111128712  0.000  0.000   35.598   21.644    0    0  (Gen:  0)
  1041968     55464 1111151616  0.000  0.000   35.599   21.644    0    0  (Gen:  0)
  1141832     42232 1111263664  0.000  0.000   35.600   21.645    0    0  (Gen:  0)
  1109632     34120 1111343784  0.000  0.000   35.601   21.646    0    0  (Gen:  0)
  1039144     30824 1111354208  0.000  0.000   35.602   21.646    0    0  (Gen:  0)
  2076240     43192 1111446736  0.000  0.000   35.603   21.648    0    0  (Gen:  0)
  1038832     39216 1111453680  0.000  0.000   35.604   21.648    0    0  (Gen:  0)
  1039096     23000 1111464008  0.000  0.000   35.605   21.649    0    0  (Gen:  0)
  1152440     31376 1111544880  0.000  0.000   35.606   21.650    0    0  (Gen:  0)
  1039272     36504 1111560552  0.000  0.000   35.607   21.650    0    0  (Gen:  0)
  1073960     34168 1111606408  0.000  0.000   35.608   21.651    0    0  (Gen:  0)
  1107280     28008 1111681200  0.000  0.000   35.609   21.652    0    0  (Gen:  0)
  1645216     29104 1111793176  0.000  0.000   35.610   21.653    0    0  (Gen:  0)
  1038992     26264 1111800152  0.000  0.000   35.611   21.653    0    0  (Gen:  0)
  1222712     29968 1111948288  0.000  0.000   35.612   21.654    0    0  (Gen:  0)
  1361096    411944 1112405768  0.002  0.000   35.614   21.655    0    0  (Gen:  0)
  1675888    652728 1112947456  0.002  0.001   35.618   21.657    0    0  (Gen:  0)
  3301600   1133264 1114063360  0.004  0.001   35.625   21.660    0    0  (Gen:  0)
  2323448   1057200 1114820720  0.003  0.001   35.630   21.663    0    0  (Gen:  0)
  2457384    950136 1115673032  0.005  0.001   35.638   21.665    0    0  (Gen:  0)
  2884488    814784 1116256096  0.002  0.001   35.642   21.668    0    0  (Gen:  0)
  2695224    992216 1117141672  0.004  0.001   35.648   21.671    0    0  (Gen:  0)
  2690776    647856 1117588680  0.002  0.001   35.653   21.673    0    0  (Gen:  0)
  3128824    719760 1118326816  0.002  0.001   35.659   21.676    0    0  (Gen:  0)
  2070488    297616 1118638776  0.001  0.000   35.663   21.678    0    0  (Gen:  0)
  2384576    117440 1118896336  0.000  0.000   35.668   21.681    0    0  (Gen:  0)
  3099656     99312 1119188744  0.000  0.000   35.673   21.684    0    0  (Gen:  0)
  1844736    101680 1120027344  0.000  0.000   35.676   21.699    0    0  (Gen:  0)
  1114856     76048 1121084552  0.000  0.000   35.678   22.011    0    0  (Gen:  0)
    50472   9777808  16027200  0.031  0.129   35.710   22.141    0    0  (Gen:  1)
     1368                      0.000  0.000

  17,447,267,176 bytes allocated in the heap
   4,788,807,072 bytes copied during GC
     910,009,664 bytes maximum residency (17 sample(s))
       4,917,952 bytes maximum slop
             867 MB total memory in use (0 MB lost due to fragmentation)

                                     Tot time (elapsed)  Avg pause  Max pause
  Gen  0     10154 colls, 10153 par   14.029s   3.747s     0.0004s    0.0028s
  Gen  1        17 colls,    16 par    5.674s   1.876s     0.1103s    0.6789s

  Parallel GC work balance: 67.36% (serial 0%, perfect 100%)

  TASKS: 18 (1 bound, 17 peak workers (17 total), using -N4)

  SPARKS: 0 (0 converted, 0 overflowed, 0 dud, 0 GC'd, 0 fizzled)

  INIT    time    0.001s  (  0.004s elapsed)
  MUT     time   16.005s  ( 16.515s elapsed)
  GC      time   19.704s  (  5.623s elapsed)
  EXIT    time    0.001s  (  0.014s elapsed)
  Total   time   35.710s  ( 22.155s elapsed)

  Alloc rate    1,090,108,702 bytes per MUT second

  Productivity  44.8% of total user, 74.5% of total elapsed

