bench-hist/v0.0.6/ghcide --lsp --cwd bench/example/Cabal-3.0.0.0 +RTS -SdocumentSymbols_after_edit.benchmark-gcStats -I0.5 
    Alloc    Copied     Live     GC     GC      TOT      TOT  Page Flts
    bytes     bytes     bytes   user   elap     user     elap
  1182336     79184    218368  0.000  0.000    0.003    0.009    0    0  (Gen:  0)
  1369112    169264    462832  0.022  0.029    0.027    0.044    0    0  (Gen:  1)
  1042464     68488    462712  0.000  0.000    0.027    0.044    0    0  (Gen:  0)
  1099176      8904    535928  0.000  0.000    0.028    0.046    0    0  (Gen:  0)
  2163776    319568   1067720  0.001  0.001    0.032    0.050    0    0  (Gen:  0)
  1032192    650024   1411664  0.001  0.001    0.033    0.051    0    0  (Gen:  0)
  2054224    237640    926168  0.014  0.010    0.050    0.162    0    0  (Gen:  1)
  1603368    302680   1130792  0.001  0.000    0.057    4.763    0    0  (Gen:  0)
  1042184    309232   1152120  0.001  0.000    0.059    4.764    0    0  (Gen:  0)
  1040376    159032   1258720  0.000  0.000    0.060    4.765    0    0  (Gen:  0)
  1026584    108376   1315288  0.000  0.000    0.061    4.766    0    0  (Gen:  0)
  1047440    110880   1425368  0.000  0.000    0.062    4.767    0    0  (Gen:  0)
  1031688     55608   1422800  0.000  0.000    0.063    4.767    0    0  (Gen:  0)
  1032688     72656   1472168  0.000  0.000    0.064    4.768    0    0  (Gen:  0)
  1032552    672416   1238032  0.021  0.006    0.086    4.775    0    0  (Gen:  1)
  1051776    455080   1679816  0.003  0.001    0.089    4.776    0    0  (Gen:  0)
  1040560    342016   1975136  0.001  0.000    0.091    4.778    0    0  (Gen:  0)
  1026936    332256   2237136  0.001  0.000    0.094    4.779    0    0  (Gen:  0)
  1038544    127512   2299600  0.000  0.000    0.094    4.779    0    0  (Gen:  0)
  1041896    117304   2356704  0.001  0.000    0.096    4.780    0    0  (Gen:  0)
  1042168    118432   2415816  0.001  0.000    0.097    4.781    0    0  (Gen:  0)
  1034360    208080   2561784  0.001  0.000    0.098    4.783    0    0  (Gen:  0)
  1039640   1300856   1850024  0.028  0.008    0.128    4.793    0    0  (Gen:  1)
  1049496     17376   1862696  0.000  0.000    0.129    4.794    0    0  (Gen:  0)
  1085024    157696   2059712  0.001  0.000    0.130    4.795    0    0  (Gen:  0)
  1108664    312272   2257768  0.001  0.000    0.132    4.796    0    0  (Gen:  0)
  1043512    320624   2409336  0.001  0.000    0.134    4.796    0    0  (Gen:  0)
  1109784    305568   2594344  0.001  0.000    0.135    4.797    0    0  (Gen:  0)
  1176552    443056   2912912  0.002  0.001    0.138    4.798    0    0  (Gen:  0)
  1041592    496624   3121840  0.002  0.001    0.140    4.800    0    0  (Gen:  0)
  1039800    376696   3351104  0.002  0.001    0.143    4.801    0    0  (Gen:  0)
  1038016    346856   3561016  0.002  0.001    0.145    4.802    0    0  (Gen:  0)
  1362176    284808   3730056  0.002  0.001    0.210    5.078    0    0  (Gen:  0)
  1041376     80400   3642640  0.000  0.000    0.234    5.105    0    0  (Gen:  0)
  1035336      9664   3640080  0.000  0.000    0.277    5.158    0    0  (Gen:  0)
  1620552     85576   3782224  0.001  0.000    0.290    5.173    0    0  (Gen:  0)
  1122960   2645632   3317120  0.026  0.008    0.317    5.182    0    0  (Gen:  1)
  1030376     81384   3380792  0.001  0.000    0.318    5.183    0    0  (Gen:  0)
  1035888    123336   3447824  0.001  0.000    0.320    5.184    0    0  (Gen:  0)
  1035304    133880   3514656  0.001  0.000    0.321    5.184    0    0  (Gen:  0)
  1031776    145424   3588352  0.001  0.000    0.323    5.185    0    0  (Gen:  0)
  1035128    145040   3658928  0.001  0.000    0.324    5.186    0    0  (Gen:  0)
  1036752    140464   3723888  0.001  0.000    0.326    5.187    0    0  (Gen:  0)
  1036264    138040   3790016  0.001  0.000    0.327    5.187    0    0  (Gen:  0)
  1035608    136064   3853592  0.001  0.000    0.329    5.188    0    0  (Gen:  0)
  1035648    139152   3925504  0.001  0.000    0.330    5.189    0    0  (Gen:  0)
  1036696    133736   3987512  0.001  0.000    0.332    5.190    0    0  (Gen:  0)
  1035368    133256   4053600  0.001  0.000    0.333    5.190    0    0  (Gen:  0)
  1034608    132384   4112880  0.001  0.000    0.335    5.191    0    0  (Gen:  0)
  1034904    137104   4183760  0.001  0.000    0.336    5.192    0    0  (Gen:  0)
  1033152    146256   4254256  0.001  0.000    0.338    5.193    0    0  (Gen:  0)
  1029960    151280   4332656  0.001  0.000    0.340    5.193    0    0  (Gen:  0)
  1034448    145200   4399800  0.001  0.000    0.341    5.194    0    0  (Gen:  0)
  1035856    128720   4456712  0.001  0.000    0.343    5.195    0    0  (Gen:  0)
  1035376    119456   4514192  0.001  0.000    0.344    5.196    0    0  (Gen:  0)
  1035360    114904   4565400  0.001  0.000    0.345    5.196    0    0  (Gen:  0)
  1056448    125656   4631984  0.001  0.000    0.347    5.197    0    0  (Gen:  0)
  1036440    124336   4687520  0.001  0.000    0.348    5.198    0    0  (Gen:  0)
  1030864    138608   4768080  0.001  0.000    0.350    5.198    0    0  (Gen:  0)
  1031976    165360   4848344  0.001  0.000    0.352    5.199    0    0  (Gen:  0)
  1035928    154736   4917224  0.001  0.000    0.353    5.200    0    0  (Gen:  0)
  1028992    137432   4980264  0.001  0.000    0.355    5.201    0    0  (Gen:  0)
  3129120    134928   5082024  0.001  0.000    0.358    5.204    0    0  (Gen:  0)
  2352440     85600   5109184  0.000  0.000    0.360    5.206    0    0  (Gen:  0)
  2295816     62144   5136144  0.000  0.000    0.362    5.208    0    0  (Gen:  0)
  2009296     53864   5170896  0.000  0.000    0.364    5.209    0    0  (Gen:  0)
  2159448     55488   5200888  0.000  0.000    0.366    5.211    0    0  (Gen:  0)
  2292528     63264   5234728  0.000  0.000    0.368    5.213    0    0  (Gen:  0)
  1309360     59616   5263536  0.000  0.000    0.369    5.214    0    0  (Gen:  0)
  2091680     58240   5293032  0.000  0.000    0.371    5.216    0    0  (Gen:  0)
  2870832     79456   5342216  0.000  0.000    0.374    5.218    0    0  (Gen:  0)
  1421944     69264   5368672  0.000  0.000    0.375    5.220    0    0  (Gen:  0)
  2432720     65272   5414960  0.000  0.000    0.377    5.222    0    0  (Gen:  0)
  3686600     88104   5477848  0.000  0.000    0.381    5.225    0    0  (Gen:  0)
  1771296     61488   5503440  0.000  0.000    0.382    5.226    0    0  (Gen:  0)
  1971912     47152   5529448  0.000  0.000    0.384    5.228    0    0  (Gen:  0)
  1137160     37952   5543400  0.000  0.000    0.385    5.229    0    0  (Gen:  0)
  1510000     34768   5564232  0.000  0.000    0.387    5.230    0    0  (Gen:  0)
  1168576     43808   5588832  0.000  0.000    0.388    5.231    0    0  (Gen:  0)
  1843024     47304   5615720  0.000  0.000    0.389    5.233    0    0  (Gen:  0)
  1486400     48568   5633792  0.000  0.000    0.391    5.234    0    0  (Gen:  0)
  3673864     65456   5688408  0.000  0.000    0.394    5.237    0    0  (Gen:  0)
  1552480     64768   5709192  0.000  0.000    0.395    5.238    0    0  (Gen:  0)
  1169944     36464   5729328  0.000  0.000    0.397    5.239    0    0  (Gen:  0)
  1103120     26184   5735440  0.000  0.000    0.398    5.240    0    0  (Gen:  0)
  1450024     41640   5762304  0.000  0.000    0.399    5.241    0    0  (Gen:  0)
  1513272     50448   5782320  0.000  0.000    0.401    5.243    0    0  (Gen:  0)
  1168704     42624   5803296  0.000  0.000    0.402    5.244    0    0  (Gen:  0)
  1136448     35816   5820024  0.000  0.000    0.403    5.245    0    0  (Gen:  0)
  1876936     38144   5843592  0.000  0.000    0.405    5.246    0    0  (Gen:  0)
  1173112     37504   5865760  0.000  0.000    0.406    5.247    0    0  (Gen:  0)
  1191624     48880   5896472  0.000  0.000    0.408    5.249    0    0  (Gen:  0)
  1505328     68080   6002864  0.000  0.000    0.410    5.281    0    0  (Gen:  0)
  1041472     19088   5951520  0.000  0.000    0.410    5.282    0    0  (Gen:  0)
  1037704      5112   5953528  0.000  0.000    0.411    5.282    0    0  (Gen:  0)
  1039584      9616   5962736  0.000  0.000    0.412    5.283    0    0  (Gen:  0)
  1038384      5448   5962888  0.000  0.000    0.412    5.283    0    0  (Gen:  0)
  1039144      4520   5963560  0.000  0.000    0.413    5.283    0    0  (Gen:  0)
  1033288     66248   6025680  0.000  0.000    0.414    5.284    0    0  (Gen:  0)
  1034360    122208   6086032  0.001  0.000    0.415    5.285    0    0  (Gen:  0)
  1031936    150720   6153208  0.001  0.000    0.416    5.285    0    0  (Gen:  0)
  1031296    130072   6210952  0.001  0.000    0.418    5.286    0    0  (Gen:  0)
  1036560    101192   6249800  0.001  0.000    0.419    5.287    0    0  (Gen:  0)
  1703832     69232   6311488  0.000  0.000    0.421    5.289    0    0  (Gen:  0)
  1621200     48608   6329856  0.000  0.000    0.423    5.290    0    0  (Gen:  0)
  2264392     52424   6360096  0.000  0.000    0.425    5.292    0    0  (Gen:  0)
  1861592     91336   6419416  0.000  0.000    0.427    5.294    0    0  (Gen:  0)
  2535056     51560   6452968  0.000  0.000    0.429    5.296    0    0  (Gen:  0)
  1381808     43304   6473848  0.000  0.000    0.430    5.297    0    0  (Gen:  0)
  1508136     66352   6519368  0.000  0.000    0.432    5.299    0    0  (Gen:  0)
  3815152     69776   6578304  0.000  0.000    0.435    5.302    0    0  (Gen:  0)
  1432816     56808   6598800  0.000  0.000    0.437    5.303    0    0  (Gen:  0)
  2687048   5374696   6179360  0.032  0.009    0.471    5.315    0    0  (Gen:  1)
  2837600     75440   6409232  0.000  0.000    0.474    5.317    0    0  (Gen:  0)
  1694456     63744   6534264  0.000  0.000    0.475    5.318    0    0  (Gen:  0)
  2363096     49488   6733968  0.000  0.000    0.477    5.320    0    0  (Gen:  0)
  2852104     63152   6905816  0.000  0.000    0.480    5.323    0    0  (Gen:  0)
  1729616     56752   7035288  0.000  0.000    0.482    5.324    0    0  (Gen:  0)
  2024056     47032   7091288  0.000  0.000    0.484    5.326    0    0  (Gen:  0)
  1636536     47312   7183200  0.000  0.000    0.485    5.327    0    0  (Gen:  0)
  2073504     62288   7251896  0.000  0.000    0.487    5.329    0    0  (Gen:  0)
  1576536     47144   7368696  0.000  0.000    0.489    5.330    0    0  (Gen:  0)
  2041096     50656   7564144  0.000  0.000    0.490    5.332    0    0  (Gen:  0)
  1133232     36056   7575600  0.000  0.000    0.492    5.333    0    0  (Gen:  0)
  2993424     54064   7781736  0.000  0.000    0.494    5.335    0    0  (Gen:  0)
  2356440     72440   7910136  0.000  0.000    0.496    5.337    0    0  (Gen:  0)
  1272216     52000   8036408  0.000  0.000    0.498    5.338    0    0  (Gen:  0)
  1174992     33592   8110536  0.000  0.000    0.499    5.339    0    0  (Gen:  0)
  1571392     41312   8200576  0.000  0.000    0.500    5.341    0    0  (Gen:  0)
  1206176     42520   8252680  0.000  0.000    0.501    5.342    0    0  (Gen:  0)
  2330128     44600   8476688  0.000  0.000    0.503    5.343    0    0  (Gen:  0)
  1136512     36264   8496896  0.000  0.000    0.505    5.344    0    0  (Gen:  0)
  3255400     64984   8707800  0.000  0.000    0.507    5.347    0    0  (Gen:  0)
  1438224     62576   8791360  0.000  0.000    0.509    5.348    0    0  (Gen:  0)
  2095552     71280   8844768  0.000  0.000    0.511    5.350    0    0  (Gen:  0)
  2965952     63448   8891816  0.000  0.000    0.513    5.352    0    0  (Gen:  0)
  2323600     60968   8891104  0.000  0.000    0.515    5.354    0    0  (Gen:  0)
  1201936     46048   8942400  0.000  0.000    0.516    5.355    0    0  (Gen:  0)
  2427728     52808   8978800  0.000  0.000    0.519    5.358    0    0  (Gen:  0)
  3032368     61240   9022184  0.000  0.000    0.521    5.360    0    0  (Gen:  0)
  3750072     81144   9077408  0.000  0.000    0.524    5.363    0    0  (Gen:  0)
  1170136     50848   9093464  0.000  0.000    0.526    5.364    0    0  (Gen:  0)
  1106416     33800   9108024  0.000  0.000    0.527    5.365    0    0  (Gen:  0)
  1221272     34640   9128392  0.000  0.000    0.528    5.366    0    0  (Gen:  0)
  1929744     45952   9124504  0.000  0.000    0.530    5.368    0    0  (Gen:  0)
  1137208     33808   9165488  0.000  0.000    0.531    5.369    0    0  (Gen:  0)
  1267432     37192   9197288  0.000  0.000    0.532    5.370    0    0  (Gen:  0)
  1557016     40072   9211792  0.000  0.000    0.534    5.371    0    0  (Gen:  0)
  2949912     66272   9253536  0.000  0.000    0.536    5.374    0    0  (Gen:  0)
  1379464     55416   9277304  0.000  0.000    0.538    5.375    0    0  (Gen:  0)
  2129512     48008   9307768  0.000  0.000    0.540    5.376    0    0  (Gen:  0)
  1105816     35864   9317640  0.000  0.000    0.541    5.377    0    0  (Gen:  0)
  1359944     34576   9340968  0.000  0.000    0.542    5.379    0    0  (Gen:  0)
  2178416     65000   9393680  0.000  0.000    0.544    5.380    0    0  (Gen:  0)
  2593400     64144   9462496  0.000  0.000    0.547    5.383    0    0  (Gen:  0)
  1040048     44560   9461944  0.000  0.000    0.547    5.384    0    0  (Gen:  0)
  1033712     62712   9515472  0.000  0.000    0.548    5.384    0    0  (Gen:  0)
  1030480    117848   9577240  0.001  0.000    0.550    5.385    0    0  (Gen:  0)
  1036760    116496   9626152  0.000  0.000    0.551    5.386    0    0  (Gen:  0)
  1031096    102144   9674240  0.001  0.000    0.552    5.386    0    0  (Gen:  0)
  1034816    119344   9741016  0.001  0.000    0.553    5.387    0    0  (Gen:  0)
  1034752    138512   9812320  0.001  0.000    0.555    5.388    0    0  (Gen:  0)
  1035024    128896   9868072  0.001  0.000    0.556    5.388    0    0  (Gen:  0)
  1035584    126016   9934240  0.001  0.000    0.558    5.389    0    0  (Gen:  0)
  1105632    128344  10057616  0.001  0.000    0.559    5.390    0    0  (Gen:  0)
  1070856    104816  10131432  0.001  0.000    0.561    5.391    0    0  (Gen:  0)
  1241880     73256  10256104  0.000  0.000    0.562    5.392    0    0  (Gen:  0)
  1040752     36696  10259576  0.000  0.000    0.563    5.392    0    0  (Gen:  0)
  1754600     33232  10442224  0.000  0.000    0.565    5.394    0    0  (Gen:  0)
  1766912     35336  10537656  0.000  0.000    0.566    5.395    0    0  (Gen:  0)
  1072296     59432  10602264  0.000  0.000    0.567    5.396    0    0  (Gen:  0)
  1036488    108272  10665216  0.001  0.000    0.568    5.397    0    0  (Gen:  0)
  1034584    128496  10726704  0.001  0.000    0.570    5.397    0    0  (Gen:  0)
  1151056    132456  10890856  0.001  0.000    0.571    5.398    0    0  (Gen:  0)
  1035864    140328  10961072  0.001  0.000    0.572    5.399    0    0  (Gen:  0)
  1172824    127456  11108256  0.001  0.000    0.574    5.400    0    0  (Gen:  0)
  2690616     88696  11320952  0.000  0.000    0.577    5.403    0    0  (Gen:  0)
  1107240     68288  11395376  0.000  0.000    0.578    5.403    0    0  (Gen:  0)
  1035528     77504  11450152  0.001  0.000    0.579    5.404    0    0  (Gen:  0)
  1850120    106560  11595360  0.001  0.000    0.581    5.405    0    0  (Gen:  0)
  2369904     81464  11695432  0.000  0.000    0.584    5.408    0    0  (Gen:  0)
  1167488     58192  11715352  0.000  0.000    0.585    5.409    0    0  (Gen:  0)
  3472576     79712  11789280  0.000  0.000    0.588    5.412    0    0  (Gen:  0)
  1030696    124944  11844592  0.001  0.000    0.590    5.413    0    0  (Gen:  0)
  1033320    113000  11893848  0.001  0.000    0.591    5.413    0    0  (Gen:  0)
  1435048     93600  11945072  0.001  0.000    0.593    5.414    0    0  (Gen:  0)
  1201520     43392  11964112  0.000  0.000    0.594    5.416    0    0  (Gen:  0)
  3109648     66744  12139024  0.000  0.000    0.597    5.418    0    0  (Gen:  0)
  1271920     68520  12257896  0.000  0.000    0.598    5.419    0    0  (Gen:  0)
  2356592     57272  12389112  0.000  0.000    0.600    5.421    0    0  (Gen:  0)
  2847456   7350368   8480720  0.039  0.012    0.642    5.435    0    0  (Gen:  1)
  2625184     75832   9333872  0.000  0.000    0.645    5.438    0    0  (Gen:  0)
  1181048     54576   9448536  0.000  0.000    0.646    5.439    0    0  (Gen:  0)
  1036952     77680   9497504  0.001  0.000    0.647    5.440    0    0  (Gen:  0)
  1101240    121760   9627024  0.001  0.000    0.649    5.440    0    0  (Gen:  0)
  1030760    156344   9713736  0.001  0.000    0.650    5.441    0    0  (Gen:  0)
  1134640    136296   9856888  0.001  0.000    0.652    5.442    0    0  (Gen:  0)
  1036880    112368   9918552  0.001  0.000    0.653    5.443    0    0  (Gen:  0)
  1031184    141792   9996936  0.001  0.000    0.655    5.443    0    0  (Gen:  0)
  1134024    141760  10153408  0.001  0.000    0.656    5.444    0    0  (Gen:  0)
  1069464    123904  10242440  0.001  0.000    0.657    5.445    0    0  (Gen:  0)
  1103128    134368  10380488  0.001  0.000    0.659    5.446    0    0  (Gen:  0)
  1035728    142512  10444504  0.001  0.000    0.661    5.446    0    0  (Gen:  0)
  1144408    141776  10614824  0.001  0.000    0.662    5.447    0    0  (Gen:  0)
  1037512    123384  10657096  0.001  0.000    0.664    5.448    0    0  (Gen:  0)
  1140840    117920  10823304  0.001  0.000    0.665    5.449    0    0  (Gen:  0)
  1033736    142656  10892304  0.001  0.000    0.667    5.449    0    0  (Gen:  0)
  1108304    118640  11001896  0.001  0.000    0.668    5.450    0    0  (Gen:  0)
  1035744    116904  11073488  0.001  0.000    0.669    5.451    0    0  (Gen:  0)
  1129224    150272  11211808  0.001  0.000    0.671    5.451    0    0  (Gen:  0)
  2050016    138968  11406472  0.001  0.000    0.673    5.453    0    0  (Gen:  0)
  1242152     75032  11486800  0.000  0.000    0.675    5.454    0    0  (Gen:  0)
  3033376     80736  11637496  0.000  0.000    0.678    5.457    0    0  (Gen:  0)
  2505064    105288  11883040  0.000  0.000    0.680    5.459    0    0  (Gen:  0)
  2697560     83192  12082632  0.000  0.000    0.683    5.461    0    0  (Gen:  0)
  2324048     70648  12174168  0.000  0.000    0.685    5.463    0    0  (Gen:  0)
  2785376     73600  12379592  0.000  0.000    0.687    5.465    0    0  (Gen:  0)
  1203768     54224  12463776  0.000  0.000    0.689    5.466    0    0  (Gen:  0)
  3323608     59352  12675704  0.000  0.000    0.691    5.469    0    0  (Gen:  0)
  1424288     55152  12759352  0.000  0.000    0.693    5.470    0    0  (Gen:  0)
  1170208     37784  12778824  0.000  0.000    0.694    5.471    0    0  (Gen:  0)
  1210760     34256  12892696  0.000  0.000    0.695    5.472    0    0  (Gen:  0)
  1656048     64624  13039576  0.000  0.000    0.697    5.474    0    0  (Gen:  0)
  1525856     41928  13131744  0.000  0.000    0.698    5.475    0    0  (Gen:  0)
  3515008     63512  13335752  0.000  0.000    0.701    5.478    0    0  (Gen:  0)
  2900128     63376  13582064  0.000  0.000    0.704    5.480    0    0  (Gen:  0)
  1035400     55520  13587752  0.000  0.000    0.705    5.481    0    0  (Gen:  0)
  1031192     64368  13636504  0.000  0.000    0.706    5.481    0    0  (Gen:  0)
  1122920    108560  13757168  0.001  0.000    0.707    5.482    0    0  (Gen:  0)
  1843352    106248  13840744  0.001  0.000    0.709    5.484    0    0  (Gen:  0)
  1329384     72512  13862872  0.000  0.000    0.711    5.485    0    0  (Gen:  0)
  2452328     61504  13924480  0.000  0.000    0.713    5.487    0    0  (Gen:  0)
  1041952     40464  13915984  0.000  0.000    0.714    5.488    0    0  (Gen:  0)
  1035408     41552  13951944  0.000  0.000    0.715    5.489    0    0  (Gen:  0)
  1034128    100088  14012048  0.001  0.000    0.716    5.489    0    0  (Gen:  0)
  1034904    125416  14072632  0.001  0.000    0.718    5.490    0    0  (Gen:  0)
  1036176    120720  14127056  0.001  0.000    0.719    5.491    0    0  (Gen:  0)
  1034184    121928  14190064  0.001  0.000    0.720    5.491    0    0  (Gen:  0)
  1034048    132232  14254848  0.001  0.000    0.722    5.492    0    0  (Gen:  0)
  1036256    123824  14308080  0.001  0.000    0.723    5.493    0    0  (Gen:  0)
  1035416    113592  14367936  0.001  0.000    0.724    5.493    0    0  (Gen:  0)
  1182728    127008  14496432  0.001  0.000    0.726    5.494    0    0  (Gen:  0)
  1034496    121872  14551016  0.001  0.000    0.727    5.495    0    0  (Gen:  0)
  1035304    120288  14610432  0.001  0.000    0.729    5.496    0    0  (Gen:  0)
  1193248     96720  14674920  0.000  0.000    0.730    5.497    0    0  (Gen:  0)
  1137336     43672  14682840  0.000  0.000    0.731    5.498    0    0  (Gen:  0)
  1393648     36648  14700376  0.000  0.000    0.732    5.499    0    0  (Gen:  0)
  2051568     53056  14731672  0.000  0.000    0.734    5.501    0    0  (Gen:  0)
  1609216     72984  14801088  0.000  0.000    0.736    5.502    0    0  (Gen:  0)
  1608120     52536  14836328  0.000  0.000    0.738    5.504    0    0  (Gen:  0)
  1123176     33008  14881280  0.000  0.000    0.739    5.505    0    0  (Gen:  0)
  1037312     55480  14915568  0.000  0.000    0.740    5.505    0    0  (Gen:  0)
  1039000     71512  14940008  0.001  0.000    0.741    5.506    0    0  (Gen:  0)
  1072776     79616  15028144  0.001  0.000    0.742    5.506    0    0  (Gen:  0)
  1035584    122144  15093792  0.001  0.000    0.744    5.507    0    0  (Gen:  0)
  1174656    144824  15299112  0.001  0.000    0.746    5.508    0    0  (Gen:  0)
  1036528    150808  15374696  0.001  0.000    0.748    5.509    0    0  (Gen:  0)
  1139728    134240  15527920  0.001  0.000    0.749    5.510    0    0  (Gen:  0)
  1036664    102680  15568624  0.001  0.000    0.751    5.510    0    0  (Gen:  0)
  1140224    106864  15728192  0.001  0.000    0.752    5.511    0    0  (Gen:  0)
  1035144    133952  15793384  0.001  0.000    0.753    5.512    0    0  (Gen:  0)
  1036008    140576  15860248  0.001  0.000    0.755    5.513    0    0  (Gen:  0)
  1037280    140600  15927040  0.001  0.000    0.756    5.513    0    0  (Gen:  0)
  1035520    133240  15987496  0.001  0.000    0.758    5.514    0    0  (Gen:  0)
  1037784    120464  16039096  0.001  0.000    0.759    5.515    0    0  (Gen:  0)
  1036680    122848  16105136  0.001  0.000    0.761    5.515    0    0  (Gen:  0)
  1140640    138744  16274680  0.001  0.000    0.762    5.516    0    0  (Gen:  0)
  1036040    123352  16324296  0.001  0.000    0.764    5.517    0    0  (Gen:  0)
  1469088    158672  16527048  0.001  0.000    0.765    5.518    0    0  (Gen:  0)
  1033144    179800  16602312  0.001  0.000    0.767    5.519    0    0  (Gen:  0)
  1181200    159920  16813496  0.001  0.000    0.769    5.520    0    0  (Gen:  0)
  1034512  10792896  12740848  0.047  0.014    0.817    5.534    0    0  (Gen:  1)
  1345232    153888  13107168  0.001  0.000    0.819    5.535    0    0  (Gen:  0)
  1105336    135592  13230928  0.001  0.000    0.820    5.536    0    0  (Gen:  0)
  1107816    101488  13329968  0.001  0.000    0.822    5.537    0    0  (Gen:  0)
  1340216     55632  13357808  0.000  0.000    0.824    5.538    0    0  (Gen:  0)
  1677552     62472  13386736  0.000  0.000    0.825    5.540    0    0  (Gen:  0)
  2154168     82088  13430544  0.000  0.000    0.827    5.541    0    0  (Gen:  0)
  2294016     80472  13460616  0.000  0.000    0.829    5.543    0    0  (Gen:  0)
  1359248     54840  13484368  0.000  0.000    0.830    5.544    0    0  (Gen:  0)
  1500440     41592  13501656  0.000  0.000    0.832    5.545    0    0  (Gen:  0)
  1072896     63392  13539400  0.000  0.000    0.833    5.546    0    0  (Gen:  0)
  2808448     49688  13615920  0.000  0.000    0.836    5.550    0    0  (Gen:  0)
  1341120     57816  14674856  0.000  0.000    0.837    5.570    0    0  (Gen:  0)
  1733688     24280  15253832  0.000  0.000    0.839    5.584    0    0  (Gen:  0)
  1040368     11224  15242632  0.000  0.000    0.839    5.585    0    0  (Gen:  0)
  1038144     10840  15249224  0.000  0.000    0.840    5.585    0    0  (Gen:  0)
  1108520      8392  15315984  0.000  0.000    0.841    5.586    0    0  (Gen:  0)
  1037848      5872  15320952  0.000  0.000    0.841    5.586    0    0  (Gen:  0)
  1155688     27648  15442080  0.000  0.000    0.842    5.586    0    0  (Gen:  0)
  1034656     93976  15513024  0.000  0.000    0.843    5.587    0    0  (Gen:  0)
  1035016    128576  15570784  0.001  0.000    0.844    5.588    0    0  (Gen:  0)
  1034920    146224  15633840  0.001  0.000    0.846    5.589    0    0  (Gen:  0)
  1035304    131112  15697352  0.001  0.000    0.847    5.589    0    0  (Gen:  0)
  1036024    111312  15742216  0.001  0.000    0.848    5.590    0    0  (Gen:  0)
  1036440     90480  15787672  0.000  0.000    0.849    5.590    0    0  (Gen:  0)
  1036440    100224  15838376  0.000  0.000    0.850    5.591    0    0  (Gen:  0)
  1035624    120608  15895864  0.001  0.000    0.852    5.592    0    0  (Gen:  0)
  1033480    121256  15955448  0.001  0.000    0.853    5.592    0    0  (Gen:  0)
  1033144    127776  16014760  0.001  0.000    0.854    5.593    0    0  (Gen:  0)
  1034832    142808  16088112  0.001  0.000    0.856    5.594    0    0  (Gen:  0)
  1035392    151104  16157760  0.001  0.000    0.857    5.594    0    0  (Gen:  0)
  1033848    153328  16234640  0.001  0.000    0.859    5.595    0    0  (Gen:  0)
  1035096    148952  16302112  0.001  0.000    0.860    5.596    0    0  (Gen:  0)
  1035520    141520  16371112  0.001  0.000    0.861    5.596    0    0  (Gen:  0)
  1033680    151080  16447600  0.001  0.000    0.863    5.597    0    0  (Gen:  0)
  1033016    153624  16524344  0.001  0.000    0.865    5.598    0    0  (Gen:  0)
  1033304    151488  16598984  0.001  0.000    0.866    5.599    0    0  (Gen:  0)
  1034424    152528  16672440  0.001  0.000    0.868    5.599    0    0  (Gen:  0)
  1172232    153176  16878576  0.001  0.000    0.869    5.600    0    0  (Gen:  0)
  1036096    150408  16950016  0.001  0.000    0.870    5.601    0    0  (Gen:  0)
  1231544    152904  17091608  0.001  0.000    0.872    5.602    0    0  (Gen:  0)
  1035752    155576  17165000  0.001  0.000    0.874    5.602    0    0  (Gen:  0)
  1135080    141096  17294072  0.001  0.000    0.875    5.603    0    0  (Gen:  0)
  1032776    138128  17363024  0.001  0.000    0.877    5.604    0    0  (Gen:  0)
  1034008    149848  17438776  0.001  0.000    0.878    5.605    0    0  (Gen:  0)
  1033800    138528  17495720  0.001  0.000    0.880    5.605    0    0  (Gen:  0)
  1033000    135520  17568920  0.001  0.000    0.881    5.606    0    0  (Gen:  0)
  1033904    146888  17636016  0.001  0.000    0.883    5.607    0    0  (Gen:  0)
  1033936    142720  17704792  0.000  0.000    0.884    5.608    0    0  (Gen:  0)
  1034328    130704  17762192  0.001  0.000    0.885    5.608    0    0  (Gen:  0)
  1033616    133112  17833528  0.001  0.000    0.887    5.609    0    0  (Gen:  0)
  1033008    145520  17903504  0.001  0.000    0.888    5.610    0    0  (Gen:  0)
  1034016    139848  17967456  0.001  0.000    0.889    5.610    0    0  (Gen:  0)
  1031672    137816  18033632  0.001  0.000    0.891    5.611    0    0  (Gen:  0)
  1034256    128688  18091392  0.001  0.000    0.892    5.612    0    0  (Gen:  0)
  1029744    128648  18154440  0.001  0.000    0.893    5.612    0    0  (Gen:  0)
  1036496    124896  18210992  0.001  0.000    0.895    5.613    0    0  (Gen:  0)
  1033744    119112  18273152  0.001  0.000    0.896    5.614    0    0  (Gen:  0)
  1032216    125984  18333680  0.001  0.000    0.897    5.614    0    0  (Gen:  0)
  1035216    142832  18406768  0.001  0.000    0.899    5.615    0    0  (Gen:  0)
  1034208    146104  18474648  0.001  0.000    0.900    5.616    0    0  (Gen:  0)
  1034248    139568  18541552  0.001  0.000    0.902    5.616    0    0  (Gen:  0)
  1033416    138472  18607256  0.001  0.000    0.903    5.617    0    0  (Gen:  0)
  1033904    126096  18663216  0.001  0.000    0.904    5.618    0    0  (Gen:  0)
  1032368    126464  18727408  0.001  0.000    0.906    5.618    0    0  (Gen:  0)
  1033456    138224  18795656  0.001  0.000    0.907    5.619    0    0  (Gen:  0)
  1033296    134088  18856376  0.001  0.000    0.908    5.620    0    0  (Gen:  0)
  1034832    136688  18927104  0.001  0.000    0.910    5.620    0    0  (Gen:  0)
  1036152    147080  18997800  0.001  0.000    0.911    5.621    0    0  (Gen:  0)
  1034232    139616  19061864  0.001  0.000    0.913    5.622    0    0  (Gen:  0)
  1034744    143176  19132856  0.001  0.000    0.914    5.622    0    0  (Gen:  0)
  1032944    148264  19205896  0.001  0.000    0.916    5.623    0    0  (Gen:  0)
  1034360    144520  19272328  0.001  0.000    0.917    5.624    0    0  (Gen:  0)
  1032944    139952  19340688  0.001  0.000    0.919    5.625    0    0  (Gen:  0)
  1032912    142432  19409848  0.001  0.000    0.920    5.625    0    0  (Gen:  0)
  1030648    148448  19481400  0.001  0.000    0.922    5.626    0    0  (Gen:  0)
  1034240    149120  19553136  0.001  0.000    0.923    5.627    0    0  (Gen:  0)
  1033856    161480  19636472  0.001  0.000    0.925    5.628    0    0  (Gen:  0)
  1033920    166352  19712464  0.001  0.000    0.927    5.628    0    0  (Gen:  0)
  1033248    145368  19776544  0.001  0.000    0.928    5.629    0    0  (Gen:  0)
  1035032    122824  19829184  0.001  0.000    0.929    5.630    0    0  (Gen:  0)
  1034072    123848  19893312  0.001  0.000    0.931    5.631    0    0  (Gen:  0)
  1033856    141784  19969056  0.001  0.000    0.932    5.631    0    0  (Gen:  0)
  1039080    136704  20026744  0.001  0.000    0.934    5.632    0    0  (Gen:  0)
  1738944    100592  20097792  0.001  0.000    0.936    5.634    0    0  (Gen:  0)
  2221800     84240  20148376  0.000  0.000    0.938    5.635    0    0  (Gen:  0)
  1739416     98384  20188608  0.001  0.000    0.940    5.637    0    0  (Gen:  0)
  1137072     61336  20202696  0.000  0.000    0.941    5.638    0    0  (Gen:  0)
  1311104     42176  20226232  0.000  0.000    0.942    5.639    0    0  (Gen:  0)
  1586920     36920  20246424  0.000  0.000    0.944    5.640    0    0  (Gen:  0)
  1719576     51320  20276960  0.000  0.000    0.946    5.642    0    0  (Gen:  0)
  1787712     43392  20640856  0.000  0.000    0.947    5.644    0    0  (Gen:  0)
  1104912     64304  20745536  0.000  0.000    0.948    5.644    0    0  (Gen:  0)
  1034224    110232  20803568  0.000  0.000    0.949    5.645    0    0  (Gen:  0)
  1105336    132312  20937336  0.001  0.000    0.951    5.646    0    0  (Gen:  0)
  1035112    158288  21021056  0.000  0.000    0.951    5.647    0    0  (Gen:  0)
  1137296    179776  21210200  0.001  0.000    0.953    5.648    0    0  (Gen:  0)
  1032624    176504  21291552  0.001  0.000    0.955    5.649    0    0  (Gen:  0)
  1033944    162680  21367472  0.001  0.000    0.956    5.650    0    0  (Gen:  0)
  1033448    167384  21452936  0.001  0.000    0.958    5.650    0    0  (Gen:  0)
  1033176    178432  21539328  0.001  0.000    0.960    5.651    0    0  (Gen:  0)
  1033632    170856  21618720  0.001  0.000    0.961    5.652    0    0  (Gen:  0)
  1033536    149384  21684080  0.001  0.000    0.963    5.653    0    0  (Gen:  0)
  1035800    140704  21749800  0.001  0.000    0.964    5.653    0    0  (Gen:  0)
  1034944    149064  21826616  0.001  0.000    0.966    5.654    0    0  (Gen:  0)
  1033896    144232  21893328  0.001  0.000    0.967    5.655    0    0  (Gen:  0)
  1036352    138016  21961400  0.001  0.000    0.969    5.656    0    0  (Gen:  0)
  1035024    142048  22030416  0.001  0.000    0.970    5.657    0    0  (Gen:  0)
  1035520    137792  22094704  0.001  0.000    0.972    5.657    0    0  (Gen:  0)
  1034624    135232  22155664  0.001  0.000    0.973    5.658    0    0  (Gen:  0)
  1071192    104984  22221032  0.001  0.000    0.975    5.659    0    0  (Gen:  0)
  1974240     66504  22222416  0.001  0.000    0.978    5.661    0    0  (Gen:  0)
  1627408     57408  22312744  0.000  0.000    0.979    5.662    0    0  (Gen:  0)
  1035248     81464  22362312  0.000  0.000    0.980    5.663    0    0  (Gen:  0)
  1035672    114608  22420104  0.001  0.000    0.981    5.664    0    0  (Gen:  0)
  1035040    128176  22486200  0.001  0.000    0.983    5.665    0    0  (Gen:  0)
  1035616    137208  22551136  0.001  0.000    0.984    5.665    0    0  (Gen:  0)
  1035696    131168  22615864  0.001  0.000    0.986    5.666    0    0  (Gen:  0)
  1037064    129856  22677600  0.001  0.000    0.987    5.667    0    0  (Gen:  0)
  1035384    122872  22732656  0.001  0.000    0.988    5.667    0    0  (Gen:  0)
  1034944    124920  22794288  0.000  0.000    0.989    5.668    0    0  (Gen:  0)
  1035656    124136  22850504  0.001  0.000    0.991    5.669    0    0  (Gen:  0)
  1033248    130408  22918896  0.001  0.000    0.992    5.670    0    0  (Gen:  0)
  1035048    146920  22991888  0.001  0.000    0.994    5.670    0    0  (Gen:  0)
  1032824    146312  23060832  0.001  0.000    0.995    5.671    0    0  (Gen:  0)
  1033992    142208  23128928  0.001  0.000    0.997    5.672    0    0  (Gen:  0)
  1035528    137824  23192696  0.001  0.000    0.998    5.673    0    0  (Gen:  0)
  1034760    123688  23247688  0.001  0.000    1.000    5.673    0    0  (Gen:  0)
  1035128    123096  23311008  0.001  0.000    1.001    5.674    0    0  (Gen:  0)
  1036328    124304  23366760  0.001  0.000    1.002    5.675    0    0  (Gen:  0)
  1034736    124672  23435632  0.001  0.000    1.004    5.675    0    0  (Gen:  0)
  1033336    137912  23501608  0.001  0.000    1.005    5.676    0    0  (Gen:  0)
  1035352    137200  23568304  0.001  0.000    1.007    5.677    0    0  (Gen:  0)
  1036744    127288  23624208  0.001  0.000    1.009    5.677    0    0  (Gen:  0)
  1031448    116720  23678880  0.001  0.000    1.010    5.678    0    0  (Gen:  0)
  1072312     85344  23738328  0.001  0.000    1.012    5.679    0    0  (Gen:  0)
  1935616     67448  23772976  0.000  0.000    1.014    5.681    0    0  (Gen:  0)
  4198200    114552  23855440  0.001  0.000    1.017    5.685    0    0  (Gen:  0)
  1547776    109144  23882656  0.000  0.000    1.019    5.686    0    0  (Gen:  0)
  1843400     80736  23922768  0.000  0.000    1.021    5.687    0    0  (Gen:  0)
  2008288     70392  23942248  0.000  0.000    1.022    5.689    0    0  (Gen:  0)
  1040544     28232  23942512  0.000  0.000    1.023    5.689    0    0  (Gen:  0)
  3052360     44616  24050136  0.000  0.000    1.026    5.692    0    0  (Gen:  0)
  1035488    101960  24105296  0.001  0.000    1.027    5.693    0    0  (Gen:  0)
  1033584    128856  24169928  0.001  0.000    1.029    5.694    0    0  (Gen:  0)
  1033784    124696  24225232  0.001  0.000    1.030    5.695    0    0  (Gen:  0)
  1036248    126616  24286112  0.001  0.000    1.032    5.695    0    0  (Gen:  0)
  1034880    128112  24352376  0.001  0.000    1.033    5.696    0    0  (Gen:  0)
  1033640    132232  24417136  0.001  0.000    1.035    5.697    0    0  (Gen:  0)
  1035160    133136  24481032  0.001  0.000    1.036    5.698    0    0  (Gen:  0)
  1033384    134800  24547056  0.001  0.000    1.038    5.698    0    0  (Gen:  0)
  1035064    137672  24613456  0.001  0.000    1.039    5.699    0    0  (Gen:  0)
  1036320    125440  24665936  0.001  0.000    1.041    5.700    0    0  (Gen:  0)
  1031800    115752  24722608  0.001  0.000    1.042    5.700    0    0  (Gen:  0)
  1034368    121384  24781264  0.001  0.000    1.043    5.701    0    0  (Gen:  0)
  1032768    132864  24849696  0.001  0.000    1.045    5.702    0    0  (Gen:  0)
  1035696    143904  24918160  0.001  0.000    1.046    5.703    0    0  (Gen:  0)
  1179432    120960  25001872  0.001  0.000    1.048    5.704    0    0  (Gen:  0)
  1106912     72824  25022896  0.001  0.000    1.050    5.705    0    0  (Gen:  0)
  1105784  19134016  20694504  0.061  0.018    1.111    5.724    0    0  (Gen:  1)
  1072216     41064  20695856  0.000  0.000    1.112    5.725    0    0  (Gen:  0)
  3293080     55240  20739176  0.000  0.000    1.115    5.727    0    0  (Gen:  0)
  2763352    110608  20799720  0.000  0.000    1.118    5.730    0    0  (Gen:  0)
  1169224     52000  20817176  0.000  0.000    1.119    5.731    0    0  (Gen:  0)
  1105472     35600  20835704  0.000  0.000    1.120    5.732    0    0  (Gen:  0)
  1954208     38792  20859976  0.000  0.000    1.122    5.733    0    0  (Gen:  0)
  1368992     91408  20930488  0.001  0.000    1.123    5.734    0    0  (Gen:  0)
  1698648     44976  21060752  0.000  0.000    1.125    5.736    0    0  (Gen:  0)
  1381552     35752  21098704  0.000  0.000    1.127    5.737    0    0  (Gen:  0)
  1139248     56328  21232192  0.000  0.000    1.128    5.738    0    0  (Gen:  0)
  1034384    104664  21293088  0.001  0.000    1.129    5.738    0    0  (Gen:  0)
  1104824    124016  21421792  0.001  0.000    1.131    5.739    0    0  (Gen:  0)
  1035608    134520  21485520  0.001  0.000    1.132    5.740    0    0  (Gen:  0)
  1165040    143056  21656376  0.001  0.000    1.133    5.741    0    0  (Gen:  0)
  1034328    129864  21708960  0.001  0.000    1.135    5.741    0    0  (Gen:  0)
  1104504    121536  21837696  0.001  0.000    1.136    5.742    0    0  (Gen:  0)
  1034128    131400  21900344  0.001  0.000    1.138    5.743    0    0  (Gen:  0)
  1033384    136616  21967792  0.001  0.000    1.139    5.744    0    0  (Gen:  0)
  1034128    128488  22027552  0.001  0.000    1.141    5.744    0    0  (Gen:  0)
  1034264    117528  22082768  0.001  0.000    1.142    5.745    0    0  (Gen:  0)
  1034904    107520  22130704  0.001  0.000    1.143    5.746    0    0  (Gen:  0)
  1036608    130368  22204096  0.001  0.000    1.145    5.746    0    0  (Gen:  0)
  1035832    130088  22256168  0.001  0.000    1.146    5.747    0    0  (Gen:  0)
  1036656    108336  22303824  0.001  0.000    1.147    5.748    0    0  (Gen:  0)
  1033392    120808  22368824  0.001  0.000    1.149    5.748    0    0  (Gen:  0)
  1072512    102832  22432392  0.000  0.000    1.150    5.749    0    0  (Gen:  0)
  2018408    105464  22503256  0.001  0.000    1.152    5.751    0    0  (Gen:  0)
  1249776     89928  22516000  0.000  0.000    1.154    5.752    0    0  (Gen:  0)
  1069080     29448  22523352  0.000  0.000    1.154    5.752    0    0  (Gen:  0)
  1457936     30072  22544104  0.000  0.000    1.156    5.754    0    0  (Gen:  0)
  1256720     43936  22568104  0.000  0.000    1.157    5.755    0    0  (Gen:  0)
  1100936     36400  22576216  0.000  0.000    1.158    5.756    0    0  (Gen:  0)
  1204328     35416  22595360  0.000  0.000    1.159    5.757    0    0  (Gen:  0)
  2020280     49280  22631464  0.000  0.000    1.162    5.759    0    0  (Gen:  0)
  1187848     43960  22740920  0.000  0.000    1.163    5.760    0    0  (Gen:  0)
  1042648     13240  22732576  0.000  0.000    1.164    5.761    0    0  (Gen:  0)
  1032552     56656  22787464  0.000  0.000    1.165    5.761    0    0  (Gen:  0)
  1031696    106032  22838880  0.001  0.000    1.166    5.762    0    0  (Gen:  0)
  1032640    124304  22911632  0.001  0.000    1.167    5.763    0    0  (Gen:  0)
  1035280    136440  22972712  0.001  0.000    1.168    5.763    0    0  (Gen:  0)
  1033736    125320  23031864  0.001  0.000    1.170    5.764    0    0  (Gen:  0)
  1033928    114952  23081224  0.001  0.000    1.171    5.765    0    0  (Gen:  0)
  1033208    123520  23146784  0.001  0.000    1.172    5.766    0    0  (Gen:  0)
  1136744    120184  23228936  0.001  0.000    1.174    5.766    0    0  (Gen:  0)
  1031584    116248  23289808  0.001  0.000    1.175    5.767    0    0  (Gen:  0)
  1034632    116144  23340432  0.001  0.000    1.177    5.768    0    0  (Gen:  0)
  1032800     94224  23379784  0.001  0.000    1.178    5.768    0    0  (Gen:  0)
  1037576     84392  23419880  0.000  0.000    1.179    5.769    0    0  (Gen:  0)
  1036792     75696  23454992  0.000  0.000    1.180    5.769    0    0  (Gen:  0)
  1034672    103664  23523328  0.001  0.000    1.181    5.770    0    0  (Gen:  0)
  1037600    117872  23568248  0.001  0.000    1.182    5.771    0    0  (Gen:  0)
  1034520    102040  23619648  0.001  0.000    1.183    5.771    0    0  (Gen:  0)
  1035176     98200  23660664  0.000  0.000    1.185    5.772    0    0  (Gen:  0)
  1034512    112000  23723752  0.001  0.000    1.186    5.772    0    0  (Gen:  0)
  1033440    113872  23770000  0.001  0.000    1.187    5.773    0    0  (Gen:  0)
  1035776    108240  23826936  0.001  0.000    1.188    5.774    0    0  (Gen:  0)
  1034520    138808  23896568  0.001  0.000    1.189    5.774    0    0  (Gen:  0)
  1034344    140176  23960840  0.001  0.000    1.191    5.775    0    0  (Gen:  0)
  1036592    126000  24017152  0.001  0.000    1.192    5.776    0    0  (Gen:  0)
  1035760     98720  24059120  0.000  0.000    1.193    5.776    0    0  (Gen:  0)
  1036016     82088  24097944  0.001  0.000    1.195    5.777    0    0  (Gen:  0)
  1035256    102176  24155112  0.001  0.000    1.196    5.777    0    0  (Gen:  0)
  1033160    124208  24216256  0.001  0.000    1.197    5.778    0    0  (Gen:  0)
  1035096    133552  24281144  0.001  0.000    1.198    5.779    0    0  (Gen:  0)
  1034880    130488  24340912  0.001  0.000    1.200    5.779    0    0  (Gen:  0)
  1034384    115200  24390944  0.001  0.000    1.201    5.780    0    0  (Gen:  0)
  1035448    117096  24453136  0.001  0.000    1.202    5.781    0    0  (Gen:  0)
  1033424    129832  24515800  0.001  0.000    1.204    5.781    0    0  (Gen:  0)
  1036264    118984  24564760  0.001  0.000    1.205    5.782    0    0  (Gen:  0)
  1035816    103736  24613968  0.001  0.000    1.206    5.783    0    0  (Gen:  0)
  1033112    121000  24680304  0.001  0.000    1.208    5.783    0    0  (Gen:  0)
  1275472    140176  24979832  0.001  0.000    1.209    5.784    0    0  (Gen:  0)
  1036368    122728  25031280  0.001  0.000    1.211    5.785    0    0  (Gen:  0)
  1103952    115000  25152784  0.001  0.000    1.212    5.786    0    0  (Gen:  0)
  1167656    122088  25346528  0.001  0.000    1.213    5.786    0    0  (Gen:  0)
  1033480    121328  25402008  0.001  0.000    1.215    5.787    0    0  (Gen:  0)
  1102800     78776  25483440  0.000  0.000    1.216    5.787    0    0  (Gen:  0)
  1070696     84448  25579272  0.000  0.000    1.217    5.788    0    0  (Gen:  0)
  1105104    137680  25712864  0.001  0.000    1.218    5.789    0    0  (Gen:  0)
  1036128    139776  25780184  0.001  0.000    1.220    5.789    0    0  (Gen:  0)
  1035576    129864  25840192  0.001  0.000    1.221    5.790    0    0  (Gen:  0)
  1108688    130944  25935856  0.001  0.000    1.223    5.791    0    0  (Gen:  0)
  1034216    122408  25990400  0.001  0.000    1.224    5.792    0    0  (Gen:  0)
  1034632    126312  26057952  0.001  0.000    1.226    5.792    0    0  (Gen:  0)
  1035936    132136  26115944  0.001  0.000    1.227    5.793    0    0  (Gen:  0)
  1036256    125456  26178336  0.001  0.000    1.229    5.794    0    0  (Gen:  0)
  1033696    136416  26245960  0.001  0.000    1.230    5.794    0    0  (Gen:  0)
  1033688    141360  26314856  0.001  0.000    1.232    5.795    0    0  (Gen:  0)
  1035640    142496  26383264  0.001  0.000    1.233    5.796    0    0  (Gen:  0)
  1035912    129560  26439432  0.001  0.000    1.234    5.797    0    0  (Gen:  0)
  1035272    119320  26499920  0.001  0.000    1.236    5.797    0    0  (Gen:  0)
  1035232    133984  26572696  0.001  0.000    1.237    5.798    0    0  (Gen:  0)
  1036168    148264  26641432  0.001  0.000    1.239    5.799    0    0  (Gen:  0)
  1068928    131840  26732608  0.000  0.000    1.240    5.800    0    0  (Gen:  0)
  1107448     73736  26744792  0.000  0.000    1.241    5.801    0    0  (Gen:  0)
  1108136     64128  26783128  0.000  0.000    1.243    5.802    0    0  (Gen:  0)
  2910680    101760  26841232  0.000  0.000    1.245    5.804    0    0  (Gen:  0)
  2865872    121264  26964216  0.000  0.000    1.248    5.807    0    0  (Gen:  0)
  1204072     79680  26982456  0.000  0.000    1.250    5.808    0    0  (Gen:  0)
  1332376     42552  27000176  0.000  0.000    1.251    5.809    0    0  (Gen:  0)
  1975320     48736  27022656  0.000  0.000    1.253    5.810    0    0  (Gen:  0)
  1178848     53520  27042168  0.000  0.000    1.254    5.811    0    0  (Gen:  0)
  2367400     50336  27068584  0.000  0.000    1.256    5.813    0    0  (Gen:  0)
  1170664     52968  27085560  0.000  0.000    1.257    5.814    0    0  (Gen:  0)
  1270784     38808  27108448  0.000  0.000    1.258    5.815    0    0  (Gen:  0)
  2102248     46520  27138792  0.000  0.000    1.260    5.817    0    0  (Gen:  0)
  2139608     96128  27213384  0.000  0.000    1.262    5.818    0    0  (Gen:  0)
  1365672     49568  27247696  0.000  0.000    1.263    5.820    0    0  (Gen:  0)
  2978344     69488  27294672  0.000  0.000    1.266    5.822    0    0  (Gen:  0)
  1984904    103536  27361960  0.000  0.000    1.268    5.824    0    0  (Gen:  0)
  1041544     80656  27427360  0.001  0.000    1.269    5.824    0    0  (Gen:  0)
  1040600     73584  27491720  0.001  0.000    1.270    5.825    0    0  (Gen:  0)
  1107448     57576  27577144  0.000  0.000    1.272    5.826    0    0  (Gen:  0)
  1904848     68048  27632184  0.000  0.000    1.274    5.828    0    0  (Gen:  0)
  1699208     44672  27921816  0.000  0.000    1.275    5.829    0    0  (Gen:  0)
  1035272     61968  27963424  0.000  0.000    1.276    5.830    0    0  (Gen:  0)
  1104624    102728  28080864  0.001  0.000    1.278    5.831    0    0  (Gen:  0)
  1035120    120304  28144976  0.001  0.000    1.279    5.831    0    0  (Gen:  0)
  1106160    138088  28277392  0.001  0.000    1.280    5.832    0    0  (Gen:  0)
  1037056    124528  28329552  0.001  0.000    1.282    5.833    0    0  (Gen:  0)
  1612232    127920  28497904  0.001  0.000    1.283    5.834    0    0  (Gen:  0)
  1034832    124976  28546008  0.001  0.000    1.285    5.834    0    0  (Gen:  0)
  1512392    114400  28673672  0.001  0.000    1.286    5.835    0    0  (Gen:  0)
  1074504     98208  28736184  0.000  0.000    1.288    5.836    0    0  (Gen:  0)
  1040840     67528  28772904  0.000  0.000    1.289    5.837    0    0  (Gen:  0)
  1041008     47248  28780424  0.000  0.000    1.290    5.838    0    0  (Gen:  0)
  1146176     30792  28828040  0.000  0.000    1.291    5.839    0    0  (Gen:  0)
  1906368     51712  28868408  0.000  0.000    1.293    5.841    0    0  (Gen:  0)
  1036680     98912  28922808  0.001  0.000    1.294    5.841    0    0  (Gen:  0)
  1034088    130000  28984728  0.001  0.000    1.295    5.842    0    0  (Gen:  0)
  1029304    141208  29055064  0.001  0.000    1.297    5.843    0    0  (Gen:  0)
  1074280    100032  29108200  0.000  0.000    1.298    5.844    0    0  (Gen:  0)
  1040104     49360  29131944  0.000  0.000    1.300    5.844    0    0  (Gen:  0)
  1037280     27816  29127424  0.000  0.000    1.300    5.845    0    0  (Gen:  0)
  2638664     44456  29218328  0.000  0.000    1.303    5.848    0    0  (Gen:  0)
  1032912    100048  29272872  0.001  0.000    1.304    5.848    0    0  (Gen:  0)
  1033760    128152  29333624  0.001  0.000    1.306    5.849    0    0  (Gen:  0)
  1035104    130200  29398680  0.001  0.000    1.307    5.850    0    0  (Gen:  0)
  1033736    137352  29466232  0.001  0.000    1.308    5.851    0    0  (Gen:  0)
  1035568    136712  29531104  0.001  0.000    1.310    5.851    0    0  (Gen:  0)
  1036856    120592  29581256  0.001  0.000    1.311    5.852    0    0  (Gen:  0)
  1142160     81208  29704544  0.001  0.000    1.313    5.853    0    0  (Gen:  0)
  1039968     63392  29738040  0.000  0.000    1.314    5.854    0    0  (Gen:  0)
  1105720     52376  29815272  0.000  0.000    1.315    5.855    0    0  (Gen:  0)
  1205160     37416  29932712  0.000  0.000    1.316    5.856    0    0  (Gen:  0)
  1525472     47880  30037168  0.000  0.000    1.318    5.857    0    0  (Gen:  0)
  1033536    102784  30097096  0.001  0.000    1.319    5.858    0    0  (Gen:  0)
  1184304    136584  30262872  0.001  0.000    1.321    5.859    0    0  (Gen:  0)
  1029840    145448  30331208  0.001  0.000    1.322    5.860    0    0  (Gen:  0)
  1072528     94368  30383992  0.000  0.000    1.323    5.861    0    0  (Gen:  0)
  1133232     51304  30415832  0.000  0.000    1.324    5.862    0    0  (Gen:  0)
  1657152     53936  30438312  0.000  0.000    1.326    5.863    0    0  (Gen:  0)
  1041216     33432  30439888  0.000  0.000    1.327    5.864    0    0  (Gen:  0)
  1712416     36144  30508472  0.000  0.000    1.329    5.865    0    0  (Gen:  0)
  1359600     49792  30543920  0.000  0.000    1.330    5.866    0    0  (Gen:  0)
  1036464     82616  30590616  0.001  0.000    1.331    5.867    0    0  (Gen:  0)
  1034792    120104  30651264  0.001  0.000    1.333    5.868    0    0  (Gen:  0)
  1036816    113432  30698416  0.001  0.000    1.334    5.869    0    0  (Gen:  0)
  1033720    116272  30765864  0.001  0.000    1.335    5.869    0    0  (Gen:  0)
  1035288    134712  30832584  0.001  0.000    1.337    5.870    0    0  (Gen:  0)
  1035144    144368  30901960  0.001  0.000    1.339    5.871    0    0  (Gen:  0)
  1036752    147744  30972600  0.001  0.000    1.340    5.872    0    0  (Gen:  0)
  1826672    144992  31074880  0.001  0.000    1.342    5.873    0    0  (Gen:  0)
  1040008    110360  31109080  0.001  0.000    1.344    5.874    0    0  (Gen:  0)
  1040136     42968  31112264  0.000  0.000    1.345    5.875    0    0  (Gen:  0)
  2098328     40728  31220168  0.000  0.000    1.347    5.877    0    0  (Gen:  0)
  1038552     60488  31240712  0.000  0.000    1.348    5.878    0    0  (Gen:  0)
  1034008     91248  31301232  0.001  0.000    1.349    5.878    0    0  (Gen:  0)
  1036160    115576  31356728  0.001  0.000    1.350    5.879    0    0  (Gen:  0)
  1033776    126600  31423576  0.001  0.000    1.352    5.880    0    0  (Gen:  0)
  1033352    139056  31491328  0.001  0.000    1.353    5.880    0    0  (Gen:  0)
  1033504    140616  31556104  0.001  0.000    1.354    5.881    0    0  (Gen:  0)
  1036608    132120  31618728  0.001  0.000    1.356    5.882    0    0  (Gen:  0)
  1035152    127016  31677384  0.001  0.000    1.357    5.882    0    0  (Gen:  0)
  1034288    131040  31744472  0.001  0.000    1.359    5.883    0    0  (Gen:  0)
  1033128    136264  31807480  0.001  0.000    1.360    5.884    0    0  (Gen:  0)
  1036392    129896  31868696  0.001  0.000    1.362    5.885    0    0  (Gen:  0)
  1036088    122320  31928992  0.001  0.000    1.363    5.885    0    0  (Gen:  0)
  1034352    123208  31990216  0.001  0.000    1.364    5.886    0    0  (Gen:  0)
  1034608    126632  32051096  0.001  0.000    1.366    5.887    0    0  (Gen:  0)
  1034416    135864  32121144  0.001  0.000    1.367    5.887    0    0  (Gen:  0)
  1035168    137400  32183880  0.001  0.000    1.369    5.888    0    0  (Gen:  0)
  1034088    132720  32249848  0.001  0.000    1.370    5.889    0    0  (Gen:  0)
  1035464    148128  32326240  0.001  0.000    1.372    5.890    0    0  (Gen:  0)
  1033032    166440  32408176  0.001  0.000    1.373    5.890    0    0  (Gen:  0)
  1035256    148592  32470416  0.001  0.000    1.375    5.891    0    0  (Gen:  0)
  1035088    118168  32520304  0.001  0.000    1.376    5.892    0    0  (Gen:  0)
  1035936    120184  32588296  0.001  0.000    1.378    5.893    0    0  (Gen:  0)
  1034944    122216  32638592  0.001  0.000    1.379    5.893    0    0  (Gen:  0)
  1034248    121584  32703080  0.001  0.000    1.381    5.894    0    0  (Gen:  0)
  1034288    134360  32767384  0.001  0.000    1.382    5.895    0    0  (Gen:  0)
  1036632    136672  32835520  0.001  0.000    1.384    5.895    0    0  (Gen:  0)
  1031168    133920  32891368  0.001  0.000    1.385    5.896    0    0  (Gen:  0)
  1070424     95344  32955480  0.001  0.000    1.387    5.897    0    0  (Gen:  0)
  2132800    102672  33025600  0.001  0.000    1.389    5.899    0    0  (Gen:  0)
  1040880    102448  33049888  0.000  0.000    1.390    5.900    0    0  (Gen:  0)
  1040656     32648  33048592  0.000  0.000    1.391    5.900    0    0  (Gen:  0)
  1040848      9240  33051248  0.000  0.000    1.391    5.901    0    0  (Gen:  0)
  1715760     39472  33119736  0.000  0.000    1.393    5.903    0    0  (Gen:  0)
  1267816     38736  33300280  0.000  0.000    1.395    5.904    0    0  (Gen:  0)
  1036936     69976  33347720  0.001  0.000    1.396    5.905    0    0  (Gen:  0)
  1978192    167776  33553528  0.001  0.000    1.398    5.906    0    0  (Gen:  0)
  1034928    170728  33610536  0.001  0.000    1.400    5.906    0    0  (Gen:  0)
  1138936    126552  33774488  0.001  0.000    1.401    5.907    0    0  (Gen:  0)
  1143200     98952  33899760  0.000  0.000    1.403    5.908    0    0  (Gen:  0)
  1074576     64640  33965280  0.001  0.000    1.404    5.909    0    0  (Gen:  0)
  2293248     73192  34159240  0.000  0.000    1.407    5.912    0    0  (Gen:  0)
  2673760     46688  35006080  0.000  0.000    1.409    5.946    0    0  (Gen:  0)
  1039528     16704  34964568  0.000  0.000    1.409    5.946    0    0  (Gen:  0)
  1035304     12288  34972712  0.000  0.000    1.410    5.947    0    0  (Gen:  0)
  1039432      6176  34975416  0.000  0.000    1.411    5.947    0    0  (Gen:  0)
  1037904      4512  34975744  0.000  0.000    1.411    5.947    0    0  (Gen:  0)
  1074920     17520  35021864  0.000  0.000    1.412    5.948    0    0  (Gen:  0)
  1032216     59864  35064552  0.000  0.000    1.413    5.948    0    0  (Gen:  0)
  1030616     96344  35114064  0.000  0.000    1.414    5.949    0    0  (Gen:  0)
  1032304    134320  35181152  0.001  0.000    1.415    5.950    0    0  (Gen:  0)
  1036968     93584  35206784  0.000  0.000    1.416    5.950    0    0  (Gen:  0)
  1034040     90880  35267280  0.000  0.000    1.417    5.951    0    0  (Gen:  0)
  1035336    117008  35319128  0.000  0.000    1.418    5.952    0    0  (Gen:  0)
  1034568    116552  35384240  0.000  0.000    1.419    5.952    0    0  (Gen:  0)
  1035144    129296  35447504  0.000  0.000    1.420    5.953    0    0  (Gen:  0)
  1033736    139144  35512352  0.001  0.001    1.422    5.955    0    0  (Gen:  0)
  1085384    131008  35605968  0.001  0.001    1.423    5.956    0    0  (Gen:  0)
  1034624    130800  35671112  0.001  0.000    1.425    5.957    0    0  (Gen:  0)
  1036440    128224  35729992  0.001  0.000    1.426    5.958    0    0  (Gen:  0)
  1033688    125088  35789696  0.000  0.000    1.427    5.959    0    0  (Gen:  0)
  1034728    133176  35857496  0.001  0.000    1.428    5.960    0    0  (Gen:  0)
  1037152    145504  35928624  0.001  0.000    1.429    5.960    0    0  (Gen:  0)
  1036512    138656  35989648  0.001  0.000    1.430    5.961    0    0  (Gen:  0)
  1104448    123528  36080752  0.001  0.000    1.432    5.962    0    0  (Gen:  0)
  1034720    122832  36137960  0.001  0.000    1.433    5.963    0    0  (Gen:  0)
  1141112    123544  36294976  0.001  0.000    1.435    5.963    0    0  (Gen:  0)
  1035712    124464  36356272  0.001  0.000    1.436    5.964    0    0  (Gen:  0)
  1032400    139232  36424008  0.001  0.000    1.438    5.965    0    0  (Gen:  0)
  1068904    127968  36509528  0.001  0.000    1.439    5.966    0    0  (Gen:  0)
  1032600    129080  36577456  0.001  0.000    1.441    5.966    0    0  (Gen:  0)
  1037216    120672  36624368  0.001  0.000    1.442    5.967    0    0  (Gen:  0)
  1036904    115496  36687880  0.001  0.000    1.443    5.968    0    0  (Gen:  0)
  1035448    142096  36761512  0.001  0.000    1.445    5.968    0    0  (Gen:  0)
  1034264    137072  36817064  0.001  0.000    1.446    5.969    0    0  (Gen:  0)
  1029616    130296  36889328  0.001  0.000    1.448    5.970    0    0  (Gen:  0)
  1034984    133528  36950536  0.001  0.000    1.449    5.971    0    0  (Gen:  0)
  1035368    136304  37015592  0.001  0.000    1.451    5.971    0    0  (Gen:  0)
  1035496    123128  37067984  0.001  0.000    1.452    5.972    0    0  (Gen:  0)
  1034032    124008  37132840  0.001  0.000    1.453    5.973    0    0  (Gen:  0)
  1036416    122248  37184648  0.001  0.000    1.455    5.973    0    0  (Gen:  0)
  1034672    116848  37243536  0.001  0.000    1.456    5.974    0    0  (Gen:  0)
  1034112    129864  37309440  0.001  0.000    1.458    5.975    0    0  (Gen:  0)
  1033896    130744  37368440  0.001  0.000    1.459    5.976    0    0  (Gen:  0)
  1068384    121360  37458456  0.001  0.000    1.460    5.977    0    0  (Gen:  0)
  1104504     89344  37516232  0.000  0.000    1.462    5.978    0    0  (Gen:  0)
  2866824     76032  37572096  0.000  0.000    1.465    5.980    0    0  (Gen:  0)
  3607600    110808  37624752  0.000  0.000    1.468    5.983    0    0  (Gen:  0)
  1549152     76800  37646176  0.000  0.000    1.469    5.984    0    0  (Gen:  0)
  2264608     54768  37677432  0.000  0.000    1.471    5.986    0    0  (Gen:  0)
  1073168     77944  37717360  0.000  0.000    1.473    5.987    0    0  (Gen:  0)
  1040944     76656  37781184  0.000  0.000    1.474    5.988    0    0  (Gen:  0)
  1040584     72656  37842776  0.000  0.000    1.475    5.988    0    0  (Gen:  0)
  1040656     72280  37905240  0.000  0.000    1.476    5.989    0    0  (Gen:  0)
  2202536     51904  37983616  0.000  0.000    1.478    5.991    0    0  (Gen:  0)
  2261712     68376  38018312  0.000  0.000    1.480    5.993    0    0  (Gen:  0)
  1667208     55088  38040568  0.000  0.000    1.481    5.994    0    0  (Gen:  0)
  1165384     39336  38059736  0.000  0.000    1.483    5.995    0    0  (Gen:  0)
  1988096     47688  38083416  0.000  0.000    1.484    5.997    0    0  (Gen:  0)
  1259544     42560  38110640  0.000  0.000    1.486    5.998    0    0  (Gen:  0)
  1449960     67968  38156624  0.000  0.000    1.487    5.999    0    0  (Gen:  0)
  1207568     41376  38243512  0.000  0.000    1.488    6.000    0    0  (Gen:  0)
  2002352     55456  38308712  0.000  0.000    1.490    6.002    0    0  (Gen:  0)
  1437976     52584  38331880  0.000  0.000    1.491    6.003    0    0  (Gen:  0)
  1103672     62208  38371056  0.000  0.000    1.493    6.004    0    0  (Gen:  0)
  1940336     41232  38401896  0.000  0.000    1.495    6.006    0    0  (Gen:  0)
  1541344     48448  38424160  0.000  0.000    1.496    6.007    0    0  (Gen:  0)
  1544312     41656  38448792  0.000  0.000    1.498    6.008    0    0  (Gen:  0)
  2052208     48112  38477920  0.000  0.000    1.500    6.010    0    0  (Gen:  0)
  2396896     60872  38544624  0.000  0.000    1.502    6.012    0    0  (Gen:  0)
  2260736     55832  38575544  0.000  0.000    1.504    6.014    0    0  (Gen:  0)
  2318320     65056  38613984  0.000  0.000    1.506    6.016    0    0  (Gen:  0)
  1334224     44176  38634168  0.000  0.000    1.507    6.017    0    0  (Gen:  0)
  1414824     88056  38701360  0.001  0.000    1.509    6.018    0    0  (Gen:  0)
  2430688     51856  38751112  0.000  0.000    1.511    6.021    0    0  (Gen:  0)
  1036920     98904  38801080  0.001  0.000    1.513    6.021    0    0  (Gen:  0)
  1035568    135304  38871704  0.001  0.000    1.514    6.022    0    0  (Gen:  0)
  1831232    132688  38962648  0.001  0.000    1.516    6.024    0    0  (Gen:  0)
  1672504     78008  38981680  0.000  0.000    1.518    6.025    0    0  (Gen:  0)
  1197376     47800  39014560  0.000  0.000    1.519    6.026    0    0  (Gen:  0)
  1034176     94744  39073864  0.001  0.000    1.521    6.027    0    0  (Gen:  0)
  1034216    141744  39136416  0.001  0.000    1.522    6.028    0    0  (Gen:  0)
  1036376    122352  39192248  0.001  0.000    1.524    6.028    0    0  (Gen:  0)
  1035616    133088  39264896  0.001  0.000    1.525    6.029    0    0  (Gen:  0)
  1035376    144424  39330808  0.001  0.000    1.527    6.030    0    0  (Gen:  0)
  1034512    141224  39399872  0.001  0.000    1.528    6.031    0    0  (Gen:  0)
  1439648     95832  39455160  0.001  0.000    1.530    6.032    0    0  (Gen:  0)
  1899856     33720  39458232  0.000  0.000    1.531    6.033    0    0  (Gen:  0)
  2039896     45936  39529304  0.000  0.000    1.534    6.036    0    0  (Gen:  0)
  1039104     71560  39560952  0.000  0.000    1.535    6.036    0    0  (Gen:  0)
  1035848     97224  39613352  0.001  0.000    1.536    6.037    0    0  (Gen:  0)
  1039616     69224  39629688  0.001  0.000    1.537    6.037    0    0  (Gen:  0)
  1039248     31896  39645464  0.000  0.000    1.537    6.038    0    0  (Gen:  0)
  1040504     35848  39660824  0.000  0.000    1.538    6.038    0    0  (Gen:  0)
  1037816     35592  39676704  0.000  0.000    1.539    6.038    0    0  (Gen:  0)
  1037744     36776  39692800  0.000  0.000    1.539    6.039    0    0  (Gen:  0)
  1039048     37360  39709192  0.000  0.000    1.540    6.039    0    0  (Gen:  0)
  1038432     36312  39724160  0.000  0.000    1.540    6.040    0    0  (Gen:  0)
  1038728     35672  39744496  0.000  0.000    1.541    6.040    0    0  (Gen:  0)
  1039736     36960  39760728  0.000  0.000    1.542    6.040    0    0  (Gen:  0)
  1036648     56664  39796536  0.000  0.000    1.543    6.041    0    0  (Gen:  0)
  1035976     95264  39848792  0.001  0.000    1.544    6.041    0    0  (Gen:  0)
  1966656    122784  39951304  0.001  0.000    1.546    6.043    0    0  (Gen:  0)
  1460576     85280  39970248  0.000  0.000    1.548    6.044    0    0  (Gen:  0)
  2654576     59232  40003408  0.000  0.000    1.550    6.047    0    0  (Gen:  0)
  1071472     77856  40040016  0.000  0.000    1.551    6.047    0    0  (Gen:  0)
  1652016     46880  40080200  0.000  0.000    1.553    6.049    0    0  (Gen:  0)
  1171752     67344  40132520  0.000  0.000    1.554    6.050    0    0  (Gen:  0)
  1036504     84368  40167008  0.000  0.000    1.555    6.051    0    0  (Gen:  0)
  1038064    100416  40210016  0.000  0.000    1.556    6.051    0    0  (Gen:  0)
  1709888     83280  40278264  0.001  0.000    1.558    6.053    0    0  (Gen:  0)
  2496016     70832  40312336  0.000  0.000    1.561    6.055    0    0  (Gen:  0)
  1097800     44024  40330024  0.000  0.000    1.562    6.056    0    0  (Gen:  0)
  1039384     32320  40343192  0.000  0.000    1.562    6.057    0    0  (Gen:  0)
  1037512     60056  40377248  0.000  0.000    1.563    6.057    0    0  (Gen:  0)
  1034552    112016  40450088  0.001  0.000    1.565    6.058    0    0  (Gen:  0)
  1035928    130072  40503048  0.001  0.000    1.566    6.059    0    0  (Gen:  0)
  1035016    136344  40579384  0.001  0.000    1.568    6.059    0    0  (Gen:  0)
  1034440    154616  40657424  0.001  0.000    1.569    6.060    0    0  (Gen:  0)
  1366048    109448  40719976  0.001  0.000    1.571    6.061    0    0  (Gen:  0)
  2826912     53832  40748064  0.000  0.000    1.574    6.064    0    0  (Gen:  0)
  1195704    100176  40825584  0.001  0.000    1.575    6.065    0    0  (Gen:  0)
  1034616    135208  40881152  0.001  0.000    1.577    6.066    0    0  (Gen:  0)
  1102208    120784  40966440  0.001  0.000    1.578    6.067    0    0  (Gen:  0)
  2743912  32211016  34456280  0.091  0.028    1.672    6.097    0    0  (Gen:  1)
  1401664     57552  35452536  0.000  0.000    1.673    6.097    0    0  (Gen:  0)
  1779400     49512  35548648  0.000  0.000    1.675    6.099    0    0  (Gen:  0)
  1574768     74104  35659856  0.000  0.000    1.677    6.100    0    0  (Gen:  0)
  3124032     80296  35937552  0.000  0.000    1.680    6.103    0    0  (Gen:  0)
  1038568     66168  35963232  0.000  0.000    1.681    6.104    0    0  (Gen:  0)
  1035152     88384  36017280  0.001  0.000    1.682    6.104    0    0  (Gen:  0)
  1104984    136840  36161128  0.001  0.000    1.683    6.105    0    0  (Gen:  0)
  1032696    155144  36233440  0.001  0.000    1.685    6.106    0    0  (Gen:  0)
  1284352    153656  36408496  0.001  0.000    1.687    6.107    0    0  (Gen:  0)
  1035304    145408  36472592  0.001  0.000    1.688    6.107    0    0  (Gen:  0)
  1667576    111488  36613984  0.001  0.000    1.690    6.109    0    0  (Gen:  0)
  1110832     50504  36681744  0.000  0.000    1.691    6.109    0    0  (Gen:  0)
  2052952     44752  36908696  0.000  0.000    1.693    6.112    0    0  (Gen:  0)
  2711688     50184  37508760  0.000  0.000    1.696    6.144    0    0  (Gen:  0)
  1039936     23632  37458648  0.000  0.000    1.697    6.145    0    0  (Gen:  0)
  1143448     10120  37533792  0.000  0.000    1.697    6.145    0    0  (Gen:  0)
  1038856      7816  37535008  0.000  0.000    1.698    6.146    0    0  (Gen:  0)
  1036120     30440  37560528  0.000  0.000    1.699    6.146    0    0  (Gen:  0)
  2150624    107528  37801640  0.001  0.000    1.701    6.148    0    0  (Gen:  0)
  1040632     83176  37804040  0.001  0.000    1.702    6.149    0    0  (Gen:  0)
  3600848     51696  37907224  0.000  0.000    1.705    6.151    0    0  (Gen:  0)
  3072840     91640  38047488  0.000  0.000    1.708    6.154    0    0  (Gen:  0)
  2771992     74352  38336136  0.001  0.000    1.711    6.188    0    0  (Gen:  0)
  1041368     26176  38281952  0.000  0.000    1.712    6.188    0    0  (Gen:  0)
  1037616      9752  38291608  0.000  0.000    1.712    6.188    0    0  (Gen:  0)
  1039304      5816  38294032  0.000  0.000    1.713    6.189    0    0  (Gen:  0)
  1038376      4752  38294648  0.000  0.000    1.713    6.189    0    0  (Gen:  0)
  1072936     27992  38350960  0.000  0.000    1.714    6.190    0    0  (Gen:  0)
  1040824     33320  38358048  0.000  0.000    1.715    6.191    0    0  (Gen:  0)
  1734584     34880  38414416  0.000  0.000    1.717    6.193    0    0  (Gen:  0)
  1114456     41208  38459520  0.000  0.000    1.718    6.194    0    0  (Gen:  0)
  1429792     27816  38711248  0.000  0.000    1.720    6.225    0    0  (Gen:  0)
  1040576      9208  38671464  0.000  0.000    1.720    6.225    0    0  (Gen:  0)
  1037552     10456  38677736  0.000  0.000    1.721    6.226    0    0  (Gen:  0)
  1039432      7680  38682416  0.000  0.000    1.722    6.226    0    0  (Gen:  0)
  1038456      4512  38682592  0.000  0.000    1.722    6.227    0    0  (Gen:  0)
  1037520     32952  38715464  0.000  0.000    1.723    6.227    0    0  (Gen:  0)
  1069720     84952  38800520  0.001  0.000    1.724    6.228    0    0  (Gen:  0)
  1040936     57216  38800040  0.000  0.000    1.725    6.229    0    0  (Gen:  0)
  1041040     12456  38803776  0.000  0.000    1.726    6.230    0    0  (Gen:  0)
  1070160     22008  38847744  0.000  0.000    1.727    6.230    0    0  (Gen:  0)
  3082576     59576  38889024  0.000  0.000    1.730    6.233    0    0  (Gen:  0)
  1529312     68088  38905336  0.000  0.000    1.731    6.234    0    0  (Gen:  0)
  1617848     53704  38933016  0.000  0.000    1.733    6.236    0    0  (Gen:  0)
  2048896     53600  38960112  0.000  0.000    1.735    6.238    0    0  (Gen:  0)
  1679072     44712  38985856  0.000  0.000    1.737    6.239    0    0  (Gen:  0)
  2912984     67608  39041776  0.000  0.000    1.739    6.241    0    0  (Gen:  0)
  1696976     50584  39056848  0.000  0.000    1.741    6.243    0    0  (Gen:  0)
  1138112     34536  39072264  0.000  0.000    1.742    6.244    0    0  (Gen:  0)
  1993584     49272  39106824  0.000  0.000    1.744    6.245    0    0  (Gen:  0)
  1491104     48288  39127504  0.000  0.000    1.745    6.247    0    0  (Gen:  0)
  1099008     29864  39141432  0.000  0.000    1.746    6.248    0    0  (Gen:  0)
  1255216     28728  39158184  0.000  0.000    1.748    6.249    0    0  (Gen:  0)
  1162016     37632  39183032  0.000  0.000    1.749    6.250    0    0  (Gen:  0)
  2370392     44880  39560368  0.000  0.000    1.751    6.282    0    0  (Gen:  0)
  1040704     21216  39503040  0.000  0.000    1.752    6.283    0    0  (Gen:  0)
  1038880      9032  39507880  0.000  0.000    1.752    6.283    0    0  (Gen:  0)
  1038936      5960  39511192  0.000  0.000    1.753    6.283    0    0  (Gen:  0)
  1038048     12760  39519792  0.000  0.000    1.753    6.284    0    0  (Gen:  0)
  1073768     27824  39567936  0.000  0.000    1.755    6.285    0    0  (Gen:  0)
  2382992     39352  39633840  0.000  0.000    1.757    6.288    0    0  (Gen:  0)
  1287472     40704  39715376  0.000  0.000    1.759    6.320    0    0  (Gen:  0)
  1041632     11272  39669400  0.000  0.000    1.759    6.321    0    0  (Gen:  0)
  1038688      5944  39671560  0.000  0.000    1.760    6.321    0    0  (Gen:  0)
  1039392     10032  39680440  0.000  0.000    1.761    6.322    0    0  (Gen:  0)
  1035456      9240  39683888  0.000  0.000    1.761    6.322    0    0  (Gen:  0)
  1039384      4416  39681056  0.000  0.000    1.762    6.322    0    0  (Gen:  0)
  1034536     50984  39727920  0.000  0.000    1.762    6.323    0    0  (Gen:  0)
  1034312    109688  39791000  0.000  0.000    1.763    6.324    0    0  (Gen:  0)
  1035560    113120  39840640  0.001  0.000    1.765    6.324    0    0  (Gen:  0)
  1034432    121064  39907072  0.001  0.000    1.766    6.325    0    0  (Gen:  0)
  1036184    127200  39965384  0.001  0.000    1.768    6.326    0    0  (Gen:  0)
  1034256    125744  40032024  0.001  0.000    1.769    6.327    0    0  (Gen:  0)
  1035304    144952  40101184  0.001  0.000    1.771    6.327    0    0  (Gen:  0)
  1035120    144336  40170176  0.001  0.000    1.772    6.328    0    0  (Gen:  0)
  1035136    135680  40232232  0.001  0.000    1.774    6.329    0    0  (Gen:  0)
  1034880    129584  40294760  0.001  0.000    1.775    6.330    0    0  (Gen:  0)
  1034720    132248  40358072  0.001  0.000    1.777    6.330    0    0  (Gen:  0)
  1035056    138880  40431208  0.001  0.000    1.778    6.331    0    0  (Gen:  0)
  1427600    164680  40586736  0.001  0.000    1.780    6.332    0    0  (Gen:  0)
  1033904    162976  40655512  0.001  0.000    1.782    6.333    0    0  (Gen:  0)
  1140144    151088  40831624  0.001  0.000    1.783    6.334    0    0  (Gen:  0)
  1035112    122128  40871752  0.001  0.000    1.785    6.334    0    0  (Gen:  0)
  1128184    107728  40998744  0.001  0.000    1.786    6.335    0    0  (Gen:  0)
  1033760    138760  41071248  0.001  0.000    1.788    6.336    0    0  (Gen:  0)
  1137256    148168  41239576  0.001  0.000    1.789    6.337    0    0  (Gen:  0)
  1034520    139480  41302296  0.001  0.000    1.791    6.337    0    0  (Gen:  0)
  1171176    130128  41463544  0.001  0.000    1.792    6.338    0    0  (Gen:  0)
  1031824    142592  41541720  0.001  0.000    1.794    6.339    0    0  (Gen:  0)
  1103856    150496  41679320  0.001  0.000    1.796    6.340    0    0  (Gen:  0)
  1033720    149952  41747608  0.001  0.000    1.797    6.341    0    0  (Gen:  0)
  1190264    148312  41954224  0.001  0.000    1.799    6.342    0    0  (Gen:  0)
  1099272    132016  42071080  0.001  0.000    1.801    6.343    0    0  (Gen:  0)
  1071776     77752  42122024  0.000  0.000    1.802    6.343    0    0  (Gen:  0)
  1141960     26920  42194936  0.000  0.000    1.803    6.344    0    0  (Gen:  0)
  2849392     52168  42332752  0.000  0.000    1.806    6.346    0    0  (Gen:  0)
  1207272     55464  42440512  0.000  0.000    1.807    6.348    0    0  (Gen:  0)
  1204328     40824  42496016  0.000  0.000    1.808    6.349    0    0  (Gen:  0)
  3409320     65992  42610216  0.000  0.000    1.811    6.351    0    0  (Gen:  0)
  1678040     57176  42633328  0.000  0.000    1.813    6.353    0    0  (Gen:  0)
  1107320     31400  42644600  0.000  0.000    1.814    6.354    0    0  (Gen:  0)
  1948416     80968  42713984  0.000  0.000    1.816    6.355    0    0  (Gen:  0)
  1171400     46272  42729816  0.000  0.000    1.817    6.357    0    0  (Gen:  0)
  1675664     51728  42767040  0.000  0.000    1.819    6.358    0    0  (Gen:  0)
  1780984     61528  42808688  0.000  0.000    1.821    6.360    0    0  (Gen:  0)
  1895872    116512  42896104  0.000  0.000    1.823    6.361    0    0  (Gen:  0)
  1776824     71784  42926024  0.000  0.000    1.824    6.363    0    0  (Gen:  0)
  2767888     70952  42976960  0.000  0.000    1.827    6.365    0    0  (Gen:  0)
  1103568     40400  42986680  0.000  0.000    1.828    6.366    0    0  (Gen:  0)
  1073464     80136  43050768  0.000  0.000    1.829    6.367    0    0  (Gen:  0)
  3045736     82072  43121168  0.000  0.000    1.832    6.369    0    0  (Gen:  0)
  2889344     89592  43167608  0.000  0.000    1.834    6.372    0    0  (Gen:  0)
  2648960     70976  43212016  0.000  0.000    1.837    6.375    0    0  (Gen:  0)
  1293304     56864  43312656  0.000  0.000    1.839    6.407    0    0  (Gen:  0)
  1041152     19352  43264920  0.000  0.000    1.840    6.407    0    0  (Gen:  0)
  1038256      4848  43263000  0.000  0.000    1.840    6.408    0    0  (Gen:  0)
  1039104      9880  43268432  0.000  0.000    1.841    6.408    0    0  (Gen:  0)
  1037952      8848  43275800  0.000  0.000    1.841    6.408    0    0  (Gen:  0)
  1035424     41296  43309984  0.000  0.000    1.842    6.409    0    0  (Gen:  0)
  1072000     60720  43366512  0.000  0.000    1.843    6.410    0    0  (Gen:  0)
  1041320     25200  43365880  0.000  0.000    1.844    6.411    0    0  (Gen:  0)
  2619088     39656  43428912  0.000  0.000    1.846    6.413    0    0  (Gen:  0)
  2141352     59368  43450344  0.000  0.000    1.848    6.414    0    0  (Gen:  0)
  2646824     69456  43500240  0.000  0.000    1.851    6.417    0    0  (Gen:  0)
  1112848     53752  43545856  0.000  0.000    1.853    6.419    0    0  (Gen:  0)
  1193520     21072  43566640  0.000  0.000    1.854    6.449    0    0  (Gen:  0)
  1314584      8544  43794912  0.000  0.000    1.855    6.450    0    0  (Gen:  0)
  1038688     14488  43802472  0.000  0.000    1.855    6.451    0    0  (Gen:  0)
  1074344      6384  43836192  0.000  0.000    1.856    6.451    0    0  (Gen:  0)
  1102864      7304  43904264  0.000  0.000    1.856    6.451    0    0  (Gen:  0)
  1037440     39520  43937016  0.000  0.000    1.857    6.452    0    0  (Gen:  0)
  1033168    103824  44003320  0.001  0.000    1.859    6.453    0    0  (Gen:  0)
  1098984    149840  44148064  0.001  0.000    1.860    6.453    0    0  (Gen:  0)
  1177528    108616  44303928  0.000  0.000    1.862    6.455    0    0  (Gen:  0)
  1252448     44320  44385184  0.000  0.000    1.863    6.456    0    0  (Gen:  0)
  1537952     40928  44501032  0.000  0.000    1.865    6.457    0    0  (Gen:  0)
  2728944     61600  44598656  0.000  0.000    1.867    6.459    0    0  (Gen:  0)
  3386768     89024  44843592  0.000  0.000    1.870    6.462    0    0  (Gen:  0)
  1206912     54576  44894672  0.000  0.000    1.872    6.463    0    0  (Gen:  0)
  3131080     56128  45110528  0.000  0.000    1.875    6.466    0    0  (Gen:  0)
  1707952     57368  45610784  0.000  0.000    1.877    6.498    0    0  (Gen:  0)
  1041168     20696  45560920  0.000  0.000    1.878    6.499    0    0  (Gen:  0)
  1038144      4888  45561200  0.000  0.000    1.878    6.499    0    0  (Gen:  0)
  1036520     12112  45572824  0.000  0.000    1.879    6.500    0    0  (Gen:  0)
  1038912      5808  45570088  0.000  0.000    1.879    6.500    0    0  (Gen:  0)
  1037208     16272  45582240  0.000  0.000    1.880    6.500    0    0  (Gen:  0)
  1029096     73568  45639864  0.001  0.000    1.881    6.501    0    0  (Gen:  0)
  1073104     80576  45689800  0.000  0.000    1.883    6.502    0    0  (Gen:  0)
  1170136     33848  45709960  0.000  0.000    1.884    6.503    0    0  (Gen:  0)
  2569392     55176  45738304  0.000  0.000    1.886    6.505    0    0  (Gen:  0)
  1405768     51560  45754712  0.000  0.000    1.888    6.507    0    0  (Gen:  0)
  2423096     50624  45795576  0.000  0.000    1.890    6.509    0    0  (Gen:  0)
  1036408     66344  45819216  0.000  0.000    1.891    6.510    0    0  (Gen:  0)
  1034864    110592  45892008  0.001  0.000    1.893    6.511    0    0  (Gen:  0)
  1034792    135624  45949760  0.001  0.000    1.894    6.511    0    0  (Gen:  0)
  1034680    130440  46017488  0.001  0.000    1.896    6.512    0    0  (Gen:  0)
  1034776    133520  46078600  0.001  0.000    1.897    6.513    0    0  (Gen:  0)
  1210352     89824  46266560  0.000  0.000    1.899    6.514    0    0  (Gen:  0)
  1041736     44056  46280968  0.000  0.000    1.900    6.515    0    0  (Gen:  0)
  2075624     46416  46508208  0.000  0.000    1.902    6.517    0    0  (Gen:  0)
  1087808     42232  46523504  0.000  0.000    1.903    6.518    0    0  (Gen:  0)
  1036024     64520  46559744  0.001  0.000    1.905    6.519    0    0  (Gen:  0)
  1104576     69648  46612616  0.000  0.000    1.906    6.520    0    0  (Gen:  0)
  2230568     55416  46649128  0.000  0.000    1.908    6.522    0    0  (Gen:  0)
  1493392     56224  46671904  0.000  0.000    1.909    6.523    0    0  (Gen:  0)
  1038880     74016  46674960  0.000  0.000    1.911    6.524    0    0  (Gen:  0)
  1074480     76328  46729040  0.000  0.000    1.912    6.525    0    0  (Gen:  0)
  1966312     47912  46791984  0.000  0.000    1.914    6.527    0    0  (Gen:  0)
  1263432     66288  46838424  0.000  0.000    1.915    6.528    0    0  (Gen:  0)
  1036560    109376  46893392  0.001  0.000    1.917    6.528    0    0  (Gen:  0)
  1034176    137280  46962408  0.001  0.000    1.918    6.529    0    0  (Gen:  0)
  1868880    132120  47050416  0.001  0.000    1.920    6.531    0    0  (Gen:  0)
  1106904     84520  47072760  0.001  0.000    1.922    6.532    0    0  (Gen:  0)
  1041544     36848  47076168  0.000  0.000    1.923    6.532    0    0  (Gen:  0)
  3114600     45544  47159192  0.000  0.000    1.926    6.535    0    0  (Gen:  0)
  1038280     78408  47190096  0.001  0.000    1.927    6.536    0    0  (Gen:  0)
  1072224     76136  47259680  0.001  0.000    1.928    6.537    0    0  (Gen:  0)
  1040792     58632  47275136  0.000  0.000    1.929    6.538    0    0  (Gen:  0)
  1580264     46640  47340224  0.000  0.000    1.931    6.540    0    0  (Gen:  0)
  1086264     50680  47367456  0.000  0.000    1.933    6.541    0    0  (Gen:  0)
  1036968     82112  47409944  0.001  0.000    1.934    6.541    0    0  (Gen:  0)
  1071920     99592  47486616  0.000  0.000    1.935    6.542    0    0  (Gen:  0)
  1036136     54040  47489656  0.000  0.000    1.936    6.543    0    0  (Gen:  0)
  1105648     40328  47546808  0.000  0.000    1.938    6.544    0    0  (Gen:  0)
  1757584     43360  47579568  0.000  0.000    1.939    6.546    0    0  (Gen:  0)
  1037936     58136  47599728  0.000  0.000    1.940    6.546    0    0  (Gen:  0)
  1032184     89224  47655552  0.001  0.000    1.942    6.547    0    0  (Gen:  0)
  1328800     97808  47722808  0.001  0.000    1.943    6.548    0    0  (Gen:  0)
  1925544     50912  47739440  0.000  0.000    1.945    6.550    0    0  (Gen:  0)
  1087016     39656  47754000  0.000  0.000    1.946    6.551    0    0  (Gen:  0)
  1038448     64336  47790504  0.001  0.000    1.947    6.552    0    0  (Gen:  0)
  1118848     67200  47836840  0.000  0.000    1.949    6.553    0    0  (Gen:  0)
  1136400     44976  47862136  0.000  0.000    1.950    6.554    0    0  (Gen:  0)
  1593608     41800  47885600  0.000  0.000    1.952    6.556    0    0  (Gen:  0)
  1038936     47984  47905968  0.000  0.000    1.953    6.556    0    0  (Gen:  0)
  1036592     67552  47940336  0.001  0.000    1.954    6.557    0    0  (Gen:  0)
  1032032    124480  48025616  0.001  0.000    1.955    6.558    0    0  (Gen:  0)
  2117968    169968  48300160  0.001  0.000    1.957    6.559    0    0  (Gen:  0)
  2173944     99040  48487296  0.000  0.000    1.960    6.561    0    0  (Gen:  0)
  1155232     40536  48572336  0.000  0.000    1.961    6.562    0    0  (Gen:  0)
  1036016     66128  48610408  0.001  0.000    1.962    6.563    0    0  (Gen:  0)
  1140664     67936  48722096  0.000  0.000    1.964    6.564    0    0  (Gen:  0)
  2665320     44832  48862616  0.000  0.000    1.966    6.567    0    0  (Gen:  0)
  1036904     70560  48887448  0.000  0.000    1.967    6.567    0    0  (Gen:  0)
  1072136     74576  48955576  0.001  0.000    1.969    6.568    0    0  (Gen:  0)
  1040696     62672  48976752  0.000  0.000    1.970    6.569    0    0  (Gen:  0)
  2311552     46600  49043808  0.000  0.000    1.972    6.571    0    0  (Gen:  0)
  1034944     89960  49091704  0.001  0.000    1.974    6.572    0    0  (Gen:  0)
  1035768    109576  49140472  0.001  0.000    1.975    6.573    0    0  (Gen:  0)
  1072040     85264  49204120  0.001  0.000    1.976    6.574    0    0  (Gen:  0)
  3218440     99344  49277736  0.000  0.000    1.979    6.577    0    0  (Gen:  0)
  1034456    149464  49338392  0.001  0.000    1.981    6.578    0    0  (Gen:  0)
  1070656    113424  49409856  0.001  0.000    1.983    6.579    0    0  (Gen:  0)
  2881192     76288  49460816  0.000  0.000    1.986    6.582    0    0  (Gen:  0)
  1033144    113096  49517384  0.001  0.000    1.987    6.582    0    0  (Gen:  0)
  1070712    118320  49599688  0.001  0.000    1.989    6.583    0    0  (Gen:  0)
  1038080     72224  49580880  0.000  0.000    1.990    6.584    0    0  (Gen:  0)
  1154936     46184  49636048  0.000  0.000    1.991    6.586    0    0  (Gen:  0)
  1396016     57744  49681216  0.000  0.000    1.993    6.587    0    0  (Gen:  0)
  1035456    115024  49741568  0.001  0.000    1.994    6.588    0    0  (Gen:  0)
  1071696    102056  49803152  0.000  0.000    1.996    6.589    0    0  (Gen:  0)
  2412120     69712  49849768  0.000  0.000    1.998    6.591    0    0  (Gen:  0)
  1036336     92448  49885264  0.001  0.000    2.000    6.592    0    0  (Gen:  0)
  1070656     93848  49962376  0.000  0.000    2.001    6.593    0    0  (Gen:  0)
  1037424     50944  49962112  0.000  0.000    2.002    6.594    0    0  (Gen:  0)
  2046992     38032  50034360  0.000  0.000    2.004    6.596    0    0  (Gen:  0)
  1035536     63744  50059608  0.000  0.000    2.005    6.597    0    0  (Gen:  0)
  1073616     61016  50114024  0.000  0.000    2.007    6.597    0    0  (Gen:  0)
  1155360     47840  50142192  0.000  0.000    2.008    6.599    0    0  (Gen:  0)
  1711456     59064  50176864  0.000  0.000    2.010    6.601    0    0  (Gen:  0)
  1071728     83536  50216080  0.001  0.000    2.011    6.602    0    0  (Gen:  0)
  1040696     68272  50223608  0.000  0.000    2.013    6.602    0    0  (Gen:  0)
  1629704     38808  50285656  0.000  0.000    2.014    6.604    0    0  (Gen:  0)
  1087112     40336  50307656  0.000  0.000    2.016    6.605    0    0  (Gen:  0)
  2161784     66008  50505336  0.001  0.000    2.018    6.607    0    0  (Gen:  0)
  2782344    101376  50701424  0.000  0.000    2.020    6.609    0    0  (Gen:  0)
  1037776    105528  50741624  0.001  0.000    2.022    6.610    0    0  (Gen:  0)
  1033696    119152  50806416  0.001  0.000    2.023    6.611    0    0  (Gen:  0)
  1034160    127472  50864872  0.001  0.000    2.025    6.612    0    0  (Gen:  0)
  1071496     88704  50920408  0.000  0.000    2.026    6.612    0    0  (Gen:  0)
  1040608     28744  50922872  0.000  0.000    2.027    6.613    0    0  (Gen:  0)
  2070904     34592  50984752  0.000  0.000    2.029    6.615    0    0  (Gen:  0)
  1422856     66920  51033656  0.000  0.000    2.030    6.616    0    0  (Gen:  0)
  2202024    109952  51119880  0.001  0.000    2.033    6.618    0    0  (Gen:  0)
  1037704     70048  51115312  0.000  0.000    2.034    6.619    0    0  (Gen:  0)
  1199656     39256  51181304  0.000  0.000    2.035    6.620    0    0  (Gen:  0)
  1137640     36448  51235064  0.000  0.000    2.037    6.621    0    0  (Gen:  0)
  1036768     59896  51265568  0.000  0.000    2.038    6.622    0    0  (Gen:  0)
  1037744     84928  51305480  0.001  0.000    2.039    6.622    0    0  (Gen:  0)
  1038192     86288  51352152  0.001  0.000    2.040    6.623    0    0  (Gen:  0)
  1032192    121928  51420840  0.001  0.000    2.041    6.624    0    0  (Gen:  0)
  1034848    126000  51474456  0.001  0.000    2.042    6.624    0    0  (Gen:  0)
  1034512    125560  51532048  0.001  0.000    2.044    6.625    0    0  (Gen:  0)
  1035832    138104  51601528  0.001  0.000    2.045    6.626    0    0  (Gen:  0)
  1410816    105680  51665744  0.001  0.000    2.047    6.627    0    0  (Gen:  0)
  1503664     60296  51723848  0.000  0.000    2.049    6.629    0    0  (Gen:  0)
  1083960     40824  51742520  0.000  0.000    2.050    6.630    0    0  (Gen:  0)
  1072432     59280  51771512  0.000  0.000    2.051    6.630    0    0  (Gen:  0)
  2466960     72592  51840664  0.000  0.000    2.054    6.633    0    0  (Gen:  0)
  1038136     74368  51869408  0.001  0.000    2.055    6.634    0    0  (Gen:  0)
  1071224     95104  51954376  0.001  0.000    2.056    6.635    0    0  (Gen:  0)
  1041120     80640  51976568  0.001  0.000    2.058    6.635    0    0  (Gen:  0)
  2020320     46376  52032048  0.000  0.000    2.060    6.637    0    0  (Gen:  0)
  1096248     35280  52053264  0.000  0.000    2.061    6.639    0    0  (Gen:  0)
  1036488     63360  52098944  0.000  0.000    2.062    6.639    0    0  (Gen:  0)
  1095040    120528  52164544  0.001  0.000    2.063    6.640    0    0  (Gen:  0)
  1035656    132192  52225776  0.001  0.000    2.065    6.641    0    0  (Gen:  0)
  1034056    129992  52288776  0.001  0.000    2.066    6.641    0    0  (Gen:  0)
  1036312    129512  52349360  0.001  0.000    2.068    6.642    0    0  (Gen:  0)
  1035944    113464  52396720  0.001  0.000    2.069    6.643    0    0  (Gen:  0)
  1034808    121600  52466296  0.001  0.000    2.071    6.644    0    0  (Gen:  0)
  1711040    114984  52540104  0.001  0.000    2.073    6.645    0    0  (Gen:  0)
  1075920     57816  52581976  0.000  0.000    2.074    6.646    0    0  (Gen:  0)
  2982416     77752  52693136  0.000  0.000    2.077    6.649    0    0  (Gen:  0)
  1037808     80256  52707520  0.000  0.000    2.078    6.649    0    0  (Gen:  0)
  1070832     79288  52795296  0.001  0.000    2.079    6.650    0    0  (Gen:  0)
  1036304    143856  52879760  0.001  0.000    2.081    6.651    0    0  (Gen:  0)
  1033832    168688  52958928  0.001  0.000    2.083    6.652    0    0  (Gen:  0)
  1033112    158760  53032144  0.001  0.000    2.084    6.653    0    0  (Gen:  0)
  1069848    136528  53123160  0.001  0.000    2.086    6.653    0    0  (Gen:  0)
  1035112     76752  53104536  0.000  0.000    2.087    6.654    0    0  (Gen:  0)
  2557992     79464  53242256  0.000  0.000    2.090    6.657    0    0  (Gen:  0)
  1036048    149880  53322128  0.001  0.000    2.091    6.658    0    0  (Gen:  0)
  1036016    181288  53410384  0.001  0.000    2.093    6.659    0    0  (Gen:  0)
  1035904    176000  53490864  0.001  0.000    2.095    6.659    0    0  (Gen:  0)
  1034592    156992  53561696  0.001  0.000    2.096    6.660    0    0  (Gen:  0)
  1107656     96352  53647560  0.001  0.000    2.098    6.661    0    0  (Gen:  0)
  2295752     47784  53695528  0.000  0.000    2.101    6.664    0    0  (Gen:  0)
  1040408     30224  53686696  0.000  0.000    2.101    6.664    0    0  (Gen:  0)
  1033312     52472  53733568  0.000  0.000    2.102    6.665    0    0  (Gen:  0)
  1070712     93072  53808504  0.001  0.000    2.103    6.666    0    0  (Gen:  0)
  1033960    100200  53862504  0.001  0.000    2.105    6.666    0    0  (Gen:  0)
  1036720    115584  53912816  0.001  0.000    2.106    6.667    0    0  (Gen:  0)
  1031896    113752  53971296  0.001  0.000    2.107    6.668    0    0  (Gen:  0)
  1036616    118512  54030064  0.001  0.000    2.109    6.668    0    0  (Gen:  0)
  1035512    115992  54087312  0.001  0.000    2.110    6.669    0    0  (Gen:  0)
  1035368    120016  54145912  0.001  0.000    2.111    6.670    0    0  (Gen:  0)
  1032824    130968  54213512  0.001  0.000    2.113    6.670    0    0  (Gen:  0)
  1071072    133648  54307664  0.001  0.000    2.114    6.671    0    0  (Gen:  0)
  1036264    147264  54383816  0.001  0.000    2.116    6.672    0    0  (Gen:  0)
  1067992    122840  54458472  0.001  0.000    2.117    6.673    0    0  (Gen:  0)
  1041760     54080  54462800  0.000  0.000    2.118    6.673    0    0  (Gen:  0)
  1040608     64048  54515432  0.000  0.000    2.119    6.674    0    0  (Gen:  0)
  1662792     84792  54613992  0.000  0.000    2.121    6.676    0    0  (Gen:  0)
  1410888     68152  54662720  0.000  0.000    2.123    6.677    0    0  (Gen:  0)
  1035120    119216  54728560  0.001  0.000    2.124    6.678    0    0  (Gen:  0)
  1033208    137936  54787800  0.001  0.000    2.126    6.679    0    0  (Gen:  0)
  1075192     91264  54847224  0.001  0.000    2.128    6.680    0    0  (Gen:  0)
  2600208     48952  54913888  0.000  0.000    2.130    6.683    0    0  (Gen:  0)
  1036168     83664  54953960  0.001  0.000    2.132    6.683    0    0  (Gen:  0)
  1031280    107920  55009208  0.001  0.000    2.133    6.684    0    0  (Gen:  0)
  1074616     91264  55070232  0.000  0.000    2.134    6.685    0    0  (Gen:  0)
  1865424     45432  55119880  0.000  0.000    2.136    6.687    0    0  (Gen:  0)
  1477752     37160  55140536  0.000  0.000    2.137    6.688    0    0  (Gen:  0)
  1074000     42040  55154344  0.000  0.000    2.138    6.689    0    0  (Gen:  0)
  2820408     53648  55226464  0.000  0.000    2.141    6.691    0    0  (Gen:  0)
  1038584     66896  55246120  0.000  0.000    2.142    6.692    0    0  (Gen:  0)
  1035872     76840  55290288  0.001  0.000    2.143    6.693    0    0  (Gen:  0)
  1033016    126584  55366208  0.001  0.000    2.145    6.693    0    0  (Gen:  0)
  1071216    137072  55454696  0.001  0.000    2.146    6.694    0    0  (Gen:  0)
  1040144     73664  55466752  0.000  0.000    2.148    6.695    0    0  (Gen:  0)
  2571944     67280  55600544  0.000  0.000    2.150    6.698    0    0  (Gen:  0)
  1038080    100560  55638392  0.001  0.000    2.152    6.698    0    0  (Gen:  0)
  1036952     93272  55680840  0.001  0.000    2.153    6.699    0    0  (Gen:  0)
  1073184     93496  55764152  0.001  0.000    2.154    6.700    0    0  (Gen:  0)
  1039064     90536  55804384  0.001  0.000    2.156    6.701    0    0  (Gen:  0)
  1036944     85536  55845752  0.001  0.000    2.157    6.701    0    0  (Gen:  0)
  1038616     86640  55887016  0.001  0.000    2.158    6.702    0    0  (Gen:  0)
  1038928     86648  55928368  0.001  0.000    2.159    6.703    0    0  (Gen:  0)
  1073432     89392  56004664  0.001  0.000    2.160    6.704    0    0  (Gen:  0)
  1037536    100280  56057264  0.001  0.000    2.162    6.704    0    0  (Gen:  0)
  1035656    116840  56112248  0.001  0.000    2.163    6.705    0    0  (Gen:  0)
  1037112    109240  56162008  0.001  0.000    2.165    6.706    0    0  (Gen:  0)
  1037648    110816  56218024  0.001  0.000    2.166    6.707    0    0  (Gen:  0)
  1035288    113064  56271592  0.001  0.000    2.168    6.708    0    0  (Gen:  0)
  1037520    106944  56320848  0.001  0.000    2.169    6.709    0    0  (Gen:  0)
  1095408    105008  56405296  0.001  0.000    2.171    6.709    0    0  (Gen:  0)
  1035600    111752  56460368  0.001  0.000    2.172    6.710    0    0  (Gen:  0)
  1037800    109768  56510712  0.001  0.000    2.174    6.711    0    0  (Gen:  0)
  1072104     94800  56583800  0.001  0.000    2.176    6.712    0    0  (Gen:  0)
  1038416     73960  56609600  0.000  0.000    2.177    6.713    0    0  (Gen:  0)
  1411832     77152  56691248  0.000  0.000    2.178    6.714    0    0  (Gen:  0)
  1775152     77568  56772400  0.001  0.000    2.180    6.716    0    0  (Gen:  0)
  1039248    116984  56819040  0.001  0.000    2.182    6.717    0    0  (Gen:  0)
  1036168    113360  56872296  0.001  0.000    2.183    6.718    0    0  (Gen:  0)
  1035648    116112  56930776  0.001  0.000    2.185    6.718    0    0  (Gen:  0)
  1247864    120040  56987576  0.001  0.000    2.186    6.719    0    0  (Gen:  0)
  1104336    118984  57109176  0.001  0.000    2.188    6.720    0    0  (Gen:  0)
  1041160     89048  57135808  0.000  0.000    2.189    6.721    0    0  (Gen:  0)
  1831136     96656  57236720  0.000  0.000    2.191    6.723    0    0  (Gen:  0)
  1098040     50984  57235496  0.000  0.000    2.192    6.724    0    0  (Gen:  0)
  1034648     79200  57286728  0.001  0.000    2.194    6.725    0    0  (Gen:  0)
  1037352    120624  57343368  0.001  0.000    2.195    6.726    0    0  (Gen:  0)
  1035248    120640  57402976  0.001  0.000    2.196    6.726    0    0  (Gen:  0)
  1036640    123392  57462432  0.001  0.000    2.198    6.727    0    0  (Gen:  0)
  1035792    120344  57518328  0.001  0.000    2.199    6.728    0    0  (Gen:  0)
  1071416    117224  57608040  0.001  0.000    2.201    6.729    0    0  (Gen:  0)
  1036040    115976  57662440  0.001  0.000    2.202    6.730    0    0  (Gen:  0)
  1036032    115064  57718144  0.001  0.000    2.204    6.730    0    0  (Gen:  0)
  1034528    121208  57779000  0.001  0.000    2.205    6.731    0    0  (Gen:  0)
  1070296    128816  57875888  0.001  0.000    2.207    6.732    0    0  (Gen:  0)
  1813216    130184  57969392  0.001  0.000    2.209    6.733    0    0  (Gen:  0)
  1105480     95656  57998672  0.001  0.000    2.210    6.734    0    0  (Gen:  0)
  1136608     63144  58026128  0.000  0.000    2.212    6.735    0    0  (Gen:  0)
  2118736     65048  58097040  0.000  0.000    2.214    6.738    0    0  (Gen:  0)
  1035312     72816  58126648  0.000  0.000    2.215    6.739    0    0  (Gen:  0)
  1072552     64128  58177176  0.000  0.000    2.216    6.739    0    0  (Gen:  0)
  1393608     45200  58208528  0.000  0.000    2.218    6.741    0    0  (Gen:  0)
  2002160     49568  58236200  0.000  0.000    2.220    6.743    0    0  (Gen:  0)
  2388072     66648  58306632  0.000  0.000    2.222    6.746    0    0  (Gen:  0)
  1342976     40024  58475208  0.000  0.000    2.224    6.777    0    0  (Gen:  0)
  1040112      7088  58438440  0.000  0.000    2.224    6.778    0    0  (Gen:  0)
  1039136     11288  58449640  0.000  0.000    2.225    6.778    0    0  (Gen:  0)
  1039728      7016  58449968  0.000  0.000    2.226    6.779    0    0  (Gen:  0)
  1038688      4808  58450696  0.000  0.000    2.226    6.779    0    0  (Gen:  0)
  1034112     43832  58489976  0.000  0.000    2.227    6.780    0    0  (Gen:  0)
  1034480    102240  58548744  0.001  0.000    2.228    6.780    0    0  (Gen:  0)
  1036240    129296  58614704  0.001  0.000    2.230    6.781    0    0  (Gen:  0)
  1033536    129376  58673792  0.001  0.000    2.231    6.782    0    0  (Gen:  0)
  1068000    143208  58786872  0.001  0.000    2.233    6.783    0    0  (Gen:  0)
  1033904    149712  58856440  0.001  0.000    2.234    6.784    0    0  (Gen:  0)
  1034672    149976  58932696  0.001  0.000    2.236    6.784    0    0  (Gen:  0)
  1035048    152456  59002592  0.001  0.000    2.237    6.785    0    0  (Gen:  0)
  1035008    144528  59072208  0.001  0.000    2.239    6.786    0    0  (Gen:  0)
  1069472    156264  59186192  0.001  0.000    2.241    6.787    0    0  (Gen:  0)
  1035592    173672  59272792  0.001  0.000    2.242    6.788    0    0  (Gen:  0)
  1034496    167496  59349608  0.001  0.000    2.244    6.788    0    0  (Gen:  0)
  1028272    166992  59433704  0.001  0.000    2.246    6.789    0    0  (Gen:  0)
  1238672    101472  59480056  0.000  0.000    2.247    6.791    0    0  (Gen:  0)
  1125168     30232  59494376  0.000  0.000    2.249    6.791    0    0  (Gen:  0)
  1170776     33768  59505640  0.000  0.000    2.250    6.792    0    0  (Gen:  0)
  1381808     28040  59516944  0.000  0.000    2.251    6.793    0    0  (Gen:  0)
  1412360     44952  59548176  0.000  0.000    2.253    6.795    0    0  (Gen:  0)
  1098024     35096  59569392  0.000  0.000    2.254    6.796    0    0  (Gen:  0)
  1038728     40320  59589312  0.000  0.000    2.255    6.797    0    0  (Gen:  0)
  1070464     86240  59675528  0.001  0.000    2.256    6.797    0    0  (Gen:  0)
  1037328    105688  59723200  0.001  0.000    2.257    6.798    0    0  (Gen:  0)
  1038864    100184  59771008  0.001  0.000    2.259    6.799    0    0  (Gen:  0)
  1037056     95960  59815104  0.001  0.000    2.260    6.800    0    0  (Gen:  0)
  1035584     89440  59856200  0.001  0.000    2.261    6.801    0    0  (Gen:  0)
  1037296     92928  59898080  0.001  0.000    2.263    6.802    0    0  (Gen:  0)
  1037672     87360  59938576  0.001  0.000    2.264    6.802    0    0  (Gen:  0)
  1037912     85584  59976520  0.001  0.000    2.266    6.803    0    0  (Gen:  0)
  1038072     91680  60021392  0.001  0.000    2.267    6.804    0    0  (Gen:  0)
  1039320     88472  60060128  0.001  0.000    2.268    6.805    0    0  (Gen:  0)
  1032448    120336  60135072  0.001  0.000    2.270    6.806    0    0  (Gen:  0)
  1070560    117728  60202688  0.001  0.000    2.271    6.807    0    0  (Gen:  0)
  1041088     61232  60218216  0.000  0.000    2.272    6.807    0    0  (Gen:  0)
  1855352     36800  60271744  0.000  0.000    2.274    6.809    0    0  (Gen:  0)
  1212632     50936  60289608  0.000  0.000    2.275    6.810    0    0  (Gen:  0)
  1107424     41856  60305744  0.000  0.000    2.276    6.811    0    0  (Gen:  0)
  2159448     49440  60330872  0.000  0.000    2.278    6.813    0    0  (Gen:  0)
  2694440     68616  60377488  0.000  0.000    2.281    6.815    0    0  (Gen:  0)
  1138792     45000  60421992  0.000  0.000    2.282    6.816    0    0  (Gen:  0)
  3007160     62520  60473672  0.000  0.000    2.284    6.818    0    0  (Gen:  0)
  2026064     62768  60505224  0.000  0.000    2.286    6.820    0    0  (Gen:  0)
  1107520     35200  60518128  0.000  0.000    2.287    6.821    0    0  (Gen:  0)
  1269328     36192  60540656  0.000  0.000    2.289    6.822    0    0  (Gen:  0)
  1204456     36688  60589984  0.000  0.000    2.290    6.823    0    0  (Gen:  0)
  1599824     43288  60611320  0.000  0.000    2.292    6.824    0    0  (Gen:  0)
  1105904     42784  60633824  0.000  0.000    2.293    6.825    0    0  (Gen:  0)
  1172568     34024  60646960  0.000  0.000    2.294    6.826    0    0  (Gen:  0)
  1105592     33528  60665616  0.000  0.000    2.295    6.827    0    0  (Gen:  0)
  2003344     42184  60688616  0.000  0.000    2.297    6.829    0    0  (Gen:  0)
  2877224     74512  60737528  0.000  0.000    2.299    6.831    0    0  (Gen:  0)
  1542320     51960  60759688  0.000  0.000    2.301    6.833    0    0  (Gen:  0)
  1334120     40752  60782384  0.000  0.000    2.302    6.834    0    0  (Gen:  0)
  1167304     44640  60804776  0.000  0.000    2.303    6.835    0    0  (Gen:  0)
  1207880     34368  60920512  0.000  0.000    2.305    6.836    0    0  (Gen:  0)
  3617488     65576  60998248  0.000  0.000    2.308    6.839    0    0  (Gen:  0)
  1170768     60720  61024640  0.000  0.000    2.309    6.840    0    0  (Gen:  0)
  3281408     61720  61106728  0.000  0.000    2.312    6.842    0    0  (Gen:  0)
  1848664     61448  61134824  0.000  0.000    2.314    6.844    0    0  (Gen:  0)
  2266464     60768  61202432  0.000  0.000    2.316    6.846    0    0  (Gen:  0)
  2859440     97088  61270376  0.000  0.000    2.318    6.848    0    0  (Gen:  0)
  1105024     41960  61283776  0.000  0.000    2.319    6.849    0    0  (Gen:  0)
  1170456     38992  61305232  0.000  0.000    2.321    6.850    0    0  (Gen:  0)
  1103512     29936  61286048  0.000  0.000    2.322    6.851    0    0  (Gen:  0)
  2237072     80296  61382256  0.000  0.000    2.324    6.853    0    0  (Gen:  0)
  1131384     38144  61406808  0.000  0.000    2.325    6.855    0    0  (Gen:  0)
  1035384     75640  61456120  0.001  0.000    2.326    6.855    0    0  (Gen:  0)
  1035704    133624  61527592  0.001  0.000    2.328    6.856    0    0  (Gen:  0)
  1033768    148688  61599176  0.001  0.000    2.330    6.857    0    0  (Gen:  0)
  1034616    149856  61673392  0.001  0.000    2.331    6.858    0    0  (Gen:  0)
  1035632    158136  61752640  0.001  0.000    2.333    6.859    0    0  (Gen:  0)
  1036288    163640  61831848  0.001  0.000    2.334    6.859    0    0  (Gen:  0)
  1038112    139496  61887432  0.001  0.000    2.336    6.860    0    0  (Gen:  0)
  1072568     86864  61946840  0.000  0.000    2.337    6.861    0    0  (Gen:  0)
  1042136     37392  61950536  0.000  0.000    2.338    6.862    0    0  (Gen:  0)
  1137888     25872  61999760  0.000  0.000    2.339    6.862    0    0  (Gen:  0)
  3722464     64488  62042408  0.000  0.000    2.342    6.866    0    0  (Gen:  0)
  2386232    108576  62100808  0.000  0.000    2.345    6.868    0    0  (Gen:  0)
  2108552     53672  62141736  0.000  0.000    2.347    6.870    0    0  (Gen:  0)
  1038712     51160  62153368  0.000  0.000    2.348    6.871    0    0  (Gen:  0)
  1037104     77880  62206696  0.001  0.000    2.349    6.871    0    0  (Gen:  0)
  1749880     93168  62274312  0.001  0.000    2.351    6.873    0    0  (Gen:  0)
  1710040     63040  62316072  0.000  0.000    2.353    6.875    0    0  (Gen:  0)
  1035064     61264  62344136  0.000  0.000    2.354    6.876    0    0  (Gen:  0)
  1034720     95152  62401000  0.001  0.000    2.356    6.876    0    0  (Gen:  0)
  1034616    129128  62468728  0.001  0.000    2.357    6.877    0    0  (Gen:  0)
  1033392    139336  62534808  0.001  0.000    2.359    6.878    0    0  (Gen:  0)
  1037080    133064  62596920  0.001  0.000    2.360    6.879    0    0  (Gen:  0)
  1071232    108408  62670168  0.000  0.000    2.361    6.880    0    0  (Gen:  0)
  1040856     71880  62696400  0.000  0.000    2.363    6.880    0    0  (Gen:  0)
  1039856     35160  62698008  0.000  0.000    2.364    6.881    0    0  (Gen:  0)
  1576928     37760  62760592  0.000  0.000    2.365    6.883    0    0  (Gen:  0)
  1114912     81144  62823008  0.001  0.000    2.367    6.884    0    0  (Gen:  0)
  1034640    141608  62894816  0.001  0.000    2.368    6.885    0    0  (Gen:  0)
  1034368    165352  62972584  0.001  0.000    2.370    6.885    0    0  (Gen:  0)
  1661712    138888  63061896  0.001  0.000    2.372    6.887    0    0  (Gen:  0)
  1506056     85768  63087688  0.000  0.000    2.374    6.889    0    0  (Gen:  0)
  1090256     31856  63102416  0.000  0.000    2.375    6.890    0    0  (Gen:  0)
  1035928     61464  63145648  0.000  0.000    2.377    6.890    0    0  (Gen:  0)
  1071840     81344  63207680  0.000  0.000    2.378    6.891    0    0  (Gen:  0)
  1556840     54328  63225464  0.000  0.000    2.379    6.893    0    0  (Gen:  0)
  1119008     45912  63247208  0.000  0.000    2.381    6.894    0    0  (Gen:  0)
  1037304     92696  63306472  0.001  0.000    2.382    6.895    0    0  (Gen:  0)
  1174696    115936  63481512  0.001  0.000    2.384    6.896    0    0  (Gen:  0)
  1041432     63488  63495024  0.000  0.000    2.385    6.896    0    0  (Gen:  0)
  2837800     46952  63573112  0.000  0.000    2.388    6.899    0    0  (Gen:  0)
  1039888     33032  63565248  0.000  0.000    2.389    6.900    0    0  (Gen:  0)
  1034864     44912  63603872  0.000  0.000    2.389    6.900    0    0  (Gen:  0)
  1035864     77600  63638872  0.001  0.000    2.390    6.901    0    0  (Gen:  0)
  1036520     94752  63692152  0.001  0.000    2.392    6.902    0    0  (Gen:  0)
  1071848     90600  63757512  0.000  0.000    2.393    6.903    0    0  (Gen:  0)
  1035704     39568  63758432  0.000  0.000    2.394    6.903    0    0  (Gen:  0)
  1325144     44144  63819584  0.000  0.000    2.395    6.905    0    0  (Gen:  0)
  1417136     50952  63863280  0.000  0.000    2.397    6.906    0    0  (Gen:  0)
  1035952     91400  63911816  0.001  0.000    2.398    6.907    0    0  (Gen:  0)
  1036056    121448  63976248  0.001  0.000    2.399    6.907    0    0  (Gen:  0)
  1034784    127568  64038800  0.001  0.000    2.401    6.908    0    0  (Gen:  0)
  1034744    132912  64105088  0.001  0.000    2.402    6.909    0    0  (Gen:  0)
  1034144    123768  64158048  0.001  0.000    2.404    6.909    0    0  (Gen:  0)
  1034800    139736  64238976  0.001  0.000    2.405    6.910    0    0  (Gen:  0)
  1284008    155520  64472664  0.001  0.000    2.407    6.911    0    0  (Gen:  0)
  1140984     95024  64556024  0.001  0.000    2.408    6.912    0    0  (Gen:  0)
  1040848     22512  64555640  0.000  0.000    2.409    6.913    0    0  (Gen:  0)
  1241096     31800  64714064  0.000  0.000    2.411    6.914    0    0  (Gen:  0)
  1628024     42104  64815176  0.000  0.000    2.412    6.916    0    0  (Gen:  0)
  1035520     73056  64853368  0.001  0.000    2.413    6.916    0    0  (Gen:  0)
  1132960    114144  65012248  0.001  0.000    2.415    6.917    0    0  (Gen:  0)
  1033368    129064  65073552  0.001  0.000    2.416    6.918    0    0  (Gen:  0)
  1035872    122144  65130416  0.001  0.000    2.418    6.918    0    0  (Gen:  0)
  1133192    130256  65296752  0.001  0.000    2.419    6.919    0    0  (Gen:  0)
  1068096    137160  65394568  0.001  0.000    2.421    6.920    0    0  (Gen:  0)
  1343200    146384  65534536  0.001  0.000    2.422    6.921    0    0  (Gen:  0)
  1615800    117712  65670928  0.001  0.000    2.425    6.922    0    0  (Gen:  0)
  1302128     53424  65746776  0.000  0.000    2.426    6.923    0    0  (Gen:  0)
  2523800     53416  65923928  0.000  0.000    2.429    6.926    0    0  (Gen:  0)
  1627944     54240  66970264  0.000  0.000    2.431    6.944    0    0  (Gen:  0)
  1650896     28216  67448856  0.000  0.000    2.432    6.959    0    0  (Gen:  0)
  1040376     12464  67441736  0.000  0.000    2.433    6.959    0    0  (Gen:  0)
  1039408     11968  67449408  0.000  0.000    2.433    6.960    0    0  (Gen:  0)
  1039832      5808  67451248  0.000  0.000    2.434    6.960    0    0  (Gen:  0)
  1038208      4648  67451752  0.000  0.000    2.434    6.961    0    0  (Gen:  0)
  1037072     28536  67476000  0.000  0.000    2.435    6.961    0    0  (Gen:  0)
  1035128     86552  67534456  0.001  0.000    2.436    6.962    0    0  (Gen:  0)
  1032520    133064  67604000  0.001  0.000    2.438    6.963    0    0  (Gen:  0)
  1035120    140176  67670168  0.001  0.000    2.439    6.963    0    0  (Gen:  0)
  2014176    145248  67772984  0.001  0.000    2.442    6.965    0    0  (Gen:  0)
  1038696     59072  67768240  0.000  0.000    2.443    6.966    0    0  (Gen:  0)
  2284576     36664  68110744  0.000  0.000    2.446    6.968    0    0  (Gen:  0)
  1037840     93336  68163256  0.001  0.000    2.447    6.969    0    0  (Gen:  0)
  1035480  48036320  51317248  0.133  0.041    2.581    7.011    0    0  (Gen:  1)
  1238672    144088  51569664  0.001  0.000    2.582    7.012    0    0  (Gen:  0)
  1104088    137752  51712248  0.001  0.000    2.584    7.012    0    0  (Gen:  0)
  1032768    174872  51800120  0.001  0.000    2.586    7.013    0    0  (Gen:  0)
  1033264    164400  51872648  0.001  0.000    2.588    7.014    0    0  (Gen:  0)
  1137520     96880  51951304  0.001  0.000    2.589    7.015    0    0  (Gen:  0)
  1976184     38896  51974896  0.000  0.000    2.591    7.017    0    0  (Gen:  0)
  1202120     48256  52001544  0.000  0.000    2.593    7.018    0    0  (Gen:  0)
  2042272     98000  52064096  0.001  0.000    2.595    7.020    0    0  (Gen:  0)
  1051608     83600  52033560  0.000  0.000    2.596    7.021    0    0  (Gen:  0)
  2029088     36104  52106008  0.000  0.000    2.598    7.023    0    0  (Gen:  0)
  1071192     95640  52198768  0.001  0.000    2.600    7.024    0    0  (Gen:  0)
  1035368    135656  52261144  0.001  0.000    2.601    7.024    0    0  (Gen:  0)
  1068128    139488  52367016  0.001  0.000    2.603    7.025    0    0  (Gen:  0)
  1419400    100728  52422912  0.001  0.000    2.605    7.026    0    0  (Gen:  0)
  1038104     31888  52425040  0.000  0.000    2.605    7.027    0    0  (Gen:  0)
  1328472     40552  52486544  0.000  0.000    2.607    7.029    0    0  (Gen:  0)
  1312072     42016  52512128  0.000  0.000    2.608    7.029    0    0  (Gen:  0)
  1036472     73992  52558176  0.001  0.000    2.609    7.030    0    0  (Gen:  0)
  1035336    118680  52618088  0.001  0.000    2.611    7.031    0    0  (Gen:  0)
  1038056    119472  52672704  0.001  0.000    2.612    7.032    0    0  (Gen:  0)
  1131712     72584  52717032  0.001  0.000    2.614    7.033    0    0  (Gen:  0)
  1857112     49240  52752856  0.000  0.000    2.615    7.034    0    0  (Gen:  0)
  1100368     47024  52759936  0.000  0.000    2.616    7.035    0    0  (Gen:  0)
  1785328     45208  52791344  0.000  0.000    2.618    7.037    0    0  (Gen:  0)
  1352752     44688  52837120  0.000  0.000    2.620    7.038    0    0  (Gen:  0)
  1040568     17592  52828480  0.000  0.000    2.620    7.039    0    0  (Gen:  0)
  1034424     45288  52867984  0.000  0.000    2.621    7.039    0    0  (Gen:  0)
  1035240     92960  52921608  0.001  0.000    2.622    7.040    0    0  (Gen:  0)
  1035128    117688  52985600  0.001  0.000    2.624    7.041    0    0  (Gen:  0)
  1035848    126280  53042904  0.001  0.000    2.625    7.042    0    0  (Gen:  0)
  1033352    121080  53099880  0.001  0.000    2.627    7.042    0    0  (Gen:  0)
  1035296    130136  53165920  0.001  0.000    2.628    7.043    0    0  (Gen:  0)
  1034560    133840  53227192  0.001  0.000    2.630    7.044    0    0  (Gen:  0)
  1035376    127408  53286768  0.001  0.000    2.631    7.044    0    0  (Gen:  0)
  1036144    125744  53346320  0.001  0.000    2.633    7.045    0    0  (Gen:  0)
  1035368    119144  53400880  0.001  0.000    2.634    7.046    0    0  (Gen:  0)
  1036936    114400  53454976  0.001  0.000    2.636    7.047    0    0  (Gen:  0)
  1035240    117744  53512272  0.001  0.000    2.637    7.047    0    0  (Gen:  0)
  1035632    129000  53576256  0.001  0.000    2.638    7.048    0    0  (Gen:  0)
  1035944    133208  53639280  0.001  0.000    2.640    7.049    0    0  (Gen:  0)
  1035424    127936  53699680  0.001  0.000    2.641    7.050    0    0  (Gen:  0)
  1036448    120296  53758016  0.001  0.000    2.643    7.050    0    0  (Gen:  0)
  1770616    108392  53836568  0.001  0.000    2.645    7.052    0    0  (Gen:  0)
  1040912     62136  53847280  0.000  0.000    2.646    7.052    0    0  (Gen:  0)
  1040976     26688  53848168  0.000  0.000    2.647    7.053    0    0  (Gen:  0)
  2028816     36768  53915760  0.000  0.000    2.649    7.055    0    0  (Gen:  0)
  1170512     52616  53933272  0.000  0.000    2.650    7.056    0    0  (Gen:  0)
  1107008     34096  53942056  0.000  0.000    2.651    7.057    0    0  (Gen:  0)
  1139448     43816  53969672  0.000  0.000    2.652    7.058    0    0  (Gen:  0)
  1040392     80736  54031784  0.000  0.000    2.653    7.058    0    0  (Gen:  0)
  1034664     64536  54090200  0.000  0.000    2.654    7.059    0    0  (Gen:  0)
  2490624     63856  54194848  0.000  0.000    2.657    7.061    0    0  (Gen:  0)
  1035248     90552  54217312  0.001  0.000    2.658    7.062    0    0  (Gen:  0)
  1034728    136192  54288368  0.001  0.000    2.659    7.063    0    0  (Gen:  0)
  1072272    123856  54367688  0.001  0.000    2.661    7.064    0    0  (Gen:  0)
  1036128     47976  54360280  0.000  0.000    2.662    7.065    0    0  (Gen:  0)
  1287672     34880  54420000  0.000  0.000    2.664    7.066    0    0  (Gen:  0)
  1463064     49192  54452344  0.000  0.000    2.665    7.067    0    0  (Gen:  0)
  1069848     95480  54538744  0.001  0.000    2.666    7.068    0    0  (Gen:  0)
  1072752     89808  54589488  0.000  0.000    2.668    7.069    0    0  (Gen:  0)
  2849120     43096  54633784  0.000  0.000    2.671    7.072    0    0  (Gen:  0)
  1032808     99472  54684336  0.001  0.000    2.672    7.072    0    0  (Gen:  0)
  1034288    128376  54748672  0.001  0.000    2.673    7.073    0    0  (Gen:  0)
  1034448    129336  54812576  0.001  0.000    2.675    7.074    0    0  (Gen:  0)
  1035936    124520  54871304  0.001  0.000    2.676    7.075    0    0  (Gen:  0)
  1033648    127720  54935872  0.001  0.000    2.677    7.075    0    0  (Gen:  0)
  1036616    132120  54995568  0.001  0.000    2.679    7.076    0    0  (Gen:  0)
  1036896    126848  55057008  0.001  0.000    2.680    7.077    0    0  (Gen:  0)
  1029424    139328  55130744  0.001  0.000    2.682    7.078    0    0  (Gen:  0)
  1103320    102312  55185552  0.001  0.000    2.684    7.079    0    0  (Gen:  0)
  1430336     75032  55233288  0.000  0.000    2.685    7.080    0    0  (Gen:  0)
  1040632     57992  55234072  0.000  0.000    2.686    7.080    0    0  (Gen:  0)
  1040984     17952  55242880  0.000  0.000    2.687    7.081    0    0  (Gen:  0)
  1041072      8768  55235040  0.000  0.000    2.687    7.082    0    0  (Gen:  0)
  1648248     35872  55300528  0.000  0.000    2.690    7.084    0    0  (Gen:  0)
  1086296     85920  55360864  0.001  0.000    2.691    7.085    0    0  (Gen:  0)
  1673080    104360  55362176  0.001  0.000    2.693    7.086    0    0  (Gen:  0)
  1155672     64904  55410616  0.000  0.000    2.694    7.087    0    0  (Gen:  0)
  1088544     25832  55428072  0.000  0.000    2.696    7.088    0    0  (Gen:  0)
  1033912     81248  55483632  0.001  0.000    2.697    7.089    0    0  (Gen:  0)
  1033528    157176  55570440  0.001  0.000    2.698    7.090    0    0  (Gen:  0)
  2992896    164544  55680464  0.001  0.000    2.702    7.093    0    0  (Gen:  0)
  1107080     79344  55709512  0.000  0.000    2.703    7.094    0    0  (Gen:  0)
  1557544     24536  55830440  0.000  0.000    2.705    7.126    0    0  (Gen:  0)
  1041088     10336  55788240  0.000  0.000    2.705    7.127    0    0  (Gen:  0)
  1039936      7504  55791584  0.000  0.000    2.706    7.127    0    0  (Gen:  0)
  1038608      8136  55798640  0.000  0.000    2.707    7.128    0    0  (Gen:  0)
  1038880      8392  55801656  0.000  0.000    2.707    7.128    0    0  (Gen:  0)
  1039808      4344  55799304  0.000  0.000    2.708    7.128    0    0  (Gen:  0)
  1070136     48312  55876296  0.000  0.000    2.708    7.129    0    0  (Gen:  0)
  1032888    118872  55947160  0.001  0.000    2.710    7.130    0    0  (Gen:  0)
  1033472    148488  56019136  0.001  0.000    2.711    7.130    0    0  (Gen:  0)
  1037232    121064  56062448  0.001  0.000    2.712    7.131    0    0  (Gen:  0)
  1031736    120584  56133872  0.001  0.000    2.714    7.132    0    0  (Gen:  0)
  1035984    126624  56182856  0.001  0.000    2.715    7.133    0    0  (Gen:  0)
  1032896    123472  56253656  0.001  0.000    2.717    7.133    0    0  (Gen:  0)
  1070304    134256  56345416  0.001  0.000    2.718    7.134    0    0  (Gen:  0)
  1034720    121736  56402568  0.001  0.000    2.720    7.135    0    0  (Gen:  0)
  1070760    127504  56501136  0.001  0.000    2.721    7.135    0    0  (Gen:  0)
  1033592    140456  56571088  0.001  0.000    2.722    7.136    0    0  (Gen:  0)
  1174360    139824  56734536  0.001  0.000    2.724    7.137    0    0  (Gen:  0)
  1073784     92000  56787768  0.001  0.000    2.726    7.138    0    0  (Gen:  0)
  1107344     38072  56803320  0.000  0.000    2.727    7.139    0    0  (Gen:  0)
  1967952     43984  56791080  0.000  0.000    2.729    7.141    0    0  (Gen:  0)
  1122944     36224  56874800  0.000  0.000    2.730    7.142    0    0  (Gen:  0)
  1809800     48672  56897976  0.000  0.000    2.732    7.144    0    0  (Gen:  0)
  2400936     86952  56969704  0.000  0.000    2.734    7.146    0    0  (Gen:  0)
  1037088    122592  57029944  0.001  0.000    2.736    7.147    0    0  (Gen:  0)
  1033688    163008  57118136  0.001  0.000    2.737    7.148    0    0  (Gen:  0)
  1032432    163496  57188888  0.001  0.000    2.739    7.148    0    0  (Gen:  0)
  1033048    162880  57279976  0.001  0.000    2.741    7.149    0    0  (Gen:  0)
  1034776    173072  57361768  0.001  0.000    2.742    7.150    0    0  (Gen:  0)
  1034376    182000  57452024  0.001  0.000    2.744    7.151    0    0  (Gen:  0)
  1033368    181928  57539536  0.001  0.000    2.746    7.152    0    0  (Gen:  0)
  1031264    169136  57611176  0.001  0.000    2.748    7.153    0    0  (Gen:  0)
  1105616     97048  57659392  0.000  0.000    2.749    7.154    0    0  (Gen:  0)
  1883544     46784  57685040  0.000  0.000    2.751    7.155    0    0  (Gen:  0)
  1490408     52080  57834584  0.000  0.000    2.752    7.157    0    0  (Gen:  0)
  2850760     70648  58016392  0.000  0.000    2.755    7.159    0    0  (Gen:  0)
  1104296     58960  58026296  0.000  0.000    2.757    7.160    0    0  (Gen:  0)
  1229104     42920  58099048  0.000  0.000    2.758    7.162    0    0  (Gen:  0)
  1038864     64880  58121624  0.000  0.000    2.759    7.162    0    0  (Gen:  0)
  1032352     99984  58185824  0.001  0.000    2.760    7.163    0    0  (Gen:  0)
  1071536    112872  58261280  0.001  0.000    2.762    7.164    0    0  (Gen:  0)
  1039120     70168  58285384  0.001  0.000    2.763    7.165    0    0  (Gen:  0)
  1318040     65984  58352936  0.000  0.000    2.765    7.166    0    0  (Gen:  0)
  1087632     42184  58365784  0.000  0.000    2.766    7.167    0    0  (Gen:  0)
  1071992     75496  58406080  0.001  0.000    2.767    7.168    0    0  (Gen:  0)
  1073328     73552  58452632  0.001  0.000    2.768    7.169    0    0  (Gen:  0)
  2884616     57784  58573992  0.000  0.000    2.771    7.172    0    0  (Gen:  0)
  1032464     93056  58614608  0.001  0.000    2.773    7.173    0    0  (Gen:  0)
  1171848     79080  58667632  0.001  0.000    2.774    7.174    0    0  (Gen:  0)
  1787416     40352  58686424  0.000  0.000    2.776    7.176    0    0  (Gen:  0)
  1103472     35536  58715560  0.000  0.000    2.777    7.177    0    0  (Gen:  0)
  1035208     55016  58744960  0.000  0.000    2.778    7.177    0    0  (Gen:  0)
  1037072     68256  58769944  0.001  0.000    2.779    7.178    0    0  (Gen:  0)
  1036376     58912  58799648  0.000  0.000    2.780    7.178    0    0  (Gen:  0)
  1037032     81976  58847984  0.001  0.000    2.781    7.179    0    0  (Gen:  0)
  1036336    118352  58906416  0.001  0.000    2.782    7.179    0    0  (Gen:  0)
  1071928    116456  58992728  0.001  0.000    2.784    7.180    0    0  (Gen:  0)
  1036456    117712  59050768  0.001  0.000    2.785    7.181    0    0  (Gen:  0)
  1069472    121064  59141096  0.001  0.000    2.786    7.182    0    0  (Gen:  0)
  1041456     94080  59172680  0.000  0.000    2.788    7.182    0    0  (Gen:  0)
  1038176     53120  59189392  0.000  0.000    2.789    7.183    0    0  (Gen:  0)
  2224392     62960  59304120  0.000  0.000    2.791    7.186    0    0  (Gen:  0)
  1790872     71032  59323512  0.000  0.000    2.793    7.187    0    0  (Gen:  0)
  1642872     64480  59398848  0.000  0.000    2.795    7.189    0    0  (Gen:  0)
  1041168     30192  59390824  0.000  0.000    2.796    7.190    0    0  (Gen:  0)
  1036528     45880  59434696  0.000  0.000    2.797    7.190    0    0  (Gen:  0)
  1037712     81608  59472288  0.001  0.000    2.798    7.191    0    0  (Gen:  0)
  1034376     97368  59527608  0.001  0.000    2.799    7.192    0    0  (Gen:  0)
  1065152    125648  59625080  0.001  0.000    2.801    7.193    0    0  (Gen:  0)
  1035768    125792  59681224  0.001  0.000    2.802    7.193    0    0  (Gen:  0)
  1917176    116392  59769920  0.001  0.000    2.804    7.195    0    0  (Gen:  0)
  1041480     68744  59776760  0.000  0.000    2.805    7.195    0    0  (Gen:  0)
  1513720     33560  59823736  0.000  0.000    2.807    7.196    0    0  (Gen:  0)
  1559768     34584  59840264  0.000  0.000    2.808    7.198    0    0  (Gen:  0)
  1216552     35328  59953592  0.000  0.000    2.810    7.199    0    0  (Gen:  0)
  1059904     29048  59878144  0.000  0.000    2.811    7.200    0    0  (Gen:  0)
  1532328     17760  60003312  0.000  0.000    2.812    7.233    0    0  (Gen:  0)
  1040704      6368  59968240  0.000  0.000    2.812    7.234    0    0  (Gen:  0)
  1041056      7400  59971528  0.000  0.000    2.813    7.234    0    0  (Gen:  0)
  1034616     10904  59981720  0.000  0.000    2.814    7.235    0    0  (Gen:  0)
  1038568      5832  59978984  0.000  0.000    2.814    7.235    0    0  (Gen:  0)
  1039896      4264  59979184  0.000  0.000    2.815    7.235    0    0  (Gen:  0)
  1035064     47232  60022376  0.000  0.000    2.815    7.236    0    0  (Gen:  0)
  1034032    101776  60081296  0.001  0.000    2.816    7.237    0    0  (Gen:  0)
  1033952    122608  60144936  0.001  0.000    2.818    7.237    0    0  (Gen:  0)
  1032888    124104  60201592  0.001  0.000    2.819    7.238    0    0  (Gen:  0)
  1034880    116104  60256136  0.001  0.000    2.820    7.239    0    0  (Gen:  0)
  1034744    127368  60322384  0.001  0.000    2.822    7.240    0    0  (Gen:  0)
  1036720    125304  60376312  0.001  0.000    2.823    7.240    0    0  (Gen:  0)
  1035432    121232  60437568  0.001  0.000    2.825    7.241    0    0  (Gen:  0)
  1036088    121320  60492664  0.001  0.000    2.826    7.242    0    0  (Gen:  0)
  1134632    126968  60624592  0.001  0.000    2.828    7.242    0    0  (Gen:  0)
  1034032    147432  60698968  0.001  0.000    2.829    7.243    0    0  (Gen:  0)
  1033648    142280  60761840  0.001  0.000    2.831    7.244    0    0  (Gen:  0)
  1036080    131584  60825632  0.001  0.000    2.832    7.245    0    0  (Gen:  0)
  1069720    140304  60931992  0.001  0.000    2.834    7.245    0    0  (Gen:  0)
  1035160    134272  60990736  0.001  0.000    2.835    7.246    0    0  (Gen:  0)
  1035176    115304  61041608  0.001  0.000    2.836    7.247    0    0  (Gen:  0)
  1035952    114904  61099832  0.001  0.000    2.838    7.247    0    0  (Gen:  0)
  1034944    115464  61150984  0.001  0.000    2.839    7.248    0    0  (Gen:  0)
  1035288    118376  61209832  0.001  0.000    2.840    7.249    0    0  (Gen:  0)
  1034784    120112  61264744  0.001  0.000    2.842    7.249    0    0  (Gen:  0)
  1033608    117256  61318784  0.001  0.000    2.843    7.250    0    0  (Gen:  0)
  1036608    122544  61379504  0.001  0.000    2.844    7.251    0    0  (Gen:  0)
  1033600    132408  61442680  0.001  0.000    2.846    7.252    0    0  (Gen:  0)
  1037680    127408  61505008  0.001  0.000    2.847    7.252    0    0  (Gen:  0)
  1036376    109576  61551112  0.001  0.000    2.849    7.253    0    0  (Gen:  0)
  1035312     99096  61599624  0.001  0.000    2.850    7.253    0    0  (Gen:  0)
  1033920    117712  61661376  0.001  0.000    2.851    7.254    0    0  (Gen:  0)
  1034656    140768  61732360  0.001  0.000    2.853    7.255    0    0  (Gen:  0)
  1139416    152328  61906032  0.001  0.000    2.854    7.256    0    0  (Gen:  0)
  1034016    143640  61969184  0.001  0.000    2.856    7.257    0    0  (Gen:  0)
  1128728    121544  62087760  0.001  0.000    2.858    7.257    0    0  (Gen:  0)
  1034616    124720  62151944  0.001  0.000    2.859    7.258    0    0  (Gen:  0)
  1137400    134528  62282968  0.001  0.000    2.861    7.259    0    0  (Gen:  0)
  1033872    128496  62340792  0.001  0.000    2.862    7.260    0    0  (Gen:  0)
  1100888    110568  62449696  0.001  0.000    2.863    7.260    0    0  (Gen:  0)
  1034920    123992  62525152  0.001  0.000    2.865    7.261    0    0  (Gen:  0)
  1034104    144632  62587872  0.001  0.000    2.866    7.262    0    0  (Gen:  0)
  1033608    130984  62649512  0.001  0.000    2.868    7.262    0    0  (Gen:  0)
  1037848    116384  62699040  0.001  0.000    2.869    7.263    0    0  (Gen:  0)
  1036224    102296  62745880  0.001  0.000    2.870    7.264    0    0  (Gen:  0)
  1035152    104648  62798312  0.001  0.000    2.872    7.264    0    0  (Gen:  0)
  1035408    110024  62847632  0.001  0.000    2.873    7.265    0    0  (Gen:  0)
  1034184    115760  62906040  0.001  0.000    2.874    7.266    0    0  (Gen:  0)
  1035328    118392  62957208  0.001  0.000    2.875    7.266    0    0  (Gen:  0)
  1032168     86136  62985352  0.000  0.000    2.877    7.267    0    0  (Gen:  0)
  1035360     89224  63040240  0.000  0.000    2.878    7.267    0    0  (Gen:  0)
  1065232    121984  63133032  0.001  0.000    2.879    7.268    0    0  (Gen:  0)
  1035432    132648  63197632  0.001  0.000    2.880    7.269    0    0  (Gen:  0)
  1032504    129288  63259760  0.001  0.000    2.882    7.270    0    0  (Gen:  0)
  1034632    128464  63319752  0.001  0.000    2.883    7.270    0    0  (Gen:  0)
  1035048    122472  63377632  0.001  0.000    2.885    7.271    0    0  (Gen:  0)
  1032760    134376  63444144  0.001  0.000    2.886    7.272    0    0  (Gen:  0)
  1037304    128680  63501000  0.001  0.000    2.887    7.272    0    0  (Gen:  0)
  1066448    121800  63598480  0.001  0.000    2.889    7.273    0    0  (Gen:  0)
  1036040    123120  63655256  0.001  0.000    2.890    7.274    0    0  (Gen:  0)
  1035936    137360  63728224  0.001  0.000    2.892    7.274    0    0  (Gen:  0)
  1035352    148080  63796744  0.001  0.000    2.893    7.275    0    0  (Gen:  0)
  1081872    143336  63894992  0.001  0.000    2.895    7.276    0    0  (Gen:  0)
  2158200    107112  63963240  0.000  0.000    2.897    7.278    0    0  (Gen:  0)
  1070936     75408  64001840  0.000  0.000    2.899    7.279    0    0  (Gen:  0)
  1363824     75976  64030856  0.000  0.000    2.900    7.280    0    0  (Gen:  0)
  1071064     72080  64067344  0.000  0.000    2.901    7.281    0    0  (Gen:  0)
  1041320     46544  64066816  0.000  0.000    2.902    7.282    0    0  (Gen:  0)
  1040880     11888  64069672  0.000  0.000    2.903    7.282    0    0  (Gen:  0)
  1040992     12096  64071272  0.000  0.000    2.904    7.283    0    0  (Gen:  0)
  2140616     39856  64141320  0.000  0.000    2.906    7.285    0    0  (Gen:  0)
  1171240     53616  64156776  0.000  0.000    2.907    7.286    0    0  (Gen:  0)
  1656744     43000  64210272  0.000  0.000    2.909    7.287    0    0  (Gen:  0)
  1975760     58656  64277024  0.000  0.000    2.911    7.290    0    0  (Gen:  0)
  1684120     51008  64498016  0.000  0.000    2.913    7.324    0    0  (Gen:  0)
  1041104     17472  64447952  0.000  0.000    2.914    7.325    0    0  (Gen:  0)
  1038128      5056  64448784  0.000  0.000    2.915    7.325    0    0  (Gen:  0)
  1038784      9592  64457800  0.000  0.000    2.915    7.326    0    0  (Gen:  0)
  1038696      7688  64460048  0.000  0.000    2.916    7.326    0    0  (Gen:  0)
  1038704     13840  64467872  0.000  0.000    2.916    7.326    0    0  (Gen:  0)
  1030992     61088  64515512  0.000  0.000    2.917    7.327    0    0  (Gen:  0)
  1034208    114576  64578440  0.001  0.000    2.919    7.328    0    0  (Gen:  0)
  1035040    126112  64641096  0.001  0.000    2.920    7.328    0    0  (Gen:  0)
  1035240    120952  64695416  0.001  0.000    2.921    7.329    0    0  (Gen:  0)
  1032968    126536  64763592  0.001  0.000    2.923    7.330    0    0  (Gen:  0)
  1402472    145816  64833960  0.000  0.000    2.924    7.331    0    0  (Gen:  0)
  1035576    142136  64900424  0.001  0.000    2.926    7.332    0    0  (Gen:  0)
  1034736    133992  64962208  0.001  0.000    2.927    7.332    0    0  (Gen:  0)
  1035264    131936  65026864  0.001  0.000    2.928    7.333    0    0  (Gen:  0)
  1034936    128304  65086112  0.001  0.000    2.930    7.334    0    0  (Gen:  0)
  1034944    135096  65157328  0.001  0.000    2.931    7.334    0    0  (Gen:  0)
  1035944    140336  65219104  0.001  0.000    2.933    7.335    0    0  (Gen:  0)
  1034336    129848  65282976  0.001  0.000    2.934    7.336    0    0  (Gen:  0)
  1034088    121824  65336136  0.001  0.000    2.936    7.336    0    0  (Gen:  0)
  1034376     99544  65375208  0.000  0.000    2.937    7.337    0    0  (Gen:  0)
  1033200     73152  65403624  0.000  0.000    2.938    7.337    0    0  (Gen:  0)
  1036536     91368  65447856  0.000  0.000    2.939    7.338    0    0  (Gen:  0)
  1035624     98184  65496888  0.001  0.000    2.940    7.339    0    0  (Gen:  0)
  1034984    109224  65550056  0.001  0.000    2.941    7.339    0    0  (Gen:  0)
  1034872    130032  65619904  0.001  0.000    2.942    7.340    0    0  (Gen:  0)
  1035448    149144  65693768  0.001  0.000    2.944    7.341    0    0  (Gen:  0)
  1036040    138896  65754112  0.001  0.000    2.945    7.341    0    0  (Gen:  0)
  1036264    116312  65805104  0.001  0.000    2.947    7.342    0    0  (Gen:  0)
  1036112    121216  65868496  0.001  0.000    2.948    7.343    0    0  (Gen:  0)
  1035992    130264  65931296  0.001  0.000    2.949    7.343    0    0  (Gen:  0)
  1033736    122968  65987128  0.001  0.000    2.951    7.344    0    0  (Gen:  0)
  1036168    106224  66028968  0.001  0.000    2.952    7.345    0    0  (Gen:  0)
  1036288    121368  66104200  0.001  0.000    2.954    7.346    0    0  (Gen:  0)
  1032824    143232  66166704  0.001  0.000    2.955    7.346    0    0  (Gen:  0)
  1033664    128472  66226920  0.001  0.000    2.956    7.347    0    0  (Gen:  0)
  1036544    111264  66274048  0.001  0.000    2.958    7.348    0    0  (Gen:  0)
  1036000    101624  66323488  0.001  0.000    2.959    7.348    0    0  (Gen:  0)
  1035640    104104  66372032  0.001  0.000    2.960    7.349    0    0  (Gen:  0)
  1034184    106072  66424848  0.001  0.000    2.961    7.349    0    0  (Gen:  0)
  1034920    116160  66482728  0.001  0.000    2.963    7.350    0    0  (Gen:  0)
  1035104    127248  66546576  0.001  0.000    2.964    7.351    0    0  (Gen:  0)
  1031976     83728  66561048  0.001  0.000    2.965    7.351    0    0  (Gen:  0)
  1034216     90976  66613960  0.001  0.000    2.966    7.352    0    0  (Gen:  0)
  1035320    120216  66675416  0.001  0.000    2.968    7.353    0    0  (Gen:  0)
  1033424    136256  66743344  0.001  0.000    2.969    7.353    0    0  (Gen:  0)
  1034368    130528  66800080  0.001  0.000    2.970    7.354    0    0  (Gen:  0)
  1037104    124640  66855760  0.001  0.000    2.972    7.355    0    0  (Gen:  0)
  1033928    124120  66918728  0.001  0.000    2.973    7.355    0    0  (Gen:  0)
  1032952    134016  66984664  0.001  0.000    2.975    7.356    0    0  (Gen:  0)
  1034528    121608  67035912  0.001  0.000    2.976    7.357    0    0  (Gen:  0)
  1034592    125936  67103552  0.001  0.000    2.977    7.357    0    0  (Gen:  0)
  1031816    149704  67179264  0.001  0.000    2.979    7.358    0    0  (Gen:  0)
  1035368    141376  67236976  0.001  0.000    2.980    7.359    0    0  (Gen:  0)
  1032984    121272  67296056  0.001  0.000    2.982    7.360    0    0  (Gen:  0)
  1072840     90760  67354208  0.000  0.000    2.983    7.361    0    0  (Gen:  0)
  1039008     78768  67403488  0.001  0.000    2.985    7.362    0    0  (Gen:  0)
  1041184     78200  67424744  0.000  0.000    2.986    7.362    0    0  (Gen:  0)
  1041216     34344  67430160  0.000  0.000    2.986    7.363    0    0  (Gen:  0)
  1040928     12024  67429896  0.000  0.000    2.987    7.364    0    0  (Gen:  0)
  2120328     37952  67493944  0.000  0.000    2.989    7.366    0    0  (Gen:  0)
  1097784     38840  67517000  0.000  0.000    2.991    7.367    0    0  (Gen:  0)
  1035648     75216  67569120  0.001  0.000    2.992    7.368    0    0  (Gen:  0)
  1034256    136360  67639464  0.001  0.000    2.993    7.369    0    0  (Gen:  0)
  1033808    140912  67702896  0.001  0.000    2.995    7.369    0    0  (Gen:  0)
  1034376    131912  67764088  0.001  0.000    2.996    7.370    0    0  (Gen:  0)
  1033912    127528  67825864  0.001  0.000    2.998    7.371    0    0  (Gen:  0)
  1034504    130712  67894872  0.001  0.000    2.999    7.371    0    0  (Gen:  0)
  1030992    138520  67963024  0.001  0.000    3.001    7.372    0    0  (Gen:  0)
  1029568    136512  68024464  0.001  0.000    3.002    7.373    0    0  (Gen:  0)
  1073096     86104  68076416  0.000  0.000    3.003    7.374    0    0  (Gen:  0)
  1040384     53480  68107520  0.000  0.000    3.005    7.375    0    0  (Gen:  0)
  1040432     51088  68117824  0.000  0.000    3.005    7.375    0    0  (Gen:  0)
  1041896     20368  68118608  0.000  0.000    3.006    7.376    0    0  (Gen:  0)
  1652552     35424  68194856  0.000  0.000    3.008    7.378    0    0  (Gen:  0)
  1033232     70944  68230320  0.001  0.000    3.010    7.379    0    0  (Gen:  0)
  1030632    104048  68284560  0.001  0.000    3.011    7.380    0    0  (Gen:  0)
  1034928    128472  68353920  0.001  0.000    3.012    7.380    0    0  (Gen:  0)
  1031936    146560  68423696  0.001  0.000    3.014    7.381    0    0  (Gen:  0)
  1034312    148144  68496784  0.001  0.000    3.016    7.382    0    0  (Gen:  0)
  1033896    145192  68563712  0.001  0.000    3.017    7.383    0    0  (Gen:  0)
  1027672    142872  68632272  0.001  0.000    3.019    7.383    0    0  (Gen:  0)
  1072656     88208  68677984  0.000  0.000    3.020    7.384    0    0  (Gen:  0)
  1351496     30304  68952264  0.000  0.000    3.021    7.385    0    0  (Gen:  0)
  2134040     85120  69185360  0.000  0.000    3.023    7.387    0    0  (Gen:  0)
  1128688     67888  69229096  0.000  0.000    3.024    7.388    0    0  (Gen:  0)
  1068952     91200  69329416  0.001  0.000    3.026    7.389    0    0  (Gen:  0)
  1034448    137656  69390096  0.001  0.000    3.027    7.390    0    0  (Gen:  0)
  1069960    138368  69496400  0.001  0.000    3.029    7.390    0    0  (Gen:  0)
  1070128    129072  69579168  0.000  0.000    3.030    7.391    0    0  (Gen:  0)
  1034528     76384  69598824  0.000  0.000    3.031    7.392    0    0  (Gen:  0)
  1169608     50984  69652776  0.000  0.000    3.033    7.393    0    0  (Gen:  0)
  1132520     31072  69685544  0.000  0.000    3.034    7.394    0    0  (Gen:  0)
  1036136     72592  69731784  0.001  0.000    3.035    7.395    0    0  (Gen:  0)
  1031896    128568  69801360  0.001  0.000    3.036    7.396    0    0  (Gen:  0)
  1033624    151152  69878072  0.001  0.000    3.038    7.396    0    0  (Gen:  0)
  1031128    159280  69955944  0.001  0.000    3.039    7.397    0    0  (Gen:  0)
  1033440    143168  70014768  0.001  0.000    3.041    7.398    0    0  (Gen:  0)
  1035032    135352  70083520  0.001  0.000    3.042    7.399    0    0  (Gen:  0)
  1034440    137376  70147464  0.001  0.000    3.044    7.399    0    0  (Gen:  0)
  1030752    145864  70219984  0.001  0.000    3.045    7.400    0    0  (Gen:  0)
  1067792    137024  70311680  0.001  0.000    3.047    7.401    0    0  (Gen:  0)
  1040656     89864  70336976  0.001  0.000    3.048    7.402    0    0  (Gen:  0)
  3428960     76280  70449120  0.000  0.000    3.051    7.405    0    0  (Gen:  0)
  1035896    100480  70488664  0.001  0.000    3.053    7.405    0    0  (Gen:  0)
  1036264    111880  70540576  0.001  0.000    3.054    7.406    0    0  (Gen:  0)
  1036440    105808  70588872  0.001  0.000    3.055    7.407    0    0  (Gen:  0)
  1033520    116344  70651696  0.001  0.000    3.056    7.407    0    0  (Gen:  0)
  1033520    132688  70720072  0.001  0.000    3.058    7.408    0    0  (Gen:  0)
  1035352    143408  70793464  0.001  0.000    3.059    7.409    0    0  (Gen:  0)
  1035048    142192  70856152  0.001  0.000    3.061    7.410    0    0  (Gen:  0)
  1036360    120336  70908624  0.001  0.000    3.062    7.410    0    0  (Gen:  0)
  1034144    127184  70972368  0.001  0.000    3.064    7.411    0    0  (Gen:  0)
  1034976    137440  71040392  0.001  0.000    3.065    7.412    0    0  (Gen:  0)
  1033976    138776  71105752  0.001  0.000    3.067    7.413    0    0  (Gen:  0)
  1034032    139328  71174632  0.001  0.000    3.068    7.413    0    0  (Gen:  0)
  1256184     87840  71218224  0.001  0.000    3.070    7.414    0    0  (Gen:  0)
  1040816     53928  71254728  0.000  0.000    3.071    7.415    0    0  (Gen:  0)
  1069952     44600  71289576  0.000  0.000    3.072    7.416    0    0  (Gen:  0)
  1314776     30352  71304288  0.000  0.000    3.073    7.417    0    0  (Gen:  0)
  1257864     40240  71319848  0.000  0.000    3.074    7.418    0    0  (Gen:  0)
  2316608     52552  71356040  0.000  0.000    3.076    7.420    0    0  (Gen:  0)
  1897304     63560  71386648  0.000  0.000    3.079    7.422    0    0  (Gen:  0)
  1127928     37152  71435280  0.000  0.000    3.080    7.423    0    0  (Gen:  0)
  1035752     64456  71478992  0.000  0.000    3.081    7.424    0    0  (Gen:  0)
  1035728     91440  71513872  0.001  0.000    3.082    7.424    0    0  (Gen:  0)
  1035568    104472  71578672  0.001  0.000    3.083    7.425    0    0  (Gen:  0)
  1037240    113016  71626264  0.001  0.000    3.085    7.426    0    0  (Gen:  0)
  1033176    128088  71702784  0.001  0.000    3.086    7.427    0    0  (Gen:  0)
  1033768    153856  71772720  0.001  0.000    3.088    7.427    0    0  (Gen:  0)
  1035392    129416  71825896  0.001  0.000    3.089    7.428    0    0  (Gen:  0)
  1035544    127768  71894256  0.001  0.000    3.091    7.429    0    0  (Gen:  0)
  1034608    149248  71968696  0.001  0.000    3.093    7.430    0    0  (Gen:  0)
  1034064    157096  72042544  0.001  0.000    3.094    7.431    0    0  (Gen:  0)
  1032480    150312  72111120  0.001  0.000    3.096    7.431    0    0  (Gen:  0)
  1518536    156920  72192392  0.001  0.000    3.097    7.432    0    0  (Gen:  0)
  1032712    152816  72259320  0.001  0.000    3.099    7.433    0    0  (Gen:  0)
  1034928    137792  72322552  0.001  0.000    3.101    7.434    0    0  (Gen:  0)
  1035360    151928  72406072  0.001  0.000    3.102    7.435    0    0  (Gen:  0)
  1034944    161328  72482880  0.001  0.000    3.104    7.435    0    0  (Gen:  0)
  1034784    149104  72554760  0.001  0.000    3.105    7.436    0    0  (Gen:  0)
  1034408    145992  72623960  0.001  0.000    3.107    7.437    0    0  (Gen:  0)
  1032352    144944  72693032  0.001  0.000    3.109    7.438    0    0  (Gen:  0)
  1035080    145600  72764576  0.001  0.000    3.110    7.439    0    0  (Gen:  0)
  1033616    148560  72835440  0.001  0.000    3.112    7.439    0    0  (Gen:  0)
  1035104    142096  72901632  0.001  0.000    3.113    7.440    0    0  (Gen:  0)
  1035416    149752  72978328  0.001  0.000    3.115    7.441    0    0  (Gen:  0)
  1034440    160368  73057072  0.001  0.000    3.116    7.442    0    0  (Gen:  0)
  1034120    169360  73141008  0.001  0.000    3.118    7.443    0    0  (Gen:  0)
  1033792    145264  73197080  0.001  0.000    3.120    7.443    0    0  (Gen:  0)
  1035560    126992  73262864  0.001  0.000    3.121    7.444    0    0  (Gen:  0)
  1035304    141704  73333136  0.001  0.000    3.123    7.445    0    0  (Gen:  0)
  1069312    142528  73431592  0.001  0.000    3.124    7.446    0    0  (Gen:  0)
  1040640     97752  73458416  0.001  0.000    3.126    7.447    0    0  (Gen:  0)
  1041128     44368  73468488  0.000  0.000    3.127    7.447    0    0  (Gen:  0)
  1040624     23232  73472984  0.000  0.000    3.128    7.448    0    0  (Gen:  0)
  1040432     10648  73472880  0.000  0.000    3.128    7.449    0    0  (Gen:  0)
  2918768     47880  73565272  0.000  0.000    3.131    7.451    0    0  (Gen:  0)
  1037608     96584  73607680  0.001  0.000    3.133    7.452    0    0  (Gen:  0)
  1070744     92128  73676800  0.000  0.000    3.134    7.453    0    0  (Gen:  0)
  1040472     49240  73684432  0.000  0.000    3.135    7.454    0    0  (Gen:  0)
  1942264     50032  73757312  0.000  0.000    3.137    7.456    0    0  (Gen:  0)
  1144360     41816  73773856  0.000  0.000    3.138    7.456    0    0  (Gen:  0)
  1036576     47304  73811264  0.000  0.000    3.139    7.457    0    0  (Gen:  0)
  1032616    114560  73884920  0.001  0.000    3.140    7.458    0    0  (Gen:  0)
  1032224    145256  73952520  0.001  0.000    3.142    7.458    0    0  (Gen:  0)
  1072384    109224  74019904  0.000  0.000    3.143    7.459    0    0  (Gen:  0)
  1065368     74976  74054880  0.000  0.000    3.144    7.460    0    0  (Gen:  0)
  2457464     92672  74116520  0.000  0.000    3.147    7.463    0    0  (Gen:  0)
  1035824    143768  74192048  0.001  0.000    3.149    7.464    0    0  (Gen:  0)
  1071800    122912  74258880  0.001  0.000    3.150    7.465    0    0  (Gen:  0)
  1164472     53512  74270264  0.000  0.000    3.152    7.466    0    0  (Gen:  0)
  1298752     35616  74334360  0.000  0.000    3.153    7.468    0    0  (Gen:  0)
  1107528     34520  74389432  0.000  0.000    3.155    7.469    0    0  (Gen:  0)
  1257072     15984  74476544  0.000  0.000    3.156    7.500    0    0  (Gen:  0)
  1040208      7680  74472384  0.000  0.000    3.156    7.500    0    0  (Gen:  0)
  1040336      8368  74476552  0.000  0.000    3.157    7.501    0    0  (Gen:  0)
  1038936      7944  74483720  0.000  0.000    3.157    7.501    0    0  (Gen:  0)
  1038480      5952  74484184  0.000  0.000    3.158    7.501    0    0  (Gen:  0)
  1040288      4208  74484184  0.000  0.000    3.158    7.502    0    0  (Gen:  0)
  1034840     45000  74525184  0.000  0.000    3.159    7.502    0    0  (Gen:  0)
  1033696    116704  74597000  0.001  0.000    3.160    7.503    0    0  (Gen:  0)
  1035952    154448  74674896  0.001  0.000    3.162    7.504    0    0  (Gen:  0)
  1035688    158344  74749664  0.001  0.000    3.164    7.505    0    0  (Gen:  0)
  1033536    156440  74824504  0.001  0.000    3.165    7.506    0    0  (Gen:  0)
  1033968    148384  74897824  0.001  0.000    3.167    7.506    0    0  (Gen:  0)
  1034080    141528  74965256  0.001  0.000    3.168    7.507    0    0  (Gen:  0)
  1035872    141768  75032624  0.001  0.000    3.170    7.508    0    0  (Gen:  0)
  1034280    142088  75102992  0.001  0.000    3.171    7.509    0    0  (Gen:  0)
  1031696    135992  75164528  0.001  0.000    3.173    7.510    0    0  (Gen:  0)
  1163840     83568  75214320  0.001  0.000    3.174    7.511    0    0  (Gen:  0)
  1041080     23976  75217032  0.000  0.000    3.175    7.511    0    0  (Gen:  0)
  1041128     13080  75217760  0.000  0.000    3.176    7.512    0    0  (Gen:  0)
  1040936     12056  75218224  0.000  0.000    3.177    7.512    0    0  (Gen:  0)
  1041592     13928  75221616  0.000  0.000    3.177    7.513    0    0  (Gen:  0)
  1133784     30168  75272024  0.000  0.000    3.179    7.514    0    0  (Gen:  0)
  1721648     32512  75388992  0.000  0.000    3.180    7.516    0    0  (Gen:  0)
  1036800     59176  75421448  0.000  0.000    3.181    7.516    0    0  (Gen:  0)
  1035072     88400  75464664  0.001  0.000    3.182    7.517    0    0  (Gen:  0)
  1033056     94504  75511280  0.001  0.000    3.184    7.518    0    0  (Gen:  0)
  1036632    111168  75574016  0.001  0.000    3.185    7.518    0    0  (Gen:  0)
  1243768    137712  75779360  0.001  0.000    3.186    7.519    0    0  (Gen:  0)
  1034384    145464  75845856  0.000  0.000    3.187    7.520    0    0  (Gen:  0)
  1173112    142776  76015064  0.001  0.000    3.189    7.521    0    0  (Gen:  0)
  1034192    146488  76084880  0.001  0.000    3.191    7.521    0    0  (Gen:  0)
  1102312    144056  76219528  0.001  0.000    3.192    7.522    0    0  (Gen:  0)
  1034576    141952  76287360  0.001  0.000    3.194    7.523    0    0  (Gen:  0)
  1035192    141024  76354888  0.001  0.000    3.195    7.523    0    0  (Gen:  0)
  1035832    141808  76423384  0.001  0.000    3.197    7.524    0    0  (Gen:  0)
  1034784    145600  76493952  0.001  0.000    3.198    7.525    0    0  (Gen:  0)
  1033936    140496  76559496  0.001  0.000    3.199    7.525    0    0  (Gen:  0)
  1035264    133568  76622672  0.001  0.000    3.201    7.526    0    0  (Gen:  0)
  1033456    134568  76689312  0.001  0.000    3.202    7.527    0    0  (Gen:  0)
  1034136    137064  76754320  0.001  0.000    3.203    7.527    0    0  (Gen:  0)
  1033792    140064  76823632  0.001  0.000    3.205    7.528    0    0  (Gen:  0)
  1033488    141776  76888912  0.001  0.000    3.206    7.529    0    0  (Gen:  0)
  1034416    143328  76961648  0.001  0.000    3.208    7.530    0    0  (Gen:  0)
  1033744    140456  77024408  0.001  0.000    3.209    7.530    0    0  (Gen:  0)
  1033320    138792  77094712  0.001  0.000    3.211    7.531    0    0  (Gen:  0)
  1033648    150072  77169888  0.001  0.000    3.212    7.532    0    0  (Gen:  0)
  1033400    154928  77244880  0.001  0.000    3.214    7.532    0    0  (Gen:  0)
  1033280    155920  77320928  0.001  0.000    3.215    7.533    0    0  (Gen:  0)
  1033456    151032  77391032  0.001  0.000    3.217    7.534    0    0  (Gen:  0)
  1312856    144272  77458048  0.001  0.000    3.218    7.535    0    0  (Gen:  0)
  1034304    142560  77528752  0.001  0.000    3.220    7.535    0    0  (Gen:  0)
  1035496    158080  77605408  0.001  0.000    3.222    7.536    0    0  (Gen:  0)
  1034248    156120  77678560  0.001  0.000    3.223    7.537    0    0  (Gen:  0)
  1034232    146968  77745936  0.001  0.000    3.225    7.538    0    0  (Gen:  0)
  1031808    146688  77820456  0.001  0.000    3.226    7.539    0    0  (Gen:  0)
  1034448    142776  77882896  0.001  0.000    3.228    7.539    0    0  (Gen:  0)
  1034088    140304  77952792  0.001  0.000    3.229    7.540    0    0  (Gen:  0)
  1034704    142296  78024928  0.001  0.000    3.231    7.541    0    0  (Gen:  0)
  1035144    136840  78089224  0.001  0.000    3.232    7.541    0    0  (Gen:  0)
  1034576    132984  78153064  0.001  0.000    3.233    7.542    0    0  (Gen:  0)
  1033816    133344  78218224  0.001  0.000    3.235    7.543    0    0  (Gen:  0)
  1034896    136368  78285320  0.001  0.000    3.236    7.543    0    0  (Gen:  0)
  1035400    143648  78356712  0.001  0.000    3.238    7.544    0    0  (Gen:  0)
  1034016    139720  78420712  0.001  0.000    3.239    7.545    0    0  (Gen:  0)
  1034400    138096  78489256  0.001  0.000    3.241    7.545    0    0  (Gen:  0)
  1033280    142600  78557336  0.001  0.000    3.242    7.546    0    0  (Gen:  0)
  1034072    130144  78613992  0.001  0.000    3.243    7.547    0    0  (Gen:  0)
  1034232    118784  78670200  0.001  0.000    3.245    7.547    0    0  (Gen:  0)
  1035208    112640  78719240  0.001  0.000    3.246    7.548    0    0  (Gen:  0)
  1034680    123320  78788648  0.001  0.000    3.247    7.549    0    0  (Gen:  0)
  1034448    148208  78860176  0.001  0.000    3.249    7.550    0    0  (Gen:  0)
  1035328    149560  78931312  0.001  0.000    3.250    7.550    0    0  (Gen:  0)
  1035736    146336  79004760  0.001  0.000    3.252    7.551    0    0  (Gen:  0)
  1031032    139592  79070928  0.001  0.000    3.253    7.552    0    0  (Gen:  0)
  1106104    147120  79178312  0.001  0.000    3.255    7.553    0    0  (Gen:  0)
  1033440    150552  79249624  0.001  0.000    3.256    7.553    0    0  (Gen:  0)
  1032664    152072  79323680  0.001  0.000    3.258    7.554    0    0  (Gen:  0)
  1036824    140592  79386128  0.001  0.000    3.259    7.555    0    0  (Gen:  0)
  1035960    118664  79437712  0.001  0.000    3.261    7.556    0    0  (Gen:  0)
  1068544    113856  79528488  0.001  0.000    3.262    7.556    0    0  (Gen:  0)
  1034968    119168  79587920  0.001  0.000    3.263    7.557    0    0  (Gen:  0)
  1035272    133400  79654888  0.001  0.000    3.265    7.558    0    0  (Gen:  0)
  1033408    140312  79722824  0.001  0.000    3.266    7.558    0    0  (Gen:  0)
  1035296    142792  79790976  0.001  0.000    3.268    7.559    0    0  (Gen:  0)
  1034896    144528  79862664  0.001  0.000    3.269    7.560    0    0  (Gen:  0)
  1036776    137192  79922432  0.001  0.000    3.271    7.561    0    0  (Gen:  0)
  1033488    140720  79998856  0.001  0.000    3.272    7.561    0    0  (Gen:  0)
  1106696    128384  80111472  0.001  0.000    3.274    7.562    0    0  (Gen:  0)
  1034672    120064  80176520  0.001  0.000    3.275    7.563    0    0  (Gen:  0)
  1030896    147976  80250912  0.001  0.000    3.277    7.564    0    0  (Gen:  0)
  1072504     96968  80297576  0.000  0.000    3.278    7.565    0    0  (Gen:  0)
  1041016     22408  80302600  0.000  0.000    3.279    7.565    0    0  (Gen:  0)
  1040640     62976  80353520  0.000  0.000    3.280    7.566    0    0  (Gen:  0)
  1075104     59128  80390064  0.000  0.000    3.281    7.567    0    0  (Gen:  0)
  1040744     14744  80393472  0.000  0.000    3.282    7.567    0    0  (Gen:  0)
  1069312     20672  80434328  0.000  0.000    3.283    7.568    0    0  (Gen:  0)
  3316016     59680  80483328  0.000  0.000    3.286    7.571    0    0  (Gen:  0)
  1521968     71072  80504904  0.000  0.000    3.287    7.572    0    0  (Gen:  0)
  1481376     79624  80554576  0.000  0.000    3.289    7.573    0    0  (Gen:  0)
  1250768     41424  80583696  0.000  0.000    3.291    7.575    0    0  (Gen:  0)
  1323064     43568  80616008  0.000  0.000    3.292    7.576    0    0  (Gen:  0)
  1036248     70280  80653528  0.001  0.000    3.293    7.577    0    0  (Gen:  0)
  1033336    125704  80728368  0.001  0.000    3.295    7.577    0    0  (Gen:  0)
  1034704    145000  80794416  0.001  0.000    3.296    7.578    0    0  (Gen:  0)
  1034912    139328  80863272  0.001  0.000    3.298    7.579    0    0  (Gen:  0)
  1035328    140824  80928792  0.001  0.000    3.299    7.580    0    0  (Gen:  0)
  1035584    129952  80989056  0.001  0.000    3.301    7.581    0    0  (Gen:  0)
  1034536    114752  81038520  0.001  0.000    3.302    7.581    0    0  (Gen:  0)
  1036328    124120  81105280  0.001  0.000    3.304    7.582    0    0  (Gen:  0)
  1620264    109304  81171768  0.001  0.000    3.306    7.583    0    0  (Gen:  0)
  1041448     52976  81182896  0.000  0.000    3.307    7.584    0    0  (Gen:  0)
  1826904     40616  81247232  0.000  0.000    3.308    7.586    0    0  (Gen:  0)
  1091952     52720  81279152  0.000  0.000    3.310    7.587    0    0  (Gen:  0)
  1029552    109920  81355504  0.001  0.000    3.311    7.588    0    0  (Gen:  0)
  1033728    163752  81439008  0.001  0.000    3.312    7.588    0    0  (Gen:  0)
  1784888    137976  81520184  0.001  0.000    3.315    7.590    0    0  (Gen:  0)
  1206248     79168  81545624  0.000  0.000    3.316    7.591    0    0  (Gen:  0)
  1296696     39176  81653360  0.000  0.000    3.318    7.623    0    0  (Gen:  0)
  1041016     16904  81598768  0.000  0.000    3.319    7.624    0    0  (Gen:  0)
  1038144      6896  81601440  0.000  0.000    3.319    7.624    0    0  (Gen:  0)
  1039728      7512  81606704  0.000  0.000    3.320    7.624    0    0  (Gen:  0)
  1038280      5968  81607056  0.000  0.000    3.320    7.625    0    0  (Gen:  0)
  1033664     64080  81666960  0.001  0.000    3.321    7.625    0    0  (Gen:  0)
  2637128    110960  81759008  0.001  0.000    3.324    7.628    0    0  (Gen:  0)
  1087016     68528  81782704  0.000  0.000    3.326    7.629    0    0  (Gen:  0)
  1035032     81600  81829896  0.001  0.000    3.327    7.630    0    0  (Gen:  0)
  1073040     81432  81883624  0.000  0.000    3.328    7.631    0    0  (Gen:  0)
  1040632     42216  81896504  0.000  0.000    3.330    7.632    0    0  (Gen:  0)
  3266000     66200  81996176  0.000  0.000    3.333    7.635    0    0  (Gen:  0)
  1036240    113872  82046360  0.001  0.000    3.334    7.635    0    0  (Gen:  0)
  1032560    137000  82120184  0.001  0.000    3.335    7.636    0    0  (Gen:  0)
  1034584    153584  82198608  0.001  0.000    3.337    7.637    0    0  (Gen:  0)
  1522416    168680  82287608  0.001  0.000    3.339    7.638    0    0  (Gen:  0)
  1034704    171288  82361360  0.001  0.000    3.341    7.639    0    0  (Gen:  0)
  1034888    155848  82438848  0.001  0.000    3.342    7.640    0    0  (Gen:  0)
  1035336    149384  82505904  0.001  0.000    3.344    7.640    0    0  (Gen:  0)
  1072104     99960  82567208  0.000  0.000    3.345    7.641    0    0  (Gen:  0)
  1953288     77664  82611280  0.000  0.000    3.347    7.643    0    0  (Gen:  0)
  2704432     73376  82649400  0.000  0.000    3.350    7.646    0    0  (Gen:  0)
  1038152     82216  82692776  0.001  0.000    3.351    7.646    0    0  (Gen:  0)
  1073016     81720  82753648  0.000  0.000    3.353    7.647    0    0  (Gen:  0)
  1040688     47768  82765104  0.000  0.000    3.354    7.648    0    0  (Gen:  0)
  1487040     47992  82833720  0.000  0.000    3.355    7.650    0    0  (Gen:  0)
  1087184     43608  82859560  0.000  0.000    3.357    7.651    0    0  (Gen:  0)
  1034056     82624  82907120  0.000  0.000    3.358    7.652    0    0  (Gen:  0)
  1073216     87072  82963136  0.000  0.000    3.359    7.653    0    0  (Gen:  0)
  2102712     43656  82982040  0.000  0.000    3.361    7.655    0    0  (Gen:  0)
  1087400     45216  83004528  0.000  0.000    3.363    7.656    0    0  (Gen:  0)
  1071208     66264  83036472  0.001  0.000    3.364    7.657    0    0  (Gen:  0)
  1040528     67208  83052232  0.001  0.000    3.365    7.657    0    0  (Gen:  0)
  2658016     45576  83122792  0.000  0.000    3.368    7.660    0    0  (Gen:  0)
  1035920     87360  83169536  0.001  0.000    3.369    7.661    0    0  (Gen:  0)
  1035912    127656  83237944  0.001  0.000    3.371    7.662    0    0  (Gen:  0)
  1034904    148472  83311848  0.001  0.000    3.373    7.663    0    0  (Gen:  0)
  1030768    138600  83372080  0.001  0.000    3.374    7.664    0    0  (Gen:  0)
  2168168    102616  83442152  0.000  0.000    3.376    7.665    0    0  (Gen:  0)
  1579664     54648  83461040  0.000  0.000    3.378    7.667    0    0  (Gen:  0)
  1120688     36504  83481072  0.000  0.000    3.379    7.668    0    0  (Gen:  0)
  1036808     54280  83508656  0.000  0.000    3.380    7.669    0    0  (Gen:  0)
  1034736     96856  83563928  0.001  0.000    3.382    7.670    0    0  (Gen:  0)
  1075496     91200  83629696  0.000  0.000    3.383    7.671    0    0  (Gen:  0)
  3028640     48312  83887088  0.000  0.000    3.386    7.673    0    0  (Gen:  0)
  1105608     79168  83988432  0.001  0.000    3.387    7.674    0    0  (Gen:  0)
  1070584     73944  84041504  0.001  0.000    3.389    7.675    0    0  (Gen:  0)
  1884752     45216  84060912  0.000  0.000    3.391    7.677    0    0  (Gen:  0)
  1085616     56216  84095312  0.000  0.000    3.392    7.678    0    0  (Gen:  0)
  1073040     73720  84125200  0.001  0.000    3.393    7.679    0    0  (Gen:  0)
  1038176     52032  84127488  0.000  0.000    3.394    7.680    0    0  (Gen:  0)
  2048312     45656  84221760  0.000  0.000    3.397    7.682    0    0  (Gen:  0)
  1041080     38288  84219976  0.000  0.000    3.398    7.683    0    0  (Gen:  0)
  1036832     37792  84251784  0.000  0.000    3.399    7.684    0    0  (Gen:  0)
  1033840     88880  84309056  0.001  0.000    3.400    7.684    0    0  (Gen:  0)
  1034296    119832  84371072  0.001  0.000    3.401    7.685    0    0  (Gen:  0)
  1032872    126616  84431496  0.001  0.000    3.403    7.686    0    0  (Gen:  0)
  1067912    109440  84505928  0.001  0.000    3.404    7.687    0    0  (Gen:  0)
  1034928     94232  84553568  0.001  0.000    3.405    7.687    0    0  (Gen:  0)
  1035400    116456  84617408  0.001  0.000    3.407    7.688    0    0  (Gen:  0)
  1034896    133592  84682288  0.001  0.000    3.408    7.689    0    0  (Gen:  0)
  1036360    117704  84735040  0.001  0.000    3.410    7.689    0    0  (Gen:  0)
  1034656    119856  84799744  0.001  0.000    3.411    7.690    0    0  (Gen:  0)
  1106280     96536  84891536  0.001  0.000    3.413    7.691    0    0  (Gen:  0)
  1785752     58720  84920256  0.000  0.000    3.415    7.693    0    0  (Gen:  0)
  2538232     96128  84978440  0.001  0.000    3.417    7.695    0    0  (Gen:  0)
  1041368     69848  84980120  0.000  0.000    3.418    7.696    0    0  (Gen:  0)
  1034696     11248  84983688  0.000  0.000    3.419    7.696    0    0  (Gen:  0)
  2089680     48384  85066880  0.000  0.000    3.422    7.699    0    0  (Gen:  0)
  1037176     85648  85102400  0.001  0.000    3.423    7.699    0    0  (Gen:  0)
  2481736    110360  85197168  0.000  0.000    3.425    7.701    0    0  (Gen:  0)
  1172248     89016  85220144  0.000  0.000    3.426    7.703    0    0  (Gen:  0)
  1103968     38336  85227088  0.000  0.000    3.428    7.704    0    0  (Gen:  0)
  1119568     56160  85291024  0.000  0.000    3.429    7.705    0    0  (Gen:  0)
  1036552     88232  85327472  0.001  0.000    3.430    7.705    0    0  (Gen:  0)
  1033872    104440  85386400  0.001  0.000    3.431    7.706    0    0  (Gen:  0)
  1034328    119904  85443256  0.001  0.000    3.433    7.707    0    0  (Gen:  0)
  1035944    117224  85495728  0.001  0.000    3.434    7.707    0    0  (Gen:  0)
  1035000     97208  85536304  0.001  0.000    3.435    7.708    0    0  (Gen:  0)
  1035416     96056  85586320  0.001  0.000    3.436    7.709    0    0  (Gen:  0)
  1037936    104704  85636072  0.001  0.000    3.438    7.709    0    0  (Gen:  0)
  1073088     77200  85692048  0.001  0.000    3.439    7.710    0    0  (Gen:  0)
  1040744     79600  85742344  0.001  0.000    3.440    7.711    0    0  (Gen:  0)
  1041736     66984  85752728  0.000  0.000    3.441    7.712    0    0  (Gen:  0)
  1040680     17088  85751624  0.000  0.000    3.442    7.712    0    0  (Gen:  0)
  1213208     34648  85805560  0.000  0.000    3.444    7.714    0    0  (Gen:  0)
  1241752     34544  85827904  0.000  0.000    3.445    7.715    0    0  (Gen:  0)
  1037952     61280  85862440  0.000  0.000    3.446    7.716    0    0  (Gen:  0)
  1037832     92080  85907032  0.001  0.000    3.448    7.716    0    0  (Gen:  0)
  1036968     77016  85935344  0.001  0.000    3.449    7.717    0    0  (Gen:  0)
  1735112     94872  86027912  0.001  0.000    3.450    7.718    0    0  (Gen:  0)
  1174880     93928  86054632  0.000  0.000    3.452    7.720    0    0  (Gen:  0)
  1422632     47152  86071280  0.000  0.000    3.454    7.721    0    0  (Gen:  0)
  1036872     82096  86126464  0.001  0.000    3.455    7.722    0    0  (Gen:  0)
  1035056    138264  86200696  0.001  0.000    3.457    7.723    0    0  (Gen:  0)
  1072016    123688  86280088  0.001  0.000    3.458    7.724    0    0  (Gen:  0)
  1106584     61368  86288928  0.000  0.000    3.459    7.725    0    0  (Gen:  0)
  2666408     59984  86352888  0.000  0.000    3.462    7.728    0    0  (Gen:  0)
  1700960     45416  86575872  0.000  0.000    3.464    7.759    0    0  (Gen:  0)
  1075176     11000  86609160  0.000  0.000    3.464    7.759    0    0  (Gen:  0)
  1038880      8880  86617168  0.000  0.000    3.465    7.760    0    0  (Gen:  0)
  1038208      7168  86618696  0.000  0.000    3.465    7.760    0    0  (Gen:  0)
  1033120     39536  86652928  0.000  0.000    3.466    7.761    0    0  (Gen:  0)
  1073744     58360  86704472  0.000  0.000    3.467    7.761    0    0  (Gen:  0)
  1040848     21280  86702816  0.000  0.000    3.468    7.762    0    0  (Gen:  0)
  1887376     33800  86761152  0.000  0.000    3.470    7.764    0    0  (Gen:  0)
  1352176     51800  86794872  0.000  0.000    3.472    7.765    0    0  (Gen:  0)
  1033536     95168  86849144  0.001  0.000    3.473    7.766    0    0  (Gen:  0)
  1105672    128320  86975152  0.001  0.000    3.474    7.767    0    0  (Gen:  0)
  1034768    129528  87039392  0.001  0.000    3.476    7.768    0    0  (Gen:  0)
  1072368    105040  87105152  0.001  0.000    3.477    7.769    0    0  (Gen:  0)
  1986088     79152  87144096  0.000  0.000    3.479    7.770    0    0  (Gen:  0)
  2003120     64224  87163240  0.000  0.000    3.481    7.772    0    0  (Gen:  0)
  1152968     65744  87245816  0.000  0.000    3.483    7.773    0    0  (Gen:  0)
  1034744    105624  87301024  0.001  0.000    3.484    7.774    0    0  (Gen:  0)
  1033336    132408  87365056  0.001  0.000    3.485    7.775    0    0  (Gen:  0)
  1036832    122144  87419384  0.001  0.000    3.487    7.775    0    0  (Gen:  0)
  1034744    118344  87478728  0.001  0.000    3.488    7.776    0    0  (Gen:  0)
  1566952    114352  87592616  0.000  0.000    3.490    7.777    0    0  (Gen:  0)
  1040600     88240  87627488  0.000  0.000    3.491    7.778    0    0  (Gen:  0)
  1040400     40648  87627976  0.000  0.000    3.492    7.779    0    0  (Gen:  0)
  1041144      7272  87618504  0.000  0.000    3.492    7.779    0    0  (Gen:  0)
  1694280     36512  87718736  0.000  0.000    3.494    7.781    0    0  (Gen:  0)
  1361664     66440  87769368  0.000  0.000    3.496    7.783    0    0  (Gen:  0)
  1034352    103640  87819400  0.001  0.000    3.497    7.783    0    0  (Gen:  0)
  1032136    136824  87892760  0.001  0.000    3.499    7.784    0    0  (Gen:  0)
  1034712    142128  87956624  0.001  0.000    3.500    7.785    0    0  (Gen:  0)
  1030440    145120  88033448  0.001  0.000    3.502    7.786    0    0  (Gen:  0)
  1074616    102328  88085360  0.000  0.000    3.503    7.787    0    0  (Gen:  0)
  1033816     43896  88104808  0.000  0.000    3.504    7.787    0    0  (Gen:  0)
  1443432     56400  88167616  0.000  0.000    3.506    7.789    0    0  (Gen:  0)
  1229960     53240  88201096  0.000  0.000    3.507    7.790    0    0  (Gen:  0)
  1035896     84464  88243960  0.001  0.000    3.508    7.791    0    0  (Gen:  0)
  1069016    108152  88327224  0.001  0.000    3.510    7.792    0    0  (Gen:  0)
  2022600     73816  88414056  0.000  0.000    3.512    7.794    0    0  (Gen:  0)
  1471048     83096  88539208  0.001  0.000    3.514    7.795    0    0  (Gen:  0)
  1576800     95360  88629808  0.001  0.000    3.516    7.796    0    0  (Gen:  0)
  1135984     58152  88640256  0.000  0.000    3.517    7.797    0    0  (Gen:  0)
  1221808     34088  88719584  0.000  0.000    3.518    7.799    0    0  (Gen:  0)
  1041280     28128  88719864  0.000  0.000    3.520    7.800    0    0  (Gen:  0)
  1033448     79320  88788928  0.001  0.000    3.521    7.800    0    0  (Gen:  0)
  1032936    143688  88861408  0.001  0.000    3.522    7.801    0    0  (Gen:  0)
  1034032    149936  88934640  0.001  0.000    3.524    7.802    0    0  (Gen:  0)
  1098648    156000  89075936  0.001  0.000    3.526    7.803    0    0  (Gen:  0)
  1034328    164416  89156952  0.001  0.000    3.527    7.804    0    0  (Gen:  0)
  1034232    160952  89230192  0.001  0.000    3.529    7.804    0    0  (Gen:  0)
  1033448    165520  89316960  0.001  0.000    3.531    7.805    0    0  (Gen:  0)
  1035088    171088  89396664  0.001  0.000    3.532    7.806    0    0  (Gen:  0)
  1034032    157736  89470424  0.001  0.000    3.534    7.807    0    0  (Gen:  0)
  1036328    112344  89504464  0.001  0.000    3.535    7.807    0    0  (Gen:  0)
  1034040     74472  89542592  0.001  0.000    3.536    7.808    0    0  (Gen:  0)
  1037312     78032  89582568  0.001  0.000    3.537    7.808    0    0  (Gen:  0)
  1035248     97296  89636008  0.001  0.000    3.538    7.809    0    0  (Gen:  0)
  1035200    132168  89703544  0.001  0.000    3.540    7.810    0    0  (Gen:  0)
  1035312    134816  89766520  0.001  0.000    3.541    7.810    0    0  (Gen:  0)
  1031528    138048  89836056  0.001  0.000    3.543    7.811    0    0  (Gen:  0)
  1033600    145776  89907192  0.001  0.000    3.544    7.812    0    0  (Gen:  0)
  1033168    146408  89976016  0.001  0.000    3.546    7.813    0    0  (Gen:  0)
  1034056    141664  90044096  0.001  0.000    3.547    7.813    0    0  (Gen:  0)
  1032640    141176  90112336  0.001  0.000    3.549    7.814    0    0  (Gen:  0)
  1070464    141784  90212288  0.001  0.000    3.550    7.815    0    0  (Gen:  0)
  1806448    136416  90309208  0.001  0.000    3.553    7.816    0    0  (Gen:  0)
  1040688     92504  90330880  0.001  0.000    3.554    7.817    0    0  (Gen:  0)
  1041504     30408  90332048  0.000  0.000    3.555    7.818    0    0  (Gen:  0)
  1037488      6912  90330424  0.000  0.000    3.555    7.818    0    0  (Gen:  0)
  1998296     36552  90454448  0.000  0.000    3.558    7.821    0    0  (Gen:  0)
  1061280     45800  90459424  0.000  0.000    3.559    7.824    0    0  (Gen:  0)
  1580416     16656  90568736  0.000  0.000    3.560    7.856    0    0  (Gen:  0)
  1039456      8872  90537688  0.000  0.000    3.561    7.856    0    0  (Gen:  0)
  1039400     10096  90541992  0.000  0.000    3.562    7.857    0    0  (Gen:  0)
  1040104      8832  90549944  0.000  0.000    3.562    7.857    0    0  (Gen:  0)
  1038128      4512  90547184  0.000  0.000    3.563    7.857    0    0  (Gen:  0)
  1039800     11888  90555016  0.000  0.000    3.563    7.858    0    0  (Gen:  0)
  1032472     65760  90613312  0.000  0.000    3.564    7.858    0    0  (Gen:  0)
  1033304    134960  90686760  0.001  0.000    3.566    7.859    0    0  (Gen:  0)
  1036672    130696  90739984  0.001  0.000    3.567    7.860    0    0  (Gen:  0)
  1035504    132888  90815144  0.001  0.000    3.569    7.861    0    0  (Gen:  0)
  1033944    151320  90887224  0.001  0.000    3.570    7.861    0    0  (Gen:  0)
  1036160    137688  90944120  0.001  0.000    3.572    7.862    0    0  (Gen:  0)
  1036080    136464  91019424  0.001  0.000    3.573    7.863    0    0  (Gen:  0)
  1035640    158184  91097696  0.001  0.000    3.575    7.864    0    0  (Gen:  0)
  1034176    156640  91171472  0.001  0.000    3.576    7.865    0    0  (Gen:  0)
  1034256    145360  91239128  0.001  0.000    3.578    7.865    0    0  (Gen:  0)
  1071944    116224  91313920  0.001  0.000    3.580    7.866    0    0  (Gen:  0)
  2366360     78320  91375136  0.000  0.000    3.582    7.869    0    0  (Gen:  0)
  3527480     81792  91493192  0.000  0.000    3.585    7.872    0    0  (Gen:  0)
  1507848     94376  91537688  0.000  0.000    3.587    7.873    0    0  (Gen:  0)
  2036008     48408  91569296  0.000  0.000    3.589    7.875    0    0  (Gen:  0)
  2210976     52192  91596864  0.000  0.000    3.591    7.877    0    0  (Gen:  0)
  1074032     73128  91647416  0.000  0.000    3.592    7.877    0    0  (Gen:  0)
  1040896     76240  91713536  0.000  0.000    3.593    7.878    0    0  (Gen:  0)
  1040408     73616  91775528  0.000  0.000    3.594    7.879    0    0  (Gen:  0)
  1037104     70184  91835816  0.000  0.000    3.596    7.880    0    0  (Gen:  0)
  1924928     41184  91916456  0.000  0.000    3.598    7.882    0    0  (Gen:  0)
  1070640     95864  91999088  0.001  0.000    3.599    7.883    0    0  (Gen:  0)
  1073464     90104  92059360  0.000  0.000    3.600    7.883    0    0  (Gen:  0)
  1041216     41688  92066936  0.000  0.000    3.601    7.884    0    0  (Gen:  0)
  1611160     35008  92122136  0.000  0.000    3.603    7.886    0    0  (Gen:  0)
  1633488     45912  92298248  0.000  0.000    3.605    7.917    0    0  (Gen:  0)
  1041544     18760  92245656  0.000  0.000    3.605    7.918    0    0  (Gen:  0)
  1038008      5664  92247208  0.000  0.000    3.606    7.918    0    0  (Gen:  0)
  1037672      8608  92254928  0.000  0.000    3.606    7.919    0    0  (Gen:  0)
  1038800      5936  92254816  0.000  0.000    3.607    7.919    0    0  (Gen:  0)
  1036456     30504  92281112  0.000  0.000    3.608    7.920    0    0  (Gen:  0)
  1035824     97304  92348208  0.001  0.000    3.609    7.920    0    0  (Gen:  0)
  1035056    134840  92411640  0.001  0.000    3.611    7.921    0    0  (Gen:  0)
  1070256    110736  92486192  0.001  0.000    3.612    7.922    0    0  (Gen:  0)
  1040760     57672  92498520  0.000  0.000    3.613    7.923    0    0  (Gen:  0)
  1041880     23520  92505080  0.000  0.000    3.614    7.924    0    0  (Gen:  0)
  1040976     13560  92503664  0.000  0.000    3.615    7.924    0    0  (Gen:  0)
  2525312     40656  92601784  0.000  0.000    3.617    7.926    0    0  (Gen:  0)
  2321456     64504  92634960  0.000  0.000    3.619    7.928    0    0  (Gen:  0)
  2802824     74520  92671304  0.000  0.000    3.622    7.931    0    0  (Gen:  0)
  1736816     59408  92693568  0.000  0.000    3.623    7.932    0    0  (Gen:  0)
  2219456     67520  92743616  0.000  0.000    3.625    7.934    0    0  (Gen:  0)
  2164376     64464  92791072  0.000  0.000    3.627    7.936    0    0  (Gen:  0)
  1169200     49648  92811784  0.000  0.000    3.629    7.937    0    0  (Gen:  0)
  1659624     34184  92832360  0.000  0.000    3.630    7.938    0    0  (Gen:  0)
  2057040     48760  92866096  0.000  0.000    3.632    7.940    0    0  (Gen:  0)
  1838544     48800  93202264  0.000  0.000    3.635    7.973    0    0  (Gen:  0)
  1111840     19840  93214240  0.000  0.000    3.635    7.973    0    0  (Gen:  0)
  1038480      7344  93219872  0.000  0.000    3.636    7.973    0    0  (Gen:  0)
  1038312      8344  93226864  0.000  0.000    3.637    7.974    0    0  (Gen:  0)
  1108896      9736  93296648  0.000  0.000    3.637    7.974    0    0  (Gen:  0)
  1037080     26312  93314952  0.000  0.000    3.638    7.975    0    0  (Gen:  0)
  1037928     72160  93362664  0.001  0.000    3.639    7.975    0    0  (Gen:  0)
  1101544    118824  93499352  0.001  0.000    3.640    7.976    0    0  (Gen:  0)
  2057672    140328  93695792  0.001  0.000    3.643    7.978    0    0  (Gen:  0)
  1040776     62064  93689392  0.000  0.000    3.644    7.979    0    0  (Gen:  0)
  1040384      8328  93690056  0.000  0.000    3.645    7.979    0    0  (Gen:  0)
  1073168     16720  93732808  0.000  0.000    3.646    7.980    0    0  (Gen:  0)
  1169896     32432  93754072  0.000  0.000    3.647    7.981    0    0  (Gen:  0)
  1200768     42800  93802928  0.000  0.000    3.648    7.982    0    0  (Gen:  0)
  2504016     56576  93831728  0.000  0.000    3.651    7.984    0    0  (Gen:  0)
  1072272     87432  93878496  0.000  0.000    3.652    7.985    0    0  (Gen:  0)
  1878168     58000  93955688  0.000  0.000    3.654    7.987    0    0  (Gen:  0)
  1259984     37016  93975160  0.000  0.000    3.655    7.989    0    0  (Gen:  0)
  1214352     27496  94026576  0.000  0.000    3.657    8.020    0    0  (Gen:  0)
  1040760     11520  93986424  0.000  0.000    3.657    8.020    0    0  (Gen:  0)
  1037944      9400  93990120  0.000  0.000    3.658    8.021    0    0  (Gen:  0)
  1039416      5976  93994616  0.000  0.000    3.658    8.021    0    0  (Gen:  0)
  1037896      4680  93994880  0.000  0.000    3.659    8.021    0    0  (Gen:  0)
  1036928     52200  94042792  0.000  0.000    3.660    8.022    0    0  (Gen:  0)
  1033224    115336  94106352  0.001  0.000    3.661    8.023    0    0  (Gen:  0)
  1283040     89760  94158456  0.001  0.000    3.663    8.024    0    0  (Gen:  0)
  1307224     41096  94182928  0.000  0.000    3.664    8.026    0    0  (Gen:  0)
  1457024     46296  94201800  0.000  0.000    3.666    8.027    0    0  (Gen:  0)
  1681928     51152  94353184  0.000  0.000    3.668    8.028    0    0  (Gen:  0)
  1174208     80656  94500536  0.000  0.000    3.669    8.029    0    0  (Gen:  0)
  1958784     50496  94672552  0.000  0.000    3.671    8.031    0    0  (Gen:  0)
  2077016     67264  94777536  0.001  0.000    3.673    8.033    0    0  (Gen:  0)
  1678040     72320  94929056  0.000  0.000    3.675    8.035    0    0  (Gen:  0)
  1283016     59776  94976912  0.000  0.000    3.677    8.036    0    0  (Gen:  0)
  1144112    115736  95143896  0.001  0.000    3.679    8.037    0    0  (Gen:  0)
  1035280    159912  95221952  0.001  0.000    3.680    8.038    0    0  (Gen:  0)
  1103840    157224  95358496  0.001  0.000    3.682    8.039    0    0  (Gen:  0)
  1068392    160944  95480288  0.001  0.000    3.683    8.040    0    0  (Gen:  0)
  1116424    163432  95623344  0.001  0.000    3.685    8.040    0    0  (Gen:  0)
  1033056    150008  95695240  0.001  0.000    3.687    8.041    0    0  (Gen:  0)
  1686400    116280  95767656  0.001  0.000    3.689    8.043    0    0  (Gen:  0)
  1041152     53320  95777832  0.000  0.000    3.690    8.043    0    0  (Gen:  0)
  1039408     15128  95775432  0.000  0.000    3.691    8.044    0    0  (Gen:  0)
  1620720     33752  95838032  0.000  0.000    3.693    8.046    0    0  (Gen:  0)
  1434672     72544  95894024  0.000  0.000    3.694    8.047    0    0  (Gen:  0)
  1035176    128064  95958616  0.001  0.000    3.696    8.047    0    0  (Gen:  0)
  1035856    143928  96022776  0.001  0.000    3.697    8.048    0    0  (Gen:  0)
  1028760    134688  96089312  0.001  0.000    3.699    8.049    0    0  (Gen:  0)
  1137712     94248  96144008  0.001  0.000    3.700    8.050    0    0  (Gen:  0)
  2713296     53536  96192832  0.000  0.000    3.703    8.053    0    0  (Gen:  0)
  1037280     67488  96211472  0.000  0.000    3.704    8.053    0    0  (Gen:  0)
  1033984    111616  96288072  0.001  0.000    3.705    8.054    0    0  (Gen:  0)
  1031344    149232  96355440  0.001  0.000    3.707    8.055    0    0  (Gen:  0)
  1032984    145328  96425056  0.001  0.000    3.708    8.056    0    0  (Gen:  0)
  1033248    138064  96488776  0.001  0.000    3.710    8.056    0    0  (Gen:  0)
  1031752    138496  96557992  0.001  0.000    3.711    8.057    0    0  (Gen:  0)
  1035456    146192  96629544  0.000  0.000    3.712    8.058    0    0  (Gen:  0)
  1033136    152800  96701216  0.000  0.000    3.713    8.059    0    0  (Gen:  0)
  1034040    136688  96760880  0.001  0.000    3.715    8.059    0    0  (Gen:  0)
  1034248    138584  96839912  0.001  0.000    3.716    8.060    0    0  (Gen:  0)
  1745152    133920  96925608  0.001  0.000    3.719    8.062    0    0  (Gen:  0)
  1039976     51520  96918496  0.000  0.000    3.720    8.062    0    0  (Gen:  0)
  2326288     71368  97024888  0.000  0.000    3.722    8.065    0    0  (Gen:  0)
  2187152     83216  97005224  0.000  0.000    3.724    8.067    0    0  (Gen:  0)
  1235136     55088  97056944  0.000  0.000    3.725    8.068    0    0  (Gen:  0)
  2787064     69080  97112152  0.001  0.000    3.729    8.071    0    0  (Gen:  0)
  1035184    128544  97184728  0.001  0.000    3.730    8.071    0    0  (Gen:  0)
  1025216    150560  97253264  0.001  0.000    3.731    8.072    0    0  (Gen:  0)
  3227096    110096  97331816  0.000  0.000    3.735    8.075    0    0  (Gen:  0)
  1037400     85040  97372928  0.001  0.000    3.736    8.076    0    0  (Gen:  0)
  1035048    131720  97450672  0.001  0.000    3.738    8.077    0    0  (Gen:  0)
  1071328    121872  97522280  0.001  0.000    3.739    8.078    0    0  (Gen:  0)
  1068104     46032  97524312  0.000  0.000    3.740    8.079    0    0  (Gen:  0)
  3295296     56616  97664224  0.000  0.000    3.743    8.082    0    0  (Gen:  0)
  1038984     55584  97661792  0.000  0.000    3.744    8.083    0    0  (Gen:  0)
  1568016    102232  97817600  0.001  0.000    3.746    8.084    0    0  (Gen:  0)
  1034488    162224  97883040  0.001  0.000    3.747    8.084    0    0  (Gen:  0)
  1139528    145760  98056272  0.001  0.000    3.749    8.085    0    0  (Gen:  0)
  1035096    149368  98125736  0.001  0.000    3.751    8.086    0    0  (Gen:  0)
  1103688    146496  98261944  0.001  0.000    3.752    8.087    0    0  (Gen:  0)
  1033704    151712  98335184  0.001  0.000    3.754    8.088    0    0  (Gen:  0)
  1034680    148320  98402672  0.001  0.000    3.756    8.088    0    0  (Gen:  0)
  1034648    144168  98472256  0.001  0.000    3.757    8.089    0    0  (Gen:  0)
  1033536    148240  98543568  0.001  0.000    3.759    8.090    0    0  (Gen:  0)
  1034184    156520  98619728  0.001  0.000    3.760    8.091    0    0  (Gen:  0)
  1034328    152992  98692776  0.001  0.000    3.762    8.092    0    0  (Gen:  0)
  1032328    157248  98776096  0.001  0.000    3.764    8.093    0    0  (Gen:  0)
  1074080    103064  98821568  0.000  0.000    3.765    8.094    0    0  (Gen:  0)
  1041160     24328  98828592  0.000  0.000    3.766    8.094    0    0  (Gen:  0)
  1041312     16184  98829576  0.000  0.000    3.767    8.095    0    0  (Gen:  0)
  1040784     12328  98831816  0.000  0.000    3.768    8.095    0    0  (Gen:  0)
  3410608     50864  98910720  0.000  0.000    3.771    8.098    0    0  (Gen:  0)
  1512872     64224  98929896  0.000  0.000    3.772    8.099    0    0  (Gen:  0)
  1818152     66888  98972640  0.000  0.000    3.774    8.101    0    0  (Gen:  0)
  1210184     44960  98998944  0.000  0.000    3.776    8.102    0    0  (Gen:  0)
  1087840     65088  99050544  0.000  0.000    3.777    8.103    0    0  (Gen:  0)
  1033576    117536  99112144  0.001  0.000    3.778    8.104    0    0  (Gen:  0)
  1033288    153872  99191696  0.001  0.000    3.780    8.105    0    0  (Gen:  0)
  1033504    155960  99264048  0.001  0.000    3.782    8.106    0    0  (Gen:  0)
  1069776    136632  99354720  0.001  0.000    3.783    8.107    0    0  (Gen:  0)
  1040888     79008  99368920  0.001  0.000    3.785    8.108    0    0  (Gen:  0)
  1038888     21648  99369984  0.000  0.000    3.785    8.108    0    0  (Gen:  0)
  2078624     34672  99439808  0.000  0.000    3.788    8.111    0    0  (Gen:  0)
  1034696     84416  99485792  0.000  0.000    3.789    8.111    0    0  (Gen:  0)
  1034128    122680  99549568  0.001  0.000    3.790    8.112    0    0  (Gen:  0)
  1816352    115320  99629056  0.001  0.000    3.792    8.114    0    0  (Gen:  0)
  1041944     59664  99635888  0.000  0.000    3.793    8.114    0    0  (Gen:  0)
  2161320     33576  99706072  0.000  0.000    3.796    8.117    0    0  (Gen:  0)
  1909800     46160 100122704  0.000  0.000    3.798    8.148    0    0  (Gen:  0)
  1040600     15000 100081200  0.000  0.000    3.798    8.149    0    0  (Gen:  0)
  1038248      7808 100084888  0.000  0.000    3.799    8.149    0    0  (Gen:  0)
  1039760      6216 100089656  0.000  0.000    3.799    8.150    0    0  (Gen:  0)
  1038456      4600 100089720  0.000  0.000    3.800    8.150    0    0  (Gen:  0)
  1029176     66024 100151408  0.000  0.000    3.801    8.151    0    0  (Gen:  0)
  1164464    131912 100283104  0.001  0.000    3.802    8.151    0    0  (Gen:  0)
  1035992    131720 100344160  0.001  0.000    3.804    8.152    0    0  (Gen:  0)
  1030608    149496 100425744  0.001  0.000    3.805    8.153    0    0  (Gen:  0)
  1074344    109680 100480528  0.000  0.000    3.807    8.154    0    0  (Gen:  0)
  1041344     33704 100491832  0.000  0.000    3.808    8.155    0    0  (Gen:  0)
  2008768     36512 100569240  0.000  0.000    3.810    8.157    0    0  (Gen:  0)
  1636144     45304 101011752  0.000  0.000    3.812    8.189    0    0  (Gen:  0)
  1041464     15696 100972240  0.000  0.000    3.813    8.190    0    0  (Gen:  0)
  1039136      5000 100970944  0.000  0.000    3.813    8.190    0    0  (Gen:  0)
  1039448      9920 100976264  0.000  0.000    3.814    8.191    0    0  (Gen:  0)
  1038824      5776 100980520  0.000  0.000    3.815    8.191    0    0  (Gen:  0)
  1039456     10016 100986432  0.000  0.000    3.815    8.191    0    0  (Gen:  0)
  1035400     73848 101050536  0.000  0.000    3.816    8.192    0    0  (Gen:  0)
  1034392    146376 101131720  0.001  0.000    3.818    8.193    0    0  (Gen:  0)
  1034696    159256 101207920  0.001  0.000    3.819    8.194    0    0  (Gen:  0)
  1032824    164840 101290664  0.001  0.000    3.821    8.195    0    0  (Gen:  0)
  1036752    129184 101332368  0.001  0.000    3.823    8.195    0    0  (Gen:  0)
  1037616     91416 101378136  0.001  0.000    3.824    8.196    0    0  (Gen:  0)
  1035656    110000 101436464  0.001  0.000    3.825    8.197    0    0  (Gen:  0)
  1135064  82509080  87872624  0.203  0.061    4.030    8.259    0    0  (Gen:  1)
  2550048    130952  88320584  0.001  0.000    4.033    8.261    0    0  (Gen:  0)
  1071920     64776  88326136  0.000  0.000    4.034    8.261    0    0  (Gen:  0)
  1105176     31504  88339728  0.000  0.000    4.035    8.262    0    0  (Gen:  0)
  1168984     40152  88358816  0.000  0.000    4.036    8.263    0    0  (Gen:  0)
  2129216     50792  88390264  0.000  0.000    4.038    8.265    0    0  (Gen:  0)
  1103232     44984  88399200  0.000  0.000    4.039    8.266    0    0  (Gen:  0)
  1139776     43320  88422592  0.000  0.000    4.040    8.267    0    0  (Gen:  0)
  2028408     70352  88445920  0.000  0.000    4.042    8.269    0    0  (Gen:  0)
  1755768     61792  88509104  0.000  0.000    4.044    8.270    0    0  (Gen:  0)
  2692840     64136  88549584  0.000  0.000    4.046    8.272    0    0  (Gen:  0)
  2650088     68336  88584936  0.000  0.000    4.049    8.275    0    0  (Gen:  0)
  1103584     39928  88597336  0.000  0.000    4.050    8.276    0    0  (Gen:  0)
  3175240     59896  88660088  0.000  0.000    4.053    8.279    0    0  (Gen:  0)
  1221696     53032  88713072  0.000  0.000    4.055    8.311    0    0  (Gen:  0)
  1039776      7160  88668656  0.000  0.000    4.055    8.311    0    0  (Gen:  0)
  1037816      9296  88673760  0.000  0.000    4.056    8.312    0    0  (Gen:  0)
  1039432      5992  88678440  0.000  0.000    4.056    8.312    0    0  (Gen:  0)
  1036480      4464  88678544  0.000  0.000    4.057    8.313    0    0  (Gen:  0)
  1037208     39504  88713960  0.000  0.000    4.058    8.313    0    0  (Gen:  0)
  1034472    110616  88785456  0.001  0.000    4.059    8.314    0    0  (Gen:  0)
  1035648    139432  88849344  0.001  0.000    4.060    8.315    0    0  (Gen:  0)
  1035944    133312  88913200  0.001  0.000    4.062    8.316    0    0  (Gen:  0)
  1034032    145608  88986648  0.001  0.000    4.064    8.316    0    0  (Gen:  0)
  1034072    139464  89047992  0.001  0.000    4.065    8.317    0    0  (Gen:  0)
  1071688     96536  89109672  0.000  0.000    4.067    8.318    0    0  (Gen:  0)
  1040816     50880  89125720  0.000  0.000    4.068    8.319    0    0  (Gen:  0)
  1040424     27264  89129808  0.000  0.000    4.069    8.320    0    0  (Gen:  0)
  2514584     43456  89231240  0.000  0.000    4.072    8.322    0    0  (Gen:  0)
  1035160     88504  89274352  0.001  0.000    4.073    8.323    0    0  (Gen:  0)
  1033784    111808  89331184  0.001  0.000    4.074    8.324    0    0  (Gen:  0)
  1035096    121248  89390408  0.001  0.000    4.075    8.324    0    0  (Gen:  0)
  1037728     92184  89416736  0.001  0.000    4.077    8.325    0    0  (Gen:  0)
  1038784     63296  89449064  0.001  0.000    4.078    8.326    0    0  (Gen:  0)
  1037608     64400  89476680  0.001  0.000    4.079    8.327    0    0  (Gen:  0)
  1035608     87280  89531736  0.001  0.000    4.080    8.327    0    0  (Gen:  0)
  1035768    113328  89585464  0.001  0.000    4.082    8.328    0    0  (Gen:  0)
  1034104    119376  89646168  0.001  0.000    4.083    8.329    0    0  (Gen:  0)
  1035152    127416  89706968  0.001  0.000    4.085    8.329    0    0  (Gen:  0)
  1039232    110208  89751208  0.001  0.000    4.086    8.330    0    0  (Gen:  0)
  1036344    102528  89804824  0.001  0.000    4.087    8.331    0    0  (Gen:  0)
  1036136    119424  89866064  0.001  0.000    4.089    8.332    0    0  (Gen:  0)
  1034432    128472  89925240  0.001  0.000    4.090    8.332    0    0  (Gen:  0)
  1032056    130024  89990208  0.001  0.000    4.092    8.333    0    0  (Gen:  0)
  1033440    133776  90054384  0.001  0.000    4.093    8.334    0    0  (Gen:  0)
  1036608    103056  90089032  0.001  0.000    4.094    8.334    0    0  (Gen:  0)
  1033560    109896  90157640  0.001  0.000    4.096    8.335    0    0  (Gen:  0)
  1034624    143520  90226280  0.001  0.000    4.097    8.336    0    0  (Gen:  0)
  1038152    104216  90256872  0.001  0.000    4.098    8.337    0    0  (Gen:  0)
  1039752     60064  90281696  0.001  0.000    4.100    8.337    0    0  (Gen:  0)
  1072800     51016  90335656  0.000  0.000    4.101    8.338    0    0  (Gen:  0)
  1040880     65488  90375080  0.000  0.000    4.102    8.339    0    0  (Gen:  0)
  2085624     77400  90444768  0.000  0.000    4.104    8.341    0    0  (Gen:  0)
  1447680     80888  90522472  0.001  0.000    4.106    8.343    0    0  (Gen:  0)
  1032576    111736  90582832  0.001  0.000    4.107    8.344    0    0  (Gen:  0)
  1031056    133208  90649248  0.001  0.000    4.109    8.344    0    0  (Gen:  0)
  1031512    137400  90716560  0.001  0.000    4.110    8.345    0    0  (Gen:  0)
  1031272    140920  90785976  0.001  0.000    4.111    8.345    0    0  (Gen:  0)
  1030360    142392  90855104  0.001  0.000    4.112    8.346    0    0  (Gen:  0)
  1030808    142792  90924704  0.001  0.000    4.114    8.346    0    0  (Gen:  0)
  1030648    142888  90994312  0.001  0.000    4.115    8.347    0    0  (Gen:  0)
  1030784    143584  91064024  0.001  0.000    4.116    8.348    0    0  (Gen:  0)
  1031304    139576  91130048  0.001  0.000    4.117    8.348    0    0  (Gen:  0)
  1031592    140488  91200320  0.001  0.000    4.118    8.349    0    0  (Gen:  0)
  1030840    144840  91270600  0.001  0.000    4.120    8.349    0    0  (Gen:  0)
  1033864    141440  91341336  0.001  0.000    4.121    8.350    0    0  (Gen:  0)
  1072176    105072  91407888  0.001  0.000    4.123    8.351    0    0  (Gen:  0)
  3035632     73360  91445272  0.001  0.000    4.126    8.354    0    0  (Gen:  0)
  2081616     76464  91473408  0.000  0.000    4.128    8.356    0    0  (Gen:  0)
  2291064     66264  91500936  0.000  0.000    4.130    8.358    0    0  (Gen:  0)
  2141600     63224  91540672  0.000  0.000    4.132    8.360    0    0  (Gen:  0)
  1764800     55168  91571936  0.000  0.000    4.134    8.361    0    0  (Gen:  0)
  2919264     92160  91652112  0.000  0.000    4.136    8.363    0    0  (Gen:  0)
  1243680     52584  91782072  0.000  0.000    4.138    8.364    0    0  (Gen:  0)
  2748232     63248  91957464  0.000  0.000    4.140    8.366    0    0  (Gen:  0)
  1245480     63304  92057096  0.000  0.000    4.142    8.368    0    0  (Gen:  0)
  1890536     56120  92197880  0.000  0.000    4.144    8.370    0    0  (Gen:  0)
  1037760     61784  92227080  0.000  0.000    4.145    8.370    0    0  (Gen:  0)
  1098936    121976  92372304  0.001  0.000    4.147    8.371    0    0  (Gen:  0)
  1031856    159480  92448312  0.001  0.000    4.148    8.372    0    0  (Gen:  0)
  1788048    119640  92650584  0.000  0.000    4.150    8.374    0    0  (Gen:  0)
  1111656     51144  92722000  0.000  0.000    4.151    8.374    0    0  (Gen:  0)
  1107576     17504  92788632  0.000  0.000    4.152    8.375    0    0  (Gen:  0)
  2063968     37424  92932680  0.000  0.000    4.155    8.378    0    0  (Gen:  0)
  1108040     46648  93005552  0.000  0.000    4.156    8.378    0    0  (Gen:  0)
  1033880     81840  93069304  0.001  0.000    4.157    8.379    0    0  (Gen:  0)
  1035680    135504  93136704  0.001  0.000    4.158    8.380    0    0  (Gen:  0)
  1035440    147296  93210872  0.001  0.000    4.160    8.381    0    0  (Gen:  0)
  1035416    145704  93276248  0.001  0.000    4.162    8.381    0    0  (Gen:  0)
  1034416    136824  93343592  0.001  0.000    4.163    8.382    0    0  (Gen:  0)
  1071872    120056  93424832  0.001  0.000    4.164    8.383    0    0  (Gen:  0)
  1041208     53712  93424536  0.000  0.000    4.166    8.384    0    0  (Gen:  0)
  1038696     28808  93440752  0.000  0.000    4.166    8.385    0    0  (Gen:  0)
  2538584     93304  93555928  0.001  0.000    4.169    8.387    0    0  (Gen:  0)
  2719992    115104  93590392  0.001  0.000    4.173    8.390    0    0  (Gen:  0)
  1297568     94096  93635152  0.000  0.000    4.174    8.391    0    0  (Gen:  0)
  1072480     91456  93671096  0.000  0.000    4.175    8.392    0    0  (Gen:  0)
  1037376     54536  93667240  0.000  0.000    4.177    8.393    0    0  (Gen:  0)
  2913744     48776  93836800  0.000  0.000    4.180    8.427    0    0  (Gen:  0)
  1041752     37152  93783688  0.000  0.000    4.180    8.428    0    0  (Gen:  0)
  1037968      5312  93784160  0.000  0.000    4.181    8.428    0    0  (Gen:  0)
  1039688     10408  93790360  0.000  0.000    4.182    8.429    0    0  (Gen:  0)
  1038424      5672  93794288  0.000  0.000    4.182    8.429    0    0  (Gen:  0)
  1038928      4864  93795080  0.000  0.000    4.183    8.429    0    0  (Gen:  0)
  1033720     55736  93846272  0.000  0.000    4.184    8.430    0    0  (Gen:  0)
  1035176    118712  93909568  0.001  0.000    4.185    8.431    0    0  (Gen:  0)
  1094272     82808  93955192  0.001  0.000    4.187    8.432    0    0  (Gen:  0)
  1499328     29768  93939408  0.000  0.000    4.188    8.433    0    0  (Gen:  0)
  1222400     36928  93985480  0.000  0.000    4.189    8.434    0    0  (Gen:  0)
  1169280     41848  94007320  0.000  0.000    4.191    8.435    0    0  (Gen:  0)
  1606328     34208  94024984  0.000  0.000    4.192    8.437    0    0  (Gen:  0)
  1849320     44080  94057672  0.000  0.000    4.194    8.439    0    0  (Gen:  0)
  1083728     69624  94102248  0.001  0.000    4.196    8.440    0    0  (Gen:  0)
  2150712    105440  94217344  0.001  0.000    4.198    8.441    0    0  (Gen:  0)
  2880712    139672  94302896  0.001  0.000    4.201    8.444    0    0  (Gen:  0)
  1039400    132552  94346968  0.001  0.000    4.203    8.445    0    0  (Gen:  0)
  1825552     99760  94422520  0.001  0.000    4.205    8.447    0    0  (Gen:  0)
  1974240     72088  94454440  0.000  0.000    4.207    8.449    0    0  (Gen:  0)
  2441056     49776  95368728  0.000  0.000    4.210    8.482    0    0  (Gen:  0)
  1041464     20032  95328976  0.000  0.000    4.210    8.482    0    0  (Gen:  0)
  1038880      6064  95329072  0.000  0.000    4.211    8.483    0    0  (Gen:  0)
  1038928     11008  95339432  0.000  0.000    4.211    8.483    0    0  (Gen:  0)
  1038360      5944  95337080  0.000  0.000    4.212    8.483    0    0  (Gen:  0)
  1038120     20064  95352992  0.000  0.000    4.213    8.484    0    0  (Gen:  0)
  1033456     76048  95409376  0.000  0.000    4.214    8.485    0    0  (Gen:  0)
  2385872    102896  95483024  0.000  0.000    4.216    8.487    0    0  (Gen:  0)
  2846752     76600  95564608  0.000  0.000    4.219    8.489    0    0  (Gen:  0)
  1478336     61968  95580208  0.000  0.000    4.221    8.491    0    0  (Gen:  0)
  1191912     47840  95638208  0.000  0.000    4.222    8.492    0    0  (Gen:  0)
  1295200     53616  95687680  0.000  0.000    4.224    8.493    0    0  (Gen:  0)
  1035840     90576  95735088  0.001  0.000    4.225    8.494    0    0  (Gen:  0)
  1036504    109224  95788168  0.001  0.000    4.226    8.495    0    0  (Gen:  0)
  1071496    111896  95875016  0.001  0.000    4.228    8.495    0    0  (Gen:  0)
  1038136    102288  95918656  0.001  0.000    4.229    8.496    0    0  (Gen:  0)
  1038600    110800  95975600  0.001  0.000    4.230    8.497    0    0  (Gen:  0)
  1035776    110448  96023712  0.001  0.000    4.232    8.497    0    0  (Gen:  0)
  1038784     94144  96065112  0.001  0.000    4.233    8.498    0    0  (Gen:  0)
  1036296    104120  96119768  0.001  0.000    4.234    8.499    0    0  (Gen:  0)
  1036784    106208  96163096  0.001  0.000    4.236    8.500    0    0  (Gen:  0)
  1036928    107088  96216912  0.001  0.000    4.237    8.501    0    0  (Gen:  0)
  1037560    110840  96269608  0.001  0.000    4.239    8.502    0    0  (Gen:  0)
  1036648    113840  96323496  0.001  0.000    4.240    8.502    0    0  (Gen:  0)
  1034768    111432  96373096  0.001  0.000    4.242    8.503    0    0  (Gen:  0)
  1071688    102744  96450520  0.000  0.000    4.243    8.504    0    0  (Gen:  0)
  1040376     53384  96450544  0.000  0.000    4.244    8.505    0    0  (Gen:  0)
  1041624     12856  96452536  0.000  0.000    4.245    8.506    0    0  (Gen:  0)
  1041608     11960  96455368  0.000  0.000    4.246    8.506    0    0  (Gen:  0)
  1041360     11536  96456296  0.000  0.000    4.247    8.507    0    0  (Gen:  0)
  1041088     14352  96460584  0.000  0.000    4.248    8.507    0    0  (Gen:  0)
  1041752     10136  96457712  0.000  0.000    4.248    8.508    0    0  (Gen:  0)
  1041280     13824  96462784  0.000  0.000    4.249    8.509    0    0  (Gen:  0)
  1910920     33288  96520504  0.000  0.000    4.251    8.511    0    0  (Gen:  0)
  1473912     83288  96580704  0.000  0.000    4.253    8.512    0    0  (Gen:  0)
  1074424     89952  96596296  0.001  0.000    4.254    8.513    0    0  (Gen:  0)
  1920152     58912  96621544  0.000  0.000    4.256    8.515    0    0  (Gen:  0)
  1440168     99728  96686536  0.001  0.000    4.258    8.516    0    0  (Gen:  0)
  1038720    122648  96732440  0.001  0.000    4.259    8.517    0    0  (Gen:  0)
  1549664     95520  96801184  0.001  0.000    4.261    8.518    0    0  (Gen:  0)
  2018368     66328  96841464  0.000  0.000    4.263    8.521    0    0  (Gen:  0)
  1036584     87152  96887592  0.001  0.000    4.265    8.522    0    0  (Gen:  0)
  1074168     78624  96939720  0.000  0.000    4.266    8.522    0    0  (Gen:  0)
  2422952     67264  97001400  0.000  0.000    4.269    8.525    0    0  (Gen:  0)
  1072608     84760  97020352  0.000  0.000    4.270    8.526    0    0  (Gen:  0)
  1037120     38296  97015880  0.000  0.000    4.271    8.527    0    0  (Gen:  0)
  1640744     39120  97087496  0.000  0.000    4.273    8.529    0    0  (Gen:  0)
  1582008     45336  97501160  0.000  0.000    4.275    8.560    0    0  (Gen:  0)
  1040048     12736  97452568  0.000  0.000    4.275    8.561    0    0  (Gen:  0)
  1037624      9368  97457744  0.000  0.000    4.276    8.561    0    0  (Gen:  0)
  1038944      5808  97460504  0.000  0.000    4.276    8.561    0    0  (Gen:  0)
  1038120      8168  97464592  0.000  0.000    4.277    8.562    0    0  (Gen:  0)
  3275352     53624  97543040  0.000  0.000    4.280    8.565    0    0  (Gen:  0)
  3723784     79312  97578864  0.000  0.000    4.283    8.568    0    0  (Gen:  0)
  1212304     71192  97604840  0.000  0.000    4.284    8.569    0    0  (Gen:  0)
  1084200     73816  97656856  0.000  0.000    4.286    8.570    0    0  (Gen:  0)
  1072416     90048  97682304  0.001  0.000    4.287    8.571    0    0  (Gen:  0)
  1638936     58688  97700384  0.000  0.000    4.289    8.573    0    0  (Gen:  0)
  1085752     61696  97737008  0.000  0.000    4.290    8.574    0    0  (Gen:  0)
  1070832     93568  97781800  0.001  0.000    4.292    8.575    0    0  (Gen:  0)
  2107616     90984  97810264  0.000  0.000    4.294    8.577    0    0  (Gen:  0)
  1380616     73552  97865208  0.001  0.000    4.296    8.578    0    0  (Gen:  0)
  1034080    132888  97938352  0.001  0.000    4.298    8.579    0    0  (Gen:  0)
  1034832    167792  98018104  0.001  0.000    4.299    8.580    0    0  (Gen:  0)
  1035216    159568  98092168  0.001  0.000    4.301    8.581    0    0  (Gen:  0)
  1071224    125712  98170960  0.001  0.000    4.302    8.582    0    0  (Gen:  0)
  1041072     59592  98183344  0.000  0.000    4.304    8.583    0    0  (Gen:  0)
  1041080     27432  98192424  0.000  0.000    4.305    8.583    0    0  (Gen:  0)
  2409136     65368  98281824  0.000  0.000    4.307    8.586    0    0  (Gen:  0)
  1487488     76184  98293048  0.001  0.000    4.309    8.587    0    0  (Gen:  0)
  1240576     62160  98422264  0.000  0.000    4.310    8.589    0    0  (Gen:  0)
  1314776     32592  98535808  0.000  0.000    4.312    8.590    0    0  (Gen:  0)
  1070072     63624  98615280  0.000  0.000    4.313    8.590    0    0  (Gen:  0)
  1035848    107184  98675616  0.001  0.000    4.314    8.591    0    0  (Gen:  0)
  1101864    123984  98804624  0.001  0.000    4.316    8.592    0    0  (Gen:  0)
  1032856    141312  98867168  0.001  0.000    4.317    8.592    0    0  (Gen:  0)
  1073880     96504  98929112  0.000  0.000    4.318    8.593    0    0  (Gen:  0)
  1107448     69496  98957192  0.000  0.000    4.320    8.594    0    0  (Gen:  0)
  1623680     86592  99005888  0.000  0.000    4.322    8.596    0    0  (Gen:  0)
  1099640     35312  99011400  0.000  0.000    4.323    8.597    0    0  (Gen:  0)
  1037592     50784  99043152  0.000  0.000    4.324    8.598    0    0  (Gen:  0)
  1035008     92416  99095720  0.001  0.000    4.325    8.599    0    0  (Gen:  0)
  1035256    113176  99151848  0.001  0.000    4.326    8.599    0    0  (Gen:  0)
  1036240    122280  99214112  0.001  0.000    4.328    8.600    0    0  (Gen:  0)
  1038160     84368  99232200  0.001  0.000    4.329    8.601    0    0  (Gen:  0)
  1035568     84960  99292448  0.001  0.000    4.330    8.601    0    0  (Gen:  0)
  1035816    132048  99359448  0.001  0.000    4.332    8.602    0    0  (Gen:  0)
  1035632    132352  99419304  0.001  0.000    4.333    8.603    0    0  (Gen:  0)
  1037360    120824  99476304  0.001  0.000    4.335    8.604    0    0  (Gen:  0)
  1036768    113072  99525840  0.001  0.000    4.336    8.605    0    0  (Gen:  0)
  1495808     93096  99597480  0.001  0.000    4.338    8.606    0    0  (Gen:  0)
  1041080     67648  99617880  0.000  0.000    4.339    8.607    0    0  (Gen:  0)
  1040680     44424  99635368  0.000  0.000    4.340    8.607    0    0  (Gen:  0)
  1136880     33768  99679736  0.000  0.000    4.341    8.608    0    0  (Gen:  0)
  1662936     54384  99710544  0.000  0.000    4.343    8.610    0    0  (Gen:  0)
  1720088     50080  99948192  0.000  0.000    4.345    8.643    0    0  (Gen:  0)
  1041616     20216  99897984  0.000  0.000    4.346    8.643    0    0  (Gen:  0)
  1037904      5912  99899528  0.000  0.000    4.346    8.644    0    0  (Gen:  0)
  1038840      9008  99907424  0.000  0.000    4.347    8.644    0    0  (Gen:  0)
  1038472      7640  99909304  0.000  0.000    4.348    8.645    0    0  (Gen:  0)
  1037064     27448  99930816  0.000  0.000    4.348    8.645    0    0  (Gen:  0)
  1073400     53360  99989808  0.000  0.000    4.350    8.646    0    0  (Gen:  0)
  1068824     41424  99998584  0.000  0.000    4.351    8.647    0    0  (Gen:  0)
  3173304     57992 100049472  0.000  0.000    4.353    8.650    0    0  (Gen:  0)
  1169648     66184 100069760  0.000  0.000    4.355    8.651    0    0  (Gen:  0)
  2075208     83608 100123720  0.000  0.000    4.357    8.653    0    0  (Gen:  0)
  1125856     39024 100145328  0.000  0.000    4.358    8.654    0    0  (Gen:  0)
  1038200     56760 100175760  0.000  0.000    4.359    8.655    0    0  (Gen:  0)
  1033648    116192 100247608  0.001  0.000    4.361    8.656    0    0  (Gen:  0)
  1034120    153512 100320600  0.001  0.000    4.362    8.656    0    0  (Gen:  0)
  1033320    165200 100410440  0.001  0.000    4.364    8.657    0    0  (Gen:  0)
  1073336    104272 100455232  0.000  0.000    4.365    8.658    0    0  (Gen:  0)
  2696976     85440 100535120  0.001  0.000    4.368    8.661    0    0  (Gen:  0)
  1076488     78408 100528136  0.000  0.000    4.369    8.662    0    0  (Gen:  0)
  1041568     20624 100535496  0.000  0.000    4.370    8.663    0    0  (Gen:  0)
  2125408     34616 100628480  0.000  0.000    4.373    8.665    0    0  (Gen:  0)
  1553928     56200 100778848  0.000  0.000    4.374    8.666    0    0  (Gen:  0)
  1032336     85744 100835320  0.001  0.000    4.375    8.666    0    0  (Gen:  0)
  1103512    135120 100967992  0.001  0.000    4.377    8.667    0    0  (Gen:  0)
  1034808    142656 101041680  0.001  0.000    4.378    8.668    0    0  (Gen:  0)
  1136272    141080 101174592  0.001  0.000    4.380    8.669    0    0  (Gen:  0)
  1068776    134856 101269160  0.001  0.000    4.381    8.670    0    0  (Gen:  0)
  1035472    134960 101332640  0.001  0.000    4.383    8.670    0    0  (Gen:  0)
  1036216    117264 101382352  0.001  0.000    4.384    8.671    0    0  (Gen:  0)
  1034696    112552 101436616  0.001  0.000    4.385    8.672    0    0  (Gen:  0)
  1035392    112576 101487976  0.001  0.000    4.387    8.672    0    0  (Gen:  0)
  1106384    114296 101577584  0.001  0.000    4.388    8.673    0    0  (Gen:  0)
  1036048    115048 101630408  0.001  0.000    4.389    8.674    0    0  (Gen:  0)
  1036472    106656 101680168  0.001  0.000    4.391    8.674    0    0  (Gen:  0)
  1035128    110464 101733456  0.001  0.000    4.392    8.675    0    0  (Gen:  0)
  1030664    129352 101804312  0.001  0.000    4.393    8.676    0    0  (Gen:  0)
  1036192    145712 101871984  0.001  0.000    4.395    8.676    0    0  (Gen:  0)
  1069760    134312 101966744  0.001  0.000    4.396    8.677    0    0  (Gen:  0)
  1035472    124000 102023528  0.001  0.000    4.398    8.678    0    0  (Gen:  0)
  1036976    106912 102067208  0.001  0.000    4.399    8.678    0    0  (Gen:  0)
  1032016    110944 102130072  0.001  0.000    4.401    8.679    0    0  (Gen:  0)
  2408192    143696 102236936  0.000  0.000    4.403    8.681    0    0  (Gen:  0)
  1041720     89232 102250000  0.000  0.000    4.404    8.682    0    0  (Gen:  0)
  1041064     20872 102249832  0.000  0.000    4.405    8.683    0    0  (Gen:  0)
  1040504     12744 102254272  0.000  0.000    4.406    8.683    0    0  (Gen:  0)
  2446280     37408 102329064  0.000  0.000    4.408    8.686    0    0  (Gen:  0)
  1070256     68072 102390616  0.000  0.000    4.409    8.687    0    0  (Gen:  0)
  1033248    111136 102462952  0.000  0.000    4.411    8.687    0    0  (Gen:  0)
  1770840    117792 102535696  0.001  0.000    4.413    8.689    0    0  (Gen:  0)
  2677520     67928 102603896  0.000  0.000    4.416    8.692    0    0  (Gen:  0)
  1035984     86792 102652088  0.001  0.000    4.417    8.692    0    0  (Gen:  0)
  1070832    108384 102732168  0.001  0.000    4.418    8.693    0    0  (Gen:  0)
  1040600     71704 102748176  0.000  0.000    4.419    8.694    0    0  (Gen:  0)
  1067920     26600 102787432  0.000  0.000    4.420    8.695    0    0  (Gen:  0)
  1261088     35032 102876032  0.000  0.000    4.422    8.696    0    0  (Gen:  0)
  2671208     55816 102907224  0.000  0.000    4.424    8.698    0    0  (Gen:  0)
  1103576     56744 102927408  0.000  0.000    4.425    8.699    0    0  (Gen:  0)
  2635896     48480 102975568  0.000  0.000    4.428    8.702    0    0  (Gen:  0)
  1036928     69600 103001192  0.001  0.000    4.429    8.703    0    0  (Gen:  0)
  1034184     96464 103059224  0.001  0.000    4.431    8.704    0    0  (Gen:  0)
  1034864    128472 103125312  0.001  0.000    4.432    8.704    0    0  (Gen:  0)
  1034800    131600 103185744  0.001  0.000    4.434    8.705    0    0  (Gen:  0)
  1034552    140048 103260760  0.001  0.000    4.435    8.706    0    0  (Gen:  0)
  1070104    124136 103338008  0.001  0.000    4.437    8.707    0    0  (Gen:  0)
  1041280     57328 103340544  0.000  0.000    4.438    8.708    0    0  (Gen:  0)
  1040824     35800 103365464  0.000  0.000    4.439    8.708    0    0  (Gen:  0)
  1040352     36800 103371216  0.000  0.000    4.440    8.709    0    0  (Gen:  0)
  2052584     37544 103531520  0.000  0.000    4.442    8.711    0    0  (Gen:  0)
  1535168     57208 103564952  0.000  0.000    4.444    8.712    0    0  (Gen:  0)
  1035696    102768 103621672  0.001  0.000    4.445    8.713    0    0  (Gen:  0)
  1068792    120568 103704544  0.001  0.000    4.446    8.714    0    0  (Gen:  0)
  1041064     86176 103730072  0.000  0.000    4.448    8.715    0    0  (Gen:  0)
  1041600     37112 103735936  0.000  0.000    4.448    8.716    0    0  (Gen:  0)
  2570920     39608 103807304  0.000  0.000    4.451    8.719    0    0  (Gen:  0)
  1036072    103440 103864984  0.001  0.000    4.453    8.719    0    0  (Gen:  0)
  1032264    116648 103912312  0.001  0.000    4.454    8.720    0    0  (Gen:  0)
  1142888     82616 103973608  0.001  0.000    4.455    8.721    0    0  (Gen:  0)
  1892696     47944 103994672  0.000  0.000    4.457    8.723    0    0  (Gen:  0)
  1120872     51848 104021952  0.000  0.000    4.459    8.724    0    0  (Gen:  0)
  1743296     56488 104041440  0.000  0.000    4.461    8.726    0    0  (Gen:  0)
  1094216     36288 104055896  0.000  0.000    4.462    8.727    0    0  (Gen:  0)
  1035048     71032 104119576  0.001  0.000    4.463    8.728    0    0  (Gen:  0)
  1035640    145216 104201712  0.001  0.000    4.465    8.729    0    0  (Gen:  0)
  1033056    167016 104282104  0.001  0.000    4.467    8.730    0    0  (Gen:  0)
  1034664    156880 104353960  0.001  0.000    4.468    8.730    0    0  (Gen:  0)
  1032368    156632 104429184  0.001  0.000    4.470    8.731    0    0  (Gen:  0)
  1073608     95568 104476048  0.000  0.000    4.471    8.732    0    0  (Gen:  0)
  1041648     31488 104488328  0.000  0.000    4.472    8.733    0    0  (Gen:  0)
  3006400     41944 104560304  0.000  0.000    4.475    8.736    0    0  (Gen:  0)
  1036344     94424 104613344  0.001  0.000    4.476    8.737    0    0  (Gen:  0)
  1034320    136680 104684496  0.001  0.000    4.478    8.737    0    0  (Gen:  0)
  1069352    142072 104781344  0.001  0.000    4.479    8.738    0    0  (Gen:  0)
  1041128     83240 104795544  0.000  0.000    4.481    8.739    0    0  (Gen:  0)
  1041672     20016 104796976  0.000  0.000    4.482    8.740    0    0  (Gen:  0)
  2765152     54072 104889992  0.000  0.000    4.485    8.743    0    0  (Gen:  0)
  1073680     71744 104903880  0.000  0.000    4.486    8.744    0    0  (Gen:  0)
  2017136     62888 104932776  0.000  0.000    4.488    8.746    0    0  (Gen:  0)
  1103624     65232 104988272  0.000  0.000    4.489    8.747    0    0  (Gen:  0)
  1033600     76160 105019368  0.001  0.000    4.490    8.747    0    0  (Gen:  0)
  1035344    105792 105081560  0.001  0.000    4.492    8.748    0    0  (Gen:  0)
  1034952    126904 105143832  0.001  0.000    4.493    8.749    0    0  (Gen:  0)
  1034384    128472 105209200  0.001  0.000    4.495    8.750    0    0  (Gen:  0)
  1034608    134576 105271456  0.001  0.000    4.496    8.750    0    0  (Gen:  0)
  1134128    123352 105426424  0.001  0.000    4.498    8.751    0    0  (Gen:  0)
  1137256    131064 105591624  0.001  0.000    4.499    8.752    0    0  (Gen:  0)
  1103808    138536 105722704  0.001  0.000    4.501    8.753    0    0  (Gen:  0)
  1037128    112424 105758344  0.001  0.000    4.502    8.753    0    0  (Gen:  0)
  1070920    112344 105862232  0.001  0.000    4.503    8.754    0    0  (Gen:  0)
  1033848    146728 105933400  0.001  0.000    4.505    8.755    0    0  (Gen:  0)
  2973112    135960 106030184  0.000  0.000    4.508    8.757    0    0  (Gen:  0)
  1070928    101208 106065816  0.000  0.000    4.509    8.758    0    0  (Gen:  0)
  1041632     48944 106068168  0.000  0.000    4.510    8.759    0    0  (Gen:  0)
  1041336     16264 106074944  0.000  0.000    4.511    8.759    0    0  (Gen:  0)
  2723000     40976 106194792  0.000  0.000    4.514    8.762    0    0  (Gen:  0)
  1036304     72368 106222464  0.000  0.000    4.515    8.763    0    0  (Gen:  0)
  1065944     77848 106291472  0.001  0.000    4.516    8.764    0    0  (Gen:  0)
  1035952     83288 106334088  0.001  0.000    4.517    8.765    0    0  (Gen:  0)
  1033904    113080 106400312  0.001  0.000    4.519    8.765    0    0  (Gen:  0)
  1034544    140200 106468016  0.001  0.000    4.520    8.766    0    0  (Gen:  0)
  1036472    129360 106521976  0.001  0.000    4.522    8.767    0    0  (Gen:  0)
  1035560    124328 106589816  0.001  0.000    4.523    8.768    0    0  (Gen:  0)
  1421512    119832 106639104  0.001  0.000    4.525    8.768    0    0  (Gen:  0)
  1033208    128784 106710824  0.001  0.000    4.526    8.769    0    0  (Gen:  0)
  1034736    136184 106771232  0.001  0.000    4.528    8.770    0    0  (Gen:  0)
  2006768    142664 106880856  0.001  0.000    4.530    8.771    0    0  (Gen:  0)
  1106688    124024 106920624  0.001  0.000    4.532    8.773    0    0  (Gen:  0)
  1040768     49688 106924544  0.000  0.000    4.533    8.773    0    0  (Gen:  0)
  1041416     12432 106924856  0.000  0.000    4.534    8.774    0    0  (Gen:  0)
  1040864     16960 106930848  0.000  0.000    4.534    8.774    0    0  (Gen:  0)
  3222752     86240 107050592  0.001  0.000    4.538    8.778    0    0  (Gen:  0)
  1037632    143408 107101992  0.001  0.000    4.539    8.778    0    0  (Gen:  0)
  1968816    134048 107203192  0.001  0.000    4.541    8.780    0    0  (Gen:  0)
  1924792     96392 107257032  0.000  0.000    4.544    8.782    0    0  (Gen:  0)
  1087864     59168 107288736  0.000  0.000    4.545    8.783    0    0  (Gen:  0)
  1072224     70536 107313360  0.001  0.000    4.546    8.784    0    0  (Gen:  0)
  1872008     67064 107372096  0.000  0.000    4.548    8.786    0    0  (Gen:  0)
  1086504     71824 107414176  0.000  0.000    4.550    8.787    0    0  (Gen:  0)
  1074936     62080 107422424  0.000  0.000    4.551    8.788    0    0  (Gen:  0)
  1592728     43560 107443440  0.000  0.000    4.553    8.790    0    0  (Gen:  0)
  1117904     64344 107513872  0.000  0.000    4.554    8.791    0    0  (Gen:  0)
  1035336     84776 107549480  0.001  0.000    4.555    8.791    0    0  (Gen:  0)
  1107552     75256 107604936  0.000  0.000    4.556    8.792    0    0  (Gen:  0)
  1444056     40944 107623120  0.000  0.000    4.558    8.793    0    0  (Gen:  0)
  1953400     44400 107651224  0.000  0.000    4.560    8.795    0    0  (Gen:  0)
  2118936     49312 108150352  0.000  0.000    4.562    8.828    0    0  (Gen:  0)
  1041376     24688 108095696  0.000  0.000    4.563    8.828    0    0  (Gen:  0)
  1038944      5776 108101728  0.000  0.000    4.563    8.828    0    0  (Gen:  0)
  1035912     11360 108112112  0.000  0.000    4.564    8.829    0    0  (Gen:  0)
  1038904      5976 108109400  0.000  0.000    4.564    8.829    0    0  (Gen:  0)
  1036776     32192 108137384  0.000  0.000    4.565    8.830    0    0  (Gen:  0)
  1032016    100864 108206456  0.001  0.000    4.567    8.831    0    0  (Gen:  0)
  1071968     87752 108252096  0.000  0.000    4.568    8.832    0    0  (Gen:  0)
  1793168     34664 108274736  0.000  0.000    4.570    8.834    0    0  (Gen:  0)
  1090552     39328 108300544  0.000  0.000    4.571    8.835    0    0  (Gen:  0)
  1072568     71032 108376280  0.000  0.000    4.572    8.835    0    0  (Gen:  0)
  1033328    112872 108432912  0.001  0.000    4.574    8.836    0    0  (Gen:  0)
  1072448     96736 108499680  0.000  0.000    4.575    8.837    0    0  (Gen:  0)
  1041072     40632 108501512  0.000  0.000    4.576    8.838    0    0  (Gen:  0)
  3384824    118064 108655328  0.001  0.000    4.580    8.841    0    0  (Gen:  0)
  1035680    185688 108719936  0.001  0.000    4.581    8.842    0    0  (Gen:  0)
  1064248    158840 108831616  0.001  0.000    4.583    8.843    0    0  (Gen:  0)
  1434920     98840 108880240  0.001  0.000    4.585    8.844    0    0  (Gen:  0)
  1041848     29104 108887424  0.000  0.000    4.585    8.845    0    0  (Gen:  0)
  1860728     33856 108979664  0.000  0.000    4.587    8.847    0    0  (Gen:  0)
  1313976     33296 109005400  0.000  0.000    4.589    8.848    0    0  (Gen:  0)
  1037496     41112 109026112  0.000  0.000    4.590    8.849    0    0  (Gen:  0)
  1033888     84512 109077104  0.001  0.000    4.591    8.849    0    0  (Gen:  0)
  1034976    100400 109122440  0.001  0.000    4.592    8.850    0    0  (Gen:  0)
  1035824    113808 109186680  0.001  0.000    4.594    8.851    0    0  (Gen:  0)
  1035704    144416 109261368  0.001  0.000    4.595    8.851    0    0  (Gen:  0)
  1034848    160760 109342872  0.001  0.000    4.597    8.852    0    0  (Gen:  0)
  1036384    148144 109405208  0.001  0.000    4.599    8.853    0    0  (Gen:  0)
  1032952    138696 109471048  0.001  0.000    4.600    8.854    0    0  (Gen:  0)
  1034400    129032 109529120  0.001  0.000    4.602    8.855    0    0  (Gen:  0)
  1036080    133272 109595840  0.001  0.000    4.603    8.855    0    0  (Gen:  0)
  1033904    141832 109664904  0.001  0.000    4.605    8.856    0    0  (Gen:  0)
  1071136    117328 109739000  0.001  0.000    4.606    8.857    0    0  (Gen:  0)
  1179296     56544 109848680  0.000  0.000    4.608    8.858    0    0  (Gen:  0)
  2011872     47296 109948792  0.000  0.000    4.610    8.860    0    0  (Gen:  0)
  1099472     46048 109986248  0.000  0.000    4.611    8.861    0    0  (Gen:  0)
  1071824     64824 110050424  0.000  0.000    4.612    8.862    0    0  (Gen:  0)
  1037400     85272 110091072  0.001  0.000    4.613    8.862    0    0  (Gen:  0)
  1034056    122344 110163992  0.001  0.000    4.615    8.863    0    0  (Gen:  0)
  1034096    156840 110242720  0.001  0.000    4.616    8.864    0    0  (Gen:  0)
  1033008    162672 110322224  0.001  0.000    4.618    8.865    0    0  (Gen:  0)
  1034512    144264 110382248  0.001  0.000    4.619    8.865    0    0  (Gen:  0)
  1034760    126408 110444288  0.001  0.000    4.621    8.866    0    0  (Gen:  0)
  1071712     80360 110490768  0.000  0.000    4.622    8.867    0    0  (Gen:  0)
  1655440     56936 110529504  0.000  0.000    4.624    8.868    0    0  (Gen:  0)
  1561288     56560 110546712  0.000  0.000    4.625    8.870    0    0  (Gen:  0)
  1591384     43656 110566168  0.000  0.000    4.627    8.871    0    0  (Gen:  0)
  1935096     53736 110592584  0.000  0.000    4.629    8.873    0    0  (Gen:  0)
  3555448     75432 110682024  0.000  0.000    4.632    8.875    0    0  (Gen:  0)
  1137504     59616 110706120  0.000  0.000    4.633    8.876    0    0  (Gen:  0)
  1040584     88640 110772504  0.000  0.000    4.634    8.877    0    0  (Gen:  0)
  1548312     36448 110869592  0.000  0.000    4.636    8.879    0    0  (Gen:  0)
  1280248     49808 110898208  0.000  0.000    4.637    8.880    0    0  (Gen:  0)
  1867584     81568 110943520  0.001  0.000    4.639    8.882    0    0  (Gen:  0)
  1870224     78080 110994536  0.000  0.000    4.642    8.884    0    0  (Gen:  0)
  1171072     55168 111117624  0.000  0.000    4.643    8.885    0    0  (Gen:  0)
  1068696     73960 111186448  0.001  0.000    4.644    8.886    0    0  (Gen:  0)
  1035984     83072 111224384  0.001  0.000    4.645    8.886    0    0  (Gen:  0)
  1036792     75696 111257864  0.001  0.000    4.647    8.887    0    0  (Gen:  0)
  1037720     73248 111297704  0.001  0.000    4.648    8.887    0    0  (Gen:  0)
  1035608     84528 111342040  0.001  0.000    4.649    8.888    0    0  (Gen:  0)
  1033480     89984 111382432  0.001  0.000    4.650    8.889    0    0  (Gen:  0)
  1036816     84680 111426832  0.001  0.000    4.651    8.889    0    0  (Gen:  0)
  1071984     90984 111506136  0.001  0.000    4.652    8.890    0    0  (Gen:  0)
  1036464     92576 111547592  0.001  0.000    4.653    8.890    0    0  (Gen:  0)
  1035752     90088 111595888  0.001  0.000    4.655    8.891    0    0  (Gen:  0)
  1036608     89008 111636208  0.001  0.000    4.656    8.892    0    0  (Gen:  0)
  1034224     89280 111680432  0.001  0.000    4.657    8.892    0    0  (Gen:  0)
  1037792     96368 111721504  0.001  0.000    4.658    8.893    0    0  (Gen:  0)
  1032872    131488 111806456  0.001  0.000    4.660    8.894    0    0  (Gen:  0)
  1031800    184736 111900392  0.001  0.000    4.662    8.894    0    0  (Gen:  0)
  1101016    190304 112057896  0.001  0.000    4.663    8.895    0    0  (Gen:  0)
  1031576    190680 112152192  0.001  0.000    4.665    8.896    0    0  (Gen:  0)
  1031344    193720 112247264  0.001  0.000    4.667    8.897    0    0  (Gen:  0)
  1030728    195920 112343040  0.001  0.000    4.669    8.898    0    0  (Gen:  0)
  1031072    196544 112439256  0.001  0.000    4.671    8.899    0    0  (Gen:  0)
  1032616    200264 112538824  0.001  0.000    4.673    8.900    0    0  (Gen:  0)
  1031384    201608 112636488  0.001  0.000    4.675    8.900    0    0  (Gen:  0)
  1031576    200104 112734248  0.001  0.000    4.677    8.901    0    0  (Gen:  0)
  1030728    198600 112830376  0.001  0.000    4.678    8.902    0    0  (Gen:  0)
  1030456    193208 112922456  0.001  0.000    4.680    8.903    0    0  (Gen:  0)
  1033064    187512 113012824  0.001  0.000    4.682    8.904    0    0  (Gen:  0)
  1033848    180304 113098280  0.001  0.000    4.684    8.905    0    0  (Gen:  0)
  1033480    176560 113184312  0.001  0.000    4.685    8.905    0    0  (Gen:  0)
  1034344    174672 113268464  0.001  0.000    4.687    8.906    0    0  (Gen:  0)
  1032560    180160 113359640  0.001  0.000    4.689    8.907    0    0  (Gen:  0)
  1033560    186088 113450056  0.001  0.000    4.690    8.908    0    0  (Gen:  0)
  1033104    185336 113540536  0.001  0.000    4.692    8.908    0    0  (Gen:  0)
  1035040    182944 113627984  0.001  0.000    4.694    8.909    0    0  (Gen:  0)
  1034112    185312 113721328  0.001  0.000    4.695    8.910    0    0  (Gen:  0)
  1033536    188952 113812376  0.001  0.000    4.697    8.911    0    0  (Gen:  0)
  1034360    186784 113903424  0.001  0.000    4.699    8.911    0    0  (Gen:  0)
  1032336    187808 113995264  0.001  0.000    4.701    8.912    0    0  (Gen:  0)
  1031840    185704 114084808  0.001  0.000    4.702    8.913    0    0  (Gen:  0)
  1033496    180288 114171024  0.001  0.000    4.704    8.914    0    0  (Gen:  0)
  1034736    171800 114252064  0.001  0.000    4.706    8.915    0    0  (Gen:  0)
  1034520    161880 114328648  0.001  0.000    4.707    8.915    0    0  (Gen:  0)
  1037136    159944 114406632  0.001  0.000    4.709    8.916    0    0  (Gen:  0)
  1035088    163736 114487864  0.001  0.000    4.711    8.917    0    0  (Gen:  0)
  1035376    167104 114569128  0.001  0.000    4.712    8.918    0    0  (Gen:  0)
  1033640    167896 114651416  0.001  0.000    4.714    8.919    0    0  (Gen:  0)
  1034336    168096 114732624  0.001  0.000    4.716    8.919    0    0  (Gen:  0)
  1034504    168432 114814696  0.001  0.000    4.717    8.920    0    0  (Gen:  0)
  1035904    169000 114897168  0.001  0.000    4.719    8.921    0    0  (Gen:  0)
  1035536    169120 114979216  0.001  0.000    4.721    8.922    0    0  (Gen:  0)
  1035744    169576 115061712  0.001  0.000    4.723    8.923    0    0  (Gen:  0)
  1032864    143720 115118336  0.001  0.000    4.724    8.923    0    0  (Gen:  0)
  1033440    126760 115183816  0.001  0.000    4.726    8.924    0    0  (Gen:  0)
  1026960    125704 115238848  0.001  0.000    4.727    8.925    0    0  (Gen:  0)
  1028528    119776 115299344  0.001  0.000    4.728    8.925    0    0  (Gen:  0)
  1029224    125928 115360424  0.001  0.000    4.729    8.926    0    0  (Gen:  0)
  1029832    126632 115421984  0.001  0.000    4.731    8.926    0    0  (Gen:  0)
  1072528     91832 115480568  0.000  0.000    4.732    8.927    0    0  (Gen:  0)
  1041288     43312 115483816  0.000  0.000    4.733    8.928    0    0  (Gen:  0)
  1040976     23912 115488928  0.000  0.000    4.734    8.929    0    0  (Gen:  0)
  1134064     31656 115544696  0.000  0.000    4.735    8.930    0    0  (Gen:  0)
  1105472     31808 115552816  0.000  0.000    4.736    8.931    0    0  (Gen:  0)
  1090928     42880 115592584  0.000  0.000    4.738    8.932    0    0  (Gen:  0)
  1035360     88064 115637888  0.001  0.000    4.739    8.933    0    0  (Gen:  0)
  1034384    136224 115715392  0.001  0.000    4.741    8.934    0    0  (Gen:  0)
  1034904    159744 115790736  0.001  0.000    4.742    8.934    0    0  (Gen:  0)
  1035000    148040 115856856  0.001  0.000    4.744    8.935    0    0  (Gen:  0)
  1435168    113128 115929096  0.001  0.000    4.746    8.936    0    0  (Gen:  0)
  1041048     45736 115929600  0.000  0.000    4.747    8.937    0    0  (Gen:  0)
  1632624     39536 116028336  0.000  0.000    4.749    8.939    0    0  (Gen:  0)
  1113592     51816 116086112  0.000  0.000    4.750    8.940    0    0  (Gen:  0)
  1035600    106616 116153632  0.001  0.000    4.751    8.941    0    0  (Gen:  0)
  1034824    147536 116220160  0.001  0.000    4.753    8.942    0    0  (Gen:  0)
  1231128     97584 116274904  0.000  0.000    4.754    8.943    0    0  (Gen:  0)
  1863736     43536 116295384  0.000  0.000    4.756    8.945    0    0  (Gen:  0)
  1086064     54176 116327320  0.000  0.000    4.758    8.946    0    0  (Gen:  0)
  2241888     64480 116388216  0.000  0.000    4.760    8.948    0    0  (Gen:  0)
  1088752     76288 116440088  0.001  0.000    4.761    8.949    0    0  (Gen:  0)
  1037392    104832 116484880  0.001  0.000    4.763    8.950    0    0  (Gen:  0)
  1033872    114632 116540624  0.001  0.000    4.764    8.950    0    0  (Gen:  0)
  1069160    119992 116630872  0.001  0.000    4.765    8.951    0    0  (Gen:  0)
  1041112     64728 116633544  0.000  0.000    4.766    8.952    0    0  (Gen:  0)
  2337440     47928 116719296  0.000  0.000    4.769    8.954    0    0  (Gen:  0)
  1032352    103496 116779888  0.001  0.000    4.770    8.955    0    0  (Gen:  0)
  1035528    138120 116853408  0.001  0.000    4.772    8.956    0    0  (Gen:  0)
  1035440    140176 116914864  0.000  0.000    4.773    8.957    0    0  (Gen:  0)
  1568224    118360 116995320  0.000  0.000    4.775    8.958    0    0  (Gen:  0)
  1040816     53680 116998032  0.000  0.000    4.776    8.959    0    0  (Gen:  0)
  2436360     43088 117149576  0.000  0.000    4.779    8.962    0    0  (Gen:  0)
  2064496     50600 117792744  0.000  0.000    4.781    8.994    0    0  (Gen:  0)
  1041552     16784 117753728  0.000  0.000    4.782    8.995    0    0  (Gen:  0)
  1038912      7160 117754144  0.000  0.000    4.782    8.995    0    0  (Gen:  0)
  1037344     13248 117766200  0.000  0.000    4.783    8.996    0    0  (Gen:  0)
  1038320      5896 117763464  0.000  0.000    4.784    8.996    0    0  (Gen:  0)
  1039392      4560 117763936  0.000  0.000    4.784    8.996    0    0  (Gen:  0)
  1036736     31696 117791416  0.000  0.000    4.785    8.997    0    0  (Gen:  0)
  1033464     54288 117814248  0.000  0.000    4.786    8.997    0    0  (Gen:  0)
  1031600     41408 117828336  0.000  0.000    4.786    8.998    0    0  (Gen:  0)
  1031600     31920 117842568  0.000  0.000    4.787    8.998    0    0  (Gen:  0)
  1031496     31584 117856368  0.000  0.000    4.787    8.998    0    0  (Gen:  0)
  1031608     31584 117870504  0.000  0.000    4.788    8.999    0    0  (Gen:  0)
  1031808     35840 117888856  0.000  0.000    4.788    8.999    0    0  (Gen:  0)
  1031600     35776 117902992  0.000  0.000    4.789    8.999    0    0  (Gen:  0)
  1031600     31928 117917224  0.000  0.000    4.789    8.999    0    0  (Gen:  0)
  1031496     31592 117931024  0.000  0.000    4.790    9.000    0    0  (Gen:  0)
  1031312     35720 117949272  0.000  0.000    4.790    9.000    0    0  (Gen:  0)
  1031752     86936 118014576  0.000  0.000    4.791    9.001    0    0  (Gen:  0)
  1035288    142888 118092280  0.001  0.000    4.793    9.001    0    0  (Gen:  0)
  1034352    152128 118165720  0.001  0.000    4.794    9.002    0    0  (Gen:  0)
  1033928    148496 118234784  0.001  0.000    4.796    9.003    0    0  (Gen:  0)
  1034736    147840 118309360  0.001  0.000    4.797    9.004    0    0  (Gen:  0)
  1036664    147880 118378208  0.001  0.000    4.799    9.005    0    0  (Gen:  0)
  1038096    117840 118422016  0.001  0.000    4.801    9.005    0    0  (Gen:  0)
  1030152    114368 118486096  0.001  0.000    4.802    9.006    0    0  (Gen:  0)
  1034336    134760 118551976  0.001  0.000    4.803    9.007    0    0  (Gen:  0)
  1509680     98408 118615368  0.001  0.000    4.806    9.008    0    0  (Gen:  0)
  1041264     40568 118627968  0.000  0.000    4.807    9.009    0    0  (Gen:  0)
  1041720     20648 118629384  0.000  0.000    4.807    9.010    0    0  (Gen:  0)
  1071192     15816 118665776  0.000  0.000    4.808    9.010    0    0  (Gen:  0)
  1171648     30312 118681696  0.000  0.000    4.810    9.012    0    0  (Gen:  0)
  2078736     53040 118713288  0.000  0.000    4.812    9.013    0    0  (Gen:  0)
  1606384     55752 118730696  0.000  0.000    4.813    9.015    0    0  (Gen:  0)
  1561648     51184 118750696  0.000  0.000    4.815    9.016    0    0  (Gen:  0)
  1375704     48728 118771728  0.000  0.000    4.816    9.017    0    0  (Gen:  0)
  1169464     37520 118793136  0.000  0.000    4.817    9.018    0    0  (Gen:  0)
  3202592     57240 118846120  0.000  0.000    4.821    9.022    0    0  (Gen:  0)
  1070912     69144 118862856  0.000  0.000    4.822    9.023    0    0  (Gen:  0)
  1070728     68352 118891128  0.000  0.000    4.823    9.023    0    0  (Gen:  0)
  1589304     61392 118915680  0.000  0.000    4.825    9.025    0    0  (Gen:  0)
  1209304     51920 118944904  0.000  0.000    4.827    9.027    0    0  (Gen:  0)
  1071760     70584 118977744  0.001  0.000    4.828    9.028    0    0  (Gen:  0)
  1040336     66472 118989992  0.001  0.000    4.829    9.028    0    0  (Gen:  0)
  2695432     62328 119091256  0.000  0.000    4.832    9.031    0    0  (Gen:  0)
  1035872    100136 119133752  0.001  0.000    4.833    9.032    0    0  (Gen:  0)
  1036664    111200 119188192  0.001  0.000    4.835    9.033    0    0  (Gen:  0)
  1036072    113720 119242376  0.001  0.000    4.836    9.034    0    0  (Gen:  0)
  1036952    119392 119303416  0.001  0.000    4.838    9.034    0    0  (Gen:  0)
  1037704    119992 119358472  0.001  0.000    4.839    9.035    0    0  (Gen:  0)
  1036544    115712 119414664  0.001  0.000    4.841    9.036    0    0  (Gen:  0)
  1038920    117616 119471776  0.001  0.000    4.842    9.037    0    0  (Gen:  0)
  1036848    117312 119527824  0.001  0.000    4.844    9.038    0    0  (Gen:  0)
  1035648    120344 119587640  0.001  0.000    4.845    9.038    0    0  (Gen:  0)
  1036960    118088 119641152  0.001  0.000    4.847    9.039    0    0  (Gen:  0)
  1141816     95016 119775720  0.000  0.000    4.848    9.040    0    0  (Gen:  0)
  1035720     57624 119790984  0.000  0.000    4.850    9.041    0    0  (Gen:  0)
  2009016     64696 119876888  0.000  0.000    4.852    9.043    0    0  (Gen:  0)
  1124312     78016 119939744  0.000  0.000    4.853    9.044    0    0  (Gen:  0)
  1037040     59288 119945288  0.000  0.000    4.854    9.045    0    0  (Gen:  0)
  1201880     40928 120004504  0.000  0.000    4.856    9.047    0    0  (Gen:  0)
  1086288     79560 120066192  0.001  0.000    4.857    9.048    0    0  (Gen:  0)
  1109696     80200 120108872  0.000  0.000    4.858    9.048    0    0  (Gen:  0)
  1449088     48632 120132128  0.000  0.000    4.860    9.050    0    0  (Gen:  0)
  1083984     50088 120160632  0.000  0.000    4.861    9.051    0    0  (Gen:  0)
  1036672     87792 120208264  0.001  0.000    4.863    9.052    0    0  (Gen:  0)
  1176176     76624 120252112  0.000  0.000    4.864    9.053    0    0  (Gen:  0)
  1077184     24512 120292936  0.000  0.000    4.865    9.054    0    0  (Gen:  0)
  1978312     45608 120360112  0.000  0.000    4.867    9.056    0    0  (Gen:  0)
  1091128     53320 120384296  0.000  0.000    4.868    9.057    0    0  (Gen:  0)
  1037192     52912 120405576  0.000  0.000    4.869    9.057    0    0  (Gen:  0)
  1034576     95576 120467088  0.001  0.000    4.871    9.058    0    0  (Gen:  0)
  1819704    133600 120566968  0.001  0.000    4.873    9.059    0    0  (Gen:  0)
  1041264     76408 120570880  0.000  0.000    4.874    9.060    0    0  (Gen:  0)
  2149496     36248 120699368  0.000  0.000    4.876    9.063    0    0  (Gen:  0)
  1034704     77528 120734640  0.000  0.000    4.878    9.064    0    0  (Gen:  0)
  1035032    113864 120800296  0.001  0.000    4.879    9.064    0    0  (Gen:  0)
  1036408    116840 120850696  0.001  0.000    4.880    9.065    0    0  (Gen:  0)
  1033416    124832 120922760  0.001  0.000    4.882    9.066    0    0  (Gen:  0)
  1032128    143872 120989880  0.001  0.000    4.883    9.067    0    0  (Gen:  0)
  1036816    125856 121042424  0.001  0.000    4.885    9.067    0    0  (Gen:  0)
  1034496    113408 121098680  0.001  0.000    4.886    9.068    0    0  (Gen:  0)
  1034896    126296 121164664  0.001  0.000    4.888    9.069    0    0  (Gen:  0)
  1034736    139208 121231752  0.001  0.000    4.889    9.070    0    0  (Gen:  0)
  1037208    136872 121296480  0.001  0.000    4.891    9.070    0    0  (Gen:  0)
  1032560    136696 121360176  0.001  0.000    4.892    9.071    0    0  (Gen:  0)
  1036448    122232 121414336  0.001  0.000    4.894    9.072    0    0  (Gen:  0)
  1033520    114704 121470120  0.001  0.000    4.895    9.072    0    0  (Gen:  0)
  1042440    164232 121570784  0.001  0.000    4.897    9.073    0    0  (Gen:  0)
  1384040    116128 121580728  0.001  0.000    4.898    9.074    0    0  (Gen:  0)
  1749072    119232 121672136  0.001  0.000    4.900    9.075    0    0  (Gen:  0)
  1440752     98032 121706768  0.000  0.000    4.902    9.077    0    0  (Gen:  0)
  1280568     61288 121726952  0.000  0.000    4.903    9.078    0    0  (Gen:  0)
  2869040     62520 121772360  0.000  0.000    4.905    9.080    0    0  (Gen:  0)
  1437648     90152 121817176  0.000  0.000    4.907    9.081    0    0  (Gen:  0)
  3552920     68728 121870544  0.000  0.000    4.910    9.084    0    0  (Gen:  0)
  2296104    110888 121948776  0.000  0.000    4.912    9.086    0    0  (Gen:  0)
  1598776     50432 121980680  0.000  0.000    4.914    9.088    0    0  (Gen:  0)
  1140144     45208 121999536  0.000  0.000    4.915    9.089    0    0  (Gen:  0)
  2832464     66624 122046928  0.000  0.000    4.917    9.091    0    0  (Gen:  0)
  1040480     89024 122109056  0.001  0.000    4.919    9.092    0    0  (Gen:  0)
  1828520     54096 122192472  0.000  0.000    4.921    9.094    0    0  (Gen:  0)
  1307992     76832 122253600  0.001  0.000    4.922    9.095    0    0  (Gen:  0)
  1035008    116480 122307768  0.001  0.000    4.924    9.096    0    0  (Gen:  0)
  1033104    136360 122375248  0.001  0.000    4.926    9.096    0    0  (Gen:  0)
  1034280    144376 122447192  0.001  0.000    4.927    9.097    0    0  (Gen:  0)
  1035624    139296 122509616  0.001  0.000    4.929    9.098    0    0  (Gen:  0)
  1037168    131296 122570392  0.001  0.000    4.930    9.099    0    0  (Gen:  0)
  1436616    106448 122642776  0.001  0.000    4.932    9.100    0    0  (Gen:  0)
  1040704     50408 122643832  0.000  0.000    4.933    9.101    0    0  (Gen:  0)
  1040792     14776 122648080  0.000  0.000    4.934    9.101    0    0  (Gen:  0)
  2471816     51888 122731416  0.000  0.000    4.937    9.104    0    0  (Gen:  0)
  1074680     56728 122730288  0.000  0.000    4.938    9.105    0    0  (Gen:  0)
  1965176     45320 122764848  0.000  0.000    4.940    9.107    0    0  (Gen:  0)
  1036440     69992 122792192  0.000  0.000    4.941    9.108    0    0  (Gen:  0)
  2079544    115040 122899040  0.001  0.000    4.943    9.110    0    0  (Gen:  0)
  1040904     77704 122894896  0.001  0.000    4.945    9.110    0    0  (Gen:  0)
  2212704     35160 122968760  0.000  0.000    4.947    9.113    0    0  (Gen:  0)
  1037208     90384 123018080  0.001  0.000    4.948    9.114    0    0  (Gen:  0)
  1033992    116152 123070984  0.001  0.000    4.950    9.115    0    0  (Gen:  0)
  1336776     77544 123350088  0.000  0.000    4.951    9.116    0    0  (Gen:  0)
  2863240     82976 123593624  0.001  0.000    4.954    9.118    0    0  (Gen:  0)
  1107512    129112 123711160  0.001  0.000    4.956    9.119    0    0  (Gen:  0)
  1034264    128624 123773816  0.001  0.000    4.957    9.120    0    0  (Gen:  0)
  1176840     95928 123932008  0.000  0.000    4.959    9.121    0    0  (Gen:  0)
  1041896     39016 123939768  0.000  0.000    4.960    9.122    0    0  (Gen:  0)
  1071088     62320 124020296  0.000  0.000    4.961    9.122    0    0  (Gen:  0)
  1041880    182360 124141984  0.001  0.000    4.963    9.123    0    0  (Gen:  0)
  1037400     80432 124177976  0.001  0.000    4.964    9.124    0    0  (Gen:  0)
  1039256    119824 124292872  0.001  0.000    4.965    9.124    0    0  (Gen:  0)
  1066536    144288 124455960  0.001  0.000    4.967    9.126    0    0  (Gen:  0)
  1088272    254232 124661328  0.001  0.000    4.970    9.128    0    0  (Gen:  0)
  2631048    281536 124883032  0.001  0.000    4.975    9.130    0    0  (Gen:  0)
  2085088    296464 125016760  0.001  0.000    4.984    9.133    0    0  (Gen:  0)
  2039352    273336 125132824  0.001  0.000    4.995    9.136    0    0  (Gen:  0)
  1765288    187816 125185208  0.001  0.000    5.003    9.138    0    0  (Gen:  0)
  2021848    179536 125265488  0.001  0.000    5.011    9.141    0    0  (Gen:  0)
  1763264    264016 125429568  0.002  0.001    5.019    9.143    0    0  (Gen:  0)
  1448432    111400 125366848  0.001  0.000    5.023    9.144    0    0  (Gen:  0)
  2063600    229176 125568144  0.001  0.000    5.028    9.146    0    0  (Gen:  0)
  1834096    191472 125589976  0.001  0.000    5.032    9.147    0    0  (Gen:  0)
  1699616    165992 125613232  0.001  0.000    5.035    9.148    0    0  (Gen:  0)
  2406680    188112 125781424  0.001  0.000    5.040    9.149    0    0  (Gen:  0)
  2894048    140568 125878120  0.001  0.000    5.045    9.151    0    0  (Gen:  0)
  1694040    205304 125996640  0.001  0.000    5.051    9.152    0    0  (Gen:  0)
  2111944    119688 125987064  0.001  0.000    5.056    9.154    0    0  (Gen:  0)
  2408464    175120 126115328  0.001  0.000    5.064    9.156    0    0  (Gen:  0)
  2064712    182568 126183512  0.001  0.000    5.073    9.158    0    0  (Gen:  0)
  1737720    161840 126257224  0.001  0.000    5.079    9.160    0    0  (Gen:  0)
  1656728    159168 126329768  0.001  0.000    5.084    9.162    0    0  (Gen:  0)
  1377888    105360 126366472  0.000  0.000    5.086    9.162    0    0  (Gen:  0)
  2201432    160416 126489216  0.001  0.000    5.092    9.163    0    0  (Gen:  0)
  2208552    151104 126575464  0.001  0.000    5.100    9.166    0    0  (Gen:  0)
  1558880    201224 126675144  0.001  0.000    5.104    9.167    0    0  (Gen:  0)
  1927040    100016 126664032  0.000  0.000    5.108    9.168    0    0  (Gen:  0)
  2252544    153488 126740200  0.001  0.000    5.115    9.170    0    0  (Gen:  0)
  2263400    169984 126814856  0.001  0.000    5.120    9.172    0    0  (Gen:  0)
  2254528    120928 126833816  0.001  0.000    5.125    9.173    0    0  (Gen:  0)
  2324720    159512 126896112  0.001  0.000    5.131    9.175    0    0  (Gen:  0)
  2399800    144392 126960632  0.001  0.000    5.136    9.177    0    0  (Gen:  0)
  1907456    166184 127046592  0.001  0.000    5.140    9.178    0    0  (Gen:  0)
  3069160    102744 127154712  0.000  0.000    5.145    9.179    0    0  (Gen:  0)
  3451168    146368 127349136  0.000  0.000    5.150    9.181    0    0  (Gen:  0)
  3181440    160288 127555560  0.001  0.000    5.157    9.183    0    0  (Gen:  0)
  3175760    272400 127914744  0.001  0.001    5.172    9.188    0    0  (Gen:  0)
  2352928    324224 128183816  0.002  0.001    5.184    9.191    0    0  (Gen:  0)
  1977824    149736 128211104  0.001  0.000    5.188    9.192    0    0  (Gen:  0)
  2033472    125096 128333584  0.001  0.000    5.193    9.193    0    0  (Gen:  0)
  1841168    185680 128435832  0.001  0.000    5.197    9.195    0    0  (Gen:  0)
  2279384     99488 128422864  0.000  0.000    5.202    9.196    0    0  (Gen:  0)
  2264712    169696 128516312  0.001  0.000    5.206    9.197    0    0  (Gen:  0)
  2416456    108480 128518224  0.000  0.000    5.211    9.199    0    0  (Gen:  0)
  2438416    158136 128590272  0.001  0.000    5.218    9.201    0    0  (Gen:  0)
  2196808    150264 128647192  0.001  0.000    5.223    9.202    0    0  (Gen:  0)
  1606816    125968 128699352  0.001  0.000    5.229    9.204    0    0  (Gen:  0)
  1793112    140816 128792856  0.001  0.000    5.234    9.205    0    0  (Gen:  0)
  2435440    127488 128846736  0.001  0.000    5.240    9.207    0    0  (Gen:  0)
  2246344    164672 128929464  0.001  0.000    5.248    9.209    0    0  (Gen:  0)
  2811664    205104 129033368  0.002  0.000    5.258    9.212    0    0  (Gen:  0)
  1545912    148392 129089160  0.001  0.000    5.263    9.214    0    0  (Gen:  0)
  1491904    176472 129205424  0.001  0.000    5.267    9.215    0    0  (Gen:  0)
  1538088    110432 129196800  0.001  0.000    5.272    9.216    0    0  (Gen:  0)
  2922640    150792 129306424  0.001  0.000    5.278    9.219    0    0  (Gen:  0)
  1968392    151512 129363128  0.001  0.000    5.285    9.221    0    0  (Gen:  0)
  2903992    116168 129400448  0.001  0.000    5.289    9.222    0    0  (Gen:  0)
  2478616    125848 129452312  0.001  0.000    5.294    9.223    0    0  (Gen:  0)
  3060536    143144 129542624  0.002  0.000    5.300    9.225    0    0  (Gen:  0)
  2855216    151024 129613008  0.001  0.000    5.308    9.227    0    0  (Gen:  0)
  2209232    158992 129674480  0.001  0.000    5.314    9.229    0    0  (Gen:  0)
  2911384    122432 129708472  0.001  0.000    5.320    9.231    0    0  (Gen:  0)
  2514944    117792 129787488  0.001  0.000    5.325    9.232    0    0  (Gen:  0)
  2860104    315048 130098528  0.002  0.001    5.340    9.237    0    0  (Gen:  0)
  1199768    234504 130076688  0.001  0.000    5.342    9.237    0    0  (Gen:  0)
  2472232    118768 130208312  0.001  0.000    5.349    9.239    0    0  (Gen:  0)
  1376632     98008 130232688  0.001  0.000    5.351    9.240    0    0  (Gen:  0)
  2125032    110696 130307120  0.001  0.000    5.358    9.241    0    0  (Gen:  0)
  2808072    282488 130540304  0.003  0.001    5.374    9.246    0    0  (Gen:  0)
  1912728    259288 130584816  0.002  0.001    5.379    9.247    0    0  (Gen:  0)
  1332600    126376 130572056  0.001  0.000    5.381    9.248    0    0  (Gen:  0)
  2313920    162200 130755192  0.001  0.000    5.387    9.250    0    0  (Gen:  0)
  2076288    118032 130948096  0.001  0.000    5.394    9.252    0    0  (Gen:  0)
  1885824    131368 130997536  0.001  0.000    5.400    9.254    0    0  (Gen:  0)
  2183616    251880 131171584  0.002  0.001    5.410    9.257    0    0  (Gen:  0)
  2490352    200072 131184944  0.002  0.000    5.414    9.258    0    0  (Gen:  0)
  1661744     68392 131175216  0.000  0.000    5.416    9.259    0    0  (Gen:  0)
  2689672    101608 131255600  0.001  0.000    5.421    9.260    0    0  (Gen:  0)
  2770392    195544 131422776  0.001  0.000    5.431    9.263    0    0  (Gen:  0)
  2965312    241752 131580096  0.001  0.000    5.442    9.266    0    0  (Gen:  0)
  2376384    253928 131700784  0.002  0.000    5.446    9.267    0    0  (Gen:  0)
  2808392    117136 131662688  0.001  0.000    5.451    9.268    0    0  (Gen:  0)
  1558704    131088 131767128  0.000  0.000    5.455    9.270    0    0  (Gen:  0)
  2105920    137856 131882936  0.001  0.000    5.463    9.273    0    0  (Gen:  0)
  1819008    168400 132049872  0.001  0.000    5.470    9.275    0    0  (Gen:  0)
  3190720    303864 132430496  0.002  0.001    5.485    9.280    0    0  (Gen:  0)
  1201296    208848 132422264  0.001  0.000    5.488    9.280    0    0  (Gen:  0)
  1708568    113464 132614568  0.001  0.000    5.495    9.282    0    0  (Gen:  0)
  2338120    154336 132832808  0.001  0.000    5.501    9.284    0    0  (Gen:  0)
  2306200    186352 132951928  0.001  0.000    5.507    9.285    0    0  (Gen:  0)
  1997504    122152 132934208  0.000  0.000    5.511    9.286    0    0  (Gen:  0)
  2297384    126200 132990816  0.001  0.000    5.516    9.288    0    0  (Gen:  0)
  2107008    137600 133054320  0.000  0.000    5.524    9.290    0    0  (Gen:  0)
  2049768    118288 133089072  0.000  0.000    5.529    9.292    0    0  (Gen:  0)
  2073688    131480 133156064  0.000  0.000    5.533    9.293    0    0  (Gen:  0)
  1864400    111480 133184136  0.001  0.000    5.538    9.294    0    0  (Gen:  0)
  2734008    242912 133384416  0.002  0.000    5.543    9.295    0    0  (Gen:  0)
  1603344    193136 133385088  0.001  0.000    5.545    9.296    0    0  (Gen:  0)
  1715960    152592 133516688  0.001  0.000    5.547    9.296    0    0  (Gen:  0)
  2829584    191448 133734784  0.001  0.000    5.555    9.299    0    0  (Gen:  0)
  2573856    154520 133858016  0.001  0.000    5.563    9.301    0    0  (Gen:  0)
  2705592    147104 134055720  0.001  0.000    5.570    9.303    0    0  (Gen:  0)
  1972880    117952 134088416  0.000  0.000    5.575    9.305    0    0  (Gen:  0)
  2647360    144184 134207696  0.001  0.000    5.583    9.307    0    0  (Gen:  0)
  1921728    199552 134400848  0.001  0.000    5.592    9.310    0    0  (Gen:  0)
  1854784    165760 134452072  0.001  0.000    5.599    9.312    0    0  (Gen:  0)
  2863576    314904 134745552  0.001  0.000    5.617    9.316    0    0  (Gen:  0)
  1204096    237088 134745120  0.001  0.000    5.620    9.317    0    0  (Gen:  0)
  2301544    234928 134957776  0.001  0.000    5.627    9.319    0    0  (Gen:  0)
  1242584    197504 135032976  0.001  0.000    5.629    9.320    0    0  (Gen:  0)
  1483664    131968 135147880  0.001  0.000    5.631    9.320    0    0  (Gen:  0)
  2585576    134880 135284368  0.001  0.000    5.638    9.322    0    0  (Gen:  0)
  1606264    184568 135463320  0.001  0.000    5.643    9.323    0    0  (Gen:  0)
  2218504    107152 135545176  0.000  0.000    5.648    9.325    0    0  (Gen:  0)
  2732056    238728 135806936  0.001  0.000    5.658    9.328    0    0  (Gen:  0)
  1588584    292200 135920696  0.002  0.000    5.662    9.329    0    0  (Gen:  0)
  1251520    136304 135990520  0.001  0.000    5.664    9.329    0    0  (Gen:  0)
  2358232    195792 136144776  0.002  0.000    5.669    9.331    0    0  (Gen:  0)
  2855464    120216 136346592  0.000  0.000    5.674    9.332    0    0  (Gen:  0)
  2646864    114344 136445576  0.001  0.000    5.679    9.334    0    0  (Gen:  0)
  2560616    138144 136507536  0.000  0.000    5.686    9.336    0    0  (Gen:  0)
  2221168    124552 136549616  0.000  0.000    5.688    9.337    0    0  (Gen:  0)
  2645032     81816 136564072  0.000  0.000    5.692    9.338    0    0  (Gen:  0)
  2777344    163968 136662240  0.001  0.000    5.700    9.340    0    0  (Gen:  0)
  3100472    146288 136759480  0.001  0.000    5.706    9.342    0    0  (Gen:  0)
  3497256    209184 136959904  0.001  0.000    5.718    9.346    0    0  (Gen:  0)
  2614608    319920 137155720  0.003  0.000    5.732    9.350    0    0  (Gen:  0)
  2146232    169800 137211184  0.002  0.000    5.736    9.351    0    0  (Gen:  0)
  1819808    160152 137306912  0.001  0.000    5.740    9.352    0    0  (Gen:  0)
  2462768    112376 137302440  0.000  0.000    5.744    9.353    0    0  (Gen:  0)
  2628360    204688 137454400  0.001  0.000    5.749    9.355    0    0  (Gen:  0)
  2258064    135480 137489032  0.001  0.000    5.754    9.356    0    0  (Gen:  0)
  1940040    143392 137538896  0.001  0.000    5.760    9.358    0    0  (Gen:  0)
  1569280    128968 137586384  0.001  0.000    5.765    9.359    0    0  (Gen:  0)
  2295416    155824 137709104  0.002  0.000    5.771    9.361    0    0  (Gen:  0)
  2425144    155560 137894320  0.001  0.000    5.779    9.363    0    0  (Gen:  0)
  1653728    160840 137975032  0.001  0.000    5.785    9.365    0    0  (Gen:  0)
  2045176    153424 138055904  0.001  0.000    5.794    9.368    0    0  (Gen:  0)
  2056088    198360 138156944  0.001  0.000    5.798    9.369    0    0  (Gen:  0)
  2090840     97936 138198264  0.001  0.000    5.802    9.370    0    0  (Gen:  0)
  1966328    186000 138377480  0.001  0.000    5.806    9.371    0    0  (Gen:  0)
  2135784    128464 138384528  0.001  0.000    5.811    9.372    0    0  (Gen:  0)
  2992000    160376 138579872  0.001  0.000    5.821    9.376    0    0  (Gen:  0)
  1881944    291704 138727624  0.001  0.000    5.828    9.378    0    0  (Gen:  0)
  3190776    311192 138866768  0.002  0.000    5.844    9.383    0    0  (Gen:  0)
  2761224    331256 138983336  0.001  0.000    5.849    9.384    0    0  (Gen:  0)
  2392616    134080 138905400  0.001  0.000    5.851    9.384    0    0  (Gen:  0)
  2777584    167592 139132688  0.001  0.000    5.860    9.388    0    0  (Gen:  0)
  2353640    218368 139353064  0.002  0.000    5.867    9.389    0    0  (Gen:  0)
  2115192    111744 139328288  0.000  0.000    5.871    9.390    0    0  (Gen:  0)
  2425552    123640 139412848  0.001  0.000    5.876    9.392    0    0  (Gen:  0)
  2831936    110568 139515720  0.000  0.000    5.881    9.393    0    0  (Gen:  0)
  2322928    130768 139620312  0.000  0.000    5.888    9.395    0    0  (Gen:  0)
  2610056    131800 139791848  0.001  0.000    5.895    9.397    0    0  (Gen:  0)
  2398592    115272 139835072  0.001  0.000    5.899    9.399    0    0  (Gen:  0)
  2244160    162960 140005752  0.001  0.000    5.903    9.400    0    0  (Gen:  0)
  2472312    121448 140011256  0.001  0.000    5.907    9.401    0    0  (Gen:  0)
  2578040    155136 140173432  0.001  0.000    5.916    9.403    0    0  (Gen:  0)
  2139840    152664 140199088  0.000  0.000    5.921    9.405    0    0  (Gen:  0)
  1671640    142080 140296952  0.000  0.000    5.927    9.406    0    0  (Gen:  0)
  1846784    141448 140424672  0.000  0.000    5.934    9.408    0    0  (Gen:  0)
  2325472    145912 140521640  0.001  0.000    5.941    9.410    0    0  (Gen:  0)
  2029336    161072 140631976  0.001  0.000    5.950    9.413    0    0  (Gen:  0)
  1881432    216232 140755168  0.002  0.000    5.955    9.414    0    0  (Gen:  0)
  2094384    160328 140781000  0.002  0.000    5.959    9.415    0    0  (Gen:  0)
  2079248     89056 140786336  0.000  0.000    5.964    9.417    0    0  (Gen:  0)
  1890384    132552 140842440  0.000  0.000    5.970    9.419    0    0  (Gen:  0)
  2163008    102176 140873544  0.001  0.000    5.975    9.420    0    0  (Gen:  0)
  2210888    147728 141021552  0.001  0.000    5.982    9.422    0    0  (Gen:  0)
  3005728    235128 141225296  0.002  0.000    5.989    9.424    0    0  (Gen:  0)
  1747960    270848 141319456  0.001  0.000    5.991    9.425    0    0  (Gen:  0)
  1532848    141352 141425104  0.001  0.000    5.994    9.425    0    0  (Gen:  0)
  2585696    132464 141594800  0.001  0.000    6.000    9.427    0    0  (Gen:  0)
  2535496    113080 141639216  0.001  0.000    6.006    9.429    0    0  (Gen:  0)
  2011256    143624 141707088  0.001  0.000    6.013    9.431    0    0  (Gen:  0)
  1990416    180352 141865312  0.001  0.000    6.018    9.432    0    0  (Gen:  0)
  2782440    145416 141929792  0.001  0.000    6.022    9.433    0    0  (Gen:  0)
  2882824    155824 142039552  0.001  0.000    6.029    9.435    0    0  (Gen:  0)
  2929584    285976 142419800  0.001  0.000    6.044    9.440    0    0  (Gen:  0)
  2448488    162896 142483384  0.001  0.000    6.050    9.441    0    0  (Gen:  0)
  2691584    174120 142752392  0.001  0.000    6.059    9.444    0    0  (Gen:  0)
  1739904    201096 142835864  0.001  0.000    6.065    9.446    0    0  (Gen:  0)
  1238480     80184 142806880  0.000  0.000    6.067    9.446    0    0  (Gen:  0)
  2185616    149544 142937552  0.001  0.000    6.073    9.448    0    0  (Gen:  0)
  2546160    218304 143105432  0.001  0.000    6.078    9.449    0    0  (Gen:  0)
  1366168    108224 143035720  0.000  0.000    6.081    9.450    0    0  (Gen:  0)
  2420480    104312 143091456  0.000  0.000    6.085    9.451    0    0  (Gen:  0)
  3449928    158016 143418592  0.001  0.000    6.097    9.460    0    0  (Gen:  0)
  1141360    269784 143662232  0.001  0.000    6.100    9.462    0    0  (Gen:  0)
  1039248     19872 143533808  0.000  0.000    6.101    9.462    0    0  (Gen:  0)
  1041400    121592 143640896  0.000  0.000    6.102    9.463    0    0  (Gen:  0)
  1605496    195944 143890032  0.001  0.000    6.104    9.465    0    0  (Gen:  0)
  1075072    186096 143990424  0.001  0.000    6.106    9.465    0    0  (Gen:  0)
  1069056    130576 144135880  0.001  0.000    6.108    9.467    0    0  (Gen:  0)
  1118864    327248 144378704  0.001  0.000    6.110    9.468    0    0  (Gen:  0)
  3309984    381848 144740328  0.001  0.001    6.117    9.472    0    0  (Gen:  0)
  3116192    280712 144831864  0.001  0.000    6.123    9.474    0    0  (Gen:  0)
  2841128    236904 145017712  0.001  0.000    6.129    9.477    0    0  (Gen:  0)
  3054976    192752 145112976  0.001  0.000    6.134    9.479    0    0  (Gen:  0)
  2066336    211192 145244080  0.001  0.000    6.138    9.481    0    0  (Gen:  0)
  1687608    139008 145252976  0.001  0.000    6.141    9.482    0    0  (Gen:  0)
  2370456    248216 145420208  0.001  0.000    6.146    9.484    0    0  (Gen:  0)
  3332864    231616 145508912  0.001  0.000    6.152    9.487    0    0  (Gen:  0)
  2497792    278832 145695816  0.001  0.000    6.158    9.489    0    0  (Gen:  0)
  2269368    256040 145812032  0.001  0.000    6.162    9.490    0    0  (Gen:  0)
  2017088    191408 145843232  0.001  0.000    6.166    9.493    0    0  (Gen:  0)
  2246432    359888 146063432  0.001  0.000    6.171    9.495    0    0  (Gen:  0)
  1935208    155208 146110424  0.000  0.000    6.174    9.496    0    0  (Gen:  0)
  1580160    196704 146310400  0.001  0.000    6.177    9.497    0    0  (Gen:  0)
  1351992    237608 146377800  0.001  0.000    6.179    9.498    0    0  (Gen:  0)
  2666952    230232 146744560  0.001  0.000    6.184    9.500    0    0  (Gen:  0)
  2393528    300816 146871696  0.001  0.000    6.190    9.503    0    0  (Gen:  0)
  2926312    299704 147065816  0.001  0.000    6.196    9.507    0    0  (Gen:  0)
  1103128    148520 147110712  0.001  0.000    6.198    9.508    0    0  (Gen:  0)
  2955208    228336 147391288  0.002  0.000    6.205    9.511    0    0  (Gen:  0)
  1511040    347008 147525536  0.001  0.000    6.208    9.512    0    0  (Gen:  0)
  2061064     92632 147548656  0.000  0.000    6.211    9.513    0    0  (Gen:  0)
  1529720    150128 147622456  0.001  0.000    6.214    9.514    0    0  (Gen:  0)
  1322976    270608 147765728  0.001  0.000    6.217    9.515    0    0  (Gen:  0)
  2861480    288376 148082440  0.001  0.000    6.223    9.518    0    0  (Gen:  0)
  1679600    339736 148156336  0.001  0.000    6.226    9.520    0    0  (Gen:  0)
  1194008    247736 148277392  0.001  0.000    6.229    9.521    0    0  (Gen:  0)
  1690168    127256 148372392  0.000  0.000    6.231    9.522    0    0  (Gen:  0)
  3434016    256176 148626504  0.001  0.000    6.238    9.525    0    0  (Gen:  0)
  1204360    236760 148663808  0.001  0.000    6.241    9.526    0    0  (Gen:  0)
  1442960    158544 148797864  0.001  0.000    6.243    9.528    0    0  (Gen:  0)
  2467248    231376 148951240  0.001  0.000    6.248    9.530    0    0  (Gen:  0)
  2502736    219784 149016840  0.001  0.000    6.252    9.532    0    0  (Gen:  0)
  3272968    276904 149171688  0.001  0.000    6.258    9.534    0    0  (Gen:  0)
  1272240    256080 149298112  0.001  0.000    6.261    9.536    0    0  (Gen:  0)
  2257208     87848 149331000  0.000  0.000    6.264    9.537    0    0  (Gen:  0)
  2120320    275936 149561360  0.001  0.000    6.269    9.540    0    0  (Gen:  0)
  2470248    266312 149588784  0.001  0.000    6.273    9.541    0    0  (Gen:  0)
  1837344     90864 149552600  0.000  0.000    6.276    9.542    0    0  (Gen:  0)
  2700096    273600 149857448  0.002  0.000    6.282    9.545    0    0  (Gen:  0)
  2358352    260776 149901736  0.001  0.000    6.286    9.547    0    0  (Gen:  0)
  2211224    200960 150021152  0.001  0.000    6.291    9.549    0    0  (Gen:  0)
  2989776    221512 150180440  0.001  0.000    6.296    9.551    0    0  (Gen:  0)
  2226688    222936 150293656  0.001  0.000    6.300    9.552    0    0  (Gen:  0)
  1355592    201640 150444696  0.001  0.000    6.303    9.553    0    0  (Gen:  0)
  2605952    187568 150474760  0.001  0.000    6.308    9.555    0    0  (Gen:  0)
  3025400    336072 150674376  0.001  0.000    6.314    9.558    0    0  (Gen:  0)
  1928672    239224 150669464  0.001  0.000    6.317    9.560    0    0  (Gen:  0)
  1531544    197000 150742680  0.000  0.000    6.320    9.560    0    0  (Gen:  0)
  2188456    210208 150886688  0.001  0.000    6.324    9.562    0    0  (Gen:  0)
  2779920    280864 150983136  0.002  0.000    6.330    9.565    0    0  (Gen:  0)
  2325560    307296 151139464  0.001  0.000    6.335    9.567    0    0  (Gen:  0)
  2046184     92536 151092632  0.001  0.000    6.339    9.568    0    0  (Gen:  0)
  3520768    275624 151338744  0.002  0.000    6.346    9.571    0    0  (Gen:  0)
  2023480    266744 151443040  0.001  0.000    6.349    9.573    0    0  (Gen:  0)
  3211312    215792 151762272  0.001  0.000    6.355    9.576    0    0  (Gen:  0)
  2226000    229776 151895024  0.001  0.000    6.359    9.577    0    0  (Gen:  0)
  3372680    174808 152197288  0.001  0.000    6.365    9.580    0    0  (Gen:  0)
  2558728    267496 152318144  0.001  0.001    6.370    9.582    0    0  (Gen:  0)
  3488936    232200 152508712  0.002  0.000    6.377    9.585    0    0  (Gen:  0)
  3300704    276944 152765816  0.001  0.000    6.383    9.587    0    0  (Gen:  0)
  3177472    183424 152835544  0.001  0.000    6.388    9.589    0    0  (Gen:  0)
  3121296    246504 153061320  0.002  0.000    6.394    9.592    0    0  (Gen:  0)
  2034952    233376 153178000  0.001  0.000    6.398    9.593    0    0  (Gen:  0)
  2248040    170960 153252192  0.001  0.000    6.401    9.594    0    0  (Gen:  0)
  2574344    212904 153384600  0.001  0.000    6.407    9.597    0    0  (Gen:  0)
  3879880    310216 153629712  0.002  0.001    6.415    9.600    0    0  (Gen:  0)
  2962088    230320 153755408  0.001  0.000    6.420    9.602    0    0  (Gen:  0)
  1213760    161632 153790808  0.000  0.000    6.422    9.603    0    0  (Gen:  0)
  2272304    206912 153957200  0.001  0.000    6.426    9.605    0    0  (Gen:  0)
  2982304    251240 154159472  0.001  0.000    6.432    9.607    0    0  (Gen:  0)
  1424904    281880 154260888  0.002  0.000    6.436    9.609    0    0  (Gen:  0)
  2428464    153448 154354872  0.001  0.000    6.440    9.611    0    0  (Gen:  0)
  3072656    275856 154564440  0.001  0.000    6.446    9.614    0    0  (Gen:  0)
  2086128    217224 154623752  0.001  0.000    6.449    9.615    0    0  (Gen:  0)
  2198896    162376 154703928  0.001  0.000    6.454    9.616    0    0  (Gen:  0)
  2559344    220320 154867936  0.001  0.000    6.459    9.619    0    0  (Gen:  0)
  1317776    227000 154969552  0.001  0.000    6.462    9.620    0    0  (Gen:  0)
  2206104    165840 155021248  0.001  0.000    6.466    9.622    0    0  (Gen:  0)
  2210976    282152 155178544  0.001  0.000    6.471    9.624    0    0  (Gen:  0)
  3288600    152912 155216336  0.000  0.000    6.476    9.626    0    0  (Gen:  0)
  3336032    241032 155512616  0.001  0.000    6.482    9.628    0    0  (Gen:  0)
  2308968    311104 155713640  0.001  0.000    6.486    9.630    0    0  (Gen:  0)
  2683832    118112 155710912  0.001  0.000    6.491    9.632    0    0  (Gen:  0)
  3056544    218456 155931024  0.001  0.000    6.497    9.635    0    0  (Gen:  0)
  2852584    299744 156131720  0.001  0.001    6.502    9.637    0    0  (Gen:  0)
  2831208    217424 156243208  0.001  0.000    6.508    9.639    0    0  (Gen:  0)
  2985000    258264 156443456  0.001  0.000    6.514    9.641    0    0  (Gen:  0)
  1702712    176952 156468296  0.001  0.000    6.517    9.642    0    0  (Gen:  0)
  2681312    113136 156548064  0.000  0.000    6.520    9.644    0    0  (Gen:  0)
  3630712    307088 156925872  0.002  0.001    6.528    9.647    0    0  (Gen:  0)
  1329968    268864 157032936  0.001  0.000    6.532    9.649    0    0  (Gen:  0)
  1953648    209968 157248072  0.001  0.000    6.535    9.650    0    0  (Gen:  0)
  3685264    237368 157361432  0.001  0.000    6.542    9.652    0    0  (Gen:  0)
  2229208    277800 157536992  0.001  0.000    6.546    9.655    0    0  (Gen:  0)
  3046336    195560 157678304  0.001  0.000    6.551    9.657    0    0  (Gen:  0)
  2592072    715608 158310032  0.002  0.001    6.556    9.659    0    0  (Gen:  0)
  2395840   1366744 159307264  0.004  0.001    6.563    9.661    0    0  (Gen:  0)
  1116984    951696 159887176  0.002  0.001    6.567    9.663    0    0  (Gen:  0)
  1137416    631176 160426000  0.001  0.000    6.569    9.664    0    0  (Gen:  0)
  1950936    669944 160830304  0.001  0.000    6.572    9.665    0    0  (Gen:  0)
  3465792   1005528 162316584  0.003  0.001    6.580    9.668    0    0  (Gen:  0)
  2023792   1115992 162912904  0.004  0.001    6.588    9.670    0    0  (Gen:  0)
  2948480   1379896 164221152  0.004  0.001    6.595    9.673    0    0  (Gen:  0)
  3047864    769080 164964312  0.003  0.001    6.605    9.676    0    0  (Gen:  0)
  2356520   1153408 165813224  0.002  0.001    6.610    9.677    0    0  (Gen:  0)
  2294608    498984 165619912  0.002  0.001    6.617    9.681    0    0  (Gen:  0)
  3302752    649640 166932704  0.003  0.001    6.626    9.684    0    0  (Gen:  0)
  1765872    815576 167797968  0.004  0.001    6.634    9.686    0    0  (Gen:  0)
  1826984    849960 168491432  0.003  0.001    6.640    9.688    0    0  (Gen:  0)
  1727408    974408 169262504  0.002  0.001    6.644    9.689    0    0  (Gen:  0)
  2463848   1062144 169903360  0.002  0.001    6.649    9.691    0    0  (Gen:  0)
  2805208   2006360 171495832  0.005  0.001    6.659    9.694    0    0  (Gen:  0)
  3182272   2694944 173283816  0.011  0.003    6.685    9.701    0    0  (Gen:  0)
  1790120    861424 173976864  0.004  0.001    6.690    9.703    0    0  (Gen:  0)
  2957552    775952 175131312  0.004  0.001    6.701    9.706    0    0  (Gen:  0)
  3121480 124184968 136629032  0.302  0.093    7.014    9.802    0    0  (Gen:  1)
  1998912    793520 137996168  0.003  0.001    7.017    9.803    0    0  (Gen:  0)
  2447608    839872 139098320  0.003  0.001    7.022    9.804    0    0  (Gen:  0)
  2591488   1771008 140206088  0.006  0.001    7.028    9.806    0    0  (Gen:  0)
  2593576   2225480 141382280  0.007  0.001    7.038    9.808    0    0  (Gen:  0)
  2836160   2123664 142857576  0.005  0.001    7.051    9.812    0    0  (Gen:  0)
  2286616   1327888 143640664  0.005  0.001    7.064    9.817    0    0  (Gen:  0)
  2026440    672528 144537552  0.003  0.001    7.074    9.821    0    0  (Gen:  0)
  1153344    681216 144889080  0.003  0.002    7.079    9.824    0    0  (Gen:  0)
  1610912    665640 145347336  0.003  0.001    7.089    9.828    0    0  (Gen:  0)
  1761048    709008 145860240  0.003  0.001    7.100    9.833    0    0  (Gen:  0)
  1574272    562712 146354368  0.003  0.001    7.108    9.836    0    0  (Gen:  0)
  1409256    666992 146852864  0.003  0.001    7.116    9.839    0    0  (Gen:  0)
  1749960    794832 147430040  0.003  0.001    7.124    9.842    0    0  (Gen:  0)
  3108008    790104 148581072  0.003  0.001    7.147    9.851    0    0  (Gen:  0)
  1043152    591968 148714248  0.002  0.001    7.150    9.852    0    0  (Gen:  0)
  1043248    687160 149209408  0.003  0.001    7.154    9.854    0    0  (Gen:  0)
  2262296   1016752 149872488  0.004  0.002    7.176    9.863    0    0  (Gen:  0)
  1526160    636792 150197512  0.002  0.001    7.185    9.866    0    0  (Gen:  0)
  1742024    640408 150691600  0.003  0.001    7.197    9.872    0    0  (Gen:  0)
  1915104    523912 151414752  0.001  0.000    7.206    9.876    0    0  (Gen:  0)
  1369552    694696 151858328  0.003  0.001    7.215    9.879    0    0  (Gen:  0)
  1872552    725544 152500088  0.003  0.001    7.225    9.884    0    0  (Gen:  0)
  1349408    586064 152913952  0.002  0.001    7.232    9.887    0    0  (Gen:  0)
  1513424    657160 153330528  0.002  0.001    7.239    9.890    0    0  (Gen:  0)
  2635320    689360 154123488  0.002  0.001    7.250    9.896    0    0  (Gen:  0)
  2107512    729208 154716560  0.002  0.001    7.262    9.901    0    0  (Gen:  0)
  1248408    795328 155162192  0.002  0.001    7.266    9.902    0    0  (Gen:  0)
  3846184    886136 155737664  0.006  0.001    7.277    9.906    0    0  (Gen:  0)
  1274464    763960 156067824  0.002  0.001    7.279    9.907    0    0  (Gen:  0)
  3471912    859208 156902904  0.004  0.001    7.289    9.910    0    0  (Gen:  0)
  3165944    868576 157572008  0.004  0.001    7.299    9.913    0    0  (Gen:  0)
  2858416    887880 158338000  0.003  0.001    7.308    9.915    0    0  (Gen:  0)
  3307736   1318616 159081456  0.003  0.001    7.315    9.917    0    0  (Gen:  0)
  3545136   1339520 159913832  0.007  0.002    7.327    9.920    0    0  (Gen:  0)
  2971448    934912 160340848  0.005  0.001    7.336    9.923    0    0  (Gen:  0)
  3619344    721896 160990672  0.004  0.001    7.345    9.925    0    0  (Gen:  0)
  2858688    726104 161452936  0.004  0.001    7.350    9.927    0    0  (Gen:  0)
  2554360    612664 161789344  0.003  0.001    7.357    9.929    0    0  (Gen:  0)
  2671144    506664 162160208  0.002  0.001    7.363    9.930    0    0  (Gen:  0)
  3433320    761808 162633392  0.003  0.001    7.370    9.932    0    0  (Gen:  0)
  3727000    889976 163225504  0.003  0.001    7.378    9.934    0    0  (Gen:  0)
  3188656    795208 163543040  0.002  0.001    7.384    9.936    0    0  (Gen:  0)
  3078808    751032 164053360  0.003  0.001    7.389    9.937    0    0  (Gen:  0)
  3077144    711176 164381728  0.002  0.000    7.395    9.939    0    0  (Gen:  0)
  2858424    788488 164976184  0.002  0.001    7.399    9.940    0    0  (Gen:  0)
  3037688   1087824 165543680  0.004  0.001    7.407    9.942    0    0  (Gen:  0)
  2990912   1078832 166165768  0.003  0.001    7.414    9.944    0    0  (Gen:  0)
  4128344   1034224 166844816  0.005  0.001    7.423    9.947    0    0  (Gen:  0)
  2088936    566408 167279080  0.003  0.001    7.429    9.948    0    0  (Gen:  0)
  2851672    742136 167872688  0.003  0.001    7.435    9.950    0    0  (Gen:  0)
  3714000   1076216 169255712  0.004  0.001    7.444    9.952    0    0  (Gen:  0)
  2359584    750904 169697160  0.004  0.001    7.452    9.955    0    0  (Gen:  0)
  2056224    594992 170073688  0.002  0.001    7.457    9.956    0    0  (Gen:  0)
  3078880    802376 170850616  0.003  0.001    7.464    9.958    0    0  (Gen:  0)
  1806112    496536 171127912  0.002  0.000    7.469    9.960    0    0  (Gen:  0)
  1750496    525560 171578904  0.004  0.000    7.475    9.962    0    0  (Gen:  0)
  1611312    689032 172084408  0.003  0.001    7.484    9.964    0    0  (Gen:  0)
  1252272    758616 172535512  0.002  0.001    7.490    9.966    0    0  (Gen:  0)
  1519656    718408 172972080  0.002  0.001    7.495    9.968    0    0  (Gen:  0)
  1117808    874688 173507800  0.004  0.001    7.500    9.970    0    0  (Gen:  0)
  1716680   1071152 174144680  0.003  0.001    7.506    9.972    0    0  (Gen:  0)
  1042648    690816 174321072  0.002  0.001    7.509    9.974    0    0  (Gen:  0)
  1044152    858872 174941720  0.003  0.001    7.513    9.975    0    0  (Gen:  0)
  1889552   1308728 175754840  0.005  0.002    7.522    9.978    0    0  (Gen:  0)
  2389536   1182296 176394568  0.004  0.001    7.530    9.981    0    0  (Gen:  0)
  1287664    894112 176908112  0.004  0.001    7.537    9.984    0    0  (Gen:  0)
  2273512   1069896 177944344  0.005  0.001    7.549    9.989    0    0  (Gen:  0)
  1203400    809792 178135632  0.003  0.001    7.553    9.991    0    0  (Gen:  0)
  1357352    621368 178505104  0.002  0.001    7.557    9.992    0    0  (Gen:  0)
  1719528    694272 179304496  0.003  0.001    7.565    9.995    0    0  (Gen:  0)
  1527504    968640 179872992  0.002  0.001    7.569    9.997    0    0  (Gen:  0)
  2053176    906728 180346472  0.004  0.001    7.576   10.000    0    0  (Gen:  0)
  1852832    594200 180744072  0.002  0.001    7.581   10.002    0    0  (Gen:  0)
  1190848    350848 180931504  0.003  0.000    7.586   10.004    0    0  (Gen:  0)
  1197752    389552 181241496  0.001  0.001    7.589   10.005    0    0  (Gen:  0)
  1959840    659680 181619592  0.002  0.001    7.594   10.007    0    0  (Gen:  0)
  1901432    667992 181945400  0.002  0.001    7.600   10.010    0    0  (Gen:  0)
  2054560    541472 182375656  0.002  0.001    7.605   10.012    0    0  (Gen:  0)
  1927592    337744 182515120  0.001  0.000    7.608   10.013    0    0  (Gen:  0)
  1962936    106552 182593872  0.001  0.000    7.611   10.015    0    0  (Gen:  0)
  2110032    308648 182891568  0.001  0.000    7.615   10.016    0    0  (Gen:  0)
  1846728    643640 183458448  0.003  0.001    7.621   10.019    0    0  (Gen:  0)
  2639656    654936 183711952  0.003  0.001    7.627   10.021    0    0  (Gen:  0)
  2041416    251256 184054400  0.001  0.000    7.630   10.022    0    0  (Gen:  0)
  1664824    459576 184354944  0.002  0.001    7.634   10.024    0    0  (Gen:  0)
  1445808    530624 184634720  0.002  0.001    7.638   10.025    0    0  (Gen:  0)
  1661744     33056 184636552  0.000  0.000    7.640   10.026    0    0  (Gen:  0)
  1039032     57968 184684776  0.000  0.000    7.642   10.028    0    0  (Gen:  0)
  1075944     50448 184738328  0.000  0.000    7.643   10.029    0    0  (Gen:  0)
  1040864     58488 184771808  0.000  0.000    7.645   10.030    0    0  (Gen:  0)
  1041888     12936 184747976  0.000  0.000    7.646   10.031    0    0  (Gen:  0)
  1073688     43784 184813776  0.000  0.000    7.647   10.032    0    0  (Gen:  0)
  1107928     15592 184824432  0.000  0.000    7.648   10.033    0    0  (Gen:  0)
  1033576    134048 184945320  0.000  0.000    7.650   10.034    0    0  (Gen:  0)
  1034000    259512 185128600  0.001  0.000    7.652   10.036    0    0  (Gen:  0)
  1156064    406320 185537304  0.002  0.001    7.656   10.038    0    0  (Gen:  0)
  1027592    373120 185779160  0.002  0.001    7.659   10.040    0    0  (Gen:  0)
  1880264    252112 186074672  0.002  0.000    7.663   10.042    0    0  (Gen:  0)
  1062992    116208 186154264  0.001  0.000    7.665   10.044    0    0  (Gen:  0)
  1027120    130176 186234264  0.001  0.000    7.667   10.045    0    0  (Gen:  0)
  1028704    135928 186293624  0.001  0.000    7.670   10.047    0    0  (Gen:  0)
  1103704    128288 186435136  0.001  0.000    7.672   10.048    0    0  (Gen:  0)
  1076968    371496 186777400  0.001  0.000    7.675   10.050    0    0  (Gen:  0)
  1067640    335080 186908888  0.001  0.000    7.678   10.052    0    0  (Gen:  0)
  1034432    151048 186956840  0.001  0.000    7.680   10.053    0    0  (Gen:  0)
  1038552     97768 187004136  0.001  0.000    7.682   10.054    0    0  (Gen:  0)
  1033056    159112 187116392  0.001  0.000    7.684   10.056    0    0  (Gen:  0)
  1028184    178296 187183008  0.001  0.000    7.686   10.058    0    0  (Gen:  0)
  1029320    206952 187324464  0.001  0.000    7.689   10.059    0    0  (Gen:  0)
  1104864    240312 187502656  0.001  0.000    7.691   10.061    0    0  (Gen:  0)
  1038912    195968 187600384  0.001  0.000    7.694   10.063    0    0  (Gen:  0)
  1073032    168288 187714912  0.001  0.000    7.697   10.065    0    0  (Gen:  0)
  1036448    144104 187774016  0.001  0.000    7.700   10.067    0    0  (Gen:  0)
  1032168    163856 187874472  0.001  0.000    7.701   10.068    0    0  (Gen:  0)
  1036064    338536 188135712  0.002  0.001    7.704   10.070    0    0  (Gen:  0)
  1040560    480272 188388408  0.002  0.001    7.708   10.071    0    0  (Gen:  0)
  1038040    422864 188594272  0.002  0.001    7.712   10.073    0    0  (Gen:  0)
  1028624    347624 188773416  0.001  0.001    7.715   10.075    0    0  (Gen:  0)
  1045960    261520 188915840  0.001  0.000    7.717   10.076    0    0  (Gen:  0)
  1856648    386992 189327168  0.002  0.001    7.721   10.078    0    0  (Gen:  0)
  1040456    564816 189599224  0.002  0.001    7.724   10.079    0    0  (Gen:  0)
  1036768    515984 189871672  0.002  0.001    7.726   10.081    0    0  (Gen:  0)
  1180344    513152 190263464  0.002  0.001    7.730   10.083    0    0  (Gen:  0)
  1749224    720400 191019592  0.003  0.001    7.735   10.086    0    0  (Gen:  0)
  1049080    807504 191411264  0.002  0.001    7.738   10.088    0    0  (Gen:  0)
  2060288    681416 192785264  0.003  0.001    7.748   10.095    0    0  (Gen:  0)
  1142008    762040 193280904  0.003  0.001    7.755   10.100    0    0  (Gen:  0)
  1041688    610936 193470080  0.003  0.001    7.758   10.101    0    0  (Gen:  0)
  1043192    819872 194032008  0.004  0.001    7.762   10.103    0    0  (Gen:  0)
  1032992   1077592 194717360  0.005  0.001    7.772   10.109    0    0  (Gen:  0)
  1042032    792048 194890928  0.004  0.001    7.779   10.113    0    0  (Gen:  0)
  1113376    362728 195028504  0.002  0.001    7.782   10.115    0    0  (Gen:  0)
  1179208    450672 195432800  0.002  0.001    7.786   10.117    0    0  (Gen:  0)
  1224200    544640 195846424  0.003  0.001    7.791   10.120    0    0  (Gen:  0)
  1254192    496376 196285280  0.002  0.001    7.794   10.122    0    0  (Gen:  0)
  1098040    565168 196702728  0.003  0.001    7.799   10.124    0    0  (Gen:  0)
  1092088    610464 197006312  0.002  0.001    7.803   10.126    0    0  (Gen:  0)
  1672704    541200 197388976  0.002  0.001    7.805   10.128    0    0  (Gen:  0)
  1030312    184896 197445368  0.001  0.000    7.808   10.130    0    0  (Gen:  0)
  1188080    322752 197858560  0.001  0.000    7.812   10.132    0    0  (Gen:  0)
  1173616    549808 198326112  0.002  0.001    7.815   10.134    0    0  (Gen:  0)
  1239080    548296 198787392  0.002  0.001    7.819   10.136    0    0  (Gen:  0)
  1189896    538256 199212064  0.003  0.001    7.824   10.138    0    0  (Gen:  0)
  1273160    493232 199711472  0.003  0.001    7.828   10.141    0    0  (Gen:  0)
  1031912    447800 199959216  0.002  0.000    7.831   10.142    0    0  (Gen:  0)
  1031328    228568 200081160  0.001  0.000    7.834   10.144    0    0  (Gen:  0)
  1036656    158568 200187424  0.001  0.000    7.836   10.146    0    0  (Gen:  0)
  1041168    395024 200476344  0.002  0.000    7.839   10.147    0    0  (Gen:  0)
  1042144    163664 200533056  0.001  0.000    7.840   10.148    0    0  (Gen:  0)
  1042600    226752 200680432  0.001  0.000    7.842   10.149    0    0  (Gen:  0)
  1082224    119784 200763584  0.000  0.000    7.844   10.150    0    0  (Gen:  0)
  3621472    777176 201637112  0.004  0.001    7.851   10.153    0    0  (Gen:  0)
  3251552   1325184 202374672  0.004  0.001    7.858   10.155    0    0  (Gen:  0)
  3312720    894288 202940224  0.004  0.001    7.865   10.157    0    0  (Gen:  0)
  3236512    817016 203397360  0.003  0.001    7.873   10.159    0    0  (Gen:  0)
  2974696    753040 203748928  0.005  0.001    7.880   10.161    0    0  (Gen:  0)
  3016432    507448 204007800  0.005  0.001    7.886   10.163    0    0  (Gen:  0)
  3319472    481480 204252568  0.003  0.001    7.892   10.164    0    0  (Gen:  0)
  3493528    584504 204597688  0.005  0.001    7.900   10.166    0    0  (Gen:  0)
  3576576    780928 205052672  0.004  0.001    7.908   10.169    0    0  (Gen:  0)
  3529760    884440 205565344  0.004  0.001    7.918   10.171    0    0  (Gen:  0)
  3783872    812496 206045896  0.008  0.001    7.928   10.174    0    0  (Gen:  0)
  3410136    749464 206438672  0.004  0.001    7.937   10.177    0    0  (Gen:  0)
  3270680    873048 206920424  0.006  0.001    7.946   10.178    0    0  (Gen:  0)
  2776240    783832 207261320  0.003  0.001    7.952   10.180    0    0  (Gen:  0)
  3373704    793072 207855864  0.003  0.001    7.959   10.182    0    0  (Gen:  0)
  2983816   1135408 208449600  0.005  0.001    7.965   10.184    0    0  (Gen:  0)
  2704328    975592 208886600  0.005  0.001    7.974   10.186    0    0  (Gen:  0)
  2944872    598448 209261256  0.002  0.001    7.979   10.188    0    0  (Gen:  0)
  2705720    615568 209550392  0.004  0.001    7.986   10.189    0    0  (Gen:  0)
  2931304    579456 210021904  0.006  0.001    7.994   10.191    0    0  (Gen:  0)
  2656976    802400 210518352  0.007  0.001    8.002   10.194    0    0  (Gen:  0)
  3616960   1248576 211395136  0.008  0.002    8.011   10.196    0    0  (Gen:  0)
  2685344   1018632 211903320  0.003  0.001    8.017   10.198    0    0  (Gen:  0)
  3340056    492832 212155288  0.002  0.001    8.024   10.200    0    0  (Gen:  0)
  2935520    753192 212711112  0.004  0.001    8.030   10.201    0    0  (Gen:  0)
  2373184    871224 213126920  0.004  0.001    8.036   10.203    0    0  (Gen:  0)
  3369992    920248 213779520  0.004  0.001    8.045   10.206    0    0  (Gen:  0)
  3391240    943528 214421096  0.004  0.001    8.054   10.208    0    0  (Gen:  0)
  3563352   1345208 215460648  0.006  0.001    8.063   10.211    0    0  (Gen:  0)
  2295984    831200 215905304  0.004  0.001    8.069   10.212    0    0  (Gen:  0)
  3564312    520216 216475056  0.002  0.001    8.074   10.214    0    0  (Gen:  0)
  2696760    846880 217091400  0.003  0.001    8.081   10.216    0    0  (Gen:  0)
  3320784   1097136 218034976  0.005  0.001    8.089   10.218    0    0  (Gen:  0)
  2147328    915224 218473096  0.003  0.001    8.096   10.220    0    0  (Gen:  0)
  3212352    772088 219015432  0.003  0.001    8.104   10.222    0    0  (Gen:  0)
  3312360   1059920 219859520  0.004  0.001    8.111   10.225    0    0  (Gen:  0)
  3315272   1021328 220388680  0.004  0.001    8.118   10.227    0    0  (Gen:  0)
  3444936    963904 221168032  0.004  0.001    8.129   10.229    0    0  (Gen:  0)
  3965800    988232 221752064  0.005  0.001    8.137   10.232    0    0  (Gen:  0)
  2220752    730448 222123632  0.005  0.001    8.143   10.233    0    0  (Gen:  0)
  3292760    625072 222572624  0.003  0.001    8.151   10.235    0    0  (Gen:  0)
  3565744   1107536 223304216  0.005  0.001    8.158   10.238    0    0  (Gen:  0)
  3094520    958168 223571336  0.003  0.001    8.166   10.240    0    0  (Gen:  0)
  2337240    491960 223796928  0.002  0.001    8.172   10.242    0    0  (Gen:  0)
  2479576    476560 224041280  0.002  0.001    8.178   10.244    0    0  (Gen:  0)
  2338184    498312 224481368  0.003  0.001    8.185   10.246    0    0  (Gen:  0)
  2418872    602872 224840208  0.003  0.001    8.191   10.247    0    0  (Gen:  0)
  2378552    776688 225282864  0.003  0.001    8.197   10.249    0    0  (Gen:  0)
  3105960    800000 225650152  0.004  0.001    8.204   10.251    0    0  (Gen:  0)
  2498744    641048 225943624  0.002  0.001    8.210   10.253    0    0  (Gen:  0)
  3188928    319536 228496912  0.001  0.000    8.214   10.254    0    0  (Gen:  0)
  1775152    281800 228696112  0.002  0.001    8.220   10.256    0    0  (Gen:  0)
  2002648    377440 228900856  0.002  0.001    8.224   10.258    0    0  (Gen:  0)
  2020128    394376 229100896  0.003  0.001    8.229   10.259    0    0  (Gen:  0)
  1994856    503608 229403472  0.004  0.001    8.236   10.261    0    0  (Gen:  0)
  1468344    622760 229761752  0.005  0.001    8.243   10.264    0    0  (Gen:  0)
  1707792    573040 230074752  0.005  0.001    8.251   10.266    0    0  (Gen:  0)
  1794024    404192 230239520  0.003  0.001    8.255   10.267    0    0  (Gen:  0)
  1532992    331408 230393656  0.003  0.001    8.259   10.268    0    0  (Gen:  0)
  1922984    385136 230636864  0.002  0.001    8.263   10.270    0    0  (Gen:  0)
  1613576    430376 230897232  0.003  0.001    8.268   10.271    0    0  (Gen:  0)
  1478120    362184 231113872  0.003  0.001    8.272   10.273    0    0  (Gen:  0)
  2688744    261840 231377232  0.001  0.000    8.278   10.274    0    0  (Gen:  0)
  3075696    470096 231672600  0.003  0.001    8.285   10.276    0    0  (Gen:  0)
  2535848    349208 231779624  0.002  0.001    8.291   10.278    0    0  (Gen:  0)
  2073680    266920 231922976  0.002  0.001    8.296   10.279    0    0  (Gen:  0)
  2354496    292216 232063200  0.002  0.001    8.302   10.281    0    0  (Gen:  0)
  2414200    266808 232191872  0.003  0.000    8.308   10.282    0    0  (Gen:  0)
  2491480    234328 232287688  0.002  0.000    8.313   10.283    0    0  (Gen:  0)
  2600360    316360 232506384  0.002  0.001    8.318   10.285    0    0  (Gen:  0)
  2465240    428352 232720760  0.004  0.001    8.325   10.287    0    0  (Gen:  0)
  2292552    346864 233001384  0.001  0.000    8.330   10.288    0    0  (Gen:  0)
  2723856    587792 233448920  0.003  0.001    8.337   10.290    0    0  (Gen:  0)
  1756688    477592 233605160  0.002  0.000    8.341   10.291    0    0  (Gen:  0)
  2588752    413056 233863696  0.002  0.000    8.347   10.292    0    0  (Gen:  0)
  2315920    399344 234116776  0.002  0.000    8.352   10.294    0    0  (Gen:  0)
  2766808    484776 234476128  0.002  0.001    8.358   10.295    0    0  (Gen:  0)
  2669408    455736 234734160  0.003  0.001    8.364   10.297    0    0  (Gen:  0)
  2872912    646424 235147944  0.003  0.001    8.371   10.299    0    0  (Gen:  0)
  2308040    758336 235631456  0.004  0.001    8.378   10.301    0    0  (Gen:  0)
  1820032    646648 235914136  0.005  0.001    8.385   10.303    0    0  (Gen:  0)
  2088736    551952 236284088  0.003  0.001    8.390   10.304    0    0  (Gen:  0)
  1820312    413976 236508064  0.002  0.000    8.395   10.305    0    0  (Gen:  0)
  1665768    407832 236715832  0.003  0.000    8.399   10.306    0    0  (Gen:  0)
  1828944    453968 236983384  0.002  0.000    8.403   10.307    0    0  (Gen:  0)
  1926040    522776 237267472  0.002  0.001    8.408   10.309    0    0  (Gen:  0)
  1802912    601816 237595488  0.003  0.001    8.413   10.310    0    0  (Gen:  0)
  1861584    563080 237877880  0.003  0.001    8.418   10.312    0    0  (Gen:  0)
  2846920   1103360 238781648  0.003  0.001    8.424   10.313    0    0  (Gen:  0)
  2279672   1183808 239147392  0.004  0.001    8.431   10.315    0    0  (Gen:  0)
  2281648    591296 239464536  0.001  0.000    8.435   10.316    0    0  (Gen:  0)
  1946712    472216 239725072  0.001  0.000    8.438   10.317    0    0  (Gen:  0)
  1705960    501520 240090760  0.001  0.000    8.442   10.319    0    0  (Gen:  0)
  1515200    534240 240397608  0.002  0.001    8.445   10.320    0    0  (Gen:  0)
  1455104    441744 240757672  0.001  0.000    8.448   10.321    0    0  (Gen:  0)
  1344200    418656 241012736  0.001  0.000    8.451   10.322    0    0  (Gen:  0)
  1849336   1033936 242053592  0.002  0.001    8.455   10.323    0    0  (Gen:  0)
  2177624   1620928 242774480  0.006  0.002    8.465   10.326    0    0  (Gen:  0)
  2858640   1544664 243598192  0.006  0.002    8.476   10.329    0    0  (Gen:  0)
  2461008   1138200 243951800  0.004  0.001    8.484   10.331    0    0  (Gen:  0)
  2572360    802016 244418808  0.004  0.001    8.492   10.333    0    0  (Gen:  0)
  2515128    888096 244895712  0.007  0.001    8.500   10.335    0    0  (Gen:  0)
  2290496    832248 245334520  0.005  0.001    8.508   10.337    0    0  (Gen:  0)
  2029312    661680 245627872  0.004  0.001    8.514   10.339    0    0  (Gen:  0)
  1900216    588272 246036696  0.003  0.001    8.520   10.341    0    0  (Gen:  0)
  2214192    575488 246346744  0.002  0.001    8.526   10.342    0    0  (Gen:  0)
  2611376    467176 246663008  0.002  0.001    8.532   10.344    0    0  (Gen:  0)
  2563176    724344 247132216  0.004  0.001    8.540   10.346    0    0  (Gen:  0)
  1675024    568712 247310528  0.003  0.001    8.545   10.347    0    0  (Gen:  0)
  1811184    439296 247581928  0.003  0.001    8.551   10.349    0    0  (Gen:  0)
  2793560    343000 247810288  0.001  0.001    8.557   10.351    0    0  (Gen:  0)
  2245600    668784 248294248  0.003  0.001    8.564   10.352    0    0  (Gen:  0)
  2898544   1015176 248905248  0.003  0.001    8.570   10.354    0    0  (Gen:  0)
  2601592    943544 249359832  0.006  0.001    8.577   10.356    0    0  (Gen:  0)
  2762584    686608 249799752  0.002  0.001    8.584   10.358    0    0  (Gen:  0)
  2368696    744864 250126632  0.003  0.001    8.591   10.360    0    0  (Gen:  0)
  1847976    364936 250205144  0.001  0.000    8.595   10.361    0    0  (Gen:  0)
  2941352    440792 250531496  0.003  0.000    8.602   10.363    0    0  (Gen:  0)
  2644096    697872 250915504  0.003  0.001    8.610   10.365    0    0  (Gen:  0)
  3110800    803176 251347184  0.005  0.001    8.618   10.367    0    0  (Gen:  0)
  2154728    798552 251694064  0.003  0.001    8.625   10.369    0    0  (Gen:  0)
  2325088    475840 252034264  0.002  0.000    8.630   10.370    0    0  (Gen:  0)
  2865880    784672 252476648  0.003  0.001    8.639   10.372    0    0  (Gen:  0)
  2178992    682712 252787584  0.004  0.001    8.645   10.374    0    0  (Gen:  0)
  2695808    573336 253237032  0.002  0.001    8.651   10.376    0    0  (Gen:  0)
  2758648    706592 253654848  0.002  0.001    8.656   10.377    0    0  (Gen:  0)
  2751536   1135816 254390176  0.005  0.001    8.661   10.379    0    0  (Gen:  0)
  3750024    850176 254569176  0.005  0.001    8.668   10.380    0    0  (Gen:  0)
  1042080    343464 254703184  0.002  0.000    8.670   10.381    0    0  (Gen:  0)
  1044000    258720 254856960  0.001  0.000    8.672   10.382    0    0  (Gen:  0)
  1349008    449176 255176448  0.003  0.001    8.675   10.383    0    0  (Gen:  0)
  3594464    594952 255876144  0.003  0.001    8.683   10.385    0    0  (Gen:  0)
  2643416    854096 256458128  0.004  0.001    8.688   10.387    0    0  (Gen:  0)
  3032688    926968 257108264  0.003  0.001    8.695   10.389    0    0  (Gen:  0)
  3601064    606672 257508856  0.003  0.001    8.700   10.391    0    0  (Gen:  0)
  3861296   1045368 258350720  0.003  0.001    8.708   10.393    0    0  (Gen:  0)
  3613672   1308704 258948648  0.005  0.001    8.715   10.395    0    0  (Gen:  0)
  2537552    781040 259204608  0.002  0.001    8.720   10.396    0    0  (Gen:  0)
  3161792    441472 259388640  0.006  0.001    8.727   10.398    0    0  (Gen:  0)
  2695712    507944 259809704  0.003  0.001    8.733   10.400    0    0  (Gen:  0)
  3183192    647664 260199848  0.002  0.001    8.740   10.402    0    0  (Gen:  0)
  2833640    457560 260490440  0.002  0.001    8.747   10.404    0    0  (Gen:  0)
  3279992    252328 260672208  0.003  0.000    8.753   10.405    0    0  (Gen:  0)
  3454256    247624 260856000  0.003  0.000    8.759   10.407    0    0  (Gen:  0)
  3638848    263240 261173480  0.004  0.000    8.765   10.409    0    0  (Gen:  0)
  3814800    530424 261520288  0.006  0.001    8.774   10.411    0    0  (Gen:  0)
  3493880    459984 261768552  0.004  0.001    8.780   10.413    0    0  (Gen:  0)
  3817832    508088 262105784  0.005  0.001    8.788   10.415    0    0  (Gen:  0)
  3613912    590424 262458640  0.006  0.001    8.798   10.417    0    0  (Gen:  0)
  3568000    537760 262707720  0.007  0.001    8.806   10.419    0    0  (Gen:  0)
  3985304    499872 262969192  0.005  0.001    8.813   10.422    0    0  (Gen:  0)
  3933888    579352 263279768  0.006  0.001    8.821   10.424    0    0  (Gen:  0)
  3410352    555560 263515584  0.003  0.001    8.828   10.425    0    0  (Gen:  0)
  2794496    430760 263712544  0.004  0.001    8.834   10.427    0    0  (Gen:  0)
  2746088    391864 263901824  0.003  0.001    8.839   10.428    0    0  (Gen:  0)
  3801752    530824 264240136  0.005  0.001    8.846   10.430    0    0  (Gen:  0)
  3674704    560392 264513072  0.004  0.001    8.853   10.432    0    0  (Gen:  0)
  3655528    593080 264889720  0.006  0.001    8.861   10.434    0    0  (Gen:  0)
  3930560    773632 265346776  0.004  0.001    8.869   10.436    0    0  (Gen:  0)
  3776672    800184 265799488  0.004  0.001    8.878   10.439    0    0  (Gen:  0)
  2784120    659496 266109144  0.003  0.001    8.884   10.440    0    0  (Gen:  0)
  2512272    670704 266517976  0.004  0.001    8.891   10.442    0    0  (Gen:  0)
  2581088    754856 266903408  0.006  0.001    8.899   10.444    0    0  (Gen:  0)
  2495856    737048 267297856  0.006  0.001    8.906   10.446    0    0  (Gen:  0)
  2734520    772640 267717736  0.006  0.001    8.913   10.448    0    0  (Gen:  0)
  2873688    702752 268046560  0.004  0.001    8.920   10.450    0    0  (Gen:  0)
  2910136 201135112 228527712  0.490  0.150    9.411   10.600    0    0  (Gen:  1)
  3450968    781688 229124896  0.005  0.001    9.418   10.602    0    0  (Gen:  0)
  3034480    915016 229672440  0.006  0.001    9.425   10.604    0    0  (Gen:  0)
  2697240    791032 230158720  0.004  0.001    9.431   10.605    0    0  (Gen:  0)
  3334656    787304 230796232  0.004  0.001    9.436   10.607    0    0  (Gen:  0)
  3258176    797968 231299424  0.003  0.001    9.442   10.608    0    0  (Gen:  0)
  3772696   1035000 231949296  0.003  0.001    9.449   10.610    0    0  (Gen:  0)
  3544904    999592 232454128  0.003  0.001    9.457   10.613    0    0  (Gen:  0)
  2816864    575400 232738176  0.004  0.001    9.462   10.614    0    0  (Gen:  0)
  2970664    465592 232920440  0.004  0.001    9.468   10.616    0    0  (Gen:  0)
  3136104    388536 233123400  0.003  0.000    9.475   10.617    0    0  (Gen:  0)
  3235040    284496 233243216  0.005  0.000    9.481   10.619    0    0  (Gen:  0)
  3480000    335712 233476120  0.004  0.001    9.489   10.621    0    0  (Gen:  0)
  2669856    528536 233812624  0.004  0.001    9.496   10.623    0    0  (Gen:  0)
  2653456    523160 234048512  0.005  0.001    9.503   10.625    0    0  (Gen:  0)
  2395808    548224 234384288  0.004  0.001    9.508   10.626    0    0  (Gen:  0)
  2849920    769088 234863760  0.004  0.001    9.513   10.628    0    0  (Gen:  0)
  3281512    863336 235402624  0.006  0.001    9.521   10.630    0    0  (Gen:  0)
  3580288   1137424 236120720  0.006  0.001    9.529   10.632    0    0  (Gen:  0)
  3044824   1166016 236741584  0.006  0.001    9.537   10.634    0    0  (Gen:  0)
  3248296    936088 237235736  0.005  0.001    9.545   10.636    0    0  (Gen:  0)
  3282200   1051000 237817256  0.005  0.001    9.553   10.638    0    0  (Gen:  0)
  2580872   1041968 238353944  0.005  0.001    9.559   10.640    0    0  (Gen:  0)
  2255280    648944 238730104  0.004  0.001    9.564   10.641    0    0  (Gen:  0)
  2043296    574240 238922936  0.003  0.001    9.568   10.642    0    0  (Gen:  0)
  2935448    474464 239465920  0.001  0.001    9.573   10.644    0    0  (Gen:  0)
  2991080    762112 239929512  0.003  0.001    9.579   10.646    0    0  (Gen:  0)
  3340936    740744 240365384  0.004  0.001    9.584   10.647    0    0  (Gen:  0)
  2244648    600552 240574488  0.003  0.001    9.592   10.649    0    0  (Gen:  0)
  3594648    422656 240794936  0.004  0.001    9.600   10.652    0    0  (Gen:  0)
  2870312    384512 240977024  0.003  0.000    9.604   10.653    0    0  (Gen:  0)
  2634024    348520 241147032  0.003  0.000    9.609   10.654    0    0  (Gen:  0)
  2635160    318576 241328704  0.001  0.000    9.614   10.656    0    0  (Gen:  0)
  3416464    583704 241762112  0.005  0.001    9.621   10.658    0    0  (Gen:  0)
  3499552    578912 242045128  0.004  0.001    9.627   10.659    0    0  (Gen:  0)
  3287024    733608 242529312  0.006  0.001    9.634   10.661    0    0  (Gen:  0)
  3038368    920816 242988728  0.006  0.001    9.642   10.663    0    0  (Gen:  0)
  2898680    875448 243431608  0.005  0.001    9.649   10.665    0    0  (Gen:  0)
  2961888    797832 243817104  0.005  0.001    9.655   10.667    0    0  (Gen:  0)
  2744288    743120 244220536  0.003  0.001    9.661   10.668    0    0  (Gen:  0)
  3535792    642296 244666248  0.005  0.001    9.667   10.670    0    0  (Gen:  0)
  3406432    653072 244927856  0.003  0.001    9.674   10.671    0    0  (Gen:  0)
  3028472    712600 245377024  0.005  0.001    9.679   10.673    0    0  (Gen:  0)
  2945296    776328 245718768  0.003  0.001    9.686   10.675    0    0  (Gen:  0)
  3126200    675976 246104376  0.004  0.001    9.693   10.677    0    0  (Gen:  0)
  3675368    697208 246502352  0.005  0.001    9.702   10.679    0    0  (Gen:  0)
  3130872    645776 246812456  0.004  0.001    9.708   10.681    0    0  (Gen:  0)
  3711440    657096 247157696  0.005  0.001    9.715   10.683    0    0  (Gen:  0)
  3754856    653888 247467728  0.003  0.001    9.723   10.685    0    0  (Gen:  0)
  2358336    482344 247665592  0.002  0.001    9.728   10.687    0    0  (Gen:  0)
  3109480    568840 248004616  0.004  0.001    9.735   10.689    0    0  (Gen:  0)
  3631448    717936 248406544  0.003  0.001    9.743   10.692    0    0  (Gen:  0)
  2191688    644240 248659456  0.003  0.001    9.749   10.694    0    0  (Gen:  0)
  3291360    485016 248918352  0.003  0.001    9.755   10.696    0    0  (Gen:  0)
  3590704    225144 249000816  0.002  0.000    9.761   10.698    0    0  (Gen:  0)
  3404672    475680 249436288  0.003  0.001    9.768   10.700    0    0  (Gen:  0)
  2669072    596632 249682776  0.004  0.001    9.772   10.701    0    0  (Gen:  0)
  3469560    606968 250037664  0.004  0.001    9.778   10.703    0    0  (Gen:  0)
  3545968    736024 250439696  0.004  0.001    9.785   10.705    0    0  (Gen:  0)
  3161656    634296 250718872  0.006  0.001    9.793   10.706    0    0  (Gen:  0)
  2130680    402024 250903808  0.003  0.000    9.796   10.707    0    0  (Gen:  0)
  2127736    390344 251271912  0.003  0.001    9.800   10.708    0    0  (Gen:  0)
  2632336    418376 251499064  0.003  0.000    9.804   10.710    0    0  (Gen:  0)
  2954840    265568 251605728  0.003  0.000    9.808   10.711    0    0  (Gen:  0)
  3062504    217456 251684400  0.001  0.000    9.812   10.712    0    0  (Gen:  0)
  2656856    163472 251772896  0.002  0.000    9.815   10.712    0    0  (Gen:  0)
  2593520    166144 251870624  0.002  0.000    9.818   10.713    0    0  (Gen:  0)
  3336560    227000 252025264  0.001  0.000    9.823   10.714    0    0  (Gen:  0)
  3310440    616112 252652848  0.003  0.001    9.829   10.716    0    0  (Gen:  0)
  2775464   1025328 253285424  0.003  0.001    9.835   10.718    0    0  (Gen:  0)
  2609128    925784 253768000  0.004  0.001    9.842   10.720    0    0  (Gen:  0)
  2325504    557576 254076696  0.003  0.001    9.845   10.721    0    0  (Gen:  0)
  2452488    636608 254573416  0.003  0.000    9.850   10.722    0    0  (Gen:  0)
  2212552    572112 254886552  0.003  0.000    9.854   10.723    0    0  (Gen:  0)
  2383792    645120 255254144  0.001  0.000    9.858   10.724    0    0  (Gen:  0)
  2566464    596864 255616760  0.004  0.000    9.863   10.725    0    0  (Gen:  0)
  2736128    574224 255954200  0.005  0.001    9.869   10.727    0    0  (Gen:  0)
  2401008    554544 256206456  0.004  0.001    9.874   10.729    0    0  (Gen:  0)
  2447256    512952 256462784  0.003  0.000    9.879   10.730    0    0  (Gen:  0)
  2764040    505688 256700384  0.004  0.001    9.883   10.731    0    0  (Gen:  0)
  2878736    453880 257021712  0.003  0.001    9.888   10.732    0    0  (Gen:  0)
  3868112    517992 257269776  0.003  0.000    9.895   10.734    0    0  (Gen:  0)
  3846616    709472 257753088  0.003  0.001    9.902   10.736    0    0  (Gen:  0)
  3407688    812536 258155152  0.004  0.001    9.910   10.738    0    0  (Gen:  0)
  2840648    707120 258484728  0.004  0.001    9.917   10.740    0    0  (Gen:  0)
  3902984    742264 259002824  0.005  0.001    9.924   10.742    0    0  (Gen:  0)
  2938048    826480 259378320  0.005  0.001    9.932   10.743    0    0  (Gen:  0)
  2208208    694808 259748400  0.004  0.001    9.938   10.745    0    0  (Gen:  0)
  3289840    445456 259939664  0.005  0.000    9.944   10.747    0    0  (Gen:  0)
  3390760    463368 260303464  0.002  0.000    9.951   10.749    0    0  (Gen:  0)
  3468776    745400 260724216  0.004  0.001    9.957   10.751    0    0  (Gen:  0)
  3638536    840976 261189712  0.005  0.001    9.966   10.753    0    0  (Gen:  0)
  2489464    532432 261423160  0.001  0.000    9.970   10.754    0    0  (Gen:  0)
  2748984    290680 261596368  0.001  0.000    9.975   10.755    0    0  (Gen:  0)
  1853888    126568 261631168  0.001  0.000    9.977   10.756    0    0  (Gen:  0)
  1989856    176808 261796792  0.001  0.000    9.981   10.758    0    0  (Gen:  0)
  1734048    173960 261851016  0.001  0.000    9.985   10.759    0    0  (Gen:  0)
  1892592    111080 261910112  0.001  0.000    9.987   10.760    0    0  (Gen:  0)
  1813176    130912 262018584  0.001  0.000    9.990   10.762    0    0  (Gen:  0)
  2049840    275640 262251200  0.003  0.001    9.994   10.763    0    0  (Gen:  0)
  1858672    441176 262486344  0.004  0.001   10.000   10.765    0    0  (Gen:  0)
  1939840    447032 262729280  0.004  0.001   10.005   10.767    0    0  (Gen:  0)
  1986560    453336 262972760  0.004  0.001   10.011   10.769    0    0  (Gen:  0)
  1563504    385832 263148680  0.003  0.001   10.014   10.771    0    0  (Gen:  0)
  1925264    177216 263303424  0.001  0.000   10.017   10.772    0    0  (Gen:  0)
  1976688    128640 263311392  0.001  0.000   10.020   10.773    0    0  (Gen:  0)
  3196056    488096 263878176  0.002  0.000   10.025   10.775    0    0  (Gen:  0)
  3471600    863712 264283992  0.002  0.001   10.032   10.776    0    0  (Gen:  0)
  2924952    519856 264515200  0.004  0.001   10.039   10.778    0    0  (Gen:  0)
  2761896    348664 264704864  0.004  0.001   10.044   10.780    0    0  (Gen:  0)
  2722472    486752 265002480  0.005  0.001   10.050   10.781    0    0  (Gen:  0)
  3113680    414648 265213744  0.003  0.001   10.056   10.783    0    0  (Gen:  0)
  2909832    528704 265545680  0.003  0.001   10.061   10.785    0    0  (Gen:  0)
  3003528    574576 265781648  0.004  0.001   10.066   10.786    0    0  (Gen:  0)
  2681784    324744 265941920  0.003  0.000   10.072   10.787    0    0  (Gen:  0)
  2720136    216336 266034720  0.003  0.000   10.077   10.788    0    0  (Gen:  0)
  2962408    328096 266290504  0.002  0.001   10.082   10.790    0    0  (Gen:  0)
  3111512    372072 266486120  0.004  0.001   10.087   10.791    0    0  (Gen:  0)
  3062376    334120 266645592  0.003  0.000   10.092   10.793    0    0  (Gen:  0)
  3372752    521536 266996992  0.006  0.001   10.099   10.795    0    0  (Gen:  0)
  2549464    649056 267305264  0.004  0.001   10.106   10.796    0    0  (Gen:  0)
  3513504    477160 267647312  0.002  0.001   10.112   10.798    0    0  (Gen:  0)
  3146992    789896 268129776  0.005  0.001   10.119   10.800    0    0  (Gen:  0)
  3548608    740888 268399080  0.007  0.001   10.128   10.802    0    0  (Gen:  0)
  3370296    491568 268622672  0.002  0.001   10.135   10.805    0    0  (Gen:  0)
  3204848    419104 268824264  0.004  0.001   10.143   10.806    0    0  (Gen:  0)
  3118280    390520 269024352  0.002  0.001   10.150   10.808    0    0  (Gen:  0)
  3233776    577208 269408296  0.006  0.001   10.158   10.810    0    0  (Gen:  0)
  3385648    766832 269826200  0.005  0.001   10.167   10.813    0    0  (Gen:  0)
  3416400    708144 270182336  0.005  0.001   10.173   10.814    0    0  (Gen:  0)
  3505320    647200 270662736  0.002  0.001   10.179   10.816    0    0  (Gen:  0)
  3543816    886256 271140080  0.002  0.001   10.186   10.818    0    0  (Gen:  0)
  2430392    633384 271368624  0.002  0.001   10.192   10.820    0    0  (Gen:  0)
  2765248    481216 271651064  0.005  0.001   10.198   10.821    0    0  (Gen:  0)
  2918392    618888 271983800  0.005  0.001   10.205   10.823    0    0  (Gen:  0)
  3568952    760928 272409592  0.005  0.001   10.211   10.825    0    0  (Gen:  0)
  3255600    839784 272816560  0.005  0.001   10.218   10.826    0    0  (Gen:  0)
  3079712    849240 273257248  0.005  0.001   10.225   10.828    0    0  (Gen:  0)
  3112424    877112 273687200  0.005  0.001   10.231   10.830    0    0  (Gen:  0)
  3751720    888552 274143296  0.005  0.001   10.238   10.832    0    0  (Gen:  0)
  3145528    801720 274496088  0.006  0.001   10.246   10.834    0    0  (Gen:  0)
  3332872    678224 274823688  0.005  0.001   10.252   10.835    0    0  (Gen:  0)
  3381072    675560 275173384  0.005  0.001   10.259   10.837    0    0  (Gen:  0)
  3360816    717144 275536184  0.005  0.001   10.265   10.838    0    0  (Gen:  0)
  3689768    712288 275886424  0.003  0.001   10.271   10.840    0    0  (Gen:  0)
  3452544    912640 276437952  0.006  0.001   10.279   10.842    0    0  (Gen:  0)
  2920184    959368 276885312  0.006  0.001   10.286   10.844    0    0  (Gen:  0)
  2989192    817776 277337808  0.006  0.001   10.293   10.846    0    0  (Gen:  0)
  3321080    605200 277684168  0.004  0.001   10.299   10.848    0    0  (Gen:  0)
  3851096    768920 278095872  0.006  0.001   10.307   10.850    0    0  (Gen:  0)
  2898696    662408 278377920  0.005  0.001   10.313   10.851    0    0  (Gen:  0)
  3325440    607160 278701576  0.006  0.001   10.321   10.853    0    0  (Gen:  0)
  3175008    685032 279051256  0.006  0.001   10.329   10.856    0    0  (Gen:  0)
  3747384    676224 279378664  0.007  0.001   10.339   10.858    0    0  (Gen:  0)
  3166416    489208 279558704  0.004  0.000   10.344   10.859    0    0  (Gen:  0)
  2294496    278816 279674056  0.002  0.000   10.348   10.860    0    0  (Gen:  0)
  2847632    315904 279814928  0.004  0.000   10.354   10.862    0    0  (Gen:  0)
  1962688    363888 280018216  0.003  0.001   10.358   10.863    0    0  (Gen:  0)
  3337544    298968 280111920  0.004  0.000   10.363   10.864    0    0  (Gen:  0)
  3710720    337976 280249960  0.002  0.000   10.368   10.866    0    0  (Gen:  0)
  3060304    568448 280645472  0.005  0.001   10.375   10.868    0    0  (Gen:  0)
  2780464    845816 281176648  0.005  0.001   10.382   10.869    0    0  (Gen:  0)
  2978136    785544 281604056  0.007  0.001   10.390   10.872    0    0  (Gen:  0)
  2477040    571240 281852472  0.005  0.001   10.397   10.873    0    0  (Gen:  0)
  2193024    518128 282113720  0.004  0.001   10.401   10.874    0    0  (Gen:  0)
  2346208    494688 282357368  0.003  0.000   10.405   10.876    0    0  (Gen:  0)
  2496192    430776 282592032  0.003  0.000   10.409   10.877    0    0  (Gen:  0)
  2558464    466912 282867032  0.004  0.001   10.413   10.878    0    0  (Gen:  0)
  2312480    577248 283185792  0.002  0.001   10.417   10.879    0    0  (Gen:  0)
  2494096    648096 283551800  0.004  0.001   10.423   10.881    0    0  (Gen:  0)
  2333760    672616 283889968  0.004  0.001   10.429   10.882    0    0  (Gen:  0)
  2351160    620272 284201728  0.004  0.001   10.435   10.884    0    0  (Gen:  0)
  2703784    672680 284590648  0.004  0.001   10.440   10.885    0    0  (Gen:  0)
  2662224    702288 284933104  0.004  0.001   10.447   10.887    0    0  (Gen:  0)
  3110032    685512 285299608  0.004  0.001   10.453   10.889    0    0  (Gen:  0)
  3204576    807976 285767856  0.005  0.001   10.460   10.891    0    0  (Gen:  0)
  3166920    763408 286129096  0.002  0.001   10.466   10.893    0    0  (Gen:  0)
  2713000    815160 286638480  0.004  0.001   10.472   10.895    0    0  (Gen:  0)
  3402872    658800 287141864  0.004  0.001   10.479   10.896    0    0  (Gen:  0)
  3756592    458088 287194768  0.004  0.001   10.486   10.898    0    0  (Gen:  0)
  2513168    536712 287587928  0.002  0.001   10.492   10.900    0    0  (Gen:  0)
  2765736    573864 287764432  0.004  0.001   10.498   10.902    0    0  (Gen:  0)
  3205552    350248 287934088  0.003  0.000   10.504   10.903    0    0  (Gen:  0)
  3414712    454512 288265448  0.004  0.001   10.510   10.905    0    0  (Gen:  0)
  2889888    492984 288427744  0.002  0.001   10.515   10.906    0    0  (Gen:  0)
  3447024    521296 288786712  0.005  0.001   10.522   10.908    0    0  (Gen:  0)
  3445176    575440 289014936  0.007  0.001   10.531   10.910    0    0  (Gen:  0)
  3477592    450592 289303544  0.003  0.001   10.538   10.912    0    0  (Gen:  0)
  3419600    537688 289642168  0.002  0.001   10.544   10.914    0    0  (Gen:  0)
  3337440    765848 290114568  0.005  0.001   10.550   10.916    0    0  (Gen:  0)
  3235208    821840 290564600  0.007  0.001   10.559   10.918    0    0  (Gen:  0)
  2252632    620240 290770072  0.005  0.001   10.564   10.919    0    0  (Gen:  0)
  2436072    464312 291042576  0.003  0.001   10.570   10.921    0    0  (Gen:  0)
  2475664    560800 291367672  0.005  0.001   10.578   10.923    0    0  (Gen:  0)
  2255960    501160 291572328  0.004  0.001   10.583   10.925    0    0  (Gen:  0)
  3035528    528296 291920264  0.006  0.001   10.590   10.926    0    0  (Gen:  0)
  2839736    763232 292392184  0.005  0.001   10.596   10.928    0    0  (Gen:  0)
  2497520    646880 292683568  0.004  0.001   10.601   10.929    0    0  (Gen:  0)
  3191944    611112 292990296  0.004  0.001   10.607   10.931    0    0  (Gen:  0)
  2889016    885608 293592520  0.004  0.001   10.613   10.933    0    0  (Gen:  0)
  3615464    856688 294051288  0.006  0.001   10.621   10.935    0    0  (Gen:  0)
  3194312    783768 294390136  0.005  0.001   10.628   10.937    0    0  (Gen:  0)
  3641440    639464 294804432  0.004  0.001   10.634   10.938    0    0  (Gen:  0)
  3517144    592256 295056328  0.004  0.001   10.641   10.940    0    0  (Gen:  0)
  3123784    433584 295264112  0.004  0.001   10.648   10.942    0    0  (Gen:  0)
  3200016    410264 295531056  0.002  0.000   10.654   10.944    0    0  (Gen:  0)
  2853944    327544 295706120  0.004  0.000   10.660   10.945    0    0  (Gen:  0)
  3467656    664256 296222416  0.003  0.001   10.668   10.947    0    0  (Gen:  0)
  2336520    822696 296557696  0.004  0.001   10.673   10.949    0    0  (Gen:  0)
  4001016    636496 296942616  0.005  0.001   10.683   10.951    0    0  (Gen:  0)
  3754128    742744 297309216  0.006  0.001   10.692   10.954    0    0  (Gen:  0)
  3619328    659304 297637600  0.004  0.001   10.700   10.956    0    0  (Gen:  0)
  2809456    644048 297938752  0.005  0.001   10.708   10.958    0    0  (Gen:  0)
  3014104    462128 298164440  0.005  0.001   10.715   10.960    0    0  (Gen:  0)
  3320096    463672 298400968  0.005  0.000   10.722   10.962    0    0  (Gen:  0)
  3306136    515632 298710920  0.006  0.001   10.729   10.964    0    0  (Gen:  0)
  2935568    813072 299255816  0.005  0.001   10.737   10.966    0    0  (Gen:  0)
  2563248    715952 299618928  0.003  0.001   10.742   10.967    0    0  (Gen:  0)
  2709408    690920 299992848  0.004  0.001   10.747   10.969    0    0  (Gen:  0)
  3138656    525528 300331208  0.003  0.000   10.752   10.970    0    0  (Gen:  0)
  3121616    695896 300773888  0.003  0.001   10.758   10.971    0    0  (Gen:  0)
  3171272    847824 301441800  0.003  0.001   10.763   10.973    0    0  (Gen:  0)
  2479128    876920 301879784  0.004  0.001   10.769   10.975    0    0  (Gen:  0)
  2346072    536104 302137784  0.002  0.001   10.775   10.976    0    0  (Gen:  0)
  2292936    417440 302393664  0.004  0.001   10.780   10.978    0    0  (Gen:  0)
  2069144    403424 302621088  0.003  0.000   10.784   10.979    0    0  (Gen:  0)
  2291520    499296 302954608  0.003  0.001   10.790   10.980    0    0  (Gen:  0)
  2255984    529808 303221920  0.003  0.001   10.795   10.981    0    0  (Gen:  0)
  2800176    420232 303454664  0.003  0.000   10.799   10.983    0    0  (Gen:  0)
  2589320    371264 303627768  0.001  0.000   10.804   10.984    0    0  (Gen:  0)
  2749192    250840 303741256  0.003  0.000   10.809   10.985    0    0  (Gen:  0)
  2621824    235168 303881720  0.002  0.000   10.812   10.986    0    0  (Gen:  0)
  2677536    304312 304053840  0.003  0.000   10.818   10.988    0    0  (Gen:  0)
  3307032    695472 304610488  0.005  0.001   10.824   10.989    0    0  (Gen:  0)
  3497528   1109192 305282016  0.008  0.002   10.833   10.992    0    0  (Gen:  0)
  3108072    841384 305711400  0.005  0.001   10.840   10.994    0    0  (Gen:  0)
  2607496    903728 306242680  0.004  0.001   10.848   10.996    0    0  (Gen:  0)
  2307888    842672 306617984  0.003  0.001   10.854   10.997    0    0  (Gen:  0)
  3082520    500232 307011552  0.005  0.001   10.860   10.999    0    0  (Gen:  0)
  3617824    724888 307589192  0.005  0.001   10.868   11.001    0    0  (Gen:  0)
  3175688    881880 308066632  0.006  0.001   10.876   11.003    0    0  (Gen:  0)
  3282584    560976 308286800  0.005  0.001   10.883   11.005    0    0  (Gen:  0)
  3074832    464512 308512496  0.006  0.001   10.891   11.007    0    0  (Gen:  0)
  3532856    480072 308784648  0.005  0.001   10.900   11.010    0    0  (Gen:  0)
  2771896    496688 309098848  0.003  0.001   10.906   11.011    0    0  (Gen:  0)
  2878600    544808 309420512  0.004  0.001   10.912   11.013    0    0  (Gen:  0)
  2945400    582568 309714688  0.005  0.001   10.918   11.015    0    0  (Gen:  0)
  3068048    503512 309975704  0.003  0.001   10.924   11.016    0    0  (Gen:  0)
  3274744    534024 310333592  0.004  0.001   10.929   11.018    0    0  (Gen:  0)
  3507552    793424 310941168  0.007  0.001   10.939   11.020    0    0  (Gen:  0)
  2572480    616920 311176112  0.002  0.001   10.945   11.022    0    0  (Gen:  0)
  3474664    426648 311391456  0.003  0.001   10.954   11.024    0    0  (Gen:  0)
  2738416    439088 311622304  0.005  0.001   10.960   11.026    0    0  (Gen:  0)
  3406640    549304 311937424  0.005  0.001   10.966   11.028    0    0  (Gen:  0)
  3612880    686328 312340080  0.005  0.001   10.973   11.030    0    0  (Gen:  0)
  3034600    777032 312740384  0.003  0.001   10.980   11.032    0    0  (Gen:  0)
  3356128    832144 313238184  0.004  0.001   10.987   11.034    0    0  (Gen:  0)
  3368688    911752 313726968  0.005  0.001   10.994   11.035    0    0  (Gen:  0)
  3762080    725808 314175432  0.003  0.001   11.000   11.037    0    0  (Gen:  0)
  3525688    759792 314569056  0.002  0.001   11.007   11.039    0    0  (Gen:  0)
  2998152    631760 314861240  0.002  0.001   11.013   11.041    0    0  (Gen:  0)
  2281776    479912 315090776  0.001  0.001   11.018   11.043    0    0  (Gen:  0)
  1935696    444272 315333984  0.002  0.001   11.022   11.045    0    0  (Gen:  0)
  3141480    518912 315609616  0.002  0.000   11.028   11.046    0    0  (Gen:  0)
  2939936    595288 315911424  0.005  0.001   11.035   11.048    0    0  (Gen:  0)
  3052784    655664 316258912  0.006  0.001   11.042   11.050    0    0  (Gen:  0)
  3242176    644264 316566112  0.004  0.001   11.047   11.052    0    0  (Gen:  0)
  3406184    650312 316937240  0.004  0.001   11.053   11.053    0    0  (Gen:  0)
  2958512    713640 317307328  0.004  0.001   11.059   11.055    0    0  (Gen:  0)
  3330624    733816 317661296  0.004  0.001   11.066   11.057    0    0  (Gen:  0)
  2918184    668568 317968264  0.003  0.001   11.072   11.058    0    0  (Gen:  0)
  2918464    596656 318246528  0.004  0.001   11.077   11.060    0    0  (Gen:  0)
  2874656    614952 318569184  0.003  0.001   11.083   11.061    0    0  (Gen:  0)
  2606480    640072 318878568  0.004  0.001   11.090   11.063    0    0  (Gen:  0)
  3071920    548040 319120376  0.004  0.001   11.096   11.064    0    0  (Gen:  0)
  3055272    537448 319410464  0.004  0.001   11.101   11.066    0    0  (Gen:  0)
  3254808    585152 319703824  0.004  0.001   11.108   11.067    0    0  (Gen:  0)
  3268336    575520 319979120  0.004  0.001   11.113   11.069    0    0  (Gen:  0)
  3257728    548296 320228168  0.004  0.001   11.119   11.070    0    0  (Gen:  0)
  3044872    584064 320551800  0.002  0.001   11.124   11.072    0    0  (Gen:  0)
  3298960    823936 321042200  0.005  0.001   11.131   11.074    0    0  (Gen:  0)
  3435800    916616 321495000  0.006  0.001   11.138   11.075    0    0  (Gen:  0)
  3707208    881944 322002520  0.005  0.001   11.144   11.077    0    0  (Gen:  0)
  2886928    549248 322261800  0.002  0.001   11.150   11.078    0    0  (Gen:  0)
  3123072    639896 322632488  0.002  0.001   11.155   11.080    0    0  (Gen:  0)
  2664864    637464 322923544  0.004  0.001   11.160   11.081    0    0  (Gen:  0)
  2740240    589848 323213600  0.004  0.001   11.166   11.083    0    0  (Gen:  0)
  2452880    547072 323466360  0.003  0.001   11.172   11.084    0    0  (Gen:  0)
  2741928    607280 323814216  0.004  0.001   11.177   11.086    0    0  (Gen:  0)
  2896312    691136 324176784  0.005  0.001   11.184   11.088    0    0  (Gen:  0)
  2688088    719968 324526472  0.003  0.001   11.190   11.089    0    0  (Gen:  0)
  2973400    785136 324956904  0.004  0.001   11.196   11.091    0    0  (Gen:  0)
  2757208    790784 325316088  0.002  0.001   11.203   11.093    0    0  (Gen:  0)
  2610264    626624 325581680  0.004  0.001   11.209   11.095    0    0  (Gen:  0)
  3072936    591568 325897536  0.002  0.001   11.215   11.096    0    0  (Gen:  0)
  3343944    681208 326258208  0.005  0.001   11.221   11.098    0    0  (Gen:  0)
  3117104    709936 326629848  0.005  0.001   11.227   11.099    0    0  (Gen:  0)
  2628288    671296 326951496  0.004  0.001   11.233   11.101    0    0  (Gen:  0)
  2964672    658528 327288136  0.005  0.001   11.239   11.102    0    0  (Gen:  0)
  2992424    702992 327653328  0.002  0.001   11.245   11.104    0    0  (Gen:  0)
  2836344    609432 327913440  0.004  0.001   11.251   11.106    0    0  (Gen:  0)
  2947576    637448 328239904  0.004  0.001   11.257   11.107    0    0  (Gen:  0)
  2419624    567752 328481048  0.004  0.001   11.262   11.109    0    0  (Gen:  0)
  2305968    505688 328732904  0.002  0.001   11.267   11.110    0    0  (Gen:  0)
  2544424    522272 328999064  0.004  0.001   11.272   11.111    0    0  (Gen:  0)
  2646192    544232 329274520  0.003  0.001   11.278   11.113    0    0  (Gen:  0)
  2540064    541136 329543552  0.003  0.001   11.283   11.114    0    0  (Gen:  0)
  3420352    775008 330054552  0.005  0.001   11.289   11.116    0    0  (Gen:  0)
  3514328    937400 330524984  0.005  0.001   11.296   11.118    0    0  (Gen:  0)
  3105024    801312 330878016  0.004  0.001   11.302   11.119    0    0  (Gen:  0)
  3330592    789752 331337752  0.003  0.001   11.308   11.121    0    0  (Gen:  0)
  3026904    796536 331796400  0.004  0.001   11.315   11.122    0    0  (Gen:  0)
  2753752    751728 332099896  0.002  0.001   11.320   11.124    0    0  (Gen:  0)
  2639160    593448 332382424  0.002  0.001   11.326   11.126    0    0  (Gen:  0)
  2709800    545400 332655352  0.004  0.001   11.331   11.127    0    0  (Gen:  0)
  2615744    585536 332942512  0.003  0.001   11.336   11.128    0    0  (Gen:  0)
  2470080    561928 333208392  0.004  0.001   11.342   11.130    0    0  (Gen:  0)
  2839368    537696 333479480  0.005  0.001   11.348   11.131    0    0  (Gen:  0)
  2691760    511768 333730352  0.004  0.000   11.353   11.133    0    0  (Gen:  0)
  2764552    555872 334033016  0.004  0.001   11.358   11.134    0    0  (Gen:  0)
  3122736    673768 334399928  0.005  0.001   11.364   11.135    0    0  (Gen:  0)
  2791072    682208 334713800  0.003  0.001   11.370   11.137    0    0  (Gen:  0)
  3064928    667544 335057240  0.004  0.001   11.375   11.138    0    0  (Gen:  0)
  3177568    712488 335427480  0.004  0.001   11.380   11.140    0    0  (Gen:  0)
  3454264    734400 335782176  0.005  0.001   11.387   11.142    0    0  (Gen:  0)
  2746584    566544 335995384  0.005  0.001   11.393   11.143    0    0  (Gen:  0)
  3380552    436344 336206864  0.005  0.001   11.399   11.145    0    0  (Gen:  0)
  3237560    405296 336401480  0.003  0.001   11.405   11.146    0    0  (Gen:  0)
  3292984    479192 336674848  0.004  0.001   11.411   11.148    0    0  (Gen:  0)
  3462624    473488 336872808  0.004  0.001   11.416   11.149    0    0  (Gen:  0)
  3323608    406320 337058600  0.004  0.001   11.421   11.150    0    0  (Gen:  0)
  3452952    668992 337520056  0.002  0.001   11.427   11.152    0    0  (Gen:  0)
  3827472    830584 337923432  0.005  0.001   11.433   11.154    0    0  (Gen:  0)
  3984240    720008 338285192  0.005  0.001   11.440   11.156    0    0  (Gen:  0)
  3368368    528688 338568704  0.002  0.001   11.446   11.157    0    0  (Gen:  0)
  3074672    549176 338920248  0.004  0.001   11.452   11.159    0    0  (Gen:  0)
  3377552    687760 339248296  0.004  0.001   11.458   11.161    0    0  (Gen:  0)
  3004832    507152 339496720  0.004  0.001   11.463   11.162    0    0  (Gen:  0)
  3025128    501144 339747376  0.005  0.001   11.469   11.163    0    0  (Gen:  0)
  2687384    475152 339968072  0.004  0.001   11.474   11.165    0    0  (Gen:  0)
  3157400    503192 340237312  0.003  0.001   11.479   11.166    0    0  (Gen:  0)
  2966976    490448 340492464  0.004  0.001   11.485   11.168    0    0  (Gen:  0)
  3083872    468176 340743496  0.004  0.001   11.491   11.170    0    0  (Gen:  0)
  2662464    463024 340943944  0.004  0.001   11.496   11.171    0    0  (Gen:  0)
  3391576    432224 341153680  0.002  0.001   11.502   11.173    0    0  (Gen:  0)
  3829024    480568 341411296  0.003  0.001   11.508   11.174    0    0  (Gen:  0)
  3358304    538960 341699536  0.004  0.001   11.514   11.176    0    0  (Gen:  0)
  3223416    664072 342058392  0.005  0.001   11.520   11.177    0    0  (Gen:  0)
  3298008    757928 342517944  0.005  0.001   11.526   11.179    0    0  (Gen:  0)
  2787160    875680 342982008  0.004  0.001   11.532   11.181    0    0  (Gen:  0)
  2295304    703480 343259768  0.004  0.001   11.538   11.182    0    0  (Gen:  0)
  2409376    569616 343566344  0.003  0.000   11.542   11.183    0    0  (Gen:  0)
  2747120    587080 343870440  0.003  0.000   11.546   11.184    0    0  (Gen:  0)
  3344488    745472 344313352  0.005  0.001   11.552   11.186    0    0  (Gen:  0)
  3143360    775056 344679744  0.005  0.001   11.559   11.188    0    0  (Gen:  0)
  2615784    632928 344966288  0.003  0.001   11.565   11.189    0    0  (Gen:  0)
  2537408    505688 345220504  0.003  0.001   11.569   11.190    0    0  (Gen:  0)
  2874840    545568 345519600  0.004  0.001   11.573   11.192    0    0  (Gen:  0)
  2765672    545776 345771432  0.003  0.001   11.577   11.193    0    0  (Gen:  0)
  3424208    699112 346202400  0.005  0.001   11.583   11.194    0    0  (Gen:  0)
  3471928    810912 346612872  0.003  0.001   11.590   11.197    0    0  (Gen:  0)
  3362480    774824 346997136  0.005  0.001   11.597   11.198    0    0  (Gen:  0)
  3366696    772800 347404096  0.005  0.001   11.605   11.200    0    0  (Gen:  0)
  3017640    892112 347891720  0.005  0.001   11.610   11.202    0    0  (Gen:  0)
  3119856    971624 348397040  0.005  0.001   11.616   11.203    0    0  (Gen:  0)
  3780152   1053904 348966680  0.006  0.001   11.622   11.205    0    0  (Gen:  0)
  3503320   1090968 349499552  0.005  0.001   11.628   11.206    0    0  (Gen:  0)
  3005816    826264 349934056  0.005  0.001   11.634   11.208    0    0  (Gen:  0)
  3188304    786336 350311408  0.004  0.001   11.640   11.210    0    0  (Gen:  0)
  3444520   1021248 351113584  0.005  0.001   11.647   11.211    0    0  (Gen:  0)
  3635536   1095496 351601944  0.007  0.001   11.655   11.214    0    0  (Gen:  0)
  3480440    881264 352073784  0.006  0.001   11.662   11.216    0    0  (Gen:  0)
  2502864    751720 352403944  0.003  0.001   11.667   11.217    0    0  (Gen:  0)
  2527416    671400 352760656  0.004  0.001   11.672   11.219    0    0  (Gen:  0)
  2400032    656632 353072296  0.004  0.001   11.678   11.220    0    0  (Gen:  0)
  2477040    576352 353376376  0.004  0.001   11.683   11.221    0    0  (Gen:  0)
  2785720    752272 353840768  0.005  0.001   11.691   11.223    0    0  (Gen:  0)
  2687080    815712 354256608  0.005  0.001   11.697   11.225    0    0  (Gen:  0)
  2052640    579384 354479392  0.003  0.001   11.701   11.226    0    0  (Gen:  0)
  2577232    534464 354795312  0.004  0.001   11.707   11.228    0    0  (Gen:  0)
  2135712    559056 355070288  0.002  0.001   11.711   11.229    0    0  (Gen:  0)
  3027616    679800 355480368  0.005  0.001   11.717   11.231    0    0  (Gen:  0)
  2911488    802664 355925384  0.004  0.001   11.724   11.233    0    0  (Gen:  0)
  2923440    828432 356343776  0.005  0.001   11.731   11.235    0    0  (Gen:  0)
  2915840    809040 356743128  0.004  0.001   11.738   11.236    0    0  (Gen:  0)
  2568264    798536 357135688  0.005  0.001   11.744   11.238    0    0  (Gen:  0)
  3230080    825072 357562344  0.005  0.001   11.751   11.240    0    0  (Gen:  0)
  2966128    779784 358045360  0.004  0.001   11.757   11.242    0    0  (Gen:  0)
  3167736    722824 358431560  0.006  0.001   11.765   11.244    0    0  (Gen:  0)
  2813208    648024 358737920  0.004  0.001   11.770   11.245    0    0  (Gen:  0)
  2744504    660768 359086704  0.003  0.001   11.775   11.247    0    0  (Gen:  0)
  3303368    764840 359494152  0.004  0.001   11.782   11.248    0    0  (Gen:  0)
  2813784    697448 359790352  0.005  0.001   11.788   11.250    0    0  (Gen:  0)
  2939624    604760 360097880  0.004  0.001   11.793   11.251    0    0  (Gen:  0)
  2741032    526048 360301912  0.004  0.001   11.798   11.252    0    0  (Gen:  0)
  2496600    457128 360538032  0.002  0.000   11.803   11.254    0    0  (Gen:  0)
  2907632    508576 360795888  0.003  0.001   11.809   11.255    0    0  (Gen:  0)
  2710328    476912 361009128  0.003  0.001   11.814   11.257    0    0  (Gen:  0)
  3030936    644968 361385592  0.005  0.001   11.821   11.258    0    0  (Gen:  0)
  3211216    459848 361590928  0.003  0.001   11.825   11.260    0    0  (Gen:  0)
  3118816    608728 361990008  0.004  0.001   11.831   11.261    0    0  (Gen:  0)
  3425672    683000 362281544  0.003  0.001   11.837   11.263    0    0  (Gen:  0)
  3035528    686928 362711896  0.004  0.001   11.844   11.265    0    0  (Gen:  0)
  3304784    999000 363358680  0.005  0.001   11.851   11.267    0    0  (Gen:  0)
  3198712    817152 363593400  0.007  0.001   11.861   11.269    0    0  (Gen:  0)
  2691104    587832 363882024  0.003  0.001   11.866   11.270    0    0  (Gen:  0)
  2409224    496288 364141928  0.002  0.001   11.871   11.272    0    0  (Gen:  0)
  2852752    655960 364525464  0.003  0.001   11.876   11.273    0    0  (Gen:  0)
  2952144    717936 364871728  0.004  0.001   11.882   11.275    0    0  (Gen:  0)
  3003744    459328 365077056  0.002  0.000   11.888   11.276    0    0  (Gen:  0)
  2474648    467056 365316760  0.002  0.000   11.893   11.278    0    0  (Gen:  0)
  2567288    494616 365569392  0.002  0.001   11.898   11.279    0    0  (Gen:  0)
  2991776    582480 365866744  0.003  0.001   11.904   11.281    0    0  (Gen:  0)
  2691872    577888 366133576  0.003  0.001   11.909   11.282    0    0  (Gen:  0)
  2883200    700824 366562016  0.005  0.001   11.915   11.283    0    0  (Gen:  0)
  3033848    884600 367045520  0.005  0.001   11.921   11.285    0    0  (Gen:  0)
  3087368    945392 367524256  0.005  0.001   11.927   11.287    0    0  (Gen:  0)
  3028768    887808 367953784  0.003  0.001   11.933   11.288    0    0  (Gen:  0)
  3171864    858136 368444992  0.004  0.001   11.940   11.290    0    0  (Gen:  0)
  2821576    717912 368792968  0.004  0.001   11.946   11.292    0    0  (Gen:  0)
  2744856    757176 369191000  0.005  0.001   11.953   11.294    0    0  (Gen:  0)
  2583008    685392 369510744  0.003  0.001   11.958   11.295    0    0  (Gen:  0)
  2042552    537152 369733656  0.002  0.001   11.964   11.297    0    0  (Gen:  0)
  2089456    423328 369935048  0.003  0.001   11.968   11.298    0    0  (Gen:  0)
  2340024    439224 370160472  0.004  0.001   11.975   11.299    0    0  (Gen:  0)
  2354800    468512 370410736  0.003  0.001   11.979   11.301    0    0  (Gen:  0)
  2122512    512640 370666280  0.003  0.000   11.983   11.302    0    0  (Gen:  0)
  3065800    786848 371203040  0.005  0.001   11.990   11.303    0    0  (Gen:  0)
  3610040   1231424 371960568  0.007  0.002   11.998   11.306    0    0  (Gen:  0)
  2959488   1228832 372540264  0.006  0.001   12.007   11.308    0    0  (Gen:  0)
  2550536    682488 372874952  0.005  0.001   12.014   11.310    0    0  (Gen:  0)
  3000648    398952 373140056  0.003  0.000   12.019   11.311    0    0  (Gen:  0)
  3119272    724832 373618816  0.004  0.001   12.026   11.313    0    0  (Gen:  0)
  3084176    766296 373961656  0.007  0.001   12.033   11.315    0    0  (Gen:  0)
  3487992    476280 374202904  0.005  0.001   12.040   11.317    0    0  (Gen:  0)
  2749336    499328 374462264  0.003  0.001   12.046   11.319    0    0  (Gen:  0)
  3664504    491304 374772080  0.003  0.000   12.053   11.321    0    0  (Gen:  0)
  3451456    920456 375368312  0.005  0.001   12.060   11.323    0    0  (Gen:  0)
  2422680    822784 375688528  0.004  0.001   12.068   11.325    0    0  (Gen:  0)
  2394904    620424 376002008  0.003  0.001   12.075   11.326    0    0  (Gen:  0)
  3204192    355544 376186960  0.001  0.001   12.081   11.328    0    0  (Gen:  0)
  3063568    578752 376568096  0.004  0.001   12.087   11.330    0    0  (Gen:  0)
  3528104    653896 376838960  0.003  0.001   12.095   11.332    0    0  (Gen:  0)
  3435816    607576 377152624  0.005  0.001   12.102   11.334    0    0  (Gen:  0)
  2683864    582896 377413752  0.005  0.001   12.109   11.336    0    0  (Gen:  0)
  3902984    693624 377830432  0.004  0.001   12.117   11.338    0    0  (Gen:  0)
  3793992    862848 378326360  0.006  0.001   12.125   11.340    0    0  (Gen:  0)
  2908728    822248 378684608  0.006  0.001   12.133   11.342    0    0  (Gen:  0)
  2942976    707184 379038864  0.006  0.001   12.140   11.344    0    0  (Gen:  0)
  2920224    634008 379335400  0.004  0.001   12.147   11.346    0    0  (Gen:  0)
  3678256    625352 379683040  0.004  0.001   12.156   11.348    0    0  (Gen:  0)
  3879248    635896 379997680  0.004  0.001   12.164   11.351    0    0  (Gen:  0)
  2876144    724688 380411248  0.005  0.001   12.173   11.353    0    0  (Gen:  0)
  2628200    683800 380727504  0.005  0.001   12.181   11.355    0    0  (Gen:  0)
  3757096    719072 381247488  0.005  0.001   12.188   11.357    0    0  (Gen:  0)
  2324912    781512 381626928  0.003  0.001   12.194   11.358    0    0  (Gen:  0)
  2343688    780672 382067608  0.003  0.001   12.198   11.359    0    0  (Gen:  0)
  2465616    802416 382542720  0.002  0.001   12.201   11.361    0    0  (Gen:  0)
  2637304    590720 382760416  0.003  0.001   12.206   11.362    0    0  (Gen:  0)
  3511368    790304 383358392  0.004  0.001   12.212   11.363    0    0  (Gen:  0)
  3799880   1089472 383945112  0.006  0.001   12.220   11.365    0    0  (Gen:  0)
  3556480    817000 384403272  0.005  0.001   12.227   11.367    0    0  (Gen:  0)
  3055240    654856 384839296  0.006  0.001   12.236   11.370    0    0  (Gen:  0)
  3358176    761112 385301488  0.002  0.001   12.242   11.371    0    0  (Gen:  0)
  2430680    645008 385706472  0.002  0.001   12.247   11.373    0    0  (Gen:  0)
  2853112    347400 385916872  0.001  0.000   12.251   11.374    0    0  (Gen:  0)
  2625552    559696 386325216  0.002  0.001   12.254   11.375    0    0  (Gen:  0)
  2363016    664360 386665752  0.003  0.001   12.259   11.376    0    0  (Gen:  0)
  2314008    707152 387030952  0.003  0.001   12.263   11.378    0    0  (Gen:  0)
  2730568    669800 387340600  0.003  0.001   12.270   11.379    0    0  (Gen:  0)
  3062536    595736 387691400  0.003  0.001   12.276   11.381    0    0  (Gen:  0)
  3103544    579280 387982168  0.003  0.001   12.281   11.382    0    0  (Gen:  0)
  2595032    482400 388218288  0.004  0.001   12.287   11.383    0    0  (Gen:  0)
  3345664    494112 388523160  0.005  0.001   12.293   11.385    0    0  (Gen:  0)
  3079872    561872 388810104  0.005  0.001   12.298   11.386    0    0  (Gen:  0)
  3601720    757504 389310120  0.003  0.001   12.305   11.389    0    0  (Gen:  0)
  2816408    733120 389699344  0.006  0.001   12.313   11.390    0    0  (Gen:  0)
  2104368    584568 390051552  0.004  0.001   12.319   11.392    0    0  (Gen:  0)
  2269584    512288 390340968  0.004  0.001   12.325   11.394    0    0  (Gen:  0)
  2615392    832200 390930312  0.007  0.001   12.335   11.397    0    0  (Gen:  0)
  2253960    849720 391282856  0.006  0.001   12.341   11.399    0    0  (Gen:  0)
  2527096    671288 391610528  0.005  0.001   12.347   11.400    0    0  (Gen:  0)
  2692760    596840 391887200  0.004  0.001   12.353   11.402    0    0  (Gen:  0)
  2911200    379064 392171000  0.003  0.001   12.359   11.404    0    0  (Gen:  0)
  3148432    419272 392410232  0.004  0.000   12.365   11.405    0    0  (Gen:  0)
  3227240    665936 392834824  0.005  0.001   12.372   11.407    0    0  (Gen:  0)
  2221152    595016 393050928  0.004  0.001   12.377   11.409    0    0  (Gen:  0)
  3393680    235472 393206744  0.003  0.000   12.384   11.410    0    0  (Gen:  0)
  3302776    442112 393518304  0.002  0.001   12.391   11.412    0    0  (Gen:  0)
  3322912    559888 393753224  0.005  0.001   12.397   11.414    0    0  (Gen:  0)
  1944672    504616 394002320  0.002  0.001   12.400   11.415    0    0  (Gen:  0)
  1908376    259016 394010152  0.002  0.000   12.404   11.416    0    0  (Gen:  0)
  2026824    391888 394284544  0.002  0.000   12.407   11.417    0    0  (Gen:  0)
  1711744    464760 394502360  0.002  0.001   12.411   11.418    0    0  (Gen:  0)
  2248064    383416 394649752  0.003  0.000   12.416   11.419    0    0  (Gen:  0)
  2174656    255872 394669128  0.003  0.000   12.419   11.419    0    0  (Gen:  0)
  2442864    288352 394915336  0.002  0.000   12.423   11.421    0    0  (Gen:  0)
  2573280    463816 395213696  0.004  0.001   12.429   11.422    0    0  (Gen:  0)
  2545832    357592 395343584  0.004  0.001   12.435   11.424    0    0  (Gen:  0)
  2786384    260184 395459760  0.004  0.000   12.439   11.425    0    0  (Gen:  0)
  2688512    179040 395499096  0.003  0.000   12.443   11.426    0    0  (Gen:  0)
  2990248    264200 395673784  0.004  0.000   12.448   11.427    0    0  (Gen:  0)
  2851160    420352 395929360  0.004  0.001   12.453   11.429    0    0  (Gen:  0)
  2794680    536608 396238520  0.004  0.001   12.460   11.431    0    0  (Gen:  0)
  2390320    657952 396625312  0.004  0.001   12.466   11.432    0    0  (Gen:  0)
  2188248    237872 396629792  0.003  0.000   12.470   11.433    0    0  (Gen:  0)
  3247296    293784 396883192  0.003  0.000   12.475   11.435    0    0  (Gen:  0)
  3022456    511824 397176968  0.003  0.001   12.480   11.436    0    0  (Gen:  0)
  3119136    504120 397415328  0.004  0.001   12.487   11.438    0    0  (Gen:  0)
  2657912    489016 397726832  0.003  0.001   12.493   11.439    0    0  (Gen:  0)
  2876136    611192 398058544  0.006  0.001   12.500   11.441    0    0  (Gen:  0)
  2788608    652888 398402392  0.004  0.001   12.506   11.443    0    0  (Gen:  0)
  2824584    382360 398593888  0.002  0.000   12.512   11.445    0    0  (Gen:  0)
  2963248    568776 398945976  0.005  0.001   12.518   11.446    0    0  (Gen:  0)
  3241224    520560 399223592  0.004  0.001   12.525   11.448    0    0  (Gen:  0)
  1796528    492000 399483184  0.003  0.001   12.529   11.449    0    0  (Gen:  0)
  1910464    416568 399697224  0.002  0.000   12.532   11.450    0    0  (Gen:  0)
  1952408    446144 399901792  0.003  0.000   12.536   11.451    0    0  (Gen:  0)
  1899216    550512 400192840  0.003  0.001   12.540   11.452    0    0  (Gen:  0)
  2048696    477112 400401880  0.003  0.001   12.544   11.453    0    0  (Gen:  0)
  2167992    431976 400587408  0.002  0.001   12.548   11.455    0    0  (Gen:  0)
  2866464    505848 400827184  0.003  0.001   12.554   11.456    0    0  (Gen:  0)
  2972568    548264 401081184  0.004  0.001   12.560   11.458    0    0  (Gen:  0)
  2848680    489680 401307472  0.004  0.001   12.566   11.459    0    0  (Gen:  0)
  2946784    508144 401567776  0.002  0.001   12.572   11.461    0    0  (Gen:  0)
  2427688    426560 401727888  0.003  0.000   12.576   11.462    0    0  (Gen:  0)
  3012176    417040 401945936  0.004  0.001   12.582   11.463    0    0  (Gen:  0)
  2722392    376096 402105632  0.002  0.000   12.587   11.465    0    0  (Gen:  0)
  2810176    379144 402324944  0.005  0.001   12.594   11.466    0    0  (Gen:  0)
  1934024    460728 402581072  0.003  0.000   12.597   11.467    0    0  (Gen:  0)
  1863632    252496 402590560  0.001  0.000   12.600   11.468    0    0  (Gen:  0)
  2365560    247512 402718040  0.003  0.000   12.605   11.469    0    0  (Gen:  0)
  2723984    277264 402849896  0.003  0.000   12.610   11.471    0    0  (Gen:  0)
  3056216    280024 402991768  0.003  0.000   12.615   11.472    0    0  (Gen:  0)
  2821040    373336 403196840  0.002  0.000   12.619   11.473    0    0  (Gen:  0)
  2921392    307976 403287232  0.003  0.000   12.624   11.474    0    0  (Gen:  0)
  3371728    495360 403617416  0.004  0.001   12.630   11.476    0    0  (Gen:  0)
  3369432    712072 404009072  0.006  0.001   12.637   11.478    0    0  (Gen:  0)
  3516664    653528 404325872  0.004  0.001   12.643   11.480    0    0  (Gen:  0)
  2765144    782496 404832000  0.003  0.001   12.649   11.481    0    0  (Gen:  0)
  2471592    510840 404972864  0.004  0.001   12.654   11.482    0    0  (Gen:  0)
  3199112    643248 405367680  0.004  0.001   12.661   11.485    0    0  (Gen:  0)
  2791016    775736 405743752  0.005  0.001   12.668   11.486    0    0  (Gen:  0)
  2815464    388000 405938504  0.004  0.001   12.674   11.488    0    0  (Gen:  0)
  2260520    375976 406153464  0.002  0.000   12.679   11.489    0    0  (Gen:  0)
  2471624    413608 406352448  0.003  0.001   12.683   11.490    0    0  (Gen:  0)
  2706920    473232 406601368  0.002  0.001   12.689   11.492    0    0  (Gen:  0)
  2300984    409920 406779064  0.004  0.000   12.694   11.493    0    0  (Gen:  0)
  2563400    426920 407019448  0.004  0.001   12.700   11.495    0    0  (Gen:  0)
  2041880    391872 407152184  0.002  0.001   12.704   11.496    0    0  (Gen:  0)
  2300320    358528 407336688  0.002  0.000   12.707   11.497    0    0  (Gen:  0)
  3019880    529136 407659368  0.003  0.001   12.714   11.498    0    0  (Gen:  0)
  2503112    568648 407894392  0.005  0.001   12.720   11.500    0    0  (Gen:  0)
  2777832    525176 408175680  0.004  0.001   12.725   11.501    0    0  (Gen:  0)
  2202840    484912 408373352  0.003  0.001   12.730   11.503    0    0  (Gen:  0)
  3101184    362008 408573104  0.002  0.000   12.736   11.504    0    0  (Gen:  0)
  2446376    282784 408679760  0.003  0.000   12.740   11.505    0    0  (Gen:  0)
  2415440    239720 408799968  0.004  0.000   12.745   11.507    0    0  (Gen:  0)
  2438872    284784 408961504  0.002  0.000   12.749   11.508    0    0  (Gen:  0)
  1912664    373872 409161640  0.002  0.001   12.752   11.509    0    0  (Gen:  0)
  2037920    245576 409194272  0.002  0.000   12.756   11.510    0    0  (Gen:  0)
  2115856    343432 409415048  0.002  0.000   12.759   11.511    0    0  (Gen:  0)
  2183360    228008 409423232  0.002  0.000   12.763   11.511    0    0  (Gen:  0)
  2277488    332480 409655552  0.002  0.000   12.766   11.512    0    0  (Gen:  0)
  2332440    274448 409707624  0.001  0.000   12.769   11.513    0    0  (Gen:  0)
  3678464    485016 410041400  0.005  0.001   12.775   11.515    0    0  (Gen:  0)
  3448072    650776 410363080  0.003  0.001   12.782   11.517    0    0  (Gen:  0)
  3335520    432192 410583768  0.005  0.001   12.788   11.518    0    0  (Gen:  0)
  3016472    579944 410968424  0.003  0.001   12.793   11.520    0    0  (Gen:  0)
  3172688    776504 411393208  0.006  0.001   12.801   11.522    0    0  (Gen:  0)
  2436848    669736 411648152  0.004  0.001   12.807   11.524    0    0  (Gen:  0)
  2549232    346312 411816440  0.002  0.001   12.813   11.525    0    0  (Gen:  0)
  2893600    367168 412044904  0.004  0.000   12.818   11.526    0    0  (Gen:  0)
  1897768    499336 412297472  0.003  0.000   12.822   11.527    0    0  (Gen:  0)
  2043312    242008 412326104  0.002  0.000   12.826   11.528    0    0  (Gen:  0)
  3711888    457824 412690032  0.004  0.000   12.830   11.530    0    0  (Gen:  0)
  3224336    557552 413031152  0.005  0.001   12.837   11.532    0    0  (Gen:  0)
  3588296    939048 413649984  0.004  0.002   12.845   11.534    0    0  (Gen:  0)
  2863528   1072024 414139448  0.006  0.002   12.854   11.537    0    0  (Gen:  0)
  3277440    942704 414677840  0.005  0.001   12.863   11.539    0    0  (Gen:  0)
  3439184    992240 415245136  0.005  0.001   12.871   11.541    0    0  (Gen:  0)
  2821176    707800 415583864  0.004  0.001   12.877   11.543    0    0  (Gen:  0)
  3205528    693480 415986656  0.003  0.001   12.884   11.545    0    0  (Gen:  0)
  2736232    794824 416439832  0.003  0.001   12.890   11.546    0    0  (Gen:  0)
  2963856    547048 416586384  0.003  0.001   12.894   11.547    0    0  (Gen:  0)
  2999240    462896 416799264  0.003  0.001   12.900   11.549    0    0  (Gen:  0)
  2523600    592280 417201736  0.002  0.001   12.904   11.550    0    0  (Gen:  0)
  3592048    608864 417646976  0.002  0.001   12.909   11.551    0    0  (Gen:  0)
  3618736    612496 417916816  0.005  0.001   12.915   11.553    0    0  (Gen:  0)
  3152912    463296 418162288  0.003  0.001   12.920   11.554    0    0  (Gen:  0)
  3319352    456200 418425816  0.002  0.001   12.926   11.556    0    0  (Gen:  0)
  3118560    721088 418905384  0.004  0.001   12.931   11.558    0    0  (Gen:  0)
  3105488    840584 419304856  0.006  0.001   12.941   11.560    0    0  (Gen:  0)
  2907048    770080 419681264  0.006  0.001   12.947   11.562    0    0  (Gen:  0)
  2203840    319544 419765080  0.003  0.000   12.952   11.563    0    0  (Gen:  0)
  2130360    201296 419938272  0.001  0.000   12.956   11.564    0    0  (Gen:  0)
  3060192    445360 420286696  0.003  0.001   12.961   11.566    0    0  (Gen:  0)
  2896560    562240 420509640  0.003  0.001   12.967   11.567    0    0  (Gen:  0)
  2450688    425448 420708712  0.003  0.001   12.972   11.569    0    0  (Gen:  0)
  2367872    312400 420837864  0.003  0.000   12.976   11.570    0    0  (Gen:  0)
  2810640    270480 420990832  0.004  0.000   12.981   11.571    0    0  (Gen:  0)
  2263512    240952 421088840  0.003  0.000   12.986   11.573    0    0  (Gen:  0)
  2397200    222968 421211664  0.003  0.000   12.991   11.574    0    0  (Gen:  0)
  2891736    511408 421601576  0.004  0.001   12.997   11.575    0    0  (Gen:  0)
  3070064    398144 421874352  0.002  0.000   13.002   11.577    0    0  (Gen:  0)
  2842544    437640 422149288  0.004  0.001   13.007   11.578    0    0  (Gen:  0)
  3147144    714120 422745392  0.003  0.001   13.012   11.580    0    0  (Gen:  0)
  3961304    504848 423068336  0.005  0.001   13.020   11.582    0    0  (Gen:  0)
  2688304    593592 423426616  0.004  0.001   13.026   11.583    0    0  (Gen:  0)
  3551208    653744 423832008  0.004  0.001   13.033   11.585    0    0  (Gen:  0)
  3179720    844144 424294792  0.005  0.001   13.040   11.587    0    0  (Gen:  0)
  2769424    831984 424842192  0.004  0.001   13.047   11.589    0    0  (Gen:  0)
  2582888    630416 425238096  0.004  0.001   13.052   11.590    0    0  (Gen:  0)
  2704336    817024 425689952  0.003  0.001   13.057   11.591    0    0  (Gen:  0)
  1976016    550688 425893296  0.002  0.000   13.061   11.592    0    0  (Gen:  0)
  2433064    477216 426178496  0.002  0.000   13.064   11.593    0    0  (Gen:  0)
  2533040    563680 426479904  0.004  0.001   13.069   11.595    0    0  (Gen:  0)
  2610032    491792 426686192  0.004  0.001   13.073   11.596    0    0  (Gen:  0)
  2724224    366416 426847560  0.003  0.000   13.076   11.597    0    0  (Gen:  0)
  2330528    312128 426986184  0.003  0.000   13.080   11.598    0    0  (Gen:  0)
  2362760    306152 427157288  0.002  0.000   13.083   11.599    0    0  (Gen:  0)
  2364344    472648 427497112  0.004  0.001   13.088   11.600    0    0  (Gen:  0)
  2472528    535352 427850208  0.003  0.001   13.092   11.601    0    0  (Gen:  0)
  2606944    594992 428231480  0.002  0.000   13.096   11.602    0    0  (Gen:  0)
  2584376    717608 428643760  0.004  0.001   13.101   11.603    0    0  (Gen:  0)
  2578632    740584 429031840  0.004  0.001   13.106   11.605    0    0  (Gen:  0)
  2809608    759136 429457456  0.004  0.001   13.111   11.606    0    0  (Gen:  0)
  2443912    566392 429783184  0.002  0.000   13.115   11.607    0    0  (Gen:  0)
  2529056    540176 430042392  0.002  0.000   13.119   11.608    0    0  (Gen:  0)
  2397224    537040 430354480  0.003  0.001   13.124   11.609    0    0  (Gen:  0)
  2971280    603416 430712216  0.003  0.001   13.128   11.611    0    0  (Gen:  0)
  2600872    740576 431093552  0.003  0.001   13.133   11.612    0    0  (Gen:  0)
  2867248    757712 431525992  0.003  0.001   13.137   11.613    0    0  (Gen:  0)
  2860112    713880 431886648  0.002  0.001   13.142   11.614    0    0  (Gen:  0)
  2239216    675744 432244816  0.003  0.001   13.147   11.615    0    0  (Gen:  0)
  3227008    603936 432607000  0.004  0.001   13.152   11.617    0    0  (Gen:  0)
  2911520    531240 432849536  0.003  0.000   13.156   11.618    0    0  (Gen:  0)
  2724016    445560 433074944  0.003  0.000   13.160   11.619    0    0  (Gen:  0)
  2744536    425440 433291424  0.002  0.000   13.164   11.620    0    0  (Gen:  0)
  2657872    443288 433530744  0.003  0.000   13.168   11.621    0    0  (Gen:  0)
  2700752    523568 433838464  0.003  0.001   13.173   11.622    0    0  (Gen:  0)
  2942616    518376 434085312  0.003  0.001   13.177   11.624    0    0  (Gen:  0)
  3096136    571552 434433496  0.003  0.000   13.181   11.625    0    0  (Gen:  0)
  2826096    353800 434604160  0.003  0.000   13.185   11.626    0    0  (Gen:  0)
  2523768    426136 434866536  0.002  0.000   13.189   11.627    0    0  (Gen:  0)
  2754456    577032 435185680  0.002  0.001   13.194   11.628    0    0  (Gen:  0)
  2145456    436920 435382280  0.001  0.000   13.197   11.629    0    0  (Gen:  0)
  2189432    309120 435535688  0.001  0.000   13.201   11.630    0    0  (Gen:  0)
  2145472    297824 435688024  0.001  0.000   13.204   11.631    0    0  (Gen:  0)
  2231064    290120 435837976  0.001  0.000   13.207   11.632    0    0  (Gen:  0)
  2213632    286064 436051920  0.001  0.000   13.210   11.633    0    0  (Gen:  0)
  2318464    293464 436207288  0.001  0.000   13.214   11.634    0    0  (Gen:  0)
  2275112    297576 436361968  0.002  0.000   13.217   11.635    0    0  (Gen:  0)
  2340200    307480 436524624  0.001  0.000   13.220   11.636    0    0  (Gen:  0)
  2328296    282872 436666136  0.001  0.000   13.223   11.637    0    0  (Gen:  0)
  2235528    293456 436825936  0.001  0.000   13.226   11.638    0    0  (Gen:  0)
  2266808    291448 436970168  0.001  0.000   13.229   11.639    0    0  (Gen:  0)
  2298320    294208 437121768  0.001  0.000   13.232   11.640    0    0  (Gen:  0)
  3037312    461824 437436888  0.002  0.000   13.236   11.641    0    0  (Gen:  0)
  2713064    390272 437635504  0.002  0.000   13.240   11.642    0    0  (Gen:  0)
  2830752    395120 437842864  0.004  0.001   13.245   11.644    0    0  (Gen:  0)
  2761064    375808 438033872  0.003  0.000   13.250   11.645    0    0  (Gen:  0)
  2711728    381040 438237552  0.002  0.000   13.254   11.646    0    0  (Gen:  0)
  2581944    409536 438457136  0.002  0.000   13.258   11.647    0    0  (Gen:  0)
  2484400    410664 438659008  0.002  0.001   13.263   11.648    0    0  (Gen:  0)
  2825488    449016 438908456  0.003  0.001   13.267   11.650    0    0  (Gen:  0)
  2895360    635456 439312472  0.003  0.001   13.272   11.651    0    0  (Gen:  0)
  2935080    725240 439694160  0.002  0.001   13.277   11.652    0    0  (Gen:  0)
  2966744    630496 440012656  0.004  0.001   13.283   11.654    0    0  (Gen:  0)
  2873328    699696 440420632  0.004  0.001   13.287   11.655    0    0  (Gen:  0)
  2916896    750120 440823936  0.002  0.001   13.293   11.656    0    0  (Gen:  0)
  2852840    725240 441230488  0.004  0.001   13.298   11.658    0    0  (Gen:  0)
  2633328    793792 441656512  0.003  0.001   13.302   11.659    0    0  (Gen:  0)
  2371056    724968 442036016  0.003  0.001   13.306   11.660    0    0  (Gen:  0)
  2656496    732896 442470616  0.003  0.001   13.310   11.661    0    0  (Gen:  0)
  2567392    746480 442868608  0.004  0.001   13.316   11.662    0    0  (Gen:  0)
  2487448    722848 443305864  0.003  0.001   13.320   11.664    0    0  (Gen:  0)
  2679368    884200 443866848  0.004  0.001   13.325   11.665    0    0  (Gen:  0)
  2910328    796992 444334208  0.004  0.001   13.330   11.667    0    0  (Gen:  0)
  2583264    607216 444657064  0.002  0.001   13.335   11.668    0    0  (Gen:  0)
  2784896    607648 444999968  0.003  0.001   13.340   11.669    0    0  (Gen:  0)
  2787248    636920 445357280  0.004  0.001   13.344   11.670    0    0  (Gen:  0)
  2740752    642760 445692160  0.003  0.001   13.349   11.671    0    0  (Gen:  0)
  2881104    634392 446041776  0.004  0.001   13.354   11.673    0    0  (Gen:  0)
  2748336    628528 446376888  0.004  0.001   13.359   11.674    0    0  (Gen:  0)
  2933360    619720 446711200  0.004  0.001   13.364   11.675    0    0  (Gen:  0)
  2759160    932928 447366280  0.004  0.001   13.369   11.677    0    0  (Gen:  0)
  2245864    535824 447693944  0.002  0.000   13.373   11.678    0    0  (Gen:  0)
  2178328    316160 447844776  0.003  0.000   13.377   11.679    0    0  (Gen:  0)
  2735432    392824 448083504  0.001  0.000   13.380   11.680    0    0  (Gen:  0)
  2944664    649000 448489224  0.004  0.001   13.385   11.681    0    0  (Gen:  0)
  3048200    811720 448908040  0.004  0.001   13.390   11.683    0    0  (Gen:  0)
  2853816    739616 449262360  0.002  0.001   13.397   11.684    0    0  (Gen:  0)
  2987856    737032 449672064  0.004  0.001   13.403   11.686    0    0  (Gen:  0)
  2805144    511144 449986552  0.004  0.000   13.407   11.687    0    0  (Gen:  0)
  2978504    484624 450212224  0.001  0.000   13.411   11.688    0    0  (Gen:  0)
  2986064    671240 450649048  0.003  0.000   13.416   11.689    0    0  (Gen:  0)
  3001840    957032 451161272  0.003  0.001   13.420   11.691    0    0  (Gen:  0)
  3236248    968824 451664904  0.002  0.001   13.426   11.692    0    0  (Gen:  0)
  2752456    867032 452066208  0.004  0.001   13.432   11.694    0    0  (Gen:  0)
  3030912    791952 452486640  0.003  0.001   13.437   11.695    0    0  (Gen:  0)
  3056800    818552 452913192  0.003  0.001   13.442   11.696    0    0  (Gen:  0)
  3208760    773152 453438528  0.004  0.001   13.448   11.698    0    0  (Gen:  0)
  2536648    473328 453431488  0.003  0.000   13.452   11.699    0    0  (Gen:  0)
  2596664    319480 453630440  0.003  0.000   13.456   11.700    0    0  (Gen:  0)
  2699840    343032 453832224  0.001  0.000   13.460   11.701    0    0  (Gen:  0)
  2396368    435336 454102160  0.002  0.000   13.463   11.702    0    0  (Gen:  0)
  2580104    536168 454370720  0.003  0.000   13.468   11.703    0    0  (Gen:  0)
  2366160    453568 454559752  0.003  0.000   13.472   11.705    0    0  (Gen:  0)
  2474224    332936 454707872  0.003  0.000   13.476   11.705    0    0  (Gen:  0)
  2206192    303664 454857600  0.003  0.000   13.480   11.706    0    0  (Gen:  0)
  2274528 351482104 380433200  0.894  0.275   14.377   11.983    0    0  (Gen:  1)
  2610344    341984 380615944  0.003  0.001   14.382   11.984    0    0  (Gen:  0)
  2434648    379856 380803568  0.004  0.000   14.386   11.985    0    0  (Gen:  0)
  2410200    423152 381025344  0.004  0.000   14.391   11.986    0    0  (Gen:  0)
  2211632    427776 381231896  0.004  0.000   14.395   11.988    0    0  (Gen:  0)
  1923536    325040 381371344  0.003  0.000   14.399   11.989    0    0  (Gen:  0)
  2533848    436328 381667936  0.003  0.001   14.404   11.990    0    0  (Gen:  0)
  2438928    505656 381900592  0.003  0.001   14.408   11.991    0    0  (Gen:  0)
  3040104    681104 382367656  0.003  0.000   14.413   11.992    0    0  (Gen:  0)
  3039960    470464 382639440  0.001  0.000   14.417   11.994    0    0  (Gen:  0)
  2079472    576176 382945864  0.001  0.000   14.421   11.995    0    0  (Gen:  0)
  2154656    570200 383208840  0.001  0.000   14.424   11.996    0    0  (Gen:  0)
  2198680    451024 383456256  0.001  0.000   14.428   11.997    0    0  (Gen:  0)
  2685032    561528 383783312  0.003  0.000   14.433   11.999    0    0  (Gen:  0)
  2699272    636408 384103160  0.002  0.000   14.437   12.000    0    0  (Gen:  0)
  3201280    761136 384556824  0.004  0.001   14.442   12.001    0    0  (Gen:  0)
  2854560    673416 384892704  0.004  0.000   14.447   12.002    0    0  (Gen:  0)
  2630408    626152 385238688  0.002  0.000   14.452   12.004    0    0  (Gen:  0)
  2802936    693528 385664992  0.004  0.000   14.457   12.005    0    0  (Gen:  0)
  2636784    649864 385971072  0.004  0.000   14.462   12.006    0    0  (Gen:  0)
  2401976    592992 386270048  0.002  0.000   14.466   12.007    0    0  (Gen:  0)
  2431720    574408 386570832  0.003  0.000   14.471   12.009    0    0  (Gen:  0)
  2656856    654080 386932648  0.003  0.000   14.476   12.010    0    0  (Gen:  0)
  2760432    796112 387398120  0.005  0.001   14.482   12.012    0    0  (Gen:  0)
  3330656    968464 387943056  0.007  0.001   14.490   12.014    0    0  (Gen:  0)
  2615184    940832 388409568  0.005  0.001   14.496   12.016    0    0  (Gen:  0)
  2391344    908864 388902848  0.006  0.001   14.503   12.018    0    0  (Gen:  0)
  2539768    851288 389307320  0.004  0.001   14.511   12.020    0    0  (Gen:  0)
  2711560    789136 389719336  0.005  0.001   14.517   12.022    0    0  (Gen:  0)
  2794256    724568 390072248  0.005  0.001   14.524   12.023    0    0  (Gen:  0)
  2715024    781008 390531264  0.004  0.001   14.529   12.025    0    0  (Gen:  0)
  2477048    890672 390967544  0.003  0.001   14.534   12.026    0    0  (Gen:  0)
  2448712    855560 391412368  0.004  0.001   14.539   12.027    0    0  (Gen:  0)
  2610400    843768 391842568  0.004  0.001   14.544   12.029    0    0  (Gen:  0)
  2963496    885856 392327896  0.004  0.001   14.549   12.030    0    0  (Gen:  0)
  2618008    695176 392717832  0.004  0.001   14.554   12.032    0    0  (Gen:  0)
  1960584    602088 392948688  0.003  0.001   14.558   12.033    0    0  (Gen:  0)
  2475712    579144 393275608  0.004  0.001   14.563   12.034    0    0  (Gen:  0)
  2404032    728000 393676784  0.004  0.001   14.568   12.035    0    0  (Gen:  0)
  2621944    838952 394103944  0.004  0.001   14.572   12.037    0    0  (Gen:  0)
  2462896    786096 394451384  0.004  0.001   14.577   12.038    0    0  (Gen:  0)
  2354072    673224 394780720  0.004  0.001   14.582   12.039    0    0  (Gen:  0)
  2219592    698072 395150776  0.004  0.001   14.587   12.041    0    0  (Gen:  0)
  1719248    643272 395441424  0.004  0.001   14.591   12.042    0    0  (Gen:  0)
  2437256    736064 395884104  0.004  0.001   14.596   12.043    0    0  (Gen:  0)
  2430744    881792 396345936  0.004  0.001   14.601   12.044    0    0  (Gen:  0)
  2529168    878000 396781936  0.003  0.001   14.606   12.046    0    0  (Gen:  0)
  2136776    735304 397124456  0.004  0.001   14.610   12.047    0    0  (Gen:  0)
  2220232    581376 397419904  0.003  0.001   14.615   12.048    0    0  (Gen:  0)
  2191600    688792 397802672  0.003  0.001   14.619   12.050    0    0  (Gen:  0)
  2443992    823808 398240560  0.003  0.001   14.624   12.051    0    0  (Gen:  0)
  2581840    863608 398691952  0.003  0.001   14.629   12.052    0    0  (Gen:  0)
  2577832    798760 399060736  0.004  0.001   14.634   12.054    0    0  (Gen:  0)
  2526696    822896 399519064  0.003  0.001   14.639   12.055    0    0  (Gen:  0)
  2335456    739192 399859304  0.004  0.001   14.644   12.056    0    0  (Gen:  0)
  2218624    683688 400208264  0.004  0.001   14.649   12.058    0    0  (Gen:  0)
  2261312    681392 400548680  0.004  0.001   14.654   12.059    0    0  (Gen:  0)
  2385768    708000 400912800  0.004  0.001   14.660   12.061    0    0  (Gen:  0)
  2564024    721800 401277760  0.005  0.001   14.665   12.062    0    0  (Gen:  0)
  2647432    697848 401672968  0.004  0.001   14.670   12.063    0    0  (Gen:  0)
  2380680    542088 402037664  0.004  0.000   14.675   12.065    0    0  (Gen:  0)
  2692672    613592 402388040  0.004  0.001   14.680   12.066    0    0  (Gen:  0)
  2532224    682840 402872864  0.004  0.001   14.685   12.067    0    0  (Gen:  0)
  2526960    437192 403115264  0.003  0.001   14.690   12.069    0    0  (Gen:  0)
  3472600    331152 403439136  0.001  0.000   14.696   12.070    0    0  (Gen:  0)
  3581320    502560 403675704  0.001  0.001   14.701   12.072    0    0  (Gen:  0)
  3140536    562032 403905448  0.004  0.000   14.707   12.073    0    0  (Gen:  0)
  3385608    685424 404314680  0.005  0.001   14.713   12.075    0    0  (Gen:  0)
  3846232    734648 404643792  0.005  0.001   14.720   12.077    0    0  (Gen:  0)
  3195896    453240 404843888  0.005  0.001   14.727   12.079    0    0  (Gen:  0)
  3173072    392128 405032648  0.003  0.000   14.735   12.081    0    0  (Gen:  0)
  3374432    409312 405272000  0.003  0.000   14.741   12.082    0    0  (Gen:  0)
  3484000    577232 405637240  0.002  0.001   14.748   12.084    0    0  (Gen:  0)
  3402792    523816 405859368  0.005  0.000   14.755   12.086    0    0  (Gen:  0)
  3902952    528184 406168192  0.003  0.001   14.763   12.088    0    0  (Gen:  0)
  1968656    394760 406258296  0.002  0.000   14.769   12.090    0    0  (Gen:  0)
  3035432    231352 406397640  0.003  0.000   14.774   12.091    0    0  (Gen:  0)
  3837896    484368 406736456  0.005  0.001   14.782   12.093    0    0  (Gen:  0)
  2666176    553464 406961544  0.002  0.001   14.787   12.095    0    0  (Gen:  0)
  2143080    425200 407151336  0.002  0.000   14.792   12.096    0    0  (Gen:  0)
  3076560    554224 407500264  0.006  0.001   14.799   12.098    0    0  (Gen:  0)
  3851536    813648 407982552  0.004  0.001   14.806   12.100    0    0  (Gen:  0)
  3286176    816576 408382240  0.005  0.001   14.813   12.101    0    0  (Gen:  0)
  3090168    753560 408759752  0.004  0.001   14.820   12.103    0    0  (Gen:  0)
  2697664    624440 409050944  0.004  0.001   14.826   12.105    0    0  (Gen:  0)
  2387472    530600 409320328  0.005  0.001   14.833   12.107    0    0  (Gen:  0)
  2640808    513552 409570504  0.004  0.001   14.839   12.108    0    0  (Gen:  0)
  2724576    529632 409847736  0.008  0.004   14.848   12.113    0    0  (Gen:  0)
  1856760    448096 410025440  0.002  0.001   14.852   12.115    0    0  (Gen:  0)
  2332760    430768 410263800  0.001  0.001   14.856   12.117    0    0  (Gen:  0)
  2158352    436984 410462984  0.001  0.001   14.861   12.118    0    0  (Gen:  0)
  2522432    483464 410743240  0.002  0.001   14.865   12.120    0    0  (Gen:  0)
  2267472    472336 411000488  0.002  0.001   14.870   12.122    0    0  (Gen:  0)
  2380136    484496 411293768  0.002  0.001   14.874   12.123    0    0  (Gen:  0)
  2382632    517576 411515392  0.002  0.001   14.879   12.125    0    0  (Gen:  0)
  2317120    483352 411771784  0.002  0.001   14.883   12.127    0    0  (Gen:  0)
  2457560    478608 412014880  0.002  0.001   14.888   12.128    0    0  (Gen:  0)
  2138024    520032 412286792  0.002  0.001   14.892   12.130    0    0  (Gen:  0)
  1839080    470080 412483152  0.002  0.001   14.896   12.132    0    0  (Gen:  0)
  2163752    438480 412722792  0.002  0.001   14.900   12.133    0    0  (Gen:  0)
  2349256    507616 412995904  0.002  0.001   14.905   12.135    0    0  (Gen:  0)
  3014896    680808 413425320  0.003  0.001   14.911   12.137    0    0  (Gen:  0)
  3306848    865656 413892032  0.006  0.001   14.918   12.139    0    0  (Gen:  0)
  3215472    930672 414387624  0.004  0.001   14.925   12.141    0    0  (Gen:  0)
  3146656    768576 414708768  0.005  0.001   14.932   12.142    0    0  (Gen:  0)
  2826472    655248 415098776  0.003  0.001   14.938   12.144    0    0  (Gen:  0)
  2587216    609976 415473616  0.002  0.001   14.944   12.145    0    0  (Gen:  0)
  2944616    826320 415934360  0.003  0.001   14.950   12.147    0    0  (Gen:  0)
  2892264    739848 416237760  0.003  0.001   14.957   12.149    0    0  (Gen:  0)
  2146528    586352 416503616  0.002  0.001   14.963   12.151    0    0  (Gen:  0)
  2515288    521720 416760208  0.003  0.001   14.969   12.152    0    0  (Gen:  0)
  2677600    551720 417059248  0.003  0.001   14.975   12.154    0    0  (Gen:  0)
  2653448    649808 417404536  0.005  0.001   14.980   12.156    0    0  (Gen:  0)
  2826264    723072 417779424  0.003  0.001   14.987   12.157    0    0  (Gen:  0)
  2849280    768912 418168080  0.005  0.001   14.993   12.159    0    0  (Gen:  0)
  2483192    715888 418493064  0.004  0.001   14.999   12.160    0    0  (Gen:  0)
  2617576    618640 418778864  0.003  0.001   15.005   12.162    0    0  (Gen:  0)
  2011280    527024 419026680  0.004  0.001   15.010   12.163    0    0  (Gen:  0)
  2492368    512504 419329376  0.005  0.001   15.017   12.165    0    0  (Gen:  0)
  2617056    447912 419522696  0.005  0.001   15.022   12.167    0    0  (Gen:  0)
  2885368    507936 419842000  0.005  0.001   15.029   12.168    0    0  (Gen:  0)
  3193160    596312 420153224  0.003  0.001   15.034   12.170    0    0  (Gen:  0)
  3710312    897768 420713200  0.005  0.001   15.040   12.172    0    0  (Gen:  0)
  3090528   1078768 421301904  0.006  0.001   15.049   12.174    0    0  (Gen:  0)
  3161344   1000784 421767768  0.005  0.001   15.057   12.176    0    0  (Gen:  0)
  3301352    879192 422329792  0.006  0.001   15.064   12.178    0    0  (Gen:  0)
  2947024    717336 422725232  0.003  0.001   15.070   12.180    0    0  (Gen:  0)
  2527240    850488 423210064  0.004  0.001   15.075   12.181    0    0  (Gen:  0)
  3466296    662584 423656520  0.004  0.001   15.080   12.182    0    0  (Gen:  0)
  2814632    619272 423879120  0.003  0.001   15.086   12.184    0    0  (Gen:  0)
  2291512    568432 424243312  0.003  0.001   15.092   12.186    0    0  (Gen:  0)
  2918552    676968 424590136  0.003  0.001   15.098   12.187    0    0  (Gen:  0)
  2208696    565512 424813776  0.003  0.001   15.104   12.189    0    0  (Gen:  0)
  2134168    405976 424996512  0.003  0.001   15.110   12.191    0    0  (Gen:  0)
  2670224    386280 425191320  0.004  0.001   15.115   12.192    0    0  (Gen:  0)
  2644128    445240 425435752  0.002  0.001   15.121   12.194    0    0  (Gen:  0)
  2513824    521312 425728408  0.003  0.001   15.126   12.195    0    0  (Gen:  0)
  2289760    528928 425997608  0.003  0.001   15.132   12.197    0    0  (Gen:  0)
  2585496    527528 426266920  0.004  0.001   15.138   12.199    0    0  (Gen:  0)
  2644872    554744 426563376  0.003  0.001   15.143   12.200    0    0  (Gen:  0)
  2748112    484048 426879672  0.002  0.001   15.148   12.202    0    0  (Gen:  0)
  3311952    722376 427319000  0.004  0.001   15.155   12.204    0    0  (Gen:  0)
  3248328    878448 427762016  0.004  0.001   15.161   12.205    0    0  (Gen:  0)
  3670888    784832 428136448  0.005  0.001   15.168   12.207    0    0  (Gen:  0)
  3499096    735992 428507384  0.005  0.001   15.175   12.209    0    0  (Gen:  0)
  2921984    730952 428863304  0.003  0.001   15.182   12.211    0    0  (Gen:  0)
  3087568    638672 429152496  0.004  0.001   15.188   12.213    0    0  (Gen:  0)
  3221976    577944 429434104  0.003  0.001   15.195   12.214    0    0  (Gen:  0)
  2824640    573720 429718384  0.003  0.001   15.201   12.216    0    0  (Gen:  0)
  2617616    602976 430034472  0.004  0.001   15.207   12.218    0    0  (Gen:  0)
  2783088    609928 430317552  0.003  0.001   15.213   12.219    0    0  (Gen:  0)
  3094184    603744 430640848  0.004  0.001   15.219   12.221    0    0  (Gen:  0)
  2956560    566592 430881680  0.005  0.001   15.225   12.223    0    0  (Gen:  0)
  3457608    458896 431087832  0.003  0.001   15.230   12.224    0    0  (Gen:  0)
  3017448    489960 431354048  0.005  0.001   15.236   12.226    0    0  (Gen:  0)
  3389432    563640 431627240  0.005  0.001   15.242   12.227    0    0  (Gen:  0)
  3125080    509488 431852856  0.004  0.001   15.248   12.229    0    0  (Gen:  0)
  3484040    539032 432139656  0.002  0.001   15.254   12.231    0    0  (Gen:  0)
  3520808    518912 432369384  0.003  0.001   15.259   12.232    0    0  (Gen:  0)
  2806480    472984 432602488  0.004  0.001   15.265   12.234    0    0  (Gen:  0)
  2951224    465776 432830672  0.005  0.001   15.271   12.235    0    0  (Gen:  0)
  3082272    453000 433046456  0.004  0.001   15.276   12.237    0    0  (Gen:  0)
  2908192    538784 433352408  0.004  0.001   15.283   12.238    0    0  (Gen:  0)
  3197968    640408 433757824  0.005  0.001   15.289   12.240    0    0  (Gen:  0)
  2385664    660112 434025728  0.004  0.001   15.293   12.241    0    0  (Gen:  0)
  2503552    522520 434289304  0.003  0.000   15.297   12.242    0    0  (Gen:  0)
  2828408    646648 434675688  0.005  0.001   15.304   12.244    0    0  (Gen:  0)
  2953064    784344 435099136  0.004  0.001   15.310   12.246    0    0  (Gen:  0)
  3062688    786928 435491688  0.006  0.001   15.318   12.248    0    0  (Gen:  0)
  2874600    780144 435902744  0.005  0.001   15.325   12.250    0    0  (Gen:  0)
  2790128    757128 436291080  0.005  0.001   15.332   12.251    0    0  (Gen:  0)
  3382168    781512 436754152  0.004  0.001   15.338   12.253    0    0  (Gen:  0)
  3289712    853640 437189008  0.006  0.001   15.346   12.255    0    0  (Gen:  0)
  2839928    785736 437554080  0.005  0.001   15.352   12.257    0    0  (Gen:  0)
  2740752    733600 437910344  0.004  0.001   15.357   12.258    0    0  (Gen:  0)
  3775448    739688 438271256  0.005  0.001   15.363   12.260    0    0  (Gen:  0)
  3168304    654160 438689368  0.004  0.001   15.368   12.261    0    0  (Gen:  0)
  3314096    689144 439087392  0.004  0.001   15.375   12.263    0    0  (Gen:  0)
  3735968    872616 439682528  0.005  0.001   15.382   12.265    0    0  (Gen:  0)
  3692240   1232464 440376808  0.004  0.001   15.388   12.267    0    0  (Gen:  0)
  3264856   1309448 441045752  0.004  0.001   15.395   12.269    0    0  (Gen:  0)
  3588016   1036608 441615664  0.006  0.001   15.404   12.271    0    0  (Gen:  0)
  3424344   1002312 442084984  0.003  0.001   15.410   12.272    0    0  (Gen:  0)
  3393832    957504 442618080  0.005  0.001   15.416   12.274    0    0  (Gen:  0)
  3142816    905088 443037416  0.003  0.001   15.422   12.276    0    0  (Gen:  0)
  2534960    552112 443361048  0.004  0.001   15.428   12.277    0    0  (Gen:  0)
  2578720    660456 443753216  0.003  0.001   15.434   12.279    0    0  (Gen:  0)
  2490776    644672 444010664  0.005  0.001   15.440   12.280    0    0  (Gen:  0)
  2601440    516720 444266360  0.005  0.001   15.446   12.282    0    0  (Gen:  0)
  2558168    457688 444474448  0.005  0.001   15.451   12.283    0    0  (Gen:  0)
  2438896    527480 444788232  0.005  0.001   15.457   12.285    0    0  (Gen:  0)
  2293504    612544 445083016  0.005  0.001   15.462   12.286    0    0  (Gen:  0)
  2094056    534504 445319968  0.004  0.001   15.468   12.288    0    0  (Gen:  0)
  2725512    548808 445625888  0.005  0.001   15.474   12.289    0    0  (Gen:  0)
  3222080    656216 446006512  0.003  0.001   15.479   12.291    0    0  (Gen:  0)
  3044248    714096 446387520  0.004  0.001   15.485   12.292    0    0  (Gen:  0)
  3063112    566688 446777496  0.002  0.001   15.491   12.294    0    0  (Gen:  0)
  2877240    684536 447128568  0.003  0.001   15.497   12.296    0    0  (Gen:  0)
  2196304    587472 447359912  0.005  0.001   15.503   12.297    0    0  (Gen:  0)
  3119512    638768 447768280  0.005  0.001   15.509   12.299    0    0  (Gen:  0)
  3168328    777216 448155640  0.005  0.001   15.516   12.301    0    0  (Gen:  0)
  2759624    529648 448465552  0.004  0.001   15.522   12.302    0    0  (Gen:  0)
  3173936    759176 448938000  0.004  0.001   15.528   12.304    0    0  (Gen:  0)
  3470696    934128 449438584  0.005  0.001   15.534   12.306    0    0  (Gen:  0)
  2741264    661088 449744880  0.004  0.001   15.540   12.307    0    0  (Gen:  0)
  2965624    765040 450229672  0.005  0.001   15.546   12.309    0    0  (Gen:  0)
  2615920    768728 450542896  0.005  0.001   15.552   12.311    0    0  (Gen:  0)
  2863368    742528 450978008  0.004  0.001   15.557   12.312    0    0  (Gen:  0)
  2604584    600608 451282296  0.002  0.001   15.564   12.314    0    0  (Gen:  0)
  2744456    645136 451649584  0.004  0.001   15.569   12.315    0    0  (Gen:  0)
  2975144    818560 452095744  0.003  0.001   15.576   12.317    0    0  (Gen:  0)
  2465184    634320 452404512  0.005  0.001   15.582   12.318    0    0  (Gen:  0)
  2774568    701720 452798152  0.005  0.001   15.588   12.320    0    0  (Gen:  0)
  3154608    796176 453221288  0.005  0.001   15.594   12.321    0    0  (Gen:  0)
  2957168    814496 453607024  0.005  0.001   15.599   12.323    0    0  (Gen:  0)
  2952656    789888 454009160  0.005  0.001   15.605   12.325    0    0  (Gen:  0)
  3005432    769192 454370328  0.005  0.001   15.611   12.326    0    0  (Gen:  0)
  2623024    696848 454697048  0.005  0.001   15.617   12.328    0    0  (Gen:  0)
  2622952    645320 455004760  0.005  0.001   15.623   12.329    0    0  (Gen:  0)
  3091608    562440 455256656  0.005  0.001   15.629   12.331    0    0  (Gen:  0)
  2603376    496248 455482616  0.003  0.001   15.634   12.332    0    0  (Gen:  0)
  3128640    738672 455979616  0.005  0.001   15.640   12.334    0    0  (Gen:  0)
  3405440    940424 456448048  0.005  0.001   15.646   12.335    0    0  (Gen:  0)
  3239512    639680 456746432  0.003  0.001   15.652   12.337    0    0  (Gen:  0)
  2793456    708568 457150432  0.004  0.001   15.658   12.338    0    0  (Gen:  0)
  2372368    671768 457432504  0.004  0.001   15.664   12.340    0    0  (Gen:  0)
  2505288    547704 457695832  0.005  0.001   15.670   12.342    0    0  (Gen:  0)
  2617680    496560 457927944  0.005  0.001   15.676   12.343    0    0  (Gen:  0)
  2735032    523136 458197104  0.004  0.001   15.682   12.345    0    0  (Gen:  0)
  3079616    583848 458506312  0.005  0.001   15.687   12.346    0    0  (Gen:  0)
  2240744    648592 458834368  0.003  0.001   15.693   12.348    0    0  (Gen:  0)
  2181120    576160 459116584  0.002  0.001   15.697   12.349    0    0  (Gen:  0)
  2576808    638192 459489336  0.004  0.001   15.704   12.351    0    0  (Gen:  0)
  2801120    692344 459838720  0.005  0.001   15.710   12.353    0    0  (Gen:  0)
  3157160    767824 460305400  0.004  0.001   15.716   12.354    0    0  (Gen:  0)
  3296744    633248 460582944  0.002  0.001   15.722   12.356    0    0  (Gen:  0)
  3245816    672792 461048592  0.003  0.001   15.729   12.358    0    0  (Gen:  0)
  2989744    917296 461560680  0.004  0.001   15.735   12.359    0    0  (Gen:  0)
  2320192    754760 461833664  0.004  0.001   15.740   12.361    0    0  (Gen:  0)
  2928528    545928 462106336  0.005  0.001   15.746   12.362    0    0  (Gen:  0)
  2376384    495928 462321576  0.003  0.001   15.752   12.364    0    0  (Gen:  0)
  2317392    463768 462554520  0.003  0.001   15.758   12.366    0    0  (Gen:  0)
  2868720    647472 462949984  0.005  0.001   15.764   12.367    0    0  (Gen:  0)
  3184304    677696 463293768  0.005  0.001   15.770   12.369    0    0  (Gen:  0)
  2946592    692760 463649352  0.003  0.001   15.776   12.370    0    0  (Gen:  0)
  2391352    670336 464011336  0.003  0.001   15.782   12.372    0    0  (Gen:  0)
  3555200    856696 464513528  0.005  0.001   15.788   12.374    0    0  (Gen:  0)
  3694904    931176 464967472  0.005  0.001   15.795   12.375    0    0  (Gen:  0)
  3262880    880880 465380664  0.005  0.001   15.801   12.377    0    0  (Gen:  0)
  3081360    564752 465679696  0.005  0.001   15.807   12.379    0    0  (Gen:  0)
  3503080    692456 466128608  0.004  0.001   15.813   12.380    0    0  (Gen:  0)
  3114600    793512 466502632  0.004  0.001   15.819   12.382    0    0  (Gen:  0)
  2969296    635728 466743904  0.004  0.001   15.826   12.384    0    0  (Gen:  0)
  2444640    480368 467034488  0.003  0.001   15.832   12.385    0    0  (Gen:  0)
  2845448    558992 467359424  0.005  0.001   15.838   12.387    0    0  (Gen:  0)
  2972256    542480 467594856  0.004  0.001   15.843   12.388    0    0  (Gen:  0)
  2805600    538984 467868368  0.005  0.001   15.849   12.390    0    0  (Gen:  0)
  2708512    547856 468126776  0.005  0.001   15.855   12.391    0    0  (Gen:  0)
  3267192    465944 468323776  0.003  0.001   15.862   12.393    0    0  (Gen:  0)
  2730136    425504 468525144  0.003  0.001   15.868   12.395    0    0  (Gen:  0)
  3309496    613880 468942528  0.004  0.001   15.874   12.397    0    0  (Gen:  0)
  3386864    876424 469457344  0.004  0.001   15.879   12.398    0    0  (Gen:  0)
  2750464    938448 469935552  0.004  0.001   15.888   12.401    0    0  (Gen:  0)
  3011584    944272 470497584  0.006  0.001   15.895   12.403    0    0  (Gen:  0)
  3114736    877864 470906672  0.005  0.001   15.902   12.405    0    0  (Gen:  0)
  3167912    694616 471340920  0.003  0.001   15.907   12.406    0    0  (Gen:  0)
  3056304    866744 471836936  0.005  0.001   15.914   12.408    0    0  (Gen:  0)
  2981408    955808 472318520  0.005  0.001   15.920   12.410    0    0  (Gen:  0)
  3036856    907576 472843112  0.004  0.001   15.927   12.412    0    0  (Gen:  0)
  2719496    702992 473125576  0.004  0.001   15.933   12.413    0    0  (Gen:  0)
  2924040    748656 473618312  0.004  0.001   15.938   12.415    0    0  (Gen:  0)
  2977024    668592 474011320  0.004  0.001   15.944   12.416    0    0  (Gen:  0)
  2756400    655384 474271096  0.004  0.001   15.950   12.418    0    0  (Gen:  0)
  3011208    606128 474556104  0.004  0.001   15.955   12.419    0    0  (Gen:  0)
  3124712    754864 475021360  0.005  0.001   15.962   12.421    0    0  (Gen:  0)
  2916008    842648 475401416  0.004  0.001   15.968   12.422    0    0  (Gen:  0)
  3227400    746736 475806440  0.005  0.001   15.974   12.424    0    0  (Gen:  0)
  2456760    716792 476112848  0.004  0.001   15.979   12.425    0    0  (Gen:  0)
  2328208    623864 476412992  0.005  0.001   15.985   12.427    0    0  (Gen:  0)
  2499824    628528 476748576  0.004  0.001   15.990   12.428    0    0  (Gen:  0)
  2380616    473544 477004448  0.003  0.001   15.995   12.430    0    0  (Gen:  0)
  2773768    590360 477350016  0.004  0.001   16.001   12.431    0    0  (Gen:  0)
  3090816    730456 477744448  0.003  0.001   16.007   12.433    0    0  (Gen:  0)
  2867728    662352 478007640  0.005  0.001   16.013   12.434    0    0  (Gen:  0)
  3336664    561280 478353520  0.004  0.001   16.019   12.436    0    0  (Gen:  0)
  2803328    711248 478753344  0.005  0.001   16.025   12.438    0    0  (Gen:  0)
  3431568    879032 479240944  0.004  0.001   16.032   12.439    0    0  (Gen:  0)
  3072352    947584 479696280  0.005  0.001   16.038   12.441    0    0  (Gen:  0)
  2627792    596592 479992904  0.004  0.001   16.043   12.442    0    0  (Gen:  0)
  2465240    631280 480315976  0.003  0.001   16.049   12.444    0    0  (Gen:  0)
  3008560    776192 480759416  0.005  0.001   16.055   12.446    0    0  (Gen:  0)
  3308120    874304 481211048  0.005  0.001   16.061   12.447    0    0  (Gen:  0)
  2514856    681864 481520448  0.004  0.001   16.067   12.449    0    0  (Gen:  0)
  3237568    681984 481934760  0.002  0.001   16.072   12.450    0    0  (Gen:  0)
  3246952    673256 482276136  0.006  0.001   16.079   12.452    0    0  (Gen:  0)
  3066080    714600 482665584  0.005  0.001   16.085   12.454    0    0  (Gen:  0)
  3110760    904664 483163880  0.005  0.001   16.091   12.455    0    0  (Gen:  0)
  3099144    736000 483492008  0.004  0.001   16.097   12.457    0    0  (Gen:  0)
  2202904    498168 483694744  0.003  0.001   16.102   12.458    0    0  (Gen:  0)
  2975648    487408 484021592  0.002  0.001   16.108   12.460    0    0  (Gen:  0)
  1998640    494152 484219856  0.003  0.001   16.112   12.461    0    0  (Gen:  0)
  2213192    474160 484453584  0.002  0.001   16.116   12.463    0    0  (Gen:  0)
  2224576    456952 484692704  0.002  0.001   16.122   12.464    0    0  (Gen:  0)
  2245712    462624 484937208  0.003  0.001   16.126   12.466    0    0  (Gen:  0)
  2232288    500008 485189456  0.003  0.001   16.131   12.467    0    0  (Gen:  0)
  1742864    416856 485342088  0.002  0.001   16.136   12.469    0    0  (Gen:  0)
  2072376    394184 485543608  0.002  0.001   16.141   12.471    0    0  (Gen:  0)
  2150112    456528 485785568  0.001  0.001   16.147   12.473    0    0  (Gen:  0)
  2292880    475856 486059056  0.001  0.000   16.150   12.475    0    0  (Gen:  0)
  2063336    591720 486401712  0.002  0.001   16.155   12.476    0    0  (Gen:  0)
  2276720    548080 486619792  0.002  0.001   16.159   12.478    0    0  (Gen:  0)
  1945936    440496 486842872  0.002  0.001   16.163   12.479    0    0  (Gen:  0)
  2397808    457328 487066656  0.002  0.001   16.168   12.480    0    0  (Gen:  0)
  2394872    473448 487333176  0.003  0.001   16.173   12.482    0    0  (Gen:  0)
  2434048    489312 487560624  0.002  0.001   16.177   12.483    0    0  (Gen:  0)
  2431216    512360 487815304  0.002  0.001   16.181   12.485    0    0  (Gen:  0)
  2755096    574040 488115576  0.003  0.001   16.186   12.486    0    0  (Gen:  0)
  2332320    584336 488390304  0.003  0.001   16.192   12.488    0    0  (Gen:  0)
  2511384    552152 488654864  0.002  0.001   16.196   12.489    0    0  (Gen:  0)
  2756304    558704 488924264  0.002  0.001   16.200   12.491    0    0  (Gen:  0)
  3069232    616120 489235632  0.002  0.001   16.206   12.492    0    0  (Gen:  0)
  2105648    600136 489501144  0.002  0.001   16.210   12.494    0    0  (Gen:  0)
  2686432    550184 489774552  0.002  0.001   16.214   12.495    0    0  (Gen:  0)
  2403160    452672 489944536  0.002  0.001   16.219   12.496    0    0  (Gen:  0)
  2021664    429392 490175040  0.003  0.001   16.223   12.498    0    0  (Gen:  0)
  2408360    492752 490423832  0.002  0.001   16.228   12.499    0    0  (Gen:  0)
  2504488    506616 490666688  0.003  0.001   16.232   12.501    0    0  (Gen:  0)
  2383960    453456 490850992  0.002  0.001   16.237   12.502    0    0  (Gen:  0)
  2309704    480104 491125992  0.002  0.001   16.241   12.503    0    0  (Gen:  0)
  2699568    573664 491427280  0.003  0.001   16.246   12.505    0    0  (Gen:  0)
  2197080    630032 491713328  0.003  0.001   16.251   12.506    0    0  (Gen:  0)
  2143104    555136 492047296  0.003  0.001   16.256   12.508    0    0  (Gen:  0)
  2307936    706328 492466672  0.003  0.001   16.261   12.509    0    0  (Gen:  0)
  2857120    886704 492986344  0.003  0.001   16.266   12.512    0    0  (Gen:  0)
  2357304    885496 493420448  0.004  0.001   16.273   12.513    0    0  (Gen:  0)
  2361352    689640 493718904  0.002  0.001   16.277   12.515    0    0  (Gen:  0)
  2146488    560824 493985712  0.001  0.001   16.281   12.516    0    0  (Gen:  0)
  2452032    653496 494370808  0.002  0.001   16.286   12.518    0    0  (Gen:  0)
  2504336    793016 494811168  0.004  0.001   16.292   12.520    0    0  (Gen:  0)
  2180320    817552 495209432  0.002  0.001   16.297   12.521    0    0  (Gen:  0)
  2237408    776464 495618016  0.003  0.001   16.303   12.523    0    0  (Gen:  0)
  2217176    784632 496017704  0.002  0.001   16.308   12.525    0    0  (Gen:  0)
  2409264    724480 496324264  0.002  0.001   16.313   12.526    0    0  (Gen:  0)
  2334448    684696 496753144  0.002  0.001   16.319   12.528    0    0  (Gen:  0)
  2204912    576120 497030160  0.002  0.001   16.324   12.529    0    0  (Gen:  0)
  2273696    424632 497232792  0.003  0.001   16.328   12.531    0    0  (Gen:  0)
  1404160    380056 497448832  0.003  0.001   16.332   12.532    0    0  (Gen:  0)
  1296240    380200 497636648  0.002  0.001   16.336   12.534    0    0  (Gen:  0)
  1288808    386824 497831536  0.003  0.001   16.340   12.535    0    0  (Gen:  0)
  1273904    377296 498010336  0.003  0.001   16.343   12.537    0    0  (Gen:  0)
  1432136    393336 498248360  0.002  0.001   16.347   12.538    0    0  (Gen:  0)
  1892256    534592 498540144  0.002  0.001   16.351   12.539    0    0  (Gen:  0)
  1577296    566072 498774456  0.002  0.001   16.354   12.541    0    0  (Gen:  0)
  1553584    507440 499037072  0.002  0.001   16.358   12.542    0    0  (Gen:  0)
  1852472    557704 499306480  0.002  0.001   16.362   12.544    0    0  (Gen:  0)
  1803168    561712 499623488  0.002  0.001   16.366   12.545    0    0  (Gen:  0)
  1886792    534976 499873288  0.002  0.001   16.369   12.547    0    0  (Gen:  0)
  1678584    536184 500135816  0.002  0.001   16.373   12.548    0    0  (Gen:  0)
  1497744    478328 500359328  0.002  0.001   16.377   12.549    0    0  (Gen:  0)
  1528992    386600 500516816  0.002  0.001   16.380   12.551    0    0  (Gen:  0)
  1659944    344200 500721096  0.002  0.001   16.384   12.552    0    0  (Gen:  0)
  1669800    349664 500892080  0.002  0.001   16.388   12.554    0    0  (Gen:  0)
  1718608    375552 501119280  0.002  0.001   16.391   12.555    0    0  (Gen:  0)
  1685240    459024 501368440  0.002  0.001   16.395   12.557    0    0  (Gen:  0)
  1414152    462264 501610440  0.002  0.001   16.399   12.558    0    0  (Gen:  0)
  1741760    521872 501911576  0.002  0.001   16.402   12.559    0    0  (Gen:  0)
  2799816    383728 502030816  0.002  0.001   16.405   12.561    0    0  (Gen:  0)
  1850160    492800 502301208  0.002  0.001   16.409   12.562    0    0  (Gen:  0)
  1774584    468136 502512152  0.002  0.001   16.413   12.563    0    0  (Gen:  0)
  1582072    410456 502716584  0.002  0.001   16.416   12.565    0    0  (Gen:  0)
  2082808    559592 503083648  0.002  0.001   16.420   12.566    0    0  (Gen:  0)
  1689272    466672 503235728  0.002  0.001   16.423   12.567    0    0  (Gen:  0)
  2010632    440328 503422120  0.002  0.001   16.427   12.569    0    0  (Gen:  0)
  1760776    476104 503635024  0.002  0.001   16.430   12.570    0    0  (Gen:  0)
  1571640    418576 503840856  0.002  0.001   16.434   12.571    0    0  (Gen:  0)
  1491216    451520 504093688  0.002  0.001   16.438   12.573    0    0  (Gen:  0)
  1319000    337200 504232016  0.002  0.001   16.442   12.574    0    0  (Gen:  0)
  1251064    341144 504421824  0.002  0.001   16.445   12.576    0    0  (Gen:  0)
  1455976    404128 504628456  0.002  0.001   16.449   12.577    0    0  (Gen:  0)
  1566912    338184 504774152  0.002  0.001   16.453   12.579    0    0  (Gen:  0)
  1549376    381160 504993824  0.002  0.001   16.456   12.580    0    0  (Gen:  0)
  1301728    379048 505163416  0.002  0.001   16.460   12.582    0    0  (Gen:  0)
  1426824    351928 505338272  0.002  0.001   16.464   12.583    0    0  (Gen:  0)
  1321280    349600 505503896  0.002  0.001   16.467   12.584    0    0  (Gen:  0)
  1486808    369696 505693384  0.002  0.001   16.471   12.586    0    0  (Gen:  0)
  1364272    356400 505855560  0.002  0.001   16.474   12.587    0    0  (Gen:  0)
  1488336    367624 506048992  0.002  0.001   16.478   12.588    0    0  (Gen:  0)
  1478744    352792 506209792  0.002  0.001   16.482   12.590    0    0  (Gen:  0)
  1385896    342776 506386760  0.002  0.001   16.485   12.591    0    0  (Gen:  0)
  1457152    369872 506574040  0.002  0.001   16.489   12.593    0    0  (Gen:  0)
  1899472    430480 506812656  0.002  0.001   16.493   12.594    0    0  (Gen:  0)
  1983136    434344 506995176  0.002  0.001   16.496   12.595    0    0  (Gen:  0)
  1602328    375744 507108992  0.001  0.000   16.498   12.597    0    0  (Gen:  0)
  1887560    353128 507278864  0.001  0.000   16.501   12.598    0    0  (Gen:  0)
  2002880    374280 507419256  0.002  0.001   16.505   12.599    0    0  (Gen:  0)
  1561816    369656 507607904  0.002  0.001   16.508   12.600    0    0  (Gen:  0)
  2016752    410856 507814344  0.002  0.001   16.512   12.602    0    0  (Gen:  0)
  1840248    394616 507996808  0.002  0.001   16.516   12.603    0    0  (Gen:  0)
  2082224    429136 508224600  0.002  0.001   16.519   12.605    0    0  (Gen:  0)
  1967992    408248 508404528  0.002  0.001   16.523   12.606    0    0  (Gen:  0)
  1729288    397200 508606424  0.002  0.001   16.527   12.607    0    0  (Gen:  0)
  2068104    426152 508812336  0.002  0.001   16.530   12.609    0    0  (Gen:  0)
  1873808    393152 508992872  0.002  0.001   16.535   12.610    0    0  (Gen:  0)
  1528208    438680 509233512  0.002  0.001   16.538   12.611    0    0  (Gen:  0)
  1937632    485064 509518104  0.002  0.001   16.541   12.613    0    0  (Gen:  0)
  1972440    466824 509695536  0.001  0.001   16.544   12.614    0    0  (Gen:  0)
  1581280    397304 509796272  0.001  0.000   16.547   12.615    0    0  (Gen:  0)
  1930384    363864 509958832  0.001  0.000   16.550   12.616    0    0  (Gen:  0)
  2020680    384008 510088744  0.002  0.001   16.554   12.617    0    0  (Gen:  0)
  1563936    390896 510290696  0.002  0.001   16.557   12.619    0    0  (Gen:  0)
  2026616    418264 510495104  0.002  0.001   16.561   12.620    0    0  (Gen:  0)
  1863704    387048 510669816  0.002  0.001   16.565   12.622    0    0  (Gen:  0)
  1984504    446032 510918704  0.002  0.001   16.569   12.623    0    0  (Gen:  0)
  2080840    418080 511082016  0.002  0.001   16.573   12.625    0    0  (Gen:  0)
  1667344    395952 511265048  0.002  0.001   16.576   12.626    0    0  (Gen:  0)
  2077696    422576 511483352  0.002  0.001   16.580   12.627    0    0  (Gen:  0)
  1924648    404952 511666592  0.002  0.001   16.584   12.629    0    0  (Gen:  0)
  1615568    378776 511841944  0.002  0.001   16.587   12.630    0    0  (Gen:  0)
  2046608    507256 512152720  0.002  0.001   16.591   12.631    0    0  (Gen:  0)
  1968848    493648 512328288  0.002  0.001   16.594   12.633    0    0  (Gen:  0)
  1544376    393792 512422112  0.001  0.000   16.597   12.634    0    0  (Gen:  0)
  1920280    355184 512578264  0.001  0.000   16.599   12.635    0    0  (Gen:  0)
  1966640    376168 512701744  0.002  0.001   16.603   12.636    0    0  (Gen:  0)
  1577936    381016 512904000  0.002  0.001   16.607   12.637    0    0  (Gen:  0)
  1992168    420096 513110288  0.002  0.001   16.611   12.639    0    0  (Gen:  0)
  1788624    386256 513315224  0.002  0.001   16.614   12.640    0    0  (Gen:  0)
  1817008    395976 513518536  0.002  0.001   16.618   12.641    0    0  (Gen:  0)
  1801864    378456 513687104  0.001  0.001   16.621   12.643    0    0  (Gen:  0)
  1595424    348456 513862688  0.002  0.001   16.625   12.644    0    0  (Gen:  0)
  1969120    383912 514055152  0.002  0.001   16.628   12.645    0    0  (Gen:  0)
  1823208    414864 514273576  0.002  0.001   16.632   12.646    0    0  (Gen:  0)
  1915432    420824 514471808  0.002  0.001   16.636   12.648    0    0  (Gen:  0)
  1500392    376248 514634944  0.002  0.001   16.639   12.649    0    0  (Gen:  0)
  1845136    513160 514960048  0.002  0.001   16.643   12.651    0    0  (Gen:  0)
  1785016    473656 515238976  0.002  0.001   16.647   12.652    0    0  (Gen:  0)
  1932232    508496 515530696  0.002  0.001   16.651   12.654    0    0  (Gen:  0)
  1708744    566784 515803040  0.002  0.001   16.653   12.655    0    0  (Gen:  0)
  1893328    537072 516071416  0.001  0.001   16.656   12.656    0    0  (Gen:  0)
  1722072    519792 516328120  0.001  0.001   16.659   12.657    0    0  (Gen:  0)
  1776784    472368 516567384  0.001  0.000   16.662   12.658    0    0  (Gen:  0)
  1731912    425032 516749856  0.001  0.000   16.665   12.659    0    0  (Gen:  0)
  1446400    362328 516917536  0.001  0.000   16.667   12.660    0    0  (Gen:  0)
  1747104    410152 517159456  0.001  0.000   16.669   12.661    0    0  (Gen:  0)
  2079952    627328 517540416  0.002  0.001   16.673   12.662    0    0  (Gen:  0)
  2009328    652328 517865808  0.002  0.001   16.677   12.663    0    0  (Gen:  0)
  2493096    683752 518251784  0.002  0.001   16.681   12.665    0    0  (Gen:  0)
  2087920    738560 518644880  0.002  0.001   16.685   12.666    0    0  (Gen:  0)
  2083056    791208 519053304  0.002  0.001   16.690   12.668    0    0  (Gen:  0)
  1997120    749288 519434176  0.002  0.001   16.694   12.669    0    0  (Gen:  0)
  1610256    680112 519722880  0.002  0.001   16.697   12.670    0    0  (Gen:  0)
  2046064    674992 520099144  0.002  0.001   16.701   12.672    0    0  (Gen:  0)
  1687920    710336 520425608  0.001  0.001   16.704   12.673    0    0  (Gen:  0)
  1889664    700464 520792744  0.002  0.001   16.707   12.674    0    0  (Gen:  0)
  1932872    706800 521118536  0.002  0.001   16.710   12.675    0    0  (Gen:  0)
  1645944    662040 521438760  0.001  0.000   16.713   12.676    0    0  (Gen:  0)
  1990240    690432 521804592  0.002  0.001   16.717   12.677    0    0  (Gen:  0)
  1843360    626680 522056056  0.001  0.001   16.720   12.679    0    0  (Gen:  0)
  2047184    645048 522483136  0.002  0.001   16.725   12.680    0    0  (Gen:  0)
  1659592    508136 522738208  0.001  0.001   16.727   12.681    0    0  (Gen:  0)
  1584984    282648 523026848  0.003  0.001   16.731   12.682    0    0  (Gen:  0)
  1913536    369984 523112592  0.002  0.001   16.735   12.684    0    0  (Gen:  0)
  1892384    492480 523498400  0.002  0.001   16.739   12.685    0    0  (Gen:  0)
  2571848    764832 523939656  0.002  0.001   16.743   12.687    0    0  (Gen:  0)
  2729776    706152 524206368  0.002  0.001   16.747   12.688    0    0  (Gen:  0)
  2457528    494392 524481728  0.002  0.001   16.752   12.690    0    0  (Gen:  0)
  1877472    508432 524725848  0.002  0.001   16.757   12.691    0    0  (Gen:  0)
  1635016    459592 524952104  0.002  0.001   16.760   12.692    0    0  (Gen:  0)
  1528872    393328 525131152  0.002  0.001   16.764   12.694    0    0  (Gen:  0)
  1398424    382824 525332448  0.002  0.001   16.767   12.695    0    0  (Gen:  0)
  1561528    388680 525514736  0.002  0.001   16.771   12.697    0    0  (Gen:  0)
  1423824    378272 525704680  0.002  0.001   16.775   12.698    0    0  (Gen:  0)
  1604296    391584 525900360  0.002  0.001   16.779   12.699    0    0  (Gen:  0)
  1559696    338088 526033624  0.002  0.001   16.782   12.701    0    0  (Gen:  0)
  1708168    356272 526215168  0.002  0.001   16.786   12.702    0    0  (Gen:  0)
  1764992    398104 526427000  0.002  0.001   16.790   12.704    0    0  (Gen:  0)
  1627080    398016 526599160  0.002  0.001   16.794   12.705    0    0  (Gen:  0)
  1960256    338824 526754320  0.002  0.001   16.797   12.707    0    0  (Gen:  0)
  1679272    327088 526925448  0.002  0.001   16.801   12.708    0    0  (Gen:  0)
  1887752    350192 527099920  0.002  0.001   16.804   12.709    0    0  (Gen:  0)
  1699488    334904 527255656  0.002  0.001   16.808   12.711    0    0  (Gen:  0)
  1960320    352320 527439752  0.002  0.001   16.812   12.712    0    0  (Gen:  0)
  1889336    338480 527590848  0.002  0.001   16.816   12.714    0    0  (Gen:  0)
  1728160    315312 527742728  0.002  0.001   16.819   12.715    0    0  (Gen:  0)
  1953872    325152 527899864  0.002  0.001   16.823   12.716    0    0  (Gen:  0)
  1632280    344504 528085328  0.002  0.001   16.826   12.717    0    0  (Gen:  0)
  1949120    344344 528239664  0.002  0.001   16.830   12.719    0    0  (Gen:  0)
  1709880    323528 528404656  0.002  0.001   16.834   12.720    0    0  (Gen:  0)
  1932112    349608 528582776  0.002  0.001   16.837   12.722    0    0  (Gen:  0)
  1663784    328848 528735728  0.002  0.001   16.841   12.723    0    0  (Gen:  0)
  1933264    353536 528925360  0.002  0.001   16.845   12.724    0    0  (Gen:  0)
  1551464    355432 529094840  0.002  0.001   16.849   12.726    0    0  (Gen:  0)
  1599408    378240 529291568  0.002  0.001   16.852   12.727    0    0  (Gen:  0)
  1870680    454632 529535832  0.002  0.001   16.856   12.729    0    0  (Gen:  0)
  1580544    471056 529764816  0.002  0.001   16.860   12.730    0    0  (Gen:  0)
  1775248    461040 529992232  0.002  0.001   16.864   12.732    0    0  (Gen:  0)
  1587048    451064 530213824  0.002  0.001   16.867   12.733    0    0  (Gen:  0)
  1787736    468592 530457216  0.002  0.001   16.871   12.734    0    0  (Gen:  0)
  1569872    459512 530675400  0.002  0.001   16.874   12.735    0    0  (Gen:  0)
  1773088    469384 530921656  0.002  0.001   16.878   12.737    0    0  (Gen:  0)
  1576336    449584 531126352  0.002  0.001   16.881   12.738    0    0  (Gen:  0)
  1689352    483816 531395544  0.002  0.001   16.885   12.739    0    0  (Gen:  0)
  1742696    492664 531626096  0.002  0.001   16.889   12.741    0    0  (Gen:  0)
  1593328    456864 531844776  0.002  0.001   16.893   12.742    0    0  (Gen:  0)
  1740552    469224 532083096  0.002  0.001   16.896   12.744    0    0  (Gen:  0)
  1543896    469336 532313808  0.002  0.001   16.900   12.745    0    0  (Gen:  0)
  1736304    465312 532544752  0.002  0.001   16.904   12.746    0    0  (Gen:  0)
  1538104    460480 532773992  0.002  0.001   16.907   12.748    0    0  (Gen:  0)
  1634472    452192 532993608  0.002  0.001   16.911   12.749    0    0  (Gen:  0)
  1487608    400288 533178736  0.002  0.001   16.915   12.750    0    0  (Gen:  0)
  1649720    378984 533370944  0.002  0.001   16.918   12.752    0    0  (Gen:  0)
  1479192    361632 533543336  0.002  0.001   16.922   12.753    0    0  (Gen:  0)
  1824536    348800 533714840  0.002  0.001   16.926   12.755    0    0  (Gen:  0)
  2013128    278880 533836600  0.001  0.001   16.929   12.756    0    0  (Gen:  0)
  1957552    441888 534156144  0.002  0.001   16.933   12.757    0    0  (Gen:  0)
  2021728    668856 534524272  0.003  0.001   16.938   12.759    0    0  (Gen:  0)
  1999544    703648 534901016  0.003  0.001   16.943   12.761    0    0  (Gen:  0)
  1803296    482808 535051720  0.002  0.001   16.947   12.762    0    0  (Gen:  0)
  1736352    440432 535374720  0.002  0.001   16.950   12.764    0    0  (Gen:  0)
  2083448    397128 535672600  0.002  0.001   16.953   12.765    0    0  (Gen:  0)
  1787688    391792 535744336  0.002  0.001   16.957   12.766    0    0  (Gen:  0)
  2957912    564216 536232488  0.001  0.001   16.961   12.768    0    0  (Gen:  0)
  3450560    968520 536779504  0.002  0.001   16.967   12.770    0    0  (Gen:  0)
  2687592    819384 537053168  0.003  0.001   16.974   12.771    0    0  (Gen:  0)
  2286432    522288 537287104  0.003  0.001   16.979   12.773    0    0  (Gen:  0)
  1644200    409336 537475552  0.004  0.001   16.985   12.774    0    0  (Gen:  0)
  2342328    429272 537732232  0.003  0.001   16.990   12.776    0    0  (Gen:  0)
  2717960    568192 538070208  0.003  0.001   16.996   12.777    0    0  (Gen:  0)
  3079832    663584 538424768  0.005  0.001   17.002   12.779    0    0  (Gen:  0)
  3172024    753184 538803624  0.003  0.001   17.008   12.780    0    0  (Gen:  0)
  2913432    822120 539219232  0.004  0.001   17.013   12.782    0    0  (Gen:  0)
  2876936    837096 539625600  0.004  0.001   17.018   12.783    0    0  (Gen:  0)
  2667904    742552 539946480  0.003  0.001   17.025   12.785    0    0  (Gen:  0)
  2747352    620496 540239784  0.004  0.001   17.032   12.786    0    0  (Gen:  0)
  3327024    740832 540669392  0.004  0.001   17.037   12.788    0    0  (Gen:  0)
  3003096    811160 541041144  0.005  0.001   17.044   12.790    0    0  (Gen:  0)
  3016600    698240 541353072  0.004  0.001   17.050   12.792    0    0  (Gen:  0)
  3027824    688416 541716544  0.004  0.001   17.056   12.793    0    0  (Gen:  0)
  3161584    747384 542093600  0.004  0.001   17.062   12.795    0    0  (Gen:  0)
  3274000    730848 542439872  0.003  0.001   17.068   12.796    0    0  (Gen:  0)
  2381688    589936 542682112  0.004  0.001   17.074   12.798    0    0  (Gen:  0)
  2172080    503272 542927976  0.004  0.001   17.079   12.799    0    0  (Gen:  0)
  2706232    498264 543184800  0.004  0.001   17.085   12.801    0    0  (Gen:  0)
  2616824    472032 543407160  0.004  0.001   17.090   12.802    0    0  (Gen:  0)
  2372304    420912 543595400  0.004  0.001   17.095   12.803    0    0  (Gen:  0)
  2470248    429944 543817040  0.005  0.001   17.100   12.805    0    0  (Gen:  0)
  2522248    425168 544024920  0.004  0.001   17.106   12.806    0    0  (Gen:  0)
  2764304    429712 544238296  0.003  0.001   17.111   12.808    0    0  (Gen:  0)
  2672288    428816 544439992  0.004  0.001   17.116   12.809    0    0  (Gen:  0)
  2858192    424296 544648400  0.005  0.001   17.122   12.810    0    0  (Gen:  0)
  3020744    505872 544947736  0.005  0.001   17.127   12.812    0    0  (Gen:  0)
  3828336    872792 545546584  0.005  0.001   17.133   12.814    0    0  (Gen:  0)
  3525448   1194504 546197096  0.007  0.001   17.142   12.816    0    0  (Gen:  0)
  3832344   1216184 546815864  0.006  0.001   17.149   12.818    0    0  (Gen:  0)
  3574552   1088656 547331496  0.005  0.001   17.155   12.819    0    0  (Gen:  0)
  3362872    500272 547610928  0.003  0.001   17.161   12.821    0    0  (Gen:  0)
  2893664    555408 547933872  0.002  0.001   17.166   12.822    0    0  (Gen:  0)
  3512360    831032 548431592  0.003  0.001   17.171   12.824    0    0  (Gen:  0)
  2933248    675160 548621504  0.004  0.001   17.177   12.825    0    0  (Gen:  0)
  2833040    528080 548959168  0.003  0.001   17.183   12.827    0    0  (Gen:  0)
  3965904    808760 549470720  0.003  0.001   17.189   12.828    0    0  (Gen:  0)
  3134624    769256 549938520  0.004  0.001   17.195   12.830    0    0  (Gen:  0)
  3614192   1137680 550640776  0.006  0.001   17.202   12.832    0    0  (Gen:  0)
  3138464   1185440 551177552  0.005  0.002   17.211   12.835    0    0  (Gen:  0)
  3309288    930184 551689416  0.007  0.001   17.220   12.837    0    0  (Gen:  0)
  2504720    806496 552037040  0.005  0.001   17.226   12.839    0    0  (Gen:  0)
  2317176    436552 552289512  0.003  0.001   17.231   12.840    0    0  (Gen:  0)
  2568528    537040 552601872  0.002  0.001   17.237   12.842    0    0  (Gen:  0)
  2711464    691960 552999104  0.005  0.001   17.242   12.843    0    0  (Gen:  0)
  2941152    671872 553296144  0.005  0.001   17.249   12.845    0    0  (Gen:  0)
  2468984    515960 553519504  0.003  0.001   17.254   12.846    0    0  (Gen:  0)
  2349128    480176 553762768  0.004  0.001   17.259   12.848    0    0  (Gen:  0)
  2602232    605240 554120920  0.003  0.001   17.265   12.849    0    0  (Gen:  0)
  3410888    857776 554626400  0.003  0.001   17.270   12.851    0    0  (Gen:  0)
  2753720    628072 554888048  0.002  0.001   17.277   12.852    0    0  (Gen:  0)
  1973040    474768 555117800  0.002  0.001   17.281   12.854    0    0  (Gen:  0)
  2153208    529376 555408480  0.002  0.001   17.286   12.855    0    0  (Gen:  0)
  2383200    627984 555745032  0.002  0.001   17.291   12.857    0    0  (Gen:  0)
  2272656    651840 556063808  0.002  0.001   17.295   12.858    0    0  (Gen:  0)
  2184896    603328 556350088  0.002  0.001   17.299   12.859    0    0  (Gen:  0)
  2417168    607400 556670992  0.002  0.001   17.304   12.861    0    0  (Gen:  0)
  2314488    599536 556953640  0.002  0.001   17.308   12.862    0    0  (Gen:  0)
  2309472    567440 557239656  0.002  0.001   17.312   12.863    0    0  (Gen:  0)
  1949328    520744 557477800  0.002  0.001   17.317   12.865    0    0  (Gen:  0)
  1692000    476536 557698184  0.002  0.001   17.321   12.866    0    0  (Gen:  0)
  1859736    485928 557963448  0.002  0.001   17.325   12.867    0    0  (Gen:  0)
  2378368    512192 558213144  0.002  0.001   17.330   12.869    0    0  (Gen:  0)
  1987584    501136 558462008  0.002  0.001   17.334   12.870    0    0  (Gen:  0)
  1952936    485000 558695504  0.002  0.001   17.338   12.872    0    0  (Gen:  0)
  2127024    415632 558880088  0.002  0.001   17.343   12.873    0    0  (Gen:  0)
  2120664    443000 559129432  0.002  0.001   17.347   12.874    0    0  (Gen:  0)
  2424760    499192 559375456  0.002  0.001   17.352   12.876    0    0  (Gen:  0)
  2218208    489480 559614536  0.002  0.001   17.356   12.877    0    0  (Gen:  0)
  2273304    500840 559861704  0.002  0.001   17.360   12.878    0    0  (Gen:  0)
  2421640    510064 560119800  0.002  0.001   17.364   12.880    0    0  (Gen:  0)
  2075280    515592 560367144  0.002  0.001   17.369   12.881    0    0  (Gen:  0)
  2053960    486000 560610216  0.002  0.001   17.373   12.882    0    0  (Gen:  0)
  2083296    489968 560863920  0.002  0.001   17.377   12.884    0    0  (Gen:  0)
  1862640    511784 561129664  0.002  0.001   17.381   12.885    0    0  (Gen:  0)
  2497168    673064 561547232  0.002  0.001   17.385   12.886    0    0  (Gen:  0)
  2117384    735808 561899536  0.002  0.001   17.390   12.888    0    0  (Gen:  0)
  2514960    765560 562361776  0.002  0.001   17.396   12.890    0    0  (Gen:  0)
  2351944    698264 562659296  0.002  0.001   17.401   12.891    0    0  (Gen:  0)
  2510760    660080 563060976  0.002  0.001   17.406   12.893    0    0  (Gen:  0)
  2586024    479632 563271680  0.002  0.001   17.411   12.894    0    0  (Gen:  0)
  2379488    519488 563593880  0.002  0.001   17.415   12.896    0    0  (Gen:  0)
  2144784    604952 563899048  0.002  0.001   17.420   12.897    0    0  (Gen:  0)
  1867720    476472 564062232  0.002  0.001   17.424   12.898    0    0  (Gen:  0)
  2015088    370984 564261928  0.001  0.001   17.428   12.900    0    0  (Gen:  0)
  2223520    488728 564545752  0.002  0.001   17.433   12.902    0    0  (Gen:  0)
  1992584    372096 564740936  0.002  0.001   17.437   12.903    0    0  (Gen:  0)
  1531536    354184 564910112  0.002  0.001   17.441   12.904    0    0  (Gen:  0)
  1446768    355720 565085416  0.002  0.001   17.445   12.906    0    0  (Gen:  0)
  1486256    326072 565228648  0.002  0.001   17.448   12.907    0    0  (Gen:  0)
  1909824    337088 565410568  0.002  0.001   17.452   12.908    0    0  (Gen:  0)
  1698152    369560 565592528  0.002  0.001   17.455   12.910    0    0  (Gen:  0)
  1725016    371448 565772712  0.002  0.001   17.459   12.911    0    0  (Gen:  0)
  1720128    379392 565959792  0.002  0.001   17.463   12.912    0    0  (Gen:  0)
  1698696    386808 566147656  0.002  0.001   17.466   12.914    0    0  (Gen:  0)
  1964456    377912 566326056  0.002  0.001   17.470   12.915    0    0  (Gen:  0)
  1718688    359360 566499344  0.002  0.001   17.473   12.917    0    0  (Gen:  0)
  1559384    387568 566704800  0.001  0.001   17.476   12.918    0    0  (Gen:  0)
  1424376    366536 566880648  0.002  0.001   17.479   12.920    0    0  (Gen:  0)
  1567256    351208 567057848  0.002  0.001   17.482   12.921    0    0  (Gen:  0)
  1558800    348216 567233664  0.002  0.001   17.486   12.922    0    0  (Gen:  0)
  1588120    350176 567401280  0.002  0.001   17.489   12.924    0    0  (Gen:  0)
  1636064    363784 567614160  0.002  0.001   17.493   12.925    0    0  (Gen:  0)
  1701752    348984 567802456  0.002  0.001   17.496   12.926    0    0  (Gen:  0)
  1260248    325144 567954528  0.002  0.001   17.500   12.928    0    0  (Gen:  0)
  1224088    333712 568134432  0.002  0.001   17.503   12.929    0    0  (Gen:  0)
  1710912    467504 568423072  0.002  0.001   17.507   12.930    0    0  (Gen:  0)
  2019752    598496 568771256  0.002  0.001   17.510   12.932    0    0  (Gen:  0)
  2042944    611272 569121064  0.003  0.001   17.515   12.933    0    0  (Gen:  0)
  1950136    631152 569481832  0.002  0.001   17.519   12.935    0    0  (Gen:  0)
  2071992    707368 569862800  0.002  0.001   17.523   12.936    0    0  (Gen:  0)
  1905576    733968 570228720  0.003  0.001   17.529   12.938    0    0  (Gen:  0)
  1792248    689688 570565688  0.002  0.001   17.532   12.940    0    0  (Gen:  0)
  2030376    635664 570889920  0.002  0.001   17.537   12.941    0    0  (Gen:  0)
  1954608    572056 571200232  0.002  0.001   17.541   12.943    0    0  (Gen:  0)
  2032616    587608 571610712  0.002  0.001   17.545   12.944    0    0  (Gen:  0)
  1765160    397032 571746784  0.002  0.001   17.548   12.946    0    0  (Gen:  0)
  1702472    357360 571999016  0.002  0.001   17.552   12.947    0    0  (Gen:  0)
  2791896    703048 572506448  0.002  0.001   17.556   12.948    0    0  (Gen:  0)
  2752544    867936 572862832  0.002  0.001   17.561   12.950    0    0  (Gen:  0)
  2018864    512904 573066840  0.002  0.001   17.565   12.951    0    0  (Gen:  0)
  2108576    383504 573240592  0.002  0.001   17.570   12.953    0    0  (Gen:  0)
  1844784    378376 573476040  0.002  0.001   17.574   12.954    0    0  (Gen:  0)
  1818560    464392 573731496  0.002  0.001   17.578   12.956    0    0  (Gen:  0)
  2432752    597944 574075552  0.002  0.001   17.583   12.957    0    0  (Gen:  0)
  2195504    448680 574313744  0.002  0.001   17.587   12.958    0    0  (Gen:  0)
  1978832    433184 574514120  0.002  0.001   17.591   12.960    0    0  (Gen:  0)
  1656904    425680 574723832  0.002  0.001   17.594   12.961    0    0  (Gen:  0)
  1565872    451688 574956960  0.002  0.001   17.598   12.962    0    0  (Gen:  0)
  1622240    485184 575199120  0.002  0.001   17.601   12.964    0    0  (Gen:  0)
  1551016    447408 575399096  0.002  0.001   17.605   12.965    0    0  (Gen:  0)
  1670520    439312 575623192  0.002  0.001   17.609   12.967    0    0  (Gen:  0)
  1736856    450440 575841344  0.002  0.001   17.612   12.968    0    0  (Gen:  0)
  2206832    447952 576062272  0.002  0.001   17.616   12.969    0    0  (Gen:  0)
  1691792    458920 576291544  0.002  0.001   17.620   12.971    0    0  (Gen:  0)
  1643752    446432 576502784  0.002  0.001   17.623   12.972    0    0  (Gen:  0)
  1671152    450464 576731752  0.002  0.001   17.627   12.974    0    0  (Gen:  0)
  1333448    417432 576914120  0.002  0.001   17.630   12.975    0    0  (Gen:  0)
  1177616    364616 577090016  0.002  0.001   17.634   12.976    0    0  (Gen:  0)
  1327432    351760 577263536  0.002  0.001   17.637   12.978    0    0  (Gen:  0)
  1463648    345688 577438344  0.002  0.001   17.641   12.979    0    0  (Gen:  0)
  1512696    366496 577627232  0.002  0.001   17.644   12.980    0    0  (Gen:  0)
  1465344    355912 577799776  0.002  0.001   17.648   12.982    0    0  (Gen:  0)
  1485576    366464 577992600  0.002  0.001   17.651   12.983    0    0  (Gen:  0)
  1964336    562920 578365784  0.002  0.001   17.655   12.985    0    0  (Gen:  0)
  1786816    699360 578729304  0.002  0.001   17.658   12.986    0    0  (Gen:  0)
  2036840    618864 579005040  0.002  0.001   17.663   12.987    0    0  (Gen:  0)
  1801448    551368 579327544  0.002  0.001   17.666   12.989    0    0  (Gen:  0)
  1752640    389976 579497544  0.002  0.001   17.670   12.990    0    0  (Gen:  0)
  1584656    437400 579797200  0.002  0.001   17.673   12.992    0    0  (Gen:  0)
  1857648    577984 580098840  0.002  0.001   17.677   12.993    0    0  (Gen:  0)
  1324288    478400 580273376  0.002  0.001   17.681   12.994    0    0  (Gen:  0)
  1435680    391672 580472496  0.002  0.001   17.684   12.996    0    0  (Gen:  0)
  1203536    348600 580658320  0.002  0.001   17.688   12.997    0    0  (Gen:  0)
  1425872    382880 580874296  0.002  0.001   17.692   12.998    0    0  (Gen:  0)
  1591856    393040 581066120  0.002  0.001   17.695   13.000    0    0  (Gen:  0)
  1550984    424352 581289416  0.002  0.001   17.698   13.001    0    0  (Gen:  0)
  1561256    449984 581507040  0.002  0.001   17.702   13.002    0    0  (Gen:  0)
  1564208    437792 581718248  0.002  0.001   17.706   13.004    0    0  (Gen:  0)
  1519928    451072 581978760  0.002  0.001   17.709   13.005    0    0  (Gen:  0)
  1811456    429128 582171240  0.002  0.001   17.713   13.007    0    0  (Gen:  0)
  1308824    369288 582345304  0.002  0.001   17.716   13.008    0    0  (Gen:  0)
  1224320    362856 582523176  0.002  0.001   17.720   13.009    0    0  (Gen:  0)
  1595864    358528 582702424  0.002  0.001   17.724   13.011    0    0  (Gen:  0)
  1800832    369888 582882016  0.002  0.001   17.727   13.012    0    0  (Gen:  0)
  1575680    392536 583087880  0.002  0.001   17.731   13.013    0    0  (Gen:  0)
  2010352    573040 583448544  0.002  0.001   17.734   13.014    0    0  (Gen:  0)
  2035152    681328 583795560  0.002  0.001   17.737   13.016    0    0  (Gen:  0)
  1675152    417296 583990272  0.002  0.001   17.741   13.017    0    0  (Gen:  0)
  1451520    354520 584140232  0.002  0.001   17.745   13.018    0    0  (Gen:  0)
  1042448    322232 584307144  0.002  0.001   17.747   13.020    0    0  (Gen:  0)
  1041264    327288 584460424  0.002  0.001   17.750   13.021    0    0  (Gen:  0)
  1042288    317000 584619232  0.002  0.001   17.753   13.022    0    0  (Gen:  0)
  1041552    338520 584789904  0.002  0.001   17.756   13.023    0    0  (Gen:  0)
  1042848    323688 584939048  0.002  0.001   17.758   13.025    0    0  (Gen:  0)
  1042304    318760 585096200  0.002  0.001   17.761   13.026    0    0  (Gen:  0)
  1043288    314072 585248240  0.002  0.001   17.764   13.027    0    0  (Gen:  0)
  1042360    309480 585397504  0.002  0.001   17.767   13.029    0    0  (Gen:  0)
  1042368    317576 585561440  0.002  0.001   17.770   13.030    0    0  (Gen:  0)
  1041712    328016 585721240  0.002  0.001   17.772   13.031    0    0  (Gen:  0)
  1042664    321384 585878280  0.002  0.001   17.775   13.032    0    0  (Gen:  0)
  1041656    324152 586039464  0.002  0.001   17.778   13.034    0    0  (Gen:  0)
  1042576    319232 586192288  0.002  0.001   17.781   13.035    0    0  (Gen:  0)
  1042672    322624 586355648  0.002  0.001   17.784   13.036    0    0  (Gen:  0)
  1042904    321504 586507808  0.002  0.001   17.787   13.038    0    0  (Gen:  0)
  1041528    328392 586677288  0.002  0.001   17.790   13.039    0    0  (Gen:  0)
  1042560    322960 586824688  0.002  0.001   17.793   13.040    0    0  (Gen:  0)
  1041776    322680 586992536  0.002  0.001   17.795   13.042    0    0  (Gen:  0)
  1042168    324136 587142008  0.002  0.001   17.798   13.043    0    0  (Gen:  0)
  1042016    320336 587305456  0.002  0.001   17.801   13.044    0    0  (Gen:  0)
  1042224    323160 587459664  0.002  0.001   17.804   13.046    0    0  (Gen:  0)
  1041312    323864 587622384  0.002  0.001   17.806   13.047    0    0  (Gen:  0)
  1078256    325952 587813528  0.002  0.001   17.809   13.048    0    0  (Gen:  0)
  1041264    318816 587967384  0.002  0.001   17.812   13.050    0    0  (Gen:  0)
  1042848    323656 588132080  0.002  0.001   17.815   13.051    0    0  (Gen:  0)
  1041752    328016 588290032  0.002  0.001   17.818   13.052    0    0  (Gen:  0)
  1043144    322536 588450752  0.002  0.001   17.820   13.053    0    0  (Gen:  0)
  1041384    316056 588599072  0.002  0.001   17.823   13.055    0    0  (Gen:  0)
  1042352    319112 588764840  0.002  0.001   17.826   13.056    0    0  (Gen:  0)
  1040912    322856 588917432  0.002  0.001   17.828   13.057    0    0  (Gen:  0)
  1042800    321488 589082472  0.002  0.001   17.831   13.058    0    0  (Gen:  0)
  1041544    323344 589236336  0.002  0.001   17.834   13.060    0    0  (Gen:  0)
  1042728    326016 589405992  0.002  0.001   17.837   13.061    0    0  (Gen:  0)
  1076536    338496 589603416  0.002  0.001   17.840   13.062    0    0  (Gen:  0)
  1042752    318528 589752856  0.002  0.001   17.842   13.064    0    0  (Gen:  0)
  1041648    331392 589924856  0.002  0.001   17.845   13.065    0    0  (Gen:  0)
  1043464    323192 590071832  0.002  0.001   17.848   13.066    0    0  (Gen:  0)
  1042760    328936 590240936  0.002  0.001   17.851   13.067    0    0  (Gen:  0)
  1043824    320368 590386800  0.002  0.001   17.853   13.069    0    0  (Gen:  0)
  1041904    321024 590549808  0.002  0.001   17.856   13.070    0    0  (Gen:  0)
  1638584    331240 590713904  0.002  0.001   17.859   13.071    0    0  (Gen:  0)
  1042600    317648 590857320  0.002  0.001   17.862   13.073    0    0  (Gen:  0)
  1042616    313288 591020456  0.002  0.001   17.865   13.074    0    0  (Gen:  0)
  1041640    323656 591173872  0.002  0.001   17.868   13.075    0    0  (Gen:  0)
  1043160    333392 591349816  0.002  0.001   17.870   13.076    0    0  (Gen:  0)
  1042224    335680 591501080  0.002  0.001   17.873   13.078    0    0  (Gen:  0)
  1041704    313856 591655240  0.002  0.001   17.876   13.079    0    0  (Gen:  0)
  1043512    324296 591821200  0.002  0.001   17.879   13.080    0    0  (Gen:  0)
  1041432    345672 591995424  0.002  0.001   17.881   13.081    0    0  (Gen:  0)
  1042664    321696 592139656  0.002  0.001   17.884   13.083    0    0  (Gen:  0)
  1042312    325128 592307296  0.002  0.001   17.887   13.084    0    0  (Gen:  0)
  1042920    334408 592469016  0.002  0.001   17.890   13.085    0    0  (Gen:  0)
  1041392    315120 592610760  0.002  0.001   17.892   13.086    0    0  (Gen:  0)
  1043072    310912 592772616  0.002  0.001   17.895   13.088    0    0  (Gen:  0)
  1042640    329160 592932624  0.002  0.001   17.898   13.089    0    0  (Gen:  0)
  1041472    324648 593092944  0.002  0.001   17.901   13.090    0    0  (Gen:  0)
  1042624    327256 593254064  0.002  0.001   17.903   13.091    0    0  (Gen:  0)
  1076656    350776 593470192  0.002  0.001   17.906   13.093    0    0  (Gen:  0)
  1042624    330264 593612648  0.002  0.001   17.909   13.094    0    0  (Gen:  0)
  1041840    315040 593770440  0.002  0.001   17.912   13.095    0    0  (Gen:  0)
  1042312    324856 593931736  0.002  0.001   17.915   13.097    0    0  (Gen:  0)
  1041672    318264 594078880  0.002  0.001   17.917   13.098    0    0  (Gen:  0)
  1042024    322520 594248104  0.002  0.001   17.920   13.099    0    0  (Gen:  0)
  1042976    336312 594408408  0.002  0.001   17.923   13.100    0    0  (Gen:  0)
  1042192    343944 594584640  0.002  0.001   17.926   13.102    0    0  (Gen:  0)
  1042960    328624 594731944  0.002  0.001   17.928   13.103    0    0  (Gen:  0)
  1041896    315744 594887888  0.002  0.001   17.931   13.104    0    0  (Gen:  0)
  1043088    322864 595048712  0.002  0.001   17.934   13.105    0    0  (Gen:  0)
  1042888    324984 595203328  0.002  0.001   17.936   13.107    0    0  (Gen:  0)
  1041568    319824 595362432  0.002  0.001   17.939   13.108    0    0  (Gen:  0)
  1042080    334544 595532328  0.002  0.001   17.942   13.109    0    0  (Gen:  0)
  1041744    344000 595700368  0.002  0.001   17.945   13.110    0    0  (Gen:  0)
  1043080    331632 595858144  0.002  0.001   17.947   13.111    0    0  (Gen:  0)
  1041960    308080 595993960  0.002  0.001   17.950   13.113    0    0  (Gen:  0)
  1042912    321488 596172768  0.002  0.001   17.953   13.114    0    0  (Gen:  0)
  1041872    340856 596329520  0.002  0.001   17.956   13.115    0    0  (Gen:  0)
  1041224    338568 596502960  0.002  0.001   17.958   13.117    0    0  (Gen:  0)
  1041752    329912 596654784  0.002  0.001   17.961   13.118    0    0  (Gen:  0)
  1040768    305976 596796408  0.002  0.001   17.964   13.119    0    0  (Gen:  0)
  1040952    298496 596939520  0.002  0.001   17.967   13.121    0    0  (Gen:  0)
  1076656    292696 597110592  0.002  0.001   17.970   13.122    0    0  (Gen:  0)
  1041192    282608 597245632  0.002  0.001   17.972   13.123    0    0  (Gen:  0)
  1042560    302392 597406320  0.002  0.001   17.975   13.124    0    0  (Gen:  0)
  1042280    319216 597560688  0.002  0.001   17.978   13.126    0    0  (Gen:  0)
  1041648    334800 597735328  0.002  0.001   17.981   13.127    0    0  (Gen:  0)
  1040808    315304 597871680  0.002  0.001   17.984   13.128    0    0  (Gen:  0)
  1041560    284488 598008120  0.002  0.001   17.986   13.130    0    0  (Gen:  0)
  1042816    297872 598159840  0.002  0.001   17.989   13.131    0    0  (Gen:  0)
  1041864    314272 598315968  0.002  0.001   17.992   13.132    0    0  (Gen:  0)
  1040576    332408 598485656  0.002  0.001   17.995   13.134    0    0  (Gen:  0)
  1041952    311848 598623248  0.002  0.001   17.998   13.135    0    0  (Gen:  0)
  1040664    287600 598761176  0.002  0.001   18.000   13.137    0    0  (Gen:  0)
  1043032    307656 598922656  0.002  0.001   18.003   13.138    0    0  (Gen:  0)
  1042064    346352 599098024  0.002  0.001   18.006   13.139    0    0  (Gen:  0)
  1041272    312120 599229456  0.002  0.001   18.009   13.141    0    0  (Gen:  0)
  1042976    290384 599375008  0.002  0.001   18.012   13.142    0    0  (Gen:  0)
  1042936    310376 599531408  0.002  0.001   18.014   13.143    0    0  (Gen:  0)
  1042416    329592 599697776  0.002  0.001   18.017   13.144    0    0  (Gen:  0)
  1042720    300640 599827728  0.002  0.001   18.020   13.146    0    0  (Gen:  0)
  1042136    301232 599988344  0.002  0.001   18.023   13.147    0    0  (Gen:  0)
  1041328    347264 600168976  0.002  0.001   18.026   13.148    0    0  (Gen:  0)
  1041440    304096 600289136  0.002  0.001   18.028   13.150    0    0  (Gen:  0)
  1041888    293480 600449360  0.002  0.001   18.031   13.151    0    0  (Gen:  0)
  1042728    348880 600631928  0.002  0.001   18.034   13.153    0    0  (Gen:  0)
  1041720    307376 600751776  0.002  0.001   18.037   13.154    0    0  (Gen:  0)
  1042448    292256 600911200  0.002  0.001   18.040   13.155    0    0  (Gen:  0)
  1042104    341600 601087136  0.002  0.001   18.043   13.157    0    0  (Gen:  0)
  1042312    311856 601218816  0.002  0.001   18.046   13.158    0    0  (Gen:  0)
  1042472    300552 601375144  0.002  0.001   18.048   13.159    0    0  (Gen:  0)
  1041616    326816 601538056  0.002  0.001   18.051   13.161    0    0  (Gen:  0)
  1040200    316872 601687192  0.002  0.001   18.054   13.162    0    0  (Gen:  0)
  1041688    310048 601841832  0.002  0.001   18.057   13.163    0    0  (Gen:  0)
  1041672    317448 601996048  0.001  0.001   18.059   13.164    0    0  (Gen:  0)
  1042064    306080 602142992  0.001  0.001   18.061   13.166    0    0  (Gen:  0)
  1042304    308408 602299560  0.002  0.001   18.064   13.167    0    0  (Gen:  0)
  1041888    340896 602476576  0.002  0.001   18.067   13.169    0    0  (Gen:  0)
  1040976    305480 602601584  0.002  0.001   18.070   13.170    0    0  (Gen:  0)
  1042488    298776 602764640  0.002  0.001   18.072   13.171    0    0  (Gen:  0)
  1041744    338920 602934536  0.002  0.001   18.075   13.173    0    0  (Gen:  0)
  1042552    313512 603074464  0.002  0.001   18.078   13.174    0    0  (Gen:  0)
  1041584    312328 603235584  0.002  0.001   18.081   13.175    0    0  (Gen:  0)
  1041688    316872 603384912  0.002  0.001   18.084   13.177    0    0  (Gen:  0)
  1043400    316680 603547000  0.002  0.001   18.087   13.178    0    0  (Gen:  0)
  1621280    337640 603714656  0.002  0.001   18.090   13.179    0    0  (Gen:  0)
  1042280    308272 603849888  0.002  0.001   18.093   13.181    0    0  (Gen:  0)
  1042144    308808 604011416  0.002  0.001   18.095   13.182    0    0  (Gen:  0)
  1041736    320704 604164504  0.002  0.001   18.098   13.183    0    0  (Gen:  0)
  1042496    317552 604325296  0.002  0.001   18.101   13.184    0    0  (Gen:  0)
  1041856    336376 604492712  0.002  0.001   18.104   13.186    0    0  (Gen:  0)
  1042784    312280 604632496  0.002  0.001   18.106   13.187    0    0  (Gen:  0)
  1042152    308240 604788872  0.002  0.001   18.109   13.188    0    0  (Gen:  0)
  1042288    306704 604933344  0.002  0.001   18.112   13.190    0    0  (Gen:  0)
  1042704    318952 605103680  0.002  0.001   18.114   13.191    0    0  (Gen:  0)
  1041048    329384 605257384  0.002  0.001   18.117   13.192    0    0  (Gen:  0)
  1042408    317552 605417032  0.002  0.001   18.120   13.193    0    0  (Gen:  0)
  1041864    338816 605588032  0.002  0.001   18.123   13.195    0    0  (Gen:  0)
  1043480    318872 605730840  0.002  0.001   18.126   13.196    0    0  (Gen:  0)
  1041592    331728 605907328  0.002  0.001   18.129   13.197    0    0  (Gen:  0)
  1041800    315248 606040888  0.002  0.001   18.132   13.199    0    0  (Gen:  0)
  1041960    302192 606196752  0.002  0.001   18.134   13.200    0    0  (Gen:  0)
  1041912    314880 606351088  0.002  0.001   18.137   13.201    0    0  (Gen:  0)
  1042552    318296 606510984  0.002  0.001   18.140   13.203    0    0  (Gen:  0)
  1041480    317832 606660016  0.002  0.001   18.143   13.204    0    0  (Gen:  0)
  1042648    320760 606829432  0.002  0.001   18.145   13.205    0    0  (Gen:  0)
  1041232    323472 606977480  0.002  0.001   18.148   13.207    0    0  (Gen:  0)
  1042336    321760 607146880  0.002  0.001   18.151   13.208    0    0  (Gen:  0)
  1041728    349000 607319496  0.002  0.001   18.154   13.209    0    0  (Gen:  0)
  1042704    307656 607448904  0.002  0.001   18.157   13.210    0    0  (Gen:  0)
  1041904    311752 607617632  0.002  0.001   18.159   13.212    0    0  (Gen:  0)
  1042176    329448 607770272  0.002  0.001   18.162   13.213    0    0  (Gen:  0)
  1042544    314704 607925856  0.002  0.001   18.165   13.214    0    0  (Gen:  0)
  1040784    338800 608099792  0.002  0.001   18.167   13.215    0    0  (Gen:  0)
  1042048    312152 608233152  0.002  0.001   18.170   13.217    0    0  (Gen:  0)
  1043296    304312 608390632  0.002  0.001   18.173   13.218    0    0  (Gen:  0)
  1042008    314352 608541760  0.002  0.001   18.176   13.219    0    0  (Gen:  0)
  1042624    323624 608709288  0.002  0.001   18.178   13.220    0    0  (Gen:  0)
  1040984    333464 608867832  0.002  0.001   18.181   13.222    0    0  (Gen:  0)
  1042424    317440 609021760  0.002  0.001   18.184   13.223    0    0  (Gen:  0)
  1041272    334216 609191624  0.002  0.001   18.187   13.225    0    0  (Gen:  0)
  1042088    314112 609330784  0.002  0.001   18.190   13.226    0    0  (Gen:  0)
  1042880    306032 609484552  0.002  0.001   18.193   13.227    0    0  (Gen:  0)
  1042224    314440 609640680  0.002  0.001   18.196   13.229    0    0  (Gen:  0)
  1041840    325176 609806384  0.002  0.001   18.198   13.230    0    0  (Gen:  0)
  1042576    311192 609944296  0.002  0.001   18.201   13.231    0    0  (Gen:  0)
  1042544    311136 610111472  0.002  0.001   18.204   13.232    0    0  (Gen:  0)
  1042008    334800 610273912  0.002  0.001   18.207   13.234    0    0  (Gen:  0)
  1042672    330136 610438544  0.002  0.001   18.210   13.235    0    0  (Gen:  0)
  1040992    330144 610594816  0.002  0.001   18.213   13.236    0    0  (Gen:  0)
  1042632    313032 610746424  0.002  0.001   18.215   13.238    0    0  (Gen:  0)
  1041232    329176 610913480  0.002  0.001   18.218   13.239    0    0  (Gen:  0)
  1041952    323048 611065040  0.002  0.001   18.221   13.240    0    0  (Gen:  0)
  1041328    334912 611236672  0.002  0.001   18.224   13.242    0    0  (Gen:  0)
  1043008    319416 611378472  0.002  0.001   18.227   13.243    0    0  (Gen:  0)
  1041288    331640 611554672  0.002  0.001   18.230   13.244    0    0  (Gen:  0)
  1042600    316384 611690288  0.002  0.001   18.232   13.245    0    0  (Gen:  0)
  1041400    329208 611869680  0.002  0.001   18.235   13.247    0    0  (Gen:  0)
  1042968    319072 612005184  0.002  0.001   18.238   13.248    0    0  (Gen:  0)
  1042616    324776 612180128  0.002  0.001   18.241   13.249    0    0  (Gen:  0)
  1043024    324952 612325608  0.002  0.001   18.244   13.251    0    0  (Gen:  0)
  1042240    329616 612498536  0.002  0.001   18.246   13.252    0    0  (Gen:  0)
  1042608    319560 612639936  0.002  0.001   18.249   13.253    0    0  (Gen:  0)
  1042296    332264 612818696  0.002  0.001   18.252   13.255    0    0  (Gen:  0)
  1043328    322952 612958032  0.002  0.001   18.255   13.256    0    0  (Gen:  0)
  1041496    331504 613135584  0.002  0.001   18.257   13.257    0    0  (Gen:  0)
  1042672    321704 613275096  0.002  0.001   18.260   13.258    0    0  (Gen:  0)
  1042408    325616 613446768  0.002  0.001   18.263   13.260    0    0  (Gen:  0)
  1043216    325056 613595544  0.002  0.001   18.266   13.261    0    0  (Gen:  0)
  1042240    321880 613755624  0.002  0.001   18.268   13.262    0    0  (Gen:  0)
  1043048    314936 613904240  0.002  0.001   18.271   13.263    0    0  (Gen:  0)
  1041424    334080 614078880  0.002  0.001   18.274   13.265    0    0  (Gen:  0)
  1042368    325512 614225680  0.002  0.001   18.277   13.266    0    0  (Gen:  0)
  1040552    328872 614395120  0.002  0.001   18.279   13.267    0    0  (Gen:  0)
  1042952    321888 614542688  0.002  0.001   18.282   13.269    0    0  (Gen:  0)
  1041608    329384 614712616  0.002  0.001   18.285   13.270    0    0  (Gen:  0)
  1043536    321632 614859656  0.002  0.001   18.288   13.271    0    0  (Gen:  0)
  1041688    324184 615024936  0.002  0.001   18.291   13.272    0    0  (Gen:  0)
  1042568    325216 615180760  0.002  0.001   18.293   13.274    0    0  (Gen:  0)
  1040808    319976 615333960  0.002  0.001   18.296   13.275    0    0  (Gen:  0)
  1042720    321224 615497840  0.002  0.001   18.299   13.276    0    0  (Gen:  0)
  1041200    324416 615649432  0.002  0.001   18.302   13.278    0    0  (Gen:  0)
  1042592    320328 615812544  0.002  0.001   18.305   13.279    0    0  (Gen:  0)
  1622320    317120 615958336  0.002  0.001   18.308   13.280    0    0  (Gen:  0)
  1042968    324728 616132800  0.002  0.001   18.311   13.282    0    0  (Gen:  0)
  1042712    332856 616286136  0.002  0.001   18.314   13.283    0    0  (Gen:  0)
  1041496    319016 616447368  0.002  0.001   18.316   13.284    0    0  (Gen:  0)
  1042192    327664 616607096  0.002  0.001   18.319   13.285    0    0  (Gen:  0)
  1042184    329144 616769960  0.002  0.001   18.322   13.287    0    0  (Gen:  0)
  1042056    326912 616929576  0.002  0.001   18.325   13.288    0    0  (Gen:  0)
  1041072    336608 617099016  0.002  0.001   18.328   13.289    0    0  (Gen:  0)
  1042736    319128 617243528  0.002  0.001   18.331   13.291    0    0  (Gen:  0)
  1041504    315432 617401496  0.002  0.001   18.334   13.292    0    0  (Gen:  0)
  1043024    325344 617564448  0.002  0.001   18.336   13.293    0    0  (Gen:  0)
  1041928    320840 617713256  0.002  0.001   18.339   13.295    0    0  (Gen:  0)
  1042536    317344 617876408  0.002  0.001   18.342   13.296    0    0  (Gen:  0)
  1042168    331088 618037584  0.002  0.001   18.345   13.297    0    0  (Gen:  0)
  1042856    324840 618198552  0.002  0.001   18.347   13.298    0    0  (Gen:  0)
  1042496    326680 618358488  0.002  0.001   18.350   13.300    0    0  (Gen:  0)
  1040720    343640 618535680  0.002  0.001   18.353   13.301    0    0  (Gen:  0)
  1042488    324840 618678808  0.002  0.001   18.356   13.302    0    0  (Gen:  0)
  1041600    319584 618841272  0.002  0.001   18.358   13.304    0    0  (Gen:  0)
  1042264    329456 619002976  0.002  0.001   18.361   13.305    0    0  (Gen:  0)
  1041536    310840 619141824  0.002  0.001   18.364   13.306    0    0  (Gen:  0)
  1042600    325736 619322816  0.002  0.001   18.366   13.307    0    0  (Gen:  0)
  1042160    339440 619477848  0.002  0.001   18.369   13.309    0    0  (Gen:  0)
  1042424    338400 619653792  0.002  0.001   18.372   13.310    0    0  (Gen:  0)
  1043040    327720 619800136  0.002  0.001   18.375   13.311    0    0  (Gen:  0)
  1041832    321488 619962104  0.002  0.001   18.378   13.312    0    0  (Gen:  0)
  1042608    329424 620123056  0.002  0.001   18.381   13.314    0    0  (Gen:  0)
  1042264    315752 620266928  0.002  0.001   18.384   13.315    0    0  (Gen:  0)
  1042592    324656 620441224  0.002  0.001   18.386   13.316    0    0  (Gen:  0)
  1041728    339704 620597920  0.002  0.001   18.389   13.318    0    0  (Gen:  0)
  1040992    338696 620771712  0.002  0.001   18.392   13.319    0    0  (Gen:  0)
  1042872    319976 620912592  0.002  0.001   18.395   13.320    0    0  (Gen:  0)
  1041552    312824 621070880  0.002  0.001   18.398   13.322    0    0  (Gen:  0)
  1043408    323144 621231592  0.002  0.001   18.400   13.323    0    0  (Gen:  0)
  1043368    333216 621396560  0.002  0.001   18.403   13.324    0    0  (Gen:  0)
  1041440    330320 621557512  0.002  0.001   18.406   13.325    0    0  (Gen:  0)
  1042696    326456 621717880  0.002  0.001   18.409   13.327    0    0  (Gen:  0)
  1041136    323080 621873256  0.002  0.001   18.411   13.328    0    0  (Gen:  0)
  1042496    320640 622033824  0.001  0.001   18.413   13.330    0    0  (Gen:  0)
  1042224    342896 622207448  0.002  0.001   18.416   13.331    0    0  (Gen:  0)
  1042992    332000 622361504  0.002  0.001   18.419   13.332    0    0  (Gen:  0)
  1041712    329160 622522752  0.002  0.001   18.422   13.334    0    0  (Gen:  0)
  1042384    307968 622663184  0.002  0.001   18.424   13.335    0    0  (Gen:  0)
  1042048    310720 622822240  0.002  0.001   18.427   13.336    0    0  (Gen:  0)
  1041712    316352 622974168  0.002  0.001   18.430   13.338    0    0  (Gen:  0)
  1042096    325616 623142872  0.002  0.001   18.433   13.339    0    0  (Gen:  0)
  1041392    312016 623277864  0.002  0.001   18.436   13.340    0    0  (Gen:  0)
  1043312    323608 623459960  0.002  0.001   18.438   13.341    0    0  (Gen:  0)
  1041232    327600 623601912  0.002  0.001   18.441   13.343    0    0  (Gen:  0)
  1043360    327360 623779904  0.002  0.001   18.444   13.344    0    0  (Gen:  0)
  1041736    325096 623920720  0.002  0.001   18.447   13.345    0    0  (Gen:  0)
  1043024    313816 624088576  0.002  0.001   18.450   13.346    0    0  (Gen:  0)
  1040592    322648 624236624  0.002  0.001   18.452   13.348    0    0  (Gen:  0)
  1042656    319864 624406184  0.002  0.001   18.455   13.349    0    0  (Gen:  0)
  1041424    327504 624557576  0.002  0.001   18.458   13.351    0    0  (Gen:  0)
  1043384    316856 624720120  0.002  0.001   18.460   13.352    0    0  (Gen:  0)
  1041896    322192 624872640  0.002  0.001   18.463   13.353    0    0  (Gen:  0)
  1043040    327552 625046848  0.002  0.001   18.466   13.354    0    0  (Gen:  0)
  1040424    318968 625185080  0.002  0.001   18.469   13.356    0    0  (Gen:  0)
  1043008    323944 625366600  0.002  0.001   18.471   13.357    0    0  (Gen:  0)
  1041784    327200 625507088  0.002  0.001   18.474   13.359    0    0  (Gen:  0)
  1042744    328232 625688712  0.002  0.001   18.476   13.360    0    0  (Gen:  0)
  1041776    319872 625821384  0.002  0.001   18.479   13.361    0    0  (Gen:  0)
  1042872    320424 626002736  0.002  0.001   18.482   13.362    0    0  (Gen:  0)
  1042264    330072 626147120  0.002  0.001   18.485   13.364    0    0  (Gen:  0)
  1041928    318096 626314200  0.002  0.001   18.487   13.365    0    0  (Gen:  0)
  1042912    329216 626469432  0.002  0.001   18.490   13.366    0    0  (Gen:  0)
  1041288    321544 626628560  0.002  0.001   18.492   13.368    0    0  (Gen:  0)
  1042528    327192 626791216  0.002  0.001   18.495   13.369    0    0  (Gen:  0)
  1042592    332776 626955128  0.002  0.001   18.497   13.370    0    0  (Gen:  0)
  1043096    320168 627106696  0.002  0.001   18.500   13.371    0    0  (Gen:  0)
  1042288    334320 627280272  0.002  0.001   18.503   13.373    0    0  (Gen:  0)
  1043032    334456 627437504  0.002  0.001   18.506   13.374    0    0  (Gen:  0)
  1041080    325952 627592776  0.002  0.001   18.509   13.376    0    0  (Gen:  0)
  1042664    320056 627749360  0.002  0.001   18.511   13.377    0    0  (Gen:  0)
  1042128    317448 627898504  0.002  0.001   18.514   13.378    0    0  (Gen:  0)
  1042600    319672 628063672  0.002  0.001   18.517   13.379    0    0  (Gen:  0)
  1041584    322720 628213728  0.002  0.001   18.519   13.381    0    0  (Gen:  0)
  1042224    323928 628384576  0.002  0.001   18.522   13.382    0    0  (Gen:  0)
  1042064    333608 628538120  0.002  0.001   18.525   13.383    0    0  (Gen:  0)
  1621968    319568 628696232  0.002  0.001   18.528   13.385    0    0  (Gen:  0)
  1042760    327544 628859712  0.002  0.001   18.530   13.386    0    0  (Gen:  0)
  1041200    339888 629030832  0.002  0.001   18.533   13.387    0    0  (Gen:  0)
  1042816    330864 629186720  0.002  0.001   18.535   13.389    0    0  (Gen:  0)
  1041696    312304 629330320  0.002  0.001   18.538   13.390    0    0  (Gen:  0)
  1042600    329520 629509504  0.002  0.001   18.540   13.391    0    0  (Gen:  0)
  1041672    322480 629645960  0.001  0.001   18.543   13.393    0    0  (Gen:  0)
  1043072    324528 629827584  0.002  0.001   18.545   13.394    0    0  (Gen:  0)
  1041736    335712 629976816  0.002  0.001   18.548   13.395    0    0  (Gen:  0)
  1041344    317016 630136872  0.002  0.001   18.551   13.397    0    0  (Gen:  0)
  1042872    331184 630302584  0.002  0.001   18.553   13.398    0    0  (Gen:  0)
  1041200    348344 630478776  0.002  0.001   18.556   13.399    0    0  (Gen:  0)
  1042696    320848 630618448  0.002  0.001   18.559   13.400    0    0  (Gen:  0)
  1041536    319888 630784552  0.001  0.001   18.561   13.402    0    0  (Gen:  0)
  1042952    324128 630939312  0.002  0.001   18.564   13.403    0    0  (Gen:  0)
  1041184    311496 631084632  0.002  0.001   18.566   13.405    0    0  (Gen:  0)
  1042728    331456 631266168  0.002  0.001   18.569   13.406    0    0  (Gen:  0)
  1042584    335824 631414992  0.002  0.001   18.572   13.407    0    0  (Gen:  0)
  1041688    316296 631574176  0.001  0.001   18.574   13.409    0    0  (Gen:  0)
  1042464    328584 631737832  0.002  0.001   18.577   13.410    0    0  (Gen:  0)
  1042176    342344 631910064  0.002  0.001   18.579   13.411    0    0  (Gen:  0)
  1042760    330616 632064336  0.002  0.001   18.582   13.413    0    0  (Gen:  0)
  1041952    310368 632207152  0.002  0.001   18.585   13.414    0    0  (Gen:  0)
  1043240    331080 632388768  0.002  0.001   18.587   13.415    0    0  (Gen:  0)
  1042800    334488 632535184  0.002  0.001   18.590   13.417    0    0  (Gen:  0)
  1041840    312240 632691800  0.002  0.001   18.593   13.418    0    0  (Gen:  0)
  1043088    328760 632858320  0.002  0.001   18.596   13.419    0    0  (Gen:  0)
  1041688    338576 633024200  0.002  0.001   18.599   13.421    0    0  (Gen:  0)
  1043344    322840 633178128  0.002  0.001   18.602   13.422    0    0  (Gen:  0)
  1041656    315800 633328424  0.002  0.001   18.604   13.423    0    0  (Gen:  0)
  1042368    326400 633499808  0.002  0.001   18.607   13.424    0    0  (Gen:  0)
  1042064    339840 633659424  0.002  0.001   18.610   13.425    0    0  (Gen:  0)
  1041688    347208 633838752  0.002  0.001   18.613   13.427    0    0  (Gen:  0)
  1043160    336744 633991496  0.002  0.001   18.616   13.428    0    0  (Gen:  0)
  1042168    309928 634133256  0.002  0.001   18.618   13.429    0    0  (Gen:  0)
  1042632    330432 634314664  0.002  0.001   18.621   13.431    0    0  (Gen:  0)
  1043024    334416 634460664  0.002  0.001   18.624   13.432    0    0  (Gen:  0)
  1041624    316840 634621240  0.002  0.001   18.627   13.433    0    0  (Gen:  0)
  1042584    323632 634779664  0.002  0.001   18.629   13.434    0    0  (Gen:  0)
  1042296    328264 634941432  0.002  0.001   18.632   13.436    0    0  (Gen:  0)
  1042656    327424 635103224  0.002  0.001   18.635   13.437    0    0  (Gen:  0)
  1042464    330968 635263608  0.002  0.001   18.638   13.438    0    0  (Gen:  0)
  1042344    316704 635415632  0.002  0.001   18.640   13.440    0    0  (Gen:  0)
  1042416    327784 635586000  0.002  0.001   18.643   13.441    0    0  (Gen:  0)
  1041872    330288 635740256  0.002  0.001   18.646   13.442    0    0  (Gen:  0)
  1042792    335464 635917120  0.002  0.001   18.649   13.443    0    0  (Gen:  0)
  1042464    334432 636066848  0.002  0.001   18.651   13.445    0    0  (Gen:  0)
  1042256    315440 636223696  0.002  0.001   18.654   13.446    0    0  (Gen:  0)
  1042928    326424 636387984  0.002  0.001   18.657   13.447    0    0  (Gen:  0)
  1041152    324776 636542160  0.002  0.001   18.660   13.449    0    0  (Gen:  0)
  1042880    339272 636723656  0.002  0.001   18.663   13.450    0    0  (Gen:  0)
  1042432    337544 636872896  0.002  0.001   18.666   13.451    0    0  (Gen:  0)
  1041760    333272 637046920  0.002  0.001   18.668   13.452    0    0  (Gen:  0)
  1042624    332248 637199320  0.002  0.001   18.671   13.454    0    0  (Gen:  0)
  1041528    309424 637342200  0.002  0.001   18.674   13.455    0    0  (Gen:  0)
  1042128    326248 637518768  0.002  0.001   18.677   13.456    0    0  (Gen:  0)
  1042416    343464 637677472  0.002  0.001   18.680   13.457    0    0  (Gen:  0)
  1042104    329496 637839808  0.002  0.001   18.683   13.459    0    0  (Gen:  0)
  1042376    318904 637991432  0.002  0.001   18.685   13.460    0    0  (Gen:  0)
  1042712    326600 638155624  0.002  0.001   18.688   13.461    0    0  (Gen:  0)
  1042200    341296 638328408  0.002  0.001   18.691   13.463    0    0  (Gen:  0)
  1042416    334344 638485232  0.002  0.001   18.693   13.464    0    0  (Gen:  0)
  1041776    329232 638646192  0.002  0.001   18.696   13.465    0    0  (Gen:  0)
  1043104    316936 638796312  0.002  0.001   18.699   13.466    0    0  (Gen:  0)
  1041760    309152 638943432  0.002  0.001   18.702   13.468    0    0  (Gen:  0)
  1042256    333288 639126096  0.002  0.001   18.704   13.469    0    0  (Gen:  0)
  1043144    343416 639283152  0.002  0.001   18.707   13.470    0    0  (Gen:  0)
  1040936    344312 639461928  0.002  0.001   18.710   13.471    0    0  (Gen:  0)
  1043424    334480 639612792  0.002  0.001   18.713   13.473    0    0  (Gen:  0)
  1041120    308920 639755808  0.002  0.001   18.716   13.474    0    0  (Gen:  0)
  1042928    331840 639937456  0.002  0.001   18.718   13.475    0    0  (Gen:  0)
  1042440    337088 640086200  0.002  0.001   18.721   13.477    0    0  (Gen:  0)
  1041536    330264 640257776  0.002  0.001   18.724   13.478    0    0  (Gen:  0)
  1042720    334464 640417080  0.002  0.001   18.727   13.479    0    0  (Gen:  0)
  1041680    318544 640563984  0.002  0.001   18.730   13.481    0    0  (Gen:  0)
  1043224    336912 640745624  0.002  0.001   18.732   13.482    0    0  (Gen:  0)
  1042448    332744 640888976  0.002  0.001   18.735   13.483    0    0  (Gen:  0)
  1040992    317992 641052552  0.002  0.001   18.738   13.484    0    0  (Gen:  0)
  1623304    333928 641218672  0.002  0.001   18.741   13.486    0    0  (Gen:  0)
  1042376    318928 641362632  0.002  0.001   18.744   13.487    0    0  (Gen:  0)
  1042800    331792 641544384  0.002  0.001   18.747   13.488    0    0  (Gen:  0)
  1043288    344192 641700208  0.002  0.001   18.749   13.490    0    0  (Gen:  0)
  1041264    339952 641874528  0.002  0.001   18.752   13.491    0    0  (Gen:  0)
  1042672    330224 642024112  0.002  0.001   18.755   13.492    0    0  (Gen:  0)
  1041176    302184 642161368  0.002  0.001   18.758   13.494    0    0  (Gen:  0)
  1042944    325416 642342912  0.002  0.001   18.761   13.495    0    0  (Gen:  0)
  1042872    341592 642498288  0.002  0.001   18.764   13.496    0    0  (Gen:  0)
  1040008    330000 642664968  0.002  0.001   18.766   13.498    0    0  (Gen:  0)
  1043120    320320 642814680  0.002  0.001   18.769   13.499    0    0  (Gen:  0)
  1042224    322328 642975792  0.002  0.001   18.772   13.500    0    0  (Gen:  0)
  1042320    330784 643140928  0.002  0.001   18.775   13.501    0    0  (Gen:  0)
  1042456    335656 643307104  0.002  0.001   18.777   13.502    0    0  (Gen:  0)
  1041560    329168 643462400  0.002  0.001   18.780   13.504    0    0  (Gen:  0)
  1043176    341704 643643992  0.002  0.001   18.783   13.505    0    0  (Gen:  0)
  1042664    334368 643788352  0.002  0.001   18.786   13.506    0    0  (Gen:  0)
  1041472    332632 643965064  0.002  0.001   18.788   13.508    0    0  (Gen:  0)
  1042712    329808 644113936  0.002  0.001   18.791   13.509    0    0  (Gen:  0)
  1042240    311344 644261808  0.002  0.001   18.794   13.510    0    0  (Gen:  0)
  1042640    327232 644434776  0.002  0.001   18.796   13.511    0    0  (Gen:  0)
  1042880    347512 644601128  0.002  0.001   18.799   13.512    0    0  (Gen:  0)
  1041464    327088 644753176  0.002  0.001   18.802   13.514    0    0  (Gen:  0)
  1043056    339656 644934680  0.002  0.001   18.805   13.515    0    0  (Gen:  0)
  1042704    333584 645078168  0.002  0.001   18.808   13.516    0    0  (Gen:  0)
  1041168    329264 645252008  0.002  0.001   18.810   13.518    0    0  (Gen:  0)
  1043616    326328 645400400  0.002  0.001   18.813   13.519    0    0  (Gen:  0)
  1043344    318560 645556760  0.002  0.001   18.816   13.520    0    0  (Gen:  0)
  1041808    326104 645720360  0.002  0.001   18.819   13.521    0    0  (Gen:  0)
  1042400    334760 645885576  0.002  0.001   18.821   13.523    0    0  (Gen:  0)
  1042256    322496 646035384  0.002  0.001   18.824   13.524    0    0  (Gen:  0)
  1043168    335808 646217120  0.002  0.001   18.827   13.525    0    0  (Gen:  0)
  1042392    339200 646368656  0.002  0.001   18.830   13.526    0    0  (Gen:  0)
  1041512    323240 646531128  0.002  0.001   18.833   13.528    0    0  (Gen:  0)
  1042256    343072 646707376  0.001  0.001   18.835   13.529    0    0  (Gen:  0)
  1623296    333632 646855280  0.001  0.001   19.538   13.770    0    0  (Gen:  0)
  1041520    334728 647031704  0.001  0.001   19.540   13.772    0    0  (Gen:  0)
  1042552    328224 647178824  0.001  0.001   19.542   13.773    0    0  (Gen:  0)
  1043392    320296 647337888  0.001  0.001   19.544   13.775    0    0  (Gen:  0)
  1041360    325288 647497896  0.001  0.001   19.546   13.776    0    0  (Gen:  0)
  1042960    339216 647672648  0.001  0.001   19.549   13.778    0    0  (Gen:  0)
  1042600    327624 647818520  0.001  0.001   19.551   13.780    0    0  (Gen:  0)
  1041792    316272 647980336  0.001  0.001   19.553   13.781    0    0  (Gen:  0)
  1043208    333392 648145464  0.001  0.001   19.555   13.783    0    0  (Gen:  0)
  1041448    330864 648304064  0.001  0.001   19.558   13.785    0    0  (Gen:  0)
  1042832    344504 648485744  0.001  0.001   19.560   13.786    0    0  (Gen:  0)
  1042408    338296 648635048  0.001  0.001   19.562   13.788    0    0  (Gen:  0)
  1041368    326672 648801696  0.001  0.001   19.565   13.790    0    0  (Gen:  0)
  1042712    322568 648953152  0.001  0.001   19.567   13.792    0    0  (Gen:  0)
  1042416    332240 649122816  0.001  0.001   19.569   13.793    0    0  (Gen:  0)
  1041240    347104 649296576  0.001  0.001   19.572   13.795    0    0  (Gen:  0)
  1042904    326000 649443232  0.001  0.001   19.574   13.797    0    0  (Gen:  0)
  1042176    317984 649599728  0.001  0.001   19.576   13.799    0    0  (Gen:  0)
  1042448    322360 649758984  0.001  0.001   19.579   13.800    0    0  (Gen:  0)
  1042440    329576 649924488  0.001  0.001   19.581   13.802    0    0  (Gen:  0)
  1042208    325400 650077824  0.001  0.001   19.583   13.804    0    0  (Gen:  0)
  1042256    330304 650252016  0.002  0.001   19.586   13.805    0    0  (Gen:  0)
  1042608    347616 650416000  0.002  0.001   19.589   13.806    0    0  (Gen:  0)
  1040976    317464 650560632  0.002  0.001   19.592   13.808    0    0  (Gen:  0)
  1043352    331544 650742200  0.002  0.001   19.595   13.809    0    0  (Gen:  0)
  1042840    352128 650906968  0.002  0.001   19.598   13.810    0    0  (Gen:  0)
  1042192    326256 651058744  0.002  0.001   19.600   13.812    0    0  (Gen:  0)
  1042496    340216 651240392  0.002  0.001   19.603   13.813    0    0  (Gen:  0)
  1043176    337400 651387632  0.002  0.001   19.606   13.814    0    0  (Gen:  0)
  1041200    321120 651549704  0.002  0.001   19.609   13.816    0    0  (Gen:  0)
  1043216    342568 651724944  0.002  0.001   19.611   13.817    0    0  (Gen:  0)
  1043128    332840 651872296  0.002  0.001   19.614   13.818    0    0  (Gen:  0)
  1041296    323920 652038144  0.002  0.001   19.617   13.819    0    0  (Gen:  0)
  1043216    329136 652197136  0.002  0.001   19.619   13.820    0    0  (Gen:  0)
  1042992    330064 652357240  0.002  0.001   19.622   13.822    0    0  (Gen:  0)
  1041792    339928 652531040  0.002  0.001   19.625   13.823    0    0  (Gen:  0)
  1042672    323656 652676216  0.002  0.001   19.628   13.824    0    0  (Gen:  0)
  1042576    330192 652847912  0.002  0.001   19.631   13.826    0    0  (Gen:  0)
  1041648    346528 653017592  0.002  0.001   19.634   13.827    0    0  (Gen:  0)
  1043232    319736 653162592  0.002  0.001   19.636   13.828    0    0  (Gen:  0)
  1043216    327720 653331792  0.002  0.001   19.639   13.829    0    0  (Gen:  0)
  1041256    344280 653501456  0.002  0.001   19.642   13.831    0    0  (Gen:  0)
  1043336    318888 653646496  0.002  0.001   19.645   13.832    0    0  (Gen:  0)
  1043096    329944 653818128  0.002  0.001   19.647   13.833    0    0  (Gen:  0)
  1041904    353720 653995040  0.002  0.001   19.650   13.835    0    0  (Gen:  0)
  1043496    326400 654139120  0.002  0.001   19.653   13.836    0    0  (Gen:  0)
  1042440    320464 654300496  0.002  0.001   19.656   13.837    0    0  (Gen:  0)
  1041248    346872 654479992  0.002  0.001   19.659   13.838    0    0  (Gen:  0)
  1042608    327384 654624200  0.002  0.001   19.661   13.840    0    0  (Gen:  0)
  1042976    321504 654786872  0.002  0.001   19.664   13.841    0    0  (Gen:  0)
  1041840    344848 654962936  0.002  0.001   19.667   13.842    0    0  (Gen:  0)
  1043216    322960 655107104  0.002  0.001   19.670   13.843    0    0  (Gen:  0)
  1043608    328920 655278176  0.002  0.001   19.672   13.845    0    0  (Gen:  0)
  1041288    348504 655450208  0.002  0.001   19.675   13.846    0    0  (Gen:  0)
  1042784    321416 655594112  0.002  0.001   19.678   13.847    0    0  (Gen:  0)
  1042808    328112 655764768  0.002  0.001   19.681   13.849    0    0  (Gen:  0)
  1041544    342856 655931928  0.002  0.001   19.684   13.850    0    0  (Gen:  0)
  1043472    329680 656089776  0.002  0.001   19.686   13.851    0    0  (Gen:  0)
  1042648    327376 656247696  0.002  0.001   19.689   13.852    0    0  (Gen:  0)
  1041592    328288 656411888  0.002  0.001   19.692   13.854    0    0  (Gen:  0)
  1042432    349560 656593400  0.002  0.001   19.695   13.855    0    0  (Gen:  0)
  1043640    334688 656737032  0.002  0.001   19.698   13.856    0    0  (Gen:  0)
  1042632    318008 656898576  0.002  0.001   19.701   13.858    0    0  (Gen:  0)
  1043168    348192 657080312  0.002  0.001   19.704   13.859    0    0  (Gen:  0)
  1043000    333792 657223848  0.002  0.001   19.707   13.860    0    0  (Gen:  0)
  1041928    310024 657378552  0.002  0.001   19.710   13.861    0    0  (Gen:  0)
  1042872    339464 657559960  0.002  0.001   19.712   13.863    0    0  (Gen:  0)
  1042760    350544 657722840  0.002  0.001   19.715   13.864    0    0  (Gen:  0)
  1042216    315720 657865888  0.002  0.001   19.718   13.865    0    0  (Gen:  0)
  1042400    322176 658037664  0.002  0.001   19.720   13.866    0    0  (Gen:  0)
  1043280    340904 658198928  0.002  0.001   19.723   13.868    0    0  (Gen:  0)
  1042424    332168 658361248  0.002  0.001   19.726   13.869    0    0  (Gen:  0)
  1622672    325616 658519040  0.002  0.001   19.729   13.870    0    0  (Gen:  0)
  1042904    342120 658697984  0.002  0.001   19.732   13.872    0    0  (Gen:  0)
  1043632    338520 658851448  0.002  0.001   19.735   13.873    0    0  (Gen:  0)
  1041304    341272 659030376  0.002  0.001   19.737   13.874    0    0  (Gen:  0)
  1043768    325944 659173096  0.002  0.001   19.740   13.875    0    0  (Gen:  0)
  1042432    326904 659342544  0.002  0.001   19.743   13.877    0    0  (Gen:  0)
  1038768    327776 659495056  0.002  0.001   19.746   13.878    0    0  (Gen:  0)
  1034616    267728 659608856  0.002  0.001   19.751   13.881    0    0  (Gen:  0)
  1037312    119808 659645312  0.001  0.000   19.753   13.882    0    0  (Gen:  0)
  1039272    141600 659754152  0.001  0.000   19.754   13.883    0    0  (Gen:  0)
  1034752     93424 659765888  0.001  0.000   19.756   13.885    0    0  (Gen:  0)
  1040520    166192 659906152  0.001  0.000   19.758   13.886    0    0  (Gen:  0)
  1041008    311648 660063152  0.002  0.001   19.761   13.887    0    0  (Gen:  0)
  1040032    322240 660221184  0.002  0.001   19.764   13.888    0    0  (Gen:  0)
  1041072    322528 660379680  0.002  0.001   19.766   13.889    0    0  (Gen:  0)
  1040568    322120 660537536  0.002  0.001   19.769   13.890    0    0  (Gen:  0)
  1037968    386392 660759352  0.002  0.001   19.771   13.892    0    0  (Gen:  0)
  1040304    413376 660944592  0.003  0.001   19.775   13.893    0    0  (Gen:  0)
  1041608    303472 661112568  0.002  0.001   19.777   13.894    0    0  (Gen:  0)
  1040960    344256 661280144  0.002  0.001   19.780   13.895    0    0  (Gen:  0)
  1041632    346032 661451848  0.002  0.001   19.782   13.896    0    0  (Gen:  0)
  1041624    344408 661621136  0.002  0.001   19.785   13.897    0    0  (Gen:  0)
  1041736    512376 661955544  0.003  0.001   19.789   13.899    0    0  (Gen:  0)
  1037616    459896 662277312  0.003  0.001   19.793   13.900    0    0  (Gen:  0)
  1035712    219584 662472512  0.001  0.000   19.795   13.901    0    0  (Gen:  0)
  1034728    434424 662772464  0.002  0.001   19.798   13.903    0    0  (Gen:  0)
  1035632    424912 663091264  0.003  0.001   19.802   13.905    0    0  (Gen:  0)
  1035624    420256 663410112  0.003  0.001   19.805   13.907    0    0  (Gen:  0)
  1035464    420056 663728688  0.003  0.001   19.809   13.908    0    0  (Gen:  0)
  1071888    305328 663930168  0.002  0.001   19.812   13.910    0    0  (Gen:  0)
  1036840    175952 664036728  0.001  0.000   19.814   13.911    0    0  (Gen:  0)
  1038376    184480 664149720  0.001  0.000   19.816   13.913    0    0  (Gen:  0)
  1037000    183824 664262072  0.001  0.000   19.819   13.914    0    0  (Gen:  0)
  1037656    183912 664374824  0.001  0.000   19.821   13.916    0    0  (Gen:  0)
  1038232    183824 664487528  0.001  0.000   19.823   13.917    0    0  (Gen:  0)
  1037656    183912 664600280  0.001  0.000   19.826   13.919    0    0  (Gen:  0)
  1037640    220984 664751472  0.002  0.001   19.829   13.920    0    0  (Gen:  0)
  1043208    359344 665069792  0.002  0.001   19.833   13.923    0    0  (Gen:  0)
  1039024    183248 665227616  0.001  0.000   19.834   13.923    0    0  (Gen:  0)
  1040240    321600 665385768  0.002  0.001   19.837   13.925    0    0  (Gen:  0)
  1041184    322728 665543928  0.002  0.001   19.840   13.926    0    0  (Gen:  0)
  1040864    323048 665701152  0.002  0.001   19.843   13.927    0    0  (Gen:  0)
  1039832    325064 665861936  0.002  0.001   19.845   13.928    0    0  (Gen:  0)
  1041544    335824 666030976  0.002  0.001   19.848   13.929    0    0  (Gen:  0)
  1041360    345864 666201208  0.002  0.001   19.851   13.930    0    0  (Gen:  0)
  1041168    345976 666370432  0.002  0.001   19.853   13.932    0    0  (Gen:  0)
  1041688    346696 666539032  0.002  0.001   19.856   13.933    0    0  (Gen:  0)
  1041016    346464 666709080  0.002  0.001   19.859   13.934    0    0  (Gen:  0)
  1041320    632144 667163872  0.004  0.001   19.864   13.936    0    0  (Gen:  0)
  1036504    350200 667425664  0.002  0.001   19.867   13.937    0    0  (Gen:  0)
  1035592    257080 667620552  0.002  0.000   19.869   13.938    0    0  (Gen:  0)
  1034936    329640 667815664  0.002  0.001   19.872   13.939    0    0  (Gen:  0)
  1036104    435776 668116832  0.003  0.001   19.875   13.941    0    0  (Gen:  0)
  1035016    424864 668435240  0.003  0.001   19.879   13.943    0    0  (Gen:  0)
  1069184    446832 668780624  0.003  0.001   19.882   13.944    0    0  (Gen:  0)
  1037832    189512 668870344  0.001  0.000   19.885   13.946    0    0  (Gen:  0)
  1037480    184176 668983288  0.001  0.000   19.887   13.947    0    0  (Gen:  0)
  1038008    184080 669095912  0.001  0.000   19.889   13.948    0    0  (Gen:  0)
  1037248    183856 669208488  0.001  0.000   19.891   13.950    0    0  (Gen:  0)
  1037568    183976 669321232  0.001  0.000   19.893   13.951    0    0  (Gen:  0)
  1038024    183960 669434024  0.001  0.000   19.896   13.953    0    0  (Gen:  0)
  1037784    184072 669546888  0.001  0.000   19.898   13.954    0    0  (Gen:  0)
  1039144    317328 669795328  0.002  0.001   19.901   13.956    0    0  (Gen:  0)
  1041168    281592 669996544  0.002  0.001   19.905   13.958    0    0  (Gen:  0)
  1160872    311512 670291888  0.002  0.001   19.909   13.960    0    0  (Gen:  0)
  1025032    692016 670755720  0.004  0.001   19.913   13.962    0    0  (Gen:  0)
  1038040    846088 671155000  0.004  0.001   19.918   13.964    0    0  (Gen:  0)
  1039608    659216 671519824  0.004  0.001   19.923   13.966    0    0  (Gen:  0)
  1073856    669408 671886328  0.004  0.001   19.927   13.968    0    0  (Gen:  0)
  1042600    627768 672201208  0.004  0.001   19.932   13.970    0    0  (Gen:  0)
  1042048    558232 672510896  0.004  0.001   19.937   13.972    0    0  (Gen:  0)
  1624872    611456 672878232  0.004  0.001   19.942   13.974    0    0  (Gen:  0)
  1040512    499056 673068336  0.003  0.001   19.946   13.975    0    0  (Gen:  0)
  1039880    448000 673345448  0.003  0.001   19.950   13.977    0    0  (Gen:  0)
  1040376    471960 673619056  0.003  0.001   19.954   13.979    0    0  (Gen:  0)
  1040584    483336 673868752  0.003  0.001   19.957   13.980    0    0  (Gen:  0)
  1039936    470752 674120912  0.003  0.001   19.961   13.982    0    0  (Gen:  0)
  1041088    504368 674404680  0.003  0.001   19.965   13.983    0    0  (Gen:  0)
  1040296    579096 674741320  0.004  0.001   19.969   13.985    0    0  (Gen:  0)
  1041224    620848 675087224  0.004  0.001   19.975   13.987    0    0  (Gen:  0)
  1039080    461208 675243488  0.003  0.001   19.978   13.989    0    0  (Gen:  0)
  1039904    309040 675392384  0.002  0.000   19.981   13.990    0    0  (Gen:  0)
  1037016    260256 675500776  0.001  0.000   19.983   13.991    0    0  (Gen:  0)
  1037280    228080 675610568  0.001  0.000   19.984   13.992    0    0  (Gen:  0)
  1035696    230992 675725240  0.001  0.000   19.986   13.992    0    0  (Gen:  0)
  1037040    230480 675835328  0.001  0.000   19.988   13.993    0    0  (Gen:  0)
  1038720    229280 675952496  0.001  0.000   19.990   13.994    0    0  (Gen:  0)
  1034840    220088 676069416  0.001  0.000   19.992   13.995    0    0  (Gen:  0)
  1035904    223152 676187016  0.001  0.000   19.994   13.996    0    0  (Gen:  0)
  1036896    225248 676301832  0.001  0.000   19.996   13.997    0    0  (Gen:  0)
  1035840    224840 676418928  0.001  0.000   19.998   13.998    0    0  (Gen:  0)
  1036096    228736 676537416  0.001  0.000   20.000   13.999    0    0  (Gen:  0)
  1037016    237696 676661096  0.001  0.000   20.002   14.000    0    0  (Gen:  0)
  1035552    233672 676778312  0.001  0.000   20.004   14.001    0    0  (Gen:  0)
  1036008    235488 676897984  0.001  0.000   20.006   14.002    0    0  (Gen:  0)
  1034240    235776 677019256  0.001  0.000   20.008   14.003    0    0  (Gen:  0)
  1036328    234184 677139008  0.001  0.000   20.010   14.004    0    0  (Gen:  0)
  1036152    236608 677259792  0.001  0.000   20.012   14.005    0    0  (Gen:  0)
  1035552    234848 677378064  0.001  0.000   20.014   14.006    0    0  (Gen:  0)
  1036224    236016 677498032  0.001  0.000   20.016   14.007    0    0  (Gen:  0)
  1036712    237752 677618352  0.001  0.000   20.017   14.008    0    0  (Gen:  0)
  1035456    234776 677736760  0.001  0.000   20.020   14.009    0    0  (Gen:  0)
  1036632    237344 677856576  0.001  0.000   20.022   14.010    0    0  (Gen:  0)
  1036712    236472 677976240  0.001  0.000   20.024   14.010    0    0  (Gen:  0)
  1037784    240456 678097520  0.001  0.000   20.026   14.011    0    0  (Gen:  0)
  1034688    237440 678216992  0.001  0.000   20.028   14.012    0    0  (Gen:  0)
  1035776    239784 678337992  0.001  0.000   20.030   14.013    0    0  (Gen:  0)
  1036416    231824 678451264  0.001  0.000   20.031   14.014    0    0  (Gen:  0)
  1038104    237816 678572712  0.001  0.000   20.033   14.015    0    0  (Gen:  0)
  1036480    237024 678691880  0.001  0.000   20.035   14.016    0    0  (Gen:  0)
  1036088    236056 678812288  0.001  0.000   20.037   14.017    0    0  (Gen:  0)
  1034672    234160 678929736  0.001  0.000   20.039   14.018    0    0  (Gen:  0)
  1036104    236920 679049920  0.001  0.000   20.041   14.019    0    0  (Gen:  0)
  1035360    234368 679167968  0.001  0.000   20.044   14.020    0    0  (Gen:  0)
  1035888    235864 679286248  0.001  0.000   20.046   14.021    0    0  (Gen:  0)
  1035992    238008 679407304  0.001  0.000   20.047   14.022    0    0  (Gen:  0)
  1037624    237432 679525584  0.001  0.000   20.049   14.023    0    0  (Gen:  0)
  1035056    238960 679647168  0.001  0.000   20.051   14.024    0    0  (Gen:  0)
  1034656    237104 679765848  0.001  0.000   20.053   14.025    0    0  (Gen:  0)
  1034800    238232 679885552  0.001  0.000   20.055   14.026    0    0  (Gen:  0)
  1036336    240160 680006584  0.001  0.000   20.057   14.027    0    0  (Gen:  0)
  1036024    237928 680126376  0.001  0.000   20.059   14.028    0    0  (Gen:  0)
  1035632    238728 680245112  0.001  0.000   20.061   14.029    0    0  (Gen:  0)
  1036592    238536 680364952  0.001  0.000   20.063   14.030    0    0  (Gen:  0)
  1036008    236280 680481512  0.001  0.000   20.065   14.031    0    0  (Gen:  0)
  1037312    238712 680601976  0.001  0.000   20.067   14.032    0    0  (Gen:  0)
  1037672    239400 680722896  0.001  0.000   20.069   14.033    0    0  (Gen:  0)
  1036504    239016 680842200  0.001  0.000   20.071   14.034    0    0  (Gen:  0)
  1035752    237304 680960336  0.001  0.000   20.073   14.035    0    0  (Gen:  0)
  1035144    237064 681078816  0.001  0.000   20.075   14.036    0    0  (Gen:  0)
  1034824    238032 681198048  0.001  0.000   20.076   14.037    0    0  (Gen:  0)
  1037032    238712 681317984  0.001  0.000   20.077   14.038    0    0  (Gen:  0)
  1035800    239136 681438648  0.001  0.000   20.079   14.039    0    0  (Gen:  0)
  1036032    234376 681554192  0.001  0.000   20.081   14.040    0    0  (Gen:  0)
  1035184    238376 681674616  0.001  0.000   20.083   14.041    0    0  (Gen:  0)
  1035672    236984 681793608  0.001  0.000   20.085   14.042    0    0  (Gen:  0)
  1037336    238472 681912760  0.001  0.000   20.087   14.043    0    0  (Gen:  0)
  1034416    238248 682031064  0.001  0.000   20.089   14.044    0    0  (Gen:  0)
  1035928    237392 682149720  0.001  0.000   20.091   14.045    0    0  (Gen:  0)
  1036424    237648 682268360  0.001  0.000   20.093   14.046    0    0  (Gen:  0)
  1036008    238456 682387416  0.001  0.000   20.095   14.047    0    0  (Gen:  0)
  1037328    238296 682506416  0.001  0.000   20.097   14.048    0    0  (Gen:  0)
  1034352    238920 682625920  0.001  0.000   20.099   14.049    0    0  (Gen:  0)
  1035392    239064 682744840  0.001  0.000   20.101   14.050    0    0  (Gen:  0)
  1035928    235728 682861432  0.001  0.000   20.103   14.051    0    0  (Gen:  0)
  1036720    235288 682977920  0.001  0.000   20.104   14.052    0    0  (Gen:  0)
  1035328    234936 683094896  0.001  0.000   20.106   14.053    0    0  (Gen:  0)
  1034424    236752 683214200  0.001  0.000   20.108   14.054    0    0  (Gen:  0)
  1034936    240280 683335088  0.001  0.000   20.110   14.055    0    0  (Gen:  0)
  1035632    234688 683452912  0.001  0.000   20.112   14.056    0    0  (Gen:  0)
  1037224    238184 683573480  0.001  0.000   20.114   14.057    0    0  (Gen:  0)
  1036768    240032 683693232  0.001  0.000   20.117   14.058    0    0  (Gen:  0)
  1036472    235112 683811848  0.001  0.000   20.119   14.059    0    0  (Gen:  0)
  1034664    238704 683931872  0.001  0.000   20.121   14.060    0    0  (Gen:  0)
  1035928    239200 684051264  0.001  0.000   20.122   14.061    0    0  (Gen:  0)
  1037776    235952 684168736  0.001  0.000   20.124   14.062    0    0  (Gen:  0)
  1035920    238448 684290520  0.001  0.000   20.126   14.063    0    0  (Gen:  0)
  1036480    239152 684409848  0.001  0.000   20.128   14.064    0    0  (Gen:  0)
  1033944    238024 684528560  0.001  0.000   20.130   14.065    0    0  (Gen:  0)
  1034864    239096 684648592  0.001  0.000   20.132   14.066    0    0  (Gen:  0)
  1035088    237992 684767240  0.001  0.000   20.134   14.067    0    0  (Gen:  0)
  1036976    238424 684886624  0.001  0.000   20.136   14.068    0    0  (Gen:  0)
  1036344    238192 685005944  0.001  0.000   20.138   14.069    0    0  (Gen:  0)
  1035896    239264 685126840  0.001  0.000   20.140   14.070    0    0  (Gen:  0)
  1036808    238360 685245904  0.001  0.000   20.142   14.071    0    0  (Gen:  0)
  1036352    235928 685362624  0.001  0.000   20.144   14.072    0    0  (Gen:  0)
  1036344    237664 685480632  0.001  0.000   20.146   14.073    0    0  (Gen:  0)
  1036400    238136 685601112  0.001  0.000   20.148   14.074    0    0  (Gen:  0)
  1034272    238648 685721096  0.001  0.000   20.150   14.075    0    0  (Gen:  0)
  1617368    240648 685841744  0.001  0.000   20.152   14.076    0    0  (Gen:  0)
  1035672    240288 685961248  0.001  0.000   20.154   14.077    0    0  (Gen:  0)
  1037024    239672 686080944  0.001  0.000   20.156   14.078    0    0  (Gen:  0)
  1037160    240016 686201016  0.001  0.000   20.158   14.079    0    0  (Gen:  0)
  1035640    239184 686319992  0.001  0.000   20.160   14.080    0    0  (Gen:  0)
  1035152    238808 686439288  0.001  0.000   20.162   14.081    0    0  (Gen:  0)
  1035320    238816 686558600  0.001  0.000   20.164   14.082    0    0  (Gen:  0)
  1036312    236568 686675704  0.001  0.000   20.166   14.083    0    0  (Gen:  0)
  1036432    238536 686794416  0.001  0.000   20.168   14.084    0    0  (Gen:  0)
  1034712    239680 686913912  0.001  0.000   20.170   14.086    0    0  (Gen:  0)
  1035760    240216 687034392  0.001  0.000   20.171   14.087    0    0  (Gen:  0)
  1034504    239720 687153968  0.001  0.000   20.172   14.088    0    0  (Gen:  0)
  1033760    238528 687271856  0.001  0.000   20.174   14.089    0    0  (Gen:  0)
  1035808    238304 687391312  0.001  0.000   20.177   14.090    0    0  (Gen:  0)
  1035808    239104 687511128  0.001  0.000   20.179   14.091    0    0  (Gen:  0)
  1035776    239416 687630440  0.001  0.000   20.181   14.092    0    0  (Gen:  0)
  1033848    238672 687749192  0.001  0.000   20.183   14.093    0    0  (Gen:  0)
  1037080    236920 687866976  0.001  0.000   20.185   14.094    0    0  (Gen:  0)
  1034408    239048 687986624  0.001  0.000   20.187   14.095    0    0  (Gen:  0)
  1035376    242152 688107448  0.001  0.000   20.189   14.096    0    0  (Gen:  0)
  1034624    239832 688226360  0.001  0.000   20.191   14.097    0    0  (Gen:  0)
  1037248    235408 688342144  0.001  0.000   20.193   14.098    0    0  (Gen:  0)
  1036568    238072 688460880  0.001  0.000   20.195   14.099    0    0  (Gen:  0)
  1034664    240200 688580360  0.001  0.000   20.197   14.100    0    0  (Gen:  0)
  1036632    238752 688699400  0.001  0.000   20.199   14.101    0    0  (Gen:  0)
  1035336    237984 688818408  0.001  0.000   20.201   14.102    0    0  (Gen:  0)
  1035496    237608 688937248  0.001  0.000   20.203   14.103    0    0  (Gen:  0)
  1034816    236888 689055072  0.001  0.000   20.205   14.104    0    0  (Gen:  0)
  1036072    237976 689174848  0.001  0.000   20.207   14.105    0    0  (Gen:  0)
  1036160    238240 689293464  0.001  0.000   20.209   14.106    0    0  (Gen:  0)
  1036816    238752 689413160  0.001  0.000   20.211   14.107    0    0  (Gen:  0)
  1036024    239248 689532120  0.001  0.000   20.213   14.108    0    0  (Gen:  0)
  1034968    237232 689649952  0.001  0.000   20.215   14.109    0    0  (Gen:  0)
  1035224    238528 689769536  0.001  0.000   20.217   14.110    0    0  (Gen:  0)
  1034896    240040 689887824  0.001  0.000   20.219   14.111    0    0  (Gen:  0)
  1037464    239176 690007976  0.001  0.000   20.221   14.112    0    0  (Gen:  0)
  1036320    239368 690127248  0.001  0.000   20.223   14.113    0    0  (Gen:  0)
  1036360    238656 690246040  0.001  0.000   20.225   14.114    0    0  (Gen:  0)
  1035576    236808 690363360  0.001  0.000   20.227   14.115    0    0  (Gen:  0)
  1036944    240264 690483368  0.001  0.000   20.229   14.116    0    0  (Gen:  0)
  1036168    239584 690602568  0.001  0.000   20.231   14.117    0    0  (Gen:  0)
  1035096    241752 690724872  0.001  0.000   20.233   14.119    0    0  (Gen:  0)
  1035984    243976 690846168  0.001  0.000   20.234   14.120    0    0  (Gen:  0)
  1035232    240632 690965448  0.001  0.000   20.235   14.121    0    0  (Gen:  0)
  1036248    242872 691086720  0.001  0.000   20.237   14.122    0    0  (Gen:  0)
  1036952    243128 691207472  0.001  0.000   20.239   14.123    0    0  (Gen:  0)
  1034808    242760 691329160  0.001  0.000   20.241   14.124    0    0  (Gen:  0)
  1035824    241624 691449032  0.001  0.000   20.244   14.125    0    0  (Gen:  0)
  1036160    239384 691568416  0.001  0.000   20.245   14.126    0    0  (Gen:  0)
  1035392    242528 691687856  0.001  0.000   20.247   14.127    0    0  (Gen:  0)
  1036168    241816 691809608  0.001  0.000   20.250   14.128    0    0  (Gen:  0)
  1035536    241792 691928824  0.001  0.000   20.252   14.129    0    0  (Gen:  0)
  1036280    241192 692049712  0.001  0.000   20.253   14.130    0    0  (Gen:  0)
  1034384    243544 692170432  0.001  0.000   20.255   14.132    0    0  (Gen:  0)
  1036520    242712 692292456  0.001  0.000   20.257   14.133    0    0  (Gen:  0)
  1034584    241680 692412048  0.001  0.000   20.259   14.134    0    0  (Gen:  0)
  1034496    239472 692530752  0.001  0.000   20.261   14.135    0    0  (Gen:  0)
  1034352    242280 692650816  0.001  0.000   20.262   14.136    0    0  (Gen:  0)
  1036176    240840 692771688  0.001  0.000   20.264   14.137    0    0  (Gen:  0)
  1035944    242088 692892656  0.001  0.000   20.266   14.138    0    0  (Gen:  0)
  1034992    240376 693011592  0.001  0.000   20.268   14.139    0    0  (Gen:  0)
  1036112    243824 693132896  0.001  0.000   20.270   14.140    0    0  (Gen:  0)
  1034264    242224 693254024  0.001  0.000   20.272   14.141    0    0  (Gen:  0)
  1035440    240640 693373536  0.001  0.000   20.274   14.142    0    0  (Gen:  0)
  1037448    242120 693492872  0.001  0.000   20.276   14.143    0    0  (Gen:  0)
  1034592    242576 693614152  0.001  0.000   20.278   14.144    0    0  (Gen:  0)
  1035800    239768 693732512  0.001  0.000   20.280   14.145    0    0  (Gen:  0)
  1036056    241856 693854496  0.001  0.000   20.282   14.146    0    0  (Gen:  0)
  1034632    243904 693974656  0.001  0.000   20.284   14.147    0    0  (Gen:  0)
  1035096    241312 694095120  0.001  0.000   20.286   14.149    0    0  (Gen:  0)
  1036216    239768 694213936  0.001  0.000   20.287   14.150    0    0  (Gen:  0)
  1034944    244160 694335680  0.001  0.000   20.289   14.151    0    0  (Gen:  0)
  1035864    242344 694456440  0.001  0.000   20.291   14.152    0    0  (Gen:  0)
  1035632    240712 694575464  0.001  0.000   20.293   14.153    0    0  (Gen:  0)
  1035024    244384 694697288  0.001  0.000   20.295   14.154    0    0  (Gen:  0)
  1034920    242472 694818032  0.001  0.000   20.297   14.155    0    0  (Gen:  0)
  1035104    240000 694936800  0.001  0.000   20.299   14.156    0    0  (Gen:  0)
  1035408    243968 695058504  0.001  0.000   20.302   14.157    0    0  (Gen:  0)
  1036040    242440 695178880  0.001  0.000   20.304   14.158    0    0  (Gen:  0)
  1035416    239576 695297528  0.001  0.000   20.305   14.159    0    0  (Gen:  0)
  1036192    239856 695415160  0.001  0.000   20.308   14.160    0    0  (Gen:  0)
  1037936    231392 695528608  0.001  0.000   20.310   14.161    0    0  (Gen:  0)
  1037368    232776 695641344  0.001  0.000   20.311   14.162    0    0  (Gen:  0)
  1035720    234552 695760328  0.001  0.000   20.313   14.163    0    0  (Gen:  0)
  1035600    239592 695880552  0.001  0.000   20.315   14.164    0    0  (Gen:  0)
  1034216    234520 695999184  0.001  0.000   20.317   14.166    0    0  (Gen:  0)
  1036752    238704 696119376  0.001  0.000   20.319   14.167    0    0  (Gen:  0)
  1037240    238440 696238008  0.001  0.000   20.321   14.168    0    0  (Gen:  0)
  1035632    233984 696357168  0.001  0.000   20.323   14.169    0    0  (Gen:  0)
  1034608    238904 696476920  0.001  0.000   20.325   14.170    0    0  (Gen:  0)
  1035960    238632 696595984  0.001  0.000   20.327   14.172    0    0  (Gen:  0)
  1035304    234288 696712232  0.001  0.000   20.329   14.173    0    0  (Gen:  0)
  1034520    236344 696831728  0.001  0.000   20.331   14.174    0    0  (Gen:  0)
  1035336    235128 696950632  0.001  0.000   20.333   14.175    0    0  (Gen:  0)
  1035752    238848 697070368  0.001  0.000   20.335   14.176    0    0  (Gen:  0)
  1615464    238736 697189560  0.001  0.000   20.338   14.177    0    0  (Gen:  0)
  1035736    239648 697310080  0.001  0.000   20.340   14.178    0    0  (Gen:  0)
  1036624    240392 697430152  0.001  0.000   20.342   14.179    0    0  (Gen:  0)
  1035360    239288 697549968  0.001  0.000   20.344   14.180    0    0  (Gen:  0)
  1035608    239048 697669784  0.001  0.000   20.346   14.181    0    0  (Gen:  0)
  1035112    240352 697791456  0.001  0.000   20.348   14.182    0    0  (Gen:  0)
  1035904    235704 697907744  0.001  0.000   20.350   14.183    0    0  (Gen:  0)
  1034904    238656 698026920  0.001  0.000   20.352   14.184    0    0  (Gen:  0)
  1036888    239040 698146784  0.001  0.000   20.354   14.185    0    0  (Gen:  0)
  1035392    239208 698267600  0.001  0.000   20.356   14.186    0    0  (Gen:  0)
  1035056    237936 698386128  0.001  0.000   20.358   14.188    0    0  (Gen:  0)
  1037376    239264 698506776  0.001  0.000   20.360   14.189    0    0  (Gen:  0)
  1035072    238912 698624984  0.001  0.000   20.362   14.190    0    0  (Gen:  0)
  1034224    239408 698745568  0.001  0.000   20.364   14.191    0    0  (Gen:  0)
  1036368    239960 698865336  0.001  0.000   20.366   14.192    0    0  (Gen:  0)
  1037632    239848 698985368  0.001  0.000   20.368   14.193    0    0  (Gen:  0)
  1036704    240848 699106512  0.001  0.000   20.370   14.194    0    0  (Gen:  0)
  1035984    237792 699223472  0.001  0.000   20.372   14.195    0    0  (Gen:  0)
  1035584    239448 699342896  0.001  0.000   20.374   14.196    0    0  (Gen:  0)
  1035520    239736 699463008  0.001  0.000   20.376   14.197    0    0  (Gen:  0)
  1035024    239408 699582384  0.001  0.000   20.378   14.198    0    0  (Gen:  0)
  1036032    239928 699702304  0.001  0.000   20.382   14.199    0    0  (Gen:  0)
  1036776    240760 699822512  0.001  0.000   20.384   14.200    0    0  (Gen:  0)
  1036064    239088 699940864  0.001  0.000   20.386   14.201    0    0  (Gen:  0)
  1035176    238496 700060120  0.001  0.000   20.388   14.203    0    0  (Gen:  0)
  1034696    238136 700178832  0.001  0.000   20.390   14.204    0    0  (Gen:  0)
  1035216    239248 700299768  0.001  0.000   20.392   14.205    0    0  (Gen:  0)
  1035720    239952 700418928  0.001  0.000   20.394   14.206    0    0  (Gen:  0)
  1036640    241168 700538904  0.001  0.000   20.395   14.207    0    0  (Gen:  0)
  1036248    242312 700659920  0.001  0.000   20.397   14.208    0    0  (Gen:  0)
  1035000    238992 700777752  0.001  0.000   20.399   14.209    0    0  (Gen:  0)
  1037120    234176 700892904  0.001  0.000   20.401   14.210    0    0  (Gen:  0)
  1034400    236696 701011960  0.001  0.000   20.403   14.211    0    0  (Gen:  0)
  1035704    239952 701132056  0.001  0.000   20.405   14.212    0    0  (Gen:  0)
  1036040    239808 701251528  0.001  0.000   20.407   14.213    0    0  (Gen:  0)
  1034376    239760 701371672  0.001  0.000   20.409   14.214    0    0  (Gen:  0)
  1034608    239600 701491368  0.001  0.000   20.412   14.215    0    0  (Gen:  0)
  1035776    238328 701609232  0.001  0.000   20.414   14.216    0    0  (Gen:  0)
  1035976    238296 701728616  0.001  0.000   20.416   14.217    0    0  (Gen:  0)
  1035624    238632 701848352  0.001  0.000   20.418   14.218    0    0  (Gen:  0)
  1035272    238704 701967504  0.001  0.000   20.420   14.219    0    0  (Gen:  0)
  1036424    239656 702087784  0.001  0.000   20.422   14.220    0    0  (Gen:  0)
  1036896    237496 702205184  0.001  0.000   20.424   14.221    0    0  (Gen:  0)
  1036384    238536 702324432  0.001  0.000   20.426   14.223    0    0  (Gen:  0)
  1035024    240224 702443288  0.001  0.000   20.428   14.224    0    0  (Gen:  0)
  1035584    238592 702561992  0.001  0.000   20.430   14.225    0    0  (Gen:  0)
  1034736    237384 702680848  0.001  0.000   20.432   14.226    0    0  (Gen:  0)
  1036696    238240 702800480  0.001  0.000   20.434   14.227    0    0  (Gen:  0)
  1036688    238088 702918656  0.001  0.000   20.436   14.228    0    0  (Gen:  0)
  1034552    240368 703037808  0.001  0.000   20.438   14.229    0    0  (Gen:  0)
  1036200    238304 703156008  0.001  0.000   20.440   14.230    0    0  (Gen:  0)
  1035680    240160 703276664  0.001  0.000   20.442   14.231    0    0  (Gen:  0)
  1035368    241760 703397824  0.001  0.000   20.444   14.232    0    0  (Gen:  0)
  1036224    240032 703517072  0.001  0.000   20.446   14.233    0    0  (Gen:  0)
  1036744    243344 703638392  0.001  0.000   20.448   14.234    0    0  (Gen:  0)
  1035864    241952 703758392  0.001  0.000   20.450   14.235    0    0  (Gen:  0)
  1035320    241232 703878488  0.001  0.000   20.452   14.236    0    0  (Gen:  0)
  1036456    241384 704000032  0.001  0.000   20.454   14.237    0    0  (Gen:  0)
  1035384    241352 704120112  0.001  0.000   20.456   14.238    0    0  (Gen:  0)
  1034400    240208 704236392  0.001  0.000   20.458   14.239    0    0  (Gen:  0)
  1035352    240224 704357560  0.001  0.000   20.460   14.240    0    0  (Gen:  0)
  1035376    239376 704475760  0.001  0.000   20.462   14.241    0    0  (Gen:  0)
  1034472    242528 704596864  0.001  0.000   20.464   14.242    0    0  (Gen:  0)
  1035744    241296 704716816  0.001  0.000   20.466   14.243    0    0  (Gen:  0)
  1035816    239600 704836272  0.001  0.000   20.468   14.244    0    0  (Gen:  0)
  1036224    237680 704954744  0.001  0.000   20.470   14.245    0    0  (Gen:  0)
  1035680    241808 705076008  0.001  0.000   20.472   14.246    0    0  (Gen:  0)
  1035128    242112 705195848  0.001  0.000   20.474   14.248    0    0  (Gen:  0)
  1035136    241080 705316152  0.001  0.000   20.476   14.249    0    0  (Gen:  0)
  1035200    239648 705435800  0.001  0.000   20.478   14.250    0    0  (Gen:  0)
  1036728    242448 705556640  0.001  0.000   20.480   14.251    0    0  (Gen:  0)
  1034560    241872 705676008  0.001  0.000   20.482   14.252    0    0  (Gen:  0)
  1035232    241160 705796960  0.001  0.000   20.484   14.253    0    0  (Gen:  0)
  1036224    238352 705914648  0.001  0.000   20.486   14.254    0    0  (Gen:  0)
  1036104    240680 706034096  0.001  0.000   20.488   14.255    0    0  (Gen:  0)
  1036952    241432 706155128  0.001  0.000   20.490   14.256    0    0  (Gen:  0)
  1034744    239592 706274072  0.001  0.000   20.492   14.257    0    0  (Gen:  0)
  1035160    243216 706394952  0.001  0.000   20.494   14.258    0    0  (Gen:  0)
  1034280    240504 706513800  0.001  0.000   20.496   14.259    0    0  (Gen:  0)
  1034928    238240 706632248  0.001  0.000   20.499   14.260    0    0  (Gen:  0)
  1035960    242536 706754128  0.001  0.000   20.501   14.261    0    0  (Gen:  0)
  1036640    241072 706872632  0.001  0.000   20.503   14.262    0    0  (Gen:  0)
  1036384    238192 706991472  0.001  0.000   20.505   14.263    0    0  (Gen:  0)
  1035192    241648 707112576  0.001  0.000   20.507   14.264    0    0  (Gen:  0)
  1034256    241056 707230528  0.001  0.000   20.509   14.265    0    0  (Gen:  0)
  1035496    238656 707350192  0.001  0.000   20.511   14.266    0    0  (Gen:  0)
  1034296    241584 707471680  0.001  0.000   20.513   14.267    0    0  (Gen:  0)
  1035960    243048 707591408  0.001  0.000   20.515   14.268    0    0  (Gen:  0)
  1036136    240672 707711152  0.001  0.000   20.517   14.269    0    0  (Gen:  0)
  1034952    242784 707832616  0.001  0.000   20.519   14.270    0    0  (Gen:  0)
  1034440    243640 707953016  0.001  0.000   20.521   14.271    0    0  (Gen:  0)
  1037160    233304 708065184  0.001  0.000   20.523   14.273    0    0  (Gen:  0)
  1036832    228568 708174408  0.001  0.000   20.525   14.273    0    0  (Gen:  0)
  1034328    234072 708294944  0.001  0.000   20.527   14.274    0    0  (Gen:  0)
  1035744    242448 708414688  0.001  0.000   20.529   14.276    0    0  (Gen:  0)
  1035888    239240 708534104  0.001  0.000   20.531   14.277    0    0  (Gen:  0)
  1037456    239432 708653552  0.001  0.000   20.533   14.278    0    0  (Gen:  0)
  1036000    238304 708772560  0.001  0.000   20.535   14.279    0    0  (Gen:  0)
  1127272    300104 708953768  0.001  0.000   20.537   14.280    0    0  (Gen:  0)
  1523856    239640 709012008  0.001  0.000   20.539   14.281    0    0  (Gen:  0)
  1035568    242320 709131568  0.001  0.000   20.542   14.282    0    0  (Gen:  0)
  1036288    239936 709251096  0.001  0.000   20.544   14.283    0    0  (Gen:  0)
  1037496    239352 709370736  0.001  0.000   20.546   14.284    0    0  (Gen:  0)
  1035552    239864 709490808  0.001  0.000   20.548   14.285    0    0  (Gen:  0)
  1035352    238240 709609200  0.001  0.000   20.550   14.286    0    0  (Gen:  0)
  1036400    241184 709729048  0.001  0.000   20.552   14.287    0    0  (Gen:  0)
  1035464    237696 709845616  0.001  0.000   20.554   14.288    0    0  (Gen:  0)
  1035496    237184 709964456  0.001  0.000   20.556   14.289    0    0  (Gen:  0)
  1035000    238360 710084080  0.001  0.000   20.558   14.290    0    0  (Gen:  0)
  1036440    243936 710204768  0.001  0.000   20.560   14.292    0    0  (Gen:  0)
  1034840    239160 710323136  0.001  0.000   20.562   14.293    0    0  (Gen:  0)
  1036352    239536 710443264  0.001  0.000   20.564   14.294    0    0  (Gen:  0)
  1035384    239008 710562224  0.001  0.000   20.566   14.295    0    0  (Gen:  0)
  1034840    242416 710682208  0.001  0.000   20.568   14.296    0    0  (Gen:  0)
  1035360    238480 710799792  0.001  0.000   20.570   14.297    0    0  (Gen:  0)
  1037088    238536 710919664  0.001  0.000   20.572   14.298    0    0  (Gen:  0)
  1034624    238744 711038712  0.001  0.000   20.574   14.299    0    0  (Gen:  0)
  1036168    242632 711158192  0.001  0.000   20.576   14.300    0    0  (Gen:  0)
  1035568    239264 711278184  0.001  0.000   20.578   14.301    0    0  (Gen:  0)
  1033720    238520 711396400  0.001  0.000   20.580   14.302    0    0  (Gen:  0)
  1037288    241480 711516432  0.001  0.000   20.582   14.303    0    0  (Gen:  0)
  1035624    238416 711633312  0.001  0.000   20.584   14.304    0    0  (Gen:  0)
  1035760    237168 711752704  0.001  0.000   20.586   14.305    0    0  (Gen:  0)
  1036104    238288 711868232  0.001  0.000   20.588   14.306    0    0  (Gen:  0)
  1035296    239456 711989416  0.001  0.000   20.590   14.308    0    0  (Gen:  0)
  1037248    239504 712107544  0.001  0.000   20.591   14.309    0    0  (Gen:  0)
  1035552    242728 712228680  0.001  0.000   20.594   14.310    0    0  (Gen:  0)
  1036600    240328 712347144  0.001  0.000   20.596   14.311    0    0  (Gen:  0)
  1035672    239904 712467520  0.001  0.000   20.598   14.312    0    0  (Gen:  0)
  1036744    238544 712585872  0.001  0.000   20.600   14.313    0    0  (Gen:  0)
  1035016    240784 712704136  0.001  0.000   20.602   14.314    0    0  (Gen:  0)
  1037152    238912 712824224  0.001  0.000   20.604   14.315    0    0  (Gen:  0)
  1036424    238960 712943248  0.001  0.000   20.606   14.316    0    0  (Gen:  0)
  1035896    242928 713062928  0.001  0.000   20.608   14.317    0    0  (Gen:  0)
  1034912    239224 713182408  0.001  0.000   20.610   14.318    0    0  (Gen:  0)
  1036328    238040 713300856  0.001  0.000   20.612   14.319    0    0  (Gen:  0)
  1035504    241912 713420008  0.001  0.000   20.614   14.321    0    0  (Gen:  0)
  1035104    239608 713540328  0.001  0.000   20.616   14.322    0    0  (Gen:  0)
  1035280    238088 713658200  0.001  0.000   20.618   14.323    0    0  (Gen:  0)
  1034960    239632 713775800  0.001  0.000   20.620   14.324    0    0  (Gen:  0)
  1035904    236240 713894128  0.001  0.000   20.622   14.325    0    0  (Gen:  0)
  1036280    242520 714015640  0.001  0.000   20.624   14.326    0    0  (Gen:  0)
  1036336    239408 714133168  0.001  0.000   20.626   14.327    0    0  (Gen:  0)
  1036928    237080 714251968  0.001  0.000   20.628   14.328    0    0  (Gen:  0)
  1034240    241552 714371696  0.001  0.000   20.630   14.329    0    0  (Gen:  0)
  1034808    240272 714490968  0.001  0.000   20.632   14.330    0    0  (Gen:  0)
  1033928    238184 714609992  0.001  0.000   20.634   14.331    0    0  (Gen:  0)
  1036328    241168 714728248  0.001  0.000   20.636   14.332    0    0  (Gen:  0)
  1034704    236640 714845504  0.001  0.000   20.638   14.333    0    0  (Gen:  0)
  1035032    239312 714966016  0.001  0.000   20.640   14.334    0    0  (Gen:  0)
  1035864    241528 715084840  0.001  0.000   20.642   14.335    0    0  (Gen:  0)
  1034144    239584 715205192  0.001  0.000   20.644   14.336    0    0  (Gen:  0)
  1035248    244224 715326328  0.001  0.000   20.646   14.337    0    0  (Gen:  0)
  1035792    243128 715447384  0.001  0.000   20.648   14.338    0    0  (Gen:  0)
  1034984    239944 715566344  0.001  0.000   20.650   14.339    0    0  (Gen:  0)
  1035984    243368 715686712  0.001  0.000   20.652   14.341    0    0  (Gen:  0)
  1036184    240432 715806840  0.001  0.000   20.654   14.342    0    0  (Gen:  0)
  1036168    241128 715925352  0.001  0.000   20.656   14.343    0    0  (Gen:  0)
  1036200    235160 716040368  0.001  0.000   20.658   14.344    0    0  (Gen:  0)
  1036608    235616 716157680  0.001  0.000   20.660   14.345    0    0  (Gen:  0)
  1035864    239352 716279000  0.001  0.000   20.662   14.346    0    0  (Gen:  0)
  1035304    240344 716397864  0.001  0.000   20.664   14.347    0    0  (Gen:  0)
  1034632    242720 716517784  0.001  0.000   20.666   14.348    0    0  (Gen:  0)
  1035008    240728 716638192  0.001  0.000   20.668   14.349    0    0  (Gen:  0)
  1034288    238664 716756712  0.001  0.000   20.670   14.350    0    0  (Gen:  0)
  1036040    242592 716876624  0.001  0.000   20.672   14.351    0    0  (Gen:  0)
  1035552    238680 716995440  0.001  0.000   20.674   14.352    0    0  (Gen:  0)
  1036704    243400 717117792  0.001  0.000   20.676   14.353    0    0  (Gen:  0)
  1035224    243456 717237536  0.001  0.000   20.678   14.354    0    0  (Gen:  0)
  1035328    238576 717355696  0.001  0.000   20.680   14.355    0    0  (Gen:  0)
  1035736    242880 717476576  0.001  0.000   20.683   14.356    0    0  (Gen:  0)
  1036088    241408 717596744  0.001  0.000   20.685   14.357    0    0  (Gen:  0)
  1035912    239336 717715680  0.001  0.000   20.687   14.359    0    0  (Gen:  0)
  1034776    243152 717835656  0.001  0.000   20.689   14.360    0    0  (Gen:  0)
  1035072    238872 717954624  0.001  0.000   20.691   14.361    0    0  (Gen:  0)
  1036360    241968 718076120  0.001  0.000   20.693   14.362    0    0  (Gen:  0)
  1036728    241192 718194160  0.001  0.000   20.695   14.363    0    0  (Gen:  0)
  1034672    237472 718312392  0.001  0.000   20.697   14.364    0    0  (Gen:  0)
  1035192    242024 718431952  0.001  0.000   20.699   14.365    0    0  (Gen:  0)
  1037088    239832 718552024  0.001  0.000   20.701   14.366    0    0  (Gen:  0)
  1035952    242408 718671448  0.001  0.000   20.703   14.367    0    0  (Gen:  0)
  1035192    240248 718790912  0.001  0.000   20.705   14.368    0    0  (Gen:  0)
  1035008    239056 718910112  0.001  0.000   20.707   14.369    0    0  (Gen:  0)
  1034440    243800 719030816  0.001  0.000   20.709   14.370    0    0  (Gen:  0)
  1035568    240792 719151024  0.001  0.000   20.711   14.371    0    0  (Gen:  0)
  1035000    243008 719270880  0.001  0.000   20.713   14.372    0    0  (Gen:  0)
  1035624    241040 719390776  0.001  0.000   20.715   14.373    0    0  (Gen:  0)
  1034288    240136 719510776  0.001  0.000   20.717   14.374    0    0  (Gen:  0)
  1037064    244144 719630680  0.001  0.000   20.719   14.375    0    0  (Gen:  0)
  1034152    238856 719749480  0.001  0.000   20.721   14.376    0    0  (Gen:  0)
  1035808    243304 719869768  0.001  0.000   20.724   14.377    0    0  (Gen:  0)
  1034720    240192 719989672  0.001  0.000   20.726   14.379    0    0  (Gen:  0)
  1035696    242784 720109584  0.001  0.000   20.728   14.380    0    0  (Gen:  0)
  1035256    241920 720229888  0.001  0.000   20.730   14.381    0    0  (Gen:  0)
  1036640    240192 720350104  0.001  0.000   20.732   14.382    0    0  (Gen:  0)
  1034392    243848 720469720  0.001  0.000   20.734   14.383    0    0  (Gen:  0)
  1035712    237032 720586648  0.001  0.000   20.736   14.384    0    0  (Gen:  0)
  1615984    238600 720704176  0.001  0.000   20.738   14.385    0    0  (Gen:  0)
  1036304    238232 720824504  0.001  0.000   20.740   14.386    0    0  (Gen:  0)
  1035288    243464 720943624  0.001  0.000   20.742   14.387    0    0  (Gen:  0)
  1035120    240088 721063312  0.001  0.000   20.744   14.388    0    0  (Gen:  0)
  1035224    242744 721182504  0.001  0.000   20.746   14.389    0    0  (Gen:  0)
  1035264    239248 721301648  0.001  0.000   20.748   14.390    0    0  (Gen:  0)
  1036552    242664 721422264  0.001  0.000   20.751   14.391    0    0  (Gen:  0)
  1036784    241360 721541656  0.001  0.000   20.753   14.392    0    0  (Gen:  0)
  1034544    239584 721661904  0.001  0.000   20.755   14.393    0    0  (Gen:  0)
  1035064    244704 721782208  0.001  0.000   20.757   14.394    0    0  (Gen:  0)
  1035504    239904 721901512  0.001  0.000   20.759   14.395    0    0  (Gen:  0)
  1035712    243728 722021920  0.001  0.000   20.761   14.396    0    0  (Gen:  0)
  1035760    240416 722141592  0.001  0.000   20.763   14.397    0    0  (Gen:  0)
  1036560    242648 722260688  0.001  0.000   20.765   14.399    0    0  (Gen:  0)
  1035240    240152 722380952  0.001  0.000   20.767   14.400    0    0  (Gen:  0)
  1034488    242528 722500360  0.001  0.000   20.769   14.401    0    0  (Gen:  0)
  1035360    239608 722619280  0.001  0.000   20.771   14.402    0    0  (Gen:  0)
  1035584    242184 722740400  0.001  0.000   20.773   14.403    0    0  (Gen:  0)
  1036840    243128 722860648  0.001  0.000   20.774   14.404    0    0  (Gen:  0)
  1034224    240512 722981048  0.001  0.000   20.777   14.405    0    0  (Gen:  0)
  1036112    243888 723100472  0.001  0.000   20.779   14.406    0    0  (Gen:  0)
  1035400    239344 723219944  0.001  0.000   20.781   14.407    0    0  (Gen:  0)
  1037344    240952 723337248  0.001  0.000   20.783   14.408    0    0  (Gen:  0)
  1036048    238448 723457312  0.001  0.000   20.785   14.409    0    0  (Gen:  0)
  1036880    243744 723576792  0.001  0.000   20.787   14.410    0    0  (Gen:  0)
  1035184    239192 723695864  0.001  0.000   20.789   14.411    0    0  (Gen:  0)
  1037320    244720 723817472  0.001  0.000   20.791   14.412    0    0  (Gen:  0)
  1034848    240528 723936472  0.001  0.000   20.793   14.414    0    0  (Gen:  0)
  1034656    243800 724057192  0.001  0.000   20.795   14.415    0    0  (Gen:  0)
  1036024    240120 724176336  0.001  0.000   20.797   14.416    0    0  (Gen:  0)
  1034424    242784 724295624  0.001  0.000   20.799   14.417    0    0  (Gen:  0)
  1035832    240184 724416376  0.001  0.000   20.801   14.418    0    0  (Gen:  0)
  1037352    243128 724535504  0.001  0.000   20.803   14.419    0    0  (Gen:  0)
  1035424    240360 724655744  0.001  0.000   20.805   14.420    0    0  (Gen:  0)
  1037024    242040 724774184  0.001  0.000   20.807   14.421    0    0  (Gen:  0)
  1036256    240376 724894656  0.001  0.000   20.809   14.422    0    0  (Gen:  0)
  1036352    241904 725012824  0.001  0.000   20.811   14.423    0    0  (Gen:  0)
  1035496    240176 725133664  0.001  0.000   20.813   14.424    0    0  (Gen:  0)
  1036776    243832 725253456  0.001  0.000   20.815   14.425    0    0  (Gen:  0)
  1036096    241248 725373952  0.001  0.000   20.817   14.426    0    0  (Gen:  0)
  1034744    243048 725493264  0.001  0.000   20.819   14.427    0    0  (Gen:  0)
  1034712    241040 725613592  0.001  0.000   20.822   14.428    0    0  (Gen:  0)
  1037288    243680 725733664  0.001  0.000   20.824   14.429    0    0  (Gen:  0)
  1034928    241336 725853992  0.001  0.000   20.826   14.430    0    0  (Gen:  0)
  1036888    271648 726001864  0.001  0.000   20.828   14.431    0    0  (Gen:  0)
  1040264    305704 726158568  0.002  0.001   20.830   14.432    0    0  (Gen:  0)
  1037552    281936 726280096  0.001  0.000   20.832   14.433    0    0  (Gen:  0)
  1036360    242184 726397184  0.001  0.000   20.834   14.434    0    0  (Gen:  0)
  1038440    240648 726513576  0.001  0.000   20.836   14.435    0    0  (Gen:  0)
  1037528    213856 726595088  0.001  0.000   20.838   14.436    0    0  (Gen:  0)
  1037920    215264 726704240  0.001  0.000   20.840   14.437    0    0  (Gen:  0)
  1037544    232792 726829096  0.001  0.000   20.841   14.438    0    0  (Gen:  0)
  1036344    239896 726951880  0.001  0.000   20.843   14.439    0    0  (Gen:  0)
  1035120    241376 727075664  0.001  0.000   20.846   14.440    0    0  (Gen:  0)
  1035288    243072 727198624  0.001  0.000   20.848   14.441    0    0  (Gen:  0)
  1035936    243928 727321824  0.001  0.000   20.850   14.442    0    0  (Gen:  0)
  1036072    240104 727440904  0.001  0.000   20.852   14.443    0    0  (Gen:  0)
  1034016    242712 727564848  0.001  0.000   20.854   14.444    0    0  (Gen:  0)
  1035080    243680 727686744  0.001  0.000   20.856   14.445    0    0  (Gen:  0)
  1034584    243816 727808976  0.001  0.000   20.858   14.446    0    0  (Gen:  0)
  1035280    245816 727933616  0.001  0.000   20.860   14.447    0    0  (Gen:  0)
  1033696    246200 728056048  0.001  0.000   20.862   14.448    0    0  (Gen:  0)
  1034864    245384 728179336  0.001  0.000   20.864   14.449    0    0  (Gen:  0)
  1035344    245912 728302136  0.001  0.000   20.866   14.450    0    0  (Gen:  0)
  1034688    245240 728424272  0.001  0.000   20.868   14.451    0    0  (Gen:  0)
  1037368    246736 728547912  0.001  0.000   20.870   14.452    0    0  (Gen:  0)
  1034704    247040 728670936  0.001  0.000   20.872   14.454    0    0  (Gen:  0)
  1035304    242984 728790760  0.001  0.000   20.875   14.455    0    0  (Gen:  0)
  1036712    239352 728908304  0.001  0.000   20.877   14.456    0    0  (Gen:  0)
  1036000    241616 729031272  0.001  0.000   20.879   14.457    0    0  (Gen:  0)
  1034760    245168 729153712  0.001  0.000   20.881   14.458    0    0  (Gen:  0)
  1034504    245360 729276608  0.001  0.000   20.883   14.459    0    0  (Gen:  0)
  1035416    244360 729398464  0.001  0.000   20.885   14.460    0    0  (Gen:  0)
  1036048    244640 729520832  0.001  0.000   20.887   14.461    0    0  (Gen:  0)
  1035704    244584 729641960  0.001  0.000   20.889   14.462    0    0  (Gen:  0)
  1035392    242392 729763232  0.001  0.000   20.891   14.463    0    0  (Gen:  0)
  1037008    246256 729886272  0.001  0.000   20.893   14.464    0    0  (Gen:  0)
  1035464    245800 730008432  0.001  0.000   20.895   14.465    0    0  (Gen:  0)
  1036008    246584 730131400  0.001  0.000   20.897   14.466    0    0  (Gen:  0)
  1034624    245608 730253160  0.001  0.000   20.899   14.467    0    0  (Gen:  0)
  1034728    246368 730375824  0.001  0.000   20.901   14.468    0    0  (Gen:  0)
  1035528    246112 730498384  0.001  0.000   20.903   14.469    0    0  (Gen:  0)
  1036752    242504 730617264  0.001  0.000   20.905   14.470    0    0  (Gen:  0)
  1035952    243576 730739880  0.001  0.000   20.907   14.471    0    0  (Gen:  0)
  1034888    245904 730862408  0.001  0.000   20.910   14.473    0    0  (Gen:  0)
  1034904    245056 730983984  0.001  0.000   20.912   14.474    0    0  (Gen:  0)
  1036408    245472 731105920  0.001  0.000   20.914   14.475    0    0  (Gen:  0)
  1034616    245336 731228280  0.001  0.000   20.916   14.476    0    0  (Gen:  0)
  1034664    244608 731349392  0.001  0.000   20.918   14.477    0    0  (Gen:  0)
  1035632    244920 731471120  0.001  0.000   20.920   14.478    0    0  (Gen:  0)
  1035016    244320 731591624  0.001  0.000   20.922   14.479    0    0  (Gen:  0)
  1035912    243864 731713832  0.001  0.000   20.924   14.480    0    0  (Gen:  0)
  1034832    246896 731836576  0.001  0.000   20.926   14.481    0    0  (Gen:  0)
  1034552    245520 731958136  0.001  0.000   20.928   14.482    0    0  (Gen:  0)
  1036272    245824 732080416  0.001  0.000   20.930   14.483    0    0  (Gen:  0)
  1034824    245992 732202024  0.001  0.000   20.932   14.484    0    0  (Gen:  0)
  1035000    245200 732323616  0.001  0.000   20.934   14.485    0    0  (Gen:  0)
  1036264    246072 732445496  0.001  0.000   20.936   14.487    0    0  (Gen:  0)
  1035984    246304 732567480  0.001  0.000   20.938   14.488    0    0  (Gen:  0)
  1616224    247184 732690296  0.001  0.000   20.941   14.489    0    0  (Gen:  0)
  1035808    246648 732812104  0.001  0.000   20.943   14.490    0    0  (Gen:  0)
  1037704    234576 732923056  0.001  0.000   20.945   14.491    0    0  (Gen:  0)
  1037984    230624 733039344  0.001  0.000   20.947   14.492    0    0  (Gen:  0)
  1035688    240792 733161128  0.001  0.000   20.949   14.493    0    0  (Gen:  0)
  1035688    245328 733283632  0.001  0.000   20.951   14.494    0    0  (Gen:  0)
  1036296    244440 733405040  0.001  0.000   20.953   14.495    0    0  (Gen:  0)
  1036216    243784 733526944  0.001  0.000   20.955   14.496    0    0  (Gen:  0)
  1034808    244896 733648616  0.001  0.000   20.957   14.497    0    0  (Gen:  0)
  1036048    246408 733771336  0.001  0.000   20.959   14.498    0    0  (Gen:  0)
  1036512    244728 733892216  0.001  0.000   20.961   14.499    0    0  (Gen:  0)
  1035192    244640 734014568  0.001  0.000   20.963   14.501    0    0  (Gen:  0)
  1036688    244400 734136192  0.001  0.000   20.966   14.502    0    0  (Gen:  0)
  1035448    245480 734258208  0.001  0.000   20.968   14.503    0    0  (Gen:  0)
  1035552    244728 734379648  0.001  0.000   20.970   14.504    0    0  (Gen:  0)
  1036616    245528 734501824  0.001  0.000   20.972   14.505    0    0  (Gen:  0)
  1036416    244776 734623296  0.001  0.000   20.974   14.506    0    0  (Gen:  0)
  1035184    245688 734745632  0.001  0.000   20.976   14.507    0    0  (Gen:  0)
  1036056    245312 734867296  0.001  0.000   20.978   14.508    0    0  (Gen:  0)
  1035600    245200 734988712  0.001  0.000   20.980   14.509    0    0  (Gen:  0)
  1034408    241280 735106720  0.001  0.000   20.982   14.510    0    0  (Gen:  0)
  1035976    242344 735228384  0.001  0.000   20.984   14.511    0    0  (Gen:  0)
  1035496    244240 735350232  0.001  0.000   20.986   14.512    0    0  (Gen:  0)
  1036264    245904 735472368  0.001  0.000   20.988   14.514    0    0  (Gen:  0)
  1035800    244728 735593704  0.001  0.000   20.991   14.515    0    0  (Gen:  0)
  1035200    244952 735715192  0.001  0.000   20.993   14.516    0    0  (Gen:  0)
  1034472    245152 735836752  0.001  0.000   20.995   14.517    0    0  (Gen:  0)
  1035040    244856 735957992  0.001  0.000   20.997   14.518    0    0  (Gen:  0)
  1034688    244880 736079392  0.001  0.000   20.999   14.519    0    0  (Gen:  0)
  1036136    246616 736202216  0.001  0.000   21.001   14.520    0    0  (Gen:  0)
  1033792    244624 736321584  0.001  0.000   21.003   14.521    0    0  (Gen:  0)
  1034872    244880 736443120  0.001  0.000   21.005   14.522    0    0  (Gen:  0)
  1036832    246712 736565968  0.001  0.000   21.007   14.523    0    0  (Gen:  0)
  1033464    245232 736686368  0.001  0.000   21.009   14.524    0    0  (Gen:  0)
  1034944    244664 736807800  0.001  0.000   21.011   14.525    0    0  (Gen:  0)
  1035336    246824 736929560  0.001  0.000   21.013   14.527    0    0  (Gen:  0)
  1035192    246008 737050520  0.001  0.000   21.015   14.528    0    0  (Gen:  0)
  1035144    245264 737171952  0.001  0.000   21.018   14.529    0    0  (Gen:  0)
  1034320    245240 737292984  0.001  0.000   21.020   14.530    0    0  (Gen:  0)
  1034816    244832 737414264  0.001  0.000   21.022   14.531    0    0  (Gen:  0)
  1037152    245304 737535928  0.001  0.000   21.024   14.532    0    0  (Gen:  0)
  1036576    246072 737658072  0.001  0.000   21.026   14.533    0    0  (Gen:  0)
  1036192    236280 737770192  0.001  0.000   21.028   14.534    0    0  (Gen:  0)
  1036328    236712 737892048  0.001  0.000   21.030   14.535    0    0  (Gen:  0)
  1035304    245856 738014176  0.001  0.000   21.032   14.536    0    0  (Gen:  0)
  1035608    244944 738135688  0.001  0.000   21.034   14.537    0    0  (Gen:  0)
  1034240    244848 738256928  0.001  0.000   21.036   14.539    0    0  (Gen:  0)
  1034624    243888 738377432  0.001  0.000   21.038   14.540    0    0  (Gen:  0)
  1035032    243864 738498528  0.001  0.000   21.040   14.541    0    0  (Gen:  0)
  1035312    244456 738619672  0.001  0.000   21.043   14.542    0    0  (Gen:  0)
  1033320    244136 738740624  0.001  0.000   21.045   14.543    0    0  (Gen:  0)
  1035184    245280 738862152  0.001  0.000   21.047   14.544    0    0  (Gen:  0)
  1035392    244960 738983720  0.001  0.000   21.049   14.545    0    0  (Gen:  0)
  1036088    243552 739103728  0.001  0.000   21.051   14.546    0    0  (Gen:  0)
  1035216    243472 739225352  0.001  0.000   21.053   14.547    0    0  (Gen:  0)
  1036176    244320 739346112  0.001  0.000   21.055   14.548    0    0  (Gen:  0)
  1035800    245696 739467808  0.001  0.000   21.057   14.550    0    0  (Gen:  0)
  1034376    245688 739589144  0.001  0.000   21.059   14.551    0    0  (Gen:  0)
  1035592    245264 739710800  0.001  0.000   21.061   14.552    0    0  (Gen:  0)
  1035056    245216 739831960  0.001  0.000   21.063   14.553    0    0  (Gen:  0)
  1035456    243376 739952064  0.001  0.000   21.066   14.554    0    0  (Gen:  0)
  1034240    244080 740073240  0.001  0.000   21.068   14.555    0    0  (Gen:  0)
  1035504    244576 740194720  0.001  0.000   21.070   14.556    0    0  (Gen:  0)
  1036024    244504 740315824  0.001  0.000   21.072   14.557    0    0  (Gen:  0)
  1036528    246288 740437520  0.001  0.000   21.074   14.558    0    0  (Gen:  0)
  1035952    245856 740559064  0.001  0.000   21.076   14.560    0    0  (Gen:  0)
  1035440    245056 740680376  0.001  0.000   21.078   14.561    0    0  (Gen:  0)
  1036096    241216 740797432  0.001  0.000   21.080   14.562    0    0  (Gen:  0)
  1036888    240088 740918672  0.001  0.000   21.082   14.563    0    0  (Gen:  0)
  1035512    246392 741040336  0.001  0.000   21.084   14.564    0    0  (Gen:  0)
  1035792    245344 741161424  0.001  0.000   21.086   14.565    0    0  (Gen:  0)
  1034336    244728 741282560  0.001  0.000   21.089   14.566    0    0  (Gen:  0)
  1033824    243976 741403176  0.001  0.000   21.091   14.567    0    0  (Gen:  0)
  1036408    243992 741523792  0.001  0.000   21.093   14.568    0    0  (Gen:  0)
  1035304    243760 741644840  0.001  0.000   21.095   14.569    0    0  (Gen:  0)
  1036384    245904 741766264  0.001  0.000   21.097   14.571    0    0  (Gen:  0)
  1035032    245128 741887440  0.001  0.000   21.099   14.572    0    0  (Gen:  0)
  1034600    243752 742007872  0.001  0.000   21.101   14.573    0    0  (Gen:  0)
  1036400    244656 742129176  0.001  0.000   21.103   14.574    0    0  (Gen:  0)
  1034080    244152 742250088  0.001  0.000   21.105   14.575    0    0  (Gen:  0)
  1035864    246008 742371808  0.001  0.000   21.107   14.576    0    0  (Gen:  0)
  1035880    242952 742490904  0.001  0.000   21.110   14.577    0    0  (Gen:  0)
  1036552    243520 742612528  0.001  0.000   21.112   14.578    0    0  (Gen:  0)
  1035232    244280 742733264  0.001  0.000   21.114   14.579    0    0  (Gen:  0)
  1035104    245896 742854888  0.001  0.000   21.116   14.580    0    0  (Gen:  0)
  1035872    244624 742975560  0.001  0.000   21.118   14.581    0    0  (Gen:  0)
  1036440    245216 743097208  0.001  0.000   21.120   14.583    0    0  (Gen:  0)
  1035472    244648 743218232  0.001  0.000   21.122   14.584    0    0  (Gen:  0)
  1035936    245728 743339672  0.001  0.000   21.124   14.585    0    0  (Gen:  0)
  1035144    243656 743459656  0.001  0.000   21.126   14.586    0    0  (Gen:  0)
  1035136    243664 743580456  0.001  0.000   21.128   14.587    0    0  (Gen:  0)
  1034912    245776 743701888  0.001  0.000   21.130   14.588    0    0  (Gen:  0)
  1036120    244664 743822584  0.001  0.000   21.133   14.589    0    0  (Gen:  0)
  1035536    244864 743943848  0.001  0.000   21.135   14.590    0    0  (Gen:  0)
  1034384    245472 744064728  0.001  0.000   21.137   14.591    0    0  (Gen:  0)
  1615496    246768 744186328  0.001  0.000   21.139   14.593    0    0  (Gen:  0)
  1035640    245168 744307488  0.001  0.000   21.141   14.594    0    0  (Gen:  0)
  1037520    234416 744418152  0.001  0.000   21.143   14.595    0    0  (Gen:  0)
  1037048    210304 744514200  0.001  0.000   21.145   14.596    0    0  (Gen:  0)
  1035176    223952 744635776  0.001  0.000   21.147   14.597    0    0  (Gen:  0)
  1034640    244832 744757344  0.001  0.000   21.149   14.598    0    0  (Gen:  0)
  1035768    242888 744878840  0.001  0.000   21.151   14.599    0    0  (Gen:  0)
  1034048    242936 744998888  0.001  0.000   21.153   14.600    0    0  (Gen:  0)
  1035408    242072 745120440  0.001  0.000   21.155   14.601    0    0  (Gen:  0)
  1036048    243488 745241016  0.001  0.000   21.158   14.602    0    0  (Gen:  0)
  1034832    241752 745361880  0.001  0.000   21.160   14.603    0    0  (Gen:  0)
  1036096    244064 745483072  0.001  0.000   21.162   14.604    0    0  (Gen:  0)
  1035440    245464 745606112  0.001  0.000   21.164   14.605    0    0  (Gen:  0)
  1034832    245672 745727816  0.001  0.000   21.166   14.607    0    0  (Gen:  0)
  1034656    246472 745850616  0.001  0.000   21.168   14.608    0    0  (Gen:  0)
  1036056    245752 745972600  0.001  0.000   21.170   14.609    0    0  (Gen:  0)
  1034976    244672 746094272  0.001  0.000   21.172   14.610    0    0  (Gen:  0)
  1034872    245544 746216288  0.001  0.000   21.174   14.611    0    0  (Gen:  0)
  1034944    245856 746338416  0.001  0.000   21.176   14.612    0    0  (Gen:  0)
  1035384    245152 746460112  0.001  0.000   21.178   14.613    0    0  (Gen:  0)
  1037336    244344 746580688  0.001  0.000   21.180   14.614    0    0  (Gen:  0)
  1037728    244544 746702144  0.001  0.000   21.182   14.615    0    0  (Gen:  0)
  1035880    246248 746823832  0.001  0.000   21.185   14.616    0    0  (Gen:  0)
  1035096    245392 746945624  0.001  0.000   21.187   14.617    0    0  (Gen:  0)
  1035944    246256 747068152  0.001  0.000   21.189   14.619    0    0  (Gen:  0)
  1035544    244832 747189240  0.001  0.000   21.191   14.620    0    0  (Gen:  0)
  1035752    245000 747310928  0.001  0.000   21.193   14.621    0    0  (Gen:  0)
  1033896    246104 747433312  0.001  0.000   21.195   14.622    0    0  (Gen:  0)
  1035272    244680 747554328  0.001  0.000   21.197   14.623    0    0  (Gen:  0)
  1034200    244376 747676144  0.001  0.000   21.199   14.624    0    0  (Gen:  0)
  1034768    243472 747795984  0.001  0.000   21.201   14.625    0    0  (Gen:  0)
  1035504    243352 747917352  0.001  0.000   21.203   14.626    0    0  (Gen:  0)
  1034440    245152 748039320  0.001  0.000   21.205   14.627    0    0  (Gen:  0)
  1035456    245744 748161072  0.001  0.000   21.208   14.628    0    0  (Gen:  0)
  1036080    245456 748282904  0.001  0.000   21.210   14.629    0    0  (Gen:  0)
  1035128    245664 748404880  0.001  0.000   21.212   14.631    0    0  (Gen:  0)
  1034608    245120 748526088  0.001  0.000   21.214   14.632    0    0  (Gen:  0)
  1035592    244464 748647352  0.001  0.000   21.216   14.633    0    0  (Gen:  0)
  1034848    245112 748769368  0.001  0.000   21.218   14.634    0    0  (Gen:  0)
  1034312    244920 748890376  0.001  0.000   21.220   14.635    0    0  (Gen:  0)
  1035544    245728 749011864  0.001  0.000   21.222   14.636    0    0  (Gen:  0)
  1034384    245976 749133408  0.001  0.000   21.224   14.637    0    0  (Gen:  0)
  1034456    245616 749255160  0.001  0.000   21.226   14.638    0    0  (Gen:  0)
  1036624    237896 749368832  0.001  0.000   21.228   14.639    0    0  (Gen:  0)
  1035232    237704 749490024  0.001  0.000   21.230   14.640    0    0  (Gen:  0)
  1034288    245360 749612232  0.001  0.000   21.232   14.641    0    0  (Gen:  0)
  1035896    245448 749733840  0.001  0.000   21.234   14.642    0    0  (Gen:  0)
  1035952    245128 749855424  0.001  0.000   21.236   14.644    0    0  (Gen:  0)
  1035856    244712 749976552  0.001  0.000   21.239   14.645    0    0  (Gen:  0)
  1035232    244776 750097936  0.001  0.000   21.241   14.646    0    0  (Gen:  0)
  1035952    244560 750218968  0.001  0.000   21.243   14.647    0    0  (Gen:  0)
  1034208    244736 750340288  0.001  0.000   21.244   14.648    0    0  (Gen:  0)
  1035176    245080 750461984  0.001  0.001   21.246   14.649    0    0  (Gen:  0)
  1035168    244704 750583168  0.001  0.000   21.248   14.651    0    0  (Gen:  0)
  1034416    242976 750702816  0.001  0.000   21.250   14.652    0    0  (Gen:  0)
  1033928    242520 750823792  0.001  0.000   21.252   14.653    0    0  (Gen:  0)
  1033976    244216 750945056  0.001  0.000   21.254   14.654    0    0  (Gen:  0)
  1035616    244704 751066488  0.001  0.000   21.256   14.655    0    0  (Gen:  0)
  1034320    244528 751187552  0.001  0.000   21.258   14.656    0    0  (Gen:  0)
  1035560    246392 751309624  0.001  0.000   21.260   14.657    0    0  (Gen:  0)
  1035432    246336 751431256  0.001  0.000   21.263   14.658    0    0  (Gen:  0)
  1037680    245232 751552560  0.001  0.000   21.265   14.660    0    0  (Gen:  0)
  1036248    245312 751674072  0.001  0.000   21.267   14.661    0    0  (Gen:  0)
  1035576    245544 751796096  0.001  0.000   21.269   14.662    0    0  (Gen:  0)
  1036688    245496 751917712  0.001  0.000   21.271   14.663    0    0  (Gen:  0)
  1034768    244840 752038952  0.001  0.000   21.273   14.664    0    0  (Gen:  0)
  1034920    246328 752160688  0.001  0.000   21.275   14.665    0    0  (Gen:  0)
  1034416    245048 752281896  0.001  0.000   21.277   14.666    0    0  (Gen:  0)
  1035328    241720 752399648  0.001  0.000   21.279   14.667    0    0  (Gen:  0)
  1035264    241680 752521288  0.001  0.000   21.281   14.668    0    0  (Gen:  0)
  1035848    244376 752642048  0.001  0.000   21.284   14.669    0    0  (Gen:  0)
  1035456    245808 752763984  0.001  0.000   21.286   14.671    0    0  (Gen:  0)
  1035424    246728 752885272  0.001  0.000   21.288   14.672    0    0  (Gen:  0)
  1035624    245016 753006672  0.001  0.000   21.290   14.673    0    0  (Gen:  0)
  1035656    245152 753127776  0.001  0.000   21.292   14.674    0    0  (Gen:  0)
  1035216    245072 753249536  0.001  0.000   21.294   14.675    0    0  (Gen:  0)
  1035520    244296 753370192  0.001  0.000   21.296   14.676    0    0  (Gen:  0)
  1036856    246376 753492400  0.001  0.000   21.298   14.677    0    0  (Gen:  0)
  1035296    245440 753613496  0.001  0.000   21.300   14.678    0    0  (Gen:  0)
  1036056    244856 753734640  0.001  0.000   21.302   14.680    0    0  (Gen:  0)
  1036016    244408 753855800  0.001  0.000   21.304   14.681    0    0  (Gen:  0)
  1034880    246248 753977608  0.001  0.000   21.306   14.682    0    0  (Gen:  0)
  1037000    244168 754097240  0.001  0.000   21.308   14.683    0    0  (Gen:  0)
  1036768    243992 754218640  0.001  0.000   21.310   14.684    0    0  (Gen:  0)
  1035736    244240 754339376  0.001  0.000   21.312   14.685    0    0  (Gen:  0)
  1034992    245656 754460912  0.001  0.000   21.314   14.686    0    0  (Gen:  0)
  1035096    245368 754582072  0.001  0.000   21.316   14.687    0    0  (Gen:  0)
  1035688    244576 754702736  0.001  0.000   21.318   14.689    0    0  (Gen:  0)
  1034712    243640 754823720  0.001  0.000   21.320   14.690    0    0  (Gen:  0)
  1036640    246616 754945824  0.001  0.000   21.322   14.691    0    0  (Gen:  0)
  1035664    245384 755066360  0.001  0.000   21.324   14.692    0    0  (Gen:  0)
  1616352    245968 755188872  0.001  0.000   21.327   14.693    0    0  (Gen:  0)
  1034520    245296 755309856  0.001  0.000   21.329   14.694    0    0  (Gen:  0)
  1034824    245504 755430872  0.001  0.000   21.330   14.696    0    0  (Gen:  0)
  1035168    245112 755552384  0.001  0.000   21.332   14.697    0    0  (Gen:  0)
  1034992    244736 755673392  0.001  0.000   21.334   14.698    0    0  (Gen:  0)
  1034824    245744 755794680  0.001  0.000   21.336   14.699    0    0  (Gen:  0)
  1034464    244864 755915624  0.001  0.000   21.339   14.700    0    0  (Gen:  0)
  1036056    239304 756031240  0.001  0.000   21.341   14.701    0    0  (Gen:  0)
  1036464    227984 756140048  0.001  0.000   21.343   14.702    0    0  (Gen:  0)
  1035248    236040 756261944  0.001  0.000   21.345   14.703    0    0  (Gen:  0)
  1035312    244600 756382512  0.001  0.000   21.347   14.705    0    0  (Gen:  0)
  1035488    244064 756504016  0.001  0.000   21.349   14.706    0    0  (Gen:  0)
  1036544    244552 756625136  0.001  0.000   21.351   14.707    0    0  (Gen:  0)
  1036008    244072 756746104  0.001  0.000   21.353   14.708    0    0  (Gen:  0)
  1034120    243888 756866928  0.001  0.000   21.355   14.709    0    0  (Gen:  0)
  1035280 666851616 696020544  1.570  0.487   22.925   15.197    0    0  (Gen:  1)
  1615488    245160 696140984  0.001  0.000   22.928   15.199    0    0  (Gen:  0)
  1037368    243920 696260992  0.001  0.000   22.930   15.199    0    0  (Gen:  0)
  1036488    243704 696380960  0.001  0.000   22.931   15.200    0    0  (Gen:  0)
  1036448    243472 696501264  0.001  0.000   22.933   15.201    0    0  (Gen:  0)
  1034224    241464 696619120  0.001  0.000   22.934   15.202    0    0  (Gen:  0)
  1037472    241800 696739712  0.001  0.000   22.936   15.203    0    0  (Gen:  0)
  1035496    246424 696861176  0.001  0.000   22.938   15.204    0    0  (Gen:  0)
  1033744    244208 696981856  0.001  0.000   22.939   15.205    0    0  (Gen:  0)
  1036168    244232 697102872  0.001  0.000   22.941   15.206    0    0  (Gen:  0)
  1035952    244408 697223928  0.001  0.000   22.943   15.207    0    0  (Gen:  0)
  1034896    244144 697345072  0.001  0.000   22.944   15.208    0    0  (Gen:  0)
  1035024    245816 697466192  0.001  0.000   22.946   15.209    0    0  (Gen:  0)
  1035944    244288 697586680  0.001  0.000   22.948   15.210    0    0  (Gen:  0)
  1034352    244256 697707848  0.001  0.000   22.950   15.211    0    0  (Gen:  0)
  1034888    244408 697828912  0.001  0.000   22.951   15.212    0    0  (Gen:  0)
  1036320    246160 697951224  0.001  0.000   22.953   15.213    0    0  (Gen:  0)
  1034992    246848 698072504  0.001  0.000   22.955   15.214    0    0  (Gen:  0)
  1036520    245536 698194320  0.001  0.000   22.957   15.215    0    0  (Gen:  0)
  1036616    246552 698316864  0.001  0.000   22.958   15.216    0    0  (Gen:  0)
  1035400    245688 698437384  0.001  0.000   22.960   15.217    0    0  (Gen:  0)
  1035704    242464 698555392  0.001  0.000   22.962   15.218    0    0  (Gen:  0)
  1035232    242136 698677080  0.001  0.000   22.964   15.219    0    0  (Gen:  0)
  1036696    245576 698798776  0.001  0.000   22.965   15.220    0    0  (Gen:  0)
  1036128    244960 698919872  0.001  0.000   22.967   15.221    0    0  (Gen:  0)
  1034968    244968 699040928  0.001  0.000   22.969   15.222    0    0  (Gen:  0)
  1033744    244616 699162160  0.001  0.000   22.971   15.223    0    0  (Gen:  0)
  1034208    244168 699282864  0.001  0.000   22.973   15.224    0    0  (Gen:  0)
  1034752    245264 699404312  0.001  0.000   22.974   15.225    0    0  (Gen:  0)
  1035048    245968 699525448  0.001  0.000   22.976   15.226    0    0  (Gen:  0)
  1035544    244752 699646712  0.001  0.000   22.978   15.227    0    0  (Gen:  0)
  1036544    244864 699768160  0.001  0.000   22.980   15.229    0    0  (Gen:  0)
  1035896    246224 699889752  0.001  0.000   22.981   15.229    0    0  (Gen:  0)
  1035200    245008 700010800  0.001  0.000   22.983   15.230    0    0  (Gen:  0)
  1035608    244888 700131888  0.001  0.000   22.985   15.231    0    0  (Gen:  0)
  1035632    246032 700253784  0.001  0.000   22.987   15.233    0    0  (Gen:  0)
  1035736    245200 700373392  0.001  0.000   22.988   15.234    0    0  (Gen:  0)
  1034928    243400 700494576  0.001  0.000   22.990   15.234    0    0  (Gen:  0)
  1035408    244296 700615568  0.001  0.000   22.992   15.236    0    0  (Gen:  0)
  1034280    245736 700736768  0.001  0.000   22.994   15.237    0    0  (Gen:  0)
  1035040    244832 700857968  0.001  0.000   22.995   15.238    0    0  (Gen:  0)
  1034584    244376 700978944  0.001  0.000   22.997   15.239    0    0  (Gen:  0)
  1034056    245464 701099968  0.001  0.000   22.999   15.240    0    0  (Gen:  0)
  1036216    244984 701221344  0.001  0.000   23.000   15.241    0    0  (Gen:  0)
  1034792    244352 701342416  0.001  0.000   23.002   15.242    0    0  (Gen:  0)
  1034344    244808 701462576  0.001  0.000   23.004   15.243    0    0  (Gen:  0)
  1034368    243920 701583552  0.001  0.000   23.006   15.244    0    0  (Gen:  0)
  1035848    244456 701704784  0.001  0.000   23.008   15.245    0    0  (Gen:  0)
  1034592    245760 701825728  0.001  0.000   23.009   15.246    0    0  (Gen:  0)
  1033032    244520 701946840  0.001  0.000   23.011   15.247    0    0  (Gen:  0)
  1035080    244416 702068104  0.001  0.000   23.013   15.248    0    0  (Gen:  0)
  1034920    246216 702189520  0.001  0.000   23.014   15.249    0    0  (Gen:  0)
  1036096    244664 702310440  0.001  0.000   23.016   15.250    0    0  (Gen:  0)
  1037008    246184 702432264  0.001  0.000   23.018   15.251    0    0  (Gen:  0)
  1035600    236768 702544368  0.001  0.000   23.019   15.251    0    0  (Gen:  0)
  1034984    235912 702665360  0.001  0.000   23.021   15.252    0    0  (Gen:  0)
  1035616    245896 702786784  0.001  0.000   23.023   15.253    0    0  (Gen:  0)
  1034968    244864 702907792  0.001  0.000   23.024   15.254    0    0  (Gen:  0)
  1036344    244664 703029120  0.001  0.000   23.026   15.256    0    0  (Gen:  0)
  1036656    246624 703150720  0.001  0.000   23.028   15.257    0    0  (Gen:  0)
  1035856    244384 703271544  0.001  0.000   23.030   15.258    0    0  (Gen:  0)
  1035920    244176 703392280  0.001  0.000   23.032   15.259    0    0  (Gen:  0)
  1035912    245208 703513552  0.001  0.000   23.034   15.260    0    0  (Gen:  0)
  1035568    245024 703634432  0.001  0.000   23.036   15.261    0    0  (Gen:  0)
  1034368    244520 703755296  0.001  0.000   23.037   15.262    0    0  (Gen:  0)
  1034256    245624 703876816  0.001  0.000   23.039   15.263    0    0  (Gen:  0)
  1034928    245176 703997232  0.001  0.000   23.041   15.264    0    0  (Gen:  0)
  1035432    244112 704118120  0.001  0.000   23.043   15.265    0    0  (Gen:  0)
  1035288    246168 704239992  0.001  0.000   23.044   15.266    0    0  (Gen:  0)
  1035624    245400 704360904  0.001  0.000   23.046   15.267    0    0  (Gen:  0)
  1035200    244704 704481912  0.001  0.000   23.048   15.268    0    0  (Gen:  0)
  1034752    243680 704601104  0.001  0.000   23.050   15.269    0    0  (Gen:  0)
  1034880    243056 704722296  0.001  0.000   23.051   15.270    0    0  (Gen:  0)
  1035064    244464 704843488  0.001  0.000   23.053   15.271    0    0  (Gen:  0)
  1035584    245592 704964328  0.001  0.000   23.055   15.272    0    0  (Gen:  0)
  1036296    244504 705085592  0.001  0.000   23.058   15.273    0    0  (Gen:  0)
  1034624    244560 705206696  0.001  0.000   23.059   15.274    0    0  (Gen:  0)
  1035720    245472 705327328  0.001  0.000   23.061   15.275    0    0  (Gen:  0)
  1034048    244256 705448104  0.001  0.000   23.063   15.276    0    0  (Gen:  0)
  1034720    245264 705569088  0.001  0.000   23.065   15.277    0    0  (Gen:  0)
  1036112    244200 705689616  0.001  0.000   23.066   15.278    0    0  (Gen:  0)
  1036056    244048 705810912  0.001  0.000   23.068   15.279    0    0  (Gen:  0)
  1035032    245744 705931768  0.001  0.000   23.070   15.280    0    0  (Gen:  0)
  1035352    244176 706052616  0.001  0.000   23.072   15.281    0    0  (Gen:  0)
  1035464    245752 706173728  0.001  0.000   23.073   15.282    0    0  (Gen:  0)
  1035368    244848 706294376  0.001  0.000   23.075   15.283    0    0  (Gen:  0)
  1036088    243432 706415296  0.001  0.000   23.077   15.284    0    0  (Gen:  0)
  1034592    245928 706536656  0.001  0.000   23.079   15.285    0    0  (Gen:  0)
  1035400    244744 706657464  0.001  0.000   23.080   15.286    0    0  (Gen:  0)
  1034232    245936 706778816  0.001  0.000   23.082   15.287    0    0  (Gen:  0)
  1035304    241408 706895992  0.001  0.000   23.084   15.288    0    0  (Gen:  0)
  1035920    240656 707017040  0.001  0.000   23.086   15.289    0    0  (Gen:  0)
  1036256    245864 707138360  0.001  0.000   23.088   15.290    0    0  (Gen:  0)
  1035008    244720 707259096  0.001  0.000   23.090   15.291    0    0  (Gen:  0)
  1034584    245232 707380352  0.001  0.000   23.091   15.292    0    0  (Gen:  0)
  1036280    245256 707501784  0.001  0.000   23.093   15.293    0    0  (Gen:  0)
  1034368    244504 707622688  0.001  0.000   23.095   15.294    0    0  (Gen:  0)
  1034432    245288 707743392  0.001  0.000   23.097   15.295    0    0  (Gen:  0)
  1036360    244728 707864832  0.001  0.000   23.099   15.296    0    0  (Gen:  0)
  1035872    245952 707985840  0.001  0.000   23.100   15.297    0    0  (Gen:  0)
  1036552    244448 708107200  0.001  0.000   23.102   15.298    0    0  (Gen:  0)
  1614568    245632 708227864  0.001  0.000   23.104   15.300    0    0  (Gen:  0)
  1034392    244752 708349048  0.001  0.000   23.106   15.301    0    0  (Gen:  0)
  1035400    244632 708470456  0.001  0.000   23.108   15.302    0    0  (Gen:  0)
  1035976    245520 708591080  0.001  0.000   23.109   15.303    0    0  (Gen:  0)
  1036168    244600 708712472  0.001  0.000   23.111   15.304    0    0  (Gen:  0)
  1034968    245808 708833360  0.001  0.000   23.113   15.305    0    0  (Gen:  0)
  1035416    244400 708953920  0.001  0.000   23.115   15.306    0    0  (Gen:  0)
  1036624    245480 709075184  0.001  0.000   23.116   15.307    0    0  (Gen:  0)
  1035888    245544 709196696  0.001  0.000   23.118   15.308    0    0  (Gen:  0)
  1034656    244504 709318016  0.001  0.000   23.120   15.309    0    0  (Gen:  0)
  1035848    243696 709436992  0.001  0.000   23.122   15.310    0    0  (Gen:  0)
  1034656    242720 709558064  0.001  0.000   23.124   15.311    0    0  (Gen:  0)
  1034752    245048 709678472  0.001  0.000   23.125   15.312    0    0  (Gen:  0)
  1035976    244464 709799688  0.001  0.000   23.127   15.313    0    0  (Gen:  0)
  1034976    245704 709920720  0.001  0.000   23.129   15.314    0    0  (Gen:  0)
  1033800    244552 710041568  0.001  0.000   23.131   15.315    0    0  (Gen:  0)
  1035896    245504 710162560  0.001  0.000   23.133   15.316    0    0  (Gen:  0)
  1034528    244600 710283416  0.001  0.000   23.135   15.317    0    0  (Gen:  0)
  1036304    245464 710404304  0.001  0.000   23.136   15.318    0    0  (Gen:  0)
  1035776    245592 710525768  0.001  0.000   23.138   15.319    0    0  (Gen:  0)
  1035200    244488 710646720  0.001  0.000   23.140   15.320    0    0  (Gen:  0)
  1035616    244448 710766752  0.001  0.000   23.142   15.321    0    0  (Gen:  0)
  1035928    243968 710887968  0.001  0.000   23.143   15.322    0    0  (Gen:  0)
  1036224    245600 711008736  0.001  0.000   23.145   15.323    0    0  (Gen:  0)
  1036120    244416 711129560  0.001  0.000   23.147   15.324    0    0  (Gen:  0)
  1036920    245712 711250792  0.001  0.000   23.149   15.325    0    0  (Gen:  0)
  1033184    244792 711371656  0.001  0.000   23.151   15.326    0    0  (Gen:  0)
  1035664    244936 711492120  0.001  0.000   23.153   15.327    0    0  (Gen:  0)
  1036104    244512 711613176  0.001  0.000   23.154   15.328    0    0  (Gen:  0)
  1035216    244680 711733496  0.001  0.000   23.156   15.329    0    0  (Gen:  0)
  1035328    243968 711854464  0.001  0.000   23.158   15.330    0    0  (Gen:  0)
  1037744    325200 712054824  0.001  0.000   23.159   15.331    0    0  (Gen:  0)
  1043520    260240 712128392  0.001  0.000   23.161   15.332    0    0  (Gen:  0)
  1037056    186736 712259480  0.001  0.000   23.162   15.333    0    0  (Gen:  0)
  1040984    249720 712505696  0.001  0.000   23.165   15.334    0    0  (Gen:  0)
  1042408    305704 712757840  0.001  0.000   23.166   15.335    0    0  (Gen:  0)
  1038888    344904 713007688  0.001  0.000   23.167   15.336    0    0  (Gen:  0)
  1042912    181088 713032832  0.001  0.000   23.169   15.337    0    0  (Gen:  0)
  1029120    308896 713336744  0.001  0.000   23.171   15.337    0    0  (Gen:  0)
  1028032    293680 713623184  0.002  0.001   23.174   15.339    0    0  (Gen:  0)
  1041632    289888 713904616  0.002  0.001   23.176   15.340    0    0  (Gen:  0)
  1037992    244664 714141960  0.002  0.001   23.179   15.341    0    0  (Gen:  0)
   909816     38872 714164672  0.000  0.000   23.180   15.341    0    0  (Gen:  0)
   901600     43624 714175872  0.000  0.000   23.180   15.342    0    0  (Gen:  0)
  1137928    207480 714404568  0.001  0.000   23.181   15.343    0    0  (Gen:  0)
  1728024     74304 714265336  0.001  0.000   23.185   15.345    0    0  (Gen:  0)
  1158896    147376 714387688  0.000  0.000   23.186   15.346    0    0  (Gen:  0)
  1975608    349400 714662144  0.002  0.001   23.189   15.348    0    0  (Gen:  0)
  1033704    403752 714822184  0.002  0.001   23.192   15.349    0    0  (Gen:  0)
  1029368    155968 714904072  0.001  0.000   23.195   15.351    0    0  (Gen:  0)
  1035736    154104 714971088  0.001  0.000   23.198   15.354    0    0  (Gen:  0)
  1038048    123792 715033096  0.001  0.000   23.201   15.355    0    0  (Gen:  0)
  1037632    224952 715174144  0.001  0.000   23.203   15.357    0    0  (Gen:  0)
  1039272    149168 715226960  0.001  0.000   23.206   15.358    0    0  (Gen:  0)
  1031768    148384 715335288  0.001  0.000   23.208   15.360    0    0  (Gen:  0)
  1035376    257448 715480704  0.001  0.000   23.211   15.361    0    0  (Gen:  0)
  1033664    308184 715640816  0.001  0.001   23.214   15.363    0    0  (Gen:  0)
  1038256    293128 715767912  0.002  0.001   23.217   15.365    0    0  (Gen:  0)
  1033712    263416 715898232  0.001  0.000   23.220   15.367    0    0  (Gen:  0)
  1037024    279120 716040360  0.001  0.000   23.223   15.368    0    0  (Gen:  0)
  1032848    306176 716197672  0.001  0.001   23.226   15.370    0    0  (Gen:  0)
  1036424    306880 716340128  0.001  0.001   23.229   15.372    0    0  (Gen:  0)
  1038744    250136 716441896  0.002  0.000   23.232   15.373    0    0  (Gen:  0)
  1040368    160784 716495352  0.001  0.000   23.234   15.375    0    0  (Gen:  0)
  1041656     87488 716525072  0.001  0.000   23.236   15.376    0    0  (Gen:  0)
  1036672     94056 716581376  0.001  0.000   23.238   15.377    0    0  (Gen:  0)
  1040080    116656 716629376  0.001  0.000   23.240   15.378    0    0  (Gen:  0)
  1030248    156448 716730424  0.001  0.000   23.242   15.380    0    0  (Gen:  0)
  1036584    201688 716819680  0.001  0.000   23.245   15.382    0    0  (Gen:  0)
  1041848     97904 716824432  0.001  0.000   23.247   15.383    0    0  (Gen:  0)
  1032712     96040 716910968  0.001  0.000   23.250   15.385    0    0  (Gen:  0)
  1038712    107456 716943496  0.001  0.000   23.252   15.387    0    0  (Gen:  0)
  1035608     80920 716993848  0.001  0.000   23.254   15.388    0    0  (Gen:  0)
  1038944     93736 717034848  0.001  0.000   23.257   15.390    0    0  (Gen:  0)
  1038816     85512 717087928  0.000  0.000   23.258   15.391    0    0  (Gen:  0)
  1039184    105704 717141696  0.001  0.000   23.260   15.393    0    0  (Gen:  0)
  1038984    102896 717180968  0.001  0.000   23.262   15.394    0    0  (Gen:  0)
  1040648     73528 717216120  0.000  0.000   23.263   15.395    0    0  (Gen:  0)
  1040624     82600 717253160  0.000  0.000   23.265   15.396    0    0  (Gen:  0)
  1040952    116736 717320864  0.000  0.000   23.266   15.397    0    0  (Gen:  0)
  1040448     87960 717353712  0.000  0.000   23.268   15.398    0    0  (Gen:  0)
  1041024     82672 717384008  0.001  0.000   23.270   15.399    0    0  (Gen:  0)
  1037328    305352 717646736  0.001  0.001   23.272   15.401    0    0  (Gen:  0)
  1657512    437184 717851520  0.003  0.001   23.277   15.403    0    0  (Gen:  0)
  1038800    441520 718114520  0.004  0.001   23.282   15.405    0    0  (Gen:  0)
  1038536    377360 718268344  0.003  0.001   23.285   15.406    0    0  (Gen:  0)
  1039224    355272 718487096  0.003  0.001   23.289   15.408    0    0  (Gen:  0)
  1038896    431520 718722464  0.003  0.001   23.292   15.409    0    0  (Gen:  0)
  1042936    316160 718820752  0.002  0.001   23.295   15.410    0    0  (Gen:  0)
  1035992    300784 719087040  0.002  0.001   23.298   15.412    0    0  (Gen:  0)
  2122944    323296 719354288  0.002  0.000   23.302   15.414    0    0  (Gen:  0)
  1027408    314136 719417144  0.002  0.001   23.306   15.417    0    0  (Gen:  0)
  1030600    173288 719510552  0.002  0.001   23.309   15.419    0    0  (Gen:  0)
  1031328    276936 719673480  0.003  0.001   23.313   15.421    0    0  (Gen:  0)
  1035136    309936 719815432  0.003  0.001   23.317   15.423    0    0  (Gen:  0)
  1032136    218384 719891016  0.002  0.001   23.321   15.426    0    0  (Gen:  0)
  1037936    111456 719934232  0.001  0.000   23.323   15.428    0    0  (Gen:  0)
  1038840     81912 719972832  0.001  0.000   23.325   15.429    0    0  (Gen:  0)
  1039808    243368 720172080  0.002  0.001   23.328   15.431    0    0  (Gen:  0)
  1041024    352872 720341088  0.003  0.001   23.332   15.433    0    0  (Gen:  0)
  1036504    340160 720529816  0.002  0.001   23.335   15.434    0    0  (Gen:  0)
  1556768    285384 720805176  0.002  0.001   23.338   15.436    0    0  (Gen:  0)
  1041728    329024 720883152  0.002  0.000   23.341   15.437    0    0  (Gen:  0)
  1125296    273408 721100856  0.001  0.000   23.343   15.438    0    0  (Gen:  0)
  1002000     59536 721056064  0.000  0.000   23.344   15.439    0    0  (Gen:  0)
   894984     29304 721072736  0.000  0.000   23.344   15.439    0    0  (Gen:  0)
   934384     21432 721094880  0.000  0.000   23.345   15.440    0    0  (Gen:  0)
  1161288    254696 721373960  0.002  0.000   23.348   15.441    0    0  (Gen:  0)
  1071216    449408 721579616  0.002  0.001   23.350   15.443    0    0  (Gen:  0)
  1028640    150352 721682664  0.001  0.000   23.353   15.444    0    0  (Gen:  0)
  1033304    169464 721748720  0.001  0.000   23.356   15.447    0    0  (Gen:  0)
  1072560    148576 721868256  0.001  0.000   23.359   15.448    0    0  (Gen:  0)
  1038688    211544 721978040  0.001  0.000   23.361   15.449    0    0  (Gen:  0)
  1036360    196848 722082776  0.001  0.000   23.363   15.451    0    0  (Gen:  0)
  1033224    201360 722188544  0.001  0.000   23.366   15.453    0    0  (Gen:  0)
  1033816    202472 722279200  0.001  0.001   23.369   15.455    0    0  (Gen:  0)
  1038272    214256 722392928  0.001  0.001   23.371   15.456    0    0  (Gen:  0)
  1038960    243552 722515816  0.001  0.001   23.374   15.458    0    0  (Gen:  0)
  1039976    248264 722634624  0.001  0.001   23.376   15.459    0    0  (Gen:  0)
  1038944    227720 722733576  0.001  0.001   23.379   15.461    0    0  (Gen:  0)
  1038976    211976 722839680  0.001  0.000   23.381   15.463    0    0  (Gen:  0)
  1038992    217504 722946744  0.001  0.000   23.384   15.464    0    0  (Gen:  0)
  1038832    232552 723065032  0.001  0.000   23.387   15.466    0    0  (Gen:  0)
  1035224    249160 723191456  0.002  0.001   23.390   15.467    0    0  (Gen:  0)
  1033056    264048 723323640  0.001  0.000   23.392   15.469    0    0  (Gen:  0)
  1034528    258088 723443656  0.001  0.000   23.394   15.470    0    0  (Gen:  0)
  1036136    265624 723584728  0.001  0.000   23.397   15.472    0    0  (Gen:  0)
  1036848    284800 723723680  0.001  0.001   23.400   15.474    0    0  (Gen:  0)
  1038600    187680 723767416  0.001  0.000   23.403   15.475    0    0  (Gen:  0)
  1040032    131400 723819320  0.001  0.000   23.404   15.476    0    0  (Gen:  0)
  1038168    122848 723876848  0.001  0.000   23.406   15.477    0    0  (Gen:  0)
  1038680     96920 723915264  0.001  0.000   23.409   15.479    0    0  (Gen:  0)
  1039840     63392 723945680  0.000  0.000   23.410   15.481    0    0  (Gen:  0)
  1040312     80656 723989952  0.000  0.000   23.411   15.481    0    0  (Gen:  0)
  1041416     98928 724035392  0.001  0.000   23.413   15.482    0    0  (Gen:  0)
  1041072    116728 724092216  0.001  0.000   23.415   15.484    0    0  (Gen:  0)
  1040768    100904 724120320  0.000  0.000   23.416   15.484    0    0  (Gen:  0)
  1040376     93992 724163816  0.000  0.000   23.417   15.485    0    0  (Gen:  0)
  1040184    100072 724209720  0.000  0.000   23.419   15.487    0    0  (Gen:  0)
  1040848     99656 724252568  0.001  0.000   23.420   15.488    0    0  (Gen:  0)
  1040152    102408 724302856  0.000  0.000   23.422   15.489    0    0  (Gen:  0)
  1040936     89864 724339416  0.000  0.000   23.423   15.490    0    0  (Gen:  0)
  1040784     99824 724386016  0.000  0.000   23.424   15.491    0    0  (Gen:  0)
  1041096    103056 724431264  0.000  0.000   23.426   15.492    0    0  (Gen:  0)
  1041352    157872 724533600  0.000  0.000   23.427   15.493    0    0  (Gen:  0)
  1036800    270896 724761160  0.000  0.000   23.429   15.494    0    0  (Gen:  0)
  1035560    320464 724890824  0.002  0.001   23.432   15.495    0    0  (Gen:  0)
  1036320    245800 725022704  0.001  0.000   23.433   15.496    0    0  (Gen:  0)
  1036000    244704 725148624  0.001  0.000   23.435   15.497    0    0  (Gen:  0)
  1037296    295240 725319920  0.001  0.000   23.437   15.498    0    0  (Gen:  0)
  1040640    418008 725589640  0.002  0.001   23.440   15.500    0    0  (Gen:  0)
  1040984    453776 725815464  0.002  0.001   23.444   15.501    0    0  (Gen:  0)
  1040904    429080 726030864  0.002  0.001   23.447   15.503    0    0  (Gen:  0)
  1041320    441792 726251544  0.002  0.001   23.450   15.504    0    0  (Gen:  0)
  1637472    312688 726334696  0.001  0.000   23.453   15.505    0    0  (Gen:  0)
  1070792    316352 726608912  0.001  0.000   23.456   15.506    0    0  (Gen:  0)
  1080872     93312 726650720  0.001  0.000   23.457   15.507    0    0  (Gen:  0)
  2711320    593472 727291392  0.001  0.000   23.461   15.509    0    0  (Gen:  0)
  2746336    939512 727695360  0.002  0.001   23.466   15.510    0    0  (Gen:  0)
  2942840    955648 728318280  0.002  0.001   23.470   15.512    0    0  (Gen:  0)
  2477280    435472 728566472  0.002  0.000   23.474   15.513    0    0  (Gen:  0)
  2593080    507040 728863928  0.001  0.001   23.479   15.515    0    0  (Gen:  0)
  2263416    399136 728980584  0.002  0.000   23.484   15.516    0    0  (Gen:  0)
  2104608    320880 729166520  0.001  0.000   23.488   15.518    0    0  (Gen:  0)
  2296072    328336 729302672  0.002  0.001   23.494   15.520    0    0  (Gen:  0)
  2469824    208344 729404200  0.001  0.000   23.501   15.522    0    0  (Gen:  0)
  1783920    268680 729590152  0.001  0.000   23.505   15.523    0    0  (Gen:  0)
  1800984    359968 729816800  0.002  0.001   23.509   15.525    0    0  (Gen:  0)
  2037712    470880 730065608  0.003  0.001   23.515   15.526    0    0  (Gen:  0)
  2189944    482224 730335664  0.002  0.001   23.520   15.528    0    0  (Gen:  0)
  2630816    485504 730558976  0.002  0.001   23.526   15.530    0    0  (Gen:  0)
  2296992    480672 730797560  0.002  0.001   23.531   15.532    0    0  (Gen:  0)
  2138120    523072 731105696  0.002  0.001   23.535   15.533    0    0  (Gen:  0)
  2347120    508200 731347512  0.002  0.001   23.541   15.535    0    0  (Gen:  0)
  2654984    488552 731590432  0.002  0.001   23.546   15.536    0    0  (Gen:  0)
  2096784    460856 731851272  0.002  0.001   23.551   15.538    0    0  (Gen:  0)
  2982128    475912 732103576  0.001  0.001   23.556   15.540    0    0  (Gen:  0)
  2849984    479088 732346736  0.001  0.001   23.562   15.542    0    0  (Gen:  0)
  2659792    449112 732564120  0.001  0.001   23.568   15.544    0    0  (Gen:  0)
  2946760    494672 732878168  0.002  0.001   23.575   15.546    0    0  (Gen:  0)
  2587200    625976 733234104  0.003  0.001   23.581   15.548    0    0  (Gen:  0)
  2385992    745936 733655096  0.003  0.001   23.587   15.550    0    0  (Gen:  0)
  2096632    758272 734045688  0.003  0.001   23.593   15.551    0    0  (Gen:  0)
  2225360    554968 734240216  0.002  0.001   23.598   15.553    0    0  (Gen:  0)
  1789768    566448 734612608  0.003  0.001   23.602   15.554    0    0  (Gen:  0)
  2136688    322000 734788776  0.001  0.000   23.606   15.556    0    0  (Gen:  0)
  2417000    350656 734958832  0.001  0.000   23.612   15.558    0    0  (Gen:  0)
  1469096    382320 735173984  0.001  0.000   23.616   15.560    0    0  (Gen:  0)
  1748656    452680 735442888  0.002  0.001   23.621   15.562    0    0  (Gen:  0)
  1992856    491200 735682760  0.001  0.001   23.625   15.564    0    0  (Gen:  0)
  2014120    559384 735949616  0.002  0.001   23.631   15.566    0    0  (Gen:  0)
  1799032    485680 736216400  0.002  0.001   23.636   15.568    0    0  (Gen:  0)
  1482056    376800 736336872  0.002  0.001   23.640   15.569    0    0  (Gen:  0)
  1820952    400344 736564096  0.002  0.001   23.646   15.572    0    0  (Gen:  0)
  1729664    475824 736829504  0.002  0.001   23.650   15.573    0    0  (Gen:  0)
  1436160    507448 737068328  0.002  0.001   23.653   15.575    0    0  (Gen:  0)
  1632456    411464 737262312  0.002  0.000   23.656   15.576    0    0  (Gen:  0)
  1958024    432512 737467216  0.001  0.001   23.660   15.577    0    0  (Gen:  0)
  1925680    456840 737712112  0.002  0.001   23.664   15.579    0    0  (Gen:  0)
  1448384    473960 737961528  0.002  0.001   23.668   15.580    0    0  (Gen:  0)
  1584464    311736 738020552  0.001  0.000   23.670   15.581    0    0  (Gen:  0)
  1740432    332048 738207128  0.001  0.000   23.674   15.582    0    0  (Gen:  0)
  1876200    330144 738357288  0.001  0.000   23.678   15.584    0    0  (Gen:  0)
  1302064    311248 738545720  0.001  0.000   23.680   15.585    0    0  (Gen:  0)
  1590728    213408 738588592  0.001  0.000   23.683   15.586    0    0  (Gen:  0)
  1532760    210320 738681720  0.001  0.000   23.687   15.588    0    0  (Gen:  0)
  1250128    270152 738857736  0.001  0.000   23.689   15.589    0    0  (Gen:  0)
  1997104    314200 738981640  0.001  0.000   23.692   15.590    0    0  (Gen:  0)
  1492856    285688 739042960  0.001  0.000   23.695   15.591    0    0  (Gen:  0)
  1467272    218472 739112024  0.001  0.000   23.697   15.592    0    0  (Gen:  0)
  1167704    183632 739160640  0.001  0.000   23.699   15.593    0    0  (Gen:  0)
  1317568    117224 739166216  0.001  0.000   23.702   15.594    0    0  (Gen:  0)
  1463896    169240 739276184  0.001  0.000   23.705   15.595    0    0  (Gen:  0)
  1418296    139008 739311912  0.001  0.000   23.708   15.596    0    0  (Gen:  0)
  1398528    172248 739416384  0.001  0.000   23.710   15.597    0    0  (Gen:  0)
  1490432    173672 739482216  0.001  0.000   23.713   15.598    0    0  (Gen:  0)
  1262832    134736 739536888  0.001  0.000   23.715   15.599    0    0  (Gen:  0)
  1415960    133432 739603672  0.001  0.000   23.718   15.601    0    0  (Gen:  0)
  1426136    233152 739761176  0.001  0.000   23.721   15.602    0    0  (Gen:  0)
  1314632    171072 739819232  0.001  0.000   23.723   15.603    0    0  (Gen:  0)
  1206464    136792 739853592  0.001  0.000   23.725   15.603    0    0  (Gen:  0)
  1260456    117104 739890256  0.001  0.000   23.727   15.604    0    0  (Gen:  0)
  1400608    135432 739952568  0.001  0.000   23.729   15.605    0    0  (Gen:  0)
  1723040    126712 740009504  0.001  0.000   23.732   15.606    0    0  (Gen:  0)
  1987328    231016 740175144  0.001  0.000   23.734   15.607    0    0  (Gen:  0)
  2227664    182096 740190336  0.001  0.000   23.737   15.608    0    0  (Gen:  0)
  1547704    162920 740245096  0.000  0.000   23.738   15.609    0    0  (Gen:  0)
  1726608    178384 740317520  0.001  0.000   23.741   15.610    0    0  (Gen:  0)
  2011464    184744 740400496  0.001  0.000   23.744   15.611    0    0  (Gen:  0)
  1817328    183136 740474264  0.001  0.000   23.746   15.612    0    0  (Gen:  0)
  1929040    184160 740559960  0.001  0.000   23.748   15.613    0    0  (Gen:  0)
  1951384    231480 740687880  0.001  0.000   23.752   15.615    0    0  (Gen:  0)
  1419592    206592 740741120  0.001  0.000   23.754   15.615    0    0  (Gen:  0)
  1528608    166576 740789360  0.001  0.000   23.756   15.616    0    0  (Gen:  0)
  1561720    226080 740906080  0.001  0.000   23.758   15.617    0    0  (Gen:  0)
  1943800    207496 740997656  0.001  0.000   23.760   15.618    0    0  (Gen:  0)
  1462456    210984 741074304  0.001  0.000   23.762   15.619    0    0  (Gen:  0)
  1600664    138040 741074304  0.001  0.000   23.764   15.619    0    0  (Gen:  0)
  1784416    163152 741159432  0.001  0.000   23.767   15.621    0    0  (Gen:  0)
  2078880    183368 741249552  0.001  0.000   23.769   15.622    0    0  (Gen:  0)
  2022656    216736 741359368  0.001  0.000   23.772   15.623    0    0  (Gen:  0)
  1958128    186328 741426960  0.001  0.000   23.775   15.624    0    0  (Gen:  0)
  1810304    188144 741513448  0.001  0.000   23.778   15.625    0    0  (Gen:  0)
  1944440    169952 741580304  0.001  0.000   23.780   15.626    0    0  (Gen:  0)
  1761880    243784 741726336  0.001  0.000   23.783   15.627    0    0  (Gen:  0)
  1600056    247752 741872584  0.001  0.000   23.785   15.628    0    0  (Gen:  0)
  1572472    179632 741949648  0.001  0.000   23.787   15.629    0    0  (Gen:  0)
  1701296    305856 742177968  0.002  0.000   23.791   15.630    0    0  (Gen:  0)
  1666224    464976 742420456  0.003  0.001   23.795   15.632    0    0  (Gen:  0)
  1507368    367120 742554352  0.002  0.001   23.798   15.633    0    0  (Gen:  0)
  1553872    312320 742721872  0.002  0.001   23.801   15.634    0    0  (Gen:  0)
  1789256    308096 742883400  0.001  0.000   23.803   15.635    0    0  (Gen:  0)
  1462528    247128 742971464  0.001  0.000   23.805   15.636    0    0  (Gen:  0)
  1405056    228160 743090664  0.001  0.000   23.807   15.637    0    0  (Gen:  0)
  1419760    272912 743242248  0.002  0.000   23.810   15.638    0    0  (Gen:  0)
  1830120    383544 743476272  0.003  0.001   23.814   15.639    0    0  (Gen:  0)
  1705896    471360 743760720  0.003  0.001   23.819   15.641    0    0  (Gen:  0)
  1706400    568944 744110128  0.002  0.001   23.823   15.642    0    0  (Gen:  0)
  1561616    514144 744394104  0.002  0.001   23.826   15.643    0    0  (Gen:  0)
  1663760    547400 744706800  0.002  0.001   23.830   15.645    0    0  (Gen:  0)
  1622888    685888 745084968  0.002  0.001   23.833   15.646    0    0  (Gen:  0)
  1723008    756432 745487256  0.003  0.001   23.837   15.647    0    0  (Gen:  0)
  2063688    721512 745835512  0.002  0.001   23.840   15.649    0    0  (Gen:  0)
  2063952    711240 746206128  0.002  0.001   23.844   15.650    0    0  (Gen:  0)
  1853464    603048 746459928  0.002  0.001   23.847   15.651    0    0  (Gen:  0)
  1988480    512016 746714144  0.001  0.001   23.850   15.652    0    0  (Gen:  0)
  2112912    623832 747107152  0.002  0.001   23.854   15.653    0    0  (Gen:  0)
  1981936    576008 747499672  0.002  0.001   23.858   15.655    0    0  (Gen:  0)
  1791848    567896 747806744  0.003  0.001   23.863   15.657    0    0  (Gen:  0)
  1705336    472632 748014144  0.003  0.001   23.868   15.658    0    0  (Gen:  0)
  1498440    457776 748294760  0.002  0.001   23.872   15.660    0    0  (Gen:  0)
  1665408    616408 748655160  0.002  0.001   23.875   15.661    0    0  (Gen:  0)
  1740064    639344 748973568  0.002  0.001   23.879   15.662    0    0  (Gen:  0)
  2137176    648984 749347632  0.002  0.001   23.882   15.664    0    0  (Gen:  0)
  1696248    556440 749648616  0.001  0.001   23.885   15.665    0    0  (Gen:  0)
  1627800    490928 749845192  0.002  0.000   23.888   15.666    0    0  (Gen:  0)
  1732248    334672 750000816  0.001  0.000   23.890   15.667    0    0  (Gen:  0)
  1541648    368512 750276088  0.002  0.001   23.894   15.668    0    0  (Gen:  0)
  1687968    256192 750485104  0.001  0.000   23.896   15.669    0    0  (Gen:  0)
  2057792    169776 750466792  0.001  0.000   23.900   15.670    0    0  (Gen:  0)
  2081664    119712 750628624  0.000  0.000   23.903   15.672    0    0  (Gen:  0)
  2999192    588696 751121744  0.002  0.001   23.907   15.673    0    0  (Gen:  0)
  2801304    576208 751274528  0.001  0.000   23.911   15.674    0    0  (Gen:  0)
  2751584    665856 751789536  0.002  0.001   23.915   15.676    0    0  (Gen:  0)
  2736312    296840 752022704  0.001  0.000   23.920   15.677    0    0  (Gen:  0)
  2823528    379864 752199832  0.001  0.000   23.924   15.679    0    0  (Gen:  0)
  2373952    235680 752265968  0.001  0.000   23.929   15.680    0    0  (Gen:  0)
  2412392     99608 752311712  0.001  0.000   23.933   15.681    0    0  (Gen:  0)
  2855472    134408 752409832  0.001  0.000   23.936   15.683    0    0  (Gen:  0)
  2521552    238680 752561048  0.001  0.000   23.941   15.684    0    0  (Gen:  0)
  2422800    349456 752761840  0.001  0.001   23.946   15.686    0    0  (Gen:  0)
  2234232    301432 752882896  0.001  0.001   23.950   15.687    0    0  (Gen:  0)
  2259600    248792 753013112  0.001  0.001   23.956   15.689    0    0  (Gen:  0)
  2145200    204952 753093640  0.001  0.000   23.960   15.690    0    0  (Gen:  0)
  2088704    393056 753402328  0.002  0.001   23.966   15.692    0    0  (Gen:  0)
  1759808    658392 753771576  0.003  0.001   23.971   15.693    0    0  (Gen:  0)
  1836720    229000 753844104  0.001  0.000   23.974   15.694    0    0  (Gen:  0)
  2051096    133976 753941056  0.001  0.000   23.977   15.696    0    0  (Gen:  0)
  2674064    383416 754286728  0.001  0.000   23.982   15.697    0    0  (Gen:  0)
  2545240    747104 754732848  0.003  0.001   23.988   15.699    0    0  (Gen:  0)
  2600704    691200 755020168  0.003  0.001   23.993   15.700    0    0  (Gen:  0)
  2686960    608256 755374648  0.003  0.001   23.998   15.702    0    0  (Gen:  0)
  1958224    367960 755584264  0.002  0.001   24.003   15.704    0    0  (Gen:  0)
  2603920    422336 755821520  0.002  0.001   24.009   15.706    0    0  (Gen:  0)
  2910392    526800 756142736  0.003  0.001   24.015   15.708    0    0  (Gen:  0)
  3007096    457504 756294656  0.002  0.001   24.021   15.709    0    0  (Gen:  0)
  2595504    228248 756368656  0.001  0.000   24.025   15.711    0    0  (Gen:  0)
  2371296    167008 756466288  0.001  0.000   24.030   15.712    0    0  (Gen:  0)
  2956456    315608 756670360  0.002  0.000   24.036   15.714    0    0  (Gen:  0)
  2698400    511992 756985480  0.002  0.001   24.041   15.716    0    0  (Gen:  0)
  2365992    653960 757370808  0.005  0.001   24.048   15.718    0    0  (Gen:  0)
  1870352    686440 757737984  0.003  0.001   24.053   15.719    0    0  (Gen:  0)
  2139152    327808 757981232  0.001  0.000   24.056   15.721    0    0  (Gen:  0)
  2836512    489672 758261648  0.002  0.001   24.062   15.722    0    0  (Gen:  0)
  2986312    544088 758561344  0.003  0.001   24.069   15.725    0    0  (Gen:  0)
  1973240    514552 758791872  0.002  0.001   24.073   15.726    0    0  (Gen:  0)
  1970904    401712 758976720  0.001  0.001   24.078   15.728    0    0  (Gen:  0)
  1993952    416968 759212888  0.001  0.001   24.082   15.730    0    0  (Gen:  0)
  1965000    483512 759466896  0.002  0.001   24.087   15.732    0    0  (Gen:  0)
  1991120    515024 759738736  0.003  0.001   24.092   15.734    0    0  (Gen:  0)
  1719392    446992 759942992  0.002  0.001   24.097   15.735    0    0  (Gen:  0)
  1735544    412672 760155432  0.002  0.001   24.101   15.737    0    0  (Gen:  0)
  1779080    398392 760339856  0.003  0.001   24.106   15.739    0    0  (Gen:  0)
  1665688    362768 760517168  0.003  0.001   24.111   15.741    0    0  (Gen:  0)
  1865320    321544 760665264  0.002  0.001   24.116   15.743    0    0  (Gen:  0)
  1878000    298832 760809080  0.002  0.001   24.120   15.745    0    0  (Gen:  0)
  1940456    331784 760994688  0.002  0.001   24.125   15.747    0    0  (Gen:  0)
  1653656    459320 761286832  0.002  0.001   24.128   15.748    0    0  (Gen:  0)
  1608280    384712 761566648  0.001  0.000   24.132   15.749    0    0  (Gen:  0)
  1472152    431688 761755328  0.002  0.001   24.136   15.751    0    0  (Gen:  0)
  1615864    455736 762034488  0.002  0.001   24.140   15.752    0    0  (Gen:  0)
  1695768    473424 762295344  0.002  0.000   24.144   15.753    0    0  (Gen:  0)
  1404256    367472 762475472  0.001  0.000   24.146   15.755    0    0  (Gen:  0)
  1302360    363640 762737008  0.001  0.000   24.149   15.756    0    0  (Gen:  0)
  1754880    194120 762816512  0.001  0.000   24.152   15.757    0    0  (Gen:  0)
  1784032    323328 763108920  0.002  0.000   24.156   15.759    0    0  (Gen:  0)
  1521872    464192 763305128  0.002  0.001   24.160   15.760    0    0  (Gen:  0)
  1589328    371560 763512392  0.002  0.000   24.164   15.762    0    0  (Gen:  0)
  1720608    199472 763638160  0.001  0.000   24.169   15.764    0    0  (Gen:  0)
  1738160    222392 763744480  0.001  0.000   24.173   15.766    0    0  (Gen:  0)
  1589624    233192 763872160  0.001  0.000   24.175   15.767    0    0  (Gen:  0)
  1571064    404200 764137968  0.002  0.000   24.179   15.768    0    0  (Gen:  0)
  2034512    279624 764400888  0.002  0.000   24.183   15.769    0    0  (Gen:  0)
  2218232    659912 764845592  0.001  0.001   24.186   15.771    0    0  (Gen:  0)
  2249688    687944 765147328  0.002  0.001   24.191   15.772    0    0  (Gen:  0)
  1724032    464104 765405224  0.002  0.001   24.196   15.774    0    0  (Gen:  0)
  2369888    521592 765671344  0.002  0.001   24.201   15.775    0    0  (Gen:  0)
  2138368    380464 765844432  0.002  0.001   24.206   15.777    0    0  (Gen:  0)
  2385200    461800 766148568  0.002  0.001   24.211   15.779    0    0  (Gen:  0)
  2004848    401360 766307496  0.001  0.000   24.217   15.781    0    0  (Gen:  0)
  2282432    242736 766413328  0.001  0.000   24.222   15.782    0    0  (Gen:  0)
  2341760    314568 766612952  0.002  0.001   24.227   15.784    0    0  (Gen:  0)
  1483392    396664 766820928  0.002  0.001   24.232   15.785    0    0  (Gen:  0)
  2268288    190000 766931200  0.001  0.000   24.236   15.787    0    0  (Gen:  0)
  3280608    590992 767484864  0.003  0.001   24.242   15.788    0    0  (Gen:  0)
  2802776    843632 767816008  0.002  0.001   24.246   15.790    0    0  (Gen:  0)
  2782528    559560 767997752  0.005  0.001   24.253   15.791    0    0  (Gen:  0)
  2807312    337776 768156416  0.003  0.000   24.259   15.793    0    0  (Gen:  0)
  2282696    443888 768437888  0.004  0.001   24.264   15.794    0    0  (Gen:  0)
  3565800    379920 768695936  0.002  0.001   24.272   15.796    0    0  (Gen:  0)
  2047648    339984 768812040  0.001  0.001   24.276   15.798    0    0  (Gen:  0)
  2902112    289632 768975832  0.002  0.001   24.282   15.800    0    0  (Gen:  0)
  1915920    394912 769224128  0.002  0.001   24.286   15.801    0    0  (Gen:  0)
  2731088    248672 769404872  0.001  0.000   24.291   15.802    0    0  (Gen:  0)
  1887704    321792 769559216  0.001  0.000   24.295   15.804    0    0  (Gen:  0)
  2048736    366936 769757608  0.001  0.000   24.299   15.806    0    0  (Gen:  0)
  1677608    291520 769866480  0.001  0.000   24.302   15.807    0    0  (Gen:  0)
  1789912    164584 769930832  0.001  0.000   24.305   15.808    0    0  (Gen:  0)
  1931784    156344 770002024  0.001  0.000   24.308   15.810    0    0  (Gen:  0)
  1731360    151424 770077016  0.001  0.000   24.311   15.811    0    0  (Gen:  0)
  1976720    206936 770195096  0.001  0.000   24.315   15.812    0    0  (Gen:  0)
  1559120    258360 770330768  0.001  0.000   24.319   15.814    0    0  (Gen:  0)
  1753712    247512 770454936  0.001  0.000   24.324   15.816    0    0  (Gen:  0)
  1717272    252720 770585944  0.001  0.000   24.327   15.818    0    0  (Gen:  0)
  1655032    223320 770672728  0.001  0.000   24.331   15.819    0    0  (Gen:  0)
  1849368    238344 770799688  0.001  0.000   24.335   15.821    0    0  (Gen:  0)
  1531024    365400 771065024  0.002  0.001   24.339   15.822    0    0  (Gen:  0)
  1613424    543928 771379616  0.004  0.001   24.345   15.824    0    0  (Gen:  0)
  1520096    574960 771681152  0.004  0.001   24.350   15.826    0    0  (Gen:  0)
  1367568    494760 771909648  0.003  0.001   24.355   15.828    0    0  (Gen:  0)
  2060208    435720 772180224  0.003  0.001   24.361   15.830    0    0  (Gen:  0)
  1395192    439600 772406648  0.003  0.001   24.365   15.832    0    0  (Gen:  0)
  1591280    499408 772701176  0.003  0.001   24.369   15.833    0    0  (Gen:  0)
  1468976    465472 772895496  0.002  0.001   24.373   15.834    0    0  (Gen:  0)
  1511344    454880 773164944  0.002  0.001   24.376   15.836    0    0  (Gen:  0)
  1438016    523264 773433848  0.002  0.001   24.380   15.837    0    0  (Gen:  0)
  1448488    554496 773717312  0.003  0.001   24.384   15.838    0    0  (Gen:  0)
  1226256    544456 773983512  0.003  0.001   24.389   15.840    0    0  (Gen:  0)
  1365176    409336 774159040  0.003  0.001   24.393   15.842    0    0  (Gen:  0)
  1469744    317808 774337496  0.002  0.001   24.397   15.843    0    0  (Gen:  0)
  1411816    278864 774481904  0.002  0.001   24.400   15.845    0    0  (Gen:  0)
  1499024    167736 774606776  0.001  0.000   24.403   15.846    0    0  (Gen:  0)
  1606000    286368 774828768  0.002  0.000   24.406   15.847    0    0  (Gen:  0)
  3542808    709032 775561200  0.003  0.001   24.411   15.849    0    0  (Gen:  0)
  2613416    980512 775871808  0.004  0.001   24.417   15.850    0    0  (Gen:  0)
  2578648    723256 776266296  0.003  0.001   24.421   15.851    0    0  (Gen:  0)
  2931048    534856 776666032  0.003  0.001   24.427   15.853    0    0  (Gen:  0)
  3468416    311000 776717232  0.004  0.000   24.433   15.854    0    0  (Gen:  0)
  3622664    366832 776983160  0.004  0.001   24.440   15.856    0    0  (Gen:  0)
  2904680    627672 777306256  0.006  0.001   24.446   15.858    0    0  (Gen:  0)
  3400064    547112 777589984  0.005  0.001   24.453   15.860    0    0  (Gen:  0)
  2950616    606200 777926392  0.004  0.001   24.461   15.862    0    0  (Gen:  0)
  3291872    800944 778439312  0.005  0.001   24.471   15.865    0    0  (Gen:  0)
  3260800    865128 778937744  0.007  0.001   24.479   15.867    0    0  (Gen:  0)
  3131904    580720 779190336  0.003  0.001   24.485   15.869    0    0  (Gen:  0)
  2341160    658672 779640128  0.003  0.001   24.490   15.870    0    0  (Gen:  0)
  3288752    663240 780124344  0.006  0.001   24.497   15.872    0    0  (Gen:  0)
  3099488    824632 780664616  0.005  0.001   24.503   15.874    0    0  (Gen:  0)
  2819552    932624 781225880  0.004  0.001   24.509   15.875    0    0  (Gen:  0)
  3154448    858520 781728488  0.006  0.001   24.516   15.877    0    0  (Gen:  0)
  3103728    803728 782163640  0.004  0.001   24.523   15.880    0    0  (Gen:  0)
  3003232    626640 782601472  0.004  0.001   24.530   15.881    0    0  (Gen:  0)
  2881008    722888 782899928  0.004  0.001   24.536   15.883    0    0  (Gen:  0)
  3150432    529864 783164056  0.002  0.001   24.542   15.884    0    0  (Gen:  0)
  3174096    461432 783454296  0.005  0.001   24.549   15.886    0    0  (Gen:  0)
  2370696    543784 783743712  0.004  0.001   24.554   15.888    0    0  (Gen:  0)
  2214288    553400 784028264  0.002  0.001   24.560   15.890    0    0  (Gen:  0)
  1681168    498304 784223096  0.002  0.001   24.564   15.891    0    0  (Gen:  0)
  2368768    346656 784443840  0.004  0.001   24.570   15.893    0    0  (Gen:  0)
  3677208    565416 784809872  0.006  0.001   24.577   15.895    0    0  (Gen:  0)
  2743136    493696 785010752  0.004  0.001   24.583   15.896    0    0  (Gen:  0)
  3805048    441176 785269672  0.005  0.001   24.590   15.898    0    0  (Gen:  0)
  3776472    433816 785456328  0.005  0.001   24.596   15.900    0    0  (Gen:  0)
  3594800    404112 785672008  0.004  0.001   24.603   15.901    0    0  (Gen:  0)
  3604344    421376 785880704  0.006  0.001   24.610   15.903    0    0  (Gen:  0)
  3162776    412072 786077968  0.004  0.001   24.616   15.905    0    0  (Gen:  0)
  3220392    394744 786280360  0.005  0.001   24.623   15.907    0    0  (Gen:  0)
  2973600    390808 786478528  0.004  0.001   24.630   15.909    0    0  (Gen:  0)
  3388720    523352 786836936  0.002  0.001   24.637   15.911    0    0  (Gen:  0)
  2828576    565664 787110024  0.004  0.001   24.644   15.913    0    0  (Gen:  0)
  2971048    456808 787362952  0.004  0.001   24.650   15.914    0    0  (Gen:  0)
  1741728    156080 787418536  0.001  0.000   24.654   15.916    0    0  (Gen:  0)
  3198376    370616 787731360  0.002  0.000   24.659   15.917    0    0  (Gen:  0)
  3045136    689064 788104968  0.002  0.001   24.665   15.919    0    0  (Gen:  0)
  2510376    663664 788411440  0.004  0.001   24.671   15.921    0    0  (Gen:  0)
  2322864    714608 788818360  0.005  0.001   24.678   15.923    0    0  (Gen:  0)
  2862136    488960 789147848  0.004  0.001   24.684   15.924    0    0  (Gen:  0)
  3294776    567560 789404520  0.005  0.001   24.690   15.926    0    0  (Gen:  0)
  3511384    598816 789748872  0.005  0.001   24.697   15.928    0    0  (Gen:  0)
  3646144    686720 790117800  0.004  0.001   24.703   15.930    0    0  (Gen:  0)
  3447008    639120 790446984  0.003  0.001   24.712   15.932    0    0  (Gen:  0)
  3055424    497432 790661800  0.003  0.001   24.719   15.934    0    0  (Gen:  0)
  3649760    480720 790945400  0.002  0.001   24.727   15.936    0    0  (Gen:  0)
  3565808    744008 791435432  0.005  0.001   24.735   15.938    0    0  (Gen:  0)
  2560352    734232 791748984  0.005  0.001   24.741   15.940    0    0  (Gen:  0)
  3066816    749584 792214992  0.004  0.002   24.749   15.943    0    0  (Gen:  0)
  2706504    809312 792620400  0.004  0.001   24.756   15.944    0    0  (Gen:  0)
  2805880    839712 793102312  0.005  0.001   24.762   15.946    0    0  (Gen:  0)
  3393608    626888 793474160  0.003  0.001   24.769   15.948    0    0  (Gen:  0)
  2412672    622008 793791320  0.003  0.001   24.775   15.950    0    0  (Gen:  0)
  2848496    487528 794183688  0.004  0.001   24.781   15.951    0    0  (Gen:  0)
  2671624    601864 794485064  0.003  0.001   24.787   15.953    0    0  (Gen:  0)
  2923080    511896 794719360  0.002  0.001   24.793   15.955    0    0  (Gen:  0)
  3777752    518856 795146840  0.004  0.001   24.800   15.957    0    0  (Gen:  0)
  3651800    807416 795568896  0.003  0.001   24.808   15.959    0    0  (Gen:  0)
  2910792    745888 795887664  0.005  0.001   24.816   15.962    0    0  (Gen:  0)
  2945088    545512 796218528  0.004  0.001   24.823   15.964    0    0  (Gen:  0)
  3096640    539792 796468520  0.003  0.001   24.831   15.966    0    0  (Gen:  0)
  3751032    589264 796800688  0.004  0.001   24.838   15.968    0    0  (Gen:  0)
  3094976    551952 797060272  0.002  0.001   24.844   15.969    0    0  (Gen:  0)
  3620176    594064 797402856  0.004  0.001   24.852   15.972    0    0  (Gen:  0)
  3936744    540712 797669000  0.005  0.001   24.860   15.974    0    0  (Gen:  0)
  3517000    464088 797867056  0.003  0.001   24.867   15.976    0    0  (Gen:  0)
  3687240    368952 798016968  0.005  0.001   24.874   15.977    0    0  (Gen:  0)
  3804008    341168 798190680  0.005  0.001   24.879   15.979    0    0  (Gen:  0)
  3249384    444776 798473392  0.004  0.001   24.886   15.981    0    0  (Gen:  0)
  3269888    581392 798788416  0.002  0.001   24.893   15.983    0    0  (Gen:  0)
  3664816    629776 799097112  0.003  0.001   24.902   15.985    0    0  (Gen:  0)
  3268560    570368 799374056  0.004  0.001   24.910   15.987    0    0  (Gen:  0)
  3668432    548736 799646496  0.004  0.001   24.916   15.989    0    0  (Gen:  0)
  3845392    753648 800132760  0.007  0.001   24.925   15.992    0    0  (Gen:  0)
  2987584    818504 800504200  0.006  0.001   24.933   15.994    0    0  (Gen:  0)
  3209112    643656 800861680  0.006  0.001   24.939   15.995    0    0  (Gen:  0)
  3162688    459416 801185008  0.003  0.001   24.946   15.997    0    0  (Gen:  0)
  2628200    497200 801518680  0.002  0.001   24.951   15.999    0    0  (Gen:  0)
  2609176    540912 801801104  0.002  0.001   24.956   16.001    0    0  (Gen:  0)
  3653464    798952 802330176  0.005  0.001   24.964   16.003    0    0  (Gen:  0)
  2277616    858976 802674056  0.004  0.001   24.971   16.005    0    0  (Gen:  0)
  3408736    612904 802941000  0.006  0.001   24.980   16.007    0    0  (Gen:  0)
  3812720    653456 803334832  0.007  0.001   24.991   16.010    0    0  (Gen:  0)
  3541656    699496 803644392  0.006  0.001   24.999   16.012    0    0  (Gen:  0)
  2730520    745120 804005600  0.005  0.001   25.005   16.014    0    0  (Gen:  0)
  3481408    490536 804307448  0.005  0.001   25.013   16.016    0    0  (Gen:  0)
  3270568    659216 804649488  0.005  0.001   25.019   16.018    0    0  (Gen:  0)
  2971880    752840 805075216  0.006  0.001   25.027   16.020    0    0  (Gen:  0)
  1976848    535872 805212912  0.003  0.001   25.032   16.021    0    0  (Gen:  0)
  2818376    514472 805521296  0.004  0.001   25.037   16.023    0    0  (Gen:  0)
  3428016    600464 805900984  0.004  0.001   25.044   16.025    0    0  (Gen:  0)
  3139496    729152 806349864  0.006  0.001   25.053   16.027    0    0  (Gen:  0)
  2340728    655568 806697296  0.002  0.001   25.057   16.028    0    0  (Gen:  0)
  2443544    478784 806856600  0.004  0.001   25.062   16.030    0    0  (Gen:  0)
  2985480    660576 807268880  0.006  0.001   25.070   16.032    0    0  (Gen:  0)
  2934296    518536 807439280  0.004  0.001   25.076   16.033    0    0  (Gen:  0)
  2090872    402760 807753224  0.004  0.001   25.080   16.034    0    0  (Gen:  0)
  3221656    345416 808057336  0.004  0.000   25.087   16.036    0    0  (Gen:  0)
  3740544    443896 808330728  0.003  0.000   25.094   16.038    0    0  (Gen:  0)
  2626768    648240 808709592  0.005  0.001   25.100   16.040    0    0  (Gen:  0)
  2274240    617944 809001888  0.003  0.001   25.105   16.041    0    0  (Gen:  0)
  3034600    681392 809384496  0.005  0.001   25.111   16.043    0    0  (Gen:  0)
  2561480    627144 809700160  0.004  0.001   25.116   16.044    0    0  (Gen:  0)
  2312960    312448 809791496  0.003  0.000   25.120   16.045    0    0  (Gen:  0)
  3404456    653936 810259856  0.004  0.001   25.125   16.046    0    0  (Gen:  0)
  2817472    560640 810630000  0.004  0.001   25.130   16.048    0    0  (Gen:  0)
  3152008    479408 810922112  0.004  0.001   25.135   16.049    0    0  (Gen:  0)
  3274648    660144 811349736  0.003  0.001   25.141   16.051    0    0  (Gen:  0)
  2893592    691288 811667880  0.003  0.001   25.147   16.052    0    0  (Gen:  0)
  2577520    558168 811933776  0.002  0.001   25.153   16.054    0    0  (Gen:  0)
  2622872    549800 812253400  0.003  0.001   25.157   16.055    0    0  (Gen:  0)
  2692912    548496 812533728  0.003  0.001   25.162   16.056    0    0  (Gen:  0)
  2960520    554296 812804232  0.003  0.001   25.166   16.058    0    0  (Gen:  0)
  3775136    930104 813446144  0.005  0.001   25.174   16.060    0    0  (Gen:  0)
  2979256   1051584 813894936  0.006  0.001   25.182   16.062    0    0  (Gen:  0)
  2945024    679952 814090456  0.004  0.001   25.186   16.063    0    0  (Gen:  0)
  2714912    771136 814593864  0.004  0.001   25.193   16.065    0    0  (Gen:  0)
  2711448    635120 814969280  0.004  0.001   25.198   16.066    0    0  (Gen:  0)
  2091336    397360 815049232  0.003  0.001   25.202   16.067    0    0  (Gen:  0)
  2896072    392584 815284440  0.003  0.001   25.207   16.069    0    0  (Gen:  0)
  2388008    724080 815731376  0.002  0.001   25.212   16.070    0    0  (Gen:  0)
  2905384    429552 815982704  0.005  0.001   25.218   16.072    0    0  (Gen:  0)
  2100200    356544 816117944  0.002  0.001   25.223   16.073    0    0  (Gen:  0)
  2322528    314104 816310624  0.004  0.001   25.227   16.074    0    0  (Gen:  0)
  3031056    531344 816634688  0.003  0.001   25.231   16.075    0    0  (Gen:  0)
  2659592    619576 816961536  0.002  0.001   25.235   16.076    0    0  (Gen:  0)
  3526832    784728 817478480  0.005  0.001   25.241   16.078    0    0  (Gen:  0)
  2524488    809696 817927920  0.005  0.001   25.248   16.080    0    0  (Gen:  0)
  3189744    648128 818319488  0.004  0.001   25.254   16.081    0    0  (Gen:  0)
  2215952    740272 818683400  0.003  0.001   25.259   16.083    0    0  (Gen:  0)
  1634600    602696 818981344  0.003  0.001   25.264   16.085    0    0  (Gen:  0)
  2172120    555728 819362808  0.002  0.001   25.268   16.086    0    0  (Gen:  0)
  2753640    807904 819791336  0.004  0.001   25.274   16.087    0    0  (Gen:  0)
  2214032    781112 820159080  0.003  0.001   25.278   16.089    0    0  (Gen:  0)
  3241256    938272 820849928  0.003  0.001   25.282   16.090    0    0  (Gen:  0)
  2617552    551992 821162368  0.004  0.001   25.288   16.091    0    0  (Gen:  0)
  3386088    779504 821647024  0.005  0.001   25.295   16.093    0    0  (Gen:  0)
  2831952    815920 822059216  0.005  0.001   25.301   16.095    0    0  (Gen:  0)
  2221016    658048 822381080  0.003  0.001   25.307   16.096    0    0  (Gen:  0)
  2525920    675192 822737008  0.004  0.001   25.312   16.098    0    0  (Gen:  0)
  2426680    653752 823037080  0.005  0.001   25.318   16.099    0    0  (Gen:  0)
  2375408    663304 823402632  0.003  0.001   25.322   16.101    0    0  (Gen:  0)
  2267792    631584 823715728  0.004  0.001   25.327   16.102    0    0  (Gen:  0)
  2758040    615536 824011848  0.004  0.001   25.333   16.104    0    0  (Gen:  0)
  2438824    633416 824400040  0.004  0.001   25.339   16.105    0    0  (Gen:  0)
  3656928    560560 824749920  0.006  0.001   25.346   16.107    0    0  (Gen:  0)
  3627560    680040 825094488  0.005  0.001   25.353   16.109    0    0  (Gen:  0)
  2770768    676528 825435576  0.004  0.001   25.360   16.111    0    0  (Gen:  0)
  3588584    617448 825724496  0.005  0.001   25.370   16.113    0    0  (Gen:  0)
  3334688    636352 826139120  0.005  0.001   25.376   16.115    0    0  (Gen:  0)
  2978160    516320 826388104  0.004  0.001   25.382   16.117    0    0  (Gen:  0)
  2513968    694104 826877944  0.004  0.001   25.388   16.118    0    0  (Gen:  0)
  2960432    563296 827196072  0.003  0.001   25.394   16.120    0    0  (Gen:  0)
  2527640    586600 827483904  0.002  0.001   25.398   16.121    0    0  (Gen:  0)
  2397272    619240 827847080  0.002  0.001   25.404   16.123    0    0  (Gen:  0)
  2475384    532520 828128144  0.002  0.001   25.409   16.124    0    0  (Gen:  0)
  2527008    430744 828323248  0.002  0.000   25.415   16.126    0    0  (Gen:  0)
  2903600    541576 828704136  0.002  0.001   25.420   16.128    0    0  (Gen:  0)
  2902248    698848 829063664  0.003  0.001   25.427   16.130    0    0  (Gen:  0)
  2603720    630744 829391560  0.003  0.001   25.436   16.133    0    0  (Gen:  0)
  2245848    503712 829585624  0.003  0.001   25.442   16.135    0    0  (Gen:  0)
  2235600    525968 829861728  0.003  0.001   25.449   16.137    0    0  (Gen:  0)
  2347328    522336 830120360  0.003  0.001   25.455   16.139    0    0  (Gen:  0)
  2809744    623392 830491008  0.002  0.001   25.461   16.141    0    0  (Gen:  0)
  2636544    677944 830827928  0.003  0.001   25.467   16.143    0    0  (Gen:  0)
  2380704    573416 831167160  0.002  0.001   25.473   16.145    0    0  (Gen:  0)
  2251672    394840 831394104  0.002  0.001   25.479   16.146    0    0  (Gen:  0)
  1852320    454352 831619992  0.002  0.001   25.483   16.148    0    0  (Gen:  0)
  1575112    446216 831844512  0.002  0.001   25.487   16.149    0    0  (Gen:  0)
  1968256    394064 832013416  0.002  0.001   25.491   16.151    0    0  (Gen:  0)
  1916488    348896 832206320  0.002  0.001   25.496   16.153    0    0  (Gen:  0)
  1897432    372992 832397504  0.004  0.001   25.501   16.155    0    0  (Gen:  0)
  2051232    382824 832628680  0.002  0.001   25.506   16.157    0    0  (Gen:  0)
  1781392    383920 832821600  0.001  0.001   25.510   16.159    0    0  (Gen:  0)
  1936456    410624 833062448  0.002  0.001   25.515   16.161    0    0  (Gen:  0)
  1771200    388736 833215544  0.002  0.001   25.520   16.163    0    0  (Gen:  0)
  1462792    290504 833363624  0.002  0.001   25.526   16.165    0    0  (Gen:  0)
  1463168    190720 833431032  0.002  0.000   25.530   16.167    0    0  (Gen:  0)
  1927904    268688 833628168  0.001  0.000   25.534   16.169    0    0  (Gen:  0)
  1318760    407192 833844000  0.002  0.001   25.537   16.170    0    0  (Gen:  0)
  1337384    364936 834053632  0.002  0.001   25.541   16.171    0    0  (Gen:  0)
  1462192    305768 834144936  0.002  0.000   25.544   16.172    0    0  (Gen:  0)
  1662320    318728 834379520  0.002  0.000   25.547   16.174    0    0  (Gen:  0)
  1735672    309960 834516104  0.001  0.000   25.551   16.175    0    0  (Gen:  0)
  1793712    325488 834720736  0.001  0.000   25.554   16.177    0    0  (Gen:  0)
  2024776    339288 834969488  0.002  0.001   25.558   16.178    0    0  (Gen:  0)
  1267600    424208 835175752  0.002  0.001   25.562   16.179    0    0  (Gen:  0)
  1434616    289480 835257784  0.002  0.000   25.564   16.180    0    0  (Gen:  0)
  1669288    364280 835504936  0.002  0.000   25.568   16.182    0    0  (Gen:  0)
  1647680    354360 835652264  0.001  0.000   25.571   16.183    0    0  (Gen:  0)
  1558128    275400 835824192  0.001  0.000   25.575   16.185    0    0  (Gen:  0)
  1308800    262456 836005408  0.002  0.000   25.578   16.186    0    0  (Gen:  0)
  1284424    169224 835997232  0.001  0.000   25.580   16.187    0    0  (Gen:  0)
  1257224    280624 836176008  0.002  0.001   25.583   16.188    0    0  (Gen:  0)
  1228728    228432 836218144  0.002  0.000   25.586   16.189    0    0  (Gen:  0)
  1224016    141728 836220208  0.001  0.000   25.588   16.190    0    0  (Gen:  0)
  1268768    166808 836308488  0.001  0.000   25.590   16.190    0    0  (Gen:  0)
  1752656    134216 836344368  0.001  0.000   25.593   16.192    0    0  (Gen:  0)
  1626160    142664 836410872  0.001  0.000   25.596   16.193    0    0  (Gen:  0)
  2052112    159664 836495136  0.001  0.000   25.599   16.194    0    0  (Gen:  0)
  1476528    127176 836533664  0.001  0.000   25.601   16.195    0    0  (Gen:  0)
  1404056    121688 836581920  0.001  0.000   25.604   16.196    0    0  (Gen:  0)
  1284976    170824 836684432  0.001  0.000   25.606   16.197    0    0  (Gen:  0)
  2034680    341912 836936768  0.002  0.000   25.609   16.198    0    0  (Gen:  0)
  2009880    261088 837131560  0.001  0.000   25.612   16.200    0    0  (Gen:  0)
  1950952    432040 837387872  0.003  0.001   25.616   16.201    0    0  (Gen:  0)
  2068328    491608 837653968  0.004  0.001   25.622   16.203    0    0  (Gen:  0)
  1986912    470112 837881224  0.003  0.001   25.627   16.205    0    0  (Gen:  0)
  1709736    564040 838233440  0.002  0.001   25.631   16.207    0    0  (Gen:  0)
  2056176    581856 838599232  0.002  0.001   25.635   16.208    0    0  (Gen:  0)
  1595768    440600 838726960  0.002  0.001   25.638   16.209    0    0  (Gen:  0)
  1742976    466264 839052992  0.002  0.001   25.641   16.210    0    0  (Gen:  0)
  1701664    292480 839062424  0.001  0.000   25.644   16.211    0    0  (Gen:  0)
  1470104    262424 839152448  0.002  0.000   25.646   16.212    0    0  (Gen:  0)
  1967168    379472 839352760  0.001  0.001   25.649   16.213    0    0  (Gen:  0)
  1911528    344328 839640728  0.002  0.000   25.652   16.215    0    0  (Gen:  0)
  2004296    265000 839803680  0.001  0.000   25.655   16.216    0    0  (Gen:  0)
  1626288    157216 839895056  0.001  0.000   25.659   16.217    0    0  (Gen:  0)
  1040256    114544 839945264  0.001  0.000   25.660   16.218    0    0  (Gen:  0)
  1040216     92968 839987016  0.001  0.000   25.662   16.219    0    0  (Gen:  0)
  1041536    162936 840095504  0.001  0.000   25.664   16.221    0    0  (Gen:  0)
  1041200    105488 840089520  0.001  0.000   25.665   16.221    0    0  (Gen:  0)
  1075584    113608 840182304  0.001  0.000   25.667   16.223    0    0  (Gen:  0)
  1040608    104664 840219816  0.001  0.000   25.669   16.224    0    0  (Gen:  0)
  1041112    105656 840270496  0.001  0.000   25.671   16.225    0    0  (Gen:  0)
  1040592     92784 840309552  0.001  0.000   25.673   16.226    0    0  (Gen:  0)
  1041168    172512 840428176  0.001  0.000   25.675   16.227    0    0  (Gen:  0)
  1069960    178608 840547568  0.001  0.000   25.677   16.229    0    0  (Gen:  0)
  1038424    201744 840739576  0.001  0.000   25.680   16.230    0    0  (Gen:  0)
  1039640    403944 840972464  0.003  0.001   25.684   16.232    0    0  (Gen:  0)
  1039384    445192 841216904  0.003  0.001   25.687   16.234    0    0  (Gen:  0)
  1037592    494312 841513600  0.002  0.001   25.690   16.236    0    0  (Gen:  0)
  1039832    497848 841767976  0.002  0.001   25.692   16.238    0    0  (Gen:  0)
  1040864    413856 841992592  0.002  0.001   25.695   16.239    0    0  (Gen:  0)
  1038112    309736 842124272  0.002  0.001   25.698   16.241    0    0  (Gen:  0)
  1037192    264240 842257176  0.002  0.000   25.700   16.242    0    0  (Gen:  0)
  1037032    258656 842396408  0.002  0.000   25.702   16.243    0    0  (Gen:  0)
  1038952    263144 842541512  0.002  0.001   25.704   16.244    0    0  (Gen:  0)
  1038104    234536 842658824  0.001  0.000   25.706   16.245    0    0  (Gen:  0)
  1035760    192856 842732816  0.001  0.000   25.708   16.245    0    0  (Gen:  0)
  1037552    167480 842819568  0.001  0.000   25.710   16.246    0    0  (Gen:  0)
  1036552    195528 842925200  0.001  0.000   25.711   16.247    0    0  (Gen:  0)
  1036024    203488 843025392  0.001  0.000   25.713   16.248    0    0  (Gen:  0)
  1037872    227504 843153008  0.001  0.000   25.715   16.249    0    0  (Gen:  0)
  1041088    332376 843364584  0.002  0.001   25.718   16.250    0    0  (Gen:  0)
  1075936    443416 843620816  0.002  0.001   25.720   16.251    0    0  (Gen:  0)
  1040560    450688 843843128  0.002  0.001   25.723   16.252    0    0  (Gen:  0)
  1040960    448424 844065688  0.002  0.001   25.726   16.254    0    0  (Gen:  0)
  1040344    438752 844278168  0.002  0.001   25.729   16.255    0    0  (Gen:  0)
  1041136    437744 844502400  0.002  0.001   25.732   16.256    0    0  (Gen:  0)
  1039992    449496 844723848  0.002  0.001   25.735   16.257    0    0  (Gen:  0)
  1041168    448304 844947120  0.002  0.001   25.737   16.258    0    0  (Gen:  0)
  1074920    377016 845097144  0.002  0.001   25.740   16.260    0    0  (Gen:  0)
  1043368    160432 845106496  0.001  0.000   25.742   16.261    0    0  (Gen:  0)
  1041584    297968 845401048  0.002  0.001   25.744   16.262    0    0  (Gen:  0)
  1038032    256432 845651688  0.002  0.000   25.747   16.263    0    0  (Gen:  0)
  1036328    311640 845841304  0.002  0.001   25.750   16.264    0    0  (Gen:  0)
  1106576     96040 845973152  0.001  0.000   25.751   16.265    0    0  (Gen:  0)
  1208560     84928 845958728  0.001  0.000   25.753   16.267    0    0  (Gen:  0)
  1278080    280720 846252376  0.002  0.000   25.756   16.269    0    0  (Gen:  0)
  1041896    464992 846456880  0.002  0.001   25.759   16.270    0    0  (Gen:  0)
  1027120    318064 846563176  0.002  0.001   25.762   16.272    0    0  (Gen:  0)
  1030464    168600 846647936  0.001  0.000   25.764   16.273    0    0  (Gen:  0)
  1036496    172032 846744760  0.002  0.000   25.768   16.275    0    0  (Gen:  0)
  1034872    222072 846882712  0.002  0.001   25.771   16.277    0    0  (Gen:  0)
  1036184    271240 847015352  0.002  0.001   25.774   16.279    0    0  (Gen:  0)
  1034608    211248 847094584  0.002  0.001   25.777   16.281    0    0  (Gen:  0)
  2052376    262688 847280768  0.001  0.001   25.781   16.283    0    0  (Gen:  0)
  1041768    345568 847467840  0.002  0.001   25.783   16.285    0    0  (Gen:  0)
  1020224    345064 847681736  0.001  0.000   25.786   16.286    0    0  (Gen:  0)
  1935816    307128 847974368  0.002  0.000   25.789   16.288    0    0  (Gen:  0)
  1041424    499456 848206320  0.002  0.001   25.793   16.290    0    0  (Gen:  0)
  1031032    362720 848364816  0.002  0.001   25.795   16.291    0    0  (Gen:  0)
  1027040    205248 848479656  0.002  0.001   25.798   16.293    0    0  (Gen:  0)
  1029416    188336 848567824  0.001  0.000   25.801   16.294    0    0  (Gen:  0)
  1034416    115896 848606984  0.001  0.000   25.804   16.296    0    0  (Gen:  0)
  1033592     40984 848622464  0.000  0.000   25.806   16.298    0    0  (Gen:  0)
  1037160    119672 848730688  0.001  0.000   25.808   16.300    0    0  (Gen:  0)
  1036392    226184 848853800  0.002  0.001   25.811   16.302    0    0  (Gen:  0)
  1035880    251912 848987808  0.002  0.001   25.815   16.304    0    0  (Gen:  0)
  1036376    234272 849092704  0.002  0.001   25.818   16.306    0    0  (Gen:  0)
  1037992    230024 849215688  0.002  0.001   25.821   16.307    0    0  (Gen:  0)
  1030456    260768 849356792  0.002  0.001   25.825   16.310    0    0  (Gen:  0)
  1039456    191656 849410752  0.002  0.001   25.829   16.312    0    0  (Gen:  0)
  1039000     92136 849454496  0.001  0.000   25.832   16.314    0    0  (Gen:  0)
  1039048    296296 849703048  0.002  0.001   25.835   16.316    0    0  (Gen:  0)
  1040200    417960 849919448  0.003  0.001   25.839   16.318    0    0  (Gen:  0)
  1043064    374168 850126584  0.002  0.001   25.842   16.319    0    0  (Gen:  0)
  1021840     97520 850202864  0.001  0.000   25.844   16.320    0    0  (Gen:  0)
  1587168    320800 850504056  0.001  0.000   25.847   16.322    0    0  (Gen:  0)
  1035672    408056 850640920  0.002  0.001   25.850   16.324    0    0  (Gen:  0)
  1034176    215472 850710880  0.001  0.000   25.853   16.326    0    0  (Gen:  0)
  1041512    176800 850808464  0.001  0.000   25.855   16.327    0    0  (Gen:  0)
  1076320    257048 850961544  0.002  0.001   25.858   16.328    0    0  (Gen:  0)
  2643968    471496 851459000  0.001  0.000   25.861   16.330    0    0  (Gen:  0)
  2044952    869056 851901840  0.002  0.001   25.866   16.332    0    0  (Gen:  0)
  1681928    524896 852008144  0.002  0.001   25.869   16.333    0    0  (Gen:  0)
  1511440    409760 852320168  0.002  0.001   25.873   16.335    0    0  (Gen:  0)
  1406880    497136 852634584  0.002  0.001   25.877   16.336    0    0  (Gen:  0)
  1584760    351264 852849176  0.002  0.001   25.880   16.338    0    0  (Gen:  0)
  1654056    492816 853143216  0.001  0.000   25.883   16.339    0    0  (Gen:  0)
  1701496    314240 853377896  0.002  0.001   25.886   16.340    0    0  (Gen:  0)
  1244976    260944 853454240  0.001  0.000   25.889   16.341    0    0  (Gen:  0)
  1020592    207392 853581712  0.002  0.000   25.892   16.343    0    0  (Gen:  0)
  1037624    218416 853690520  0.002  0.000   25.894   16.344    0    0  (Gen:  0)
  1034096    204104 853813728  0.002  0.000   25.897   16.345    0    0  (Gen:  0)
  1029032    227264 853942656  0.002  0.001   25.900   16.347    0    0  (Gen:  0)
  1032704    236904 854075448  0.002  0.001   25.903   16.348    0    0  (Gen:  0)
  1028376    238448 854209064  0.002  0.001   25.905   16.350    0    0  (Gen:  0)
  1027248    233760 854338584  0.002  0.001   25.908   16.351    0    0  (Gen:  0)
  1029016    238840 854477888  0.002  0.001   25.911   16.353    0    0  (Gen:  0)
  1023128    240072 854601648  0.002  0.001   25.913   16.354    0    0  (Gen:  0)
  1024400    220912 854718480  0.002  0.001   25.916   16.356    0    0  (Gen:  0)
  1034384    191976 854812392  0.002  0.000   25.919   16.357    0    0  (Gen:  0)
  1031528     70192 854827112  0.001  0.000   25.920   16.358    0    0  (Gen:  0)
  1028584    152568 854962008  0.001  0.000   25.922   16.359    0    0  (Gen:  0)
  1036056    191816 855018320  0.002  0.000   25.925   16.361    0    0  (Gen:  0)
  1032528    160344 855089408  0.001  0.000   25.927   16.362    0    0  (Gen:  0)
  1033984    142944 855157704  0.001  0.000   25.930   16.364    0    0  (Gen:  0)
  1033288    145640 855233744  0.001  0.000   25.932   16.365    0    0  (Gen:  0)
  1032968    141560 855302832  0.001  0.000   25.935   16.367    0    0  (Gen:  0)
  1034256    148656 855368120  0.001  0.000   25.937   16.368    0    0  (Gen:  0)
  1035696    143912 855441912  0.001  0.000   25.940   16.370    0    0  (Gen:  0)
  1953728    287408 855688288  0.002  0.001   25.945   16.374    0    0  (Gen:  0)
  1039080    235432 855737208  0.001  0.001   25.950   16.377    0    0  (Gen:  0)
  1037848     24456 855726376  0.000  0.000   25.953   16.380    0    0  (Gen:  0)
  1039064     15920 855732656  0.000  0.000   25.956   16.383    0    0  (Gen:  0)
  1633336     47904 855775176  0.000  0.000   25.960   16.385    0    0  (Gen:  0)
  1038248    203952 855950968  0.001  0.000   25.961   16.386    0    0  (Gen:  0)
  1038000    262672 856106960  0.001  0.000   25.963   16.388    0    0  (Gen:  0)
  1064752    296128 856309952  0.001  0.000   25.966   16.389    0    0  (Gen:  0)
  1037720    274776 856441120  0.001  0.000   25.968   16.390    0    0  (Gen:  0)
  1036016    265448 856608080  0.001  0.000   25.970   16.391    0    0  (Gen:  0)
  1038616    248992 856750128  0.001  0.000   25.972   16.392    0    0  (Gen:  0)
  1035744    219144 856862488  0.001  0.000   25.975   16.394    0    0  (Gen:  0)
  1036184    156616 856938280  0.001  0.000   25.976   16.395    0    0  (Gen:  0)
  1034912    107152 856984744  0.001  0.000   25.980   16.397    0    0  (Gen:  0)
  1036408     41280 856997560  0.000  0.000   25.982   16.399    0    0  (Gen:  0)
  1036448     26168 857008104  0.000  0.000   25.983   16.400    0    0  (Gen:  0)
  1036368     34360 857030272  0.000  0.000   25.985   16.401    0    0  (Gen:  0)
  1035784     68360 857081872  0.000  0.000   25.987   16.403    0    0  (Gen:  0)
  1031936    162208 857193656  0.001  0.000   25.989   16.404    0    0  (Gen:  0)
  1034752    223912 857303128  0.001  0.001   25.992   16.406    0    0  (Gen:  0)
  1037984    229744 857422888  0.001  0.001   25.995   16.408    0    0  (Gen:  0)
  1035928    231152 857531504  0.001  0.001   25.998   16.410    0    0  (Gen:  0)
  1036224    242752 857662904  0.001  0.001   26.001   16.412    0    0  (Gen:  0)
  1035496    267336 857796272  0.001  0.001   26.004   16.413    0    0  (Gen:  0)
  1036720    260304 857918360  0.001  0.001   26.007   16.415    0    0  (Gen:  0)
  1036080    219880 858023576  0.001  0.001   26.010   16.417    0    0  (Gen:  0)
  1035336    219440 858137624  0.001  0.001   26.013   16.419    0    0  (Gen:  0)
  1035304    231240 858258464  0.001  0.001   26.016   16.421    0    0  (Gen:  0)
  1034872    233128 858374800  0.001  0.001   26.019   16.423    0    0  (Gen:  0)
  1037360    215728 858480584  0.001  0.001   26.023   16.425    0    0  (Gen:  0)
  1036352    214512 858587856  0.001  0.001   26.026   16.427    0    0  (Gen:  0)
  1037928    219288 858700080  0.001  0.001   26.029   16.428    0    0  (Gen:  0)
  1038008    215600 858805784  0.001  0.001   26.032   16.430    0    0  (Gen:  0)
  1085632    217568 858950608  0.001  0.001   26.035   16.432    0    0  (Gen:  0)
  1037192    223368 859063424  0.001  0.001   26.038   16.433    0    0  (Gen:  0)
  1036192    223928 859176704  0.001  0.001   26.041   16.435    0    0  (Gen:  0)
  1036336    224632 859289288  0.001  0.001   26.044   16.437    0    0  (Gen:  0)
  1036256    225504 859407008  0.001  0.001   26.047   16.438    0    0  (Gen:  0)
  1036688    235744 859522024  0.001  0.001   26.050   16.440    0    0  (Gen:  0)
  1036984    230960 859639008  0.001  0.001   26.053   16.442    0    0  (Gen:  0)
  1080928    231200 859786512  0.002  0.001   26.056   16.443    0    0  (Gen:  0)
  1036240    226464 859897320  0.002  0.001   26.059   16.445    0    0  (Gen:  0)
  1037440    224424 860010544  0.002  0.001   26.063   16.447    0    0  (Gen:  0)
  1036528    221960 860117808  0.002  0.001   26.066   16.448    0    0  (Gen:  0)
  1037520    219120 860231896  0.002  0.001   26.069   16.450    0    0  (Gen:  0)
  1036624    228304 860348456  0.002  0.001   26.072   16.452    0    0  (Gen:  0)
  1036368    239424 860472920  0.002  0.001   26.075   16.453    0    0  (Gen:  0)
  1036968    234288 860590232  0.002  0.001   26.078   16.455    0    0  (Gen:  0)
  1037304    223656 860699488  0.002  0.001   26.081   16.457    0    0  (Gen:  0)
  1036304    224128 860818960  0.002  0.001   26.085   16.459    0    0  (Gen:  0)
  1032960    250272 860952408  0.002  0.001   26.088   16.460    0    0  (Gen:  0)
  1037856    270712 861097472  0.002  0.001   26.092   16.462    0    0  (Gen:  0)
  1039312    272344 861224832  0.002  0.001   26.095   16.464    0    0  (Gen:  0)
  1040600    265552 861363368  0.002  0.001   26.098   16.465    0    0  (Gen:  0)
  1039720    262408 861488304  0.002  0.001   26.101   16.467    0    0  (Gen:  0)
  1039856    258512 861620616  0.002  0.001   26.104   16.469    0    0  (Gen:  0)
  1041616    275968 861768416  0.002  0.001   26.107   16.470    0    0  (Gen:  0)
  1036160    261200 861873048  0.002  0.001   26.110   16.472    0    0  (Gen:  0)
  1035616    190152 861963504  0.001  0.000   26.113   16.473    0    0  (Gen:  0)
  1037280    180336 862055256  0.001  0.000   26.115   16.476    0    0  (Gen:  0)
  1068384    179544 862178480  0.001  0.000   26.118   16.477    0    0  (Gen:  0)
  1035032    253608 862310336  0.002  0.001   26.121   16.479    0    0  (Gen:  0)
  1035528    273144 862433928  0.002  0.001   26.125   16.481    0    0  (Gen:  0)
  1035256    239712 862556816  0.002  0.001   26.129   16.484    0    0  (Gen:  0)
  1035016    240344 862680952  0.002  0.001   26.133   16.487    0    0  (Gen:  0)
  1953456    276896 862874024  0.002  0.001   26.138   16.490    0    0  (Gen:  0)
  1035560    319680 863010232  0.002  0.001   26.142   16.492    0    0  (Gen:  0)
  1033424    312592 863165736  0.001  0.000   26.144   16.493    0    0  (Gen:  0)
  1060696    299848 863345816  0.001  0.001   26.147   16.495    0    0  (Gen:  0)
  1027640    290472 863492960  0.001  0.000   26.150   16.497    0    0  (Gen:  0)
  1031984    283424 863633288  0.002  0.001   26.154   16.499    0    0  (Gen:  0)
  1029536    254424 863749968  0.001  0.001   26.156   16.500    0    0  (Gen:  0)
  1032160    277832 863891888  0.002  0.001   26.159   16.502    0    0  (Gen:  0)
  1037768    264488 864018496  0.002  0.001   26.162   16.504    0    0  (Gen:  0)
  1035648    257808 864145824  0.002  0.001   26.166   16.505    0    0  (Gen:  0)
  1037184    257104 864266848  0.002  0.001   26.169   16.507    0    0  (Gen:  0)
  1035632    244200 864389056  0.002  0.001   26.172   16.509    0    0  (Gen:  0)
  1031000    253584 864514480  0.002  0.001   26.175   16.510    0    0  (Gen:  0)
  1036392    265584 864651480  0.002  0.001   26.178   16.512    0    0  (Gen:  0)
  1037232    249944 864763112  0.002  0.001   26.181   16.514    0    0  (Gen:  0)
  1033944    246712 864896288  0.002  0.001   26.185   16.515    0    0  (Gen:  0)
  1040256    247216 865007792  0.002  0.001   26.188   16.517    0    0  (Gen:  0)
  1036184    249040 865141208  0.002  0.001   26.191   16.519    0    0  (Gen:  0)
  1036312    269464 865272624  0.002  0.001   26.194   16.520    0    0  (Gen:  0)
  1030848    279624 865422704  0.002  0.001   26.198   16.522    0    0  (Gen:  0)
  1027624    251928 865527072  0.002  0.001   26.201   16.524    0    0  (Gen:  0)
  1038936    269608 865670264  0.002  0.001   26.204   16.526    0    0  (Gen:  0)
  1038992    267312 865798072  0.002  0.001   26.207   16.527    0    0  (Gen:  0)
  1038320    239880 865910184  0.002  0.001   26.210   16.529    0    0  (Gen:  0)
  1035864    209928 866012936  0.002  0.000   26.213   16.531    0    0  (Gen:  0)
  1036672    239920 866146296  0.002  0.001   26.216   16.532    0    0  (Gen:  0)
  1036400    252760 866267952  0.002  0.001   26.220   16.534    0    0  (Gen:  0)
  1035136    267520 866415704  0.002  0.001   26.223   16.536    0    0  (Gen:  0)
  1039000    262576 866531816  0.002  0.001   26.227   16.538    0    0  (Gen:  0)
  1035448    255240 866667864  0.002  0.001   26.230   16.540    0    0  (Gen:  0)
  1039448    247272 866776696  0.002  0.001   26.233   16.541    0    0  (Gen:  0)
  1032712    274016 866937944  0.002  0.001   26.236   16.543    0    0  (Gen:  0)
  1036384    286928 867063352  0.002  0.001   26.239   16.545    0    0  (Gen:  0)
  1036280    254776 867194864  0.002  0.001   26.243   16.547    0    0  (Gen:  0)
  1039032    237224 867302904  0.002  0.001   26.246   16.548    0    0  (Gen:  0)
  1037656    241944 867429232  0.002  0.001   26.249   16.550    0    0  (Gen:  0)
  1031280    284760 867585264  0.003  0.001   26.254   16.553    0    0  (Gen:  0)
  1035648    254728 867686536  0.002  0.001   26.257   16.555    0    0  (Gen:  0)
  1029880    274232 867860048  0.002  0.001   26.261   16.557    0    0  (Gen:  0)
  1028568    349696 868044496  0.003  0.001   26.266   16.559    0    0  (Gen:  0)
  1038072    235696 868106600  0.002  0.001   26.269   16.561    0    0  (Gen:  0)
  1038496    232672 868280728  0.002  0.000   26.272   16.562    0    0  (Gen:  0)
  1031672    236600 868399136  0.002  0.001   26.276   16.565    0    0  (Gen:  0)
  1036344    171488 868442224  0.001  0.000   26.279   16.567    0    0  (Gen:  0)
  1038488    101152 868494280  0.001  0.000   26.281   16.569    0    0  (Gen:  0)
  1040816    212040 868649432  0.002  0.000   26.284   16.570    0    0  (Gen:  0)
  1039248    351920 868837976  0.002  0.001   26.286   16.572    0    0  (Gen:  0)
  1038456    182752 868876432  0.001  0.000   26.288   16.573    0    0  (Gen:  0)
  1037472    212920 869019368  0.002  0.000   26.291   16.574    0    0  (Gen:  0)
  1040408    190264 869091456  0.001  0.000   26.293   16.576    0    0  (Gen:  0)
  1040120    203472 869231936  0.001  0.000   26.295   16.577    0    0  (Gen:  0)
  1041440    259664 869409520  0.002  0.001   26.298   16.578    0    0  (Gen:  0)
  1040888    224432 869448680  0.002  0.000   26.300   16.579    0    0  (Gen:  0)
  1036048    216632 869524576  0.001  0.000   26.302   16.580    0    0  (Gen:  0)
  1039712    204704 869606696  0.001  0.000   26.305   16.582    0    0  (Gen:  0)
  1039368    172736 869702576  0.001  0.000   26.307   16.583    0    0  (Gen:  0)
  1038984    111880 869752968  0.001  0.000   26.310   16.586    0    0  (Gen:  0)
  1039664     91216 869799392  0.001  0.000   26.313   16.588    0    0  (Gen:  0)
  1040608    106568 869849944  0.001  0.000   26.316   16.590    0    0  (Gen:  0)
  1039136    112208 869904688  0.001  0.000   26.318   16.592    0    0  (Gen:  0)
  1039632    130688 869966624  0.001  0.000   26.321   16.593    0    0  (Gen:  0)
  1610392    111784 870015928  0.001  0.000   26.323   16.595    0    0  (Gen:  0)
  1042384    126512 870082760  0.001  0.000   26.325   16.596    0    0  (Gen:  0)
  1038576    119360 870136720  0.001  0.000   26.328   16.598    0    0  (Gen:  0)
  1038912    112952 870198696  0.001  0.000   26.330   16.599    0    0  (Gen:  0)
  1039928    159536 870289272  0.001  0.000   26.332   16.601    0    0  (Gen:  0)
  1039560    132136 870331328  0.001  0.000   26.334   16.602    0    0  (Gen:  0)
  1038816    126336 870380712  0.001  0.000   26.337   16.604    0    0  (Gen:  0)
  1036832    125256 870442336  0.001  0.000   26.339   16.605    0    0  (Gen:  0)
  1040536    149936 870528288  0.001  0.000   26.342   16.607    0    0  (Gen:  0)
  1036536    139560 870580680  0.001  0.000   26.344   16.608    0    0  (Gen:  0)
  1039944    135600 870642920  0.001  0.000   26.346   16.610    0    0  (Gen:  0)
  1041096    145032 870695272  0.001  0.000   26.348   16.611    0    0  (Gen:  0)
  1038808    127520 870754800  0.001  0.000   26.350   16.612    0    0  (Gen:  0)
  1038704    141600 870827408  0.001  0.000   26.352   16.614    0    0  (Gen:  0)
  1038656    112872 870876280  0.001  0.000   26.356   16.616    0    0  (Gen:  0)
  1039000    134840 870962720  0.001  0.000   26.358   16.617    0    0  (Gen:  0)
  1038312    134328 871007488  0.001  0.000   26.360   16.619    0    0  (Gen:  0)
  1038864    129592 871060520  0.001  0.000   26.362   16.620    0    0  (Gen:  0)
  1038472    128032 871117968  0.001  0.000   26.365   16.622    0    0  (Gen:  0)
  1039016    119976 871180416  0.001  0.000   26.367   16.623    0    0  (Gen:  0)
  1039544    122600 871242192  0.001  0.000   26.369   16.625    0    0  (Gen:  0)
  1039120    142192 871313784  0.001  0.000   26.371   16.626    0    0  (Gen:  0)
  1038824    114912 871349840  0.001  0.000   26.373   16.627    0    0  (Gen:  0)
  1040824     74872 871373296  0.001  0.000   26.375   16.629    0    0  (Gen:  0)
  1040296     78352 871414512  0.001  0.000   26.376   16.630    0    0  (Gen:  0)
  1039984     96056 871465344  0.001  0.000   26.378   16.631    0    0  (Gen:  0)
  1040704     98424 871505552  0.001  0.000   26.380   16.632    0    0  (Gen:  0)
  1041104     98576 871550600  0.001  0.000   26.382   16.633    0    0  (Gen:  0)
  1038136     99800 871593344  0.001  0.000   26.384   16.635    0    0  (Gen:  0)
  1040632     93224 871634144  0.001  0.000   26.386   16.636    0    0  (Gen:  0)
  1040816     86944 871674056  0.001  0.000   26.388   16.637    0    0  (Gen:  0)
  1039008     80136 871691720  0.001  0.000   26.390   16.638    0    0  (Gen:  0)
  1040208     76184 871729216  0.001  0.000   26.391   16.639    0    0  (Gen:  0)
  1039392     98552 871773600  0.001  0.000   26.393   16.641    0    0  (Gen:  0)
  1040232     85544 871798192  0.001  0.000   26.395   16.642    0    0  (Gen:  0)
  1040728    105376 871852872  0.001  0.000   26.397   16.643    0    0  (Gen:  0)
  1041424    103576 871887624  0.001  0.000   26.399   16.644    0    0  (Gen:  0)
  1040824     98952 871931728  0.001  0.000   26.400   16.645    0    0  (Gen:  0)
  1040520     90320 871962104  0.001  0.000   26.402   16.647    0    0  (Gen:  0)
  1041592     91320 872007600  0.001  0.000   26.404   16.648    0    0  (Gen:  0)
  1040552    123144 872067832  0.001  0.000   26.406   16.649    0    0  (Gen:  0)
  1040560     93064 872075568  0.001  0.000   26.407   16.650    0    0  (Gen:  0)
  1040944    111248 872134256  0.001  0.000   26.409   16.651    0    0  (Gen:  0)
  1041288     99336 872169232  0.001  0.000   26.411   16.652    0    0  (Gen:  0)
  1041880    152800 872263400  0.001  0.000   26.413   16.653    0    0  (Gen:  0)
  1039552    118280 872286264  0.001  0.000   26.415   16.654    0    0  (Gen:  0)
  1039976     88616 872302680  0.001  0.000   26.416   16.655    0    0  (Gen:  0)
  1039408     98376 872347656  0.001  0.000   26.418   16.656    0    0  (Gen:  0)
  1040800    115936 872409264  0.001  0.000   26.420   16.657    0    0  (Gen:  0)
  1042272    115920 872460776  0.001  0.000   26.422   16.658    0    0  (Gen:  0)
  1040216     99896 872504040  0.001  0.000   26.424   16.660    0    0  (Gen:  0)
  1039976     77416 872536120  0.000  0.000   26.425   16.661    0    0  (Gen:  0)
  1038960     72192 872562616  0.000  0.000   26.427   16.663    0    0  (Gen:  0)
  1041376     79640 872600488  0.001  0.000   26.428   16.664    0    0  (Gen:  0)
  1040120    107096 872659704  0.001  0.000   26.430   16.665    0    0  (Gen:  0)
  1040136    102680 872691224  0.001  0.000   26.432   16.666    0    0  (Gen:  0)
  1041160    109016 872744456  0.001  0.000   26.434   16.667    0    0  (Gen:  0)
  1040264     99936 872770960  0.001  0.000   26.436   16.668    0    0  (Gen:  0)
  1041736    117376 872837952  0.001  0.000   26.438   16.669    0    0  (Gen:  0)
  1040520     98280 872856744  0.001  0.000   26.439   16.671    0    0  (Gen:  0)
  1040840     93864 872900072  0.001  0.000   26.441   16.672    0    0  (Gen:  0)
  1039840    103512 872946128  0.001  0.000   26.443   16.673    0    0  (Gen:  0)
  1040584     91096 872987432  0.001  0.000   26.445   16.674    0    0  (Gen:  0)
  1040680     78088 873013464  0.001  0.000   26.446   16.675    0    0  (Gen:  0)
  1040352     73888 873040776  0.001  0.000   26.448   16.676    0    0  (Gen:  0)
  1041336     77312 873080576  0.001  0.000   26.450   16.677    0    0  (Gen:  0)
  1040464     73264 873105224  0.001  0.000   26.452   16.679    0    0  (Gen:  0)
  1039616     69352 873130128  0.001  0.000   26.453   16.680    0    0  (Gen:  0)
  1040664     82976 873178264  0.001  0.000   26.455   16.681    0    0  (Gen:  0)
  1041296    187400 873314032  0.001  0.000   26.457   16.682    0    0  (Gen:  0)
  1040848    151520 873314128  0.001  0.000   26.459   16.683    0    0  (Gen:  0)
  1040976    195800 873415160  0.001  0.000   26.461   16.684    0    0  (Gen:  0)
  1041416    211528 873483248  0.002  0.000   26.463   16.685    0    0  (Gen:  0)
  1040392    164048 873480720  0.001  0.000   26.464   16.686    0    0  (Gen:  0)
  1041376     93608 873460368  0.001  0.000   26.466   16.687    0    0  (Gen:  0)
  1041320     95256 873506032  0.001  0.000   26.468   16.688    0    0  (Gen:  0)
  1039424    118960 873568032  0.001  0.000   26.470   16.689    0    0  (Gen:  0)
  1040832     96424 873597896  0.001  0.000   26.472   16.691    0    0  (Gen:  0)
  1040336    137312 873678816  0.001  0.000   26.474   16.692    0    0  (Gen:  0)
  1040232    108968 873698832  0.001  0.000   26.475   16.693    0    0  (Gen:  0)
  1039920     96296 873740352  0.001  0.000   26.477   16.694    0    0  (Gen:  0)
  1040304    118480 873804192  0.001  0.000   26.479   16.695    0    0  (Gen:  0)
  1040512    109464 873845784  0.001  0.000   26.481   16.696    0    0  (Gen:  0)
  1037120    131528 873909624  0.001  0.000   26.483   16.697    0    0  (Gen:  0)
  1042112    188704 874050848  0.001  0.000   26.485   16.699    0    0  (Gen:  0)
  1610000    110936 874057768  0.001  0.000   26.486   16.700    0    0  (Gen:  0)
  1044896    225688 874220672  0.002  0.001   26.489   16.701    0    0  (Gen:  0)
  1040336    177776 874221472  0.001  0.000   26.491   16.701    0    0  (Gen:  0)
  1040952    129080 874225680  0.001  0.000   26.492   16.702    0    0  (Gen:  0)
  1039680    101888 874246176  0.001  0.000   26.494   16.703    0    0  (Gen:  0)
  1041264    115336 874310032  0.001  0.000   26.496   16.705    0    0  (Gen:  0)
  1039856    123080 874361360  0.001  0.000   26.498   16.706    0    0  (Gen:  0)
  1040192    100032 874391288  0.001  0.000   26.500   16.707    0    0  (Gen:  0)
  1040328     94496 874434016  0.001  0.000   26.501   16.708    0    0  (Gen:  0)
  1040928    124640 874504000  0.001  0.000   26.503   16.709    0    0  (Gen:  0)
  1041464     97888 874537584  0.001  0.000   26.505   16.710    0    0  (Gen:  0)
  1040720     95520 874578712  0.001  0.000   26.506   16.711    0    0  (Gen:  0)
  1040328    106848 874631024  0.001  0.000   26.508   16.712    0    0  (Gen:  0)
  1039328     99960 874676144  0.001  0.000   26.510   16.713    0    0  (Gen:  0)
  1041960    194488 874811512  0.001  0.000   26.512   16.715    0    0  (Gen:  0)
  1039568    105584 874849648  0.001  0.000   26.515   16.718    0    0  (Gen:  0)
  1042616    231480 875028976  0.002  0.000   26.517   16.719    0    0  (Gen:  0)
  1040048    191920 875035568  0.001  0.000   26.519   16.720    0    0  (Gen:  0)
  1040136    136824 875037808  0.001  0.000   26.521   16.720    0    0  (Gen:  0)
  1040448    204184 875153544  0.001  0.000   26.523   16.721    0    0  (Gen:  0)
  1040224    124472 875125008  0.001  0.000   26.524   16.722    0    0  (Gen:  0)
  1040496     95392 875149120  0.001  0.000   26.526   16.723    0    0  (Gen:  0)
  1041520     96920 875192056  0.001  0.000   26.528   16.725    0    0  (Gen:  0)
  1040872    120504 875257640  0.001  0.000   26.530   16.726    0    0  (Gen:  0)
  1040632    100152 875288592  0.001  0.000   26.532   16.727    0    0  (Gen:  0)
  1040824     96136 875325176  0.001  0.000   26.533   16.728    0    0  (Gen:  0)
  1041112    139344 875410816  0.001  0.000   26.535   16.729    0    0  (Gen:  0)
  1041064     94208 875423872  0.001  0.000   26.537   16.731    0    0  (Gen:  0)
  1040152     92520 875466272  0.001  0.000   26.539   16.732    0    0  (Gen:  0)
  1040408    101976 875516832  0.001  0.000   26.541   16.733    0    0  (Gen:  0)
  1040648     93120 875557560  0.001  0.000   26.543   16.734    0    0  (Gen:  0)
  1041328    133640 875637200  0.001  0.000   26.544   16.735    0    0  (Gen:  0)
  1040800    219680 875767112  0.002  0.000   26.547   16.736    0    0  (Gen:  0)
  1040264    205856 875810424  0.001  0.000   26.549   16.737    0    0  (Gen:  0)
  1038952    157016 875810096  0.001  0.000   26.550   16.738    0    0  (Gen:  0)
  1040760    110272 875813360  0.001  0.000   26.551   16.739    0    0  (Gen:  0)
  1039536    123536 875874376  0.001  0.000   26.553   16.740    0    0  (Gen:  0)
  1040544     98960 875901592  0.001  0.000   26.555   16.741    0    0  (Gen:  0)
  1041456    103664 875952064  0.001  0.000   26.557   16.742    0    0  (Gen:  0)
  1040800    100472 875995992  0.001  0.000   26.559   16.743    0    0  (Gen:  0)
  1040384     92624 876037776  0.001  0.000   26.560   16.745    0    0  (Gen:  0)
  1040960    112888 876097216  0.001  0.000   26.562   16.746    0    0  (Gen:  0)
  1041224    114136 876142752  0.001  0.000   26.564   16.747    0    0  (Gen:  0)
  1040968    111248 876196496  0.001  0.000   26.566   16.748    0    0  (Gen:  0)
  1040104    105048 876233304  0.001  0.000   26.567   16.749    0    0  (Gen:  0)
  1040504    102112 876272528  0.001  0.000   26.569   16.750    0    0  (Gen:  0)
  1039944     93656 876312232  0.001  0.000   26.571   16.752    0    0  (Gen:  0)
  1042672    179880 876439104  0.001  0.000   26.573   16.753    0    0  (Gen:  0)
  1043696    191792 876583744  0.001  0.000   26.575   16.754    0    0  (Gen:  0)
  1040888     57856 876608928  0.000  0.000   26.577   16.755    0    0  (Gen:  0)
  1140664    231248 876808776  0.002  0.001   26.580   16.757    0    0  (Gen:  0)
  1026128     98960 876876648  0.001  0.000   26.582   16.758    0    0  (Gen:  0)
  1039768    281584 877093464  0.002  0.001   26.585   16.760    0    0  (Gen:  0)
  1037208    453880 877339280  0.003  0.001   26.589   16.761    0    0  (Gen:  0)
  1040160    465448 877572944  0.003  0.001   26.593   16.763    0    0  (Gen:  0)
  1039672    468320 877836720  0.004  0.001   26.598   16.765    0    0  (Gen:  0)
  1039056    441824 878074280  0.004  0.001   26.602   16.767    0    0  (Gen:  0)
  1038912    430408 878322424  0.003  0.001   26.607   16.769    0    0  (Gen:  0)
  1040120    441672 878586560  0.004  0.001   26.612   16.771    0    0  (Gen:  0)
  1040440    463448 878856040  0.004  0.001   26.616   16.773    0    0  (Gen:  0)
  1040168    462184 879120176  0.004  0.001   26.621   16.775    0    0  (Gen:  0)
  1035480    495272 879422872  0.003  0.001   26.625   16.777    0    0  (Gen:  0)
  1038496    458440 879612680  0.003  0.001   26.628   16.778    0    0  (Gen:  0)
  1038000    305032 879736496  0.002  0.001   26.631   16.779    0    0  (Gen:  0)
  1039464    277824 879884216  0.002  0.001   26.633   16.780    0    0  (Gen:  0)
  1038712    258344 880023240  0.002  0.000   26.635   16.781    0    0  (Gen:  0)
  1038408    248072 880153352  0.002  0.000   26.637   16.782    0    0  (Gen:  0)
  1035264    198872 880228200  0.001  0.000   26.639   16.783    0    0  (Gen:  0)
  1036984    179464 880326496  0.001  0.000   26.641   16.784    0    0  (Gen:  0)
  1037040    198048 880424424  0.001  0.000   26.642   16.785    0    0  (Gen:  0)
  1035640    203072 880527816  0.001  0.000   26.644   16.786    0    0  (Gen:  0)
  1038640    257280 880681216  0.002  0.001   26.647   16.787    0    0  (Gen:  0)
  1038008    356976 880898088  0.003  0.001   26.650   16.788    0    0  (Gen:  0)
  1039704    379928 881116704  0.003  0.001   26.654   16.790    0    0  (Gen:  0)
  1038320    344576 881307016  0.002  0.001   26.657   16.791    0    0  (Gen:  0)
  1037992    308072 881457872  0.002  0.001   26.660   16.793    0    0  (Gen:  0)
  1038880    294104 881622176  0.002  0.001   26.663   16.794    0    0  (Gen:  0)
  1038232    297648 881778144  0.002  0.001   26.666   16.795    0    0  (Gen:  0)
  1039072    295000 881940192  0.002  0.001   26.668   16.796    0    0  (Gen:  0)
  1038656    286568 882088408  0.002  0.001   26.671   16.797    0    0  (Gen:  0)
  1039808    326752 882283632  0.003  0.001   26.675   16.799    0    0  (Gen:  0)
  1039408    306080 882436720  0.002  0.001   26.677   16.800    0    0  (Gen:  0)
  1038976    255872 882553976  0.002  0.000   26.679   16.801    0    0  (Gen:  0)
  1037808    204960 882650112  0.001  0.000   26.681   16.802    0    0  (Gen:  0)
  1038288    258264 882812560  0.002  0.001   26.684   16.803    0    0  (Gen:  0)
  1040400    324704 882996288  0.003  0.001   26.687   16.805    0    0  (Gen:  0)
  1608832    309224 883153928  0.002  0.001   26.690   16.806    0    0  (Gen:  0)
  1043176    335608 883351664  0.002  0.001   26.694   16.807    0    0  (Gen:  0)
  1038096    317808 883503664  0.002  0.001   26.697   16.809    0    0  (Gen:  0)
  1038288    249144 883620216  0.002  0.001   26.699   16.810    0    0  (Gen:  0)
  1038000    339840 883849296  0.002  0.001   26.702   16.811    0    0  (Gen:  0)
  1040856    454272 884087920  0.003  0.001   26.706   16.813    0    0  (Gen:  0)
  1040288    445592 884313504  0.003  0.001   26.710   16.814    0    0  (Gen:  0)
  1040680    448592 884541328  0.003  0.001   26.713   16.816    0    0  (Gen:  0)
  1041272    443264 884762368  0.002  0.001   26.716   16.817    0    0  (Gen:  0)
  1040376    445224 884984296  0.002  0.001   26.719   16.818    0    0  (Gen:  0)
  1040760    452864 885212928  0.003  0.001   26.722   16.820    0    0  (Gen:  0)
  1041448    450504 885441808  0.003  0.001   26.726   16.821    0    0  (Gen:  0)
  1040992    446144 885665416  0.003  0.001   26.729   16.822    0    0  (Gen:  0)
  1040616    449712 885893264  0.003  0.001   26.732   16.824    0    0  (Gen:  0)
  1041016    450136 886120328  0.001  0.001   26.734   16.825    0    0  (Gen:  0)
  1040568    434608 886333984  0.001  0.001   26.736   16.827    0    0  (Gen:  0)
  1040360    437576 886555928  0.002  0.001   26.739   16.828    0    0  (Gen:  0)
  1040696    450352 886778432  0.002  0.001   26.741   16.829    0    0  (Gen:  0)
  1041088    438256 886990136  0.002  0.001   26.744   16.831    0    0  (Gen:  0)
  1041744    437760 887214856  0.002  0.001   26.747   16.832    0    0  (Gen:  0)
  1041216    451960 887437656  0.002  0.001   26.750   16.833    0    0  (Gen:  0)
  1040056    449624 887660392  0.002  0.001   26.753   16.834    0    0  (Gen:  0)
  1040192    449368 887883112  0.003  0.001   26.756   16.836    0    0  (Gen:  0)
  1040616    432664 888107560  0.002  0.001   26.759   16.837    0    0  (Gen:  0)
  1040696    451920 888330648  0.002  0.001   26.762   16.838    0    0  (Gen:  0)
  1040808    450112 888553472  0.002  0.001   26.764   16.839    0    0  (Gen:  0)
  1040624    434960 888761584  0.002  0.001   26.767   16.841    0    0  (Gen:  0)
  1041104    437488 888986232  0.002  0.001   26.770   16.842    0    0  (Gen:  0)
  1040760    451248 889208424  0.002  0.001   26.773   16.843    0    0  (Gen:  0)
  1041192    449200 889431280  0.002  0.001   26.776   16.844    0    0  (Gen:  0)
  1041016    451160 889655448  0.003  0.001   26.779   16.846    0    0  (Gen:  0)
  1139352    300176 889736200  0.002  0.001   26.781   16.847    0    0  (Gen:  0)
  1042016    183616 889743016  0.001  0.000   26.783   16.848    0    0  (Gen:  0)
  1042808    229048 889912168  0.001  0.000   26.786   16.849    0    0  (Gen:  0)
  1041240    308200 890192408  0.002  0.001   26.788   16.850    0    0  (Gen:  0)
  1042168    187320 890345880  0.001  0.000   26.790   16.851    0    0  (Gen:  0)
  1039128    416608 890640200  0.002  0.001   26.793   16.853    0    0  (Gen:  0)
  1039728    272528 890765128  0.002  0.001   26.796   16.854    0    0  (Gen:  0)
  1031424    285968 891041056  0.002  0.001   26.799   16.855    0    0  (Gen:  0)
  1040960    282688 891304688  0.002  0.001   26.801   16.856    0    0  (Gen:  0)
  1037712    175008 891473920  0.001  0.000   26.803   16.857    0    0  (Gen:  0)
  1196416     53440 891510864  0.001  0.000   26.805   16.859    0    0  (Gen:  0)
  1261104     74200 891556232  0.001  0.000   26.807   16.860    0    0  (Gen:  0)
  1155392    100152 891608600  0.001  0.000   26.809   16.861    0    0  (Gen:  0)
  1902960    296152 891908752  0.002  0.001   26.812   16.864    0    0  (Gen:  0)
  1041488    456160 892101008  0.002  0.001   26.815   16.865    0    0  (Gen:  0)
  1038184    264408 892158792  0.001  0.000   26.817   16.866    0    0  (Gen:  0)
  1041712    358696 892476536  0.002  0.001   26.820   16.868    0    0  (Gen:  0)
  1028984    134328 892579256  0.001  0.000   26.822   16.869    0    0  (Gen:  0)
  1030312    185128 892676640  0.001  0.000   26.824   16.870    0    0  (Gen:  0)
  1035672    165040 892747912  0.001  0.000   26.827   16.872    0    0  (Gen:  0)
  1031400    174936 892825688  0.001  0.000   26.831   16.875    0    0  (Gen:  0)
  1038208    102392 892889552  0.001  0.000   26.833   16.876    0    0  (Gen:  0)
  1033992    263176 893087160  0.002  0.001   26.836   16.877    0    0  (Gen:  0)
  1032992    193656 893114224  0.001  0.000   26.838   16.879    0    0  (Gen:  0)
  1036952    111160 893185832  0.001  0.000   26.840   16.880    0    0  (Gen:  0)
  1032416    234976 893347912  0.002  0.001   26.844   16.882    0    0  (Gen:  0)
  1040512    289864 893473640  0.002  0.001   26.847   16.884    0    0  (Gen:  0)
  1038384    257552 893605352  0.002  0.001   26.850   16.885    0    0  (Gen:  0)
  1039152    256424 893731048  0.002  0.001   26.853   16.887    0    0  (Gen:  0)
  1040744    265696 893870968  0.002  0.001   26.856   16.888    0    0  (Gen:  0)
  1038392    233240 893962888  0.002  0.000   26.859   16.890    0    0  (Gen:  0)
  1038056    180712 894054528  0.001  0.000   26.862   16.892    0    0  (Gen:  0)
  1035440    221864 894186864  0.002  0.001   26.865   16.894    0    0  (Gen:  0)
  1034840    250080 894309208  0.002  0.001   26.869   16.897    0    0  (Gen:  0)
  1035064    240160 894433640  0.002  0.001   26.873   16.899    0    0  (Gen:  0)
  1034808    241944 894558072  0.002  0.001   26.878   16.902    0    0  (Gen:  0)
  1069200    286640 894726768  0.002  0.001   26.882   16.904    0    0  (Gen:  0)
  1033624    308800 894874008  0.002  0.001   26.885   16.906    0    0  (Gen:  0)
  1666792    292424 895059864  0.002  0.001   26.889   16.908    0    0  (Gen:  0)
  1032320    243856 895125688  0.002  0.001   26.892   16.910    0    0  (Gen:  0)
  1035952    248296 895250216  0.002  0.001   26.896   16.912    0    0  (Gen:  0)
  1039584    292984 895427904  0.002  0.001   26.898   16.913    0    0  (Gen:  0)
  1038520    163992 895442768  0.001  0.000   26.900   16.914    0    0  (Gen:  0)
  1037944    169048 895523344  0.001  0.000   26.903   16.916    0    0  (Gen:  0)
  1041080    207232 895651848  0.001  0.000   26.905   16.917    0    0  (Gen:  0)
  1041624    192224 895723336  0.001  0.000   26.907   16.918    0    0  (Gen:  0)
  1037704    183576 895770328  0.001  0.000   26.909   16.919    0    0  (Gen:  0)
  1039904    152832 895816400  0.001  0.000   26.911   16.921    0    0  (Gen:  0)
  1033048    121280 895894152  0.001  0.000   26.914   16.923    0    0  (Gen:  0)
  1039960    111808 895975640  0.001  0.000   26.917   16.925    0    0  (Gen:  0)
  1040920    130112 896028360  0.001  0.000   26.919   16.926    0    0  (Gen:  0)
  1040552    129416 896066520  0.001  0.000   26.920   16.927    0    0  (Gen:  0)
  1041128    123320 896094320  0.001  0.000   26.922   16.928    0    0  (Gen:  0)
  1040352    101648 896105592  0.001  0.000   26.924   16.929    0    0  (Gen:  0)
  1039888     95848 896146488  0.001  0.000   26.926   16.930    0    0  (Gen:  0)
  1040800     95936 896189040  0.001  0.000   26.928   16.932    0    0  (Gen:  0)
  1041752    108360 896243976  0.001  0.000   26.930   16.933    0    0  (Gen:  0)
  1040720     91480 896280744  0.001  0.000   26.931   16.934    0    0  (Gen:  0)
  1041408     95896 896329776  0.001  0.000   26.933   16.935    0    0  (Gen:  0)
  1041200     90608 896366368  0.001  0.000   26.935   16.936    0    0  (Gen:  0)
  1041216    109864 896426976  0.001  0.000   26.936   16.937    0    0  (Gen:  0)
  1040296    102248 896464752  0.001  0.000   26.938   16.938    0    0  (Gen:  0)
  1041544    106560 896503368  0.001  0.000   26.939   16.939    0    0  (Gen:  0)
  1040408     92384 896522400  0.001  0.000   26.941   16.940    0    0  (Gen:  0)
  1040168     93160 896565336  0.001  0.000   26.943   16.941    0    0  (Gen:  0)
  1039832    108224 896622392  0.001  0.000   26.945   16.942    0    0  (Gen:  0)
  1040152    135016 896697232  0.001  0.000   26.947   16.944    0    0  (Gen:  0)
  1041120    102504 896713368  0.001  0.000   26.948   16.945    0    0  (Gen:  0)
  1040936     93432 896752384  0.001  0.000   26.950   16.946    0    0  (Gen:  0)
  1041768     89072 896784704  0.001  0.000   26.952   16.947    0    0  (Gen:  0)
  1042288    211672 896948232  0.001  0.000   26.954   16.948    0    0  (Gen:  0)
  1039832    173264 897087680  0.001  0.000   26.957   16.950    0    0  (Gen:  0)
  1038760    344544 897338040  0.003  0.001   26.960   16.951    0    0  (Gen:  0)
  1038016    350136 897470880  0.002  0.001   26.963   16.952    0    0  (Gen:  0)
  1037128    273688 897620528  0.002  0.001   26.966   16.954    0    0  (Gen:  0)
  1036576    211864 897712160  0.001  0.000   26.967   16.954    0    0  (Gen:  0)
  1037320    194096 897810768  0.001  0.000   26.969   16.955    0    0  (Gen:  0)
  1036760    204600 897916944  0.001  0.000   26.971   16.956    0    0  (Gen:  0)
  1035440    298288 898111352  0.002  0.001   26.974   16.957    0    0  (Gen:  0)
  1039632    387368 898347704  0.003  0.001   26.978   16.959    0    0  (Gen:  0)
  1041936    394264 898570728  0.002  0.001   26.980   16.960    0    0  (Gen:  0)
  1040432    448032 898791472  0.002  0.001   26.983   16.961    0    0  (Gen:  0)
  1041736    437344 899004520  0.002  0.001   26.986   16.963    0    0  (Gen:  0)
  1040824    436048 899222552  0.002  0.001   26.989   16.964    0    0  (Gen:  0)
  1090840    340144 899369800  0.002  0.001   26.991   16.965    0    0  (Gen:  0)
  1044136    222936 899479000  0.001  0.000   26.992   16.966    0    0  (Gen:  0)
  1040072    326504 899772464  0.002  0.001   26.995   16.967    0    0  (Gen:  0)
  1037296    253928 899991832  0.001  0.000   26.997   16.968    0    0  (Gen:  0)
  1192736    173240 899972200  0.001  0.000   26.999   16.970    0    0  (Gen:  0)
  1627448    277568 900264104  0.002  0.000   27.003   16.972    0    0  (Gen:  0)
  1040816    514992 900518752  0.002  0.001   27.006   16.973    0    0  (Gen:  0)
  1035784    309832 900565784  0.001  0.000   27.008   16.974    0    0  (Gen:  0)
  1041464    393704 900900616  0.002  0.001   27.011   16.976    0    0  (Gen:  0)
  1024320    177904 901035592  0.001  0.000   27.013   16.977    0    0  (Gen:  0)
  1030592    177384 901103136  0.001  0.000   27.015   16.978    0    0  (Gen:  0)
  1034976     83096 901120096  0.001  0.000   27.017   16.980    0    0  (Gen:  0)
  1035912     97848 901205248  0.001  0.000   27.019   16.981    0    0  (Gen:  0)
  1037416    234976 901353304  0.002  0.001   27.022   16.983    0    0  (Gen:  0)
  1036288    247064 901456160  0.002  0.001   27.026   16.985    0    0  (Gen:  0)
  1034776    161840 901526120  0.001  0.000   27.029   16.987    0    0  (Gen:  0)
  1039128    299792 901763624  0.003  0.001   27.033   16.989    0    0  (Gen:  0)
  1041912    487272 902028664  0.003  0.001   27.037   16.990    0    0  (Gen:  0)
  1043192     96888 902075832  0.001  0.000   27.038   16.991    0    0  (Gen:  0)
  1064848    241184 902310904  0.002  0.000   27.040   16.993    0    0  (Gen:  0)
  1127920    137816 902354136  0.000  0.000   27.042   16.994    0    0  (Gen:  0)
  4053984    855016 903259264  0.003  0.001   27.048   16.996    0    0  (Gen:  0)
  3046512   1350936 903772888  0.004  0.001   27.053   16.997    0    0  (Gen:  0)
  3751008   1246896 904516456  0.004  0.001   27.057   16.998    0    0  (Gen:  0)
  3641472    992528 905056368  0.003  0.001   27.065   17.000    0    0  (Gen:  0)
  3242768    457152 905279376  0.002  0.000   27.072   17.002    0    0  (Gen:  0)
  3307056    515512 905590184  0.002  0.001   27.079   17.004    0    0  (Gen:  0)
  3706760    536200 905859776  0.005  0.001   27.086   17.006    0    0  (Gen:  0)
  2387704    849480 906381272  0.004  0.001   27.091   17.007    0    0  (Gen:  0)
  3136928    403704 906701600  0.002  0.001   27.097   17.009    0    0  (Gen:  0)
  3111448    738448 907233440  0.003  0.001   27.104   17.010    0    0  (Gen:  0)
  3513000    893688 907806080  0.003  0.001   27.109   17.012    0    0  (Gen:  0)
  3628848   1099536 908396080  0.004  0.001   27.115   17.013    0    0  (Gen:  0)
  3827808   1181896 909004024  0.004  0.001   27.121   17.015    0    0  (Gen:  0)
  2662720   1087792 909622016  0.004  0.001   27.126   17.016    0    0  (Gen:  0)
  3219968    641344 910019360  0.005  0.001   27.133   17.018    0    0  (Gen:  0)
  2699056    446768 910178184  0.004  0.000   27.139   17.020    0    0  (Gen:  0)
  3155304    482584 910509568  0.006  0.001   27.146   17.022    0    0  (Gen:  0)
  2024560    586304 910816528  0.005  0.001   27.151   17.023    0    0  (Gen:  0)
  2903672    359176 911092768  0.003  0.000   27.158   17.025    0    0  (Gen:  0)
  2876560    571704 911456632  0.002  0.001   27.165   17.027    0    0  (Gen:  0)
  2343432    677320 911770592  0.003  0.001   27.170   17.028    0    0  (Gen:  0)
  2847472    717552 912185616  0.004  0.001   27.177   17.030    0    0  (Gen:  0)
  3763288    641080 912493264  0.004  0.001   27.185   17.032    0    0  (Gen:  0)
  2942536    644152 912863704  0.006  0.001   27.193   17.034    0    0  (Gen:  0)
  3270512    866440 913383864  0.005  0.001   27.198   17.035    0    0  (Gen:  0)
  2866408    719304 913879936  0.002  0.001   27.203   17.037    0    0  (Gen:  0)
  3135536    387656 914062248  0.003  0.000   27.208   17.038    0    0  (Gen:  0)
  2885232    630304 914611872  0.003  0.001   27.213   17.040    0    0  (Gen:  0)
  3252392    920808 915222224  0.005  0.001   27.219   17.042    0    0  (Gen:  0)
  2970648   1003232 915702360  0.004  0.001   27.225   17.043    0    0  (Gen:  0)
  3788128   1287192 916523504  0.005  0.001   27.232   17.045    0    0  (Gen:  0)
  3457248   1415280 917276664  0.005  0.001   27.239   17.047    0    0  (Gen:  0)
  2419448    968328 917876296  0.004  0.001   27.244   17.048    0    0  (Gen:  0)
  3257904    612152 918342416  0.005  0.001   27.250   17.050    0    0  (Gen:  0)
  2931560    957120 918862216  0.004  0.001   27.255   17.052    0    0  (Gen:  0)
  3186280    753648 919179688  0.004  0.001   27.262   17.053    0    0  (Gen:  0)
  2673224    694488 919626800  0.004  0.001   27.267   17.055    0    0  (Gen:  0)
  3201064    696888 920031064  0.004  0.001   27.273   17.056    0    0  (Gen:  0)
  3018192    569176 920352640  0.004  0.001   27.279   17.058    0    0  (Gen:  0)
  3180904    555656 920633056  0.005  0.001   27.284   17.059    0    0  (Gen:  0)
  3172200    575096 920954968  0.002  0.001   27.290   17.061    0    0  (Gen:  0)
  2588992    462928 921179360  0.003  0.000   27.296   17.062    0    0  (Gen:  0)
  2149752    370712 921347760  0.005  0.001   27.302   17.064    0    0  (Gen:  0)
  2513528    360584 921572728  0.002  0.001   27.307   17.065    0    0  (Gen:  0)
  2404624    362952 921732696  0.004  0.001   27.313   17.067    0    0  (Gen:  0)
  3033744    405648 921990872  0.003  0.001   27.319   17.068    0    0  (Gen:  0)
  3074952    664032 922442184  0.006  0.001   27.326   17.070    0    0  (Gen:  0)
  2921232    869480 922938920  0.004  0.001   27.333   17.072    0    0  (Gen:  0)
  2720384    538160 923067624  0.002  0.000   27.340   17.074    0    0  (Gen:  0)
  2007432    535072 923454864  0.003  0.001   27.344   17.075    0    0  (Gen:  0)
  2989088    428120 923774520  0.003  0.000   27.350   17.077    0    0  (Gen:  0)
  3062256    453912 923995424  0.003  0.001   27.356   17.078    0    0  (Gen:  0)
  3194136    641440 924419952  0.003  0.001   27.362   17.080    0    0  (Gen:  0)
  2567560    742920 924777800  0.005  0.001   27.368   17.081    0    0  (Gen:  0)
  2299968    678544 925087848  0.003  0.001   27.374   17.083    0    0  (Gen:  0)
  1171248    455696 925328304  0.001  0.001   27.377   17.085    0    0  (Gen:  0)
  2221840    529792 925643720  0.002  0.001   27.382   17.086    0    0  (Gen:  0)
  3349688    500336 925868064  0.003  0.001   27.388   17.088    0    0  (Gen:  0)
  3099456    462424 926065832  0.005  0.001   27.395   17.090    0    0  (Gen:  0)
  3160776    465664 926342560  0.005  0.000   27.402   17.092    0    0  (Gen:  0)
  2613960    391672 926512160  0.004  0.000   27.407   17.093    0    0  (Gen:  0)
  2739856    275320 926638256  0.002  0.000   27.411   17.094    0    0  (Gen:  0)
  2367056    192208 926710040  0.002  0.000   27.416   17.095    0    0  (Gen:  0)
  3254352    242040 926886552  0.003  0.000   27.421   17.097    0    0  (Gen:  0)
  3746456    466928 927205784  0.005  0.001   27.427   17.098    0    0  (Gen:  0)
  3909352    545296 927499936  0.003  0.001   27.435   17.100    0    0  (Gen:  0)
  3211784    507976 927738168  0.003  0.001   27.443   17.102    0    0  (Gen:  0)
  3503096    528864 928065128  0.005  0.001   27.452   17.105    0    0  (Gen:  0)
  2595488    471664 928265448  0.003  0.001   27.459   17.107    0    0  (Gen:  0)
  2315232    497464 928596200  0.004  0.001   27.465   17.108    0    0  (Gen:  0)
  3477264    288800 928795328  0.001  0.000   27.471   17.110    0    0  (Gen:  0)
  3297336    603360 929218528  0.002  0.001   27.477   17.112    0    0  (Gen:  0)
  2860640    888544 929712640  0.003  0.001   27.484   17.114    0    0  (Gen:  0)
  2936816    880464 930156944  0.003  0.001   27.490   17.115    0    0  (Gen:  0)
  3247632    954632 930676400  0.006  0.001   27.499   17.118    0    0  (Gen:  0)
  3113008   1054120 931327592  0.006  0.001   27.507   17.120    0    0  (Gen:  0)
  2343872    626264 931490784  0.002  0.001   27.512   17.121    0    0  (Gen:  0)
  3492224    526032 931750624  0.004  0.000   27.518   17.123    0    0  (Gen:  0)
  2667736    602160 932150600  0.003  0.001   27.523   17.125    0    0  (Gen:  0)
  3723080    432352 932470616  0.003  0.001   27.529   17.126    0    0  (Gen:  0)
  3562192    477752 932703672  0.003  0.001   27.537   17.128    0    0  (Gen:  0)
  3509296    640904 933163592  0.002  0.001   27.543   17.130    0    0  (Gen:  0)
  3546888    957664 933712088  0.003  0.001   27.551   17.132    0    0  (Gen:  0)
  3204656    805272 934106688  0.005  0.001   27.558   17.134    0    0  (Gen:  0)
  3237456    650080 934416576  0.003  0.001   27.565   17.136    0    0  (Gen:  0)
  3780496    676520 934783552  0.004  0.001   27.573   17.138    0    0  (Gen:  0)
  3406784    665112 935102072  0.004  0.001   27.581   17.140    0    0  (Gen:  0)
  3707240    663328 935453344  0.002  0.001   27.589   17.143    0    0  (Gen:  0)
  3201832    568160 935680848  0.002  0.001   27.595   17.144    0    0  (Gen:  0)
  4121016    580784 936044800  0.002  0.001   27.604   17.147    0    0  (Gen:  0)
  3863952    716384 936429992  0.003  0.001   27.613   17.149    0    0  (Gen:  0)
  3129456    712152 936778832  0.004  0.001   27.620   17.151    0    0  (Gen:  0)
  2485840    611728 937094344  0.003  0.001   27.626   17.153    0    0  (Gen:  0)
  3467888    589376 937571504  0.002  0.001   27.632   17.154    0    0  (Gen:  0)
  2809880    890328 938118808  0.003  0.001   27.639   17.156    0    0  (Gen:  0)
  2673472    758768 938420016  0.005  0.001   27.646   17.158    0    0  (Gen:  0)
  2443696    750304 938898560  0.004  0.001   27.651   17.159    0    0  (Gen:  0)
  3000328    563584 939384376  0.005  0.001   27.657   17.161    0    0  (Gen:  0)
  3886560    675888 939776472  0.005  0.001   27.664   17.163    0    0  (Gen:  0)
  3751616    798856 940240712  0.003  0.001   27.671   17.165    0    0  (Gen:  0)
  3084288    911184 940704552  0.004  0.001   27.677   17.167    0    0  (Gen:  0)
  3037024    821320 941090792  0.003  0.001   27.684   17.168    0    0  (Gen:  0)
  2987024    851144 941524184  0.006  0.001   27.691   17.170    0    0  (Gen:  0)
  3768592    898936 941990912  0.007  0.001   27.699   17.172    0    0  (Gen:  0)
  3616112    861456 942442432  0.006  0.001   27.706   17.174    0    0  (Gen:  0)
  3744816    838744 942860544  0.004  0.001   27.715   17.176    0    0  (Gen:  0)
  3318488    733064 943189096  0.002  0.001   27.722   17.178    0    0  (Gen:  0)
  3489096    699048 943582504  0.003  0.001   27.731   17.180    0    0  (Gen:  0)
  3503216    614488 943835136  0.006  0.001   27.739   17.183    0    0  (Gen:  0)
  2789208    585000 944188376  0.004  0.001   27.747   17.184    0    0  (Gen:  0)
  2394232    653104 944523240  0.006  0.001   27.753   17.186    0    0  (Gen:  0)
  2328784    541880 944763472  0.004  0.001   27.758   17.188    0    0  (Gen:  0)
  2639656    541928 945165528  0.005  0.001   27.764   17.189    0    0  (Gen:  0)
  3690072    503392 945470792  0.006  0.001   27.771   17.191    0    0  (Gen:  0)
  2836384    753840 945916624  0.002  0.001   27.778   17.193    0    0  (Gen:  0)
  2578008    796912 946316864  0.005  0.001   27.784   17.194    0    0  (Gen:  0)
  2868512    700336 946617984  0.004  0.001   27.790   17.196    0    0  (Gen:  0)
  2635568    676880 947059008  0.004  0.001   27.795   17.197    0    0  (Gen:  0)
  2602864    408216 947323784  0.004  0.000   27.800   17.199    0    0  (Gen:  0)
  3023824    659928 947752416  0.004  0.001   27.808   17.201    0    0  (Gen:  0)
  2433872    687584 948045488  0.005  0.001   27.814   17.203    0    0  (Gen:  0)
  2417760    433848 948251848  0.003  0.001   27.822   17.204    0    0  (Gen:  0)
  2188712    471704 948609552  0.004  0.001   27.827   17.206    0    0  (Gen:  0)
  3334312    329200 948796968  0.005  0.000   27.833   17.208    0    0  (Gen:  0)
  3441776    547368 949181384  0.002  0.001   27.840   17.209    0    0  (Gen:  0)
  3241888    743736 949551536  0.005  0.001   27.846   17.211    0    0  (Gen:  0)
  3565584    837360 950049144  0.003  0.001   27.852   17.213    0    0  (Gen:  0)
  3263488    815000 950366168  0.006  0.001   27.859   17.214    0    0  (Gen:  0)
  2320384    741232 950798336  0.005  0.001   27.865   17.216    0    0  (Gen:  0)
  2910656    685616 951240168  0.005  0.001   27.871   17.218    0    0  (Gen:  0)
  3043904    738144 951683952  0.004  0.001   27.879   17.220    0    0  (Gen:  0)
  3081776    867704 952157800  0.005  0.001   27.887   17.222    0    0  (Gen:  0)
  2614496    790816 952544128  0.006  0.001   27.895   17.224    0    0  (Gen:  0)
  2652248    715520 952941600  0.006  0.001   27.904   17.226    0    0  (Gen:  0)
  3158152   1007912 953622032  0.005  0.001   27.912   17.229    0    0  (Gen:  0)
  2588816    928624 953987136  0.006  0.001   27.919   17.231    0    0  (Gen:  0)
  2495424    766616 954439312  0.003  0.001   27.925   17.233    0    0  (Gen:  0)
  2611712    761400 954961448  0.006  0.001   27.933   17.234    0    0  (Gen:  0)
  2359032    470352 955141992  0.003  0.001   27.939   17.236    0    0  (Gen:  0)
  2690320    398896 955441096  0.002  0.000   27.944   17.237    0    0  (Gen:  0)
  2442688    667608 955940672  0.004  0.001   27.949   17.239    0    0  (Gen:  0)
  2717728    709920 956405648  0.003  0.001   27.955   17.240    0    0  (Gen:  0)
  2973680    764728 956816976  0.005  0.001   27.962   17.242    0    0  (Gen:  0)
  2780280    436352 957017440  0.004  0.001   27.967   17.244    0    0  (Gen:  0)
  2073968    596144 957461112  0.002  0.001   27.972   17.245    0    0  (Gen:  0)
  2606504    851280 958007928  0.004  0.001   27.978   17.247    0    0  (Gen:  0)
  3032624    736768 958455736  0.002  0.001   27.983   17.248    0    0  (Gen:  0)
  2657296    725128 958770104  0.003  0.001   27.989   17.250    0    0  (Gen:  0)
  1866992    730568 959144112  0.004  0.001   27.994   17.252    0    0  (Gen:  0)
  3123552    755272 959661040  0.003  0.001   28.000   17.253    0    0  (Gen:  0)
  3344296    574808 960039808  0.005  0.001   28.007   17.255    0    0  (Gen:  0)
  3127776    802192 960492288  0.004  0.001   28.016   17.257    0    0  (Gen:  0)
  3088848    915040 961064264  0.004  0.001   28.023   17.259    0    0  (Gen:  0)
  3349360    927056 961560976  0.003  0.001   28.030   17.261    0    0  (Gen:  0)
  3064424    925400 962078664  0.005  0.001   28.037   17.263    0    0  (Gen:  0)
  3236968    810000 962584424  0.005  0.001   28.045   17.266    0    0  (Gen:  0)
  3163056    736608 963043072  0.007  0.001   28.055   17.268    0    0  (Gen:  0)
  3276680    951824 963652208  0.006  0.001   28.064   17.270    0    0  (Gen:  0)
  3226752   1122928 964275792  0.006  0.001   28.072   17.273    0    0  (Gen:  0)
  3440904   1025672 964809824  0.006  0.001   28.079   17.275    0    0  (Gen:  0)
  3208376    886240 965317552  0.005  0.001   28.087   17.277    0    0  (Gen:  0)
  1791320    624360 965455416  0.003  0.000   28.090   17.277    0    0  (Gen:  0)
  2467648    497224 965797872  0.003  0.000   28.094   17.279    0    0  (Gen:  0)
  3058872    489672 966065000  0.003  0.000   28.099   17.280    0    0  (Gen:  0)
  2576992    687560 966559136  0.004  0.001   28.105   17.281    0    0  (Gen:  0)
  3143104    642592 966983648  0.005  0.001   28.111   17.283    0    0  (Gen:  0)
  2931448    478640 967147736  0.002  0.000   28.117   17.284    0    0  (Gen:  0)
  3194152    423000 967400728  0.005  0.000   28.123   17.286    0    0  (Gen:  0)
  2618024    640880 967803816  0.003  0.001   28.129   17.288    0    0  (Gen:  0)
  2916864    694544 968125048  0.003  0.001   28.135   17.289    0    0  (Gen:  0)
  2435840    554240 968375632  0.005  0.001   28.141   17.291    0    0  (Gen:  0)
  2819952    651192 968775504  0.005  0.001   28.148   17.293    0    0  (Gen:  0)
  3148528    524656 969145232  0.006  0.001   28.155   17.295    0    0  (Gen:  0)
  2830480    660600 969481704  0.004  0.001   28.163   17.297    0    0  (Gen:  0)
  2469912    497160 969691488  0.005  0.001   28.168   17.298    0    0  (Gen:  0)
  2544640    469864 970059200  0.003  0.001   28.174   17.300    0    0  (Gen:  0)
  3736952    318064 970270960  0.004  0.000   28.181   17.302    0    0  (Gen:  0)
  3029656    464968 970604544  0.005  0.001   28.187   17.303    0    0  (Gen:  0)
  2970464    698488 970972712  0.005  0.001   28.193   17.305    0    0  (Gen:  0)
  2781800    613104 971222136  0.004  0.001   28.200   17.307    0    0  (Gen:  0)
  2544992    732272 971747784  0.003  0.001   28.206   17.308    0    0  (Gen:  0)
  3420808    697632 972229520  0.006  0.001   28.213   17.310    0    0  (Gen:  0)
  2281984    866416 972710208  0.005  0.001   28.219   17.312    0    0  (Gen:  0)
  2707664    477312 972992264  0.004  0.000   28.224   17.313    0    0  (Gen:  0)
  2455648    517800 973351080  0.002  0.001   28.228   17.314    0    0  (Gen:  0)
  3396104    544264 973853864  0.002  0.001   28.234   17.316    0    0  (Gen:  0)
  2766344    822344 974265048  0.003  0.001   28.241   17.318    0    0  (Gen:  0)
  2513440    741264 974637384  0.003  0.001   28.245   17.319    0    0  (Gen:  0)
  1042520    577008 974837984  0.002  0.001   28.249   17.321    0    0  (Gen:  0)
  2559144    469432 975137664  0.002  0.001   28.253   17.322    0    0  (Gen:  0)
  1656272    586696 975492880  0.002  0.001   28.258   17.324    0    0  (Gen:  0)
  1895168    603608 975888088  0.003  0.001   28.263   17.325    0    0  (Gen:  0)
  2043560    269080 976047784  0.001  0.000   28.267   17.326    0    0  (Gen:  0)
  2488352    376536 976269688  0.002  0.001   28.271   17.328    0    0  (Gen:  0)
  2243656    405432 976474096  0.002  0.001   28.276   17.329    0    0  (Gen:  0)
  2491392    368512 976693912  0.001  0.000   28.280   17.331    0    0  (Gen:  0)
  2799040    475872 976960984  0.002  0.001   28.286   17.333    0    0  (Gen:  0)
  2512024    556840 977262864  0.002  0.001   28.291   17.334    0    0  (Gen:  0)
  2226280    544840 977526712  0.002  0.001   28.296   17.336    0    0  (Gen:  0)
  2091776    482720 977763728  0.002  0.001   28.301   17.337    0    0  (Gen:  0)
  2241896    422904 977974304  0.001  0.000   28.305   17.339    0    0  (Gen:  0)
  1819736    284152 978043544  0.001  0.000   28.308   17.340    0    0  (Gen:  0)
  2288160    335512 978280792  0.001  0.000   28.313   17.341    0    0  (Gen:  0)
  2222136    486448 978548896  0.002  0.001   28.318   17.343    0    0  (Gen:  0)
  2129224    465520 978772096  0.002  0.001   28.323   17.344    0    0  (Gen:  0)
  2630768    334744 978933368  0.001  0.000   28.328   17.346    0    0  (Gen:  0)
  2345912    377432 979190704  0.002  0.000   28.333   17.347    0    0  (Gen:  0)
  2222264    409816 979396840  0.001  0.000   28.337   17.349    0    0  (Gen:  0)
  2321640    499792 979778624  0.002  0.001   28.342   17.350    0    0  (Gen:  0)
  2385536    573648 980031400  0.002  0.001   28.347   17.352    0    0  (Gen:  0)
  2380896    399352 980172408  0.002  0.000   28.352   17.353    0    0  (Gen:  0)
  2642472    299056 980326056  0.001  0.000   28.356   17.355    0    0  (Gen:  0)
  2730184    374528 980535136  0.001  0.001   28.362   17.357    0    0  (Gen:  0)
  2636512    407568 980728752  0.003  0.001   28.368   17.358    0    0  (Gen:  0)
  2546424    315552 980867872  0.001  0.000   28.374   17.360    0    0  (Gen:  0)
  2832520    274112 981018848  0.001  0.000   28.380   17.362    0    0  (Gen:  0)
  2771112    286336 981167160  0.001  0.001   28.386   17.364    0    0  (Gen:  0)
  2320840    404616 981432168  0.003  0.001   28.392   17.366    0    0  (Gen:  0)
  2167576    534088 981742608  0.004  0.001   28.399   17.368    0    0  (Gen:  0)
  2498072    713384 982192712  0.005  0.001   28.406   17.370    0    0  (Gen:  0)
  2546088    662344 982509920  0.004  0.001   28.413   17.372    0    0  (Gen:  0)
  2626512    289016 982544144  0.001  0.000   28.417   17.374    0    0  (Gen:  0)
  2062280    390840 982881168  0.002  0.001   28.420   17.375    0    0  (Gen:  0)
  2864608    356552 983165120  0.002  0.001   28.426   17.377    0    0  (Gen:  0)
  3298312    358104 983361720  0.002  0.001   28.432   17.379    0    0  (Gen:  0)
  2279488    563200 983738760  0.002  0.001   28.436   17.380    0    0  (Gen:  0)
  2184848    619192 984015744  0.002  0.001   28.441   17.382    0    0  (Gen:  0)
  1978584    594368 984335336  0.002  0.001   28.446   17.383    0    0  (Gen:  0)
  2442680    410992 984561704  0.003  0.000   28.452   17.385    0    0  (Gen:  0)
  2710792    465512 984815000  0.003  0.001   28.457   17.386    0    0  (Gen:  0)
  1659792    274272 984837432  0.001  0.000   28.460   17.387    0    0  (Gen:  0)
  2033088    271448 985050064  0.001  0.000   28.463   17.388    0    0  (Gen:  0)
  2274264    296840 985167904  0.001  0.000   28.468   17.390    0    0  (Gen:  0)
  2435472    504504 985485520  0.002  0.001   28.473   17.391    0    0  (Gen:  0)
  2784856    658248 985839712  0.002  0.001   28.479   17.393    0    0  (Gen:  0)
  2313760    475624 985986296  0.002  0.001   28.484   17.395    0    0  (Gen:  0)
  2587168    452640 986295320  0.002  0.000   28.490   17.397    0    0  (Gen:  0)
  2353888    499952 986519688  0.002  0.001   28.495   17.399    0    0  (Gen:  0)
  2433912    312248 986628752  0.002  0.000   28.501   17.400    0    0  (Gen:  0)
  3116968    331176 986848144  0.002  0.001   28.507   17.402    0    0  (Gen:  0)
  2797392    423024 987071488  0.002  0.001   28.514   17.405    0    0  (Gen:  0)
  2028360    505440 987394984  0.002  0.001   28.519   17.406    0    0  (Gen:  0)
  1791496    410440 987534456  0.002  0.001   28.523   17.407    0    0  (Gen:  0)
  2013784    588088 987920552  0.002  0.001   28.528   17.409    0    0  (Gen:  0)
  1678928    505016 988131640  0.002  0.001   28.533   17.410    0    0  (Gen:  0)
  1759824    375328 988329672  0.002  0.001   28.537   17.412    0    0  (Gen:  0)
  1731896    390312 988657696  0.002  0.001   28.541   17.413    0    0  (Gen:  0)
  2704208    377888 988914088  0.001  0.000   28.545   17.414    0    0  (Gen:  0)
  2408056    602384 989343504  0.004  0.001   28.553   17.417    0    0  (Gen:  0)
  3411568   1120264 990127992  0.004  0.001   28.560   17.419    0    0  (Gen:  0)
  3325296   1317816 990704520  0.004  0.001   28.567   17.421    0    0  (Gen:  0)
  2788712   1074624 991226160  0.005  0.001   28.574   17.422    0    0  (Gen:  0)
  2421992   1127432 991864280  0.004  0.001   28.579   17.424    0    0  (Gen:  0)
  2887632    704088 992299968  0.004  0.001   28.585   17.426    0    0  (Gen:  0)
  3115112    799472 992783856  0.007  0.001   28.594   17.428    0    0  (Gen:  0)
  2906920    843192 993209680  0.007  0.001   28.603   17.430    0    0  (Gen:  0)
  2995776    786976 993634576  0.005  0.001   28.611   17.433    0    0  (Gen:  0)
  1963176    504664 993756872  0.003  0.001   28.615   17.434    0    0  (Gen:  0)
  2254640    373560 993910224  0.002  0.000   28.619   17.435    0    0  (Gen:  0)
  3259768    452800 994133944  0.004  0.000   28.625   17.436    0    0  (Gen:  0)
  2339688    551760 994532880  0.004  0.001   28.630   17.438    0    0  (Gen:  0)
  3541216    829920 995255304  0.005  0.001   28.636   17.440    0    0  (Gen:  0)
  2844040    888920 995628096  0.005  0.001   28.643   17.441    0    0  (Gen:  0)
  2812608    503496 996064904  0.004  0.001   28.649   17.443    0    0  (Gen:  0)
  2726856    241184 996188216  0.001  0.000   28.654   17.445    0    0  (Gen:  0)
  1071848    223688 996325664  0.002  0.001   28.658   17.447    0    0  (Gen:  0)
  1630456    215040 996436744  0.002  0.001   28.662   17.450    0    0  (Gen:  0)
  1035800    214360 996543704  0.002  0.001   28.666   17.452    0    0  (Gen:  0)
  1035624    210184 996649928  0.002  0.000   28.669   17.454    0    0  (Gen:  0)
  1036720    211736 996758792  0.002  0.001   28.672   17.456    0    0  (Gen:  0)
  1035984    224336 996878032  0.002  0.000   28.675   17.458    0    0  (Gen:  0)
  1037096    224808 996985144  0.002  0.001   28.679   17.460    0    0  (Gen:  0)
  1036832    237552 997114984  0.002  0.001   28.683   17.463    0    0  (Gen:  0)
  1036032    251296 997243344  0.002  0.001   28.687   17.465    0    0  (Gen:  0)
  1036624    245480 997363928  0.002  0.001   28.691   17.467    0    0  (Gen:  0)
  1035232    234032 997481176  0.002  0.001   28.695   17.469    0    0  (Gen:  0)
  1036912    228176 997594520  0.002  0.001   28.698   17.471    0    0  (Gen:  0)
  1036304    216712 997701968  0.002  0.001   28.702   17.473    0    0  (Gen:  0)
  1037184    241128 997841160  0.002  0.001   28.705   17.475    0    0  (Gen:  0)
  1036328    226776 997934648  0.002  0.001   28.709   17.478    0    0  (Gen:  0)
  1033824    204056 998045720  0.002  0.001   28.712   17.480    0    0  (Gen:  0)
  1081504    155488 998146432  0.001  0.000   28.715   17.482    0    0  (Gen:  0)
  1041080    101968 998201280  0.001  0.000   28.717   17.483    0    0  (Gen:  0)
  1035096    115928 998261992  0.000  0.000   28.718   17.484    0    0  (Gen:  0)
  1041072     98984 998310824  0.001  0.000   28.720   17.485    0    0  (Gen:  0)
  1039992    106560 998365808  0.001  0.000   28.723   17.487    0    0  (Gen:  0)
  1041680    104864 998417752  0.001  0.000   28.725   17.489    0    0  (Gen:  0)
  1037072    213864 998588232  0.001  0.000   28.727   17.490    0    0  (Gen:  0)
  1041560    420912 998866752  0.003  0.001   28.731   17.492    0    0  (Gen:  0)
  1040816    507072 999147968  0.002  0.001   28.734   17.494    0    0  (Gen:  0)
  1040104    505744 999426272  0.002  0.001   28.736   17.496    0    0  (Gen:  0)
  1040248    472104 999673616  0.002  0.001   28.740   17.497    0    0  (Gen:  0)
  1040976    473280 999945080  0.003  0.001   28.746   17.499    0    0  (Gen:  0)
  1040384    483320 1000213256  0.002  0.001   28.749   17.501    0    0  (Gen:  0)
  1040432    479680 1000494816  0.002  0.001   28.753   17.503    0    0  (Gen:  0)
  1041024    489464 1000763680  0.002  0.001   28.757   17.505    0    0  (Gen:  0)
  1042520    486880 1001033488  0.002  0.001   28.761   17.506    0    0  (Gen:  0)
  1139840    258504 1001042992  0.001  0.000   28.764   17.507    0    0  (Gen:  0)
  1042368    193336 1001075448  0.001  0.000   28.765   17.508    0    0  (Gen:  0)
  1043584    164728 1001102816  0.001  0.000   28.767   17.509    0    0  (Gen:  0)
  1041512    324008 1001388144  0.002  0.001   28.769   17.510    0    0  (Gen:  0)
  1074856    298840 1001677536  0.002  0.000   28.772   17.511    0    0  (Gen:  0)
  1015944    198272 1001844976  0.001  0.000   28.773   17.512    0    0  (Gen:  0)
  1106496    162856 1001880248  0.001  0.000   28.776   17.514    0    0  (Gen:  0)
  3040848    490840 1002428528  0.001  0.000   28.780   17.516    0    0  (Gen:  0)
  3329432   1244704 1003208712  0.004  0.001   28.786   17.518    0    0  (Gen:  0)
  3703872   1373976 1003950192  0.004  0.001   28.793   17.520    0    0  (Gen:  0)
  3172784   1449128 1004683712  0.005  0.001   28.799   17.521    0    0  (Gen:  0)
  3823568   1295520 1005369960  0.005  0.001   28.806   17.523    0    0  (Gen:  0)
  3964312   1233288 1006247824  0.005  0.001   28.813   17.525    0    0  (Gen:  0)
  1510256   1039144 1006583264  0.003  0.001   28.818   17.527    0    0  (Gen:  0)
  2437824    852272 1007136568  0.004  0.001   28.823   17.529    0    0  (Gen:  0)
  3527968    742736 1007565008  0.004  0.001   28.830   17.531    0    0  (Gen:  0)
  2361224    758392 1007999464  0.005  0.001   28.837   17.533    0    0  (Gen:  0)
  2598896    720176 1008447952  0.005  0.001   28.844   17.534    0    0  (Gen:  0)
  2634616    434848 1008723824  0.002  0.001   28.849   17.536    0    0  (Gen:  0)
  2980032    558336 1009022928  0.003  0.001   28.855   17.538    0    0  (Gen:  0)
  2505680    681592 1009435224  0.004  0.001   28.862   17.540    0    0  (Gen:  0)
  3481944    444704 1009734992  0.003  0.001   28.870   17.542    0    0  (Gen:  0)
  2686552    490784 1009973008  0.003  0.001   28.877   17.544    0    0  (Gen:  0)
  2723424    494904 1010358832  0.004  0.001   28.884   17.547    0    0  (Gen:  0)
  2269376    496160 1010617776  0.003  0.001   28.891   17.549    0    0  (Gen:  0)
  2979992    503040 1010885528  0.003  0.001   28.898   17.551    0    0  (Gen:  0)
  2903992    514568 1011150336  0.002  0.001   28.904   17.553    0    0  (Gen:  0)
  2555072    475016 1011388512  0.002  0.001   28.910   17.555    0    0  (Gen:  0)
  2678624    599216 1011779696  0.003  0.001   28.917   17.557    0    0  (Gen:  0)
  2352736    741784 1012174168  0.004  0.001   28.924   17.560    0    0  (Gen:  0)
  2147776    634656 1012476992  0.002  0.001   28.929   17.561    0    0  (Gen:  0)
  2809472    567528 1012908088  0.002  0.001   28.935   17.563    0    0  (Gen:  0)
  2335888    413656 1013081824  0.002  0.001   28.940   17.565    0    0  (Gen:  0)
  1998072    310648 1013220784  0.002  0.001   28.946   17.567    0    0  (Gen:  0)
  2076896    169608 1013270800  0.001  0.000   28.950   17.569    0    0  (Gen:  0)
  1956840    102032 1013336704  0.001  0.000   28.954   17.571    0    0  (Gen:  0)
  1805200    164168 1013436872  0.001  0.000   28.958   17.572    0    0  (Gen:  0)
  1962232    235856 1013577576  0.001  0.001   28.962   17.574    0    0  (Gen:  0)
  2073368    318472 1013764208  0.002  0.000   28.967   17.576    0    0  (Gen:  0)
  1763056    231776 1013819432  0.001  0.000   28.971   17.578    0    0  (Gen:  0)
  1693752    235288 1013993560  0.002  0.001   28.975   17.579    0    0  (Gen:  0)
  1590768    490888 1014353776  0.004  0.001   28.980   17.581    0    0  (Gen:  0)
  1373392    586216 1014647480  0.004  0.001   28.986   17.583    0    0  (Gen:  0)
  1229448    330520 1014730896  0.003  0.001   28.990   17.585    0    0  (Gen:  0)
  1421032    168320 1014824752  0.001  0.000   28.992   17.586    0    0  (Gen:  0)
  1425896    385416 1015169768  0.002  0.001   28.995   17.587    0    0  (Gen:  0)
  1759448    360320 1015474904  0.002  0.001   28.999   17.589    0    0  (Gen:  0)
  1914680    256504 1015567480  0.002  0.001   29.004   17.591    0    0  (Gen:  0)
  1038528    217160 1015674448  0.002  0.001   29.008   17.593    0    0  (Gen:  0)
  1036792    165080 1015736544  0.002  0.000   29.011   17.595    0    0  (Gen:  0)
  1036640    179288 1015849008  0.002  0.001   29.014   17.597    0    0  (Gen:  0)
  1038408    200152 1015941400  0.002  0.001   29.018   17.599    0    0  (Gen:  0)
  1037512    166448 1016021256  0.002  0.000   29.021   17.601    0    0  (Gen:  0)
  1036904    181128 1016119960  0.002  0.001   29.024   17.603    0    0  (Gen:  0)
  1032432    209184 1016233048  0.002  0.001   29.028   17.605    0    0  (Gen:  0)
  1037056    219224 1016341896  0.002  0.001   29.031   17.607    0    0  (Gen:  0)
  1038832    180056 1016414264  0.002  0.000   29.034   17.609    0    0  (Gen:  0)
  1037960    178320 1016527608  0.002  0.001   29.037   17.611    0    0  (Gen:  0)
  1037864    216672 1016638216  0.002  0.001   29.041   17.613    0    0  (Gen:  0)
  1037664    226760 1016763432  0.002  0.001   29.045   17.615    0    0  (Gen:  0)
  1067920    199760 1016871920  0.002  0.001   29.048   17.616    0    0  (Gen:  0)
  1037408    191264 1016985672  0.002  0.001   29.051   17.619    0    0  (Gen:  0)
  1036712    233752 1017109024  0.002  0.001   29.055   17.621    0    0  (Gen:  0)
  1036544    247504 1017234440  0.002  0.001   29.059   17.623    0    0  (Gen:  0)
  1037680    229032 1017341304  0.002  0.001   29.063   17.625    0    0  (Gen:  0)
  1036824    224048 1017454672  0.002  0.001   29.066   17.627    0    0  (Gen:  0)
  1037376    228608 1017574904  0.002  0.001   29.070   17.629    0    0  (Gen:  0)
  1035952    242728 1017699312  0.002  0.001   29.074   17.631    0    0  (Gen:  0)
  1034536    240592 1017819400  0.002  0.001   29.078   17.633    0    0  (Gen:  0)
  1037768    233840 1017936048  0.002  0.001   29.082   17.636    0    0  (Gen:  0)
  1036752    218272 1018041040  0.002  0.001   29.085   17.638    0    0  (Gen:  0)
  1037168    222832 1018157768  0.002  0.001   29.089   17.640    0    0  (Gen:  0)
  1037592    207736 1018253080  0.002  0.001   29.092   17.642    0    0  (Gen:  0)
  1034896    221296 1018377152  0.002  0.001   29.096   17.644    0    0  (Gen:  0)
  1035672    229240 1018491376  0.002  0.001   29.099   17.646    0    0  (Gen:  0)
  1070744    213640 1018628272  0.002  0.001   29.102   17.648    0    0  (Gen:  0)
  1036984    213576 1018741520  0.002  0.001   29.106   17.650    0    0  (Gen:  0)
  1631056    223896 1018858728  0.002  0.001   29.111   17.653    0    0  (Gen:  0)
  1036288    223984 1018973728  0.002  0.001   29.115   17.656    0    0  (Gen:  0)
  1037952    218216 1019082288  0.002  0.001   29.120   17.658    0    0  (Gen:  0)
  1037720    206152 1019184424  0.002  0.001   29.124   17.661    0    0  (Gen:  0)
  1037456    215296 1019297312  0.002  0.001   29.128   17.664    0    0  (Gen:  0)
  1036528    192152 1019383024  0.002  0.001   29.132   17.666    0    0  (Gen:  0)
  1070704    236768 1019570536  0.002  0.001   29.136   17.669    0    0  (Gen:  0)
  1036424    235760 1019674728  0.002  0.001   29.139   17.671    0    0  (Gen:  0)
  1029128    236432 1019811456  0.002  0.001   29.143   17.673    0    0  (Gen:  0)
  1038944    166080 1019884400  0.001  0.000   29.146   17.675    0    0  (Gen:  0)
  1035680     97688 1019939824  0.001  0.000   29.149   17.676    0    0  (Gen:  0)
  1040168    104728 1019995616  0.001  0.000   29.151   17.678    0    0  (Gen:  0)
  1038752    101224 1020046912  0.001  0.000   29.154   17.680    0    0  (Gen:  0)
  1041208    107392 1020102952  0.001  0.000   29.156   17.682    0    0  (Gen:  0)
  1041272    115904 1020158608  0.001  0.000   29.158   17.683    0    0  (Gen:  0)
  1041656    175176 1020273760  0.001  0.000   29.161   17.684    0    0  (Gen:  0)
  1039936    108760 1020326704  0.001  0.000   29.163   17.686    0    0  (Gen:  0)
  1037048    147184 1020443992  0.001  0.000   29.165   17.688    0    0  (Gen:  0)
  1039664    323656 1020694072  0.003  0.001   29.169   17.689    0    0  (Gen:  0)
  1040288    430096 1020931552  0.004  0.001   29.174   17.691    0    0  (Gen:  0)
  1074528    425056 1021207136  0.004  0.001   29.178   17.693    0    0  (Gen:  0)
  1041088    445720 1021460776  0.004  0.001   29.183   17.695    0    0  (Gen:  0)
  1040064    466424 1021720984  0.004  0.001   29.188   17.697    0    0  (Gen:  0)
  1039032    457040 1021978368  0.004  0.001   29.193   17.699    0    0  (Gen:  0)
  1039624    452064 1022230792  0.004  0.001   29.197   17.701    0    0  (Gen:  0)
  1039968    412616 1022443168  0.003  0.001   29.201   17.703    0    0  (Gen:  0)
  1040048    464296 1022710888  0.004  0.001   29.206   17.705    0    0  (Gen:  0)
  1039840    468912 1022975512  0.004  0.001   29.211   17.707    0    0  (Gen:  0)
  1140752    374936 1023214544  0.003  0.001   29.215   17.709    0    0  (Gen:  0)
  1040960    191064 1023219808  0.001  0.000   29.216   17.709    0    0  (Gen:  0)
  1043976    238040 1023381464  0.001  0.000   29.219   17.711    0    0  (Gen:  0)
  1042856    236712 1023502600  0.002  0.000   29.221   17.712    0    0  (Gen:  0)
  1041312    318144 1023808496  0.002  0.001   29.224   17.713    0    0  (Gen:  0)
  1041824    281856 1024068240  0.002  0.001   29.226   17.714    0    0  (Gen:  0)
  1022792    247024 1024215056  0.002  0.001   29.230   17.716    0    0  (Gen:  0)
  1121848    115272 1024274448  0.001  0.000   29.232   17.718    0    0  (Gen:  0)
  2364376    502576 1024809616  0.002  0.000   29.235   17.719    0    0  (Gen:  0)
  1995984    988600 1025303248  0.002  0.001   29.239   17.721    0    0  (Gen:  0)
  1038720    779136 1025605480  0.002  0.001   29.242   17.722    0    0  (Gen:  0)
  1739664    540992 1025989312  0.001  0.000   29.245   17.723    0    0  (Gen:  0)
  1602760    571288 1026273472  0.002  0.001   29.249   17.725    0    0  (Gen:  0)
  1715128    501184 1026615080  0.002  0.001   29.252   17.726    0    0  (Gen:  0)
  1796000    833288 1027232312  0.003  0.001   29.256   17.727    0    0  (Gen:  0)
  1917472    308040 1027510112  0.002  0.000   29.259   17.729    0    0  (Gen:  0)
  2021240    437480 1027743240  0.002  0.001   29.263   17.730    0    0  (Gen:  0)
  1972392    323192 1027867488  0.001  0.000   29.266   17.731    0    0  (Gen:  0)
  1940568    277480 1028045816  0.001  0.000   29.269   17.733    0    0  (Gen:  0)
  1762432    294552 1028182136  0.001  0.000   29.273   17.734    0    0  (Gen:  0)
  1629720    218816 1028278480  0.001  0.000   29.276   17.735    0    0  (Gen:  0)
  1718008    201248 1028389128  0.002  0.000   29.279   17.736    0    0  (Gen:  0)
  1740464    140544 1028420920  0.001  0.000   29.282   17.738    0    0  (Gen:  0)
  1915856    170976 1028541232  0.001  0.000   29.286   17.739    0    0  (Gen:  0)
  1717648    203536 1028638048  0.001  0.001   29.290   17.741    0    0  (Gen:  0)
  2013632    231784 1028789872  0.001  0.000   29.294   17.743    0    0  (Gen:  0)
  1596264    364392 1029008880  0.002  0.001   29.298   17.744    0    0  (Gen:  0)
  1761488    428512 1029230592  0.003  0.001   29.303   17.746    0    0  (Gen:  0)
  2013088    445504 1029459544  0.002  0.001   29.308   17.748    0    0  (Gen:  0)
  1946944    382216 1029625616  0.002  0.001   29.313   17.750    0    0  (Gen:  0)
  1777008    265240 1029735480  0.001  0.001   29.317   17.752    0    0  (Gen:  0)
  1858992    226504 1029853784  0.001  0.000   29.320   17.753    0    0  (Gen:  0)
  1568736    270512 1030005320  0.001  0.000   29.324   17.755    0    0  (Gen:  0)
  2296904    331936 1030192792  0.002  0.001   29.330   17.757    0    0  (Gen:  0)
  1958552    414760 1030426960  0.002  0.001   29.335   17.759    0    0  (Gen:  0)
  2041560    480992 1030684000  0.002  0.001   29.340   17.761    0    0  (Gen:  0)
  1958976    459096 1030896080  0.002  0.001   29.346   17.763    0    0  (Gen:  0)
  1863736    428232 1031119752  0.003  0.001   29.351   17.765    0    0  (Gen:  0)
  2048632    376368 1031290000  0.002  0.001   29.356   17.767    0    0  (Gen:  0)
  1921504    314144 1031435912  0.002  0.001   29.360   17.769    0    0  (Gen:  0)
  1989448    275584 1031572848  0.001  0.000   29.364   17.771    0    0  (Gen:  0)
  1943728    369080 1031829256  0.003  0.001   29.369   17.773    0    0  (Gen:  0)
  1916248    491184 1032115584  0.004  0.001   29.374   17.774    0    0  (Gen:  0)
  2046648    556504 1032428848  0.003  0.001   29.379   17.776    0    0  (Gen:  0)
  1752224    398656 1032570064  0.002  0.001   29.384   17.778    0    0  (Gen:  0)
  1606208    342008 1032785328  0.002  0.001   29.387   17.779    0    0  (Gen:  0)
  1705656    394768 1033122568  0.002  0.001   29.391   17.781    0    0  (Gen:  0)
  1742360    454880 1033476824  0.003  0.001   29.396   17.782    0    0  (Gen:  0)
  1388976    513024 1033729312  0.004  0.001   29.402   17.785    0    0  (Gen:  0)
  1041096    498112 1034000648  0.004  0.001   29.407   17.787    0    0  (Gen:  0)
  1073456    438392 1034222144  0.003  0.001   29.411   17.788    0    0  (Gen:  0)
  1044184    179560 1034213008  0.001  0.000   29.413   17.790    0    0  (Gen:  0)
  1040928    303264 1034509472  0.002  0.001   29.416   17.791    0    0  (Gen:  0)
  1027648    281344 1034762960  0.002  0.001   29.419   17.792    0    0  (Gen:  0)
  1518064    146232 1034931576  0.001  0.000   29.422   17.795    0    0  (Gen:  0)
  2003888    463664 1035318256  0.002  0.000   29.425   17.796    0    0  (Gen:  0)
  1878264    893208 1035785448  0.003  0.001   29.428   17.797    0    0  (Gen:  0)
  1661144    681184 1036151192  0.002  0.001   29.432   17.798    0    0  (Gen:  0)
  2030032    929752 1036732960  0.003  0.001   29.436   17.800    0    0  (Gen:  0)
  1891952    313240 1036880520  0.001  0.000   29.439   17.801    0    0  (Gen:  0)
  1835984    475032 1037231424  0.002  0.001   29.442   17.802    0    0  (Gen:  0)
  1379296    561448 1037587328  0.003  0.001   29.447   17.804    0    0  (Gen:  0)
  1312512    219368 1037744864  0.001  0.000   29.450   17.805    0    0  (Gen:  0)
  1444936    289296 1037906624  0.002  0.001   29.454   17.807    0    0  (Gen:  0)
  1689696    268488 1038027784  0.002  0.001   29.458   17.808    0    0  (Gen:  0)
  1739880    330064 1038237328  0.002  0.001   29.462   17.810    0    0  (Gen:  0)
  2077272    517856 1038613272  0.002  0.001   29.467   17.812    0    0  (Gen:  0)
  1765072    521120 1038814608  0.002  0.001   29.472   17.814    0    0  (Gen:  0)
  1854000    435192 1039045912  0.002  0.001   29.476   17.816    0    0  (Gen:  0)
  1924248    341376 1039169736  0.002  0.000   29.481   17.817    0    0  (Gen:  0)
  1963592    252696 1039312032  0.001  0.000   29.485   17.820    0    0  (Gen:  0)
  1944304    220088 1039408040  0.001  0.000   29.489   17.821    0    0  (Gen:  0)
  1536048    368744 1039680456  0.001  0.001   29.493   17.823    0    0  (Gen:  0)
  1718208    447896 1039940912  0.002  0.001   29.497   17.824    0    0  (Gen:  0)
  1609096    320376 1040046208  0.002  0.001   29.501   17.825    0    0  (Gen:  0)
  1707456    271688 1040309544  0.002  0.001   29.504   17.827    0    0  (Gen:  0)
  1843224    119616 1040376144  0.001  0.000   29.507   17.829    0    0  (Gen:  0)
  1035640    173232 1040487944  0.002  0.000   29.511   17.831    0    0  (Gen:  0)
  1035840    219128 1040599344  0.002  0.001   29.514   17.833    0    0  (Gen:  0)
  1036920    222608 1040718192  0.002  0.001   29.518   17.835    0    0  (Gen:  0)
  1036096    212104 1040819376  0.002  0.001   29.522   17.837    0    0  (Gen:  0)
  1039272    182872 1040905544  0.001  0.001   29.525   17.840    0    0  (Gen:  0)
  1037368    216528 1041035992  0.002  0.001   29.529   17.842    0    0  (Gen:  0)
  1036864    255760 1041160504  0.002  0.001   29.532   17.844    0    0  (Gen:  0)
  1037672    248104 1041283512  0.002  0.001   29.536   17.846    0    0  (Gen:  0)
  1036288    222784 1041389416  0.002  0.001   29.540   17.848    0    0  (Gen:  0)
  1038152    226376 1041509944  0.002  0.001   29.543   17.850    0    0  (Gen:  0)
  1035928    232032 1041623568  0.002  0.001   29.546   17.851    0    0  (Gen:  0)
  1034400    229992 1041741720  0.002  0.001   29.549   17.853    0    0  (Gen:  0)
  1036064    234728 1041862376  0.002  0.001   29.553   17.855    0    0  (Gen:  0)
  1035408    237784 1041982104  0.002  0.001   29.557   17.858    0    0  (Gen:  0)
  1034424    235744 1042102776  0.002  0.001   29.560   17.860    0    0  (Gen:  0)
  1630696    222664 1042209264  0.002  0.001   29.565   17.862    0    0  (Gen:  0)
  1032600    257248 1042360440  0.002  0.001   29.569   17.865    0    0  (Gen:  0)
  1031072    242264 1042465928  0.002  0.001   29.572   17.867    0    0  (Gen:  0)
  1031200    152504 1042518952  0.001  0.000   29.575   17.868    0    0  (Gen:  0)
  1037784    177312 1042646336  0.002  0.000   29.577   17.870    0    0  (Gen:  0)
  1039872    252640 1042775632  0.002  0.001   29.580   17.872    0    0  (Gen:  0)
  1038048    240248 1042887136  0.002  0.001   29.583   17.873    0    0  (Gen:  0)
  1035296    219976 1043001152  0.002  0.001   29.586   17.875    0    0  (Gen:  0)
  1035680    190728 1043074032  0.001  0.001   29.590   17.878    0    0  (Gen:  0)
  1038632    126600 1043130248  0.001  0.000   29.592   17.879    0    0  (Gen:  0)
  1039072     98872 1043182824  0.001  0.000   29.594   17.881    0    0  (Gen:  0)
  1041520    113336 1043246784  0.001  0.000   29.596   17.882    0    0  (Gen:  0)
  1041608    119448 1043304840  0.001  0.000   29.599   17.884    0    0  (Gen:  0)
  1074088    130144 1043402808  0.001  0.000   29.602   17.887    0    0  (Gen:  0)
  1040920    165832 1043508776  0.001  0.000   29.604   17.888    0    0  (Gen:  0)
  1037664    150192 1043550504  0.001  0.000   29.606   17.889    0    0  (Gen:  0)
  1040888    159192 1043620504  0.001  0.000   29.608   17.890    0    0  (Gen:  0)
  1038312    143896 1043672808  0.001  0.000   29.610   17.891    0    0  (Gen:  0)
  1040624    158080 1043740320  0.001  0.000   29.612   17.893    0    0  (Gen:  0)
  1041080     93544 1043745056  0.001  0.000   29.613   17.893    0    0  (Gen:  0)
  1040696     94864 1043787168  0.001  0.000   29.615   17.895    0    0  (Gen:  0)
  1074936    105080 1043869840  0.001  0.000   29.617   17.896    0    0  (Gen:  0)
  1040608    117288 1043932840  0.001  0.000   29.619   17.897    0    0  (Gen:  0)
  1041208    135848 1044010552  0.001  0.000   29.620   17.898    0    0  (Gen:  0)
  1040496     89480 1044014640  0.001  0.000   29.622   17.899    0    0  (Gen:  0)
  1039800     99000 1044061392  0.001  0.000   29.624   17.900    0    0  (Gen:  0)
  1040040    105768 1044108320  0.001  0.000   29.626   17.901    0    0  (Gen:  0)
  1040872    100568 1044155704  0.001  0.000   29.627   17.903    0    0  (Gen:  0)
  1038184    149008 1044247624  0.001  0.000   29.630   17.904    0    0  (Gen:  0)
  1037600    260496 1044484416  0.002  0.001   29.633   17.906    0    0  (Gen:  0)
  1040688    472016 1044752736  0.004  0.001   29.638   17.908    0    0  (Gen:  0)
  1040536    475416 1045011848  0.004  0.001   29.643   17.910    0    0  (Gen:  0)
  1040264    444544 1045255800  0.004  0.001   29.647   17.912    0    0  (Gen:  0)
  1040048    468800 1045520352  0.004  0.001   29.652   17.914    0    0  (Gen:  0)
  1039880    452128 1045761144  0.003  0.001   29.657   17.916    0    0  (Gen:  0)
  1037920    347912 1045908840  0.002  0.001   29.660   17.917    0    0  (Gen:  0)
  1035264    219280 1046000744  0.001  0.000   29.662   17.918    0    0  (Gen:  0)
  1039448    281000 1046187600  0.002  0.000   29.664   17.919    0    0  (Gen:  0)
  1040704    404864 1046406872  0.002  0.001   29.667   17.920    0    0  (Gen:  0)
  1073960    462144 1046680192  0.003  0.001   29.670   17.922    0    0  (Gen:  0)
  1041920    354264 1046765992  0.002  0.001   29.673   17.923    0    0  (Gen:  0)
  1043992    150752 1046795256  0.001  0.000   29.675   17.924    0    0  (Gen:  0)
  1041048    316432 1047097528  0.001  0.001   29.676   17.925    0    0  (Gen:  0)
  1037352    286616 1047375928  0.002  0.001   29.679   17.927    0    0  (Gen:  0)
  1085112    198408 1047471808  0.002  0.000   29.682   17.928    0    0  (Gen:  0)
  2971608    534816 1047994608  0.003  0.001   29.687   17.932    0    0  (Gen:  0)
  1037536    689112 1048239736  0.003  0.001   29.691   17.933    0    0  (Gen:  0)
  1041648    520456 1048541680  0.002  0.001   29.694   17.935    0    0  (Gen:  0)
  1041344    203640 1048638664  0.001  0.000   29.696   17.936    0    0  (Gen:  0)
  1041088    358560 1048899816  0.002  0.001   29.699   17.937    0    0  (Gen:  0)
  1036416    418080 1049185520  0.002  0.001   29.702   17.939    0    0  (Gen:  0)
  1034072    210376 1049326072  0.002  0.000   29.704   17.940    0    0  (Gen:  0)
  1034872    260104 1049464832  0.002  0.001   29.707   17.942    0    0  (Gen:  0)
  1036176    221512 1049561600  0.002  0.001   29.710   17.943    0    0  (Gen:  0)
  1036080    223288 1049697992  0.002  0.000   29.713   17.944    0    0  (Gen:  0)
  1033800    225712 1049798280  0.002  0.001   29.715   17.946    0    0  (Gen:  0)
  1034352    189088 1049868496  0.001  0.000   29.718   17.947    0    0  (Gen:  0)
  1035104     84712 1049882144  0.001  0.000   29.720   17.949    0    0  (Gen:  0)
  1036008     22680 1049893616  0.000  0.000   29.721   17.950    0    0  (Gen:  0)
  1035136     20592 1049904512  0.000  0.000   29.723   17.951    0    0  (Gen:  0)
  1033912     21840 1049918120  0.000  0.000   29.724   17.952    0    0  (Gen:  0)
  1035416     87768 1049995744  0.001  0.000   29.727   17.954    0    0  (Gen:  0)
  1036536    195200 1050118216  0.002  0.001   29.730   17.956    0    0  (Gen:  0)
  1035744    245032 1050244648  0.002  0.001   29.734   17.959    0    0  (Gen:  0)
  1037168    221328 1050365312  0.002  0.001   29.738   17.961    0    0  (Gen:  0)
  1035120    249792 1050499376  0.002  0.001   29.742   17.963    0    0  (Gen:  0)
  1625088    251248 1050620872  0.002  0.001   29.746   17.966    0    0  (Gen:  0)
  1036448    229632 1050734752  0.002  0.001   29.750   17.968    0    0  (Gen:  0)
  1035200    233800 1050858496  0.002  0.001   29.753   17.970    0    0  (Gen:  0)
  1036240    246448 1050985656  0.002  0.001   29.757   17.971    0    0  (Gen:  0)
  1037088    254976 1051118000  0.002  0.001   29.760   17.973    0    0  (Gen:  0)
  1036472    266432 1051256112  0.002  0.001   29.764   17.975    0    0  (Gen:  0)
  1035912    268584 1051388928  0.003  0.001   29.768   17.977    0    0  (Gen:  0)
  1036696    256112 1051517448  0.002  0.001   29.772   17.979    0    0  (Gen:  0)
  1036992    225624 1051621096  0.002  0.001   29.775   17.981    0    0  (Gen:  0)
  1035712    192064 1051709816  0.002  0.001   29.778   17.983    0    0  (Gen:  0)
  1035704    200920 1051819752  0.002  0.001   29.782   17.985    0    0  (Gen:  0)
  1035200    244648 1051956360  0.002  0.001   29.785   17.987    0    0  (Gen:  0)
  1037048    229768 1052048784  0.002  0.001   29.789   17.989    0    0  (Gen:  0)
  1033888    232392 1052189536  0.002  0.001   29.792   17.991    0    0  (Gen:  0)
  1041248    179216 1052244824  0.002  0.000   29.795   17.993    0    0  (Gen:  0)
  1040344    105928 1052299240  0.001  0.000   29.797   17.994    0    0  (Gen:  0)
  1040504    101416 1052349296  0.001  0.000   29.799   17.996    0    0  (Gen:  0)
  1037408     99352 1052403152  0.001  0.000   29.801   17.997    0    0  (Gen:  0)
  1037824     91864 1052453160  0.001  0.000   29.804   17.998    0    0  (Gen:  0)
  1040216     94656 1052504168  0.001  0.000   29.806   18.000    0    0  (Gen:  0)
  1040816    118304 1052574888  0.001  0.000   29.808   18.001    0    0  (Gen:  0)
  1036960    106016 1052637288  0.001  0.000   29.810   18.003    0    0  (Gen:  0)
  1040928    311088 1052902808  0.003  0.001   29.814   18.004    0    0  (Gen:  0)
  1040392    486088 1053174728  0.004  0.001   29.819   18.006    0    0  (Gen:  0)
  1040288    513768 1053472144  0.004  0.001   29.824   18.009    0    0  (Gen:  0)
  1040232    511344 1053762616  0.004  0.001   29.829   18.011    0    0  (Gen:  0)
  1040128    496704 1054038520  0.004  0.001   29.834   18.013    0    0  (Gen:  0)
  1041440    510480 1054323200  0.004  0.001   29.839   18.015    0    0  (Gen:  0)
  1042312    395832 1054610312  0.002  0.001   29.842   18.016    0    0  (Gen:  0)
  1108272    300160 1054852216  0.002  0.000   29.844   18.017    0    0  (Gen:  0)
  1044248     84528 1054755272  0.001  0.000   29.845   18.018    0    0  (Gen:  0)
  1043320    162104 1054888848  0.001  0.000   29.847   18.019    0    0  (Gen:  0)
  1042264    282688 1055110344  0.002  0.001   29.849   18.020    0    0  (Gen:  0)
  1120440    160808 1055277792  0.001  0.000   29.851   18.021    0    0  (Gen:  0)
  1154360    102608 1055267904  0.001  0.000   29.853   18.023    0    0  (Gen:  0)
  2560608    200304 1055539664  0.001  0.000   29.857   18.026    0    0  (Gen:  0)
  1222816    498568 1055926712  0.002  0.000   29.859   18.027    0    0  (Gen:  0)
  1032192    667064 1056270776  0.002  0.001   29.862   18.028    0    0  (Gen:  0)
  2063272    225240 1056561728  0.001  0.000   29.864   18.030    0    0  (Gen:  0)
  1037016     34472 1056586296  0.000  0.000   29.865   18.031    0    0  (Gen:  0)
  1033248     80064 1056641944  0.001  0.000   29.866   18.031    0    0  (Gen:  0)
  1036248    115632 1056697728  0.001  0.000   29.868   18.032    0    0  (Gen:  0)
  1034264    127160 1056764200  0.001  0.000   29.869   18.033    0    0  (Gen:  0)
  1065768    131544 1056857664  0.001  0.000   29.871   18.033    0    0  (Gen:  0)
  1036152    129760 1056919736  0.001  0.000   29.872   18.034    0    0  (Gen:  0)
  1033688    132184 1056985672  0.001  0.000   29.874   18.035    0    0  (Gen:  0)
  1033416    137128 1057052088  0.001  0.000   29.875   18.036    0    0  (Gen:  0)
  1034824    131752 1057113384  0.001  0.000   29.877   18.036    0    0  (Gen:  0)
  1033936    133480 1057179336  0.001  0.000   29.878   18.037    0    0  (Gen:  0)
  1036472    127704 1057236880  0.001  0.000   29.880   18.038    0    0  (Gen:  0)
  1036384    128736 1057301352  0.001  0.000   29.881   18.039    0    0  (Gen:  0)
  1036656    131528 1057363496  0.001  0.000   29.883   18.039    0    0  (Gen:  0)
  1034656    135464 1057431160  0.001  0.000   29.884   18.040    0    0  (Gen:  0)
  1033600    147712 1057505576  0.001  0.000   29.885   18.041    0    0  (Gen:  0)
  1034528    152512 1057577272  0.001  0.000   29.887   18.042    0    0  (Gen:  0)
  1033544    131608 1057631608  0.001  0.000   29.889   18.042    0    0  (Gen:  0)
  1032888    112664 1057685560  0.001  0.000   29.890   18.043    0    0  (Gen:  0)
  1032328    113456 1057737288  0.001  0.000   29.891   18.044    0    0  (Gen:  0)
  1034800    113584 1057794880  0.001  0.000   29.893   18.045    0    0  (Gen:  0)
  1034672    126168 1057859248  0.001  0.000   29.894   18.045    0    0  (Gen:  0)
  1036424    128216 1057917872  0.001  0.000   29.896   18.046    0    0  (Gen:  0)
  1031488    137888 1057992952  0.001  0.000   29.897   18.047    0    0  (Gen:  0)
  1033192    159016 1058070280  0.001  0.000   29.899   18.047    0    0  (Gen:  0)
  1032736    144984 1058131728  0.001  0.000   29.900   18.048    0    0  (Gen:  0)
  1104808    129856 1058228496  0.001  0.000   29.902   18.049    0    0  (Gen:  0)
  1841680     78408 1058250560  0.000  0.000   29.904   18.051    0    0  (Gen:  0)
  2214072     41984 1058263944  0.000  0.000   29.906   18.053    0    0  (Gen:  0)
  3037264     59232 1058303744  0.000  0.000   29.909   18.056    0    0  (Gen:  0)
  2061424     63144 1058333464  0.000  0.000   29.911   18.057    0    0  (Gen:  0)
  1412280     40272 1058350264  0.000  0.000   29.912   18.059    0    0  (Gen:  0)
  2679640     65160 1058399528  0.000  0.000   29.915   18.061    0    0  (Gen:  0)
  2290704     68848 1058445480  0.000  0.000   29.917   18.063    0    0  (Gen:  0)
  1985048     62800 1058484160  0.000  0.000   29.919   18.065    0    0  (Gen:  0)
  1659040     53056 1058513600  0.000  0.000   29.921   18.067    0    0  (Gen:  0)
  1795272     55304 1058550152  0.000  0.000   29.923   18.068    0    0  (Gen:  0)
  1920024     60632 1058586648  0.000  0.000   29.925   18.070    0    0  (Gen:  0)
  1922840     62224 1058619432  0.000  0.000   29.927   18.072    0    0  (Gen:  0)
  1442928     53496 1058643416  0.000  0.000   29.928   18.073    0    0  (Gen:  0)
  1136952     34848 1058658224  0.000  0.000   29.929   18.074    0    0  (Gen:  0)
  1217416     32088 1058681496  0.000  0.000   29.931   18.076    0    0  (Gen:  0)
  2282280     46792 1058720352  0.000  0.000   29.933   18.078    0    0  (Gen:  0)
  1889896     50856 1058743552  0.000  0.000   29.935   18.079    0    0  (Gen:  0)
  1214184     35960 1058761416  0.000  0.000   29.936   18.080    0    0  (Gen:  0)
  2250672     47296 1058762232  0.000  0.000   29.938   18.082    0    0  (Gen:  0)
  1515928     43848 1058820424  0.000  0.000   29.940   18.084    0    0  (Gen:  0)
  1516056     41984 1058848312  0.000  0.000   29.941   18.085    0    0  (Gen:  0)
  1168424     31920 1058861424  0.000  0.000   29.942   18.086    0    0  (Gen:  0)
  2630880     51696 1058903184  0.000  0.000   29.945   18.088    0    0  (Gen:  0)
  1170200     49504 1058926120  0.000  0.000   29.946   18.089    0    0  (Gen:  0)
  1104320     29952 1058939224  0.000  0.000   29.947   18.090    0    0  (Gen:  0)
  2132320     50296 1058978368  0.000  0.000   29.949   18.092    0    0  (Gen:  0)
  3528664     77640 1059029280  0.000  0.000   29.952   18.095    0    0  (Gen:  0)
  1172304     54968 1059084024  0.000  0.000   29.953   18.096    0    0  (Gen:  0)
  1718584     38432 1059106328  0.000  0.000   29.955   18.097    0    0  (Gen:  0)
  1654216     54536 1059143176  0.000  0.000   29.957   18.099    0    0  (Gen:  0)
  1806232     52072 1059164160  0.000  0.000   29.959   18.101    0    0  (Gen:  0)
  1104448     34104 1059180368  0.000  0.000   29.960   18.102    0    0  (Gen:  0)
  1100616     25360 1059186704  0.000  0.000   29.961   18.103    0    0  (Gen:  0)
  1104528     28696 1059199136  0.000  0.000   29.962   18.104    0    0  (Gen:  0)
  1729216     35240 1059224488  0.000  0.000   29.964   18.105    0    0  (Gen:  0)
  1101536     34712 1059235664  0.000  0.000   29.965   18.106    0    0  (Gen:  0)
  1490624     35000 1059254928  0.000  0.000   29.967   18.108    0    0  (Gen:  0)
  1943224     41232 1059272392  0.000  0.000   29.969   18.109    0    0  (Gen:  0)
  1105744     37152 1059288256  0.000  0.000   29.970   18.110    0    0  (Gen:  0)
  1104760     28480 1059295320  0.000  0.000   29.971   18.112    0    0  (Gen:  0)
  1130752     32240 1059309840  0.000  0.000   29.972   18.113    0    0  (Gen:  0)
  1105048     27144 1059320840  0.000  0.000   29.974   18.114    0    0  (Gen:  0)
  1755064     32648 1059336528  0.000  0.000   29.975   18.115    0    0  (Gen:  0)
  1573008     40184 1059358408  0.000  0.000   29.977   18.117    0    0  (Gen:  0)
  1105088     34224 1059369248  0.000  0.000   29.978   18.118    0    0  (Gen:  0)
  1911448     34168 1059388136  0.000  0.000   29.980   18.119    0    0  (Gen:  0)
  1321280     38144 1059407488  0.000  0.000   29.981   18.121    0    0  (Gen:  0)
  1105752     28072 1059415296  0.000  0.000   29.982   18.122    0    0  (Gen:  0)
  1104760     30432 1059432784  0.000  0.000   29.984   18.123    0    0  (Gen:  0)
  1922904     41976 1059426160  0.000  0.000   29.985   18.124    0    0  (Gen:  0)
  1106104     40464 1059472360  0.000  0.000   29.987   18.125    0    0  (Gen:  0)
  2051832    287488 1059775688  0.001  0.001   29.989   18.127    0    0  (Gen:  0)
  2063792     93192 1059816400  0.001  0.000   29.992   18.129    0    0  (Gen:  0)
  1141192     39000 1059837360  0.000  0.000   29.993   18.130    0    0  (Gen:  0)
  2123344     35800 1059850008  0.000  0.000   29.995   18.132    0    0  (Gen:  0)
  1772008     41504 1059877344  0.000  0.000   29.997   18.134    0    0  (Gen:  0)
  1983168     41944 1059897888  0.000  0.000   29.999   18.136    0    0  (Gen:  0)
  3063224     54064 1059933096  0.000  0.000   30.002   18.138    0    0  (Gen:  0)
  2597936     59320 1059955432  0.000  0.000   30.004   18.141    0    0  (Gen:  0)
  1326928     42328 1059966688  0.000  0.000   30.006   18.142    0    0  (Gen:  0)
  1804064     34056 1059986616  0.000  0.000   30.008   18.144    0    0  (Gen:  0)
  1876104     42528 1060049904  0.000  0.000   30.010   18.145    0    0  (Gen:  0)
  1975048     41464 1060066096  0.000  0.000   30.011   18.147    0    0  (Gen:  0)
  1235336     36856 1060079080  0.000  0.000   30.013   18.148    0    0  (Gen:  0)
  1331512     33040 1060094696  0.000  0.000   30.014   18.149    0    0  (Gen:  0)
  1914312     41640 1060118552  0.000  0.000   30.016   18.151    0    0  (Gen:  0)
  2829176     52040 1060148312  0.000  0.000   30.019   18.154    0    0  (Gen:  0)
  1277496     47592 1060323776  0.000  0.000   30.021   18.155    0    0  (Gen:  0)
  1179304     29552 1060433960  0.000  0.000   30.022   18.156    0    0  (Gen:  0)
  1175176     26720 1060509560  0.000  0.000   30.023   18.157    0    0  (Gen:  0)
  1384168     31944 1060560160  0.000  0.000   30.025   18.159    0    0  (Gen:  0)
  2558232     42896 1060750496  0.000  0.000   30.027   18.161    0    0  (Gen:  0)
  2177504     51992 1060880264  0.000  0.000   30.029   18.163    0    0  (Gen:  0)
  1073680     39616 1060889344  0.000  0.000   30.030   18.164    0    0  (Gen:  0)
  1175248     29064 1060970264  0.000  0.000   30.032   18.165    0    0  (Gen:  0)
  1936288     38264 1061122248  0.000  0.000   30.034   18.167    0    0  (Gen:  0)
  1139888     37720 1061170016  0.000  0.000   30.035   18.168    0    0  (Gen:  0)
  1206368     27712 1061276800  0.000  0.000   30.036   18.169    0    0  (Gen:  0)
  2438208     38984 1061462392  0.000  0.000   30.039   18.171    0    0  (Gen:  0)
  1176352     40480 1061544344  0.000  0.000   30.040   18.172    0    0  (Gen:  0)
  2073176     34168 1061596776  0.000  0.000   30.042   18.174    0    0  (Gen:  0)
  2019264     57120 1061700840  0.000  0.000   30.044   18.176    0    0  (Gen:  0)
  2338056     63424 1061828800  0.000  0.000   30.047   18.179    0    0  (Gen:  0)
  1530952     54032 1062009752  0.000  0.000   30.049   18.180    0    0  (Gen:  0)
  1216272     38480 1062023952  0.000  0.000   30.050   18.182    0    0  (Gen:  0)
  1244840     44616 1062083568  0.000  0.000   30.052   18.183    0    0  (Gen:  0)
  1226216     42008 1062199152  0.000  0.000   30.053   18.184    0    0  (Gen:  0)
  1279448     37512 1062344920  0.000  0.000   30.055   18.186    0    0  (Gen:  0)
  3670472     62096 1062583032  0.000  0.000   30.058   18.189    0    0  (Gen:  0)
  2199704     70464 1062681144  0.000  0.000   30.061   18.191    0    0  (Gen:  0)
  1226176     56176 1062737296  0.000  0.000   30.062   18.193    0    0  (Gen:  0)
  2791792     62648 1062937936  0.000  0.000   30.065   18.195    0    0  (Gen:  0)
  1247680     50640 1062950024  0.000  0.000   30.067   18.196    0    0  (Gen:  0)
  2634904     55032 1063057152  0.000  0.000   30.069   18.199    0    0  (Gen:  0)
  1176296     49344 1063105128  0.000  0.000   30.071   18.200    0    0  (Gen:  0)
  1295976     32192 1063216152  0.000  0.000   30.072   18.201    0    0  (Gen:  0)
  1323952     31720 1063292312  0.000  0.000   30.073   18.202    0    0  (Gen:  0)
  2102168     44264 1063385048  0.000  0.000   30.076   18.204    0    0  (Gen:  0)
  3944936     64728 1063626736  0.000  0.000   30.079   18.208    0    0  (Gen:  0)
  2302968     63800 1063777952  0.000  0.000   30.082   18.210    0    0  (Gen:  0)
  3824728     64472 1064015640  0.000  0.000   30.085   18.213    0    0  (Gen:  0)
  1609032     54616 1064095512  0.000  0.000   30.087   18.215    0    0  (Gen:  0)
  2035864     52512 1064292728  0.000  0.000   30.090   18.217    0    0  (Gen:  0)
  3058136     75520 1064428000  0.000  0.000   30.093   18.220    0    0  (Gen:  0)
  1883920     59776 1064483176  0.000  0.000   30.095   18.222    0    0  (Gen:  0)
  2164304     50896 1064677520  0.000  0.000   30.097   18.224    0    0  (Gen:  0)
  1482736     50432 1064797104  0.000  0.000   30.099   18.226    0    0  (Gen:  0)
  1209536     39696 1064876392  0.000  0.000   30.101   18.227    0    0  (Gen:  0)
  2123168     48104 1064906552  0.000  0.000   30.103   18.229    0    0  (Gen:  0)
  2468312     49912 1065024488  0.000  0.000   30.105   18.230    0    0  (Gen:  0)
  3583088     74728 1065310096  0.000  0.000   30.109   18.234    0    0  (Gen:  0)
  2920000     75232 1065501152  0.000  0.000   30.112   18.237    0    0  (Gen:  0)
  1322800     48016 1065616400  0.000  0.000   30.113   18.238    0    0  (Gen:  0)
  2905496     63216 1065828760  0.000  0.000   30.117   18.241    0    0  (Gen:  0)
  1644840     64872 1065948824  0.000  0.000   30.118   18.243    0    0  (Gen:  0)
  1242520     40392 1066065408  0.000  0.000   30.120   18.244    0    0  (Gen:  0)
  2359240     47656 1066228128  0.000  0.000   30.122   18.246    0    0  (Gen:  0)
  1232944     50480 1066316064  0.000  0.000   30.124   18.247    0    0  (Gen:  0)
  1350960     52776 1066474952  0.000  0.000   30.126   18.249    0    0  (Gen:  0)
  3493992     75976 1066718072  0.000  0.000   30.129   18.252    0    0  (Gen:  0)
  1139840     48960 1066759832  0.000  0.000   30.131   18.253    0    0  (Gen:  0)
  1799992     40216 1066881304  0.000  0.000   30.133   18.255    0    0  (Gen:  0)
  2883576     49656 1067071192  0.000  0.000   30.135   18.257    0    0  (Gen:  0)
  2434792     64064 1067239736  0.000  0.000   30.138   18.260    0    0  (Gen:  0)
  2334200     67344 1067403008  0.000  0.000   30.141   18.262    0    0  (Gen:  0)
  1175216     39392 1067512768  0.000  0.000   30.142   18.263    0    0  (Gen:  0)
  1855256     45072 1067603608  0.000  0.000   30.144   18.265    0    0  (Gen:  0)
  2665336     63240 1067837464  0.000  0.000   30.147   18.268    0    0  (Gen:  0)
  2160048     64464 1067969816  0.000  0.000   30.149   18.270    0    0  (Gen:  0)
  1509712     51208 1068084696  0.000  0.000   30.151   18.271    0    0  (Gen:  0)
  2695000     55136 1068249312  0.000  0.000   30.154   18.274    0    0  (Gen:  0)
  1174456     43056 1068327416  0.000  0.000   30.155   18.275    0    0  (Gen:  0)
  2676640     47520 1068521432  0.000  0.000   30.158   18.277    0    0  (Gen:  0)
  2253696     54152 1068613344  0.000  0.000   30.160   18.279    0    0  (Gen:  0)
  1117480     36880 1068627280  0.000  0.000   30.161   18.280    0    0  (Gen:  0)
  2063984     42832 1068847408  0.000  0.000   30.163   18.282    0    0  (Gen:  0)
  2163856     46656 1068934888  0.000  0.000   30.166   18.284    0    0  (Gen:  0)
  1860920     58456 1069131112  0.000  0.000   30.168   18.287    0    0  (Gen:  0)
  3087176     79872 1069508760  0.000  0.000   30.172   18.290    0    0  (Gen:  0)
  1271672     67448 1069629168  0.000  0.000   30.173   18.292    0    0  (Gen:  0)
  1916424     58664 1069725824  0.000  0.000   30.176   18.294    0    0  (Gen:  0)
  2541808     74032 1069933552  0.000  0.000   30.179   18.296    0    0  (Gen:  0)
  2316912     71416 1070196392  0.000  0.000   30.181   18.298    0    0  (Gen:  0)
  1142648     40560 1070266576  0.000  0.000   30.182   18.299    0    0  (Gen:  0)
  2361000     44960 1070397560  0.000  0.000   30.185   18.302    0    0  (Gen:  0)
  1654568     45088 1070478104  0.000  0.000   30.186   18.303    0    0  (Gen:  0)
  2759552     60064 1070716208  0.000  0.000   30.189   18.305    0    0  (Gen:  0)
  2224016     55224 1070803896  0.000  0.000   30.191   18.307    0    0  (Gen:  0)
  1433496     41976 1070918816  0.000  0.000   30.193   18.309    0    0  (Gen:  0)
  1175688     38552 1070998824  0.000  0.000   30.194   18.310    0    0  (Gen:  0)
  3292072     50800 1071194864  0.000  0.000   30.197   18.312    0    0  (Gen:  0)
  2429984     59392 1071324768  0.000  0.000   30.199   18.314    0    0  (Gen:  0)
  1379904     40128 1071435120  0.000  0.000   30.201   18.316    0    0  (Gen:  0)
  1141616     29912 1071478744  0.000  0.000   30.202   18.317    0    0  (Gen:  0)
  1417224     37760 1071600480  0.000  0.000   30.203   18.318    0    0  (Gen:  0)
  2322128     43184 1071753344  0.000  0.000   30.206   18.320    0    0  (Gen:  0)
  1175832     38424 1071829144  0.000  0.000   30.207   18.321    0    0  (Gen:  0)
  1601296     34200 1071908112  0.000  0.000   30.209   18.323    0    0  (Gen:  0)
  1198760     35000 1071991248  0.000  0.000   30.210   18.324    0    0  (Gen:  0)
  2679096     46968 1072219000  0.000  0.000   30.213   18.326    0    0  (Gen:  0)
  1969200     50464 1072332424  0.000  0.000   30.215   18.328    0    0  (Gen:  0)
  2791232     58744 1072434656  0.000  0.000   30.218   18.331    0    0  (Gen:  0)
  2265384     64280 1072535352  0.000  0.000   30.220   18.333    0    0  (Gen:  0)
  1208344     48224 1072678448  0.000  0.000   30.222   18.334    0    0  (Gen:  0)
  1258944     26744 1072788784  0.000  0.000   30.223   18.335    0    0  (Gen:  0)
  3350088     53976 1072960352  0.000  0.000   30.226   18.338    0    0  (Gen:  0)
  3976888     91248 1073211416  0.000  0.000   30.230   18.342    0    0  (Gen:  0)
  3068576     84008 1073450552  0.000  0.000   30.233   18.345    0    0  (Gen:  0)
  1771224     68232 1073573576  0.000  0.000   30.235   18.346    0    0  (Gen:  0)
  3143232     58904 1073773512  0.000  0.000   30.238   18.349    0    0  (Gen:  0)
  3714472     80560 1074080664  0.000  0.000   30.242   18.352    0    0  (Gen:  0)
  2315200     69376 1074168176  0.000  0.000   30.244   18.354    0    0  (Gen:  0)
  2022336     50248 1074357304  0.000  0.000   30.246   18.356    0    0  (Gen:  0)
  1104040     41400 1074371320  0.000  0.000   30.248   18.357    0    0  (Gen:  0)
  1629464     34272 1074451112  0.000  0.000   30.249   18.359    0    0  (Gen:  0)
  2153528     46344 1074608208  0.000  0.000   30.251   18.360    0    0  (Gen:  0)
  2262160     46296 1074727808  0.000  0.000   30.253   18.362    0    0  (Gen:  0)
  1719312     43416 1074816256  0.000  0.000   30.255   18.364    0    0  (Gen:  0)
  2522424     49632 1074972984  0.000  0.000   30.258   18.366    0    0  (Gen:  0)
  1643040     43976 1075050264  0.000  0.000   30.259   18.368    0    0  (Gen:  0)
  2681544     60888 1075264328  0.000  0.000   30.262   18.370    0    0  (Gen:  0)
  2200560     55904 1075411792  0.000  0.000   30.264   18.372    0    0  (Gen:  0)
  2247656     47160 1075602000  0.000  0.000   30.266   18.374    0    0  (Gen:  0)
  2438808     54672 1075696120  0.000  0.000   30.269   18.376    0    0  (Gen:  0)
  1811048     46240 1075811952  0.000  0.000   30.270   18.378    0    0  (Gen:  0)
  1545808     43032 1075927656  0.000  0.000   30.272   18.379    0    0  (Gen:  0)
  1714720     47024 1076017424  0.000  0.000   30.274   18.381    0    0  (Gen:  0)
  1188984     39840 1076064176  0.000  0.000   30.275   18.382    0    0  (Gen:  0)
  4347856     71336 1076348576  0.000  0.000   30.279   18.385    0    0  (Gen:  0)
  1175872     63192 1076425568  0.000  0.000   30.281   18.387    0    0  (Gen:  0)
  1068440     25400 1076431824  0.000  0.000   30.282   18.388    0    0  (Gen:  0)
  1175968     33792 1076484752  0.000  0.000   30.283   18.389    0    0  (Gen:  0)
  1761816     43056 1076575240  0.000  0.000   30.285   18.390    0    0  (Gen:  0)
  3628592     65456 1076817992  0.000  0.000   30.289   18.394    0    0  (Gen:  0)
  1857728     68008 1076976368  0.000  0.000   30.291   18.396    0    0  (Gen:  0)
  1966080     44656 1077132168  0.000  0.000   30.293   18.397    0    0  (Gen:  0)
  2415912     58112 1077327736  0.000  0.000   30.295   18.400    0    0  (Gen:  0)
  1072184     43512 1077336008  0.000  0.000   30.297   18.401    0    0  (Gen:  0)
  2918320     41288 1077562952  0.000  0.000   30.299   18.403    0    0  (Gen:  0)
  1138672     47128 1077611296  0.000  0.000   30.301   18.404    0    0  (Gen:  0)
  1194160     29600 1077684784  0.000  0.000   30.302   18.405    0    0  (Gen:  0)
  1999800     39016 1077903208  0.000  0.000   30.304   18.407    0    0  (Gen:  0)
  2598920     56416 1078107584  0.000  0.000   30.307   18.409    0    0  (Gen:  0)
  3240728     63904 1078269944  0.000  0.000   30.310   18.412    0    0  (Gen:  0)
  2165832     68816 1078469616  0.000  0.000   30.312   18.415    0    0  (Gen:  0)
  3001688     76128 1078710032  0.000  0.000   30.316   18.418    0    0  (Gen:  0)
  2136832     73640 1078873592  0.000  0.000   30.318   18.420    0    0  (Gen:  0)
  2819944     74504 1079148064  0.000  0.000   30.322   18.424    0    0  (Gen:  0)
  2273696     70560 1079307048  0.000  0.000   30.325   18.426    0    0  (Gen:  0)
  3217248     82728 1079521840  0.000  0.000   30.329   18.430    0    0  (Gen:  0)
  2229576     68352 1079576960  0.000  0.000   30.332   18.432    0    0  (Gen:  0)
  3121480     78448 1079861584  0.000  0.000   30.335   18.436    0    0  (Gen:  0)
  2343160     74448 1080020256  0.000  0.000   30.338   18.438    0    0  (Gen:  0)
  2256320     71344 1080252864  0.000  0.000   30.341   18.441    0    0  (Gen:  0)
  1718128     62968 1080346000  0.000  0.000   30.343   18.443    0    0  (Gen:  0)
  1140560     45624 1080394904  0.000  0.000   30.344   18.444    0    0  (Gen:  0)
  1349992     30680 1080472112  0.000  0.000   30.346   18.445    0    0  (Gen:  0)
  1184880     34896 1080558080  0.000  0.000   30.347   18.446    0    0  (Gen:  0)
  1175760     28048 1080632256  0.000  0.000   30.348   18.447    0    0  (Gen:  0)
  3577920     55336 1080838648  0.000  0.000   30.351   18.450    0    0  (Gen:  0)
  2500960     63728 1080993312  0.000  0.000   30.354   18.452    0    0  (Gen:  0)
  1406328     41720 1081067984  0.000  0.000   30.355   18.454    0    0  (Gen:  0)
  1174736     35768 1081154312  0.000  0.000   30.356   18.455    0    0  (Gen:  0)
  1070600     27768 1081159096  0.000  0.000   30.358   18.455    0    0  (Gen:  0)
  1242160     29800 1081308008  0.000  0.000   30.359   18.457    0    0  (Gen:  0)
  1797904     36576 1081388808  0.000  0.000   30.361   18.458    0    0  (Gen:  0)
  2733648     48672 1081552408  0.000  0.000   30.363   18.460    0    0  (Gen:  0)
  1222856     41664 1081665056  0.000  0.000   30.364   18.461    0    0  (Gen:  0)
  2796536     46216 1081921712  0.000  0.000   30.367   18.464    0    0  (Gen:  0)
  2131952     50128 1082009080  0.000  0.000   30.369   18.465    0    0  (Gen:  0)
  1956800     48920 1082162024  0.000  0.000   30.371   18.467    0    0  (Gen:  0)
  1070096     36384 1082172592  0.000  0.000   30.372   18.468    0    0  (Gen:  0)
  2958112     44776 1082340336  0.000  0.000   30.375   18.471    0    0  (Gen:  0)
  1485488     48824 1082423752  0.000  0.000   30.377   18.472    0    0  (Gen:  0)
  1377416     34264 1082505696  0.000  0.000   30.378   18.473    0    0  (Gen:  0)
  1205040     32376 1082614408  0.000  0.000   30.379   18.474    0    0  (Gen:  0)
  2502064     41360 1082700856  0.000  0.000   30.382   18.477    0    0  (Gen:  0)
  1173872     44048 1082786344  0.000  0.000   30.383   18.478    0    0  (Gen:  0)
  1182080     26344 1082888696  0.000  0.000   30.384   18.479    0    0  (Gen:  0)
  2038704     41232 1083049928  0.000  0.000   30.386   18.480    0    0  (Gen:  0)
  2564792     51384 1083272376  0.000  0.000   30.388   18.483    0    0  (Gen:  0)
  2640560     62240 1083508464  0.000  0.000   30.391   18.485    0    0  (Gen:  0)
  1740432     50136 1083590584  0.000  0.000   30.393   18.487    0    0  (Gen:  0)
  1211784     32304 1083699176  0.000  0.000   30.394   18.488    0    0  (Gen:  0)
  3493640     72152 1084014424  0.000  0.000   30.398   18.491    0    0  (Gen:  0)
  3437656     91256 1084260664  0.000  0.000   30.402   18.495    0    0  (Gen:  0)
  1964664     78848 1084392216  0.000  0.000   30.404   18.497    0    0  (Gen:  0)
  1664192     56336 1084482216  0.000  0.000   30.406   18.499    0    0  (Gen:  0)
  3027408     70592 1084795920  0.000  0.000   30.409   18.502    0    0  (Gen:  0)
  1173336     57592 1084873656  0.000  0.000   30.411   18.503    0    0  (Gen:  0)
  1649080     33600 1084885544  0.000  0.000   30.412   18.504    0    0  (Gen:  0)
  2200072     54656 1085117296  0.000  0.000   30.415   18.507    0    0  (Gen:  0)
  3607928     86960 1085464320  0.000  0.000   30.419   18.510    0    0  (Gen:  0)
  1551768     73112 1085551616  0.000  0.000   30.421   18.512    0    0  (Gen:  0)
  1795712     43680 1085636592  0.000  0.000   30.423   18.514    0    0  (Gen:  0)
  1631072     39704 1085718344  0.000  0.000   30.424   18.515    0    0  (Gen:  0)
  1497048     41696 1085773024  0.000  0.000   30.426   18.517    0    0  (Gen:  0)
  1801024     50944 1085863600  0.000  0.000   30.428   18.519    0    0  (Gen:  0)
  2681256     67224 1086040544  0.000  0.000   30.431   18.522    0    0  (Gen:  0)
  1458808     57496 1086128088  0.000  0.000   30.433   18.523    0    0  (Gen:  0)
  2235512     56016 1086291352  0.000  0.000   30.435   18.525    0    0  (Gen:  0)
  1854336     46304 1086376200  0.000  0.000   30.437   18.526    0    0  (Gen:  0)
  2547088     67112 1086581792  0.000  0.000   30.440   18.530    0    0  (Gen:  0)
  2569520     73336 1086714104  0.000  0.000   30.443   18.532    0    0  (Gen:  0)
  2326352     61120 1086814992  0.000  0.000   30.446   18.534    0    0  (Gen:  0)
  1262768     39104 1086860800  0.000  0.000   30.447   18.536    0    0  (Gen:  0)
  1175688     32312 1086944720  0.000  0.000   30.448   18.537    0    0  (Gen:  0)
  3361824     65024 1087124536  0.000  0.000   30.453   18.541    0    0  (Gen:  0)
  2709336     89968 1087367040  0.000  0.000   30.455   18.543    0    0  (Gen:  0)
  1175216     49064 1087445272  0.000  0.000   30.457   18.544    0    0  (Gen:  0)
  1108528     29160 1087485880  0.000  0.000   30.458   18.545    0    0  (Gen:  0)
  2313528     50944 1087619840  0.000  0.000   30.461   18.548    0    0  (Gen:  0)
  2309072     69808 1087787128  0.000  0.000   30.463   18.550    0    0  (Gen:  0)
  2371128     70480 1087949296  0.000  0.000   30.466   18.553    0    0  (Gen:  0)
  4074848     89208 1088273480  0.000  0.000   30.470   18.557    0    0  (Gen:  0)
  1544816     71512 1088358080  0.000  0.000   30.472   18.559    0    0  (Gen:  0)
  2746792     65248 1088565976  0.000  0.000   30.476   18.562    0    0  (Gen:  0)
  2394200     77792 1088765808  0.000  0.000   30.479   18.565    0    0  (Gen:  0)
  1594704     63568 1088862336  0.000  0.000   30.481   18.567    0    0  (Gen:  0)
  2473416     65176 1089092944  0.000  0.000   30.484   18.569    0    0  (Gen:  0)
  1236792     59136 1089148784  0.000  0.000   30.486   18.571    0    0  (Gen:  0)
  1678656     42120 1089264672  0.000  0.000   30.488   18.572    0    0  (Gen:  0)
  1253072     33160 1089375400  0.000  0.000   30.489   18.574    0    0  (Gen:  0)
  1174712     31304 1089455712  0.000  0.000   30.490   18.575    0    0  (Gen:  0)
  1481448     34632 1089539456  0.000  0.000   30.492   18.576    0    0  (Gen:  0)
  1814896     39920 1089658248  0.000  0.000   30.494   18.578    0    0  (Gen:  0)
  2733280     61400 1089895504  0.000  0.000   30.496   18.580    0    0  (Gen:  0)
  1691680     60776 1090021352  0.000  0.000   30.498   18.582    0    0  (Gen:  0)
  1175152     38896 1090099016  0.000  0.000   30.500   18.583    0    0  (Gen:  0)
  1073392     28824 1090111064  0.000  0.000   30.501   18.584    0    0  (Gen:  0)
  1240656     30976 1090222072  0.000  0.000   30.502   18.585    0    0  (Gen:  0)
  1867872     40928 1090375112  0.000  0.000   30.504   18.587    0    0  (Gen:  0)
  1142392     29576 1090443256  0.000  0.000   30.505   18.587    0    0  (Gen:  0)
  1119080     25688 1090459144  0.000  0.000   30.506   18.589    0    0  (Gen:  0)
  2828360     45856 1090622816  0.000  0.000   30.509   18.591    0    0  (Gen:  0)
  1172440     46664 1090702304  0.000  0.000   30.510   18.592    0    0  (Gen:  0)
  1327416     36112 1090787144  0.000  0.000   30.512   18.593    0    0  (Gen:  0)
  1585200     45808 1090875224  0.000  0.000   30.514   18.595    0    0  (Gen:  0)
  1174776     34944 1090958096  0.000  0.000   30.515   18.596    0    0  (Gen:  0)
  1957320     34264 1091040320  0.000  0.000   30.517   18.598    0    0  (Gen:  0)
  2180464     51136 1091240016  0.000  0.000   30.519   18.600    0    0  (Gen:  0)
  1954624     47120 1091320120  0.000  0.000   30.521   18.602    0    0  (Gen:  0)
  1372792     42552 1091439536  0.000  0.000   30.523   18.603    0    0  (Gen:  0)
  3313224     65936 1091683000  0.000  0.000   30.526   18.607    0    0  (Gen:  0)
  2016312     68912 1091835720  0.000  0.000   30.529   18.608    0    0  (Gen:  0)
  3532184     80000 1092127040  0.000  0.000   30.533   18.612    0    0  (Gen:  0)
  1986480     79120 1092217992  0.000  0.000   30.535   18.614    0    0  (Gen:  0)
  1175728     42424 1092300592  0.000  0.000   30.536   18.615    0    0  (Gen:  0)
  1144784     29240 1092373448  0.000  0.000   30.537   18.616    0    0  (Gen:  0)
  1330680     35312 1092459256  0.000  0.000   30.539   18.617    0    0  (Gen:  0)
  3966368     82096 1092713000  0.000  0.000   30.543   18.622    0    0  (Gen:  0)
  1782328     69928 1092825016  0.000  0.000   30.545   18.623    0    0  (Gen:  0)
  1321632     35648 1092937008  0.000  0.000   30.547   18.624    0    0  (Gen:  0)
  1637424     38696 1093122736  0.000  0.000   30.548   18.626    0    0  (Gen:  0)
  1982496     43792 1093215344  0.000  0.000   30.550   18.628    0    0  (Gen:  0)
  1321296     34264 1093292096  0.000  0.000   30.552   18.629    0    0  (Gen:  0)
  1173920     37456 1093344720  0.000  0.000   30.553   18.630    0    0  (Gen:  0)
  2198640     43536 1093428392  0.000  0.000   30.555   18.632    0    0  (Gen:  0)
  3229248     64760 1093604192  0.000  0.000   30.559   18.635    0    0  (Gen:  0)
  1772440     62576 1093724288  0.000  0.000   30.561   18.637    0    0  (Gen:  0)
  1138880     46120 1093774776  0.000  0.000   30.562   18.638    0    0  (Gen:  0)
  1575312     33688 1093857160  0.000  0.000   30.564   18.640    0    0  (Gen:  0)
  2603136     45200 1094014728  0.000  0.000   30.567   18.642    0    0  (Gen:  0)
  1209088     45904 1094164240  0.000  0.000   30.568   18.643    0    0  (Gen:  0)
  1540600     33904 1094247008  0.000  0.000   30.570   18.644    0    0  (Gen:  0)
  1176448     34880 1094324960  0.000  0.000   30.571   18.645    0    0  (Gen:  0)
  2192592     37712 1094447840  0.000  0.000   30.573   18.647    0    0  (Gen:  0)
  2140656     48056 1094535328  0.000  0.000   30.575   18.649    0    0  (Gen:  0)
  2903304     70856 1094775248  0.000  0.000   30.579   18.652    0    0  (Gen:  0)
  1908728     68464 1094868136  0.000  0.000   30.581   18.654    0    0  (Gen:  0)
  1596592     39664 1094946600  0.000  0.000   30.582   18.656    0    0  (Gen:  0)
  1290792     34288 1095026440  0.000  0.000   30.584   18.657    0    0  (Gen:  0)
  2695784     55848 1095297816  0.000  0.000   30.587   18.660    0    0  (Gen:  0)
  1965456     59720 1095382472  0.000  0.000   30.589   18.662    0    0  (Gen:  0)
  1156600     38552 1095430512  0.000  0.000   30.590   18.663    0    0  (Gen:  0)
  2292640     52344 1095562888  0.000  0.000   30.593   18.665    0    0  (Gen:  0)
  2585200     69864 1095761848  0.000  0.000   30.596   18.668    0    0  (Gen:  0)
  1518944     59632 1095846896  0.000  0.000   30.598   18.669    0    0  (Gen:  0)
  1598616     38784 1095897584  0.000  0.000   30.599   18.671    0    0  (Gen:  0)
  2404432     52192 1096094312  0.000  0.000   30.602   18.673    0    0  (Gen:  0)
  2919688     76912 1096370416  0.000  0.000   30.606   18.677    0    0  (Gen:  0)
  2382240     75672 1096530720  0.000  0.000   30.608   18.679    0    0  (Gen:  0)
  1104352     50816 1096548272  0.000  0.000   30.610   18.680    0    0  (Gen:  0)
  1226832     30232 1096623496  0.000  0.000   30.611   18.681    0    0  (Gen:  0)
  2023672     36680 1096804536  0.000  0.000   30.613   18.683    0    0  (Gen:  0)
  3181072     74112 1096993168  0.000  0.000   30.617   18.687    0    0  (Gen:  0)
  2380736     77184 1097191912  0.000  0.000   30.619   18.689    0    0  (Gen:  0)
  1190944     43744 1097267616  0.000  0.000   30.621   18.690    0    0  (Gen:  0)
  1222512     25920 1097371288  0.000  0.000   30.622   18.691    0    0  (Gen:  0)
  1185600     37488 1097461224  0.000  0.000   30.623   18.692    0    0  (Gen:  0)
  2137144     60264 1097662536  0.000  0.000   30.626   18.695    0    0  (Gen:  0)
  2381896     73936 1097799880  0.000  0.000   30.629   18.697    0    0  (Gen:  0)
  1218472     50904 1097914256  0.000  0.000   30.630   18.699    0    0  (Gen:  0)
  1207536     43072 1098000392  0.000  0.000   30.632   18.700    0    0  (Gen:  0)
  4235488     82576 1098330568  0.000  0.000   30.637   18.705    0    0  (Gen:  0)
  2133672     91912 1098498888  0.000  0.000   30.639   18.707    0    0  (Gen:  0)
  2354568     55768 1098649264  0.000  0.000   30.642   18.709    0    0  (Gen:  0)
  1105352     41440 1098700080  0.000  0.000   30.643   18.710    0    0  (Gen:  0)
  1231480     29728 1098808800  0.000  0.000   30.644   18.711    0    0  (Gen:  0)
  1185576     30768 1098884312  0.000  0.000   30.645   18.712    0    0  (Gen:  0)
  2471704     43632 1099047480  0.000  0.000   30.648   18.715    0    0  (Gen:  0)
  1176296     42128 1099125832  0.000  0.000   30.649   18.716    0    0  (Gen:  0)
  2926912     58248 1099297776  0.000  0.000   30.652   18.719    0    0  (Gen:  0)
  2942912     83888 1099543392  0.000  0.000   30.656   18.722    0    0  (Gen:  0)
  1210592     56560 1099659616  0.000  0.000   30.657   18.723    0    0  (Gen:  0)
  2488176     40928 1099775328  0.000  0.000   30.660   18.725    0    0  (Gen:  0)
  1551040     46840 1099901104  0.000  0.000   30.661   18.727    0    0  (Gen:  0)
  1218344     35560 1100007824  0.000  0.000   30.662   18.728    0    0  (Gen:  0)
  1801424     35480 1100094224  0.000  0.000   30.664   18.729    0    0  (Gen:  0)
  1719176     50232 1100218480  0.000  0.000   30.666   18.731    0    0  (Gen:  0)
  3473296     71448 1100419672  0.000  0.000   30.670   18.735    0    0  (Gen:  0)
  3256416     90184 1100673376  0.000  0.000   30.674   18.738    0    0  (Gen:  0)
  2425384     68928 1100798096  0.000  0.000   30.676   18.740    0    0  (Gen:  0)
  2899488     57832 1101024168  0.000  0.000   30.679   18.743    0    0  (Gen:  0)
  1071856     41288 1101032840  0.000  0.000   30.680   18.744    0    0  (Gen:  0)
  1205632     29304 1101145776  0.000  0.000   30.681   18.745    0    0  (Gen:  0)
  1847864     42488 1101232016  0.000  0.000   30.683   18.746    0    0  (Gen:  0)
  1377312     38856 1101410512  0.000  0.000   30.685   18.747    0    0  (Gen:  0)
  1104104     33496 1101424640  0.000  0.000   30.686   18.748    0    0  (Gen:  0)
  1877200     43496 1101615216  0.000  0.000   30.688   18.751    0    0  (Gen:  0)
  1343016     52032 1101673744  0.000  0.000   30.690   18.752    0    0  (Gen:  0)
  1279160    144384 1101853768  0.001  0.000   30.692   18.754    0    0  (Gen:  0)
  1037560    221152 1101950944  0.001  0.000   30.694   18.754    0    0  (Gen:  0)
  1178040     93520 1102164120  0.001  0.000   30.695   18.755    0    0  (Gen:  0)
  1040440    153224 1102226312  0.001  0.000   30.696   18.756    0    0  (Gen:  0)
  1516112    173944 1102524248  0.001  0.000   30.700   18.758    0    0  (Gen:  0)
  1142152    146848 1102657848  0.001  0.000   30.701   18.759    0    0  (Gen:  0)
  1036960     61136 1102700008  0.000  0.000   30.702   18.760    0    0  (Gen:  0)
  1105536     67896 1102807000  0.000  0.000   30.703   18.761    0    0  (Gen:  0)
  1039032     45320 1102828512  0.000  0.000   30.704   18.761    0    0  (Gen:  0)
  1156832     53000 1102965768  0.000  0.000   30.705   18.762    0    0  (Gen:  0)
  1037232     50200 1102994672  0.000  0.000   30.706   18.763    0    0  (Gen:  0)
  1110744     78224 1103115728  0.000  0.000   30.707   18.763    0    0  (Gen:  0)
  1035160     86704 1103160752  0.000  0.000   30.708   18.764    0    0  (Gen:  0)
  1107624     75360 1103267352  0.000  0.000   30.709   18.765    0    0  (Gen:  0)
  1035688     50664 1103293728  0.000  0.000   30.710   18.765    0    0  (Gen:  0)
  1106112     47544 1103386488  0.000  0.000   30.711   18.766    0    0  (Gen:  0)
  1033616     60264 1103428856  0.000  0.000   30.712   18.766    0    0  (Gen:  0)
  1106232     55880 1103525656  0.000  0.000   30.713   18.767    0    0  (Gen:  0)
  1036336     49648 1103552464  0.000  0.000   30.714   18.768    0    0  (Gen:  0)
  1035336     44832 1103578400  0.000  0.000   30.715   18.768    0    0  (Gen:  0)
  1151912     47256 1103705048  0.000  0.000   30.716   18.769    0    0  (Gen:  0)
  1036664     59128 1103743152  0.000  0.000   30.716   18.770    0    0  (Gen:  0)
  1140216     63912 1103875976  0.000  0.000   30.718   18.770    0    0  (Gen:  0)
  1035040     57688 1103906216  0.000  0.000   30.719   18.771    0    0  (Gen:  0)
  1108040     62968 1104014792  0.000  0.000   30.720   18.772    0    0  (Gen:  0)
  1034568     72840 1104057744  0.000  0.000   30.721   18.772    0    0  (Gen:  0)
  1133504     82064 1104176648  0.000  0.000   30.722   18.773    0    0  (Gen:  0)
  1035672     88648 1104226960  0.000  0.000   30.723   18.774    0    0  (Gen:  0)
  1140392     60248 1104349264  0.000  0.000   30.724   18.775    0    0  (Gen:  0)
  1038216     41816 1104373528  0.000  0.000   30.725   18.775    0    0  (Gen:  0)
  1075104     49088 1104439376  0.000  0.000   30.726   18.776    0    0  (Gen:  0)
  1037016     41144 1104457576  0.000  0.000   30.727   18.776    0    0  (Gen:  0)
  1099416     45864 1104520104  0.000  0.000   30.728   18.777    0    0  (Gen:  0)
  1038320     42792 1104543552  0.000  0.000   30.728   18.778    0    0  (Gen:  0)
  2356392    133856 1104899304  0.000  0.000   30.736   18.781    0    0  (Gen:  0)
  2900552    268464 1105379152  0.001  0.000   30.746   18.785    0    0  (Gen:  0)
  1040376    253120 1105457584  0.001  0.000   30.747   18.786    0    0  (Gen:  0)
  1176592     80312 1105657416  0.001  0.000   30.750   18.788    0    0  (Gen:  0)
  1148792    149024 1105836256  0.001  0.000   30.751   18.789    0    0  (Gen:  0)
  1034288    131512 1105893288  0.000  0.000   30.752   18.790    0    0  (Gen:  0)
  1152024     91704 1106007200  0.000  0.000   30.754   18.791    0    0  (Gen:  0)
  1035896     85800 1106058304  0.000  0.000   30.755   18.791    0    0  (Gen:  0)
  1101416     76960 1106162184  0.000  0.000   30.756   18.792    0    0  (Gen:  0)
  1033624     57424 1106191656  0.000  0.000   30.757   18.793    0    0  (Gen:  0)
  1113576     52832 1106286968  0.000  0.000   30.758   18.794    0    0  (Gen:  0)
  1033424     63544 1106331632  0.000  0.000   30.759   18.794    0    0  (Gen:  0)
  1033752     64944 1106365040  0.000  0.000   30.760   18.795    0    0  (Gen:  0)
  1067792     57376 1106433888  0.000  0.000   30.761   18.796    0    0  (Gen:  0)
  1098728     52928 1106531624  0.000  0.000   30.762   18.796    0    0  (Gen:  0)
  1100704     54712 1106632624  0.000  0.000   30.763   18.797    0    0  (Gen:  0)
  1029176     50160 1106662896  0.000  0.000   30.764   18.798    0    0  (Gen:  0)
  1109616     52000 1106760816  0.000  0.000   30.765   18.798    0    0  (Gen:  0)
  1035816     47472 1106787512  0.000  0.000   30.766   18.799    0    0  (Gen:  0)
  1031224     41872 1106811928  0.000  0.000   30.767   18.800    0    0  (Gen:  0)
  1029752     41408 1106842288  0.000  0.000   30.768   18.800    0    0  (Gen:  0)
  1035000     46184 1106876560  0.000  0.000   30.769   18.801    0    0  (Gen:  0)
  1032024     49240 1106906952  0.000  0.000   30.769   18.802    0    0  (Gen:  0)
  1103496     51584 1107005472  0.000  0.000   30.771   18.802    0    0  (Gen:  0)
  1031576     54288 1107041424  0.000  0.000   30.771   18.803    0    0  (Gen:  0)
  1111496     49256 1107134024  0.000  0.000   30.773   18.804    0    0  (Gen:  0)
  1029064     37760 1107154448  0.000  0.000   30.773   18.804    0    0  (Gen:  0)
  1400808     44464 1107220448  0.000  0.000   30.775   18.805    0    0  (Gen:  0)
  1029712     45168 1107244904  0.000  0.000   30.775   18.806    0    0  (Gen:  0)
  1097888     39576 1107340208  0.000  0.000   30.776   18.806    0    0  (Gen:  0)
  1033000     34472 1107362480  0.000  0.000   30.777   18.807    0    0  (Gen:  0)
  1989440    441264 1107952416  0.001  0.001   30.780   18.809    0    0  (Gen:  0)
  2417328    804600 1108689520  0.002  0.001   30.784   18.811    0    0  (Gen:  0)
  2667664    734712 1109374392  0.003  0.001   30.791   18.813    0    0  (Gen:  0)
  3222200    965112 1110279408  0.004  0.001   30.798   18.816    0    0  (Gen:  0)
  3938040   1329784 1111508568  0.003  0.002   30.804   18.820    0    0  (Gen:  0)
  2221128    606224 1111801440  0.001  0.001   30.809   18.822    0    0  (Gen:  0)
  2812560    672832 1112542584  0.002  0.001   30.813   18.824    0    0  (Gen:  0)
  3077080    779168 1113299480  0.003  0.001   30.819   18.826    0    0  (Gen:  0)
  2659080    808896 1114091256  0.002  0.001   30.823   18.829    0    0  (Gen:  0)
  2656520    970784 1114892928  0.004  0.001   30.830   18.831    0    0  (Gen:  0)
  3096280    423680 1115227968  0.001  0.001   30.835   18.835    0    0  (Gen:  0)
  2926816    298288 1115659368  0.001  0.001   30.840   18.839    0    0  (Gen:  0)
  3609792    109520 1116152224  0.000  0.000   30.848   18.844    0    0  (Gen:  0)
  1307616    247680 1116350928  0.001  0.000   30.850   18.846    0    0  (Gen:  0)
  1160904    461112 1116699712  0.002  0.001   30.854   18.848    0    0  (Gen:  0)
  1136832    491568 1117046336  0.002  0.001   30.857   18.849    0    0  (Gen:  0)
  1042368    540656 1117343664  0.002  0.001   30.860   18.851    0    0  (Gen:  0)
  1105384    216696 1117500480  0.001  0.000   30.862   18.852    0    0  (Gen:  0)
  1179000    363248 1117908128  0.002  0.000   30.865   18.853    0    0  (Gen:  0)
  1105336    303480 1118246088  0.001  0.000   30.867   18.854    0    0  (Gen:  0)
  1033144    271480 1118386512  0.001  0.000   30.869   18.856    0    0  (Gen:  0)
  1036728    248424 1118514696  0.001  0.000   30.871   18.857    0    0  (Gen:  0)
  1036864    220696 1118618528  0.001  0.000   30.873   18.858    0    0  (Gen:  0)
  1035872    181688 1118712600  0.001  0.000   30.875   18.860    0    0  (Gen:  0)
  1033256    228584 1118858024  0.001  0.000   30.878   18.861    0    0  (Gen:  0)
  1034896    184912 1118914592  0.001  0.000   30.880   18.862    0    0  (Gen:  0)
  1035560     74344 1118928616  0.000  0.000   30.882   18.864    0    0  (Gen:  0)
  1035816     28680 1118947024  0.000  0.000   30.883   18.865    0    0  (Gen:  0)
  1034816     22688 1118954072  0.000  0.000   30.885   18.867    0    0  (Gen:  0)
  1034248     21288 1118965176  0.000  0.000   30.886   18.868    0    0  (Gen:  0)
  1035040     99696 1119055528  0.000  0.000   30.888   18.870    0    0  (Gen:  0)
  1036624    206384 1119177400  0.002  0.000   30.891   18.871    0    0  (Gen:  0)
  1036528    234952 1119298576  0.001  0.001   30.895   18.874    0    0  (Gen:  0)
  1035552    223176 1119422848  0.001  0.001   30.898   18.876    0    0  (Gen:  0)
  1034648    253832 1119557232  0.001  0.001   30.901   18.878    0    0  (Gen:  0)
  1036984    244928 1119669992  0.001  0.000   30.904   18.880    0    0  (Gen:  0)
  1035984    233512 1119794352  0.001  0.001   30.907   18.882    0    0  (Gen:  0)
  1035280    239408 1119914216  0.002  0.001   30.910   18.883    0    0  (Gen:  0)
  1035728    244512 1120041328  0.001  0.001   30.913   18.885    0    0  (Gen:  0)
  1035584    255496 1120173504  0.001  0.001   30.915   18.887    0    0  (Gen:  0)
  1037000    266536 1120311856  0.001  0.000   30.918   18.889    0    0  (Gen:  0)
  1035056    268344 1120446272  0.001  0.001   30.920   18.891    0    0  (Gen:  0)
  1038536    252736 1120568656  0.001  0.000   30.924   18.893    0    0  (Gen:  0)
  1036200    212568 1120664672  0.001  0.000   30.927   18.895    0    0  (Gen:  0)
  1036024    183432 1120752960  0.001  0.000   30.929   18.897    0    0  (Gen:  0)
  1037376    210064 1120876496  0.001  0.000   30.932   18.899    0    0  (Gen:  0)
  1035728    249936 1121009104  0.002  0.001   30.935   18.900    0    0  (Gen:  0)
  1037832    225344 1121102376  0.001  0.001   30.939   18.902    0    0  (Gen:  0)
  1033632    227184 1121238920  0.001  0.000   30.942   18.904    0    0  (Gen:  0)
  1040408    170016 1121289912  0.001  0.000   30.944   18.906    0    0  (Gen:  0)
  1039432    102424 1121343144  0.001  0.000   30.946   18.907    0    0  (Gen:  0)
  1040808    100072 1121399408  0.000  0.000   30.948   18.909    0    0  (Gen:  0)
  1037328     93592 1121446840  0.000  0.000   30.950   18.910    0    0  (Gen:  0)
  1038208     92840 1121500872  0.000  0.000   30.952   18.912    0    0  (Gen:  0)
  1040576     95992 1121552936  0.000  0.000   30.954   18.914    0    0  (Gen:  0)
  1036768    113872 1121617576  0.000  0.000   30.955   18.915    0    0  (Gen:  0)
  1039408    132208 1121708728  0.001  0.000   30.957   18.917    0    0  (Gen:  0)
  1039992    331152 1121971896  0.002  0.001   30.960   18.918    0    0  (Gen:  0)
  1040208    485624 1122242976  0.002  0.001   30.964   18.920    0    0  (Gen:  0)
  1040256    512384 1122539696  0.002  0.001   30.968   18.922    0    0  (Gen:  0)
  1040640    512904 1122833008  0.002  0.001   30.972   18.924    0    0  (Gen:  0)
  1040192    495576 1123106296  0.003  0.001   30.978   18.926    0    0  (Gen:  0)
  1041728    511216 1123392696  0.001  0.001   30.980   18.928    0    0  (Gen:  0)
  1042248    390024 1123682968  0.001  0.001   30.982   18.929    0    0  (Gen:  0)
  1107712    308128 1123903192  0.001  0.000   30.983   18.930    0    0  (Gen:  0)
  1044840     81408 1123810576  0.000  0.000   30.984   18.931    0    0  (Gen:  0)
  1042976    181976 1123963296  0.001  0.000   30.985   18.931    0    0  (Gen:  0)
  1043168    305784 1124187112  0.001  0.000   30.988   18.933    0    0  (Gen:  0)
  1216816    178136 1124299712  0.001  0.000   30.990   18.935    0    0  (Gen:  0)
  1126888     80216 1124312688  0.000  0.000   30.992   18.936    0    0  (Gen:  0)
  1378200    119392 1124383056  0.000  0.000   30.994   18.939    0    0  (Gen:  0)
  2228312    421488 1124966272  0.001  0.000   30.997   18.942    0    0  (Gen:  0)
  1032192    756448 1125310264  0.002  0.001   31.000   18.943    0    0  (Gen:  0)
  1032192    347376 1125654328  0.001  0.000   31.002   18.944    0    0  (Gen:  0)
  1107896     67608 1125787624  0.000  0.000   31.003   18.945    0    0  (Gen:  0)
  1040224     13416 1125787360  0.000  0.000   31.004   18.946    0    0  (Gen:  0)
  1033920     53352 1125839736  0.000  0.000   31.005   18.946    0    0  (Gen:  0)
  1033744    109416 1125897432  0.000  0.000   31.006   18.947    0    0  (Gen:  0)
  1035616    125712 1125960920  0.000  0.000   31.007   18.948    0    0  (Gen:  0)
  1032344    133784 1126026656  0.001  0.000   31.008   18.949    0    0  (Gen:  0)
  1033712    135888 1126088864  0.001  0.000   31.010   18.949    0    0  (Gen:  0)
  1035040    132936 1126151272  0.001  0.000   31.011   18.950    0    0  (Gen:  0)
  1033152    133960 1126216592  0.001  0.000   31.013   18.951    0    0  (Gen:  0)
  1034712    130656 1126276768  0.001  0.000   31.014   18.952    0    0  (Gen:  0)
  1033960    133088 1126342192  0.001  0.000   31.016   18.952    0    0  (Gen:  0)
  1035680    133656 1126406152  0.001  0.000   31.017   18.953    0    0  (Gen:  0)
  1035736    129384 1126467552  0.001  0.000   31.018   18.954    0    0  (Gen:  0)
  1037128    124416 1126523808  0.001  0.000   31.020   18.955    0    0  (Gen:  0)
  1035288    132048 1126593928  0.001  0.000   31.021   18.955    0    0  (Gen:  0)
  1033552    144072 1126663624  0.001  0.000   31.023   18.956    0    0  (Gen:  0)
  1035128    149704 1126737256  0.001  0.000   31.024   18.957    0    0  (Gen:  0)
  1032448    141032 1126800912  0.001  0.002   31.025   18.959    0    0  (Gen:  0)
  1033768    123688 1126856304  0.001  0.000   31.027   18.960    0    0  (Gen:  0)
  1033240    114480 1126910960  0.001  0.000   31.028   18.961    0    0  (Gen:  0)
  1032384    110584 1126961200  0.001  0.000   31.029   18.961    0    0  (Gen:  0)
  1035960    122312 1127025928  0.001  0.000   31.031   18.962    0    0  (Gen:  0)
  1036488    120680 1127075632  0.001  0.000   31.032   18.963    0    0  (Gen:  0)
  1032832    133808 1127152568  0.001  0.000   31.034   18.963    0    0  (Gen:  0)
  1031768    162072 1127232568  0.001  0.000   31.035   18.964    0    0  (Gen:  0)
  1033920    152592 1127299368  0.001  0.000   31.037   18.965    0    0  (Gen:  0)
  1032040    132208 1127359472  0.001  0.000   31.039   18.966    0    0  (Gen:  0)
  1973760    242864 1127637640  0.001  0.000   31.041   18.967    0    0  (Gen:  0)
  1481336     71912 1127535960  0.000  0.000   31.042   18.968    0    0  (Gen:  0)
  1169872     30408 1127552792  0.000  0.000   31.043   18.969    0    0  (Gen:  0)
  1711408     31000 1127560192  0.000  0.000   31.045   18.970    0    0  (Gen:  0)
  2333808     48384 1127589568  0.000  0.000   31.047   18.973    0    0  (Gen:  0)
  1171288     48664 1127608880  0.000  0.000   31.049   18.974    0    0  (Gen:  0)
  3335448     60408 1127683176  0.000  0.000   31.052   18.977    0    0  (Gen:  0)
  2296336    310176 1128041680  0.001  0.000   31.056   18.981    0    0  (Gen:  0)
  1278608    495752 1128322608  0.001  0.000   31.057   18.982    0    0  (Gen:  0)
  1032192    561912 1128666672  0.002  0.001   31.060   18.983    0    0  (Gen:  0)
  1063520    329968 1129029544  0.001  0.000   31.062   18.984    0    0  (Gen:  0)
  1295008     15024 1129072104  0.000  0.000   31.063   18.985    0    0  (Gen:  0)
  1037680     31704 1129090360  0.000  0.000   31.064   18.986    0    0  (Gen:  0)
  1032048     76184 1129148096  0.000  0.000   31.065   18.986    0    0  (Gen:  0)
  1035896    113720 1129204352  0.001  0.000   31.066   18.987    0    0  (Gen:  0)
  1034096    127304 1129270600  0.001  0.000   31.067   18.988    0    0  (Gen:  0)
  1031448    132776 1129332392  0.001  0.000   31.069   18.989    0    0  (Gen:  0)
  1035944    130072 1129393920  0.001  0.000   31.070   18.989    0    0  (Gen:  0)
  1033976    133040 1129461216  0.001  0.000   31.072   18.990    0    0  (Gen:  0)
  1033392    135496 1129525376  0.001  0.000   31.073   18.991    0    0  (Gen:  0)
  1034592    133000 1129587320  0.001  0.000   31.075   18.992    0    0  (Gen:  0)
  1033648    133744 1129653240  0.001  0.000   31.076   18.992    0    0  (Gen:  0)
  1036784    130448 1129711424  0.001  0.000   31.078   18.993    0    0  (Gen:  0)
  1036064    131232 1129777888  0.001  0.000   31.079   18.994    0    0  (Gen:  0)
  1036848    129584 1129836496  0.001  0.000   31.081   18.994    0    0  (Gen:  0)
  1034528    133376 1129905712  0.001  0.000   31.082   18.995    0    0  (Gen:  0)
  1033552    148208 1129979648  0.001  0.000   31.084   18.996    0    0  (Gen:  0)
  1034576    150128 1130049800  0.001  0.000   31.085   18.997    0    0  (Gen:  0)
  1033552    134248 1130108352  0.001  0.000   31.087   18.997    0    0  (Gen:  0)
  1032856    115776 1130160704  0.001  0.000   31.088   18.998    0    0  (Gen:  0)
  1032640    112040 1130212576  0.001  0.000   31.089   18.999    0    0  (Gen:  0)
  1034584    114152 1130270480  0.001  0.000   31.090   18.999    0    0  (Gen:  0)
  1034416    128264 1130336704  0.001  0.000   31.092   19.000    0    0  (Gen:  0)
  1036392    127272 1130390368  0.001  0.000   31.093   19.001    0    0  (Gen:  0)
  1032152    133296 1130465664  0.001  0.000   31.095   19.001    0    0  (Gen:  0)
  1032888    158488 1130542064  0.001  0.000   31.096   19.002    0    0  (Gen:  0)
  1032968    147416 1130607096  0.001  0.000   31.098   19.003    0    0  (Gen:  0)
  2366560    266392 1130872968  0.001  0.000   31.100   19.004    0    0  (Gen:  0)
  2328960    124344 1130765528  0.000  0.000   31.103   19.006    0    0  (Gen:  0)
  3430080     46096 1130756392  0.000  0.000   31.106   19.009    0    0  (Gen:  0)
  1911144     57480 1130820072  0.000  0.000   31.108   19.011    0    0  (Gen:  0)
  1182120     43504 1130837664  0.000  0.000   31.109   19.013    0    0  (Gen:  0)
  2074904     39304 1130900216  0.000  0.000   31.111   19.014    0    0  (Gen:  0)
  3005528    500632 1131551744  0.001  0.000   31.115   19.018    0    0  (Gen:  0)
  1032192    831536 1131895808  0.002  0.001   31.118   19.019    0    0  (Gen:  0)
  1065480    331672 1132260296  0.001  0.000   31.120   19.020    0    0  (Gen:  0)
  1304496     14968 1132302464  0.000  0.000   31.122   19.021    0    0  (Gen:  0)
  1037400     32272 1132321344  0.000  0.000   31.122   19.022    0    0  (Gen:  0)
  1033128     77920 1132380304  0.001  0.000   31.124   19.022    0    0  (Gen:  0)
  1036024    114848 1132436208  0.001  0.000   31.125   19.023    0    0  (Gen:  0)
  1034096    126704 1132501960  0.001  0.000   31.126   19.024    0    0  (Gen:  0)
  1031248    131296 1132563160  0.001  0.000   31.128   19.025    0    0  (Gen:  0)
  1035904    129224 1132624512  0.001  0.000   31.129   19.025    0    0  (Gen:  0)
  1034016    132872 1132691728  0.001  0.000   31.131   19.026    0    0  (Gen:  0)
  1033440    135712 1132756264  0.001  0.000   31.132   19.027    0    0  (Gen:  0)
  1034760    133440 1132818968  0.001  0.000   31.134   19.028    0    0  (Gen:  0)
  1033616    133960 1132884200  0.001  0.000   31.135   19.028    0    0  (Gen:  0)
  1036792    130224 1132942528  0.001  0.000   31.137   19.029    0    0  (Gen:  0)
  1036032    131136 1133008776  0.001  0.000   31.138   19.030    0    0  (Gen:  0)
  1036896    130712 1133068336  0.001  0.000   31.140   19.031    0    0  (Gen:  0)
  1034496    133608 1133136536  0.001  0.000   31.141   19.031    0    0  (Gen:  0)
  1033648    147904 1133210672  0.001  0.000   31.143   19.032    0    0  (Gen:  0)
  1034576    150208 1133280664  0.001  0.000   31.144   19.033    0    0  (Gen:  0)
  1033456    133872 1133338824  0.001  0.000   31.146   19.034    0    0  (Gen:  0)
  1032928    115576 1133391048  0.001  0.000   31.147   19.034    0    0  (Gen:  0)
  1032608    112328 1133443024  0.001  0.000   31.149   19.035    0    0  (Gen:  0)
  1034464    113648 1133500784  0.001  0.000   31.150   19.036    0    0  (Gen:  0)
  1034568    127864 1133566720  0.001  0.000   31.151   19.036    0    0  (Gen:  0)
  1036392    128288 1133621440  0.001  0.000   31.153   19.037    0    0  (Gen:  0)
  1032024    133696 1133695984  0.001  0.000   31.154   19.038    0    0  (Gen:  0)
  1033048    158656 1133773272  0.001  0.000   31.156   19.039    0    0  (Gen:  0)
  1032968    147416 1133837424  0.001  0.000   31.157   19.039    0    0  (Gen:  0)
  1641976    201056 1134039728  0.001  0.000   31.159   19.040    0    0  (Gen:  0)
  1487360    267024 1134173904  0.001  0.000   31.161   19.041    0    0  (Gen:  0)
  2321184     69448 1134245568  0.000  0.000   31.164   19.043    0    0  (Gen:  0)
  2176784     51848 1134275512  0.000  0.000   31.166   19.045    0    0  (Gen:  0)
  1173120     35904 1134285736  0.000  0.000   31.167   19.046    0    0  (Gen:  0)
  1172704     37224 1134305824  0.000  0.000   31.168   19.048    0    0  (Gen:  0)
  2744848     57824 1134384504  0.000  0.000   31.171   19.050    0    0  (Gen:  0)
  3131704    214768 1134610392  0.001  0.000   31.175   19.054    0    0  (Gen:  0)
  1588024    337592 1134907000  0.001  0.000   31.178   19.056    0    0  (Gen:  0)
  1032192    559864 1135251064  0.001  0.001   31.180   19.057    0    0  (Gen:  0)
  1032192    347616 1135595128  0.001  0.000   31.182   19.058    0    0  (Gen:  0)
  1845800    166464 1135827032  0.000  0.000   31.184   19.059    0    0  (Gen:  0)
  1037400     33184 1135845912  0.000  0.000   31.185   19.060    0    0  (Gen:  0)
  1033176     78008 1135900832  0.001  0.000   31.186   19.061    0    0  (Gen:  0)
  1036024    114936 1135956736  0.001  0.000   31.187   19.061    0    0  (Gen:  0)
  1034096    126792 1136022488  0.001  0.000   31.189   19.062    0    0  (Gen:  0)
  1031248    131384 1136083688  0.001  0.000   31.190   19.063    0    0  (Gen:  0)
  1035904    129312 1136145040  0.001  0.000   31.192   19.063    0    0  (Gen:  0)
  1034016    132960 1136212256  0.001  0.000   31.193   19.064    0    0  (Gen:  0)
  1033440    135800 1136276792  0.001  0.000   31.195   19.065    0    0  (Gen:  0)
  1034760    133528 1136339496  0.001  0.000   31.196   19.066    0    0  (Gen:  0)
  1033616    134048 1136404728  0.001  0.000   31.198   19.066    0    0  (Gen:  0)
  1036792    130312 1136463056  0.001  0.000   31.199   19.067    0    0  (Gen:  0)
  1036032    131224 1136529304  0.001  0.000   31.201   19.068    0    0  (Gen:  0)
  1036896    130800 1136588864  0.001  0.000   31.202   19.069    0    0  (Gen:  0)
  1034496    133696 1136657064  0.001  0.000   31.204   19.069    0    0  (Gen:  0)
  1033648    147992 1136731200  0.001  0.000   31.205   19.070    0    0  (Gen:  0)
  1034576    150296 1136801192  0.001  0.000   31.207   19.071    0    0  (Gen:  0)
  1033456    133960 1136859352  0.001  0.000   31.208   19.072    0    0  (Gen:  0)
  1032928    115664 1136911576  0.001  0.000   31.209   19.072    0    0  (Gen:  0)
  1032608    112416 1136963552  0.001  0.000   31.211   19.073    0    0  (Gen:  0)
  1034464    113736 1137021312  0.001  0.000   31.212   19.074    0    0  (Gen:  0)
  1034568    127952 1137087248  0.001  0.000   31.213   19.074    0    0  (Gen:  0)
  1036392    128376 1137141968  0.001  0.000   31.215   19.075    0    0  (Gen:  0)
  1032024    133784 1137216512  0.001  0.000   31.216   19.076    0    0  (Gen:  0)
  1033048    158744 1137293800  0.001  0.000   31.218   19.077    0    0  (Gen:  0)
  1032968    147504 1137357952  0.001  0.000   31.219   19.077    0    0  (Gen:  0)
  1614840    197808 1137556920  0.001  0.000   31.221   19.078    0    0  (Gen:  0)
  3405544    121264 1137515680  0.000  0.000   31.225   19.081    0    0  (Gen:  0)
  1141488     36856 1137531904  0.000  0.000   31.226   19.082    0    0  (Gen:  0)
  1115824     23296 1137502432  0.000  0.000   31.227   19.083    0    0  (Gen:  0)
  2457064     48792 1137567016  0.000  0.000   31.230   19.086    0    0  (Gen:  0)
  2581608     61536 1137608672  0.000  0.000   31.232   19.088    0    0  (Gen:  0)
  3245408    316152 1138036064  0.001  0.000   31.237   19.093    0    0  (Gen:  0)
  1102408    625072 1138437424  0.003  0.001   31.240   19.094    0    0  (Gen:  0)
  1032192    678280 1138781488  0.003  0.001   31.243   19.095    0    0  (Gen:  0)
  2007744    210800 1139057680  0.001  0.000   31.245   19.097    0    0  (Gen:  0)
  1037520     34464 1139077664  0.000  0.000   31.246   19.097    0    0  (Gen:  0)
  1031960     79744 1139137232  0.001  0.000   31.248   19.098    0    0  (Gen:  0)
  1036008    117544 1139195152  0.001  0.000   31.249   19.099    0    0  (Gen:  0)
  1034216    128560 1139261160  0.001  0.000   31.250   19.099    0    0  (Gen:  0)
  1031056    131472 1139322000  0.001  0.000   31.252   19.100    0    0  (Gen:  0)
  1035984    129280 1139383448  0.001  0.000   31.253   19.101    0    0  (Gen:  0)
  1034008    131992 1139449376  0.001  0.000   31.255   19.102    0    0  (Gen:  0)
  1033080    137040 1139515648  0.001  0.000   31.256   19.102    0    0  (Gen:  0)
  1034824    131648 1139576904  0.001  0.000   31.258   19.103    0    0  (Gen:  0)
  1034064    133752 1139643016  0.001  0.000   31.259   19.104    0    0  (Gen:  0)
  1036608    127888 1139700568  0.001  0.000   31.261   19.105    0    0  (Gen:  0)
  1036184    129768 1139765696  0.001  0.000   31.262   19.105    0    0  (Gen:  0)
  1036632    131112 1139826392  0.001  0.000   31.264   19.106    0    0  (Gen:  0)
  1034600    135216 1139894848  0.001  0.000   31.265   19.107    0    0  (Gen:  0)
  1033752    148712 1139969136  0.001  0.000   31.267   19.108    0    0  (Gen:  0)
  1034504    152168 1140040344  0.001  0.000   31.268   19.108    0    0  (Gen:  0)
  1033432    132768 1140095672  0.001  0.000   31.270   19.109    0    0  (Gen:  0)
  1032976    113056 1140149024  0.001  0.000   31.271   19.110    0    0  (Gen:  0)
  1032344    112888 1140200264  0.001  0.000   31.273   19.110    0    0  (Gen:  0)
  1034688    113272 1140257992  0.001  0.000   31.274   19.111    0    0  (Gen:  0)
  1034744    127384 1140323336  0.001  0.000   31.275   19.112    0    0  (Gen:  0)
  1036336    127840 1140380360  0.001  0.000   31.277   19.113    0    0  (Gen:  0)
  1031576    137096 1140455840  0.001  0.000   31.278   19.113    0    0  (Gen:  0)
  1033144    159400 1140533152  0.001  0.000   31.280   19.114    0    0  (Gen:  0)
  1033016    145912 1140595328  0.001  0.000   31.282   19.115    0    0  (Gen:  0)
  2330936    258824 1140828456  0.002  0.000   31.285   19.117    0    0  (Gen:  0)
  3545240    132464 1140765832  0.000  0.000   31.288   19.119    0    0  (Gen:  0)
  2483144     45184 1140775736  0.000  0.000   31.291   19.122    0    0  (Gen:  0)
  2799456     69032 1140829136  0.000  0.000   31.293   19.124    0    0  (Gen:  0)
  1104640     38568 1140836728  0.000  0.000   31.295   19.125    0    0  (Gen:  0)
  3026960    306200 1141270360  0.001  0.000   31.299   19.130    0    0  (Gen:  0)
  1135856    604600 1141652504  0.001  0.000   31.301   19.130    0    0  (Gen:  0)
  1032192    660888 1141996568  0.002  0.001   31.303   19.131    0    0  (Gen:  0)
  2043712    232560 1142294488  0.001  0.000   31.306   19.133    0    0  (Gen:  0)
  1037400     33344 1142313368  0.000  0.000   31.307   19.134    0    0  (Gen:  0)
  1033136     78080 1142372336  0.001  0.000   31.308   19.134    0    0  (Gen:  0)
  1036024    115008 1142428240  0.001  0.000   31.310   19.135    0    0  (Gen:  0)
  1034096    126864 1142493992  0.001  0.000   31.311   19.136    0    0  (Gen:  0)
  1031248    131456 1142555192  0.001  0.000   31.312   19.136    0    0  (Gen:  0)
  1035904    129384 1142616544  0.001  0.000   31.314   19.137    0    0  (Gen:  0)
  1034016    133032 1142683760  0.001  0.000   31.315   19.138    0    0  (Gen:  0)
  1033440    135872 1142748296  0.001  0.000   31.317   19.138    0    0  (Gen:  0)
  1034760    133600 1142811000  0.001  0.000   31.318   19.139    0    0  (Gen:  0)
  1033616    134120 1142876232  0.001  0.000   31.320   19.140    0    0  (Gen:  0)
  1036792    130384 1142934560  0.001  0.000   31.321   19.141    0    0  (Gen:  0)
  1036032    131296 1143000808  0.001  0.000   31.323   19.141    0    0  (Gen:  0)
  1036896    130872 1143060368  0.001  0.000   31.324   19.142    0    0  (Gen:  0)
  1034496    133768 1143128568  0.001  0.000   31.326   19.143    0    0  (Gen:  0)
  1033648    148064 1143202704  0.001  0.000   31.327   19.144    0    0  (Gen:  0)
  1034576    150368 1143272696  0.001  0.000   31.329   19.144    0    0  (Gen:  0)
  1033456    134032 1143330856  0.001  0.000   31.330   19.145    0    0  (Gen:  0)
  1032928    115736 1143383080  0.001  0.000   31.331   19.146    0    0  (Gen:  0)
  1032608    112488 1143435056  0.001  0.000   31.333   19.147    0    0  (Gen:  0)
  1034464    113808 1143492816  0.001  0.000   31.334   19.147    0    0  (Gen:  0)
  1034568    128024 1143558752  0.001  0.000   31.335   19.148    0    0  (Gen:  0)
  1036392    128448 1143613472  0.001  0.000   31.337   19.149    0    0  (Gen:  0)
  1032024    133856 1143688016  0.001  0.000   31.338   19.149    0    0  (Gen:  0)
  1033048    158816 1143765304  0.001  0.000   31.340   19.150    0    0  (Gen:  0)
  1032968    147576 1143829456  0.001  0.000   31.342   19.151    0    0  (Gen:  0)
  2363528    266024 1144096560  0.001  0.000   31.344   19.152    0    0  (Gen:  0)
  3124544    127224 1143990800  0.000  0.000   31.347   19.155    0    0  (Gen:  0)
  2318848     48280 1144111712  0.000  0.000   31.349   19.157    0    0  (Gen:  0)
  2361320     54240 1144137912  0.000  0.000   31.352   19.159    0    0  (Gen:  0)
  1183536     46344 1144157616  0.000  0.000   31.353   19.161    0    0  (Gen:  0)
  1679648     33216 1144178512  0.000  0.000   31.355   19.162    0    0  (Gen:  0)
  3277704    330256 1144706600  0.001  0.000   31.359   19.167    0    0  (Gen:  0)
  1032192    659152 1145050632  0.001  0.001   31.361   19.168    0    0  (Gen:  0)
  1032192    347760 1145394696  0.002  0.000   31.363   19.168    0    0  (Gen:  0)
  1921968    178464 1145638456  0.001  0.000   31.365   19.170    0    0  (Gen:  0)
  1037008     35400 1145659456  0.000  0.000   31.366   19.170    0    0  (Gen:  0)
  1033240     79912 1145714032  0.001  0.000   31.367   19.171    0    0  (Gen:  0)
  1036272    116632 1145770912  0.001  0.000   31.368   19.172    0    0  (Gen:  0)
  1034264    127056 1145836784  0.001  0.000   31.370   19.173    0    0  (Gen:  0)
  1030840    131608 1145897224  0.001  0.000   31.371   19.173    0    0  (Gen:  0)
  1036176    129984 1145959336  0.001  0.000   31.373   19.174    0    0  (Gen:  0)
  1033544    132384 1146024520  0.001  0.000   31.374   19.175    0    0  (Gen:  0)
  1033576    137216 1146091128  0.001  0.000   31.376   19.176    0    0  (Gen:  0)
  1034784    132248 1146152336  0.001  0.000   31.377   19.176    0    0  (Gen:  0)
  1033968    133992 1146218416  0.001  0.000   31.379   19.177    0    0  (Gen:  0)
  1036272    128648 1146276376  0.001  0.000   31.380   19.178    0    0  (Gen:  0)
  1036584    128808 1146340312  0.001  0.000   31.382   19.178    0    0  (Gen:  0)
  1036640    131848 1146403096  0.001  0.000   31.383   19.179    0    0  (Gen:  0)
  1034664    135936 1146470168  0.001  0.000   31.385   19.180    0    0  (Gen:  0)
  1033624    148200 1146545112  0.001  0.000   31.387   19.181    0    0  (Gen:  0)
  1034496    153000 1146616400  0.001  0.000   31.388   19.181    0    0  (Gen:  0)
  1033536    132584 1146671160  0.001  0.000   31.390   19.182    0    0  (Gen:  0)
  1032896    112640 1146724120  0.001  0.000   31.391   19.183    0    0  (Gen:  0)
  1032352    113904 1146776672  0.001  0.000   31.392   19.184    0    0  (Gen:  0)
  1034688    114816 1146834648  0.001  0.000   31.394   19.184    0    0  (Gen:  0)
  1034776    126288 1146898160  0.001  0.000   31.395   19.185    0    0  (Gen:  0)
  1036208    128448 1146957288  0.001  0.000   31.396   19.186    0    0  (Gen:  0)
  1031488    138632 1147032208  0.001  0.000   31.398   19.186    0    0  (Gen:  0)
  1033416    159424 1147109792  0.001  0.000   31.400   19.187    0    0  (Gen:  0)
  1032704    145560 1147171200  0.001  0.000   31.401   19.188    0    0  (Gen:  0)
  2574920    283504 1147457680  0.001  0.000   31.404   19.190    0    0  (Gen:  0)
  2141504    124880 1147329864  0.000  0.000   31.406   19.191    0    0  (Gen:  0)
  1182008     35480 1147337856  0.000  0.000   31.407   19.192    0    0  (Gen:  0)
  1110568     27232 1147345048  0.000  0.000   31.409   19.193    0    0  (Gen:  0)
  2031992     40456 1147365848  0.000  0.000   31.411   19.195    0    0  (Gen:  0)
  1683952     46296 1147391056  0.000  0.000   31.412   19.197    0    0  (Gen:  0)
  3148800    309600 1147820976  0.001  0.000   31.417   19.202    0    0  (Gen:  0)
  1138248    569512 1148168816  0.001  0.000   31.419   19.203    0    0  (Gen:  0)
  1032192    626848 1148512856  0.002  0.001   31.422   19.203    0    0  (Gen:  0)
  1064648    259704 1148805008  0.001  0.000   31.424   19.204    0    0  (Gen:  0)
  1113400     15064 1148845784  0.000  0.000   31.425   19.205    0    0  (Gen:  0)
  1037496     31792 1148869872  0.000  0.000   31.426   19.206    0    0  (Gen:  0)
  1031944     79936 1148925296  0.001  0.000   31.427   19.206    0    0  (Gen:  0)
  1036008    117736 1148983216  0.001  0.000   31.428   19.207    0    0  (Gen:  0)
  1034216    128752 1149049224  0.001  0.000   31.430   19.208    0    0  (Gen:  0)
  1031056    131664 1149110064  0.001  0.000   31.431   19.209    0    0  (Gen:  0)
  1035984    129472 1149171512  0.001  0.000   31.433   19.209    0    0  (Gen:  0)
  1034008    132184 1149237440  0.001  0.000   31.434   19.210    0    0  (Gen:  0)
  1033080    137232 1149303712  0.001  0.000   31.436   19.211    0    0  (Gen:  0)
  1034824    131840 1149364968  0.001  0.000   31.437   19.212    0    0  (Gen:  0)
  1034064    133944 1149431080  0.001  0.000   31.439   19.212    0    0  (Gen:  0)
  1036608    128080 1149488632  0.001  0.000   31.440   19.213    0    0  (Gen:  0)
  1036184    129960 1149553760  0.001  0.000   31.442   19.214    0    0  (Gen:  0)
  1036632    131304 1149614456  0.001  0.000   31.443   19.215    0    0  (Gen:  0)
  1034600    135408 1149682912  0.001  0.000   31.445   19.215    0    0  (Gen:  0)
  1033752    148904 1149757200  0.001  0.000   31.446   19.216    0    0  (Gen:  0)
  1034504    152360 1149828408  0.001  0.000   31.448   19.217    0    0  (Gen:  0)
  1033432    132960 1149883736  0.001  0.000   31.449   19.218    0    0  (Gen:  0)
  1032976    113248 1149937088  0.001  0.000   31.450   19.218    0    0  (Gen:  0)
  1032344    113080 1149988328  0.001  0.000   31.452   19.219    0    0  (Gen:  0)
  1034688    113464 1150046056  0.001  0.000   31.453   19.220    0    0  (Gen:  0)
  1034744    127576 1150111400  0.001  0.000   31.455   19.220    0    0  (Gen:  0)
  1036336    128032 1150168424  0.001  0.000   31.456   19.221    0    0  (Gen:  0)
  1031576    137288 1150243904  0.001  0.000   31.458   19.222    0    0  (Gen:  0)
  1033144    159592 1150321216  0.001  0.000   31.459   19.223    0    0  (Gen:  0)
  1033016    146104 1150383392  0.001  0.000   31.461   19.223    0    0  (Gen:  0)
  2348152    261848 1150619456  0.002  0.000   31.464   19.225    0    0  (Gen:  0)
  2964816    123592 1150540912  0.000  0.000   31.467   19.227    0    0  (Gen:  0)
  1103280     32984 1150547144  0.000  0.000   31.468   19.228    0    0  (Gen:  0)
  2676464     52216 1150586072  0.000  0.000   31.470   19.231    0    0  (Gen:  0)
  1141040     45632 1150601976  0.000  0.000   31.472   19.232    0    0  (Gen:  0)
  2515608     48576 1150634440  0.000  0.000   31.474   19.235    0    0  (Gen:  0)
  3372112    319864 1151076400  0.001  0.000   31.479   19.240    0    0  (Gen:  0)
  1154152    614992 1151467392  0.003  0.001   31.483   19.241    0    0  (Gen:  0)
  1032192    669128 1151811432  0.003  0.001   31.485   19.242    0    0  (Gen:  0)
  2020032    224880 1152105520  0.001  0.000   31.487   19.243    0    0  (Gen:  0)
  1037392     33552 1152124408  0.000  0.000   31.489   19.244    0    0  (Gen:  0)
  1033168     78272 1152179280  0.001  0.000   31.490   19.245    0    0  (Gen:  0)
  1036024    115200 1152235184  0.001  0.000   31.491   19.245    0    0  (Gen:  0)
  1034096    127056 1152300936  0.001  0.000   31.492   19.246    0    0  (Gen:  0)
  1031248    131648 1152362136  0.001  0.000   31.494   19.247    0    0  (Gen:  0)
  1035904    129576 1152423488  0.001  0.000   31.495   19.247    0    0  (Gen:  0)
  1034016    133224 1152490704  0.001  0.000   31.497   19.248    0    0  (Gen:  0)
  1033440    136064 1152555240  0.001  0.000   31.498   19.249    0    0  (Gen:  0)
  1034760    133792 1152617944  0.001  0.000   31.500   19.250    0    0  (Gen:  0)
  1033616    134312 1152683176  0.001  0.000   31.501   19.250    0    0  (Gen:  0)
  1036792    130576 1152741504  0.001  0.000   31.502   19.251    0    0  (Gen:  0)
  1036032    131488 1152807752  0.001  0.000   31.504   19.252    0    0  (Gen:  0)
  1036896    131064 1152867312  0.001  0.000   31.505   19.253    0    0  (Gen:  0)
  1034496    133960 1152935512  0.001  0.000   31.507   19.253    0    0  (Gen:  0)
  1033648    148256 1153009648  0.001  0.000   31.508   19.254    0    0  (Gen:  0)
  1034576    150560 1153079640  0.001  0.000   31.510   19.255    0    0  (Gen:  0)
  1033456    134224 1153137800  0.001  0.000   31.511   19.256    0    0  (Gen:  0)
  1032928    115928 1153190024  0.001  0.000   31.513   19.256    0    0  (Gen:  0)
  1032608    112680 1153242000  0.001  0.000   31.514   19.257    0    0  (Gen:  0)
  1034464    114000 1153299760  0.001  0.000   31.515   19.258    0    0  (Gen:  0)
  1034568    128216 1153365696  0.001  0.000   31.517   19.258    0    0  (Gen:  0)
  1036392    128640 1153420416  0.001  0.000   31.518   19.259    0    0  (Gen:  0)
  1032024    134048 1153494960  0.001  0.000   31.520   19.260    0    0  (Gen:  0)
  1033048    159008 1153572248  0.001  0.000   31.521   19.261    0    0  (Gen:  0)
  1032968    147768 1153636400  0.001  0.000   31.523   19.261    0    0  (Gen:  0)
  1869600    252432 1153856952  0.001  0.000   31.525   19.263    0    0  (Gen:  0)
  1669848    112736 1153749792  0.000  0.000   31.527   19.264    0    0  (Gen:  0)
  1224008     37120 1153795264  0.000  0.000   31.528   19.265    0    0  (Gen:  0)
  2156744     45320 1153822032  0.000  0.000   31.530   19.268    0    0  (Gen:  0)
  2816256     60448 1153859496  0.000  0.000   31.533   19.270    0    0  (Gen:  0)
  1629112     53232 1153885312  0.000  0.000   31.535   19.272    0    0  (Gen:  0)
  1253688     41560 1153873792  0.000  0.000   31.536   19.274    0    0  (Gen:  0)
  3344312    390288 1154485176  0.001  0.000   31.541   19.278    0    0  (Gen:  0)
  1032192    724776 1154829240  0.002  0.001   31.544   19.279    0    0  (Gen:  0)
  1032192    347992 1155173304  0.001  0.000   31.545   19.280    0    0  (Gen:  0)
  1701496    108728 1155351208  0.000  0.000   31.547   19.281    0    0  (Gen:  0)
  1037528     34736 1155371496  0.000  0.000   31.548   19.282    0    0  (Gen:  0)
  1031944     80072 1155426920  0.000  0.000   31.549   19.282    0    0  (Gen:  0)
  1036008    117872 1155484840  0.001  0.000   31.550   19.283    0    0  (Gen:  0)
  1034216    128888 1155550848  0.001  0.000   31.552   19.284    0    0  (Gen:  0)
  1031056    131800 1155611688  0.001  0.000   31.553   19.285    0    0  (Gen:  0)
  1035984    129608 1155673136  0.001  0.000   31.554   19.285    0    0  (Gen:  0)
  1034008    132320 1155739064  0.001  0.000   31.556   19.286    0    0  (Gen:  0)
  1033080    137368 1155805336  0.001  0.000   31.557   19.287    0    0  (Gen:  0)
  1034824    131976 1155866592  0.001  0.000   31.559   19.288    0    0  (Gen:  0)
  1034064    134080 1155932704  0.001  0.000   31.561   19.288    0    0  (Gen:  0)
  1036608    128216 1155990256  0.001  0.000   31.562   19.289    0    0  (Gen:  0)
  1036184    130096 1156055384  0.001  0.000   31.563   19.290    0    0  (Gen:  0)
  1036632    131440 1156116080  0.001  0.000   31.565   19.291    0    0  (Gen:  0)
  1034600    135544 1156184536  0.001  0.000   31.566   19.291    0    0  (Gen:  0)
  1033752    149040 1156258824  0.001  0.000   31.568   19.292    0    0  (Gen:  0)
  1034504    152496 1156330032  0.001  0.000   31.569   19.293    0    0  (Gen:  0)
  1033432    133096 1156385360  0.001  0.000   31.571   19.294    0    0  (Gen:  0)
  1032976    113384 1156438712  0.001  0.000   31.572   19.294    0    0  (Gen:  0)
  1032344    113216 1156489952  0.001  0.000   31.574   19.295    0    0  (Gen:  0)
  1034688    113600 1156547680  0.001  0.000   31.575   19.296    0    0  (Gen:  0)
  1034744    127712 1156613024  0.001  0.000   31.576   19.296    0    0  (Gen:  0)
  1036336    128168 1156670048  0.001  0.000   31.578   19.297    0    0  (Gen:  0)
  1031576    137424 1156745528  0.001  0.000   31.579   19.298    0    0  (Gen:  0)
  1033144    159728 1156822840  0.001  0.000   31.581   19.299    0    0  (Gen:  0)
  1033016    146240 1156885016  0.001  0.000   31.582   19.299    0    0  (Gen:  0)
  1793992    213776 1157101528  0.001  0.000   31.584   19.301    0    0  (Gen:  0)
  1498504    282080 1157232432  0.001  0.000   31.587   19.301    0    0  (Gen:  0)
  2709032     60056 1157294152  0.000  0.000   31.589   19.304    0    0  (Gen:  0)
  1106048     39664 1157304576  0.000  0.000   31.590   19.305    0    0  (Gen:  0)
  3415304     66816 1157365392  0.000  0.000   31.594   19.308    0    0  (Gen:  0)
  2348792     59064 1157392696  0.000  0.000   31.596   19.310    0    0  (Gen:  0)
  3049520    332208 1157910848  0.001  0.000   31.601   19.315    0    0  (Gen:  0)
  1032192    657552 1158254912  0.002  0.001   31.603   19.315    0    0  (Gen:  0)
  1032192    348048 1158598976  0.002  0.000   31.605   19.316    0    0  (Gen:  0)
  1878656    177864 1158841864  0.001  0.000   31.607   19.318    0    0  (Gen:  0)
  1037400     33632 1158860744  0.000  0.000   31.608   19.318    0    0  (Gen:  0)
  1033160     78800 1158916024  0.001  0.000   31.609   19.319    0    0  (Gen:  0)
  1035936    117448 1158973648  0.001  0.000   31.611   19.319    0    0  (Gen:  0)
  1034152    128176 1159039656  0.001  0.000   31.612   19.320    0    0  (Gen:  0)
  1031224    131288 1159099984  0.001  0.000   31.614   19.321    0    0  (Gen:  0)
  1035944    129280 1159161704  0.001  0.000   31.615   19.322    0    0  (Gen:  0)
  1034056    132176 1159227144  0.001  0.000   31.616   19.322    0    0  (Gen:  0)
  1033416    136216 1159293080  0.001  0.000   31.618   19.323    0    0  (Gen:  0)
  1034728    133408 1159355480  0.001  0.000   31.620   19.324    0    0  (Gen:  0)
  1033656    134168 1159420808  0.001  0.000   31.621   19.325    0    0  (Gen:  0)
  1036632    129984 1159478584  0.001  0.000   31.623   19.325    0    0  (Gen:  0)
  1036192    131424 1159545048  0.001  0.000   31.624   19.326    0    0  (Gen:  0)
  1036736    131040 1159604464  0.001  0.000   31.626   19.327    0    0  (Gen:  0)
  1034616    134256 1159672936  0.001  0.000   31.627   19.328    0    0  (Gen:  0)
  1033688    148800 1159747440  0.001  0.000   31.629   19.328    0    0  (Gen:  0)
  1034552    151248 1159817632  0.001  0.000   31.630   19.329    0    0  (Gen:  0)
  1033480    134192 1159875168  0.001  0.000   31.632   19.330    0    0  (Gen:  0)
  1032944    115912 1159927480  0.001  0.000   31.633   19.331    0    0  (Gen:  0)
  1032568    113384 1159979880  0.001  0.000   31.635   19.331    0    0  (Gen:  0)
  1034280    114240 1160037104  0.001  0.000   31.636   19.332    0    0  (Gen:  0)
  1034776    128000 1160102992  0.001  0.000   31.637   19.333    0    0  (Gen:  0)
  1036320    128872 1160158328  0.001  0.000   31.639   19.333    0    0  (Gen:  0)
  1032096    135288 1160233328  0.001  0.000   31.640   19.334    0    0  (Gen:  0)
  1033056    160984 1160311928  0.001  0.000   31.642   19.335    0    0  (Gen:  0)
  1032864    147896 1160374416  0.001  0.000   31.643   19.336    0    0  (Gen:  0)
  2560008    278640 1160626488  0.001  0.000   31.647   19.337    0    0  (Gen:  0)
  2820336    129560 1160546016  0.000  0.000   31.650   19.340    0    0  (Gen:  0)
  3490992     56632 1160571224  0.000  0.000   31.653   19.343    0    0  (Gen:  0)
  1815024     62760 1160635480  0.000  0.000   31.655   19.345    0    0  (Gen:  0)
  2139696     46888 1160663504  0.000  0.000   31.657   19.347    0    0  (Gen:  0)
  3825856    464584 1161319216  0.001  0.000   31.663   19.353    0    0  (Gen:  0)
  1032192    790960 1161663280  0.002  0.001   31.666   19.353    0    0  (Gen:  0)
  1032192    348120 1162007344  0.002  0.000   31.667   19.354    0    0  (Gen:  0)
  1108344     49016 1162121320  0.000  0.000   31.669   19.355    0    0  (Gen:  0)
  1039456     16136 1162123040  0.000  0.000   31.670   19.356    0    0  (Gen:  0)
  1032608     56672 1162171896  0.001  0.000   31.671   19.356    0    0  (Gen:  0)
  1033992    113232 1162231240  0.001  0.000   31.672   19.357    0    0  (Gen:  0)
  1035264    127456 1162294760  0.001  0.000   31.673   19.358    0    0  (Gen:  0)
  1032360    135008 1162360912  0.001  0.000   31.675   19.359    0    0  (Gen:  0)
  1034152    137944 1162423448  0.001  0.000   31.676   19.359    0    0  (Gen:  0)
  1034416    134152 1162485656  0.001  0.000   31.678   19.360    0    0  (Gen:  0)
  1033608    133624 1162549912  0.001  0.000   31.680   19.361    0    0  (Gen:  0)
  1034584    131520 1162610680  0.001  0.000   31.681   19.362    0    0  (Gen:  0)
  1033920    136352 1162677552  0.001  0.000   31.683   19.362    0    0  (Gen:  0)
  1036080    130200 1162736216  0.001  0.000   31.684   19.363    0    0  (Gen:  0)
  1035776    129432 1162801048  0.001  0.000   31.686   19.364    0    0  (Gen:  0)
  1036984    129480 1162858848  0.001  0.000   31.687   19.365    0    0  (Gen:  0)
  1035280    133696 1162927368  0.001  0.000   31.689   19.365    0    0  (Gen:  0)
  1032880    143960 1162996960  0.001  0.000   31.690   19.366    0    0  (Gen:  0)
  1035224    150776 1163070768  0.001  0.000   31.692   19.367    0    0  (Gen:  0)
  1032904    144104 1163135312  0.001  0.000   31.693   19.368    0    0  (Gen:  0)
  1033944    123128 1163188544  0.001  0.000   31.695   19.368    0    0  (Gen:  0)
  1032792    115536 1163244376  0.001  0.000   31.696   19.369    0    0  (Gen:  0)
  1032720    113064 1163294872  0.001  0.000   31.697   19.370    0    0  (Gen:  0)
  1035504    123304 1163358624  0.001  0.000   31.699   19.370    0    0  (Gen:  0)
  1036248    122320 1163410824  0.001  0.000   31.700   19.371    0    0  (Gen:  0)
  1032968    134016 1163484704  0.001  0.000   31.702   19.372    0    0  (Gen:  0)
  1032232    162952 1163567392  0.001  0.000   31.704   19.373    0    0  (Gen:  0)
  1033936    153680 1163631320  0.001  0.000   31.705   19.373    0    0  (Gen:  0)
  1032904    128464 1163691032  0.001  0.000   31.707   19.374    0    0  (Gen:  0)
  1509896    213728 1163906264  0.001  0.000   31.709   19.375    0    0  (Gen:  0)
  3705672     86832 1163790304  0.000  0.000   31.712   19.378    0    0  (Gen:  0)
  3317592     61840 1163855424  0.000  0.000   31.715   19.381    0    0  (Gen:  0)
  1150296     49984 1163872856  0.000  0.000   31.717   19.383    0    0  (Gen:  0)
  1805392     41976 1163896240  0.000  0.000   31.719   19.384    0    0  (Gen:  0)
  2664272    205000 1164152136  0.001  0.000   31.722   19.388    0    0  (Gen:  0)
  2150824    575616 1164683272  0.001  0.000   31.726   19.390    0    0  (Gen:  0)
  1032192    800640 1165027312  0.002  0.001   31.728   19.391    0    0  (Gen:  0)
  1065016    260128 1165319592  0.001  0.000   31.730   19.392    0    0  (Gen:  0)
  1117512     15304 1165364408  0.000  0.000   31.732   19.394    0    0  (Gen:  0)
  1037520     32016 1165384392  0.000  0.000   31.732   19.394    0    0  (Gen:  0)
  1031912     80224 1165443912  0.001  0.000   31.734   19.395    0    0  (Gen:  0)
  1036008    118024 1165501832  0.001  0.000   31.735   19.395    0    0  (Gen:  0)
  1034216    129040 1165567840  0.001  0.000   31.736   19.396    0    0  (Gen:  0)
  1031056    131952 1165628680  0.001  0.000   31.738   19.397    0    0  (Gen:  0)
  1035984    129760 1165690128  0.001  0.000   31.739   19.398    0    0  (Gen:  0)
  1034008    132472 1165756056  0.001  0.000   31.741   19.398    0    0  (Gen:  0)
  1033080    137520 1165822328  0.001  0.000   31.742   19.399    0    0  (Gen:  0)
  1034824    132128 1165883584  0.001  0.000   31.744   19.400    0    0  (Gen:  0)
  1034064    134232 1165949696  0.001  0.000   31.745   19.401    0    0  (Gen:  0)
  1036608    128368 1166007248  0.001  0.000   31.747   19.401    0    0  (Gen:  0)
  1036184    130248 1166072376  0.001  0.000   31.748   19.402    0    0  (Gen:  0)
  1036632    131592 1166133072  0.001  0.000   31.750   19.403    0    0  (Gen:  0)
  1034600    135696 1166201528  0.001  0.000   31.751   19.404    0    0  (Gen:  0)
  1033752    149192 1166275816  0.001  0.000   31.753   19.404    0    0  (Gen:  0)
  1034504    152648 1166347024  0.001  0.000   31.755   19.405    0    0  (Gen:  0)
  1033432    133248 1166402352  0.001  0.000   31.756   19.406    0    0  (Gen:  0)
  1032976    113536 1166455704  0.001  0.000   31.757   19.407    0    0  (Gen:  0)
  1032344    113368 1166506944  0.001  0.000   31.759   19.407    0    0  (Gen:  0)
  1034688    113752 1166564672  0.001  0.000   31.760   19.408    0    0  (Gen:  0)
  1034744    127864 1166630016  0.001  0.000   31.762   19.409    0    0  (Gen:  0)
  1036336    128320 1166687040  0.001  0.000   31.763   19.409    0    0  (Gen:  0)
  1031576    137576 1166762520  0.001  0.000   31.765   19.410    0    0  (Gen:  0)
  1033144    159880 1166839832  0.001  0.000   31.766   19.411    0    0  (Gen:  0)
  1033016    146392 1166902008  0.000  0.000   31.767   19.412    0    0  (Gen:  0)
  1189184    173072 1167044872  0.001  0.000   31.769   19.413    0    0  (Gen:  0)
  1522512    239208 1167209184  0.001  0.000   31.771   19.413    0    0  (Gen:  0)
  1628960     83320 1167259224  0.000  0.000   31.772   19.415    0    0  (Gen:  0)
  3491016     60536 1167302840  0.000  0.000   31.776   19.418    0    0  (Gen:  0)
  2095328     57440 1167329560  0.000  0.000   31.778   19.420    0    0  (Gen:  0)
  3468592     72752 1167414312  0.000  0.000   31.781   19.423    0    0  (Gen:  0)
  3087528    392936 1167961816  0.001  0.000   31.786   19.427    0    0  (Gen:  0)
  1032192    711352 1168305880  0.002  0.001   31.788   19.428    0    0  (Gen:  0)
  1032192    348256 1168649944  0.002  0.000   31.790   19.429    0    0  (Gen:  0)
  1718624    125736 1168840496  0.000  0.000   31.792   19.430    0    0  (Gen:  0)
  1037584     33896 1168859424  0.000  0.000   31.793   19.431    0    0  (Gen:  0)
  1031944     78648 1168914288  0.001  0.000   31.794   19.431    0    0  (Gen:  0)
  1036024    115576 1168970192  0.000  0.000   31.795   19.432    0    0  (Gen:  0)
  1034096    127432 1169035944  0.001  0.000   31.796   19.433    0    0  (Gen:  0)
  1031272    131184 1169100408  0.001  0.000   31.798   19.434    0    0  (Gen:  0)
  1036104    129712 1169162336  0.001  0.000   31.799   19.435    0    0  (Gen:  0)
  1034008    133496 1169229224  0.001  0.000   31.801   19.435    0    0  (Gen:  0)
  1033344    135776 1169293280  0.001  0.000   31.802   19.436    0    0  (Gen:  0)
  1034672    134192 1169355856  0.001  0.000   31.804   19.437    0    0  (Gen:  0)
  1033600    134576 1169421504  0.001  0.000   31.805   19.438    0    0  (Gen:  0)
  1036840    131008 1169479800  0.001  0.000   31.807   19.438    0    0  (Gen:  0)
  1035960    132032 1169546248  0.001  0.000   31.808   19.439    0    0  (Gen:  0)
  1036904    131168 1169605576  0.001  0.000   31.810   19.440    0    0  (Gen:  0)
  1034552    134328 1169674040  0.001  0.000   31.812   19.441    0    0  (Gen:  0)
  1033584    148432 1169748080  0.001  0.000   31.813   19.441    0    0  (Gen:  0)
  1034576    151272 1169818480  0.001  0.000   31.815   19.442    0    0  (Gen:  0)
  1033512    134736 1169876512  0.001  0.000   31.816   19.443    0    0  (Gen:  0)
  1032880    116064 1169928376  0.001  0.000   31.818   19.444    0    0  (Gen:  0)
  1032648    112704 1169980440  0.001  0.000   31.819   19.444    0    0  (Gen:  0)
  1034472    114864 1170038568  0.001  0.000   31.820   19.445    0    0  (Gen:  0)
  1034528    128816 1170104480  0.001  0.000   31.822   19.446    0    0  (Gen:  0)
  1036408    129288 1170159352  0.001  0.000   31.823   19.446    0    0  (Gen:  0)
  1032144    134648 1170234064  0.001  0.000   31.825   19.447    0    0  (Gen:  0)
  1032896    158488 1170310232  0.001  0.000   31.826   19.448    0    0  (Gen:  0)
  1032968    148296 1170375456  0.001  0.000   31.828   19.449    0    0  (Gen:  0)
  2357424    265376 1170639816  0.001  0.000   31.830   19.450    0    0  (Gen:  0)
  1577408    117272 1170554912  0.000  0.000   31.832   19.451    0    0  (Gen:  0)
  2172176     34952 1170574624  0.000  0.000   31.834   19.453    0    0  (Gen:  0)
  3074416     54328 1170601864  0.000  0.000   31.837   19.456    0    0  (Gen:  0)
  2333328     64560 1170642144  0.000  0.000   31.840   19.459    0    0  (Gen:  0)
  3290520    216800 1170901280  0.001  0.000   31.844   19.462    0    0  (Gen:  0)
  2234448    596704 1171457808  0.002  0.000   31.848   19.465    0    0  (Gen:  0)
  1032192    818056 1171801872  0.003  0.001   31.851   19.466    0    0  (Gen:  0)
  2096536    250696 1172117352  0.001  0.000   31.853   19.468    0    0  (Gen:  0)
  1037400     33792 1172136232  0.000  0.000   31.854   19.468    0    0  (Gen:  0)
  1033152     78672 1172195216  0.001  0.000   31.855   19.469    0    0  (Gen:  0)
  1036024    115600 1172251120  0.001  0.000   31.856   19.469    0    0  (Gen:  0)
  1034096    127456 1172316872  0.001  0.000   31.858   19.470    0    0  (Gen:  0)
  1031248    132048 1172378072  0.001  0.000   31.859   19.471    0    0  (Gen:  0)
  1035904    129976 1172439424  0.001  0.000   31.861   19.472    0    0  (Gen:  0)
  1034016    133624 1172506640  0.001  0.000   31.862   19.472    0    0  (Gen:  0)
  1033440    136464 1172571176  0.001  0.000   31.864   19.473    0    0  (Gen:  0)
  1034760    134192 1172633880  0.001  0.000   31.865   19.474    0    0  (Gen:  0)
  1033616    134712 1172699112  0.001  0.000   31.867   19.475    0    0  (Gen:  0)
  1036792    130976 1172757440  0.001  0.000   31.868   19.475    0    0  (Gen:  0)
  1036032    131888 1172823688  0.001  0.000   31.869   19.476    0    0  (Gen:  0)
  1036896    131464 1172883248  0.001  0.000   31.871   19.477    0    0  (Gen:  0)
  1034496    134360 1172951448  0.001  0.000   31.872   19.478    0    0  (Gen:  0)
  1033648    148656 1173025584  0.001  0.000   31.874   19.478    0    0  (Gen:  0)
  1034576    150960 1173095576  0.001  0.000   31.876   19.479    0    0  (Gen:  0)
  1033456    134624 1173153736  0.001  0.000   31.877   19.480    0    0  (Gen:  0)
  1032928    116328 1173205960  0.001  0.000   31.878   19.481    0    0  (Gen:  0)
  1032608    113080 1173257936  0.001  0.000   31.880   19.481    0    0  (Gen:  0)
  1034464    114400 1173315696  0.001  0.000   31.881   19.482    0    0  (Gen:  0)
  1034568    128616 1173381632  0.001  0.000   31.883   19.483    0    0  (Gen:  0)
  1036392    129040 1173436352  0.001  0.000   31.884   19.483    0    0  (Gen:  0)
  1032024    134448 1173510896  0.001  0.000   31.886   19.484    0    0  (Gen:  0)
  1033048    159408 1173588184  0.001  0.000   31.887   19.485    0    0  (Gen:  0)
  1032968    148168 1173652336  0.001  0.000   31.889   19.486    0    0  (Gen:  0)
  1778264    219792 1173872624  0.001  0.000   31.891   19.487    0    0  (Gen:  0)
  1484400    286464 1174004024  0.001  0.000   31.893   19.488    0    0  (Gen:  0)
  1369864     37312 1174036456  0.000  0.000   31.895   19.489    0    0  (Gen:  0)
  3557280     64456 1174086304  0.000  0.000   31.898   19.492    0    0  (Gen:  0)
  1854200     54432 1174112824  0.000  0.000   31.900   19.494    0    0  (Gen:  0)
  1281096     47296 1174141680  0.000  0.000   31.901   19.495    0    0  (Gen:  0)
  3669208    576880 1174908168  0.002  0.000   31.907   19.500    0    0  (Gen:  0)
  1032192    911592 1175252232  0.003  0.001   31.909   19.501    0    0  (Gen:  0)
  1067032    260816 1175544960  0.001  0.000   31.911   19.502    0    0  (Gen:  0)
  1076408     15448 1175584408  0.000  0.000   31.912   19.503    0    0  (Gen:  0)
  1037648     29512 1175606976  0.000  0.000   31.913   19.503    0    0  (Gen:  0)
  1031864     77368 1175660824  0.001  0.000   31.914   19.504    0    0  (Gen:  0)
  1036080    115216 1175717392  0.001  0.000   31.916   19.505    0    0  (Gen:  0)
  1034056    127576 1175783160  0.001  0.000   31.917   19.505    0    0  (Gen:  0)
  1031240    132360 1175844336  0.001  0.000   31.919   19.506    0    0  (Gen:  0)
  1036104    130640 1175906264  0.001  0.000   31.920   19.507    0    0  (Gen:  0)
  1034008    133664 1175973152  0.001  0.000   31.922   19.508    0    0  (Gen:  0)
  1033344    135944 1176037208  0.001  0.000   31.923   19.508    0    0  (Gen:  0)
  1034672    134360 1176099784  0.001  0.000   31.925   19.509    0    0  (Gen:  0)
  1033600    134744 1176165432  0.001  0.000   31.926   19.510    0    0  (Gen:  0)
  1036840    131176 1176223728  0.001  0.000   31.928   19.511    0    0  (Gen:  0)
  1035960    132200 1176290176  0.001  0.000   31.929   19.511    0    0  (Gen:  0)
  1036904    131336 1176349504  0.001  0.000   31.931   19.512    0    0  (Gen:  0)
  1034552    134496 1176417968  0.001  0.000   31.932   19.513    0    0  (Gen:  0)
  1033584    148600 1176492008  0.001  0.000   31.934   19.514    0    0  (Gen:  0)
  1034576    151440 1176562408  0.001  0.000   31.935   19.514    0    0  (Gen:  0)
  1033512    134904 1176620440  0.001  0.000   31.937   19.515    0    0  (Gen:  0)
  1032880    116232 1176672304  0.001  0.000   31.938   19.516    0    0  (Gen:  0)
  1032648    112872 1176724368  0.001  0.000   31.939   19.517    0    0  (Gen:  0)
  1034472    115032 1176782496  0.001  0.000   31.941   19.517    0    0  (Gen:  0)
  1034528    128984 1176848408  0.001  0.000   31.942   19.518    0    0  (Gen:  0)
  1036408    129456 1176903280  0.001  0.000   31.944   19.519    0    0  (Gen:  0)
  1032144    134816 1176977992  0.001  0.000   31.945   19.520    0    0  (Gen:  0)
  1032896    158656 1177054160  0.001  0.000   31.947   19.520    0    0  (Gen:  0)
  1032968    148464 1177119384  0.001  0.000   31.948   19.521    0    0  (Gen:  0)
  1957760    235672 1177353896  0.001  0.000   31.951   19.522    0    0  (Gen:  0)
  2107600    122000 1177274104  0.000  0.000   31.953   19.524    0    0  (Gen:  0)
  1321200     35272 1177286960  0.000  0.000   31.954   19.525    0    0  (Gen:  0)
  3194944     46992 1177342072  0.000  0.000   31.957   19.528    0    0  (Gen:  0)
  1441288     52608 1177366024  0.000  0.000   31.959   19.529    0    0  (Gen:  0)
  2165976     53320 1177400016  0.000  0.000   31.961   19.531    0    0  (Gen:  0)
  2989792    315000 1177863864  0.001  0.000   31.965   19.536    0    0  (Gen:  0)
  1595016    599080 1178241712  0.002  0.000   31.968   19.537    0    0  (Gen:  0)
  1032192    662360 1178585776  0.002  0.001   31.971   19.538    0    0  (Gen:  0)
  1104064    243824 1178894144  0.001  0.000   31.973   19.539    0    0  (Gen:  0)
  1040280     15184 1178895104  0.000  0.000   31.974   19.540    0    0  (Gen:  0)
  1037088     29408 1178917760  0.000  0.000   31.974   19.541    0    0  (Gen:  0)
  1027888     83112 1178977200  0.001  0.000   31.976   19.541    0    0  (Gen:  0)
  1035984    117568 1179034368  0.001  0.000   31.977   19.542    0    0  (Gen:  0)
  1034320    128968 1179100232  0.001  0.000   31.978   19.543    0    0  (Gen:  0)
  1030856    131512 1179159992  0.001  0.000   31.980   19.543    0    0  (Gen:  0)
  1036064    130344 1179222336  0.001  0.000   31.981   19.544    0    0  (Gen:  0)
  1033704    134088 1179288352  0.001  0.000   31.983   19.545    0    0  (Gen:  0)
  1033488    139528 1179355544  0.001  0.000   31.984   19.546    0    0  (Gen:  0)
  1035032    133312 1179415896  0.001  0.000   31.986   19.546    0    0  (Gen:  0)
  1033768    133808 1179482240  0.001  0.000   31.987   19.547    0    0  (Gen:  0)
  1036360    129920 1179540040  0.001  0.000   31.989   19.548    0    0  (Gen:  0)
  1036632    128592 1179602888  0.001  0.000   31.990   19.549    0    0  (Gen:  0)
  1036424    133032 1179666456  0.001  0.000   31.992   19.549    0    0  (Gen:  0)
  1034760    137920 1179733968  0.001  0.000   31.993   19.550    0    0  (Gen:  0)
  1033624    149288 1179808352  0.001  0.000   31.995   19.551    0    0  (Gen:  0)
  1034320    153592 1179879592  0.001  0.000   31.997   19.552    0    0  (Gen:  0)
  1033496    135120 1179935728  0.001  0.000   31.998   19.552    0    0  (Gen:  0)
  1033208    114256 1179988552  0.001  0.000   31.999   19.553    0    0  (Gen:  0)
  1032328    112208 1180039704  0.001  0.000   32.001   19.554    0    0  (Gen:  0)
  1034720    115440 1180098464  0.001  0.000   32.002   19.554    0    0  (Gen:  0)
  1034880    126848 1180161128  0.001  0.000   32.003   19.555    0    0  (Gen:  0)
  1036192    129768 1180221480  0.001  0.000   32.005   19.556    0    0  (Gen:  0)
  1031104    140944 1180296744  0.001  0.000   32.006   19.557    0    0  (Gen:  0)
  1033720    159960 1180373296  0.001  0.000   32.008   19.557    0    0  (Gen:  0)
  1032736    145984 1180435144  0.001  0.000   32.010   19.558    0    0  (Gen:  0)
  2298240    259960 1180700592  0.001  0.000   32.012   19.559    0    0  (Gen:  0)
  2284704    120032 1180591328  0.000  0.000   32.015   19.561    0    0  (Gen:  0)
  1116328     28240 1180562712  0.000  0.000   32.016   19.562    0    0  (Gen:  0)
  1174904     27536 1180610464  0.000  0.000   32.017   19.563    0    0  (Gen:  0)
  1119880     25576 1180583984  0.000  0.000   32.018   19.565    0    0  (Gen:  0)
  2051112     45448 1180643592  0.000  0.000   32.020   19.567    0    0  (Gen:  0)
  1263664     44768 1180664448  0.000  0.000   32.022   19.568    0    0  (Gen:  0)
  1514696     36752 1180719720  0.000  0.000   32.023   19.570    0    0  (Gen:  0)
  2376064    280216 1180991408  0.000  0.000   32.027   19.574    0    0  (Gen:  0)
  1559104    497016 1181387832  0.001  0.000   32.029   19.576    0    0  (Gen:  0)
  1032192    637264 1181731896  0.002  0.001   32.032   19.577    0    0  (Gen:  0)
  1065112    341072 1182104720  0.002  0.000   32.034   19.578    0    0  (Gen:  0)
  1352720     15960 1182145008  0.000  0.000   32.036   19.579    0    0  (Gen:  0)
  1037240     34440 1182169160  0.000  0.000   32.036   19.579    0    0  (Gen:  0)
  1033304     80688 1182224584  0.001  0.000   32.037   19.580    0    0  (Gen:  0)
  1036008    118488 1182282504  0.001  0.000   32.039   19.581    0    0  (Gen:  0)
  1034216    129504 1182348512  0.001  0.000   32.040   19.581    0    0  (Gen:  0)
  1031056    132416 1182409352  0.001  0.000   32.042   19.582    0    0  (Gen:  0)
  1035984    130224 1182470800  0.001  0.000   32.043   19.583    0    0  (Gen:  0)
  1034008    132936 1182536728  0.001  0.000   32.045   19.584    0    0  (Gen:  0)
  1033080    137984 1182603000  0.001  0.000   32.046   19.584    0    0  (Gen:  0)
  1034824    132592 1182664256  0.001  0.000   32.048   19.585    0    0  (Gen:  0)
  1034064    134696 1182730368  0.001  0.000   32.049   19.586    0    0  (Gen:  0)
  1036608    128832 1182787920  0.001  0.000   32.051   19.587    0    0  (Gen:  0)
  1036184    130712 1182853048  0.001  0.000   32.052   19.587    0    0  (Gen:  0)
  1036632    132056 1182913744  0.001  0.000   32.054   19.588    0    0  (Gen:  0)
  1034600    136160 1182982200  0.001  0.000   32.055   19.589    0    0  (Gen:  0)
  1033752    149656 1183056488  0.001  0.000   32.057   19.590    0    0  (Gen:  0)
  1034504    153112 1183127696  0.001  0.000   32.058   19.590    0    0  (Gen:  0)
  1033432    133712 1183183024  0.001  0.000   32.060   19.591    0    0  (Gen:  0)
  1032976    114000 1183236376  0.001  0.000   32.061   19.592    0    0  (Gen:  0)
  1032344    113832 1183287616  0.001  0.000   32.063   19.592    0    0  (Gen:  0)
  1034688    114216 1183345344  0.001  0.000   32.064   19.593    0    0  (Gen:  0)
  1034744    128328 1183410688  0.001  0.000   32.065   19.594    0    0  (Gen:  0)
  1036336    128784 1183467712  0.001  0.000   32.067   19.594    0    0  (Gen:  0)
  1031576    138040 1183543192  0.001  0.000   32.068   19.595    0    0  (Gen:  0)
  1033144    160344 1183620504  0.001  0.000   32.070   19.596    0    0  (Gen:  0)
  1033016    146856 1183682680  0.001  0.000   32.071   19.597    0    0  (Gen:  0)
  1179808    171920 1183823920  0.001  0.000   32.073   19.598    0    0  (Gen:  0)
  1452512    237912 1183951048  0.001  0.000   32.075   19.598    0    0  (Gen:  0)
  3190872    105632 1184062112  0.000  0.000   32.078   19.601    0    0  (Gen:  0)
  3212224     70440 1184115600  0.000  0.000   32.082   19.605    0    0  (Gen:  0)
  1713888     53400 1184134512  0.000  0.000   32.084   19.607    0    0  (Gen:  0)
  3033512     58776 1184181304  0.000  0.000   32.086   19.609    0    0  (Gen:  0)
  2299784    317944 1184572776  0.001  0.000   32.091   19.613    0    0  (Gen:  0)
  1102464    623760 1184970688  0.001  0.000   32.093   19.614    0    0  (Gen:  0)
  1032192    676168 1185314752  0.003  0.001   32.096   19.615    0    0  (Gen:  0)
  1985616    215136 1185594296  0.001  0.000   32.098   19.617    0    0  (Gen:  0)
  1037584     34256 1185613224  0.000  0.000   32.099   19.617    0    0  (Gen:  0)
  1031944     79064 1185668088  0.001  0.000   32.100   19.618    0    0  (Gen:  0)
  1036024    115992 1185723992  0.001  0.000   32.101   19.619    0    0  (Gen:  0)
  1034096    127848 1185789744  0.001  0.000   32.103   19.619    0    0  (Gen:  0)
  1031248    132440 1185850944  0.001  0.000   32.104   19.620    0    0  (Gen:  0)
  1035904    130368 1185912296  0.001  0.000   32.106   19.621    0    0  (Gen:  0)
  1034016    134016 1185979512  0.001  0.000   32.107   19.622    0    0  (Gen:  0)
  1033440    136856 1186044048  0.001  0.000   32.109   19.622    0    0  (Gen:  0)
  1034760    134584 1186106752  0.001  0.000   32.110   19.623    0    0  (Gen:  0)
  1033616    135104 1186171984  0.001  0.000   32.111   19.624    0    0  (Gen:  0)
  1036792    131368 1186230312  0.001  0.000   32.113   19.625    0    0  (Gen:  0)
  1036032    132280 1186296560  0.001  0.000   32.114   19.625    0    0  (Gen:  0)
  1036896    131856 1186356120  0.001  0.000   32.116   19.626    0    0  (Gen:  0)
  1034496    134752 1186424320  0.001  0.000   32.118   19.627    0    0  (Gen:  0)
  1033648    149048 1186498456  0.001  0.000   32.119   19.628    0    0  (Gen:  0)
  1034576    151352 1186568448  0.001  0.000   32.121   19.628    0    0  (Gen:  0)
  1033456    135016 1186626608  0.001  0.000   32.122   19.629    0    0  (Gen:  0)
  1032928    116720 1186678832  0.001  0.000   32.123   19.630    0    0  (Gen:  0)
  1032608    113472 1186730808  0.001  0.000   32.125   19.630    0    0  (Gen:  0)
  1034464    114792 1186788568  0.001  0.000   32.126   19.631    0    0  (Gen:  0)
  1034568    129008 1186854504  0.001  0.000   32.128   19.632    0    0  (Gen:  0)
  1036392    129432 1186909224  0.001  0.000   32.129   19.633    0    0  (Gen:  0)
  1032024    134840 1186983768  0.001  0.000   32.130   19.633    0    0  (Gen:  0)
  1033048    159800 1187061056  0.001  0.000   32.132   19.634    0    0  (Gen:  0)
  1032968    148560 1187125208  0.001  0.000   32.133   19.635    0    0  (Gen:  0)
  2364320    265480 1187394896  0.002  0.000   32.137   19.636    0    0  (Gen:  0)
  2403176    126344 1187288784  0.000  0.000   32.139   19.638    0    0  (Gen:  0)
  3471488     48376 1187312304  0.000  0.000   32.142   19.642    0    0  (Gen:  0)
  3279632     78728 1187362744  0.000  0.000   32.146   19.645    0    0  (Gen:  0)
  1407288     47264 1187378336  0.000  0.000   32.147   19.647    0    0  (Gen:  0)
  4244328    470208 1188042984  0.001  0.000   32.153   19.652    0    0  (Gen:  0)
  1032192    797024 1188387048  0.002  0.001   32.156   19.653    0    0  (Gen:  0)
  1032192    348752 1188731112  0.002  0.000   32.158   19.654    0    0  (Gen:  0)
  1108928     49880 1188845328  0.000  0.000   32.159   19.655    0    0  (Gen:  0)
  1039456     16880 1188847048  0.000  0.000   32.160   19.655    0    0  (Gen:  0)
  1032608     57328 1188900032  0.000  0.000   32.161   19.656    0    0  (Gen:  0)
  1033992    112864 1188958352  0.001  0.000   32.162   19.657    0    0  (Gen:  0)
  1035280    126584 1189021368  0.001  0.000   32.164   19.657    0    0  (Gen:  0)
  1032384    134792 1189087088  0.001  0.000   32.165   19.658    0    0  (Gen:  0)
  1034104    138056 1189149976  0.001  0.000   32.167   19.659    0    0  (Gen:  0)
  1034440    134880 1189212112  0.001  0.000   32.168   19.660    0    0  (Gen:  0)
  1033592    134456 1189276728  0.001  0.000   32.169   19.660    0    0  (Gen:  0)
  1034584    131848 1189337152  0.001  0.000   32.171   19.661    0    0  (Gen:  0)
  1033904    136808 1189404264  0.001  0.000   32.172   19.662    0    0  (Gen:  0)
  1036080    132400 1189463840  0.001  0.000   32.174   19.663    0    0  (Gen:  0)
  1035784    130128 1189528240  0.001  0.000   32.175   19.663    0    0  (Gen:  0)
  1037056    130344 1189586000  0.001  0.000   32.176   19.664    0    0  (Gen:  0)
  1035224    134128 1189654440  0.001  0.000   32.178   19.665    0    0  (Gen:  0)
  1032856    143848 1189723536  0.001  0.000   32.179   19.666    0    0  (Gen:  0)
  1035296    151608 1189798072  0.001  0.000   32.181   19.666    0    0  (Gen:  0)
  1032872    144632 1189862184  0.001  0.000   32.182   19.667    0    0  (Gen:  0)
  1033920    124000 1189915984  0.001  0.000   32.183   19.668    0    0  (Gen:  0)
  1032776    115704 1189971328  0.001  0.000   32.184   19.668    0    0  (Gen:  0)
  1032744    113432 1190022064  0.001  0.000   32.186   19.669    0    0  (Gen:  0)
  1035648    124208 1190086112  0.001  0.000   32.187   19.670    0    0  (Gen:  0)
  1036080    122768 1190137848  0.001  0.000   32.188   19.671    0    0  (Gen:  0)
  1033288    134264 1190211616  0.001  0.000   32.190   19.671    0    0  (Gen:  0)
  1031928    163624 1190294624  0.001  0.000   32.191   19.672    0    0  (Gen:  0)
  1034056    154664 1190358680  0.001  0.000   32.193   19.673    0    0  (Gen:  0)
  1031120    127200 1190416488  0.001  0.000   32.194   19.674    0    0  (Gen:  0)
  1798920    231176 1190617560  0.001  0.000   32.197   19.675    0    0  (Gen:  0)
  2198568     77096 1190536656  0.000  0.000   32.199   19.676    0    0  (Gen:  0)
  3360248     46000 1190567808  0.000  0.000   32.202   19.679    0    0  (Gen:  0)
  1254560     49232 1190583032  0.000  0.000   32.203   19.681    0    0  (Gen:  0)
  2296840     55552 1190654152  0.000  0.000   32.206   19.683    0    0  (Gen:  0)
  2330888     54560 1190655744  0.000  0.000   32.208   19.685    0    0  (Gen:  0)
  2766064    453864 1191354672  0.001  0.000   32.212   19.689    0    0  (Gen:  0)
  1032192    778160 1191698736  0.002  0.001   32.215   19.690    0    0  (Gen:  0)
  1032192    348864 1192042800  0.002  0.000   32.217   19.690    0    0  (Gen:  0)
  1554656     61168 1192168184  0.000  0.000   32.218   19.692    0    0  (Gen:  0)
  1037200     35584 1192188256  0.000  0.000   32.219   19.692    0    0  (Gen:  0)
  1033360     80928 1192247776  0.001  0.000   32.220   19.693    0    0  (Gen:  0)
  1036008    118728 1192305696  0.001  0.000   32.222   19.694    0    0  (Gen:  0)
  1034216    129744 1192371704  0.001  0.000   32.223   19.694    0    0  (Gen:  0)
  1031056    132656 1192432544  0.001  0.000   32.225   19.695    0    0  (Gen:  0)
  1035984    130464 1192493992  0.001  0.000   32.226   19.696    0    0  (Gen:  0)
  1034008    133176 1192559920  0.001  0.000   32.228   19.697    0    0  (Gen:  0)
  1033080    138224 1192626192  0.001  0.000   32.229   19.697    0    0  (Gen:  0)
  1034824    132832 1192687448  0.001  0.000   32.231   19.698    0    0  (Gen:  0)
  1034064    134936 1192753560  0.001  0.000   32.232   19.699    0    0  (Gen:  0)
  1036608    129072 1192811112  0.001  0.000   32.234   19.700    0    0  (Gen:  0)
  1036184    130952 1192876240  0.001  0.000   32.235   19.700    0    0  (Gen:  0)
  1036632    132296 1192936936  0.001  0.000   32.237   19.701    0    0  (Gen:  0)
  1034600    136400 1193005392  0.001  0.000   32.238   19.702    0    0  (Gen:  0)
  1033752    149896 1193079680  0.001  0.000   32.240   19.703    0    0  (Gen:  0)
  1034504    153352 1193150888  0.001  0.000   32.241   19.703    0    0  (Gen:  0)
  1033432    133952 1193206216  0.001  0.000   32.243   19.704    0    0  (Gen:  0)
  1032976    114240 1193259568  0.001  0.000   32.244   19.705    0    0  (Gen:  0)
  1032344    114072 1193310808  0.001  0.000   32.246   19.705    0    0  (Gen:  0)
  1034688    114456 1193368536  0.001  0.000   32.247   19.706    0    0  (Gen:  0)
  1034744    128568 1193433880  0.001  0.000   32.248   19.707    0    0  (Gen:  0)
  1036336    129024 1193490904  0.001  0.000   32.250   19.708    0    0  (Gen:  0)
  1031576    138280 1193566384  0.001  0.000   32.251   19.708    0    0  (Gen:  0)
  1033144    160584 1193643696  0.001  0.000   32.253   19.709    0    0  (Gen:  0)
  1033016    147096 1193705872  0.001  0.000   32.254   19.710    0    0  (Gen:  0)
  1238440    176064 1193851024  0.001  0.000   32.256   19.711    0    0  (Gen:  0)
  2585760    121928 1193854176  0.000  0.000   32.259   19.712    0    0  (Gen:  0)
  1599920     37408 1193865840  0.000  0.000   32.260   19.714    0    0  (Gen:  0)
  3527472     57424 1193908504  0.000  0.000   32.264   19.717    0    0  (Gen:  0)
  1733576     56224 1193925864  0.000  0.000   32.265   19.719    0    0  (Gen:  0)
  2819848    310568 1194326304  0.001  0.000   32.270   19.723    0    0  (Gen:  0)
  1262792    504120 1194640976  0.001  0.000   32.272   19.724    0    0  (Gen:  0)
  1032192    567320 1194985040  0.002  0.001   32.274   19.725    0    0  (Gen:  0)
  1066040    330272 1195346744  0.002  0.000   32.276   19.726    0    0  (Gen:  0)
  1288464     16360 1195386528  0.000  0.000   32.278   19.727    0    0  (Gen:  0)
  1037400     32872 1195405408  0.000  0.000   32.278   19.727    0    0  (Gen:  0)
  1033160     79696 1195460688  0.001  0.000   32.280   19.728    0    0  (Gen:  0)
  1036040    116200 1195520272  0.001  0.000   32.281   19.729    0    0  (Gen:  0)
  1034096    127680 1195586024  0.001  0.000   32.283   19.729    0    0  (Gen:  0)
  1031248    132696 1195647224  0.001  0.000   32.284   19.730    0    0  (Gen:  0)
  1035904    130624 1195708576  0.001  0.000   32.285   19.731    0    0  (Gen:  0)
  1034016    134272 1195775792  0.001  0.000   32.287   19.732    0    0  (Gen:  0)
  1033440    137112 1195840328  0.001  0.000   32.288   19.732    0    0  (Gen:  0)
  1034760    134840 1195903032  0.001  0.000   32.290   19.733    0    0  (Gen:  0)
  1033616    135360 1195968264  0.001  0.000   32.292   19.734    0    0  (Gen:  0)
  1036792    131624 1196026592  0.001  0.000   32.293   19.735    0    0  (Gen:  0)
  1036032    132536 1196092840  0.001  0.000   32.294   19.735    0    0  (Gen:  0)
  1036896    132112 1196152400  0.001  0.000   32.296   19.736    0    0  (Gen:  0)
  1034496    135008 1196220600  0.001  0.000   32.298   19.737    0    0  (Gen:  0)
  1033648    149304 1196294736  0.001  0.000   32.299   19.738    0    0  (Gen:  0)
  1034576    151608 1196364728  0.001  0.000   32.301   19.738    0    0  (Gen:  0)
  1033456    135272 1196422888  0.001  0.000   32.302   19.739    0    0  (Gen:  0)
  1032928    116976 1196475112  0.001  0.000   32.304   19.740    0    0  (Gen:  0)
  1032608    113728 1196527088  0.001  0.000   32.305   19.740    0    0  (Gen:  0)
  1034464    115048 1196584848  0.001  0.000   32.306   19.741    0    0  (Gen:  0)
  1034568    129264 1196650784  0.001  0.000   32.308   19.742    0    0  (Gen:  0)
  1036392    129688 1196705504  0.001  0.000   32.309   19.742    0    0  (Gen:  0)
  1032024    135096 1196780048  0.001  0.000   32.310   19.743    0    0  (Gen:  0)
  1033048    160056 1196857336  0.001  0.000   32.312   19.744    0    0  (Gen:  0)
  1032968    148816 1196921488  0.001  0.000   32.313   19.745    0    0  (Gen:  0)
  2361680    266976 1197188304  0.001  0.000   32.316   19.746    0    0  (Gen:  0)
  2392344    127592 1197081824  0.000  0.000   32.318   19.748    0    0  (Gen:  0)
  2142856     43256 1197132928  0.000  0.000   32.320   19.750    0    0  (Gen:  0)
  1102384     35024 1197137168  0.000  0.000   32.322   19.751    0    0  (Gen:  0)
  2747392     57160 1197176440  0.000  0.000   32.324   19.754    0    0  (Gen:  0)
  2065480     55992 1197206928  0.000  0.000   32.326   19.756    0    0  (Gen:  0)
  2822144    323032 1197612488  0.001  0.000   32.331   19.760    0    0  (Gen:  0)
  1573928    613648 1198030312  0.002  0.000   32.334   19.761    0    0  (Gen:  0)
  1032192    673968 1198374352  0.003  0.001   32.337   19.762    0    0  (Gen:  0)
  2075664    231000 1198669384  0.001  0.000   32.339   19.764    0    0  (Gen:  0)
  1037024     36192 1198693960  0.000  0.000   32.340   19.764    0    0  (Gen:  0)
  1033248     81752 1198749608  0.001  0.000   32.341   19.765    0    0  (Gen:  0)
  1036248    117320 1198805392  0.001  0.000   32.342   19.766    0    0  (Gen:  0)
  1034264    128848 1198871864  0.001  0.000   32.344   19.766    0    0  (Gen:  0)
  1030888    132584 1198931960  0.001  0.000   32.345   19.767    0    0  (Gen:  0)
  1036152    130848 1198994032  0.001  0.000   32.347   19.768    0    0  (Gen:  0)
  1033688    133872 1199059968  0.001  0.000   32.348   19.769    0    0  (Gen:  0)
  1033416    138816 1199126384  0.001  0.000   32.350   19.769    0    0  (Gen:  0)
  1034824    133440 1199187680  0.001  0.000   32.351   19.770    0    0  (Gen:  0)
  1033936    135168 1199253632  0.001  0.000   32.353   19.771    0    0  (Gen:  0)
  1036472    129392 1199311176  0.001  0.000   32.355   19.772    0    0  (Gen:  0)
  1036384    130424 1199375648  0.001  0.000   32.356   19.772    0    0  (Gen:  0)
  1036656    133216 1199437792  0.001  0.000   32.358   19.773    0    0  (Gen:  0)
  1034656    137152 1199505456  0.001  0.000   32.359   19.774    0    0  (Gen:  0)
  1033600    149400 1199579872  0.001  0.000   32.361   19.775    0    0  (Gen:  0)
  1034528    154200 1199651568  0.001  0.000   32.362   19.775    0    0  (Gen:  0)
  1033544    133296 1199705904  0.001  0.000   32.364   19.776    0    0  (Gen:  0)
  1032888    114352 1199759856  0.001  0.000   32.365   19.777    0    0  (Gen:  0)
  1032328    115144 1199811584  0.001  0.000   32.366   19.778    0    0  (Gen:  0)
  1034800    115272 1199869176  0.001  0.000   32.368   19.778    0    0  (Gen:  0)
  1034672    127856 1199933544  0.001  0.000   32.369   19.779    0    0  (Gen:  0)
  1036424    129904 1199992168  0.001  0.000   32.371   19.780    0    0  (Gen:  0)
  1031488    139576 1200067248  0.001  0.000   32.372   19.780    0    0  (Gen:  0)
  1033192    160704 1200144576  0.001  0.000   32.374   19.781    0    0  (Gen:  0)
  1032736    146672 1200206024  0.001  0.000   32.375   19.782    0    0  (Gen:  0)
  2334584    263736 1200475872  0.001  0.000   32.378   19.783    0    0  (Gen:  0)
  2395456    126232 1200369032  0.000  0.000   32.380   19.785    0    0  (Gen:  0)
  1181480     37056 1200376960  0.000  0.000   32.382   19.786    0    0  (Gen:  0)
  1110720     28280 1200384440  0.000  0.000   32.383   19.787    0    0  (Gen:  0)
  1184056     28264 1200391968  0.000  0.000   32.384   19.788    0    0  (Gen:  0)
  1497792     42056 1200415288  0.000  0.000   32.386   19.790    0    0  (Gen:  0)
  2406920     55512 1200459104  0.000  0.000   32.388   19.793    0    0  (Gen:  0)
  2219624     52080 1200483272  0.000  0.000   32.391   19.794    0    0  (Gen:  0)
  3108880    493584 1201198896  0.001  0.000   32.396   19.800    0    0  (Gen:  0)
  1032192    823952 1201542976  0.002  0.001   32.398   19.801    0    0  (Gen:  0)
  1032192    349128 1201887040  0.002  0.000   32.400   19.801    0    0  (Gen:  0)
  1392664     17960 1201968952  0.000  0.000   32.402   19.803    0    0  (Gen:  0)
  1037584     34744 1201987880  0.000  0.000   32.403   19.803    0    0  (Gen:  0)
  1031936     78048 1202045352  0.001  0.000   32.404   19.804    0    0  (Gen:  0)
  1036080    115688 1202101920  0.001  0.000   32.405   19.804    0    0  (Gen:  0)
  1034056    128280 1202167688  0.001  0.000   32.407   19.805    0    0  (Gen:  0)
  1031240    133064 1202228864  0.001  0.000   32.408   19.806    0    0  (Gen:  0)
  1036104    131344 1202290792  0.001  0.000   32.409   19.807    0    0  (Gen:  0)
  1034008    134368 1202357680  0.001  0.000   32.411   19.807    0    0  (Gen:  0)
  1033344    136648 1202421736  0.001  0.000   32.412   19.808    0    0  (Gen:  0)
  1034672    135064 1202484312  0.001  0.000   32.414   19.809    0    0  (Gen:  0)
  1033600    135448 1202549960  0.001  0.000   32.416   19.810    0    0  (Gen:  0)
  1036840    131880 1202608256  0.001  0.000   32.417   19.810    0    0  (Gen:  0)
  1035960    132904 1202674704  0.001  0.000   32.419   19.811    0    0  (Gen:  0)
  1036904    132040 1202734032  0.001  0.000   32.420   19.812    0    0  (Gen:  0)
  1034552    135200 1202802496  0.001  0.000   32.422   19.813    0    0  (Gen:  0)
  1033584    149304 1202876536  0.001  0.000   32.423   19.813    0    0  (Gen:  0)
  1034576    152144 1202946936  0.001  0.000   32.425   19.814    0    0  (Gen:  0)
  1033512    135608 1203004968  0.001  0.000   32.426   19.815    0    0  (Gen:  0)
  1032880    116936 1203056832  0.001  0.000   32.428   19.816    0    0  (Gen:  0)
  1032648    113576 1203108896  0.001  0.000   32.429   19.816    0    0  (Gen:  0)
  1034472    115736 1203167024  0.001  0.000   32.430   19.817    0    0  (Gen:  0)
  1034528    129688 1203232936  0.001  0.000   32.432   19.818    0    0  (Gen:  0)
  1036408    130160 1203287808  0.001  0.000   32.433   19.818    0    0  (Gen:  0)
  1032144    135520 1203362520  0.001  0.000   32.435   19.819    0    0  (Gen:  0)
  1032896    159360 1203438688  0.001  0.000   32.436   19.820    0    0  (Gen:  0)
  1032968    149168 1203503912  0.001  0.000   32.438   19.821    0    0  (Gen:  0)
  1174440    175192 1203611680  0.001  0.000   32.440   19.822    0    0  (Gen:  0)
  2704840    125976 1203655720  0.000  0.000   32.442   19.823    0    0  (Gen:  0)
  2228952     40016 1203667480  0.000  0.000   32.444   19.825    0    0  (Gen:  0)
  2478944     47720 1203690720  0.000  0.000   32.447   19.828    0    0  (Gen:  0)
  1454104     48864 1203718768  0.000  0.000   32.448   19.829    0    0  (Gen:  0)
  2561448    181584 1203881000  0.000  0.000   32.451   19.832    0    0  (Gen:  0)
  2509248    598928 1204528208  0.001  0.000   32.455   19.836    0    0  (Gen:  0)
  1032192    857240 1204872272  0.001  0.001   32.457   19.837    0    0  (Gen:  0)
  2087736    248736 1205184840  0.001  0.000   32.459   19.839    0    0  (Gen:  0)
  1037400     34832 1205203720  0.000  0.000   32.460   19.839    0    0  (Gen:  0)
  1033184     79600 1205262736  0.001  0.000   32.461   19.840    0    0  (Gen:  0)
  1036024    116528 1205318640  0.001  0.000   32.463   19.841    0    0  (Gen:  0)
  1034096    128384 1205384392  0.001  0.000   32.464   19.841    0    0  (Gen:  0)
  1031248    132976 1205445592  0.001  0.000   32.466   19.842    0    0  (Gen:  0)
  1035904    130904 1205506944  0.001  0.000   32.467   19.843    0    0  (Gen:  0)
  1034016    134552 1205574160  0.001  0.000   32.468   19.844    0    0  (Gen:  0)
  1033440    137392 1205638696  0.001  0.000   32.470   19.844    0    0  (Gen:  0)
  1034760    135120 1205701400  0.001  0.000   32.471   19.845    0    0  (Gen:  0)
  1033616    135640 1205766632  0.001  0.000   32.473   19.846    0    0  (Gen:  0)
  1036792    131904 1205824960  0.001  0.000   32.475   19.847    0    0  (Gen:  0)
  1036032    132816 1205891208  0.001  0.000   32.476   19.847    0    0  (Gen:  0)
  1036896    132392 1205950768  0.001  0.000   32.477   19.848    0    0  (Gen:  0)
  1034496    135288 1206018968  0.001  0.000   32.479   19.849    0    0  (Gen:  0)
  1033648    149584 1206093104  0.001  0.000   32.480   19.850    0    0  (Gen:  0)
  1034576    151888 1206163096  0.001  0.000   32.482   19.850    0    0  (Gen:  0)
  1033456    135552 1206221256  0.001  0.000   32.483   19.851    0    0  (Gen:  0)
  1032928    117256 1206273480  0.001  0.000   32.485   19.852    0    0  (Gen:  0)
  1032608    114008 1206325456  0.001  0.000   32.486   19.852    0    0  (Gen:  0)
  1034464    115328 1206383216  0.001  0.000   32.487   19.853    0    0  (Gen:  0)
  1034568    129544 1206449152  0.001  0.000   32.489   19.854    0    0  (Gen:  0)
  1036392    129968 1206503872  0.001  0.000   32.490   19.855    0    0  (Gen:  0)
  1032024    135376 1206578416  0.001  0.000   32.492   19.855    0    0  (Gen:  0)
  1033048    160336 1206655704  0.001  0.000   32.493   19.856    0    0  (Gen:  0)
  1032968    149096 1206719856  0.001  0.000   32.495   19.857    0    0  (Gen:  0)
  2352984    265320 1206984728  0.001  0.000   32.498   19.858    0    0  (Gen:  0)
  3026864    131408 1206883560  0.000  0.000   32.500   19.860    0    0  (Gen:  0)
  2249176     49256 1206901920  0.000  0.000   32.503   19.863    0    0  (Gen:  0)
  1173600     37832 1206908368  0.000  0.000   32.504   19.864    0    0  (Gen:  0)
  1913008     47640 1206940992  0.000  0.000   32.506   19.866    0    0  (Gen:  0)
  3848872    434560 1207568840  0.001  0.000   32.511   19.871    0    0  (Gen:  0)
  1032192    761472 1207912904  0.002  0.001   32.514   19.872    0    0  (Gen:  0)
  1032192    349304 1208256968  0.002  0.000   32.516   19.872    0    0  (Gen:  0)
  1108136     81248 1208402000  0.000  0.000   32.517   19.873    0    0  (Gen:  0)
  1039760     16160 1208402472  0.000  0.000   32.518   19.874    0    0  (Gen:  0)
  1032912     53336 1208448080  0.000  0.000   32.519   19.875    0    0  (Gen:  0)
  1033440    109480 1208505856  0.001  0.000   32.520   19.875    0    0  (Gen:  0)
  1035728    127024 1208568688  0.001  0.000   32.522   19.876    0    0  (Gen:  0)
  1032808    133880 1208633608  0.001  0.000   32.523   19.877    0    0  (Gen:  0)
  1033096    136712 1208695728  0.001  0.000   32.525   19.878    0    0  (Gen:  0)
  1035288    134776 1208758120  0.001  0.000   32.526   19.878    0    0  (Gen:  0)
  1033504    135888 1208822976  0.001  0.000   32.528   19.879    0    0  (Gen:  0)
  1034624    134344 1208885696  0.001  0.000   32.529   19.880    0    0  (Gen:  0)
  1033624    136136 1208949888  0.001  0.000   32.531   19.881    0    0  (Gen:  0)
  1035512    139144 1209015808  0.001  0.000   32.532   19.881    0    0  (Gen:  0)
  1035760    130760 1209074232  0.001  0.000   32.534   19.882    0    0  (Gen:  0)
  1037072    123744 1209130856  0.001  0.000   32.535   19.883    0    0  (Gen:  0)
  1035480    135072 1209201544  0.001  0.000   32.537   19.884    0    0  (Gen:  0)
  1033368    145224 1209270136  0.001  0.000   32.538   19.884    0    0  (Gen:  0)
  1035488    150200 1209343704  0.001  0.000   32.540   19.885    0    0  (Gen:  0)
  1032480    145688 1209408808  0.001  0.000   32.542   19.886    0    0  (Gen:  0)
  1033360    126104 1209463744  0.001  0.000   32.543   19.887    0    0  (Gen:  0)
  1033776    118560 1209517296  0.001  0.000   32.545   19.887    0    0  (Gen:  0)
  1032056    113688 1209568768  0.001  0.000   32.546   19.888    0    0  (Gen:  0)
  1035776    125544 1209633352  0.001  0.000   32.547   19.889    0    0  (Gen:  0)
  1036480    121736 1209682336  0.001  0.000   32.549   19.889    0    0  (Gen:  0)
  1033376    134008 1209759192  0.001  0.000   32.550   19.890    0    0  (Gen:  0)
  1031336    163448 1209839112  0.001  0.000   32.552   19.891    0    0  (Gen:  0)
  1034184    154544 1209907008  0.001  0.000   32.553   19.892    0    0  (Gen:  0)
  1031224    139192 1209971368  0.001  0.000   32.555   19.892    0    0  (Gen:  0)
  1579688    207952 1210212512  0.001  0.000   32.557   19.893    0    0  (Gen:  0)
  1895000     80768 1210221816  0.000  0.000   32.559   19.895    0    0  (Gen:  0)
  2239216     39960 1210267560  0.000  0.000   32.561   19.897    0    0  (Gen:  0)
  1106592     35656 1210277328  0.000  0.000   32.563   19.898    0    0  (Gen:  0)
  1220376     27688 1210283368  0.000  0.000   32.564   19.899    0    0  (Gen:  0)
  1307872     42088 1210310432  0.000  0.000   32.566   19.901    0    0  (Gen:  0)
  1775752     46760 1210339120  0.000  0.000   32.567   19.903    0    0  (Gen:  0)
  2786384     49656 1210400760  0.000  0.000   32.570   19.905    0    0  (Gen:  0)
  1840552    310008 1210787240  0.001  0.000   32.575   19.909    0    0  (Gen:  0)
  1149608    569448 1211134696  0.001  0.000   32.576   19.910    0    0  (Gen:  0)
  1032192    630136 1211478760  0.002  0.001   32.579   19.911    0    0  (Gen:  0)
  1065248    261424 1211771128  0.001  0.000   32.581   19.912    0    0  (Gen:  0)
  1105008     16376 1211811688  0.000  0.000   32.582   19.913    0    0  (Gen:  0)
  1034936     32952 1211835656  0.000  0.000   32.583   19.914    0    0  (Gen:  0)
  1032536     80072 1211889912  0.001  0.000   32.584   19.914    0    0  (Gen:  0)
  1036144    118064 1211946968  0.001  0.000   32.586   19.915    0    0  (Gen:  0)
  1035360    130016 1212013216  0.001  0.000   32.587   19.916    0    0  (Gen:  0)
  1031808    132904 1212073992  0.001  0.000   32.589   19.916    0    0  (Gen:  0)
  1035952    131200 1212135712  0.001  0.000   32.590   19.917    0    0  (Gen:  0)
  1034080    134512 1212201936  0.001  0.000   32.592   19.918    0    0  (Gen:  0)
  1033128    139256 1212268368  0.001  0.000   32.593   19.919    0    0  (Gen:  0)
  1034752    133072 1212329256  0.001  0.000   32.595   19.919    0    0  (Gen:  0)
  1034024    135032 1212395248  0.001  0.000   32.596   19.920    0    0  (Gen:  0)
  1036616    130152 1212453256  0.001  0.000   32.598   19.921    0    0  (Gen:  0)
  1036168    132216 1212518608  0.001  0.000   32.599   19.922    0    0  (Gen:  0)
  1036744    132888 1212579056  0.001  0.000   32.601   19.922    0    0  (Gen:  0)
  1034512    136688 1212647592  0.001  0.000   32.602   19.923    0    0  (Gen:  0)
  1033744    150840 1212722176  0.001  0.000   32.604   19.924    0    0  (Gen:  0)
  1034576    153600 1212793200  0.001  0.000   32.605   19.925    0    0  (Gen:  0)
  1033432    134296 1212848736  0.001  0.000   32.607   19.925    0    0  (Gen:  0)
  1032968    115328 1212902336  0.001  0.000   32.608   19.926    0    0  (Gen:  0)
  1032288    114584 1212953400  0.001  0.000   32.610   19.927    0    0  (Gen:  0)
  1034648    114576 1213010976  0.001  0.000   32.611   19.927    0    0  (Gen:  0)
  1034744    129256 1213076728  0.001  0.000   32.612   19.928    0    0  (Gen:  0)
  1036384    129424 1213133408  0.001  0.000   32.614   19.929    0    0  (Gen:  0)
  1031696    138200 1213208736  0.001  0.000   32.615   19.930    0    0  (Gen:  0)
  1033136    161976 1213286488  0.001  0.000   32.617   19.930    0    0  (Gen:  0)
  1032928    148128 1213348832  0.001  0.000   32.618   19.931    0    0  (Gen:  0)
  2353832    263824 1213585160  0.002  0.000   32.622   19.933    0    0  (Gen:  0)
  2397224    127192 1213512352  0.000  0.000   32.624   19.935    0    0  (Gen:  0)
  1182368     37064 1213520328  0.000  0.000   32.625   19.936    0    0  (Gen:  0)
  1109896     28800 1213527520  0.000  0.000   32.627   19.937    0    0  (Gen:  0)
  2700056     49800 1213559728  0.000  0.000   32.629   19.940    0    0  (Gen:  0)
  2384864     63680 1213629856  0.000  0.000   32.632   19.942    0    0  (Gen:  0)
  2660664    474728 1214251312  0.001  0.000   32.636   19.946    0    0  (Gen:  0)
  1032192    798504 1214595376  0.002  0.001   32.639   19.947    0    0  (Gen:  0)
  1032192    349480 1214939440  0.001  0.000   32.641   19.947    0    0  (Gen:  0)
  1432312     32464 1215035512  0.000  0.000   32.642   19.949    0    0  (Gen:  0)
  1036888     34680 1215054200  0.000  0.000   32.643   19.949    0    0  (Gen:  0)
  1031992     78216 1215111880  0.001  0.000   32.644   19.950    0    0  (Gen:  0)
  1035896    115752 1215168136  0.001  0.000   32.645   19.950    0    0  (Gen:  0)
  1034096    129336 1215234384  0.001  0.000   32.647   19.951    0    0  (Gen:  0)
  1031448    134808 1215296176  0.001  0.000   32.648   19.952    0    0  (Gen:  0)
  1035944    132104 1215357704  0.001  0.000   32.650   19.953    0    0  (Gen:  0)
  1033976    135072 1215425000  0.001  0.000   32.651   19.953    0    0  (Gen:  0)
  1033392    137528 1215489160  0.001  0.000   32.653   19.954    0    0  (Gen:  0)
  1034592    135032 1215551104  0.001  0.000   32.654   19.955    0    0  (Gen:  0)
  1033648    135776 1215617024  0.001  0.000   32.656   19.956    0    0  (Gen:  0)
  1036784    132480 1215675208  0.001  0.000   32.657   19.956    0    0  (Gen:  0)
  1036064    133264 1215741672  0.001  0.000   32.659   19.957    0    0  (Gen:  0)
  1036848    131616 1215800280  0.001  0.000   32.660   19.958    0    0  (Gen:  0)
  1034528    135408 1215869496  0.001  0.000   32.662   19.959    0    0  (Gen:  0)
  1033552    150240 1215943432  0.001  0.000   32.663   19.959    0    0  (Gen:  0)
  1034576    152160 1216013584  0.001  0.000   32.665   19.960    0    0  (Gen:  0)
  1033552    136280 1216072136  0.000  0.000   32.666   19.961    0    0  (Gen:  0)
  1032856    117808 1216124488  0.000  0.000   32.667   19.962    0    0  (Gen:  0)
  1032640    114072 1216176360  0.000  0.000   32.667   19.963    0    0  (Gen:  0)
  1034584    116184 1216234264  0.000  0.000   32.668   19.963    0    0  (Gen:  0)
  1034416    130296 1216300488  0.001  0.000   32.670   19.964    0    0  (Gen:  0)
  1036392    129304 1216354152  0.001  0.000   32.671   19.965    0    0  (Gen:  0)
  1032152    135328 1216429448  0.001  0.000   32.672   19.965    0    0  (Gen:  0)
  1032888    160520 1216505848  0.001  0.000   32.674   19.966    0    0  (Gen:  0)
  1032968    149448 1216570880  0.001  0.000   32.675   19.967    0    0  (Gen:  0)
  1187240    174928 1216677728  0.001  0.000   32.677   19.968    0    0  (Gen:  0)
  1526024    237592 1216837992  0.001  0.000   32.680   19.969    0    0  (Gen:  0)
  2291808     94720 1216931416  0.000  0.000   32.682   19.971    0    0  (Gen:  0)
  3404144     64096 1217014152  0.000  0.000   32.685   19.974    0    0  (Gen:  0)
  2719496     73544 1217061616  0.000  0.000   32.688   19.977    0    0  (Gen:  0)
  1740016     47032 1217081376  0.000  0.000   32.690   19.978    0    0  (Gen:  0)
  4208288    338016 1217538296  0.001  0.000   32.696   19.985    0    0  (Gen:  0)
  1102672    638560 1217935784  0.001  0.000   32.698   19.986    0    0  (Gen:  0)
  1032192    676920 1218279848  0.002  0.001   32.700   19.987    0    0  (Gen:  0)
  2019256    216456 1218559816  0.001  0.000   32.703   19.988    0    0  (Gen:  0)
  1037480     36296 1218583888  0.000  0.000   32.704   19.989    0    0  (Gen:  0)
  1031944     81624 1218639312  0.001  0.000   32.706   19.990    0    0  (Gen:  0)
  1036008    119424 1218697232  0.001  0.000   32.707   19.990    0    0  (Gen:  0)
  1034216    130440 1218763240  0.001  0.000   32.708   19.991    0    0  (Gen:  0)
  1031056    133352 1218824080  0.001  0.000   32.710   19.992    0    0  (Gen:  0)
  1035984    131160 1218885528  0.001  0.000   32.711   19.993    0    0  (Gen:  0)
  1034008    133872 1218951456  0.001  0.000   32.713   19.993    0    0  (Gen:  0)
  1033080    138920 1219017728  0.001  0.000   32.714   19.994    0    0  (Gen:  0)
  1034824    133528 1219078984  0.001  0.000   32.716   19.995    0    0  (Gen:  0)
  1034064    135632 1219145096  0.001  0.000   32.717   19.996    0    0  (Gen:  0)
  1036608    129768 1219202648  0.001  0.000   32.719   19.996    0    0  (Gen:  0)
  1036184    131648 1219267776  0.001  0.000   32.720   19.997    0    0  (Gen:  0)
  1036632    132992 1219328472  0.001  0.000   32.721   19.998    0    0  (Gen:  0)
  1034600    137096 1219396928  0.001  0.000   32.723   19.999    0    0  (Gen:  0)
  1033752    150592 1219471216  0.001  0.000   32.724   19.999    0    0  (Gen:  0)
  1034504    154048 1219542424  0.001  0.000   32.725   20.000    0    0  (Gen:  0)
  1033432    134648 1219597752  0.001  0.000   32.726   20.001    0    0  (Gen:  0)
  1032976    114936 1219651104  0.000  0.000   32.727   20.002    0    0  (Gen:  0)
  1032344    114768 1219702344  0.000  0.000   32.728   20.002    0    0  (Gen:  0)
  1034688    115152 1219760072  0.000  0.000   32.729   20.003    0    0  (Gen:  0)
  1034744    129264 1219825416  0.001  0.000   32.730   20.004    0    0  (Gen:  0)
  1036336    129720 1219882440  0.000  0.000   32.731   20.005    0    0  (Gen:  0)
  1031576    138976 1219957920  0.000  0.000   32.732   20.006    0    0  (Gen:  0)
  1033144    161280 1220035232  0.001  0.000   32.733   20.007    0    0  (Gen:  0)
  1033016    147792 1220097408  0.001  0.000   32.734   20.008    0    0  (Gen:  0)
  1184040    174000 1220239800  0.001  0.000   32.736   20.009    0    0  (Gen:  0)
  2692704    124248 1220251248  0.000  0.000   32.738   20.010    0    0  (Gen:  0)
  2205080     40552 1220264248  0.000  0.000   32.741   20.012    0    0  (Gen:  0)
  1107040     35184 1220274392  0.000  0.000   32.742   20.013    0    0  (Gen:  0)
  2534056     50968 1220315504  0.000  0.000   32.745   20.016    0    0  (Gen:  0)
  1772056     57112 1220340224  0.000  0.000   32.746   20.018    0    0  (Gen:  0)
  2134240     51288 1220333744  0.000  0.000   32.749   20.020    0    0  (Gen:  0)
  1858776     51000 1220431488  0.000  0.000   32.750   20.021    0    0  (Gen:  0)
  2541336    505288 1221082688  0.001  0.000   32.754   20.025    0    0  (Gen:  0)
  1032192    831760 1221426752  0.002  0.001   32.757   20.026    0    0  (Gen:  0)
  1065496    332856 1221790368  0.001  0.000   32.759   20.027    0    0  (Gen:  0)
  1071872     17064 1221832760  0.000  0.000   32.760   20.028    0    0  (Gen:  0)
  1039192     22656 1221839912  0.000  0.000   32.761   20.028    0    0  (Gen:  0)
  1032000     66480 1221895400  0.000  0.000   32.762   20.029    0    0  (Gen:  0)
  1035272    120096 1221955296  0.001  0.000   32.764   20.030    0    0  (Gen:  0)
  1034552    127432 1222016128  0.001  0.000   32.765   20.030    0    0  (Gen:  0)
  1031472    136928 1222085824  0.001  0.000   32.766   20.031    0    0  (Gen:  0)
  1035872    134584 1222144552  0.001  0.000   32.768   20.032    0    0  (Gen:  0)
  1033888    136504 1222210752  0.001  0.000   32.769   20.033    0    0  (Gen:  0)
  1033240    138696 1222273992  0.001  0.000   32.770   20.033    0    0  (Gen:  0)
  1034360    135024 1222337456  0.001  0.000   32.772   20.034    0    0  (Gen:  0)
  1034608    139168 1222403136  0.001  0.000   32.773   20.035    0    0  (Gen:  0)
  1035720    129536 1222459120  0.000  0.000   32.774   20.036    0    0  (Gen:  0)
  1036192    131688 1222526240  0.000  0.000   32.775   20.037    0    0  (Gen:  0)
  1036424    134936 1222585264  0.001  0.000   32.776   20.037    0    0  (Gen:  0)
  1035496    135664 1222653464  0.001  0.000   32.777   20.038    0    0  (Gen:  0)
  1033424    147832 1222725472  0.001  0.000   32.779   20.039    0    0  (Gen:  0)
  1034224    151512 1222797584  0.001  0.000   32.780   20.040    0    0  (Gen:  0)
  1033144    143680 1222861080  0.001  0.000   32.782   20.040    0    0  (Gen:  0)
  1033208    122576 1222912512  0.001  0.000   32.783   20.041    0    0  (Gen:  0)
  1033208    116944 1222968672  0.001  0.000   32.785   20.042    0    0  (Gen:  0)
  1068728    116464 1223053136  0.000  0.000   32.903   20.083    0    0  (Gen:  0)
  1035056    124488 1223117296  0.001  0.000   32.904   20.084    0    0  (Gen:  0)
  1036056    126256 1223170384  0.000  0.000   32.905   20.085    0    0  (Gen:  0)
  1033088    131576 1223242144  0.001  0.000   32.906   20.086    0    0  (Gen:  0)
  1032560    162232 1223323920  0.001  0.000   32.907   20.086    0    0  (Gen:  0)
  1033752    152312 1223387864  0.001  0.000   32.908   20.087    0    0  (Gen:  0)
  1033568    131920 1223448176  0.001  0.000   32.910   20.088    0    0  (Gen:  0)
  1550944    218432 1223667448  0.001  0.000   32.911   20.089    0    0  (Gen:  0)
  3142976     80776 1223563520  0.000  0.000   32.914   20.092    0    0  (Gen:  0)
  2167208     48440 1223582480  0.000  0.000   32.917   20.094    0    0  (Gen:  0)
  1183032     38376 1223588784  0.000  0.000   32.918   20.095    0    0  (Gen:  0)
  1967424     48856 1223654576  0.000  0.000   32.920   20.097    0    0  (Gen:  0)
  2581848    315496 1224057272  0.001  0.000   32.925   20.101    0    0  (Gen:  0)
  1140488    556328 1224388152  0.002  0.001   32.928   20.102    0    0  (Gen:  0)
  1032192    611792 1224732192  0.002  0.001   32.930   20.103    0    0  (Gen:  0)
  1065744    278752 1225041624  0.001  0.000   32.932   20.104    0    0  (Gen:  0)
  1074200     17088 1225082704  0.000  0.000   32.933   20.105    0    0  (Gen:  0)
  1038064     28464 1225097112  0.000  0.000   32.934   20.106    0    0  (Gen:  0)
  1033264     75096 1225155600  0.001  0.000   32.935   20.106    0    0  (Gen:  0)
  1035536    118360 1225213480  0.001  0.000   32.937   20.107    0    0  (Gen:  0)
  1034496    129024 1225277256  0.001  0.000   32.938   20.108    0    0  (Gen:  0)
  1031272    133080 1225339600  0.001  0.000   32.940   20.109    0    0  (Gen:  0)
  1036232    131896 1225400248  0.001  0.000   32.941   20.109    0    0  (Gen:  0)
  1033488    134352 1225467440  0.001  0.000   32.943   20.110    0    0  (Gen:  0)
  1033288    139640 1225532312  0.001  0.000   32.944   20.111    0    0  (Gen:  0)
  1034760    137112 1225595376  0.001  0.000   32.946   20.112    0    0  (Gen:  0)
  1034176    135504 1225660568  0.001  0.000   32.948   20.113    0    0  (Gen:  0)
  1036360    129680 1225716784  0.001  0.000   32.949   20.113    0    0  (Gen:  0)
  1035936    133312 1225785216  0.001  0.000   32.951   20.114    0    0  (Gen:  0)
  1036608    134336 1225844224  0.001  0.000   32.952   20.115    0    0  (Gen:  0)
  1034848    133880 1225911480  0.001  0.000   32.954   20.116    0    0  (Gen:  0)
  1033592    148808 1225986536  0.001  0.000   32.955   20.116    0    0  (Gen:  0)
  1034248    155336 1226057944  0.001  0.000   32.957   20.117    0    0  (Gen:  0)
  1033840    134112 1226114192  0.001  0.000   32.958   20.118    0    0  (Gen:  0)
  1032720    116952 1226168256  0.001  0.000   32.959   20.119    0    0  (Gen:  0)
  1032856    116464 1226220112  0.001  0.000   32.961   20.119    0    0  (Gen:  0)
  1034472    116960 1226276664  0.001  0.000   32.962   20.120    0    0  (Gen:  0)
  1034352    130080 1226343912  0.001  0.000   32.963   20.121    0    0  (Gen:  0)
  1036280    130656 1226396280  0.001  0.000   32.965   20.122    0    0  (Gen:  0)
  1032560    132936 1226470056  0.001  0.000   32.966   20.122    0    0  (Gen:  0)
  1032824    161568 1226548808  0.001  0.000   32.968   20.123    0    0  (Gen:  0)
  1033176    150416 1226612480  0.001  0.000   32.969   20.124    0    0  (Gen:  0)
  2592064    271768 1227047136  0.001  0.000   32.972   20.125    0    0  (Gen:  0)
  1964120    126112 1226967064  0.000  0.000   32.974   20.127    0    0  (Gen:  0)
  1141800     33272 1226977560  0.000  0.000   32.975   20.128    0    0  (Gen:  0)
  1459104     30544 1226986568  0.000  0.000   32.977   20.130    0    0  (Gen:  0)
  3106200     58064 1227024536  0.000  0.000   32.980   20.133    0    0  (Gen:  0)
  1178864     51896 1227043392  0.000  0.000   32.982   20.134    0    0  (Gen:  0)
  1105712     31696 1227058160  0.000  0.000   32.983   20.135    0    0  (Gen:  0)
  4204376    329208 1227509032  0.001  0.000   32.989   20.141    0    0  (Gen:  0)
  1141040    622936 1227894760  0.002  0.000   32.992   20.142    0    0  (Gen:  0)
  1032192    666144 1228238920  0.002  0.001   32.994   20.143    0    0  (Gen:  0)
  2037568    232464 1228542888  0.001  0.000   32.997   20.145    0    0  (Gen:  0)
  1037680     34952 1228561144  0.000  0.000   32.997   20.146    0    0  (Gen:  0)
  1031864     78656 1228614992  0.000  0.000   32.998   20.146    0    0  (Gen:  0)
  1036080    116504 1228671560  0.001  0.000   33.000   20.147    0    0  (Gen:  0)
  1034056    128864 1228737328  0.001  0.000   33.001   20.148    0    0  (Gen:  0)
  1031240    133648 1228798504  0.001  0.000   33.003   20.148    0    0  (Gen:  0)
  1036104    131928 1228860432  0.001  0.000   33.004   20.149    0    0  (Gen:  0)
  1034008    134952 1228927320  0.001  0.000   33.006   20.150    0    0  (Gen:  0)
  1033344    137232 1228991376  0.001  0.000   33.007   20.151    0    0  (Gen:  0)
  1034672    135648 1229053952  0.001  0.000   33.009   20.151    0    0  (Gen:  0)
  1033600    136032 1229119600  0.001  0.000   33.010   20.152    0    0  (Gen:  0)
  1036840    132464 1229177896  0.001  0.000   33.012   20.153    0    0  (Gen:  0)
  1035960    133488 1229244344  0.001  0.000   33.013   20.154    0    0  (Gen:  0)
  1036904    132624 1229303672  0.001  0.000   33.014   20.154    0    0  (Gen:  0)
  1034552    135784 1229372136  0.001  0.000   33.016   20.155    0    0  (Gen:  0)
  1033584    149888 1229446176  0.001  0.000   33.017   20.156    0    0  (Gen:  0)
  1034576    152728 1229516576  0.001  0.000   33.019   20.157    0    0  (Gen:  0)
  1033512    136192 1229574608  0.001  0.000   33.020   20.157    0    0  (Gen:  0)
  1032880    117520 1229626472  0.001  0.000   33.022   20.158    0    0  (Gen:  0)
  1032648    114160 1229678536  0.001  0.000   33.023   20.159    0    0  (Gen:  0)
  1034472    116320 1229736664  0.001  0.000   33.024   20.159    0    0  (Gen:  0)
  1034528    130272 1229802576  0.001  0.000   33.026   20.160    0    0  (Gen:  0)
  1036408    130744 1229857448  0.001  0.000   33.027   20.161    0    0  (Gen:  0)
  1032144    136104 1229932160  0.001  0.000   33.029   20.162    0    0  (Gen:  0)
  1032896    159944 1230008328  0.001  0.000   33.030   20.162    0    0  (Gen:  0)
  1032968    149752 1230073552  0.001  0.000   33.032   20.163    0    0  (Gen:  0)
  2379576    269136 1230340216  0.002  0.000   33.035   20.165    0    0  (Gen:  0)
  1872920    119280 1230188064  0.000  0.000   33.037   20.166    0    0  (Gen:  0)
  3529632     48384 1230247904  0.000  0.000   33.040   20.169    0    0  (Gen:  0)
  3140616     75848 1230294136  0.000  0.000   33.044   20.173    0    0  (Gen:  0)
  2276168    251576 1230578464  0.000  0.000   33.047   20.177    0    0  (Gen:  0)
  1469664    437744 1230933072  0.002  0.001   33.050   20.178    0    0  (Gen:  0)
  1032192    659096 1231277136  0.003  0.001   33.053   20.179    0    0  (Gen:  0)
  1032192    349816 1231621200  0.002  0.000   33.055   20.180    0    0  (Gen:  0)
  1533440     66496 1231750960  0.000  0.000   33.057   20.182    0    0  (Gen:  0)
  1036888     35024 1231769648  0.000  0.000   33.058   20.182    0    0  (Gen:  0)
  1031864     78776 1231823496  0.001  0.000   33.059   20.183    0    0  (Gen:  0)
  1036080    116624 1231880064  0.001  0.000   33.060   20.183    0    0  (Gen:  0)
  1034056    128984 1231945832  0.001  0.000   33.062   20.184    0    0  (Gen:  0)
  1031240    133768 1232007008  0.001  0.000   33.063   20.185    0    0  (Gen:  0)
  1036104    132048 1232068936  0.001  0.000   33.064   20.186    0    0  (Gen:  0)
  1034008    135072 1232135824  0.001  0.000   33.066   20.186    0    0  (Gen:  0)
  1033344    137352 1232199880  0.001  0.000   33.067   20.187    0    0  (Gen:  0)
  1034672    135768 1232262456  0.001  0.000   33.069   20.188    0    0  (Gen:  0)
  1033600    136152 1232328104  0.001  0.000   33.070   20.189    0    0  (Gen:  0)
  1036840    132584 1232386400  0.001  0.000   33.072   20.189    0    0  (Gen:  0)
  1035960    133608 1232452848  0.001  0.000   33.074   20.190    0    0  (Gen:  0)
  1036904    132744 1232512176  0.001  0.000   33.075   20.191    0    0  (Gen:  0)
  1034552    135904 1232580640  0.001  0.000   33.077   20.192    0    0  (Gen:  0)
  1033584    150008 1232654680  0.001  0.000   33.078   20.192    0    0  (Gen:  0)
  1034576    152848 1232725080  0.001  0.000   33.080   20.193    0    0  (Gen:  0)
  1033512    136312 1232783112  0.001  0.000   33.081   20.194    0    0  (Gen:  0)
  1032880    117640 1232834976  0.001  0.000   33.083   20.195    0    0  (Gen:  0)
  1032648    114280 1232887040  0.001  0.000   33.084   20.195    0    0  (Gen:  0)
  1034472    116440 1232945168  0.001  0.000   33.085   20.196    0    0  (Gen:  0)
  1034528    130392 1233011080  0.001  0.000   33.087   20.197    0    0  (Gen:  0)
  1036408    130864 1233065952  0.001  0.000   33.088   20.197    0    0  (Gen:  0)
  1032144    136224 1233140664  0.001  0.000   33.090   20.198    0    0  (Gen:  0)
  1032896    160064 1233216832  0.001  0.000   33.092   20.199    0    0  (Gen:  0)
  1032968    149872 1233282056  0.001  0.000   33.093   20.200    0    0  (Gen:  0)
  1543824    199272 1233445976  0.001  0.000   33.095   20.201    0    0  (Gen:  0)
  1557160    260696 1233605592  0.001  0.000   33.097   20.202    0    0  (Gen:  0)
  2363568     81200 1233653584  0.000  0.000   33.099   20.203    0    0  (Gen:  0)
  3472632     71208 1233671696  0.000  0.000   33.103   20.207    0    0  (Gen:  0)
  1790952     56600 1233728056  0.000  0.000   33.105   20.209    0    0  (Gen:  0)
  1178080     40248 1233748168  0.000  0.000   33.106   20.210    0    0  (Gen:  0)
  1112016     31304 1233761872  0.000  0.000   33.107   20.211    0    0  (Gen:  0)
  1255104     40480 1233782640  0.000  0.000   33.108   20.212    0    0  (Gen:  0)
  3698224    334856 1234310560  0.002  0.000   33.114   20.217    0    0  (Gen:  0)
  1032192    662088 1234654624  0.003  0.001   33.117   20.218    0    0  (Gen:  0)
  1032192    349864 1234998688  0.002  0.000   33.119   20.219    0    0  (Gen:  0)
  1896360    187472 1235249376  0.001  0.000   33.121   20.220    0    0  (Gen:  0)
  1036888     35016 1235268064  0.000  0.000   33.122   20.221    0    0  (Gen:  0)
  1031864     78824 1235321912  0.001  0.000   33.123   20.221    0    0  (Gen:  0)
  1036080    116672 1235378480  0.001  0.000   33.125   20.222    0    0  (Gen:  0)
  1034056    129032 1235444248  0.001  0.000   33.126   20.223    0    0  (Gen:  0)
  1031240    133816 1235505424  0.001  0.000   33.127   20.224    0    0  (Gen:  0)
  1036104    132096 1235567352  0.001  0.000   33.129   20.224    0    0  (Gen:  0)
  1034008    135120 1235634240  0.001  0.000   33.130   20.225    0    0  (Gen:  0)
  1033344    137400 1235698296  0.001  0.000   33.132   20.226    0    0  (Gen:  0)
  1034672    135816 1235760872  0.001  0.000   33.133   20.227    0    0  (Gen:  0)
  1033600    136200 1235826520  0.001  0.000   33.135   20.227    0    0  (Gen:  0)
  1036840    132632 1235884816  0.001  0.000   33.136   20.228    0    0  (Gen:  0)
  1035960    133656 1235951264  0.001  0.000   33.138   20.229    0    0  (Gen:  0)
  1036904    132792 1236010592  0.001  0.000   33.139   20.229    0    0  (Gen:  0)
  1034552    135952 1236079056  0.001  0.000   33.141   20.230    0    0  (Gen:  0)
  1033584    150056 1236153096  0.001  0.000   33.142   20.231    0    0  (Gen:  0)
  1034576    152896 1236223496  0.001  0.000   33.144   20.232    0    0  (Gen:  0)
  1033512    136360 1236281528  0.001  0.000   33.145   20.233    0    0  (Gen:  0)
  1032880    117688 1236333392  0.001  0.000   33.147   20.233    0    0  (Gen:  0)
  1032648    114328 1236385456  0.001  0.000   33.148   20.234    0    0  (Gen:  0)
  1034472    116488 1236443584  0.001  0.000   33.149   20.235    0    0  (Gen:  0)
  1034528    130440 1236509496  0.001  0.000   33.151   20.235    0    0  (Gen:  0)
  1036408    130912 1236564368  0.001  0.000   33.152   20.236    0    0  (Gen:  0)
  1032144    136272 1236639080  0.001  0.000   33.154   20.237    0    0  (Gen:  0)
  1032896    160112 1236715248  0.001  0.000   33.155   20.238    0    0  (Gen:  0)
  1032968    149920 1236780472  0.001  0.000   33.157   20.238    0    0  (Gen:  0)
  1929736    228888 1237006736  0.001  0.000   33.159   20.240    0    0  (Gen:  0)
  2321896    120536 1236899104  0.000  0.000   33.162   20.241    0    0  (Gen:  0)
  1175032     35376 1236944248  0.000  0.000   33.163   20.242    0    0  (Gen:  0)
  1147840     26288 1236951352  0.000  0.000   33.164   20.243    0    0  (Gen:  0)
  2731616     50840 1236985528  0.000  0.000   33.167   20.246    0    0  (Gen:  0)
  1220432     53968 1237042256  0.000  0.000   33.168   20.247    0    0  (Gen:  0)
  1749104     42464 1237062456  0.000  0.000   33.170   20.249    0    0  (Gen:  0)
  1714608     56456 1237064440  0.000  0.000   33.172   20.251    0    0  (Gen:  0)
  2389976    311056 1237513448  0.001  0.000   33.177   20.255    0    0  (Gen:  0)
  1139768    567208 1237859760  0.002  0.001   33.179   20.256    0    0  (Gen:  0)
  1032192    624376 1238203800  0.002  0.001   33.182   20.257    0    0  (Gen:  0)
  1071232    267592 1238501824  0.001  0.000   33.184   20.258    0    0  (Gen:  0)
  1121376     17216 1238541904  0.000  0.000   33.185   20.259    0    0  (Gen:  0)
  1037200     34256 1238561976  0.000  0.000   33.186   20.260    0    0  (Gen:  0)
  1033360     82016 1238621496  0.001  0.000   33.187   20.261    0    0  (Gen:  0)
  1036008    119816 1238679416  0.001  0.000   33.188   20.261    0    0  (Gen:  0)
  1034216    130832 1238745424  0.001  0.000   33.190   20.262    0    0  (Gen:  0)
  1031056    133744 1238806264  0.001  0.000   33.191   20.263    0    0  (Gen:  0)
  1035984    131552 1238867712  0.001  0.000   33.193   20.263    0    0  (Gen:  0)
  1034008    134264 1238933640  0.001  0.000   33.194   20.264    0    0  (Gen:  0)
  1033080    139312 1238999912  0.001  0.000   33.196   20.265    0    0  (Gen:  0)
  1034824    133920 1239061168  0.001  0.000   33.197   20.266    0    0  (Gen:  0)
  1034064    136024 1239127280  0.001  0.000   33.198   20.266    0    0  (Gen:  0)
  1036608    130160 1239184832  0.001  0.000   33.200   20.267    0    0  (Gen:  0)
  1036184    132040 1239249960  0.001  0.000   33.201   20.268    0    0  (Gen:  0)
  1036632    133384 1239310656  0.001  0.000   33.203   20.268    0    0  (Gen:  0)
  1034600    137488 1239379112  0.001  0.000   33.204   20.269    0    0  (Gen:  0)
  1033752    150984 1239453400  0.001  0.000   33.206   20.270    0    0  (Gen:  0)
  1034504    154440 1239524608  0.001  0.000   33.207   20.271    0    0  (Gen:  0)
  1033432    135040 1239579936  0.001  0.000   33.209   20.271    0    0  (Gen:  0)
  1032976    115328 1239633288  0.001  0.000   33.210   20.272    0    0  (Gen:  0)
  1032344    115160 1239684528  0.001  0.000   33.211   20.273    0    0  (Gen:  0)
  1034688    115544 1239742256  0.001  0.000   33.213   20.273    0    0  (Gen:  0)
  1034744    129656 1239807600  0.001  0.000   33.214   20.274    0    0  (Gen:  0)
  1036336    130112 1239864624  0.001  0.000   33.216   20.275    0    0  (Gen:  0)
  1031576    139368 1239940104  0.001  0.000   33.217   20.276    0    0  (Gen:  0)
  1033144    161672 1240017416  0.001  0.000   33.219   20.276    0    0  (Gen:  0)
  1033016    148184 1240079592  0.001  0.000   33.220   20.277    0    0  (Gen:  0)
  1541024    192872 1240240472  0.001  0.000   33.222   20.278    0    0  (Gen:  0)
  1551792    262568 1240404856  0.001  0.000   33.225   20.279    0    0  (Gen:  0)
  2843808     85248 1240454312  0.000  0.000   33.228   20.282    0    0  (Gen:  0)
  1105192     41976 1240471848  0.000  0.000   33.229   20.283    0    0  (Gen:  0)
  2213736     48424 1240499608  0.000  0.000   33.231   20.285    0    0  (Gen:  0)
  1431976     48296 1240522480  0.000  0.000   33.233   20.286    0    0  (Gen:  0)
  3426928    323120 1240965336  0.001  0.000   33.238   20.291    0    0  (Gen:  0)
  1102344    637320 1241370104  0.003  0.001   33.241   20.292    0    0  (Gen:  0)
  1032192    683120 1241714168  0.003  0.001   33.244   20.293    0    0  (Gen:  0)
  1105000    211416 1241988656  0.001  0.000   33.246   20.294    0    0  (Gen:  0)
  1039984     16760 1241988608  0.000  0.000   33.247   20.295    0    0  (Gen:  0)
  1036240     36552 1242017032  0.000  0.000   33.248   20.295    0    0  (Gen:  0)
  1031424     90536 1242072648  0.001  0.000   33.249   20.296    0    0  (Gen:  0)
  1036344    121160 1242131048  0.001  0.000   33.250   20.297    0    0  (Gen:  0)
  1034480    130584 1242195384  0.001  0.000   33.252   20.298    0    0  (Gen:  0)
  1031832    132040 1242256264  0.001  0.000   33.254   20.298    0    0  (Gen:  0)
  1034888    133536 1242318616  0.001  0.000   33.255   20.299    0    0  (Gen:  0)
  1034200    136760 1242384336  0.001  0.000   33.257   20.300    0    0  (Gen:  0)
  1034000    139600 1242449400  0.001  0.000   33.259   20.301    0    0  (Gen:  0)
  1034136    135800 1242512336  0.001  0.000   33.260   20.302    0    0  (Gen:  0)
  1034376    137480 1242578056  0.001  0.000   33.262   20.302    0    0  (Gen:  0)
  1036352    131264 1242635360  0.001  0.000   33.263   20.303    0    0  (Gen:  0)
  1036960    120960 1242692192  0.001  0.000   33.265   20.304    0    0  (Gen:  0)
  1036024    135136 1242761392  0.001  0.000   33.267   20.305    0    0  (Gen:  0)
  1034344    144608 1242828264  0.001  0.000   33.268   20.305    0    0  (Gen:  0)
  1034112    151864 1242904376  0.001  0.000   33.270   20.306    0    0  (Gen:  0)
  1033744    154040 1242975376  0.001  0.000   33.272   20.307    0    0  (Gen:  0)
  1033608    134552 1243028648  0.001  0.000   33.273   20.308    0    0  (Gen:  0)
  1033240    113200 1243081960  0.001  0.000   33.275   20.309    0    0  (Gen:  0)
  1032496    111040 1243133096  0.001  0.000   33.276   20.309    0    0  (Gen:  0)
  1035312    119360 1243192896  0.001  0.000   33.278   20.310    0    0  (Gen:  0)
  1034400    129632 1243254984  0.001  0.000   33.279   20.311    0    0  (Gen:  0)
  1036040    135200 1243318536  0.001  0.000   33.281   20.311    0    0  (Gen:  0)
  1030904    146728 1243394600  0.001  0.000   33.282   20.312    0    0  (Gen:  0)
  1033904    158752 1243467672  0.001  0.000   33.284   20.313    0    0  (Gen:  0)
  1033480    147744 1243532768  0.001  0.000   33.286   20.314    0    0  (Gen:  0)
  2264000    254352 1243853536  0.001  0.000   33.288   20.315    0    0  (Gen:  0)
  2424624    119120 1243785104  0.000  0.000   33.291   20.317    0    0  (Gen:  0)
  2143584     40848 1243800120  0.000  0.000   33.293   20.319    0    0  (Gen:  0)
  4175096     82376 1243858144  0.000  0.000   33.297   20.323    0    0  (Gen:  0)
  1106448     53664 1243866656  0.000  0.000   33.298   20.325    0    0  (Gen:  0)
  3039728     61624 1243919768  0.000  0.000   33.301   20.327    0    0  (Gen:  0)
  3028584    497656 1244589376  0.001  0.000   33.306   20.332    0    0  (Gen:  0)
  1032192    819984 1244933440  0.002  0.001   33.309   20.333    0    0  (Gen:  0)
  1032192    350104 1245277504  0.002  0.000   33.311   20.333    0    0  (Gen:  0)
  1109096     25000 1245365504  0.000  0.000   33.312   20.335    0    0  (Gen:  0)
  1039568     21232 1245370056  0.000  0.000   33.313   20.335    0    0  (Gen:  0)
  1033464     63048 1245424376  0.001  0.000   33.314   20.336    0    0  (Gen:  0)
  1035000    115776 1245481688  0.001  0.000   33.315   20.336    0    0  (Gen:  0)
  1035000    128856 1245545624  0.001  0.000   33.317   20.337    0    0  (Gen:  0)
  1031592    137656 1245612560  0.001  0.000   33.318   20.338    0    0  (Gen:  0)
  1035200    138464 1245672680  0.001  0.000   33.320   20.339    0    0  (Gen:  0)
  1034384    135560 1245736328  0.001  0.000   33.321   20.339    0    0  (Gen:  0)
  1033224    137736 1245801032  0.001  0.000   33.323   20.340    0    0  (Gen:  0)
  1034880    136160 1245863264  0.001  0.000   33.324   20.341    0    0  (Gen:  0)
  1033744    138880 1245930080  0.001  0.000   33.326   20.342    0    0  (Gen:  0)
  1035776    128920 1245984344  0.001  0.000   33.327   20.342    0    0  (Gen:  0)
  1036216    131320 1246053288  0.001  0.000   33.329   20.343    0    0  (Gen:  0)
  1036656    135912 1246111136  0.001  0.000   33.331   20.344    0    0  (Gen:  0)
  1035456    134112 1246178864  0.001  0.000   33.332   20.345    0    0  (Gen:  0)
  1033136    146200 1246248936  0.001  0.000   33.334   20.345    0    0  (Gen:  0)
  1034616    152632 1246323592  0.001  0.000   33.335   20.346    0    0  (Gen:  0)
  1033032    146272 1246386824  0.001  0.000   33.337   20.347    0    0  (Gen:  0)
  1033496    122648 1246438472  0.001  0.000   33.338   20.348    0    0  (Gen:  0)
  1032984    117744 1246495376  0.001  0.000   33.340   20.348    0    0  (Gen:  0)
  1033264    115384 1246545624  0.001  0.000   33.341   20.349    0    0  (Gen:  0)
  1035296    122832 1246610120  0.001  0.000   33.342   20.350    0    0  (Gen:  0)
  1036296    126584 1246663560  0.001  0.000   33.344   20.350    0    0  (Gen:  0)
  1033256    138264 1246738312  0.001  0.000   33.345   20.351    0    0  (Gen:  0)
  1032112    164872 1246819936  0.001  0.000   33.347   20.352    0    0  (Gen:  0)
  1033936    152104 1246881960  0.001  0.000   33.349   20.353    0    0  (Gen:  0)
  1034384    126976 1246939800  0.001  0.000   33.350   20.354    0    0  (Gen:  0)
  1563296    220192 1247160928  0.001  0.000   33.352   20.354    0    0  (Gen:  0)
  3160328     85056 1247063624  0.000  0.000   33.355   20.357    0    0  (Gen:  0)
  1148360     36848 1247072840  0.000  0.000   33.356   20.358    0    0  (Gen:  0)
  2687104     50736 1247108120  0.000  0.000   33.359   20.361    0    0  (Gen:  0)
  2767184    196680 1247244144  0.000  0.000   33.362   20.364    0    0  (Gen:  0)
  2203144    507184 1247799840  0.001  0.000   33.366   20.367    0    0  (Gen:  0)
  1032192    761552 1248143904  0.002  0.001   33.369   20.368    0    0  (Gen:  0)
  1065024    341944 1248516064  0.002  0.000   33.371   20.369    0    0  (Gen:  0)
  1319784     17608 1248556552  0.000  0.000   33.372   20.370    0    0  (Gen:  0)
  1037584     34960 1248575480  0.000  0.000   33.373   20.371    0    0  (Gen:  0)
  1031928     79096 1248632944  0.001  0.000   33.374   20.371    0    0  (Gen:  0)
  1036080    116736 1248689512  0.001  0.000   33.375   20.372    0    0  (Gen:  0)
  1034056    129328 1248755280  0.001  0.000   33.377   20.373    0    0  (Gen:  0)
  1031240    134112 1248816456  0.001  0.000   33.378   20.373    0    0  (Gen:  0)
  1036104    132392 1248878384  0.001  0.000   33.380   20.374    0    0  (Gen:  0)
  1034008    135416 1248945272  0.001  0.000   33.381   20.375    0    0  (Gen:  0)
  1033344    137696 1249009328  0.001  0.000   33.383   20.376    0    0  (Gen:  0)
  1034672    136112 1249071904  0.001  0.000   33.384   20.376    0    0  (Gen:  0)
  1033600    136496 1249137552  0.001  0.000   33.386   20.377    0    0  (Gen:  0)
  1036840    132928 1249195848  0.001  0.000   33.387   20.378    0    0  (Gen:  0)
  1035960    133952 1249262296  0.001  0.000   33.389   20.379    0    0  (Gen:  0)
  1036904    133088 1249321624  0.001  0.000   33.390   20.379    0    0  (Gen:  0)
  1034552    136248 1249390088  0.001  0.000   33.392   20.380    0    0  (Gen:  0)
  1033584    150352 1249464128  0.001  0.000   33.393   20.381    0    0  (Gen:  0)
  1034576    153192 1249534528  0.001  0.000   33.395   20.382    0    0  (Gen:  0)
  1033512    136656 1249592560  0.001  0.000   33.397   20.382    0    0  (Gen:  0)
  1032880    117984 1249644424  0.001  0.000   33.398   20.383    0    0  (Gen:  0)
  1032648    114624 1249696488  0.000  0.000   33.399   20.384    0    0  (Gen:  0)
  1034472    116784 1249754616  0.001  0.000   33.400   20.384    0    0  (Gen:  0)
  1034528    130736 1249820528  0.001  0.000   33.402   20.385    0    0  (Gen:  0)
  1036408    131208 1249875400  0.001  0.000   33.403   20.386    0    0  (Gen:  0)
  1032144    136568 1249950112  0.001  0.000   33.405   20.387    0    0  (Gen:  0)
  1032896    160408 1250026280  0.001  0.000   33.406   20.387    0    0  (Gen:  0)
  1032968    150216 1250091504  0.001  0.000   33.408   20.388    0    0  (Gen:  0)
  1197000    176800 1250232608  0.001  0.000   33.409   20.389    0    0  (Gen:  0)
  1515072    238352 1250391608  0.001  0.000   33.412   20.390    0    0  (Gen:  0)
  1493912     81760 1250438064  0.000  0.000   33.413   20.391    0    0  (Gen:  0)
  1885176     47408 1250471560  0.000  0.000   33.415   20.393    0    0  (Gen:  0)
  1549056     44352 1250495984  0.000  0.000   33.417   20.395    0    0  (Gen:  0)
  1173272     34600 1250506280  0.000  0.000   33.418   20.396    0    0  (Gen:  0)
  1168768     38864 1250525392  0.000  0.000   33.419   20.397    0    0  (Gen:  0)
  2883920     55944 1250567664  0.000  0.000   33.422   20.400    0    0  (Gen:  0)
  2502240     61408 1250642240  0.000  0.000   33.425   20.402    0    0  (Gen:  0)
  2498040    490216 1251267560  0.001  0.000   33.429   20.406    0    0  (Gen:  0)
  1032192    803576 1251611504  0.002  0.001   33.432   20.407    0    0  (Gen:  0)
  1032192    350304 1251955568  0.001  0.000   33.434   20.407    0    0  (Gen:  0)
  1474800     35688 1252054040  0.000  0.000   33.435   20.409    0    0  (Gen:  0)
  1037520     37072 1252074024  0.000  0.000   33.436   20.409    0    0  (Gen:  0)
  1031944     82368 1252133576  0.001  0.000   33.437   20.410    0    0  (Gen:  0)
  1036008    120168 1252191496  0.001  0.000   33.438   20.411    0    0  (Gen:  0)
  1034216    131184 1252257504  0.001  0.000   33.440   20.411    0    0  (Gen:  0)
  1031056    134096 1252318344  0.001  0.000   33.441   20.412    0    0  (Gen:  0)
  1035984    131904 1252379792  0.001  0.000   33.443   20.413    0    0  (Gen:  0)
  1034008    134616 1252445720  0.001  0.000   33.444   20.414    0    0  (Gen:  0)
  1033080    139664 1252511992  0.001  0.000   33.446   20.414    0    0  (Gen:  0)
  1034824    134272 1252573248  0.001  0.000   33.447   20.415    0    0  (Gen:  0)
  1034064    136376 1252639360  0.001  0.000   33.449   20.416    0    0  (Gen:  0)
  1036608    130512 1252696912  0.001  0.000   33.450   20.417    0    0  (Gen:  0)
  1036184    132392 1252762040  0.001  0.000   33.452   20.417    0    0  (Gen:  0)
  1036632    133736 1252822736  0.001  0.000   33.453   20.418    0    0  (Gen:  0)
  1034600    137840 1252891192  0.001  0.000   33.455   20.419    0    0  (Gen:  0)
  1033752    151336 1252965480  0.001  0.000   33.456   20.420    0    0  (Gen:  0)
  1034504    154792 1253036688  0.001  0.000   33.458   20.420    0    0  (Gen:  0)
  1033432    135392 1253092016  0.001  0.000   33.459   20.421    0    0  (Gen:  0)
  1032976    115680 1253145368  0.001  0.000   33.461   20.422    0    0  (Gen:  0)
  1032344    115512 1253196608  0.001  0.000   33.462   20.422    0    0  (Gen:  0)
  1034688    115896 1253254336  0.001  0.000   33.463   20.423    0    0  (Gen:  0)
  1034744    130008 1253319680  0.001  0.000   33.465   20.424    0    0  (Gen:  0)
  1036336    130464 1253376704  0.001  0.000   33.466   20.425    0    0  (Gen:  0)
  1031576    139720 1253452184  0.001  0.000   33.468   20.425    0    0  (Gen:  0)
  1033144    162024 1253529496  0.001  0.000   33.470   20.426    0    0  (Gen:  0)
  1033016    148536 1253591672  0.001  0.000   33.471   20.427    0    0  (Gen:  0)
  1230680    176952 1253736272  0.001  0.000   33.473   20.428    0    0  (Gen:  0)
  2587704    120848 1253741064  0.000  0.000   33.475   20.429    0    0  (Gen:  0)
  1140000     31624 1253749096  0.000  0.000   33.476   20.430    0    0  (Gen:  0)
  1140776     32760 1253764224  0.000  0.000   33.478   20.431    0    0  (Gen:  0)
  1138880     26824 1253799216  0.000  0.000   33.479   20.433    0    0  (Gen:  0)
  2167144     45840 1253828336  0.000  0.000   33.481   20.435    0    0  (Gen:  0)
  1184048     47616 1253846128  0.000  0.000   33.483   20.436    0    0  (Gen:  0)
  2587096    312728 1254283360  0.001  0.000   33.487   20.441    0    0  (Gen:  0)
  1238576    618064 1254671800  0.002  0.000   33.490   20.442    0    0  (Gen:  0)
  1032192    671512 1255015864  0.002  0.001   33.492   20.442    0    0  (Gen:  0)
  2051592    228016 1255306584  0.001  0.000   33.495   20.444    0    0  (Gen:  0)
  1037520     37008 1255326568  0.000  0.000   33.496   20.445    0    0  (Gen:  0)
  1031744     81024 1255380584  0.001  0.000   33.497   20.445    0    0  (Gen:  0)
  1036208    119032 1255438640  0.001  0.000   33.498   20.446    0    0  (Gen:  0)
  1034160    131336 1255504832  0.001  0.000   33.500   20.447    0    0  (Gen:  0)
  1031128    133864 1255565264  0.001  0.000   33.501   20.448    0    0  (Gen:  0)
  1035968    132120 1255627440  0.001  0.000   33.503   20.448    0    0  (Gen:  0)
  1033952    135368 1255693600  0.001  0.000   33.504   20.449    0    0  (Gen:  0)
  1033128    140088 1255759800  0.001  0.000   33.506   20.450    0    0  (Gen:  0)
  1034824    134544 1255820944  0.001  0.000   33.507   20.451    0    0  (Gen:  0)
  1034088    137144 1255887744  0.001  0.000   33.509   20.451    0    0  (Gen:  0)
  1036600    131064 1255945136  0.001  0.000   33.510   20.452    0    0  (Gen:  0)
  1036176    131800 1256009832  0.001  0.000   33.512   20.453    0    0  (Gen:  0)
  1036640    133672 1256070656  0.001  0.000   33.513   20.454    0    0  (Gen:  0)
  1034560    138128 1256139232  0.001  0.000   33.515   20.454    0    0  (Gen:  0)
  1033800    151632 1256213528  0.001  0.000   33.517   20.455    0    0  (Gen:  0)
  1034400    155176 1256284936  0.001  0.000   33.518   20.456    0    0  (Gen:  0)
  1033512    135504 1256339968  0.001  0.000   33.520   20.457    0    0  (Gen:  0)
  1032984    115696 1256393272  0.001  0.000   33.521   20.457    0    0  (Gen:  0)
  1032264    116024 1256444984  0.001  0.000   33.522   20.458    0    0  (Gen:  0)
  1034744    116104 1256502464  0.001  0.000   33.524   20.459    0    0  (Gen:  0)
  1034688    130008 1256567552  0.001  0.000   33.525   20.459    0    0  (Gen:  0)
  1036400    132248 1256626288  0.001  0.000   33.527   20.460    0    0  (Gen:  0)
  1031592    140320 1256700656  0.001  0.000   33.528   20.461    0    0  (Gen:  0)
  1033128    161712 1256778392  0.001  0.000   33.530   20.462    0    0  (Gen:  0)
  1033008    149024 1256840560  0.001  0.000   33.531   20.462    0    0  (Gen:  0)
  1241472    175288 1256983176  0.001  0.000   33.533   20.463    0    0  (Gen:  0)
  1503392    241936 1257143728  0.001  0.000   33.535   20.464    0    0  (Gen:  0)
  1598576     88672 1257200576  0.000  0.000   33.537   20.466    0    0  (Gen:  0)
  1719368     44872 1257223616  0.000  0.000   33.539   20.467    0    0  (Gen:  0)
  1106624     31904 1257232072  0.000  0.000   33.540   20.468    0    0  (Gen:  0)
  1169088     34872 1257253176  0.000  0.000   33.541   20.469    0    0  (Gen:  0)
  1693016     44864 1257275600  0.000  0.000   33.543   20.471    0    0  (Gen:  0)
  2797256     60184 1257310736  0.000  0.000   33.546   20.474    0    0  (Gen:  0)
  3952888    341008 1257804712  0.001  0.000   33.551   20.479    0    0  (Gen:  0)
  1304112    630392 1258196608  0.002  0.001   33.554   20.480    0    0  (Gen:  0)
  1032192    672144 1258540672  0.001  0.001   33.555   20.481    0    0  (Gen:  0)
  2051552    228128 1258831360  0.001  0.000   33.558   20.483    0    0  (Gen:  0)
  1037520     37096 1258851344  0.000  0.000   33.559   20.484    0    0  (Gen:  0)
  1031944     82616 1258910896  0.001  0.000   33.560   20.484    0    0  (Gen:  0)
  1036008    120416 1258968816  0.001  0.000   33.561   20.485    0    0  (Gen:  0)
  1034216    131432 1259034824  0.001  0.000   33.563   20.486    0    0  (Gen:  0)
  1031056    134344 1259095664  0.001  0.000   33.564   20.487    0    0  (Gen:  0)
  1035984    132152 1259157112  0.001  0.000   33.566   20.487    0    0  (Gen:  0)
  1034008    134864 1259223040  0.001  0.000   33.567   20.488    0    0  (Gen:  0)
  1033080    139912 1259289312  0.001  0.000   33.569   20.489    0    0  (Gen:  0)
  1034824    134520 1259350568  0.001  0.000   33.570   20.490    0    0  (Gen:  0)
  1034064    136624 1259416680  0.001  0.000   33.572   20.490    0    0  (Gen:  0)
  1036608    130760 1259474232  0.001  0.000   33.573   20.491    0    0  (Gen:  0)
  1036184    132640 1259539360  0.001  0.000   33.575   20.492    0    0  (Gen:  0)
  1036632    133984 1259600056  0.001  0.000   33.576   20.493    0    0  (Gen:  0)
  1034600    138088 1259668512  0.001  0.000   33.578   20.493    0    0  (Gen:  0)
  1033752    151584 1259742800  0.001  0.000   33.579   20.494    0    0  (Gen:  0)
  1034504    155040 1259814008  0.001  0.000   33.581   20.495    0    0  (Gen:  0)
  1033432    135640 1259869336  0.001  0.000   33.582   20.496    0    0  (Gen:  0)
  1032976    115928 1259922688  0.001  0.000   33.584   20.496    0    0  (Gen:  0)
  1032344    115760 1259973928  0.001  0.000   33.585   20.497    0    0  (Gen:  0)
  1034688    116144 1260031656  0.001  0.000   33.586   20.498    0    0  (Gen:  0)
  1034744    130256 1260097000  0.001  0.000   33.588   20.498    0    0  (Gen:  0)
  1036336    130712 1260154024  0.001  0.000   33.589   20.499    0    0  (Gen:  0)
  1031576    139968 1260229504  0.001  0.000   33.591   20.500    0    0  (Gen:  0)
  1033144    162272 1260306816  0.001  0.000   33.592   20.501    0    0  (Gen:  0)
  1033016    148784 1260368992  0.001  0.000   33.594   20.501    0    0  (Gen:  0)
  2339352    265072 1260634240  0.002  0.000   33.597   20.503    0    0  (Gen:  0)
  2389896    127840 1260523968  0.000  0.000   33.599   20.505    0    0  (Gen:  0)
  1172472     38384 1260535608  0.000  0.000   33.601   20.506    0    0  (Gen:  0)
  1105344     30792 1260540296  0.000  0.000   33.602   20.507    0    0  (Gen:  0)
  1206976     31344 1260585328  0.000  0.000   33.603   20.508    0    0  (Gen:  0)
  1803840     48144 1260611664  0.000  0.000   33.605   20.510    0    0  (Gen:  0)
  2886888    219936 1260880424  0.001  0.000   33.609   20.513    0    0  (Gen:  0)
  1555720    386872 1261211528  0.001  0.000   33.612   20.516    0    0  (Gen:  0)
  1032192    607552 1261555592  0.002  0.001   33.615   20.517    0    0  (Gen:  0)
  1032192    350600 1261899656  0.001  0.000   33.616   20.517    0    0  (Gen:  0)
  1699520    122624 1262084776  0.000  0.000   33.618   20.519    0    0  (Gen:  0)
  1036888     35800 1262103464  0.000  0.000   33.619   20.519    0    0  (Gen:  0)
  1032032     79344 1262161184  0.001  0.000   33.620   20.520    0    0  (Gen:  0)
  1035896    116880 1262217440  0.001  0.000   33.621   20.521    0    0  (Gen:  0)
  1034096    130464 1262283688  0.001  0.000   33.623   20.521    0    0  (Gen:  0)
  1031448    135936 1262345480  0.001  0.000   33.624   20.522    0    0  (Gen:  0)
  1035944    133232 1262407008  0.001  0.000   33.626   20.523    0    0  (Gen:  0)
  1033976    136200 1262474304  0.001  0.000   33.627   20.524    0    0  (Gen:  0)
  1033392    138656 1262538464  0.001  0.000   33.629   20.524    0    0  (Gen:  0)
  1034592    136160 1262600408  0.001  0.000   33.630   20.525    0    0  (Gen:  0)
  1033648    136904 1262666328  0.001  0.000   33.632   20.526    0    0  (Gen:  0)
  1036784    133608 1262724512  0.001  0.000   33.633   20.527    0    0  (Gen:  0)
  1036064    134392 1262790976  0.001  0.000   33.635   20.527    0    0  (Gen:  0)
  1036848    132744 1262849584  0.001  0.000   33.636   20.528    0    0  (Gen:  0)
  1034528    136536 1262918800  0.001  0.000   33.638   20.529    0    0  (Gen:  0)
  1033552    151368 1262992736  0.001  0.000   33.639   20.530    0    0  (Gen:  0)
  1034576    153288 1263062888  0.001  0.000   33.641   20.530    0    0  (Gen:  0)
  1033552    137408 1263121440  0.001  0.000   33.642   20.531    0    0  (Gen:  0)
  1032856    118936 1263173792  0.001  0.000   33.643   20.532    0    0  (Gen:  0)
  1032640    115200 1263225664  0.001  0.000   33.645   20.533    0    0  (Gen:  0)
  1034584    117312 1263283568  0.001  0.000   33.646   20.533    0    0  (Gen:  0)
  1034416    131424 1263349792  0.001  0.000   33.648   20.534    0    0  (Gen:  0)
  1036392    130432 1263403456  0.001  0.000   33.649   20.535    0    0  (Gen:  0)
  1032152    136456 1263478752  0.001  0.000   33.650   20.535    0    0  (Gen:  0)
  1032888    161648 1263555152  0.001  0.000   33.652   20.536    0    0  (Gen:  0)
  1032968    150576 1263620184  0.001  0.000   33.653   20.537    0    0  (Gen:  0)
  2440000    271728 1263892168  0.001  0.000   33.656   20.538    0    0  (Gen:  0)
  2911296    128904 1263779976  0.000  0.000   33.659   20.541    0    0  (Gen:  0)
  1103584     35760 1263786176  0.000  0.000   33.660   20.542    0    0  (Gen:  0)
  1173984     38032 1263808168  0.000  0.000   33.661   20.543    0    0  (Gen:  0)
  2330896     51120 1263838840  0.000  0.000   33.664   20.545    0    0  (Gen:  0)
  2202840     60856 1263874136  0.000  0.000   33.666   20.548    0    0  (Gen:  0)
  3028008     77416 1263931864  0.001  0.000   33.670   20.551    0    0  (Gen:  0)
  2659768    375048 1264470336  0.001  0.000   33.674   20.555    0    0  (Gen:  0)
  1032192    690800 1264814400  0.002  0.001   33.677   20.556    0    0  (Gen:  0)
  1032192    350688 1265158464  0.002  0.000   33.679   20.556    0    0  (Gen:  0)
  1845032    155744 1265376624  0.001  0.000   33.681   20.558    0    0  (Gen:  0)
  1037008     38376 1265397600  0.000  0.000   33.682   20.559    0    0  (Gen:  0)
  1033240     83392 1265456824  0.001  0.000   33.683   20.559    0    0  (Gen:  0)
  1036248    118944 1265512608  0.001  0.000   33.684   20.560    0    0  (Gen:  0)
  1034264    130488 1265579080  0.001  0.000   33.685   20.561    0    0  (Gen:  0)
  1030888    134224 1265639176  0.001  0.000   33.687   20.561    0    0  (Gen:  0)
  1036152    132488 1265701248  0.001  0.000   33.688   20.562    0    0  (Gen:  0)
  1033688    135512 1265767184  0.001  0.000   33.690   20.563    0    0  (Gen:  0)
  1033416    140456 1265833600  0.001  0.000   33.692   20.564    0    0  (Gen:  0)
  1034824    135080 1265894896  0.001  0.000   33.693   20.565    0    0  (Gen:  0)
  1033936    136808 1265960848  0.001  0.000   33.695   20.565    0    0  (Gen:  0)
  1036472    131032 1266018392  0.001  0.000   33.696   20.566    0    0  (Gen:  0)
  1036384    132064 1266082864  0.001  0.000   33.697   20.567    0    0  (Gen:  0)
  1036656    134856 1266145008  0.001  0.000   33.698   20.567    0    0  (Gen:  0)
  1034656    138792 1266212672  0.001  0.000   33.700   20.568    0    0  (Gen:  0)
  1033600    151040 1266287088  0.001  0.000   33.701   20.569    0    0  (Gen:  0)
  1034528    155840 1266358784  0.001  0.000   33.703   20.570    0    0  (Gen:  0)
  1033544    134936 1266413120  0.001  0.000   33.704   20.570    0    0  (Gen:  0)
  1032888    115992 1266467072  0.001  0.000   33.706   20.571    0    0  (Gen:  0)
  1032328    116784 1266518800  0.001  0.000   33.707   20.572    0    0  (Gen:  0)
  1034800    116912 1266576392  0.001  0.000   33.708   20.573    0    0  (Gen:  0)
  1034672    129496 1266640760  0.001  0.000   33.710   20.573    0    0  (Gen:  0)
  1036424    131544 1266699384  0.001  0.000   33.711   20.574    0    0  (Gen:  0)
  1031488    141216 1266774464  0.001  0.000   33.712   20.575    0    0  (Gen:  0)
  1033192    162344 1266851792  0.001  0.000   33.714   20.575    0    0  (Gen:  0)
  1032736    148312 1266913240  0.001  0.000   33.715   20.576    0    0  (Gen:  0)
  1823600    221336 1267134976  0.001  0.000   33.718   20.577    0    0  (Gen:  0)
  1486128    290704 1267266824  0.001  0.000   33.720   20.578    0    0  (Gen:  0)
  1422088     38272 1267302504  0.000  0.000   33.722   20.580    0    0  (Gen:  0)
  2088048     48400 1267333264  0.000  0.000   33.724   20.582    0    0  (Gen:  0)
  3150056     63744 1267378048  0.000  0.000   33.727   20.585    0    0  (Gen:  0)
  1611688     63392 1267438368  0.000  0.000   33.729   20.586    0    0  (Gen:  0)
  2933120    420840 1268042640  0.001  0.000   33.734   20.591    0    0  (Gen:  0)
  1032192    752224 1268386704  0.002  0.001   33.736   20.592    0    0  (Gen:  0)
  1032192    350776 1268730768  0.001  0.000   33.738   20.592    0    0  (Gen:  0)
  1609960     92208 1268889392  0.000  0.000   33.740   20.594    0    0  (Gen:  0)
  1037680     35816 1268907648  0.000  0.000   33.741   20.594    0    0  (Gen:  0)
  1031864     79720 1268961496  0.001  0.000   33.742   20.595    0    0  (Gen:  0)
  1036080    117568 1269018064  0.001  0.000   33.743   20.596    0    0  (Gen:  0)
  1034056    129928 1269083832  0.001  0.000   33.745   20.596    0    0  (Gen:  0)
  1031240    134712 1269145008  0.001  0.000   33.746   20.597    0    0  (Gen:  0)
  1036104    132992 1269206936  0.001  0.000   33.747   20.598    0    0  (Gen:  0)
  1034008    136016 1269273824  0.001  0.000   33.749   20.599    0    0  (Gen:  0)
  1033344    138296 1269337880  0.001  0.000   33.751   20.599    0    0  (Gen:  0)
  1034672    136712 1269400456  0.001  0.000   33.752   20.600    0    0  (Gen:  0)
  1033600    137096 1269466104  0.001  0.000   33.754   20.601    0    0  (Gen:  0)
  1036840    133528 1269524400  0.001  0.000   33.755   20.602    0    0  (Gen:  0)
  1035960    134552 1269590848  0.001  0.000   33.757   20.602    0    0  (Gen:  0)
  1036904    133688 1269650176  0.001  0.000   33.758   20.603    0    0  (Gen:  0)
  1034552    136848 1269718640  0.001  0.000   33.760   20.604    0    0  (Gen:  0)
  1033584    150952 1269792680  0.001  0.000   33.761   20.605    0    0  (Gen:  0)
  1034576    153792 1269863080  0.001  0.000   33.763   20.605    0    0  (Gen:  0)
  1033512    137256 1269921112  0.001  0.000   33.764   20.606    0    0  (Gen:  0)
  1032880    118584 1269972976  0.001  0.000   33.766   20.607    0    0  (Gen:  0)
  1032648    115224 1270025040  0.001  0.000   33.767   20.608    0    0  (Gen:  0)
  1034472    117384 1270083168  0.001  0.000   33.768   20.608    0    0  (Gen:  0)
  1034528    131336 1270149080  0.001  0.000   33.770   20.609    0    0  (Gen:  0)
  1036408    131808 1270203952  0.001  0.000   33.771   20.610    0    0  (Gen:  0)
  1032144    137168 1270278664  0.001  0.000   33.773   20.610    0    0  (Gen:  0)
  1032896    161008 1270354832  0.001  0.000   33.775   20.611    0    0  (Gen:  0)
  1032968    150816 1270420056  0.001  0.000   33.776   20.612    0    0  (Gen:  0)
  2437864    271360 1270687888  0.001  0.000   33.779   20.613    0    0  (Gen:  0)
  2910392    128216 1270579296  0.000  0.000   33.782   20.615    0    0  (Gen:  0)
  1103544     35600 1270585432  0.000  0.000   33.783   20.617    0    0  (Gen:  0)
  3245864     63752 1270636904  0.000  0.000   33.786   20.620    0    0  (Gen:  0)
  1807552     62600 1270694864  0.000  0.000   33.788   20.621    0    0  (Gen:  0)
  2673896    312432 1271090552  0.001  0.000   33.792   20.626    0    0  (Gen:  0)
  1646328    612784 1271479568  0.001  0.001   33.794   20.628    0    0  (Gen:  0)
  1032192    674056 1271823632  0.001  0.001   33.796   20.629    0    0  (Gen:  0)
  1103752    237992 1272123864  0.000  0.000   33.797   20.630    0    0  (Gen:  0)
  1041176     17360 1272123952  0.000  0.000   33.799   20.631    0    0  (Gen:  0)
  1036544     32888 1272147912  0.000  0.000   33.800   20.631    0    0  (Gen:  0)
  1033064     87256 1272203912  0.001  0.000   33.801   20.632    0    0  (Gen:  0)
  1036280    121360 1272261872  0.001  0.000   33.802   20.633    0    0  (Gen:  0)
  1034368    131720 1272327136  0.001  0.000   33.804   20.634    0    0  (Gen:  0)
  1031176    132736 1272387048  0.001  0.000   33.805   20.634    0    0  (Gen:  0)
  1035568    133512 1272449872  0.001  0.000   33.807   20.635    0    0  (Gen:  0)
  1033920    138192 1272516088  0.001  0.000   33.808   20.636    0    0  (Gen:  0)
  1033656    139624 1272582016  0.001  0.000   33.810   20.637    0    0  (Gen:  0)
  1034648    135312 1272644008  0.001  0.000   33.812   20.637    0    0  (Gen:  0)
  1034224    136032 1272708968  0.001  0.000   33.813   20.638    0    0  (Gen:  0)
  1036200    131328 1272767936  0.001  0.000   33.815   20.639    0    0  (Gen:  0)
  1036784    126416 1272827552  0.001  0.000   33.817   20.640    0    0  (Gen:  0)
  1036336    134872 1272893880  0.001  0.000   33.818   20.640    0    0  (Gen:  0)
  1034528    141800 1272960152  0.001  0.000   33.820   20.641    0    0  (Gen:  0)
  1033904    150656 1273035608  0.001  0.000   33.821   20.642    0    0  (Gen:  0)
  1034088    154728 1273106848  0.001  0.000   33.823   20.643    0    0  (Gen:  0)
  1033632    136776 1273162528  0.001  0.000   33.825   20.644    0    0  (Gen:  0)
  1033208    115920 1273214568  0.001  0.000   33.826   20.644    0    0  (Gen:  0)
  1032208    114376 1273265912  0.001  0.000   33.828   20.645    0    0  (Gen:  0)
  1035104    119088 1273325280  0.001  0.000   33.829   20.646    0    0  (Gen:  0)
  1034584    128504 1273386336  0.001  0.000   33.831   20.646    0    0  (Gen:  0)
  1036288    132704 1273448520  0.001  0.000   33.832   20.647    0    0  (Gen:  0)
  1031048    145384 1273524360  0.001  0.000   33.834   20.648    0    0  (Gen:  0)
  1033456    162584 1273600616  0.001  0.000   33.836   20.649    0    0  (Gen:  0)
  1033056    150072 1273664480  0.001  0.000   33.837   20.650    0    0  (Gen:  0)
  1971640    236576 1273899192  0.001  0.000   33.839   20.651    0    0  (Gen:  0)
  3538712    129936 1274021664  0.001  0.000   33.843   20.653    0    0  (Gen:  0)
  1608152     47552 1274030240  0.000  0.000   33.844   20.655    0    0  (Gen:  0)
  1579424     40920 1274047600  0.000  0.000   33.846   20.656    0    0  (Gen:  0)
  1917816     52752 1274073560  0.000  0.000   33.848   20.658    0    0  (Gen:  0)
  3460912    396928 1274666160  0.001  0.000   33.853   20.664    0    0  (Gen:  0)
  1032192    723352 1275010224  0.002  0.001   33.856   20.664    0    0  (Gen:  0)
  1032192    350952 1275354288  0.002  0.000   33.858   20.665    0    0  (Gen:  0)
  1710968    126872 1275543312  0.000  0.000   33.860   20.667    0    0  (Gen:  0)
  1036888     36224 1275562016  0.000  0.000   33.861   20.667    0    0  (Gen:  0)
  1031864     79912 1275615864  0.001  0.000   33.862   20.668    0    0  (Gen:  0)
  1036080    117760 1275672432  0.001  0.000   33.863   20.668    0    0  (Gen:  0)
  1034056    130120 1275738200  0.001  0.000   33.865   20.669    0    0  (Gen:  0)
  1031240    134904 1275799376  0.001  0.000   33.866   20.670    0    0  (Gen:  0)
  1036104    133184 1275861304  0.001  0.000   33.868   20.671    0    0  (Gen:  0)
  1034008    136208 1275928192  0.001  0.000   33.869   20.671    0    0  (Gen:  0)
  1033344    138488 1275992248  0.001  0.000   33.871   20.672    0    0  (Gen:  0)
  1034672    136904 1276054824  0.001  0.000   33.872   20.673    0    0  (Gen:  0)
  1033600    137288 1276120472  0.001  0.000   33.874   20.674    0    0  (Gen:  0)
  1036840    133720 1276178768  0.001  0.000   33.875   20.674    0    0  (Gen:  0)
  1035960    134744 1276245216  0.001  0.000   33.877   20.675    0    0  (Gen:  0)
  1036904    133880 1276304544  0.001  0.000   33.878   20.676    0    0  (Gen:  0)
  1034552    137040 1276373008  0.001  0.000   33.880   20.677    0    0  (Gen:  0)
  1033584    151144 1276447048  0.001  0.000   33.882   20.677    0    0  (Gen:  0)
  1034576    153984 1276517448  0.001  0.000   33.883   20.678    0    0  (Gen:  0)
  1033512    137448 1276575480  0.001  0.000   33.885   20.679    0    0  (Gen:  0)
  1032880    118776 1276627344  0.001  0.000   33.886   20.680    0    0  (Gen:  0)
  1032648    115416 1276679408  0.001  0.000   33.888   20.680    0    0  (Gen:  0)
  1034472    117576 1276737536  0.001  0.000   33.889   20.681    0    0  (Gen:  0)
  1034528    131528 1276803448  0.001  0.000   33.890   20.682    0    0  (Gen:  0)
  1036408    132000 1276858320  0.001  0.000   33.892   20.682    0    0  (Gen:  0)
  1032144    137360 1276933032  0.001  0.000   33.893   20.683    0    0  (Gen:  0)
  1032896    161200 1277009200  0.001  0.000   33.895   20.684    0    0  (Gen:  0)
  1032968    151008 1277074424  0.001  0.000   33.897   20.685    0    0  (Gen:  0)
  1188072    176504 1277181664  0.001  0.000   33.898   20.686    0    0  (Gen:  0)
  1516648    237560 1277372936  0.001  0.000   33.901   20.687    0    0  (Gen:  0)
  2061136     97048 1277432384  0.000  0.000   33.903   20.689    0    0  (Gen:  0)
  1331928     44264 1277449712  0.000  0.000   33.904   20.690    0    0  (Gen:  0)
  1548696     41640 1277470136  0.000  0.000   33.906   20.691    0    0  (Gen:  0)
  2418880     52592 1277501496  0.000  0.000   33.909   20.694    0    0  (Gen:  0)
  3031376    245984 1277799944  0.000  0.000   33.913   20.699    0    0  (Gen:  0)
  1721760    528672 1278242184  0.001  0.000   33.915   20.701    0    0  (Gen:  0)
  1032192    743344 1278586248  0.002  0.001   33.918   20.702    0    0  (Gen:  0)
  1064608    321304 1278936872  0.001  0.000   33.921   20.703    0    0  (Gen:  0)
  1072280     18600 1278977720  0.000  0.000   33.922   20.704    0    0  (Gen:  0)
  1039032     26080 1278991632  0.000  0.000   33.923   20.704    0    0  (Gen:  0)
  1033464     70936 1279043320  0.001  0.000   33.924   20.705    0    0  (Gen:  0)
  1035448    121848 1279102176  0.001  0.000   33.925   20.705    0    0  (Gen:  0)
  1032912    129112 1279163912  0.001  0.000   33.926   20.706    0    0  (Gen:  0)
  1032360    138384 1279232984  0.001  0.000   33.928   20.707    0    0  (Gen:  0)
  1036240    137000 1279293128  0.001  0.000   33.929   20.708    0    0  (Gen:  0)
  1034072    137160 1279357720  0.001  0.000   33.931   20.708    0    0  (Gen:  0)
  1032944    140456 1279422840  0.001  0.000   33.932   20.709    0    0  (Gen:  0)
  1034968    138200 1279485800  0.001  0.000   33.934   20.710    0    0  (Gen:  0)
  1034512    139112 1279550688  0.001  0.000   33.936   20.711    0    0  (Gen:  0)
  1035384    131784 1279607784  0.001  0.000   33.937   20.711    0    0  (Gen:  0)
  1036136    133968 1279674072  0.001  0.000   33.939   20.712    0    0  (Gen:  0)
  1036456    136416 1279733568  0.001  0.000   33.940   20.713    0    0  (Gen:  0)
  1035416    135600 1279801816  0.001  0.000   33.942   20.714    0    0  (Gen:  0)
  1033688    149208 1279873024  0.001  0.000   33.943   20.714    0    0  (Gen:  0)
  1034152    154600 1279947112  0.001  0.000   33.945   20.715    0    0  (Gen:  0)
  1033032    146272 1280009872  0.001  0.000   33.946   20.716    0    0  (Gen:  0)
  1032952    122856 1280060360  0.001  0.000   33.948   20.717    0    0  (Gen:  0)
  1033464    116016 1280114832  0.001  0.000   33.949   20.717    0    0  (Gen:  0)
  1033808    116696 1280166704  0.001  0.000   33.950   20.718    0    0  (Gen:  0)
  1034704    128256 1280232832  0.001  0.000   33.952   20.719    0    0  (Gen:  0)
  1036000    129120 1280285216  0.001  0.000   33.953   20.719    0    0  (Gen:  0)
  1033024    130688 1280356112  0.001  0.000   33.955   20.720    0    0  (Gen:  0)
  1032960    163552 1280437816  0.001  0.000   33.956   20.721    0    0  (Gen:  0)
  1033288    154080 1280501664  0.001  0.000   33.958   20.722    0    0  (Gen:  0)
  1130616    156096 1280653352  0.001  0.000   33.960   20.723    0    0  (Gen:  0)
  1504008    225848 1280820856  0.001  0.000   33.961   20.723    0    0  (Gen:  0)
  2289608    119016 1280905552  0.001  0.000   33.964   20.725    0    0  (Gen:  0)
  2230936     42160 1280921912  0.000  0.000   33.966   20.727    0    0  (Gen:  0)
  1510752     37976 1280933664  0.000  0.000   33.968   20.729    0    0  (Gen:  0)
  2928704     66552 1280982112  0.000  0.000   33.971   20.732    0    0  (Gen:  0)
  1137912     48856 1280968384  0.000  0.000   33.972   20.733    0    0  (Gen:  0)
  3619672     73776 1281091224  0.001  0.000   33.976   20.736    0    0  (Gen:  0)
  2908184    528240 1281754088  0.001  0.000   33.980   20.740    0    0  (Gen:  0)
  1032192    844944 1282098152  0.002  0.001   33.983   20.741    0    0  (Gen:  0)
  1065464    335352 1282462760  0.002  0.000   33.985   20.742    0    0  (Gen:  0)
  1304880     18568 1282504944  0.000  0.000   33.986   20.743    0    0  (Gen:  0)
  1037400     35872 1282523824  0.000  0.000   33.987   20.743    0    0  (Gen:  0)
  1033160     81896 1282579104  0.001  0.000   33.988   20.744    0    0  (Gen:  0)
  1035936    120544 1282636728  0.001  0.000   33.990   20.745    0    0  (Gen:  0)
  1034152    131272 1282702736  0.001  0.000   33.991   20.746    0    0  (Gen:  0)
  1031224    134384 1282763064  0.001  0.000   33.993   20.746    0    0  (Gen:  0)
  1035944    132376 1282824784  0.001  0.000   33.994   20.747    0    0  (Gen:  0)
  1034056    135272 1282890224  0.001  0.000   33.996   20.748    0    0  (Gen:  0)
  1033416    139312 1282956160  0.001  0.000   33.997   20.749    0    0  (Gen:  0)
  1034728    136504 1283018560  0.001  0.000   33.999   20.749    0    0  (Gen:  0)
  1033656    137264 1283083888  0.001  0.000   34.000   20.750    0    0  (Gen:  0)
  1036632    133080 1283141664  0.001  0.000   34.002   20.751    0    0  (Gen:  0)
  1036192    134520 1283208128  0.001  0.000   34.003   20.752    0    0  (Gen:  0)
  1036736    134136 1283267544  0.001  0.000   34.005   20.752    0    0  (Gen:  0)
  1034616    137352 1283336016  0.001  0.000   34.006   20.753    0    0  (Gen:  0)
  1033688    151896 1283410520  0.001  0.000   34.008   20.754    0    0  (Gen:  0)
  1034552    154344 1283480712  0.001  0.000   34.010   20.755    0    0  (Gen:  0)
  1033480    137288 1283538248  0.001  0.000   34.011   20.755    0    0  (Gen:  0)
  1032944    119008 1283590560  0.001  0.000   34.012   20.756    0    0  (Gen:  0)
  1032568    116480 1283642960  0.001  0.000   34.014   20.757    0    0  (Gen:  0)
  1034280    117336 1283700184  0.001  0.000   34.015   20.757    0    0  (Gen:  0)
  1034776    131096 1283766072  0.001  0.000   34.017   20.758    0    0  (Gen:  0)
  1036320    131968 1283821408  0.001  0.000   34.018   20.759    0    0  (Gen:  0)
  1032096    138384 1283896408  0.001  0.000   34.019   20.759    0    0  (Gen:  0)
  1033056    164080 1283975008  0.001  0.000   34.021   20.760    0    0  (Gen:  0)
  1032864    150992 1284037496  0.001  0.000   34.022   20.761    0    0  (Gen:  0)
  1246712    170576 1284174488  0.001  0.000   34.024   20.762    0    0  (Gen:  0)
  1498120    238160 1284336384  0.001  0.000   34.026   20.763    0    0  (Gen:  0)
  1952264     99720 1284394600  0.000  0.000   34.028   20.764    0    0  (Gen:  0)
  1576800     44360 1284416920  0.000  0.000   34.030   20.766    0    0  (Gen:  0)
  1182256     41720 1284436624  0.000  0.000   34.031   20.767    0    0  (Gen:  0)
  2246680     54456 1284474024  0.000  0.000   34.034   20.770    0    0  (Gen:  0)
  3360872    240776 1284772624  0.000  0.000   34.038   20.773    0    0  (Gen:  0)
  1497056    411736 1285129840  0.001  0.000   34.041   20.776    0    0  (Gen:  0)
  1032192    625144 1285473904  0.001  0.001   34.043   20.777    0    0  (Gen:  0)
  1032192    351272 1285817968  0.001  0.000   34.045   20.777    0    0  (Gen:  0)
  1642816    104400 1285984192  0.000  0.000   34.047   20.779    0    0  (Gen:  0)
  1036888     36424 1286002880  0.000  0.000   34.048   20.779    0    0  (Gen:  0)
  1032032     80000 1286060600  0.001  0.000   34.049   20.780    0    0  (Gen:  0)
  1035896    117536 1286116856  0.001  0.000   34.050   20.781    0    0  (Gen:  0)
  1034096    131120 1286183104  0.001  0.000   34.052   20.781    0    0  (Gen:  0)
  1031448    136592 1286244896  0.001  0.000   34.053   20.782    0    0  (Gen:  0)
  1035944    133888 1286306424  0.001  0.000   34.054   20.783    0    0  (Gen:  0)
  1033976    136856 1286373720  0.001  0.000   34.056   20.784    0    0  (Gen:  0)
  1033392    139312 1286437880  0.001  0.000   34.057   20.784    0    0  (Gen:  0)
  1034592    136816 1286499824  0.001  0.000   34.059   20.785    0    0  (Gen:  0)
  1033648    137560 1286565744  0.001  0.000   34.060   20.786    0    0  (Gen:  0)
  1036784    134264 1286623928  0.001  0.000   34.062   20.786    0    0  (Gen:  0)
  1036064    135048 1286690392  0.001  0.000   34.063   20.787    0    0  (Gen:  0)
  1036848    133400 1286749000  0.001  0.000   34.065   20.788    0    0  (Gen:  0)
  1034528    137192 1286818216  0.001  0.000   34.066   20.789    0    0  (Gen:  0)
  1033552    152024 1286892152  0.001  0.000   34.068   20.789    0    0  (Gen:  0)
  1034576    153944 1286962304  0.001  0.000   34.069   20.790    0    0  (Gen:  0)
  1033552    138064 1287020856  0.001  0.000   34.071   20.791    0    0  (Gen:  0)
  1032856    119592 1287073208  0.001  0.000   34.072   20.792    0    0  (Gen:  0)
  1032640    115856 1287125080  0.001  0.000   34.073   20.792    0    0  (Gen:  0)
  1034584    117968 1287182984  0.001  0.000   34.075   20.793    0    0  (Gen:  0)
  1034416    132080 1287249208  0.001  0.000   34.076   20.794    0    0  (Gen:  0)
  1036392    131088 1287302872  0.001  0.000   34.078   20.794    0    0  (Gen:  0)
  1032152    137112 1287378168  0.001  0.000   34.079   20.795    0    0  (Gen:  0)
  1032888    162304 1287454568  0.001  0.000   34.081   20.796    0    0  (Gen:  0)
  1032968    151232 1287519600  0.001  0.000   34.082   20.797    0    0  (Gen:  0)
  2380784    272016 1287787296  0.001  0.000   34.085   20.798    0    0  (Gen:  0)
  2838824    132280 1287678128  0.000  0.000   34.088   20.800    0    0  (Gen:  0)
  2429064     49688 1287706696  0.000  0.000   34.090   20.803    0    0  (Gen:  0)
  3010088     72152 1287743752  0.000  0.000   34.093   20.806    0    0  (Gen:  0)
  1175352     51856 1287762976  0.000  0.000   34.094   20.807    0    0  (Gen:  0)
  2918248     64160 1287804888  0.000  0.000   34.098   20.810    0    0  (Gen:  0)
  3300120    442416 1288426656  0.001  0.000   34.102   20.814    0    0  (Gen:  0)
  1032192    757528 1288770720  0.002  0.001   34.105   20.815    0    0  (Gen:  0)
  1032192    351376 1289114784  0.002  0.000   34.107   20.816    0    0  (Gen:  0)
  1614424     94992 1289271504  0.000  0.000   34.109   20.817    0    0  (Gen:  0)
  1036944     36608 1289290312  0.000  0.000   34.109   20.818    0    0  (Gen:  0)
  1031960     80128 1289343832  0.000  0.000   34.111   20.818    0    0  (Gen:  0)
  1035896    117904 1289400088  0.001  0.000   34.112   20.819    0    0  (Gen:  0)
  1034096    131248 1289466336  0.001  0.000   34.113   20.820    0    0  (Gen:  0)
  1031448    136720 1289528128  0.001  0.000   34.115   20.821    0    0  (Gen:  0)
  1035944    134016 1289589656  0.001  0.000   34.116   20.821    0    0  (Gen:  0)
  1033976    136984 1289656952  0.001  0.000   34.118   20.822    0    0  (Gen:  0)
  1033392    139440 1289721112  0.001  0.000   34.119   20.823    0    0  (Gen:  0)
  1034592    136944 1289783056  0.001  0.000   34.121   20.824    0    0  (Gen:  0)
  1033648    137688 1289848976  0.001  0.000   34.122   20.824    0    0  (Gen:  0)
  1036784    134392 1289907160  0.001  0.000   34.124   20.825    0    0  (Gen:  0)
  1036064    135176 1289973624  0.001  0.000   34.125   20.826    0    0  (Gen:  0)
  1036848    133528 1290032232  0.001  0.000   34.127   20.827    0    0  (Gen:  0)
  1034528    137320 1290101448  0.001  0.000   34.128   20.827    0    0  (Gen:  0)
  1033552    152152 1290175384  0.001  0.000   34.130   20.828    0    0  (Gen:  0)
  1034576    154072 1290245536  0.001  0.000   34.131   20.829    0    0  (Gen:  0)
  1033552    138192 1290304088  0.001  0.000   34.133   20.830    0    0  (Gen:  0)
  1032856    119720 1290356440  0.001  0.000   34.134   20.830    0    0  (Gen:  0)
  1032640    115984 1290408312  0.001  0.000   34.135   20.831    0    0  (Gen:  0)
  1034584    118096 1290466216  0.000  0.000   34.136   20.832    0    0  (Gen:  0)
  1034416    132208 1290532440  0.001  0.000   34.138   20.832    0    0  (Gen:  0)
  1036392    131216 1290586104  0.001  0.000   34.139   20.833    0    0  (Gen:  0)
  1032152    137240 1290661400  0.001  0.000   34.141   20.834    0    0  (Gen:  0)
  1032888    162432 1290737800  0.001  0.000   34.142   20.834    0    0  (Gen:  0)
  1032968    151360 1290802832  0.001  0.000   34.144   20.835    0    0  (Gen:  0)
  2380600    271512 1291069904  0.001  0.000   34.146   20.837    0    0  (Gen:  0)
  1946744    121840 1290954920  0.000  0.000   34.149   20.838    0    0  (Gen:  0)
  1932880     37264 1290972664  0.000  0.000   34.151   20.840    0    0  (Gen:  0)
  1172816     39032 1290984984  0.000  0.000   34.152   20.841    0    0  (Gen:  0)
  3320968     67872 1291093880  0.000  0.000   34.155   20.844    0    0  (Gen:  0)
  1885928    295440 1291348704  0.000  0.000   34.158   20.848    0    0  (Gen:  0)
  1939464    619184 1291884752  0.002  0.000   34.161   20.850    0    0  (Gen:  0)
  1032192    798608 1292228816  0.003  0.001   34.164   20.851    0    0  (Gen:  0)
  2068344    234712 1292525160  0.001  0.000   34.166   20.852    0    0  (Gen:  0)
  1037520     38240 1292545144  0.000  0.000   34.168   20.853    0    0  (Gen:  0)
  1031744     82104 1292599160  0.001  0.000   34.169   20.854    0    0  (Gen:  0)
  1036168    120080 1292661256  0.001  0.000   34.170   20.854    0    0  (Gen:  0)
  1034216    132200 1292727264  0.001  0.000   34.172   20.855    0    0  (Gen:  0)
  1031056    135256 1292788104  0.001  0.000   34.173   20.856    0    0  (Gen:  0)
  1035984    133064 1292849552  0.001  0.000   34.174   20.856    0    0  (Gen:  0)
  1034008    135776 1292915480  0.001  0.000   34.176   20.857    0    0  (Gen:  0)
  1033080    140824 1292981752  0.001  0.000   34.178   20.858    0    0  (Gen:  0)
  1034824    135432 1293043008  0.001  0.000   34.179   20.859    0    0  (Gen:  0)
  1034064    137536 1293109120  0.001  0.000   34.181   20.859    0    0  (Gen:  0)
  1036608    131672 1293166672  0.001  0.000   34.182   20.860    0    0  (Gen:  0)
  1036184    133552 1293231800  0.001  0.000   34.183   20.861    0    0  (Gen:  0)
  1036632    134896 1293292496  0.001  0.000   34.185   20.862    0    0  (Gen:  0)
  1034600    139000 1293360952  0.001  0.000   34.187   20.862    0    0  (Gen:  0)
  1033752    152496 1293435240  0.001  0.000   34.188   20.863    0    0  (Gen:  0)
  1034504    155952 1293506448  0.001  0.000   34.190   20.864    0    0  (Gen:  0)
  1033432    136552 1293561776  0.001  0.000   34.191   20.865    0    0  (Gen:  0)
  1032976    116840 1293615128  0.001  0.000   34.193   20.865    0    0  (Gen:  0)
  1032344    116672 1293666368  0.001  0.000   34.194   20.866    0    0  (Gen:  0)
  1034688    117056 1293724096  0.001  0.000   34.195   20.867    0    0  (Gen:  0)
  1034744    131168 1293789440  0.001  0.000   34.197   20.867    0    0  (Gen:  0)
  1036336    131624 1293846464  0.001  0.000   34.198   20.868    0    0  (Gen:  0)
  1031576    140880 1293921944  0.001  0.000   34.200   20.869    0    0  (Gen:  0)
  1033144    163184 1293999256  0.001  0.000   34.201   20.870    0    0  (Gen:  0)
  1033016    149696 1294061432  0.001  0.000   34.203   20.870    0    0  (Gen:  0)
  2353504    267352 1294299200  0.001  0.000   34.206   20.872    0    0  (Gen:  0)
  2309952    127592 1294219280  0.000  0.000   34.208   20.874    0    0  (Gen:  0)
  1404496     38504 1294228088  0.000  0.000   34.210   20.875    0    0  (Gen:  0)
  3280744     54592 1294263528  0.000  0.000   34.213   20.878    0    0  (Gen:  0)
  1941776     64608 1294299352  0.000  0.000   34.215   20.880    0    0  (Gen:  0)
  1474744     43704 1294317064  0.000  0.000   34.217   20.882    0    0  (Gen:  0)
  1182360     41320 1294339736  0.000  0.000   34.218   20.883    0    0  (Gen:  0)
  3278960    331568 1294814224  0.001  0.000   34.223   20.888    0    0  (Gen:  0)
  1174776    535536 1295080872  0.001  0.000   34.225   20.889    0    0  (Gen:  0)
  1032192    585448 1295424912  0.002  0.001   34.228   20.890    0    0  (Gen:  0)
  1067384    315656 1295769456  0.001  0.000   34.230   20.891    0    0  (Gen:  0)
  1282400     18960 1295814168  0.000  0.000   34.231   20.892    0    0  (Gen:  0)
  1037008     37656 1295835144  0.000  0.000   34.232   20.892    0    0  (Gen:  0)
  1033264     84176 1295894392  0.001  0.000   34.233   20.893    0    0  (Gen:  0)
  1036248    119728 1295950176  0.001  0.000   34.235   20.893    0    0  (Gen:  0)
  1034264    131272 1296016648  0.001  0.000   34.236   20.894    0    0  (Gen:  0)
  1030888    135008 1296076744  0.001  0.000   34.238   20.895    0    0  (Gen:  0)
  1036152    133272 1296138816  0.001  0.000   34.239   20.896    0    0  (Gen:  0)
  1033688    136296 1296204752  0.001  0.000   34.241   20.897    0    0  (Gen:  0)
  1033416    141240 1296271168  0.001  0.000   34.242   20.897    0    0  (Gen:  0)
  1034824    135864 1296332464  0.001  0.000   34.244   20.898    0    0  (Gen:  0)
  1033936    137592 1296398416  0.001  0.000   34.245   20.899    0    0  (Gen:  0)
  1036472    131816 1296455960  0.001  0.000   34.247   20.900    0    0  (Gen:  0)
  1036384    132848 1296520432  0.001  0.000   34.248   20.900    0    0  (Gen:  0)
  1036656    135640 1296582576  0.001  0.000   34.250   20.901    0    0  (Gen:  0)
  1034656    139576 1296650240  0.001  0.000   34.251   20.902    0    0  (Gen:  0)
  1033600    151824 1296724656  0.001  0.000   34.253   20.902    0    0  (Gen:  0)
  1034528    156624 1296796352  0.001  0.000   34.254   20.903    0    0  (Gen:  0)
  1033544    135720 1296850688  0.001  0.000   34.256   20.904    0    0  (Gen:  0)
  1032888    116776 1296904640  0.001  0.000   34.257   20.905    0    0  (Gen:  0)
  1032328    117568 1296956368  0.001  0.000   34.259   20.905    0    0  (Gen:  0)
  1034800    117696 1297013960  0.001  0.000   34.260   20.906    0    0  (Gen:  0)
  1034672    130280 1297078328  0.001  0.000   34.261   20.907    0    0  (Gen:  0)
  1036424    132328 1297136952  0.001  0.000   34.263   20.907    0    0  (Gen:  0)
  1031488    142000 1297212032  0.001  0.000   34.264   20.908    0    0  (Gen:  0)
  1033192    163128 1297289360  0.001  0.000   34.266   20.909    0    0  (Gen:  0)
  1032736    149096 1297350808  0.001  0.000   34.267   20.910    0    0  (Gen:  0)
  2671064    299448 1297617072  0.001  0.000   34.270   20.911    0    0  (Gen:  0)
  1487504    122120 1297499472  0.000  0.000   34.272   20.913    0    0  (Gen:  0)
  1210848     35696 1297514592  0.000  0.000   34.274   20.914    0    0  (Gen:  0)
  2261968     42776 1297533328  0.000  0.000   34.276   20.916    0    0  (Gen:  0)
  3140304     69296 1297605512  0.000  0.000   34.279   20.919    0    0  (Gen:  0)
  3459664    509952 1298259136  0.001  0.000   34.284   20.923    0    0  (Gen:  0)
  1032192    827192 1298603200  0.002  0.001   34.287   20.924    0    0  (Gen:  0)
  1032192    351584 1298947264  0.002  0.000   34.288   20.925    0    0  (Gen:  0)
  1406392     23920 1299032712  0.000  0.000   34.290   20.926    0    0  (Gen:  0)
  1037400     37056 1299051592  0.000  0.000   34.291   20.927    0    0  (Gen:  0)
  1033168     81976 1299106512  0.000  0.000   34.292   20.928    0    0  (Gen:  0)
  1036024    118904 1299162416  0.001  0.000   34.293   20.928    0    0  (Gen:  0)
  1034096    130760 1299228168  0.001  0.000   34.295   20.929    0    0  (Gen:  0)
  1031248    135352 1299289368  0.001  0.000   34.296   20.930    0    0  (Gen:  0)
  1035904    133280 1299350720  0.001  0.000   34.298   20.930    0    0  (Gen:  0)
  1034016    136928 1299417936  0.001  0.000   34.299   20.931    0    0  (Gen:  0)
  1033440    139768 1299482472  0.001  0.000   34.301   20.932    0    0  (Gen:  0)
  1034760    137496 1299545176  0.001  0.000   34.302   20.933    0    0  (Gen:  0)
  1033616    138016 1299610408  0.001  0.000   34.304   20.933    0    0  (Gen:  0)
  1036792    134280 1299668736  0.001  0.000   34.305   20.934    0    0  (Gen:  0)
  1036032    135192 1299734984  0.001  0.000   34.306   20.935    0    0  (Gen:  0)
  1036896    134768 1299794544  0.001  0.000   34.308   20.936    0    0  (Gen:  0)
  1034496    137664 1299862744  0.001  0.001   34.309   20.937    0    0  (Gen:  0)
  1033648    151960 1299936880  0.001  0.000   34.310   20.938    0    0  (Gen:  0)
  1034576    154264 1300006872  0.001  0.000   34.311   20.939    0    0  (Gen:  0)
  1033456    137928 1300065032  0.001  0.000   34.313   20.939    0    0  (Gen:  0)
  1032928    119632 1300117256  0.001  0.000   34.314   20.940    0    0  (Gen:  0)
  1032608    116384 1300169232  0.001  0.000   34.316   20.941    0    0  (Gen:  0)
  1034464    117704 1300226992  0.001  0.000   34.317   20.941    0    0  (Gen:  0)
  1034568    131920 1300292928  0.001  0.000   34.318   20.942    0    0  (Gen:  0)
  1036392    132344 1300347648  0.001  0.000   34.320   20.943    0    0  (Gen:  0)
  1032024    137752 1300422192  0.001  0.000   34.321   20.944    0    0  (Gen:  0)
  1033048    162712 1300499480  0.001  0.000   34.323   20.944    0    0  (Gen:  0)
  1032968    151472 1300563632  0.001  0.000   34.324   20.945    0    0  (Gen:  0)
  2372048    269896 1300830704  0.001  0.000   34.327   20.946    0    0  (Gen:  0)
  1649384    121800 1300715768  0.000  0.000   34.329   20.948    0    0  (Gen:  0)
  2075024     39208 1300731808  0.000  0.000   34.331   20.950    0    0  (Gen:  0)
  1544480     42936 1300747240  0.000  0.000   34.333   20.951    0    0  (Gen:  0)
  3661304     76104 1300834544  0.000  0.000   34.336   20.955    0    0  (Gen:  0)
  1865640    292304 1301038952  0.000  0.000   34.340   20.958    0    0  (Gen:  0)
  1601088    501032 1301472336  0.001  0.000   34.342   20.960    0    0  (Gen:  0)
  1032192    695960 1301816400  0.002  0.001   34.345   20.961    0    0  (Gen:  0)
  1064904    347432 1302192624  0.002  0.000   34.347   20.962    0    0  (Gen:  0)
  1072600     19048 1302232408  0.000  0.000   34.348   20.963    0    0  (Gen:  0)
  1039512     23664 1302238584  0.000  0.000   34.349   20.963    0    0  (Gen:  0)
  1033392     67104 1302293752  0.000  0.000   34.350   20.964    0    0  (Gen:  0)
  1035248    120544 1302352920  0.001  0.000   34.351   20.964    0    0  (Gen:  0)
  1034544    129944 1302415560  0.001  0.000   34.353   20.965    0    0  (Gen:  0)
  1031672    138952 1302482880  0.001  0.000   34.354   20.966    0    0  (Gen:  0)
  1035424    139360 1302541728  0.001  0.000   34.356   20.967    0    0  (Gen:  0)
  1034088    136784 1302606288  0.001  0.000   34.357   20.968    0    0  (Gen:  0)
  1033360    141280 1302671520  0.001  0.000   34.359   20.968    0    0  (Gen:  0)
  1034712    138048 1302733496  0.001  0.000   34.360   20.969    0    0  (Gen:  0)
  1034040    141232 1302800352  0.001  0.000   34.362   20.970    0    0  (Gen:  0)
  1035648    131648 1302855112  0.001  0.000   34.363   20.971    0    0  (Gen:  0)
  1036408    133040 1302923160  0.001  0.000   34.364   20.971    0    0  (Gen:  0)
  1036464    138672 1302982760  0.001  0.000   34.366   20.972    0    0  (Gen:  0)
  1035392    137880 1303050568  0.001  0.000   34.367   20.973    0    0  (Gen:  0)
  1033392    149568 1303122008  0.001  0.000   34.369   20.974    0    0  (Gen:  0)
  1034536    152656 1303194464  0.001  0.000   34.370   20.974    0    0  (Gen:  0)
  1032936    144704 1303257688  0.001  0.000   34.372   20.975    0    0  (Gen:  0)
  1033208    124824 1303309584  0.001  0.000   34.373   20.976    0    0  (Gen:  0)
  1033168    119216 1303366248  0.001  0.000   34.375   20.977    0    0  (Gen:  0)
  1033608    116136 1303415840  0.001  0.000   34.376   20.977    0    0  (Gen:  0)
  1035384    124088 1303480256  0.001  0.000   34.377   20.978    0    0  (Gen:  0)
  1036016    128104 1303532608  0.001  0.000   34.379   20.979    0    0  (Gen:  0)
  1032832    135520 1303607888  0.001  0.000   34.380   20.979    0    0  (Gen:  0)
  1032704    165320 1303689328  0.001  0.000   34.382   20.980    0    0  (Gen:  0)
  1033680    153376 1303752232  0.001  0.000   34.383   20.981    0    0  (Gen:  0)
  1029464    126768 1303806920  0.001  0.000   34.385   20.982    0    0  (Gen:  0)
  2007624    255936 1304099712  0.001  0.000   34.387   20.983    0    0  (Gen:  0)
  2215176     84960 1304062584  0.000  0.000   34.390   20.985    0    0  (Gen:  0)
  2203856     46352 1304141536  0.000  0.000   34.392   20.987    0    0  (Gen:  0)
  2733264     61760 1304173944  0.000  0.000   34.395   20.990    0    0  (Gen:  0)
  3106312     74928 1304217160  0.000  0.000   34.398   20.993    0    0  (Gen:  0)
  3542960     89872 1304314144  0.001  0.000   34.402   20.996    0    0  (Gen:  0)
  2567096    500200 1304945256  0.001  0.000   34.406   21.000    0    0  (Gen:  0)
  1032192    807800 1305289320  0.002  0.001   34.409   21.001    0    0  (Gen:  0)
  1032192    351688 1305633384  0.002  0.000   34.411   21.002    0    0  (Gen:  0)
  1416480     30056 1305724864  0.000  0.000   34.413   21.003    0    0  (Gen:  0)
  1037680     36856 1305743120  0.000  0.000   34.413   21.004    0    0  (Gen:  0)
  1032000     80416 1305800808  0.001  0.000   34.414   21.004    0    0  (Gen:  0)
  1035896    117952 1305857064  0.001  0.000   34.416   21.005    0    0  (Gen:  0)
  1034096    131536 1305923312  0.001  0.000   34.417   21.006    0    0  (Gen:  0)
  1031448    137008 1305985104  0.001  0.000   34.419   21.007    0    0  (Gen:  0)
  1035944    134304 1306046632  0.001  0.000   34.420   21.007    0    0  (Gen:  0)
  1033976    137272 1306113928  0.001  0.000   34.421   21.008    0    0  (Gen:  0)
  1033392    139728 1306178088  0.001  0.000   34.423   21.009    0    0  (Gen:  0)
  1034592    137232 1306240032  0.001  0.000   34.424   21.010    0    0  (Gen:  0)
  1033648    137976 1306305952  0.001  0.000   34.426   21.010    0    0  (Gen:  0)
  1036784    134680 1306364136  0.001  0.000   34.427   21.011    0    0  (Gen:  0)
  1036064    135464 1306430600  0.001  0.000   34.429   21.012    0    0  (Gen:  0)
  1036848    133816 1306489208  0.001  0.000   34.430   21.013    0    0  (Gen:  0)
  1034528    137608 1306558424  0.001  0.000   34.432   21.013    0    0  (Gen:  0)
  1033552    152440 1306632360  0.001  0.000   34.433   21.014    0    0  (Gen:  0)
  1034576    154360 1306702512  0.001  0.000   34.435   21.015    0    0  (Gen:  0)
  1033552    138480 1306761064  0.001  0.000   34.436   21.016    0    0  (Gen:  0)
  1032856    120008 1306813416  0.001  0.000   34.438   21.016    0    0  (Gen:  0)
  1032640    116272 1306865288  0.001  0.000   34.439   21.017    0    0  (Gen:  0)
  1034584    118384 1306923192  0.001  0.000   34.440   21.018    0    0  (Gen:  0)
  1034416    132496 1306989416  0.001  0.000   34.442   21.018    0    0  (Gen:  0)
  1036392    131504 1307043080  0.001  0.000   34.443   21.019    0    0  (Gen:  0)
  1032152    137528 1307118376  0.001  0.000   34.445   21.020    0    0  (Gen:  0)
  1032888    162720 1307194776  0.001  0.000   34.446   21.021    0    0  (Gen:  0)
  1032968    151648 1307259808  0.001  0.000   34.448   21.021    0    0  (Gen:  0)
  1549632    202144 1307424448  0.001  0.000   34.450   21.022    0    0  (Gen:  0)
  1501368    265440 1307586168  0.001  0.000   34.452   21.023    0    0  (Gen:  0)
  1734528     71328 1307616808  0.000  0.000   34.454   21.025    0    0  (Gen:  0)
  2511712     56392 1307613088  0.000  0.000   34.456   21.027    0    0  (Gen:  0)
  2689640     67192 1307691032  0.000  0.000   34.459   21.030    0    0  (Gen:  0)
  2724616    330232 1308063576  0.002  0.000   34.464   21.035    0    0  (Gen:  0)
  1408472    484416 1308387000  0.001  0.000   34.467   21.036    0    0  (Gen:  0)
  1032192    548024 1308731064  0.002  0.001   34.468   21.037    0    0  (Gen:  0)
  1032192    351744 1309075128  0.001  0.000   34.470   21.037    0    0  (Gen:  0)
  1461944     29064 1309165552  0.000  0.000   34.473   21.039    0    0  (Gen:  0)
  1037008     39360 1309186528  0.000  0.000   34.473   21.039    0    0  (Gen:  0)
  1033232     84464 1309245744  0.001  0.000   34.475   21.040    0    0  (Gen:  0)
  1036248    120016 1309301528  0.001  0.000   34.476   21.041    0    0  (Gen:  0)
  1034264    131560 1309368000  0.001  0.000   34.477   21.041    0    0  (Gen:  0)
  1030888    135296 1309428096  0.001  0.000   34.479   21.042    0    0  (Gen:  0)
  1036152    133560 1309490168  0.001  0.000   34.480   21.043    0    0  (Gen:  0)
  1033688    136584 1309556104  0.000  0.000   34.481   21.044    0    0  (Gen:  0)
  1033416    141528 1309622520  0.001  0.000   34.483   21.044    0    0  (Gen:  0)
  1034824    136152 1309683816  0.001  0.000   34.485   21.045    0    0  (Gen:  0)
  1033936    137880 1309749768  0.001  0.000   34.486   21.046    0    0  (Gen:  0)
  1036472    132104 1309807312  0.001  0.000   34.487   21.047    0    0  (Gen:  0)
  1036384    133136 1309871784  0.001  0.000   34.489   21.047    0    0  (Gen:  0)
  1036656    135928 1309933928  0.001  0.000   34.490   21.048    0    0  (Gen:  0)
  1034656    139864 1310001592  0.001  0.000   34.492   21.049    0    0  (Gen:  0)
  1033600    152112 1310076008  0.001  0.000   34.494   21.050    0    0  (Gen:  0)
  1034528    156912 1310147704  0.001  0.000   34.495   21.050    0    0  (Gen:  0)
  1033544    136008 1310202040  0.001  0.000   34.497   21.051    0    0  (Gen:  0)
  1032888    117064 1310255992  0.001  0.000   34.498   21.052    0    0  (Gen:  0)
  1032328    117856 1310307720  0.001  0.000   34.499   21.052    0    0  (Gen:  0)
  1034800    117984 1310365312  0.001  0.000   34.501   21.053    0    0  (Gen:  0)
  1034672    130568 1310429680  0.001  0.000   34.502   21.054    0    0  (Gen:  0)
  1036424    132616 1310488304  0.001  0.000   34.504   21.054    0    0  (Gen:  0)
  1031488    142288 1310563384  0.001  0.000   34.505   21.055    0    0  (Gen:  0)
  1033192    163416 1310640712  0.001  0.000   34.507   21.056    0    0  (Gen:  0)
  1032736    149384 1310702160  0.001  0.000   34.508   21.057    0    0  (Gen:  0)
  1236864    176840 1310845536  0.001  0.000   34.510   21.058    0    0  (Gen:  0)
  1498648    241296 1311007752  0.001  0.000   34.512   21.059    0    0  (Gen:  0)
  1990264     94552 1311063216  0.000  0.000   34.514   21.060    0    0  (Gen:  0)
  1331968     45008 1311084552  0.000  0.000   34.516   21.062    0    0  (Gen:  0)
  1107096     32064 1311094552  0.000  0.000   34.517   21.062    0    0  (Gen:  0)
  2175456     50248 1311129144  0.000  0.000   34.519   21.065    0    0  (Gen:  0)
  1980872     60880 1311195144  0.000  0.000   34.521   21.067    0    0  (Gen:  0)
  1149384     42280 1311181560  0.000  0.000   34.523   21.068    0    0  (Gen:  0)
  1184136     36216 1311229992  0.000  0.000   34.524   21.069    0    0  (Gen:  0)
  3457272    329184 1311711600  0.001  0.000   34.530   21.075    0    0  (Gen:  0)
  1437832    630664 1312073296  0.002  0.001   34.533   21.077    0    0  (Gen:  0)
  1032192    679208 1312417336  0.003  0.001   34.535   21.077    0    0  (Gen:  0)
  2023840    230048 1312708680  0.001  0.000   34.538   21.079    0    0  (Gen:  0)
  1037400     37456 1312727560  0.000  0.000   34.539   21.080    0    0  (Gen:  0)
  1033160     82568 1312782840  0.001  0.000   34.540   21.080    0    0  (Gen:  0)
  1035936    121216 1312840464  0.001  0.000   34.541   21.081    0    0  (Gen:  0)
  1034152    131944 1312906472  0.001  0.000   34.543   21.082    0    0  (Gen:  0)
  1031224    135056 1312966800  0.001  0.000   34.544   21.082    0    0  (Gen:  0)
  1035944    133048 1313028520  0.001  0.000   34.546   21.083    0    0  (Gen:  0)
  1034056    135944 1313093960  0.001  0.000   34.547   21.084    0    0  (Gen:  0)
  1033416    139984 1313159896  0.001  0.000   34.549   21.085    0    0  (Gen:  0)
  1034728    137176 1313222296  0.001  0.000   34.550   21.085    0    0  (Gen:  0)
  1033656    137936 1313287624  0.001  0.000   34.552   21.086    0    0  (Gen:  0)
  1036632    133752 1313345400  0.001  0.000   34.553   21.087    0    0  (Gen:  0)
  1036192    135192 1313411864  0.001  0.000   34.555   21.088    0    0  (Gen:  0)
  1036736    134808 1313471280  0.001  0.000   34.556   21.088    0    0  (Gen:  0)
  1034616    138024 1313539752  0.001  0.000   34.558   21.089    0    0  (Gen:  0)
  1033688    152568 1313614256  0.001  0.000   34.559   21.090    0    0  (Gen:  0)
  1034552    155016 1313684448  0.001  0.000   34.561   21.091    0    0  (Gen:  0)
  1033480    137960 1313741984  0.001  0.000   34.562   21.091    0    0  (Gen:  0)
  1032944    119680 1313794296  0.001  0.000   34.564   21.092    0    0  (Gen:  0)
  1032568    117152 1313846696  0.001  0.000   34.565   21.093    0    0  (Gen:  0)
  1034280    118008 1313903920  0.001  0.000   34.566   21.093    0    0  (Gen:  0)
  1034776    131768 1313969808  0.001  0.000   34.568   21.094    0    0  (Gen:  0)
  1036320    132640 1314025144  0.001  0.000   34.569   21.095    0    0  (Gen:  0)
  1032096    139056 1314100144  0.001  0.000   34.571   21.096    0    0  (Gen:  0)
  1033056    164752 1314178744  0.001  0.000   34.572   21.096    0    0  (Gen:  0)
  1032864    151664 1314241232  0.001  0.000   34.574   21.097    0    0  (Gen:  0)
  1641080    206416 1314450288  0.001  0.000   34.576   21.098    0    0  (Gen:  0)
  1505160    272536 1314578984  0.001  0.000   34.578   21.099    0    0  (Gen:  0)
  1437408     61272 1314703896  0.000  0.000   34.580   21.100    0    0  (Gen:  0)
  2508904     53768 1314735960  0.000  0.000   34.582   21.103    0    0  (Gen:  0)
  2769480     68024 1314783440  0.000  0.000   34.585   21.106    0    0  (Gen:  0)
  1153200     53424 1314831552  0.000  0.000   34.587   21.107    0    0  (Gen:  0)
  2796256    310816 1315191760  0.001  0.000   34.591   21.111    0    0  (Gen:  0)
  1370080    504424 1315501656  0.001  0.000   34.593   21.112    0    0  (Gen:  0)
  1032192    563536 1315845720  0.002  0.001   34.596   21.113    0    0  (Gen:  0)
  1064992    343944 1316218128  0.002  0.000   34.598   21.114    0    0  (Gen:  0)
  1072408     19280 1316258488  0.000  0.000   34.599   21.115    0    0  (Gen:  0)
  1039320     24552 1316265320  0.000  0.000   34.600   21.116    0    0  (Gen:  0)
  1029960     68152 1316316440  0.001  0.000   34.601   21.116    0    0  (Gen:  0)
  1035176    121944 1316376288  0.001  0.000   34.603   21.117    0    0  (Gen:  0)
  1035696    130208 1316437600  0.001  0.000   34.604   21.118    0    0  (Gen:  0)
  1032664    137968 1316509464  0.001  0.000   34.606   21.118    0    0  (Gen:  0)
  1035496    138536 1316568480  0.001  0.000   34.607   21.119    0    0  (Gen:  0)
  1033960    138032 1316633680  0.001  0.000   34.609   21.120    0    0  (Gen:  0)
  1033240    141360 1316697792  0.001  0.000   34.610   21.121    0    0  (Gen:  0)
  1034768    138488 1316761184  0.001  0.000   34.612   21.122    0    0  (Gen:  0)
  1034216    141968 1316827288  0.001  0.000   34.614   21.122    0    0  (Gen:  0)
  1035616    131160 1316882288  0.001  0.000   34.615   21.123    0    0  (Gen:  0)
  1036408    133600 1316950088  0.001  0.000   34.617   21.124    0    0  (Gen:  0)
  1036344    138624 1317009360  0.001  0.000   34.618   21.125    0    0  (Gen:  0)
  1035488    138120 1317077456  0.001  0.000   34.620   21.125    0    0  (Gen:  0)
  1033432    149560 1317149016  0.001  0.000   34.621   21.126    0    0  (Gen:  0)
  1034376    152976 1317221264  0.001  0.000   34.623   21.127    0    0  (Gen:  0)
  1033048    145424 1317284800  0.001  0.000   34.624   21.128    0    0  (Gen:  0)
  1033232    125096 1317336192  0.001  0.000   34.626   21.128    0    0  (Gen:  0)
  1033160    119064 1317392568  0.001  0.000   34.627   21.129    0    0  (Gen:  0)
  1033568    117440 1317443168  0.001  0.000   34.629   21.130    0    0  (Gen:  0)
  1035296    124920 1317507008  0.001  0.000   34.630   21.130    0    0  (Gen:  0)
  1036088    127864 1317558848  0.001  0.000   34.631   21.131    0    0  (Gen:  0)
  1032856    133720 1317632128  0.001  0.000   34.633   21.132    0    0  (Gen:  0)
  1032768    165976 1317713976  0.001  0.000   34.634   21.132    0    0  (Gen:  0)
  1033608    153584 1317777288  0.001  0.000   34.636   21.133    0    0  (Gen:  0)
  1035928    131720 1317836120  0.001  0.000   34.637   21.134    0    0  (Gen:  0)
  1587176    225128 1318060616  0.001  0.000   34.640   21.135    0    0  (Gen:  0)
  2343864     78688 1317946480  0.000  0.000   34.642   21.137    0    0  (Gen:  0)
  3725712     54976 1317952456  0.000  0.000   34.646   21.140    0    0  (Gen:  0)
  1257112     57160 1318003456  0.000  0.000   34.647   21.142    0    0  (Gen:  0)
  2422936     53920 1318071256  0.001  0.000   34.650   21.144    0    0  (Gen:  0)
  2724392    534312 1318747032  0.001  0.000   34.654   21.148    0    0  (Gen:  0)
  1032192    861704 1319091096  0.002  0.001   34.657   21.149    0    0  (Gen:  0)
  1063040    321704 1319441208  0.001  0.000   34.659   21.149    0    0  (Gen:  0)
  1259232     19312 1319481832  0.000  0.000   34.660   21.151    0    0  (Gen:  0)
  1037376     35864 1319504816  0.000  0.000   34.661   21.151    0    0  (Gen:  0)
  1033168     82392 1319559688  0.001  0.000   34.662   21.152    0    0  (Gen:  0)
  1036024    119320 1319615592  0.001  0.000   34.663   21.152    0    0  (Gen:  0)
  1034096    131176 1319681344  0.001  0.000   34.665   21.153    0    0  (Gen:  0)
  1031248    135768 1319742544  0.001  0.000   34.666   21.154    0    0  (Gen:  0)
  1035904    133696 1319803896  0.001  0.000   34.668   21.155    0    0  (Gen:  0)
  1034016    137344 1319871112  0.001  0.000   34.669   21.156    0    0  (Gen:  0)
  1033440    140184 1319935648  0.001  0.000   34.671   21.156    0    0  (Gen:  0)
  1034760    137912 1319998352  0.001  0.000   34.672   21.157    0    0  (Gen:  0)
  1033616    138432 1320063584  0.001  0.000   34.674   21.158    0    0  (Gen:  0)
  1036792    134696 1320121912  0.001  0.000   34.675   21.159    0    0  (Gen:  0)
  1036032    135608 1320188160  0.001  0.000   34.677   21.159    0    0  (Gen:  0)
  1036896    135184 1320247720  0.001  0.000   34.678   21.160    0    0  (Gen:  0)
  1034496    138080 1320315920  0.001  0.000   34.680   21.161    0    0  (Gen:  0)
  1033648    152376 1320390056  0.001  0.000   34.682   21.162    0    0  (Gen:  0)
  1034576    154680 1320460048  0.001  0.000   34.683   21.162    0    0  (Gen:  0)
  1033456    138344 1320518208  0.001  0.000   34.685   21.163    0    0  (Gen:  0)
  1032928    120048 1320570432  0.001  0.000   34.686   21.164    0    0  (Gen:  0)
  1032608    116800 1320622408  0.001  0.000   34.688   21.164    0    0  (Gen:  0)
  1034464    118120 1320680168  0.001  0.000   34.689   21.165    0    0  (Gen:  0)
  1034568    132336 1320746104  0.001  0.000   34.690   21.166    0    0  (Gen:  0)
  1036392    132760 1320800824  0.001  0.000   34.692   21.166    0    0  (Gen:  0)
  1032024    138168 1320875368  0.001  0.000   34.693   21.167    0    0  (Gen:  0)
  1033048    163128 1320952656  0.001  0.000   34.695   21.168    0    0  (Gen:  0)
  1032968    151888 1321016808  0.001  0.000   34.696   21.169    0    0  (Gen:  0)
  1333392    178280 1321257304  0.001  0.000   34.698   21.170    0    0  (Gen:  0)
  1482440    240928 1321387240  0.001  0.000   34.700   21.171    0    0  (Gen:  0)
  2375688     97152 1321544224  0.000  0.000   34.703   21.173    0    0  (Gen:  0)
  3873072     78568 1321601464  0.000  0.000   34.707   21.177    0    0  (Gen:  0)
  2618368     77848 1321678152  0.000  0.000   34.710   21.179    0    0  (Gen:  0)
  2458008     62848 1321713136  0.000  0.000   34.712   21.182    0    0  (Gen:  0)
  1587424     58600 1321740624  0.000  0.000   34.714   21.183    0    0  (Gen:  0)
  3579784    553552 1322479104  0.001  0.000   34.719   21.188    0    0  (Gen:  0)
  1032192    874528 1322823192  0.002  0.001   34.723   21.189    0    0  (Gen:  0)
  1067464    315432 1323166936  0.001  0.000   34.725   21.190    0    0  (Gen:  0)
  1228064     20832 1323207504  0.000  0.000   34.726   21.191    0    0  (Gen:  0)
  1037632     37064 1323226016  0.000  0.000   34.727   21.192    0    0  (Gen:  0)
  1031864     81056 1323279864  0.000  0.000   34.728   21.192    0    0  (Gen:  0)
  1036080    118904 1323336432  0.001  0.000   34.729   21.193    0    0  (Gen:  0)
  1034056    131264 1323402200  0.001  0.000   34.730   21.194    0    0  (Gen:  0)
  1031240    136048 1323463376  0.001  0.000   34.732   21.195    0    0  (Gen:  0)
  1036104    134328 1323525304  0.001  0.000   34.733   21.195    0    0  (Gen:  0)
  1034008    137352 1323592192  0.001  0.000   34.735   21.196    0    0  (Gen:  0)
  1033344    139632 1323656248  0.001  0.000   34.736   21.197    0    0  (Gen:  0)
  1034672    138048 1323718824  0.001  0.000   34.738   21.198    0    0  (Gen:  0)
  1033600    138432 1323784472  0.001  0.000   34.739   21.198    0    0  (Gen:  0)
  1036840    134864 1323842768  0.001  0.000   34.741   21.199    0    0  (Gen:  0)
  1035960    135888 1323909216  0.001  0.000   34.742   21.200    0    0  (Gen:  0)
  1036904    135024 1323968544  0.001  0.000   34.744   21.201    0    0  (Gen:  0)
  1034552    138184 1324037008  0.001  0.000   34.745   21.201    0    0  (Gen:  0)
  1033584    152288 1324111048  0.001  0.000   34.747   21.202    0    0  (Gen:  0)
  1034576    155128 1324181448  0.001  0.000   34.748   21.203    0    0  (Gen:  0)
  1033512    138592 1324239480  0.001  0.000   34.750   21.204    0    0  (Gen:  0)
  1032880    119920 1324291344  0.001  0.000   34.751   21.204    0    0  (Gen:  0)
  1032648    116560 1324343408  0.001  0.000   34.753   21.205    0    0  (Gen:  0)
  1034472    118720 1324401536  0.001  0.000   34.754   21.206    0    0  (Gen:  0)
  1034528    132672 1324467448  0.001  0.000   34.755   21.206    0    0  (Gen:  0)
  1036408    133144 1324522320  0.001  0.000   34.757   21.207    0    0  (Gen:  0)
  1032144    138504 1324597032  0.001  0.000   34.758   21.208    0    0  (Gen:  0)
  1032896    162344 1324673200  0.001  0.000   34.760   21.209    0    0  (Gen:  0)
  1032968    152152 1324738424  0.001  0.000   34.761   21.209    0    0  (Gen:  0)
  2387792    271672 1325009304  0.001  0.000   34.764   21.211    0    0  (Gen:  0)
  1650528    122128 1324890216  0.000  0.000   34.766   21.212    0    0  (Gen:  0)
  2089472     39720 1324906264  0.000  0.000   34.768   21.214    0    0  (Gen:  0)
  2476576     50816 1324933552  0.000  0.000   34.771   21.216    0    0  (Gen:  0)
  1455464     52080 1324957144  0.000  0.000   34.773   21.218    0    0  (Gen:  0)
  2588696    248336 1325221952  0.000  0.000   34.776   21.223    0    0  (Gen:  0)
  1653776    509648 1325642192  0.001  0.000   34.779   21.224    0    0  (Gen:  0)
  1032192    722880 1325986256  0.002  0.001   34.782   21.225    0    0  (Gen:  0)
  1064888    344896 1326359416  0.002  0.000   34.784   21.226    0    0  (Gen:  0)
  1325280     19520 1326399680  0.000  0.000   34.785   21.227    0    0  (Gen:  0)
  1037400     36848 1326422688  0.000  0.000   34.786   21.228    0    0  (Gen:  0)
  1033168     82520 1326477560  0.001  0.000   34.787   21.228    0    0  (Gen:  0)
  1036024    119448 1326533464  0.001  0.000   34.789   21.229    0    0  (Gen:  0)
  1034096    131304 1326599216  0.001  0.000   34.790   21.230    0    0  (Gen:  0)
  1031248    135896 1326660416  0.001  0.000   34.791   21.231    0    0  (Gen:  0)
  1035904    133824 1326721768  0.001  0.000   34.793   21.231    0    0  (Gen:  0)
  1034016    137472 1326788984  0.001  0.000   34.794   21.232    0    0  (Gen:  0)
  1033440    140312 1326853520  0.001  0.000   34.796   21.233    0    0  (Gen:  0)
  1034760    138040 1326916224  0.001  0.000   34.797   21.234    0    0  (Gen:  0)
  1033616    138560 1326981456  0.001  0.000   34.799   21.234    0    0  (Gen:  0)
  1036792    134824 1327039784  0.001  0.000   34.800   21.235    0    0  (Gen:  0)
  1036032    135736 1327106032  0.001  0.000   34.802   21.236    0    0  (Gen:  0)
  1036896    135312 1327165592  0.001  0.000   34.803   21.237    0    0  (Gen:  0)
  1034496    138208 1327233792  0.001  0.000   34.805   21.237    0    0  (Gen:  0)
  1033648    152504 1327307928  0.001  0.000   34.807   21.238    0    0  (Gen:  0)
  1034576    154808 1327377920  0.001  0.000   34.808   21.239    0    0  (Gen:  0)
  1033456    138472 1327436080  0.001  0.000   34.810   21.240    0    0  (Gen:  0)
  1032928    120176 1327488304  0.001  0.000   34.811   21.240    0    0  (Gen:  0)
  1032608    116928 1327540280  0.001  0.000   34.812   21.241    0    0  (Gen:  0)
  1034464    118248 1327598040  0.001  0.000   34.814   21.242    0    0  (Gen:  0)
  1034568    132464 1327663976  0.001  0.000   34.815   21.242    0    0  (Gen:  0)
  1036392    132888 1327718696  0.001  0.000   34.817   21.243    0    0  (Gen:  0)
  1032024    138296 1327793240  0.001  0.000   34.818   21.244    0    0  (Gen:  0)
  1033048    163256 1327870528  0.001  0.000   34.820   21.245    0    0  (Gen:  0)
  1032968    152016 1327934680  0.001  0.000   34.821   21.245    0    0  (Gen:  0)
  1169168    174144 1328039912  0.001  0.000   34.823   21.246    0    0  (Gen:  0)
  1525600    238048 1328203784  0.001  0.000   34.825   21.247    0    0  (Gen:  0)
  2000432     99400 1328295728  0.000  0.000   34.827   21.249    0    0  (Gen:  0)
  1562736     45256 1328314256  0.000  0.000   34.829   21.250    0    0  (Gen:  0)
  3714368     68472 1328364096  0.000  0.000   34.833   21.254    0    0  (Gen:  0)
  1231472     61408 1328393280  0.000  0.000   34.834   21.255    0    0  (Gen:  0)
  3160768    377216 1328959472  0.001  0.000   34.839   21.260    0    0  (Gen:  0)
  1032192    712528 1329303536  0.002  0.001   34.842   21.261    0    0  (Gen:  0)
  1032192    352200 1329647600  0.002  0.000   34.844   21.262    0    0  (Gen:  0)
  1793016    139928 1329848440  0.001  0.000   34.846   21.263    0    0  (Gen:  0)
  1037008     39872 1329869416  0.000  0.000   34.847   21.264    0    0  (Gen:  0)
  1033240     84352 1329923992  0.001  0.000   34.848   21.264    0    0  (Gen:  0)
  1036272    121072 1329980872  0.001  0.000   34.849   21.265    0    0  (Gen:  0)
  1034264    131496 1330046744  0.001  0.000   34.851   21.266    0    0  (Gen:  0)
  1030840    136048 1330107184  0.001  0.000   34.852   21.267    0    0  (Gen:  0)
  1036176    134424 1330169296  0.001  0.000   34.854   21.267    0    0  (Gen:  0)
  1033544    136824 1330234480  0.001  0.000   34.855   21.268    0    0  (Gen:  0)
  1033576    141656 1330301088  0.001  0.000   34.857   21.269    0    0  (Gen:  0)
  1034784    136688 1330362296  0.001  0.000   34.858   21.270    0    0  (Gen:  0)
  1033968    138432 1330428376  0.001  0.000   34.860   21.270    0    0  (Gen:  0)
  1036272    133088 1330486336  0.001  0.000   34.861   21.271    0    0  (Gen:  0)
  1036584    133248 1330550272  0.001  0.000   34.863   21.272    0    0  (Gen:  0)
  1036640    136288 1330613056  0.001  0.000   34.864   21.273    0    0  (Gen:  0)
  1034664    140376 1330680128  0.001  0.000   34.866   21.273    0    0  (Gen:  0)
  1033624    152640 1330755072  0.001  0.000   34.868   21.274    0    0  (Gen:  0)
  1034496    157440 1330826360  0.001  0.000   34.869   21.275    0    0  (Gen:  0)
  1033536    137024 1330881120  0.001  0.000   34.871   21.276    0    0  (Gen:  0)
  1032896    117080 1330934080  0.001  0.000   34.872   21.276    0    0  (Gen:  0)
  1032352    118344 1330986632  0.001  0.000   34.873   21.277    0    0  (Gen:  0)
  1034688    119256 1331044608  0.001  0.000   34.875   21.278    0    0  (Gen:  0)
  1034776    130728 1331108120  0.001  0.000   34.876   21.278    0    0  (Gen:  0)
  1036208    132888 1331167248  0.001  0.000   34.878   21.279    0    0  (Gen:  0)
  1031488    143072 1331242168  0.001  0.000   34.879   21.280    0    0  (Gen:  0)
  1033416    163864 1331319752  0.001  0.000   34.881   21.281    0    0  (Gen:  0)
  1032704    150000 1331381160  0.001  0.000   34.883   21.281    0    0  (Gen:  0)
  1194736    178024 1331492192  0.001  0.000   34.884   21.282    0    0  (Gen:  0)
  1510488    243056 1331683968  0.001  0.000   34.886   21.283    0    0  (Gen:  0)
  1637000     87560 1331738720  0.000  0.000   34.888   21.285    0    0  (Gen:  0)
  3499072     63728 1331781056  0.000  0.000   34.891   21.288    0    0  (Gen:  0)
  2393952     68128 1332081048  0.000  0.000   34.894   21.290    0    0  (Gen:  0)
  2107576     64360 1332114064  0.000  0.000   34.897   21.293    0    0  (Gen:  0)
  1415608     45328 1332130688  0.000  0.000   34.898   21.294    0    0  (Gen:  0)
  2661256     70872 1332188936  0.000  0.000   34.901   21.296    0    0  (Gen:  0)
  3025448    486136 1332842496  0.001  0.000   34.906   21.301    0    0  (Gen:  0)
  1032192    804680 1333186560  0.002  0.001   34.909   21.302    0    0  (Gen:  0)
  1032192    352296 1333530624  0.002  0.000   34.910   21.302    0    0  (Gen:  0)
  1474992     47504 1333638952  0.000  0.000   34.912   21.304    0    0  (Gen:  0)
  1037400     37768 1333657832  0.000  0.000   34.913   21.304    0    0  (Gen:  0)
  1033136     82656 1333716800  0.001  0.000   34.914   21.305    0    0  (Gen:  0)
  1036024    119584 1333772704  0.001  0.000   34.915   21.305    0    0  (Gen:  0)
  1034096    131440 1333838456  0.001  0.000   34.917   21.306    0    0  (Gen:  0)
  1031248    136032 1333899656  0.001  0.000   34.918   21.307    0    0  (Gen:  0)
  1035904    133960 1333961008  0.001  0.000   34.920   21.308    0    0  (Gen:  0)
  1034016    137608 1334028224  0.001  0.000   34.921   21.308    0    0  (Gen:  0)
  1033440    140448 1334092760  0.001  0.000   34.923   21.309    0    0  (Gen:  0)
  1034760    138176 1334155464  0.001  0.000   34.925   21.310    0    0  (Gen:  0)
  1033616    138696 1334220696  0.001  0.000   34.926   21.311    0    0  (Gen:  0)
  1036792    134960 1334279024  0.001  0.000   34.927   21.311    0    0  (Gen:  0)
  1036032    135872 1334345272  0.001  0.000   34.929   21.312    0    0  (Gen:  0)
  1036896    135448 1334404832  0.001  0.000   34.931   21.313    0    0  (Gen:  0)
  1034496    138344 1334473032  0.001  0.000   34.932   21.314    0    0  (Gen:  0)
  1033648    152640 1334547168  0.001  0.000   34.934   21.314    0    0  (Gen:  0)
  1034576    154944 1334617160  0.001  0.000   34.935   21.315    0    0  (Gen:  0)
  1033456    138608 1334675320  0.001  0.000   34.937   21.316    0    0  (Gen:  0)
  1032928    120312 1334727544  0.001  0.000   34.938   21.317    0    0  (Gen:  0)
  1032608    117064 1334779520  0.001  0.000   34.939   21.317    0    0  (Gen:  0)
  1034464    118384 1334837280  0.001  0.000   34.941   21.318    0    0  (Gen:  0)
  1034568    132600 1334903216  0.001  0.000   34.942   21.319    0    0  (Gen:  0)
  1036392    133024 1334957936  0.001  0.000   34.944   21.319    0    0  (Gen:  0)
  1032024    138432 1335032480  0.001  0.000   34.945   21.320    0    0  (Gen:  0)
  1033048    163392 1335109768  0.001  0.000   34.947   21.321    0    0  (Gen:  0)
  1032968    152152 1335173920  0.001  0.000   34.948   21.322    0    0  (Gen:  0)
  2380640    271376 1335441776  0.001  0.000   34.951   21.323    0    0  (Gen:  0)
  1650512    123328 1335322752  0.000  0.000   34.953   21.324    0    0  (Gen:  0)
  1457408     37392 1335336264  0.000  0.000   34.954   21.326    0    0  (Gen:  0)
  3414016     54400 1335340296  0.000  0.000   34.958   21.329    0    0  (Gen:  0)
  3757776    308416 1335672680  0.001  0.001   34.963   21.335    0    0  (Gen:  0)
  1947592    628408 1336217000  0.001  0.000   34.965   21.336    0    0  (Gen:  0)
  1032192    808008 1336561064  0.003  0.001   34.968   21.337    0    0  (Gen:  0)
  1103896    239248 1336865144  0.001  0.000   34.970   21.339    0    0  (Gen:  0)
  1040624     18936 1336865384  0.000  0.000   34.971   21.339    0    0  (Gen:  0)
  1036536     34312 1336889192  0.000  0.000   34.972   21.340    0    0  (Gen:  0)
  1033088     87736 1336944248  0.001  0.000   34.973   21.340    0    0  (Gen:  0)
  1036392    123136 1337003504  0.001  0.000   34.975   21.341    0    0  (Gen:  0)
  1034240    133336 1337068776  0.001  0.000   34.976   21.342    0    0  (Gen:  0)
  1031184    134272 1337128808  0.001  0.000   34.978   21.343    0    0  (Gen:  0)
  1035576    134960 1337191592  0.001  0.000   34.979   21.343    0    0  (Gen:  0)
  1034080    139776 1337258080  0.001  0.000   34.980   21.344    0    0  (Gen:  0)
  1033488    141072 1337323576  0.001  0.000   34.982   21.345    0    0  (Gen:  0)
  1034624    136576 1337385440  0.001  0.000   34.983   21.346    0    0  (Gen:  0)
  1034224    136560 1337449392  0.001  0.000   34.985   21.346    0    0  (Gen:  0)
  1036280    132120 1337508744  0.001  0.000   34.986   21.347    0    0  (Gen:  0)
  1036704    128888 1337569080  0.001  0.000   34.987   21.348    0    0  (Gen:  0)
  1036344    136608 1337635128  0.000  0.000   34.988   21.349    0    0  (Gen:  0)
  1034552    141904 1337700304  0.001  0.000   34.989   21.349    0    0  (Gen:  0)
  1033888    152896 1337776968  0.001  0.000   34.990   21.350    0    0  (Gen:  0)
  1034080    156640 1337847688  0.001  0.000   34.992   21.351    0    0  (Gen:  0)
  1033624    137848 1337903648  0.001  0.000   34.994   21.352    0    0  (Gen:  0)
  1033264    117344 1337955960  0.001  0.000   34.995   21.352    0    0  (Gen:  0)
  1032216    115824 1338007280  0.001  0.000   34.996   21.353    0    0  (Gen:  0)
  1035040    120376 1338066720  0.001  0.000   34.998   21.354    0    0  (Gen:  0)
  1034592    129688 1338127656  0.001  0.000   34.999   21.355    0    0  (Gen:  0)
  1036280    133688 1338189584  0.001  0.000   35.001   21.355    0    0  (Gen:  0)
  1031048    146376 1338265312  0.001  0.000   35.002   21.356    0    0  (Gen:  0)
  1033472    164240 1338341848  0.001  0.000   35.004   21.357    0    0  (Gen:  0)
  1033216    151872 1338406032  0.001  0.000   35.006   21.358    0    0  (Gen:  0)
  1252520    181920 1338551520  0.001  0.000   35.007   21.359    0    0  (Gen:  0)
  1497696    246576 1338712864  0.001  0.000   35.009   21.359    0    0  (Gen:  0)
  3182048    105536 1338785696  0.000  0.000   35.012   21.362    0    0  (Gen:  0)
  3358296     73088 1338826712  0.000  0.000   35.016   21.366    0    0  (Gen:  0)
  1173552     55792 1338844400  0.000  0.000   35.017   21.367    0    0  (Gen:  0)
  3835744    389208 1339424536  0.001  0.000   35.022   21.372    0    0  (Gen:  0)
  1032192    720200 1339768600  0.002  0.001   35.025   21.373    0    0  (Gen:  0)
  1032192    352496 1340112664  0.002  0.000   35.027   21.373    0    0  (Gen:  0)
  1106544    136848 1340310144  0.001  0.000   35.029   21.374    0    0  (Gen:  0)
  1040088     19104 1340310256  0.000  0.000   35.029   21.375    0    0  (Gen:  0)
  1033816     49456 1340353192  0.000  0.000   35.030   21.376    0    0  (Gen:  0)
  1032816    101800 1340407168  0.001  0.000   35.032   21.376    0    0  (Gen:  0)
  1035672    128464 1340471448  0.001  0.000   35.033   21.377    0    0  (Gen:  0)
  1033760    138064 1340535880  0.001  0.000   35.034   21.378    0    0  (Gen:  0)
  1032440    137768 1340597800  0.001  0.000   35.036   21.379    0    0  (Gen:  0)
  1035184    134992 1340658264  0.001  0.000   35.037   21.379    0    0  (Gen:  0)
  1033640    138544 1340725232  0.001  0.000   35.039   21.380    0    0  (Gen:  0)
  1034488    141152 1340786760  0.001  0.000   35.040   21.381    0    0  (Gen:  0)
  1033528    138496 1340852456  0.001  0.000   35.042   21.382    0    0  (Gen:  0)
  1035064    142184 1340916744  0.001  0.000   35.043   21.382    0    0  (Gen:  0)
  1036344    133920 1340975024  0.001  0.000   35.045   21.383    0    0  (Gen:  0)
  1037312    129384 1341033448  0.001  0.000   35.046   21.384    0    0  (Gen:  0)
  1036072    137928 1341103616  0.001  0.000   35.047   21.385    0    0  (Gen:  0)
  1032776    150696 1341171248  0.001  0.000   35.049   21.385    0    0  (Gen:  0)
  1035136    151168 1341244400  0.001  0.000   35.050   21.386    0    0  (Gen:  0)
  1033352    152824 1341313280  0.001  0.000   35.052   21.387    0    0  (Gen:  0)
  1033008    133640 1341368984  0.001  0.000   35.053   21.388    0    0  (Gen:  0)
  1034512    117592 1341420376  0.001  0.000   35.055   21.388    0    0  (Gen:  0)
  1031792    111664 1341470088  0.001  0.000   35.056   21.389    0    0  (Gen:  0)
  1035376    126928 1341534712  0.001  0.000   35.058   21.390    0    0  (Gen:  0)
  1036144    123264 1341583616  0.001  0.000   35.059   21.390    0    0  (Gen:  0)
  1034208    140896 1341664760  0.001  0.000   35.060   21.391    0    0  (Gen:  0)
  1031376    168192 1341742592  0.001  0.000   35.062   21.392    0    0  (Gen:  0)
  1032368    159720 1341811760  0.001  0.000   35.063   21.393    0    0  (Gen:  0)
  1034312    144672 1341874104  0.001  0.000   35.065   21.393    0    0  (Gen:  0)
  1356128    194352 1342065936  0.000  0.000   35.066   21.394    0    0  (Gen:  0)
  1484360    262552 1342196776  0.001  0.000   35.069   21.395    0    0  (Gen:  0)
  3114088     68200 1342563320  0.000  0.000   35.072   21.398    0    0  (Gen:  0)
  1105144     42824 1342568680  0.000  0.000   35.073   21.399    0    0  (Gen:  0)
  2802736     60840 1342619416  0.000  0.000   35.077   21.403    0    0  (Gen:  0)
  1183144     57792 1342639400  0.000  0.000   35.078   21.404    0    0  (Gen:  0)
  1107072     34776 1342653544  0.000  0.000   35.079   21.405    0    0  (Gen:  0)
  1171632     35880 1342666632  0.000  0.000   35.081   21.406    0    0  (Gen:  0)
  3218544     72112 1342754160  0.001  0.000   35.084   21.409    0    0  (Gen:  0)
  2573280    411320 1343305712  0.001  0.000   35.088   21.413    0    0  (Gen:  0)
  1032192    729176 1343649808  0.002  0.001   35.091   21.414    0    0  (Gen:  0)
  1032192    352536 1343993872  0.002  0.000   35.093   21.415    0    0  (Gen:  0)
  1728840    122608 1344177056  0.000  0.000   35.095   21.416    0    0  (Gen:  0)
  1037520     39224 1344197040  0.000  0.000   35.096   21.417    0    0  (Gen:  0)
  1031944     84624 1344252512  0.001  0.000   35.097   21.417    0    0  (Gen:  0)
  1036008    122424 1344310432  0.001  0.000   35.098   21.418    0    0  (Gen:  0)
  1034216    133440 1344376440  0.001  0.000   35.100   21.419    0    0  (Gen:  0)
  1031056    136352 1344437280  0.001  0.000   35.101   21.420    0    0  (Gen:  0)
  1035984    134160 1344498728  0.001  0.000   35.103   21.420    0    0  (Gen:  0)
  1034008    136872 1344564656  0.001  0.000   35.104   21.421    0    0  (Gen:  0)
  1033080    141920 1344630928  0.001  0.000   35.105   21.422    0    0  (Gen:  0)
  1034824    136528 1344692184  0.001  0.000   35.107   21.423    0    0  (Gen:  0)
  1034064    138632 1344758296  0.001  0.000   35.108   21.423    0    0  (Gen:  0)
  1036608    132768 1344815848  0.001  0.000   35.110   21.424    0    0  (Gen:  0)
  1036184    134648 1344880976  0.001  0.000   35.111   21.425    0    0  (Gen:  0)
  1036632    135992 1344941672  0.001  0.000   35.113   21.426    0    0  (Gen:  0)
  1034600    140096 1345010128  0.001  0.000   35.114   21.426    0    0  (Gen:  0)
  1033752    153592 1345084416  0.001  0.000   35.116   21.427    0    0  (Gen:  0)
  1034504    157048 1345155624  0.001  0.000   35.117   21.428    0    0  (Gen:  0)
  1033432    137648 1345210952  0.001  0.000   35.119   21.429    0    0  (Gen:  0)
  1032976    117936 1345264304  0.001  0.000   35.120   21.429    0    0  (Gen:  0)
  1032344    117768 1345315544  0.001  0.000   35.122   21.430    0    0  (Gen:  0)
  1034688    118152 1345373272  0.001  0.000   35.123   21.431    0    0  (Gen:  0)
  1034744    132264 1345438616  0.001  0.000   35.124   21.431    0    0  (Gen:  0)
  1036336    132720 1345495640  0.001  0.000   35.126   21.432    0    0  (Gen:  0)
  1031576    141976 1345571120  0.001  0.000   35.127   21.433    0    0  (Gen:  0)
  1033144    164280 1345648432  0.001  0.000   35.129   21.434    0    0  (Gen:  0)
  1033016    150792 1345710608  0.001  0.000   35.131   21.434    0    0  (Gen:  0)
  1177232    176640 1345819872  0.001  0.000   35.132   21.435    0    0  (Gen:  0)
  1557528    240432 1346010448  0.001  0.000   35.134   21.436    0    0  (Gen:  0)
  2722104    108608 1346083080  0.000  0.000   35.137   21.438    0    0  (Gen:  0)
  3889864     78776 1346134448  0.000  0.000   35.141   21.442    0    0  (Gen:  0)
  1224512     63760 1346191720  0.000  0.000   35.143   21.444    0    0  (Gen:  0)
  2894064    322528 1346591216  0.002  0.000   35.148   21.448    0    0  (Gen:  0)
  1137760    592816 1346946752  0.001  0.000   35.149   21.449    0    0  (Gen:  0)
  1032192    640576 1347290792  0.002  0.001   35.152   21.450    0    0  (Gen:  0)
  1070688    263464 1347582000  0.001  0.000   35.154   21.451    0    0  (Gen:  0)
  1073408     19480 1347615576  0.000  0.000   35.156   21.452    0    0  (Gen:  0)
  1037248     33120 1347635176  0.000  0.000   35.157   21.453    0    0  (Gen:  0)
  1033352     84488 1347690720  0.001  0.000   35.158   21.453    0    0  (Gen:  0)
  1036056    120472 1347746400  0.001  0.000   35.160   21.454    0    0  (Gen:  0)
  1034096    132776 1347812440  0.001  0.000   35.161   21.455    0    0  (Gen:  0)
  1031080    135872 1347873072  0.001  0.000   35.163   21.456    0    0  (Gen:  0)
  1035984    134096 1347934776  0.001  0.000   35.164   21.456    0    0  (Gen:  0)
  1033984    137632 1348001112  0.001  0.000   35.166   21.457    0    0  (Gen:  0)
  1033104    142488 1348067608  0.001  0.000   35.168   21.458    0    0  (Gen:  0)
  1034872    136944 1348128824  0.001  0.000   35.169   21.459    0    0  (Gen:  0)
  1034008    138464 1348194624  0.001  0.000   35.171   21.460    0    0  (Gen:  0)
  1036600    133200 1348252424  0.001  0.000   35.173   21.460    0    0  (Gen:  0)
  1036192    135280 1348317760  0.001  0.000   35.174   21.461    0    0  (Gen:  0)
  1036632    136248 1348378392  0.001  0.000   35.176   21.462    0    0  (Gen:  0)
  1034624    140072 1348446864  0.001  0.000   35.178   21.463    0    0  (Gen:  0)
  1033720    153968 1348521344  0.001  0.000   35.180   21.464    0    0  (Gen:  0)
  1034608    157064 1348592360  0.001  0.000   35.181   21.464    0    0  (Gen:  0)
  1033440    137264 1348647520  0.001  0.000   35.183   21.465    0    0  (Gen:  0)
  1032864    118432 1348701336  0.001  0.000   35.184   21.466    0    0  (Gen:  0)
  1032352    118072 1348752712  0.001  0.000   35.186   21.467    0    0  (Gen:  0)
  1034680    117928 1348810000  0.001  0.000   35.187   21.467    0    0  (Gen:  0)
  1034736    132456 1348875520  0.001  0.000   35.189   21.468    0    0  (Gen:  0)
  1036360    132616 1348932304  0.001  0.000   35.191   21.469    0    0  (Gen:  0)
  1031688    141784 1349007856  0.001  0.000   35.192   21.470    0    0  (Gen:  0)
  1033080    165040 1349085472  0.001  0.000   35.194   21.471    0    0  (Gen:  0)
  1033024    150712 1349147208  0.001  0.000   35.196   21.471    0    0  (Gen:  0)
  2354136    268552 1349414008  0.002  0.000   35.199   21.473    0    0  (Gen:  0)
  2977848    129744 1349314344  0.001  0.000   35.202   21.475    0    0  (Gen:  0)
  1104088     38024 1349321104  0.000  0.000   35.203   21.476    0    0  (Gen:  0)
  1173976     40384 1349342560  0.000  0.000   35.204   21.478    0    0  (Gen:  0)
  2639744     57768 1349378216  0.000  0.000   35.207   21.480    0    0  (Gen:  0)
  3180688    330840 1349812304  0.001  0.000   35.212   21.485    0    0  (Gen:  0)
  1610352    625632 1350207712  0.002  0.000   35.215   21.487    0    0  (Gen:  0)
  1032192    679896 1350551776  0.002  0.001   35.218   21.488    0    0  (Gen:  0)
  1104384    234976 1350847152  0.001  0.000   35.220   21.489    0    0  (Gen:  0)
  1040088     19208 1350851600  0.000  0.000   35.221   21.490    0    0  (Gen:  0)
  1036440     35480 1350876304  0.000  0.000   35.222   21.490    0    0  (Gen:  0)
  1028656     89176 1350931632  0.001  0.000   35.223   21.491    0    0  (Gen:  0)
  1035592    122128 1350988600  0.000  0.000   35.224   21.492    0    0  (Gen:  0)
  1034216    133528 1351054016  0.001  0.000   35.225   21.492    0    0  (Gen:  0)
  1031328    134696 1351114016  0.001  0.000   35.227   21.493    0    0  (Gen:  0)
  1035544    135864 1351177344  0.001  0.000   35.228   21.494    0    0  (Gen:  0)
  1033960    140360 1351243360  0.001  0.000   35.230   21.495    0    0  (Gen:  0)
  1033640    141368 1351309208  0.001  0.000   35.231   21.495    0    0  (Gen:  0)
  1034544    136864 1351370792  0.001  0.000   35.233   21.496    0    0  (Gen:  0)
  1034224    137088 1351435104  0.001  0.000   35.234   21.497    0    0  (Gen:  0)
  1036312    132944 1351494584  0.001  0.000   35.236   21.498    0    0  (Gen:  0)
  1036776    128072 1351554072  0.001  0.000   35.237   21.498    0    0  (Gen:  0)
  1036328    137128 1351620984  0.001  0.000   35.239   21.499    0    0  (Gen:  0)
  1034544    144280 1351687304  0.001  0.000   35.240   21.500    0    0  (Gen:  0)
  1033848    152520 1351762952  0.001  0.000   35.242   21.500    0    0  (Gen:  0)
  1034080    155840 1351833432  0.001  0.000   35.244   21.501    0    0  (Gen:  0)
  1033584    138552 1351889656  0.001  0.000   35.245   21.502    0    0  (Gen:  0)
  1033328    117240 1351941320  0.001  0.000   35.246   21.503    0    0  (Gen:  0)
  1032008    115976 1351992536  0.001  0.000   35.248   21.503    0    0  (Gen:  0)
  1035248    121192 1352052272  0.001  0.000   35.249   21.504    0    0  (Gen:  0)
  1034624    130248 1352113040  0.001  0.000   35.251   21.505    0    0  (Gen:  0)
  1036304    134192 1352174992  0.001  0.000   35.252   21.505    0    0  (Gen:  0)
  1031040    147296 1352251200  0.001  0.000   35.254   21.506    0    0  (Gen:  0)
  1033408    164240 1352326904  0.001  0.000   35.255   21.507    0    0  (Gen:  0)
  1033064    151136 1352390512  0.001  0.000   35.257   21.508    0    0  (Gen:  0)
  1196520    181440 1352502944  0.001  0.000   35.259   21.509    0    0  (Gen:  0)
  1515800    245088 1352696072  0.001  0.000   35.261   21.510    0    0  (Gen:  0)
  2511776     89184 1353044744  0.000  0.000   35.264   21.512    0    0  (Gen:  0)
  1264120     46984 1353063992  0.000  0.000   35.265   21.513    0    0  (Gen:  0)
  1400608     41544 1353084856  0.000  0.000   35.267   21.515    0    0  (Gen:  0)
  2074632     53456 1353111152  0.000  0.000   35.269   21.517    0    0  (Gen:  0)
  2393896     63592 1353147720  0.000  0.000   35.272   21.519    0    0  (Gen:  0)
  2859552     72992 1353193120  0.000  0.000   35.275   21.522    0    0  (Gen:  0)
  1844144     67344 1353226032  0.001  0.000   35.277   21.523    0    0  (Gen:  0)
  2787208    581184 1353979480  0.001  0.000   35.281   21.528    0    0  (Gen:  0)
  1032192    896592 1354323544  0.002  0.001   35.285   21.529    0    0  (Gen:  0)
  1065952    290656 1354641832  0.001  0.000   35.287   21.530    0    0  (Gen:  0)
  1156760     20048 1354681152  0.000  0.000   35.288   21.531    0    0  (Gen:  0)
  1037400     35856 1354700032  0.000  0.000   35.289   21.531    0    0  (Gen:  0)
  1033152     83152 1354759016  0.001  0.000   35.290   21.532    0    0  (Gen:  0)
  1036024    120080 1354814920  0.001  0.000   35.291   21.533    0    0  (Gen:  0)
  1034096    131936 1354880672  0.001  0.000   35.293   21.533    0    0  (Gen:  0)
  1031248    136528 1354941872  0.001  0.000   35.294   21.534    0    0  (Gen:  0)
  1035904    134456 1355003224  0.001  0.000   35.296   21.535    0    0  (Gen:  0)
  1034016    138104 1355070440  0.001  0.000   35.297   21.536    0    0  (Gen:  0)
  1033440    140944 1355134976  0.001  0.000   35.299   21.536    0    0  (Gen:  0)
  1034760    138672 1355197680  0.001  0.000   35.300   21.537    0    0  (Gen:  0)
  1033616    139192 1355262912  0.001  0.000   35.302   21.538    0    0  (Gen:  0)
  1036792    135456 1355321240  0.001  0.000   35.303   21.539    0    0  (Gen:  0)
  1036032    136368 1355387488  0.001  0.000   35.305   21.539    0    0  (Gen:  0)
  1036896    135944 1355447048  0.001  0.000   35.306   21.540    0    0  (Gen:  0)
  1034496    138840 1355515248  0.001  0.000   35.308   21.541    0    0  (Gen:  0)
  1033648    153136 1355589384  0.001  0.000   35.309   21.542    0    0  (Gen:  0)
  1034576    155440 1355659376  0.001  0.000   35.311   21.542    0    0  (Gen:  0)
  1033456    139104 1355717536  0.001  0.000   35.313   21.543    0    0  (Gen:  0)
  1032928    120808 1355769760  0.001  0.000   35.314   21.544    0    0  (Gen:  0)
  1032608    117560 1355821736  0.001  0.000   35.315   21.545    0    0  (Gen:  0)
  1034464    118880 1355879496  0.001  0.000   35.317   21.545    0    0  (Gen:  0)
  1034568    133096 1355945432  0.001  0.000   35.318   21.546    0    0  (Gen:  0)
  1036392    133520 1356000152  0.001  0.000   35.320   21.547    0    0  (Gen:  0)
  1032024    138928 1356074696  0.001  0.000   35.321   21.547    0    0  (Gen:  0)
  1033048    163888 1356151984  0.001  0.000   35.323   21.548    0    0  (Gen:  0)
  1032968    152648 1356216136  0.001  0.000   35.325   21.549    0    0  (Gen:  0)
  2382608    271048 1356483168  0.002  0.000   35.328   21.551    0    0  (Gen:  0)
  2398784    131568 1356376696  0.001  0.000   35.330   21.552    0    0  (Gen:  0)
  1182968     40832 1356384776  0.000  0.000   35.332   21.554    0    0  (Gen:  0)
  1110584     32312 1356392272  0.000  0.000   35.333   21.555    0    0  (Gen:  0)
  1183400     32048 1356399656  0.000  0.000   35.334   21.556    0    0  (Gen:  0)
  1799112     50144 1356435312  0.000  0.000   35.336   21.558    0    0  (Gen:  0)
  3483912    332024 1356874608  0.001  0.000   35.342   21.563    0    0  (Gen:  0)
  1292800    517832 1357159536  0.001  0.000   35.344   21.564    0    0  (Gen:  0)
  1032192    568760 1357503480  0.002  0.001   35.347   21.565    0    0  (Gen:  0)
  1065544    337016 1357868032  0.002  0.000   35.349   21.566    0    0  (Gen:  0)
  1072520     20128 1357910024  0.000  0.000   35.350   21.567    0    0  (Gen:  0)
  1039320     25920 1357917376  0.000  0.000   35.351   21.567    0    0  (Gen:  0)
  1033312     69744 1357972832  0.001  0.000   35.352   21.568    0    0  (Gen:  0)
  1035272    123408 1358032728  0.001  0.000   35.353   21.569    0    0  (Gen:  0)
  1034552    130696 1358093560  0.001  0.000   35.355   21.569    0    0  (Gen:  0)
  1031472    140192 1358163256  0.001  0.000   35.356   21.570    0    0  (Gen:  0)
  1035872    137848 1358221984  0.001  0.000   35.358   21.571    0    0  (Gen:  0)
  1033888    139768 1358288184  0.001  0.000   35.360   21.572    0    0  (Gen:  0)
  1033240    141960 1358351424  0.001  0.000   35.361   21.573    0    0  (Gen:  0)
  1034360    138288 1358414888  0.001  0.000   35.363   21.573    0    0  (Gen:  0)
  1034608    142432 1358480568  0.001  0.000   35.364   21.574    0    0  (Gen:  0)
  1035720    132800 1358536552  0.001  0.000   35.366   21.575    0    0  (Gen:  0)
  1036192    134952 1358603672  0.001  0.000   35.367   21.575    0    0  (Gen:  0)
  1036424    138200 1358662696  0.001  0.000   35.369   21.576    0    0  (Gen:  0)
  1035496    138928 1358730896  0.001  0.000   35.370   21.577    0    0  (Gen:  0)
  1033424    151096 1358802904  0.001  0.000   35.372   21.578    0    0  (Gen:  0)
  1034224    154776 1358875016  0.001  0.000   35.373   21.579    0    0  (Gen:  0)
  1033144    146944 1358938512  0.001  0.000   35.375   21.579    0    0  (Gen:  0)
  1033208    125840 1358989944  0.001  0.000   35.376   21.580    0    0  (Gen:  0)
  1033208    120208 1359046104  0.001  0.000   35.378   21.581    0    0  (Gen:  0)
  1033672    118872 1359097000  0.001  0.000   35.379   21.581    0    0  (Gen:  0)
  1035056    126952 1359161160  0.001  0.000   35.380   21.582    0    0  (Gen:  0)
  1036056    129520 1359214248  0.001  0.000   35.382   21.583    0    0  (Gen:  0)
  1033088    134840 1359286008  0.001  0.000   35.383   21.584    0    0  (Gen:  0)
  1032560    165496 1359367784  0.001  0.000   35.385   21.584    0    0  (Gen:  0)
  1033752    155576 1359431728  0.001  0.000   35.386   21.585    0    0  (Gen:  0)
  1040552    134096 1359490920  0.001  0.000   35.388   21.586    0    0  (Gen:  0)
  1661040    227600 1359684280  0.001  0.000   35.390   21.587    0    0  (Gen:  0)
  2295368     80112 1359607920  0.000  0.000   35.393   21.589    0    0  (Gen:  0)
  1492120     38544 1359617360  0.000  0.000   35.394   21.590    0    0  (Gen:  0)
  1172096     39096 1359629696  0.000  0.000   35.396   21.591    0    0  (Gen:  0)
  1920432     50176 1359653928  0.000  0.000   35.398   21.593    0    0  (Gen:  0)
  2354696     72424 1359700536  0.001  0.000   35.400   21.595    0    0  (Gen:  0)
  3292504    558000 1360424168  0.001  0.000   35.405   21.601    0    0  (Gen:  0)
  1032192    879880 1360768232  0.002  0.001   35.409   21.602    0    0  (Gen:  0)
  1067528    314752 1361110384  0.001  0.000   35.411   21.603    0    0  (Gen:  0)
  1225888     20288 1361149384  0.000  0.000   35.412   21.604    0    0  (Gen:  0)
  1037400     36888 1361168264  0.000  0.000   35.413   21.604    0    0  (Gen:  0)
  1033144     83400 1361227240  0.001  0.000   35.414   21.605    0    0  (Gen:  0)
  1036024    120328 1361283144  0.001  0.000   35.415   21.606    0    0  (Gen:  0)
  1034096    132184 1361348896  0.001  0.000   35.417   21.606    0    0  (Gen:  0)
  1031248    136776 1361410096  0.001  0.000   35.418   21.607    0    0  (Gen:  0)
  1035904    134704 1361471448  0.001  0.000   35.420   21.608    0    0  (Gen:  0)
  1034016    138352 1361538664  0.001  0.000   35.421   21.609    0    0  (Gen:  0)
  1033440    141192 1361603200  0.001  0.000   35.423   21.609    0    0  (Gen:  0)
  1034760    138920 1361665904  0.001  0.000   35.424   21.610    0    0  (Gen:  0)
  1033616    139440 1361731136  0.001  0.000   35.426   21.611    0    0  (Gen:  0)
  1036792    135704 1361789464  0.001  0.000   35.427   21.612    0    0  (Gen:  0)
  1036032    136616 1361855712  0.001  0.000   35.429   21.612    0    0  (Gen:  0)
  1036896    136192 1361915272  0.001  0.000   35.430   21.613    0    0  (Gen:  0)
  1034496    139088 1361983472  0.001  0.000   35.432   21.614    0    0  (Gen:  0)
  1033648    153384 1362057608  0.001  0.000   35.434   21.615    0    0  (Gen:  0)
  1034576    155688 1362127600  0.001  0.000   35.435   21.615    0    0  (Gen:  0)
  1033456    139352 1362185760  0.001  0.000   35.437   21.616    0    0  (Gen:  0)
  1032928    121056 1362237984  0.001  0.000   35.438   21.617    0    0  (Gen:  0)
  1032608    117808 1362289960  0.001  0.000   35.439   21.618    0    0  (Gen:  0)
  1034464    119128 1362347720  0.001  0.000   35.441   21.618    0    0  (Gen:  0)
  1034568    133344 1362413656  0.001  0.000   35.442   21.619    0    0  (Gen:  0)
  1036392    133768 1362468376  0.001  0.000   35.444   21.620    0    0  (Gen:  0)
  1067072    140000 1362576456  0.001  0.000   35.445   21.620    0    0  (Gen:  0)
  1033048    164904 1362653744  0.001  0.000   35.447   21.621    0    0  (Gen:  0)
  2525960    273960 1363006648  0.001  0.000   35.450   21.623    0    0  (Gen:  0)
  2940744    194528 1363101624  0.001  0.000   35.453   21.625    0    0  (Gen:  0)
  1306776     41824 1363118936  0.000  0.000   35.455   21.627    0    0  (Gen:  0)
  2770416     43104 1363132944  0.000  0.000   35.458   21.629    0    0  (Gen:  0)
  3276720     78592 1363184264  0.000  0.000   35.461   21.633    0    0  (Gen:  0)
  1313408     53672 1363203280  0.000  0.000   35.463   21.634    0    0  (Gen:  0)
  3362816     78864 1363266288  0.001  0.000   35.466   21.637    0    0  (Gen:  0)
  2733272    342312 1363701952  0.002  0.000   35.471   21.642    0    0  (Gen:  0)
  1239992    627360 1364090416  0.002  0.000   35.474   21.643    0    0  (Gen:  0)
  1032192    674184 1364434456  0.002  0.001   35.476   21.644    0    0  (Gen:  0)
  2021776    231600 1364726064  0.001  0.000   35.479   21.646    0    0  (Gen:  0)
  1037584     38648 1364744992  0.000  0.000   35.480   21.646    0    0  (Gen:  0)
  1031944     83512 1364799856  0.001  0.000   35.481   21.647    0    0  (Gen:  0)
  1036024    120440 1364855760  0.001  0.000   35.482   21.647    0    0  (Gen:  0)
  1034096    132296 1364921512  0.001  0.000   35.484   21.648    0    0  (Gen:  0)
  1031248    136888 1364982712  0.001  0.000   35.485   21.649    0    0  (Gen:  0)
  1035904    134816 1365044064  0.001  0.000   35.487   21.650    0    0  (Gen:  0)
  1034016    138464 1365111280  0.001  0.000   35.488   21.650    0    0  (Gen:  0)
  1033440    141304 1365175816  0.001  0.000   35.490   21.651    0    0  (Gen:  0)
  1034760    139032 1365238520  0.001  0.000   35.491   21.652    0    0  (Gen:  0)
  1033616    139552 1365303752  0.001  0.000   35.493   21.653    0    0  (Gen:  0)
  1036792    135816 1365362080  0.001  0.000   35.494   21.653    0    0  (Gen:  0)
  1036032    136728 1365428328  0.001  0.000   35.496   21.654    0    0  (Gen:  0)
  1036896    136304 1365487888  0.001  0.000   35.497   21.655    0    0  (Gen:  0)
  1034496    139200 1365556088  0.001  0.000   35.499   21.656    0    0  (Gen:  0)
  1033648    153496 1365630224  0.001  0.000   35.501   21.656    0    0  (Gen:  0)
  1034576    155800 1365700216  0.001  0.000   35.502   21.657    0    0  (Gen:  0)
  1033456    139464 1365758376  0.001  0.000   35.504   21.658    0    0  (Gen:  0)
  1032928    121168 1365810600  0.001  0.000   35.505   21.659    0    0  (Gen:  0)
  1032608    117920 1365862576  0.001  0.000   35.506   21.659    0    0  (Gen:  0)
  1034464    119240 1365920336  0.001  0.000   35.508   21.660    0    0  (Gen:  0)
  1034568    133456 1365986272  0.001  0.000   35.509   21.661    0    0  (Gen:  0)
  1036392    133880 1366040992  0.001  0.000   35.511   21.661    0    0  (Gen:  0)
  1032024    139288 1366115536  0.001  0.000   35.512   21.662    0    0  (Gen:  0)
  1033048    164248 1366192824  0.001  0.000   35.514   21.663    0    0  (Gen:  0)
  1032968    153008 1366256976  0.001  0.000   35.516   21.664    0    0  (Gen:  0)
  2473016    274392 1366531096  0.001  0.000   35.518   21.665    0    0  (Gen:  0)
  1867968    131328 1366421240  0.000  0.000   35.520   21.667    0    0  (Gen:  0)
  1949168     39248 1366433216  0.000  0.000   35.522   21.669    0    0  (Gen:  0)
  1182768     41160 1366445536  0.000  0.000   35.524   21.670    0    0  (Gen:  0)
  1884448     46808 1366469424  0.000  0.000   35.526   21.672    0    0  (Gen:  0)
  1218360     48472 1366524336  0.000  0.000   35.527   21.673    0    0  (Gen:  0)
  2988424    321576 1367003008  0.001  0.000   35.532   21.677    0    0  (Gen:  0)
  1032192    656576 1367347072  0.002  0.000   35.534   21.678    0    0  (Gen:  0)
  1032192    353216 1367691136  0.002  0.000   35.536   21.679    0    0  (Gen:  0)
  1928584    200656 1367951704  0.001  0.000   35.538   21.680    0    0  (Gen:  0)
  1037584     38856 1367970632  0.000  0.000   35.539   21.681    0    0  (Gen:  0)
  1031944     83608 1368025496  0.000  0.000   35.540   21.681    0    0  (Gen:  0)
  1036024    120536 1368081400  0.001  0.000   35.542   21.682    0    0  (Gen:  0)
  1034096    132392 1368147152  0.001  0.000   35.543   21.683    0    0  (Gen:  0)
  1031248    136984 1368208352  0.001  0.000   35.545   21.684    0    0  (Gen:  0)
  1035904    134912 1368269704  0.001  0.000   35.546   21.684    0    0  (Gen:  0)
  1034016    138560 1368336920  0.001  0.000   35.548   21.685    0    0  (Gen:  0)
  1033440    141400 1368401456  0.001  0.000   35.549   21.686    0    0  (Gen:  0)
  1034760    139128 1368464160  0.001  0.000   35.551   21.687    0    0  (Gen:  0)
  1033616    139648 1368529392  0.001  0.000   35.552   21.687    0    0  (Gen:  0)
  1036792    135912 1368587720  0.001  0.000   35.554   21.688    0    0  (Gen:  0)
  1036032    136824 1368653968  0.001  0.000   35.555   21.689    0    0  (Gen:  0)
  1036896    136400 1368713528  0.001  0.000   35.557   21.690    0    0  (Gen:  0)
  1034496    139296 1368781728  0.001  0.000   35.558   21.690    0    0  (Gen:  0)
  1033648    153592 1368855864  0.001  0.000   35.560   21.691    0    0  (Gen:  0)
  1034576    155896 1368925856  0.001  0.000   35.561   21.692    0    0  (Gen:  0)
  1033456    139560 1368984016  0.001  0.000   35.563   21.693    0    0  (Gen:  0)
  1032928    121264 1369036240  0.001  0.000   35.564   21.693    0    0  (Gen:  0)
  1032608    118016 1369088216  0.001  0.000   35.566   21.694    0    0  (Gen:  0)
  1034464    119336 1369145976  0.001  0.000   35.567   21.695    0    0  (Gen:  0)
  1034568    133552 1369211912  0.001  0.000   35.568   21.695    0    0  (Gen:  0)
  1036392    133976 1369266632  0.001  0.000   35.570   21.696    0    0  (Gen:  0)
  1032024    139384 1369341176  0.001  0.000   35.571   21.697    0    0  (Gen:  0)
  1033048    164344 1369418464  0.001  0.000   35.573   21.698    0    0  (Gen:  0)
  1032968    153104 1369482616  0.001  0.000   35.574   21.698    0    0  (Gen:  0)
  3784824    189896 1369635144  0.001  0.000   35.578   21.700    0    0  (Gen:  0)
  2621544    140216 1369656080  0.001  0.000   35.581   21.703    0    0  (Gen:  0)
  2820232     59904 1369687296  0.000  0.000   35.584   21.706    0    0  (Gen:  0)
  2951992     83928 1369767680  0.000  0.000   35.587   21.708    0    0  (Gen:  0)
  2460136    462096 1370362016  0.001  0.000   35.592   21.713    0    0  (Gen:  0)
  1032192    774512 1370706080  0.002  0.001   35.594   21.714    0    0  (Gen:  0)
  1032192    353264 1371050144  0.002  0.000   35.596   21.714    0    0  (Gen:  0)
  1550672     64256 1371174264  0.000  0.000   35.598   21.716    0    0  (Gen:  0)
  1037200     40040 1371194336  0.000  0.000   35.599   21.716    0    0  (Gen:  0)
  1033144     83896 1371248304  0.001  0.000   35.600   21.717    0    0  (Gen:  0)
  1036208    121904 1371306360  0.001  0.000   35.601   21.718    0    0  (Gen:  0)
  1034160    134208 1371372552  0.001  0.000   35.603   21.719    0    0  (Gen:  0)
  1031128    136736 1371432984  0.001  0.000   35.604   21.719    0    0  (Gen:  0)
  1035968    134992 1371495160  0.001  0.000   35.606   21.720    0    0  (Gen:  0)
  1033952    138240 1371561320  0.001  0.000   35.607   21.721    0    0  (Gen:  0)
  1033128    142960 1371627520  0.001  0.000   35.609   21.722    0    0  (Gen:  0)
  1034824    137416 1371688664  0.001  0.000   35.611   21.722    0    0  (Gen:  0)
  1034088    140016 1371755464  0.001  0.000   35.612   21.723    0    0  (Gen:  0)
  1036600    133936 1371812856  0.001  0.000   35.614   21.724    0    0  (Gen:  0)
  1036176    134672 1371877552  0.001  0.000   35.615   21.725    0    0  (Gen:  0)
  1036640    136544 1371938376  0.001  0.000   35.617   21.725    0    0  (Gen:  0)
  1034560    141000 1372006952  0.001  0.000   35.618   21.726    0    0  (Gen:  0)
  1033800    154504 1372081248  0.001  0.000   35.620   21.727    0    0  (Gen:  0)
  1034400    158048 1372152656  0.001  0.000   35.622   21.728    0    0  (Gen:  0)
  1033512    138376 1372207688  0.001  0.000   35.623   21.728    0    0  (Gen:  0)
  1032984    118568 1372260992  0.001  0.000   35.624   21.729    0    0  (Gen:  0)
  1032264    118896 1372312704  0.001  0.000   35.626   21.730    0    0  (Gen:  0)
  1034744    118976 1372370184  0.001  0.000   35.627   21.730    0    0  (Gen:  0)
  1034688    132880 1372435272  0.001  0.000   35.629   21.731    0    0  (Gen:  0)
  1036400    135120 1372494008  0.001  0.000   35.630   21.732    0    0  (Gen:  0)
  1031592    143192 1372568376  0.001  0.000   35.632   21.733    0    0  (Gen:  0)
  1033128    164584 1372646112  0.001  0.000   35.633   21.733    0    0  (Gen:  0)
  1033008    151896 1372708280  0.001  0.000   35.635   21.734    0    0  (Gen:  0)
  1355904    180072 1372922144  0.001  0.000   35.637   21.735    0    0  (Gen:  0)
  2728600    131272 1372995936  0.001  0.000   35.640   21.737    0    0  (Gen:  0)
  3969912     58224 1373192608  0.000  0.000   35.643   21.740    0    0  (Gen:  0)
  2110760     70688 1373221928  0.001  0.000   35.646   21.743    0    0  (Gen:  0)
  1150256     49696 1373236600  0.000  0.000   35.648   21.744    0    0  (Gen:  0)
  1803264     46208 1373262560  0.000  0.000   35.650   21.746    0    0  (Gen:  0)
  1169896     43856 1373283944  0.000  0.000   35.651   21.747    0    0  (Gen:  0)
  2463184     74840 1373332744  0.000  0.000   35.654   21.750    0    0  (Gen:  0)
  2315864    327888 1373788856  0.002  0.000   35.658   21.754    0    0  (Gen:  0)
  1169952    551656 1374074704  0.001  0.000   35.660   21.755    0    0  (Gen:  0)
  1032192    604136 1374418768  0.001  0.001   35.662   21.756    0    0  (Gen:  0)
  1068408    300352 1374746192  0.001  0.001   35.663   21.757    0    0  (Gen:  0)
  1180920     20632 1374789360  0.000  0.000   35.664   21.758    0    0  (Gen:  0)
  1037392     36448 1374808248  0.000  0.000   35.665   21.759    0    0  (Gen:  0)
  1033168     83720 1374863120  0.001  0.000   35.667   21.760    0    0  (Gen:  0)
  1036024    120648 1374919024  0.001  0.000   35.668   21.760    0    0  (Gen:  0)
  1034096    132504 1374984776  0.001  0.000   35.669   21.761    0    0  (Gen:  0)
  1031248    137096 1375045976  0.001  0.000   35.671   21.762    0    0  (Gen:  0)
  1035904    135024 1375107328  0.001  0.000   35.672   21.762    0    0  (Gen:  0)
  1034016    138672 1375174544  0.001  0.000   35.673   21.763    0    0  (Gen:  0)
  1033440    141512 1375239080  0.001  0.000   35.675   21.764    0    0  (Gen:  0)
  1034760    139240 1375301784  0.001  0.000   35.676   21.765    0    0  (Gen:  0)
  1033616    139760 1375367016  0.001  0.000   35.678   21.765    0    0  (Gen:  0)
  1036792    136024 1375425344  0.001  0.000   35.679   21.766    0    0  (Gen:  0)
  1036032    136936 1375491592  0.001  0.000   35.681   21.767    0    0  (Gen:  0)
  1036896    136512 1375551152  0.001  0.000   35.682   21.768    0    0  (Gen:  0)
  1034496    139408 1375619352  0.001  0.000   35.684   21.768    0    0  (Gen:  0)
  1033648    153704 1375693488  0.001  0.000   35.685   21.769    0    0  (Gen:  0)
  1034576    156008 1375763480  0.001  0.000   35.687   21.770    0    0  (Gen:  0)
  1033456    139672 1375821640  0.001  0.000   35.688   21.770    0    0  (Gen:  0)
  1032928    121376 1375873864  0.001  0.000   35.689   21.771    0    0  (Gen:  0)
  1032608    118128 1375925840  0.001  0.000   35.691   21.772    0    0  (Gen:  0)
  1034464    119448 1375983600  0.001  0.000   35.692   21.772    0    0  (Gen:  0)
  1034568    133664 1376049536  0.001  0.000   35.693   21.773    0    0  (Gen:  0)
  1036392    134088 1376104256  0.001  0.000   35.695   21.774    0    0  (Gen:  0)
  1032024    139496 1376178800  0.001  0.000   35.696   21.775    0    0  (Gen:  0)
  1033048    164456 1376256088  0.001  0.000   35.698   21.775    0    0  (Gen:  0)
  1032968    153216 1376320240  0.001  0.000   35.699   21.776    0    0  (Gen:  0)
  2381440    272352 1376591992  0.001  0.000   35.701   21.777    0    0  (Gen:  0)
  3749816    138344 1376490936  0.001  0.000   35.705   21.781    0    0  (Gen:  0)
  1558616     52424 1376508000  0.000  0.000   35.707   21.782    0    0  (Gen:  0)
  2440704     55168 1376531440  0.000  0.000   35.710   21.785    0    0  (Gen:  0)
  2482584    257288 1376805328  0.000  0.000   35.713   21.789    0    0  (Gen:  0)
  1976064    613352 1377325504  0.001  0.001   35.716   21.791    0    0  (Gen:  0)
  1032192    824448 1377669568  0.002  0.001   35.719   21.792    0    0  (Gen:  0)
  2120312    253976 1377983296  0.001  0.000   35.722   21.793    0    0  (Gen:  0)
  1037496     40216 1378003328  0.000  0.000   35.723   21.794    0    0  (Gen:  0)
  1031944     85472 1378058752  0.000  0.000   35.724   21.795    0    0  (Gen:  0)
  1036008    123272 1378116672  0.001  0.000   35.725   21.795    0    0  (Gen:  0)
  1034216    134288 1378182680  0.001  0.000   35.727   21.796    0    0  (Gen:  0)
  1031056    137200 1378243520  0.001  0.000   35.728   21.797    0    0  (Gen:  0)
  1035984    135008 1378304968  0.001  0.000   35.729   21.798    0    0  (Gen:  0)
  1034008    137720 1378370896  0.001  0.000   35.731   21.798    0    0  (Gen:  0)
  1033080    142768 1378437168  0.001  0.000   35.733   21.799    0    0  (Gen:  0)
  1034824    137376 1378498424  0.001  0.000   35.734   21.800    0    0  (Gen:  0)
  1034064    139480 1378564536  0.001  0.000   35.736   21.801    0    0  (Gen:  0)
  1036608    133616 1378622088  0.001  0.000   35.737   21.801    0    0  (Gen:  0)
  1036184    135496 1378687216  0.001  0.000   35.739   21.802    0    0  (Gen:  0)
  1036632    136840 1378747912  0.001  0.000   35.740   21.803    0    0  (Gen:  0)
  1034600    140944 1378816368  0.001  0.000   35.742   21.804    0    0  (Gen:  0)
  1033752    154440 1378890656  0.001  0.000   35.743   21.804    0    0  (Gen:  0)
  1034504    157896 1378961864  0.001  0.000   35.745   21.805    0    0  (Gen:  0)
  1033432    138496 1379017192  0.001  0.000   35.746   21.806    0    0  (Gen:  0)
  1032976    118784 1379070544  0.001  0.000   35.748   21.806    0    0  (Gen:  0)
  1032344    118616 1379121784  0.001  0.000   35.749   21.807    0    0  (Gen:  0)
  1034688    119000 1379179512  0.001  0.000   35.750   21.808    0    0  (Gen:  0)
  1034744    133112 1379244856  0.001  0.000   35.752   21.809    0    0  (Gen:  0)
  1036336    133568 1379301880  0.001  0.000   35.753   21.809    0    0  (Gen:  0)
  1031576    142824 1379377360  0.001  0.000   35.755   21.810    0    0  (Gen:  0)
  1033144    165128 1379454672  0.001  0.000   35.756   21.811    0    0  (Gen:  0)
  1033016    151640 1379516848  0.001  0.000   35.758   21.812    0    0  (Gen:  0)
  1265104    179552 1379660944  0.001  0.000   35.760   21.813    0    0  (Gen:  0)
  1500808    246096 1379821520  0.001  0.000   35.762   21.814    0    0  (Gen:  0)
  1540552     88032 1379874800  0.000  0.000   35.764   21.815    0    0  (Gen:  0)
  1137296     40248 1379893640  0.000  0.000   35.765   21.816    0    0  (Gen:  0)
  2182488     49720 1379920768  0.000  0.000   35.768   21.818    0    0  (Gen:  0)
  2050416     58648 1379951800  0.000  0.000   35.770   21.820    0    0  (Gen:  0)
  1146576     46824 1379999072  0.001  0.000   35.771   21.821    0    0  (Gen:  0)
  2837944    318808 1380433544  0.001  0.000   35.776   21.825    0    0  (Gen:  0)
  1160072    537312 1380703336  0.001  0.000   35.778   21.826    0    0  (Gen:  0)
  1032192    588656 1381047376  0.002  0.001   35.781   21.827    0    0  (Gen:  0)
  1067352    317336 1381391616  0.001  0.000   35.783   21.828    0    0  (Gen:  0)
  1071576 1009183288 1042189712  2.458  0.762   38.242   22.591    0    0  (Gen:  1)
  2473696    371360 1043234976  0.001  0.000   38.245   22.592    0    0  (Gen:  0)
  1881040    486800 1043515736  0.003  0.001   38.249   22.593    0    0  (Gen:  0)
  1824552    332504 1043801432  0.003  0.001   38.253   22.595    0    0  (Gen:  0)
  1832856    336328 1044086016  0.003  0.001   38.256   22.596    0    0  (Gen:  0)
  1725392    336152 1044370232  0.003  0.001   38.260   22.597    0    0  (Gen:  0)
  1692144    334368 1044653096  0.003  0.001   38.264   22.598    0    0  (Gen:  0)
  1864784    341456 1044941480  0.003  0.001   38.267   22.600    0    0  (Gen:  0)
  1773096    344152 1045227800  0.003  0.001   38.271   22.601    0    0  (Gen:  0)
  1731304    336696 1045511168  0.003  0.001   38.275   22.602    0    0  (Gen:  0)
  1744480    340080 1045798232  0.003  0.001   38.278   22.603    0    0  (Gen:  0)
  1841688    345072 1046087736  0.003  0.001   38.282   22.605    0    0  (Gen:  0)
  1802784    343576 1046375088  0.003  0.001   38.286   22.606    0    0  (Gen:  0)
  1795664    344488 1046665648  0.003  0.001   38.290   22.607    0    0  (Gen:  0)
  1774192    344760 1046952656  0.003  0.001   38.293   22.608    0    0  (Gen:  0)
  1821504    338360 1047235592  0.003  0.001   38.297   22.610    0    0  (Gen:  0)
  1789768    342624 1047526176  0.003  0.001   38.301   22.611    0    0  (Gen:  0)
  1882528    344416 1047810616  0.003  0.001   38.304   22.612    0    0  (Gen:  0)
  1732912    339960 1048098424  0.003  0.001   38.308   22.613    0    0  (Gen:  0)
  1781864    349160 1048389664  0.003  0.001   38.312   22.615    0    0  (Gen:  0)
  1807600    353032 1048683416  0.003  0.001   38.316   22.616    0    0  (Gen:  0)
  1801664    357160 1048979760  0.003  0.001   38.319   22.617    0    0  (Gen:  0)
  1730576    352632 1049268744  0.003  0.001   38.323   22.618    0    0  (Gen:  0)
  1776656    341552 1049551816  0.003  0.001   38.327   22.620    0    0  (Gen:  0)
  1840824    335040 1049837120  0.003  0.001   38.330   22.621    0    0  (Gen:  0)
  1814152    331544 1050115440  0.003  0.001   38.334   22.622    0    0  (Gen:  0)
  1908488    331560 1050400496  0.003  0.001   38.338   22.623    0    0  (Gen:  0)
  1817528    336072 1050683712  0.003  0.001   38.341   22.625    0    0  (Gen:  0)
  1764816    336160 1050970376  0.003  0.001   38.345   22.626    0    0  (Gen:  0)
  1823744    339976 1051255120  0.003  0.001   38.349   22.627    0    0  (Gen:  0)
  1947272    349624 1051551440  0.003  0.001   38.353   22.628    0    0  (Gen:  0)
  1683984    349952 1051838320  0.003  0.001   38.356   22.630    0    0  (Gen:  0)
  1899088    365416 1052149008  0.003  0.001   38.360   22.631    0    0  (Gen:  0)
  1772232    369336 1052439968  0.003  0.001   38.364   22.632    0    0  (Gen:  0)
  1857800    347152 1052728616  0.003  0.001   38.367   22.633    0    0  (Gen:  0)
  1555968    331152 1053003936  0.003  0.001   38.371   22.635    0    0  (Gen:  0)
  1272216    293136 1053258184  0.003  0.001   38.375   22.636    0    0  (Gen:  0)
  1945008    355624 1053666208  0.003  0.001   38.379   22.637    0    0  (Gen:  0)
  2039936    428168 1053993968  0.003  0.001   38.383   22.638    0    0  (Gen:  0)
  1859096    320392 1054311208  0.002  0.001   38.386   22.640    0    0  (Gen:  0)
  1356432    263200 1054598552  0.002  0.001   38.388   22.641    0    0  (Gen:  0)
  1417056    254288 1054840136  0.002  0.001   38.390   22.642    0    0  (Gen:  0)
  1297320    261856 1055125232  0.001  0.001   38.393   22.644    0    0  (Gen:  0)
  1459464    256960 1055368352  0.002  0.001   38.395   22.645    0    0  (Gen:  0)
  1391176    264936 1055655240  0.002  0.001   38.397   22.646    0    0  (Gen:  0)
  2032848    267888 1055947096  0.003  0.001   38.401   22.648    0    0  (Gen:  0)
  2841824    534576 1056635336  0.001  0.001   38.406   22.652    0    0  (Gen:  0)
  1032192    790072 1056979400  0.002  0.001   38.409   22.653    0    0  (Gen:  0)
  1032192    347400 1057323464  0.002  0.000   38.411   22.654    0    0  (Gen:  0)
  1523064     51472 1057440672  0.000  0.000   38.413   22.655    0    0  (Gen:  0)
  1037528     33656 1057460336  0.000  0.000   38.414   22.656    0    0  (Gen:  0)
  1031328     79280 1057515992  0.001  0.000   38.415   22.657    0    0  (Gen:  0)
  1036728    116344 1057572944  0.001  0.000   38.416   22.657    0    0  (Gen:  0)
  1034096    128048 1057639128  0.001  0.000   38.418   22.658    0    0  (Gen:  0)
  1031088    130936 1057699904  0.001  0.000   38.419   22.659    0    0  (Gen:  0)
  1035952    129168 1057761624  0.001  0.000   38.421   22.660    0    0  (Gen:  0)
  1034080    132544 1057827848  0.001  0.000   38.422   22.660    0    0  (Gen:  0)
  1033128    137288 1057894280  0.001  0.000   38.424   22.661    0    0  (Gen:  0)
  1034752    131104 1057955168  0.001  0.000   38.425   22.662    0    0  (Gen:  0)
  1034024    133064 1058021160  0.001  0.000   38.427   22.663    0    0  (Gen:  0)
  1036616    128184 1058079168  0.001  0.000   38.428   22.663    0    0  (Gen:  0)
  1036168    130248 1058144520  0.001  0.000   38.430   22.664    0    0  (Gen:  0)
  1036744    130920 1058204968  0.001  0.000   38.431   22.665    0    0  (Gen:  0)
  1034512    134720 1058273504  0.001  0.000   38.433   22.666    0    0  (Gen:  0)
  1033744    148872 1058348088  0.001  0.000   38.434   22.666    0    0  (Gen:  0)
  1034576    151632 1058419112  0.001  0.000   38.436   22.667    0    0  (Gen:  0)
  1033432    132328 1058474648  0.001  0.000   38.437   22.668    0    0  (Gen:  0)
  1032968    113360 1058528248  0.001  0.000   38.439   22.669    0    0  (Gen:  0)
  1032288    112616 1058579312  0.001  0.000   38.440   22.669    0    0  (Gen:  0)
  1034648    112608 1058636888  0.001  0.000   38.441   22.670    0    0  (Gen:  0)
  1034744    127288 1058702640  0.001  0.000   38.443   22.671    0    0  (Gen:  0)
  1036384    127456 1058759320  0.001  0.000   38.444   22.671    0    0  (Gen:  0)
  1031696    136232 1058834648  0.001  0.000   38.446   22.672    0    0  (Gen:  0)
  1033136    160008 1058912400  0.001  0.000   38.447   22.673    0    0  (Gen:  0)
  1032928    146160 1058974744  0.001  0.000   38.449   22.674    0    0  (Gen:  0)
  2360408    263656 1059241552  0.001  0.000   38.451   22.675    0    0  (Gen:  0)
  2362104    122904 1059135696  0.000  0.000   38.454   22.677    0    0  (Gen:  0)
  1545056     33208 1059144944  0.000  0.000   38.455   22.678    0    0  (Gen:  0)
  1170032     33864 1059161152  0.000  0.000   38.456   22.679    0    0  (Gen:  0)
  2275648     46792 1059183392  0.000  0.000   38.459   22.682    0    0  (Gen:  0)
  1907280     50816 1059244560  0.000  0.000   38.461   22.684    0    0  (Gen:  0)
  3371784    352160 1059757616  0.001  0.000   38.466   22.688    0    0  (Gen:  0)
  1032192    680312 1060101680  0.002  0.001   38.468   22.689    0    0  (Gen:  0)
  1032192    347448 1060445744  0.002  0.000   38.470   22.690    0    0  (Gen:  0)
  1858472    170464 1060681888  0.001  0.000   38.472   22.691    0    0  (Gen:  0)
  1037400     32976 1060700768  0.000  0.000   38.473   22.692    0    0  (Gen:  0)
  1033160     78200 1060756048  0.001  0.000   38.474   22.693    0    0  (Gen:  0)
  1035936    116848 1060813672  0.001  0.000   38.476   22.693    0    0  (Gen:  0)
  1034152    127576 1060879680  0.001  0.000   38.477   22.694    0    0  (Gen:  0)
  1031224    130688 1060940008  0.001  0.000   38.478   22.695    0    0  (Gen:  0)
  1035944    128680 1061001728  0.001  0.000   38.480   22.695    0    0  (Gen:  0)
  1034056    131576 1061067168  0.001  0.000   38.481   22.696    0    0  (Gen:  0)
  1033416    135616 1061133104  0.001  0.000   38.483   22.697    0    0  (Gen:  0)
  1034728    132808 1061195504  0.001  0.000   38.484   22.698    0    0  (Gen:  0)
  1033656    133568 1061260832  0.001  0.000   38.486   22.698    0    0  (Gen:  0)
  1036632    129384 1061318608  0.001  0.000   38.487   22.699    0    0  (Gen:  0)
  1036192    130824 1061385072  0.001  0.000   38.489   22.700    0    0  (Gen:  0)
  1036736    130440 1061444488  0.001  0.000   38.490   22.701    0    0  (Gen:  0)
  1034616    133656 1061512960  0.001  0.000   38.492   22.701    0    0  (Gen:  0)
  1033688    148200 1061587464  0.001  0.000   38.493   22.702    0    0  (Gen:  0)
  1034552    150648 1061657656  0.001  0.000   38.495   22.703    0    0  (Gen:  0)
  1033480    133592 1061715192  0.001  0.000   38.497   22.704    0    0  (Gen:  0)
  1032944    115312 1061767504  0.001  0.000   38.498   22.704    0    0  (Gen:  0)
  1032568    112784 1061819904  0.001  0.000   38.499   22.705    0    0  (Gen:  0)
  1034280    113640 1061877128  0.001  0.000   38.501   22.706    0    0  (Gen:  0)
  1034776    127400 1061943016  0.001  0.000   38.502   22.707    0    0  (Gen:  0)
  1036320    128272 1061998352  0.001  0.000   38.504   22.707    0    0  (Gen:  0)
  1032096    134688 1062073352  0.001  0.000   38.505   22.708    0    0  (Gen:  0)
  1033056    160384 1062151952  0.001  0.000   38.507   22.709    0    0  (Gen:  0)
  1032864    147296 1062214440  0.001  0.000   38.509   22.710    0    0  (Gen:  0)
  2385320    264096 1062485504  0.001  0.000   38.511   22.711    0    0  (Gen:  0)
  2304368    125864 1062374680  0.000  0.000   38.514   22.713    0    0  (Gen:  0)
  1436568     33816 1062385488  0.000  0.000   38.515   22.714    0    0  (Gen:  0)
  1558640     34968 1062398304  0.000  0.000   38.517   22.716    0    0  (Gen:  0)
  2070048     48696 1062425488  0.000  0.000   38.519   22.718    0    0  (Gen:  0)
  2469784     68760 1062508840  0.000  0.000   38.521   22.720    0    0  (Gen:  0)
  2525976    482472 1063125424  0.001  0.000   38.526   22.724    0    0  (Gen:  0)
  1032192    796904 1063469488  0.002  0.001   38.528   22.725    0    0  (Gen:  0)
  1032192    347512 1063813552  0.002  0.000   38.530   22.726    0    0  (Gen:  0)
  1465832     29728 1063908896  0.000  0.000   38.532   22.727    0    0  (Gen:  0)
  1037224     34264 1063929472  0.000  0.000   38.533   22.728    0    0  (Gen:  0)
  1033304     79600 1063984896  0.001  0.000   38.534   22.728    0    0  (Gen:  0)
  1036008    117400 1064042816  0.001  0.000   38.535   22.729    0    0  (Gen:  0)
  1034216    128416 1064108824  0.001  0.000   38.537   22.730    0    0  (Gen:  0)
  1031056    131328 1064169664  0.001  0.000   38.538   22.730    0    0  (Gen:  0)
  1035984    129136 1064231112  0.001  0.000   38.540   22.731    0    0  (Gen:  0)
  1034008    131848 1064297040  0.001  0.000   38.541   22.732    0    0  (Gen:  0)
  1033080    136896 1064363312  0.001  0.000   38.543   22.733    0    0  (Gen:  0)
  1034824    131504 1064424568  0.001  0.000   38.544   22.733    0    0  (Gen:  0)
  1034064    133608 1064490680  0.001  0.000   38.546   22.734    0    0  (Gen:  0)
  1036608    127744 1064548232  0.001  0.000   38.547   22.735    0    0  (Gen:  0)
  1036184    129624 1064613360  0.001  0.000   38.549   22.736    0    0  (Gen:  0)
  1036632    130968 1064674056  0.001  0.000   38.550   22.736    0    0  (Gen:  0)
  1034600    135072 1064742512  0.001  0.000   38.552   22.737    0    0  (Gen:  0)
  1033752    148568 1064816800  0.001  0.000   38.553   22.738    0    0  (Gen:  0)
  1034504    152024 1064888008  0.001  0.000   38.555   22.739    0    0  (Gen:  0)
  1033432    132624 1064943336  0.001  0.000   38.556   22.739    0    0  (Gen:  0)
  1032976    112912 1064996688  0.001  0.000   38.558   22.740    0    0  (Gen:  0)
  1032344    112744 1065047928  0.001  0.000   38.559   22.741    0    0  (Gen:  0)
  1034688    113128 1065105656  0.001  0.000   38.560   22.741    0    0  (Gen:  0)
  1034744    127240 1065171000  0.001  0.000   38.562   22.742    0    0  (Gen:  0)
  1036336    127696 1065228024  0.001  0.000   38.563   22.743    0    0  (Gen:  0)
  1031576    136952 1065303504  0.001  0.000   38.565   22.744    0    0  (Gen:  0)
  1033144    159256 1065380816  0.001  0.000   38.567   22.744    0    0  (Gen:  0)
  1033016    145768 1065442992  0.001  0.000   38.568   22.745    0    0  (Gen:  0)
  1189440    171960 1065552600  0.001  0.000   38.570   22.746    0    0  (Gen:  0)
  1512032    236248 1065743688  0.001  0.000   38.572   22.747    0    0  (Gen:  0)
  2302528     91312 1065805768  0.000  0.000   38.575   22.749    0    0  (Gen:  0)
  1135368     38712 1065854856  0.000  0.000   38.576   22.750    0    0  (Gen:  0)
  1486520     36000 1065879376  0.000  0.000   38.577   22.752    0    0  (Gen:  0)
  2053752     48296 1065905912  0.000  0.000   38.579   22.754    0    0  (Gen:  0)
  3230816     66216 1065953952  0.000  0.000   38.583   22.757    0    0  (Gen:  0)
  3343160     88416 1066015992  0.000  0.000   38.586   22.760    0    0  (Gen:  0)
  2801040    299400 1066289272  0.000  0.000   38.589   22.764    0    0  (Gen:  0)
  2087680    626480 1066854280  0.002  0.000   38.593   22.766    0    0  (Gen:  0)
  1032192    833392 1067198344  0.003  0.001   38.595   22.767    0    0  (Gen:  0)
  2049856    235432 1067499320  0.001  0.000   38.598   22.769    0    0  (Gen:  0)
  1037584     33120 1067518248  0.000  0.000   38.599   22.769    0    0  (Gen:  0)
  1031944     77984 1067573112  0.000  0.000   38.600   22.770    0    0  (Gen:  0)
  1036024    114912 1067629016  0.001  0.000   38.601   22.770    0    0  (Gen:  0)
  1034096    126768 1067694768  0.001  0.000   38.603   22.771    0    0  (Gen:  0)
  1031248    131360 1067755968  0.001  0.000   38.604   22.772    0    0  (Gen:  0)
  1035904    129288 1067817320  0.001  0.000   38.605   22.773    0    0  (Gen:  0)
  1034016    132936 1067884536  0.001  0.000   38.607   22.774    0    0  (Gen:  0)
  1033440    135776 1067949072  0.001  0.000   38.608   22.774    0    0  (Gen:  0)
  1034760    133504 1068011776  0.001  0.000   38.610   22.775    0    0  (Gen:  0)
  1033616    134024 1068077008  0.001  0.000   38.611   22.776    0    0  (Gen:  0)
  1036792    130288 1068135336  0.001  0.000   38.613   22.776    0    0  (Gen:  0)
  1036032    131200 1068201584  0.001  0.000   38.614   22.777    0    0  (Gen:  0)
  1036896    130776 1068261144  0.001  0.000   38.616   22.778    0    0  (Gen:  0)
  1034496    133672 1068329344  0.001  0.000   38.617   22.779    0    0  (Gen:  0)
  1033648    147968 1068403480  0.001  0.000   38.619   22.779    0    0  (Gen:  0)
  1034576    150272 1068473472  0.001  0.000   38.620   22.780    0    0  (Gen:  0)
  1033456    133936 1068531632  0.001  0.000   38.622   22.781    0    0  (Gen:  0)
  1032928    115640 1068583856  0.001  0.000   38.623   22.782    0    0  (Gen:  0)
  1032608    112392 1068635832  0.001  0.000   38.624   22.782    0    0  (Gen:  0)
  1034464    113712 1068693592  0.001  0.000   38.626   22.783    0    0  (Gen:  0)
  1034568    127928 1068759528  0.001  0.000   38.627   22.784    0    0  (Gen:  0)
  1036392    128352 1068814248  0.001  0.000   38.629   22.784    0    0  (Gen:  0)
  1032024    133760 1068888792  0.001  0.000   38.630   22.785    0    0  (Gen:  0)
  1033048    158720 1068966080  0.001  0.000   38.632   22.786    0    0  (Gen:  0)
  1032968    147480 1069030232  0.001  0.000   38.633   22.787    0    0  (Gen:  0)
  1697512    203592 1069235008  0.001  0.000   38.635   22.788    0    0  (Gen:  0)
  1493176    268920 1069364624  0.001  0.000   38.638   22.789    0    0  (Gen:  0)
  1598944     57800 1069419744  0.000  0.000   38.640   22.790    0    0  (Gen:  0)
  2895920     60224 1069465424  0.000  0.000   38.642   22.793    0    0  (Gen:  0)
  2556136     60424 1069462888  0.000  0.000   38.645   22.796    0    0  (Gen:  0)
  1562424     47272 1069545512  0.000  0.000   38.646   22.797    0    0  (Gen:  0)
  3078664    450528 1070162728  0.001  0.000   38.651   22.801    0    0  (Gen:  0)
  1032192    785856 1070506808  0.002  0.001   38.653   22.802    0    0  (Gen:  0)
  1032192    347656 1070850872  0.002  0.000   38.655   22.802    0    0  (Gen:  0)
  1523304     59048 1070975400  0.000  0.000   38.657   22.804    0    0  (Gen:  0)
  1037392     33288 1070994288  0.000  0.000   38.658   22.804    0    0  (Gen:  0)
  1033168     78048 1071049160  0.000  0.000   38.659   22.805    0    0  (Gen:  0)
  1036024    114976 1071105064  0.001  0.000   38.660   22.806    0    0  (Gen:  0)
  1034096    126832 1071170816  0.001  0.000   38.661   22.806    0    0  (Gen:  0)
  1031248    131424 1071232016  0.001  0.000   38.663   22.807    0    0  (Gen:  0)
  1035904    129352 1071293368  0.001  0.000   38.664   22.808    0    0  (Gen:  0)
  1034016    133000 1071360584  0.001  0.000   38.666   22.808    0    0  (Gen:  0)
  1033440    135840 1071425120  0.001  0.000   38.667   22.809    0    0  (Gen:  0)
  1034760    133568 1071487824  0.001  0.000   38.669   22.810    0    0  (Gen:  0)
  1033616    134088 1071553056  0.001  0.000   38.670   22.811    0    0  (Gen:  0)
  1036792    130352 1071611384  0.001  0.000   38.672   22.811    0    0  (Gen:  0)
  1036032    131264 1071677632  0.001  0.000   38.673   22.812    0    0  (Gen:  0)
  1036896    130840 1071737192  0.001  0.000   38.675   22.813    0    0  (Gen:  0)
  1034496    133736 1071805392  0.001  0.000   38.676   22.814    0    0  (Gen:  0)
  1033648    148032 1071879528  0.001  0.000   38.678   22.814    0    0  (Gen:  0)
  1034576    150336 1071949520  0.001  0.000   38.679   22.815    0    0  (Gen:  0)
  1033456    134000 1072007680  0.001  0.000   38.681   22.816    0    0  (Gen:  0)
  1032928    115704 1072059904  0.001  0.000   38.682   22.817    0    0  (Gen:  0)
  1032608    112456 1072111880  0.001  0.000   38.683   22.817    0    0  (Gen:  0)
  1034464    113776 1072169640  0.001  0.000   38.685   22.818    0    0  (Gen:  0)
  1034568    127992 1072235576  0.001  0.000   38.686   22.819    0    0  (Gen:  0)
  1036392    128416 1072290296  0.001  0.000   38.688   22.819    0    0  (Gen:  0)
  1032024    133824 1072364840  0.001  0.000   38.689   22.820    0    0  (Gen:  0)
  1033048    158784 1072442128  0.001  0.000   38.691   22.821    0    0  (Gen:  0)
  1032968    147544 1072506280  0.001  0.000   38.692   22.822    0    0  (Gen:  0)
  2377208    265904 1072773304  0.001  0.000   38.695   22.823    0    0  (Gen:  0)
  3825616    134056 1072674568  0.000  0.000   38.699   22.826    0    0  (Gen:  0)
  3025144     60952 1072707864  0.000  0.000   38.702   22.829    0    0  (Gen:  0)
  1441080     54864 1072731672  0.000  0.000   38.703   22.830    0    0  (Gen:  0)
  1647640     29896 1072777224  0.000  0.000   38.705   22.832    0    0  (Gen:  0)
  2737424    585832 1073524928  0.001  0.000   38.709   22.836    0    0  (Gen:  0)
  1032192    919200 1073869016  0.002  0.001   38.712   22.837    0    0  (Gen:  0)
  1068072    261792 1074163504  0.001  0.000   38.714   22.838    0    0  (Gen:  0)
  1083872     14920 1074204064  0.000  0.000   38.715   22.839    0    0  (Gen:  0)
  1037584     30816 1074222992  0.000  0.000   38.716   22.839    0    0  (Gen:  0)
  1031952     76664 1074276400  0.001  0.000   38.717   22.840    0    0  (Gen:  0)
  1036080    114304 1074332968  0.001  0.000   38.718   22.840    0    0  (Gen:  0)
  1034056    126896 1074398736  0.001  0.000   38.720   22.841    0    0  (Gen:  0)
  1031240    131680 1074459912  0.001  0.000   38.721   22.842    0    0  (Gen:  0)
  1036104    129960 1074521840  0.001  0.000   38.723   22.843    0    0  (Gen:  0)
  1034008    132984 1074588728  0.001  0.000   38.724   22.843    0    0  (Gen:  0)
  1033344    135264 1074652784  0.001  0.000   38.726   22.844    0    0  (Gen:  0)
  1034672    133680 1074715360  0.001  0.000   38.727   22.845    0    0  (Gen:  0)
  1033600    134064 1074781008  0.001  0.000   38.729   22.846    0    0  (Gen:  0)
  1036840    130496 1074839304  0.001  0.000   38.731   22.846    0    0  (Gen:  0)
  1035960    131520 1074905752  0.001  0.000   38.732   22.847    0    0  (Gen:  0)
  1036904    130656 1074965080  0.001  0.000   38.734   22.848    0    0  (Gen:  0)
  1034552    133816 1075033544  0.001  0.000   38.735   22.849    0    0  (Gen:  0)
  1033584    147920 1075107584  0.001  0.000   38.737   22.849    0    0  (Gen:  0)
  1034576    150760 1075177984  0.001  0.000   38.738   22.850    0    0  (Gen:  0)
  1033512    134224 1075236016  0.001  0.000   38.740   22.851    0    0  (Gen:  0)
  1032880    115552 1075287880  0.001  0.000   38.741   22.852    0    0  (Gen:  0)
  1032648    112192 1075339944  0.001  0.000   38.743   22.852    0    0  (Gen:  0)
  1034472    114352 1075398072  0.001  0.000   38.744   22.853    0    0  (Gen:  0)
  1034528    128304 1075463984  0.001  0.000   38.745   22.854    0    0  (Gen:  0)
  1036408    128776 1075518856  0.001  0.000   38.747   22.854    0    0  (Gen:  0)
  1032144    134136 1075593568  0.001  0.000   38.748   22.855    0    0  (Gen:  0)
  1032896    157976 1075669736  0.001  0.000   38.750   22.856    0    0  (Gen:  0)
  1032968    147784 1075734960  0.001  0.000   38.751   22.857    0    0  (Gen:  0)
  1188664    174088 1075843008  0.001  0.000   38.753   22.858    0    0  (Gen:  0)
  1518344    233952 1076000328  0.001  0.000   38.755   22.859    0    0  (Gen:  0)
  2520952    105024 1076108064  0.000  0.000   38.758   22.861    0    0  (Gen:  0)
  1103032     36040 1076118528  0.000  0.000   38.759   22.862    0    0  (Gen:  0)
  3362528     57912 1076489448  0.000  0.000   38.763   22.865    0    0  (Gen:  0)
  1180608     56592 1076511704  0.000  0.000   38.764   22.866    0    0  (Gen:  0)
  1604856     37880 1076533672  0.000  0.000   38.766   22.868    0    0  (Gen:  0)
  1670656     41072 1076557072  0.000  0.000   38.768   22.870    0    0  (Gen:  0)
  1670648     50568 1076592496  0.000  0.000   38.769   22.872    0    0  (Gen:  0)
  1750840     54216 1076628368  0.000  0.000   38.771   22.873    0    0  (Gen:  0)
  2816920    411592 1077222080  0.001  0.000   38.776   22.877    0    0  (Gen:  0)
  1032192    740936 1077566144  0.001  0.001   38.778   22.878    0    0  (Gen:  0)
  1032192    347840 1077910208  0.001  0.000   38.780   22.879    0    0  (Gen:  0)
  1107648    106752 1078082272  0.000  0.000   38.782   22.880    0    0  (Gen:  0)
  1039712     14256 1078082192  0.000  0.000   38.782   22.881    0    0  (Gen:  0)
  1034048     47928 1078124384  0.000  0.000   38.783   22.881    0    0  (Gen:  0)
  1032216    102272 1078180360  0.001  0.000   38.785   22.882    0    0  (Gen:  0)
  1035880    124280 1078244040  0.001  0.000   38.786   22.883    0    0  (Gen:  0)
  1033232    133240 1078308784  0.001  0.000   38.788   22.883    0    0  (Gen:  0)
  1033072    134128 1078370880  0.001  0.000   38.789   22.884    0    0  (Gen:  0)
  1035208    131000 1078431448  0.001  0.000   38.791   22.885    0    0  (Gen:  0)
  1033624    132688 1078497432  0.001  0.000   38.792   22.886    0    0  (Gen:  0)
  1034272    132648 1078559432  0.001  0.000   38.794   22.886    0    0  (Gen:  0)
  1033720    135008 1078625392  0.001  0.000   38.795   22.887    0    0  (Gen:  0)
  1035344    139640 1078690912  0.001  0.000   38.797   22.888    0    0  (Gen:  0)
  1035616    131176 1078749536  0.001  0.000   38.799   22.889    0    0  (Gen:  0)
  1037608    122960 1078807520  0.001  0.000   38.800   22.889    0    0  (Gen:  0)
  1035496    131272 1078875864  0.001  0.000   38.802   22.890    0    0  (Gen:  0)
  1033552    146680 1078946888  0.001  0.000   38.803   22.891    0    0  (Gen:  0)
  1035144    148920 1079018160  0.001  0.000   38.805   22.892    0    0  (Gen:  0)
  1032864    143720 1079085736  0.001  0.000   38.806   22.893    0    0  (Gen:  0)
  1032904    126960 1079140224  0.001  0.000   38.808   22.893    0    0  (Gen:  0)
  1034720    115168 1079193216  0.001  0.000   38.809   22.894    0    0  (Gen:  0)
  1031728    109856 1079244280  0.001  0.000   38.811   22.895    0    0  (Gen:  0)
  1035592    122432 1079307616  0.001  0.000   38.812   22.895    0    0  (Gen:  0)
  1036328    118288 1079357200  0.001  0.000   38.813   22.896    0    0  (Gen:  0)
  1033736    135408 1079436464  0.001  0.000   38.815   22.897    0    0  (Gen:  0)
  1031480    163680 1079515976  0.001  0.000   38.817   22.898    0    0  (Gen:  0)
  1032976    152944 1079583712  0.001  0.000   38.818   22.898    0    0  (Gen:  0)
  1034000    137544 1079648216  0.001  0.000   38.820   22.899    0    0  (Gen:  0)
  1921512    238960 1079852976  0.001  0.000   38.822   22.900    0    0  (Gen:  0)
  1867136     89360 1079733912  0.000  0.000   38.824   22.902    0    0  (Gen:  0)
  1180056     30784 1079785504  0.000  0.000   38.825   22.903    0    0  (Gen:  0)
  3850088     51664 1079820624  0.000  0.000   38.829   22.907    0    0  (Gen:  0)
  2975288     86952 1079911568  0.000  0.000   38.832   22.909    0    0  (Gen:  0)
  2337032    397552 1080438936  0.001  0.000   38.836   22.913    0    0  (Gen:  0)
  1032192    708568 1080783000  0.001  0.001   38.838   22.914    0    0  (Gen:  0)
  1032192    347904 1081127064  0.001  0.000   38.840   22.914    0    0  (Gen:  0)
  1703584    120368 1081312672  0.001  0.000   38.842   22.916    0    0  (Gen:  0)
  1037656     33096 1081335248  0.000  0.000   38.843   22.916    0    0  (Gen:  0)
  1031864     76832 1081389096  0.001  0.000   38.844   22.917    0    0  (Gen:  0)
  1036080    114680 1081445664  0.001  0.000   38.846   22.918    0    0  (Gen:  0)
  1034056    127040 1081511432  0.001  0.000   38.847   22.919    0    0  (Gen:  0)
  1031240    131824 1081572608  0.001  0.000   38.849   22.919    0    0  (Gen:  0)
  1036104    130104 1081634536  0.001  0.000   38.850   22.920    0    0  (Gen:  0)
  1034008    133128 1081701424  0.001  0.000   38.852   22.921    0    0  (Gen:  0)
  1033344    135408 1081765480  0.001  0.000   38.853   22.922    0    0  (Gen:  0)
  1034672    133824 1081828056  0.001  0.000   38.855   22.922    0    0  (Gen:  0)
  1033600    134208 1081893704  0.001  0.000   38.856   22.923    0    0  (Gen:  0)
  1036840    130640 1081952000  0.001  0.000   38.858   22.924    0    0  (Gen:  0)
  1035960    131664 1082018448  0.001  0.000   38.859   22.925    0    0  (Gen:  0)
  1036904    130800 1082077776  0.001  0.000   38.861   22.925    0    0  (Gen:  0)
  1034552    133960 1082146240  0.001  0.000   38.862   22.926    0    0  (Gen:  0)
  1033584    148064 1082220280  0.001  0.000   38.864   22.927    0    0  (Gen:  0)
  1034576    150904 1082290680  0.001  0.000   38.865   22.928    0    0  (Gen:  0)
  1033512    134368 1082348712  0.001  0.000   38.867   22.928    0    0  (Gen:  0)
  1032880    115696 1082400576  0.001  0.000   38.868   22.929    0    0  (Gen:  0)
  1032648    112336 1082452640  0.001  0.000   38.870   22.930    0    0  (Gen:  0)
  1034472    114496 1082510768  0.001  0.000   38.871   22.930    0    0  (Gen:  0)
  1034528    128448 1082576680  0.001  0.000   38.872   22.931    0    0  (Gen:  0)
  1036408    128920 1082631552  0.001  0.000   38.874   22.932    0    0  (Gen:  0)
  1032144    134280 1082706264  0.001  0.000   38.875   22.933    0    0  (Gen:  0)
  1032896    158120 1082782432  0.001  0.000   38.877   22.933    0    0  (Gen:  0)
  1032968    147928 1082847656  0.001  0.000   38.879   22.934    0    0  (Gen:  0)
  2387464    268264 1083115280  0.001  0.000   38.881   22.936    0    0  (Gen:  0)
  1864856    118080 1082966736  0.000  0.000   38.883   22.937    0    0  (Gen:  0)
  3464976     42336 1083030856  0.000  0.000   38.886   22.940    0    0  (Gen:  0)
  4455648     87032 1083127808  0.000  0.000   38.890   22.944    0    0  (Gen:  0)
  2727552    559232 1083821624  0.001  0.000   38.895   22.948    0    0  (Gen:  0)
  1032192    872200 1084165688  0.002  0.001   38.898   22.949    0    0  (Gen:  0)
  1067544    310064 1084508256  0.001  0.000   38.900   22.950    0    0  (Gen:  0)
  1224000     15264 1084547280  0.000  0.000   38.901   22.951    0    0  (Gen:  0)
  1037584     31912 1084566208  0.000  0.000   38.902   22.951    0    0  (Gen:  0)
  1031944     78320 1084621072  0.001  0.000   38.903   22.952    0    0  (Gen:  0)
  1036072    114480 1084676208  0.001  0.000   38.904   22.953    0    0  (Gen:  0)
  1034056    126352 1084741976  0.001  0.000   38.906   22.953    0    0  (Gen:  0)
  1031240    131880 1084803152  0.001  0.000   38.907   22.954    0    0  (Gen:  0)
  1036104    130160 1084865080  0.001  0.000   38.909   22.955    0    0  (Gen:  0)
  1034008    133184 1084931968  0.001  0.000   38.910   22.956    0    0  (Gen:  0)
  1033344    135464 1084996024  0.001  0.000   38.912   22.956    0    0  (Gen:  0)
  1034672    133880 1085058600  0.001  0.000   38.913   22.957    0    0  (Gen:  0)
  1033600    134264 1085124248  0.001  0.000   38.915   22.958    0    0  (Gen:  0)
  1036840    130696 1085182544  0.001  0.000   38.916   22.959    0    0  (Gen:  0)
  1035960    131720 1085248992  0.001  0.001   38.918   22.960    0    0  (Gen:  0)
  1036904    130856 1085308320  0.000  0.000   38.919   22.960    0    0  (Gen:  0)
  1034552    134016 1085376784  0.001  0.000   38.920   22.961    0    0  (Gen:  0)
  1033584    148120 1085450824  0.001  0.000   38.922   22.962    0    0  (Gen:  0)
  1034576    150960 1085521224  0.001  0.000   38.923   22.963    0    0  (Gen:  0)
  1033512    134424 1085579256  0.001  0.000   38.925   22.963    0    0  (Gen:  0)
  1032880    115752 1085631120  0.001  0.000   38.926   22.964    0    0  (Gen:  0)
  1032648    112392 1085683184  0.001  0.000   38.927   22.965    0    0  (Gen:  0)
  1034472    114552 1085741312  0.001  0.000   38.928   22.965    0    0  (Gen:  0)
  1034528    128504 1085807224  0.001  0.000   38.930   22.966    0    0  (Gen:  0)
  1036408    128976 1085862096  0.001  0.000   38.931   22.967    0    0  (Gen:  0)
  1032144    134336 1085936808  0.001  0.000   38.933   22.968    0    0  (Gen:  0)
  1032896    158176 1086012976  0.001  0.000   38.934   22.968    0    0  (Gen:  0)
  1032968    147984 1086078200  0.001  0.000   38.936   22.969    0    0  (Gen:  0)
  1193176    174224 1086186184  0.001  0.000   38.937   22.970    0    0  (Gen:  0)
  1517336    235416 1086344760  0.001  0.000   38.939   22.971    0    0  (Gen:  0)
  3737968    117856 1086759184  0.000  0.000   38.943   22.974    0    0  (Gen:  0)
  3115912     69120 1086802104  0.000  0.000   38.946   22.977    0    0  (Gen:  0)
  1446728     55248 1086826256  0.000  0.000   38.948   22.979    0    0  (Gen:  0)
  3104488    423736 1087407440  0.001  0.000   38.952   22.983    0    0  (Gen:  0)
  1032192    757696 1087751504  0.002  0.001   38.955   22.984    0    0  (Gen:  0)
  1032192    348048 1088095568  0.002  0.000   38.957   22.984    0    0  (Gen:  0)
  1622840     93568 1088254232  0.000  0.000   38.958   22.986    0    0  (Gen:  0)
  1037584     33576 1088273160  0.000  0.000   38.959   22.986    0    0  (Gen:  0)
  1031920     76984 1088326568  0.001  0.000   38.960   22.987    0    0  (Gen:  0)
  1036080    114624 1088383136  0.001  0.000   38.962   22.988    0    0  (Gen:  0)
  1034056    127216 1088448904  0.001  0.000   38.963   22.989    0    0  (Gen:  0)
  1031240    132000 1088510080  0.001  0.000   38.965   22.989    0    0  (Gen:  0)
  1036104    130280 1088572008  0.001  0.000   38.966   22.990    0    0  (Gen:  0)
  1034008    133304 1088638896  0.001  0.000   38.968   22.991    0    0  (Gen:  0)
  1033344    135584 1088702952  0.001  0.000   38.969   22.991    0    0  (Gen:  0)
  1034672    134000 1088765528  0.001  0.000   38.971   22.992    0    0  (Gen:  0)
  1033600    134384 1088831176  0.001  0.000   38.972   22.993    0    0  (Gen:  0)
  1036840    130816 1088889472  0.001  0.000   38.974   22.994    0    0  (Gen:  0)
  1035960    131840 1088955920  0.001  0.000   38.975   22.994    0    0  (Gen:  0)
  1036904    130976 1089015248  0.001  0.000   38.977   22.995    0    0  (Gen:  0)
  1034552    134136 1089083712  0.001  0.000   38.979   22.996    0    0  (Gen:  0)
  1033584    148240 1089157752  0.001  0.000   38.980   22.997    0    0  (Gen:  0)
  1034576    151080 1089228152  0.001  0.000   38.982   22.998    0    0  (Gen:  0)
  1033512    134544 1089286184  0.001  0.000   38.983   22.998    0    0  (Gen:  0)
  1032880    115872 1089338048  0.001  0.000   38.985   22.999    0    0  (Gen:  0)
  1032648    112512 1089390112  0.001  0.000   38.986   23.000    0    0  (Gen:  0)
  1034472    114672 1089448240  0.001  0.000   38.987   23.000    0    0  (Gen:  0)
  1034528    128624 1089514152  0.001  0.000   38.989   23.001    0    0  (Gen:  0)
  1036408    129096 1089569024  0.001  0.000   38.990   23.002    0    0  (Gen:  0)
  1032144    134456 1089643736  0.001  0.000   38.992   23.003    0    0  (Gen:  0)
  1032896    158296 1089719904  0.001  0.000   38.994   23.003    0    0  (Gen:  0)
  1032968    148104 1089785128  0.001  0.000   38.995   23.004    0    0  (Gen:  0)
  1187928    173744 1089892512  0.001  0.000   38.997   23.005    0    0  (Gen:  0)
  1522384    234832 1090087960  0.001  0.000   38.999   23.006    0    0  (Gen:  0)
  2187288     94616 1090151920  0.000  0.000   39.001   23.008    0    0  (Gen:  0)
  3676568     71816 1090204568  0.000  0.000   39.005   23.011    0    0  (Gen:  0)
  1437256     54976 1090224152  0.000  0.000   39.006   23.012    0    0  (Gen:  0)
  1172112     40392 1090245408  0.000  0.000   39.007   23.014    0    0  (Gen:  0)
  1108632     30432 1090258112  0.000  0.000   39.009   23.015    0    0  (Gen:  0)
  1231104     34336 1090273536  0.000  0.000   39.010   23.016    0    0  (Gen:  0)
  1234208     42216 1090299856  0.000  0.000   39.011   23.017    0    0  (Gen:  0)
  2970016     69752 1090356248  0.000  0.000   39.014   23.020    0    0  (Gen:  0)
  3552576    524448 1091055344  0.001  0.000   39.019   23.025    0    0  (Gen:  0)
  1032192    837168 1091399408  0.002  0.001   39.022   23.026    0    0  (Gen:  0)
  1031056    347752 1091743088  0.002  0.000   39.024   23.026    0    0  (Gen:  0)
  1388576     15568 1091823656  0.000  0.000   39.026   23.028    0    0  (Gen:  0)
  1037584     33672 1091842584  0.000  0.000   39.026   23.028    0    0  (Gen:  0)
  1031960     77048 1091900080  0.001  0.000   39.027   23.029    0    0  (Gen:  0)
  1036080    114688 1091956648  0.001  0.000   39.029   23.029    0    0  (Gen:  0)
  1034056    127280 1092022416  0.001  0.000   39.030   23.030    0    0  (Gen:  0)
  1031240    132064 1092083592  0.001  0.000   39.032   23.031    0    0  (Gen:  0)
  1036104    130344 1092145520  0.001  0.000   39.033   23.032    0    0  (Gen:  0)
  1034008    133368 1092212408  0.001  0.000   39.034   23.032    0    0  (Gen:  0)
  1033344    135648 1092276464  0.001  0.000   39.036   23.033    0    0  (Gen:  0)
  1034672    134064 1092339040  0.001  0.000   39.038   23.034    0    0  (Gen:  0)
  1033600    134448 1092404688  0.001  0.000   39.039   23.035    0    0  (Gen:  0)
  1036840    130880 1092462984  0.001  0.000   39.040   23.035    0    0  (Gen:  0)
  1035960    131904 1092529432  0.001  0.000   39.042   23.036    0    0  (Gen:  0)
  1036904    131040 1092588760  0.001  0.000   39.044   23.037    0    0  (Gen:  0)
  1034552    134200 1092657224  0.001  0.000   39.045   23.038    0    0  (Gen:  0)
  1033584    148304 1092731264  0.001  0.000   39.047   23.038    0    0  (Gen:  0)
  1034576    151144 1092801664  0.001  0.000   39.048   23.039    0    0  (Gen:  0)
  1033512    134608 1092859696  0.001  0.000   39.050   23.040    0    0  (Gen:  0)
  1032880    115936 1092911560  0.001  0.000   39.051   23.041    0    0  (Gen:  0)
  1032648    112576 1092963624  0.001  0.000   39.053   23.041    0    0  (Gen:  0)
  1034472    114736 1093021752  0.001  0.000   39.054   23.042    0    0  (Gen:  0)
  1034528    128688 1093087664  0.001  0.000   39.055   23.043    0    0  (Gen:  0)
  1036408    129160 1093142536  0.001  0.000   39.057   23.043    0    0  (Gen:  0)
  1032144    134520 1093217248  0.001  0.000   39.058   23.044    0    0  (Gen:  0)
  1032896    158360 1093293416  0.001  0.000   39.060   23.045    0    0  (Gen:  0)
  1032968    148168 1093358640  0.001  0.000   39.062   23.046    0    0  (Gen:  0)
  1676008    209000 1093566776  0.001  0.000   39.063   23.047    0    0  (Gen:  0)
  2676120    121808 1093508440  0.000  0.000   39.066   23.049    0    0  (Gen:  0)
  1938792     36776 1093525992  0.000  0.000   39.068   23.050    0    0  (Gen:  0)
  3586848     57736 1093571200  0.000  0.000   39.072   23.054    0    0  (Gen:  0)
  1104880     48176 1093584488  0.000  0.000   39.073   23.055    0    0  (Gen:  0)
  4060312    566200 1094348336  0.001  0.000   39.079   23.060    0    0  (Gen:  0)
  1032192    899240 1094692400  0.002  0.001   39.082   23.061    0    0  (Gen:  0)
  1068968    291256 1095015888  0.001  0.000   39.084   23.062    0    0  (Gen:  0)
  1207680     15472 1095054472  0.000  0.000   39.085   23.063    0    0  (Gen:  0)
  1037008     33376 1095075448  0.000  0.000   39.086   23.064    0    0  (Gen:  0)
  1033240     80912 1095134672  0.001  0.000   39.087   23.064    0    0  (Gen:  0)
  1036248    116464 1095190456  0.001  0.000   39.088   23.065    0    0  (Gen:  0)
  1034264    128008 1095256928  0.001  0.000   39.090   23.066    0    0  (Gen:  0)
  1030888    131744 1095317024  0.001  0.000   39.091   23.066    0    0  (Gen:  0)
  1036152    130008 1095379096  0.001  0.000   39.093   23.067    0    0  (Gen:  0)
  1033688    133032 1095445032  0.001  0.000   39.094   23.068    0    0  (Gen:  0)
  1033416    137976 1095511448  0.001  0.000   39.096   23.069    0    0  (Gen:  0)
  1034824    132600 1095572744  0.001  0.000   39.097   23.069    0    0  (Gen:  0)
  1033936    134328 1095638696  0.001  0.000   39.099   23.070    0    0  (Gen:  0)
  1036472    128552 1095696240  0.001  0.000   39.100   23.071    0    0  (Gen:  0)
  1036384    129584 1095760712  0.001  0.000   39.102   23.072    0    0  (Gen:  0)
  1036656    132376 1095822856  0.001  0.000   39.103   23.072    0    0  (Gen:  0)
  1034656    136312 1095890520  0.001  0.000   39.105   23.073    0    0  (Gen:  0)
  1033600    148560 1095964936  0.001  0.000   39.107   23.074    0    0  (Gen:  0)
  1034528    153360 1096036632  0.001  0.000   39.108   23.075    0    0  (Gen:  0)
  1033544    132456 1096090968  0.001  0.000   39.110   23.075    0    0  (Gen:  0)
  1032888    113512 1096144920  0.001  0.000   39.111   23.076    0    0  (Gen:  0)
  1032328    114304 1096196648  0.001  0.000   39.112   23.077    0    0  (Gen:  0)
  1034800    114432 1096254240  0.001  0.000   39.114   23.078    0    0  (Gen:  0)
  1034672    127016 1096318608  0.001  0.000   39.115   23.078    0    0  (Gen:  0)
  1036424    129064 1096377232  0.001  0.000   39.117   23.079    0    0  (Gen:  0)
  1031488    138736 1096452312  0.001  0.000   39.118   23.080    0    0  (Gen:  0)
  1033192    159864 1096529640  0.001  0.000   39.120   23.080    0    0  (Gen:  0)
  1032736    145832 1096591088  0.001  0.000   39.121   23.081    0    0  (Gen:  0)
  2353328    262864 1096824048  0.001  0.000   39.124   23.083    0    0  (Gen:  0)
  1637232    118856 1096739448  0.000  0.000   39.126   23.084    0    0  (Gen:  0)
  2769120     40248 1096768448  0.000  0.000   39.128   23.086    0    0  (Gen:  0)
  2607472     52656 1096793080  0.000  0.000   39.131   23.089    0    0  (Gen:  0)
  1213504     52136 1096850032  0.000  0.000   39.132   23.090    0    0  (Gen:  0)
  3909512    424880 1097436952  0.002  0.001   39.138   23.095    0    0  (Gen:  0)
  1032192    756024 1097781016  0.003  0.001   39.141   23.096    0    0  (Gen:  0)
  1032192    348272 1098125080  0.002  0.000   39.143   23.097    0    0  (Gen:  0)
  1638568     99280 1098293320  0.000  0.000   39.145   23.099    0    0  (Gen:  0)
  1037680     33464 1098311576  0.000  0.000   39.146   23.099    0    0  (Gen:  0)
  1031864     77216 1098365424  0.001  0.000   39.147   23.100    0    0  (Gen:  0)
  1036080    115064 1098421992  0.001  0.000   39.148   23.100    0    0  (Gen:  0)
  1034056    127424 1098487760  0.001  0.000   39.150   23.101    0    0  (Gen:  0)
  1031240    132208 1098548936  0.001  0.000   39.151   23.102    0    0  (Gen:  0)
  1036104    130488 1098610864  0.001  0.000   39.153   23.103    0    0  (Gen:  0)
  1034008    133512 1098677752  0.001  0.000   39.154   23.103    0    0  (Gen:  0)
  1033344    135792 1098741808  0.001  0.000   39.156   23.104    0    0  (Gen:  0)
  1034672    134208 1098804384  0.001  0.000   39.157   23.105    0    0  (Gen:  0)
  1033600    134592 1098870032  0.001  0.000   39.159   23.106    0    0  (Gen:  0)
  1036840    131024 1098928328  0.001  0.000   39.160   23.106    0    0  (Gen:  0)
  1035960    132048 1098994776  0.001  0.000   39.162   23.107    0    0  (Gen:  0)
  1036904    131184 1099054104  0.001  0.000   39.163   23.108    0    0  (Gen:  0)
  1034552    134344 1099122568  0.001  0.000   39.165   23.109    0    0  (Gen:  0)
  1033584    148448 1099196608  0.001  0.000   39.166   23.109    0    0  (Gen:  0)
  1034576    151288 1099267008  0.001  0.000   39.168   23.110    0    0  (Gen:  0)
  1033512    134752 1099325040  0.001  0.000   39.170   23.111    0    0  (Gen:  0)
  1032880    116080 1099376904  0.001  0.000   39.171   23.112    0    0  (Gen:  0)
  1032648    112720 1099428968  0.001  0.000   39.172   23.112    0    0  (Gen:  0)
  1034472    114880 1099487096  0.001  0.000   39.174   23.113    0    0  (Gen:  0)
  1034528    128832 1099553008  0.001  0.000   39.175   23.114    0    0  (Gen:  0)
  1036408    129304 1099607880  0.001  0.000   39.177   23.114    0    0  (Gen:  0)
  1032144    134664 1099682592  0.001  0.000   39.178   23.115    0    0  (Gen:  0)
  1032896    158504 1099758760  0.001  0.000   39.180   23.116    0    0  (Gen:  0)
  1032968    148312 1099823984  0.001  0.000   39.181   23.117    0    0  (Gen:  0)
  2379712    267784 1100094624  0.002  0.000   39.185   23.118    0    0  (Gen:  0)
  2619072    128704 1100284672  0.000  0.000   39.187   23.120    0    0  (Gen:  0)
  1584480     36968 1100326072  0.000  0.000   39.189   23.122    0    0  (Gen:  0)
  2445232     43248 1100411328  0.000  0.000   39.191   23.124    0    0  (Gen:  0)
  1392664     48816 1100435664  0.000  0.000   39.193   23.125    0    0  (Gen:  0)
  2513808    115600 1100530224  0.000  0.000   39.196   23.129    0    0  (Gen:  0)
  2456760    569952 1101216232  0.001  0.000   39.199   23.132    0    0  (Gen:  0)
  1032192    869360 1101560296  0.002  0.001   39.202   23.133    0    0  (Gen:  0)
  1067392    280000 1101872360  0.001  0.000   39.204   23.133    0    0  (Gen:  0)
  1069208     15544 1101913128  0.000  0.000   39.205   23.134    0    0  (Gen:  0)
  1038096     26064 1101926720  0.000  0.000   39.206   23.135    0    0  (Gen:  0)
  1032024     74520 1101986896  0.001  0.000   39.207   23.136    0    0  (Gen:  0)
  1035920    119656 1102045464  0.001  0.000   39.208   23.136    0    0  (Gen:  0)
  1034224    127456 1102108984  0.001  0.000   39.210   23.137    0    0  (Gen:  0)
  1031112    131840 1102171320  0.001  0.000   39.211   23.138    0    0  (Gen:  0)
  1036264    130664 1102231832  0.001  0.000   39.213   23.138    0    0  (Gen:  0)
  1033712    132120 1102298672  0.001  0.000   39.214   23.139    0    0  (Gen:  0)
  1033040    137872 1102363768  0.001  0.000   39.216   23.140    0    0  (Gen:  0)
  1034992    135896 1102426824  0.001  0.000   39.217   23.141    0    0  (Gen:  0)
  1034096    133640 1102491584  0.001  0.000   39.219   23.141    0    0  (Gen:  0)
  1036232    128056 1102547816  0.001  0.000   39.220   23.142    0    0  (Gen:  0)
  1036256    131936 1102616024  0.001  0.000   39.222   23.143    0    0  (Gen:  0)
  1036408    132856 1102675520  0.001  0.000   39.223   23.144    0    0  (Gen:  0)
  1034744    132736 1102742672  0.001  0.000   39.225   23.144    0    0  (Gen:  0)
  1033528    147416 1102817816  0.001  0.000   39.226   23.145    0    0  (Gen:  0)
  1034432    153800 1102889080  0.001  0.000   39.228   23.146    0    0  (Gen:  0)
  1033784    132744 1102945688  0.001  0.000   39.229   23.147    0    0  (Gen:  0)
  1032616    116744 1103000360  0.001  0.000   39.231   23.147    0    0  (Gen:  0)
  1033192    115144 1103051664  0.001  0.000   39.232   23.148    0    0  (Gen:  0)
  1034184    114744 1103107856  0.001  0.000   39.233   23.149    0    0  (Gen:  0)
  1034424    127896 1103174472  0.001  0.000   39.235   23.149    0    0  (Gen:  0)
  1036392    129904 1103228208  0.001  0.000   39.236   23.150    0    0  (Gen:  0)
  1032384    132120 1103301472  0.001  0.000   39.238   23.151    0    0  (Gen:  0)
  1032896    160296 1103380744  0.001  0.000   39.239   23.152    0    0  (Gen:  0)
  1033168    149080 1103444160  0.001  0.000   39.241   23.152    0    0  (Gen:  0)
  1716056    207952 1103653112  0.001  0.000   39.243   23.154    0    0  (Gen:  0)
  2629616    126928 1103570320  0.000  0.000   39.246   23.155    0    0  (Gen:  0)
  1175200     33504 1103613392  0.000  0.000   39.247   23.156    0    0  (Gen:  0)
  1150768     26496 1103623464  0.000  0.000   39.248   23.157    0    0  (Gen:  0)
  3162104     54216 1103661360  0.000  0.000   39.251   23.161    0    0  (Gen:  0)
  1781320     57744 1103689240  0.000  0.000   39.254   23.163    0    0  (Gen:  0)
  1320384     39216 1103704856  0.000  0.000   39.255   23.164    0    0  (Gen:  0)
  3683848     78160 1103767648  0.000  0.000   39.258   23.168    0    0  (Gen:  0)
  3057048    245408 1104045784  0.001  0.000   39.262   23.171    0    0  (Gen:  0)
  2160312    562200 1104547232  0.001  0.000   39.266   23.173    0    0  (Gen:  0)
  1032192    768152 1104891296  0.002  0.001   39.268   23.174    0    0  (Gen:  0)
  1065408    295144 1105218456  0.001  0.000   39.270   23.175    0    0  (Gen:  0)
  1183312     15608 1105259552  0.000  0.000   39.272   23.176    0    0  (Gen:  0)
  1036888     31224 1105278240  0.000  0.000   39.272   23.177    0    0  (Gen:  0)
  1032032     77152 1105335960  0.001  0.000   39.273   23.178    0    0  (Gen:  0)
  1035896    114688 1105392216  0.001  0.000   39.275   23.178    0    0  (Gen:  0)
  1034096    128272 1105458464  0.001  0.000   39.276   23.179    0    0  (Gen:  0)
  1031448    133744 1105520256  0.001  0.000   39.278   23.180    0    0  (Gen:  0)
  1035944    131040 1105581784  0.001  0.000   39.279   23.180    0    0  (Gen:  0)
  1033976    134008 1105649080  0.001  0.000   39.281   23.181    0    0  (Gen:  0)
  1033392    136464 1105713240  0.001  0.000   39.282   23.182    0    0  (Gen:  0)
  1034592    133968 1105775184  0.001  0.000   39.284   23.183    0    0  (Gen:  0)
  1033648    134712 1105841104  0.001  0.000   39.285   23.183    0    0  (Gen:  0)
  1036784    131416 1105899288  0.001  0.000   39.287   23.184    0    0  (Gen:  0)
  1036064    132200 1105965752  0.001  0.000   39.288   23.185    0    0  (Gen:  0)
  1036848    130552 1106024360  0.001  0.000   39.290   23.186    0    0  (Gen:  0)
  1034528    134344 1106093576  0.001  0.000   39.291   23.186    0    0  (Gen:  0)
  1033552    149176 1106167512  0.001  0.000   39.293   23.187    0    0  (Gen:  0)
  1034576    151096 1106237664  0.001  0.000   39.295   23.188    0    0  (Gen:  0)
  1033552    135216 1106296216  0.001  0.000   39.296   23.189    0    0  (Gen:  0)
  1032856    116744 1106348568  0.001  0.000   39.297   23.189    0    0  (Gen:  0)
  1032640    113008 1106400440  0.001  0.000   39.299   23.190    0    0  (Gen:  0)
  1034584    115120 1106458344  0.001  0.000   39.300   23.191    0    0  (Gen:  0)
  1034416    129232 1106524568  0.001  0.000   39.301   23.191    0    0  (Gen:  0)
  1036392    128240 1106578232  0.001  0.000   39.303   23.192    0    0  (Gen:  0)
  1032152    134264 1106653528  0.001  0.000   39.304   23.193    0    0  (Gen:  0)
  1032888    159456 1106729928  0.001  0.000   39.306   23.194    0    0  (Gen:  0)
  1032968    148384 1106794960  0.001  0.000   39.308   23.194    0    0  (Gen:  0)
  2409088    270336 1107031040  0.001  0.000   39.310   23.196    0    0  (Gen:  0)
  1869016    120440 1106915768  0.000  0.000   39.312   23.197    0    0  (Gen:  0)
  1232936     33704 1106961952  0.000  0.000   39.313   23.198    0    0  (Gen:  0)
  1182752     28944 1106971640  0.000  0.000   39.315   23.199    0    0  (Gen:  0)
  2745880     48240 1107001208  0.000  0.000   39.317   23.202    0    0  (Gen:  0)
  1409336     49712 1107051848  0.000  0.000   39.319   23.204    0    0  (Gen:  0)
  3008568    324176 1107468440  0.001  0.000   39.324   23.208    0    0  (Gen:  0)
  1156896    562088 1107796656  0.001  0.000   39.326   23.209    0    0  (Gen:  0)
  1032192    607480 1108140696  0.002  0.001   39.329   23.210    0    0  (Gen:  0)
  1065616    286232 1108458888  0.001  0.000   39.331   23.211    0    0  (Gen:  0)
  1153864     15808 1108498272  0.000  0.000   39.332   23.212    0    0  (Gen:  0)
  1037584     31664 1108517200  0.000  0.000   39.333   23.213    0    0  (Gen:  0)
  1031944     78872 1108572064  0.001  0.000   39.334   23.213    0    0  (Gen:  0)
  1036024    115800 1108627968  0.001  0.000   39.335   23.214    0    0  (Gen:  0)
  1034096    127656 1108693720  0.001  0.000   39.337   23.215    0    0  (Gen:  0)
  1031248    132248 1108754920  0.001  0.000   39.338   23.215    0    0  (Gen:  0)
  1035904    130176 1108816272  0.001  0.000   39.339   23.216    0    0  (Gen:  0)
  1034016    133824 1108883488  0.001  0.000   39.341   23.217    0    0  (Gen:  0)
  1033440    136664 1108948024  0.001  0.000   39.343   23.218    0    0  (Gen:  0)
  1034760    134392 1109010728  0.001  0.000   39.344   23.218    0    0  (Gen:  0)
  1033616    134912 1109075960  0.001  0.000   39.346   23.219    0    0  (Gen:  0)
  1036792    131176 1109134288  0.001  0.000   39.347   23.220    0    0  (Gen:  0)
  1036032    132088 1109200536  0.001  0.000   39.349   23.221    0    0  (Gen:  0)
  1036896    131664 1109260096  0.001  0.000   39.350   23.221    0    0  (Gen:  0)
  1034496    134560 1109328296  0.001  0.000   39.352   23.222    0    0  (Gen:  0)
  1033648    148856 1109402432  0.001  0.000   39.353   23.223    0    0  (Gen:  0)
  1034576    151160 1109472424  0.001  0.000   39.355   23.224    0    0  (Gen:  0)
  1033456    134824 1109530584  0.001  0.000   39.356   23.224    0    0  (Gen:  0)
  1032928    116528 1109582808  0.001  0.000   39.358   23.225    0    0  (Gen:  0)
  1032608    113280 1109634784  0.001  0.000   39.359   23.226    0    0  (Gen:  0)
  1034464    114600 1109692544  0.001  0.000   39.360   23.226    0    0  (Gen:  0)
  1034568    128816 1109758480  0.001  0.000   39.362   23.227    0    0  (Gen:  0)
  1036392    129240 1109813200  0.001  0.000   39.363   23.228    0    0  (Gen:  0)
  1032024    134648 1109887744  0.001  0.000   39.365   23.229    0    0  (Gen:  0)
  1033048    159608 1109965032  0.001  0.000   39.367   23.229    0    0  (Gen:  0)
  1032968    148368 1110029184  0.001  0.000   39.368   23.230    0    0  (Gen:  0)
  1183696    171552 1110168240  0.001  0.000   39.370   23.231    0    0  (Gen:  0)
  2731816    125952 1110181512  0.000  0.000   39.372   23.232    0    0  (Gen:  0)
  1563968     36800 1110195856  0.000  0.000   39.374   23.234    0    0  (Gen:  0)
  1442048     32480 1110206792  0.000  0.000   39.375   23.235    0    0  (Gen:  0)
  2744552     56512 1110240344  0.000  0.000   39.378   23.238    0    0  (Gen:  0)
  1103160     49088 1110258568  0.000  0.000   39.379   23.239    0    0  (Gen:  0)
  1832768     44208 1110315336  0.000  0.000   39.381   23.240    0    0  (Gen:  0)
  1642824    309312 1110693168  0.001  0.000   39.385   23.245    0    0  (Gen:  0)
  1206192    603616 1111084784  0.002  0.000   39.387   23.246    0    0  (Gen:  0)
  1032192    669792 1111428704  0.002  0.001   39.390   23.247    0    0  (Gen:  0)
  2055592    227600 1111720800  0.001  0.000   39.392   23.249    0    0  (Gen:  0)
  1037528     35304 1111744920  0.000  0.000   39.394   23.249    0    0  (Gen:  0)
  1031944     80704 1111800344  0.001  0.000   39.395   23.250    0    0  (Gen:  0)
  1036008    118504 1111858264  0.001  0.000   39.396   23.250    0    0  (Gen:  0)
  1034216    129520 1111924272  0.001  0.000   39.398   23.251    0    0  (Gen:  0)
  1031056    132432 1111985112  0.001  0.000   39.399   23.252    0    0  (Gen:  0)
  1035984    130240 1112046560  0.001  0.000   39.401   23.253    0    0  (Gen:  0)
  1034008    132952 1112112488  0.001  0.000   39.402   23.253    0    0  (Gen:  0)
  1033080    138000 1112178760  0.001  0.000   39.404   23.254    0    0  (Gen:  0)
  1034824    132608 1112240016  0.001  0.000   39.405   23.255    0    0  (Gen:  0)
  1034064    134712 1112306128  0.001  0.000   39.407   23.256    0    0  (Gen:  0)
  1036608    128848 1112363680  0.001  0.000   39.408   23.256    0    0  (Gen:  0)
  1036184    130728 1112428808  0.001  0.000   39.410   23.257    0    0  (Gen:  0)
  1036632    132072 1112489504  0.001  0.000   39.411   23.258    0    0  (Gen:  0)
  1034600    136176 1112557960  0.001  0.000   39.413   23.259    0    0  (Gen:  0)
  1033752    149672 1112632248  0.001  0.000   39.414   23.259    0    0  (Gen:  0)
  1034504    153128 1112703456  0.001  0.000   39.416   23.260    0    0  (Gen:  0)
  1033432    133728 1112758784  0.001  0.000   39.417   23.261    0    0  (Gen:  0)
  1032976    114016 1112812136  0.001  0.000   39.419   23.262    0    0  (Gen:  0)
  1032344    113848 1112863376  0.001  0.000   39.420   23.262    0    0  (Gen:  0)
  1034688    114232 1112921104  0.001  0.000   39.421   23.263    0    0  (Gen:  0)
  1034744    128344 1112986448  0.001  0.000   39.423   23.264    0    0  (Gen:  0)
  1036336    128800 1113043472  0.001  0.000   39.424   23.264    0    0  (Gen:  0)
  1031576    138056 1113118952  0.001  0.000   39.426   23.265    0    0  (Gen:  0)
  1033144    160360 1113196264  0.001  0.000   39.428   23.266    0    0  (Gen:  0)
  1033016    146872 1113258440  0.001  0.000   39.429   23.267    0    0  (Gen:  0)
  2023792    214992 1113770280  0.001  0.000   39.431   23.268    0    0  (Gen:  0)
  2494352    125888 1113743632  0.000  0.000   39.434   23.269    0    0  (Gen:  0)
  1352784     37432 1113821040  0.000  0.000   39.435   23.271    0    0  (Gen:  0)
  1809688     32112 1113797952  0.000  0.000   39.437   23.272    0    0  (Gen:  0)
  3488824     65200 1113881392  0.000  0.000   39.441   23.276    0    0  (Gen:  0)
  2538568    209648 1114039944  0.000  0.000   39.444   23.279    0    0  (Gen:  0)
  1827272    383152 1114507136  0.001  0.001   39.447   23.282    0    0  (Gen:  0)
  1032192    638752 1114851200  0.001  0.001   39.448   23.283    0    0  (Gen:  0)
  1032192    348752 1115195264  0.001  0.001   39.449   23.284    0    0  (Gen:  0)
  1750848    135920 1115395576  0.000  0.000   39.451   23.285    0    0  (Gen:  0)
  1037400     34320 1115414456  0.000  0.000   39.452   23.286    0    0  (Gen:  0)
  1033168     79136 1115473456  0.000  0.000   39.453   23.287    0    0  (Gen:  0)
  1036024    116064 1115529360  0.000  0.000   39.454   23.287    0    0  (Gen:  0)
  1034096    127920 1115595112  0.001  0.000   39.456   23.288    0    0  (Gen:  0)
  1031248    132512 1115656312  0.001  0.000   39.457   23.289    0    0  (Gen:  0)
  1035904    130440 1115717664  0.001  0.000   39.458   23.290    0    0  (Gen:  0)
  1034016    134088 1115784880  0.001  0.000   39.460   23.291    0    0  (Gen:  0)
  1033440    136928 1115849416  0.001  0.000   39.461   23.291    0    0  (Gen:  0)
  1034760    134656 1115912120  0.001  0.000   39.463   23.292    0    0  (Gen:  0)
  1033616    135176 1115977352  0.001  0.000   39.465   23.293    0    0  (Gen:  0)
  1036792    131440 1116035680  0.001  0.000   39.466   23.294    0    0  (Gen:  0)
  1036032    132352 1116101928  0.001  0.000   39.468   23.294    0    0  (Gen:  0)
  1036896    131928 1116161488  0.001  0.000   39.469   23.295    0    0  (Gen:  0)
  1034496    134824 1116229688  0.001  0.000   39.471   23.296    0    0  (Gen:  0)
  1033648    149120 1116303824  0.001  0.000   39.472   23.297    0    0  (Gen:  0)
  1034576    151424 1116373816  0.001  0.000   39.474   23.297    0    0  (Gen:  0)
  1033456    135088 1116431976  0.001  0.000   39.475   23.298    0    0  (Gen:  0)
  1032928    116792 1116484200  0.001  0.000   39.477   23.299    0    0  (Gen:  0)
  1032608    113544 1116536176  0.001  0.000   39.478   23.299    0    0  (Gen:  0)
  1034464    114864 1116593936  0.001  0.000   39.479   23.300    0    0  (Gen:  0)
  1034568    129080 1116659872  0.001  0.000   39.481   23.301    0    0  (Gen:  0)
  1036392    129504 1116714592  0.001  0.000   39.482   23.301    0    0  (Gen:  0)
  1032024    134912 1116789136  0.001  0.000   39.484   23.302    0    0  (Gen:  0)
  1033048    159872 1116866424  0.001  0.000   39.486   23.303    0    0  (Gen:  0)
  1032968    148632 1116930576  0.001  0.000   39.487   23.304    0    0  (Gen:  0)
  1615024    201512 1117132120  0.001  0.000   39.489   23.305    0    0  (Gen:  0)
  2305144    125008 1117086656  0.000  0.000   39.492   23.306    0    0  (Gen:  0)
  1582152     35720 1117100024  0.000  0.000   39.493   23.308    0    0  (Gen:  0)
  3813168     58056 1117136232  0.000  0.000   39.497   23.311    0    0  (Gen:  0)
  1484288     55880 1117156472  0.000  0.000   39.498   23.313    0    0  (Gen:  0)
  3657576    378752 1117732136  0.001  0.000   39.503   23.318    0    0  (Gen:  0)
  1032192    708664 1118076200  0.002  0.001   39.506   23.319    0    0  (Gen:  0)
  1032192    348816 1118420264  0.001  0.000   39.507   23.319    0    0  (Gen:  0)
  1780112    146760 1118631360  0.001  0.000   39.509   23.321    0    0  (Gen:  0)
  1037584     34400 1118650288  0.000  0.000   39.510   23.321    0    0  (Gen:  0)
  1031944     79208 1118705152  0.001  0.000   39.511   23.322    0    0  (Gen:  0)
  1036072    115344 1118764352  0.001  0.000   39.513   23.323    0    0  (Gen:  0)
  1034056    127216 1118830120  0.001  0.000   39.514   23.323    0    0  (Gen:  0)
  1031240    132744 1118891296  0.001  0.000   39.516   23.324    0    0  (Gen:  0)
  1036104    131024 1118953224  0.001  0.000   39.517   23.325    0    0  (Gen:  0)
  1034008    134048 1119020112  0.001  0.000   39.519   23.326    0    0  (Gen:  0)
  1033344    136328 1119084168  0.001  0.000   39.520   23.326    0    0  (Gen:  0)
  1034672    134744 1119146744  0.001  0.000   39.522   23.327    0    0  (Gen:  0)
  1033600    135128 1119212392  0.001  0.000   39.523   23.328    0    0  (Gen:  0)
  1036840    131560 1119270688  0.001  0.000   39.525   23.329    0    0  (Gen:  0)
  1035960    132584 1119337136  0.001  0.000   39.526   23.329    0    0  (Gen:  0)
  1036904    131720 1119396464  0.001  0.000   39.528   23.330    0    0  (Gen:  0)
  1034552    134880 1119464928  0.001  0.000   39.529   23.331    0    0  (Gen:  0)
  1033584    148984 1119538968  0.001  0.000   39.531   23.332    0    0  (Gen:  0)
  1034576    151824 1119609368  0.001  0.000   39.532   23.332    0    0  (Gen:  0)
  1033512    135288 1119667400  0.001  0.000   39.534   23.333    0    0  (Gen:  0)
  1032880    116616 1119719264  0.001  0.000   39.535   23.334    0    0  (Gen:  0)
  1032648    113256 1119771328  0.001  0.000   39.537   23.335    0    0  (Gen:  0)
  1034472    115416 1119829456  0.001  0.000   39.538   23.335    0    0  (Gen:  0)
  1034528    129368 1119895368  0.001  0.000   39.540   23.336    0    0  (Gen:  0)
  1036408    129840 1119950240  0.001  0.000   39.541   23.337    0    0  (Gen:  0)
  1032144    135200 1120024952  0.001  0.000   39.543   23.337    0    0  (Gen:  0)
  1032896    159040 1120101120  0.001  0.000   39.544   23.338    0    0  (Gen:  0)
  1032968    148848 1120166344  0.001  0.000   39.546   23.339    0    0  (Gen:  0)
  2405280    270464 1120406360  0.001  0.000   39.548   23.340    0    0  (Gen:  0)
  1565240    120048 1120319200  0.000  0.000   39.550   23.341    0    0  (Gen:  0)
  2148504     36168 1120338856  0.000  0.000   39.552   23.343    0    0  (Gen:  0)
  3157272     57456 1120371184  0.000  0.000   39.555   23.346    0    0  (Gen:  0)
  2614112     69656 1120413328  0.000  0.000   39.558   23.348    0    0  (Gen:  0)
  2760272    433704 1121022608  0.001  0.000   39.562   23.353    0    0  (Gen:  0)
  1032192    760720 1121366672  0.002  0.001   39.565   23.354    0    0  (Gen:  0)
  1032192    348896 1121710736  0.002  0.000   39.567   23.354    0    0  (Gen:  0)
  1636264     88088 1121863072  0.000  0.000   39.568   23.356    0    0  (Gen:  0)
  1037520     35664 1121883056  0.000  0.000   39.569   23.356    0    0  (Gen:  0)
  1031920     80960 1121942584  0.001  0.000   39.570   23.357    0    0  (Gen:  0)
  1036008    118760 1122000504  0.001  0.000   39.572   23.358    0    0  (Gen:  0)
  1034216    129776 1122066512  0.001  0.000   39.573   23.358    0    0  (Gen:  0)
  1031056    132688 1122127352  0.001  0.000   39.575   23.359    0    0  (Gen:  0)
  1035984    130496 1122188800  0.001  0.000   39.576   23.360    0    0  (Gen:  0)
  1034008    133208 1122254728  0.001  0.000   39.578   23.361    0    0  (Gen:  0)
  1033080    138256 1122321000  0.001  0.000   39.579   23.361    0    0  (Gen:  0)
  1034824    132864 1122382256  0.001  0.000   39.581   23.362    0    0  (Gen:  0)
  1034064    134968 1122448368  0.001  0.000   39.582   23.363    0    0  (Gen:  0)
  1036608    129104 1122505920  0.001  0.000   39.584   23.364    0    0  (Gen:  0)
  1036184    130984 1122571048  0.001  0.000   39.585   23.364    0    0  (Gen:  0)
  1036632    132328 1122631744  0.001  0.000   39.587   23.365    0    0  (Gen:  0)
  1034600    136432 1122700200  0.001  0.000   39.588   23.366    0    0  (Gen:  0)
  1033752    149928 1122774488  0.001  0.000   39.590   23.367    0    0  (Gen:  0)
  1034504    153384 1122845696  0.001  0.000   39.591   23.367    0    0  (Gen:  0)
  1033432    133984 1122901024  0.001  0.000   39.593   23.368    0    0  (Gen:  0)
  1032976    114272 1122954376  0.001  0.000   39.594   23.369    0    0  (Gen:  0)
  1032344    114104 1123005616  0.001  0.000   39.596   23.369    0    0  (Gen:  0)
  1034688    114488 1123063344  0.001  0.000   39.597   23.370    0    0  (Gen:  0)
  1034744    128600 1123128688  0.001  0.000   39.599   23.371    0    0  (Gen:  0)
  1036336    129056 1123185712  0.001  0.000   39.600   23.372    0    0  (Gen:  0)
  1031576    138312 1123261192  0.001  0.000   39.601   23.372    0    0  (Gen:  0)
  1033144    160616 1123338504  0.001  0.000   39.603   23.373    0    0  (Gen:  0)
  1033016    147128 1123400680  0.001  0.000   39.605   23.374    0    0  (Gen:  0)
  2439112    265776 1123668288  0.001  0.000   39.607   23.375    0    0  (Gen:  0)
  2314064    128088 1123565720  0.000  0.000   39.610   23.377    0    0  (Gen:  0)
  1172792     36352 1123573696  0.000  0.000   39.611   23.378    0    0  (Gen:  0)
  1105888     28168 1123580992  0.000  0.000   39.612   23.379    0    0  (Gen:  0)
  3552712     63736 1123689608  0.000  0.000   39.615   23.382    0    0  (Gen:  0)
  1540192     53856 1123710600  0.000  0.000   39.617   23.383    0    0  (Gen:  0)
  3143328    619544 1124521616  0.002  0.000   39.622   23.388    0    0  (Gen:  0)
  1032192    946928 1124865680  0.003  0.001   39.625   23.389    0    0  (Gen:  0)
  2081848    247440 1125177328  0.001  0.000   39.627   23.390    0    0  (Gen:  0)
  1037584     34472 1125196256  0.000  0.000   39.628   23.391    0    0  (Gen:  0)
  1031944     79336 1125251120  0.000  0.000   39.629   23.392    0    0  (Gen:  0)
  1036024    116264 1125307024  0.001  0.000   39.630   23.392    0    0  (Gen:  0)
  1034096    128120 1125372776  0.001  0.000   39.632   23.393    0    0  (Gen:  0)
  1031248    132712 1125433976  0.001  0.000   39.633   23.394    0    0  (Gen:  0)
  1035904    130640 1125495328  0.001  0.000   39.635   23.395    0    0  (Gen:  0)
  1034016    134288 1125562544  0.001  0.000   39.637   23.395    0    0  (Gen:  0)
  1033440    137128 1125627080  0.001  0.000   39.638   23.396    0    0  (Gen:  0)
  1034760    134856 1125689784  0.001  0.000   39.639   23.397    0    0  (Gen:  0)
  1033616    135376 1125755016  0.001  0.000   39.641   23.398    0    0  (Gen:  0)
  1036792    131640 1125813344  0.001  0.000   39.642   23.398    0    0  (Gen:  0)
  1036032    132552 1125879592  0.001  0.000   39.644   23.399    0    0  (Gen:  0)
  1036896    132128 1125939152  0.001  0.000   39.645   23.400    0    0  (Gen:  0)
  1034496    135024 1126007352  0.001  0.000   39.647   23.401    0    0  (Gen:  0)
  1033648    149320 1126081488  0.001  0.000   39.648   23.401    0    0  (Gen:  0)
  1034576    151624 1126151480  0.001  0.000   39.650   23.402    0    0  (Gen:  0)
  1033456    135288 1126209640  0.001  0.000   39.651   23.403    0    0  (Gen:  0)
  1032928    116992 1126261864  0.001  0.000   39.653   23.404    0    0  (Gen:  0)
  1032608    113744 1126313840  0.001  0.000   39.654   23.404    0    0  (Gen:  0)
  1034464    115064 1126371600  0.001  0.000   39.655   23.405    0    0  (Gen:  0)
  1034568    129280 1126437536  0.001  0.000   39.657   23.406    0    0  (Gen:  0)
  1036392    129704 1126492256  0.001  0.000   39.658   23.406    0    0  (Gen:  0)
  1032024    135112 1126566800  0.001  0.000   39.660   23.407    0    0  (Gen:  0)
  1033048    160072 1126644088  0.001  0.000   39.661   23.408    0    0  (Gen:  0)
  1032968    148832 1126708240  0.001  0.000   39.663   23.409    0    0  (Gen:  0)
  2399016    268376 1126976424  0.001  0.000   39.666   23.410    0    0  (Gen:  0)
  3145152    131208 1126876472  0.000  0.000   39.669   23.412    0    0  (Gen:  0)
  2152144     47472 1126892200  0.000  0.000   39.671   23.414    0    0  (Gen:  0)
  1183088     37776 1126902736  0.000  0.000   39.672   23.416    0    0  (Gen:  0)
  1856704     50296 1126934264  0.000  0.000   39.674   23.418    0    0  (Gen:  0)
  1183216     38992 1126948672  0.000  0.000   39.676   23.419    0    0  (Gen:  0)
  1672768     37704 1126974720  0.000  0.000   39.678   23.421    0    0  (Gen:  0)
  2781152     73384 1127026936  0.000  0.000   39.681   23.424    0    0  (Gen:  0)
  3265680    243376 1127307456  0.001  0.000   39.685   23.428    0    0  (Gen:  0)
  1674736    421696 1127668864  0.002  0.001   39.689   23.430    0    0  (Gen:  0)
  1032192    625216 1128012928  0.003  0.001   39.692   23.431    0    0  (Gen:  0)
  1032192    349000 1128356992  0.002  0.000   39.694   23.432    0    0  (Gen:  0)
  1107296    103312 1128524472  0.001  0.000   39.695   23.433    0    0  (Gen:  0)
  1040000     15600 1128525096  0.000  0.000   39.696   23.434    0    0  (Gen:  0)
  1033832     49944 1128567816  0.000  0.000   39.697   23.434    0    0  (Gen:  0)
  1032408    104928 1128628496  0.001  0.000   39.699   23.435    0    0  (Gen:  0)
  1035832    126856 1128692936  0.001  0.000   39.700   23.436    0    0  (Gen:  0)
  1033136    135608 1128758256  0.001  0.000   39.702   23.437    0    0  (Gen:  0)
  1033040    136048 1128820304  0.001  0.000   39.703   23.437    0    0  (Gen:  0)
  1035304    131784 1128880544  0.001  0.000   39.705   23.438    0    0  (Gen:  0)
  1033400    133240 1128946240  0.001  0.000   39.706   23.439    0    0  (Gen:  0)
  1034456    134552 1129009040  0.001  0.000   39.708   23.440    0    0  (Gen:  0)
  1033688    135904 1129074112  0.001  0.000   39.709   23.440    0    0  (Gen:  0)
  1035464    140320 1129139624  0.001  0.000   39.711   23.441    0    0  (Gen:  0)
  1035600    132512 1129198344  0.001  0.000   39.713   23.442    0    0  (Gen:  0)
  1037656    121912 1129254080  0.001  0.000   39.714   23.443    0    0  (Gen:  0)
  1035496    132728 1129324288  0.001  0.000   39.716   23.443    0    0  (Gen:  0)
  1033512    147568 1129395064  0.001  0.000   39.717   23.444    0    0  (Gen:  0)
  1035048    150816 1129467048  0.001  0.000   39.719   23.445    0    0  (Gen:  0)
  1032680    144608 1129533736  0.001  0.000   39.721   23.446    0    0  (Gen:  0)
  1033120    128200 1129589064  0.001  0.000   39.722   23.446    0    0  (Gen:  0)
  1034448    117024 1129642144  0.001  0.000   39.723   23.447    0    0  (Gen:  0)
  1031840    111112 1129692728  0.001  0.000   39.725   23.448    0    0  (Gen:  0)
  1035640    123160 1129756208  0.001  0.000   39.726   23.449    0    0  (Gen:  0)
  1036560    119944 1129805856  0.001  0.000   39.727   23.449    0    0  (Gen:  0)
  1033408    135856 1129884216  0.001  0.000   39.729   23.450    0    0  (Gen:  0)
  1031504    164008 1129963552  0.001  0.000   39.731   23.451    0    0  (Gen:  0)
  1033288    153920 1130031728  0.001  0.000   39.732   23.452    0    0  (Gen:  0)
  1033744    139056 1130096080  0.001  0.000   39.734   23.453    0    0  (Gen:  0)
  1909552    239968 1130333704  0.001  0.000   39.736   23.454    0    0  (Gen:  0)
  2321432     97248 1130221320  0.000  0.000   39.739   23.456    0    0  (Gen:  0)
  1148816     35448 1130232936  0.000  0.000   39.740   23.457    0    0  (Gen:  0)
  1142944     31688 1130240408  0.000  0.000   39.741   23.458    0    0  (Gen:  0)
  3052920     54584 1130282880  0.000  0.000   39.744   23.461    0    0  (Gen:  0)
  1595352     54768 1130334384  0.000  0.000   39.746   23.462    0    0  (Gen:  0)
  1702368    336560 1130649032  0.000  0.000   39.749   23.467    0    0  (Gen:  0)
  1768568    595696 1131100528  0.002  0.000   39.752   23.468    0    0  (Gen:  0)
  1032192    668720 1131444592  0.002  0.001   39.755   23.469    0    0  (Gen:  0)
  2114176    258360 1131767032  0.001  0.000   39.757   23.471    0    0  (Gen:  0)
  1037680     34192 1131789632  0.000  0.000   39.758   23.471    0    0  (Gen:  0)
  1031864     78008 1131843480  0.001  0.000   39.759   23.472    0    0  (Gen:  0)
  1036080    115856 1131900048  0.001  0.000   39.760   23.473    0    0  (Gen:  0)
  1034056    128216 1131965816  0.001  0.000   39.762   23.473    0    0  (Gen:  0)
  1031240    133000 1132026992  0.001  0.000   39.763   23.474    0    0  (Gen:  0)
  1036104    131280 1132088920  0.001  0.000   39.765   23.475    0    0  (Gen:  0)
  1034008    134304 1132155808  0.001  0.000   39.766   23.476    0    0  (Gen:  0)
  1033344    136584 1132219864  0.001  0.000   39.768   23.476    0    0  (Gen:  0)
  1034672    135000 1132282440  0.001  0.000   39.769   23.477    0    0  (Gen:  0)
  1033600    135384 1132348088  0.001  0.000   39.771   23.478    0    0  (Gen:  0)
  1036840    131816 1132406384  0.001  0.000   39.772   23.479    0    0  (Gen:  0)
  1035960    132840 1132472832  0.001  0.000   39.774   23.479    0    0  (Gen:  0)
  1036904    131976 1132532160  0.001  0.000   39.775   23.480    0    0  (Gen:  0)
  1034552    135136 1132600624  0.001  0.000   39.777   23.481    0    0  (Gen:  0)
  1033584    149240 1132674664  0.001  0.000   39.778   23.481    0    0  (Gen:  0)
  1034576    152080 1132745064  0.001  0.000   39.780   23.482    0    0  (Gen:  0)
  1033512    135544 1132803096  0.001  0.000   39.781   23.483    0    0  (Gen:  0)
  1032880    116872 1132854960  0.001  0.000   39.782   23.484    0    0  (Gen:  0)
  1032648    113512 1132907024  0.001  0.000   39.784   23.484    0    0  (Gen:  0)
  1034472    115672 1132965152  0.001  0.000   39.785   23.485    0    0  (Gen:  0)
  1034528    129624 1133031064  0.001  0.000   39.787   23.486    0    0  (Gen:  0)
  1036408    130096 1133085936  0.001  0.000   39.788   23.486    0    0  (Gen:  0)
  1032144    135456 1133160648  0.001  0.000   39.790   23.487    0    0  (Gen:  0)
  1032896    159296 1133236816  0.001  0.000   39.791   23.488    0    0  (Gen:  0)
  1032968    149104 1133302040  0.001  0.000   39.793   23.489    0    0  (Gen:  0)
  2393640    269800 1133570032  0.002  0.000   39.796   23.490    0    0  (Gen:  0)
  1862080    119592 1133421464  0.000  0.000   39.798   23.492    0    0  (Gen:  0)
  1170656     32440 1133466624  0.000  0.000   39.799   23.493    0    0  (Gen:  0)
  1577088     31872 1133476400  0.000  0.000   39.801   23.494    0    0  (Gen:  0)
  1170944     32376 1133487272  0.000  0.000   39.802   23.495    0    0  (Gen:  0)
  1909136     44224 1133510952  0.000  0.000   39.804   23.497    0    0  (Gen:  0)
  3117312    229016 1133788200  0.001  0.000   39.808   23.501    0    0  (Gen:  0)
  2174536    610912 1134338824  0.002  0.000   39.812   23.504    0    0  (Gen:  0)
  1032192    820976 1134682888  0.003  0.001   39.815   23.505    0    0  (Gen:  0)
  2128488    252440 1134999384  0.001  0.000   39.817   23.506    0    0  (Gen:  0)
  1037520     35920 1135019368  0.000  0.000   39.818   23.507    0    0  (Gen:  0)
  1031936     81192 1135074840  0.001  0.000   39.819   23.507    0    0  (Gen:  0)
  1036008    118992 1135132760  0.001  0.000   39.820   23.508    0    0  (Gen:  0)
  1034216    130008 1135198768  0.001  0.000   39.822   23.509    0    0  (Gen:  0)
  1031056    132920 1135259608  0.001  0.000   39.823   23.510    0    0  (Gen:  0)
  1035984    130728 1135321056  0.001  0.000   39.825   23.510    0    0  (Gen:  0)
  1034008    133440 1135386984  0.001  0.000   39.826   23.511    0    0  (Gen:  0)
  1033080    138488 1135453256  0.001  0.000   39.828   23.512    0    0  (Gen:  0)
  1034824    133096 1135514512  0.001  0.000   39.829   23.513    0    0  (Gen:  0)
  1034064    135200 1135580624  0.001  0.000   39.831   23.513    0    0  (Gen:  0)
  1036608    129336 1135638176  0.001  0.000   39.832   23.514    0    0  (Gen:  0)
  1036184    131216 1135703304  0.001  0.000   39.834   23.515    0    0  (Gen:  0)
  1036632    132560 1135764000  0.001  0.000   39.835   23.516    0    0  (Gen:  0)
  1034600    136664 1135832456  0.001  0.000   39.837   23.516    0    0  (Gen:  0)
  1033752    150160 1135906744  0.001  0.000   39.838   23.517    0    0  (Gen:  0)
  1034504    153616 1135977952  0.001  0.000   39.840   23.518    0    0  (Gen:  0)
  1033432    134216 1136033280  0.001  0.000   39.841   23.519    0    0  (Gen:  0)
  1032976    114504 1136086632  0.001  0.000   39.843   23.519    0    0  (Gen:  0)
  1032344    114336 1136137872  0.001  0.000   39.844   23.520    0    0  (Gen:  0)
  1034688    114720 1136195600  0.001  0.000   39.845   23.521    0    0  (Gen:  0)
  1034744    128832 1136260944  0.001  0.000   39.847   23.521    0    0  (Gen:  0)
  1247560    137152 1136456800  0.001  0.000   39.848   23.522    0    0  (Gen:  0)
  1031040    146792 1136532768  0.001  0.000   39.850   23.523    0    0  (Gen:  0)
  1147288    162440 1136708464  0.001  0.000   39.852   23.524    0    0  (Gen:  0)
  1034848    150032 1136772792  0.001  0.000   39.853   23.525    0    0  (Gen:  0)
  2053976    233824 1137075560  0.001  0.000   39.856   23.526    0    0  (Gen:  0)
  2183984    116768 1137054192  0.000  0.000   39.858   23.527    0    0  (Gen:  0)
  1216592     36128 1137064672  0.000  0.000   39.859   23.528    0    0  (Gen:  0)
  1522240     32160 1137075640  0.000  0.000   39.861   23.530    0    0  (Gen:  0)
  2811992     54672 1137110256  0.000  0.000   39.864   23.533    0    0  (Gen:  0)
  2074128     58824 1137143744  0.000  0.000   39.866   23.534    0    0  (Gen:  0)
  3015368    507000 1137836320  0.001  0.000   39.871   23.539    0    0  (Gen:  0)
  1032192    837064 1138180384  0.002  0.001   39.874   23.540    0    0  (Gen:  0)
  1062936    347216 1138558888  0.002  0.000   39.876   23.541    0    0  (Gen:  0)
  1347344     16544 1138601560  0.000  0.000   39.877   23.542    0    0  (Gen:  0)
  1037584     33896 1138620488  0.000  0.000   39.878   23.543    0    0  (Gen:  0)
  1031944     79560 1138675352  0.001  0.000   39.879   23.543    0    0  (Gen:  0)
  1036024    116488 1138731256  0.001  0.000   39.880   23.544    0    0  (Gen:  0)
  1034096    128344 1138797008  0.001  0.000   39.882   23.545    0    0  (Gen:  0)
  1031248    132936 1138858208  0.001  0.000   39.883   23.546    0    0  (Gen:  0)
  1035904    130864 1138919560  0.001  0.000   39.885   23.546    0    0  (Gen:  0)
  1034016    134512 1138986776  0.001  0.000   39.886   23.547    0    0  (Gen:  0)
  1033440    137352 1139051312  0.001  0.000   39.888   23.548    0    0  (Gen:  0)
  1034760    135080 1139114016  0.001  0.000   39.889   23.549    0    0  (Gen:  0)
  1033616    135600 1139179248  0.001  0.000   39.891   23.549    0    0  (Gen:  0)
  1036792    131864 1139237576  0.001  0.000   39.892   23.550    0    0  (Gen:  0)
  1036032    132776 1139303824  0.001  0.000   39.894   23.551    0    0  (Gen:  0)
  1036896    132352 1139363384  0.001  0.000   39.895   23.552    0    0  (Gen:  0)
  1034496    135248 1139431584  0.001  0.000   39.897   23.552    0    0  (Gen:  0)
  1033648    149544 1139505720  0.001  0.000   39.898   23.553    0    0  (Gen:  0)
  1034576    151848 1139575712  0.001  0.000   39.900   23.554    0    0  (Gen:  0)
  1033456    135512 1139633872  0.001  0.000   39.902   23.555    0    0  (Gen:  0)
  1032928    117216 1139686096  0.001  0.000   39.903   23.555    0    0  (Gen:  0)
  1032608    113968 1139738072  0.001  0.000   39.904   23.556    0    0  (Gen:  0)
  1034464    115288 1139795832  0.001  0.000   39.906   23.557    0    0  (Gen:  0)
  1034568    129504 1139861768  0.001  0.000   39.907   23.557    0    0  (Gen:  0)
  1036392    129928 1139916488  0.001  0.000   39.909   23.558    0    0  (Gen:  0)
  1032024    135336 1139991032  0.001  0.000   39.910   23.559    0    0  (Gen:  0)
  1033048    160296 1140068320  0.001  0.000   39.912   23.560    0    0  (Gen:  0)
  1032968    149056 1140132472  0.001  0.000   39.913   23.560    0    0  (Gen:  0)
  1550112    197856 1140297152  0.001  0.000   39.915   23.562    0    0  (Gen:  0)
  1567376    263408 1140459528  0.001  0.000   39.918   23.562    0    0  (Gen:  0)
  3604952     93536 1140513952  0.000  0.000   39.922   23.566    0    0  (Gen:  0)
  1104688     44656 1140530616  0.000  0.000   39.923   23.567    0    0  (Gen:  0)
  3301240     68232 1140619720  0.000  0.000   39.926   23.570    0    0  (Gen:  0)
  2042432    297936 1140864912  0.000  0.000   39.929   23.573    0    0  (Gen:  0)
  1841840    584488 1141375768  0.001  0.000   39.931   23.575    0    0  (Gen:  0)
  1032192    769896 1141719832  0.002  0.001   39.934   23.576    0    0  (Gen:  0)
  1070616    265448 1142016472  0.001  0.000   39.936   23.577    0    0  (Gen:  0)
  1073840     16496 1142056776  0.000  0.000   39.937   23.578    0    0  (Gen:  0)
  1037640     31016 1142074328  0.000  0.000   39.938   23.578    0    0  (Gen:  0)
  1033128     77632 1142128616  0.001  0.000   39.939   23.579    0    0  (Gen:  0)
  1035872    118232 1142186376  0.001  0.000   39.940   23.579    0    0  (Gen:  0)
  1034112    129504 1142251664  0.001  0.000   39.942   23.580    0    0  (Gen:  0)
  1031416    133896 1142313424  0.001  0.000   39.943   23.581    0    0  (Gen:  0)
  1035984    132144 1142375704  0.001  0.000   39.945   23.582    0    0  (Gen:  0)
  1033984    134440 1142442312  0.001  0.000   39.946   23.582    0    0  (Gen:  0)
  1033376    137048 1142506896  0.001  0.000   39.948   23.583    0    0  (Gen:  0)
  1034632    135728 1142569224  0.001  0.000   39.949   23.584    0    0  (Gen:  0)
  1033592    135632 1142634872  0.001  0.000   39.951   23.585    0    0  (Gen:  0)
  1036864    132336 1142692992  0.001  0.000   39.952   23.585    0    0  (Gen:  0)
  1036032    133032 1142759792  0.001  0.000   39.954   23.586    0    0  (Gen:  0)
  1036792    131296 1142818112  0.001  0.000   39.955   23.587    0    0  (Gen:  0)
  1034584    134600 1142886816  0.001  0.000   39.957   23.588    0    0  (Gen:  0)
  1033592    150376 1142961448  0.001  0.000   39.958   23.588    0    0  (Gen:  0)
  1034488    152480 1143031752  0.001  0.000   39.960   23.589    0    0  (Gen:  0)
  1033608    135336 1143089432  0.001  0.000   39.961   23.590    0    0  (Gen:  0)
  1032872    117040 1143141728  0.001  0.000   39.963   23.590    0    0  (Gen:  0)
  1032648    114152 1143193856  0.001  0.000   39.964   23.591    0    0  (Gen:  0)
  1034688    116240 1143251472  0.001  0.000   39.966   23.592    0    0  (Gen:  0)
  1034304    129872 1143317848  0.001  0.000   39.967   23.593    0    0  (Gen:  0)
  1036320    129192 1143371496  0.001  0.000   39.968   23.593    0    0  (Gen:  0)
  1032144    135032 1143446960  0.001  0.000   39.970   23.594    0    0  (Gen:  0)
  1032912    160896 1143523560  0.001  0.000   39.972   23.595    0    0  (Gen:  0)
  1032944    148904 1143588224  0.001  0.000   39.973   23.596    0    0  (Gen:  0)
  2489544    272184 1143866056  0.002  0.000   39.976   23.597    0    0  (Gen:  0)
  1862080    122352 1143746992  0.000  0.000   39.978   23.598    0    0  (Gen:  0)
  3536624     48400 1143774680  0.000  0.000   39.982   23.602    0    0  (Gen:  0)
  2905496     71304 1143849248  0.000  0.000   39.985   23.605    0    0  (Gen:  0)
  1370536     51048 1143869560  0.000  0.000   39.986   23.606    0    0  (Gen:  0)
  1411520     37928 1143889784  0.000  0.000   39.988   23.608    0    0  (Gen:  0)
  1234584     44312 1143912960  0.000  0.000   39.989   23.609    0    0  (Gen:  0)
  2033648     60272 1143954896  0.000  0.000   39.991   23.611    0    0  (Gen:  0)
  1636752     53416 1143981192  0.000  0.000   39.993   23.612    0    0  (Gen:  0)
  2146072    320200 1144412592  0.001  0.000   39.997   23.617    0    0  (Gen:  0)
  1140592    621456 1144800592  0.001  0.000   39.999   23.618    0    0  (Gen:  0)
  1032192    666288 1145144656  0.002  0.001   40.002   23.619    0    0  (Gen:  0)
  2067384    232264 1145440712  0.001  0.000   40.005   23.620    0    0  (Gen:  0)
  1037488     36152 1145464792  0.000  0.000   40.006   23.621    0    0  (Gen:  0)
  1031944     81424 1145520216  0.001  0.000   40.007   23.622    0    0  (Gen:  0)
  1036008    119224 1145578136  0.001  0.000   40.008   23.622    0    0  (Gen:  0)
  1034216    130240 1145644144  0.001  0.000   40.010   23.623    0    0  (Gen:  0)
  1031056    133152 1145704984  0.001  0.000   40.011   23.624    0    0  (Gen:  0)
  1035984    130960 1145766432  0.001  0.000   40.013   23.624    0    0  (Gen:  0)
  1034008    133672 1145832360  0.001  0.000   40.014   23.625    0    0  (Gen:  0)
  1033080    138720 1145898632  0.001  0.000   40.016   23.626    0    0  (Gen:  0)
  1034824    133328 1145959888  0.001  0.000   40.017   23.627    0    0  (Gen:  0)
  1034064    135432 1146026000  0.001  0.000   40.019   23.627    0    0  (Gen:  0)
  1036608    129568 1146083552  0.001  0.000   40.020   23.628    0    0  (Gen:  0)
  1036184    131448 1146148680  0.001  0.000   40.022   23.629    0    0  (Gen:  0)
  1036632    132792 1146209376  0.001  0.000   40.023   23.630    0    0  (Gen:  0)
  1034600    136896 1146277832  0.001  0.000   40.025   23.630    0    0  (Gen:  0)
  1033752    150392 1146352120  0.001  0.000   40.027   23.631    0    0  (Gen:  0)
  1034504    153848 1146423328  0.001  0.000   40.028   23.632    0    0  (Gen:  0)
  1033432    134448 1146478656  0.001  0.000   40.030   23.633    0    0  (Gen:  0)
  1032976    114736 1146532008  0.001  0.000   40.031   23.633    0    0  (Gen:  0)
  1032344    114568 1146583248  0.001  0.000   40.032   23.634    0    0  (Gen:  0)
  1034688    114952 1146640976  0.001  0.000   40.034   23.635    0    0  (Gen:  0)
  1034744    129064 1146706320  0.001  0.000   40.035   23.635    0    0  (Gen:  0)
  1036336    129520 1146763344  0.001  0.000   40.037   23.636    0    0  (Gen:  0)
  1031576    138776 1146838824  0.001  0.000   40.038   23.637    0    0  (Gen:  0)
  1033144    161080 1146916136  0.001  0.000   40.040   23.638    0    0  (Gen:  0)
  1033016    147592 1146978312  0.001  0.000   40.041   23.638    0    0  (Gen:  0)
  2630448    288840 1147239720  0.001  0.000   40.044   23.640    0    0  (Gen:  0)
  2271048    125976 1147136864  0.000  0.000   40.047   23.642    0    0  (Gen:  0)
  3573184     52176 1147133928  0.000  0.000   40.050   23.645    0    0  (Gen:  0)
  1270816     54456 1147188896  0.000  0.000   40.051   23.647    0    0  (Gen:  0)
  2508272     67288 1147268480  0.000  0.000   40.054   23.649    0    0  (Gen:  0)
  2388328    446400 1147850616  0.001  0.000   40.058   23.653    0    0  (Gen:  0)
  1032192    757072 1148194680  0.002  0.001   40.061   23.654    0    0  (Gen:  0)
  1032192    349464 1148538744  0.002  0.000   40.063   23.654    0    0  (Gen:  0)
  1108464     76072 1148678520  0.000  0.000   40.064   23.655    0    0  (Gen:  0)
  1039768     16224 1148678928  0.000  0.000   40.065   23.656    0    0  (Gen:  0)
  1029840     54384 1148729568  0.000  0.000   40.066   23.657    0    0  (Gen:  0)
  1033208    111112 1148787928  0.001  0.000   40.067   23.657    0    0  (Gen:  0)
  1034920    127024 1148849888  0.001  0.000   40.069   23.658    0    0  (Gen:  0)
  1032592    134360 1148915384  0.001  0.000   40.070   23.659    0    0  (Gen:  0)
  1033416    137280 1148977240  0.001  0.000   40.072   23.660    0    0  (Gen:  0)
  1035240    134376 1149039512  0.001  0.000   40.073   23.660    0    0  (Gen:  0)
  1033296    135520 1149104032  0.001  0.000   40.075   23.661    0    0  (Gen:  0)
  1034656    134864 1149166960  0.001  0.000   40.076   23.662    0    0  (Gen:  0)
  1033632    136152 1149230872  0.001  0.000   40.078   23.663    0    0  (Gen:  0)
  1035624    138592 1149296088  0.001  0.000   40.079   23.663    0    0  (Gen:  0)
  1035776    132032 1149356072  0.001  0.000   40.081   23.664    0    0  (Gen:  0)
  1037184    124576 1149411840  0.001  0.000   40.082   23.665    0    0  (Gen:  0)
  1035368    133808 1149482600  0.001  0.000   40.084   23.666    0    0  (Gen:  0)
  1033472    146560 1149552064  0.001  0.000   40.085   23.666    0    0  (Gen:  0)
  1035080    150576 1149625000  0.001  0.000   40.087   23.667    0    0  (Gen:  0)
  1032760    145376 1149689784  0.001  0.000   40.088   23.668    0    0  (Gen:  0)
  1033416    125600 1149744528  0.001  0.000   40.090   23.669    0    0  (Gen:  0)
  1033864    118680 1149799608  0.001  0.000   40.091   23.669    0    0  (Gen:  0)
  1032000    113840 1149849768  0.001  0.000   40.092   23.670    0    0  (Gen:  0)
  1035688    124840 1149914584  0.001  0.000   40.094   23.671    0    0  (Gen:  0)
  1036552    122000 1149963504  0.001  0.000   40.095   23.671    0    0  (Gen:  0)
  1033184    135272 1150040848  0.001  0.000   40.097   23.672    0    0  (Gen:  0)
  1031464    164456 1150120920  0.001  0.000   40.098   23.673    0    0  (Gen:  0)
  1034136    153840 1150187568  0.001  0.000   40.100   23.674    0    0  (Gen:  0)
  1029392    136744 1150250104  0.001  0.000   40.102   23.674    0    0  (Gen:  0)
  1920512    238200 1150453944  0.001  0.000   40.104   23.676    0    0  (Gen:  0)
  2180040     80240 1150368472  0.000  0.000   40.106   23.677    0    0  (Gen:  0)
  1602976     35024 1150382232  0.000  0.000   40.108   23.679    0    0  (Gen:  0)
  3298264     55664 1150421688  0.000  0.000   40.111   23.682    0    0  (Gen:  0)
  1137488     55728 1150440496  0.000  0.000   40.112   23.683    0    0  (Gen:  0)
  3544656    333120 1150969976  0.001  0.000   40.117   23.688    0    0  (Gen:  0)
  1032192    666376 1151314040  0.002  0.000   40.119   23.688    0    0  (Gen:  0)
  1032192    349520 1151658104  0.002  0.000   40.121   23.689    0    0  (Gen:  0)
  1921192    193976 1151919848  0.001  0.000   40.123   23.691    0    0  (Gen:  0)
  1036888     34600 1151938536  0.000  0.000   40.124   23.691    0    0  (Gen:  0)
  1031864     78448 1151992384  0.001  0.000   40.126   23.692    0    0  (Gen:  0)
  1036080    116296 1152048952  0.001  0.000   40.127   23.693    0    0  (Gen:  0)
  1034056    128656 1152114720  0.001  0.000   40.128   23.693    0    0  (Gen:  0)
  1031240    133440 1152175896  0.001  0.000   40.130   23.694    0    0  (Gen:  0)
  1036104    131720 1152237824  0.001  0.000   40.131   23.695    0    0  (Gen:  0)
  1034008    134744 1152304712  0.001  0.000   40.133   23.696    0    0  (Gen:  0)
  1033344    137024 1152368768  0.001  0.000   40.134   23.696    0    0  (Gen:  0)
  1034672    135440 1152431344  0.001  0.000   40.136   23.697    0    0  (Gen:  0)
  1033600    135824 1152496992  0.001  0.000   40.137   23.698    0    0  (Gen:  0)
  1036840    132256 1152555288  0.001  0.000   40.139   23.699    0    0  (Gen:  0)
  1035960    133280 1152621736  0.001  0.000   40.140   23.699    0    0  (Gen:  0)
  1036904    132416 1152681064  0.001  0.000   40.142   23.700    0    0  (Gen:  0)
  1034552    135576 1152749528  0.001  0.000   40.143   23.701    0    0  (Gen:  0)
  1033584    149680 1152823568  0.001  0.000   40.145   23.702    0    0  (Gen:  0)
  1034576    152520 1152893968  0.001  0.000   40.147   23.702    0    0  (Gen:  0)
  1033512    135984 1152952000  0.001  0.000   40.148   23.703    0    0  (Gen:  0)
  1032880    117312 1153003864  0.001  0.000   40.149   23.704    0    0  (Gen:  0)
  1032648    113952 1153055928  0.001  0.000   40.151   23.704    0    0  (Gen:  0)
  1034472    116112 1153114056  0.001  0.000   40.152   23.705    0    0  (Gen:  0)
  1034528    130064 1153179968  0.001  0.000   40.154   23.706    0    0  (Gen:  0)
  1036408    130536 1153234840  0.001  0.000   40.155   23.706    0    0  (Gen:  0)
  1032144    135896 1153309552  0.001  0.000   40.157   23.707    0    0  (Gen:  0)
  1032896    159736 1153385720  0.001  0.000   40.158   23.708    0    0  (Gen:  0)
  1032968    149544 1153450944  0.001  0.000   40.160   23.709    0    0  (Gen:  0)
  2396656    270840 1153723632  0.002  0.000   40.163   23.710    0    0  (Gen:  0)
  1648624    121240 1153604504  0.000  0.000   40.165   23.712    0    0  (Gen:  0)
  4010848     51904 1153994784  0.000  0.000   40.168   23.715    0    0  (Gen:  0)
  2065184     64856 1154016904  0.000  0.000   40.170   23.717    0    0  (Gen:  0)
  3297920    341328 1154444448  0.001  0.000   40.176   23.722    0    0  (Gen:  0)
  1269264    521344 1154729744  0.001  0.000   40.178   23.723    0    0  (Gen:  0)
  1032192    565168 1155073808  0.001  0.001   40.179   23.724    0    0  (Gen:  0)
  1065800    333416 1155438136  0.001  0.000   40.182   23.725    0    0  (Gen:  0)
  1344216     17016 1155480416  0.000  0.000   40.183   23.726    0    0  (Gen:  0)
  1037008     36416 1155501392  0.000  0.000   40.184   23.726    0    0  (Gen:  0)
  1033240     81704 1155555968  0.001  0.000   40.185   23.727    0    0  (Gen:  0)
  1036272    117872 1155616400  0.001  0.000   40.187   23.728    0    0  (Gen:  0)
  1034264    128944 1155682872  0.001  0.000   40.188   23.728    0    0  (Gen:  0)
  1030888    133104 1155742968  0.001  0.000   40.190   23.729    0    0  (Gen:  0)
  1036152    131368 1155805040  0.001  0.000   40.191   23.730    0    0  (Gen:  0)
  1033688    134392 1155870976  0.001  0.000   40.193   23.731    0    0  (Gen:  0)
  1033416    139336 1155937392  0.001  0.000   40.194   23.731    0    0  (Gen:  0)
  1034824    133960 1155998688  0.001  0.000   40.196   23.732    0    0  (Gen:  0)
  1033936    135688 1156064640  0.001  0.000   40.197   23.733    0    0  (Gen:  0)
  1036472    129912 1156122184  0.001  0.000   40.199   23.734    0    0  (Gen:  0)
  1036384    130944 1156186656  0.001  0.000   40.200   23.734    0    0  (Gen:  0)
  1036656    133736 1156248800  0.001  0.000   40.202   23.735    0    0  (Gen:  0)
  1034656    137672 1156316464  0.001  0.000   40.203   23.736    0    0  (Gen:  0)
  1033600    149920 1156390880  0.001  0.000   40.205   23.737    0    0  (Gen:  0)
  1034528    154720 1156462576  0.001  0.000   40.207   23.737    0    0  (Gen:  0)
  1033544    133816 1156516912  0.001  0.000   40.208   23.738    0    0  (Gen:  0)
  1032888    114872 1156570864  0.001  0.000   40.209   23.739    0    0  (Gen:  0)
  1032328    115664 1156622592  0.001  0.000   40.211   23.739    0    0  (Gen:  0)
  1034800    115792 1156680184  0.001  0.000   40.212   23.740    0    0  (Gen:  0)
  1034672    128376 1156744552  0.001  0.000   40.213   23.741    0    0  (Gen:  0)
  1036424    130424 1156803176  0.001  0.000   40.215   23.742    0    0  (Gen:  0)
  1031488    140096 1156878256  0.001  0.000   40.216   23.742    0    0  (Gen:  0)
  1033192    161224 1156955584  0.001  0.000   40.218   23.743    0    0  (Gen:  0)
  1032736    147192 1157017032  0.001  0.000   40.220   23.744    0    0  (Gen:  0)
  1649808    203712 1157222264  0.001  0.000   40.221   23.745    0    0  (Gen:  0)
  1533960    271408 1157351872  0.001  0.000   40.224   23.746    0    0  (Gen:  0)
  1554984     59512 1157405840  0.000  0.000   40.226   23.747    0    0  (Gen:  0)
  2142256     49992 1157435680  0.000  0.000   40.228   23.749    0    0  (Gen:  0)
  1106368     34736 1157413392  0.000  0.000   40.229   23.750    0    0  (Gen:  0)
  2049816     46088 1157478592  0.000  0.000   40.231   23.753    0    0  (Gen:  0)
  2100976     58120 1157512416  0.000  0.000   40.233   23.755    0    0  (Gen:  0)
  2112480     59240 1157551576  0.000  0.000   40.236   23.757    0    0  (Gen:  0)
  2717720     71696 1157597744  0.000  0.000   40.239   23.760    0    0  (Gen:  0)
  3218752    302752 1157911872  0.000  0.000   40.243   23.765    0    0  (Gen:  0)
  1954032    634960 1158455152  0.001  0.000   40.245   23.766    0    0  (Gen:  0)
  1032192    804832 1158799216  0.003  0.001   40.249   23.767    0    0  (Gen:  0)
  1104656    237432 1159100192  0.001  0.000   40.251   23.768    0    0  (Gen:  0)
  1040120     16200 1159100568  0.000  0.000   40.252   23.769    0    0  (Gen:  0)
  1037192     31640 1159124440  0.000  0.000   40.252   23.770    0    0  (Gen:  0)
  1031272     85000 1159179432  0.001  0.000   40.254   23.770    0    0  (Gen:  0)
  1036392    120400 1159238688  0.001  0.000   40.255   23.771    0    0  (Gen:  0)
  1034248    130520 1159307976  0.001  0.000   40.257   23.772    0    0  (Gen:  0)
  1031232    131032 1159367592  0.001  0.000   40.258   23.773    0    0  (Gen:  0)
  1035576    132280 1159430960  0.001  0.000   40.260   23.773    0    0  (Gen:  0)
  1034024    137344 1159497320  0.001  0.000   40.261   23.774    0    0  (Gen:  0)
  1033544    138280 1159562960  0.001  0.000   40.263   23.775    0    0  (Gen:  0)
  1034568    133672 1159624816  0.001  0.000   40.264   23.776    0    0  (Gen:  0)
  1034280    133720 1159688680  0.001  0.000   40.266   23.776    0    0  (Gen:  0)
  1036264    129680 1159748456  0.001  0.000   40.267   23.777    0    0  (Gen:  0)
  1036664    126928 1159808840  0.001  0.000   40.269   23.778    0    0  (Gen:  0)
  1036352    133760 1159874440  0.001  0.000   40.270   23.779    0    0  (Gen:  0)
  1034648    140360 1159941256  0.001  0.000   40.272   23.779    0    0  (Gen:  0)
  1033776    150760 1160016768  0.001  0.000   40.273   23.780    0    0  (Gen:  0)
  1034376    153792 1160086912  0.001  0.000   40.275   23.781    0    0  (Gen:  0)
  1033584    135328 1160143616  0.001  0.000   40.276   23.782    0    0  (Gen:  0)
  1033048    115544 1160195688  0.001  0.000   40.278   23.782    0    0  (Gen:  0)
  1032200    113584 1160247408  0.001  0.000   40.279   23.783    0    0  (Gen:  0)
  1035032    117312 1160306000  0.001  0.000   40.281   23.784    0    0  (Gen:  0)
  1034760    126880 1160367368  0.001  0.000   40.282   23.784    0    0  (Gen:  0)
  1036160    131656 1160429464  0.001  0.000   40.283   23.785    0    0  (Gen:  0)
  1031104    143928 1160504920  0.001  0.000   40.285   23.786    0    0  (Gen:  0)
  1033472    161256 1160581208  0.001  0.000   40.286   23.787    0    0  (Gen:  0)
  1033104    148136 1160644248  0.001  0.000   40.288   23.787    0    0  (Gen:  0)
  1943736    231896 1160875856  0.001  0.000   40.290   23.789    0    0  (Gen:  0)
  2122680    116984 1160789040  0.000  0.000   40.292   23.790    0    0  (Gen:  0)
  1274592     36016 1160804648  0.000  0.000   40.294   23.791    0    0  (Gen:  0)
  3922736     55976 1160838648  0.000  0.000   40.297   23.795    0    0  (Gen:  0)
  1993016     72864 1160881192  0.000  0.000   40.299   23.797    0    0  (Gen:  0)
  3420000    485072 1161542920  0.001  0.000   40.304   23.801    0    0  (Gen:  0)
  1032192    815040 1161886984  0.002  0.001   40.307   23.802    0    0  (Gen:  0)
  1032192    349728 1162231048  0.002  0.000   40.309   23.803    0    0  (Gen:  0)
  1108888     41080 1162339696  0.000  0.000   40.310   23.804    0    0  (Gen:  0)
  1039392     18744 1162341688  0.000  0.000   40.311   23.804    0    0  (Gen:  0)
  1033896     59976 1162391384  0.001  0.000   40.312   23.805    0    0  (Gen:  0)
  1034312    116976 1162451752  0.001  0.000   40.313   23.806    0    0  (Gen:  0)
  1035256    128600 1162513392  0.001  0.000   40.315   23.806    0    0  (Gen:  0)
  1032056    134816 1162579840  0.001  0.000   40.316   23.807    0    0  (Gen:  0)
  1034600    138600 1162641432  0.001  0.000   40.318   23.808    0    0  (Gen:  0)
  1034312    135416 1162704296  0.001  0.000   40.319   23.809    0    0  (Gen:  0)
  1033648    135880 1162768512  0.001  0.000   40.321   23.809    0    0  (Gen:  0)
  1034488    134976 1162831312  0.001  0.000   40.322   23.810    0    0  (Gen:  0)
  1033736    137064 1162896704  0.001  0.000   40.324   23.811    0    0  (Gen:  0)
  1036088    129896 1162954752  0.001  0.000   40.325   23.812    0    0  (Gen:  0)
  1036016    130576 1163019720  0.001  0.000   40.327   23.812    0    0  (Gen:  0)
  1036720    132224 1163078328  0.001  0.000   40.328   23.813    0    0  (Gen:  0)
  1035488    135848 1163146432  0.001  0.000   40.330   23.814    0    0  (Gen:  0)
  1033040    146560 1163217128  0.001  0.000   40.331   23.815    0    0  (Gen:  0)
  1034664    150568 1163290216  0.001  0.000   40.333   23.815    0    0  (Gen:  0)
  1033224    143616 1163353800  0.001  0.000   40.335   23.816    0    0  (Gen:  0)
  1033440    125656 1163408288  0.001  0.000   40.336   23.817    0    0  (Gen:  0)
  1033224    117672 1163463368  0.001  0.000   40.337   23.817    0    0  (Gen:  0)
  1032712    115520 1163515360  0.001  0.000   40.339   23.818    0    0  (Gen:  0)
  1035248    122520 1163578848  0.001  0.000   40.340   23.819    0    0  (Gen:  0)
  1036384    123304 1163630768  0.000  0.000   40.341   23.820    0    0  (Gen:  0)
  1033328    135896 1163705120  0.001  0.000   40.343   23.820    0    0  (Gen:  0)
  1032200    164048 1163786816  0.001  0.000   40.344   23.821    0    0  (Gen:  0)
  1033792    153784 1163850504  0.001  0.000   40.346   23.822    0    0  (Gen:  0)
  1030200    128896 1163909000  0.001  0.000   40.347   23.823    0    0  (Gen:  0)
  1845168    233472 1164143336  0.001  0.000   40.350   23.824    0    0  (Gen:  0)
  2186664     82008 1164032832  0.000  0.000   40.352   23.825    0    0  (Gen:  0)
  3563480     49168 1164057904  0.000  0.000   40.355   23.828    0    0  (Gen:  0)
  2403704     69832 1164101680  0.000  0.000   40.358   23.831    0    0  (Gen:  0)
  3581792    340656 1164623840  0.001  0.000   40.363   23.836    0    0  (Gen:  0)
  1032192    663424 1164967904  0.001  0.001   40.365   23.837    0    0  (Gen:  0)
  1032192    349760 1165311968  0.001  0.000   40.367   23.837    0    0  (Gen:  0)
  1930968    197008 1165572384  0.001  0.000   40.370   23.839    0    0  (Gen:  0)
  1037400     35400 1165591264  0.000  0.000   40.370   23.840    0    0  (Gen:  0)
  1033160     80144 1165650256  0.001  0.000   40.372   23.840    0    0  (Gen:  0)
  1036024    117072 1165706160  0.001  0.000   40.373   23.841    0    0  (Gen:  0)
  1034096    128928 1165771912  0.001  0.000   40.374   23.842    0    0  (Gen:  0)
  1031248    133520 1165833112  0.001  0.000   40.376   23.842    0    0  (Gen:  0)
  1035904    131448 1165894464  0.001  0.000   40.377   23.843    0    0  (Gen:  0)
  1034016    135096 1165961680  0.001  0.000   40.379   23.844    0    0  (Gen:  0)
  1033440    137936 1166026216  0.001  0.000   40.380   23.845    0    0  (Gen:  0)
  1034760    135664 1166088920  0.001  0.000   40.382   23.845    0    0  (Gen:  0)
  1033616    136184 1166154152  0.001  0.000   40.383   23.846    0    0  (Gen:  0)
  1036792    132448 1166212480  0.001  0.000   40.385   23.847    0    0  (Gen:  0)
  1036032    133360 1166278728  0.001  0.000   40.386   23.848    0    0  (Gen:  0)
  1036896    132936 1166338288  0.001  0.000   40.388   23.848    0    0  (Gen:  0)
  1034496    135832 1166406488  0.001  0.000   40.389   23.849    0    0  (Gen:  0)
  1033648    150128 1166480624  0.001  0.000   40.391   23.850    0    0  (Gen:  0)
  1034576    152432 1166550616  0.001  0.000   40.393   23.851    0    0  (Gen:  0)
  1033456    136096 1166608776  0.001  0.000   40.394   23.851    0    0  (Gen:  0)
  1032928    117800 1166661000  0.001  0.000   40.396   23.852    0    0  (Gen:  0)
  1032608    114552 1166712976  0.001  0.000   40.397   23.853    0    0  (Gen:  0)
  1034464    115872 1166770736  0.001  0.000   40.398   23.853    0    0  (Gen:  0)
  1034568    130088 1166836672  0.001  0.000   40.400   23.854    0    0  (Gen:  0)
  1036392    130512 1166891392  0.001  0.000   40.401   23.855    0    0  (Gen:  0)
  1032024    135920 1166965936  0.001  0.000   40.403   23.856    0    0  (Gen:  0)
  1033048    160880 1167043224  0.001  0.000   40.404   23.856    0    0  (Gen:  0)
  1032968    149640 1167107376  0.001  0.000   40.406   23.857    0    0  (Gen:  0)
  2376152    267848 1167378312  0.002  0.000   40.409   23.859    0    0  (Gen:  0)
  1909520    127016 1167528496  0.000  0.000   40.411   23.860    0    0  (Gen:  0)
  2908376     45048 1167648920  0.000  0.000   40.414   23.863    0    0  (Gen:  0)
  1109496     38976 1167652872  0.000  0.000   40.415   23.864    0    0  (Gen:  0)
  2114936     52032 1167683472  0.000  0.000   40.417   23.866    0    0  (Gen:  0)
  2135912    220288 1167876208  0.001  0.000   40.421   23.870    0    0  (Gen:  0)
  2275712    569728 1168432616  0.001  0.000   40.425   23.872    0    0  (Gen:  0)
  1032192    782808 1168776680  0.002  0.001   40.428   23.873    0    0  (Gen:  0)
  1067696    289472 1169096712  0.001  0.000   40.430   23.874    0    0  (Gen:  0)
  1203840     17096 1169139776  0.000  0.000   40.431   23.875    0    0  (Gen:  0)
  1036984     34496 1169164312  0.000  0.000   40.432   23.876    0    0  (Gen:  0)
  1033248     82600 1169219960  0.001  0.000   40.433   23.877    0    0  (Gen:  0)
  1036248    118168 1169275744  0.001  0.000   40.434   23.877    0    0  (Gen:  0)
  1034264    129696 1169342216  0.001  0.000   40.436   23.878    0    0  (Gen:  0)
  1030888    133432 1169402312  0.001  0.000   40.437   23.879    0    0  (Gen:  0)
  1036152    131696 1169464384  0.001  0.000   40.439   23.880    0    0  (Gen:  0)
  1033688    134720 1169530320  0.001  0.000   40.440   23.880    0    0  (Gen:  0)
  1033416    139664 1169596736  0.001  0.000   40.442   23.881    0    0  (Gen:  0)
  1034824    134288 1169658032  0.001  0.000   40.443   23.882    0    0  (Gen:  0)
  1033936    136016 1169723984  0.001  0.000   40.445   23.883    0    0  (Gen:  0)
  1036472    130240 1169781528  0.001  0.000   40.446   23.883    0    0  (Gen:  0)
  1036384    131272 1169846000  0.001  0.000   40.448   23.884    0    0  (Gen:  0)
  1036656    134064 1169908144  0.001  0.000   40.449   23.885    0    0  (Gen:  0)
  1034656    138000 1169975808  0.001  0.000   40.451   23.886    0    0  (Gen:  0)
  1033600    150248 1170050224  0.001  0.000   40.452   23.886    0    0  (Gen:  0)
  1034528    155048 1170121920  0.001  0.000   40.454   23.887    0    0  (Gen:  0)
  1033544    134144 1170176256  0.001  0.000   40.456   23.888    0    0  (Gen:  0)
  1032888    115200 1170230208  0.001  0.000   40.457   23.888    0    0  (Gen:  0)
  1032328    115992 1170281936  0.001  0.000   40.458   23.889    0    0  (Gen:  0)
  1034800    116120 1170339528  0.001  0.000   40.460   23.890    0    0  (Gen:  0)
  1034672    128704 1170403896  0.001  0.000   40.461   23.891    0    0  (Gen:  0)
  1036424    130752 1170462520  0.001  0.000   40.463   23.891    0    0  (Gen:  0)
  1031488    140424 1170537600  0.001  0.000   40.464   23.892    0    0  (Gen:  0)
  1033192    161552 1170614928  0.001  0.000   40.466   23.893    0    0  (Gen:  0)
  1032736    147520 1170676376  0.001  0.000   40.467   23.894    0    0  (Gen:  0)
  1668096    205016 1170882584  0.001  0.000   40.470   23.895    0    0  (Gen:  0)
  1492128    274504 1171018032  0.001  0.000   40.472   23.896    0    0  (Gen:  0)
  2307944     69144 1171085584  0.000  0.000   40.475   23.898    0    0  (Gen:  0)
  2772904     56872 1171114168  0.000  0.000   40.477   23.900    0    0  (Gen:  0)
  3557672     77792 1171200920  0.000  0.000   40.481   23.904    0    0  (Gen:  0)
  1139648     44784 1171216088  0.000  0.000   40.482   23.905    0    0  (Gen:  0)
  4183856     87264 1171295624  0.001  0.000   40.486   23.909    0    0  (Gen:  0)
  1725008     81568 1171334104  0.000  0.000   40.488   23.911    0    0  (Gen:  0)
  3246032    431280 1171948000  0.001  0.000   40.493   23.915    0    0  (Gen:  0)
  1032192    754272 1172292096  0.002  0.001   40.496   23.916    0    0  (Gen:  0)
  1032192    349984 1172636160  0.002  0.000   40.497   23.917    0    0  (Gen:  0)
  1654400    106032 1172805376  0.000  0.000   40.499   23.918    0    0  (Gen:  0)
  1037584     35600 1172824304  0.000  0.000   40.500   23.919    0    0  (Gen:  0)
  1031928     78912 1172881768  0.001  0.000   40.501   23.920    0    0  (Gen:  0)
  1036080    116552 1172938336  0.001  0.000   40.503   23.920    0    0  (Gen:  0)
  1034056    129144 1173004104  0.001  0.000   40.504   23.921    0    0  (Gen:  0)
  1031240    133928 1173065280  0.001  0.000   40.506   23.922    0    0  (Gen:  0)
  1036104    132208 1173127208  0.001  0.000   40.507   23.922    0    0  (Gen:  0)
  1034008    135232 1173194096  0.001  0.000   40.509   23.923    0    0  (Gen:  0)
  1033344    137512 1173258152  0.001  0.000   40.510   23.924    0    0  (Gen:  0)
  1034672    135928 1173320728  0.001  0.000   40.512   23.925    0    0  (Gen:  0)
  1033600    136312 1173386376  0.001  0.000   40.513   23.925    0    0  (Gen:  0)
  1036840    132744 1173444672  0.001  0.000   40.515   23.926    0    0  (Gen:  0)
  1035960    133768 1173511120  0.001  0.000   40.516   23.927    0    0  (Gen:  0)
  1036904    132904 1173570448  0.001  0.000   40.517   23.928    0    0  (Gen:  0)
  1034552    136064 1173638912  0.001  0.000   40.519   23.928    0    0  (Gen:  0)
  1033584    150168 1173712952  0.001  0.000   40.520   23.929    0    0  (Gen:  0)
  1034576    153008 1173783352  0.001  0.000   40.522   23.930    0    0  (Gen:  0)
  1033512    136472 1173841384  0.001  0.000   40.524   23.931    0    0  (Gen:  0)
  1032880    117800 1173893248  0.001  0.000   40.525   23.931    0    0  (Gen:  0)
  1032648    114440 1173945312  0.001  0.000   40.526   23.932    0    0  (Gen:  0)
  1034472    116600 1174003440  0.001  0.000   40.528   23.933    0    0  (Gen:  0)
  1034528    130552 1174069352  0.001  0.000   40.529   23.934    0    0  (Gen:  0)
  1036408    131024 1174124224  0.001  0.000   40.530   23.934    0    0  (Gen:  0)
  1032144    136384 1174198936  0.001  0.000   40.532   23.935    0    0  (Gen:  0)
  1032896    160224 1174275104  0.001  0.000   40.534   23.936    0    0  (Gen:  0)
  1032968    150032 1174340328  0.001  0.000   40.535   23.937    0    0  (Gen:  0)
  2379072    268704 1174606288  0.002  0.000   40.539   23.938    0    0  (Gen:  0)
  2353688    128640 1174533504  0.000  0.000   40.541   23.940    0    0  (Gen:  0)
  2971312     49040 1174557872  0.000  0.000   40.544   23.943    0    0  (Gen:  0)
  1182376     43136 1174568280  0.000  0.000   40.545   23.944    0    0  (Gen:  0)
  1261160     38048 1174586504  0.000  0.000   40.547   23.945    0    0  (Gen:  0)
  3581288    344408 1175163072  0.001  0.000   40.552   23.950    0    0  (Gen:  0)
  1032192    667120 1175507152  0.002  0.000   40.554   23.951    0    0  (Gen:  0)
  1032192    350056 1175851216  0.002  0.000   40.556   23.951    0    0  (Gen:  0)
  1931424    197440 1176115872  0.001  0.000   40.558   23.953    0    0  (Gen:  0)
  1037392     35624 1176134760  0.000  0.000   40.559   23.953    0    0  (Gen:  0)
  1033168     80440 1176189632  0.000  0.000   40.560   23.954    0    0  (Gen:  0)
  1036024    117368 1176245536  0.001  0.000   40.561   23.955    0    0  (Gen:  0)
  1034096    129224 1176311288  0.001  0.000   40.563   23.956    0    0  (Gen:  0)
  1031248    133816 1176372488  0.001  0.000   40.564   23.956    0    0  (Gen:  0)
  1035904    131744 1176433840  0.001  0.000   40.565   23.957    0    0  (Gen:  0)
  1034016    135392 1176501056  0.001  0.000   40.567   23.958    0    0  (Gen:  0)
  1033440    138232 1176565592  0.001  0.000   40.568   23.958    0    0  (Gen:  0)
  1034760    135960 1176628296  0.001  0.000   40.570   23.959    0    0  (Gen:  0)
  1033616    136480 1176693528  0.001  0.000   40.571   23.960    0    0  (Gen:  0)
  1036792    132744 1176751856  0.001  0.000   40.573   23.961    0    0  (Gen:  0)
  1036032    133656 1176818104  0.001  0.000   40.574   23.961    0    0  (Gen:  0)
  1036896    133232 1176877664  0.001  0.000   40.576   23.962    0    0  (Gen:  0)
  1034496    136128 1176945864  0.001  0.000   40.577   23.963    0    0  (Gen:  0)
  1033648    150424 1177020000  0.001  0.000   40.579   23.964    0    0  (Gen:  0)
  1034576    152728 1177089992  0.001  0.000   40.581   23.964    0    0  (Gen:  0)
  1033456    136392 1177148152  0.001  0.000   40.582   23.965    0    0  (Gen:  0)
  1032928    118096 1177200376  0.001  0.000   40.583   23.966    0    0  (Gen:  0)
  1032608    114848 1177252352  0.000  0.000   40.584   23.967    0    0  (Gen:  0)
  1034464    116168 1177310112  0.001  0.000   40.585   23.967    0    0  (Gen:  0)
  1034568    130384 1177376048  0.001  0.000   40.587   23.968    0    0  (Gen:  0)
  1036392    130808 1177430768  0.001  0.000   40.588   23.969    0    0  (Gen:  0)
  1032024    136216 1177505312  0.001  0.000   40.590   23.970    0    0  (Gen:  0)
  1033048    161176 1177582600  0.001  0.000   40.591   23.970    0    0  (Gen:  0)
  1032968    149936 1177646752  0.001  0.000   40.593   23.971    0    0  (Gen:  0)
  3805912    190112 1177802648  0.001  0.000   40.597   23.973    0    0  (Gen:  0)
  3120960    139808 1177818896  0.000  0.000   40.600   23.976    0    0  (Gen:  0)
  3588088     78432 1177863016  0.000  0.000   40.603   23.980    0    0  (Gen:  0)
  2724720    342128 1178344784  0.001  0.000   40.608   23.984    0    0  (Gen:  0)
  1169440    530048 1178602960  0.001  0.000   40.610   23.985    0    0  (Gen:  0)
  1032192    577216 1178947000  0.002  0.001   40.613   23.986    0    0  (Gen:  0)
  1064144    323544 1179300888  0.001  0.000   40.615   23.987    0    0  (Gen:  0)
  1303600     17528 1179340792  0.000  0.000   40.616   23.988    0    0  (Gen:  0)
  1036984     35656 1179361288  0.000  0.000   40.617   23.989    0    0  (Gen:  0)
  1033248     82848 1179416936  0.001  0.000   40.618   23.989    0    0  (Gen:  0)
  1036248    118416 1179472720  0.001  0.000   40.619   23.990    0    0  (Gen:  0)
  1034264    129944 1179539192  0.001  0.000   40.621   23.991    0    0  (Gen:  0)
  1030888    133680 1179599288  0.001  0.000   40.622   23.991    0    0  (Gen:  0)
  1036152    131944 1179661360  0.001  0.000   40.624   23.992    0    0  (Gen:  0)
  1033688    134968 1179727296  0.001  0.000   40.625   23.993    0    0  (Gen:  0)
  1033416    139912 1179793712  0.001  0.000   40.627   23.994    0    0  (Gen:  0)
  1034824    134536 1179855008  0.001  0.000   40.628   23.994    0    0  (Gen:  0)
  1033936    136264 1179920960  0.001  0.000   40.630   23.995    0    0  (Gen:  0)
  1036472    130488 1179978504  0.001  0.000   40.631   23.996    0    0  (Gen:  0)
  1036384    131520 1180042976  0.001  0.000   40.633   23.997    0    0  (Gen:  0)
  1036656    134312 1180105120  0.001  0.000   40.634   23.997    0    0  (Gen:  0)
  1034656    138248 1180172784  0.001  0.000   40.636   23.998    0    0  (Gen:  0)
  1033600    150496 1180247200  0.001  0.000   40.637   23.999    0    0  (Gen:  0)
  1034528    155296 1180318896  0.001  0.000   40.639   24.000    0    0  (Gen:  0)
  1033544    134392 1180373232  0.001  0.000   40.640   24.000    0    0  (Gen:  0)
  1032888    115448 1180427184  0.001  0.000   40.641   24.001    0    0  (Gen:  0)
  1032328    116240 1180478912  0.001  0.000   40.643   24.002    0    0  (Gen:  0)
  1034800    116368 1180536504  0.001  0.000   40.644   24.002    0    0  (Gen:  0)
  1034672    128952 1180600872  0.001  0.000   40.646   24.003    0    0  (Gen:  0)
  1036424    131000 1180659496  0.001  0.000   40.647   24.004    0    0  (Gen:  0)
  1031488    140672 1180734576  0.001  0.000   40.648   24.005    0    0  (Gen:  0)
  1033192    161800 1180811904  0.001  0.000   40.650   24.005    0    0  (Gen:  0)
  1032736    147768 1180873352  0.001  0.000   40.652   24.006    0    0  (Gen:  0)
  1210904    168968 1181010472  0.001  0.000   40.653   24.007    0    0  (Gen:  0)
  1663624    234048 1181398368  0.001  0.000   40.655   24.008    0    0  (Gen:  0)
  1644136     95336 1181487136  0.000  0.000   40.657   24.009    0    0  (Gen:  0)
  2901960     55376 1181653048  0.000  0.000   40.660   24.012    0    0  (Gen:  0)
  1220688     44520 1181708384  0.000  0.000   40.661   24.013    0    0  (Gen:  0)
  1877856     43608 1181737424  0.000  0.000   40.663   24.015    0    0  (Gen:  0)
  2567096    172464 1181885328  0.000  0.000   40.667   24.019    0    0  (Gen:  0)
  2140896    498072 1182449552  0.002  0.001   40.671   24.022    0    0  (Gen:  0)
  1032192    761056 1182793616  0.003  0.001   40.675   24.023    0    0  (Gen:  0)
  1032192    350208 1183137680  0.002  0.000   40.677   24.024    0    0  (Gen:  0)
  1109368     25976 1183226632  0.000  0.000   40.678   24.025    0    0  (Gen:  0)
  1039216     21104 1183230896  0.000  0.000   40.679   24.026    0    0  (Gen:  0)
  1032144     62968 1183281248  0.001  0.000   40.680   24.026    0    0  (Gen:  0)
  1034960    116896 1183339712  0.001  0.000   40.681   24.027    0    0  (Gen:  0)
  1035144    129544 1183403488  0.001  0.000   40.683   24.028    0    0  (Gen:  0)
  1031496    137832 1183470152  0.001  0.000   40.685   24.028    0    0  (Gen:  0)
  1035176    138768 1183530616  0.001  0.000   40.686   24.029    0    0  (Gen:  0)
  1034368    135896 1183594336  0.001  0.000   40.688   24.030    0    0  (Gen:  0)
  1033280    138160 1183659000  0.001  0.000   40.690   24.031    0    0  (Gen:  0)
  1034856    136120 1183721032  0.001  0.000   40.691   24.032    0    0  (Gen:  0)
  1033736    138712 1183787904  0.001  0.000   40.693   24.032    0    0  (Gen:  0)
  1035816    129944 1183843232  0.001  0.000   40.694   24.033    0    0  (Gen:  0)
  1036208    131624 1183911712  0.001  0.000   40.696   24.034    0    0  (Gen:  0)
  1036864    136144 1183969760  0.001  0.000   40.698   24.035    0    0  (Gen:  0)
  1035200    134152 1184037072  0.001  0.000   40.699   24.036    0    0  (Gen:  0)
  1033192    146008 1184107112  0.001  0.000   40.701   24.036    0    0  (Gen:  0)
  1034568    152520 1184181616  0.001  0.000   40.703   24.037    0    0  (Gen:  0)
  1033112    146432 1184245112  0.001  0.000   40.704   24.038    0    0  (Gen:  0)
  1033480    122768 1184296608  0.001  0.000   40.706   24.039    0    0  (Gen:  0)
  1032984    118208 1184354056  0.001  0.000   40.707   24.039    0    0  (Gen:  0)
  1033192    115464 1184404216  0.001  0.000   40.709   24.040    0    0  (Gen:  0)
  1035288    122984 1184468840  0.001  0.000   40.710   24.041    0    0  (Gen:  0)
  1036296    126616 1184522064  0.001  0.000   40.712   24.042    0    0  (Gen:  0)
  1033248    137112 1184595568  0.001  0.000   40.714   24.042    0    0  (Gen:  0)
  1032144    164184 1184677576  0.001  0.000   40.715   24.043    0    0  (Gen:  0)
  1033920    152776 1184739768  0.001  0.000   40.717   24.044    0    0  (Gen:  0)
  1033240    126640 1184797384  0.001  0.000   40.719   24.045    0    0  (Gen:  0)
  1673712    231624 1185030208  0.001  0.000   40.721   24.046    0    0  (Gen:  0)
  2285472     80632 1184951552  0.000  0.000   40.723   24.048    0    0  (Gen:  0)
  1613352     36344 1184965560  0.000  0.000   40.725   24.049    0    0  (Gen:  0)
  1182392     36960 1184977768  0.000  0.000   40.726   24.051    0    0  (Gen:  0)
  1179488     34824 1184988624  0.000  0.000   40.728   24.052    0    0  (Gen:  0)
  2690136     65256 1185039744  0.000  0.000   40.730   24.054    0    0  (Gen:  0)
  2562544    332912 1185471024  0.001  0.000   40.735   24.058    0    0  (Gen:  0)
  1296456    628792 1185861672  0.002  0.000   40.737   24.059    0    0  (Gen:  0)
  1032192    671816 1186205712  0.002  0.001   40.740   24.060    0    0  (Gen:  0)
  2027552    229616 1186498240  0.001  0.000   40.742   24.062    0    0  (Gen:  0)
  1037400     35680 1186517120  0.000  0.000   40.743   24.062    0    0  (Gen:  0)
  1033176     80640 1186576128  0.001  0.000   40.745   24.063    0    0  (Gen:  0)
  1036024    117568 1186632032  0.001  0.000   40.746   24.064    0    0  (Gen:  0)
  1034096    129424 1186697784  0.001  0.000   40.748   24.065    0    0  (Gen:  0)
  1031248    134016 1186758984  0.001  0.000   40.749   24.065    0    0  (Gen:  0)
  1035904    131944 1186820336  0.001  0.000   40.750   24.066    0    0  (Gen:  0)
  1034016    135592 1186887552  0.001  0.000   40.752   24.067    0    0  (Gen:  0)
  1033440    138432 1186952088  0.001  0.000   40.753   24.068    0    0  (Gen:  0)
  1034760    136160 1187014792  0.001  0.000   40.755   24.068    0    0  (Gen:  0)
  1033616    136680 1187080024  0.001  0.000   40.757   24.069    0    0  (Gen:  0)
  1036792    132944 1187138352  0.001  0.000   40.758   24.070    0    0  (Gen:  0)
  1036032    133856 1187204600  0.001  0.000   40.760   24.071    0    0  (Gen:  0)
  1036896    133432 1187264160  0.001  0.000   40.761   24.071    0    0  (Gen:  0)
  1034496    136328 1187332360  0.001  0.000   40.763   24.072    0    0  (Gen:  0)
  1033648    150624 1187406496  0.001  0.000   40.764   24.073    0    0  (Gen:  0)
  1034576    152928 1187476488  0.001  0.000   40.766   24.074    0    0  (Gen:  0)
  1033456    136592 1187534648  0.001  0.000   40.767   24.074    0    0  (Gen:  0)
  1032928    118296 1187586872  0.001  0.000   40.769   24.075    0    0  (Gen:  0)
  1032608    115048 1187638848  0.001  0.000   40.770   24.076    0    0  (Gen:  0)
  1034464    116368 1187696608  0.001  0.000   40.771   24.076    0    0  (Gen:  0)
  1034568    130584 1187762544  0.001  0.000   40.773   24.077    0    0  (Gen:  0)
  1036392    131008 1187817264  0.001  0.000   40.774   24.078    0    0  (Gen:  0)
  1032024    136416 1187891808  0.001  0.000   40.776   24.079    0    0  (Gen:  0)
  1033048    161376 1187969096  0.001  0.000   40.778   24.079    0    0  (Gen:  0)
  1032968    150136 1188033248  0.001  0.000   40.779   24.080    0    0  (Gen:  0)
  1179352    171464 1188170448  0.001  0.000   40.781   24.081    0    0  (Gen:  0)
  1449520    232912 1188294856  0.001  0.000   40.783   24.082    0    0  (Gen:  0)
  2377976     98920 1188396664  0.000  0.000   40.785   24.084    0    0  (Gen:  0)
  2659264     63688 1188442248  0.000  0.000   40.788   24.086    0    0  (Gen:  0)
  1173448     40424 1188452368  0.000  0.000   40.789   24.087    0    0  (Gen:  0)
  1913472     48536 1188484968  0.000  0.000   40.791   24.089    0    0  (Gen:  0)
  2055136     50224 1188512312  0.000  0.000   40.793   24.091    0    0  (Gen:  0)
  2540832     68872 1188560088  0.000  0.000   40.796   24.094    0    0  (Gen:  0)
  1448936     61976 1188590432  0.000  0.000   40.797   24.095    0    0  (Gen:  0)
  2866848    225768 1188814008  0.000  0.000   40.801   24.099    0    0  (Gen:  0)
  1754464    369880 1189215544  0.002  0.001   40.805   24.102    0    0  (Gen:  0)
  1032192    607392 1189559608  0.003  0.001   40.808   24.103    0    0  (Gen:  0)
  1032192    350328 1189903672  0.002  0.000   40.810   24.104    0    0  (Gen:  0)
  1865464    162168 1190128680  0.001  0.000   40.812   24.105    0    0  (Gen:  0)
  1037008     37944 1190149656  0.000  0.000   40.813   24.106    0    0  (Gen:  0)
  1033240     82480 1190204232  0.001  0.000   40.814   24.107    0    0  (Gen:  0)
  1036272    119200 1190261112  0.001  0.000   40.815   24.107    0    0  (Gen:  0)
  1034264    129624 1190326984  0.001  0.000   40.817   24.108    0    0  (Gen:  0)
  1030840    134176 1190387424  0.001  0.000   40.818   24.109    0    0  (Gen:  0)
  1036176    132552 1190449536  0.001  0.000   40.820   24.110    0    0  (Gen:  0)
  1033544    134952 1190514720  0.001  0.000   40.821   24.110    0    0  (Gen:  0)
  1033576    139784 1190581328  0.001  0.000   40.823   24.111    0    0  (Gen:  0)
  1034784    134816 1190642536  0.001  0.000   40.824   24.112    0    0  (Gen:  0)
  1033968    136560 1190708616  0.001  0.000   40.826   24.113    0    0  (Gen:  0)
  1036272    131216 1190766576  0.001  0.000   40.827   24.113    0    0  (Gen:  0)
  1036584    131376 1190830512  0.001  0.000   40.829   24.114    0    0  (Gen:  0)
  1036640    134416 1190893296  0.001  0.000   40.830   24.115    0    0  (Gen:  0)
  1034664    138504 1190960368  0.001  0.000   40.831   24.116    0    0  (Gen:  0)
  1033624    150768 1191035312  0.001  0.000   40.833   24.116    0    0  (Gen:  0)
  1034496    155568 1191106600  0.001  0.000   40.834   24.117    0    0  (Gen:  0)
  1033536    135152 1191161360  0.001  0.000   40.836   24.118    0    0  (Gen:  0)
  1032896    115208 1191214320  0.001  0.000   40.837   24.118    0    0  (Gen:  0)
  1032352    116472 1191266872  0.001  0.000   40.839   24.119    0    0  (Gen:  0)
  1034688    117384 1191324848  0.001  0.000   40.840   24.120    0    0  (Gen:  0)
  1034776    128856 1191388360  0.001  0.000   40.841   24.120    0    0  (Gen:  0)
  1036208    131016 1191447488  0.001  0.000   40.843   24.121    0    0  (Gen:  0)
  1031488    141200 1191522408  0.001  0.000   40.844   24.122    0    0  (Gen:  0)
  1033416    161992 1191599992  0.001  0.000   40.846   24.123    0    0  (Gen:  0)
  1032704    148128 1191661400  0.001  0.000   40.848   24.123    0    0  (Gen:  0)
  1570632    197952 1191831112  0.001  0.000   40.850   24.125    0    0  (Gen:  0)
  1538600    264608 1191992320  0.001  0.000   40.852   24.126    0    0  (Gen:  0)
  2283376     79128 1192033264  0.000  0.000   40.855   24.128    0    0  (Gen:  0)
  3181168     65568 1192078016  0.000  0.000   40.858   24.131    0    0  (Gen:  0)
  1524752     50056 1192097736  0.000  0.000   40.860   24.133    0    0  (Gen:  0)
  1224872     42352 1192151280  0.000  0.000   40.861   24.134    0    0  (Gen:  0)
  2814064    325296 1192530408  0.001  0.000   40.866   24.138    0    0  (Gen:  0)
  1102504    653440 1192939880  0.003  0.001   40.869   24.139    0    0  (Gen:  0)
  1032192    686912 1193283944  0.003  0.001   40.872   24.140    0    0  (Gen:  0)
  1998600    210448 1193557096  0.001  0.000   40.874   24.142    0    0  (Gen:  0)
  1037520     37232 1193577080  0.000  0.000   40.875   24.142    0    0  (Gen:  0)
  1031944     82552 1193632552  0.001  0.000   40.876   24.143    0    0  (Gen:  0)
  1036008    120352 1193690472  0.001  0.000   40.878   24.144    0    0  (Gen:  0)
  1034216    131368 1193756480  0.001  0.000   40.879   24.144    0    0  (Gen:  0)
  1031056    134280 1193817320  0.001  0.000   40.881   24.145    0    0  (Gen:  0)
  1035984    132088 1193878768  0.001  0.000   40.882   24.146    0    0  (Gen:  0)
  1034008    134800 1193944696  0.001  0.000   40.884   24.147    0    0  (Gen:  0)
  1033080    139848 1194010968  0.001  0.000   40.885   24.147    0    0  (Gen:  0)
  1034824    134456 1194072224  0.001  0.000   40.887   24.148    0    0  (Gen:  0)
  1034064    136560 1194138336  0.001  0.000   40.888   24.149    0    0  (Gen:  0)
  1036608    130696 1194195888  0.001  0.000   40.890   24.150    0    0  (Gen:  0)
  1036184    132576 1194261016  0.001  0.000   40.891   24.150    0    0  (Gen:  0)
  1036632    133920 1194321712  0.001  0.000   40.893   24.151    0    0  (Gen:  0)
  1034600    138024 1194390168  0.001  0.000   40.894   24.152    0    0  (Gen:  0)
  1033752    151520 1194464456  0.001  0.000   40.896   24.153    0    0  (Gen:  0)
  1034504    154976 1194535664  0.001  0.000   40.898   24.153    0    0  (Gen:  0)
  1033432    135576 1194590992  0.001  0.000   40.899   24.154    0    0  (Gen:  0)
  1032976    115864 1194644344  0.001  0.000   40.900   24.155    0    0  (Gen:  0)
  1032344    115696 1194695584  0.001  0.000   40.902   24.156    0    0  (Gen:  0)
  1034688    116080 1194753312  0.001  0.000   40.903   24.156    0    0  (Gen:  0)
  1034744    130192 1194818656  0.001  0.000   40.905   24.157    0    0  (Gen:  0)
  1036336    130648 1194875680  0.001  0.000   40.906   24.158    0    0  (Gen:  0)
  1031576    139904 1194951160  0.001  0.000   40.908   24.158    0    0  (Gen:  0)
  1033144    162208 1195028472  0.001  0.000   40.909   24.159    0    0  (Gen:  0)
  1033016    148720 1195090648  0.001  0.000   40.911   24.160    0    0  (Gen:  0)
  3807128    186608 1195244720  0.001  0.000   40.914   24.162    0    0  (Gen:  0)
  1654480    133640 1195256248  0.000  0.000   40.916   24.164    0    0  (Gen:  0)
  1171272     34368 1195265544  0.000  0.000   40.917   24.165    0    0  (Gen:  0)
  1105952     32768 1195274336  0.000  0.000   40.918   24.166    0    0  (Gen:  0)
  2276752     51528 1195304424  0.000  0.000   40.921   24.168    0    0  (Gen:  0)
  2365720    272360 1195581200  0.000  0.000   40.924   24.172    0    0  (Gen:  0)
  1530216    444728 1195959736  0.002  0.001   40.928   24.174    0    0  (Gen:  0)
  1032192    647352 1196303800  0.003  0.001   40.931   24.175    0    0  (Gen:  0)
  1032192    350544 1196647864  0.002  0.000   40.932   24.176    0    0  (Gen:  0)
  1584048     82104 1196792592  0.000  0.000   40.934   24.177    0    0  (Gen:  0)
  1037400     36112 1196811472  0.000  0.000   40.935   24.178    0    0  (Gen:  0)
  1033136     80928 1196870440  0.001  0.000   40.936   24.178    0    0  (Gen:  0)
  1036024    117856 1196926344  0.001  0.000   40.937   24.179    0    0  (Gen:  0)
  1034096    129712 1196992096  0.001  0.000   40.939   24.180    0    0  (Gen:  0)
  1031248    134304 1197053296  0.001  0.000   40.940   24.180    0    0  (Gen:  0)
  1035904    132232 1197114648  0.001  0.000   40.942   24.181    0    0  (Gen:  0)
  1034016    135880 1197181864  0.001  0.000   40.943   24.182    0    0  (Gen:  0)
  1033440    138720 1197246400  0.001  0.000   40.945   24.183    0    0  (Gen:  0)
  1034760    136448 1197309104  0.001  0.000   40.946   24.183    0    0  (Gen:  0)
  1033616    136968 1197374336  0.001  0.000   40.948   24.184    0    0  (Gen:  0)
  1036792    133232 1197432664  0.001  0.000   40.949   24.185    0    0  (Gen:  0)
  1036032    134144 1197498912  0.001  0.000   40.951   24.186    0    0  (Gen:  0)
  1036896    133720 1197558472  0.001  0.000   40.952   24.186    0    0  (Gen:  0)
  1034496    136616 1197626672  0.001  0.000   40.954   24.187    0    0  (Gen:  0)
  1033648    150912 1197700808  0.001  0.000   40.955   24.188    0    0  (Gen:  0)
  1034576    153216 1197770800  0.001  0.000   40.957   24.189    0    0  (Gen:  0)
  1033456    136880 1197828960  0.001  0.000   40.958   24.189    0    0  (Gen:  0)
  1032928    118584 1197881184  0.001  0.000   40.960   24.190    0    0  (Gen:  0)
  1032608    115336 1197933160  0.001  0.000   40.961   24.191    0    0  (Gen:  0)
  1034464    116656 1197990920  0.001  0.000   40.962   24.191    0    0  (Gen:  0)
  1034568    130872 1198056856  0.001  0.000   40.964   24.192    0    0  (Gen:  0)
  1036392    131296 1198111576  0.001  0.000   40.965   24.193    0    0  (Gen:  0)
  1032024    136704 1198186120  0.001  0.000   40.967   24.194    0    0  (Gen:  0)
  1033048    161664 1198263408  0.001  0.000   40.968   24.194    0    0  (Gen:  0)
  1032968    150424 1198327560  0.001  0.000   40.970   24.195    0    0  (Gen:  0)
  1524880    194936 1198487952  0.001  0.000   40.972   24.196    0    0  (Gen:  0)
  1575240    261472 1198651184  0.001  0.000   40.974   24.197    0    0  (Gen:  0)
  1822320     73968 1199050496  0.000  0.000   40.976   24.198    0    0  (Gen:  0)
  1575488     46800 1199071552  0.000  0.000   40.978   24.200    0    0  (Gen:  0)
  1544488     42800 1199095224  0.000  0.000   40.979   24.201    0    0  (Gen:  0)
  2357256     55296 1199133672  0.000  0.000   40.981   24.204    0    0  (Gen:  0)
  2250000     75008 1199208400  0.000  0.000   40.984   24.205    0    0  (Gen:  0)
  2346152    445584 1199788176  0.002  0.001   40.989   24.210    0    0  (Gen:  0)
  1032192    755712 1200132240  0.003  0.001   40.992   24.211    0    0  (Gen:  0)
  1032192    350616 1200476304  0.002  0.000   40.994   24.211    0    0  (Gen:  0)
  1107976     78448 1200617320  0.001  0.000   40.995   24.213    0    0  (Gen:  0)
  1039752     17696 1200617904  0.000  0.000   40.996   24.213    0    0  (Gen:  0)
  1032888     55536 1200668344  0.001  0.000   40.997   24.214    0    0  (Gen:  0)
  1033336    112392 1200726832  0.001  0.000   40.999   24.215    0    0  (Gen:  0)
  1035832    128168 1200788656  0.001  0.000   41.000   24.215    0    0  (Gen:  0)
  1032592    135528 1200854152  0.001  0.000   41.002   24.216    0    0  (Gen:  0)
  1033416    138448 1200916008  0.001  0.000   41.004   24.217    0    0  (Gen:  0)
  1035240    135544 1200978280  0.001  0.000   41.005   24.218    0    0  (Gen:  0)
  1033296    136688 1201042800  0.001  0.000   41.007   24.218    0    0  (Gen:  0)
  1034656    136032 1201105728  0.001  0.000   41.009   24.219    0    0  (Gen:  0)
  1033632    137320 1201169640  0.001  0.000   41.010   24.220    0    0  (Gen:  0)
  1035624    139760 1201234856  0.001  0.000   41.012   24.221    0    0  (Gen:  0)
  1035776    133200 1201294840  0.001  0.000   41.014   24.222    0    0  (Gen:  0)
  1037184    125744 1201350608  0.001  0.000   41.015   24.222    0    0  (Gen:  0)
  1035368    134976 1201421368  0.001  0.000   41.017   24.223    0    0  (Gen:  0)
  1033472    147728 1201490832  0.001  0.000   41.018   24.224    0    0  (Gen:  0)
  1035080    151744 1201563768  0.001  0.000   41.020   24.225    0    0  (Gen:  0)
  1032760    146544 1201628552  0.001  0.000   41.022   24.226    0    0  (Gen:  0)
  1033416    126768 1201683296  0.001  0.000   41.023   24.226    0    0  (Gen:  0)
  1033864    119848 1201738376  0.001  0.000   41.025   24.227    0    0  (Gen:  0)
  1032000    115008 1201788536  0.001  0.000   41.026   24.228    0    0  (Gen:  0)
  1035688    126008 1201853352  0.001  0.000   41.028   24.229    0    0  (Gen:  0)
  1036552    123168 1201902272  0.001  0.000   41.030   24.229    0    0  (Gen:  0)
  1033184    136440 1201979616  0.001  0.000   41.031   24.230    0    0  (Gen:  0)
  1031464    165624 1202059688  0.001  0.000   41.033   24.231    0    0  (Gen:  0)
  1034136    155008 1202126336  0.001  0.000   41.035   24.232    0    0  (Gen:  0)
  1028960    138904 1202189864  0.001  0.000   41.036   24.232    0    0  (Gen:  0)
  1812512    229792 1202383144  0.001  0.000   41.038   24.234    0    0  (Gen:  0)
  2341024     84096 1202314040  0.000  0.000   41.040   24.235    0    0  (Gen:  0)
  1138848     31096 1202316368  0.000  0.000   41.042   24.236    0    0  (Gen:  0)
  1137664     32816 1202332984  0.000  0.000   41.043   24.237    0    0  (Gen:  0)
  2770240     53760 1202402768  0.000  0.000   41.046   24.240    0    0  (Gen:  0)
  2476032     63648 1202468288  0.000  0.000   41.048   24.242    0    0  (Gen:  0)
  2559128    480976 1203097920  0.001  0.000   41.052   24.246    0    0  (Gen:  0)
  1032192    809064 1203441984  0.002  0.001   41.055   24.247    0    0  (Gen:  0)
  1032192    350664 1203786048  0.001  0.000   41.057   24.248    0    0  (Gen:  0)
  1476464     47528 1203896088  0.000  0.000   41.059   24.249    0    0  (Gen:  0)
  1037584     36448 1203915016  0.000  0.000   41.060   24.250    0    0  (Gen:  0)
  1031912     79600 1203968424  0.000  0.000   41.061   24.250    0    0  (Gen:  0)
  1036080    117240 1204024992  0.001  0.000   41.062   24.251    0    0  (Gen:  0)
  1034056    129832 1204090760  0.001  0.000   41.063   24.252    0    0  (Gen:  0)
  1031240    134616 1204151936  0.001  0.000   41.065   24.252    0    0  (Gen:  0)
  1036104    132896 1204213864  0.001  0.000   41.066   24.253    0    0  (Gen:  0)
  1034008    135920 1204280752  0.001  0.000   41.068   24.254    0    0  (Gen:  0)
  1033344    138200 1204344808  0.001  0.000   41.069   24.255    0    0  (Gen:  0)
  1034672    136616 1204407384  0.001  0.000   41.071   24.255    0    0  (Gen:  0)
  1033600    137000 1204473032  0.001  0.000   41.072   24.256    0    0  (Gen:  0)
  1036840    133432 1204531328  0.001  0.000   41.074   24.257    0    0  (Gen:  0)
  1035960    134456 1204597776  0.001  0.000   41.075   24.258    0    0  (Gen:  0)
  1036904    133592 1204657104  0.001  0.000   41.077   24.258    0    0  (Gen:  0)
  1034552    136752 1204725568  0.001  0.000   41.078   24.259    0    0  (Gen:  0)
  1033584    150856 1204799608  0.001  0.000   41.080   24.260    0    0  (Gen:  0)
  1034576    153696 1204870008  0.001  0.000   41.081   24.261    0    0  (Gen:  0)
  1033512    137160 1204928040  0.001  0.000   41.083   24.261    0    0  (Gen:  0)
  1032880    118488 1204979904  0.001  0.000   41.084   24.262    0    0  (Gen:  0)
  1032648    115128 1205031968  0.001  0.000   41.085   24.263    0    0  (Gen:  0)
  1034472    117288 1205090096  0.001  0.000   41.087   24.263    0    0  (Gen:  0)
  1034528    131240 1205156008  0.001  0.000   41.088   24.264    0    0  (Gen:  0)
  1036408    131712 1205210880  0.001  0.000   41.089   24.265    0    0  (Gen:  0)
  1032144    137072 1205285592  0.001  0.000   41.091   24.266    0    0  (Gen:  0)
  1032896    160912 1205361760  0.001  0.000   41.093   24.266    0    0  (Gen:  0)
  1032968    150720 1205426984  0.001  0.000   41.094   24.267    0    0  (Gen:  0)
  2415776    272528 1205663296  0.001  0.000   41.097   24.269    0    0  (Gen:  0)
  1865272    122256 1205547136  0.000  0.000   41.099   24.270    0    0  (Gen:  0)
  1176672     33416 1205591200  0.000  0.000   41.100   24.271    0    0  (Gen:  0)
  2241264     39792 1205611736  0.000  0.000   41.102   24.273    0    0  (Gen:  0)
  1183080     39360 1205617992  0.000  0.000   41.104   24.275    0    0  (Gen:  0)
  1262176     37280 1205639000  0.000  0.000   41.105   24.276    0    0  (Gen:  0)
  1183400     39160 1205658344  0.000  0.000   41.107   24.277    0    0  (Gen:  0)
  2268760     48216 1205687856  0.000  0.000   41.109   24.279    0    0  (Gen:  0)
  2596224     70544 1205742672  0.000  0.000   41.112   24.282    0    0  (Gen:  0)
  1235264     59760 1205771928  0.000  0.000   41.113   24.283    0    0  (Gen:  0)
  1172712     43360 1205791032  0.000  0.000   41.115   24.285    0    0  (Gen:  0)
  2731288    331416 1206266456  0.001  0.000   41.120   24.289    0    0  (Gen:  0)
  1166008    556416 1206547496  0.002  0.001   41.123   24.290    0    0  (Gen:  0)
  1032192    597520 1206891536  0.002  0.001   41.125   24.291    0    0  (Gen:  0)
  1068408    300592 1207221848  0.002  0.000   41.128   24.292    0    0  (Gen:  0)
  1070368     18056 1207263248  0.000  0.000   41.129   24.293    0    0  (Gen:  0)
  1038552     28168 1207275640  0.000  0.000   41.130   24.294    0    0  (Gen:  0)
  1033256     71528 1207331496  0.001  0.000   41.131   24.294    0    0  (Gen:  0)
  1035920    123560 1207391152  0.001  0.000   41.132   24.295    0    0  (Gen:  0)
  1033904    129856 1207453632  0.001  0.000   41.134   24.296    0    0  (Gen:  0)
  1031128    137928 1207521520  0.001  0.000   41.136   24.297    0    0  (Gen:  0)
  1036608    135936 1207582304  0.001  0.000   41.137   24.297    0    0  (Gen:  0)
  1033576    136608 1207646448  0.001  0.000   41.139   24.298    0    0  (Gen:  0)
  1032888    138120 1207709440  0.001  0.000   41.140   24.299    0    0  (Gen:  0)
  1035288    136104 1207773184  0.001  0.000   41.142   24.300    0    0  (Gen:  0)
  1034016    138608 1207839952  0.001  0.000   41.144   24.300    0    0  (Gen:  0)
  1035944    131568 1207894520  0.001  0.000   41.145   24.301    0    0  (Gen:  0)
  1036224    133720 1207964168  0.001  0.000   41.147   24.302    0    0  (Gen:  0)
  1036512    136024 1208021904  0.001  0.000   41.149   24.303    0    0  (Gen:  0)
  1035176    134440 1208091224  0.001  0.000   41.150   24.304    0    0  (Gen:  0)
  1033312    149216 1208163480  0.001  0.000   41.152   24.304    0    0  (Gen:  0)
  1034264    154928 1208237088  0.001  0.000   41.154   24.305    0    0  (Gen:  0)
  1033680    141200 1208295192  0.001  0.000   41.155   24.306    0    0  (Gen:  0)
  1032744    118792 1208347784  0.001  0.000   41.157   24.307    0    0  (Gen:  0)
  1033544    115504 1208399632  0.001  0.000   41.158   24.307    0    0  (Gen:  0)
  1033736    116384 1208455336  0.001  0.000   41.160   24.308    0    0  (Gen:  0)
  1034496    132032 1208521792  0.001  0.000   41.161   24.309    0    0  (Gen:  0)
  1036192    131248 1208575408  0.001  0.000   41.163   24.310    0    0  (Gen:  0)
  1032696    132888 1208647568  0.001  0.000   41.164   24.310    0    0  (Gen:  0)
  1032824    162088 1208727936  0.001  0.000   41.166   24.311    0    0  (Gen:  0)
  1033352    151072 1208789872  0.001  0.000   41.168   24.312    0    0  (Gen:  0)
  1216152    175248 1208929552  0.001  0.000   41.169   24.313    0    0  (Gen:  0)
  1455584    234448 1209084496  0.001  0.000   41.171   24.314    0    0  (Gen:  0)
  3145368    125000 1209184136  0.001  0.000   41.175   24.316    0    0  (Gen:  0)
  1182272     43376 1209198400  0.000  0.000   41.176   24.318    0    0  (Gen:  0)
  1110992     34088 1209217896  0.000  0.000   41.177   24.319    0    0  (Gen:  0)
  2123488     51536 1209254472  0.000  0.000   41.179   24.321    0    0  (Gen:  0)
  2650440    363656 1209617840  0.000  0.000   41.183   24.325    0    0  (Gen:  0)
  1859296    635472 1210099728  0.002  0.000   41.186   24.326    0    0  (Gen:  0)
  1032192    709264 1210443792  0.002  0.001   41.189   24.328    0    0  (Gen:  0)
  2040272    234392 1210740584  0.001  0.000   41.191   24.329    0    0  (Gen:  0)
  1037400     36256 1210759464  0.000  0.000   41.192   24.330    0    0  (Gen:  0)
  1033128     81136 1210818424  0.001  0.000   41.193   24.330    0    0  (Gen:  0)
  1036024    118064 1210874328  0.001  0.000   41.194   24.331    0    0  (Gen:  0)
  1034096    129920 1210940080  0.001  0.000   41.196   24.332    0    0  (Gen:  0)
  1031248    134512 1211001280  0.001  0.000   41.197   24.333    0    0  (Gen:  0)
  1035904    132440 1211062632  0.001  0.000   41.199   24.333    0    0  (Gen:  0)
  1034016    136088 1211129848  0.001  0.000   41.201   24.334    0    0  (Gen:  0)
  1033440    138928 1211194384  0.001  0.000   41.202   24.335    0    0  (Gen:  0)
  1034760    136656 1211257088  0.001  0.000   41.204   24.336    0    0  (Gen:  0)
  1033616    137176 1211322320  0.001  0.000   41.205   24.336    0    0  (Gen:  0)
  1036792    133440 1211380648  0.001  0.000   41.207   24.337    0    0  (Gen:  0)
  1036032    134352 1211446896  0.001  0.000   41.208   24.338    0    0  (Gen:  0)
  1036896    133928 1211506456  0.001  0.000   41.209   24.339    0    0  (Gen:  0)
  1034496    136824 1211574656  0.001  0.000   41.211   24.339    0    0  (Gen:  0)
  1033648    151120 1211648792  0.001  0.000   41.212   24.340    0    0  (Gen:  0)
  1034576    153424 1211718784  0.001  0.000   41.214   24.341    0    0  (Gen:  0)
  1033456    137088 1211776944  0.001  0.000   41.216   24.342    0    0  (Gen:  0)
  1032928    118792 1211829168  0.001  0.000   41.217   24.342    0    0  (Gen:  0)
  1032608    115544 1211881144  0.001  0.000   41.218   24.343    0    0  (Gen:  0)
  1034464    116864 1211938904  0.001  0.000   41.219   24.344    0    0  (Gen:  0)
  1034568    131080 1212004840  0.001  0.000   41.221   24.344    0    0  (Gen:  0)
  1036392    131504 1212059560  0.001  0.000   41.222   24.345    0    0  (Gen:  0)
  1032024    136912 1212134104  0.001  0.000   41.224   24.346    0    0  (Gen:  0)
  1033048    161872 1212211392  0.001  0.000   41.225   24.346    0    0  (Gen:  0)
  1032968    150632 1212275544  0.001  0.000   41.227   24.347    0    0  (Gen:  0)
  2405184    269328 1212510120  0.002  0.000   41.230   24.349    0    0  (Gen:  0)
  2379688    131240 1212433856  0.000  0.000   41.232   24.351    0    0  (Gen:  0)
  2723192     44464 1212455808  0.000  0.000   41.235   24.353    0    0  (Gen:  0)
  2210104     59808 1212487800  0.000  0.000   41.237   24.355    0    0  (Gen:  0)
  1661616     53552 1212542608  0.000  0.000   41.239   24.357    0    0  (Gen:  0)
  3177648    381304 1213083112  0.001  0.000   41.244   24.361    0    0  (Gen:  0)
  1032192    709872 1213427176  0.002  0.001   41.247   24.362    0    0  (Gen:  0)
  1032192    350848 1213771240  0.002  0.000   41.248   24.363    0    0  (Gen:  0)
  1798072    153752 1213987328  0.001  0.000   41.250   24.364    0    0  (Gen:  0)
  1037400     36376 1214006208  0.000  0.000   41.251   24.365    0    0  (Gen:  0)
  1033152     81240 1214061128  0.001  0.000   41.253   24.366    0    0  (Gen:  0)
  1036024    118168 1214117032  0.001  0.000   41.254   24.366    0    0  (Gen:  0)
  1034096    130024 1214182784  0.001  0.000   41.255   24.367    0    0  (Gen:  0)
  1031248    134616 1214243984  0.001  0.000   41.257   24.368    0    0  (Gen:  0)
  1035904    132544 1214305336  0.001  0.000   41.258   24.368    0    0  (Gen:  0)
  1034016    136192 1214372552  0.001  0.000   41.260   24.369    0    0  (Gen:  0)
  1033440    139032 1214437088  0.001  0.000   41.261   24.370    0    0  (Gen:  0)
  1034760    136760 1214499792  0.001  0.000   41.263   24.371    0    0  (Gen:  0)
  1033616    137280 1214565024  0.001  0.000   41.264   24.371    0    0  (Gen:  0)
  1036792    133544 1214623352  0.001  0.000   41.266   24.372    0    0  (Gen:  0)
  1036032    134456 1214689600  0.001  0.000   41.267   24.373    0    0  (Gen:  0)
  1036896    134032 1214749160  0.001  0.000   41.269   24.374    0    0  (Gen:  0)
  1034496    136928 1214817360  0.001  0.000   41.270   24.374    0    0  (Gen:  0)
  1033648    151224 1214891496  0.001  0.000   41.272   24.375    0    0  (Gen:  0)
  1034576    153528 1214961488  0.001  0.000   41.274   24.376    0    0  (Gen:  0)
  1033456    137192 1215019648  0.001  0.000   41.275   24.377    0    0  (Gen:  0)
  1032928    118896 1215071872  0.001  0.000   41.277   24.377    0    0  (Gen:  0)
  1032608    115648 1215123848  0.001  0.000   41.278   24.378    0    0  (Gen:  0)
  1034464    116968 1215181608  0.001  0.000   41.279   24.379    0    0  (Gen:  0)
  1034568    131184 1215247544  0.001  0.000   41.281   24.380    0    0  (Gen:  0)
  1036392    131608 1215302264  0.001  0.000   41.282   24.380    0    0  (Gen:  0)
  1032024    137016 1215376808  0.001  0.000   41.284   24.381    0    0  (Gen:  0)
  1033048    161976 1215454096  0.001  0.000   41.285   24.382    0    0  (Gen:  0)
  1032968    150736 1215518248  0.001  0.000   41.287   24.382    0    0  (Gen:  0)
  1175056    172224 1215655608  0.001  0.000   41.289   24.384    0    0  (Gen:  0)
  1451976    236768 1215787112  0.001  0.000   41.291   24.384    0    0  (Gen:  0)
  1566520     95360 1215879944  0.000  0.000   41.293   24.385    0    0  (Gen:  0)
  2457240     55896 1216306448  0.000  0.000   41.295   24.388    0    0  (Gen:  0)
  2963352     66008 1216349304  0.000  0.000   41.298   24.391    0    0  (Gen:  0)
  1539520     60376 1216380552  0.000  0.000   41.300   24.392    0    0  (Gen:  0)
  2311416    319344 1216816296  0.001  0.000   41.305   24.397    0    0  (Gen:  0)
  1501160    629808 1217210288  0.002  0.001   41.307   24.398    0    0  (Gen:  0)
  1032192    679600 1217554328  0.002  0.001   41.310   24.399    0    0  (Gen:  0)
  2028832    230704 1217847312  0.001  0.000   41.312   24.401    0    0  (Gen:  0)
  1037400     36432 1217866192  0.000  0.000   41.313   24.402    0    0  (Gen:  0)
  1033144     81280 1217925168  0.000  0.000   41.314   24.402    0    0  (Gen:  0)
  1036024    118208 1217981072  0.001  0.000   41.316   24.403    0    0  (Gen:  0)
  1034096    130064 1218046824  0.001  0.000   41.317   24.404    0    0  (Gen:  0)
  1031248    134656 1218108024  0.001  0.000   41.318   24.404    0    0  (Gen:  0)
  1035904    132584 1218169376  0.001  0.000   41.320   24.405    0    0  (Gen:  0)
  1034016    136232 1218236592  0.001  0.000   41.321   24.406    0    0  (Gen:  0)
  1033440    139072 1218301128  0.001  0.000   41.323   24.407    0    0  (Gen:  0)
  1034760    136800 1218363832  0.001  0.000   41.324   24.407    0    0  (Gen:  0)
  1033616    137320 1218429064  0.001  0.000   41.326   24.408    0    0  (Gen:  0)
  1036792    133584 1218487392  0.001  0.000   41.327   24.409    0    0  (Gen:  0)
  1036032    134496 1218553640  0.001  0.000   41.329   24.410    0    0  (Gen:  0)
  1036896    134072 1218613200  0.001  0.000   41.330   24.410    0    0  (Gen:  0)
  1034496    136968 1218681400  0.001  0.000   41.332   24.411    0    0  (Gen:  0)
  1033648    151264 1218755536  0.001  0.000   41.334   24.412    0    0  (Gen:  0)
  1034576    153568 1218825528  0.001  0.000   41.335   24.413    0    0  (Gen:  0)
  1033456    137232 1218883688  0.001  0.000   41.337   24.413    0    0  (Gen:  0)
  1032928    118936 1218935912  0.001  0.000   41.338   24.414    0    0  (Gen:  0)
  1032608    115688 1218987888  0.001  0.000   41.339   24.415    0    0  (Gen:  0)
  1034464    117008 1219045648  0.001  0.000   41.341   24.415    0    0  (Gen:  0)
  1034568    131224 1219111584  0.001  0.000   41.342   24.416    0    0  (Gen:  0)
  1036392    131648 1219166304  0.001  0.000   41.344   24.417    0    0  (Gen:  0)
  1032024    137056 1219240848  0.001  0.000   41.345   24.418    0    0  (Gen:  0)
  1033048    162016 1219318136  0.001  0.000   41.347   24.418    0    0  (Gen:  0)
  1032968    150776 1219382288  0.001  0.000   41.348   24.419    0    0  (Gen:  0)
  1159472    172608 1219519992  0.001  0.000   41.350   24.420    0    0  (Gen:  0)
  1471160    236032 1219679144  0.001  0.000   41.352   24.421    0    0  (Gen:  0)
  1631296     92632 1219709712  0.000  0.000   41.354   24.422    0    0  (Gen:  0)
  1859712     50512 1219771808  0.000  0.000   41.356   24.424    0    0  (Gen:  0)
  1544560     43712 1219791720  0.000  0.000   41.358   24.426    0    0  (Gen:  0)
  3288040     65712 1219836776  0.000  0.000   41.361   24.429    0    0  (Gen:  0)
  3053384    342712 1220291080  0.001  0.000   41.366   24.433    0    0  (Gen:  0)
  1153160    633664 1220682032  0.001  0.000   41.368   24.434    0    0  (Gen:  0)
  1032192    671976 1221026096  0.002  0.001   41.371   24.435    0    0  (Gen:  0)
  2025920    230904 1221319176  0.001  0.000   41.374   24.437    0    0  (Gen:  0)
  1037584     36736 1221338104  0.000  0.000   41.375   24.437    0    0  (Gen:  0)
  1031928     79936 1221391512  0.001  0.000   41.376   24.438    0    0  (Gen:  0)
  1036080    117576 1221448080  0.001  0.000   41.377   24.439    0    0  (Gen:  0)
  1034056    130168 1221513848  0.001  0.000   41.378   24.439    0    0  (Gen:  0)
  1031240    134952 1221575024  0.001  0.000   41.380   24.440    0    0  (Gen:  0)
  1036104    133232 1221636952  0.001  0.000   41.381   24.441    0    0  (Gen:  0)
  1034008    136256 1221703840  0.001  0.000   41.383   24.442    0    0  (Gen:  0)
  1033344    138536 1221767896  0.001  0.000   41.384   24.442    0    0  (Gen:  0)
  1034672    136952 1221830472  0.001  0.000   41.386   24.443    0    0  (Gen:  0)
  1033600    137336 1221896120  0.001  0.000   41.387   24.444    0    0  (Gen:  0)
  1036840    133768 1221954416  0.001  0.000   41.389   24.445    0    0  (Gen:  0)
  1035960    134792 1222020864  0.001  0.000   41.390   24.445    0    0  (Gen:  0)
  1036904    133928 1222080192  0.001  0.000   41.392   24.446    0    0  (Gen:  0)
  1034552    137088 1222148656  0.001  0.000   41.393   24.447    0    0  (Gen:  0)
  1033584    151192 1222222696  0.001  0.000   41.395   24.448    0    0  (Gen:  0)
  1034576    154032 1222293096  0.001  0.000   41.396   24.448    0    0  (Gen:  0)
  1033512    137496 1222351128  0.001  0.000   41.398   24.449    0    0  (Gen:  0)
  1032880    118824 1222402992  0.001  0.000   41.399   24.450    0    0  (Gen:  0)
  1032648    115464 1222455056  0.001  0.000   41.401   24.450    0    0  (Gen:  0)
  1034472    117624 1222513184  0.001  0.000   41.402   24.451    0    0  (Gen:  0)
  1034528    131576 1222579096  0.001  0.000   41.404   24.452    0    0  (Gen:  0)
  1036408    132048 1222633968  0.001  0.000   41.405   24.453    0    0  (Gen:  0)
  1032144    137408 1222708680  0.001  0.000   41.407   24.453    0    0  (Gen:  0)
  1032896    161248 1222784848  0.001  0.000   41.408   24.454    0    0  (Gen:  0)
  1032968    151056 1222850072  0.001  0.000   41.410   24.455    0    0  (Gen:  0)
  2398416    271792 1223118104  0.002  0.000   41.413   24.456    0    0  (Gen:  0)
  2271232    125680 1223002480  0.000  0.000   41.415   24.458    0    0  (Gen:  0)
  2991752     51240 1223031168  0.000  0.000   41.418   24.461    0    0  (Gen:  0)
  1173096     43968 1223037328  0.000  0.000   41.420   24.462    0    0  (Gen:  0)
  1221352     41936 1223095208  0.000  0.000   41.421   24.463    0    0  (Gen:  0)
  1183256     40776 1223115584  0.000  0.000   41.422   24.465    0    0  (Gen:  0)
  1106776     32576 1223128232  0.000  0.000   41.424   24.466    0    0  (Gen:  0)
  3218144     72376 1223183416  0.000  0.000   41.427   24.469    0    0  (Gen:  0)
  1205120     61968 1223208184  0.000  0.000   41.429   24.471    0    0  (Gen:  0)
  1205832     45160 1223231944  0.000  0.000   41.430   24.472    0    0  (Gen:  0)
  2715408    218640 1223431704  0.000  0.000   41.433   24.475    0    0  (Gen:  0)
  2443304    602360 1224049600  0.001  0.001   41.437   24.478    0    0  (Gen:  0)
  1032192    832576 1224393664  0.002  0.001   41.440   24.479    0    0  (Gen:  0)
  1070728    267872 1224690912  0.001  0.000   41.442   24.480    0    0  (Gen:  0)
  1087856     18168 1224730896  0.000  0.000   41.443   24.481    0    0  (Gen:  0)
  1037584     34096 1224749856  0.000  0.000   41.444   24.481    0    0  (Gen:  0)
  1031968     80024 1224803264  0.001  0.000   41.445   24.482    0    0  (Gen:  0)
  1036080    117664 1224859832  0.001  0.000   41.446   24.483    0    0  (Gen:  0)
  1034056    130256 1224925600  0.001  0.000   41.448   24.484    0    0  (Gen:  0)
  1031240    135040 1224986776  0.001  0.000   41.449   24.484    0    0  (Gen:  0)
  1036104    133320 1225048704  0.001  0.000   41.451   24.485    0    0  (Gen:  0)
  1034008    136344 1225115592  0.001  0.000   41.452   24.486    0    0  (Gen:  0)
  1033344    138624 1225179648  0.001  0.000   41.454   24.487    0    0  (Gen:  0)
  1034672    137040 1225242224  0.001  0.000   41.455   24.487    0    0  (Gen:  0)
  1033600    137424 1225307872  0.001  0.000   41.457   24.488    0    0  (Gen:  0)
  1036840    133856 1225366168  0.001  0.000   41.459   24.489    0    0  (Gen:  0)
  1035960    134880 1225432616  0.001  0.000   41.460   24.490    0    0  (Gen:  0)
  1036904    134016 1225491944  0.001  0.000   41.462   24.490    0    0  (Gen:  0)
  1034552    137176 1225560408  0.001  0.000   41.463   24.491    0    0  (Gen:  0)
  1033584    151280 1225634448  0.001  0.000   41.465   24.492    0    0  (Gen:  0)
  1034576    154120 1225704848  0.001  0.000   41.466   24.493    0    0  (Gen:  0)
  1033512    137584 1225762880  0.001  0.000   41.468   24.493    0    0  (Gen:  0)
  1032880    118912 1225814744  0.001  0.000   41.469   24.494    0    0  (Gen:  0)
  1032648    115552 1225866808  0.000  0.000   41.470   24.495    0    0  (Gen:  0)
  1034472    117712 1225924936  0.001  0.000   41.472   24.495    0    0  (Gen:  0)
  1034528    131664 1225990848  0.001  0.000   41.473   24.496    0    0  (Gen:  0)
  1036408    132136 1226045720  0.001  0.000   41.475   24.497    0    0  (Gen:  0)
  1032144    137496 1226120432  0.001  0.000   41.476   24.498    0    0  (Gen:  0)
  1032896    161336 1226196600  0.001  0.000   41.478   24.498    0    0  (Gen:  0)
  1032968    151144 1226261824  0.001  0.000   41.479   24.499    0    0  (Gen:  0)
  1187016    175152 1226400352  0.001  0.000   41.481   24.500    0    0  (Gen:  0)
  1513720    236384 1226558928  0.001  0.000   41.483   24.501    0    0  (Gen:  0)
  2105912    101320 1226626600  0.000  0.000   41.485   24.503    0    0  (Gen:  0)
  2237096     55152 1226658128  0.000  0.000   41.488   24.505    0    0  (Gen:  0)
  2281216     58728 1226692440  0.000  0.000   41.490   24.507    0    0  (Gen:  0)
  3289544     84336 1226783888  0.000  0.000   41.493   24.510    0    0  (Gen:  0)
  2772832    600728 1227513296  0.002  0.000   41.498   24.514    0    0  (Gen:  0)
  1032192    904544 1227857360  0.002  0.001   41.501   24.515    0    0  (Gen:  0)
  1070816    267976 1228154632  0.001  0.000   41.503   24.516    0    0  (Gen:  0)
  1088208     18392 1228194808  0.000  0.000   41.504   24.517    0    0  (Gen:  0)
  1037584     34288 1228213736  0.000  0.000   41.505   24.517    0    0  (Gen:  0)
  1031944     81560 1228268600  0.001  0.000   41.506   24.518    0    0  (Gen:  0)
  1036024    118488 1228324504  0.001  0.000   41.507   24.519    0    0  (Gen:  0)
  1034096    130344 1228390256  0.001  0.000   41.509   24.519    0    0  (Gen:  0)
  1031248    134936 1228451456  0.001  0.000   41.510   24.520    0    0  (Gen:  0)
  1035904    132864 1228512808  0.001  0.000   41.511   24.521    0    0  (Gen:  0)
  1034016    136512 1228580024  0.001  0.000   41.513   24.522    0    0  (Gen:  0)
  1033440    139352 1228644560  0.001  0.000   41.515   24.522    0    0  (Gen:  0)
  1034760    137080 1228707264  0.001  0.000   41.516   24.523    0    0  (Gen:  0)
  1033616    137600 1228772496  0.001  0.000   41.518   24.524    0    0  (Gen:  0)
  1036792    133864 1228830824  0.001  0.000   41.519   24.525    0    0  (Gen:  0)
  1036032    134776 1228897072  0.001  0.000   41.521   24.525    0    0  (Gen:  0)
  1036896    134352 1228956632  0.001  0.000   41.522   24.526    0    0  (Gen:  0)
  1034496    137248 1229024832  0.001  0.000   41.524   24.527    0    0  (Gen:  0)
  1033648    151544 1229098968  0.001  0.000   41.525   24.528    0    0  (Gen:  0)
  1034576    153848 1229168960  0.001  0.000   41.527   24.528    0    0  (Gen:  0)
  1033456    137512 1229227120  0.001  0.000   41.528   24.529    0    0  (Gen:  0)
  1032928    119216 1229279344  0.001  0.000   41.530   24.530    0    0  (Gen:  0)
  1032608    115968 1229331320  0.001  0.000   41.531   24.530    0    0  (Gen:  0)
  1034464    117288 1229389080  0.001  0.000   41.532   24.531    0    0  (Gen:  0)
  1034568    131504 1229455016  0.001  0.000   41.534   24.532    0    0  (Gen:  0)
  1036392    131928 1229509736  0.001  0.000   41.535   24.533    0    0  (Gen:  0)
  1032024    137336 1229584280  0.001  0.000   41.537   24.533    0    0  (Gen:  0)
  1033048    162296 1229661568  0.001  0.000   41.539   24.534    0    0  (Gen:  0)
  1032968    151056 1229725720  0.001  0.000   41.540   24.535    0    0  (Gen:  0)
  1174544    174040 1229831808  0.001  0.000   41.542   24.536    0    0  (Gen:  0)
  1525336    237000 1229990680  0.001  0.000   41.544   24.537    0    0  (Gen:  0)
  2022480    100328 1230089576  0.000  0.000   41.546   24.538    0    0  (Gen:  0)
  1139424     44904 1230108312  0.000  0.000   41.548   24.539    0    0  (Gen:  0)
  3185896     64384 1230152104  0.000  0.000   41.551   24.543    0    0  (Gen:  0)
  1101024     45872 1230164664  0.000  0.000   41.552   24.544    0    0  (Gen:  0)
  4022328    459792 1230820344  0.001  0.000   41.558   24.550    0    0  (Gen:  0)
  1032192    784440 1231164440  0.002  0.001   41.561   24.550    0    0  (Gen:  0)
  1032192    351248 1231508504  0.002  0.000   41.562   24.551    0    0  (Gen:  0)
  1585848     84392 1231654832  0.000  0.000   41.564   24.553    0    0  (Gen:  0)
  1037584     36832 1231673760  0.000  0.000   41.565   24.553    0    0  (Gen:  0)
  1031944     81640 1231728624  0.001  0.000   41.566   24.554    0    0  (Gen:  0)
  1036024    118568 1231784528  0.001  0.000   41.567   24.554    0    0  (Gen:  0)
  1034096    130424 1231850280  0.001  0.000   41.569   24.555    0    0  (Gen:  0)
  1031248    135016 1231911480  0.001  0.000   41.570   24.556    0    0  (Gen:  0)
  1035904    132944 1231972832  0.001  0.000   41.572   24.556    0    0  (Gen:  0)
  1034016    136592 1232040048  0.001  0.000   41.573   24.557    0    0  (Gen:  0)
  1033440    139432 1232104584  0.001  0.000   41.575   24.558    0    0  (Gen:  0)
  1034760    137160 1232167288  0.001  0.000   41.576   24.559    0    0  (Gen:  0)
  1033616    137680 1232232520  0.001  0.000   41.578   24.560    0    0  (Gen:  0)
  1036792    133944 1232290848  0.001  0.000   41.579   24.560    0    0  (Gen:  0)
  1036032    134856 1232357096  0.001  0.000   41.581   24.561    0    0  (Gen:  0)
  1036896    134432 1232416656  0.001  0.000   41.582   24.562    0    0  (Gen:  0)
  1034496    137328 1232484856  0.001  0.000   41.584   24.562    0    0  (Gen:  0)
  1033648    151624 1232558992  0.001  0.000   41.586   24.563    0    0  (Gen:  0)
  1034576    153928 1232628984  0.001  0.000   41.587   24.564    0    0  (Gen:  0)
  1033456    137592 1232687144  0.001  0.000   41.589   24.565    0    0  (Gen:  0)
  1032928    119296 1232739368  0.001  0.000   41.590   24.565    0    0  (Gen:  0)
  1032608    116048 1232791344  0.001  0.000   41.591   24.566    0    0  (Gen:  0)
  1034464    117368 1232849104  0.001  0.000   41.593   24.567    0    0  (Gen:  0)
  1034568    131584 1232915040  0.001  0.000   41.594   24.568    0    0  (Gen:  0)
  1036392    132008 1232969760  0.001  0.000   41.596   24.568    0    0  (Gen:  0)
  1256408    145216 1233215824  0.001  0.000   41.597   24.569    0    0  (Gen:  0)
  1033560    169632 1233292712  0.001  0.000   41.599   24.570    0    0  (Gen:  0)
  1144944    150832 1233455136  0.001  0.000   41.601   24.571    0    0  (Gen:  0)
  2398272    268584 1233753400  0.002  0.000   41.604   24.572    0    0  (Gen:  0)
  1705336    124920 1233736760  0.000  0.000   41.606   24.573    0    0  (Gen:  0)
  2180176     38408 1233823000  0.000  0.000   41.608   24.576    0    0  (Gen:  0)
  1107120     37800 1233830192  0.000  0.000   41.610   24.577    0    0  (Gen:  0)
  2522144     52376 1233858872  0.000  0.000   41.612   24.579    0    0  (Gen:  0)
  3334984    348712 1234291856  0.001  0.000   41.617   24.584    0    0  (Gen:  0)
  1317648    513512 1234594424  0.001  0.000   41.619   24.585    0    0  (Gen:  0)
  1032192    556624 1234938488  0.002  0.001   41.622   24.586    0    0  (Gen:  0)
  1064816    349328 1235316992  0.002  0.000   41.624   24.587    0    0  (Gen:  0)
  1072944     18696 1235358200  0.000  0.000   41.625   24.588    0    0  (Gen:  0)
  1039336     22656 1235363720  0.000  0.000   41.626   24.589    0    0  (Gen:  0)
  1032160     65760 1235414400  0.001  0.000   41.627   24.589    0    0  (Gen:  0)
  1035064    118328 1235476456  0.001  0.000   41.628   24.590    0    0  (Gen:  0)
  1034640    130168 1235539920  0.001  0.000   41.630   24.591    0    0  (Gen:  0)
  1031664    139096 1235607512  0.001  0.000   41.631   24.591    0    0  (Gen:  0)
  1035384    139600 1235666896  0.001  0.000   41.633   24.592    0    0  (Gen:  0)
  1034176    136192 1235730744  0.001  0.000   41.634   24.593    0    0  (Gen:  0)
  1033336    140120 1235795792  0.001  0.000   41.636   24.594    0    0  (Gen:  0)
  1034704    138272 1235858344  0.001  0.000   41.638   24.594    0    0  (Gen:  0)
  1034104    140632 1235924840  0.001  0.000   41.639   24.595    0    0  (Gen:  0)
  1035632    131840 1235980512  0.001  0.000   41.641   24.596    0    0  (Gen:  0)
  1036360    132904 1236048360  0.001  0.000   41.642   24.597    0    0  (Gen:  0)
  1036448    137008 1236106736  0.001  0.000   41.644   24.597    0    0  (Gen:  0)
  1035608    137424 1236175512  0.001  0.000   41.645   24.598    0    0  (Gen:  0)
  1033096    149984 1236246280  0.001  0.000   41.647   24.599    0    0  (Gen:  0)
  1034640    152096 1236319640  0.001  0.000   41.648   24.600    0    0  (Gen:  0)
  1032888    145080 1236382560  0.001  0.000   41.650   24.601    0    0  (Gen:  0)
  1033288    124472 1236434952  0.001  0.000   41.651   24.601    0    0  (Gen:  0)
  1033184    118656 1236490928  0.001  0.000   41.653   24.602    0    0  (Gen:  0)
  1033488    115640 1236541040  0.001  0.000   41.654   24.603    0    0  (Gen:  0)
  1035360    123896 1236605272  0.001  0.000   41.656   24.603    0    0  (Gen:  0)
  1035984    128016 1236657768  0.001  0.000   41.657   24.604    0    0  (Gen:  0)
  1032936    135248 1236732888  0.001  0.000   41.658   24.605    0    0  (Gen:  0)
  1032688    164560 1236813960  0.001  0.000   41.660   24.605    0    0  (Gen:  0)
  1033728    153688 1236876392  0.001  0.000   41.662   24.606    0    0  (Gen:  0)
  1033600    129592 1236934848  0.001  0.000   41.663   24.607    0    0  (Gen:  0)
  1713536    229376 1237164248  0.001  0.000   41.666   24.608    0    0  (Gen:  0)
  3026296     88648 1237057304  0.000  0.000   41.669   24.611    0    0  (Gen:  0)
  3823112     66496 1237097512  0.000  0.000   41.672   24.614    0    0  (Gen:  0)
  2486432     81576 1237140352  0.000  0.000   41.675   24.617    0    0  (Gen:  0)
  3081400    454464 1237765416  0.001  0.000   41.680   24.622    0    0  (Gen:  0)
  1032192    778544 1238109480  0.002  0.001   41.683   24.622    0    0  (Gen:  0)
  1032192    351416 1238453544  0.002  0.000   41.685   24.623    0    0  (Gen:  0)
  1623288     85176 1238604632  0.000  0.000   41.687   24.625    0    0  (Gen:  0)
  1037200     38136 1238624704  0.000  0.000   41.688   24.625    0    0  (Gen:  0)
  1033144     81992 1238678672  0.001  0.000   41.689   24.626    0    0  (Gen:  0)
  1036208    120000 1238736728  0.001  0.000   41.690   24.627    0    0  (Gen:  0)
  1034160    132304 1238802920  0.001  0.000   41.691   24.627    0    0  (Gen:  0)
  1031128    134832 1238863352  0.001  0.000   41.693   24.628    0    0  (Gen:  0)
  1035968    133088 1238925528  0.001  0.000   41.694   24.629    0    0  (Gen:  0)
  1033952    136336 1238991688  0.001  0.000   41.696   24.629    0    0  (Gen:  0)
  1033128    141056 1239057888  0.001  0.000   41.697   24.630    0    0  (Gen:  0)
  1034824    135512 1239119032  0.001  0.000   41.699   24.631    0    0  (Gen:  0)
  1034088    138112 1239185832  0.001  0.000   41.700   24.632    0    0  (Gen:  0)
  1036600    132032 1239243224  0.001  0.000   41.702   24.632    0    0  (Gen:  0)
  1036176    132768 1239307920  0.001  0.000   41.703   24.633    0    0  (Gen:  0)
  1036640    134640 1239368744  0.001  0.000   41.705   24.634    0    0  (Gen:  0)
  1034560    139096 1239437320  0.001  0.000   41.706   24.635    0    0  (Gen:  0)
  1033800    152600 1239511616  0.001  0.000   41.708   24.635    0    0  (Gen:  0)
  1034400    156144 1239583024  0.001  0.000   41.710   24.636    0    0  (Gen:  0)
  1033512    136472 1239638056  0.001  0.000   41.711   24.637    0    0  (Gen:  0)
  1032984    116664 1239691360  0.001  0.000   41.713   24.638    0    0  (Gen:  0)
  1032264    116992 1239743072  0.001  0.000   41.714   24.638    0    0  (Gen:  0)
  1034744    117072 1239800552  0.001  0.000   41.715   24.639    0    0  (Gen:  0)
  1034688    130976 1239865640  0.001  0.000   41.717   24.640    0    0  (Gen:  0)
  1036400    133216 1239924376  0.001  0.000   41.718   24.640    0    0  (Gen:  0)
  1031592    141288 1239998744  0.001  0.000   41.720   24.641    0    0  (Gen:  0)
  1033128    162680 1240076480  0.001  0.000   41.721   24.642    0    0  (Gen:  0)
  1033008    149992 1240138648  0.001  0.000   41.723   24.643    0    0  (Gen:  0)
  1177384    173336 1240278344  0.001  0.000   41.725   24.644    0    0  (Gen:  0)
  2190016    120832 1240308448  0.000  0.000   41.727   24.645    0    0  (Gen:  0)
  1333560     38224 1240324632  0.000  0.000   41.729   24.646    0    0  (Gen:  0)
  3057936     64264 1240363864  0.000  0.000   41.732   24.649    0    0  (Gen:  0)
  3387816     84152 1240416992  0.000  0.000   41.735   24.653    0    0  (Gen:  0)
  1110176     50104 1240425184  0.000  0.000   41.736   24.654    0    0  (Gen:  0)
  1309032     38120 1240441712  0.000  0.000   41.738   24.655    0    0  (Gen:  0)
  1286944     46704 1240469152  0.000  0.000   41.739   24.657    0    0  (Gen:  0)
  1170272     43992 1240487952  0.000  0.000   41.741   24.658    0    0  (Gen:  0)
  2675392     69848 1240514904  0.000  0.000   41.744   24.660    0    0  (Gen:  0)
  1582104     67272 1240581592  0.000  0.000   41.745   24.662    0    0  (Gen:  0)
  2522336    327048 1241018632  0.001  0.000   41.750   24.666    0    0  (Gen:  0)
  1208048    634432 1241410224  0.002  0.000   41.752   24.667    0    0  (Gen:  0)
  1032192    672656 1241754264  0.002  0.001   41.755   24.668    0    0  (Gen:  0)
  1104152    231040 1242047024  0.001  0.000   41.757   24.669    0    0  (Gen:  0)
  1039984     18008 1242047296  0.000  0.000   41.758   24.670    0    0  (Gen:  0)
  1037208     34640 1242072360  0.000  0.000   41.759   24.670    0    0  (Gen:  0)
  1031280     87952 1242131424  0.001  0.000   41.760   24.671    0    0  (Gen:  0)
  1036392    121752 1242190224  0.001  0.000   41.761   24.671    0    0  (Gen:  0)
  1034056    132800 1242255408  0.001  0.000   41.763   24.672    0    0  (Gen:  0)
  1031592    133560 1242315280  0.001  0.000   41.764   24.673    0    0  (Gen:  0)
  1035152    134920 1242378832  0.001  0.000   41.765   24.674    0    0  (Gen:  0)
  1034224    139488 1242444936  0.001  0.000   41.767   24.674    0    0  (Gen:  0)
  1033776    140664 1242510624  0.001  0.000   41.768   24.675    0    0  (Gen:  0)
  1034432    136304 1242572640  0.001  0.000   41.770   24.676    0    0  (Gen:  0)
  1034224    135432 1242636432  0.001  0.000   41.771   24.677    0    0  (Gen:  0)
  1036304    131768 1242695760  0.001  0.000   41.773   24.677    0    0  (Gen:  0)
  1036784    126080 1242754632  0.001  0.000   41.774   24.678    0    0  (Gen:  0)
  1036352    135880 1242821944  0.001  0.000   41.776   24.679    0    0  (Gen:  0)
  1034256    143144 1242887992  0.001  0.000   41.777   24.680    0    0  (Gen:  0)
  1034048    151456 1242964008  0.001  0.000   41.779   24.680    0    0  (Gen:  0)
  1034176    154736 1243034672  0.001  0.000   41.781   24.681    0    0  (Gen:  0)
  1033616    136504 1243090056  0.001  0.000   41.782   24.682    0    0  (Gen:  0)
  1033256    116080 1243142400  0.001  0.000   41.783   24.682    0    0  (Gen:  0)
  1032128    115488 1243193744  0.001  0.000   41.785   24.683    0    0  (Gen:  0)
  1035088    120048 1243253512  0.001  0.000   41.786   24.684    0    0  (Gen:  0)
  1034520    129160 1243313976  0.001  0.000   41.788   24.685    0    0  (Gen:  0)
  1035976    133728 1243376792  0.001  0.000   41.789   24.685    0    0  (Gen:  0)
  1031128    146344 1243452400  0.001  0.000   41.791   24.686    0    0  (Gen:  0)
  1033800    162608 1243528216  0.001  0.000   41.792   24.687    0    0  (Gen:  0)
  1033064    150232 1243592256  0.001  0.000   41.794   24.688    0    0  (Gen:  0)
  2291792    264376 1243853664  0.002  0.000   41.797   24.689    0    0  (Gen:  0)
  2397680    124544 1243747392  0.000  0.000   41.800   24.691    0    0  (Gen:  0)
  2158264     42520 1243758176  0.000  0.000   41.802   24.693    0    0  (Gen:  0)
  2774400     63232 1243794792  0.000  0.000   41.805   24.696    0    0  (Gen:  0)
  3528408    125640 1243885360  0.000  0.000   41.808   24.700    0    0  (Gen:  0)
  2582440    606840 1244620408  0.002  0.001   41.813   24.703    0    0  (Gen:  0)
  1032192    907944 1244964472  0.003  0.001   41.815   24.704    0    0  (Gen:  0)
  1067488    264240 1245257648  0.001  0.000   41.817   24.705    0    0  (Gen:  0)
  1124672     18648 1245298400  0.000  0.000   41.819   24.706    0    0  (Gen:  0)
  1037008     36352 1245319376  0.000  0.000   41.819   24.707    0    0  (Gen:  0)
  1033248     84256 1245374528  0.001  0.000   41.820   24.707    0    0  (Gen:  0)
  1036248    119808 1245430312  0.001  0.000   41.822   24.708    0    0  (Gen:  0)
  1034264    131352 1245496784  0.001  0.000   41.823   24.709    0    0  (Gen:  0)
  1030888    135088 1245556880  0.001  0.000   41.825   24.710    0    0  (Gen:  0)
  1036152    133352 1245618952  0.001  0.000   41.826   24.710    0    0  (Gen:  0)
  1033688    136376 1245684888  0.001  0.000   41.828   24.711    0    0  (Gen:  0)
  1033416    141320 1245751304  0.001  0.000   41.829   24.712    0    0  (Gen:  0)
  1034824    135944 1245812600  0.001  0.000   41.831   24.713    0    0  (Gen:  0)
  1033936    137672 1245878552  0.001  0.000   41.832   24.713    0    0  (Gen:  0)
  1036472    131896 1245936096  0.001  0.000   41.834   24.714    0    0  (Gen:  0)
  1036384    132928 1246000568  0.001  0.000   41.835   24.715    0    0  (Gen:  0)
  1036656    135720 1246062712  0.001  0.000   41.837   24.716    0    0  (Gen:  0)
  1034656    139656 1246130376  0.001  0.000   41.838   24.716    0    0  (Gen:  0)
  1033600    151904 1246204792  0.001  0.000   41.840   24.717    0    0  (Gen:  0)
  1034528    156704 1246276488  0.001  0.000   41.842   24.718    0    0  (Gen:  0)
  1033544    135800 1246330824  0.001  0.000   41.843   24.719    0    0  (Gen:  0)
  1032888    116856 1246384776  0.001  0.000   41.845   24.719    0    0  (Gen:  0)
  1032328    117648 1246436504  0.001  0.000   41.846   24.720    0    0  (Gen:  0)
  1034800    117776 1246494096  0.001  0.000   41.847   24.721    0    0  (Gen:  0)
  1034672    130360 1246558464  0.001  0.000   41.849   24.721    0    0  (Gen:  0)
  1036424    132408 1246617088  0.001  0.000   41.850   24.722    0    0  (Gen:  0)
  1031488    142080 1246692168  0.001  0.000   41.852   24.723    0    0  (Gen:  0)
  1033192    163208 1246769496  0.001  0.000   41.853   24.724    0    0  (Gen:  0)
  1032736    149176 1246830944  0.001  0.000   41.855   24.724    0    0  (Gen:  0)
  1189912    175096 1246972792  0.001  0.000   41.857   24.725    0    0  (Gen:  0)
  1516096    240176 1247131624  0.001  0.000   41.859   24.726    0    0  (Gen:  0)
  1599328     86600 1247181904  0.000  0.000   41.861   24.727    0    0  (Gen:  0)
  1933056     45088 1247211016  0.000  0.000   41.862   24.729    0    0  (Gen:  0)
  1171616     43312 1247230784  0.000  0.000   41.864   24.730    0    0  (Gen:  0)
  2640928     52928 1247266736  0.000  0.000   41.866   24.733    0    0  (Gen:  0)
  1215024     52584 1247319832  0.000  0.000   41.868   24.734    0    0  (Gen:  0)
  2649560    334616 1247744088  0.001  0.000   41.872   24.738    0    0  (Gen:  0)
  1139424    586832 1248084144  0.002  0.000   41.875   24.739    0    0  (Gen:  0)
  1032192    623992 1248428240  0.002  0.001   41.877   24.740    0    0  (Gen:  0)
  1070104    275272 1248732320  0.001  0.000   41.879   24.741    0    0  (Gen:  0)
  1104880     19200 1248775272  0.000  0.000   41.880   24.742    0    0  (Gen:  0)
  1037680     34424 1248793528  0.000  0.000   41.881   24.742    0    0  (Gen:  0)
  1031864     80600 1248847376  0.001  0.000   41.882   24.743    0    0  (Gen:  0)
  1036080    118448 1248903944  0.001  0.000   41.884   24.744    0    0  (Gen:  0)
  1034056    130808 1248969712  0.001  0.000   41.885   24.744    0    0  (Gen:  0)
  1031240    135592 1249030888  0.001  0.000   41.887   24.745    0    0  (Gen:  0)
  1036104    133872 1249092816  0.001  0.000   41.888   24.746    0    0  (Gen:  0)
  1034008    136896 1249159704  0.001  0.000   41.890   24.747    0    0  (Gen:  0)
  1033344    139176 1249223760  0.001  0.000   41.891   24.747    0    0  (Gen:  0)
  1034672    137592 1249286336  0.001  0.000   41.893   24.748    0    0  (Gen:  0)
  1033600    137976 1249351984  0.001  0.000   41.894   24.749    0    0  (Gen:  0)
  1036840    134408 1249410280  0.001  0.000   41.896   24.750    0    0  (Gen:  0)
  1035960    135432 1249476728  0.001  0.000   41.897   24.750    0    0  (Gen:  0)
  1036904    134568 1249536056  0.001  0.000   41.899   24.751    0    0  (Gen:  0)
  1034552    137728 1249604520  0.001  0.000   41.900   24.752    0    0  (Gen:  0)
  1033584    151832 1249678560  0.001  0.000   41.902   24.753    0    0  (Gen:  0)
  1034576    154672 1249748960  0.001  0.000   41.904   24.753    0    0  (Gen:  0)
  1033512    138136 1249806992  0.001  0.000   41.905   24.754    0    0  (Gen:  0)
  1032880    119464 1249858856  0.001  0.000   41.907   24.755    0    0  (Gen:  0)
  1101800    116968 1249977256  0.001  0.000   41.908   24.756    0    0  (Gen:  0)
  1034472    119064 1250035384  0.001  0.000   41.909   24.756    0    0  (Gen:  0)
  1138968    134192 1250201488  0.001  0.000   41.911   24.757    0    0  (Gen:  0)
  1036408    134576 1250256360  0.001  0.000   41.912   24.758    0    0  (Gen:  0)
  1101656    138984 1250397472  0.001  0.000   41.914   24.758    0    0  (Gen:  0)
  1032896    162752 1250473640  0.001  0.000   41.915   24.759    0    0  (Gen:  0)
  1139584    154328 1250606952  0.001  0.000   41.917   24.760    0    0  (Gen:  0)
  3762464    196808 1250825304  0.001  0.000   41.920   24.762    0    0  (Gen:  0)
  1208360    130288 1250931960  0.000  0.000   41.922   24.764    0    0  (Gen:  0)
  1469368     40864 1250947416  0.000  0.000   41.924   24.765    0    0  (Gen:  0)
  3066864     61128 1250994448  0.000  0.000   41.927   24.768    0    0  (Gen:  0)
  2142984     85160 1251076544  0.000  0.000   41.929   24.770    0    0  (Gen:  0)
  2598128    491872 1251696104  0.001  0.000   41.933   24.774    0    0  (Gen:  0)
  1032192    799280 1252040168  0.002  0.001   41.936   24.775    0    0  (Gen:  0)
  1032192    351712 1252384232  0.001  0.000   41.938   24.776    0    0  (Gen:  0)
  1490456     38576 1252484280  0.000  0.000   41.940   24.777    0    0  (Gen:  0)
  1037008     39416 1252505256  0.000  0.000   41.941   24.778    0    0  (Gen:  0)
  1033248     84416 1252564488  0.001  0.000   41.942   24.778    0    0  (Gen:  0)
  1036248    119968 1252620272  0.001  0.000   41.943   24.779    0    0  (Gen:  0)
  1034264    131512 1252686744  0.001  0.000   41.945   24.780    0    0  (Gen:  0)
  1030888    135248 1252746840  0.001  0.000   41.946   24.780    0    0  (Gen:  0)
  1036152    133512 1252808912  0.001  0.000   41.947   24.781    0    0  (Gen:  0)
  1033688    136536 1252874848  0.001  0.000   41.949   24.782    0    0  (Gen:  0)
  1033416    141480 1252941264  0.001  0.000   41.951   24.783    0    0  (Gen:  0)
  1034824    136104 1253002560  0.001  0.000   41.952   24.783    0    0  (Gen:  0)
  1033936    137832 1253068512  0.001  0.000   41.953   24.784    0    0  (Gen:  0)
  1036472    132056 1253126056  0.001  0.000   41.955   24.785    0    0  (Gen:  0)
  1036384    133088 1253190528  0.001  0.000   41.956   24.786    0    0  (Gen:  0)
  1036656    135880 1253252672  0.001  0.000   41.958   24.786    0    0  (Gen:  0)
  1034656    139816 1253320336  0.001  0.000   41.960   24.787    0    0  (Gen:  0)
  1033600    152064 1253394752  0.001  0.000   41.961   24.788    0    0  (Gen:  0)
  1034528    156864 1253466448  0.001  0.000   41.963   24.789    0    0  (Gen:  0)
  1033544    135960 1253520784  0.001  0.000   41.964   24.789    0    0  (Gen:  0)
  1032888    117016 1253574736  0.001  0.000   41.965   24.790    0    0  (Gen:  0)
  1032328    117808 1253626464  0.001  0.000   41.967   24.791    0    0  (Gen:  0)
  1034800    117936 1253684056  0.001  0.000   41.968   24.791    0    0  (Gen:  0)
  1034672    130520 1253748424  0.001  0.000   41.969   24.792    0    0  (Gen:  0)
  1036424    132568 1253807048  0.001  0.000   41.971   24.793    0    0  (Gen:  0)
  1031488    142240 1253882128  0.001  0.000   41.972   24.793    0    0  (Gen:  0)
  1033192    163368 1253959456  0.001  0.000   41.974   24.794    0    0  (Gen:  0)
  1032736    149336 1254020904  0.001  0.000   41.976   24.795    0    0  (Gen:  0)
  2369568    269352 1254293592  0.001  0.000   41.979   24.797    0    0  (Gen:  0)
  3124496    133856 1254188808  0.001  0.000   41.982   24.799    0    0  (Gen:  0)
  3057896     56576 1254214984  0.000  0.000   41.985   24.802    0    0  (Gen:  0)
  1503048     52376 1254232264  0.000  0.000   41.986   24.804    0    0  (Gen:  0)
  1446944     54688 1254266592  0.000  0.000   41.988   24.805    0    0  (Gen:  0)
  3069728    441400 1254891824  0.001  0.000   41.993   24.809    0    0  (Gen:  0)
  1032192    776184 1255235872  0.002  0.001   41.996   24.810    0    0  (Gen:  0)
  1032192    351760 1255579936  0.002  0.000   41.998   24.811    0    0  (Gen:  0)
  1628168     88264 1255729632  0.000  0.000   41.999   24.812    0    0  (Gen:  0)
  1037520     38544 1255749616  0.000  0.000   42.000   24.813    0    0  (Gen:  0)
  1031744     82392 1255803632  0.001  0.000   42.001   24.814    0    0  (Gen:  0)
  1036208    120400 1255861688  0.001  0.000   42.003   24.814    0    0  (Gen:  0)
  1034160    132704 1255927880  0.001  0.000   42.004   24.815    0    0  (Gen:  0)
  1031112    135552 1255988632  0.001  0.000   42.006   24.816    0    0  (Gen:  0)
  1035984    133080 1256050080  0.001  0.000   42.007   24.817    0    0  (Gen:  0)
  1034008    136096 1256116008  0.001  0.000   42.009   24.817    0    0  (Gen:  0)
  1033080    141144 1256182280  0.001  0.000   42.010   24.818    0    0  (Gen:  0)
  1034824    135752 1256243536  0.001  0.000   42.012   24.819    0    0  (Gen:  0)
  1034064    137856 1256309648  0.001  0.000   42.013   24.820    0    0  (Gen:  0)
  1036608    131992 1256367200  0.001  0.000   42.015   24.820    0    0  (Gen:  0)
  1036184    133872 1256432328  0.001  0.000   42.016   24.821    0    0  (Gen:  0)
  1036632    135216 1256493024  0.001  0.000   42.018   24.822    0    0  (Gen:  0)
  1034600    139320 1256561480  0.001  0.000   42.019   24.823    0    0  (Gen:  0)
  1033752    152816 1256635768  0.001  0.000   42.021   24.823    0    0  (Gen:  0)
  1034504    156272 1256706976  0.001  0.000   42.022   24.824    0    0  (Gen:  0)
  1033432    136872 1256762304  0.001  0.000   42.024   24.825    0    0  (Gen:  0)
  1032976    117160 1256815656  0.001  0.000   42.025   24.825    0    0  (Gen:  0)
  1032344    116992 1256866896  0.001  0.000   42.027   24.826    0    0  (Gen:  0)
  1034688    117376 1256924624  0.001  0.000   42.028   24.827    0    0  (Gen:  0)
  1034744    131488 1256989968  0.001  0.000   42.029   24.828    0    0  (Gen:  0)
  1036336    131944 1257046992  0.001  0.000   42.031   24.828    0    0  (Gen:  0)
  1031576    141200 1257122472  0.001  0.000   42.032   24.829    0    0  (Gen:  0)
  1033144    163504 1257199784  0.001  0.000   42.034   24.830    0    0  (Gen:  0)
  1033016    150016 1257261960  0.001  0.000   42.035   24.831    0    0  (Gen:  0)
  1183888    174456 1257369808  0.001  0.000   42.037   24.832    0    0  (Gen:  0)
  1521608    240984 1257530240  0.001  0.000   42.040   24.832    0    0  (Gen:  0)
  1484320     87040 1257611512  0.000  0.000   42.041   24.834    0    0  (Gen:  0)
  2724352     56544 1257654480  0.000  0.000   42.044   24.836    0    0  (Gen:  0)
  1108880     42944 1257635000  0.000  0.000   42.045   24.837    0    0  (Gen:  0)
  2079240     50240 1257732480  0.000  0.000   42.047   24.839    0    0  (Gen:  0)
  2256496     76760 1257813680  0.000  0.000   42.050   24.841    0    0  (Gen:  0)
  1732208    326056 1258167184  0.001  0.000   42.054   24.845    0    0  (Gen:  0)
  1136208    608528 1258590952  0.001  0.000   42.055   24.846    0    0  (Gen:  0)
  1032192    670024 1258934992  0.002  0.001   42.058   24.847    0    0  (Gen:  0)
  2025768    231616 1259227960  0.001  0.000   42.061   24.848    0    0  (Gen:  0)
  1037584     37400 1259246888  0.000  0.000   42.062   24.849    0    0  (Gen:  0)
  1031904     80752 1259304328  0.001  0.000   42.063   24.849    0    0  (Gen:  0)
  1036080    118392 1259360896  0.001  0.000   42.064   24.850    0    0  (Gen:  0)
  1034056    130984 1259426664  0.001  0.000   42.066   24.851    0    0  (Gen:  0)
  1031240    135768 1259487840  0.001  0.000   42.067   24.852    0    0  (Gen:  0)
  1036104    134048 1259549768  0.001  0.000   42.069   24.852    0    0  (Gen:  0)
  1034008    137072 1259616656  0.001  0.000   42.070   24.853    0    0  (Gen:  0)
  1033344    139352 1259680712  0.001  0.000   42.072   24.854    0    0  (Gen:  0)
  1034672    137768 1259743288  0.001  0.000   42.073   24.855    0    0  (Gen:  0)
  1033600    138152 1259808936  0.001  0.000   42.075   24.855    0    0  (Gen:  0)
  1036840    134584 1259867232  0.001  0.000   42.076   24.856    0    0  (Gen:  0)
  1035960    135608 1259933680  0.001  0.000   42.078   24.857    0    0  (Gen:  0)
  1036904    134744 1259993008  0.001  0.000   42.079   24.858    0    0  (Gen:  0)
  1034552    137904 1260061472  0.001  0.000   42.081   24.858    0    0  (Gen:  0)
  1033584    152008 1260135512  0.001  0.000   42.082   24.859    0    0  (Gen:  0)
  1034576    154848 1260205912  0.001  0.000   42.084   24.860    0    0  (Gen:  0)
  1033512    138312 1260263944  0.001  0.000   42.086   24.861    0    0  (Gen:  0)
  1032880    119640 1260315808  0.001  0.000   42.087   24.861    0    0  (Gen:  0)
  1032648    116280 1260367872  0.001  0.000   42.088   24.862    0    0  (Gen:  0)
  1034472    118440 1260426000  0.001  0.000   42.090   24.863    0    0  (Gen:  0)
  1034528    132392 1260491912  0.001  0.000   42.091   24.863    0    0  (Gen:  0)
  1036408    132864 1260546784  0.001  0.000   42.093   24.864    0    0  (Gen:  0)
  1032144    138224 1260621496  0.001  0.000   42.094   24.865    0    0  (Gen:  0)
  1032896    162064 1260697664  0.001  0.000   42.096   24.866    0    0  (Gen:  0)
  1032968    151872 1260762888  0.001  0.000   42.097   24.866    0    0  (Gen:  0)
  1453304    192872 1260918408  0.001  0.000   42.099   24.868    0    0  (Gen:  0)
  1539720    255008 1261078392  0.001  0.000   42.101   24.868    0    0  (Gen:  0)
  2385904     92544 1261133840  0.000  0.000   42.104   24.870    0    0  (Gen:  0)
  1587640     45208 1261151312  0.000  0.000   42.106   24.872    0    0  (Gen:  0)
  3022040     64840 1261192744  0.000  0.000   42.109   24.875    0    0  (Gen:  0)
  2264856     68032 1261225968  0.000  0.000   42.112   24.878    0    0  (Gen:  0)
  2235544     63104 1261263192  0.000  0.000   42.114   24.880    0    0  (Gen:  0)
  2374672     75920 1261314872  0.000  0.000   42.117   24.882    0    0  (Gen:  0)
  1168560     53120 1261331336  0.000  0.000   42.118   24.884    0    0  (Gen:  0)
  3621744    355888 1261773408  0.001  0.000   42.123   24.889    0    0  (Gen:  0)
  1648880    625696 1262180736  0.002  0.000   42.126   24.890    0    0  (Gen:  0)
  1032192    659272 1262524800  0.002  0.001   42.129   24.891    0    0  (Gen:  0)
  2136496    257824 1262843904  0.001  0.000   42.131   24.893    0    0  (Gen:  0)
  1037520     38672 1262863888  0.000  0.000   42.132   24.893    0    0  (Gen:  0)
  1031912     83984 1262923408  0.001  0.000   42.133   24.894    0    0  (Gen:  0)
  1036008    121784 1262981328  0.001  0.000   42.135   24.895    0    0  (Gen:  0)
  1034216    132800 1263047336  0.001  0.000   42.136   24.896    0    0  (Gen:  0)
  1031056    135712 1263108176  0.001  0.000   42.138   24.896    0    0  (Gen:  0)
  1035984    133520 1263169624  0.001  0.000   42.139   24.897    0    0  (Gen:  0)
  1034008    136232 1263235552  0.001  0.000   42.141   24.898    0    0  (Gen:  0)
  1033080    141280 1263301824  0.001  0.000   42.142   24.899    0    0  (Gen:  0)
  1034824    135888 1263363080  0.001  0.000   42.144   24.899    0    0  (Gen:  0)
  1034064    137992 1263429192  0.001  0.000   42.145   24.900    0    0  (Gen:  0)
  1036608    132128 1263486744  0.001  0.000   42.147   24.901    0    0  (Gen:  0)
  1036184    134008 1263551872  0.001  0.000   42.148   24.901    0    0  (Gen:  0)
  1036632    135352 1263612568  0.001  0.000   42.150   24.902    0    0  (Gen:  0)
  1034600    139456 1263681024  0.001  0.000   42.151   24.903    0    0  (Gen:  0)
  1033752    152952 1263755312  0.001  0.000   42.153   24.904    0    0  (Gen:  0)
  1034504    156408 1263826520  0.001  0.000   42.155   24.905    0    0  (Gen:  0)
  1033432    137008 1263881848  0.001  0.000   42.156   24.905    0    0  (Gen:  0)
  1032976    117296 1263935200  0.001  0.000   42.157   24.906    0    0  (Gen:  0)
  1032344    117128 1263986440  0.001  0.000   42.159   24.907    0    0  (Gen:  0)
  1034688    117512 1264044168  0.001  0.000   42.160   24.907    0    0  (Gen:  0)
  1034744    131624 1264109512  0.001  0.000   42.161   24.908    0    0  (Gen:  0)
  1036336    132080 1264166536  0.001  0.000   42.163   24.909    0    0  (Gen:  0)
  1031576    141336 1264242016  0.001  0.000   42.164   24.910    0    0  (Gen:  0)
  1033144    163640 1264319328  0.001  0.000   42.166   24.910    0    0  (Gen:  0)
  1033016    150152 1264381504  0.001  0.000   42.167   24.911    0    0  (Gen:  0)
  1871632    254632 1264602184  0.001  0.000   42.169   24.912    0    0  (Gen:  0)
  2150040    124720 1264531584  0.000  0.000   42.172   24.914    0    0  (Gen:  0)
  1182224     47368 1264543360  0.000  0.000   42.173   24.915    0    0  (Gen:  0)
  2466176     44232 1264562440  0.000  0.000   42.175   24.918    0    0  (Gen:  0)
  1184280     42368 1264568904  0.000  0.000   42.177   24.919    0    0  (Gen:  0)
  2562568     79112 1264665992  0.000  0.000   42.179   24.921    0    0  (Gen:  0)
  2393392    416064 1265208112  0.001  0.000   42.184   24.925    0    0  (Gen:  0)
  1032192    719888 1265552176  0.001  0.001   42.186   24.926    0    0  (Gen:  0)
  1032192    351984 1265896240  0.001  0.000   42.188   24.927    0    0  (Gen:  0)
  1686464    118792 1266076248  0.001  0.000   42.190   24.928    0    0  (Gen:  0)
  1037584     37656 1266095176  0.000  0.000   42.191   24.929    0    0  (Gen:  0)
  1031952     80904 1266152664  0.001  0.000   42.192   24.929    0    0  (Gen:  0)
  1036080    118544 1266209232  0.001  0.000   42.193   24.930    0    0  (Gen:  0)
  1034056    131136 1266275000  0.001  0.000   42.195   24.931    0    0  (Gen:  0)
  1031240    135920 1266336176  0.001  0.000   42.196   24.932    0    0  (Gen:  0)
  1036104    134200 1266398104  0.001  0.000   42.198   24.932    0    0  (Gen:  0)
  1034008    137224 1266464992  0.001  0.000   42.199   24.933    0    0  (Gen:  0)
  1033344    139504 1266529048  0.001  0.000   42.201   24.934    0    0  (Gen:  0)
  1034672    137920 1266591624  0.001  0.000   42.202   24.935    0    0  (Gen:  0)
  1033600    138304 1266657272  0.001  0.000   42.204   24.935    0    0  (Gen:  0)
  1036840    134736 1266715568  0.001  0.000   42.205   24.936    0    0  (Gen:  0)
  1035960    135760 1266782016  0.001  0.000   42.207   24.937    0    0  (Gen:  0)
  1036904    134896 1266841344  0.001  0.000   42.208   24.938    0    0  (Gen:  0)
  1034552    138056 1266909808  0.001  0.000   42.210   24.938    0    0  (Gen:  0)
  1033584    152160 1266983848  0.001  0.000   42.212   24.939    0    0  (Gen:  0)
  1034576    155000 1267054248  0.001  0.000   42.213   24.940    0    0  (Gen:  0)
  1033512    138464 1267112280  0.001  0.000   42.215   24.941    0    0  (Gen:  0)
  1032880    119792 1267164144  0.001  0.000   42.216   24.941    0    0  (Gen:  0)
  1032648    116432 1267216208  0.001  0.000   42.218   24.942    0    0  (Gen:  0)
  1034472    118592 1267274336  0.001  0.000   42.219   24.943    0    0  (Gen:  0)
  1034528    132544 1267340248  0.001  0.000   42.220   24.943    0    0  (Gen:  0)
  1036408    133016 1267395120  0.001  0.000   42.222   24.944    0    0  (Gen:  0)
  1032144    138376 1267469832  0.001  0.000   42.223   24.945    0    0  (Gen:  0)
  1032896    162216 1267546000  0.001  0.000   42.225   24.946    0    0  (Gen:  0)
  1032968    152024 1267611224  0.001  0.000   42.227   24.946    0    0  (Gen:  0)
  1442752    194584 1267768304  0.001  0.000   42.228   24.947    0    0  (Gen:  0)
  1558504    257656 1267929192  0.001  0.000   42.231   24.948    0    0  (Gen:  0)
  1453104     82792 1267970120  0.000  0.000   42.232   24.949    0    0  (Gen:  0)
  2657248     55856 1268009320  0.000  0.000   42.235   24.952    0    0  (Gen:  0)
  2298576     59552 1268037392  0.000  0.000   42.237   24.954    0    0  (Gen:  0)
  2695304     65480 1268074424  0.001  0.000   42.240   24.956    0    0  (Gen:  0)
  2630112    418960 1268673224  0.001  0.000   42.245   24.961    0    0  (Gen:  0)
  1032192    740112 1269017288  0.002  0.001   42.247   24.962    0    0  (Gen:  0)
  1032192    352176 1269361352  0.002  0.000   42.249   24.962    0    0  (Gen:  0)
  1732520    123800 1269546176  0.000  0.000   42.251   24.964    0    0  (Gen:  0)
  1037200     38984 1269566248  0.000  0.000   42.252   24.964    0    0  (Gen:  0)
  1033144     82808 1269620216  0.000  0.000   42.253   24.965    0    0  (Gen:  0)
  1036208    120816 1269678272  0.001  0.000   42.254   24.966    0    0  (Gen:  0)
  1034160    133120 1269744464  0.001  0.000   42.256   24.966    0    0  (Gen:  0)
  1031128    135648 1269804896  0.001  0.000   42.257   24.967    0    0  (Gen:  0)
  1035968    133904 1269867072  0.001  0.000   42.259   24.968    0    0  (Gen:  0)
  1033952    137152 1269933232  0.001  0.000   42.260   24.969    0    0  (Gen:  0)
  1033128    141872 1269999432  0.001  0.000   42.262   24.969    0    0  (Gen:  0)
  1034824    136328 1270060576  0.001  0.000   42.263   24.970    0    0  (Gen:  0)
  1034088    138928 1270127376  0.001  0.000   42.265   24.971    0    0  (Gen:  0)
  1036600    132848 1270184768  0.001  0.000   42.266   24.972    0    0  (Gen:  0)
  1036176    133584 1270249464  0.001  0.000   42.268   24.972    0    0  (Gen:  0)
  1036640    135456 1270310288  0.000  0.000   42.269   24.973    0    0  (Gen:  0)
  1034560    139912 1270378864  0.001  0.000   42.270   24.974    0    0  (Gen:  0)
  1033800    153416 1270453160  0.001  0.000   42.272   24.975    0    0  (Gen:  0)
  1034400    156960 1270524568  0.001  0.000   42.273   24.975    0    0  (Gen:  0)
  1033512    137288 1270579600  0.001  0.000   42.275   24.976    0    0  (Gen:  0)
  1032984    117480 1270632904  0.001  0.000   42.276   24.977    0    0  (Gen:  0)
  1032264    117808 1270684616  0.001  0.000   42.278   24.978    0    0  (Gen:  0)
  1034744    117888 1270742096  0.001  0.000   42.279   24.978    0    0  (Gen:  0)
  1034688    131792 1270807184  0.001  0.000   42.280   24.979    0    0  (Gen:  0)
  1036400    134032 1270865920  0.001  0.000   42.282   24.980    0    0  (Gen:  0)
  1031592    142104 1270940288  0.001  0.000   42.283   24.980    0    0  (Gen:  0)
  1033128    163496 1271018024  0.001  0.000   42.285   24.981    0    0  (Gen:  0)
  1033008    150808 1271080192  0.001  0.000   42.287   24.982    0    0  (Gen:  0)
  2591776    272040 1271616576  0.002  0.000   42.290   24.984    0    0  (Gen:  0)
  2542176    132344 1271642776  0.001  0.000   42.293   24.985    0    0  (Gen:  0)
  1415208     41488 1271688856  0.000  0.000   42.294   24.987    0    0  (Gen:  0)
  1107216     34136 1271696040  0.000  0.000   42.296   24.988    0    0  (Gen:  0)
  1220024     30640 1271702024  0.000  0.000   42.297   24.989    0    0  (Gen:  0)
  1305152     45024 1271725120  0.000  0.000   42.299   24.991    0    0  (Gen:  0)
  1826696     66232 1271807216  0.000  0.000   42.301   24.992    0    0  (Gen:  0)
  2269336    421616 1272355976  0.002  0.000   42.305   24.996    0    0  (Gen:  0)
  1032192    730088 1272700040  0.001  0.001   42.307   24.997    0    0  (Gen:  0)
  1032192    352224 1273044104  0.001  0.000   42.309   24.998    0    0  (Gen:  0)
  1656576    108008 1273213080  0.000  0.000   42.311   25.000    0    0  (Gen:  0)
  1037400     37848 1273231960  0.000  0.000   42.312   25.000    0    0  (Gen:  0)
  1033184     82600 1273290976  0.001  0.000   42.313   25.001    0    0  (Gen:  0)
  1036024    119528 1273346880  0.001  0.000   42.315   25.001    0    0  (Gen:  0)
  1034096    131384 1273412632  0.001  0.000   42.316   25.002    0    0  (Gen:  0)
  1031248    135976 1273473832  0.001  0.000   42.318   25.003    0    0  (Gen:  0)
  1035904    133904 1273535184  0.001  0.000   42.319   25.004    0    0  (Gen:  0)
  1034016    137552 1273602400  0.001  0.000   42.321   25.004    0    0  (Gen:  0)
  1033440    140392 1273666936  0.001  0.000   42.322   25.005    0    0  (Gen:  0)
  1034760    138120 1273729640  0.001  0.000   42.324   25.006    0    0  (Gen:  0)
  1033616    138640 1273794872  0.001  0.000   42.325   25.007    0    0  (Gen:  0)
  1036792    134904 1273853200  0.001  0.000   42.327   25.007    0    0  (Gen:  0)
  1036032    135816 1273919448  0.001  0.000   42.328   25.008    0    0  (Gen:  0)
  1036896    135392 1273979008  0.001  0.000   42.330   25.009    0    0  (Gen:  0)
  1034496    138288 1274047208  0.001  0.000   42.332   25.010    0    0  (Gen:  0)
  1033648    152584 1274121344  0.001  0.000   42.333   25.010    0    0  (Gen:  0)
  1034576    154888 1274191336  0.001  0.000   42.335   25.011    0    0  (Gen:  0)
  1033456    138552 1274249496  0.001  0.000   42.336   25.012    0    0  (Gen:  0)
  1032928    120256 1274301720  0.001  0.000   42.338   25.013    0    0  (Gen:  0)
  1032608    117008 1274353696  0.001  0.000   42.339   25.013    0    0  (Gen:  0)
  1034464    118328 1274411456  0.001  0.000   42.340   25.014    0    0  (Gen:  0)
  1034568    132544 1274477392  0.001  0.000   42.342   25.015    0    0  (Gen:  0)
  1036392    132968 1274532112  0.001  0.000   42.343   25.015    0    0  (Gen:  0)
  1032024    138376 1274606656  0.001  0.000   42.345   25.016    0    0  (Gen:  0)
  1033048    163336 1274683944  0.001  0.000   42.347   25.017    0    0  (Gen:  0)
  1032968    152096 1274748096  0.001  0.000   42.348   25.018    0    0  (Gen:  0)
  2472352    274432 1275023120  0.001  0.000   42.351   25.019    0    0  (Gen:  0)
  2952776    137040 1274918320  0.001  0.000   42.354   25.021    0    0  (Gen:  0)
  1517208     42328 1274928984  0.000  0.000   42.355   25.023    0    0  (Gen:  0)
  3384000     67080 1274973328  0.000  0.000   42.359   25.026    0    0  (Gen:  0)
  1889416     84296 1275052296  0.000  0.000   42.361   25.028    0    0  (Gen:  0)
  2493208    486288 1275666776  0.001  0.000   42.365   25.032    0    0  (Gen:  0)
  1032192    795040 1276010840  0.002  0.001   42.368   25.033    0    0  (Gen:  0)
  1032192    352280 1276354904  0.002  0.000   42.370   25.033    0    0  (Gen:  0)
  1108952     43592 1276463544  0.000  0.000   42.372   25.034    0    0  (Gen:  0)
  1039392     21160 1276465536  0.000  0.000   42.372   25.035    0    0  (Gen:  0)
  1033896     62536 1276515232  0.001  0.000   42.373   25.036    0    0  (Gen:  0)
  1034312    119536 1276575600  0.001  0.000   42.375   25.036    0    0  (Gen:  0)
  1035256    131160 1276637240  0.001  0.000   42.376   25.037    0    0  (Gen:  0)
  1032056    137376 1276703688  0.001  0.000   42.378   25.038    0    0  (Gen:  0)
  1034600    141160 1276765280  0.001  0.000   42.379   25.039    0    0  (Gen:  0)
  1034312    137976 1276828144  0.001  0.000   42.381   25.039    0    0  (Gen:  0)
  1033648    138440 1276892360  0.001  0.000   42.382   25.040    0    0  (Gen:  0)
  1034488    137536 1276955160  0.001  0.000   42.384   25.041    0    0  (Gen:  0)
  1033736    139624 1277020552  0.001  0.000   42.386   25.042    0    0  (Gen:  0)
  1036088    132456 1277078600  0.001  0.000   42.387   25.042    0    0  (Gen:  0)
  1036016    133136 1277143568  0.001  0.000   42.389   25.043    0    0  (Gen:  0)
  1036720    134784 1277202176  0.001  0.000   42.390   25.044    0    0  (Gen:  0)
  1035488    138408 1277270280  0.001  0.000   42.392   25.045    0    0  (Gen:  0)
  1033040    149120 1277340976  0.001  0.000   42.393   25.045    0    0  (Gen:  0)
  1034664    153128 1277414064  0.001  0.000   42.395   25.046    0    0  (Gen:  0)
  1033224    146176 1277477648  0.001  0.000   42.396   25.047    0    0  (Gen:  0)
  1033440    128216 1277532136  0.001  0.000   42.398   25.048    0    0  (Gen:  0)
  1033224    120232 1277587216  0.001  0.000   42.399   25.048    0    0  (Gen:  0)
  1032712    118080 1277639208  0.001  0.000   42.401   25.049    0    0  (Gen:  0)
  1035248    125080 1277702696  0.001  0.000   42.402   25.050    0    0  (Gen:  0)
  1036384    125864 1277754616  0.001  0.000   42.404   25.050    0    0  (Gen:  0)
  1033328    138456 1277828968  0.001  0.000   42.405   25.051    0    0  (Gen:  0)
  1032200    166608 1277910664  0.001  0.000   42.407   25.052    0    0  (Gen:  0)
  1033792    156344 1277974352  0.001  0.000   42.408   25.053    0    0  (Gen:  0)
  1032120    132352 1278033744  0.001  0.000   42.410   25.054    0    0  (Gen:  0)
  1746376    234152 1278232552  0.001  0.000   42.412   25.055    0    0  (Gen:  0)
  2343288     82392 1278150736  0.000  0.000   42.415   25.056    0    0  (Gen:  0)
  3393072     50600 1278140896  0.000  0.000   42.418   25.060    0    0  (Gen:  0)
  3314592     80560 1278226968  0.000  0.000   42.421   25.063    0    0  (Gen:  0)
  1172392     51752 1278241168  0.000  0.000   42.423   25.064    0    0  (Gen:  0)
  2700552     66472 1278290256  0.000  0.000   42.425   25.067    0    0  (Gen:  0)
  1170408     56872 1278312560  0.000  0.000   42.427   25.068    0    0  (Gen:  0)
  1170416     42760 1278330952  0.000  0.000   42.428   25.070    0    0  (Gen:  0)
  1812592     57488 1278367984  0.000  0.000   42.430   25.072    0    0  (Gen:  0)
  3558688    407144 1278963520  0.001  0.000   42.436   25.077    0    0  (Gen:  0)
  1032192    725296 1279307584  0.002  0.001   42.438   25.078    0    0  (Gen:  0)
  1032192    352320 1279651648  0.002  0.000   42.440   25.078    0    0  (Gen:  0)
  1775312    148656 1279861176  0.001  0.000   42.442   25.080    0    0  (Gen:  0)
  1037584     37888 1279880104  0.000  0.000   42.443   25.080    0    0  (Gen:  0)
  1031944     82712 1279934968  0.001  0.000   42.444   25.081    0    0  (Gen:  0)
  1036024    119640 1279990872  0.001  0.000   42.446   25.082    0    0  (Gen:  0)
  1034096    131496 1280056624  0.001  0.000   42.447   25.082    0    0  (Gen:  0)
  1031248    136088 1280117824  0.001  0.000   42.449   25.083    0    0  (Gen:  0)
  1035904    134016 1280179176  0.001  0.000   42.450   25.084    0    0  (Gen:  0)
  1034016    137664 1280246392  0.001  0.000   42.452   25.085    0    0  (Gen:  0)
  1033440    140504 1280310928  0.001  0.000   42.453   25.085    0    0  (Gen:  0)
  1034760    138232 1280373632  0.001  0.000   42.455   25.086    0    0  (Gen:  0)
  1033616    138752 1280438864  0.001  0.000   42.457   25.087    0    0  (Gen:  0)
  1036792    135016 1280497192  0.001  0.000   42.458   25.088    0    0  (Gen:  0)
  1036032    135928 1280563440  0.001  0.000   42.459   25.088    0    0  (Gen:  0)
  1036896    135504 1280623000  0.001  0.000   42.461   25.089    0    0  (Gen:  0)
  1034496    138400 1280691200  0.001  0.000   42.462   25.090    0    0  (Gen:  0)
  1033648    152696 1280765336  0.001  0.000   42.464   25.091    0    0  (Gen:  0)
  1034576    155000 1280835328  0.001  0.000   42.465   25.091    0    0  (Gen:  0)
  1033456    138664 1280893488  0.001  0.000   42.467   25.092    0    0  (Gen:  0)
  1032928    120368 1280945712  0.001  0.000   42.468   25.093    0    0  (Gen:  0)
  1032608    117120 1280997688  0.001  0.000   42.469   25.094    0    0  (Gen:  0)
  1034464    118440 1281055448  0.001  0.000   42.471   25.094    0    0  (Gen:  0)
  1034568    132656 1281121384  0.001  0.000   42.472   25.095    0    0  (Gen:  0)
  1036392    133080 1281176104  0.001  0.000   42.474   25.096    0    0  (Gen:  0)
  1032024    138488 1281250648  0.001  0.000   42.475   25.096    0    0  (Gen:  0)
  1033048    163448 1281327936  0.001  0.000   42.477   25.097    0    0  (Gen:  0)
  1032968    152208 1281392088  0.001  0.000   42.478   25.098    0    0  (Gen:  0)
  2420496    272024 1281627768  0.001  0.000   42.481   25.099    0    0  (Gen:  0)
  2271224    127440 1281545024  0.000  0.000   42.483   25.101    0    0  (Gen:  0)
  2280120     43184 1281569632  0.000  0.000   42.486   25.103    0    0  (Gen:  0)
  2770888     64736 1281602848  0.000  0.000   42.489   25.106    0    0  (Gen:  0)
  1149984     54160 1281654672  0.000  0.000   42.490   25.107    0    0  (Gen:  0)
  2995448    352560 1282160992  0.001  0.000   42.495   25.112    0    0  (Gen:  0)
  1032192    684472 1282505072  0.002  0.001   42.497   25.113    0    0  (Gen:  0)
  1032192    352408 1282849136  0.002  0.000   42.499   25.113    0    0  (Gen:  0)
  1884616    185464 1283099512  0.001  0.000   42.501   25.115    0    0  (Gen:  0)
  1037680     37680 1283117768  0.000  0.000   42.502   25.116    0    0  (Gen:  0)
  1031864     81328 1283171616  0.001  0.000   42.503   25.116    0    0  (Gen:  0)
  1036080    119176 1283228184  0.001  0.000   42.505   25.117    0    0  (Gen:  0)
  1034056    131536 1283293952  0.001  0.000   42.506   25.118    0    0  (Gen:  0)
  1031240    136320 1283355128  0.001  0.000   42.508   25.118    0    0  (Gen:  0)
  1036104    134600 1283417056  0.001  0.000   42.509   25.119    0    0  (Gen:  0)
  1034008    137624 1283483944  0.001  0.000   42.511   25.120    0    0  (Gen:  0)
  1033344    139904 1283548000  0.001  0.000   42.512   25.121    0    0  (Gen:  0)
  1034672    138320 1283610576  0.001  0.000   42.514   25.121    0    0  (Gen:  0)
  1033600    138704 1283676224  0.001  0.000   42.515   25.122    0    0  (Gen:  0)
  1036840    135136 1283734520  0.001  0.000   42.517   25.123    0    0  (Gen:  0)
  1035960    136160 1283800968  0.001  0.000   42.518   25.124    0    0  (Gen:  0)
  1036904    135296 1283860296  0.001  0.000   42.520   25.124    0    0  (Gen:  0)
  1034552    138456 1283928760  0.001  0.000   42.522   25.125    0    0  (Gen:  0)
  1033584    152560 1284002800  0.001  0.000   42.523   25.126    0    0  (Gen:  0)
  1034576    155400 1284073200  0.001  0.000   42.525   25.127    0    0  (Gen:  0)
  1033512    138864 1284131232  0.001  0.000   42.526   25.127    0    0  (Gen:  0)
  1032880    120192 1284183096  0.001  0.000   42.528   25.128    0    0  (Gen:  0)
  1032648    116832 1284235160  0.001  0.000   42.529   25.129    0    0  (Gen:  0)
  1034472    118992 1284293288  0.001  0.000   42.530   25.129    0    0  (Gen:  0)
  1034528    132944 1284359200  0.001  0.000   42.532   25.130    0    0  (Gen:  0)
  1036408    133416 1284414072  0.001  0.000   42.533   25.131    0    0  (Gen:  0)
  1032144    138776 1284488784  0.001  0.000   42.535   25.132    0    0  (Gen:  0)
  1032896    162616 1284564952  0.001  0.000   42.536   25.132    0    0  (Gen:  0)
  1032968    152424 1284630176  0.001  0.000   42.538   25.133    0    0  (Gen:  0)
  2423192    274704 1284866976  0.001  0.000   42.541   25.135    0    0  (Gen:  0)
  2374520    134240 1284793360  0.001  0.000   42.543   25.136    0    0  (Gen:  0)
  1492056     38120 1284799368  0.000  0.000   42.545   25.138    0    0  (Gen:  0)
  1172984     38512 1284811664  0.000  0.000   42.546   25.139    0    0  (Gen:  0)
  3094952     66888 1284893904  0.000  0.000   42.549   25.142    0    0  (Gen:  0)
  3708784    581560 1285611968  0.001  0.000   42.554   25.147    0    0  (Gen:  0)
  1032192    902272 1285956032  0.002  0.001   42.558   25.148    0    0  (Gen:  0)
  1068088    303832 1286287816  0.001  0.000   42.560   25.149    0    0  (Gen:  0)
  1229680     19904 1286328904  0.000  0.000   42.561   25.150    0    0  (Gen:  0)
  1037520     37608 1286348888  0.000  0.000   42.562   25.150    0    0  (Gen:  0)
  1031952     84608 1286408448  0.001  0.000   42.563   25.151    0    0  (Gen:  0)
  1036008    122408 1286466368  0.001  0.000   42.564   25.152    0    0  (Gen:  0)
  1034216    133424 1286532376  0.001  0.000   42.566   25.153    0    0  (Gen:  0)
  1031056    136336 1286593216  0.001  0.000   42.567   25.153    0    0  (Gen:  0)
  1035984    134144 1286654664  0.001  0.000   42.569   25.154    0    0  (Gen:  0)
  1034008    136856 1286720592  0.001  0.000   42.570   25.155    0    0  (Gen:  0)
  1033080    141904 1286786864  0.001  0.000   42.572   25.156    0    0  (Gen:  0)
  1034824    136512 1286848120  0.001  0.000   42.573   25.156    0    0  (Gen:  0)
  1034064    138616 1286914232  0.001  0.000   42.575   25.157    0    0  (Gen:  0)
  1036608    132752 1286971784  0.001  0.000   42.576   25.158    0    0  (Gen:  0)
  1036184    134632 1287036912  0.001  0.000   42.578   25.159    0    0  (Gen:  0)
  1036632    135976 1287097608  0.001  0.000   42.579   25.159    0    0  (Gen:  0)
  1034600    140080 1287166064  0.001  0.000   42.581   25.160    0    0  (Gen:  0)
  1033752    153576 1287240352  0.001  0.000   42.583   25.161    0    0  (Gen:  0)
  1034504    157032 1287311560  0.001  0.000   42.584   25.162    0    0  (Gen:  0)
  1033432    137632 1287366888  0.001  0.000   42.586   25.162    0    0  (Gen:  0)
  1032976    117920 1287420240  0.001  0.000   42.587   25.163    0    0  (Gen:  0)
  1032344    117752 1287471480  0.001  0.000   42.588   25.164    0    0  (Gen:  0)
  1034688    118136 1287529208  0.001  0.000   42.590   25.164    0    0  (Gen:  0)
  1034744    132248 1287594552  0.001  0.000   42.591   25.165    0    0  (Gen:  0)
  1036336    132704 1287651576  0.001  0.000   42.593   25.166    0    0  (Gen:  0)
  1031576    141960 1287727056  0.001  0.000   42.594   25.167    0    0  (Gen:  0)
  1272528    167424 1288036752  0.001  0.000   42.596   25.167    0    0  (Gen:  0)
  1033016    153784 1288098928  0.001  0.000   42.598   25.168    0    0  (Gen:  0)
  1253008    176120 1288310000  0.001  0.000   42.599   25.169    0    0  (Gen:  0)
  1558600    242656 1288504256  0.001  0.000   42.602   25.170    0    0  (Gen:  0)
  3022440    113968 1288711880  0.000  0.000   42.605   25.172    0    0  (Gen:  0)
  2105648     59944 1288774008  0.000  0.000   42.607   25.175    0    0  (Gen:  0)
  2378488     61056 1288808208  0.000  0.000   42.610   25.177    0    0  (Gen:  0)
  2147728     56048 1288865976  0.000  0.000   42.612   25.179    0    0  (Gen:  0)
  2674464    436312 1289454912  0.002  0.001   42.617   25.183    0    0  (Gen:  0)
  1032192    764704 1289798976  0.003  0.001   42.620   25.184    0    0  (Gen:  0)
  1032192    352576 1290143040  0.002  0.000   42.622   25.185    0    0  (Gen:  0)
  1656568     98536 1290302192  0.001  0.000   42.624   25.186    0    0  (Gen:  0)
  1037520     39344 1290322176  0.000  0.000   42.625   25.187    0    0  (Gen:  0)
  1031944     84656 1290381728  0.001  0.000   42.626   25.188    0    0  (Gen:  0)
  1036008    122456 1290439648  0.001  0.000   42.628   25.188    0    0  (Gen:  0)
  1034216    133472 1290505656  0.001  0.000   42.629   25.189    0    0  (Gen:  0)
  1031056    136384 1290566496  0.001  0.000   42.631   25.190    0    0  (Gen:  0)
  1035984    134192 1290627944  0.001  0.000   42.632   25.190    0    0  (Gen:  0)
  1034008    136904 1290693872  0.001  0.000   42.633   25.191    0    0  (Gen:  0)
  1033080    141952 1290760144  0.001  0.000   42.635   25.192    0    0  (Gen:  0)
  1034824    136560 1290821400  0.001  0.000   42.636   25.193    0    0  (Gen:  0)
  1034064    138664 1290887512  0.001  0.000   42.638   25.193    0    0  (Gen:  0)
  1036608    132800 1290945064  0.001  0.000   42.639   25.194    0    0  (Gen:  0)
  1036184    134680 1291010192  0.001  0.000   42.641   25.195    0    0  (Gen:  0)
  1036632    136024 1291070888  0.001  0.000   42.642   25.196    0    0  (Gen:  0)
  1034600    140128 1291139344  0.001  0.000   42.644   25.196    0    0  (Gen:  0)
  1033752    153624 1291213632  0.001  0.000   42.645   25.197    0    0  (Gen:  0)
  1034504    157080 1291284840  0.001  0.000   42.647   25.198    0    0  (Gen:  0)
  1033432    137680 1291340168  0.001  0.000   42.649   25.199    0    0  (Gen:  0)
  1032976    117968 1291393520  0.001  0.000   42.650   25.199    0    0  (Gen:  0)
  1032344    117800 1291444760  0.001  0.000   42.651   25.200    0    0  (Gen:  0)
  1034688    118184 1291502488  0.001  0.000   42.652   25.201    0    0  (Gen:  0)
  1034744    132296 1291567832  0.001  0.000   42.654   25.201    0    0  (Gen:  0)
  1036336    132752 1291624856  0.001  0.000   42.655   25.202    0    0  (Gen:  0)
  1031576    142008 1291700336  0.001  0.000   42.657   25.203    0    0  (Gen:  0)
  1033144    164312 1291777648  0.001  0.000   42.658   25.204    0    0  (Gen:  0)
  1033016    150824 1291839824  0.001  0.000   42.660   25.204    0    0  (Gen:  0)
  2442416    269832 1292111816  0.002  0.000   42.663   25.206    0    0  (Gen:  0)
  3809176    141160 1292010080  0.001  0.000   42.667   25.209    0    0  (Gen:  0)
  3021264     63968 1292041672  0.000  0.000   42.670   25.212    0    0  (Gen:  0)
  1517256     55744 1292065832  0.000  0.000   42.672   25.214    0    0  (Gen:  0)
  2506128    314592 1292390008  0.000  0.000   42.676   25.218    0    0  (Gen:  0)
  1596664    529256 1292798800  0.001  0.001   42.678   25.220    0    0  (Gen:  0)
  1032192    661536 1293142864  0.002  0.001   42.681   25.220    0    0  (Gen:  0)
  1065536    337776 1293508464  0.002  0.000   42.683   25.221    0    0  (Gen:  0)
  1072208     19832 1293550168  0.000  0.000   42.684   25.222    0    0  (Gen:  0)
  1039168     25328 1293557224  0.000  0.000   42.685   25.223    0    0  (Gen:  0)
  1032024     69544 1293613056  0.001  0.000   42.686   25.224    0    0  (Gen:  0)
  1035304    123064 1293672680  0.001  0.000   42.688   25.224    0    0  (Gen:  0)
  1034480    129824 1293732808  0.001  0.000   42.689   25.225    0    0  (Gen:  0)
  1031472    139600 1293802296  0.001  0.000   42.691   25.226    0    0  (Gen:  0)
  1035864    137376 1293860416  0.001  0.000   42.692   25.226    0    0  (Gen:  0)
  1033888    139368 1293926616  0.001  0.000   42.693   25.227    0    0  (Gen:  0)
  1033216    142264 1293989952  0.001  0.000   42.695   25.228    0    0  (Gen:  0)
  1034400    138016 1294053336  0.001  0.000   42.697   25.229    0    0  (Gen:  0)
  1034592    142712 1294119056  0.001  0.000   42.698   25.229    0    0  (Gen:  0)
  1035696    132032 1294174488  0.001  0.000   42.700   25.230    0    0  (Gen:  0)
  1036216    134288 1294241384  0.001  0.000   42.701   25.231    0    0  (Gen:  0)
  1036416    138008 1294300736  0.001  0.000   42.703   25.232    0    0  (Gen:  0)
  1035520    139080 1294368904  0.001  0.000   42.704   25.232    0    0  (Gen:  0)
  1033504    150608 1294440584  0.001  0.000   42.706   25.233    0    0  (Gen:  0)
  1034144    154432 1294512896  0.001  0.000   42.707   25.234    0    0  (Gen:  0)
  1033104    146712 1294576616  0.001  0.000   42.709   25.235    0    0  (Gen:  0)
  1033328    125664 1294628008  0.001  0.000   42.710   25.235    0    0  (Gen:  0)
  1033208    119896 1294684120  0.001  0.000   42.712   25.236    0    0  (Gen:  0)
  1033560    118032 1294734600  0.001  0.000   42.713   25.237    0    0  (Gen:  0)
  1035096    126560 1294799040  0.001  0.000   42.715   25.238    0    0  (Gen:  0)
  1036008    129048 1294851656  0.001  0.000   42.716   25.238    0    0  (Gen:  0)
  1033104    134536 1294923496  0.001  0.000   42.718   25.239    0    0  (Gen:  0)
  1032808    165496 1295005432  0.001  0.000   42.719   25.240    0    0  (Gen:  0)
  1033496    155272 1295069072  0.001  0.000   42.721   25.241    0    0  (Gen:  0)
  1031584    127488 1295122120  0.001  0.000   42.722   25.241    0    0  (Gen:  0)
  1603328    227600 1295354120  0.001  0.000   42.724   25.242    0    0  (Gen:  0)
  1658888     78080 1295235168  0.000  0.000   42.726   25.244    0    0  (Gen:  0)
  1181992     37856 1295250920  0.000  0.000   42.728   25.245    0    0  (Gen:  0)
  2620208     39816 1295266056  0.000  0.000   42.730   25.247    0    0  (Gen:  0)
  3090216     77352 1295319400  0.001  0.000   42.734   25.250    0    0  (Gen:  0)
  2984184    350024 1295770376  0.001  0.000   42.739   25.255    0    0  (Gen:  0)
  1355928    641048 1296160904  0.002  0.000   42.741   25.256    0    0  (Gen:  0)
  1032192    677192 1296504944  0.003  0.001   42.744   25.257    0    0  (Gen:  0)
  2051400    232968 1296798376  0.001  0.000   42.746   25.259    0    0  (Gen:  0)
  1037528     39024 1296818016  0.000  0.000   42.747   25.259    0    0  (Gen:  0)
  1031320     84608 1296877728  0.001  0.000   42.749   25.260    0    0  (Gen:  0)
  1036728    121672 1296934680  0.001  0.000   42.750   25.261    0    0  (Gen:  0)
  1034096    133376 1297000864  0.001  0.000   42.751   25.261    0    0  (Gen:  0)
  1031088    136264 1297061640  0.001  0.000   42.753   25.262    0    0  (Gen:  0)
  1035952    134496 1297123360  0.001  0.000   42.754   25.263    0    0  (Gen:  0)
  1034080    137872 1297189584  0.001  0.000   42.756   25.264    0    0  (Gen:  0)
  1033128    142616 1297256016  0.001  0.000   42.757   25.264    0    0  (Gen:  0)
  1034752    136432 1297316904  0.001  0.000   42.759   25.265    0    0  (Gen:  0)
  1034024    138392 1297382896  0.001  0.000   42.760   25.266    0    0  (Gen:  0)
  1036616    133512 1297440904  0.001  0.000   42.762   25.267    0    0  (Gen:  0)
  1036168    135576 1297506256  0.001  0.000   42.763   25.267    0    0  (Gen:  0)
  1036744    136248 1297566704  0.001  0.000   42.765   25.268    0    0  (Gen:  0)
  1034512    140048 1297635240  0.001  0.000   42.766   25.269    0    0  (Gen:  0)
  1033744    154200 1297709824  0.001  0.000   42.768   25.270    0    0  (Gen:  0)
  1034576    156960 1297780848  0.001  0.000   42.769   25.270    0    0  (Gen:  0)
  1033432    137656 1297836384  0.001  0.000   42.771   25.271    0    0  (Gen:  0)
  1032968    118688 1297889984  0.001  0.000   42.772   25.272    0    0  (Gen:  0)
  1032288    117944 1297941048  0.001  0.000   42.774   25.272    0    0  (Gen:  0)
  1034648    117936 1297998624  0.001  0.000   42.775   25.273    0    0  (Gen:  0)
  1034744    132616 1298064376  0.001  0.000   42.776   25.274    0    0  (Gen:  0)
  1036384    132784 1298121056  0.001  0.000   42.778   25.274    0    0  (Gen:  0)
  1031696    141560 1298196384  0.001  0.000   42.779   25.275    0    0  (Gen:  0)
  1033136    165336 1298274136  0.001  0.000   42.781   25.276    0    0  (Gen:  0)
  1032928    151488 1298336480  0.001  0.000   42.783   25.277    0    0  (Gen:  0)
  1175200    174728 1298443488  0.001  0.000   42.785   25.278    0    0  (Gen:  0)
  1521936    239856 1298602560  0.001  0.000   42.787   25.279    0    0  (Gen:  0)
  2280456    101960 1298667872  0.000  0.000   42.789   25.281    0    0  (Gen:  0)
  2762912     61920 1298771336  0.000  0.000   42.792   25.283    0    0  (Gen:  0)
  2650488     67832 1298810616  0.000  0.000   42.795   25.286    0    0  (Gen:  0)
  2547264     59648 1298842072  0.000  0.000   42.797   25.289    0    0  (Gen:  0)
  3207488     84168 1298907000  0.001  0.000   42.801   25.292    0    0  (Gen:  0)
  1339320     69184 1298932480  0.000  0.000   42.803   25.294    0    0  (Gen:  0)
  3102808     83688 1298995232  0.001  0.000   42.806   25.297    0    0  (Gen:  0)
  2219328    350608 1299475304  0.001  0.000   42.811   25.301    0    0  (Gen:  0)
  1626760    635856 1299873320  0.002  0.000   42.814   25.302    0    0  (Gen:  0)
  1032192    679296 1300217360  0.002  0.001   42.816   25.303    0    0  (Gen:  0)
  2072080    237280 1300515016  0.001  0.000   42.819   25.305    0    0  (Gen:  0)
  1037520     39504 1300535000  0.000  0.000   42.820   25.306    0    0  (Gen:  0)
  1031744     83464 1300589016  0.001  0.000   42.821   25.306    0    0  (Gen:  0)
  1036208    121472 1300647072  0.001  0.000   42.822   25.307    0    0  (Gen:  0)
  1034160    133776 1300713264  0.001  0.000   42.824   25.308    0    0  (Gen:  0)
  1031128    136304 1300773696  0.001  0.000   42.825   25.308    0    0  (Gen:  0)
  1035968    134560 1300835872  0.001  0.000   42.826   25.309    0    0  (Gen:  0)
  1033952    137808 1300902032  0.001  0.000   42.828   25.310    0    0  (Gen:  0)
  1033128    142528 1300968232  0.001  0.000   42.830   25.311    0    0  (Gen:  0)
  1034824    136984 1301029376  0.001  0.000   42.831   25.311    0    0  (Gen:  0)
  1034088    139584 1301096176  0.001  0.000   42.833   25.312    0    0  (Gen:  0)
  1036600    133504 1301153568  0.001  0.000   42.834   25.313    0    0  (Gen:  0)
  1036176    134240 1301218264  0.001  0.000   42.836   25.314    0    0  (Gen:  0)
  1036640    136112 1301279088  0.001  0.000   42.837   25.314    0    0  (Gen:  0)
  1034560    140568 1301347664  0.001  0.000   42.839   25.315    0    0  (Gen:  0)
  1033800    154072 1301421960  0.001  0.000   42.840   25.316    0    0  (Gen:  0)
  1034400    157616 1301493368  0.001  0.000   42.842   25.317    0    0  (Gen:  0)
  1033512    137944 1301548400  0.001  0.000   42.843   25.317    0    0  (Gen:  0)
  1032984    118136 1301601704  0.001  0.000   42.845   25.318    0    0  (Gen:  0)
  1032264    118464 1301653416  0.001  0.000   42.846   25.319    0    0  (Gen:  0)
  1034744    118544 1301710896  0.001  0.000   42.848   25.319    0    0  (Gen:  0)
  1034688    132448 1301775984  0.001  0.000   42.849   25.320    0    0  (Gen:  0)
  1036400    134688 1301834720  0.001  0.000   42.850   25.321    0    0  (Gen:  0)
  1031592    142760 1301909088  0.001  0.000   42.852   25.322    0    0  (Gen:  0)
  1033128    164152 1301986824  0.001  0.000   42.854   25.322    0    0  (Gen:  0)
  1033008    151464 1302048992  0.001  0.000   42.855   25.323    0    0  (Gen:  0)
  2376264    268800 1302315440  0.002  0.000   42.859   25.325    0    0  (Gen:  0)
  2404136    133568 1302211128  0.000  0.000   42.861   25.327    0    0  (Gen:  0)
  2689128     51088 1302228944  0.000  0.000   42.864   25.329    0    0  (Gen:  0)
  2242544     64736 1302263344  0.000  0.000   42.866   25.332    0    0  (Gen:  0)
  2788792    130216 1302343760  0.000  0.000   42.869   25.334    0    0  (Gen:  0)
  2451928    548560 1303020088  0.001  0.001   42.873   25.338    0    0  (Gen:  0)
  1032192    851368 1303364152  0.002  0.001   42.876   25.339    0    0  (Gen:  0)
  1066688    323952 1303715696  0.001  0.000   42.878   25.340    0    0  (Gen:  0)
  1257016     20392 1303756520  0.000  0.000   42.880   25.341    0    0  (Gen:  0)
  1037584     36952 1303775448  0.000  0.000   42.880   25.341    0    0  (Gen:  0)
  1031960     81840 1303832944  0.001  0.000   42.882   25.342    0    0  (Gen:  0)
  1036080    119480 1303889512  0.001  0.000   42.883   25.343    0    0  (Gen:  0)
  1034056    132072 1303955280  0.001  0.000   42.884   25.343    0    0  (Gen:  0)
  1031240    136856 1304016456  0.001  0.000   42.886   25.344    0    0  (Gen:  0)
  1036104    135136 1304078384  0.001  0.000   42.887   25.345    0    0  (Gen:  0)
  1034008    138160 1304145272  0.001  0.000   42.889   25.346    0    0  (Gen:  0)
  1033344    140440 1304209328  0.001  0.000   42.890   25.346    0    0  (Gen:  0)
  1034672    138856 1304271904  0.001  0.000   42.892   25.347    0    0  (Gen:  0)
  1033600    139240 1304337552  0.001  0.000   42.893   25.348    0    0  (Gen:  0)
  1036840    135672 1304395848  0.001  0.000   42.895   25.349    0    0  (Gen:  0)
  1035960    136696 1304462296  0.001  0.000   42.896   25.349    0    0  (Gen:  0)
  1036904    135832 1304521624  0.001  0.000   42.898   25.350    0    0  (Gen:  0)
  1034552    138992 1304590088  0.001  0.000   42.899   25.351    0    0  (Gen:  0)
  1033584    153096 1304664128  0.001  0.000   42.901   25.352    0    0  (Gen:  0)
  1034576    155936 1304734528  0.001  0.000   42.903   25.352    0    0  (Gen:  0)
  1033512    139400 1304792560  0.001  0.000   42.904   25.353    0    0  (Gen:  0)
  1032880    120728 1304844424  0.001  0.000   42.906   25.354    0    0  (Gen:  0)
  1032648    117368 1304896488  0.001  0.000   42.907   25.355    0    0  (Gen:  0)
  1034472    119528 1304954616  0.001  0.000   42.908   25.355    0    0  (Gen:  0)
  1034528    133480 1305020528  0.001  0.000   42.910   25.356    0    0  (Gen:  0)
  1036408    133952 1305075400  0.001  0.000   42.911   25.357    0    0  (Gen:  0)
  1032144    139312 1305150112  0.001  0.000   42.913   25.357    0    0  (Gen:  0)
  1032896    163152 1305226280  0.001  0.000   42.915   25.358    0    0  (Gen:  0)
  1032968    152960 1305291504  0.001  0.000   42.916   25.359    0    0  (Gen:  0)
  1175816    176768 1305397056  0.001  0.000   42.918   25.360    0    0  (Gen:  0)
  1513776    234640 1305588808  0.001  0.000   42.920   25.361    0    0  (Gen:  0)
  1566376     93664 1305645176  0.000  0.000   42.921   25.362    0    0  (Gen:  0)
  1170848     44952 1305673264  0.000  0.000   42.923   25.363    0    0  (Gen:  0)
  3091512     58288 1305707384  0.000  0.000   42.926   25.366    0    0  (Gen:  0)
  1516672     59416 1305733232  0.000  0.000   42.928   25.368    0    0  (Gen:  0)
  2833128    232880 1306006696  0.001  0.000   42.931   25.371    0    0  (Gen:  0)
  1613312    403936 1306346832  0.001  0.000   42.935   25.373    0    0  (Gen:  0)
  1032192    607984 1306690896  0.001  0.001   42.937   25.374    0    0  (Gen:  0)
  1032192    353040 1307034960  0.001  0.000   42.939   25.375    0    0  (Gen:  0)
  1719648    131008 1307230280  0.000  0.000   42.941   25.376    0    0  (Gen:  0)
  1037680     38192 1307248536  0.000  0.000   42.942   25.377    0    0  (Gen:  0)
  1031864     81944 1307302384  0.001  0.000   42.943   25.378    0    0  (Gen:  0)
  1036080    119792 1307358952  0.001  0.000   42.944   25.378    0    0  (Gen:  0)
  1034056    132152 1307424720  0.001  0.000   42.946   25.379    0    0  (Gen:  0)
  1031240    136936 1307485896  0.001  0.000   42.948   25.380    0    0  (Gen:  0)
  1036104    135216 1307547824  0.001  0.000   42.949   25.381    0    0  (Gen:  0)
  1034008    138240 1307614712  0.001  0.000   42.951   25.381    0    0  (Gen:  0)
  1033344    140520 1307678768  0.001  0.000   42.952   25.382    0    0  (Gen:  0)
  1034672    138936 1307741344  0.000  0.000   42.953   25.383    0    0  (Gen:  0)
  1033600    139320 1307806992  0.001  0.000   42.955   25.384    0    0  (Gen:  0)
  1036840    135752 1307865288  0.001  0.000   42.956   25.385    0    0  (Gen:  0)
  1035960    136776 1307931736  0.001  0.000   42.958   25.385    0    0  (Gen:  0)
  1036904    135912 1307991064  0.001  0.000   42.959   25.386    0    0  (Gen:  0)
  1034552    139072 1308059528  0.001  0.000   42.961   25.387    0    0  (Gen:  0)
  1033584    153176 1308133568  0.001  0.000   42.962   25.387    0    0  (Gen:  0)
  1034576    156016 1308203968  0.001  0.000   42.964   25.388    0    0  (Gen:  0)
  1033512    139480 1308262000  0.001  0.000   42.965   25.389    0    0  (Gen:  0)
  1032880    120808 1308313864  0.001  0.000   42.967   25.390    0    0  (Gen:  0)
  1032648    117448 1308365928  0.001  0.000   42.968   25.390    0    0  (Gen:  0)
  1034472    119608 1308424056  0.001  0.000   42.970   25.391    0    0  (Gen:  0)
  1034528    133560 1308489968  0.001  0.000   42.971   25.392    0    0  (Gen:  0)
  1036408    134032 1308544840  0.001  0.000   42.972   25.392    0    0  (Gen:  0)
  1338976    142840 1308917728  0.001  0.000   42.974   25.393    0    0  (Gen:  0)
  1032896    166496 1308993896  0.001  0.000   42.976   25.394    0    0  (Gen:  0)
  1186736    158480 1309130016  0.001  0.000   42.977   25.395    0    0  (Gen:  0)
  2376696    275008 1309426552  0.001  0.000   42.980   25.396    0    0  (Gen:  0)
  3065792    135552 1309461928  0.001  0.000   42.983   25.399    0    0  (Gen:  0)
  1111344     42312 1309468088  0.000  0.000   42.985   25.400    0    0  (Gen:  0)
  3612400     71024 1309520016  0.000  0.000   42.988   25.404    0    0  (Gen:  0)
  1791464     69288 1309548808  0.000  0.000   42.990   25.405    0    0  (Gen:  0)
  2985024    506552 1310236208  0.001  0.000   42.995   25.409    0    0  (Gen:  0)
  1032192    838368 1310580272  0.002  0.001   42.998   25.410    0    0  (Gen:  0)
  1032192    353096 1310924336  0.002  0.000   43.000   25.411    0    0  (Gen:  0)
  1442384     30248 1311014696  0.000  0.000   43.002   25.412    0    0  (Gen:  0)
  1037528     39320 1311034360  0.000  0.000   43.002   25.413    0    0  (Gen:  0)
  1031328     84976 1311090016  0.000  0.000   43.003   25.413    0    0  (Gen:  0)
  1036728    122040 1311146968  0.001  0.000   43.005   25.414    0    0  (Gen:  0)
  1034096    133744 1311213152  0.001  0.000   43.006   25.415    0    0  (Gen:  0)
  1031088    136632 1311273928  0.001  0.000   43.008   25.416    0    0  (Gen:  0)
  1035952    134864 1311335648  0.001  0.000   43.009   25.416    0    0  (Gen:  0)
  1034080    138240 1311401872  0.001  0.000   43.011   25.417    0    0  (Gen:  0)
  1033128    142984 1311468304  0.001  0.000   43.012   25.418    0    0  (Gen:  0)
  1034752    136800 1311529192  0.001  0.000   43.014   25.419    0    0  (Gen:  0)
  1034024    138760 1311595184  0.001  0.000   43.015   25.419    0    0  (Gen:  0)
  1036616    133880 1311653192  0.001  0.000   43.017   25.420    0    0  (Gen:  0)
  1036168    135944 1311718544  0.001  0.000   43.018   25.421    0    0  (Gen:  0)
  1036744    136616 1311778992  0.001  0.000   43.019   25.422    0    0  (Gen:  0)
  1034512    140416 1311847528  0.001  0.000   43.021   25.422    0    0  (Gen:  0)
  1033744    154568 1311922112  0.001  0.000   43.023   25.423    0    0  (Gen:  0)
  1034576    157328 1311993136  0.001  0.000   43.024   25.424    0    0  (Gen:  0)
  1033432    138024 1312048672  0.001  0.000   43.026   25.425    0    0  (Gen:  0)
  1032968    119056 1312102272  0.001  0.000   43.027   25.425    0    0  (Gen:  0)
  1032288    118312 1312153336  0.001  0.000   43.028   25.426    0    0  (Gen:  0)
  1034648    118304 1312210912  0.001  0.000   43.030   25.427    0    0  (Gen:  0)
  1034744    132984 1312276664  0.001  0.000   43.031   25.427    0    0  (Gen:  0)
  1036384    133152 1312333344  0.001  0.000   43.033   25.428    0    0  (Gen:  0)
  1031696    141928 1312408672  0.001  0.000   43.034   25.429    0    0  (Gen:  0)
  1033136    165704 1312486424  0.001  0.000   43.036   25.430    0    0  (Gen:  0)
  1032928    151856 1312548768  0.001  0.000   43.037   25.430    0    0  (Gen:  0)
  2362304    267152 1312813368  0.001  0.000   43.040   25.432    0    0  (Gen:  0)
  2429880    134120 1312707392  0.001  0.000   43.043   25.434    0    0  (Gen:  0)
  1181784     41304 1312719400  0.000  0.000   43.044   25.435    0    0  (Gen:  0)
  1111008     33464 1312723912  0.000  0.000   43.045   25.436    0    0  (Gen:  0)
  2035720     44944 1312750976  0.000  0.000   43.048   25.438    0    0  (Gen:  0)
  1117888     41920 1312734656  0.000  0.000   43.049   25.440    0    0  (Gen:  0)
  3038144    283376 1313091600  0.001  0.001   43.053   25.444    0    0  (Gen:  0)
  1590144    524656 1313503232  0.001  0.000   43.056   25.446    0    0  (Gen:  0)
  1032192    669296 1313847296  0.002  0.001   43.059   25.446    0    0  (Gen:  0)
  1065024    347592 1314222216  0.001  0.000   43.061   25.447    0    0  (Gen:  0)
  1323072     20656 1314262288  0.000  0.000   43.062   25.449    0    0  (Gen:  0)
  1036928     37696 1314280904  0.000  0.000   43.063   25.449    0    0  (Gen:  0)
  1031960     81928 1314334424  0.000  0.000   43.064   25.450    0    0  (Gen:  0)
  1035896    119704 1314390680  0.001  0.000   43.065   25.450    0    0  (Gen:  0)
  1034096    133048 1314456928  0.001  0.000   43.066   25.451    0    0  (Gen:  0)
  1031448    138520 1314518720  0.001  0.000   43.068   25.452    0    0  (Gen:  0)
  1035944    135816 1314580248  0.001  0.000   43.069   25.453    0    0  (Gen:  0)
  1033976    138784 1314647544  0.001  0.000   43.071   25.453    0    0  (Gen:  0)
  1033392    141240 1314711704  0.001  0.000   43.072   25.454    0    0  (Gen:  0)
  1034592    138744 1314773648  0.001  0.000   43.074   25.455    0    0  (Gen:  0)
  1033648    139488 1314839568  0.001  0.000   43.076   25.456    0    0  (Gen:  0)
  1036784    136192 1314897752  0.001  0.000   43.077   25.456    0    0  (Gen:  0)
  1036064    136976 1314964216  0.001  0.000   43.078   25.457    0    0  (Gen:  0)
  1036848    135328 1315022824  0.001  0.000   43.080   25.458    0    0  (Gen:  0)
  1034528    139120 1315092040  0.001  0.000   43.081   25.459    0    0  (Gen:  0)
  1033552    153952 1315165976  0.001  0.000   43.083   25.459    0    0  (Gen:  0)
  1034576    155872 1315236128  0.001  0.000   43.084   25.460    0    0  (Gen:  0)
  1033552    139992 1315294680  0.001  0.000   43.086   25.461    0    0  (Gen:  0)
  1032856    121520 1315347032  0.001  0.000   43.087   25.462    0    0  (Gen:  0)
  1032640    117784 1315398904  0.001  0.000   43.089   25.462    0    0  (Gen:  0)
  1034584    119896 1315456808  0.001  0.000   43.090   25.463    0    0  (Gen:  0)
  1034416    134008 1315523032  0.001  0.000   43.092   25.464    0    0  (Gen:  0)
  1036392    133016 1315576696  0.001  0.000   43.093   25.464    0    0  (Gen:  0)
  1032152    139040 1315651992  0.001  0.000   43.094   25.465    0    0  (Gen:  0)
  1032888    164232 1315728392  0.001  0.000   43.096   25.466    0    0  (Gen:  0)
  1032968    153160 1315793424  0.001  0.000   43.098   25.467    0    0  (Gen:  0)
  1723040    217336 1316004528  0.001  0.000   43.100   25.468    0    0  (Gen:  0)
  1450696    283328 1316140656  0.001  0.000   43.102   25.469    0    0  (Gen:  0)
  3882912     84704 1316220848  0.000  0.000   43.106   25.472    0    0  (Gen:  0)
  1925608     65336 1316245832  0.000  0.000   43.109   25.475    0    0  (Gen:  0)
  3289216     93992 1316351288  0.001  0.000   43.112   25.477    0    0  (Gen:  0)
  2637824    520768 1316988880  0.001  0.000   43.117   25.482    0    0  (Gen:  0)
  1032192    819976 1317332944  0.002  0.001   43.120   25.483    0    0  (Gen:  0)
  1032192    353240 1317677008  0.001  0.000   43.121   25.484    0    0  (Gen:  0)
  1392336     22832 1317759808  0.000  0.000   43.123   25.485    0    0  (Gen:  0)
  1036888     38440 1317778496  0.000  0.000   43.124   25.486    0    0  (Gen:  0)
  1031864     82200 1317832344  0.001  0.000   43.125   25.486    0    0  (Gen:  0)
  1036080    119504 1317888368  0.001  0.000   43.126   25.487    0    0  (Gen:  0)
  1034096    132344 1317954616  0.001  0.000   43.128   25.488    0    0  (Gen:  0)
  1031448    138584 1318016408  0.001  0.000   43.129   25.488    0    0  (Gen:  0)
  1035944    135880 1318077936  0.001  0.000   43.131   25.489    0    0  (Gen:  0)
  1033976    138848 1318145232  0.001  0.000   43.132   25.490    0    0  (Gen:  0)
  1033392    141304 1318209392  0.001  0.000   43.134   25.491    0    0  (Gen:  0)
  1034592    138808 1318271336  0.001  0.000   43.135   25.491    0    0  (Gen:  0)
  1033648    139552 1318337256  0.001  0.000   43.137   25.492    0    0  (Gen:  0)
  1036784    136256 1318395440  0.001  0.000   43.138   25.493    0    0  (Gen:  0)
  1036064    137040 1318461904  0.001  0.000   43.140   25.494    0    0  (Gen:  0)
  1036848    135392 1318520512  0.001  0.000   43.141   25.494    0    0  (Gen:  0)
  1034528    139184 1318589728  0.001  0.000   43.143   25.495    0    0  (Gen:  0)
  1033552    154016 1318663664  0.001  0.000   43.144   25.496    0    0  (Gen:  0)
  1034576    155936 1318733816  0.001  0.000   43.146   25.497    0    0  (Gen:  0)
  1033552    140056 1318792368  0.001  0.000   43.148   25.497    0    0  (Gen:  0)
  1032856    121584 1318844720  0.001  0.000   43.149   25.498    0    0  (Gen:  0)
  1032640    117848 1318896592  0.001  0.000   43.150   25.499    0    0  (Gen:  0)
  1034584    119960 1318954496  0.001  0.000   43.152   25.499    0    0  (Gen:  0)
  1034416    134072 1319020720  0.001  0.000   43.153   25.500    0    0  (Gen:  0)
  1036392    133080 1319074384  0.001  0.000   43.154   25.501    0    0  (Gen:  0)
  1032152    139104 1319149680  0.001  0.000   43.156   25.502    0    0  (Gen:  0)
  1032888    164296 1319226080  0.001  0.000   43.158   25.502    0    0  (Gen:  0)
  1032968    153224 1319291112  0.001  0.000   43.159   25.503    0    0  (Gen:  0)
  2578912    285304 1319574216  0.001  0.000   43.162   25.505    0    0  (Gen:  0)
  1793352    132872 1319452408  0.000  0.000   43.164   25.506    0    0  (Gen:  0)
  2715984     43464 1319468520  0.000  0.000   43.167   25.509    0    0  (Gen:  0)
  1185192     42144 1319482280  0.000  0.000   43.169   25.510    0    0  (Gen:  0)
  3279392     71776 1319529296  0.000  0.000   43.172   25.514    0    0  (Gen:  0)
  1177488     55784 1319548896  0.000  0.000   43.174   25.515    0    0  (Gen:  0)
  2709400     67856 1319599912  0.001  0.000   43.177   25.518    0    0  (Gen:  0)
  2079600     75944 1319636288  0.001  0.000   43.179   25.520    0    0  (Gen:  0)
  1171400     52864 1319658552  0.000  0.000   43.181   25.521    0    0  (Gen:  0)
  3161312    128176 1319761296  0.000  0.000   43.184   25.525    0    0  (Gen:  0)
  1883936    370896 1320245560  0.002  0.001   43.188   25.528    0    0  (Gen:  0)
  1032192    663456 1320589624  0.003  0.001   43.191   25.529    0    0  (Gen:  0)
  1032192    353368 1320933688  0.002  0.001   43.193   25.530    0    0  (Gen:  0)
  1894256    178512 1321172040  0.001  0.000   43.196   25.531    0    0  (Gen:  0)
  1037520     40024 1321192024  0.000  0.000   43.197   25.532    0    0  (Gen:  0)
  1031744     84000 1321246040  0.001  0.000   43.198   25.532    0    0  (Gen:  0)
  1036208    122008 1321304096  0.001  0.000   43.199   25.533    0    0  (Gen:  0)
  1034160    134312 1321370288  0.001  0.000   43.201   25.534    0    0  (Gen:  0)
  1031128    136840 1321430720  0.001  0.000   43.202   25.535    0    0  (Gen:  0)
  1035968    135096 1321492896  0.001  0.000   43.203   25.535    0    0  (Gen:  0)
  1033952    138344 1321559056  0.001  0.000   43.205   25.536    0    0  (Gen:  0)
  1033128    143064 1321625256  0.001  0.000   43.207   25.537    0    0  (Gen:  0)
  1034824    137520 1321686400  0.001  0.000   43.208   25.538    0    0  (Gen:  0)
  1034088    140120 1321753200  0.001  0.000   43.210   25.538    0    0  (Gen:  0)
  1036600    134040 1321810592  0.001  0.000   43.211   25.539    0    0  (Gen:  0)
  1036176    134776 1321875288  0.001  0.000   43.213   25.540    0    0  (Gen:  0)
  1036640    136648 1321936112  0.001  0.000   43.214   25.541    0    0  (Gen:  0)
  1034560    141104 1322004688  0.001  0.000   43.216   25.541    0    0  (Gen:  0)
  1033800    154608 1322078984  0.001  0.000   43.217   25.542    0    0  (Gen:  0)
  1034400    158152 1322150392  0.001  0.000   43.219   25.543    0    0  (Gen:  0)
  1033512    138480 1322205424  0.001  0.000   43.220   25.544    0    0  (Gen:  0)
  1032984    118672 1322258728  0.001  0.000   43.222   25.544    0    0  (Gen:  0)
  1032264    119000 1322310440  0.001  0.000   43.223   25.545    0    0  (Gen:  0)
  1034744    119080 1322367920  0.001  0.000   43.224   25.546    0    0  (Gen:  0)
  1034688    132984 1322433008  0.001  0.000   43.226   25.546    0    0  (Gen:  0)
  1036400    135224 1322491744  0.001  0.000   43.227   25.547    0    0  (Gen:  0)
  1031592    143296 1322566112  0.001  0.000   43.229   25.548    0    0  (Gen:  0)
  1033128    164688 1322643848  0.001  0.000   43.230   25.549    0    0  (Gen:  0)
  1033008    152000 1322706016  0.001  0.000   43.232   25.549    0    0  (Gen:  0)
  2379672    271152 1322974296  0.001  0.000   43.235   25.551    0    0  (Gen:  0)
  2325816    132328 1322866368  0.001  0.000   43.237   25.553    0    0  (Gen:  0)
  1148928     39848 1322873944  0.000  0.000   43.239   25.554    0    0  (Gen:  0)
  1143600     36200 1322885520  0.000  0.000   43.240   25.555    0    0  (Gen:  0)
  4150800     78464 1322943800  0.000  0.000   43.244   25.559    0    0  (Gen:  0)
  2412352    344944 1323371712  0.001  0.000   43.249   25.564    0    0  (Gen:  0)
  1648328    640264 1323774232  0.002  0.000   43.251   25.565    0    0  (Gen:  0)
  1032192    685984 1324118296  0.002  0.001   43.254   25.566    0    0  (Gen:  0)
  2071616    234008 1324416112  0.001  0.000   43.257   25.568    0    0  (Gen:  0)
  1036984     40688 1324436608  0.000  0.000   43.258   25.568    0    0  (Gen:  0)
  1033248     86208 1324492256  0.001  0.000   43.259   25.569    0    0  (Gen:  0)
  1036248    121776 1324548040  0.001  0.000   43.260   25.570    0    0  (Gen:  0)
  1034264    133304 1324614512  0.001  0.000   43.262   25.570    0    0  (Gen:  0)
  1030888    137040 1324674608  0.001  0.000   43.263   25.571    0    0  (Gen:  0)
  1036152    135304 1324736680  0.001  0.000   43.265   25.572    0    0  (Gen:  0)
  1033688    138328 1324802616  0.001  0.000   43.266   25.573    0    0  (Gen:  0)
  1033416    143272 1324869032  0.001  0.000   43.268   25.573    0    0  (Gen:  0)
  1034824    137896 1324930328  0.001  0.000   43.269   25.574    0    0  (Gen:  0)
  1033936    139624 1324996280  0.001  0.000   43.271   25.575    0    0  (Gen:  0)
  1036472    133848 1325053824  0.001  0.000   43.272   25.576    0    0  (Gen:  0)
  1036384    134880 1325118296  0.001  0.000   43.274   25.576    0    0  (Gen:  0)
  1036656    137672 1325180440  0.001  0.000   43.275   25.577    0    0  (Gen:  0)
  1034656    141608 1325248104  0.001  0.000   43.277   25.578    0    0  (Gen:  0)
  1033600    153856 1325322520  0.001  0.000   43.278   25.578    0    0  (Gen:  0)
  1034528    158656 1325394216  0.001  0.000   43.280   25.579    0    0  (Gen:  0)
  1033544    137752 1325448552  0.001  0.000   43.281   25.580    0    0  (Gen:  0)
  1032888    118808 1325502504  0.001  0.000   43.283   25.581    0    0  (Gen:  0)
  1032328    119600 1325554232  0.001  0.000   43.284   25.581    0    0  (Gen:  0)
  1034800    119728 1325611824  0.001  0.000   43.286   25.582    0    0  (Gen:  0)
  1034672    132312 1325676192  0.001  0.000   43.287   25.583    0    0  (Gen:  0)
  1036424    134360 1325734816  0.001  0.000   43.288   25.583    0    0  (Gen:  0)
  1031488    144032 1325809896  0.001  0.000   43.290   25.584    0    0  (Gen:  0)
  1033192    165160 1325887224  0.001  0.000   43.292   25.585    0    0  (Gen:  0)
  1032736    151128 1325948672  0.001  0.000   43.293   25.586    0    0  (Gen:  0)
  1286224    178600 1326092064  0.001  0.000   43.296   25.587    0    0  (Gen:  0)
  1534856    246600 1326257824  0.001  0.000   43.298   25.588    0    0  (Gen:  0)
  4089808    123928 1326345904  0.001  0.000   43.302   25.591    0    0  (Gen:  0)
  2350296     71528 1326378728  0.000  0.000   43.304   25.594    0    0  (Gen:  0)
  1512392     54040 1326433400  0.000  0.000   43.306   25.596    0    0  (Gen:  0)
  3468600    502200 1327094528  0.001  0.000   43.311   25.600    0    0  (Gen:  0)
  1032192    831232 1327438616  0.002  0.001   43.314   25.601    0    0  (Gen:  0)
  1032192    353504 1327782680  0.002  0.000   43.316   25.602    0    0  (Gen:  0)
  1452640     42312 1327884704  0.000  0.000   43.318   25.603    0    0  (Gen:  0)
  1037584     39200 1327903632  0.000  0.000   43.319   25.604    0    0  (Gen:  0)
  1031968     82440 1327957040  0.001  0.000   43.320   25.604    0    0  (Gen:  0)
  1036080    120080 1328013608  0.001  0.000   43.321   25.605    0    0  (Gen:  0)
  1034056    132672 1328079376  0.001  0.000   43.323   25.606    0    0  (Gen:  0)
  1031240    137456 1328140552  0.001  0.000   43.324   25.607    0    0  (Gen:  0)
  1036104    135736 1328202480  0.001  0.000   43.326   25.607    0    0  (Gen:  0)
  1034008    138760 1328269368  0.001  0.000   43.327   25.608    0    0  (Gen:  0)
  1033344    141040 1328333424  0.001  0.000   43.329   25.609    0    0  (Gen:  0)
  1034672    139456 1328396000  0.001  0.000   43.330   25.610    0    0  (Gen:  0)
  1033600    139840 1328461648  0.001  0.000   43.332   25.610    0    0  (Gen:  0)
  1036840    136272 1328519944  0.001  0.000   43.333   25.611    0    0  (Gen:  0)
  1035960    137296 1328586392  0.001  0.000   43.335   25.612    0    0  (Gen:  0)
  1036904    136432 1328645720  0.001  0.000   43.336   25.613    0    0  (Gen:  0)
  1034552    139592 1328714184  0.001  0.000   43.338   25.613    0    0  (Gen:  0)
  1033584    153696 1328788224  0.001  0.000   43.339   25.614    0    0  (Gen:  0)
  1034576    156536 1328858624  0.001  0.000   43.341   25.615    0    0  (Gen:  0)
  1033512    140000 1328916656  0.001  0.000   43.343   25.616    0    0  (Gen:  0)
  1034048    121560 1328968688  0.001  0.000   43.344   25.616    0    0  (Gen:  0)
  1135104    119296 1329120088  0.001  0.000   43.345   25.617    0    0  (Gen:  0)
  1138528    122928 1329278200  0.001  0.000   43.347   25.618    0    0  (Gen:  0)
  1034528    135856 1329344136  0.001  0.000   43.348   25.619    0    0  (Gen:  0)
  1140368    135368 1329498040  0.001  0.000   43.350   25.619    0    0  (Gen:  0)
  1032144    140640 1329572752  0.001  0.000   43.351   25.620    0    0  (Gen:  0)
  1069304    164800 1329682672  0.001  0.000   43.353   25.621    0    0  (Gen:  0)
  1032968    154520 1329747896  0.001  0.000   43.355   25.622    0    0  (Gen:  0)
  2476752    277320 1330084424  0.001  0.000   43.357   25.623    0    0  (Gen:  0)
  2374720    132104 1330102904  0.001  0.000   43.360   25.625    0    0  (Gen:  0)
  2399888     49184 1330161368  0.000  0.000   43.363   25.627    0    0  (Gen:  0)
  2732912     63808 1330193904  0.000  0.000   43.366   25.630    0    0  (Gen:  0)
  2684992    279960 1330466304  0.000  0.000   43.370   25.635    0    0  (Gen:  0)
  1775840    530600 1330927152  0.001  0.001   43.373   25.637    0    0  (Gen:  0)
  1032192    729040 1331271216  0.002  0.001   43.376   25.638    0    0  (Gen:  0)
  1062600    343648 1331641744  0.002  0.000   43.378   25.639    0    0  (Gen:  0)
  1349688     20744 1331686120  0.000  0.000   43.379   25.640    0    0  (Gen:  0)
  1037528     39408 1331706408  0.000  0.000   43.380   25.641    0    0  (Gen:  0)
  1031944     85688 1331761832  0.001  0.000   43.381   25.641    0    0  (Gen:  0)
  1036008    123488 1331819752  0.000  0.000   43.382   25.642    0    0  (Gen:  0)
  1034216    134504 1331885760  0.001  0.000   43.384   25.643    0    0  (Gen:  0)
  1031056    137416 1331946600  0.001  0.000   43.385   25.644    0    0  (Gen:  0)
  1035984    135224 1332008048  0.001  0.000   43.387   25.644    0    0  (Gen:  0)
  1034008    137936 1332073976  0.001  0.000   43.388   25.645    0    0  (Gen:  0)
  1033080    142984 1332140248  0.001  0.000   43.390   25.646    0    0  (Gen:  0)
  1034824    137592 1332201504  0.001  0.000   43.391   25.647    0    0  (Gen:  0)
  1034064    139696 1332267616  0.001  0.000   43.393   25.647    0    0  (Gen:  0)
  1036608    133832 1332325168  0.001  0.000   43.394   25.648    0    0  (Gen:  0)
  1036184    135712 1332390296  0.001  0.000   43.396   25.649    0    0  (Gen:  0)
  1036632    137056 1332450992  0.001  0.000   43.397   25.650    0    0  (Gen:  0)
  1034600    141160 1332519448  0.001  0.000   43.399   25.650    0    0  (Gen:  0)
  1033752    154656 1332593736  0.001  0.000   43.401   25.651    0    0  (Gen:  0)
  1034504    158112 1332664944  0.001  0.000   43.402   25.652    0    0  (Gen:  0)
  1033432    138712 1332720272  0.001  0.000   43.404   25.653    0    0  (Gen:  0)
  1032976    119000 1332773624  0.001  0.000   43.405   25.653    0    0  (Gen:  0)
  1032344    118832 1332824864  0.001  0.000   43.406   25.654    0    0  (Gen:  0)
  1034688    119216 1332882592  0.001  0.000   43.408   25.655    0    0  (Gen:  0)
  1034744    133328 1332947936  0.001  0.000   43.409   25.655    0    0  (Gen:  0)
  1036336    133784 1333004960  0.001  0.000   43.411   25.656    0    0  (Gen:  0)
  1031576    143040 1333080440  0.001  0.000   43.412   25.657    0    0  (Gen:  0)
  1033144    165344 1333157752  0.001  0.000   43.414   25.658    0    0  (Gen:  0)
  1033016    151856 1333219928  0.001  0.000   43.415   25.658    0    0  (Gen:  0)
  1182224    176768 1333328256  0.001  0.000   43.418   25.660    0    0  (Gen:  0)
  1519464    239416 1333521832  0.001  0.000   43.420   25.660    0    0  (Gen:  0)
  1643048     93128 1333575968  0.000  0.000   43.421   25.662    0    0  (Gen:  0)
  1939168     47160 1333601336  0.000  0.000   43.423   25.664    0    0  (Gen:  0)
  1182400     45472 1333625168  0.000  0.000   43.425   25.665    0    0  (Gen:  0)
  3369736     70424 1333676552  0.000  0.000   43.428   25.668    0    0  (Gen:  0)
  2345104    305688 1333954064  0.000  0.000   43.432   25.672    0    0  (Gen:  0)
  1661328    533400 1334403800  0.001  0.001   43.434   25.674    0    0  (Gen:  0)
  1032192    721904 1334747864  0.002  0.001   43.437   25.675    0    0  (Gen:  0)
  1065616    338800 1335113496  0.001  0.000   43.439   25.676    0    0  (Gen:  0)
  1336328     21136 1335155496  0.000  0.000   43.441   25.677    0    0  (Gen:  0)
  1037536     39536 1335179624  0.000  0.000   43.442   25.677    0    0  (Gen:  0)
  1031944     85760 1335235048  0.001  0.000   43.443   25.678    0    0  (Gen:  0)
  1036008    123560 1335292968  0.001  0.000   43.444   25.679    0    0  (Gen:  0)
  1034216    134576 1335358976  0.001  0.000   43.446   25.679    0    0  (Gen:  0)
  1031056    137488 1335419816  0.001  0.000   43.447   25.680    0    0  (Gen:  0)
  1035984    135296 1335481264  0.001  0.000   43.449   25.681    0    0  (Gen:  0)
  1034008    138008 1335547192  0.001  0.000   43.450   25.682    0    0  (Gen:  0)
  1033080    143056 1335613464  0.001  0.000   43.452   25.682    0    0  (Gen:  0)
  1034824    137664 1335674720  0.001  0.000   43.453   25.683    0    0  (Gen:  0)
  1034064    139768 1335740832  0.001  0.000   43.455   25.684    0    0  (Gen:  0)
  1036608    133904 1335798384  0.001  0.000   43.456   25.685    0    0  (Gen:  0)
  1036184    135784 1335863512  0.001  0.000   43.458   25.685    0    0  (Gen:  0)
  1036632    137128 1335924208  0.001  0.000   43.459   25.686    0    0  (Gen:  0)
  1034600    141232 1335992664  0.001  0.000   43.461   25.687    0    0  (Gen:  0)
  1033752    154728 1336066952  0.001  0.000   43.462   25.688    0    0  (Gen:  0)
  1034504    158184 1336138160  0.001  0.000   43.464   25.688    0    0  (Gen:  0)
  1033432    138784 1336193488  0.001  0.000   43.466   25.689    0    0  (Gen:  0)
  1032976    119072 1336246840  0.001  0.000   43.467   25.690    0    0  (Gen:  0)
  1032344    118904 1336298080  0.001  0.000   43.468   25.690    0    0  (Gen:  0)
  1034688    119288 1336355808  0.001  0.000   43.470   25.691    0    0  (Gen:  0)
  1034744    133400 1336421152  0.001  0.000   43.471   25.692    0    0  (Gen:  0)
  1036336    133856 1336478176  0.001  0.000   43.473   25.693    0    0  (Gen:  0)
  1031576    143112 1336553656  0.001  0.000   43.474   25.693    0    0  (Gen:  0)
  1033144    165416 1336630968  0.001  0.000   43.476   25.694    0    0  (Gen:  0)
  1033016    151928 1336693144  0.001  0.000   43.477   25.695    0    0  (Gen:  0)
  1223768    177144 1336834544  0.001  0.000   43.479   25.696    0    0  (Gen:  0)
  1486048    240672 1336963272  0.001  0.000   43.482   25.697    0    0  (Gen:  0)
  1638432     94008 1337049968  0.000  0.000   43.483   25.698    0    0  (Gen:  0)
  1939008     46976 1337078632  0.000  0.000   43.485   25.700    0    0  (Gen:  0)
  1182136     45288 1337098360  0.000  0.000   43.487   25.701    0    0  (Gen:  0)
  3292008     69344 1337181368  0.000  0.000   43.490   25.705    0    0  (Gen:  0)
  3470944    537448 1337824352  0.001  0.001   43.495   25.709    0    0  (Gen:  0)
  1032192    853800 1338168416  0.002  0.001   43.498   25.710    0    0  (Gen:  0)
  1032192    353768 1338512480  0.002  0.000   43.500   25.711    0    0  (Gen:  0)
  1393112     22840 1338594768  0.000  0.000   43.502   25.712    0    0  (Gen:  0)
  1037584     39552 1338613696  0.000  0.000   43.503   25.713    0    0  (Gen:  0)
  1031944     84160 1338668560  0.001  0.000   43.504   25.713    0    0  (Gen:  0)
  1036056    120320 1338723696  0.001  0.000   43.505   25.714    0    0  (Gen:  0)
  1034056    132192 1338789464  0.001  0.000   43.507   25.715    0    0  (Gen:  0)
  1031240    137720 1338850640  0.001  0.000   43.508   25.715    0    0  (Gen:  0)
  1036104    136000 1338912568  0.001  0.000   43.510   25.716    0    0  (Gen:  0)
  1034008    139024 1338979456  0.001  0.000   43.511   25.717    0    0  (Gen:  0)
  1033344    141304 1339043512  0.001  0.000   43.513   25.718    0    0  (Gen:  0)
  1034672    139720 1339106088  0.001  0.000   43.514   25.718    0    0  (Gen:  0)
  1033600    140104 1339171736  0.001  0.000   43.516   25.719    0    0  (Gen:  0)
  1036840    136536 1339230032  0.001  0.000   43.517   25.720    0    0  (Gen:  0)
  1035960    137560 1339296480  0.001  0.000   43.519   25.721    0    0  (Gen:  0)
  1036904    136696 1339355808  0.001  0.000   43.520   25.721    0    0  (Gen:  0)
  1034552    139856 1339424272  0.001  0.000   43.522   25.722    0    0  (Gen:  0)
  1033584    153960 1339498312  0.001  0.000   43.523   25.723    0    0  (Gen:  0)
  1034576    156800 1339568712  0.001  0.000   43.525   25.724    0    0  (Gen:  0)
  1033512    140264 1339626744  0.001  0.000   43.526   25.724    0    0  (Gen:  0)
  1032880    121592 1339678608  0.001  0.000   43.528   25.725    0    0  (Gen:  0)
  1032648    118232 1339730672  0.001  0.000   43.529   25.726    0    0  (Gen:  0)
  1034472    120392 1339788800  0.001  0.000   43.530   25.726    0    0  (Gen:  0)
  1034528    134344 1339854712  0.001  0.000   43.532   25.727    0    0  (Gen:  0)
  1036408    134816 1339909584  0.001  0.000   43.533   25.728    0    0  (Gen:  0)
  1032144    140176 1339984296  0.001  0.000   43.535   25.729    0    0  (Gen:  0)
  1032896    164016 1340060464  0.001  0.000   43.537   25.729    0    0  (Gen:  0)
  1032968    153824 1340125688  0.001  0.000   43.538   25.730    0    0  (Gen:  0)
  1168576    176136 1340262520  0.001  0.000   43.540   25.731    0    0  (Gen:  0)
  1510864    238304 1340426024  0.001  0.000   43.543   25.732    0    0  (Gen:  0)
  1574736     94672 1340479336  0.000  0.000   43.544   25.733    0    0  (Gen:  0)
  2038344     51008 1340508960  0.000  0.000   43.546   25.735    0    0  (Gen:  0)
  2158016     51232 1340541064  0.000  0.000   43.549   25.737    0    0  (Gen:  0)
  2350480     64200 1340609520  0.000  0.000   43.551   25.740    0    0  (Gen:  0)
  2889592    345224 1341029376  0.001  0.000   43.556   25.744    0    0  (Gen:  0)
  1102904    660248 1341438448  0.002  0.001   43.559   25.745    0    0  (Gen:  0)
  1032192    689896 1341782512  0.003  0.001   43.562   25.746    0    0  (Gen:  0)
  2002848    215216 1342057080  0.001  0.000   43.564   25.748    0    0  (Gen:  0)
  1037520     40512 1342077064  0.000  0.000   43.565   25.748    0    0  (Gen:  0)
  1031944     85944 1342132536  0.001  0.000   43.566   25.749    0    0  (Gen:  0)
  1036008    123744 1342190456  0.001  0.000   43.567   25.750    0    0  (Gen:  0)
  1034216    134760 1342256464  0.001  0.000   43.569   25.750    0    0  (Gen:  0)
  1031056    137672 1342317304  0.001  0.000   43.571   25.751    0    0  (Gen:  0)
  1035984    135480 1342378752  0.001  0.000   43.572   25.752    0    0  (Gen:  0)
  1034008    138192 1342444680  0.001  0.000   43.574   25.753    0    0  (Gen:  0)
  1033080    143240 1342510952  0.001  0.000   43.575   25.753    0    0  (Gen:  0)
  1034824    137848 1342572208  0.001  0.000   43.577   25.754    0    0  (Gen:  0)
  1034064    139952 1342638320  0.001  0.000   43.578   25.755    0    0  (Gen:  0)
  1036608    134088 1342695872  0.001  0.000   43.580   25.756    0    0  (Gen:  0)
  1036184    135968 1342761000  0.001  0.000   43.581   25.756    0    0  (Gen:  0)
  1036632    137312 1342821696  0.001  0.000   43.583   25.757    0    0  (Gen:  0)
  1034600    141416 1342890152  0.001  0.000   43.584   25.758    0    0  (Gen:  0)
  1033752    154912 1342964440  0.001  0.000   43.586   25.759    0    0  (Gen:  0)
  1034504    158368 1343035648  0.001  0.000   43.587   25.759    0    0  (Gen:  0)
  1033432    138968 1343090976  0.001  0.000   43.589   25.760    0    0  (Gen:  0)
  1032976    119256 1343144328  0.001  0.000   43.590   25.761    0    0  (Gen:  0)
  1032344    119088 1343195568  0.001  0.000   43.592   25.762    0    0  (Gen:  0)
  1034688    119472 1343253296  0.001  0.000   43.593   25.762    0    0  (Gen:  0)
  1034744    133584 1343318640  0.001  0.000   43.595   25.763    0    0  (Gen:  0)
  1036336    134040 1343375664  0.001  0.000   43.596   25.764    0    0  (Gen:  0)
  1031576    143296 1343451144  0.001  0.000   43.598   25.764    0    0  (Gen:  0)
  1033144    165600 1343528456  0.001  0.000   43.599   25.765    0    0  (Gen:  0)
  1033016    152112 1343590632  0.001  0.000   43.601   25.766    0    0  (Gen:  0)
  1171528    175808 1343697744  0.001  0.000   43.603   25.767    0    0  (Gen:  0)
  1511776    240432 1343889040  0.001  0.000   43.605   25.768    0    0  (Gen:  0)
  2892704    116504 1343968248  0.001  0.000   43.608   25.770    0    0  (Gen:  0)
  3947216     79008 1344052904  0.001  0.000   43.612   25.774    0    0  (Gen:  0)
  1274888     60648 1344075024  0.000  0.000   43.614   25.776    0    0  (Gen:  0)
  1897944     51728 1344107944  0.000  0.000   43.616   25.778    0    0  (Gen:  0)
  1672672     54680 1344136520  0.000  0.000   43.618   25.780    0    0  (Gen:  0)
  4166352    102176 1344208464  0.001  0.000   43.622   25.784    0    0  (Gen:  0)
  1950384     88240 1344247120  0.000  0.000   43.624   25.786    0    0  (Gen:  0)
  2405016    241696 1344526832  0.001  0.000   43.628   25.789    0    0  (Gen:  0)
  1855248    537600 1344992200  0.002  0.000   43.631   25.791    0    0  (Gen:  0)
  1032192    738512 1345336328  0.002  0.001   43.634   25.792    0    0  (Gen:  0)
  1062064    334576 1345697456  0.002  0.000   43.636   25.793    0    0  (Gen:  0)
  1290688     21096 1345739232  0.000  0.000   43.638   25.794    0    0  (Gen:  0)
  1036888     37416 1345757920  0.000  0.000   43.638   25.795    0    0  (Gen:  0)
  1032008     82712 1345811560  0.000  0.000   43.639   25.796    0    0  (Gen:  0)
  1035896    120248 1345867816  0.001  0.000   43.640   25.796    0    0  (Gen:  0)
  1034096    133832 1345934064  0.001  0.000   43.642   25.797    0    0  (Gen:  0)
  1031448    139304 1345995856  0.001  0.000   43.644   25.798    0    0  (Gen:  0)
  1035944    136600 1346057384  0.001  0.000   43.645   25.798    0    0  (Gen:  0)
  1033976    139568 1346124680  0.001  0.000   43.647   25.799    0    0  (Gen:  0)
  1033392    142024 1346188840  0.001  0.000   43.648   25.800    0    0  (Gen:  0)
  1034592    139528 1346250784  0.001  0.000   43.650   25.801    0    0  (Gen:  0)
  1033648    140272 1346316704  0.001  0.000   43.651   25.801    0    0  (Gen:  0)
  1036784    136976 1346374888  0.001  0.000   43.653   25.802    0    0  (Gen:  0)
  1036064    137760 1346441352  0.001  0.000   43.654   25.803    0    0  (Gen:  0)
  1036848    136112 1346499960  0.001  0.000   43.656   25.804    0    0  (Gen:  0)
  1034528    139904 1346569176  0.001  0.000   43.657   25.804    0    0  (Gen:  0)
  1033552    154736 1346643112  0.001  0.000   43.659   25.805    0    0  (Gen:  0)
  1034576    156656 1346713264  0.001  0.000   43.660   25.806    0    0  (Gen:  0)
  1033552    140776 1346771816  0.001  0.000   43.662   25.807    0    0  (Gen:  0)
  1032856    122304 1346824168  0.001  0.000   43.663   25.807    0    0  (Gen:  0)
  1032640    118568 1346876040  0.001  0.000   43.664   25.808    0    0  (Gen:  0)
  1034584    120680 1346933944  0.001  0.000   43.666   25.809    0    0  (Gen:  0)
  1034416    134792 1347000168  0.001  0.000   43.667   25.809    0    0  (Gen:  0)
  1036392    133800 1347053832  0.001  0.000   43.668   25.810    0    0  (Gen:  0)
  1032152    139824 1347129128  0.001  0.000   43.670   25.811    0    0  (Gen:  0)
  1032888    165016 1347205528  0.001  0.000   43.672   25.812    0    0  (Gen:  0)
  1032968    153944 1347270560  0.001  0.000   43.673   25.812    0    0  (Gen:  0)
  1719184    218552 1347482096  0.001  0.000   43.675   25.814    0    0  (Gen:  0)
  1476808    283912 1347613488  0.001  0.000   43.678   25.814    0    0  (Gen:  0)
  2333960     71408 1347678024  0.000  0.000   43.680   25.817    0    0  (Gen:  0)
  3574488     78560 1347723520  0.001  0.000   43.684   25.820    0    0  (Gen:  0)
  1106064     51680 1347735912  0.000  0.000   43.686   25.822    0    0  (Gen:  0)
  3056592    348256 1348208496  0.002  0.001   43.692   25.827    0    0  (Gen:  0)
  1139280    582184 1348530728  0.001  0.000   43.693   25.828    0    0  (Gen:  0)
  1032192    610016 1348874792  0.002  0.001   43.696   25.829    0    0  (Gen:  0)
  1069072    294616 1349195872  0.001  0.000   43.698   25.830    0    0  (Gen:  0)
  1160888     21400 1349234912  0.000  0.000   43.700   25.831    0    0  (Gen:  0)
  1037400     37208 1349253792  0.000  0.000   43.701   25.832    0    0  (Gen:  0)
  1033168     84440 1349308712  0.001  0.000   43.702   25.833    0    0  (Gen:  0)
  1036024    121368 1349364616  0.001  0.000   43.703   25.833    0    0  (Gen:  0)
  1034096    133224 1349430368  0.001  0.000   43.705   25.834    0    0  (Gen:  0)
  1031248    137816 1349491568  0.001  0.000   43.706   25.835    0    0  (Gen:  0)
  1035904    135744 1349552920  0.001  0.000   43.708   25.836    0    0  (Gen:  0)
  1034016    139392 1349620136  0.001  0.000   43.709   25.836    0    0  (Gen:  0)
  1033440    142232 1349684672  0.001  0.000   43.711   25.837    0    0  (Gen:  0)
  1034760    139960 1349747376  0.001  0.000   43.712   25.838    0    0  (Gen:  0)
  1033616    140480 1349812608  0.001  0.000   43.714   25.839    0    0  (Gen:  0)
  1036792    136744 1349870936  0.001  0.000   43.715   25.839    0    0  (Gen:  0)
  1036032    137656 1349937184  0.001  0.000   43.717   25.840    0    0  (Gen:  0)
  1036896    137232 1349996744  0.001  0.000   43.718   25.841    0    0  (Gen:  0)
  1034496    140128 1350064944  0.001  0.000   43.720   25.842    0    0  (Gen:  0)
  1033648    154424 1350139080  0.001  0.000   43.722   25.842    0    0  (Gen:  0)
  1034576    156728 1350209072  0.001  0.000   43.723   25.843    0    0  (Gen:  0)
  1033456    140392 1350267232  0.001  0.000   43.725   25.844    0    0  (Gen:  0)
  1032928    122096 1350319456  0.001  0.000   43.726   25.844    0    0  (Gen:  0)
  1032608    118848 1350371432  0.001  0.000   43.727   25.845    0    0  (Gen:  0)
  1034464    120168 1350429192  0.001  0.000   43.729   25.846    0    0  (Gen:  0)
  1034568    134384 1350495128  0.001  0.000   43.730   25.847    0    0  (Gen:  0)
  1036392    134808 1350549848  0.001  0.000   43.732   25.847    0    0  (Gen:  0)
  1032024    140216 1350624392  0.001  0.000   43.733   25.848    0    0  (Gen:  0)
  1033048    165176 1350701680  0.001  0.000   43.735   25.849    0    0  (Gen:  0)
  1032968    153936 1350765832  0.001  0.000   43.737   25.850    0    0  (Gen:  0)
  1173368    175632 1350870632  0.001  0.000   43.738   25.851    0    0  (Gen:  0)
  1515696    236432 1351060064  0.001  0.000   43.740   25.851    0    0  (Gen:  0)
  2111680    106848 1351127816  0.001  0.000   43.743   25.853    0    0  (Gen:  0)
  1172016     49344 1351146640  0.000  0.000   43.744   25.854    0    0  (Gen:  0)
  3156624     64784 1351189608  0.000  0.000   43.747   25.857    0    0  (Gen:  0)
  1813184     62408 1351219544  0.000  0.000   43.749   25.859    0    0  (Gen:  0)
  3537624    418064 1351886856  0.001  0.000   43.755   25.865    0    0  (Gen:  0)
  1032192    746520 1352230920  0.002  0.001   43.758   25.865    0    0  (Gen:  0)
  1032192    354224 1352574984  0.002  0.000   43.759   25.866    0    0  (Gen:  0)
  1723864    133408 1352767392  0.000  0.000   43.761   25.868    0    0  (Gen:  0)
  1037664     39448 1352785904  0.000  0.000   43.762   25.868    0    0  (Gen:  0)
  1031864     83184 1352839752  0.000  0.000   43.763   25.869    0    0  (Gen:  0)
  1036080    121032 1352896320  0.001  0.000   43.765   25.869    0    0  (Gen:  0)
  1034056    133392 1352962088  0.001  0.000   43.766   25.870    0    0  (Gen:  0)
  1031240    138176 1353023264  0.001  0.000   43.768   25.871    0    0  (Gen:  0)
  1036104    136456 1353085192  0.001  0.000   43.769   25.872    0    0  (Gen:  0)
  1034008    139480 1353152080  0.001  0.000   43.771   25.872    0    0  (Gen:  0)
  1033344    141760 1353216136  0.001  0.000   43.772   25.873    0    0  (Gen:  0)
  1034672    140176 1353278712  0.001  0.000   43.774   25.874    0    0  (Gen:  0)
  1033600    140560 1353344360  0.001  0.000   43.775   25.875    0    0  (Gen:  0)
  1036840    136992 1353402656  0.001  0.000   43.777   25.875    0    0  (Gen:  0)
  1035960    138016 1353469104  0.001  0.000   43.778   25.876    0    0  (Gen:  0)
  1036904    137152 1353528432  0.001  0.000   43.780   25.877    0    0  (Gen:  0)
  1034552    140312 1353596896  0.001  0.000   43.781   25.878    0    0  (Gen:  0)
  1033584    154416 1353670936  0.001  0.000   43.783   25.878    0    0  (Gen:  0)
  1034576    157256 1353741336  0.001  0.000   43.784   25.879    0    0  (Gen:  0)
  1033512    140720 1353799368  0.001  0.000   43.786   25.880    0    0  (Gen:  0)
  1032880    122048 1353851232  0.001  0.000   43.787   25.881    0    0  (Gen:  0)
  1032648    118688 1353903296  0.001  0.000   43.789   25.881    0    0  (Gen:  0)
  1034472    120848 1353961424  0.001  0.000   43.790   25.882    0    0  (Gen:  0)
  1034528    134800 1354027336  0.001  0.000   43.791   25.883    0    0  (Gen:  0)
  1036408    135272 1354082208  0.001  0.000   43.793   25.883    0    0  (Gen:  0)
  1373648    144656 1354488424  0.001  0.000   43.795   25.884    0    0  (Gen:  0)
  1102392    169000 1354630800  0.001  0.000   43.796   25.885    0    0  (Gen:  0)
  1100088    156352 1354762328  0.001  0.000   43.798   25.886    0    0  (Gen:  0)
  1700264    218352 1355037936  0.001  0.000   43.800   25.887    0    0  (Gen:  0)
  3261584    136768 1354987808  0.001  0.000   43.804   25.889    0    0  (Gen:  0)
  1428952     43904 1354996336  0.000  0.000   43.805   25.891    0    0  (Gen:  0)
  2174400     41008 1355017224  0.000  0.000   43.808   25.893    0    0  (Gen:  0)
  1604680     56520 1355048464  0.000  0.000   43.810   25.895    0    0  (Gen:  0)
  2547736    324088 1355371480  0.001  0.001   43.813   25.899    0    0  (Gen:  0)
  1567216    525944 1355775448  0.001  0.001   43.816   25.900    0    0  (Gen:  0)
  1032192    657288 1356119512  0.002  0.001   43.819   25.901    0    0  (Gen:  0)
  1064848    349104 1356494824  0.002  0.000   43.821   25.902    0    0  (Gen:  0)
  1323376     21880 1356534968  0.000  0.000   43.822   25.903    0    0  (Gen:  0)
  1037680     38512 1356553224  0.000  0.000   43.823   25.904    0    0  (Gen:  0)
  1032008     83040 1356610920  0.001  0.000   43.824   25.904    0    0  (Gen:  0)
  1035896    120576 1356667176  0.001  0.000   43.826   25.905    0    0  (Gen:  0)
  1034096    134160 1356733424  0.001  0.000   43.827   25.906    0    0  (Gen:  0)
  1031448    139632 1356795216  0.001  0.000   43.828   25.907    0    0  (Gen:  0)
  1035944    136928 1356856744  0.001  0.000   43.830   25.907    0    0  (Gen:  0)
  1033976    139896 1356924040  0.001  0.000   43.831   25.908    0    0  (Gen:  0)
  1033392    142352 1356988200  0.001  0.000   43.833   25.909    0    0  (Gen:  0)
  1034592    139856 1357050144  0.001  0.000   43.834   25.910    0    0  (Gen:  0)
  1033648    140600 1357116064  0.001  0.000   43.836   25.910    0    0  (Gen:  0)
  1036784    137304 1357174248  0.001  0.000   43.838   25.911    0    0  (Gen:  0)
  1036064    138088 1357240712  0.001  0.000   43.839   25.912    0    0  (Gen:  0)
  1036848    136440 1357299320  0.001  0.000   43.841   25.913    0    0  (Gen:  0)
  1034528    140232 1357368536  0.001  0.000   43.842   25.913    0    0  (Gen:  0)
  1033552    155064 1357442472  0.001  0.000   43.844   25.914    0    0  (Gen:  0)
  1034576    156984 1357512624  0.001  0.000   43.845   25.915    0    0  (Gen:  0)
  1033552    141104 1357571176  0.001  0.000   43.847   25.916    0    0  (Gen:  0)
  1032856    122632 1357623528  0.001  0.000   43.848   25.916    0    0  (Gen:  0)
  1032640    118896 1357675400  0.001  0.000   43.850   25.917    0    0  (Gen:  0)
  1034584    121008 1357733304  0.001  0.000   43.851   25.918    0    0  (Gen:  0)
  1034416    135120 1357799528  0.001  0.000   43.852   25.918    0    0  (Gen:  0)
  1036392    134128 1357853192  0.001  0.000   43.854   25.919    0    0  (Gen:  0)
  1032152    140152 1357928488  0.001  0.000   43.855   25.920    0    0  (Gen:  0)
  1032888    165344 1358004888  0.001  0.000   43.857   25.921    0    0  (Gen:  0)
  1032968    154272 1358069920  0.001  0.000   43.859   25.921    0    0  (Gen:  0)
  2645200    294728 1358328560  0.001  0.000   43.861   25.923    0    0  (Gen:  0)
  3045472    137136 1358238448  0.001  0.000   43.865   25.925    0    0  (Gen:  0)
  1997592     52432 1358255248  0.000  0.000   43.867   25.928    0    0  (Gen:  0)
  2420096     59456 1358279264  0.000  0.000   43.870   25.930    0    0  (Gen:  0)
  1504744     60544 1358313888  0.000  0.000   43.871   25.931    0    0  (Gen:  0)
  2478120    332112 1358754264  0.002  0.000   43.876   25.936    0    0  (Gen:  0)
  1141128    636528 1359145480  0.001  0.001   43.878   25.937    0    0  (Gen:  0)
  1032192    669928 1359489544  0.002  0.001   43.881   25.938    0    0  (Gen:  0)
  2075752    240016 1359788432  0.001  0.000   43.884   25.939    0    0  (Gen:  0)
  1037520     41000 1359808416  0.000  0.000   43.885   25.940    0    0  (Gen:  0)
  1031960     86416 1359867984  0.001  0.000   43.886   25.940    0    0  (Gen:  0)
  1036008    124216 1359925904  0.001  0.000   43.887   25.941    0    0  (Gen:  0)
  1034216    135232 1359991912  0.001  0.000   43.889   25.942    0    0  (Gen:  0)
  1031056    138144 1360052752  0.001  0.000   43.890   25.943    0    0  (Gen:  0)
  1035984    135952 1360114200  0.001  0.000   43.892   25.943    0    0  (Gen:  0)
  1034008    138664 1360180128  0.001  0.000   43.893   25.944    0    0  (Gen:  0)
  1033080    143712 1360246400  0.001  0.000   43.895   25.945    0    0  (Gen:  0)
  1034824    138320 1360307656  0.001  0.000   43.896   25.946    0    0  (Gen:  0)
  1034064    140424 1360373768  0.001  0.000   43.898   25.946    0    0  (Gen:  0)
  1036608    134560 1360431320  0.001  0.000   43.899   25.947    0    0  (Gen:  0)
  1036184    136440 1360496448  0.001  0.000   43.901   25.948    0    0  (Gen:  0)
  1036632    137784 1360557144  0.001  0.000   43.902   25.949    0    0  (Gen:  0)
  1034600    141888 1360625600  0.001  0.000   43.904   25.949    0    0  (Gen:  0)
  1033752    155384 1360699888  0.001  0.000   43.906   25.950    0    0  (Gen:  0)
  1034504    158840 1360771096  0.001  0.000   43.907   25.951    0    0  (Gen:  0)
  1033432    139440 1360826424  0.001  0.000   43.909   25.952    0    0  (Gen:  0)
  1032976    119728 1360879776  0.001  0.000   43.910   25.952    0    0  (Gen:  0)
  1032344    119560 1360931016  0.001  0.000   43.911   25.953    0    0  (Gen:  0)
  1034688    119944 1360988744  0.001  0.000   43.913   25.954    0    0  (Gen:  0)
  1034744    134056 1361054088  0.001  0.000   43.914   25.954    0    0  (Gen:  0)
  1036336    134512 1361111112  0.001  0.000   43.916   25.955    0    0  (Gen:  0)
  1031576    143768 1361186592  0.001  0.000   43.917   25.956    0    0  (Gen:  0)
  1033144    166072 1361263904  0.001  0.000   43.919   25.957    0    0  (Gen:  0)
  1033016    152584 1361326080  0.001  0.000   43.921   25.957    0    0  (Gen:  0)
  1897176    260392 1361550088  0.001  0.001   43.923   25.959    0    0  (Gen:  0)
  1936864    128544 1361477728  0.001  0.000   43.925   25.961    0    0  (Gen:  0)
  1106976     38832 1361484216  0.000  0.000   43.927   25.962    0    0  (Gen:  0)
  1178328     40080 1361500472  0.000  0.000   43.928   25.963    0    0  (Gen:  0)
  1107808     35632 1361514216  0.000  0.000   43.930   25.964    0    0  (Gen:  0)
  1228176     36536 1361526936  0.000  0.000   43.931   25.966    0    0  (Gen:  0)
  1392560     50576 1361557192  0.000  0.000   43.933   25.967    0    0  (Gen:  0)
  3330184    439248 1362185296  0.002  0.001   43.939   25.972    0    0  (Gen:  0)
  1032192    771320 1362529360  0.003  0.001   43.942   25.973    0    0  (Gen:  0)
  1032192    354400 1362873424  0.002  0.001   43.944   25.974    0    0  (Gen:  0)
  1669464    104672 1363036912  0.001  0.000   43.947   25.976    0    0  (Gen:  0)
  1037520     41112 1363056896  0.000  0.000   43.948   25.976    0    0  (Gen:  0)
  1031744     85032 1363110912  0.001  0.000   43.949   25.977    0    0  (Gen:  0)
  1036208    123040 1363168968  0.001  0.000   43.950   25.977    0    0  (Gen:  0)
  1034160    135344 1363235160  0.001  0.000   43.952   25.978    0    0  (Gen:  0)
  1031128    137872 1363295592  0.001  0.000   43.953   25.979    0    0  (Gen:  0)
  1035968    136128 1363357768  0.001  0.000   43.954   25.980    0    0  (Gen:  0)
  1033952    139376 1363423928  0.001  0.000   43.956   25.981    0    0  (Gen:  0)
  1033128    144096 1363490128  0.001  0.000   43.957   25.981    0    0  (Gen:  0)
  1034824    138552 1363551272  0.001  0.000   43.959   25.982    0    0  (Gen:  0)
  1034088    141152 1363618072  0.001  0.000   43.960   25.983    0    0  (Gen:  0)
  1036600    135072 1363675464  0.001  0.000   43.962   25.984    0    0  (Gen:  0)
  1036176    135808 1363740160  0.001  0.000   43.963   25.984    0    0  (Gen:  0)
  1036640    137680 1363800984  0.001  0.000   43.965   25.985    0    0  (Gen:  0)
  1034560    142136 1363869560  0.001  0.000   43.967   25.986    0    0  (Gen:  0)
  1033800    155640 1363943856  0.001  0.000   43.968   25.987    0    0  (Gen:  0)
  1034400    159184 1364015264  0.001  0.000   43.970   25.987    0    0  (Gen:  0)
  1033512    139512 1364070296  0.001  0.000   43.971   25.988    0    0  (Gen:  0)
  1032984    119704 1364123600  0.001  0.000   43.973   25.989    0    0  (Gen:  0)
  1032264    120032 1364175312  0.001  0.000   43.974   25.989    0    0  (Gen:  0)
  1034744    120112 1364232792  0.001  0.000   43.975   25.990    0    0  (Gen:  0)
  1034688    134016 1364297880  0.001  0.000   43.977   25.991    0    0  (Gen:  0)
  1036400    136256 1364356616  0.001  0.000   43.978   25.992    0    0  (Gen:  0)
  1031592    144328 1364430984  0.001  0.000   43.980   25.992    0    0  (Gen:  0)
  1033128    165720 1364508720  0.001  0.000   43.981   25.993    0    0  (Gen:  0)
  1033008    153032 1364570888  0.001  0.000   43.983   25.994    0    0  (Gen:  0)
  2375920    271656 1364838640  0.001  0.000   43.986   25.995    0    0  (Gen:  0)
  1864880    125928 1364686984  0.001  0.000   43.988   25.997    0    0  (Gen:  0)
  2721368     49888 1364746584  0.000  0.000   43.990   25.999    0    0  (Gen:  0)
  2032960     59304 1364768288  0.000  0.000   43.993   26.001    0    0  (Gen:  0)
  1103472     45456 1364781792  0.000  0.000   43.994   26.003    0    0  (Gen:  0)
  1182984     45912 1364802824  0.000  0.000   43.996   26.004    0    0  (Gen:  0)
  1522680     42392 1364821584  0.000  0.000   43.997   26.006    0    0  (Gen:  0)
  2522752     70472 1364870280  0.001  0.000   44.000   26.008    0    0  (Gen:  0)
  1171736     56032 1364889712  0.000  0.000   44.002   26.010    0    0  (Gen:  0)
  3304272     86576 1364956320  0.001  0.000   44.006   26.013    0    0  (Gen:  0)
  2245912     83064 1365032616  0.001  0.000   44.008   26.015    0    0  (Gen:  0)
  2795600    522016 1365692864  0.001  0.001   44.013   26.020    0    0  (Gen:  0)
  1032192    847128 1366036928  0.002  0.001   44.016   26.021    0    0  (Gen:  0)
  1032192    354480 1366380992  0.002  0.000   44.018   26.021    0    0  (Gen:  0)
  1449992     27824 1366467552  0.000  0.000   44.020   26.023    0    0  (Gen:  0)
  1037008     42152 1366488528  0.000  0.000   44.021   26.023    0    0  (Gen:  0)
  1033232     87200 1366547744  0.001  0.000   44.022   26.024    0    0  (Gen:  0)
  1036248    122752 1366603528  0.001  0.000   44.023   26.025    0    0  (Gen:  0)
  1034264    134296 1366670000  0.001  0.000   44.025   26.025    0    0  (Gen:  0)
  1030888    138032 1366730096  0.001  0.000   44.026   26.026    0    0  (Gen:  0)
  1036152    136296 1366792168  0.001  0.000   44.028   26.027    0    0  (Gen:  0)
  1033688    139320 1366858104  0.001  0.000   44.029   26.028    0    0  (Gen:  0)
  1033416    144264 1366924520  0.001  0.000   44.031   26.028    0    0  (Gen:  0)
  1034824    138888 1366985816  0.001  0.000   44.032   26.029    0    0  (Gen:  0)
  1033936    140616 1367051768  0.001  0.000   44.034   26.030    0    0  (Gen:  0)
  1036472    134840 1367109312  0.001  0.000   44.035   26.031    0    0  (Gen:  0)
  1036384    135872 1367173784  0.001  0.000   44.037   26.031    0    0  (Gen:  0)
  1036656    138664 1367235928  0.001  0.000   44.038   26.032    0    0  (Gen:  0)
  1034656    142600 1367303592  0.001  0.000   44.040   26.033    0    0  (Gen:  0)
  1033600    154848 1367378008  0.001  0.000   44.042   26.034    0    0  (Gen:  0)
  1034528    159648 1367449704  0.001  0.000   44.043   26.034    0    0  (Gen:  0)
  1033544    138744 1367504040  0.001  0.000   44.045   26.035    0    0  (Gen:  0)
  1032888    119800 1367557992  0.001  0.000   44.046   26.036    0    0  (Gen:  0)
  1032328    120592 1367609720  0.001  0.000   44.048   26.037    0    0  (Gen:  0)
  1034800    120720 1367667312  0.001  0.000   44.049   26.037    0    0  (Gen:  0)
  1034672    133304 1367731680  0.001  0.000   44.050   26.038    0    0  (Gen:  0)
  1036424    135352 1367790304  0.001  0.000   44.052   26.039    0    0  (Gen:  0)
  1031488    145024 1367865384  0.001  0.000   44.053   26.039    0    0  (Gen:  0)
  1033192    166152 1367942712  0.001  0.000   44.055   26.040    0    0  (Gen:  0)
  1032736    152120 1368004160  0.001  0.000   44.057   26.041    0    0  (Gen:  0)
  1182424    176880 1368144840  0.001  0.000   44.059   26.042    0    0  (Gen:  0)
  1446096    241880 1368303248  0.001  0.000   44.061   26.043    0    0  (Gen:  0)
  2153960    103176 1368373696  0.001  0.000   44.063   26.045    0    0  (Gen:  0)
  2233488     60320 1368407248  0.000  0.000   44.065   26.047    0    0  (Gen:  0)
  2693920     70352 1368446680  0.000  0.000   44.068   26.050    0    0  (Gen:  0)
  2576288     94736 1368540712  0.001  0.000   44.071   26.052    0    0  (Gen:  0)
  2316688    440048 1369094144  0.002  0.001   44.076   26.056    0    0  (Gen:  0)
  1032192    740048 1369438208  0.001  0.001   44.078   26.057    0    0  (Gen:  0)
  1032192    354584 1369782272  0.001  0.000   44.080   26.058    0    0  (Gen:  0)
  1636656    103872 1369944776  0.000  0.000   44.082   26.059    0    0  (Gen:  0)
  1037400     40408 1369963656  0.000  0.000   44.083   26.060    0    0  (Gen:  0)
  1033176     84952 1370022664  0.001  0.000   44.084   26.060    0    0  (Gen:  0)
  1036024    121880 1370078568  0.001  0.000   44.086   26.061    0    0  (Gen:  0)
  1034096    133736 1370144320  0.001  0.000   44.087   26.062    0    0  (Gen:  0)
  1031248    138328 1370205520  0.001  0.000   44.089   26.062    0    0  (Gen:  0)
  1035904    136256 1370266872  0.001  0.000   44.090   26.063    0    0  (Gen:  0)
  1034016    139904 1370334088  0.001  0.000   44.092   26.064    0    0  (Gen:  0)
  1033440    142744 1370398624  0.001  0.000   44.093   26.065    0    0  (Gen:  0)
  1034760    140472 1370461328  0.001  0.000   44.095   26.065    0    0  (Gen:  0)
  1033616    140992 1370526560  0.001  0.000   44.097   26.066    0    0  (Gen:  0)
  1036792    137256 1370584888  0.001  0.000   44.098   26.067    0    0  (Gen:  0)
  1036032    138168 1370651136  0.001  0.000   44.100   26.068    0    0  (Gen:  0)
  1036896    137744 1370710696  0.001  0.000   44.101   26.068    0    0  (Gen:  0)
  1034496    140640 1370778896  0.001  0.000   44.103   26.069    0    0  (Gen:  0)
  1033648    154936 1370853032  0.001  0.000   44.104   26.070    0    0  (Gen:  0)
  1034576    157240 1370923024  0.001  0.000   44.106   26.071    0    0  (Gen:  0)
  1033456    140904 1370981184  0.001  0.000   44.107   26.071    0    0  (Gen:  0)
  1032928    122608 1371033408  0.001  0.000   44.109   26.072    0    0  (Gen:  0)
  1032608    119360 1371085384  0.001  0.000   44.110   26.073    0    0  (Gen:  0)
  1034464    120680 1371143144  0.001  0.000   44.111   26.073    0    0  (Gen:  0)
  1034568    134896 1371209080  0.001  0.000   44.113   26.074    0    0  (Gen:  0)
  1036392    135320 1371263800  0.001  0.000   44.114   26.075    0    0  (Gen:  0)
  1032024    140728 1371338344  0.001  0.000   44.116   26.076    0    0  (Gen:  0)
  1033048    165688 1371415632  0.001  0.000   44.118   26.076    0    0  (Gen:  0)
  1032968    154448 1371479784  0.001  0.000   44.119   26.077    0    0  (Gen:  0)
  2484648    278328 1371756432  0.001  0.000   44.122   26.079    0    0  (Gen:  0)
  1503016    126680 1371637896  0.000  0.000   44.124   26.080    0    0  (Gen:  0)
  3761216     49968 1371663416  0.000  0.000   44.127   26.083    0    0  (Gen:  0)
  2357472     67808 1371693256  0.001  0.000   44.130   26.086    0    0  (Gen:  0)
  2383968    254408 1372020272  0.001  0.000   44.134   26.089    0    0  (Gen:  0)
  2121880    626272 1372531888  0.001  0.000   44.137   26.091    0    0  (Gen:  0)
  1032192    825976 1372875952  0.003  0.001   44.140   26.092    0    0  (Gen:  0)
  2094448    257352 1373191880  0.001  0.000   44.143   26.094    0    0  (Gen:  0)
  1037672     39808 1373214472  0.000  0.000   44.144   26.095    0    0  (Gen:  0)
  1031864     83600 1373268320  0.001  0.000   44.145   26.095    0    0  (Gen:  0)
  1036080    121448 1373324888  0.001  0.000   44.146   26.096    0    0  (Gen:  0)
  1034056    133808 1373390656  0.001  0.000   44.148   26.097    0    0  (Gen:  0)
  1031240    138592 1373451832  0.001  0.000   44.149   26.097    0    0  (Gen:  0)
  1036104    136872 1373513760  0.001  0.000   44.151   26.098    0    0  (Gen:  0)
  1034008    139896 1373580648  0.001  0.000   44.152   26.099    0    0  (Gen:  0)
  1033344    142176 1373644704  0.001  0.000   44.154   26.100    0    0  (Gen:  0)
  1034672    140592 1373707280  0.001  0.000   44.155   26.100    0    0  (Gen:  0)
  1033600    140976 1373772928  0.001  0.000   44.157   26.101    0    0  (Gen:  0)
  1036840    137408 1373831224  0.001  0.000   44.158   26.102    0    0  (Gen:  0)
  1035960    138432 1373897672  0.001  0.000   44.160   26.103    0    0  (Gen:  0)
  1036904    137568 1373957000  0.001  0.000   44.161   26.103    0    0  (Gen:  0)
  1034552    140728 1374025464  0.001  0.000   44.162   26.104    0    0  (Gen:  0)
  1033584    154832 1374099504  0.001  0.000   44.164   26.105    0    0  (Gen:  0)
  1034576    157672 1374169904  0.001  0.000   44.166   26.106    0    0  (Gen:  0)
  1033512    141136 1374227936  0.001  0.000   44.167   26.106    0    0  (Gen:  0)
  1032880    122464 1374279800  0.001  0.000   44.168   26.107    0    0  (Gen:  0)
  1204768    121552 1374498032  0.001  0.000   44.170   26.108    0    0  (Gen:  0)
  1034472    123592 1374556160  0.001  0.000   44.171   26.108    0    0  (Gen:  0)
  1131784    136584 1374688904  0.001  0.000   44.173   26.109    0    0  (Gen:  0)
  1033848    138632 1374745472  0.001  0.000   44.174   26.110    0    0  (Gen:  0)
  1134976    144688 1374920336  0.001  0.000   44.176   26.111    0    0  (Gen:  0)
  1033136    168304 1374998088  0.001  0.000   44.177   26.111    0    0  (Gen:  0)
  1120120    155280 1375127768  0.001  0.000   44.179   26.112    0    0  (Gen:  0)
  2456264    277472 1375432064  0.001  0.000   44.182   26.114    0    0  (Gen:  0)
  1712232    128400 1375415288  0.000  0.000   44.184   26.115    0    0  (Gen:  0)
  2841664     45928 1375470504  0.000  0.000   44.187   26.118    0    0  (Gen:  0)
  1603600     45904 1375479504  0.000  0.000   44.189   26.119    0    0  (Gen:  0)
  1303960     49200 1375502376  0.000  0.000   44.190   26.121    0    0  (Gen:  0)
  2226896    198712 1375676056  0.000  0.000   44.193   26.124    0    0  (Gen:  0)
  2551640    635992 1376344536  0.002  0.001   44.197   26.128    0    0  (Gen:  0)
  1032192    877888 1376688600  0.003  0.001   44.201   26.129    0    0  (Gen:  0)
  2066016    248000 1376995072  0.001  0.000   44.203   26.131    0    0  (Gen:  0)
  1037584     40288 1377014000  0.000  0.000   44.204   26.131    0    0  (Gen:  0)
  1031968     83672 1377071504  0.001  0.000   44.205   26.132    0    0  (Gen:  0)
  1036080    121312 1377128072  0.001  0.000   44.207   26.133    0    0  (Gen:  0)
  1034056    133904 1377193840  0.001  0.000   44.208   26.134    0    0  (Gen:  0)
  1031240    138688 1377255016  0.001  0.000   44.210   26.134    0    0  (Gen:  0)
  1036104    136968 1377316944  0.001  0.000   44.211   26.135    0    0  (Gen:  0)
  1034008    139992 1377383832  0.001  0.000   44.213   26.136    0    0  (Gen:  0)
  1033344    142272 1377447888  0.001  0.000   44.214   26.137    0    0  (Gen:  0)
  1034672    140688 1377510464  0.001  0.000   44.216   26.137    0    0  (Gen:  0)
  1033600    141072 1377576112  0.001  0.000   44.218   26.138    0    0  (Gen:  0)
  1036840    137504 1377634408  0.001  0.000   44.219   26.139    0    0  (Gen:  0)
  1035960    138528 1377700856  0.001  0.000   44.221   26.140    0    0  (Gen:  0)
  1036904    137664 1377760184  0.001  0.000   44.222   26.140    0    0  (Gen:  0)
  1034552    140824 1377828648  0.001  0.000   44.224   26.141    0    0  (Gen:  0)
  1033584    154928 1377902688  0.001  0.000   44.225   26.142    0    0  (Gen:  0)
  1034576    157768 1377973088  0.001  0.000   44.227   26.143    0    0  (Gen:  0)
  1033512    141232 1378031120  0.001  0.000   44.228   26.143    0    0  (Gen:  0)
  1032880    122560 1378082984  0.001  0.000   44.230   26.144    0    0  (Gen:  0)
  1032648    119200 1378135048  0.001  0.000   44.231   26.145    0    0  (Gen:  0)
  1034472    121360 1378193176  0.001  0.000   44.233   26.145    0    0  (Gen:  0)
  1034528    135312 1378259088  0.001  0.000   44.234   26.146    0    0  (Gen:  0)
  1036408    135784 1378313960  0.001  0.000   44.235   26.147    0    0  (Gen:  0)
  1032144    141144 1378388672  0.001  0.000   44.237   26.148    0    0  (Gen:  0)
  1032896    164984 1378464840  0.001  0.000   44.239   26.148    0    0  (Gen:  0)
  1032968    154792 1378530064  0.001  0.000   44.240   26.149    0    0  (Gen:  0)
  2428168    277496 1378804136  0.002  0.000   44.244   26.151    0    0  (Gen:  0)
  3146544    138608 1378699896  0.001  0.000   44.247   26.153    0    0  (Gen:  0)
  3067128     60240 1378727304  0.000  0.000   44.250   26.156    0    0  (Gen:  0)
  1455608     58560 1378750680  0.000  0.000   44.252   26.158    0    0  (Gen:  0)
  2324576    282040 1379031216  0.001  0.001   44.255   26.162    0    0  (Gen:  0)
  2077912    624264 1379578272  0.002  0.001   44.258   26.164    0    0  (Gen:  0)
  1032192    820488 1379922336  0.003  0.001   44.262   26.165    0    0  (Gen:  0)
  2113280    262816 1380243608  0.001  0.000   44.264   26.167    0    0  (Gen:  0)
  1037400     40392 1380262488  0.000  0.000   44.265   26.168    0    0  (Gen:  0)
  1033136     85152 1380321456  0.001  0.000   44.267   26.168    0    0  (Gen:  0)
  1036024    122080 1380377360  0.001  0.000   44.268   26.169    0    0  (Gen:  0)
  1034096    133936 1380443112  0.001  0.000   44.269   26.170    0    0  (Gen:  0)
  1031248    138528 1380504312  0.001  0.000   44.271   26.170    0    0  (Gen:  0)
  1035904    136456 1380565664  0.001  0.000   44.272   26.171    0    0  (Gen:  0)
  1034016    140104 1380632880  0.001  0.000   44.274   26.172    0    0  (Gen:  0)
  1033440    142944 1380697416  0.001  0.000   44.276   26.173    0    0  (Gen:  0)
  1034760    140672 1380760120  0.001  0.000   44.277   26.173    0    0  (Gen:  0)
  1033616    141192 1380825352  0.001  0.000   44.279   26.174    0    0  (Gen:  0)
  1036792    137456 1380883680  0.001  0.000   44.280   26.175    0    0  (Gen:  0)
  1036032    138368 1380949928  0.001  0.000   44.282   26.176    0    0  (Gen:  0)
  1036896    137944 1381009488  0.001  0.000   44.283   26.176    0    0  (Gen:  0)
  1034496    140840 1381077688  0.001  0.000   44.285   26.177    0    0  (Gen:  0)
  1033648    155136 1381151824  0.001  0.000   44.286   26.178    0    0  (Gen:  0)
  1034576    157440 1381221816  0.001  0.000   44.288   26.179    0    0  (Gen:  0)
  1033456    141104 1381279976  0.001  0.000   44.289   26.179    0    0  (Gen:  0)
  1032928    122808 1381332200  0.001  0.000   44.291   26.180    0    0  (Gen:  0)
  1032608    119560 1381384176  0.001  0.000   44.292   26.181    0    0  (Gen:  0)
  1034464    120880 1381441936  0.001  0.000   44.294   26.182    0    0  (Gen:  0)
  1034568    135096 1381507872  0.001  0.000   44.295   26.182    0    0  (Gen:  0)
  1036392    135520 1381562592  0.001  0.000   44.297   26.183    0    0  (Gen:  0)
  1032024    140928 1381637136  0.001  0.000   44.298   26.184    0    0  (Gen:  0)
  1033048    165888 1381714424  0.001  0.000   44.300   26.185    0    0  (Gen:  0)
  1032968    154648 1381778576  0.001  0.000   44.301   26.185    0    0  (Gen:  0)
  1472136    197120 1381936928  0.001  0.000   44.303   26.186    0    0  (Gen:  0)
  1545368    260576 1382100984  0.001  0.000   44.306   26.187    0    0  (Gen:  0)
  2887816     96792 1382154312  0.000  0.000   44.309   26.190    0    0  (Gen:  0)
  1143152     47232 1382170824  0.000  0.000   44.310   26.191    0    0  (Gen:  0)
  2700984     63992 1382213624  0.000  0.000   44.313   26.194    0    0  (Gen:  0)
  3129880    141896 1382306304  0.000  0.000   44.316   26.197    0    0  (Gen:  0)
  2246696    510592 1382934640  0.003  0.001   44.321   26.201    0    0  (Gen:  0)
  1032192    807224 1383278704  0.003  0.001   44.325   26.202    0    0  (Gen:  0)
  1032192    354824 1383622768  0.002  0.001   44.327   26.203    0    0  (Gen:  0)
  1431504     35560 1383716728  0.000  0.000   44.329   26.204    0    0  (Gen:  0)
  1037400     40424 1383735608  0.000  0.000   44.330   26.205    0    0  (Gen:  0)
  1033184     85200 1383794624  0.001  0.000   44.331   26.205    0    0  (Gen:  0)
  1036024    122128 1383850528  0.001  0.000   44.333   26.206    0    0  (Gen:  0)
  1034096    133984 1383916280  0.001  0.000   44.334   26.207    0    0  (Gen:  0)
  1031248    138576 1383977480  0.001  0.000   44.335   26.207    0    0  (Gen:  0)
  1035904    136504 1384038832  0.001  0.000   44.337   26.208    0    0  (Gen:  0)
  1034016    140152 1384106048  0.001  0.000   44.338   26.209    0    0  (Gen:  0)
  1033440    142992 1384170584  0.001  0.000   44.340   26.210    0    0  (Gen:  0)
  1034760    140720 1384233288  0.001  0.000   44.341   26.210    0    0  (Gen:  0)
  1033616    141240 1384298520  0.001  0.000   44.343   26.211    0    0  (Gen:  0)
  1036792    137504 1384356848  0.001  0.000   44.344   26.212    0    0  (Gen:  0)
  1036032    138416 1384423096  0.001  0.000   44.346   26.213    0    0  (Gen:  0)
  1036896    137992 1384482656  0.001  0.000   44.347   26.213    0    0  (Gen:  0)
  1034496    140888 1384550856  0.001  0.000   44.349   26.214    0    0  (Gen:  0)
  1033648    155184 1384624992  0.001  0.000   44.351   26.215    0    0  (Gen:  0)
  1034576    157488 1384694984  0.001  0.000   44.352   26.216    0    0  (Gen:  0)
  1033456    141152 1384753144  0.001  0.000   44.354   26.216    0    0  (Gen:  0)
  1032928    122856 1384805368  0.001  0.000   44.355   26.217    0    0  (Gen:  0)
  1032608    119608 1384857344  0.001  0.000   44.356   26.218    0    0  (Gen:  0)
  1034464    120928 1384915104  0.001  0.000   44.358   26.218    0    0  (Gen:  0)
  1034568    135144 1384981040  0.001  0.000   44.359   26.219    0    0  (Gen:  0)
  1036392    135568 1385035760  0.001  0.000   44.361   26.220    0    0  (Gen:  0)
  1032024    140976 1385110304  0.001  0.000   44.362   26.221    0    0  (Gen:  0)
  1033048    165936 1385187592  0.001  0.000   44.364   26.221    0    0  (Gen:  0)
  1032968    154696 1385251744  0.001  0.000   44.366   26.222    0    0  (Gen:  0)
  2422768    276544 1385522224  0.001  0.000   44.368   26.223    0    0  (Gen:  0)
  1576976    128440 1385403192  0.001  0.000   44.370   26.225    0    0  (Gen:  0)
  1148704     34856 1385414536  0.000  0.000   44.371   26.226    0    0  (Gen:  0)
  1906208     41032 1385428128  0.000  0.000   44.374   26.228    0    0  (Gen:  0)
  1180992     39928 1385439184  0.000  0.000   44.375   26.229    0    0  (Gen:  0)
  1921960     49320 1385462096  0.000  0.000   44.377   26.231    0    0  (Gen:  0)
  3436720    520048 1386168144  0.001  0.001   44.382   26.236    0    0  (Gen:  0)
  1032192    841128 1386512208  0.002  0.001   44.385   26.236    0    0  (Gen:  0)
  1032192    354912 1386856272  0.002  0.000   44.387   26.237    0    0  (Gen:  0)
  1436680     38680 1386957360  0.001  0.000   44.389   26.239    0    0  (Gen:  0)
  1037680     40128 1386975616  0.000  0.000   44.390   26.239    0    0  (Gen:  0)
  1031864     83864 1387029464  0.000  0.000   44.391   26.240    0    0  (Gen:  0)
  1036080    121712 1387086032  0.001  0.000   44.392   26.240    0    0  (Gen:  0)
  1034056    134072 1387151800  0.001  0.000   44.394   26.241    0    0  (Gen:  0)
  1031240    138856 1387212976  0.001  0.000   44.395   26.242    0    0  (Gen:  0)
  1036104    137136 1387274904  0.001  0.000   44.397   26.243    0    0  (Gen:  0)
  1034008    140160 1387341792  0.001  0.000   44.398   26.243    0    0  (Gen:  0)
  1033344    142440 1387405848  0.001  0.000   44.400   26.244    0    0  (Gen:  0)
  1034672    140856 1387468424  0.001  0.000   44.401   26.245    0    0  (Gen:  0)
  1033600    141240 1387534072  0.001  0.000   44.403   26.246    0    0  (Gen:  0)
  1036840    137672 1387592368  0.001  0.000   44.404   26.246    0    0  (Gen:  0)
  1035960    138696 1387658816  0.001  0.000   44.406   26.247    0    0  (Gen:  0)
  1036904    137832 1387718144  0.001  0.000   44.407   26.248    0    0  (Gen:  0)
  1034552    140992 1387786608  0.001  0.000   44.409   26.249    0    0  (Gen:  0)
  1033584    155096 1387860648  0.001  0.000   44.410   26.249    0    0  (Gen:  0)
  1034576    157936 1387931048  0.001  0.000   44.412   26.250    0    0  (Gen:  0)
  1033512    141400 1387989080  0.001  0.000   44.413   26.251    0    0  (Gen:  0)
  1032880    122728 1388040944  0.001  0.000   44.415   26.252    0    0  (Gen:  0)
  1032648    119368 1388093008  0.001  0.000   44.416   26.252    0    0  (Gen:  0)
  1034472    121528 1388151136  0.001  0.000   44.417   26.253    0    0  (Gen:  0)
  1034528    135480 1388217048  0.001  0.000   44.419   26.254    0    0  (Gen:  0)
  1036408    135952 1388271920  0.001  0.000   44.420   26.254    0    0  (Gen:  0)
  1032144    141312 1388346632  0.001  0.000   44.422   26.255    0    0  (Gen:  0)
  1032896    165152 1388422800  0.001  0.000   44.423   26.256    0    0  (Gen:  0)
  1032968    154960 1388488024  0.001  0.000   44.425   26.257    0    0  (Gen:  0)
  1617024    211504 1388691872  0.001  0.000   44.427   26.258    0    0  (Gen:  0)
  1516872    274152 1388824232  0.001  0.000   44.429   26.258    0    0  (Gen:  0)
  3630736     93264 1388907144  0.001  0.000   44.433   26.262    0    0  (Gen:  0)
  1105568     53312 1388927496  0.000  0.000   44.434   26.263    0    0  (Gen:  0)
  2832736     66952 1388974576  0.001  0.000   44.438   26.266    0    0  (Gen:  0)
  2856232     71608 1389011840  0.001  0.000   44.441   26.269    0    0  (Gen:  0)
  1793464     67768 1389048992  0.001  0.000   44.443   26.271    0    0  (Gen:  0)
  2615792     80320 1389100664  0.001  0.000   44.446   26.274    0    0  (Gen:  0)
  2860856     91376 1389155176  0.001  0.000   44.449   26.277    0    0  (Gen:  0)
  2582096    358648 1389642424  0.002  0.001   44.454   26.281    0    0  (Gen:  0)
  1469304    645928 1390003880  0.002  0.000   44.457   26.282    0    0  (Gen:  0)
  1032192    680952 1390347920  0.002  0.001   44.460   26.283    0    0  (Gen:  0)
  2029288    235936 1390642136  0.001  0.000   44.462   26.285    0    0  (Gen:  0)
  1037584     40512 1390661064  0.000  0.000   44.463   26.286    0    0  (Gen:  0)
  1031944     85344 1390715928  0.001  0.000   44.464   26.286    0    0  (Gen:  0)
  1036088    121488 1390775144  0.001  0.000   44.466   26.287    0    0  (Gen:  0)
  1034056    133360 1390840912  0.001  0.000   44.467   26.288    0    0  (Gen:  0)
  1031240    138888 1390902088  0.001  0.000   44.469   26.289    0    0  (Gen:  0)
  1036104    137168 1390964016  0.001  0.000   44.470   26.289    0    0  (Gen:  0)
  1034008    140192 1391030904  0.001  0.000   44.472   26.290    0    0  (Gen:  0)
  1033344    142472 1391094960  0.001  0.000   44.473   26.291    0    0  (Gen:  0)
  1034672    140888 1391157536  0.001  0.000   44.475   26.292    0    0  (Gen:  0)
  1033600    141272 1391223184  0.001  0.000   44.476   26.292    0    0  (Gen:  0)
  1036840    137704 1391281480  0.001  0.000   44.478   26.293    0    0  (Gen:  0)
  1035960    138728 1391347928  0.001  0.000   44.479   26.294    0    0  (Gen:  0)
  1036904    137864 1391407256  0.001  0.000   44.481   26.294    0    0  (Gen:  0)
  1034552    141024 1391475720  0.001  0.000   44.482   26.295    0    0  (Gen:  0)
  1033584    155128 1391549760  0.001  0.000   44.484   26.296    0    0  (Gen:  0)
  1034576    157968 1391620160  0.001  0.000   44.486   26.297    0    0  (Gen:  0)
  1033512    141432 1391678192  0.001  0.000   44.487   26.298    0    0  (Gen:  0)
  1032880    122760 1391730056  0.001  0.000   44.489   26.298    0    0  (Gen:  0)
  1032648    119400 1391782120  0.001  0.000   44.490   26.299    0    0  (Gen:  0)
  1034472    121560 1391840248  0.001  0.000   44.491   26.300    0    0  (Gen:  0)
  1034528    135512 1391906160  0.001  0.000   44.493   26.300    0    0  (Gen:  0)
  1036408    135984 1391961032  0.001  0.000   44.494   26.301    0    0  (Gen:  0)
  1032144    141344 1392035744  0.001  0.000   44.496   26.302    0    0  (Gen:  0)
  1032896    165184 1392111912  0.001  0.000   44.497   26.303    0    0  (Gen:  0)
  1032968    154992 1392177136  0.001  0.000   44.499   26.303    0    0  (Gen:  0)
  2415480    278040 1392447480  0.001  0.000   44.502   26.305    0    0  (Gen:  0)
  2334624    136336 1392336232  0.001  0.000   44.504   26.307    0    0  (Gen:  0)
  1148824     43712 1392344936  0.000  0.000   44.506   26.308    0    0  (Gen:  0)
  1143520     37496 1392355600  0.000  0.000   44.507   26.309    0    0  (Gen:  0)
  1604272     41792 1392368032  0.000  0.000   44.509   26.311    0    0  (Gen:  0)
  1516584     47248 1392388336  0.000  0.000   44.511   26.313    0    0  (Gen:  0)
  2794584    339664 1392843336  0.001  0.001   44.516   26.318    0    0  (Gen:  0)
  1622304    642320 1393238568  0.002  0.000   44.518   26.319    0    0  (Gen:  0)
  1032192    680592 1393582608  0.002  0.001   44.521   26.320    0    0  (Gen:  0)
  2075904    240792 1393881568  0.001  0.000   44.523   26.322    0    0  (Gen:  0)
  1037512     41832 1393905672  0.000  0.000   44.525   26.322    0    0  (Gen:  0)
  1031944     87144 1393961096  0.000  0.000   44.526   26.323    0    0  (Gen:  0)
  1036008    124944 1394019016  0.001  0.000   44.527   26.323    0    0  (Gen:  0)
  1034216    135960 1394085024  0.001  0.000   44.528   26.324    0    0  (Gen:  0)
  1031056    138872 1394145864  0.001  0.000   44.530   26.325    0    0  (Gen:  0)
  1035984    136680 1394207312  0.001  0.000   44.531   26.326    0    0  (Gen:  0)
  1034008    139392 1394273240  0.001  0.000   44.533   26.326    0    0  (Gen:  0)
  1033080    144440 1394339512  0.001  0.000   44.534   26.327    0    0  (Gen:  0)
  1034824    139048 1394400768  0.001  0.000   44.536   26.328    0    0  (Gen:  0)
  1034064    141152 1394466880  0.001  0.000   44.538   26.329    0    0  (Gen:  0)
  1036608    135288 1394524432  0.001  0.000   44.539   26.329    0    0  (Gen:  0)
  1036184    137168 1394589560  0.001  0.000   44.541   26.330    0    0  (Gen:  0)
  1036632    138512 1394650256  0.001  0.000   44.542   26.331    0    0  (Gen:  0)
  1034600    142616 1394718712  0.001  0.000   44.544   26.332    0    0  (Gen:  0)
  1033752    156112 1394793000  0.001  0.000   44.545   26.332    0    0  (Gen:  0)
  1034504    159568 1394864208  0.001  0.000   44.547   26.333    0    0  (Gen:  0)
  1033432    140168 1394919536  0.001  0.000   44.548   26.334    0    0  (Gen:  0)
  1032976    120456 1394972888  0.001  0.000   44.550   26.335    0    0  (Gen:  0)
  1032344    120288 1395024128  0.001  0.000   44.551   26.335    0    0  (Gen:  0)
  1034688    120672 1395081856  0.001  0.000   44.552   26.336    0    0  (Gen:  0)
  1034744    134784 1395147200  0.001  0.000   44.554   26.337    0    0  (Gen:  0)
  1036336    135240 1395204224  0.001  0.000   44.555   26.337    0    0  (Gen:  0)
  1031576    144496 1395279704  0.001  0.000   44.557   26.338    0    0  (Gen:  0)
  1033144    166800 1395357016  0.001  0.000   44.558   26.339    0    0  (Gen:  0)
  1033016    153312 1395419192  0.001  0.000   44.560   26.340    0    0  (Gen:  0)
  1771840    224096 1395638952  0.001  0.000   44.562   26.341    0    0  (Gen:  0)
  1567184    293784 1395775192  0.001  0.000   44.564   26.342    0    0  (Gen:  0)
  1442224     48944 1395818048  0.000  0.000   44.566   26.343    0    0  (Gen:  0)
  1488824     46984 1395835112  0.000  0.000   44.568   26.345    0    0  (Gen:  0)
  3157296     67248 1395881192  0.001  0.000   44.571   26.348    0    0  (Gen:  0)
  2535840     75240 1395954560  0.001  0.000   44.574   26.350    0    0  (Gen:  0)
  3288384    610320 1396706776  0.001  0.001   44.579   26.354    0    0  (Gen:  0)
  1032192    938288 1397050856  0.003  0.001   44.582   26.355    0    0  (Gen:  0)
  1067752    275776 1397352016  0.001  0.000   44.584   26.356    0    0  (Gen:  0)
  1102456     22312 1397391024  0.000  0.000   44.585   26.357    0    0  (Gen:  0)
  1037400     38160 1397409904  0.000  0.000   44.586   26.358    0    0  (Gen:  0)
  1033136     85504 1397468872  0.001  0.000   44.588   26.358    0    0  (Gen:  0)
  1036024    122432 1397524776  0.001  0.000   44.589   26.359    0    0  (Gen:  0)
  1034096    134288 1397590528  0.001  0.000   44.590   26.360    0    0  (Gen:  0)
  1031248    138880 1397651728  0.001  0.000   44.592   26.360    0    0  (Gen:  0)
  1035904    136808 1397713080  0.001  0.000   44.593   26.361    0    0  (Gen:  0)
  1034016    140456 1397780296  0.001  0.000   44.595   26.362    0    0  (Gen:  0)
  1033440    143296 1397844832  0.001  0.000   44.596   26.363    0    0  (Gen:  0)
  1034760    141024 1397907536  0.001  0.000   44.598   26.364    0    0  (Gen:  0)
  1033616    141544 1397972768  0.001  0.000   44.600   26.364    0    0  (Gen:  0)
  1036792    137808 1398031096  0.001  0.000   44.601   26.365    0    0  (Gen:  0)
  1036032    138720 1398097344  0.001  0.000   44.603   26.366    0    0  (Gen:  0)
  1036896    138296 1398156904  0.001  0.000   44.604   26.366    0    0  (Gen:  0)
  1034496    141192 1398225104  0.001  0.000   44.606   26.367    0    0  (Gen:  0)
  1033648    155488 1398299240  0.001  0.000   44.607   26.368    0    0  (Gen:  0)
  1144472    163208 1398440112  0.001  0.000   44.609   26.369    0    0  (Gen:  0)
  1033544    142944 1398494424  0.001  0.000   44.610   26.370    0    0  (Gen:  0)
  1149488    122496 1398648688  0.001  0.000   44.612   26.370    0    0  (Gen:  0)
  1032336    123288 1398700480  0.001  0.000   44.613   26.371    0    0  (Gen:  0)
  1135512    125752 1398827792  0.001  0.000   44.615   26.372    0    0  (Gen:  0)
  1035232    134832 1398888736  0.001  0.000   44.617   26.373    0    0  (Gen:  0)
  1152600    138480 1399050704  0.001  0.000   44.618   26.373    0    0  (Gen:  0)
  1031048    151272 1399126352  0.001  0.000   44.619   26.374    0    0  (Gen:  0)
  1069936    167752 1399236240  0.001  0.000   44.621   26.375    0    0  (Gen:  0)
  1033056    155176 1399300104  0.001  0.000   44.623   26.376    0    0  (Gen:  0)
  1289280    184912 1399511456  0.001  0.000   44.625   26.377    0    0  (Gen:  0)
  1549896    246736 1399704584  0.001  0.000   44.627   26.378    0    0  (Gen:  0)
  2981992    107752 1399833648  0.001  0.000   44.630   26.380    0    0  (Gen:  0)
  1179904     52816 1399855592  0.000  0.000   44.632   26.381    0    0  (Gen:  0)
  2856456     63192 1399894584  0.000  0.000   44.635   26.384    0    0  (Gen:  0)
  2890864    309360 1400196608  0.001  0.001   44.638   26.389    0    0  (Gen:  0)
  1446224    471520 1400572624  0.003  0.001   44.642   26.391    0    0  (Gen:  0)
  1032192    647872 1400916688  0.003  0.001   44.645   26.392    0    0  (Gen:  0)
  1032192    355240 1401260752  0.002  0.001   44.647   26.392    0    0  (Gen:  0)
  1579800     73208 1401391944  0.001  0.000   44.649   26.394    0    0  (Gen:  0)
  1037184     42256 1401416376  0.000  0.000   44.651   26.395    0    0  (Gen:  0)
  1033048     86488 1401470704  0.001  0.000   44.652   26.395    0    0  (Gen:  0)
  1036328    123072 1401527360  0.001  0.000   44.653   26.396    0    0  (Gen:  0)
  1034168    135736 1401594336  0.001  0.000   44.655   26.397    0    0  (Gen:  0)
  1031088    139064 1401654488  0.001  0.000   44.656   26.397    0    0  (Gen:  0)
  1035968    136920 1401716368  0.001  0.000   44.658   26.398    0    0  (Gen:  0)
  1033704    139496 1401781792  0.001  0.000   44.659   26.399    0    0  (Gen:  0)
  1033384    145040 1401848656  0.001  0.000   44.660   26.400    0    0  (Gen:  0)
  1034816    139440 1401909576  0.001  0.000   44.662   26.400    0    0  (Gen:  0)
  1034000    141544 1401975920  0.001  0.000   44.663   26.401    0    0  (Gen:  0)
  1036528    135440 1402033056  0.001  0.000   44.665   26.402    0    0  (Gen:  0)
  1036312    136616 1402097912  0.001  0.000   44.666   26.403    0    0  (Gen:  0)
  1036688    138864 1402159112  0.001  0.000   44.668   26.403    0    0  (Gen:  0)
  1034576    143024 1402227328  0.001  0.000   44.669   26.404    0    0  (Gen:  0)
  1033792    156568 1402302128  0.001  0.000   44.671   26.405    0    0  (Gen:  0)
  1034400    160648 1402373912  0.001  0.000   44.672   26.406    0    0  (Gen:  0)
  1033520    140232 1402428592  0.001  0.000   44.674   26.406    0    0  (Gen:  0)
  1032976    120528 1402481928  0.001  0.000   44.675   26.407    0    0  (Gen:  0)
  1032216    121200 1402533736  0.001  0.000   44.677   26.408    0    0  (Gen:  0)
  1034800    120896 1402590960  0.001  0.000   44.678   26.408    0    0  (Gen:  0)
  1034672    134504 1402655976  0.001  0.000   44.679   26.409    0    0  (Gen:  0)
  1036416    137032 1402714880  0.001  0.000   44.681   26.410    0    0  (Gen:  0)
  1031584    145752 1402789688  0.001  0.000   44.682   26.411    0    0  (Gen:  0)
  1033096    166728 1402867184  0.001  0.000   44.684   26.411    0    0  (Gen:  0)
  1032960    153336 1402929000  0.001  0.000   44.686   26.412    0    0  (Gen:  0)
  2387968    273512 1403198040  0.001  0.000   44.688   26.414    0    0  (Gen:  0)
  2393800    135656 1403091200  0.001  0.000   44.691   26.415    0    0  (Gen:  0)
  2235624     48664 1403108400  0.000  0.000   44.693   26.418    0    0  (Gen:  0)
  2739192     64080 1403140392  0.000  0.000   44.696   26.421    0    0  (Gen:  0)
  1150584     53712 1403191584  0.001  0.000   44.698   26.422    0    0  (Gen:  0)
  2832696    339360 1403643848  0.002  0.001   44.703   26.426    0    0  (Gen:  0)
  1185248    547160 1403903280  0.002  0.001   44.706   26.427    0    0  (Gen:  0)
  1032192    582632 1404247320  0.003  0.001   44.709   26.428    0    0  (Gen:  0)
  1066328    330720 1404603304  0.002  0.001   44.711   26.429    0    0  (Gen:  0)
  1298952     22736 1404643088  0.000  0.000   44.713   26.431    0    0  (Gen:  0)
  1037200     40392 1404663160  0.000  0.000   44.714   26.431    0    0  (Gen:  0)
  1033144     85904 1404717128  0.001  0.000   44.715   26.432    0    0  (Gen:  0)
  1036208    123912 1404775184  0.001  0.000   44.716   26.432    0    0  (Gen:  0)
  1034160    136216 1404841376  0.001  0.000   44.718   26.433    0    0  (Gen:  0)
  1031128    138744 1404901808  0.001  0.000   44.719   26.434    0    0  (Gen:  0)
  1035968    137000 1404963984  0.001  0.000   44.721   26.435    0    0  (Gen:  0)
  1033952    140248 1405030144  0.001  0.000   44.722   26.435    0    0  (Gen:  0)
  1033128    144968 1405096344  0.001  0.000   44.724   26.436    0    0  (Gen:  0)
  1034824    139424 1405157488  0.001  0.000   44.725   26.437    0    0  (Gen:  0)
  1034088    142024 1405224288  0.001  0.000   44.727   26.438    0    0  (Gen:  0)
  1036600    135944 1405281680  0.001  0.000   44.728   26.438    0    0  (Gen:  0)
  1036176    136680 1405346376  0.001  0.000   44.729   26.439    0    0  (Gen:  0)
  1036640    138552 1405407200  0.001  0.000   44.731   26.440    0    0  (Gen:  0)
  1034560    143008 1405475776  0.001  0.000   44.733   26.441    0    0  (Gen:  0)
  1033800    156512 1405550072  0.001  0.000   44.734   26.441    0    0  (Gen:  0)
  1034400    160056 1405621480  0.001  0.000   44.736   26.442    0    0  (Gen:  0)
  1033512    140384 1405676512  0.001  0.000   44.737   26.443    0    0  (Gen:  0)
  1032984    120576 1405729816  0.001  0.000   44.738   26.444    0    0  (Gen:  0)
  1032264    120904 1405781528  0.001  0.000   44.740   26.444    0    0  (Gen:  0)
  1034744    120984 1405839008  0.001  0.000   44.741   26.445    0    0  (Gen:  0)
  1034688    134888 1405904096  0.001  0.000   44.742   26.446    0    0  (Gen:  0)
  1036400    137128 1405962832  0.001  0.000   44.744   26.446    0    0  (Gen:  0)
  1031592    145200 1406037200  0.001  0.000   44.746   26.447    0    0  (Gen:  0)
  1033128    166592 1406114936  0.001  0.000   44.747   26.448    0    0  (Gen:  0)
  1033008    153904 1406177104  0.001  0.000   44.749   26.449    0    0  (Gen:  0)
  2398240    274104 1406450512  0.001  0.000   44.751   26.450    0    0  (Gen:  0)
  2398752    135904 1406347424  0.001  0.000   44.754   26.452    0    0  (Gen:  0)
  1181640     43056 1406355656  0.000  0.000   44.755   26.453    0    0  (Gen:  0)
  1110856     35616 1406360144  0.000  0.000   44.757   26.454    0    0  (Gen:  0)
  2679768     57352 1406393432  0.000  0.000   44.760   26.457    0    0  (Gen:  0)
  2148208    151896 1406503224  0.000  0.000   44.762   26.460    0    0  (Gen:  0)
  2315512    538296 1407137328  0.001  0.001   44.766   26.464    0    0  (Gen:  0)
  1032192    821368 1407481392  0.002  0.001   44.769   26.464    0    0  (Gen:  0)
  1063584    342280 1407848888  0.002  0.000   44.772   26.465    0    0  (Gen:  0)
  1072520     22880 1407890432  0.000  0.000   44.773   26.466    0    0  (Gen:  0)
  1039448     27752 1407901024  0.000  0.000   44.774   26.467    0    0  (Gen:  0)
  1033360     71920 1407952712  0.001  0.000   44.775   26.468    0    0  (Gen:  0)
  1035208    125736 1408012584  0.001  0.000   44.776   26.468    0    0  (Gen:  0)
  1034552    131888 1408072112  0.001  0.000   44.778   26.469    0    0  (Gen:  0)
  1031408    141352 1408141384  0.001  0.000   44.779   26.470    0    0  (Gen:  0)
  1035832    140464 1408200072  0.001  0.000   44.781   26.471    0    0  (Gen:  0)
  1033888    142200 1408266728  0.001  0.000   44.782   26.471    0    0  (Gen:  0)
  1033264    145632 1408330304  0.001  0.000   44.784   26.472    0    0  (Gen:  0)
  1034376    140472 1408393376  0.001  0.000   44.786   26.473    0    0  (Gen:  0)
  1034608    145264 1408459208  0.001  0.000   44.787   26.474    0    0  (Gen:  0)
  1035648    135152 1408515336  0.001  0.000   44.789   26.474    0    0  (Gen:  0)
  1036288    137256 1408582224  0.001  0.000   44.790   26.475    0    0  (Gen:  0)
  1036408    140368 1408641160  0.001  0.000   44.792   26.476    0    0  (Gen:  0)
  1035568    141688 1408709304  0.001  0.000   44.793   26.477    0    0  (Gen:  0)
  1033392    153368 1408781088  0.001  0.000   44.795   26.477    0    0  (Gen:  0)
  1034296    156912 1408853352  0.001  0.000   44.797   26.478    0    0  (Gen:  0)
  1033032    149184 1408916944  0.001  0.000   44.798   26.479    0    0  (Gen:  0)
  1033248    128120 1408967896  0.001  0.000   44.799   26.480    0    0  (Gen:  0)
  1033240    122488 1409024656  0.001  0.000   44.801   26.480    0    0  (Gen:  0)
  1033560    120416 1409074424  0.001  0.000   44.802   26.481    0    0  (Gen:  0)
  1035088    128968 1409139496  0.001  0.000   44.804   26.482    0    0  (Gen:  0)
  1036008    132672 1409192400  0.001  0.000   44.805   26.482    0    0  (Gen:  0)
  1033120    136816 1409264040  0.001  0.000   44.806   26.483    0    0  (Gen:  0)
  1032792    167664 1409346088  0.001  0.000   44.808   26.484    0    0  (Gen:  0)
  1033504    157480 1409409264  0.001  0.000   44.809   26.485    0    0  (Gen:  0)
  1033808    132376 1409465032  0.001  0.000   44.811   26.486    0    0  (Gen:  0)
  1577304    225824 1409689832  0.001  0.000   44.813   26.487    0    0  (Gen:  0)
  2437296     90184 1409586080  0.001  0.000   44.815   26.488    0    0  (Gen:  0)
  1488520     41472 1409592192  0.000  0.000   44.817   26.490    0    0  (Gen:  0)
  2152600     41832 1409604760  0.000  0.000   44.819   26.492    0    0  (Gen:  0)
  2360072     65392 1409680488  0.001  0.000   44.822   26.494    0    0  (Gen:  0)
  3124752    411752 1410237920  0.002  0.001   44.828   26.499    0    0  (Gen:  0)
  1032192    734496 1410581984  0.002  0.001   44.830   26.500    0    0  (Gen:  0)
  1032192    355424 1410926048  0.001  0.000   44.831   26.500    0    0  (Gen:  0)
  1765944    147656 1411131512  0.001  0.000   44.834   26.502    0    0  (Gen:  0)
  1037400     40992 1411150392  0.000  0.000   44.835   26.502    0    0  (Gen:  0)
  1033160     86176 1411205672  0.001  0.000   44.836   26.503    0    0  (Gen:  0)
  1035936    124824 1411263296  0.001  0.000   44.837   26.504    0    0  (Gen:  0)
  1034152    135552 1411329304  0.001  0.000   44.839   26.504    0    0  (Gen:  0)
  1031224    138664 1411389632  0.001  0.000   44.840   26.505    0    0  (Gen:  0)
  1035944    136656 1411451352  0.001  0.000   44.842   26.506    0    0  (Gen:  0)
  1034056    139552 1411516792  0.001  0.000   44.843   26.507    0    0  (Gen:  0)
  1033416    143592 1411582728  0.001  0.000   44.845   26.507    0    0  (Gen:  0)
  1034728    140784 1411645128  0.001  0.000   44.847   26.508    0    0  (Gen:  0)
  1033656    141544 1411710456  0.001  0.000   44.848   26.509    0    0  (Gen:  0)
  1036632    137360 1411768232  0.001  0.000   44.850   26.510    0    0  (Gen:  0)
  1036192    138800 1411834696  0.001  0.000   44.851   26.510    0    0  (Gen:  0)
  1036736    138416 1411894112  0.001  0.000   44.853   26.511    0    0  (Gen:  0)
  1034616    141632 1411962584  0.001  0.000   44.854   26.512    0    0  (Gen:  0)
  1033688    156176 1412037088  0.001  0.000   44.856   26.513    0    0  (Gen:  0)
  1034552    158624 1412107280  0.001  0.000   44.857   26.514    0    0  (Gen:  0)
  1033480    141568 1412164816  0.001  0.000   44.859   26.514    0    0  (Gen:  0)
  1032944    123288 1412217128  0.001  0.000   44.860   26.515    0    0  (Gen:  0)
  1032568    120760 1412269528  0.001  0.000   44.862   26.516    0    0  (Gen:  0)
  1034280    121616 1412326752  0.001  0.000   44.863   26.516    0    0  (Gen:  0)
  1034776    135376 1412392640  0.001  0.000   44.864   26.517    0    0  (Gen:  0)
  1036320    136248 1412447976  0.001  0.000   44.866   26.518    0    0  (Gen:  0)
  1032096    142664 1412522976  0.001  0.000   44.867   26.518    0    0  (Gen:  0)
  1033056    168360 1412601576  0.001  0.000   44.869   26.519    0    0  (Gen:  0)
  1032864    155272 1412664064  0.001  0.000   44.871   26.520    0    0  (Gen:  0)
  2419448    275048 1412938128  0.001  0.000   44.873   26.521    0    0  (Gen:  0)
  3096008    141528 1412836144  0.001  0.000   44.876   26.524    0    0  (Gen:  0)
  2973360     54136 1412891224  0.000  0.000   44.879   26.527    0    0  (Gen:  0)
  1675840     58960 1412914864  0.001  0.000   44.882   26.529    0    0  (Gen:  0)
  1181744     48216 1412937024  0.000  0.000   44.883   26.530    0    0  (Gen:  0)
  2327088     53736 1412934344  0.001  0.000   44.886   26.532    0    0  (Gen:  0)
  1726008     64072 1413003520  0.001  0.000   44.888   26.534    0    0  (Gen:  0)
  2299856     70208 1413042880  0.001  0.000   44.891   26.537    0    0  (Gen:  0)
  2816416     88872 1413102552  0.001  0.000   44.894   26.540    0    0  (Gen:  0)
  3864472    372928 1413572912  0.001  0.001   44.900   26.546    0    0  (Gen:  0)
  1185920    654280 1413966112  0.002  0.000   44.903   26.547    0    0  (Gen:  0)
  1032192    676352 1414310152  0.002  0.001   44.906   26.548    0    0  (Gen:  0)
  2063344    236992 1414604928  0.001  0.000   44.908   26.550    0    0  (Gen:  0)
  1037520     42216 1414624912  0.000  0.000   44.909   26.550    0    0  (Gen:  0)
  1031920     87536 1414684440  0.000  0.000   44.910   26.551    0    0  (Gen:  0)
  1036008    125336 1414742360  0.001  0.000   44.911   26.552    0    0  (Gen:  0)
  1034216    136352 1414808368  0.001  0.000   44.913   26.553    0    0  (Gen:  0)
  1031056    139264 1414869208  0.001  0.000   44.914   26.553    0    0  (Gen:  0)
  1035984    137072 1414930656  0.001  0.000   44.916   26.554    0    0  (Gen:  0)
  1034008    139784 1414996584  0.001  0.000   44.917   26.555    0    0  (Gen:  0)
  1033080    144832 1415062856  0.001  0.000   44.919   26.556    0    0  (Gen:  0)
  1034824    139440 1415124112  0.001  0.000   44.920   26.556    0    0  (Gen:  0)
  1034064    141544 1415190224  0.001  0.000   44.922   26.557    0    0  (Gen:  0)
  1036608    135680 1415247776  0.001  0.000   44.923   26.558    0    0  (Gen:  0)
  1036184    137560 1415312904  0.001  0.000   44.925   26.559    0    0  (Gen:  0)
  1036632    138904 1415373600  0.001  0.000   44.927   26.559    0    0  (Gen:  0)
  1034600    143008 1415442056  0.001  0.000   44.928   26.560    0    0  (Gen:  0)
  1033752    156504 1415516344  0.001  0.000   44.930   26.561    0    0  (Gen:  0)
  1034504    159960 1415587552  0.001  0.000   44.931   26.562    0    0  (Gen:  0)
  1033432    140560 1415642880  0.001  0.000   44.933   26.562    0    0  (Gen:  0)
  1032976    120848 1415696232  0.001  0.000   44.934   26.563    0    0  (Gen:  0)
  1032344    120680 1415747472  0.001  0.000   44.935   26.564    0    0  (Gen:  0)
  1034688    121064 1415805200  0.001  0.000   44.937   26.564    0    0  (Gen:  0)
  1034744    135176 1415870544  0.001  0.000   44.938   26.565    0    0  (Gen:  0)
  1036336    135632 1415927568  0.001  0.000   44.940   26.566    0    0  (Gen:  0)
  1031576    144888 1416003048  0.001  0.000   44.941   26.566    0    0  (Gen:  0)
  1033144    167192 1416080360  0.001  0.000   44.943   26.567    0    0  (Gen:  0)
  1033016    153704 1416142536  0.001  0.000   44.944   26.568    0    0  (Gen:  0)
  1783528    226536 1416364344  0.001  0.000   44.947   26.569    0    0  (Gen:  0)
  1511408    294304 1416494688  0.001  0.000   44.949   26.570    0    0  (Gen:  0)
  1427024     50200 1416533360  0.000  0.000   44.951   26.572    0    0  (Gen:  0)
  1412456     47760 1416556016  0.000  0.000   44.953   26.573    0    0  (Gen:  0)
  1107144     36912 1416566800  0.000  0.000   44.954   26.574    0    0  (Gen:  0)
  1222224     37984 1416584824  0.000  0.000   44.955   26.576    0    0  (Gen:  0)
  1672800     49320 1416608608  0.000  0.000   44.957   26.578    0    0  (Gen:  0)
  2087496    234760 1416887360  0.002  0.000   44.961   26.581    0    0  (Gen:  0)
  2257024    630008 1417442032  0.002  0.001   44.965   26.584    0    0  (Gen:  0)
  1032192    831984 1417786096  0.003  0.001   44.968   26.584    0    0  (Gen:  0)
  2124336    256024 1418103920  0.001  0.000   44.971   26.586    0    0  (Gen:  0)
  1037528     42304 1418128040  0.000  0.000   44.972   26.587    0    0  (Gen:  0)
  1031944     87616 1418183464  0.000  0.000   44.973   26.587    0    0  (Gen:  0)
  1036008    125416 1418241384  0.001  0.000   44.974   26.588    0    0  (Gen:  0)
  1034216    136432 1418307392  0.001  0.000   44.976   26.589    0    0  (Gen:  0)
  1031056    139344 1418368232  0.001  0.000   44.977   26.590    0    0  (Gen:  0)
  1035984    137152 1418429680  0.001  0.000   44.979   26.590    0    0  (Gen:  0)
  1034008    139864 1418495608  0.001  0.000   44.980   26.591    0    0  (Gen:  0)
  1033080    144912 1418561880  0.001  0.000   44.982   26.592    0    0  (Gen:  0)
  1034824    139520 1418623136  0.001  0.000   44.983   26.593    0    0  (Gen:  0)
  1034064    141624 1418689248  0.001  0.000   44.985   26.593    0    0  (Gen:  0)
  1036608    135760 1418746800  0.001  0.000   44.986   26.594    0    0  (Gen:  0)
  1036184    137640 1418811928  0.001  0.000   44.988   26.595    0    0  (Gen:  0)
  1036632    138984 1418872624  0.001  0.000   44.989   26.596    0    0  (Gen:  0)
  1034600    143088 1418941080  0.001  0.000   44.991   26.596    0    0  (Gen:  0)
  1033752    156584 1419015368  0.001  0.000   44.992   26.597    0    0  (Gen:  0)
  1034504    160040 1419086576  0.001  0.000   44.994   26.598    0    0  (Gen:  0)
  1033432    140640 1419141904  0.001  0.000   44.995   26.599    0    0  (Gen:  0)
  1032976    120928 1419195256  0.001  0.000   44.997   26.599    0    0  (Gen:  0)
  1032344    120760 1419246496  0.001  0.000   44.998   26.600    0    0  (Gen:  0)
  1034688    121144 1419304224  0.001  0.000   45.000   26.601    0    0  (Gen:  0)
  1034744    135256 1419369568  0.001  0.000   45.001   26.601    0    0  (Gen:  0)
  1036336    135712 1419426592  0.001  0.000   45.002   26.602    0    0  (Gen:  0)
  1031576    144968 1419502072  0.001  0.000   45.004   26.603    0    0  (Gen:  0)
  1033144    167272 1419579384  0.001  0.000   45.006   26.604    0    0  (Gen:  0)
  1033016    153784 1419641560  0.001  0.000   45.007   26.604    0    0  (Gen:  0)
  2469728    274688 1419911424  0.001  0.000   45.010   26.606    0    0  (Gen:  0)
  1857280    134584 1419798280  0.001  0.000   45.012   26.607    0    0  (Gen:  0)
  1940336     41760 1419806896  0.000  0.000   45.014   26.609    0    0  (Gen:  0)
  1172048     43312 1419819032  0.000  0.000   45.016   26.610    0    0  (Gen:  0)
  1172968     40976 1419831376  0.000  0.000   45.017   26.612    0    0  (Gen:  0)
  1399976     48032 1419855624  0.000  0.000   45.019   26.613    0    0  (Gen:  0)
  3237600    351048 1420319288  0.002  0.001   45.025   26.618    0    0  (Gen:  0)
  1260584    651192 1420711064  0.002  0.000   45.027   26.619    0    0  (Gen:  0)
  1032192    677280 1421055104  0.003  0.001   45.030   26.620    0    0  (Gen:  0)
  2029840    236744 1421349456  0.001  0.000   45.032   26.622    0    0  (Gen:  0)
  1037584     41104 1421368384  0.000  0.000   45.033   26.622    0    0  (Gen:  0)
  1031936     84552 1421425856  0.001  0.000   45.034   26.623    0    0  (Gen:  0)
  1036080    122192 1421482424  0.001  0.000   45.036   26.624    0    0  (Gen:  0)
  1034056    134784 1421548192  0.001  0.000   45.037   26.625    0    0  (Gen:  0)
  1031240    139568 1421609368  0.001  0.000   45.039   26.625    0    0  (Gen:  0)
  1036104    137848 1421671296  0.001  0.000   45.040   26.626    0    0  (Gen:  0)
  1034008    140872 1421738184  0.001  0.000   45.042   26.627    0    0  (Gen:  0)
  1033344    143152 1421802240  0.001  0.000   45.043   26.628    0    0  (Gen:  0)
  1034672    141568 1421864816  0.001  0.000   45.045   26.628    0    0  (Gen:  0)
  1033600    141952 1421930464  0.001  0.000   45.047   26.629    0    0  (Gen:  0)
  1036840    138384 1421988760  0.001  0.000   45.048   26.630    0    0  (Gen:  0)
  1035960    139408 1422055208  0.001  0.000   45.050   26.631    0    0  (Gen:  0)
  1036904    138544 1422114536  0.001  0.000   45.051   26.631    0    0  (Gen:  0)
  1034552    141704 1422183000  0.001  0.000   45.053   26.632    0    0  (Gen:  0)
  1033584    155808 1422257040  0.001  0.000   45.054   26.633    0    0  (Gen:  0)
  1034576    158648 1422327440  0.001  0.000   45.056   26.634    0    0  (Gen:  0)
  1033512    142112 1422385472  0.001  0.000   45.057   26.634    0    0  (Gen:  0)
  1032880    123440 1422437336  0.001  0.000   45.059   26.635    0    0  (Gen:  0)
  1032648    120080 1422489400  0.001  0.000   45.060   26.636    0    0  (Gen:  0)
  1335592    124944 1422844960  0.001  0.000   45.062   26.636    0    0  (Gen:  0)
  1068344    139544 1422944440  0.001  0.000   45.063   26.637    0    0  (Gen:  0)
  1071544    136888 1423031608  0.001  0.000   45.065   26.638    0    0  (Gen:  0)
  1032144    142416 1423107000  0.001  0.000   45.066   26.639    0    0  (Gen:  0)
  1103424    168728 1423250520  0.001  0.000   45.068   26.639    0    0  (Gen:  0)
  1032944    156704 1423315184  0.001  0.000   45.069   26.640    0    0  (Gen:  0)
  2470696    279312 1423651264  0.001  0.000   45.072   26.642    0    0  (Gen:  0)
  2493928    140544 1423611720  0.001  0.000   45.075   26.644    0    0  (Gen:  0)
  4016248     63440 1423650288  0.001  0.000   45.079   26.648    0    0  (Gen:  0)
  3389032    276104 1423872472  0.001  0.001   45.083   26.652    0    0  (Gen:  0)
  2470112    634296 1424497200  0.002  0.001   45.088   26.655    0    0  (Gen:  0)
  1032192    847528 1424841264  0.002  0.001   45.090   26.656    0    0  (Gen:  0)
  1065456    261400 1425127424  0.001  0.000   45.092   26.657    0    0  (Gen:  0)
  1070288     22488 1425165488  0.000  0.000   45.094   26.658    0    0  (Gen:  0)
  1036936     35784 1425184984  0.000  0.000   45.095   26.659    0    0  (Gen:  0)
  1032000     87536 1425240592  0.001  0.000   45.096   26.659    0    0  (Gen:  0)
  1036056    123352 1425296296  0.001  0.000   45.097   26.660    0    0  (Gen:  0)
  1034096    135848 1425362336  0.001  0.000   45.099   26.661    0    0  (Gen:  0)
  1031080    138944 1425422968  0.001  0.000   45.100   26.662    0    0  (Gen:  0)
  1035984    137168 1425484672  0.001  0.000   45.101   26.662    0    0  (Gen:  0)
  1033984    140704 1425551008  0.001  0.000   45.103   26.663    0    0  (Gen:  0)
  1033104    145560 1425617504  0.001  0.000   45.105   26.664    0    0  (Gen:  0)
  1034872    140016 1425678720  0.001  0.000   45.106   26.665    0    0  (Gen:  0)
  1034008    141536 1425744520  0.001  0.000   45.108   26.665    0    0  (Gen:  0)
  1036600    136272 1425802320  0.001  0.000   45.109   26.666    0    0  (Gen:  0)
  1036192    138352 1425867656  0.001  0.000   45.111   26.667    0    0  (Gen:  0)
  1036632    139320 1425928288  0.001  0.000   45.112   26.668    0    0  (Gen:  0)
  1034624    143144 1425996760  0.001  0.000   45.114   26.668    0    0  (Gen:  0)
  1033720    157040 1426071240  0.001  0.000   45.115   26.669    0    0  (Gen:  0)
  1034608    160136 1426142256  0.001  0.000   45.117   26.670    0    0  (Gen:  0)
  1033440    140336 1426197416  0.001  0.000   45.118   26.671    0    0  (Gen:  0)
  1032864    121504 1426251232  0.001  0.000   45.120   26.671    0    0  (Gen:  0)
  1032352    121144 1426302608  0.001  0.000   45.121   26.672    0    0  (Gen:  0)
  1034680    121000 1426359896  0.001  0.000   45.122   26.673    0    0  (Gen:  0)
  1034736    135528 1426425416  0.001  0.000   45.124   26.673    0    0  (Gen:  0)
  1036360    135688 1426482200  0.001  0.000   45.125   26.674    0    0  (Gen:  0)
  1031688    144856 1426557752  0.001  0.000   45.127   26.675    0    0  (Gen:  0)
  1033080    168112 1426635368  0.001  0.000   45.129   26.676    0    0  (Gen:  0)
  1033024    153784 1426697104  0.001  0.000   45.130   26.676    0    0  (Gen:  0)
  1169704    177840 1426837336  0.001  0.000   45.132   26.677    0    0  (Gen:  0)
  1440496    239928 1426993368  0.001  0.000   45.134   26.678    0    0  (Gen:  0)
  1664608    101536 1427056808  0.000  0.000   45.136   26.680    0    0  (Gen:  0)
  2761848     65080 1427127744  0.001  0.000   45.139   26.682    0    0  (Gen:  0)
  1181448     48960 1427147032  0.000  0.000   45.141   26.684    0    0  (Gen:  0)
  1922384     50528 1427170160  0.000  0.000   45.143   26.686    0    0  (Gen:  0)
  2729320    246448 1427462120  0.001  0.000   45.148   26.690    0    0  (Gen:  0)
  2025848    535264 1427919592  0.001  0.000   45.151   26.692    0    0  (Gen:  0)
  1032192    731144 1428263656  0.002  0.001   45.154   26.693    0    0  (Gen:  0)
  1065096    350672 1428639040  0.002  0.000   45.156   26.694    0    0  (Gen:  0)
  1327240     23336 1428679000  0.000  0.000   45.158   26.695    0    0  (Gen:  0)
  1037584     40640 1428697928  0.000  0.000   45.159   26.696    0    0  (Gen:  0)
  1031936     84744 1428755400  0.001  0.000   45.160   26.696    0    0  (Gen:  0)
  1036080    122384 1428811968  0.001  0.000   45.161   26.697    0    0  (Gen:  0)
  1034056    134976 1428877736  0.001  0.000   45.162   26.698    0    0  (Gen:  0)
  1031240    139760 1428938912  0.001  0.000   45.164   26.699    0    0  (Gen:  0)
  1036104    138040 1429000840  0.001  0.000   45.165   26.699    0    0  (Gen:  0)
  1034008    141064 1429067728  0.001  0.000   45.167   26.700    0    0  (Gen:  0)
  1033344    143344 1429131784  0.001  0.000   45.168   26.701    0    0  (Gen:  0)
  1034672    141760 1429194360  0.001  0.000   45.170   26.702    0    0  (Gen:  0)
  1033600    142144 1429260008  0.001  0.000   45.171   26.702    0    0  (Gen:  0)
  1036840    138576 1429318304  0.001  0.000   45.173   26.703    0    0  (Gen:  0)
  1035960    139600 1429384752  0.001  0.000   45.174   26.704    0    0  (Gen:  0)
  1036904    138736 1429444080  0.001  0.000   45.176   26.705    0    0  (Gen:  0)
  1034552    141896 1429512544  0.001  0.000   45.178   26.705    0    0  (Gen:  0)
  1033584    156000 1429586584  0.001  0.000   45.179   26.706    0    0  (Gen:  0)
  1034576    158840 1429656984  0.001  0.000   45.181   26.707    0    0  (Gen:  0)
  1033512    142304 1429715016  0.001  0.000   45.182   26.708    0    0  (Gen:  0)
  1032880    123632 1429766880  0.001  0.000   45.183   26.708    0    0  (Gen:  0)
  1032648    120272 1429818944  0.001  0.000   45.185   26.709    0    0  (Gen:  0)
  1034472    122432 1429877072  0.001  0.000   45.186   26.710    0    0  (Gen:  0)
  1034528    136384 1429942984  0.001  0.000   45.187   26.711    0    0  (Gen:  0)
  1036408    136856 1429997856  0.001  0.000   45.189   26.711    0    0  (Gen:  0)
  1032144    142216 1430072568  0.001  0.000   45.191   26.712    0    0  (Gen:  0)
  1032896    166056 1430148736  0.001  0.000   45.192   26.713    0    0  (Gen:  0)
  1032968    155864 1430213960  0.001  0.000   45.194   26.713    0    0  (Gen:  0)
  1158720    175192 1430347800  0.001  0.000   45.196   26.715    0    0  (Gen:  0)
  1450192    236976 1430473768  0.001  0.000   45.198   26.715    0    0  (Gen:  0)
  1697552    106056 1430541240  0.001  0.000   45.200   26.717    0    0  (Gen:  0)
  1860712     55056 1430601592  0.000  0.000   45.202   26.719    0    0  (Gen:  0)
  2482176     59824 1430636976  0.001  0.000   45.204   26.721    0    0  (Gen:  0)
  2180680     73000 1430686016  0.001  0.000   45.207   26.724    0    0  (Gen:  0)
  2338944    341728 1431155272  0.002  0.001   45.212   26.728    0    0  (Gen:  0)
  1182016    564784 1431433440  0.001  0.000   45.214   26.729    0    0  (Gen:  0)
  1032192    601632 1431777480  0.002  0.001   45.217   26.730    0    0  (Gen:  0)
  1065776    310864 1432112952  0.001  0.000   45.219   26.731    0    0  (Gen:  0)
  1203872     23080 1432152776  0.001  0.000   45.221   26.732    0    0  (Gen:  0)
  1036888     39440 1432171464  0.000  0.000   45.222   26.732    0    0  (Gen:  0)
  1031864     84888 1432225312  0.001  0.000   45.223   26.733    0    0  (Gen:  0)
  1036080    122736 1432281880  0.001  0.000   45.224   26.734    0    0  (Gen:  0)
  1034056    135096 1432347648  0.001  0.000   45.226   26.734    0    0  (Gen:  0)
  1031240    139880 1432408824  0.001  0.000   45.227   26.735    0    0  (Gen:  0)
  1036104    138160 1432470752  0.001  0.000   45.229   26.736    0    0  (Gen:  0)
  1034008    141184 1432537640  0.001  0.000   45.230   26.737    0    0  (Gen:  0)
  1033344    143464 1432601696  0.001  0.000   45.232   26.737    0    0  (Gen:  0)
  1034672    141880 1432664272  0.001  0.000   45.233   26.738    0    0  (Gen:  0)
  1033600    142264 1432729920  0.001  0.000   45.235   26.739    0    0  (Gen:  0)
  1036840    138696 1432788216  0.001  0.000   45.237   26.740    0    0  (Gen:  0)
  1035960    139720 1432854664  0.001  0.000   45.238   26.740    0    0  (Gen:  0)
  1036904    138856 1432913992  0.001  0.000   45.240   26.741    0    0  (Gen:  0)
  1034552    142016 1432982456  0.001  0.000   45.241   26.742    0    0  (Gen:  0)
  1033584    156120 1433056496  0.001  0.000   45.243   26.743    0    0  (Gen:  0)
  1034576    158960 1433126896  0.001  0.000   45.244   26.743    0    0  (Gen:  0)
  1033512    142424 1433184928  0.001  0.000   45.246   26.744    0    0  (Gen:  0)
  1032880    123752 1433236792  0.001  0.000   45.247   26.745    0    0  (Gen:  0)
  1032648    120392 1433288856  0.001  0.000   45.249   26.746    0    0  (Gen:  0)
  1034472    122552 1433346984  0.001  0.000   45.250   26.746    0    0  (Gen:  0)
  1034528    136504 1433412896  0.001  0.000   45.252   26.747    0    0  (Gen:  0)
  1036408    136976 1433467768  0.001  0.000   45.253   26.748    0    0  (Gen:  0)
  1032144    142336 1433542480  0.001  0.000   45.255   26.748    0    0  (Gen:  0)
  1032896    166176 1433618648  0.001  0.000   45.256   26.749    0    0  (Gen:  0)
  1032968    155984 1433683872  0.001  0.000   45.258   26.750    0    0  (Gen:  0)
  2428664    276488 1433918896  0.002  0.001   45.261   26.752    0    0  (Gen:  0)
  2391736    138232 1433848168  0.001  0.000   45.264   26.753    0    0  (Gen:  0)
  1488672     41680 1433857760  0.000  0.000   45.265   26.755    0    0  (Gen:  0)
  1390984     42816 1433870744  0.000  0.000   45.267   26.757    0    0  (Gen:  0)
  2419232     58248 1433895048  0.001  0.000   45.270   26.759    0    0  (Gen:  0)
  2733800    318072 1434225704  0.001  0.001   45.273   26.763    0    0  (Gen:  0)
  1871936    631088 1434735920  0.001  0.001   45.276   26.765    0    0  (Gen:  0)
  1032192    756808 1435079984  0.002  0.001   45.280   26.766    0    0  (Gen:  0)
  2094904    258928 1435396136  0.001  0.000   45.282   26.768    0    0  (Gen:  0)
  1037584     41640 1435415064  0.000  0.000   45.283   26.768    0    0  (Gen:  0)
  1031944     86416 1435469928  0.001  0.000   45.284   26.769    0    0  (Gen:  0)
  1036024    123344 1435525832  0.001  0.000   45.286   26.770    0    0  (Gen:  0)
  1034096    135200 1435591584  0.001  0.000   45.287   26.770    0    0  (Gen:  0)
  1031248    139792 1435652784  0.001  0.000   45.289   26.771    0    0  (Gen:  0)
  1035904    137720 1435714136  0.001  0.000   45.290   26.772    0    0  (Gen:  0)
  1034016    141368 1435781352  0.001  0.000   45.292   26.773    0    0  (Gen:  0)
  1033440    144208 1435845888  0.001  0.000   45.293   26.773    0    0  (Gen:  0)
  1034760    141936 1435908592  0.001  0.000   45.295   26.774    0    0  (Gen:  0)
  1033616    142456 1435973824  0.001  0.000   45.296   26.775    0    0  (Gen:  0)
  1036792    138720 1436032152  0.001  0.000   45.298   26.776    0    0  (Gen:  0)
  1036032    139632 1436098400  0.001  0.000   45.299   26.776    0    0  (Gen:  0)
  1036896    139208 1436157960  0.001  0.000   45.301   26.777    0    0  (Gen:  0)
  1034496    142104 1436226160  0.001  0.000   45.302   26.778    0    0  (Gen:  0)
  1033648    156400 1436300296  0.001  0.000   45.304   26.779    0    0  (Gen:  0)
  1034576    158704 1436370288  0.001  0.000   45.306   26.779    0    0  (Gen:  0)
  1033456    142368 1436428448  0.001  0.000   45.307   26.780    0    0  (Gen:  0)
  1032928    124072 1436480672  0.001  0.000   45.308   26.781    0    0  (Gen:  0)
  1032608    120824 1436532648  0.001  0.000   45.310   26.781    0    0  (Gen:  0)
  1034464    122144 1436590408  0.001  0.000   45.311   26.782    0    0  (Gen:  0)
  1034568    136360 1436656344  0.001  0.000   45.313   26.783    0    0  (Gen:  0)
  1036392    136784 1436711064  0.001  0.000   45.314   26.784    0    0  (Gen:  0)
  1032024    142192 1436785608  0.001  0.000   45.316   26.784    0    0  (Gen:  0)
  1033048    167152 1436862896  0.001  0.000   45.317   26.785    0    0  (Gen:  0)
  1032968    155912 1436927048  0.001  0.000   45.319   26.786    0    0  (Gen:  0)
  1201304    180928 1437035168  0.001  0.000   45.321   26.787    0    0  (Gen:  0)
  1598336    244280 1437231392  0.001  0.000   45.323   26.788    0    0  (Gen:  0)
  2259080    103504 1437327432  0.001  0.000   45.326   26.790    0    0  (Gen:  0)
  1330872     49992 1437380736  0.000  0.000   45.327   26.791    0    0  (Gen:  0)
  3080664     62168 1437422800  0.001  0.000   45.330   26.794    0    0  (Gen:  0)
  1424568     59160 1437446544  0.000  0.000   45.332   26.796    0    0  (Gen:  0)
  2531352    341856 1437935200  0.001  0.001   45.337   26.801    0    0  (Gen:  0)
  1379840    643528 1438323376  0.001  0.001   45.339   26.803    0    0  (Gen:  0)
  1032192    677176 1438667416  0.001  0.001   45.341   26.804    0    0  (Gen:  0)
  1103688    241592 1438966168  0.001  0.000   45.343   26.805    0    0  (Gen:  0)
  1040600     22720 1438966360  0.000  0.000   45.344   26.806    0    0  (Gen:  0)
  1036592     38616 1438990744  0.000  0.000   45.345   26.806    0    0  (Gen:  0)
  1033072     92472 1439050336  0.000  0.000   45.346   26.807    0    0  (Gen:  0)
  1036280    126528 1439108296  0.001  0.000   45.347   26.808    0    0  (Gen:  0)
  1034368    136936 1439173560  0.001  0.000   45.348   26.809    0    0  (Gen:  0)
  1031176    137952 1439233472  0.001  0.000   45.349   26.809    0    0  (Gen:  0)
  1035568    138728 1439296296  0.001  0.000   45.350   26.810    0    0  (Gen:  0)
  1033920    143408 1439362512  0.001  0.000   45.351   26.811    0    0  (Gen:  0)
  1033656    144840 1439428440  0.001  0.000   45.353   26.812    0    0  (Gen:  0)
  1034648    140528 1439490432  0.001  0.000   45.354   26.813    0    0  (Gen:  0)
  1034224    141248 1439555392  0.001  0.000   45.356   26.813    0    0  (Gen:  0)
  1036200    136544 1439614360  0.001  0.000   45.357   26.814    0    0  (Gen:  0)
  1036784    131632 1439673976  0.001  0.000   45.359   26.815    0    0  (Gen:  0)
  1036336    140088 1439740304  0.001  0.000   45.360   26.816    0    0  (Gen:  0)
  1034528    147016 1439806576  0.001  0.000   45.362   26.816    0    0  (Gen:  0)
  1033904    155872 1439882032  0.001  0.000   45.363   26.817    0    0  (Gen:  0)
  1034088    159944 1439953272  0.001  0.000   45.365   26.818    0    0  (Gen:  0)
  1033632    141992 1440008952  0.001  0.000   45.366   26.819    0    0  (Gen:  0)
  1033208    121136 1440060992  0.001  0.000   45.368   26.819    0    0  (Gen:  0)
  1032208    119592 1440112336  0.001  0.000   45.369   26.820    0    0  (Gen:  0)
  1035104    124304 1440171704  0.001  0.000   45.371   26.821    0    0  (Gen:  0)
  1034584    133720 1440232760  0.001  0.000   45.372   26.821    0    0  (Gen:  0)
  1036288    137920 1440294944  0.001  0.000   45.373   26.822    0    0  (Gen:  0)
  1031048    150600 1440370784  0.001  0.000   45.375   26.823    0    0  (Gen:  0)
  1033456    167800 1440447040  0.001  0.000   45.377   26.824    0    0  (Gen:  0)
  1033056    155288 1440510904  0.001  0.000   45.378   26.824    0    0  (Gen:  0)
  1721016    214528 1440718352  0.001  0.000   45.380   26.826    0    0  (Gen:  0)
  1555536    280808 1440849272  0.001  0.000   45.383   26.827    0    0  (Gen:  0)
  3608808     84192 1440921080  0.001  0.000   45.387   26.830    0    0  (Gen:  0)
  1503728     55536 1440941456  0.000  0.000   45.389   26.832    0    0  (Gen:  0)
  1675536     50200 1440967952  0.000  0.000   45.391   26.834    0    0  (Gen:  0)
  3106640    320032 1441297720  0.001  0.001   45.395   26.839    0    0  (Gen:  0)
  1763040    592704 1441776536  0.003  0.001   45.400   26.841    0    0  (Gen:  0)
  1032192    733848 1442120600  0.003  0.001   45.403   26.842    0    0  (Gen:  0)
  1068984    298832 1442443752  0.002  0.001   45.405   26.844    0    0  (Gen:  0)
  1069776     23512 1442482440  0.001  0.000   45.407   26.845    0    0  (Gen:  0)
  1038328     34032 1442496080  0.001  0.000   45.408   26.845    0    0  (Gen:  0)
  1031816     79320 1442553008  0.001  0.000   45.409   26.846    0    0  (Gen:  0)
  1035976    130856 1442612824  0.001  0.000   45.411   26.847    0    0  (Gen:  0)
  1034104    135728 1442675424  0.001  0.000   45.413   26.848    0    0  (Gen:  0)
  1031224    140200 1442739368  0.001  0.000   45.414   26.848    0    0  (Gen:  0)
  1036304    141800 1442803512  0.001  0.000   45.416   26.849    0    0  (Gen:  0)
  1033792    143320 1442868296  0.001  0.000   45.418   26.850    0    0  (Gen:  0)
  1032896    145848 1442933152  0.001  0.000   45.420   26.851    0    0  (Gen:  0)
  1034904    143296 1442996312  0.001  0.000   45.422   26.852    0    0  (Gen:  0)
  1034160    141040 1443061272  0.001  0.000   45.424   26.853    0    0  (Gen:  0)
  1036320    135704 1443116944  0.001  0.000   45.426   26.854    0    0  (Gen:  0)
  1036112    139608 1443185896  0.001  0.000   45.428   26.855    0    0  (Gen:  0)
  1036384    139608 1443243448  0.001  0.000   45.429   26.855    0    0  (Gen:  0)
  1034992    140712 1443312784  0.001  0.000   45.431   26.856    0    0  (Gen:  0)
  1033208    155288 1443385160  0.001  0.000   45.433   26.857    0    0  (Gen:  0)
  1034424    160728 1443458720  0.001  0.000   45.435   26.858    0    0  (Gen:  0)
  1033752    143936 1443516240  0.001  0.000   45.437   26.859    0    0  (Gen:  0)
  1032760    124912 1443570168  0.001  0.000   45.439   26.860    0    0  (Gen:  0)
  1033744    121208 1443620624  0.001  0.000   45.440   26.860    0    0  (Gen:  0)
  1033488    121776 1443677552  0.001  0.000   45.442   26.861    0    0  (Gen:  0)
  1034624    138144 1443743480  0.001  0.000   45.444   26.862    0    0  (Gen:  0)
  1036328    135552 1443796376  0.001  0.000   45.446   26.863    0    0  (Gen:  0)
  1032640    139264 1443869488  0.001  0.000   45.448   26.864    0    0  (Gen:  0)
  1032752    167768 1443948616  0.002  0.000   45.450   26.865    0    0  (Gen:  0)
  1033264    158256 1444013288  0.001  0.000   45.451   26.865    0    0  (Gen:  0)
  2526216    285864 1444290960  0.002  0.000   45.455   26.867    0    0  (Gen:  0)
  2351232    140264 1444175080  0.001  0.000   45.457   26.869    0    0  (Gen:  0)
  1384880     42584 1444189368  0.000  0.000   45.459   26.871    0    0  (Gen:  0)
  2324880     42984 1444201752  0.000  0.000   45.462   26.873    0    0  (Gen:  0)
  1304064     54080 1444224656  0.000  0.000   45.463   26.875    0    0  (Gen:  0)
  3220440    351144 1444696928  0.002  0.001   45.469   26.879    0    0  (Gen:  0)
  1370328    559632 1444992976  0.001  0.000   45.471   26.880    0    0  (Gen:  0)
  1032192    594240 1445337040  0.002  0.001   45.474   26.881    0    0  (Gen:  0)
  1067184    323512 1445684760  0.001  0.000   45.476   26.882    0    0  (Gen:  0)
  1286776     23680 1445726264  0.001  0.000   45.478   26.883    0    0  (Gen:  0)
  1037160     41608 1445750672  0.000  0.000   45.479   26.884    0    0  (Gen:  0)
  1033048     87592 1445805000  0.001  0.000   45.480   26.885    0    0  (Gen:  0)
  1036328    124176 1445861656  0.001  0.000   45.481   26.885    0    0  (Gen:  0)
  1034168    136840 1445928632  0.001  0.000   45.483   26.886    0    0  (Gen:  0)
  1031088    140168 1445988784  0.001  0.000   45.484   26.887    0    0  (Gen:  0)
  1035968    138024 1446050664  0.001  0.000   45.486   26.888    0    0  (Gen:  0)
  1033704    140600 1446116088  0.001  0.000   45.487   26.888    0    0  (Gen:  0)
  1033384    146144 1446182952  0.001  0.000   45.489   26.889    0    0  (Gen:  0)
  1034816    140544 1446243872  0.001  0.000   45.490   26.890    0    0  (Gen:  0)
  1034000    142648 1446310216  0.001  0.000   45.492   26.891    0    0  (Gen:  0)
  1036528    136544 1446367352  0.001  0.000   45.493   26.891    0    0  (Gen:  0)
  1036312    137720 1446432208  0.001  0.000   45.495   26.892    0    0  (Gen:  0)
  1036688    139968 1446493408  0.001  0.000   45.496   26.893    0    0  (Gen:  0)
  1034576    144128 1446561624  0.001  0.000   45.498   26.894    0    0  (Gen:  0)
  1033792    157672 1446636424  0.001  0.000   45.499   26.894    0    0  (Gen:  0)
  1034400    161752 1446708208  0.001  0.000   45.501   26.895    0    0  (Gen:  0)
  1033520    141336 1446762888  0.001  0.000   45.502   26.896    0    0  (Gen:  0)
  1032976    121632 1446816224  0.001  0.000   45.504   26.896    0    0  (Gen:  0)
  1032216    122304 1446868032  0.001  0.000   45.505   26.897    0    0  (Gen:  0)
  1034800    122000 1446925256  0.001  0.000   45.506   26.898    0    0  (Gen:  0)
  1034672    135608 1446990272  0.001  0.000   45.508   26.899    0    0  (Gen:  0)
  1036416    138136 1447049176  0.001  0.000   45.509   26.899    0    0  (Gen:  0)
  1031584    146856 1447123984  0.001  0.000   45.511   26.900    0    0  (Gen:  0)
  1033096    167832 1447201480  0.001  0.000   45.513   26.901    0    0  (Gen:  0)
  1032960    154440 1447263296  0.001  0.000   45.514   26.902    0    0  (Gen:  0)
  1696656    217240 1447474992  0.001  0.000   45.516   26.903    0    0  (Gen:  0)
  1511776    282936 1447606824  0.001  0.000   45.519   26.904    0    0  (Gen:  0)
  2753720     82464 1447685560  0.001  0.000   45.522   26.906    0    0  (Gen:  0)
  1778448     57320 1447705256  0.000  0.000   45.524   26.908    0    0  (Gen:  0)
  2340320     59496 1447736680  0.000  0.000   45.526   26.910    0    0  (Gen:  0)
  3130952    306528 1448070056  0.001  0.001   45.531   26.916    0    0  (Gen:  0)
  1856536    616168 1448591336  0.002  0.001   45.533   26.918    0    0  (Gen:  0)
  1032192    791024 1448935400  0.003  0.001   45.537   26.918    0    0  (Gen:  0)
  1070992    273456 1449232888  0.001  0.000   45.539   26.919    0    0  (Gen:  0)
  1088680     23880 1449273216  0.001  0.000   45.540   26.921    0    0  (Gen:  0)
  1037584     39728 1449292144  0.000  0.000   45.541   26.921    0    0  (Gen:  0)
  1031952     85432 1449345552  0.001  0.000   45.542   26.922    0    0  (Gen:  0)
  1036080    123072 1449402120  0.001  0.000   45.544   26.922    0    0  (Gen:  0)
  1034056    135664 1449467888  0.001  0.000   45.545   26.923    0    0  (Gen:  0)
  1031240    140448 1449529064  0.001  0.000   45.546   26.924    0    0  (Gen:  0)
  1036104    138728 1449590992  0.001  0.000   45.548   26.925    0    0  (Gen:  0)
  1034008    141752 1449657880  0.001  0.000   45.549   26.925    0    0  (Gen:  0)
  1033344    144032 1449721936  0.001  0.000   45.551   26.926    0    0  (Gen:  0)
  1034672    142448 1449784512  0.001  0.000   45.553   26.927    0    0  (Gen:  0)
  1033600    142832 1449850160  0.001  0.000   45.554   26.928    0    0  (Gen:  0)
  1036840    139264 1449908456  0.001  0.000   45.556   26.928    0    0  (Gen:  0)
  1035960    140288 1449974904  0.001  0.000   45.557   26.929    0    0  (Gen:  0)
  1036904    139424 1450034232  0.001  0.000   45.559   26.930    0    0  (Gen:  0)
  1034552    142584 1450102696  0.001  0.000   45.560   26.931    0    0  (Gen:  0)
  1033584    156688 1450176736  0.001  0.000   45.562   26.931    0    0  (Gen:  0)
  1034576    159528 1450247136  0.001  0.000   45.563   26.932    0    0  (Gen:  0)
  1033512    142992 1450305168  0.001  0.000   45.565   26.933    0    0  (Gen:  0)
  1032880    124320 1450357032  0.001  0.000   45.566   26.934    0    0  (Gen:  0)
  1032648    120960 1450409096  0.001  0.000   45.568   26.934    0    0  (Gen:  0)
  1034472    123120 1450467224  0.001  0.000   45.569   26.935    0    0  (Gen:  0)
  1034528    137072 1450533136  0.001  0.000   45.571   26.936    0    0  (Gen:  0)
  1036408    137544 1450588008  0.001  0.000   45.572   26.936    0    0  (Gen:  0)
  1032144    142904 1450662720  0.001  0.000   45.574   26.937    0    0  (Gen:  0)
  1032896    166744 1450738888  0.001  0.000   45.575   26.938    0    0  (Gen:  0)
  1032968    156552 1450804112  0.001  0.000   45.577   26.939    0    0  (Gen:  0)
  1215608    180616 1450942648  0.001  0.000   45.579   26.940    0    0  (Gen:  0)
  2804104    135664 1450998688  0.001  0.000   45.581   26.941    0    0  (Gen:  0)
  2194448     47296 1451016976  0.001  0.000   45.584   26.944    0    0  (Gen:  0)
  3970440     71056 1451056136  0.001  0.000   45.588   26.948    0    0  (Gen:  0)
  3146344    373328 1451559736  0.002  0.001   45.594   26.953    0    0  (Gen:  0)
  1172008    561464 1451827808  0.002  0.000   45.597   26.954    0    0  (Gen:  0)
  1032192    590400 1452171848  0.002  0.001   45.599   26.955    0    0  (Gen:  0)
  1065520    322576 1452518392  0.001  0.000   45.601   26.956    0    0  (Gen:  0)
  1278424     24024 1452560168  0.000  0.000   45.603   26.957    0    0  (Gen:  0)
  1037520     41592 1452580152  0.000  0.000   45.604   26.958    0    0  (Gen:  0)
  1031744     87208 1452634168  0.001  0.000   45.605   26.958    0    0  (Gen:  0)
  1036176    125200 1452696272  0.001  0.000   45.606   26.959    0    0  (Gen:  0)
  1034216    137320 1452762280  0.001  0.000   45.608   26.960    0    0  (Gen:  0)
  1031056    140376 1452823120  0.001  0.000   45.610   26.961    0    0  (Gen:  0)
  1035984    138184 1452884568  0.001  0.000   45.611   26.961    0    0  (Gen:  0)
  1034008    140896 1452950496  0.001  0.000   45.613   26.962    0    0  (Gen:  0)
  1033080    145944 1453016768  0.001  0.000   45.614   26.963    0    0  (Gen:  0)
  1034824    140552 1453078024  0.001  0.000   45.616   26.964    0    0  (Gen:  0)
  1034064    142656 1453144136  0.001  0.000   45.617   26.964    0    0  (Gen:  0)
  1036608    136792 1453201688  0.001  0.000   45.619   26.965    0    0  (Gen:  0)
  1036184    138672 1453266816  0.001  0.000   45.620   26.966    0    0  (Gen:  0)
  1036632    140016 1453327512  0.001  0.000   45.622   26.967    0    0  (Gen:  0)
  1034600    144120 1453395968  0.001  0.000   45.623   26.967    0    0  (Gen:  0)
  1033752    157616 1453470256  0.001  0.000   45.625   26.968    0    0  (Gen:  0)
  1034504    161072 1453541464  0.001  0.000   45.627   26.969    0    0  (Gen:  0)
  1033432    141672 1453596792  0.001  0.000   45.628   26.970    0    0  (Gen:  0)
  1032976    121960 1453650144  0.001  0.000   45.629   26.970    0    0  (Gen:  0)
  1032344    121792 1453701384  0.001  0.000   45.631   26.971    0    0  (Gen:  0)
  1034688    122176 1453759112  0.001  0.000   45.632   26.972    0    0  (Gen:  0)
  1034744    136288 1453824456  0.001  0.000   45.634   26.972    0    0  (Gen:  0)
  1036336    136744 1453881480  0.001  0.000   45.635   26.973    0    0  (Gen:  0)
  1031576    146000 1453956960  0.001  0.000   45.637   26.974    0    0  (Gen:  0)
  1033144    168304 1454034272  0.001  0.000   45.638   26.975    0    0  (Gen:  0)
  1033016    154816 1454096448  0.001  0.000   45.640   26.975    0    0  (Gen:  0)
  1173440    178984 1454204032  0.001  0.000   45.641   26.976    0    0  (Gen:  0)
  2812440    135144 1454249920  0.001  0.000   45.644   26.978    0    0  (Gen:  0)
  3072784     51248 1454270872  0.001  0.000   45.648   26.981    0    0  (Gen:  0)
  2696368     70912 1454302176  0.000  0.000   45.650   26.984    0    0  (Gen:  0)
  2193096    169552 1454431856  0.000  0.000   45.653   26.987    0    0  (Gen:  0)
  2257416    534568 1455043840  0.002  0.001   45.657   26.990    0    0  (Gen:  0)
  1032192    805688 1455387904  0.002  0.001   45.660   26.991    0    0  (Gen:  0)
  1065136    350048 1455761840  0.002  0.000   45.662   26.992    0    0  (Gen:  0)
  1323752     24312 1455806352  0.001  0.000   45.664   26.993    0    0  (Gen:  0)
  1037680     40944 1455824608  0.000  0.000   45.665   26.994    0    0  (Gen:  0)
  1031864     85592 1455878456  0.000  0.000   45.666   26.995    0    0  (Gen:  0)
  1036080    123440 1455935024  0.001  0.000   45.667   26.995    0    0  (Gen:  0)
  1034056    135800 1456000792  0.001  0.000   45.669   26.996    0    0  (Gen:  0)
  1031240    140584 1456061968  0.001  0.000   45.670   26.997    0    0  (Gen:  0)
  1036104    138864 1456123896  0.001  0.000   45.672   26.998    0    0  (Gen:  0)
  1034008    141888 1456190784  0.001  0.000   45.673   26.998    0    0  (Gen:  0)
  1033344    144168 1456254840  0.001  0.000   45.675   26.999    0    0  (Gen:  0)
  1034672    142584 1456317416  0.001  0.000   45.676   27.000    0    0  (Gen:  0)
  1033600    142968 1456383064  0.001  0.000   45.678   27.001    0    0  (Gen:  0)
  1036840    139400 1456441360  0.001  0.000   45.679   27.001    0    0  (Gen:  0)
  1035960    140424 1456507808  0.001  0.000   45.681   27.002    0    0  (Gen:  0)
  1036904    139560 1456567136  0.001  0.000   45.682   27.003    0    0  (Gen:  0)
  1034552    142720 1456635600  0.001  0.000   45.684   27.004    0    0  (Gen:  0)
  1033584    156824 1456709640  0.001  0.000   45.685   27.004    0    0  (Gen:  0)
  1034576    159664 1456780040  0.001  0.000   45.687   27.005    0    0  (Gen:  0)
  1033512    143128 1456838072  0.001  0.000   45.689   27.006    0    0  (Gen:  0)
  1032880    124456 1456889936  0.001  0.000   45.690   27.007    0    0  (Gen:  0)
  1032648    121096 1456942000  0.001  0.000   45.691   27.007    0    0  (Gen:  0)
  1034472    123256 1457000128  0.001  0.000   45.693   27.008    0    0  (Gen:  0)
  1034528    137208 1457066040  0.001  0.000   45.694   27.009    0    0  (Gen:  0)
  1036408    137680 1457120912  0.001  0.000   45.696   27.009    0    0  (Gen:  0)
  1032144    143040 1457195624  0.001  0.000   45.697   27.010    0    0  (Gen:  0)
  1032896    166880 1457271792  0.001  0.000   45.699   27.011    0    0  (Gen:  0)
  1032968    156688 1457337016  0.001  0.000   45.700   27.012    0    0  (Gen:  0)
  1657720    215496 1457543128  0.001  0.000   45.702   27.013    0    0  (Gen:  0)
  1544056    280192 1457673528  0.001  0.000   45.705   27.014    0    0  (Gen:  0)
  1615168     67616 1457729248  0.001  0.000   45.707   27.015    0    0  (Gen:  0)
  1332456     48648 1457750592  0.000  0.000   45.709   27.017    0    0  (Gen:  0)
  3276272     66600 1457790240  0.001  0.000   45.712   27.020    0    0  (Gen:  0)
  2983488    285024 1458083464  0.001  0.001   45.716   27.024    0    0  (Gen:  0)
  1856672    558152 1458565624  0.002  0.001   45.719   27.026    0    0  (Gen:  0)
  1032192    748736 1458909688  0.002  0.001   45.722   27.027    0    0  (Gen:  0)
  1066400    331648 1459265208  0.002  0.000   45.724   27.028    0    0  (Gen:  0)
  1071432     24128 1459305056  0.001  0.000   45.726   27.029    0    0  (Gen:  0)
  1038960     31688 1459315016  0.000  0.000   45.727   27.030    0    0  (Gen:  0)
  1032040     76016 1459370240  0.001  0.000   45.728   27.030    0    0  (Gen:  0)
  1035400    126960 1459429128  0.001  0.000   45.729   27.031    0    0  (Gen:  0)
  1034256    134008 1459490560  0.001  0.000   45.731   27.032    0    0  (Gen:  0)
  1031416    144616 1459560384  0.001  0.000   45.732   27.033    0    0  (Gen:  0)
  1036000    141568 1459618640  0.001  0.000   45.734   27.033    0    0  (Gen:  0)
  1033968    141976 1459683784  0.001  0.000   45.735   27.034    0    0  (Gen:  0)
  1033040    145576 1459748496  0.001  0.000   45.737   27.035    0    0  (Gen:  0)
  1034792    143496 1459811856  0.001  0.000   45.739   27.036    0    0  (Gen:  0)
  1034592    144768 1459876624  0.001  0.000   45.740   27.036    0    0  (Gen:  0)
  1035504    136704 1459933376  0.001  0.000   45.742   27.037    0    0  (Gen:  0)
  1035992    139072 1459999640  0.001  0.000   45.743   27.038    0    0  (Gen:  0)
  1036576    141304 1460058792  0.001  0.000   45.745   27.039    0    0  (Gen:  0)
  1035304    141408 1460127920  0.001  0.000   45.746   27.039    0    0  (Gen:  0)
  1033712    154976 1460198768  0.001  0.000   45.748   27.040    0    0  (Gen:  0)
  1034200    159664 1460272640  0.001  0.000   45.749   27.041    0    0  (Gen:  0)
  1033080    152608 1460335896  0.001  0.000   45.751   27.042    0    0  (Gen:  0)
  1033032    128752 1460386224  0.001  0.000   45.752   27.042    0    0  (Gen:  0)
  1033392    121912 1460441240  0.001  0.000   45.754   27.043    0    0  (Gen:  0)
  1033736    122248 1460492768  0.001  0.000   45.755   27.044    0    0  (Gen:  0)
  1034968    131384 1460556720  0.001  0.000   45.757   27.045    0    0  (Gen:  0)
  1035824    134176 1460610400  0.001  0.000   45.758   27.045    0    0  (Gen:  0)
  1033176    138352 1460681488  0.001  0.000   45.760   27.046    0    0  (Gen:  0)
  1032888    169328 1460763536  0.001  0.000   45.761   27.047    0    0  (Gen:  0)
  1033744    159056 1460826880  0.001  0.000   45.763   27.048    0    0  (Gen:  0)
  1039816    136120 1460884144  0.001  0.000   45.765   27.048    0    0  (Gen:  0)
  1567280    229992 1461110792  0.001  0.000   45.767   27.049    0    0  (Gen:  0)
  1590232     77320 1460990824  0.000  0.000   45.769   27.051    0    0  (Gen:  0)
  1147968     37264 1461003336  0.000  0.000   45.770   27.052    0    0  (Gen:  0)
  1175920     36000 1461010840  0.000  0.000   45.772   27.053    0    0  (Gen:  0)
  1182336     44440 1461026888  0.000  0.000   45.773   27.055    0    0  (Gen:  0)
  1183888     42424 1461043120  0.000  0.000   45.775   27.056    0    0  (Gen:  0)
  2889368     91424 1461137984  0.001  0.000   45.778   27.058    0    0  (Gen:  0)
  2596792    517840 1461773128  0.001  0.001   45.783   27.064    0    0  (Gen:  0)
  1032192    810584 1462117192  0.002  0.001   45.786   27.065    0    0  (Gen:  0)
  1032192    356768 1462461256  0.002  0.000   45.788   27.065    0    0  (Gen:  0)
  1437360     40440 1462558184  0.001  0.000   45.790   27.067    0    0  (Gen:  0)
  1037584     42296 1462577112  0.000  0.000   45.791   27.067    0    0  (Gen:  0)
  1031944     87160 1462631976  0.001  0.000   45.792   27.068    0    0  (Gen:  0)
  1036024    124088 1462687880  0.001  0.000   45.794   27.069    0    0  (Gen:  0)
  1034096    135944 1462753632  0.001  0.000   45.795   27.069    0    0  (Gen:  0)
  1031248    140536 1462814832  0.001  0.000   45.796   27.070    0    0  (Gen:  0)
  1035904    138464 1462876184  0.001  0.000   45.798   27.071    0    0  (Gen:  0)
  1034016    142112 1462943400  0.001  0.000   45.799   27.072    0    0  (Gen:  0)
  1033440    144952 1463007936  0.001  0.000   45.801   27.072    0    0  (Gen:  0)
  1034760    142680 1463070640  0.001  0.000   45.803   27.073    0    0  (Gen:  0)
  1033616    143200 1463135872  0.001  0.000   45.804   27.074    0    0  (Gen:  0)
  1036792    139464 1463194200  0.001  0.000   45.805   27.075    0    0  (Gen:  0)
  1036032    140376 1463260448  0.001  0.000   45.807   27.075    0    0  (Gen:  0)
  1036896    139952 1463320008  0.001  0.000   45.808   27.076    0    0  (Gen:  0)
  1034496    142848 1463388208  0.001  0.000   45.810   27.077    0    0  (Gen:  0)
  1033648    157144 1463462344  0.001  0.000   45.811   27.078    0    0  (Gen:  0)
  1034576    159448 1463532336  0.001  0.000   45.813   27.078    0    0  (Gen:  0)
  1033456    143112 1463590496  0.001  0.000   45.814   27.079    0    0  (Gen:  0)
  1032928    124816 1463642720  0.001  0.000   45.815   27.080    0    0  (Gen:  0)
  1032608    121568 1463694696  0.001  0.000   45.817   27.080    0    0  (Gen:  0)
  1034464    122888 1463752456  0.001  0.000   45.818   27.081    0    0  (Gen:  0)
  1034568    137104 1463818392  0.001  0.000   45.820   27.082    0    0  (Gen:  0)
  1036392    137528 1463873112  0.001  0.000   45.821   27.082    0    0  (Gen:  0)
  1032024    142936 1463947656  0.001  0.000   45.823   27.083    0    0  (Gen:  0)
  1033048    167896 1464024944  0.001  0.000   45.824   27.084    0    0  (Gen:  0)
  1032968    156656 1464089096  0.001  0.000   45.826   27.085    0    0  (Gen:  0)
  1935304    266872 1464315200  0.002  0.000   45.829   27.086    0    0  (Gen:  0)
  1939408    132656 1464242504  0.001  0.000   45.831   27.088    0    0  (Gen:  0)
  2756648     54000 1464265848  0.000  0.000   45.834   27.091    0    0  (Gen:  0)
  1143640     45688 1464277064  0.000  0.000   45.836   27.092    0    0  (Gen:  0)
  1218120     43848 1464292424  0.000  0.000   45.837   27.094    0    0  (Gen:  0)
  1139528     46088 1464310512  0.000  0.000   45.839   27.095    0    0  (Gen:  0)
  1183424     46968 1464330840  0.000  0.000   45.841   27.097    0    0  (Gen:  0)
  1107088     37024 1464343552  0.000  0.000   45.842   27.098    0    0  (Gen:  0)
  2999320     77280 1464400104  0.001  0.000   45.846   27.101    0    0  (Gen:  0)
  2616064     93136 1464450040  0.001  0.000   45.849   27.104    0    0  (Gen:  0)
  2743392     94464 1464513240  0.001  0.000   45.852   27.107    0    0  (Gen:  0)
  2771280    402376 1465078368  0.002  0.001   45.858   27.111    0    0  (Gen:  0)
  1032192    722888 1465422432  0.002  0.001   45.860   27.112    0    0  (Gen:  0)
  1032192    356872 1465766496  0.002  0.000   45.862   27.113    0    0  (Gen:  0)
  1817952    166360 1465989232  0.001  0.000   45.864   27.114    0    0  (Gen:  0)
  1037400     42440 1466008112  0.000  0.000   45.865   27.115    0    0  (Gen:  0)
  1033160     87624 1466063392  0.001  0.000   45.866   27.116    0    0  (Gen:  0)
  1036008    124120 1466122944  0.001  0.000   45.868   27.116    0    0  (Gen:  0)
  1034096    135600 1466188696  0.001  0.000   45.869   27.117    0    0  (Gen:  0)
  1031248    140616 1466249896  0.001  0.000   45.871   27.118    0    0  (Gen:  0)
  1035904    138544 1466311248  0.001  0.000   45.872   27.118    0    0  (Gen:  0)
  1034016    142192 1466378464  0.001  0.000   45.874   27.119    0    0  (Gen:  0)
  1033440    145032 1466443000  0.001  0.000   45.875   27.120    0    0  (Gen:  0)
  1034760    142760 1466505704  0.001  0.000   45.877   27.121    0    0  (Gen:  0)
  1033616    143280 1466570936  0.001  0.000   45.878   27.121    0    0  (Gen:  0)
  1036792    139544 1466629264  0.001  0.000   45.880   27.122    0    0  (Gen:  0)
  1036032    140456 1466695512  0.001  0.000   45.881   27.123    0    0  (Gen:  0)
  1036896    140032 1466755072  0.001  0.000   45.883   27.124    0    0  (Gen:  0)
  1034496    142928 1466823272  0.001  0.000   45.884   27.124    0    0  (Gen:  0)
  1033648    157224 1466897408  0.001  0.000   45.886   27.125    0    0  (Gen:  0)
  1034576    159528 1466967400  0.001  0.000   45.887   27.126    0    0  (Gen:  0)
  1033456    143192 1467025560  0.001  0.000   45.889   27.127    0    0  (Gen:  0)
  1032928    124896 1467077784  0.001  0.000   45.890   27.127    0    0  (Gen:  0)
  1032608    121648 1467129760  0.001  0.000   45.891   27.128    0    0  (Gen:  0)
  1034464    122968 1467187520  0.001  0.000   45.893   27.129    0    0  (Gen:  0)
  1034568    137184 1467253456  0.001  0.000   45.894   27.129    0    0  (Gen:  0)
  1036392    137608 1467308176  0.001  0.000   45.896   27.130    0    0  (Gen:  0)
  1032024    143016 1467382720  0.001  0.000   45.897   27.131    0    0  (Gen:  0)
  1033048    167976 1467460008  0.001  0.000   45.899   27.132    0    0  (Gen:  0)
  1032968    156736 1467524160  0.001  0.000   45.900   27.132    0    0  (Gen:  0)
  2439296    279888 1467763176  0.001  0.000   45.903   27.134    0    0  (Gen:  0)
  1571704    131928 1467677048  0.001  0.000   45.905   27.135    0    0  (Gen:  0)
  1522944     42144 1467689688  0.000  0.000   45.907   27.137    0    0  (Gen:  0)
  2270160     49720 1467704376  0.000  0.000   45.909   27.139    0    0  (Gen:  0)
  1948448     64240 1467732792  0.000  0.000   45.912   27.141    0    0  (Gen:  0)
  2243120    231232 1467921672  0.000  0.000   45.915   27.144    0    0  (Gen:  0)
  2032600    484848 1468418896  0.002  0.001   45.919   27.148    0    0  (Gen:  0)
  1032192    715648 1468762960  0.002  0.001   45.921   27.149    0    0  (Gen:  0)
  1032192    356944 1469107024  0.002  0.000   45.923   27.149    0    0  (Gen:  0)
  1108440     64568 1469227912  0.001  0.000   45.925   27.150    0    0  (Gen:  0)
  1039544     24248 1469228840  0.000  0.000   45.926   27.151    0    0  (Gen:  0)
  1032592     64384 1469281472  0.000  0.000   45.927   27.152    0    0  (Gen:  0)
  1033864    120736 1469340024  0.001  0.000   45.928   27.152    0    0  (Gen:  0)
  1035584    135680 1469403704  0.001  0.000   45.930   27.153    0    0  (Gen:  0)
  1032232    143424 1469469600  0.001  0.000   45.931   27.154    0    0  (Gen:  0)
  1033912    145496 1469531656  0.001  0.000   45.933   27.155    0    0  (Gen:  0)
  1034768    141584 1469593000  0.001  0.000   45.934   27.155    0    0  (Gen:  0)
  1033448    142840 1469658776  0.001  0.000   45.936   27.156    0    0  (Gen:  0)
  1034656    141320 1469718744  0.001  0.000   45.937   27.157    0    0  (Gen:  0)
  1033968    144536 1469786184  0.001  0.000   45.939   27.158    0    0  (Gen:  0)
  1035848    141288 1469846032  0.001  0.000   45.940   27.158    0    0  (Gen:  0)
  1035728    137968 1469909896  0.001  0.000   45.942   27.159    0    0  (Gen:  0)
  1037000    137728 1469967496  0.001  0.000   45.943   27.160    0    0  (Gen:  0)
  1035192    141312 1470035304  0.001  0.000   45.945   27.161    0    0  (Gen:  0)
  1033224    151912 1470105352  0.001  0.000   45.946   27.161    0    0  (Gen:  0)
  1035272    159640 1470179112  0.001  0.000   45.948   27.162    0    0  (Gen:  0)
  1032816    151776 1470243008  0.001  0.000   45.950   27.163    0    0  (Gen:  0)
  1033728    132320 1470297144  0.001  0.000   45.951   27.164    0    0  (Gen:  0)
  1032696    125040 1470352568  0.001  0.000   45.952   27.164    0    0  (Gen:  0)
  1032736    121664 1470403136  0.001  0.000   45.954   27.165    0    0  (Gen:  0)
  1035824    131680 1470466744  0.001  0.000   45.955   27.166    0    0  (Gen:  0)
  1036576    129920 1470518128  0.001  0.000   45.957   27.166    0    0  (Gen:  0)
  1032784    143328 1470593224  0.001  0.000   45.958   27.167    0    0  (Gen:  0)
  1031808    171272 1470674400  0.001  0.000   45.960   27.168    0    0  (Gen:  0)
  1033976    162656 1470740104  0.001  0.000   45.962   27.169    0    0  (Gen:  0)
  1031472    145440 1470804792  0.001  0.000   45.963   27.169    0    0  (Gen:  0)
  1877288    243536 1471035944  0.001  0.000   45.966   27.171    0    0  (Gen:  0)
  2195104     88472 1470921592  0.001  0.000   45.968   27.172    0    0  (Gen:  0)
  4021544     61712 1470965816  0.001  0.000   45.972   27.176    0    0  (Gen:  0)
  1173024     63568 1470984720  0.000  0.000   45.974   27.178    0    0  (Gen:  0)
  1993608    175336 1471121296  0.000  0.000   45.976   27.181    0    0  (Gen:  0)
  2529504    626600 1471813992  0.002  0.001   45.980   27.184    0    0  (Gen:  0)
  1032192    890536 1472158056  0.003  0.001   45.984   27.185    0    0  (Gen:  0)
  2116568    266048 1472480352  0.001  0.000   45.986   27.187    0    0  (Gen:  0)
  1037400     42592 1472499232  0.001  0.000   45.988   27.188    0    0  (Gen:  0)
  1033144     87400 1472554152  0.000  0.000   45.989   27.188    0    0  (Gen:  0)
  1036024    124328 1472610056  0.001  0.000   45.990   27.189    0    0  (Gen:  0)
  1034096    136184 1472675808  0.001  0.000   45.991   27.190    0    0  (Gen:  0)
  1031248    140776 1472737008  0.001  0.000   45.993   27.190    0    0  (Gen:  0)
  1035904    138704 1472798360  0.001  0.000   45.994   27.191    0    0  (Gen:  0)
  1034016    142352 1472865576  0.001  0.000   45.996   27.192    0    0  (Gen:  0)
  1033440    145192 1472930112  0.001  0.000   45.997   27.193    0    0  (Gen:  0)
  1034760    142920 1472992816  0.001  0.000   45.999   27.193    0    0  (Gen:  0)
  1033616    143440 1473058048  0.001  0.000   46.000   27.194    0    0  (Gen:  0)
  1036792    139704 1473116376  0.001  0.000   46.002   27.195    0    0  (Gen:  0)
  1036032    140616 1473182624  0.001  0.000   46.003   27.195    0    0  (Gen:  0)
  1036896    140192 1473242184  0.001  0.000   46.005   27.196    0    0  (Gen:  0)
  1034496    143088 1473310384  0.001  0.000   46.006   27.197    0    0  (Gen:  0)
  1033648    157384 1473384520  0.001  0.000   46.007   27.198    0    0  (Gen:  0)
  1034576    159688 1473454512  0.001  0.000   46.009   27.198    0    0  (Gen:  0)
  1186200    146792 1473614328  0.001  0.000   46.011   27.199    0    0  (Gen:  0)
  1032968    128712 1473667048  0.001  0.000   46.012   27.200    0    0  (Gen:  0)
  1186760    125384 1473852912  0.001  0.000   46.014   27.201    0    0  (Gen:  0)
  1034824    127184 1473911544  0.001  0.000   46.015   27.201    0    0  (Gen:  0)
  1344856    142320 1474046512  0.001  0.000   46.017   27.202    0    0  (Gen:  0)
  1034120    158648 1474120280  0.001  0.000   46.019   27.203    0    0  (Gen:  0)
  1112720    167160 1474265000  0.001  0.000   46.020   27.204    0    0  (Gen:  0)
  1032896    166064 1474334912  0.001  0.000   46.022   27.205    0    0  (Gen:  0)
  1115880    154032 1474467656  0.001  0.000   46.024   27.205    0    0  (Gen:  0)
  1375672    199080 1474687880  0.001  0.000   46.026   27.207    0    0  (Gen:  0)
  2500360    114400 1474732648  0.001  0.000   46.029   27.208    0    0  (Gen:  0)
  1181776     45808 1474748632  0.000  0.000   46.030   27.209    0    0  (Gen:  0)
  1812296     43288 1474761936  0.000  0.000   46.032   27.211    0    0  (Gen:  0)
  1180472     42008 1474768736  0.000  0.000   46.034   27.213    0    0  (Gen:  0)
  1923752     51008 1474795064  0.000  0.000   46.036   27.215    0    0  (Gen:  0)
  2387272    277520 1475113312  0.001  0.001   46.039   27.219    0    0  (Gen:  0)
  1423600    447056 1475445384  0.003  0.001   46.043   27.221    0    0  (Gen:  0)
  1032192    639464 1475789448  0.003  0.001   46.046   27.222    0    0  (Gen:  0)
  1032192    357120 1476133512  0.002  0.001   46.049   27.222    0    0  (Gen:  0)
  1630616    105256 1476294896  0.001  0.000   46.051   27.224    0    0  (Gen:  0)
  1037584     42800 1476313824  0.001  0.000   46.052   27.225    0    0  (Gen:  0)
  1031920     86008 1476371280  0.001  0.000   46.053   27.225    0    0  (Gen:  0)
  1036080    123648 1476427848  0.001  0.000   46.055   27.226    0    0  (Gen:  0)
  1034056    136240 1476493616  0.001  0.000   46.056   27.227    0    0  (Gen:  0)
  1031240    141024 1476554792  0.001  0.000   46.058   27.228    0    0  (Gen:  0)
  1036104    139304 1476616720  0.001  0.000   46.059   27.228    0    0  (Gen:  0)
  1034008    142328 1476683608  0.001  0.000   46.061   27.229    0    0  (Gen:  0)
  1033344    144608 1476747664  0.001  0.000   46.062   27.230    0    0  (Gen:  0)
  1034672    143024 1476810240  0.001  0.000   46.064   27.231    0    0  (Gen:  0)
  1033600    143408 1476875888  0.001  0.000   46.065   27.231    0    0  (Gen:  0)
  1036840    139840 1476934184  0.001  0.000   46.067   27.232    0    0  (Gen:  0)
  1035960    140864 1477000632  0.001  0.000   46.069   27.233    0    0  (Gen:  0)
  1036904    140000 1477059960  0.001  0.000   46.070   27.234    0    0  (Gen:  0)
  1034552    143160 1477128424  0.001  0.000   46.072   27.234    0    0  (Gen:  0)
  1033584    157264 1477202464  0.001  0.000   46.073   27.235    0    0  (Gen:  0)
  1034576    160104 1477272864  0.001  0.000   46.075   27.236    0    0  (Gen:  0)
  1033512    143568 1477330896  0.001  0.000   46.076   27.237    0    0  (Gen:  0)
  1032880    124896 1477382760  0.001  0.000   46.078   27.237    0    0  (Gen:  0)
  1032648    121536 1477434824  0.001  0.000   46.079   27.238    0    0  (Gen:  0)
  1034472    123696 1477492952  0.001  0.000   46.081   27.239    0    0  (Gen:  0)
  1034528    137648 1477558864  0.001  0.000   46.082   27.239    0    0  (Gen:  0)
  1036408    138120 1477613736  0.001  0.000   46.083   27.240    0    0  (Gen:  0)
  1032144    143480 1477688448  0.001  0.000   46.085   27.241    0    0  (Gen:  0)
  1032896    167320 1477764616  0.001  0.000   46.087   27.242    0    0  (Gen:  0)
  1032968    157128 1477829840  0.001  0.000   46.088   27.242    0    0  (Gen:  0)
  2503072    282976 1478102960  0.002  0.000   46.092   27.244    0    0  (Gen:  0)
  2327872    139160 1477989680  0.001  0.000   46.094   27.246    0    0  (Gen:  0)
  1179880     45216 1478002176  0.000  0.000   46.096   27.247    0    0  (Gen:  0)
  3024880     55448 1477999392  0.001  0.000   46.099   27.250    0    0  (Gen:  0)
  1141904     51112 1478044728  0.000  0.000   46.100   27.252    0    0  (Gen:  0)
  2105760     58304 1478081448  0.001  0.000   46.103   27.254    0    0  (Gen:  0)
  3012272     82888 1478133000  0.001  0.000   46.106   27.257    0    0  (Gen:  0)
  1170408     62144 1478150056  0.000  0.000   46.108   27.258    0    0  (Gen:  0)
  1684368     56904 1478182984  0.000  0.000   46.110   27.259    0    0  (Gen:  0)
  2805608     87072 1478239264  0.000  0.000   46.113   27.262    0    0  (Gen:  0)
  2032024     96688 1478297248  0.001  0.000   46.115   27.264    0    0  (Gen:  0)
  1169288     67160 1478326240  0.001  0.000   46.117   27.265    0    0  (Gen:  0)
  2365528     96128 1478396272  0.001  0.000   46.120   27.268    0    0  (Gen:  0)
  2185752    110392 1478461384  0.001  0.000   46.123   27.270    0    0  (Gen:  0)
  3341584    116424 1478541624  0.001  0.000   46.126   27.273    0    0  (Gen:  0)
  2780072     97920 1478600272  0.001  0.000   46.129   27.275    0    0  (Gen:  0)
  1171560     63920 1478624896  0.000  0.000   46.131   27.277    0    0  (Gen:  0)
  1723280     61952 1478666232  0.001  0.000   46.133   27.278    0    0  (Gen:  0)
  3006984     99936 1478743432  0.001  0.000   46.136   27.281    0    0  (Gen:  0)
  1691744     77320 1478777312  0.001  0.000   46.138   27.282    0    0  (Gen:  0)
  1170912     55176 1478801584  0.000  0.000   46.140   27.284    0    0  (Gen:  0)
  2887024     83072 1478866536  0.001  0.000   46.143   27.286    0    0  (Gen:  0)
  1166648     69216 1478897544  0.001  0.000   46.144   27.287    0    0  (Gen:  0)
  1672856     59472 1478933936  0.000  0.000   46.146   27.289    0    0  (Gen:  0)
  1100256     47440 1478949424  0.000  0.000   46.148   27.290    0    0  (Gen:  0)
  2318864     93312 1479023104  0.001  0.000   46.151   27.292    0    0  (Gen:  0)
  1648920     78872 1479064584  0.001  0.000   46.153   27.294    0    0  (Gen:  0)
  3333720     95232 1479129464  0.001  0.000   46.156   27.297    0    0  (Gen:  0)
  3389512    141512 1479239816  0.001  0.000   46.160   27.300    0    0  (Gen:  0)
  1069816     72344 1479249944  0.001  0.000   46.162   27.301    0    0  (Gen:  0)
  1234744     48680 1479279712  0.000  0.000   46.164   27.303    0    0  (Gen:  0)
  1103632     47480 1479296944  0.001  0.000   46.165   27.304    0    0  (Gen:  0)
  1664016     57904 1479335928  0.000  0.000   46.167   27.305    0    0  (Gen:  0)
  1103512     50960 1479355936  0.000  0.000   46.169   27.307    0    0  (Gen:  0)
  2146488     69152 1479408424  0.000  0.000   46.171   27.309    0    0  (Gen:  0)
  1738744     67120 1479438408  0.001  0.000   46.173   27.310    0    0  (Gen:  0)
  1072064     44528 1479455080  0.000  0.000   46.175   27.311    0    0  (Gen:  0)
  1104328     48896 1479483024  0.001  0.000   46.176   27.312    0    0  (Gen:  0)
  1106376     50192 1479502984  0.000  0.000   46.178   27.314    0    0  (Gen:  0)
  1103144     48936 1479522864  0.000  0.000   46.179   27.315    0    0  (Gen:  0)
  1107512     48400 1479548848  0.000  0.000   46.181   27.316    0    0  (Gen:  0)
  1073016     44040 1479565384  0.001  0.000   46.183   27.317    0    0  (Gen:  0)
  1137848     46912 1479592288  0.001  0.000   46.184   27.318    0    0  (Gen:  0)
  1103008     48048 1479613768  0.001  0.000   46.186   27.319    0    0  (Gen:  0)
  1104752     50376 1479641136  0.001  0.000   46.187   27.320    0    0  (Gen:  0)
  1072568     40464 1479653912  0.000  0.000   46.188   27.321    0    0  (Gen:  0)
  1105688     43768 1479674600  0.000  0.000   46.190   27.322    0    0  (Gen:  0)
  1540440    396232 1480110592  0.003  0.001   46.194   27.324    0    0  (Gen:  0)
  1550872    454352 1480352304  0.004  0.001   46.198   27.325    0    0  (Gen:  0)
  1533408    268952 1480632352  0.003  0.001   46.202   27.327    0    0  (Gen:  0)
  1484408    264872 1480871680  0.003  0.001   46.206   27.328    0    0  (Gen:  0)
  1539600    268688 1481118368  0.003  0.001   46.211   27.329    0    0  (Gen:  0)
  1554960    266296 1481360312  0.003  0.001   46.215   27.331    0    0  (Gen:  0)
  1551312    264232 1481601032  0.003  0.001   46.219   27.332    0    0  (Gen:  0)
  1584624    267088 1481883464  0.003  0.001   46.223   27.334    0    0  (Gen:  0)
  1469520    267088 1482127536  0.003  0.001   46.227   27.335    0    0  (Gen:  0)
  1447272    271448 1482374392  0.003  0.001   46.231   27.337    0    0  (Gen:  0)
  1472416    267264 1482615704  0.003  0.001   46.235   27.338    0    0  (Gen:  0)
  1537160    270848 1482867104  0.003  0.001   46.239   27.339    0    0  (Gen:  0)
  1533976    266584 1483110544  0.003  0.001   46.243   27.341    0    0  (Gen:  0)
  1564232    265016 1483352488  0.003  0.001   46.247   27.342    0    0  (Gen:  0)
  1620520    268568 1483632224  0.003  0.001   46.251   27.344    0    0  (Gen:  0)
  1535960    268064 1483880144  0.003  0.001   46.255   27.345    0    0  (Gen:  0)
  1511208    268784 1484122112  0.003  0.001   46.259   27.346    0    0  (Gen:  0)
  1535328    267760 1484366312  0.003  0.001   46.263   27.348    0    0  (Gen:  0)
  1661400    267576 1484706912  0.003  0.001   46.267   27.349    0    0  (Gen:  0)
  1603184    273184 1485018864  0.003  0.001   46.272   27.351    0    0  (Gen:  0)
  2076464    342472 1485398208  0.003  0.001   46.276   27.352    0    0  (Gen:  0)
  1699368    280360 1485718320  0.004  0.001   46.281   27.354    0    0  (Gen:  0)
  1672048    276104 1486066952  0.003  0.001   46.285   27.355    0    0  (Gen:  0)
  1595464    271880 1486376168  0.003  0.001   46.289   27.357    0    0  (Gen:  0)
  1687408    278760 1486695576  0.003  0.001   46.294   27.358    0    0  (Gen:  0)
  2318528    370696 1487139864  0.002  0.001   46.297   27.360    0    0  (Gen:  0)
  1556552    270432 1487443912  0.003  0.001   46.301   27.361    0    0  (Gen:  0)
  1565024    272520 1487788728  0.003  0.001   46.306   27.363    0    0  (Gen:  0)
  1567368    269672 1488067360  0.003  0.001   46.310   27.364    0    0  (Gen:  0)
  1695296    269440 1488412896  0.003  0.001   46.314   27.366    0    0  (Gen:  0)
  1570952    272040 1488660744  0.003  0.001   46.318   27.367    0    0  (Gen:  0)
  1781176    274896 1489071952  0.003  0.001   46.323   27.369    0    0  (Gen:  0)
  1637880    269768 1489407504  0.003  0.001   46.327   27.370    0    0  (Gen:  0)
  1567688    273256 1489720656  0.003  0.001   46.332   27.372    0    0  (Gen:  0)
  1599416    268984 1489994960  0.004  0.001   46.337   27.374    0    0  (Gen:  0)
  1524560    269784 1490338016  0.004  0.001   46.341   27.375    0    0  (Gen:  0)
  1586008    274224 1490656288  0.003  0.001   46.346   27.377    0    0  (Gen:  0)
  1549592    269928 1490929384  0.003  0.001   46.350   27.378    0    0  (Gen:  0)
  1675536    270120 1491340184  0.003  0.001   46.355   27.380    0    0  (Gen:  0)
  1572648    269240 1491616704  0.003  0.001   46.359   27.382    0    0  (Gen:  0)
  1666936    274536 1491930832  0.003  0.001   46.364   27.383    0    0  (Gen:  0)
  1635432    272024 1492209768  0.003  0.001   46.368   27.385    0    0  (Gen:  0)
  1762408    270488 1492616728  0.003  0.001   46.372   27.386    0    0  (Gen:  0)
  1571496    271128 1492859248  0.003  0.001   46.377   27.388    0    0  (Gen:  0)
  1834720    289152 1493253864  0.004  0.001   46.382   27.389    0    0  (Gen:  0)
  1696216    274056 1493595728  0.004  0.001   46.386   27.391    0    0  (Gen:  0)
  1577152    269760 1493943680  0.003  0.001   46.391   27.392    0    0  (Gen:  0)
  1656800    276952 1494226592  0.003  0.001   46.395   27.394    0    0  (Gen:  0)
  1593808    272144 1494534504  0.003  0.001   46.399   27.395    0    0  (Gen:  0)
  1693384    276088 1494819648  0.003  0.001   46.404   27.397    0    0  (Gen:  0)
  1553640    269072 1495061840  0.003  0.001   46.408   27.398    0    0  (Gen:  0)
  1543288    271840 1495309664  0.003  0.001   46.412   27.400    0    0  (Gen:  0)
  1642128    273880 1495654728  0.003  0.001   46.416   27.401    0    0  (Gen:  0)
  1709056    272000 1495996384  0.003  0.001   46.420   27.403    0    0  (Gen:  0)
  1579184    270696 1496338528  0.003  0.001   46.425   27.404    0    0  (Gen:  0)
  1613600    267728 1496647816  0.003  0.001   46.429   27.406    0    0  (Gen:  0)
  2555912    411600 1497104160  0.003  0.001   46.434   27.408    0    0  (Gen:  0)
  1556168    268744 1497411552  0.003  0.001   46.438   27.409    0    0  (Gen:  0)
  1721888    274552 1497731072  0.003  0.001   46.442   27.410    0    0  (Gen:  0)
  1580752    265688 1497966240  0.003  0.001   46.446   27.412    0    0  (Gen:  0)
  1616864    271800 1498385840  0.003  0.001   46.450   27.413    0    0  (Gen:  0)
  1514160    275680 1498630992  0.003  0.001   46.455   27.415    0    0  (Gen:  0)
  1659760    267568 1499003688  0.003  0.001   46.459   27.416    0    0  (Gen:  0)
  1501328    269216 1499214552  0.003  0.001   46.463   27.418    0    0  (Gen:  0)
  1793040    266424 1499653608  0.003  0.001   46.467   27.419    0    0  (Gen:  0)
  1520576    268448 1499932416  0.003  0.001   46.471   27.420    0    0  (Gen:  0)
  1692840    266704 1500277576  0.003  0.001   46.475   27.422    0    0  (Gen:  0)
  1551832    273072 1500525752  0.003  0.001   46.479   27.423    0    0  (Gen:  0)
  1604648    277968 1500840336  0.003  0.001   46.484   27.425    0    0  (Gen:  0)
  1512136    276576 1501083320  0.003  0.001   46.488   27.426    0    0  (Gen:  0)
  1491096    272616 1501326976  0.003  0.001   46.492   27.428    0    0  (Gen:  0)
  1532064    271976 1501606512  0.003  0.001   46.496   27.429    0    0  (Gen:  0)
  1485624    269112 1501848056  0.003  0.001   46.500   27.431    0    0  (Gen:  0)
  1648016    278440 1502166664  0.003  0.001   46.504   27.432    0    0  (Gen:  0)
  1531872    272824 1502405224  0.003  0.001   46.508   27.433    0    0  (Gen:  0)
  1251592     52176 1502503120  0.001  0.000   46.510   27.435    0    0  (Gen:  0)
  2321544     49232 1502599504  0.001  0.000   46.513   27.437    0    0  (Gen:  0)
  1138992     47464 1502643312  0.000  0.000   46.514   27.438    0    0  (Gen:  0)
  3299336     57864 1502781120  0.001  0.000   46.518   27.441    0    0  (Gen:  0)
  1776792     59640 1502827552  0.001  0.000   46.520   27.443    0    0  (Gen:  0)
  2279040     52664 1502853504  0.001  0.000   46.523   27.445    0    0  (Gen:  0)
  1748096     52344 1502868192  0.000  0.000   46.525   27.447    0    0  (Gen:  0)
  1300248     44296 1502917672  0.001  0.000   46.527   27.448    0    0  (Gen:  0)
  1331656     44192 1502936128  0.000  0.000   46.529   27.449    0    0  (Gen:  0)
  1138536     39872 1502978424  0.000  0.000   46.530   27.451    0    0  (Gen:  0)
  2480080     54680 1503013488  0.001  0.000   46.533   27.453    0    0  (Gen:  0)
  1704760     67440 1503139032  0.001  0.000   46.536   27.455    0    0  (Gen:  0)
  2670000     69760 1503203512  0.001  0.000   46.539   27.458    0    0  (Gen:  0)
  2658400     78192 1503308584  0.001  0.000   46.542   27.461    0    0  (Gen:  0)
  1626008     68240 1503395720  0.001  0.000   46.544   27.462    0    0  (Gen:  0)
  1828272     55840 1503415544  0.001  0.000   46.547   27.464    0    0  (Gen:  0)
  2614856     65136 1503513512  0.001  0.000   46.550   27.466    0    0  (Gen:  0)
  1763296     64304 1503567008  0.001  0.000   46.552   27.468    0    0  (Gen:  0)
  2338104     68792 1503668600  0.001  0.000   46.555   27.471    0    0  (Gen:  0)
  1924344     71848 1503723448  0.001  0.000   46.558   27.473    0    0  (Gen:  0)
  1659368     56592 1503739080  0.001  0.000   46.560   27.475    0    0  (Gen:  0)
  1980808     59264 1503869616  0.001  0.000   46.562   27.477    0    0  (Gen:  0)
  2292144     56072 1503888200  0.001  0.000   46.565   27.479    0    0  (Gen:  0)
  2910792     61736 1503990688  0.001  0.000   46.568   27.482    0    0  (Gen:  0)
  2807184     68576 1504082416  0.001  0.000   46.571   27.484    0    0  (Gen:  0)
  1661616     56336 1504095976  0.001  0.000   46.573   27.486    0    0  (Gen:  0)
  2118008     49904 1504182800  0.000  0.000   46.576   27.488    0    0  (Gen:  0)
  3191784     62168 1504280920  0.001  0.000   46.580   27.491    0    0  (Gen:  0)
  1817016     59328 1504324960  0.000  0.000   46.582   27.493    0    0  (Gen:  0)
  1395400     55080 1504383208  0.001  0.000   46.584   27.495    0    0  (Gen:  0)
  2124112     62768 1504470424  0.001  0.000   46.587   27.497    0    0  (Gen:  0)
  1903016     63016 1504530560  0.001  0.000   46.589   27.499    0    0  (Gen:  0)
  2892784     61352 1504619960  0.001  0.000   46.593   27.502    0    0  (Gen:  0)
  1618384     62664 1504677904  0.001  0.000   46.595   27.503    0    0  (Gen:  0)
  1104064     48512 1504691008  0.000  0.000   46.596   27.505    0    0  (Gen:  0)
  1215784     42944 1504739816  0.000  0.000   46.598   27.506    0    0  (Gen:  0)
  2371760     49760 1504827840  0.000  0.000   46.601   27.508    0    0  (Gen:  0)
  1239448     49000 1504877832  0.000  0.000   46.603   27.509    0    0  (Gen:  0)
  1174808     49920 1504897088  0.001  0.000   46.605   27.511    0    0  (Gen:  0)
  1417536     54512 1504948640  0.001  0.000   46.607   27.512    0    0  (Gen:  0)
  1187152     44712 1505027720  0.000  0.000   46.608   27.514    0    0  (Gen:  0)
  1105368     36848 1505035512  0.000  0.000   46.610   27.515    0    0  (Gen:  0)
  1141936     37552 1505086096  0.000  0.000   46.611   27.516    0    0  (Gen:  0)
  1136640     43456 1505099136  0.001  0.000   46.613   27.517    0    0  (Gen:  0)
  2802280     66128 1505168080  0.001  0.000   46.617   27.520    0    0  (Gen:  0)
  1171728     67640 1505216000  0.001  0.000   46.619   27.522    0    0  (Gen:  0)
  2045024     57784 1505277096  0.001  0.000   46.621   27.524    0    0  (Gen:  0)
  1138072     52696 1505323520  0.001  0.000   46.623   27.525    0    0  (Gen:  0)
  1173784     45104 1505371064  0.000  0.000   46.625   27.526    0    0  (Gen:  0)
  3259152     76456 1505487352  0.001  0.000   46.629   27.530    0    0  (Gen:  0)
  1380400     76208 1505501000  0.001  0.000   46.631   27.531    0    0  (Gen:  0)
  1170688     36512 1505576056  0.000  0.000   46.633   27.533    0    0  (Gen:  0)
  1104016     37568 1505586736  0.000  0.000   46.634   27.534    0    0  (Gen:  0)
  3397624     58528 1505790000  0.001  0.000   46.638   27.537    0    0  (Gen:  0)
  1103864     52152 1505795800  0.000  0.000   46.640   27.538    0    0  (Gen:  0)
  2653248     57200 1505989424  0.001  0.000   46.643   27.541    0    0  (Gen:  0)
  2067384     63720 1506213616  0.001  0.000   46.646   27.542    0    0  (Gen:  0)
  2090200     53320 1506299448  0.000  0.000   46.648   27.544    0    0  (Gen:  0)
  2032040     62192 1506463264  0.001  0.000   46.651   27.547    0    0  (Gen:  0)
  1470968     61312 1506545552  0.001  0.000   46.654   27.548    0    0  (Gen:  0)
  1945160     54496 1506729040  0.000  0.000   46.656   27.550    0    0  (Gen:  0)
  2556936     65792 1506928080  0.001  0.000   46.659   27.553    0    0  (Gen:  0)
  1173400     58216 1507006144  0.000  0.000   46.660   27.554    0    0  (Gen:  0)
  1107608     37656 1507017320  0.000  0.000   46.662   27.555    0    0  (Gen:  0)
  1851416     42176 1507162944  0.000  0.000   46.664   27.556    0    0  (Gen:  0)
  2721952     56944 1507256464  0.001  0.000   46.667   27.559    0    0  (Gen:  0)
  1243648     54824 1507399384  0.000  0.000   46.669   27.560    0    0  (Gen:  0)
  2167048     53056 1507490488  0.001  0.000   46.671   27.562    0    0  (Gen:  0)
  2077120     54320 1507735136  0.000  0.000   46.674   27.564    0    0  (Gen:  0)
  1217192     46280 1507850104  0.000  0.000   46.676   27.565    0    0  (Gen:  0)
  3547712     76816 1508157736  0.001  0.000   46.681   27.570    0    0  (Gen:  0)
  1360904     82664 1508275216  0.001  0.000   46.683   27.572    0    0  (Gen:  0)
  1344776     56088 1508459920  0.001  0.000   46.685   27.573    0    0  (Gen:  0)
  3270728     78400 1508776360  0.001  0.000   46.690   27.577    0    0  (Gen:  0)
  3369600     97024 1508974816  0.001  0.000   46.694   27.581    0    0  (Gen:  0)
  1210416     66480 1509058032  0.001  0.000   46.696   27.582    0    0  (Gen:  0)
  1210456     41344 1509161944  0.001  0.000   46.698   27.583    0    0  (Gen:  0)
  2372808     48176 1509251472  0.001  0.000   46.700   27.585    0    0  (Gen:  0)
  2876824     62352 1509475256  0.001  0.000   46.703   27.588    0    0  (Gen:  0)
  2849200     65496 1509668368  0.001  0.000   46.707   27.590    0    0  (Gen:  0)
  2106424     58736 1509848616  0.000  0.000   46.709   27.592    0    0  (Gen:  0)
  2739952     62040 1509977960  0.001  0.000   46.712   27.595    0    0  (Gen:  0)
  2091864     58056 1510093216  0.000  0.000   46.715   27.597    0    0  (Gen:  0)
  1195128     43768 1510172400  0.000  0.000   46.716   27.598    0    0  (Gen:  0)
  2654184     57424 1510336368  0.001  0.000   46.719   27.600    0    0  (Gen:  0)
  2507432     60600 1510485760  0.000  0.000   46.722   27.603    0    0  (Gen:  0)
  1615728     53432 1510637584  0.001  0.000   46.724   27.604    0    0  (Gen:  0)
  1598432     47016 1510719688  0.001  0.000   46.726   27.606    0    0  (Gen:  0)
  1175712     42712 1510795704  0.001  0.000   46.728   27.607    0    0  (Gen:  0)
  2943616     56512 1510927136  0.001  0.000   46.731   27.610    0    0  (Gen:  0)
  1111976     50424 1510964168  0.001  0.000   46.733   27.611    0    0  (Gen:  0)
  1868960     48400 1511057944  0.001  0.000   46.736   27.613    0    0  (Gen:  0)
  2723832     76976 1511360048  0.001  0.000   46.739   27.616    0    0  (Gen:  0)
  2085208     66544 1511439888  0.001  0.000   46.742   27.618    0    0  (Gen:  0)
  1139864     45824 1511485776  0.001  0.000   46.743   27.619    0    0  (Gen:  0)
  3144840     66472 1511791560  0.001  0.000   46.747   27.622    0    0  (Gen:  0)
  3189280     89088 1511987704  0.001  0.000   46.751   27.625    0    0  (Gen:  0)
  2764176     73232 1512177888  0.001  0.000   46.754   27.628    0    0  (Gen:  0)
  2336240     74048 1512378872  0.001  0.000   46.757   27.631    0    0  (Gen:  0)
  2035096     62984 1512459040  0.001  0.000   46.760   27.632    0    0  (Gen:  0)
  1347040     44208 1512569944  0.001  0.000   46.762   27.634    0    0  (Gen:  0)
  2435520     57168 1512761520  0.001  0.000   46.765   27.636    0    0  (Gen:  0)
  1174728     50992 1512839288  0.001  0.000   46.767   27.637    0    0  (Gen:  0)
  2179384     48904 1512929224  0.000  0.000   46.769   27.639    0    0  (Gen:  0)
  3077856     65992 1513095496  0.001  0.000   46.772   27.642    0    0  (Gen:  0)
  1663152     61944 1513205704  0.001  0.000   46.774   27.644    0    0  (Gen:  0)
  3488632     60272 1513435960  0.001  0.000   46.778   27.647    0    0  (Gen:  0)
  2704560     70912 1513626776  0.001  0.000   46.781   27.649    0    0  (Gen:  0)
  2855312     68064 1513849016  0.001  0.000   46.784   27.652    0    0  (Gen:  0)
  2032456     65072 1513942848  0.001  0.000   46.787   27.654    0    0  (Gen:  0)
  1285120     53448 1514027776  0.001  0.000   46.789   27.656    0    0  (Gen:  0)
  1188168     46480 1514103656  0.001  0.000   46.791   27.657    0    0  (Gen:  0)
  1159576     38584 1514145680  0.001  0.000   46.792   27.658    0    0  (Gen:  0)
  1869456     44888 1514294096  0.001  0.000   46.795   27.660    0    0  (Gen:  0)
  2306688     55152 1514420312  0.001  0.000   46.797   27.662    0    0  (Gen:  0)
  1540072     52984 1514529368  0.001  0.000   46.799   27.663    0    0  (Gen:  0)
  2735120     57600 1514689024  0.001  0.000   46.802   27.666    0    0  (Gen:  0)
  1206544     57144 1514770432  0.001  0.000   46.804   27.667    0    0  (Gen:  0)
  2302520     56616 1514865184  0.001  0.000   46.807   27.669    0    0  (Gen:  0)
  1752672     59760 1514914488  0.001  0.000   46.809   27.671    0    0  (Gen:  0)
  1209520     46416 1515025928  0.000  0.000   46.810   27.672    0    0  (Gen:  0)
  1388928     40072 1515108072  0.001  0.000   46.812   27.673    0    0  (Gen:  0)
  1138472     40024 1515153504  0.000  0.000   46.814   27.674    0    0  (Gen:  0)
  2161832     51648 1515307984  0.001  0.000   46.816   27.677    0    0  (Gen:  0)
  1235840     52664 1515317920  0.000  0.000   46.818   27.678    0    0  (Gen:  0)
  1206184     40160 1515430464  0.000  0.000   46.820   27.679    0    0  (Gen:  0)
  1207256     38176 1515571896  0.001  0.000   46.821   27.680    0    0  (Gen:  0)
  2102160     56920 1515767776  0.001  0.000   46.825   27.683    0    0  (Gen:  0)
  1789344     65216 1515853712  0.001  0.000   46.827   27.684    0    0  (Gen:  0)
  1212120     44312 1515932104  0.000  0.000   46.829   27.686    0    0  (Gen:  0)
  2595232     56928 1516126744  0.001  0.000   46.832   27.688    0    0  (Gen:  0)
  1173800     57264 1516206072  0.000  0.000   46.834   27.689    0    0  (Gen:  0)
  1496832     42856 1516284152  0.001  0.000   46.836   27.691    0    0  (Gen:  0)
  1387256     44760 1516394312  0.000  0.000   46.837   27.692    0    0  (Gen:  0)
  1175672     43944 1516474152  0.001  0.000   46.839   27.693    0    0  (Gen:  0)
  1495200     40224 1516586896  0.000  0.000   46.841   27.695    0    0  (Gen:  0)
  1910336     49552 1516770968  0.001  0.000   46.844   27.697    0    0  (Gen:  0)
  1345104     53920 1516856200  0.000  0.000   46.845   27.698    0    0  (Gen:  0)
  1269480     46400 1516904304  0.000  0.000   46.847   27.699    0    0  (Gen:  0)
  1243904     38480 1516976640  0.000  0.000   46.849   27.701    0    0  (Gen:  0)
  1543104     48840 1517160760  0.001  0.000   46.851   27.703    0    0  (Gen:  0)
  4161848     90264 1517416880  0.001  0.000   46.856   27.707    0    0  (Gen:  0)
  2687088    100176 1517644336  0.001  0.000   46.860   27.711    0    0  (Gen:  0)
  1947568     77880 1517806672  0.001  0.000   46.864   27.713    0    0  (Gen:  0)
  2652848     76384 1518003016  0.001  0.000   46.868   27.717    0    0  (Gen:  0)
  2673440     86736 1518105696  0.001  0.000   46.872   27.720    0    0  (Gen:  0)
  2425184     85008 1518338632  0.001  0.000   46.876   27.723    0    0  (Gen:  0)
  2863808     84888 1518605224  0.001  0.000   46.880   27.727    0    0  (Gen:  0)
  1176512     66056 1518679448  0.001  0.000   46.882   27.728    0    0  (Gen:  0)
  1206792     52096 1518770664  0.001  0.000   46.884   27.730    0    0  (Gen:  0)
  1239408     51544 1518881744  0.001  0.000   46.886   27.732    0    0  (Gen:  0)
  2623728     66192 1519079432  0.001  0.000   46.889   27.734    0    0  (Gen:  0)
  1105648     55984 1519123024  0.001  0.000   46.891   27.735    0    0  (Gen:  0)
  1180128     67200 1519229576  0.001  0.000   46.892   27.736    0    0  (Gen:  0)
  2447528     50784 1519291072  0.001  0.000   46.895   27.738    0    0  (Gen:  0)
  3447272     67664 1519555248  0.001  0.000   46.899   27.741    0    0  (Gen:  0)
  2115016     65272 1519642184  0.000  0.000   46.901   27.743    0    0  (Gen:  0)
  1198112     49952 1519720320  0.001  0.000   46.903   27.745    0    0  (Gen:  0)
  1613912     47944 1519833672  0.000  0.000   46.905   27.746    0    0  (Gen:  0)
  2568840     54048 1519992816  0.001  0.000   46.908   27.748    0    0  (Gen:  0)
  1679064     52696 1520104312  0.000  0.000   46.910   27.750    0    0  (Gen:  0)
  1208416     49432 1520222768  0.000  0.000   46.912   27.751    0    0  (Gen:  0)
  1138456     40248 1520294832  0.000  0.000   46.913   27.752    0    0  (Gen:  0)
  2006920     46392 1520381072  0.001  0.000   46.916   27.754    0    0  (Gen:  0)
  2289400     55912 1520497200  0.001  0.000   46.919   27.757    0    0  (Gen:  0)
  1241960     51360 1520613152  0.001  0.000   46.920   27.758    0    0  (Gen:  0)
  3223856     56672 1520734776  0.001  0.000   46.924   27.761    0    0  (Gen:  0)
  1104176     59376 1520752504  0.000  0.000   46.925   27.762    0    0  (Gen:  0)
  1176736     40416 1520859080  0.000  0.000   46.927   27.763    0    0  (Gen:  0)
  1899880     43768 1521007352  0.000  0.000   46.929   27.765    0    0  (Gen:  0)
  1070832     46928 1521019296  0.000  0.000   46.931   27.766    0    0  (Gen:  0)
  2821608     52232 1521242864  0.001  0.000   46.934   27.768    0    0  (Gen:  0)
  2319776     60480 1521462840  0.000  0.000   46.936   27.770    0    0  (Gen:  0)
  2964256     63640 1521691416  0.001  0.000   46.940   27.773    0    0  (Gen:  0)
  1415848     56264 1521767792  0.000  0.000   46.942   27.774    0    0  (Gen:  0)
  1143424     37032 1521778104  0.001  0.000   46.943   27.775    0    0  (Gen:  0)
  2480984     50392 1522007880  0.001  0.000   46.946   27.778    0    0  (Gen:  0)
  2291288     64144 1522165632  0.001  0.000   46.949   27.780    0    0  (Gen:  0)
  2658608     60864 1522284264  0.001  0.000   46.952   27.783    0    0  (Gen:  0)
  2427072     72184 1522547800  0.001  0.000   46.956   27.786    0    0  (Gen:  0)
  2558232     79816 1522746192  0.001  0.000   46.960   27.789    0    0  (Gen:  0)
  2494304     79136 1522912488  0.001  0.000   46.963   27.792    0    0  (Gen:  0)
  1427856     65504 1523096456  0.001  0.000   46.966   27.794    0    0  (Gen:  0)
  2519088     63560 1523258584  0.001  0.000   46.969   27.797    0    0  (Gen:  0)
  1176568     58816 1523334272  0.000  0.000   46.971   27.798    0    0  (Gen:  0)
  1207992     38088 1523447432  0.000  0.000   46.973   27.799    0    0  (Gen:  0)
  2016696     47168 1523531800  0.001  0.000   46.976   27.801    0    0  (Gen:  0)
  1277608     55024 1523618512  0.000  0.000   46.977   27.803    0    0  (Gen:  0)
  2224928     66208 1523781168  0.001  0.000   46.981   27.806    0    0  (Gen:  0)
  1770368     67408 1523901280  0.001  0.000   46.984   27.808    0    0  (Gen:  0)
  3613352     70792 1524099072  0.001  0.000   46.987   27.811    0    0  (Gen:  0)
  1975120     69984 1524191344  0.001  0.000   46.990   27.813    0    0  (Gen:  0)
  2457752     72272 1524390440  0.001  0.000   46.994   27.817    0    0  (Gen:  0)
  1614264     71352 1524478976  0.001  0.000   46.996   27.818    0    0  (Gen:  0)
  2820456     68200 1524636848  0.001  0.000   47.000   27.821    0    0  (Gen:  0)
  1107232     58576 1524652048  0.001  0.000   47.001   27.822    0    0  (Gen:  0)
  1882424     42704 1524765912  0.001  0.000   47.004   27.824    0    0  (Gen:  0)
  2163648     60200 1524925416  0.001  0.000   47.007   27.827    0    0  (Gen:  0)
  2505592     76328 1525119072  0.001  0.000   47.011   27.830    0    0  (Gen:  0)
  1106864     62496 1525136024  0.000  0.000   47.012   27.831    0    0  (Gen:  0)
  2076784     46040 1525319640  0.001  0.000   47.015   27.833    0    0  (Gen:  0)
  2677024     67240 1525452976  0.001  0.000   47.018   27.836    0    0  (Gen:  0)
  1851040    182824 1525688144  0.001  0.000   47.021   27.838    0    0  (Gen:  0)
  2220128     63776 1525663376  0.001  0.000   47.024   27.841    0    0  (Gen:  0)
  1467376     58752 1525779576  0.001  0.000   47.027   27.842    0    0  (Gen:  0)
  1185096     42640 1525858856  0.000  0.000   47.028   27.844    0    0  (Gen:  0)
  3662184     72504 1526170992  0.001  0.000   47.033   27.848    0    0  (Gen:  0)
  1706160     79928 1526221720  0.001  0.000   47.036   27.850    0    0  (Gen:  0)
  2277440     67840 1526415256  0.001  0.000   47.039   27.853    0    0  (Gen:  0)
  2095784     70064 1526572624  0.001  0.000   47.042   27.856    0    0  (Gen:  0)
  2088768     69528 1526699816  0.001  0.000   47.045   27.858    0    0  (Gen:  0)
  1140936     51032 1526746776  0.000  0.000   47.047   27.859    0    0  (Gen:  0)
  1891136     55496 1526903288  0.001  0.000   47.050   27.861    0    0  (Gen:  0)
  2209608     72008 1527064496  0.001  0.000   47.053   27.864    0    0  (Gen:  0)
  3071880     85520 1527342112  0.001  0.000   47.057   27.868    0    0  (Gen:  0)
  3519736     97648 1527615616  0.001  0.000   47.062   27.872    0    0  (Gen:  0)
  1173512     72440 1527690856  0.001  0.000   47.064   27.873    0    0  (Gen:  0)
  1210672     35640 1527797320  0.000  0.000   47.065   27.874    0    0  (Gen:  0)
  2050776     46864 1527887408  0.001  0.000   47.068   27.876    0    0  (Gen:  0)
  1172800     50184 1527965240  0.001  0.000   47.070   27.877    0    0  (Gen:  0)
  1802112     38224 1528070944  0.001  0.000   47.072   27.879    0    0  (Gen:  0)
  2344192     60336 1528236592  0.001  0.000   47.075   27.881    0    0  (Gen:  0)
  1229904     57408 1528350752  0.001  0.000   47.077   27.883    0    0  (Gen:  0)
  2449016     50184 1528472456  0.001  0.000   47.080   27.885    0    0  (Gen:  0)
  1661784     50592 1528552272  0.001  0.000   47.082   27.887    0    0  (Gen:  0)
  1195784     44184 1528631000  0.001  0.000   47.083   27.888    0    0  (Gen:  0)
  3516040     56232 1528833224  0.001  0.000   47.087   27.891    0    0  (Gen:  0)
  1889392     61912 1528913760  0.001  0.000   47.090   27.893    0    0  (Gen:  0)
  2216152     54360 1529071312  0.001  0.000   47.092   27.895    0    0  (Gen:  0)
  1859232     57104 1529223024  0.001  0.000   47.095   27.897    0    0  (Gen:  0)
  1935032     47416 1529309904  0.001  0.000   47.097   27.899    0    0  (Gen:  0)
  1172096     50248 1529392456  0.000  0.000   47.099   27.900    0    0  (Gen:  0)
  1606928     44672 1529467552  0.000  0.000   47.101   27.902    0    0  (Gen:  0)
  2625624     57728 1529628936  0.001  0.000   47.104   27.904    0    0  (Gen:  0)
  2043096     69808 1529754656  0.001  0.000   47.106   27.906    0    0  (Gen:  0)
  2579136     70912 1529914656  0.001  0.000   47.110   27.909    0    0  (Gen:  0)
  1824728     70904 1530137704  0.001  0.000   47.112   27.911    0    0  (Gen:  0)
  1534104     61080 1530221368  0.001  0.000   47.115   27.913    0    0  (Gen:  0)
  2414896     67024 1530354960  0.000  0.000   47.118   27.915    0    0  (Gen:  0)
  1072416     52600 1530358280  0.001  0.000   47.119   27.916    0    0  (Gen:  0)
  1207640     38944 1530474624  0.001  0.000   47.121   27.918    0    0  (Gen:  0)
  3163008     62944 1530704320  0.001  0.000   47.125   27.921    0    0  (Gen:  0)
  1267536     66096 1530851960  0.001  0.000   47.127   27.922    0    0  (Gen:  0)
  1862880     49168 1530940976  0.001  0.000   47.129   27.924    0    0  (Gen:  0)
  1174880     47312 1531021568  0.000  0.000   47.131   27.925    0    0  (Gen:  0)
  1139552     35872 1531089968  0.000  0.000   47.132   27.926    0    0  (Gen:  0)
  1575304     47488 1531181800  0.000  0.000   47.134   27.928    0    0  (Gen:  0)
  1138640     42856 1531220560  0.000  0.000   47.136   27.929    0    0  (Gen:  0)
  1768192     43888 1531301704  0.000  0.000   47.138   27.931    0    0  (Gen:  0)
  2782688     56712 1531463000  0.001  0.000   47.141   27.933    0    0  (Gen:  0)
  2686656     68624 1531623832  0.001  0.000   47.144   27.936    0    0  (Gen:  0)
  1910688     69336 1531783072  0.001  0.000   47.147   27.939    0    0  (Gen:  0)
  2356768     62704 1531865096  0.001  0.000   47.150   27.940    0    0  (Gen:  0)
  1935528     53288 1531986856  0.001  0.000   47.153   27.942    0    0  (Gen:  0)
  1172984     44328 1532063768  0.000  0.000   47.154   27.943    0    0  (Gen:  0)
  2183568     51688 1532151128  0.001  0.000   47.157   27.946    0    0  (Gen:  0)
  2610936     59784 1532309192  0.001  0.000   47.160   27.948    0    0  (Gen:  0)
  1451368     53304 1532358432  0.001  0.000   47.162   27.949    0    0  (Gen:  0)
  2707480     51584 1532509608  0.001  0.000   47.164   27.952    0    0  (Gen:  0)
  1173176     55888 1532595608  0.001  0.000   47.166   27.953    0    0  (Gen:  0)
  2492464     63040 1532759248  0.001  0.000   47.170   27.956    0    0  (Gen:  0)
  1190032     60200 1532838152  0.001  0.000   47.171   27.957    0    0  (Gen:  0)
  1845808     42384 1532950240  0.000  0.000   47.174   27.959    0    0  (Gen:  0)
  1431488     47024 1533066784  0.001  0.000   47.176   27.961    0    0  (Gen:  0)
  1290504     49440 1533184136  0.001  0.000   47.178   27.962    0    0  (Gen:  0)
  1597448     53688 1533300848  0.001  0.000   47.180   27.964    0    0  (Gen:  0)
  1140816     41808 1533340056  0.000  0.000   47.182   27.965    0    0  (Gen:  0)
  2621120     53488 1533475488  0.001  0.000   47.185   27.968    0    0  (Gen:  0)
  2526816     76712 1533706072  0.001  0.000   47.188   27.971    0    0  (Gen:  0)
  1531080     70248 1533821912  0.001  0.000   47.191   27.973    0    0  (Gen:  0)
  1174136     42472 1533895264  0.000  0.000   47.192   27.974    0    0  (Gen:  0)
  1142832     40856 1533942624  0.001  0.000   47.194   27.975    0    0  (Gen:  0)
  1141448     39808 1534020752  0.000  0.000   47.195   27.976    0    0  (Gen:  0)
  2505880     61864 1534252240  0.001  0.000   47.199   27.979    0    0  (Gen:  0)
  1683984     71432 1534312168  0.001  0.000   47.202   27.981    0    0  (Gen:  0)
  3598704     75368 1534608576  0.001  0.000   47.206   27.985    0    0  (Gen:  0)
  1199248     70320 1534687168  0.001  0.000   47.208   27.986    0    0  (Gen:  0)
  1251656     38848 1534695568  0.001  0.000   47.210   27.987    0    0  (Gen:  0)
  3296264     71240 1535077864  0.001  0.000   47.215   27.992    0    0  (Gen:  0)
  2299328     81352 1535230800  0.001  0.000   47.218   27.994    0    0  (Gen:  0)
  2738512     60768 1535384856  0.000  0.000   47.220   27.996    0    0  (Gen:  0)
  3107088     80416 1535601968  0.001  0.000   47.225   28.000    0    0  (Gen:  0)
  1173728     76968 1535685920  0.001  0.000   47.227   28.002    0    0  (Gen:  0)
  2740480     66080 1535975592  0.001  0.000   47.231   28.005    0    0  (Gen:  0)
  1724624     73032 1536065808  0.001  0.000   47.233   28.007    0    0  (Gen:  0)
  3870904     88232 1536347280  0.001  0.000   47.238   28.011    0    0  (Gen:  0)
  2957632     95400 1536641728  0.001  0.000   47.242   28.015    0    0  (Gen:  0)
  1278920     61192 1536753688  0.000  0.000   47.244   28.016    0    0  (Gen:  0)
  1851872     46400 1536834616  0.000  0.000   47.246   28.018    0    0  (Gen:  0)
  2846880     61736 1536995168  0.001  0.000   47.250   28.020    0    0  (Gen:  0)
  1173440     55704 1537070640  0.001  0.000   47.251   28.022    0    0  (Gen:  0)
  3280216     67504 1537311272  0.001  0.000   47.256   28.026    0    0  (Gen:  0)
  2853880     89904 1537548544  0.001  0.000   47.260   28.029    0    0  (Gen:  0)
  2688760     74848 1537701432  0.000  0.000   47.263   28.031    0    0  (Gen:  0)
  1828496     57824 1537884120  0.001  0.000   47.265   28.033    0    0  (Gen:  0)
  2208784     53072 1538001864  0.001  0.000   47.268   28.035    0    0  (Gen:  0)
  3565880     76768 1538141904  0.001  0.000   47.272   28.039    0    0  (Gen:  0)
  2849264     88088 1538342456  0.001  0.000   47.276   28.042    0    0  (Gen:  0)
  1710976     67384 1538530136  0.001  0.000   47.278   28.044    0    0  (Gen:  0)
  1143016     48272 1538544504  0.001  0.000   47.280   28.045    0    0  (Gen:  0)
  1898072     43984 1538694200  0.000  0.000   47.282   28.047    0    0  (Gen:  0)
  1446336     48096 1538875904  0.001  0.000   47.285   28.048    0    0  (Gen:  0)
  1105416     45864 1538888192  0.000  0.000   47.286   28.049    0    0  (Gen:  0)
  2149336     48552 1538974360  0.000  0.000   47.288   28.051    0    0  (Gen:  0)
  1242136     44808 1539112048  0.001  0.000   47.290   28.053    0    0  (Gen:  0)
  2846320     53400 1539237992  0.001  0.000   47.293   28.055    0    0  (Gen:  0)
  1286856     54944 1539316584  0.000  0.000   47.295   28.056    0    0  (Gen:  0)
  1475432     47536 1539464280  0.001  0.000   47.298   28.059    0    0  (Gen:  0)
  2743272    206688 1539800960  0.001  0.000   47.301   28.062    0    0  (Gen:  0)
  1106888    190152 1539871960  0.001  0.000   47.303   28.062    0    0  (Gen:  0)
  1039560    131680 1539985632  0.001  0.000   47.304   28.063    0    0  (Gen:  0)
  1179648     88712 1540185688  0.000  0.000   47.306   28.065    0    0  (Gen:  0)
  1189296    117896 1540408216  0.001  0.000   47.309   28.067    0    0  (Gen:  0)
  1040192     88280 1540426560  0.000  0.000   47.310   28.067    0    0  (Gen:  0)
  1144416     57488 1540549912  0.000  0.000   47.312   28.068    0    0  (Gen:  0)
  1039688     50816 1540561552  0.001  0.000   47.313   28.069    0    0  (Gen:  0)
  1087056     34832 1540603224  0.001  0.000   47.314   28.070    0    0  (Gen:  0)
  1038168     51128 1540631496  0.001  0.000   47.316   28.070    0    0  (Gen:  0)
  1073712     73688 1540695792  0.001  0.000   47.317   28.071    0    0  (Gen:  0)
  2046032     78496 1540860256  0.001  0.000   47.319   28.073    0    0  (Gen:  0)
  1039696     66176 1540878432  0.001  0.000   47.321   28.073    0    0  (Gen:  0)
  1146400     47736 1540992160  0.001  0.000   47.322   28.074    0    0  (Gen:  0)
  1039416     35456 1540998784  0.001  0.000   47.323   28.075    0    0  (Gen:  0)
  1108720     26688 1541070544  0.000  0.000   47.324   28.076    0    0  (Gen:  0)
  1039936     38744 1541089184  0.001  0.000   47.326   28.076    0    0  (Gen:  0)
  1131264     50552 1541172552  0.001  0.000   47.327   28.077    0    0  (Gen:  0)
  1040824     53616 1541194320  0.001  0.000   47.328   28.078    0    0  (Gen:  0)
  1074576     58240 1541249360  0.001  0.000   47.330   28.079    0    0  (Gen:  0)
  1983960     99672 1541410752  0.001  0.000   47.332   28.080    0    0  (Gen:  0)
  1073848     83112 1541448688  0.001  0.000   47.333   28.081    0    0  (Gen:  0)
  1039112     26664 1541455640  0.001  0.000   47.334   28.082    0    0  (Gen:  0)
  1074136     26704 1541494112  0.000  0.000   47.335   28.082    0    0  (Gen:  0)
  1038616     26424 1541500664  0.000  0.000   47.337   28.083    0    0  (Gen:  0)
  1128072     32384 1541577856  0.000  0.000   47.338   28.084    0    0  (Gen:  0)
  3115336    176664 1542097392  0.001  0.000   47.350   28.089    0    0  (Gen:  0)
  1832752    275232 1542344504  0.001  0.000   47.356   28.092    0    0  (Gen:  0)
  1120024    231640 1542441600  0.001  0.000   47.357   28.093    0    0  (Gen:  0)
  1849120    154016 1542762536  0.001  0.000   47.362   28.096    0    0  (Gen:  0)
  1107648    187632 1542875488  0.001  0.000   47.364   28.097    0    0  (Gen:  0)
  1110840     93928 1542974104  0.001  0.000   47.365   28.097    0    0  (Gen:  0)
  1040824     86904 1543013832  0.001  0.000   47.366   28.098    0    0  (Gen:  0)
  1108784     70048 1543096176  0.000  0.000   47.368   28.099    0    0  (Gen:  0)
  1586400     66960 1543197976  0.001  0.000   47.370   28.100    0    0  (Gen:  0)
  1983984     85832 1543265912  0.001  0.000   47.372   28.102    0    0  (Gen:  0)
  1039408     62352 1543279400  0.001  0.000   47.373   28.102    0    0  (Gen:  0)
  1143632     39832 1543390168  0.001  0.000   47.374   28.103    0    0  (Gen:  0)
  1039344     39968 1543403952  0.001  0.000   47.375   28.104    0    0  (Gen:  0)
  1038920     39648 1543415984  0.001  0.000   47.377   28.105    0    0  (Gen:  0)
  1038696     34216 1543424224  0.001  0.000   47.378   28.105    0    0  (Gen:  0)
  1073152     31712 1543466440  0.001  0.000   47.379   28.106    0    0  (Gen:  0)
  1039296     37392 1543480840  0.001  0.000   47.380   28.107    0    0  (Gen:  0)
  1074416     42488 1543528368  0.001  0.000   47.382   28.108    0    0  (Gen:  0)
  1040152     42344 1543542080  0.001  0.000   47.383   28.109    0    0  (Gen:  0)
  1107312     37464 1543617136  0.001  0.000   47.384   28.109    0    0  (Gen:  0)
  1099704     34264 1543660744  0.001  0.000   47.386   28.110    0    0  (Gen:  0)
  1039288     30536 1543666424  0.001  0.000   47.387   28.111    0    0  (Gen:  0)
  1107944     27504 1543739896  0.000  0.000   47.388   28.112    0    0  (Gen:  0)
  2225120    366496 1544248000  0.001  0.001   47.392   28.114    0    0  (Gen:  0)
  2890192    983800 1545207528  0.005  0.001   47.399   28.117    0    0  (Gen:  0)
  2441528   1037256 1545988016  0.005  0.002   47.406   28.120    0    0  (Gen:  0)
  2590096    996160 1546906920  0.004  0.001   47.413   28.123    0    0  (Gen:  0)
  2156176    689376 1547415464  0.002  0.001   47.417   28.125    0    0  (Gen:  0)
  1895336    737296 1548018704  0.002  0.001   47.422   28.127    0    0  (Gen:  0)
  3689848   1249624 1549189824  0.004  0.002   47.430   28.131    0    0  (Gen:  0)
  3047840    860576 1549822432  0.004  0.001   47.438   28.134    0    0  (Gen:  0)
  2407232    522072 1550292528  0.003  0.001   47.444   28.136    0    0  (Gen:  0)
  2815896    256360 1550619336  0.001  0.000   47.449   28.140    0    0  (Gen:  0)
  2633216    152576 1550877584  0.001  0.000   47.455   28.143    0    0  (Gen:  0)
  2939816    274720 1551241216  0.001  0.000   47.462   28.146    0    0  (Gen:  0)
  1042000    387880 1551514848  0.002  0.001   47.464   28.148    0    0  (Gen:  0)
  1106136    465760 1551789944  0.002  0.001   47.467   28.149    0    0  (Gen:  0)
  1145040    538192 1552217984  0.002  0.001   47.471   28.150    0    0  (Gen:  0)
  1179744    224392 1552539136  0.001  0.000   47.473   28.151    0    0  (Gen:  0)
  1110928    341824 1552745640  0.002  0.001   47.475   28.153    0    0  (Gen:  0)
  1141360    426520 1553173464  0.002  0.001   47.479   28.154    0    0  (Gen:  0)
  1919184    280088 1553527152  0.002  0.001   47.482   28.157    0    0  (Gen:  0)
  1113832    368520 1553725000  0.002  0.001   47.486   28.158    0    0  (Gen:  0)
  1142904    229392 1553922536  0.002  0.001   47.489   28.160    0    0  (Gen:  0)
  1080560    198904 1554060808  0.001  0.000   47.491   28.161    0    0  (Gen:  0)
  1034616    231840 1554189456  0.001  0.000   47.494   28.163    0    0  (Gen:  0)
  1065944    158544 1554251760  0.001  0.000   47.496   28.164    0    0  (Gen:  0)
  1069752     52944 1554299712  0.001  0.000   47.499   28.166    0    0  (Gen:  0)
  1036080     30688 1554308624  0.001  0.000   47.500   28.167    0    0  (Gen:  0)
  1033760     30192 1554321376  0.001  0.000   47.502   28.168    0    0  (Gen:  0)
  1034744     31072 1554333984  0.000  0.000   47.504   28.170    0    0  (Gen:  0)
  1036456    151440 1554466384  0.001  0.000   47.506   28.172    0    0  (Gen:  0)
  1035592    249032 1554580080  0.001  0.001   47.509   28.173    0    0  (Gen:  0)
  1035584    242032 1554705112  0.001  0.001   47.513   28.176    0    0  (Gen:  0)
  1035040    230808 1554822072  0.001  0.001   47.516   28.178    0    0  (Gen:  0)
  1033520    262800 1554961664  0.002  0.001   47.520   28.180    0    0  (Gen:  0)
  1036560    256208 1555072232  0.001  0.001   47.523   28.182    0    0  (Gen:  0)
  1036912    239504 1555198128  0.002  0.001   47.527   28.183    0    0  (Gen:  0)
  1036896    251144 1555318480  0.001  0.001   47.529   28.185    0    0  (Gen:  0)
  1037264    259232 1555451424  0.001  0.001   47.532   28.187    0    0  (Gen:  0)
  1035400    268352 1555583896  0.001  0.001   47.535   28.189    0    0  (Gen:  0)
  1037480    273640 1555719736  0.001  0.001   47.539   28.190    0    0  (Gen:  0)
  1036224    281360 1555857432  0.001  0.001   47.542   28.192    0    0  (Gen:  0)
  1036680    254048 1555968336  0.001  0.001   47.546   28.195    0    0  (Gen:  0)
  1036128    229432 1556080296  0.001  0.001   47.549   28.196    0    0  (Gen:  0)
  1035672    201296 1556159520  0.001  0.000   47.552   28.198    0    0  (Gen:  0)
  1036816    218544 1556287528  0.001  0.000   47.555   28.200    0    0  (Gen:  0)
  1037968    245200 1556396992  0.001  0.001   47.558   28.202    0    0  (Gen:  0)
  1035600    239192 1556518208  0.001  0.001   47.561   28.204    0    0  (Gen:  0)
  1035680    228456 1556619296  0.001  0.000   47.564   28.206    0    0  (Gen:  0)
  1040736    144088 1556671408  0.001  0.000   47.567   28.207    0    0  (Gen:  0)
  1040320    112656 1556725776  0.001  0.000   47.569   28.208    0    0  (Gen:  0)
  1040488    104264 1556775432  0.001  0.000   47.572   28.210    0    0  (Gen:  0)
  1037464    101024 1556828312  0.001  0.000   47.574   28.211    0    0  (Gen:  0)
  1038944    108960 1556887408  0.001  0.000   47.576   28.213    0    0  (Gen:  0)
  1037072    116048 1556936976  0.001  0.000   47.578   28.214    0    0  (Gen:  0)
  1041504    130096 1556998672  0.001  0.000   47.581   28.216    0    0  (Gen:  0)
  1038464    220424 1557160504  0.001  0.000   47.583   28.217    0    0  (Gen:  0)
  1039968    406184 1557424920  0.002  0.001   47.586   28.219    0    0  (Gen:  0)
  1040168    502536 1557704104  0.002  0.001   47.591   28.221    0    0  (Gen:  0)
  1040496    526072 1558002088  0.002  0.001   47.595   28.223    0    0  (Gen:  0)
  1040800    518856 1558291384  0.003  0.001   47.599   28.225    0    0  (Gen:  0)
  1041096    508696 1558564296  0.002  0.001   47.603   28.226    0    0  (Gen:  0)
  1042376    472624 1558857552  0.002  0.001   47.607   28.228    0    0  (Gen:  0)
  1043040    295744 1559129576  0.001  0.000   47.609   28.229    0    0  (Gen:  0)
  1108704    338728 1559254800  0.001  0.000   47.611   28.230    0    0  (Gen:  0)
  1044024     72864 1559181584  0.001  0.000   47.612   28.230    0    0  (Gen:  0)
  1044304     65328 1559205752  0.001  0.000   47.613   28.231    0    0  (Gen:  0)
  1040520    250440 1559443016  0.001  0.000   47.616   28.232    0    0  (Gen:  0)
  1220728    178920 1559498552  0.001  0.000   47.618   28.234    0    0  (Gen:  0)
  1124544    195128 1559647496  0.002  0.001   47.621   28.236    0    0  (Gen:  0)
   347496    176152  16074464  0.034  0.139   47.657   28.497    0    0  (Gen:  1)
     1608                      0.000  0.000

  24,088,545,872 bytes allocated in the heap
   6,172,169,608 bytes copied during GC
   1,042,189,712 bytes maximum residency (18 sample(s))
       5,816,944 bytes maximum slop
             993 MB total memory in use (0 MB lost due to fragmentation)

                                     Tot time (elapsed)  Avg pause  Max pause
  Gen  0     16092 colls, 16091 par   20.362s   5.749s     0.0004s    0.0039s
  Gen  1        18 colls,    17 par    6.468s   2.150s     0.1194s    0.7620s

  Parallel GC work balance: 57.86% (serial 0%, perfect 100%)

  TASKS: 17 (1 bound, 16 peak workers (16 total), using -N4)

  SPARKS: 0 (0 converted, 0 overflowed, 0 dud, 0 GC'd, 0 fizzled)

  INIT    time    0.001s  (  0.004s elapsed)
  MUT     time   20.825s  ( 20.593s elapsed)
  GC      time   26.830s  (  7.899s elapsed)
  EXIT    time    0.001s  (  0.011s elapsed)
  Total   time   47.657s  ( 28.507s elapsed)

  Alloc rate    1,156,692,946 bytes per MUT second

  Productivity  43.7% of total user, 72.2% of total elapsed

