bench-hist/parse_module_headers/ghcide --lsp --cwd bench/example/Cabal-3.0.0.0 +RTS -I0 -qg -A128M -Scode_actions.benchmark-gcStats -I0.5 
    Alloc    Copied     Live     GC     GC      TOT      TOT  Page Flts
    bytes     bytes     bytes   user   elap     user     elap
555218792      2160  15154520  0.035  0.039    0.717    6.245    0    0  (Gen:  0)
547239168      6768  21918920  0.048  0.057    1.104    7.035    0    0  (Gen:  1)
541772928      4872  28400184  0.020  0.021    1.453    7.590    0    0  (Gen:  0)
534179648  19244368  43988040  0.039  0.040    2.287    8.100    0    0  (Gen:  0)
547195064  19246640 122558640  0.167  0.189    3.137    8.587    0    0  (Gen:  0)
525843928  19252288 150637472  0.256  0.289    3.748    9.005    0    0  (Gen:  1)
526043272  19248552 168745248  0.096  0.098    4.278    9.243    1    0  (Gen:  0)
541510000  53505840 208360632  0.109  0.109    5.002    9.529    0    0  (Gen:  0)
554462200  53492312 218349408  0.079  0.086    5.677    9.792    0    0  (Gen:  0)
533033168  53494696 238240104  0.074  0.076    6.244   10.056    0    0  (Gen:  0)
546715736  53486456 240716272  0.065  0.071    6.846   10.280    0    0  (Gen:  0)
536956176  53486680 247607960  0.067  0.068    7.458   10.521    0    0  (Gen:  0)
525291872  53486848 238942376  0.393  0.440    8.245   11.343    0    0  (Gen:  1)
547695080  25813880 240725832  0.059  0.059    8.855   11.676    0    0  (Gen:  0)
537687464  25760472 248264840  0.060  0.060    9.465   11.891    0    0  (Gen:  0)
532200688  40984520 265862272  0.096  0.096   10.084   12.122    0    0  (Gen:  0)
535949208  40984224 265072976  0.064  0.064   10.705   12.335    0    0  (Gen:  0)
534280904  21317632 268303048  0.047  0.047   11.195   12.593    0    0  (Gen:  0)
528948128  21316872 268807744  0.041  0.042   11.659   12.919    0    0  (Gen:  0)
530239688  21317504 276719960  0.051  0.051   12.104   13.276    0    0  (Gen:  0)
571018096  21318968 298733080  0.074  0.074   12.776   13.844    0    0  (Gen:  0)
561857824  21320568 328594288  0.081  0.081   13.481   14.363    0  118  (Gen:  0)
537649248  44526552 338196816  0.048  0.048   13.952   14.773    0    0  (Gen:  0)
540048032  44526552 350485552  0.019  0.019   14.397   15.161    0    0  (Gen:  0)
537616816  24565056 362637992  0.018  0.018   14.834   15.539    0    0  (Gen:  0)
589821760  22604136 373161016  0.041  0.041   15.313   15.982    0    0  (Gen:  0)
186166712 222847952 264770440  0.392  0.439   15.931   17.281    0    0  (Gen:  1)
   104504  12296824  20154192  0.026  0.047   15.957   17.330    0    0  (Gen:  1)
     1584                      0.000  0.000

  14,286,747,688 bytes allocated in the heap
   1,009,460,192 bytes copied during GC
     264,770,440 bytes maximum residency (5 sample(s))
       4,159,320 bytes maximum slop
             252 MB total memory in use (0 MB lost due to fragmentation)

                                     Tot time (elapsed)  Avg pause  Max pause
  Gen  0        23 colls,     0 par    1.448s   1.497s     0.0651s    0.1889s
  Gen  1         5 colls,     0 par    1.115s   1.272s     0.2545s    0.4401s

  TASKS: 21 (1 bound, 20 peak workers (20 total), using -N4)

  SPARKS: 0 (0 converted, 0 overflowed, 0 dud, 0 GC'd, 0 fizzled)

  INIT    time    0.001s  (  0.006s elapsed)
  MUT     time   13.392s  ( 14.555s elapsed)
  GC      time    2.563s  (  2.769s elapsed)
  EXIT    time    0.000s  (  0.005s elapsed)
  Total   time   15.958s  ( 17.334s elapsed)

  Alloc rate    1,066,772,911 bytes per MUT second

  Productivity  83.9% of total user, 84.0% of total elapsed

