bench-hist/parse_module_headers/ghcide --lsp --cwd bench/example/Cabal-3.0.0.0 +RTS -I0 -qg -A128M -SdocumentSymbols_after_edit.benchmark-gcStats -I0.5 
    Alloc    Copied     Live     GC     GC      TOT      TOT  Page Flts
    bytes     bytes     bytes   user   elap     user     elap
557325128      2160  15161384  0.036  0.045    0.723    6.333  153 3741  (Gen:  0)
552226280      6752  21887224  0.059  0.296    1.120    7.359 6391    6  (Gen:  1)
540448640      4872  28423168  0.020  0.020    1.465    7.908    0    3  (Gen:  0)
534507784  20887584  46408488  0.043  0.045    2.302    8.415    3   80  (Gen:  0)
545865272  20890216 123085496  0.166  0.187    3.113    8.919    0  306  (Gen:  0)
528321824  20904000 150959472  0.252  0.283    3.715    9.327    2  163  (Gen:  1)
526701128  20891232 175326856  0.106  0.107    4.237    9.570    0   91  (Gen:  0)
537799504  20898288 214051448  0.119  0.122    5.039    9.898    0   87  (Gen:  0)
552260496  41014624 224597312  0.086  0.092    5.694   10.142    0   16  (Gen:  0)
539111208  41003656 237938360  0.075  0.075    6.302   10.389    0    5  (Gen:  0)
546818984  23137280 234112344  0.055  0.059    6.886   10.591    0   15  (Gen:  0)
543563016  26614808 241040336  0.055  0.055    7.511   10.828    0   22  (Gen:  0)
520867776  26605200 236790560  0.384  0.425    8.285   11.645    0    0  (Gen:  1)
541196848  30103312 244319912  0.067  0.067    8.910   11.983    0    1  (Gen:  0)
537532608  30052040 263486464  0.086  0.086    9.518   12.206    0    0  (Gen:  0)
539666952  30049488 265069728  0.064  0.064   10.158   12.422    0    3  (Gen:  0)
532518648  30052192 278912816  0.086  0.086   10.791   12.650    0    3  (Gen:  0)
538448360  30050056 278602032  0.052  0.052   11.345   12.890    0    4  (Gen:  0)
532433696  30049584 277935392  0.044  0.044   11.806   13.218    0    0  (Gen:  0)
539635592  30049856 284353576  0.047  0.047   12.255   13.586    1    9  (Gen:  0)
567474936  30048632 309872016  0.076  0.077   12.860   14.040    0    3  (Gen:  0)
543492872  30048728 321995832  0.054  0.054   13.160   14.273    0    0  (Gen:  0)
541558344  30048728 336079536  0.047  0.047   13.445   14.485    0    0  (Gen:  0)
540368392  30048728 348453968  0.045  0.045   13.737   14.707    0    0  (Gen:  0)
540630512  24587232 360472896  0.042  0.042   14.023   14.926    0    0  (Gen:  0)
537258640  24587224 374105080  0.045  0.045   14.306   15.138    0    0  (Gen:  0)
537906536  24587248 387382528  0.045  0.045   14.592   15.354    0    0  (Gen:  0)
542960184  24587280 399403224  0.043  0.043   14.882   15.577    0    0  (Gen:  0)
544080072  24587352 413387088  0.044  0.044   15.169   15.795    0    0  (Gen:  0)
540285144  24587520 425756920  0.047  0.050   15.453   16.008    0    0  (Gen:  0)
540905064  24587552 439056264  0.049  0.054   15.746   16.239    0    0  (Gen:  0)
542068936  24587560 451397744  0.046  0.049   16.035   16.462    0    0  (Gen:  0)
539621520  24587000 413128792  0.640  0.741   16.919   17.374    0    0  (Gen:  1)
536066400  24587024 427811376  0.048  0.048   17.206   17.589    0    0  (Gen:  0)
541358104  24587016 440169184  0.046  0.046   17.496   17.811    0    0  (Gen:  0)
540575576  24587008 452355000  0.043  0.043   17.783   18.030    0    0  (Gen:  0)
537905416  24587000 465219288  0.045  0.045   18.066   18.240    0    0  (Gen:  0)
544775296  24587008 480413760  0.049  0.049   18.358   18.459    0    0  (Gen:  0)
546464232  26276168 492823904  0.047  0.047   18.651   18.683    0    0  (Gen:  0)
542521408  26276168 505225896  0.045  0.045   18.940   18.903    0    0  (Gen:  0)
543867040  24646528 517609680  0.044  0.044   19.232   19.126    0    0  (Gen:  0)
543201680  24646536 530920632  0.045  0.045   19.518   19.339    0    0  (Gen:  0)
539256432  24646616 545687512  0.049  0.049   19.808   19.555    0    0  (Gen:  0)
544448856  24646664 558505096  0.047  0.047   20.101   19.780    0    0  (Gen:  0)
546107408  25376472 571142144  0.044  0.044   20.393   20.003    0    0  (Gen:  0)
540807112  25376448 585389408  0.046  0.046   20.681   20.217    0    0  (Gen:  0)
541398256  25376448 599577416  0.050  0.050   20.971   20.434    0    0  (Gen:  0)
545023872  25376496 612107424  0.047  0.047   21.267   20.661    0    0  (Gen:  0)
540842888  25053864 624438984  0.045  0.045   21.558   20.884    0    0  (Gen:  0)
540314544  25053848 637929440  0.045  0.045   21.843   21.097    0    0  (Gen:  0)
608256008 541037936 598368904  0.913  1.034   23.256   23.274    0    0  (Gen:  1)
   100488  11154816  18242440  0.019  0.071   23.275   23.346    0    2  (Gen:  1)
     1528                      0.000  0.000

  27,669,153,440 bytes allocated in the heap
   1,792,628,048 bytes copied during GC
     598,368,904 bytes maximum residency (6 sample(s))
       6,854,568 bytes maximum slop
             570 MB total memory in use (0 MB lost due to fragmentation)

                                     Tot time (elapsed)  Avg pause  Max pause
  Gen  0        46 colls,     0 par    2.575s   2.637s     0.0573s    0.1865s
  Gen  1         6 colls,     0 par    2.267s   2.850s     0.4750s    1.0344s

  TASKS: 22 (1 bound, 21 peak workers (21 total), using -N4)

  SPARKS: 0 (0 converted, 0 overflowed, 0 dud, 0 GC'd, 0 fizzled)

  INIT    time    0.001s  (  0.010s elapsed)
  MUT     time   18.432s  ( 17.848s elapsed)
  GC      time    4.842s  (  5.487s elapsed)
  EXIT    time    0.000s  (  0.015s elapsed)
  Total   time   23.276s  ( 23.361s elapsed)

  Alloc rate    1,501,183,157 bytes per MUT second

  Productivity  79.2% of total user, 76.4% of total elapsed

