bench-hist/parse_module_headers/ghcide --lsp --cwd bench/example/Cabal-3.0.0.0 +RTS -I0 -qg -A128M -Sedit.benchmark-gcStats -I0.5 
    Alloc    Copied     Live     GC     GC      TOT      TOT  Page Flts
    bytes     bytes     bytes   user   elap     user     elap
559498152      2160  15234456  0.036  0.040    0.717    6.249    0    0  (Gen:  0)
548285704      6784  21891624  0.048  0.058    1.103    7.041    0    0  (Gen:  1)
545134160      4880  28436352  0.020  0.021    1.454    7.595    0    0  (Gen:  0)
534463824      5584  45520736  0.042  0.043    2.298    8.114    0    0  (Gen:  0)
552450768      8072 124823864  0.170  0.192    3.191    8.670    0    0  (Gen:  0)
526230520 123419480 150940680  0.251  0.284    3.800    9.084    0    0  (Gen:  1)
530805496 123413456 171001200  0.097  0.099    4.306    9.327    0    0  (Gen:  0)
546446680 123428104 206208816  0.103  0.105    5.032    9.613    0    0  (Gen:  0)
546520360 123413920 222538408  0.089  0.097    5.705    9.864    0    0  (Gen:  0)
537959088  37544880 242356920  0.083  0.084    6.289   10.116    0    0  (Gen:  0)
542821304  37536392 243644584  0.071  0.075    6.918   10.347    0    0  (Gen:  0)
539108912  32620416 250723600  0.077  0.080    7.554   10.597    0    0  (Gen:  0)
523668104  29104720 258283800  0.063  0.064    8.014   11.046    0    0  (Gen:  0)
544860520  29104456 231813552  0.376  0.425    8.937   11.720    0    0  (Gen:  1)
536767392  29103096 241101944  0.075  0.076    9.586   11.944    0    0  (Gen:  0)
535030936  29105984 259141752  0.093  0.093   10.193   12.172    0    0  (Gen:  0)
536183040  29103224 254168480  0.057  0.057   10.793   12.379    0    0  (Gen:  0)
534831032  29105928 265365936  0.059  0.059   11.315   12.654    0    0  (Gen:  0)
530154072  29103720 264180688  0.048  0.048   11.778   12.984    0    0  (Gen:  0)
543770216  29103264 269983584  0.049  0.049   12.234   13.362    0    0  (Gen:  0)
561988872  29102200 293503920  0.075  0.075   12.948   13.918    0    0  (Gen:  0)
539362768  29102176 311367760  0.076  0.076   13.605   14.513    0    0  (Gen:  0)
547014024  29102184 330463440  0.083  0.083   14.317   15.125    0    0  (Gen:  0)
543958064  41144544 349663320  0.081  0.081   15.016   15.718    0    0  (Gen:  0)
545662176  41144560 368437360  0.082  0.084   15.710   16.307    0    0  (Gen:  0)
539649224  41144560 387236544  0.079  0.079   16.396   16.890    0    0  (Gen:  0)
538848984  41144560 407636264  0.081  0.081   17.110   17.502    0    0  (Gen:  0)
540927016  41148848 425413312  0.078  0.078   17.826   18.118    0    0  (Gen:  0)
541773736  39401688 443566576  0.077  0.077   18.539   18.732    0    0  (Gen:  0)
539459704 391269416 429138672  0.731  0.836   19.892   20.089    0    0  (Gen:  1)
546097344 391270016 446456216  0.078  0.078   20.578   20.679    0    0  (Gen:  0)
543311464 391270408 464225056  0.078  0.078   21.259   21.275    0    0  (Gen:  0)
542038784  35530984 479733416  0.074  0.074   21.929   21.863    0    0  (Gen:  0)
540150264  35526072 498598640  0.075  0.075   22.586   22.452    0    0  (Gen:  0)
542327048  41069616 517723096  0.080  0.081   23.282   23.057    0    0  (Gen:  0)
542052408  41069640 536853592  0.082  0.082   23.970   23.645    0    0  (Gen:  0)
541430672  41069640 555570488  0.081  0.081   24.651   24.220    0    0  (Gen:  0)
537478320  41069664 574649088  0.080  0.080   25.341   24.813    0    0  (Gen:  0)
541339672  41069688 594477176  0.082  0.082   26.054   25.432    0    0  (Gen:  0)
539202680  41073808 612126088  0.077  0.077   26.757   26.043    0    0  (Gen:  0)
542568408  41072704 632167664  0.080  0.081   27.466   26.656    0    0  (Gen:  0)
538968840  41069888 650335536  0.079  0.079   28.155   27.248    0    0  (Gen:  0)
543135576  41070448 668475240  0.078  0.078   28.840   27.840    0    0  (Gen:  0)
543167312  41071296 682731656  0.073  0.073   29.535   28.445    0    0  (Gen:  0)
541413968  36455416 702038152  0.077  0.077   30.184   29.032    0    0  (Gen:  0)
541353552  40896376 720636496  0.083  0.083   30.873   29.639    0    0  (Gen:  0)
540655232  40896392 739892408  0.081  0.082   31.574   30.241    0    0  (Gen:  0)
541474016  40896400 758641056  0.081  0.082   32.256   30.818    0    0  (Gen:  0)
545236632  40896448 777436720  0.080  0.080   32.943   31.399    0    0  (Gen:  0)
536570824  40896456 798152168  0.084  0.084   33.649   32.006    0    0  (Gen:  0)
539597776  40901184 815878184  0.082  0.083   34.366   32.633    0    0  (Gen:  0)
544404704  39310880 833954392  0.083  0.089   35.083   33.262    0    0  (Gen:  0)
539687568  39306768 854166760  1.529  1.756   37.232   35.543    0    0  (Gen:  1)
543082480  39404696 871470936  0.079  0.079   37.924   36.137    0    0  (Gen:  0)
539710704  39404816 888908960  0.078  0.078   38.612   36.739    0    0  (Gen:  0)
542539072  39410520 904515120  0.073  0.073   39.286   37.328    0    0  (Gen:  0)
540833904  36103600 923279896  0.077  0.077   39.953   37.925    0    0  (Gen:  0)
541976552  36103608 942434944  0.082  0.082   40.656   38.541    0    0  (Gen:  0)
547397016  36103624 961699800  0.083  0.083   41.363   39.146    0    0  (Gen:  0)
541966368  40712936 980458088  0.081  0.082   42.051   39.727    0    0  (Gen:  0)
538353832  40315408 999237976  0.080  0.080   42.751   40.321    0    0  (Gen:  0)
539615624  41161080 1019507024  0.087  0.088   43.492   40.967    0    0  (Gen:  0)
540331752  39765456 1037358880  0.079  0.079   44.208   41.588    0    0  (Gen:  0)
543890104  39769048 1056900656  0.082  0.082   44.922   42.207    0    0  (Gen:  0)
537857184  39765520 1075797744  0.081  0.082   45.630   42.817    0    0  (Gen:  0)
544300800  39765720 1093348760  0.080  0.080   46.324   43.415    0    0  (Gen:  0)
544053808  39767528 1111458720  0.078  0.078   47.017   44.021    0    0  (Gen:  0)
542147616  39778184 1126733944  0.076  0.077   47.684   44.611    0    0  (Gen:  0)
540047544  39765600 1145625520  0.078  0.078   48.352   45.211    0    0  (Gen:  0)
541087184  39765632 1164896848  0.085  0.085   49.066   45.831    0    0  (Gen:  0)
542714344  39765648 1183694024  0.082  0.082   49.754   46.411    0    0  (Gen:  0)
540655064  39765664 1202370976  0.081  0.082   50.444   46.994    0    0  (Gen:  0)
534731480  39765680 1223033120  0.084  0.085   51.154   47.604    0    0  (Gen:  0)
542057992  39770240 1240997376  0.080  0.081   51.873   48.229    0    0  (Gen:  0)
543097632  39765776 1258913680  0.079  0.080   52.592   48.854    0    0  (Gen:  0)
541335704  39765816 1279515032  0.084  0.085   53.308   49.474    0    0  (Gen:  0)
543990584  39765960 1297272008  0.082  0.082   54.013   50.080    0    0  (Gen:  0)
543811328  39766056 1315455080  0.080  0.080   54.709   50.681    0    0  (Gen:  0)
542537776  39767224 1329522936  0.073  0.073   55.401   51.283    0    0  (Gen:  0)
545691144  39765808 1348966040  0.078  0.078   56.065   51.877    0    0  (Gen:  0)
544168304  39765856 1367906368  0.084  0.084   56.754   52.491    0    0  (Gen:  0)
545691160  41129992 1386997304  0.083  0.083   57.466   53.107    0    0  (Gen:  0)
545682024  41129800 1406193680  0.083  0.083   58.166   53.703    0    0  (Gen:  0)
540506112  41129792 1424878216  0.082  0.083   58.853   54.284    0    0  (Gen:  0)
538769224  41129832 1443898480  0.081  0.081   59.555   54.885    0    0  (Gen:  0)
538950376  41129856 1463637296  0.082  0.082   60.278   55.512    0    0  (Gen:  0)
538705376  39161384 1481326576  0.079  0.079   60.995   56.136    0    0  (Gen:  0)
538481672  39161392 1501780920  0.084  0.085   61.704   56.748    0    0  (Gen:  0)
542644040  39598208 1519121128  0.080  0.080   62.403   57.348    0    0  (Gen:  0)
537676656  38823544 1537132832  0.078  0.078   63.094   57.951    0    0  (Gen:  0)
541879376  38831176 1552103632  0.074  0.075   63.778   58.553    0    0  (Gen:  0)
541520312  38823336 1570791288  0.077  0.078   64.444   59.150    0    0  (Gen:  0)
544375960  38823352 1590099648  0.083  0.083   65.151   59.765    0    0  (Gen:  0)
540586712  38823440 1609231656  0.083  0.083   65.848   60.357    0    0  (Gen:  0)
541737840  38823440 1628029144  0.084  0.085   66.538   60.940    0    0  (Gen:  0)
541216264  38823528 1646985688  0.086  0.091   67.243   61.544    0    0  (Gen:  0)
538182008  38823528 1667102448  0.090  0.097   67.971   62.183    0    0  (Gen:  0)
542423304  38823528 1684835776  0.086  0.092   68.698   62.822    0    0  (Gen:  0)
546427704 1651304256 1703532584  3.101  3.584   72.439   66.949    0    0  (Gen:  1)
540852976  40878784 1723073296  0.083  0.083   73.143   67.555    0    0  (Gen:  0)
538529808  38970216 1740189752  0.080  0.080   73.841   68.155    0    0  (Gen:  0)
543691584  38971392 1757572096  0.079  0.079   74.538   68.765    0    0  (Gen:  0)
541543984  38975736 1773653728  0.078  0.078   75.210   69.364    0    0  (Gen:  0)
542493304  37279888 1792589944  0.079  0.079   75.888   69.963    0    0  (Gen:  0)
544023848  37279896 1811674536  0.083  0.083   76.604   70.582    0    0  (Gen:  0)
546043352  37279960 1830893288  0.084  0.084   77.303   71.179    0    0  (Gen:  0)
541246840  37279960 1849620464  0.082  0.082   77.992   71.760    0    0  (Gen:  0)
543365240  37279960 1868523800  0.081  0.082   78.693   72.357    0    0  (Gen:  0)
538877592  37279968 1888709184  0.084  0.084   79.413   72.980    0    0  (Gen:  0)
543315488  37284152 1906724864  0.080  0.080   80.135   73.608    0    0  (Gen:  0)
539961352  40535664 1926391816  0.082  0.083   80.851   74.229    0    0  (Gen:  0)
547034248  41053808 1945633480  0.084  0.085   81.568   74.846    0    0  (Gen:  0)
541523096  41054040 1962750080  0.080  0.080   82.263   75.442    0    0  (Gen:  0)
539654304  41054272 1980086720  0.078  0.078   82.952   76.045    0    0  (Gen:  0)
542432472  41064328 1996082936  0.076  0.076   83.623   76.638    0    0  (Gen:  0)
541083976  41053848 2014987688  0.079  0.079   84.293   77.236    0    0  (Gen:  0)
540194832  41053856 2034149064  0.084  0.084   85.008   77.852    0    0  (Gen:  0)
544866496  41053856 2053159656  0.083  0.084   85.710   78.449    0    0  (Gen:  0)
541642528  41053888 2071895936  0.083  0.083   86.403   79.034    0    0  (Gen:  0)
541413296  41053952 2091048408  0.081  0.081   87.109   79.641    0    0  (Gen:  0)
539345384  41053952 2110876368  0.083  0.083   87.833   80.270    0    0  (Gen:  0)
541801336  41053952 2128663472  0.080  0.080   88.553   80.895    0    0  (Gen:  0)
541983832  40321928 2148497120  0.082  0.082   89.273   81.517    0    0  (Gen:  0)
539383512  40319152 2166795488  0.081  0.081   89.974   82.118    0    0  (Gen:  0)
544781616  38821248 2184668576  0.079  0.080   90.676   82.722    0    0  (Gen:  0)
 56766376  38821360 2185636304  3.661  3.954   94.398   87.477    0    0  (Gen:  1)
   104792  11151560  18223840  0.040  0.233   94.438   87.711    0    0  (Gen:  1)
     1368                      0.000  0.000

  67,754,695,760 bytes allocated in the heap
   7,691,624,112 bytes copied during GC
   2,185,636,304 bytes maximum residency (8 sample(s))
      10,974,768 bytes maximum slop
            2084 MB total memory in use (0 MB lost due to fragmentation)

                                     Tot time (elapsed)  Avg pause  Max pause
  Gen  0       119 colls,     0 par    9.440s   9.539s     0.0802s    0.1922s
  Gen  1         8 colls,     0 par    9.736s  11.128s     1.3910s    3.9535s

  TASKS: 21 (1 bound, 20 peak workers (20 total), using -N4)

  SPARKS: 0 (0 converted, 0 overflowed, 0 dud, 0 GC'd, 0 fizzled)

  INIT    time    0.002s  (  0.006s elapsed)
  MUT     time   75.261s  ( 67.036s elapsed)
  GC      time   19.176s  ( 20.668s elapsed)
  EXIT    time    0.000s  (  0.013s elapsed)
  Total   time   94.438s  ( 87.723s elapsed)

  Alloc rate    900,266,987 bytes per MUT second

  Productivity  79.7% of total user, 76.4% of total elapsed

