bench-hist/parse_module_headers/ghcide --lsp --cwd bench/example/Cabal-3.0.0.0 +RTS -I0 -qg -A128M -SgetDefinition.benchmark-gcStats -I0.5 
    Alloc    Copied     Live     GC     GC      TOT      TOT  Page Flts
    bytes     bytes     bytes   user   elap     user     elap
554219640      2160  15093440  0.035  0.039    0.719    6.941    0 1430  (Gen:  0)
547748816      6752  21922128  0.049  0.058    1.106    7.732    0    0  (Gen:  1)
541937776      4888  28424432  0.020  0.021    1.454    8.287    0    0  (Gen:  0)
530627056      5528  42091976  0.037  0.038    2.286    8.800    0    0  (Gen:  0)
549764320      7768 124313272  0.172  0.193    3.116    9.340    0    0  (Gen:  0)
528592464     17024 151461552  0.257  0.292    3.743    9.758    0    0  (Gen:  1)
527188328      9256 172663232  0.098  0.099    4.253    9.988    0    0  (Gen:  0)
534137248     15800 214807984  0.114  0.114    4.963   10.286    0    0  (Gen:  0)
557231528     20904 215952440  0.065  0.071    5.618   10.526    0    0  (Gen:  0)
537614200     19192 239473312  0.079  0.080    6.247   10.781    0    0  (Gen:  0)
544261744      5392 236016104  0.049  0.053    6.833   10.981    0    0  (Gen:  0)
542041304      6208 251152024  0.078  0.081    7.475   11.255    0    0  (Gen:  0)
522480456  36121960 261885280  0.081  0.081    7.952   11.722    0    0  (Gen:  0)
540645192 200380768 234770392  0.392  0.448    8.892   12.426    0    0  (Gen:  1)
536872848  30622416 240428584  0.066  0.066    9.511   12.644    0    0  (Gen:  0)
533020488  30057424 248677600  0.060  0.061   10.068   12.844    0    0  (Gen:  0)
532301008  30056784 259759768  0.074  0.075   10.725   13.085    0    0  (Gen:  0)
535908408  30057200 259728344  0.055  0.055   11.245   13.318    0    0  (Gen:  0)
527730280  30056600 259269960  0.043  0.043   11.704   13.643    0    0  (Gen:  0)
536065600  30057032 265279528  0.048  0.048   12.155   14.008    0    0  (Gen:  0)
574798240  30059576 290837952  0.077  0.077   12.906   14.610    0    1  (Gen:  0)
526826800  21767304 291874408  0.033  0.033   13.108   14.798    0    0  (Gen:  0)
520507800   5092920 295217528  0.009  0.009   13.265   14.956    0    0  (Gen:  0)
536517536   4892464 297847424  0.014  0.014   13.935   15.549    0    1  (Gen:  0)
538052280   4891968 299272752  0.014  0.014   14.866   16.336    0    0  (Gen:  0)
538122648   4892040 300993864  0.014  0.014   15.798   17.112    0    0  (Gen:  0)
538402392   4892064 301720696  0.014  0.014   16.739   17.899    0    0  (Gen:  0)
537934808   4892152 303026536  0.013  0.014   17.676   18.682    0    0  (Gen:  0)
539641768   4892176 304455776  0.013  0.013   18.608   19.461    0    0  (Gen:  0)
540584696   4892320 305867000  0.014  0.014   19.545   20.241    0    0  (Gen:  0)
545095200   4892384 307205848  0.014  0.014   20.488   21.033    0    0  (Gen:  0)
539825464   4892520 308562472  0.014  0.014   21.424   21.816    0    0  (Gen:  0)
537016672   4892552 310377080  0.014  0.014   22.358   22.589    0    0  (Gen:  0)
537955912   4892616 311233232  0.013  0.014   23.290   23.371    0    0  (Gen:  0)
534510696   4998296 312533800  0.014  0.014   24.215   24.138    0    0  (Gen:  0)
540614200   5515808 315110648  0.015  0.015   25.153   24.922    0    0  (Gen:  0)
540865080   5536832 316398472  0.015  0.015   26.098   25.715    0    0  (Gen:  0)
535921848   5536920 317722712  0.015  0.015   27.028   26.499    0    0  (Gen:  0)
538420720   5537048 319232200  0.015  0.015   27.971   27.296    0    0  (Gen:  0)
540577496   5623656 320852824  0.016  0.016   28.916   28.091    0    0  (Gen:  0)
536557912   5623736 322055976  0.016  0.016   29.848   28.875    0    0  (Gen:  0)
538247128   5623776 323415552  0.016  0.016   30.789   29.669    0    0  (Gen:  0)
538710976   6012424 325468696  0.017  0.017   31.730   30.462    0    0  (Gen:  0)
538712592   6012480 326798032  0.017  0.017   32.667   31.250    0    0  (Gen:  0)
540886488   6012696 327806992  0.017  0.017   33.612   32.042    0    0  (Gen:  0)
533982584   6012760 329223544  0.015  0.015   34.547   32.826    0    0  (Gen:  0)
533738976   5456312 330133200  0.015  0.015   35.478   33.616    0    0  (Gen:  0)
536459136   5456336 331176448  0.015  0.015   36.426   34.412    0    0  (Gen:  0)
537499648   5456472 332540624  0.015  0.015   37.371   35.204    0    0  (Gen:  0)
539920072   5456488 334431872  0.016  0.016   38.318   35.999    0    0  (Gen:  0)
535753168   5456608 335263872  0.014  0.015   39.264   36.789    0    0  (Gen:  0)
536941784   5456704 336616000  0.015  0.015   40.205   37.574    0    0  (Gen:  0)
539456456   5456768 338488224  0.015  0.015   41.148   38.362    0    0  (Gen:  0)
539555064   5456800 339722144  0.015  0.015   42.095   39.150    0    0  (Gen:  0)
537791048   5456880 340797016  0.014  0.014   43.040   39.940    0    0  (Gen:  0)
539218424   5456976 342244392  0.015  0.015   43.986   40.735    0    0  (Gen:  0)
537718952   5300416 343710512  0.015  0.015   44.927   41.522    0    0  (Gen:  0)
541167096   5300472 344957504  0.015  0.015   45.873   42.313    0    0  (Gen:  0)
543030592   5296368 346292352  0.015  0.015   46.822   43.109    0    0  (Gen:  0)
540390392   5296368 347778304  0.015  0.015   47.770   43.903    0    0  (Gen:  0)
541311472   5309216 349248400  0.015  0.015   48.716   44.692    0    0  (Gen:  0)
538158536   5261032 350451704  0.015  0.015   49.655   45.475    0    0  (Gen:  0)
538988432   5261080 351766872  0.015  0.015   50.599   46.264    0    0  (Gen:  0)
188310328 264081184 299543824  0.432  0.474   51.359   47.715    0    0  (Gen:  1)
   104208  11158720  18075112  0.016  0.036   51.375   47.752    0    0  (Gen:  1)
     1584                      0.000  0.000

  34,115,194,008 bytes allocated in the heap
     963,143,744 bytes copied during GC
     299,543,824 bytes maximum residency (5 sample(s))
       4,948,720 bytes maximum slop
             285 MB total memory in use (0 MB lost due to fragmentation)

                                     Tot time (elapsed)  Avg pause  Max pause
  Gen  0        60 colls,     0 par    1.885s   1.930s     0.0322s    0.1928s
  Gen  1         5 colls,     0 par    1.146s   1.308s     0.2616s    0.4737s

  TASKS: 22 (1 bound, 21 peak workers (21 total), using -N4)

  SPARKS: 0 (0 converted, 0 overflowed, 0 dud, 0 GC'd, 0 fizzled)

  INIT    time    0.001s  (  0.006s elapsed)
  MUT     time   48.343s  ( 44.508s elapsed)
  GC      time    3.031s  (  3.238s elapsed)
  EXIT    time    0.000s  (  0.005s elapsed)
  Total   time   51.376s  ( 47.757s elapsed)

  Alloc rate    705,691,761 bytes per MUT second

  Productivity  94.1% of total user, 93.2% of total elapsed

