bench-hist/parse_module_headers/ghcide --lsp --cwd bench/example/Cabal-3.0.0.0 +RTS -I0 -qg -A128M -Shover.benchmark-gcStats -I0.5 
    Alloc    Copied     Live     GC     GC      TOT      TOT  Page Flts
    bytes     bytes     bytes   user   elap     user     elap
556410848      2160  15128192  0.035  0.039    0.713    6.255    0    0  (Gen:  0)
548107544  16102984  21912680  0.049  0.058    1.098    7.046    0    0  (Gen:  1)
543320000  16101072  28476960  0.020  0.021    1.446    7.601    0    0  (Gen:  0)
531096280  16101800  44664248  0.040  0.041    2.276    8.109    0    0  (Gen:  0)
551385328  16104344 123365784  0.168  0.188    3.093    8.613    0    0  (Gen:  0)
524007656 125271400 152668624  0.257  0.290    3.690    9.027    0    0  (Gen:  1)
529370976 125268224 171838592  0.095  0.097    4.216    9.267    0    0  (Gen:  0)
553150328 125282200 215673872  0.120  0.124    5.043    9.595    0    0  (Gen:  0)
547242312 125268160 212736672  0.059  0.063    5.687    9.820    0    0  (Gen:  0)
536668928 125265736 236797888  0.082  0.086    6.294   10.082    0    0  (Gen:  0)
538514888  19267856 229360520  0.045  0.045    6.902   10.279    0    0  (Gen:  0)
548959696  28109320 241850232  0.062  0.064    7.513   10.526    0    0  (Gen:  0)
523421592  28109968 260758664  0.088  0.089    7.982   10.983    0    0  (Gen:  0)
536858584  28109768 239311296  0.400  0.455    8.936   11.710    0    0  (Gen:  1)
545090968  28108160 242278464  0.064  0.064    9.537   11.918    0    0  (Gen:  0)
536056424  36076880 254800888  0.085  0.085   10.212   12.157    0    0  (Gen:  0)
533655600  36077176 275490072  0.111  0.111   10.786   12.388    0    0  (Gen:  0)
538119824  21844464 261635304  0.048  0.048   11.338   12.670    0    0  (Gen:  0)
530918192  21844032 261087272  0.041  0.041   11.794   12.993    0    0  (Gen:  0)
535320176  21844240 267265504  0.048  0.048   12.246   13.359    0    0  (Gen:  0)
573771040  21849744 292789384  0.077  0.077   12.997   13.956    0    0  (Gen:  0)
526457880  21737480 293796128  0.032  0.032   13.198   14.144    0    0  (Gen:  0)
520469016   5318360 297359168  0.010  0.010   13.359   14.305    0    0  (Gen:  0)
532043272   4849760 299774032  0.013  0.013   14.032   14.903    0    0  (Gen:  0)
540315712   5121352 301031720  0.014  0.014   14.965   15.693    0    0  (Gen:  0)
542966272   5270104 302497416  0.014  0.014   15.902   16.481    0    0  (Gen:  0)
535058992   5145896 303560168  0.013  0.013   16.827   17.256    0    0  (Gen:  0)
536146872   5069688 304825288  0.013  0.013   17.751   18.031    0    0  (Gen:  0)
542435768   5074720 306265248  0.013  0.013   18.688   18.819    0    0  (Gen:  0)
536578208   5074784 307647160  0.013  0.013   19.617   19.597    0    0  (Gen:  0)
538053936   5074872 309870400  0.015  0.015   20.547   20.378    0    0  (Gen:  0)
538140664   5074880 311299576  0.015  0.015   21.473   21.166    0    0  (Gen:  0)
539540440   5074904 312609672  0.015  0.015   22.402   21.950    0    0  (Gen:  0)
537275536   5074904 313935704  0.016  0.016   23.325   22.742    0    0  (Gen:  0)
539251560   5074944 315420616  0.016  0.016   24.262   23.538    0    0  (Gen:  0)
539186000   5075000 316348504  0.014  0.014   25.200   24.326    0    0  (Gen:  0)
534940104   5075160 317776368  0.015  0.015   26.130   25.114    0    0  (Gen:  0)
539388384   5075168 319001088  0.015  0.015   27.073   25.910    0    0  (Gen:  0)
536649304   5075240 320401544  0.015  0.015   28.017   26.703    0    0  (Gen:  0)
542809112   5075280 321739072  0.015  0.015   28.964   27.499    0    0  (Gen:  0)
537768320   5075328 322986408  0.015  0.015   29.908   28.295    0    0  (Gen:  0)
540291096   5075408 324417104  0.014  0.014   30.844   29.081    0    0  (Gen:  0)
536145696   5075424 325838056  0.014  0.014   31.773   29.857    0    0  (Gen:  0)
534299792   5110248 326957120  0.014  0.014   32.704   30.639    0    0  (Gen:  0)
540171912   5077848 328235752  0.014  0.014   33.646   31.428    0    0  (Gen:  0)
538727976   5077872 329702640  0.014  0.014   34.586   32.218    0    0  (Gen:  0)
542049248   5077952 330942896  0.014  0.014   35.532   33.013    0    0  (Gen:  0)
537219728   5077952 332405464  0.014  0.014   36.469   33.797    0    0  (Gen:  0)
537527928   5522184 334932192  0.015  0.015   37.399   34.583    0    0  (Gen:  0)
539100176   5522280 336097376  0.015  0.016   38.334   35.377    0    0  (Gen:  0)
536478224   5522272 337361096  0.016  0.016   39.260   36.173    0    0  (Gen:  0)
540803504   5522304 339123464  0.017  0.017   40.199   36.968    0    0  (Gen:  0)
536293216   5522296 339432760  0.015  0.015   41.144   37.766    0    0  (Gen:  0)
534898744   5522328 341013128  0.015  0.015   42.076   38.554    0    0  (Gen:  0)
535613384   5314440 342346200  0.015  0.015   43.020   39.348    0    0  (Gen:  0)
536617600   5314448 343693616  0.015  0.015   43.965   40.141    0    0  (Gen:  0)
536484904   5314552 344872264  0.015  0.015   44.903   40.928    0    0  (Gen:  0)
537299256   5248120 346190000  0.015  0.015   45.839   41.713    0    0  (Gen:  0)
539143920   5204200 347649256  0.014  0.014   46.777   42.495    0    0  (Gen:  0)
539406944   5204208 348729080  0.014  0.014   47.718   43.282    0    0  (Gen:  0)
542761896   5204224 350127640  0.015  0.015   48.666   44.077    0    0  (Gen:  0)
541766192   5204256 351471024  0.014  0.014   49.612   44.869    0    0  (Gen:  0)
537163568   5204280 352720120  0.014  0.014   50.549   45.652    0    0  (Gen:  0)
319426888 264663960 300133984  0.420  0.458   51.516   47.279    0    0  (Gen:  1)
   104272  11158336  18222488  0.016  0.037   51.532   47.317    0    0  (Gen:  1)
     1368                      0.000  0.000

  34,256,719,968 bytes allocated in the heap
   1,492,238,904 bytes copied during GC
     300,133,984 bytes maximum residency (5 sample(s))
       5,128,608 bytes maximum slop
             286 MB total memory in use (0 MB lost due to fragmentation)

                                     Tot time (elapsed)  Avg pause  Max pause
  Gen  0        60 colls,     0 par    1.912s   1.957s     0.0326s    0.1883s
  Gen  1         5 colls,     0 par    1.141s   1.298s     0.2596s    0.4576s

  TASKS: 21 (1 bound, 20 peak workers (20 total), using -N4)

  SPARKS: 0 (0 converted, 0 overflowed, 0 dud, 0 GC'd, 0 fizzled)

  INIT    time    0.001s  (  0.006s elapsed)
  MUT     time   48.478s  ( 44.056s elapsed)
  GC      time    3.053s  (  3.255s elapsed)
  EXIT    time    0.000s  (  0.004s elapsed)
  Total   time   51.533s  ( 47.321s elapsed)

  Alloc rate    706,650,712 bytes per MUT second

  Productivity  94.1% of total user, 93.1% of total elapsed

