bench-hist/parse_module_headers/ghcide --lsp --cwd bench/example/Cabal-3.0.0.0 +RTS -I0 -qg -A128M -Shover_after_edit.benchmark-gcStats -I0.5 
    Alloc    Copied     Live     GC     GC      TOT      TOT  Page Flts
    bytes     bytes     bytes   user   elap     user     elap
556279976      2160  15158024  0.035  0.039    0.715    6.171    0    0  (Gen:  0)
546505304  16102960  21924920  0.049  0.057    1.100    6.961    0    0  (Gen:  1)
546678488  16101016  28469584  0.020  0.021    1.451    7.517    0    0  (Gen:  0)
534857440  16101712  44932992  0.041  0.043    2.294    8.037    0    0  (Gen:  0)
546059664  16104208 123993384  0.169  0.190    3.158    8.569    0    0  (Gen:  0)
522582592  16108352 150804488  0.254  0.285    3.762    8.979    0    0  (Gen:  1)
526842592  16105248 169701392  0.092  0.093    4.281    9.213    0    0  (Gen:  0)
544853392  16123304 212612888  0.117  0.119    5.037    9.518    0    0  (Gen:  0)
548712712  16104040 222536128  0.082  0.088    5.723    9.774    0    0  (Gen:  0)
536063008  16103824 228856496  0.051  0.052    6.283   10.018    0    0  (Gen:  0)
542818448  16101448 234629184  0.057  0.061    6.855   10.234    0    0  (Gen:  0)
532365464  16108856 258722552  0.102  0.104    7.556   10.496    0    0  (Gen:  0)
534235544  16103848 238868560  0.397  0.448    8.335   11.273    0    0  (Gen:  1)
549429552  24157680 240283144  0.052  0.052    8.931   11.598    0    0  (Gen:  0)
537358584  24170928 251704512  0.080  0.081    9.599   11.831    0    0  (Gen:  0)
535842440  24156984 265829968  0.077  0.077   10.157   12.033    0    0  (Gen:  0)
538839784  27010824 264479904  0.059  0.059   10.788   12.258    0    0  (Gen:  0)
532357192  26962368 273100672  0.055  0.055   11.302   12.568    0    0  (Gen:  0)
528613712  26957280 274129336  0.043  0.043   11.760   12.892    0    0  (Gen:  0)
530676008  23325584 279973216  0.047  0.047   12.202   13.247    0    0  (Gen:  0)
583438272  23324552 303334872  0.073  0.074   12.900   13.825    0    2  (Gen:  0)
523307976  23324888 315009400  0.054  0.055   13.247   14.129    0   10  (Gen:  0)
520418800  23324504 317972240  0.030  0.030   13.435   14.317    0    8  (Gen:  0)
541380128  23325136 322694104  0.017  0.017   13.746   14.607    0   16  (Gen:  0)
523073136  23324512 334542416  0.033  0.033   14.035   14.871    0    0  (Gen:  0)
520412776  23324456 337232152  0.025  0.025   14.215   15.052    0    0  (Gen:  0)
542637288  23325248 346301616  0.024  0.024   14.566   15.367    0    0  (Gen:  0)
524396072  23329616 353518696  0.030  0.030   14.817   15.606    0    0  (Gen:  0)
520504864  23324560 356153784  0.018  0.018   14.990   15.779    0    0  (Gen:  0)
538763360  23325360 366620504  0.027  0.027   15.368   16.109    0    0  (Gen:  0)
523875776  23325280 372678536  0.030  0.030   15.602   16.342    0    0  (Gen:  0)
520531040  23324624 375035576  0.015  0.015   15.770   16.510    0    0  (Gen:  0)
539818688  14267896 387737680  0.034  0.034   16.180   16.874    0    0  (Gen:  0)
524117704  16931488 391787848  0.029  0.029   16.387   17.081    0    0  (Gen:  0)
520491896   8701936 393995360  0.015  0.015   16.553   17.246    0    0  (Gen:  0)
537952728   8702736 406404088  0.033  0.033   16.974   17.621    0    0  (Gen:  0)
523204352   8704024 410865344  0.027  0.028   17.166   17.812    0    0  (Gen:  0)
520504568   8702016 413593224  0.012  0.012   17.327   17.975    0    0  (Gen:  0)
537259800   8702832 428631896  0.039  0.039   17.767   18.363    0    0  (Gen:  0)
522976576   8702608 430267808  0.026  0.026   17.950   18.546    0    0  (Gen:  0)
520526592   8701440 365729992  0.602  0.680   18.701   19.375    0    0  (Gen:  1)
539119792   8702248 380736264  0.040  0.040   19.147   19.771    0    0  (Gen:  0)
520665696   8701760 382356912  0.028  0.028   19.331   19.955    0    0  (Gen:  0)
520541128   8701512 385400376  0.009  0.009   19.489   20.113    0    0  (Gen:  0)
537727832  16907896 400071968  0.040  0.040   19.934   20.508    0    0  (Gen:  0)
523713952  16907408 401643904  0.027  0.027   20.119   20.693    0    0  (Gen:  0)
520583952  16907192 404979696  0.009  0.009   20.277   20.852    0    0  (Gen:  0)
536360480  16773288 419310776  0.040  0.040   20.722   21.247    0    0  (Gen:  0)
525746736  16772808 421066160  0.027  0.027   20.908   21.432    0    0  (Gen:  0)
520601208  16772592 424365440  0.009  0.009   21.064   21.589    0    0  (Gen:  0)
536837904  16677224 438532216  0.039  0.040   21.514   21.989    0    0  (Gen:  0)
520655432  17402096 440243656  0.026  0.026   21.700   22.175    0    0  (Gen:  0)
520551408   5050280 443535592  0.009  0.009   21.854   22.330    0    0  (Gen:  0)
536985648   5051096 458017488  0.039  0.040   22.301   22.725    0    0  (Gen:  0)
520700928   5050616 459786896  0.026  0.026   22.485   22.910    0    0  (Gen:  0)
520534712   5050408 462926904  0.009  0.009   22.638   23.063    0    0  (Gen:  0)
538385400   5051232 477228400  0.039  0.039   23.084   23.457    0    0  (Gen:  0)
520689104   5050744 478963168  0.026  0.026   23.270   23.643    0    0  (Gen:  0)
520549104   5050536 482173488  0.009  0.009   23.425   23.799    0    0  (Gen:  0)
536662856   5051360 496296256  0.039  0.039   23.871   24.193    0    0  (Gen:  0)
520610248   5050800 498262024  0.027  0.027   24.058   24.381    0    0  (Gen:  0)
520633336   5050592 501277768  0.008  0.008   24.210   24.534    0    0  (Gen:  0)
536652744  16532064 515559048  0.039  0.039   24.659   24.931    0    0  (Gen:  0)
520648912  17721856 517518360  0.027  0.027   24.844   25.117    0    0  (Gen:  0)
520568160   4911400 520422712  0.008  0.008   24.996   25.269    0    0  (Gen:  0)
538745720   4912216 534932448  0.039  0.039   25.445   25.668    0    0  (Gen:  0)
520670280   4911672 536729168  0.027  0.027   25.631   25.854    0    0  (Gen:  0)
520597208   4911464 539609248  0.008  0.008   25.782   26.005    0    0  (Gen:  0)
536287856   4912280 554023984  0.039  0.039   26.228   26.400    0    0  (Gen:  0)
520650000   4911808 555921936  0.027  0.027   26.413   26.585    0    0  (Gen:  0)
520614464   4911600 558928704  0.008  0.008   26.561   26.733    0    0  (Gen:  0)
536729600   4912416 573251312  0.039  0.039   27.010   27.131    0    0  (Gen:  0)
520471960   4911904 575243656  0.027  0.027   27.198   27.319    0    0  (Gen:  0)
520634544   4912096 576676872  0.006  0.006   27.348   27.470    0    0  (Gen:  0)
536811568   4912136 592390840  0.039  0.039   27.794   27.865    0    0  (Gen:  0)
520521272   4911992 594414256  0.028  0.028   27.982   28.053    0    0  (Gen:  0)
526625064   4912560 595989976  0.006  0.006   28.139   28.208    0    0  (Gen:  0)
537682704   4915328 611520848  0.039  0.039   28.581   28.601    0    0  (Gen:  0)
520535080   4912088 613619872  0.028  0.028   28.769   28.789    0    0  (Gen:  0)
526673832   4912712 616713616  0.010  0.010   28.931   28.945    0    0  (Gen:  0)
540681944  16484864 630972936  0.038  0.038   29.369   29.340    0    0  (Gen:  0)
520511600  16724552 632902016  0.027  0.027   29.557   29.529    0    0  (Gen:  0)
528857032  16725120 635475776  0.009  0.009   29.724   29.686    0    0  (Gen:  0)
537561984  16724528 650158456  0.038  0.038   30.159   30.080    0    0  (Gen:  0)
520551752  16724488 652226024  0.025  0.025   30.345   30.267    0    0  (Gen:  0)
527441592  16725232 655215352  0.010  0.010   30.532   30.449    0    0  (Gen:  0)
535571096  16724648 669423040  0.036  0.036   30.943   30.814    0    0  (Gen:  0)
520578320  16724528 671293552  0.025  0.025   31.130   31.001    0    0  (Gen:  0)
538429080  16725304 675458568  0.013  0.013   31.356   31.234    0    0  (Gen:  0)
525928560  16342480 688550376  0.035  0.035   31.727   31.550    0    0  (Gen:  0)
520483544  15582216 690613016  0.024  0.024   31.913   31.736    0    0  (Gen:  0)
541496776  15583016 694999832  0.014  0.014   32.159   31.992    0    0  (Gen:  0)
523133488  16509016 707934784  0.035  0.035   32.515   32.287    0    0  (Gen:  0)
520345056  16113952 710606776  0.026  0.026   32.701   32.475    0    0  (Gen:  0)
544456328  16114752 714871368  0.015  0.015   32.972   32.746    0    0  (Gen:  0)
525399656  16621864 727178072  0.035  0.035   33.306   33.032    0    0  (Gen:  0)
520382624  16165512 729995552  0.026  0.026   33.492   33.219    0    0  (Gen:  0)
541176472 622267864 661069296  1.168  1.341   34.977   34.843    0    0  (Gen:  1)
528166448  16510664 672529984  0.034  0.034   35.245   35.099    0    0  (Gen:  0)
520490008  15002816 675112048  0.026  0.026   35.432   35.286    0    0  (Gen:  0)
541695224  12253304 686060032  0.027  0.027   35.800   35.612    0    0  (Gen:  0)
525833016  12255064 691652904  0.032  0.032   36.048   35.854    0    0  (Gen:  0)
520521728  12252616 694043304  0.017  0.017   36.225   36.031    0    0  (Gen:  0)
541919232  12253408 706398520  0.034  0.034   36.630   36.390    0    0  (Gen:  0)
527103048  12253608 710854928  0.030  0.030   36.848   36.607    0    0  (Gen:  0)
520482496  12252704 713089024  0.016  0.016   37.020   36.779    0    0  (Gen:  0)
541479416  12253496 725806648  0.035  0.035   37.448   37.160    0    0  (Gen:  0)
520572200  12254952 729926488  0.028  0.028   37.645   37.356    0    0  (Gen:  0)
520509136  12252808 732413848  0.012  0.012   37.813   37.525    0    0  (Gen:  0)
543796960  12253616 747915360  0.040  0.041   38.260   37.924    0    0  (Gen:  0)
520684136  12253264 749406360  0.026  0.026   38.446   38.110    0    0  (Gen:  0)
520538752  12252912 752204680  0.009  0.009   38.606   38.270    0    0  (Gen:  0)
540876488  12253720 767353096  0.040  0.040   39.055   38.672    0    0  (Gen:  0)
520688232  12253240 768879248  0.027  0.027   39.240   38.858    0    0  (Gen:  0)
520552560  12252992 772099000  0.009  0.009   39.401   39.020    0    0  (Gen:  0)
536225008  12253808 786655184  0.040  0.040   39.849   39.420    0    0  (Gen:  0)
520666856  12253312 788121648  0.026  0.026   40.035   39.606    0    0  (Gen:  0)
520562784  12253096 791639832  0.010  0.010   40.195   39.767    0    0  (Gen:  0)
537433096  12253920 805930808  0.040  0.040   40.644   40.166    0    0  (Gen:  0)
520615888  12253408 807424320  0.027  0.027   40.829   40.352    0    0  (Gen:  0)
520601200  12253200 810815352  0.009  0.009   40.988   40.512    0    0  (Gen:  0)
536691952  16767384 825112408  0.040  0.040   41.435   40.910    0    0  (Gen:  0)
520649848  17421280 826726048  0.027  0.027   41.621   41.096    0    0  (Gen:  0)
520563592   5152416 830109872  0.009  0.009   41.777   41.254    0    0  (Gen:  0)
536678168   5153232 844338120  0.040  0.040   42.227   41.655    0    0  (Gen:  0)
520714880   5152664 846102328  0.026  0.026   42.413   41.841    0    0  (Gen:  0)
520516080   5152456 849221320  0.009  0.009   42.571   42.000    0    0  (Gen:  0)
536682312   5153280 863585664  0.041  0.041   43.022   42.402    0    0  (Gen:  0)
520691440   5152736 865397088  0.027  0.027   43.208   42.589    0    0  (Gen:  0)
520539456   5152528 868486056  0.009  0.009   43.363   42.745    0    0  (Gen:  0)
536421424   5153352 882739328  0.040  0.040   43.813   43.146    0    0  (Gen:  0)
520670952   5152840 884582736  0.027  0.027   44.006   43.338    0    0  (Gen:  0)
520560392   5152664 887508944  0.008  0.008   44.164   43.497    0    0  (Gen:  0)
538148256  16575392 901869584  0.039  0.040   44.614   43.898    0    0  (Gen:  0)
520665056  17738792 903808952  0.027  0.028   44.801   44.086    0    0  (Gen:  0)
520569240   4884864 906673520  0.008  0.008   44.956   44.241    0    0  (Gen:  0)
536802432   4885688 921228144  0.040  0.040   45.407   44.645    0    0  (Gen:  0)
520663064   4885216 922933064  0.027  0.027   45.594   44.833    0    0  (Gen:  0)
520591888   4885008 925963632  0.008  0.008   45.748   44.987    0    0  (Gen:  0)
536416760   4885840 940331504  0.040  0.040   46.195   45.387    0    0  (Gen:  0)
520678744   4885352 942100592  0.026  0.026   46.385   45.577    0    0  (Gen:  0)
520657368   4885144 945201408  0.009  0.009   46.538   45.731    0    0  (Gen:  0)
538044832   4885960 959475408  0.040  0.040   46.988   46.132    0    0  (Gen:  0)
520628768   4885384 961378376  0.027  0.027   47.178   46.323    0    0  (Gen:  0)
520613320   4885176 964159472  0.008  0.008   47.330   46.475    0    0  (Gen:  0)
536412720  16612488 978718904  0.039  0.040   47.780   46.876    0    0  (Gen:  0)
520516096  17762176 980532768  0.027  0.027   47.971   47.067    0    0  (Gen:  0)
525399640   2890984 981773816  0.006  0.006   48.128   47.224    0    0  (Gen:  0)
539851536   2890448 997697224  0.039  0.039   48.573   47.621    0    0  (Gen:  0)
522039952   2890560 999699424  0.027  0.027   48.763   47.811    0    0  (Gen:  0)
521804424   4124664 1002139016  0.008  0.008   48.923   47.966    0    0  (Gen:  0)
536324536   4127184 1016955192  0.039  0.039   49.366   48.365    0    0  (Gen:  0)
520532312   4124232 1018887680  0.027  0.028   49.557   48.556    0    0  (Gen:  0)
523882048   4124800 1022472208  0.011  0.011   49.724   48.716    0    0  (Gen:  0)
537114096   4127304 1036065008  0.037  0.037   50.164   49.118    0    0  (Gen:  0)
520528184   4124072 1038205640  0.026  0.026   50.351   49.305    0    0  (Gen:  0)
529500688   4124832 1040672984  0.009  0.009   50.523   49.467    0    0  (Gen:  0)
535575048  16515496 1055586152  0.038  0.038   50.958   49.863    0    0  (Gen:  0)
520548328  16341048 1057440848  0.025  0.025   51.146   50.051    0    0  (Gen:  0)
537053616  16341824 1060984560  0.012  0.012   51.354   50.259    0    0  (Gen:  0)
537075424  16341224 1075000096  0.037  0.037   51.753   50.611    0    0  (Gen:  0)
520526064  16341152 1076906600  0.025  0.025   51.943   50.802    0    0  (Gen:  0)
539174720   6009872 1081299840  0.014  0.014   52.188   51.057    0    0  (Gen:  0)
522263128   6009272 1094205184  0.035  0.036   52.546   51.357    0    0  (Gen:  0)
520401480   6009216 1096413304  0.025  0.025   52.733   51.545    0    0  (Gen:  0)
538120880   6089112 1100613728  0.015  0.015   52.985   51.806    0    0  (Gen:  0)
522680128   6088480 1113496928  0.036  0.036   53.340   52.114    0    0  (Gen:  0)
520421408   6088392 1116084176  0.026  0.026   53.528   52.302    0    0  (Gen:  0)
538418776   6089168 1120448944  0.017  0.017   53.806   52.579    0    0  (Gen:  0)
529160600   6088544 1132714920  0.036  0.036   54.140   52.867    0    0  (Gen:  0)
520442816   6088424 1135333936  0.025  0.025   54.329   53.057    0    0  (Gen:  0)
541670520   6089216 1142775880  0.021  0.021   54.677   53.370    0    0  (Gen:  0)
525681816   6093552 1151692008  0.033  0.034   54.943   53.624    0    0  (Gen:  0)
520497984   6088464 1154301576  0.020  0.020   55.123   53.804    0    0  (Gen:  0)
539914664   6089256 1164574848  0.027  0.027   55.503   54.139    0    0  (Gen:  0)
527721056   6090376 1170684928  0.030  0.030   55.748   54.383    0    0  (Gen:  0)
520521808   6088560 1173109184  0.017  0.017   55.934   54.572    0    0  (Gen:  0)
541649720   6089344 1185690064  0.037  0.037   56.355   54.947    0    0  (Gen:  0)
521391224   6089248 1189644912  0.029  0.029   56.567   55.158    0    0  (Gen:  0)
520486616   6088688 1191878608  0.015  0.015   56.738   55.329    0    0  (Gen:  0)
541772536   6089480 1204434216  0.034  0.034   57.164   55.708    0    0  (Gen:  0)
520763368   6090672 1209020672  0.028  0.028   57.362   55.905    0    0  (Gen:  0)
520505144   6088736 1211462664  0.012  0.012   57.527   56.071    0    0  (Gen:  0)
536296696  16916728 1226863304  0.040  0.040   57.973   56.467    0    0  (Gen:  0)
523299664  16916728 1228363288  0.026  0.027   58.163   56.657    0    0  (Gen:  0)
520527976  16916088 1231296360  0.009  0.009   58.326   56.820    0    0  (Gen:  0)
543313624  16916848 1246095880  0.040  0.040   58.775   57.220    0    0  (Gen:  0)
520667320  16916400 1247747160  0.026  0.026   58.962   57.409    0    0  (Gen:  0)
520548408  16916152 1250962552  0.009  0.009   59.127   57.574    0    0  (Gen:  0)
540668072  16916960 1265405000  0.041  0.041   59.579   57.977    0    0  (Gen:  0)
520613776  16916464 1267054864  0.026  0.026   59.765   58.163    0    0  (Gen:  0)
520581968  16916256 1270388976  0.009  0.009   59.924   58.322    0    0  (Gen:  0)
536549720  16917080 1284623472  0.040  0.040   60.375   58.723    0    0  (Gen:  0)
520650440  16916568 1286277384  0.027  0.027   60.565   58.913    0    0  (Gen:  0)
520532464  16916360 1289680464  0.009  0.009   60.727   59.077    0    0  (Gen:  0)
537604328  16917176 1303954888  0.042  0.042   61.180   59.480    0    0  (Gen:  0)
520694376  16916600 1305565512  0.027  0.027   61.368   59.669    0    0  (Gen:  0)
520567832  16916392 1308949616  0.009  0.009   61.530   59.832    0    0  (Gen:  0)
537629008  16913904 1198595832  2.237  2.556   64.179   62.750    0    0  (Gen:  1)
520715040  16913432 1200462576  0.027  0.028   64.368   62.939    0    0  (Gen:  0)
520578056  16913256 1203471960  0.009  0.009   64.531   63.102    0    0  (Gen:  0)
539617360  16573168 1217705504  0.041  0.041   64.982   63.504    0    0  (Gen:  0)
520692512  17638472 1219659960  0.029  0.029   65.178   63.701    0    0  (Gen:  0)
520550544   4938488 1222630760  0.009  0.009   65.337   63.860    0    0  (Gen:  0)
542661264   4939296 1236971184  0.041  0.041   65.788   64.262    0    0  (Gen:  0)
520665512   4938736 1238920824  0.029  0.029   65.983   64.459    0    0  (Gen:  0)
520569648   4938528 1241759880  0.009  0.009   66.142   64.618    0    0  (Gen:  0)
537100960  16630008 1256231144  0.041  0.041   66.596   65.023    0    0  (Gen:  0)
520668008  17715544 1258079784  0.028  0.028   66.791   65.218    0    0  (Gen:  0)
520590544   4924312 1261000720  0.009  0.009   66.949   65.376    0    0  (Gen:  0)
543271928   4925136 1275382608  0.041  0.041   67.402   65.781    0    0  (Gen:  0)
520661464   4924592 1277360136  0.028  0.028   67.594   65.973    0    0  (Gen:  0)
520645488   4924384 1280281448  0.009  0.009   67.752   66.132    0    0  (Gen:  0)
536779272   4925200 1294637856  0.041  0.041   68.203   66.533    0    0  (Gen:  0)
520640272   4924656 1296580984  0.028  0.028   68.397   66.727    0    0  (Gen:  0)
520682520   4924448 1299365552  0.008  0.008   68.551   66.882    0    0  (Gen:  0)
538552296  16468928 1313703080  0.040  0.040   69.006   67.286    0    0  (Gen:  0)
524641808  16468392 1315663640  0.028  0.028   69.201   67.482    0    0  (Gen:  0)
526967024   3171096 1317170560  0.006  0.006   69.363   67.643    0    0  (Gen:  0)
536111344  16392496 1332901912  0.039  0.040   69.805   68.038    0    0  (Gen:  0)
520532088  17314240 1334780440  0.027  0.028   69.998   68.232    0    0  (Gen:  0)
523475712  17314776 1337438848  0.009  0.009   70.164   68.392    0    0  (Gen:  0)
539365024  17318048 1352218584  0.039  0.039   70.603   68.788    0    0  (Gen:  0)
520524560  17314344 1354132424  0.028  0.028   70.795   68.980    0    0  (Gen:  0)
525884728  17314920 1358274960  0.013  0.013   70.968   69.144    0    0  (Gen:  0)
537696648  17317416 1371455592  0.038  0.038   71.407   69.544    0    0  (Gen:  0)
520533560  17314192 1373462008  0.025  0.025   71.597   69.735    0    0  (Gen:  0)
532051768  17314944 1376281944  0.011  0.011   71.780   69.911    0    0  (Gen:  0)
533037016  17314384 1390749352  0.038  0.038   72.208   70.297    0    0  (Gen:  0)
520547952  17314312 1392705328  0.025  0.025   72.399   70.489    0    0  (Gen:  0)
537788280   5486712 1396426672  0.012  0.012   72.617   70.708    0    0  (Gen:  0)
530330976  16422928 1409967576  0.036  0.036   73.007   71.049    0    0  (Gen:  0)
520543792  15672152 1411898904  0.024  0.024   73.198   71.240    0    0  (Gen:  0)
544151488  15672904 1416251024  0.014  0.014   73.447   71.499    0    0  (Gen:  0)
522794808  15672248 1429192640  0.035  0.035   73.805   71.800    0    0  (Gen:  0)
520404384  15672176 1431745760  0.026  0.026   73.996   71.992    0    0  (Gen:  0)
539230768   6004232 1435715640  0.015  0.015   74.252   72.254    0    0  (Gen:  0)
523172272   6003592 1448558192  0.036  0.036   74.599   72.550    0    0  (Gen:  0)
520415880   6003496 1451359752  0.026  0.026   74.791   72.742    0    0  (Gen:  0)
540379000   6004288 1455671096  0.016  0.017   75.093   73.029    0    0  (Gen:  0)
524192008   6003696 1467802240  0.035  0.035   75.403   73.312    0    0  (Gen:  0)
520458184   6003576 1470458176  0.025  0.025   75.591   73.500    0    0  (Gen:  0)
538313760   6004376 1478795216  0.023  0.023   75.941   73.815    0    0  (Gen:  0)
527250032   6012384 1486658072  0.033  0.033   76.207   74.069    0    0  (Gen:  0)
520498272   6003624 1489412368  0.019  0.019   76.389   74.251    0    0  (Gen:  0)
539449640  12274120 1499953456  0.029  0.029   76.766   74.580    0    0  (Gen:  0)
524992056  12274592 1505903224  0.030  0.030   77.010   74.823    0    0  (Gen:  0)
520520032  12273368 1508326256  0.016  0.016   77.186   74.998    0    0  (Gen:  0)
536725616  12274144 1520476880  0.034  0.034   77.592   75.357    0    0  (Gen:  0)
526249248  12273976 1524825280  0.029  0.030   77.813   75.577    0    0  (Gen:  0)
520478248  12273432 1527229360  0.016  0.016   77.987   75.752    0    0  (Gen:  0)
541259392  13748552 1539444584  0.034  0.034   78.417   76.134    0    0  (Gen:  0)
520632016  13749288 1544120024  0.028  0.028   78.617   76.334    0    0  (Gen:  0)
520501608  13747840 1546568000  0.013  0.013   78.789   76.506    0    0  (Gen:  0)
539603936  13748656 1561970560  0.041  0.041   79.237   76.905    0    0  (Gen:  0)
520674528  17150368 1563480840  0.026  0.026   79.424   77.092    0    0  (Gen:  0)
520537728   4516176 1566414408  0.009  0.009   79.590   77.259    0    0  (Gen:  0)
536523808  16853536 1581258448  0.041  0.041   80.038   77.658    0    0  (Gen:  0)
520684408  17179688 1582768552  0.025  0.025   80.225   77.845    0    0  (Gen:  0)
520545480   4736720 1585896504  0.009  0.009   80.388   78.009    0    0  (Gen:  0)
536157664  16907184 1600651000  0.040  0.041   80.835   78.406    0    0  (Gen:  0)
520668552  17418000 1602260984  0.026  0.027   81.024   78.595    0    0  (Gen:  0)
520566456   4974960 1605442032  0.009  0.009   81.188   78.760    0    0  (Gen:  0)
536798744  16912176 1619936520  0.041  0.041   81.637   79.161    0    0  (Gen:  0)
520616120  17420616 1621506960  0.027  0.027   81.824   79.349    0    0  (Gen:  0)
520587072   5182672 1624931504  0.009  0.009   81.987   79.512    0    0  (Gen:  0)
539981448   5183440 1639045016  0.040  0.040   82.436   79.913    0    0  (Gen:  0)
520606600   5182944 1640691104  0.026  0.026   82.624   80.101    0    0  (Gen:  0)
520612096   5182736 1644018208  0.010  0.010   82.786   80.263    0    0  (Gen:  0)
540791344   5183568 1658562136  0.041  0.041   83.236   80.663    0    0  (Gen:  0)
520707144   5183080 1660248160  0.026  0.026   83.425   80.854    0    0  (Gen:  0)
520508152   5182872 1663403832  0.009  0.009   83.586   81.014    0    0  (Gen:  0)
536365864   5183688 1677704256  0.041  0.041   84.037   81.416    0    0  (Gen:  0)
520698928   5183168 1679563216  0.027  0.027   84.228   81.608    0    0  (Gen:  0)
520543728   5182984 1682595064  0.009  0.010   84.388   81.768    0    0  (Gen:  0)
536589960  16625240 1696844872  0.041  0.041   84.846   82.178    0    0  (Gen:  0)
521257784  16624744 1698676656  0.027  0.027   85.038   82.370    0    0  (Gen:  0)
520608440  16624536 1701743536  0.009  0.009   85.197   82.529    0    0  (Gen:  0)
536645624  16578144 1716062168  0.040  0.040   85.650   82.932    0    0  (Gen:  0)
520672600  17727408 1718011040  0.027  0.027   85.842   83.125    0    0  (Gen:  0)
520568400   5047672 1721028520  0.009  0.009   86.001   83.284    0    0  (Gen:  0)
536809528  16650288 1735321680  0.041  0.041   86.454   83.689    0    0  (Gen:  0)
520647808  17748648 1737186016  0.027  0.027   86.647   83.882    0    0  (Gen:  0)
520580200   4936344 1740106384  0.009  0.009   86.804   84.040    0    0  (Gen:  0)
541462984  16596872 1754437544  0.040  0.040   87.258   84.445    0    0  (Gen:  0)
520645560  17613600 1756211952  0.026  0.026   87.450   84.637    0    0  (Gen:  0)
520597472   4789200 1759145472  0.008  0.008   87.606   84.794    0    0  (Gen:  0)
540940736   4790032 1773578312  0.041  0.041   88.064   85.202    0    0  (Gen:  0)
520608520   4789528 1775432816  0.028  0.029   88.259   85.397    0    0  (Gen:  0)
520672376   4789464 1778257568  0.008  0.008   88.415   85.554    0    0  (Gen:  0)
537430248   4790008 1792665248  0.040  0.040   88.866   85.958    0    0  (Gen:  0)
520526768   4789656 1794698704  0.027  0.027   89.059   86.150    0    0  (Gen:  0)
525365888   4790232 1795943416  0.006  0.006   89.220   86.311    0    0  (Gen:  0)
539450416   4791808 1811984656  0.040  0.040   89.668   86.712    0    0  (Gen:  0)
520501784   4789736 1813860048  0.027  0.027   89.861   86.904    0    0  (Gen:  0)
523712160   4790328 1816518032  0.009  0.009   90.030   87.069    0    0  (Gen:  0)
536258520   4792824 1831129144  0.039  0.040   90.470   87.467    0    0  (Gen:  0)
520524912   4789792 1833050920  0.027  0.027   90.662   87.660    0    0  (Gen:  0)
524980440   5594328 1836934112  0.012  0.012   90.834   87.822    0    0  (Gen:  0)
536345336   5596832 1850414936  0.039  0.039   91.274   88.222    0    0  (Gen:  0)
520599640   5593696 1852357648  0.026  0.026   91.464   88.413    0    0  (Gen:  0)
532536560   5594456 1854983288  0.010  0.010   91.643   88.584    0    0  (Gen:  0)
533130960   5593880 1869734560  0.038  0.038   92.075   88.975    0    0  (Gen:  0)
520552720   5593728 1871533560  0.025  0.025   92.266   89.167    0    0  (Gen:  0)
538055216   5594504 1875327000  0.012  0.012   92.484   89.385    0    0  (Gen:  0)
528948080   5593952 1888904120  0.037  0.037   92.879   89.731    0    0  (Gen:  0)
520551208   5593808 1890749008  0.024  0.024   93.071   89.923    0    0  (Gen:  0)
538153280   5594616 1895317736  0.014  0.014   93.315   90.176    0    0  (Gen:  0)
523804296  16564584 1908178136  0.036  0.036   93.680   90.484    0    0  (Gen:  0)
520389320  15781320 1910381400  0.025  0.025   93.872   90.676    0    0  (Gen:  0)
538849904  15782128 1914522568  0.015  0.015   94.125   90.939    0    0  (Gen:  0)
526043376  16681832 1927486496  0.037  0.037   94.484   91.244    0    0  (Gen:  0)
520420296  16321304 1930219976  0.026  0.026   94.677   91.436    0    0  (Gen:  0)
539606464  16322096 1934559920  0.017  0.017   94.964   91.718    0    0  (Gen:  0)
523157080  16729712 1946728744  0.036  0.036   95.290   92.005    0    0  (Gen:  0)
520459032  15879624 1949291824  0.025  0.025   95.480   92.196    0    0  (Gen:  0)
541752728  15880416 1955038936  0.019  0.019   95.825   92.505    0    0  (Gen:  0)
525642360  15884408 1965643616  0.033  0.033   96.096   92.764    0    0  (Gen:  0)
520438400  15879712 1968428440  0.024  0.024   96.282   92.951    0    0  (Gen:  0)
539731056  12340336 1979418224  0.028  0.028   96.654   93.281    0    0  (Gen:  0)
529154680  12341264 1984764352  0.031  0.031   96.910   93.530    0    0  (Gen:  0)
520524328  12339632 1987270624  0.016  0.016   97.088   93.708    0    0  (Gen:  0)
539576952  12340424 1999399888  0.035  0.035   97.495   94.068    0    0  (Gen:  0)
525555384  12340312 2003808120  0.029  0.029   97.716   94.288    0    0  (Gen:  0)
520486800  12339696 2006003352  0.015  0.015   97.891   94.463    0    0  (Gen:  0)
541597168  12340496 2018582736  0.035  0.035   98.316   94.839    0    0  (Gen:  0)
524526712  12340952 2023147752  0.027  0.027   98.519   95.041    0    0  (Gen:  0)
520523736  12339816 2025679936  0.013  0.013   98.692   95.214    0    0  (Gen:  0)
538006528  12340592 2040823736  0.041  0.041   99.140   95.614    0    0  (Gen:  0)
520689488  12340384 2042326480  0.025  0.025   99.329   95.803    0    0  (Gen:  0)
520539344  12339840 2045273376  0.009  0.009   99.494   95.969    0    0  (Gen:  0)
536475928  16873888 2060161752  0.041  0.041   99.945   96.369    0    0  (Gen:  0)
520677984  17208240 2061675720  0.026  0.026  100.132   96.558    0    0  (Gen:  0)
520552840   4576352 2064622952  0.009  0.009  100.298   96.723    0    0  (Gen:  0)
536580400   4577224 2079442352  0.041  0.041  100.750   97.125    0    0  (Gen:  0)
520657072   4576688 2081030760  0.026  0.026  100.940   97.315    0    0  (Gen:  0)
520563352   4576440 2084231000  0.009  0.009  101.106   97.481    0    0  (Gen:  0)
538671360  16732488 2098625272  0.041  0.041  101.559   97.886    0    0  (Gen:  0)
520614952  17455584 2100384112  0.026  0.026  101.747   98.075    0    0  (Gen:  0)
520590528   5039128 2103633088  0.009  0.009  101.911   98.240    0    0  (Gen:  0)
540333016   5039936 2118061536  0.041  0.041  102.364   98.643    0    0  (Gen:  0)
523914176   5039416 2119625832  0.026  0.026  102.555   98.834    0    0  (Gen:  0)
520553744   5039208 2123007408  0.009  0.009  102.718   98.998    0    0  (Gen:  0)
536400096   5040024 2137155448  0.042  0.042  103.175   99.405    0    0  (Gen:  0)
520709896   5039464 2138963000  0.027  0.027  103.365   99.596    0    0  (Gen:  0)
520519408   5039280 2142029728  0.009  0.009  103.526   99.758    0    0  (Gen:  0)
538395016   5040072 2156311936  0.041  0.041  103.978  100.159    0    0  (Gen:  0)
520688680   5039544 2158290528  0.028  0.028  104.170  100.352    0    0  (Gen:  0)
520538256   5039336 2161209728  0.009  0.009  104.329  100.511    0    0  (Gen:  0)
536518856   5040152 2175590248  0.041  0.041  104.781  100.913    0    0  (Gen:  0)
520671312   5039648 2177589856  0.028  0.028  104.973  101.105    0    0  (Gen:  0)
520562672   5039440 2180556104  0.009  0.009  105.134  101.266    0    0  (Gen:  0)
536933416   5040256 2194857984  0.041  0.041  105.590  101.674    0    0  (Gen:  0)
520662240   5039728 2196796136  0.027  0.027  105.783  101.867    0    0  (Gen:  0)
520637520   5039520 2199844200  0.009  0.009  105.943  102.027    0    0  (Gen:  0)
536520184   5040336 2214147056  0.042  0.042  106.400  102.434    0    0  (Gen:  0)
520660504   5039848 2216085320  0.028  0.028  106.593  102.628    0    0  (Gen:  0)
520642800   5039640 2218881456  0.008  0.008  106.750  102.785    0    0  (Gen:  0)
536382984  16530392 2233210848  0.040  0.041  107.204  103.191    0    0  (Gen:  0)
520651776  17754576 2235174032  0.027  0.027  107.400  103.387    0    0  (Gen:  0)
520652632   4911000 2238086680  0.008  0.009  107.558  103.545    0    0  (Gen:  0)
538227840   4911816 2252434896  0.041  0.041  108.015  103.954    0    0  (Gen:  0)
520645976   4911312 2254340808  0.029  0.029  108.209  104.149    0    0  (Gen:  0)
520686528   4911104 2257109176  0.009  0.009  108.365  104.305    0    0  (Gen:  0)
541691584  16484632 2271578960  0.041  0.041  108.825  104.715    0    0  (Gen:  0)
521619464  16484136 2273473568  0.028  0.028  109.020  104.911    0    0  (Gen:  0)
525216264   3112920 2274967816  0.006  0.006  109.181  105.070    0    0  (Gen:  0)
535866752   3115416 2290800400  0.040  0.040  109.627  105.467    0    0  (Gen:  0)
520512376   3112480 2292674552  0.027  0.027  109.822  105.662    0    0  (Gen:  0)
524683272   3113048 2295403184  0.009  0.009  109.989  105.824    0    0  (Gen:  0)
540251704   3116952 2309955872  0.039  0.039  110.435  106.225    0    0  (Gen:  0)
520514560   3112624 2311869168  0.026  0.026  110.631  106.421    0    0  (Gen:  0)
525423176   3113192 2316191168  0.013  0.013  110.807  106.587    0    0  (Gen:  0)
540873928   3115680 2329360688  0.039  0.039  111.248  106.999    0    0  (Gen:  0)
520547608   3112472 2331265792  0.025  0.025  111.440  107.191    0    0  (Gen:  0)
528599856   3113240 2334030416  0.010  0.010  111.625  107.369    0    0  (Gen:  0)
533027736   3112640 2348520208  0.038  0.038  112.053  107.755    0    0  (Gen:  0)
520611080   3112488 2350487960  0.025  0.026  112.246  107.949    0    0  (Gen:  0)
538356240   3113272 2354269744  0.013  0.013  112.470  108.174    0    0  (Gen:  0)
528286448   3112680 2367668792  0.036  0.036  112.862  108.525    0    0  (Gen:  0)
520541504   3112592 2369755200  0.025  0.025  113.058  108.721    0    0  (Gen:  0)
542773536   3108032 2148828592  4.009  4.602  117.303  113.568    0    0  (Gen:  1)
522971448  16494640 2161761224  0.037  0.037  117.660  113.869    0    0  (Gen:  0)
520394928  15837296 2164191216  0.027  0.027  117.857  114.067    0    0  (Gen:  0)
539049584   6150776 2168311048  0.015  0.015  118.115  114.333    0    0  (Gen:  0)
523779048   6150128 2181169680  0.038  0.038  118.471  114.643    0    0  (Gen:  0)
520419704   6150072 2183778504  0.027  0.027  118.670  114.842    0    0  (Gen:  0)
540785816   6150840 2188230696  0.018  0.018  118.976  115.133    0    0  (Gen:  0)
525420280  16739656 2200465680  0.036  0.036  119.293  115.417    0    0  (Gen:  0)
520454944  15800968 2203123504  0.027  0.027  119.489  115.614    0    0  (Gen:  0)
537351208  15801752 2210873816  0.023  0.023  119.846  115.936    0    0  (Gen:  0)
522868168  15806432 2219289968  0.034  0.034  120.116  116.195    0    0  (Gen:  0)
520490600  15801080 2221904328  0.020  0.020  120.305  116.384    0    0  (Gen:  0)
542171088  15801872 2232244096  0.029  0.029  120.689  116.720    0    0  (Gen:  0)
526038544  15804464 2238343216  0.031  0.031  120.939  116.970    0    0  (Gen:  0)
520523856  15801120 2240850912  0.017  0.017  121.120  117.151    0    0  (Gen:  0)
544198992  14267008 2253538400  0.036  0.036  121.540  117.523    0    0  (Gen:  0)
524439576  14267272 2257481688  0.031  0.031  121.760  117.742    0    0  (Gen:  0)
520492424  14266320 2259810336  0.015  0.016  121.936  117.919    0    0  (Gen:  0)
540497712  14267088 2272748240  0.037  0.037  122.372  118.307    0    0  (Gen:  0)
520564016  14268432 2276825896  0.028  0.029  122.580  118.515    0    0  (Gen:  0)
520519296  14266384 2279119760  0.012  0.012  122.751  118.685    0    0  (Gen:  0)
538291608  14267168 2294550368  0.041  0.041  123.202  119.089    0    0  (Gen:  0)
520681376  14266992 2296058304  0.026  0.026  123.394  119.283    0    0  (Gen:  0)
520539312  14266520 2298990240  0.009  0.009  123.563  119.452    0    0  (Gen:  0)
537344808  14267272 2313846784  0.041  0.041  124.017  119.857    0    0  (Gen:  0)
520677112  14266816 2315537416  0.027  0.027  124.211  120.051    0    0  (Gen:  0)
520550072  14266568 2318490160  0.009  0.009  124.378  120.219    0    0  (Gen:  0)
539609720  14267384 2333217488  0.042  0.042  124.831  120.622    0    0  (Gen:  0)
520674288  14266896 2334823312  0.027  0.027  125.024  120.815    0    0  (Gen:  0)
520572344  14266648 2338044024  0.010  0.010  125.190  120.982    0    0  (Gen:  0)
543332120  16784792 2352389040  0.041  0.041  125.650  121.393    0    0  (Gen:  0)
520673960  17439384 2354078928  0.027  0.027  125.844  121.587    0    0  (Gen:  0)
520536408   5164368 2357438384  0.010  0.010  126.010  121.753    0    0  (Gen:  0)
536248288   5165184 2371632248  0.042  0.042  126.466  122.159    0    0  (Gen:  0)
520660688   5164640 2373437856  0.027  0.027  126.659  122.352    0    0  (Gen:  0)
520564312   5164432 2376634024  0.009  0.009  126.824  122.518    0    0  (Gen:  0)
541071880  16672624 2390877952  0.042  0.042  127.284  122.928    0    0  (Gen:  0)
520705072  17461472 2392642120  0.027  0.027  127.478  123.123    0    0  (Gen:  0)
520528696   5126312 2395953968  0.009  0.009  127.642  123.287    0    0  (Gen:  0)
537531768   5127120 2410217680  0.041  0.042  128.101  123.695    0    0  (Gen:  0)
520690584   5126600 2411978824  0.027  0.027  128.295  123.890    0    0  (Gen:  0)
520606424   5126392 2415130720  0.009  0.009  128.459  124.054    0    0  (Gen:  0)
536406424   5127200 2429395016  0.041  0.041  128.916  124.460    0    0  (Gen:  0)
520669184   5126640 2431358032  0.029  0.029  129.112  124.656    0    0  (Gen:  0)
520573864   5126432 2434353272  0.009  0.009  129.273  124.818    0    0  (Gen:  0)
536349920  16617248 2448595896  0.041  0.041  129.729  125.224    0    0  (Gen:  0)
520660576  17596008 2450344928  0.027  0.027  129.924  125.419    0    0  (Gen:  0)
520636960   4969200 2453413320  0.009  0.009  130.086  125.581    0    0  (Gen:  0)
536891504   4970008 2467798376  0.042  0.042  130.545  125.992    0    0  (Gen:  0)
520659680   4969472 2469572976  0.027  0.027  130.738  126.185    0    0  (Gen:  0)
520651912   4969264 2472618840  0.009  0.009  130.897  126.344    0    0  (Gen:  0)
539732224  16547672 2486880120  0.041  0.041  131.355  126.754    0    0  (Gen:  0)
520650928  17801512 2488866848  0.028  0.028  131.550  126.949    0    0  (Gen:  0)
520670864   4923344 2491778744  0.009  0.009  131.710  127.109    0    0  (Gen:  0)
540063848   4924152 2506183272  0.041  0.041  132.174  127.524    0    0  (Gen:  0)
520493520   4923600 2507984760  0.028  0.028  132.370  127.720    0    0  (Gen:  0)
520689456   4923792 2509486128  0.006  0.006  132.526  127.876    0    0  (Gen:  0)
541836352   4923816 2525172832  0.040  0.040  132.984  128.287    0    0  (Gen:  0)
520515560   4923648 2527207192  0.028  0.028  133.183  128.486    0    0  (Gen:  0)
524992432   4924216 2528961056  0.007  0.007  133.348  128.649    0    0  (Gen:  0)
536675912   4926680 2544456568  0.040  0.040  133.797  129.050    0    0  (Gen:  0)
520532264   4923768 2546377256  0.027  0.027  133.991  129.244    0    0  (Gen:  0)
526089720   4924328 2549501680  0.010  0.010  134.163  129.410    0    0  (Gen:  0)
540194152   4926824 2563772720  0.040  0.040  134.609  129.815    0    0  (Gen:  0)
520519208   4923848 2565730976  0.027  0.027  134.803  130.011    0    0  (Gen:  0)
527906472   4924456 2568314664  0.009  0.009  134.978  130.175    0    0  (Gen:  0)
538894736   4923832 2583061608  0.039  0.039  135.423  130.582    0    0  (Gen:  0)
520609144   4923680 2584922952  0.025  0.025  135.617  130.775    0    0  (Gen:  0)
533214480   4924464 2588211304  0.012  0.012  135.820  130.975    0    0  (Gen:  0)
531262832   4923872 2602194088  0.038  0.038  136.234  131.344    0    0  (Gen:  0)
520644128   4923800 2604267064  0.026  0.026  136.428  131.540    0    0  (Gen:  0)
538733368   4924600 2608377280  0.014  0.014  136.665  131.782    0    0  (Gen:  0)
525519440  16395168 2621433976  0.037  0.037  137.045  132.111    0    0  (Gen:  0)
520477384  15568968 2623467392  0.025  0.025  137.238  132.305    0    0  (Gen:  0)
539137808   5964736 2627789936  0.015  0.015  137.492  132.568    0    0  (Gen:  0)
529109272   5964112 2640860064  0.036  0.036  137.855  132.876    0    0  (Gen:  0)
520405352   5964080 2643442960  0.026  0.026  138.050  133.072    0    0  (Gen:  0)
536459336   5964848 2646901920  0.014  0.015  138.326  133.349    0    0  (Gen:  0)
522992136   5964200 2660117472  0.036  0.036  138.668  133.644    0    0  (Gen:  0)
520435360   5964144 2662775984  0.025  0.025  138.860  133.837    0    0  (Gen:  0)
539978800   5964968 2667359688  0.018  0.018  139.179  134.134    0    0  (Gen:  0)
522380328   5964328 2679131760  0.034  0.034  139.478  134.408    0    0  (Gen:  0)
520471360   5964304 2681815504  0.025  0.025  139.669  134.600    0    0  (Gen:  0)
538389320   5965056 2689943280  0.024  0.024  140.025  134.921    1    0  (Gen:  0)
528540480   5972072 2698102408  0.032  0.032  140.296  135.181    0    0  (Gen:  0)
520430144   5964328 2700723312  0.019  0.019  140.479  135.365    0    0  (Gen:  0)
545786136  12937328 2711986272  0.031  0.031  140.880  135.718    0    0  (Gen:  0)
524733568  12937304 2717288888  0.030  0.030  141.116  135.953    0    0  (Gen:  0)
520541688  12936656 2719730696  0.016  0.016  141.294  136.131    0    0  (Gen:  0)
542264336  14852424 2732996056  0.039  0.039  141.724  136.513    0    0  (Gen:  0)
522370312  14853112 2736357672  0.029  0.029  141.933  136.721    0    0  (Gen:  0)
520499080  14851808 2738816528  0.013  0.013  142.106  136.894    0    0  (Gen:  0)
541594328  14852576 2754499000  0.041  0.041  142.556  137.294    0    0  (Gen:  0)
521344976  14854432 2755787752  0.028  0.028  142.753  137.492    0    0  (Gen:  0)
520525808  14851848 2758418720  0.009  0.009  142.920  137.659    0    0  (Gen:  0)
536972352  14852664 2773619920  0.042  0.042  143.373  138.063    0    0  (Gen:  0)
520683120  17302328 2775160672  0.026  0.026  143.564  138.255    0    0  (Gen:  0)
520536296   4719976 2778187680  0.009  0.009  143.732  138.423    0    0  (Gen:  0)
542317424   4720768 2792874448  0.041  0.041  144.187  138.828    0    0  (Gen:  0)
520723096  17243832 2794340328  0.026  0.026  144.378  139.020    0    0  (Gen:  0)
520570592   4965056 2797675688  0.010  0.010  144.545  139.187    0    0  (Gen:  0)
536717240   4965864 2812040240  0.041  0.041  145.000  139.591    0    0  (Gen:  0)
521182728  17381632 2813716544  0.026  0.026  145.191  139.783    0    0  (Gen:  0)
520581120   5142176 2817139416  0.010  0.010  145.357  139.948    0    0  (Gen:  0)
540176808  16742120 2831378648  0.041  0.042  145.813  140.355    0    0  (Gen:  0)
520662128  17407624 2833024152  0.027  0.027  146.006  140.548    0    0  (Gen:  0)
520556200   5024496 2836347664  0.010  0.010  146.172  140.715    0    0  (Gen:  0)
540597584   5025304 2850620560  0.041  0.042  146.633  141.126    0    0  (Gen:  0)
520708128   5024760 2852302768  0.027  0.027  146.824  141.318    0    0  (Gen:  0)
520509784   5024552 2855628912  0.010  0.010  146.990  141.484    0    0  (Gen:  0)
537032120  16691088 2869822768  0.041  0.041  147.444  141.890    0    0  (Gen:  0)
524366784  16690544 2871681240  0.026  0.026  147.644  142.090    0    0  (Gen:  0)
520532408  16690336 2874764992  0.009  0.009  147.806  142.252    0    0  (Gen:  0)
539916264  16592600 2888995032  0.041  0.041  148.264  142.660    0    0  (Gen:  0)
520651800  17754720 2890980128  0.027  0.027  148.459  142.855    0    0  (Gen:  0)
520567736   5016024 2893957856  0.009  0.009  148.621  143.018    0    0  (Gen:  0)
536692288  16525344 2908163496  0.041  0.042  149.078  143.427    0    0  (Gen:  0)
520661912  17684192 2910095528  0.028  0.028  149.275  143.624    0    0  (Gen:  0)
520633752   5039584 2913150744  0.009  0.009  149.438  143.786    0    0  (Gen:  0)
539978968  16513848 2927317336  0.042  0.042  149.896  144.195    0    0  (Gen:  0)
520662576  17729232 2929291096  0.027  0.027  150.091  144.389    0    0  (Gen:  0)
520642744   4831016 2932148408  0.008  0.008  150.251  144.550    0    0  (Gen:  0)
539385656  16670384 2946634144  0.042  0.042  150.713  144.963    0    0  (Gen:  0)
524316280  16669856 2948548344  0.028  0.028  150.911  145.162    0    0  (Gen:  0)
520669448  16669648 2951407832  0.008  0.008  151.068  145.319    0    0  (Gen:  0)
540527664  16670464 2965783360  0.042  0.042  151.530  145.730    0    0  (Gen:  0)
520523144  16669904 2967599008  0.028  0.028  151.724  145.925    0    0  (Gen:  0)
524038904  16670456 2969313040  0.006  0.006  151.887  146.089    0    0  (Gen:  0)
536745416  16497368 2985049120  0.040  0.040  152.339  146.490    0    0  (Gen:  0)
520820912  16497488 2986960792  0.028  0.028  152.536  146.687    0    0  (Gen:  0)
525739112  16498064 2989046640  0.008  0.008  152.703  146.851    0    0  (Gen:  0)
539245592  16501288 3004200728  0.040  0.040  153.152  147.254    0    0  (Gen:  0)
520531856  16497616 3006126752  0.028  0.028  153.349  147.451    0    0  (Gen:  0)
524444800   5199120 3009596272  0.012  0.012  153.522  147.616    0    0  (Gen:  0)
538021040   5201656 3023361672  0.039  0.039  153.966  148.020    0    0  (Gen:  0)
520520272   5198496 3025333112  0.026  0.026  154.162  148.216    0    0  (Gen:  0)
521864768   4407528 3027979944  0.010  0.010  154.335  148.379    0    0  (Gen:  0)
537838464  16336016 3042490824  0.038  0.038  154.779  148.785    0    0  (Gen:  0)
520563464  16335864 3044526072  0.025  0.025  154.972  148.978    0    0  (Gen:  0)
533864592   5025136 3047781336  0.011  0.011  155.173  149.176    0    0  (Gen:  0)
538417392   5024520 3062054744  0.038  0.038  155.593  149.551    0    0  (Gen:  0)
520529248   5024488 3064064320  0.025  0.025  155.790  149.748    0    0  (Gen:  0)
542222856   5025280 3068413056  0.015  0.015  156.037  150.004    0    0  (Gen:  0)
528055416   5024704 3081283712  0.036  0.036  156.411  150.321    0    0  (Gen:  0)
520392976   5024648 3083474984  0.025  0.025  156.607  150.517    0    0  (Gen:  0)
539567200   5025440 3087775352  0.015  0.015  156.865  150.784    0    0  (Gen:  0)
526491592   5024808 3100677024  0.037  0.037  157.226  151.089    0    0  (Gen:  0)
520427896   5024688 3103411064  0.026  0.026  157.422  151.285    0    0  (Gen:  0)
542899512   6489048 3107685920  0.017  0.017  157.724  151.574    0    0  (Gen:  0)
522390472  16693688 3119922680  0.036  0.036  158.043  151.862    0    0  (Gen:  0)
520465872  15760648 3122540296  0.026  0.026  158.236  152.055    0    0  (Gen:  0)
541470312   9603408 3130260496  0.023  0.023  158.591  152.374    0    0  (Gen:  0)
525136808   9607864 3138872240  0.034  0.034  158.862  152.633    0    0  (Gen:  0)
520504904   9602736 3141503760  0.020  0.020  159.048  152.819    0    0  (Gen:  0)
537677264   9603536 3151630632  0.028  0.028  159.426  153.149    1    0  (Gen:  0)
524662648   9606864 3157769256  0.030  0.030  159.676  153.398    0    0  (Gen:  0)
520520424   9602808 3160332728  0.016  0.016  159.856  153.578    0    0  (Gen:  0)
538885272   9603592 3172300192  0.033  0.034  160.262  153.937    0    0  (Gen:  0)
523740392  16870808 3177020648  0.030  0.030  160.492  154.166    0    0  (Gen:  0)
520484752   8782088 3179250656  0.015  0.015  160.671  154.345    0    0  (Gen:  0)
546503096   8782888 3191897232  0.036  0.036  161.107  154.732    0    0  (Gen:  0)
521371128  16988856 3196112080  0.028  0.028  161.314  154.938    0    0  (Gen:  0)
520510592   7334584 3198544088  0.012  0.012  161.487  155.111    0    0  (Gen:  0)
544132824   7335440 3214013168  0.042  0.042  161.947  155.522    0    0  (Gen:  0)
520682120   7335088 3215517472  0.026  0.026  162.137  155.712    0    0  (Gen:  0)
520529152   7334720 3218453552  0.009  0.009  162.305  155.881    0    0  (Gen:  0)
540928232   7335536 3233359256  0.042  0.042  162.761  156.287    0    0  (Gen:  0)
520671488   7335088 3234824120  0.026  0.027  162.954  156.480    0    0  (Gen:  0)
520560960   7334840 3238037560  0.010  0.010  163.121  156.647    0    0  (Gen:  0)
538512040   7335664 3252608144  0.042  0.042  163.575  157.052    0    0  (Gen:  0)
520755912   7335168 3254285664  0.026  0.027  163.768  157.245    0    0  (Gen:  0)
520576984   7334952 3257601560  0.009  0.009  163.937  157.414    0    0  (Gen:  0)
536342840   7335776 3271876352  0.042  0.042  164.393  157.820    0    0  (Gen:  0)
520670880   7335272 3273531872  0.026  0.026  164.587  158.014    0    0  (Gen:  0)
520525920   7335064 3276877464  0.009  0.009  164.752  158.180    0    0  (Gen:  0)
538048328   7335880 3291150480  0.041  0.042  165.212  158.590    0    0  (Gen:  0)
520639152   7335440 3292950904  0.027  0.027  165.409  158.788    0    0  (Gen:  0)
520547704   7335232 3296129808  0.010  0.010  165.575  158.954    0    0  (Gen:  0)
537138896   7336056 3310559248  0.042  0.042  166.032  159.363    0    0  (Gen:  0)
523609704  17450136 3312158672  0.026  0.026  166.226  159.558    0    0  (Gen:  0)
520513488   5139368 3315499160  0.009  0.009  166.391  159.723    0    0  (Gen:  0)
537294896   5140168 3329830816  0.041  0.041  166.847  160.129    0    0  (Gen:  0)
520694488   5139680 3331616112  0.028  0.028  167.043  160.325    0    0  (Gen:  0)
520598280   5139472 3334722784  0.009  0.009  167.206  160.489    0    0  (Gen:  0)
537713784  16722552 3349079312  0.042  0.042  167.665  160.898    0    0  (Gen:  0)
520652616  17700304 3350876016  0.027  0.027  167.862  161.096    0    0  (Gen:  0)
520615056   4937696 3353847120  0.009  0.009  168.027  161.262    0    0  (Gen:  0)
540266176   4938512 3368211152  0.041  0.042  168.487  161.672    0    0  (Gen:  0)
520671160   4937960 3370157864  0.027  0.028  168.682  161.868    0    0  (Gen:  0)
520634528   4937752 3373035088  0.009  0.009  168.846  162.032    0    0  (Gen:  0)
536968016   4938576 3387450104  0.041  0.042  169.308  162.445    0    0  (Gen:  0)
520660672   4938096 3389422024  0.028  0.028  169.503  162.640    0    0  (Gen:  0)
520641728   4937888 3392281320  0.009  0.009  169.666  162.804    0    0  (Gen:  0)
536086600   4938696 3406601576  0.043  0.043  170.129  163.216    0    0  (Gen:  0)
520650776   4938256 3408467560  0.027  0.027  170.326  163.413    0    0  (Gen:  0)
520664576   4938048 3411497584  0.008  0.008  170.486  163.574    0    0  (Gen:  0)
536139280   4938856 3425714136  0.042  0.042  170.949  163.987    0    0  (Gen:  0)
520640352   4938320 3427762216  0.027  0.027  171.146  164.185    0    0  (Gen:  0)
520679528   4938192 3430496008  0.008  0.008  171.304  164.344    0    0  (Gen:  0)
536160448   4938856 3444863136  0.041  0.041  171.765  164.756    0    0  (Gen:  0)
520511872   4938408 3446875784  0.028  0.028  171.963  164.954    0    0  (Gen:  0)
524230096   4938992 3448087008  0.005  0.005  172.126  165.117    0    0  (Gen:  0)
538760400   4938384 3464174696  0.041  0.041  172.578  165.521    0    0  (Gen:  0)
520520504   4938432 3466034624  0.028  0.028  172.775  165.718    0    0  (Gen:  0)
526759184   4939000 3468709512  0.009  0.009  172.947  165.885    0    0  (Gen:  0)
538878072   4941480 3483523616  0.040  0.040  173.396  166.289    0    0  (Gen:  0)
520529736   4938552 3485450720  0.028  0.028  173.592  166.485    0    0  (Gen:  0)
527391720   4939120 3489633456  0.013  0.013  173.768  166.652    0    0  (Gen:  0)
536609736   4941616 3502790376  0.040  0.040  174.214  167.060    0    0  (Gen:  0)
520542088   4938480 3504795704  0.025  0.025  174.408  167.253    0    0  (Gen:  0)
528511560   4939248 3507414280  0.010  0.010  174.588  167.424    0    0  (Gen:  0)
535466168  16477896 3522095760  0.039  0.039  175.028  167.824    0    0  (Gen:  0)
520535472  16221128 3523980960  0.025  0.025  175.221  168.018    0    0  (Gen:  0)
533595032  16221904 3527636120  0.013  0.013  175.438  168.236    0    0  (Gen:  0)
532283904  16221296 3541265904  0.037  0.037  175.841  168.599    0    0  (Gen:  0)
520544640  16221216 3543178312  0.024  0.024  176.036  168.794    0    0  (Gen:  0)
537780736   6086872 3547721704  0.015  0.015  176.284  169.051    0    0  (Gen:  0)
528010720   6086240 3560588592  0.036  0.037  176.655  169.365    0    0  (Gen:  0)
520392672   6086120 3562788048  0.025  0.025  176.850  169.560    0    0  (Gen:  0)
540539608   6157288 3567052176  0.015  0.015  177.109  169.828    0    0  (Gen:  0)
526646416  16693752 3579947776  0.036  0.037  177.469  170.136    0    0  (Gen:  0)
520419952  16186280 3582552424  0.025  0.025  177.665  170.333    0    0  (Gen:  0)
543217680   6562472 3587020560  0.018  0.018  177.977  170.628    0    0  (Gen:  0)
527671256   6561864 3599211832  0.035  0.035  178.288  170.914    0    0  (Gen:  0)
520481944   6561800 3601722520  0.025  0.025  178.480  171.106    0    0  (Gen:  0)
537474496   6562592 3609899304  0.024  0.024  178.838  171.428    0    0  (Gen:  0)
524255904  16464328 3618091840  0.032  0.032  179.106  171.685    0    0  (Gen:  0)
520499528  10656656 3620830104  0.019  0.019  179.293  171.872    0    0  (Gen:  0)
539206872  12245552 3631174144  0.029  0.029  179.684  172.215    0    0  (Gen:  0)
524200968  16610920 3637118144  0.030  0.030  179.932  172.462    0    0  (Gen:  0)
520527984   8983952 3639692928  0.016  0.016  180.113  172.642    0    0  (Gen:  0)
272855352   8976880 3355747568  6.877  8.159  187.068  181.613    0    0  (Gen:  1)
    99392  11189480  19351256  0.061  0.585  187.129  182.199    0    0  (Gen:  1)
     6096                      0.000  0.000

 323,432,247,152 bytes allocated in the heap
   6,993,123,008 bytes copied during GC
   3,355,747,568 bytes maximum residency (9 sample(s))
      14,834,448 bytes maximum slop
            3200 MB total memory in use (0 MB lost due to fragmentation)

                                     Tot time (elapsed)  Avg pause  Max pause
  Gen  0       605 colls,     0 par   16.330s  16.419s     0.0271s    0.1901s
  Gen  1         9 colls,     0 par   15.653s  18.714s     2.0794s    8.1587s

  TASKS: 21 (1 bound, 20 peak workers (20 total), using -N4)

  SPARKS: 0 (0 converted, 0 overflowed, 0 dud, 0 GC'd, 0 fizzled)

  INIT    time    0.001s  (  0.006s elapsed)
  MUT     time  155.144s  (147.060s elapsed)
  GC      time   31.983s  ( 35.134s elapsed)
  EXIT    time    0.000s  (  0.003s elapsed)
  Total   time  187.129s  (182.202s elapsed)

  Alloc rate    2,084,717,428 bytes per MUT second

  Productivity  82.9% of total user, 80.7% of total elapsed

