bench-hist/haskell-lsp-0_20/ghcide --lsp --cwd bench/example/Cabal-3.0.0.0 +RTS -I0 -qg -A128M -Scode_actions.benchmark-gcStats -I0.5 
    Alloc    Copied     Live     GC     GC      TOT      TOT  Page Flts
    bytes     bytes     bytes   user   elap     user     elap
567105176  24381480  27545176  0.068  0.075    0.668    6.075    0    0  (Gen:  0)
558749088  24385408  42567088  0.096  0.111    1.050    6.705    0    0  (Gen:  1)
545850560  24384752  59942416  0.064  0.067    1.394    7.206    0    0  (Gen:  0)
534774464  24384832  80581744  0.077  0.081    1.700    7.629    0    0  (Gen:  0)
545715416  88217632  94459592  0.177  0.200    2.148    8.339    0    0  (Gen:  1)
542066480  88216984 111508496  0.060  0.060    2.469    8.799    0    0  (Gen:  0)
539945720  88215400 126439880  0.058  0.058    3.544    9.332    0    0  (Gen:  0)
553987968  88219480 219424032  0.199  0.214    4.654    9.921    0    0  (Gen:  0)
526140512  88223352 260268232  0.238  0.264    5.522   10.356    0    0  (Gen:  0)
528350040  88220552 296395272  0.523  0.579    6.651   11.101    0    0  (Gen:  1)
527519800  88224664 342073632  0.188  0.189    7.433   11.442    0    0  (Gen:  0)
526578112  90106112 387133408  0.185  0.186    8.145   11.763    0    0  (Gen:  0)
526729912  90100040 447535192  0.212  0.212    8.911   12.119    0    0  (Gen:  0)
521925208  90100032 497003600  0.220  0.229    9.735   12.505    0    0  (Gen:  0)
525687720  90100472 549997744  0.223  0.238   10.494   12.894    0    0  (Gen:  0)
528608464  90097552 609484992  0.240  0.260   11.211   13.340    0    0  (Gen:  0)
519131464  90109776 656395312  1.144  1.312   12.637   14.933    0    0  (Gen:  1)
517378120  90095200 716060432  0.183  0.183   13.100   15.397    0    0  (Gen:  0)
530847304  90097712 755586064  0.173  0.174   13.783   15.861    0    0  (Gen:  0)
522232704  90100712 790740224  0.151  0.152   14.545   16.191    0    0  (Gen:  0)
526600088  69799992 825181976  0.156  0.157   15.199   16.740    0    0  (Gen:  0)
529911848  75719184 865881728  0.164  0.165   15.924   17.149    0    0  (Gen:  0)
522984784  78306784 900553112  0.165  0.165   16.717   17.530    0    0  (Gen:  0)
570700616  63164032 931270008  0.139  0.139   17.383   18.145    0    0  (Gen:  0)
557028376  36174960 939204576  0.066  0.067   17.969   18.669    0    0  (Gen:  0)
537138760  20554752 946488600  0.023  0.023   18.395   19.024    0    0  (Gen:  0)
537281968  20554752 953747528  0.012  0.012   18.813   19.370    0    0  (Gen:  0)
446428848 875497680 912437816  1.487  1.679   20.636   21.997    0    0  (Gen:  1)
   104400  11579000  17643288  0.023  0.107   20.660   22.104    0    0  (Gen:  1)
     1368                      0.000  0.000

  14,917,505,288 bytes allocated in the heap
   2,777,333,280 bytes copied during GC
     912,437,816 bytes maximum residency (6 sample(s))
       4,697,544 bytes maximum slop
             870 MB total memory in use (0 MB lost due to fragmentation)

                                     Tot time (elapsed)  Avg pause  Max pause
  Gen  0        23 colls,     0 par    3.264s   3.368s     0.1464s    0.2636s
  Gen  1         6 colls,     0 par    3.451s   3.988s     0.6646s    1.6792s

  TASKS: 19 (1 bound, 18 peak workers (18 total), using -N4)

  SPARKS: 0 (0 converted, 0 overflowed, 0 dud, 0 GC'd, 0 fizzled)

  INIT    time    0.001s  (  0.006s elapsed)
  MUT     time   13.944s  ( 14.742s elapsed)
  GC      time    6.714s  (  7.356s elapsed)
  EXIT    time    0.000s  (  0.005s elapsed)
  Total   time   20.660s  ( 22.109s elapsed)

  Alloc rate    1,069,809,292 bytes per MUT second

  Productivity  67.5% of total user, 66.7% of total elapsed

