bench-hist/haskell-lsp-0_20/ghcide --lsp --cwd bench/example/Cabal-3.0.0.0 +RTS -I0 -qg -A128M -SdocumentSymbols_after_edit.benchmark-gcStats -I0.5 
    Alloc    Copied     Live     GC     GC      TOT      TOT  Page Flts
    bytes     bytes     bytes   user   elap     user     elap
566500504      2160  27589320  0.067  0.075    0.666    5.977    0    0  (Gen:  0)
558697040      6088  42652080  0.096  0.111    1.048    6.622    0    0  (Gen:  1)
545380640      5448  60085872  0.061  0.064    1.387    7.055    0    0  (Gen:  0)
536174240      5480  80693352  0.078  0.081    1.691    7.479    0    0  (Gen:  0)
542448936      6720  94519856  0.171  0.195    2.132    8.176    0    0  (Gen:  1)
542680240  29816464 111621000  0.060  0.061    2.455    8.638    0    0  (Gen:  0)
540515296  29815504 125981968  0.057  0.057    3.530    9.169    0    0  (Gen:  0)
550947472  29819496 208485960  0.186  0.198    4.552    9.720    0    0  (Gen:  0)
533455720  29820312 258290384  0.236  0.265    5.485   10.180    0    0  (Gen:  0)
522456040  29818744 297216400  0.522  0.579    6.623   10.937    0    0  (Gen:  1)
523833320  29823232 338627904  0.182  0.183    7.388   11.269    0    0  (Gen:  0)
525402616  86348744 383901880  0.178  0.179    8.130   11.593    0    0  (Gen:  0)
528134984  86352576 424090424  0.178  0.178    8.940   11.939    0    0  (Gen:  0)
527298176  86348144 468946440  0.182  0.182    9.718   12.274    0    0  (Gen:  0)
522508208  86345640 528492768  0.234  0.249   10.443   12.730    0    0  (Gen:  0)
520682128  86341888 605152864  0.297  0.325   11.045   13.360    0    0  (Gen:  0)
519013960  86355560 654518112  1.144  1.311   12.477   14.959    0    0  (Gen:  1)
517393720  86341456 714003232  0.183  0.184   12.940   15.424    0    0  (Gen:  0)
526346536  86343968 754059112  0.170  0.170   13.596   15.881    0    0  (Gen:  0)
528424832  86349288 789880120  0.148  0.148   14.361   16.223    0    0  (Gen:  0)
527411712  86343408 825406920  0.161  0.162   15.030   16.795    0    0  (Gen:  0)
524405560  86345400 866813448  0.169  0.170   15.732   17.216    0    0  (Gen:  0)
525028776  86351576 901272976  0.168  0.168   16.538   17.584    0    0  (Gen:  0)
573706616  63421496 930224976  0.148  0.148   17.233   18.208    0    0  (Gen:  0)
561632600  63419664 950477912  0.093  0.093   17.645   18.612    0    0  (Gen:  0)
560742520  63419744 973377472  0.077  0.077   17.986   18.968    0    0  (Gen:  0)
559055408  63419736 995159136  0.074  0.074   18.328   19.326    0    0  (Gen:  0)
561521264  63419728 1017701168  0.076  0.076   18.675   19.689    0    0  (Gen:  0)
559522424  63419784 1040842648  0.076  0.077   19.013   20.041    0    0  (Gen:  0)
565092544  63419784 1062901440  0.077  0.078   19.360   20.405    0    0  (Gen:  0)
561179744  42742720 1085739192  0.079  0.080   19.704   20.764    0    0  (Gen:  0)
559492144  43452304 1108782968  0.078  0.078   20.046   21.120    0    0  (Gen:  0)
561103024  43189432 1131313608  0.079  0.080   20.389   21.477    0    0  (Gen:  0)
567125104  43189464 1153653088  0.083  0.083   20.741   21.845    0    0  (Gen:  0)
563333120  43189488 1175860512  0.078  0.082   21.090   22.214    0    0  (Gen:  0)
564881776  43189488 1198134768  0.084  0.091   21.445   22.593    0    0  (Gen:  0)
560614120  43189480 1221031960  0.083  0.089   21.794   22.960    0    0  (Gen:  0)
561310200  43188688 1216025248  2.029  2.362   24.086   25.600    0    0  (Gen:  1)
554056296  43188696 1238815928  0.079  0.079   24.432   25.959    0    0  (Gen:  0)
561225800  43188672 1260822320  0.077  0.077   24.771   26.311    0    0  (Gen:  0)
565669472  43188680 1283232712  0.077  0.078   25.116   26.672    0    0  (Gen:  0)
418905096  43193128 1250165288  1.732  1.777   27.199   29.515    0    0  (Gen:  1)
   100600  11580904  17620816  0.025  0.143   27.224   29.659    0    0  (Gen:  1)
     1584                      0.000  0.000

  22,795,412,112 bytes allocated in the heap
   2,188,718,376 bytes copied during GC
   1,250,165,288 bytes maximum residency (7 sample(s))
      10,018,144 bytes maximum slop
            1192 MB total memory in use (0 MB lost due to fragmentation)

                                     Tot time (elapsed)  Avg pause  Max pause
  Gen  0        36 colls,     0 par    4.414s   4.538s     0.1260s    0.3249s
  Gen  1         7 colls,     0 par    5.719s   6.479s     0.9256s    2.3620s

  TASKS: 19 (1 bound, 18 peak workers (18 total), using -N4)

  SPARKS: 0 (0 converted, 0 overflowed, 0 dud, 0 GC'd, 0 fizzled)

  INIT    time    0.001s  (  0.006s elapsed)
  MUT     time   17.090s  ( 18.637s elapsed)
  GC      time   10.133s  ( 11.017s elapsed)
  EXIT    time    0.000s  (  0.004s elapsed)
  Total   time   27.224s  ( 29.663s elapsed)

  Alloc rate    1,333,880,106 bytes per MUT second

  Productivity  62.8% of total user, 62.8% of total elapsed

