bench-hist/haskell-lsp-0_20/ghcide --lsp --cwd bench/example/Cabal-3.0.0.0 +RTS -I0 -qg -A128M -Sedit.benchmark-gcStats -I0.5 
    Alloc    Copied     Live     GC     GC      TOT      TOT  Page Flts
    bytes     bytes     bytes   user   elap     user     elap
565553288      2160  27484760  0.068  0.076    0.668    6.157    0    0  (Gen:  0)
557049640  38371824  42587152  0.096  0.112    1.051    6.790    0    0  (Gen:  1)
542746344  38371152  59722048  0.062  0.064    1.388    7.222    0    0  (Gen:  0)
533895192  38371264  80464864  0.076  0.080    1.691    7.640    0    0  (Gen:  0)
549171432  38372392  95373608  0.172  0.198    2.133    8.341    0    0  (Gen:  1)
537421360  38371736 111637720  0.060  0.061    2.452    8.800    0    0  (Gen:  0)
543521592  38370192 126593552  0.057  0.057    3.511    9.332    0    0  (Gen:  0)
553918584  38374152 211126200  0.187  0.202    4.574    9.898    0    0  (Gen:  0)
531330544 109321168 259321984  0.240  0.268    5.527   10.357    0    0  (Gen:  0)
526043928 109323944 297095496  0.524  0.583    6.657   11.132    0    0  (Gen:  1)
525650992  89982384 341947112  0.195  0.195    7.439   11.478    0    0  (Gen:  0)
522290040  89965824 378289072  0.167  0.167    8.184   11.798    0    0  (Gen:  0)
525002264  89971608 422604776  0.168  0.169    8.980   12.132    0    0  (Gen:  0)
524253744  86259448 465164792  0.179  0.179    9.712   12.467    0    0  (Gen:  0)
525942144  86260272 527742224  0.233  0.246   10.419   12.926    0    0  (Gen:  0)
520619944  86255736 604400056  0.296  0.324   11.014   13.549    0    0  (Gen:  0)
519068176  86269360 653024104  1.115  1.282   12.411   15.113    0    0  (Gen:  1)
517368800  86255344 712495920  0.181  0.182   12.868   15.571    0    0  (Gen:  0)
528564416  86257864 752985856  0.167  0.168   13.518   16.023    0    0  (Gen:  0)
526325800  86263360 789037440  0.170  0.170   14.307   16.374    0    0  (Gen:  0)
527673096  86269040 824485344  0.160  0.160   14.993   16.902    0    0  (Gen:  0)
527433208  75738560 864033528  0.167  0.167   15.702   17.324    0    0  (Gen:  0)
524101912  80382824 900623752  0.169  0.170   16.471   17.718    0    0  (Gen:  0)
569420576  80381008 929088552  0.143  0.143   17.149   18.324    0    0  (Gen:  0)
553682568  80378976 944000984  0.077  0.077   17.791   18.923    0    0  (Gen:  0)
551071864  80379104 958558856  0.057  0.057   18.433   19.519    0    0  (Gen:  0)
550681328  80379096 964573880  0.056  0.056   19.040   20.096    0    0  (Gen:  0)
559044128  24939128 976169264  0.052  0.053   19.692   20.730    0    0  (Gen:  0)
554430792  24939152 987557240  0.050  0.051   20.316   21.323    0    0  (Gen:  0)
553102792  23938392 1000639608  0.051  0.051   20.928   21.895    0    0  (Gen:  0)
555733784  23938384 1016740576  0.057  0.057   21.567   22.495    0    0  (Gen:  0)
555035464  23938520 1022911032  0.057  0.057   22.204   23.087    0    0  (Gen:  0)
556150648  23942088 1035083960  0.056  0.056   22.826   23.682    0    0  (Gen:  0)
556900464  24600104 1046854600  0.052  0.052   23.482   24.319    0    0  (Gen:  0)
556373672  24600112 1058698352  0.051  0.051   24.098   24.894    0    0  (Gen:  0)
558137040  24600112 1073978728  0.055  0.055   24.729   25.484    0    0  (Gen:  0)
549184104  24600296 1088832800  0.058  0.058   25.368   26.076    0    0  (Gen:  0)
559751760  25996656 1094296952  0.057  0.057   25.980   26.657    0    0  (Gen:  0)
556294720  25996632 1105988160  0.054  0.054   26.641   27.301    0    0  (Gen:  0)
555120080  25996680 1117186896  0.051  0.051   27.267   27.887    0    0  (Gen:  0)
555390864  23562320 1130686280  0.051  0.051   27.882   28.463    0    0  (Gen:  0)
552709648  23562344 1147303216  0.059  0.059   28.529   29.063    0    0  (Gen:  0)
553012792  23562640 1152863808  0.058  0.058   29.151   29.653    0    0  (Gen:  0)
558385328  23562392 1164973672  0.057  0.057   29.785   30.262    0    0  (Gen:  0)
554841440  24400696 1176838432  0.052  0.053   30.431   30.886    0    0  (Gen:  0)
553690744  24400736 1188590648  0.052  0.053   31.049   31.465    0    0  (Gen:  0)
558743144  24400736 1203615000  0.059  0.063   31.686   32.067    0    0  (Gen:  0)
559948240  24400144 1191209304  2.023  2.355   34.306   34.973    0    0  (Gen:  1)
553734688  24399984 1203661896  0.058  0.059   34.911   35.555    0    0  (Gen:  0)
556084904  24400016 1215596920  0.055  0.055   35.583   36.227    0    0  (Gen:  0)
553185344  24400040 1226736184  0.052  0.052   36.197   36.813    0    0  (Gen:  0)
555757320  23586976 1240250968  0.052  0.052   36.808   37.391    0    0  (Gen:  0)
556143840  23587056 1257701168  0.061  0.061   37.447   37.992    0    0  (Gen:  0)
553969120  27195872 1262844128  0.060  0.060   38.056   38.575    0    0  (Gen:  0)
558586568  27200576 1274492352  0.055  0.055   38.700   39.205    0    0  (Gen:  0)
554209656  23921864 1286180728  0.052  0.052   39.318   39.805    0    0  (Gen:  0)
559448728  23891000 1298911832  0.052  0.053   39.937   40.389    0    0  (Gen:  0)
554149728  23891008 1314971672  0.058  0.058   40.572   40.983    0    0  (Gen:  0)
553326296  23891224 1321146328  0.058  0.058   41.196   41.576    0    0  (Gen:  0)
562194112  23891008 1333575584  0.057  0.058   41.818   42.177    0    0  (Gen:  0)
557306616  24837968 1345376272  0.055  0.055   42.467   42.814    0    0  (Gen:  0)
556806832  24838008 1357265680  0.052  0.052   43.073   43.386    0    0  (Gen:  0)
559718544  24838000 1372615168  0.055  0.055   43.701   43.977    0    0  (Gen:  0)
552207800  24838184 1387252136  0.059  0.059   44.335   44.573    0    0  (Gen:  0)
558486344  26012272 1392825792  0.057  0.057   44.939   45.153    0    0  (Gen:  0)
558453544  26012296 1404603144  0.053  0.053   45.600   45.804    0    0  (Gen:  0)
553388400  26012304 1415944056  0.052  0.052   46.215   46.386    0    0  (Gen:  0)
558902144  23593944 1429743840  0.051  0.051   46.828   46.965    0    0  (Gen:  0)
556976824  23594032 1447078360  0.062  0.063   47.474   47.573    0    0  (Gen:  0)
555657920  23594224 1452285736  0.061  0.061   48.085   48.158    0    0  (Gen:  0)
556153128  23594056 1463829368  0.055  0.055   48.732   48.801    0    0  (Gen:  0)
557172448  23646456 1475837096  0.052  0.052   49.359   49.404    0    0  (Gen:  0)
555128088  23646504 1489081336  0.054  0.054   49.967   49.983    0    0  (Gen:  0)
552990080  23646504 1503420688  0.057  0.058   50.604   50.580    0    0  (Gen:  0)
554957040  23646648 1510400256  0.058  0.058   51.234   51.179    0    0  (Gen:  0)
558412856  23649736 1522969208  0.056  0.057   51.854   51.785    0    0  (Gen:  0)
556047704  24882552 1534760008  0.054  0.054   52.510   52.429    0    0  (Gen:  0)
551057984  24882568 1546004312  0.052  0.052   53.115   53.001    0    0  (Gen:  0)
557112864  24882584 1561287984  0.055  0.055   53.735   53.586    0    0  (Gen:  0)
552763296  24882832 1577311896  0.062  0.062   54.379   54.193    0    0  (Gen:  0)
549437064  24882888 1582214832  0.058  0.058   54.988   54.776    0    0  (Gen:  0)
553774920  24887400 1593701568  0.054  0.054   55.627   55.401    0    0  (Gen:  0)
555439424  24882696 1605567568  0.053  0.053   56.257   56.014    0    0  (Gen:  0)
554180128  24309416 1618233488  0.055  0.055   56.872   56.593    0    0  (Gen:  0)
557805128  24309480 1633220240  0.057  0.057   57.507   57.189    0    0  (Gen:  0)
552563600  24309896 1640601080  0.058  0.059   58.142   57.791    0    0  (Gen:  0)
556932328  24309520 1652768976  0.056  0.056   58.752   58.378    0    0  (Gen:  0)
557627992  24309552 1664725656  0.054  0.054   59.417   59.033    0    0  (Gen:  0)
556933040  23579320 1676036224  0.052  0.052   60.030   59.611    0    0  (Gen:  0)
559080560  23579368 1690855440  0.054  0.054   60.653   60.199    0    0  (Gen:  0)
555549008  23579456 1707134176  0.062  0.062   61.302   60.809    0    0  (Gen:  0)
551647272  23579560 1712243760  0.059  0.059   61.909   61.390    0    0  (Gen:  0)
560959912  25660432 1723860696  0.055  0.055   62.557   62.029    0    0  (Gen:  0)
556156128  25655664 1735846584  0.053  0.053   63.184   62.634    0    0  (Gen:  0)
556879408  25655680 1748798032  0.054  0.054   63.805   63.219    0    0  (Gen:  0)
552594064  25655680 1764201000  0.058  0.058   64.441   63.817    0    0  (Gen:  0)
551868744  26377000 1770420944  0.059  0.059   65.071   64.418    0    0  (Gen:  0)
557200232  26379664 1782879416  0.056  0.056   65.689   65.012    0    0  (Gen:  0)
555008016  26376544 1794586136  0.053  0.053   66.348   65.661    0    0  (Gen:  0)
556017080  26376560 1806225520  0.053  0.053   66.963   66.241    0    0  (Gen:  0)
557237760  26376560 1821061856  0.055  0.055   67.585   66.827    0    0  (Gen:  0)
557365272  26723008 1836787800  0.060  0.061   68.235   67.439    0    0  (Gen:  0)
557050936  26722928 1842390424  0.058  0.058   68.847   68.027    0    0  (Gen:  0)
556546936  26722952 1854014792  0.054  0.054   69.504   68.672    0    0  (Gen:  0)
556588736  23518192 1865204952  0.052  0.052   70.129   69.267    0    0  (Gen:  0)
553661400  23518248 1878677856  0.054  0.054   70.731   69.840    0    0  (Gen:  0)
557510440  23518256 1895675536  0.061  0.062   71.388   70.452    0    0  (Gen:  0)
550398272  23518536 1900972944  0.058  0.058   72.007   71.048    0    0  (Gen:  0)
559717528  23521968 1913207608  0.057  0.058   72.639   71.661    0    0  (Gen:  0)
553272448  23518296 1924883896  0.055  0.055   73.286   72.299    0    0  (Gen:  0)
552529560  23518304 1936692168  0.052  0.052   73.897   72.883    0    0  (Gen:  0)
555783560  23518336 1951362216  0.056  0.056   74.524   73.475    0    0  (Gen:  0)
558228272  23518416 1966921072  0.060  0.060   75.173   74.086    0    0  (Gen:  0)
556225112  23518376 1972543696  0.059  0.059   75.783   74.670    0    0  (Gen:  0)
554755912  23518360 1984188280  0.056  0.056   76.440   75.315    0    0  (Gen:  0)
421014928  23516912 1991580344  3.335  3.809   80.209   80.268    0    0  (Gen:  1)
   108056  11579288  17856392  0.040  0.223   80.249   80.491    0    0  (Gen:  1)
     2016                      0.000  0.000

  63,807,926,376 bytes allocated in the heap
   4,121,569,064 bytes copied during GC
   1,991,580,344 bytes maximum residency (7 sample(s))
       8,230,216 bytes maximum slop
            1899 MB total memory in use (0 MB lost due to fragmentation)

                                     Tot time (elapsed)  Avg pause  Max pause
  Gen  0       110 colls,     0 par    8.164s   8.286s     0.0753s    0.3237s
  Gen  1         7 colls,     0 par    7.305s   8.562s     1.2232s    3.8088s

  TASKS: 21 (1 bound, 20 peak workers (20 total), using -N4)

  SPARKS: 0 (0 converted, 0 overflowed, 0 dud, 0 GC'd, 0 fizzled)

  INIT    time    0.001s  (  0.006s elapsed)
  MUT     time   64.778s  ( 63.636s elapsed)
  GC      time   15.469s  ( 16.849s elapsed)
  EXIT    time    0.000s  (  0.007s elapsed)
  Total   time   80.249s  ( 80.499s elapsed)

  Alloc rate    985,018,971 bytes per MUT second

  Productivity  80.7% of total user, 79.1% of total elapsed

