bench-hist/haskell-lsp-0_20/ghcide --lsp --cwd bench/example/Cabal-3.0.0.0 +RTS -I0 -qg -A128M -SgetDefinition.benchmark-gcStats -I0.5 
    Alloc    Copied     Live     GC     GC      TOT      TOT  Page Flts
    bytes     bytes     bytes   user   elap     user     elap
567378688  24383120  27575720  0.068  0.076    0.661    6.202    0    0  (Gen:  0)
556763616  24387048  42618520  0.095  0.110    1.040    6.831    0    0  (Gen:  1)
541653248  24386976  59623472  0.062  0.064    1.378    7.261    0    0  (Gen:  0)
534804976  24386472  81095880  0.077  0.080    1.681    7.678    0    0  (Gen:  0)
546748656  24387680  95291976  0.178  0.201    2.131    8.385    0    0  (Gen:  1)
539168688  24386464 111590600  0.061  0.062    2.453    8.843    0    0  (Gen:  0)
538664880  29987592 125514968  0.056  0.057    3.514    9.368    0    0  (Gen:  0)
550708672  29991616 205838144  0.179  0.191    4.566    9.973    0    0  (Gen:  0)
528390288  29992888 258996592  0.242  0.271    5.479   10.431    0    0  (Gen:  0)
524208368  29996720 291034712  0.515  0.574    6.593   11.190    0    0  (Gen:  1)
525485072  30003688 339564376  0.191  0.191    7.368   11.532    0    0  (Gen:  0)
528612752  29994328 379191656  0.180  0.181    8.136   11.863    0    0  (Gen:  0)
528176616 102139600 441835432  0.204  0.205    8.872   12.206    0    0  (Gen:  0)
529666920 112607344 493369384  0.225  0.234    9.701   12.596    0    0  (Gen:  0)
528658784 112609680 542412288  0.213  0.225   10.491   12.970    0    0  (Gen:  0)
525225304 112603088 606514504  0.245  0.264   11.181   13.460    0    0  (Gen:  0)
518943568 112615512 654723504  1.138  1.305   12.602   15.048    0    0  (Gen:  1)
517370672 112601408 714362008  0.182  0.183   13.061   15.508    0    0  (Gen:  0)
524634096 112603880 753719200  0.167  0.167   13.713   15.959    0    0  (Gen:  0)
524677456 112608256 789894168  0.149  0.150   14.469   16.294    0    0  (Gen:  0)
528150416 112603360 824948608  0.157  0.158   15.127   16.862    0    0  (Gen:  0)
524538376 112610432 864008496  0.163  0.164   15.837   17.279    0    0  (Gen:  0)
529158528 112610448 900543776  0.165  0.165   16.641   17.634    0    0  (Gen:  0)
570733224 112603728 930383904  0.143  0.144   17.311   18.248    0    0  (Gen:  0)
552549288 112602496 935983888  0.068  0.068   17.972   18.882    0    0  (Gen:  0)
563451592 112601736 937301224  0.020  0.020   18.632   19.506    0    0  (Gen:  0)
571875088   2877768 935959152  0.008  0.008   19.293   20.149    0    0  (Gen:  0)
563399648   2877832 937084760  0.008  0.008   19.947   20.789    0    0  (Gen:  0)
561959744   2877856 938125648  0.009  0.009   20.579   21.400    0    0  (Gen:  0)
559577968   2877888 938967488  0.009  0.009   21.220   22.009    0    0  (Gen:  0)
565135280   3699264 940771856  0.010  0.010   21.853   22.615    0    0  (Gen:  0)
565422032   2863384 939575464  0.008  0.008   22.503   23.239    0    0  (Gen:  0)
564717624   2863424 940361232  0.009  0.009   23.157   23.877    0    0  (Gen:  0)
566134176   2863440 941548016  0.009  0.009   23.804   24.506    0    0  (Gen:  0)
562730304   3389136 942320096  0.009  0.009   24.446   25.115    0    0  (Gen:  0)
565868264   3389176 944515936  0.011  0.011   25.080   25.722    0    0  (Gen:  0)
564935552   3389200 942912440  0.008  0.008   25.729   26.341    0    0  (Gen:  0)
569584192   3033448 943890424  0.009  0.009   26.393   26.997    0    0  (Gen:  0)
565587752   3033496 945034632  0.009  0.009   27.044   27.632    0    0  (Gen:  0)
558771320   3033544 945724704  0.009  0.009   27.688   28.246    0    0  (Gen:  0)
562083704   3410512 947000640  0.009  0.009   28.317   28.851    0    0  (Gen:  0)
562902136   3410552 948818320  0.010  0.010   28.957   29.462    0    0  (Gen:  0)
571629512   3410552 947239904  0.008  0.008   29.621   30.102    0    0  (Gen:  0)
561797776   3194648 948310024  0.009  0.009   30.271   30.736    0    0  (Gen:  0)
564741464   3194680 949367600  0.010  0.010   30.907   31.349    0    0  (Gen:  0)
557388968   3194680 950190168  0.009  0.009   31.550   31.961    0    0  (Gen:  0)
562392336   3958232 952192424  0.011  0.011   32.186   32.569    0    0  (Gen:  0)
560050656   3958264 952845496  0.008  0.008   32.831   33.184    0    0  (Gen:  0)
570075144   3958320 951564864  0.008  0.009   33.495   33.836    0    0  (Gen:  0)
561969920   3958352 952659664  0.009  0.009   34.149   34.474    0    0  (Gen:  0)
559930976   3958400 953670504  0.010  0.010   34.781   35.083    0    0  (Gen:  0)
557538664   3958448 954323616  0.010  0.010   35.420   35.691    0    0  (Gen:  0)
564316272   3958464 956264032  0.011  0.011   36.056   36.298    0    0  (Gen:  0)
563669080   3958480 954948392  0.008  0.008   36.711   36.926    0    0  (Gen:  0)
563339600   3958528 955805376  0.009  0.009   37.367   37.568    0    0  (Gen:  0)
561921256   3328088 956877240  0.009  0.009   38.017   38.197    0    0  (Gen:  0)
561523024   3328088 957734128  0.009  0.009   38.662   38.811    0    0  (Gen:  0)
561781984   3485136 959156288  0.010  0.010   39.294   39.419    0    0  (Gen:  0)
560398688   3485144 960939984  0.011  0.011   39.933   40.027    0    0  (Gen:  0)
566165384   3485200 959066248  0.009  0.009   40.593   40.664    0    0  (Gen:  0)
569082256   3485224 960272280  0.009  0.009   41.260   41.316    0    0  (Gen:  0)
562813432   3485248 961253152  0.010  0.010   41.894   41.929    0    0  (Gen:  0)
561155904   3485256 962249592  0.010  0.010   42.542   42.542    0    0  (Gen:  0)
564182672   3485280 964277480  0.011  0.011   43.184   43.157    0    0  (Gen:  0)
565967416   3485272 962659256  0.008  0.008   43.845   43.792    0    0  (Gen:  0)
563765456   3485280 963588576  0.009  0.009   44.502   44.431    0    0  (Gen:  0)
564236568   3485304 964677152  0.010  0.010   45.150   45.058    0    0  (Gen:  0)
561721024   3485376 965471376  0.010  0.010   45.791   45.666    0    0  (Gen:  0)
559010096   3485384 967229352  0.010  0.010   46.426   46.279    0    0  (Gen:  0)
564154672   2807816 968150536  0.009  0.009   47.080   46.901    0    0  (Gen:  0)
566495232   2944072 966866328  0.009  0.009   47.744   47.548    0    0  (Gen:  0)
560123344   2944088 967923456  0.009  0.009   48.397   48.184    0    0  (Gen:  0)
 92475128 910804736 948400648  1.505  1.696   49.986   50.618    0    0  (Gen:  1)
   108608  11585872  17749984  0.023  0.101   50.010   50.720    0    0  (Gen:  1)
     1584                      0.000  0.000

  39,965,131,624 bytes allocated in the heap
   2,970,381,392 bytes copied during GC
     948,400,648 bytes maximum residency (6 sample(s))
       5,447,160 bytes maximum slop
             904 MB total memory in use (0 MB lost due to fragmentation)

                                     Tot time (elapsed)  Avg pause  Max pause
  Gen  0        68 colls,     0 par    3.642s   3.744s     0.0551s    0.2708s
  Gen  1         6 colls,     0 par    3.454s   3.986s     0.6644s    1.6956s

  TASKS: 22 (1 bound, 21 peak workers (21 total), using -N4)

  SPARKS: 0 (0 converted, 0 overflowed, 0 dud, 0 GC'd, 0 fizzled)

  INIT    time    0.001s  (  0.005s elapsed)
  MUT     time   42.912s  ( 42.984s elapsed)
  GC      time    7.096s  (  7.731s elapsed)
  EXIT    time    0.000s  (  0.007s elapsed)
  Total   time   50.010s  ( 50.727s elapsed)

  Alloc rate    931,330,959 bytes per MUT second

  Productivity  85.8% of total user, 84.7% of total elapsed

