bench-hist/haskell-lsp-0_20/ghcide --lsp --cwd bench/example/Cabal-3.0.0.0 +RTS -I0 -qg -A128M -Shover.benchmark-gcStats -I0.5 
    Alloc    Copied     Live     GC     GC      TOT      TOT  Page Flts
    bytes     bytes     bytes   user   elap     user     elap
564315296      2160  27437200  0.068  0.075    0.665    5.989    0    0  (Gen:  0)
553735376      6064  42533640  0.096  0.110    1.042    6.613    0    0  (Gen:  1)
541194792  29872472  59348536  0.061  0.064    1.383    7.046    0    0  (Gen:  0)
533585136  29872528  80279680  0.077  0.081    1.687    7.466    0    0  (Gen:  0)
544660648  29873720  94410696  0.175  0.198    2.132    8.146    0    0  (Gen:  1)
540112960  29872504 111120032  0.059  0.060    2.453    8.626    0    0  (Gen:  0)
541247352  29768576 125343320  0.058  0.058    3.514    9.145    0    0  (Gen:  0)
548809344  29772288 206564008  0.183  0.195    4.568    9.743    0    0  (Gen:  0)
535333896  29773184 257872616  0.238  0.265    5.504   10.197    0    0  (Gen:  0)
528465120  29777992 293856144  0.519  0.576    6.607   10.951    0    0  (Gen:  1)
527727536  29773496 345891408  0.202  0.203    7.377   11.299    0    0  (Gen:  0)
526192840  29779664 394419168  0.203  0.203    8.094   11.634    0    0  (Gen:  0)
526061616  29777656 453483880  0.216  0.216    8.879   11.996    0    0  (Gen:  0)
530165696 113455624 508939936  0.239  0.252    9.719   12.403    0    0  (Gen:  0)
528311672 107284792 561096056  0.231  0.246   10.535   12.800    0    0  (Gen:  0)
522912232 107281408 602259720  1.069  1.212   12.187   14.163    0    0  (Gen:  1)
523458328 112542416 663845880  0.211  0.212   12.722   14.640    0    0  (Gen:  0)
517367672 119692704 723620528  0.187  0.188   13.195   15.113    0    0  (Gen:  0)
526348416 119695176 763113080  0.168  0.169   13.853   15.568    0    0  (Gen:  0)
520689264 119708080 799436216  0.152  0.152   14.617   15.902    0    0  (Gen:  0)
530802184  70903448 834257096  0.159  0.159   15.279   16.433    0    0  (Gen:  0)
527558104  76624256 874559832  0.168  0.168   16.003   16.855    0    0  (Gen:  0)
528844568  76599168 910886120  0.170  0.171   16.777   17.248    0    0  (Gen:  0)
566480712  76592936 939883632  0.140  0.140   17.445   17.852    0    0  (Gen:  0)
562175048  76592112 950559272  0.082  0.082   18.134   18.518    0    0  (Gen:  0)
559756000   9409752 951971504  0.020  0.020   18.798   19.134    0    0  (Gen:  0)
568867032   9409768 950653696  0.008  0.008   19.454   19.762    0    0  (Gen:  0)
560322384   9409768 951532368  0.008  0.008   20.105   20.403    0    0  (Gen:  0)
560286424   3296352 952670224  0.009  0.009   20.754   21.038    0    0  (Gen:  0)
562035984   3296376 953653944  0.009  0.009   21.394   21.647    0    0  (Gen:  0)
565774680   3296400 955280024  0.010  0.010   22.043   22.270    0    0  (Gen:  0)
561277872   3296480 956778768  0.010  0.010   22.685   22.878    0    0  (Gen:  0)
564921128   3296520 954933776  0.008  0.008   23.349   23.522    0    0  (Gen:  0)
563760616   3296560 956064984  0.009  0.009   24.009   24.166    0    0  (Gen:  0)
558004456   3296592 957010848  0.009  0.009   24.642   24.775    0    0  (Gen:  0)
558974416   3296592 957942736  0.009  0.009   25.290   25.390    0    0  (Gen:  0)
563630944   3296600 959527456  0.010  0.010   25.928   26.002    0    0  (Gen:  0)
564766376   3296616 958509952  0.008  0.008   26.587   26.630    0    0  (Gen:  0)
562831128   3296664 959272880  0.009  0.009   27.243   27.270    0    0  (Gen:  0)
560071328   3296688 960372976  0.009  0.009   27.897   27.906    0    0  (Gen:  0)
557086504   3296720 961262712  0.010  0.010   28.530   28.514    0    0  (Gen:  0)
559872272   3296728 962173328  0.010  0.010   29.179   29.129    0    0  (Gen:  0)
563863464   3296768 964206392  0.011  0.011   29.829   29.754    0    0  (Gen:  0)
565839440   3296808 962633648  0.008  0.008   30.490   30.388    0    0  (Gen:  0)
564165216   3296808 963614560  0.009  0.009   31.154   31.037    0    0  (Gen:  0)
558035312   3296840 964668888  0.009  0.009   31.798   31.663    0    0  (Gen:  0)
561666344   3296856 965584160  0.009  0.010   32.446   32.277    0    0  (Gen:  0)
556369288   3296880 967070936  0.010  0.011   33.081   32.887    0    0  (Gen:  0)
560144016   3296920 968530880  0.011  0.011   33.726   33.501    0    0  (Gen:  0)
570967112   3296928 966875360  0.009  0.009   34.402   34.156    0    0  (Gen:  0)
564088432   3296944 968051376  0.009  0.009   35.064   34.801    0    0  (Gen:  0)
562918744   3296944 969086072  0.010  0.010   35.709   35.422    0    0  (Gen:  0)
556661288   3297008 970011432  0.010  0.010   36.350   36.035    0    0  (Gen:  0)
560939160   3297032 972079376  0.011  0.011   36.996   36.652    0    0  (Gen:  0)
565477112   3297072 970361280  0.008  0.008   37.660   37.290    0    0  (Gen:  0)
566696976   3297144 971355080  0.009  0.009   38.324   37.937    0    0  (Gen:  0)
559143984   3393568 972369520  0.009  0.009   38.968   38.559    0    0  (Gen:  0)
564065328   3393584 973369784  0.010  0.010   39.619   39.174    0    0  (Gen:  0)
560464080   3771360 975096968  0.011  0.011   40.257   39.788    0    0  (Gen:  0)
560657768   3771392 976254776  0.009  0.009   40.910   40.409    0    0  (Gen:  0)
564346560   2919048 974799248  0.009  0.009   41.576   41.058    0    0  (Gen:  0)
560627704   2919112 975695736  0.009  0.009   42.233   41.698    0    0  (Gen:  0)
561036416   2919168 976679896  0.010  0.010   42.875   42.316    0    0  (Gen:  0)
565327000   2919200 977873904  0.010  0.010   43.528   42.934    0    0  (Gen:  0)
562890368   2919224 979620296  0.010  0.010   44.179   43.553    0    0  (Gen:  0)
564960360   2919240 978008384  0.009  0.009   44.845   44.196    0    0  (Gen:  0)
559568344   2919328 979026968  0.009  0.009   45.500   44.837    0    0  (Gen:  0)
559648736   2919352 980078760  0.010  0.010   46.149   45.466    0    0  (Gen:  0)
559076728   2919376 980818920  0.009  0.009   46.800   46.084    0    0  (Gen:  0)
561729496   2919384 982610640  0.011  0.011   47.440   46.699    0    0  (Gen:  0)
563137968   3296344 984196384  0.010  0.010   48.091   47.317    0    0  (Gen:  0)
561343936   3296360 982195200  0.009  0.009   48.754   47.957    0    0  (Gen:  0)
119740416 894508096 932049936  1.569  1.776   50.448   50.515    0    0  (Gen:  1)
   100192  11585400  17808000  0.024  0.101   50.472   50.617    0    0  (Gen:  1)
     1368                      0.000  0.000

  39,934,494,008 bytes allocated in the heap
   2,581,641,088 bytes copied during GC
     932,049,936 bytes maximum residency (6 sample(s))
       5,393,392 bytes maximum slop
             888 MB total memory in use (0 MB lost due to fragmentation)

                                     Tot time (elapsed)  Avg pause  Max pause
  Gen  0        68 colls,     0 par    3.723s   3.812s     0.0561s    0.2647s
  Gen  1         6 colls,     0 par    3.451s   3.974s     0.6623s    1.7759s

  TASKS: 21 (1 bound, 20 peak workers (20 total), using -N4)

  SPARKS: 0 (0 converted, 0 overflowed, 0 dud, 0 GC'd, 0 fizzled)

  INIT    time    0.001s  (  0.006s elapsed)
  MUT     time   43.296s  ( 42.826s elapsed)
  GC      time    7.174s  (  7.786s elapsed)
  EXIT    time    0.000s  (  0.007s elapsed)
  Total   time   50.472s  ( 50.624s elapsed)

  Alloc rate    922,352,758 bytes per MUT second

  Productivity  85.8% of total user, 84.6% of total elapsed

