bench-hist/haskell-lsp-0_20/ghcide --lsp --cwd bench/example/Cabal-3.0.0.0 +RTS -I0 -qg -A128M -Shover_after_edit.benchmark-gcStats -I0.5 
    Alloc    Copied     Live     GC     GC      TOT      TOT  Page Flts
    bytes     bytes     bytes   user   elap     user     elap
568993632      2160  27672760  0.072  0.080    0.708    6.453    0    0  (Gen:  0)
558557888      6104  42681960  0.098  0.114    1.097    7.100    0    0  (Gen:  1)
548720048      5984  60200176  0.062  0.065    1.448    7.543    0    0  (Gen:  0)
535114552      5848  81332328  0.078  0.082    1.756    7.966    0    0  (Gen:  0)
546572400  88330464  94655624  0.183  0.208    2.215    8.690    0    0  (Gen:  1)
535029184  88329800 111539864  0.060  0.061    2.534    9.150    0    0  (Gen:  0)
540865736  88328240 126386432  0.060  0.060    3.662    9.727    0    0  (Gen:  0)
548683904  88332232 215914752  0.206  0.221    4.748   10.325    0    0  (Gen:  0)
525778208 109140016 258929008  0.255  0.283    5.653   10.787    0    0  (Gen:  0)
526098416 109136864 298190544  0.571  0.632    6.828   11.592    0    0  (Gen:  1)
526586200  86385960 339060152  0.193  0.194    7.587   11.932    0    0  (Gen:  0)
522545040  88678800 386734304  0.195  0.195    8.291   12.259    0    0  (Gen:  0)
522963176  88667008 444632880  0.224  0.225    9.085   12.640    0    0  (Gen:  0)
526439144  88665056 497833480  0.239  0.247    9.939   13.050    0    0  (Gen:  0)
529712608 103531256 548753504  0.235  0.249   10.744   13.451    0    0  (Gen:  0)
526007592 103532240 606530600  0.249  0.267   11.514   13.908    0    0  (Gen:  0)
519252584 103542472 654614040  1.124  1.285   12.921   15.476    0    0  (Gen:  1)
517386216 103527960 714230024  0.184  0.184   13.388   15.944    0    0  (Gen:  0)
528489040 103530440 753688968  0.170  0.170   14.048   16.399    0    0  (Gen:  0)
531611224  69604664 789933112  0.152  0.153   14.811   16.738    0    0  (Gen:  0)
526534904  69599848 824623920  0.157  0.157   15.456   17.302    0    0  (Gen:  0)
528033744  69601184 864009688  0.160  0.160   16.178   17.711    0    0  (Gen:  0)
524767624  69599872 899594984  0.163  0.163   16.976   18.063    0    0  (Gen:  0)
571283488  69599872 931013408  0.141  0.141   17.643   18.679    0    0  (Gen:  0)
553274544  69598352 947906376  0.097  0.097   18.300   19.323    0    0  (Gen:  0)
546298152  69598024 960822432  0.064  0.064   18.883   19.860    0    0  (Gen:  0)
549082832  69598048 973761440  0.056  0.056   19.464   20.432    0    0  (Gen:  0)
545320384  69598104 985323648  0.064  0.064   20.027   20.963    0    0  (Gen:  0)
547947776  28862944 1003841800  0.064  0.065   20.668   21.577    0    0  (Gen:  0)
545859896  25251528 1009361096  0.061  0.061   21.251   22.167    0    0  (Gen:  0)
543644104  27170536 1022093272  0.063  0.063   21.835   22.703    0    0  (Gen:  0)
541623512  25384432 1034216160  0.056  0.056   22.411   23.274    0    0  (Gen:  0)
544192872  25384456 1046131800  0.061  0.062   22.985   23.810    0    0  (Gen:  0)
552501904  25386240 1064401928  0.061  0.062   23.619   24.414    0    0  (Gen:  0)
546280416  25385184 1070783328  0.062  0.062   24.195   24.992    0    0  (Gen:  0)
547424688  25384680 1083030352  0.063  0.063   24.794   25.544    0    0  (Gen:  0)
542537296  25384728 1095135168  0.058  0.058   25.371   26.117    0    0  (Gen:  0)
543076744  25384800 1107012688  0.061  0.061   25.945   26.653    0    0  (Gen:  0)
547980512  25384872 1123379824  0.060  0.060   26.548   27.245    0    0  (Gen:  0)
545054536  25385360 1132009368  0.063  0.063   27.122   27.805    0    0  (Gen:  0)
548599976  25384984 1143744336  0.061  0.062   27.751   28.391    0    0  (Gen:  0)
540700680  25262424 1156052960  0.059  0.059   28.330   28.969    0    0  (Gen:  0)
542491704  25262496 1169431176  0.064  0.064   28.921   29.517    0    0  (Gen:  0)
550919352  25954728 1183309072  0.057  0.057   29.515   30.095    0    0  (Gen:  0)
547570648  25954800 1193555640  0.064  0.064   30.084   30.640    0    0  (Gen:  0)
551710328  25954816 1205193192  0.066  0.070   30.729   31.255    0    0  (Gen:  0)
544138000 1137695880 1173370216  2.058  2.372   33.302   34.150    0    0  (Gen:  1)
543963704 1137695912 1185921768  0.064  0.065   33.877   34.684    0    0  (Gen:  0)
549297120 1137695952 1198563256  0.056  0.056   34.454   35.252    0    0  (Gen:  0)
547728312 1137696048 1210339912  0.065  0.065   35.009   35.786    0    0  (Gen:  0)
547755264 1137696088 1228403968  0.063  0.063   35.640   36.393    0    0  (Gen:  0)
545121016  25356720 1234593896  0.060  0.060   36.210   36.972    0    0  (Gen:  0)
545480456  25356768 1247484160  0.066  0.066   36.794   37.518    0    0  (Gen:  0)
550625560  25356784 1260367376  0.057  0.057   37.372   38.090    0    0  (Gen:  0)
548237616  26069448 1272008744  0.065  0.065   37.935   38.627    0    0  (Gen:  0)
550390024  26069536 1290070960  0.062  0.063   38.567   39.236    0    0  (Gen:  0)
543812232  26069632 1296012000  0.059  0.059   39.136   39.815    0    0  (Gen:  0)
543780512  26069640 1308818648  0.063  0.063   39.712   40.355    0    0  (Gen:  0)
546278664  26069696 1321713000  0.059  0.059   40.285   40.926    0    0  (Gen:  0)
544392752  26069744 1333326008  0.064  0.064   40.851   41.463    0    0  (Gen:  0)
547781992  26072312 1351473344  0.064  0.064   41.473   42.068    0    0  (Gen:  0)
547199712  26070128 1357524328  0.063  0.063   42.054   42.657    0    0  (Gen:  0)
545582624  26069984 1369853632  0.065  0.065   42.636   43.200    0    0  (Gen:  0)
541795400  26069976 1381693616  0.058  0.058   43.205   43.770    0    0  (Gen:  0)
548983768  26070008 1394141952  0.063  0.063   43.776   44.316    0    0  (Gen:  0)
550970528  26071008 1411754824  0.062  0.062   44.394   44.911    0    0  (Gen:  0)
544932184  26070248 1418897456  0.063  0.064   44.967   45.489    0    0  (Gen:  0)
548835360  26070200 1430971800  0.063  0.063   45.567   46.053    0    0  (Gen:  0)
543376896  26070216 1443107864  0.060  0.060   46.144   46.631    0    0  (Gen:  0)
542345880  26070296 1455274680  0.063  0.063   46.712   47.167    0    0  (Gen:  0)
548098864  26070344 1470858944  0.060  0.060   47.306   47.756    0    0  (Gen:  0)
549053224  26070472 1480303912  0.064  0.064   47.885   48.323    0    0  (Gen:  0)
553309552  26070504 1492233992  0.062  0.062   48.498   48.905    0    0  (Gen:  0)
542116224  26070528 1504054656  0.059  0.059   49.074   49.480    0    0  (Gen:  0)
543667880  26070560 1517506856  0.066  0.066   49.644   50.017    0    0  (Gen:  0)
549406480  26594720 1532139536  0.059  0.059   50.234   50.598    0    0  (Gen:  0)
546285080  26595104 1541897448  0.063  0.064   50.801   51.150    0    0  (Gen:  0)
550919976  26594848 1553576928  0.062  0.063   51.423   51.743    0    0  (Gen:  0)
545203472  26594920 1566521528  0.060  0.060   51.999   52.326    0    0  (Gen:  0)
547516936  27282096 1579395520  0.066  0.066   52.581   52.871    0    0  (Gen:  0)
550387208  27282112 1593415312  0.059  0.059   53.170   53.450    0    0  (Gen:  0)
544629520  25862376 1603483568  0.065  0.066   53.736   53.998    0    0  (Gen:  0)
552149680  25862384 1615158088  0.062  0.062   54.367   54.602    0    0  (Gen:  0)
545821440  25472824 1628029864  0.061  0.061   54.937   55.182    0    0  (Gen:  0)
543521736  25472872 1640718384  0.065  0.066   55.522   55.725    0    0  (Gen:  0)
546947760  25472872 1653531976  0.055  0.056   56.103   56.297    0    0  (Gen:  0)
547509080  25472928 1665180576  0.065  0.066   56.663   56.836    0    0  (Gen:  0)
545544480  25472968 1683237520  0.063  0.064   57.290   57.438    0    0  (Gen:  0)
541552328  25473064 1689261608  0.063  0.063   57.866   58.023    0    0  (Gen:  0)
542801584  26483736 1701961112  0.063  0.064   58.443   58.560    0    0  (Gen:  0)
545356832  25967632 1714746848  0.060  0.060   59.019   59.135    0    0  (Gen:  0)
546385448  25967696 1726400056  0.064  0.065   59.598   59.683    0    0  (Gen:  0)
549298768  25968680 1744633720  0.063  0.063   60.225   60.288    0    0  (Gen:  0)
542874312  25968552 1750654608  0.063  0.064   60.796   60.865    0    0  (Gen:  0)
546326592  25967864 1762789944  0.064  0.064   61.388   61.419    0    0  (Gen:  0)
547101424  25967864 1775035112  0.059  0.059   61.967   61.999    0    0  (Gen:  0)
543005184  25967936 1787035920  0.063  0.063   62.541   62.542    0    0  (Gen:  0)
548231040  25968896 1803305352  0.061  0.061   63.146   63.131    0    0  (Gen:  0)
543656848  26026520 1811963984  0.065  0.065   63.716   63.694    0    0  (Gen:  0)
547130424  26026176 1823630248  0.062  0.062   64.330   64.276    0    0  (Gen:  0)
548227944  26026176 1835708832  0.060  0.060   64.915   64.862    0    0  (Gen:  0)
543076248  26026224 1849211336  0.065  0.066   65.489   65.404    0    0  (Gen:  0)
555638888  26026256 1864569856  0.060  0.061   66.091   65.995    0    0  (Gen:  0)
544764544  26026440 1873716200  0.065  0.065   66.663   66.553    0    0  (Gen:  0)
550285224  26026480 1885462928  0.062  0.062   67.283   67.141    0    0  (Gen:  0)
544750992  26026488 1898443304  0.061  0.061   67.861   67.724    0    0  (Gen:  0)
544328704  26026536 1911307264  0.066  0.066   68.444   68.272    0    0  (Gen:  0)
549370024  26026640 1924984736  0.059  0.059   69.034   68.852    0    0  (Gen:  0)
543922624  26026768 1935394632  0.065  0.065   69.598   69.397    0    0  (Gen:  0)
551439664  27242096 1947049608  0.062  0.062   70.233   70.006    0    0  (Gen:  0)
543784760  27242144 1959760664  0.062  0.062   70.809   70.591    0    0  (Gen:  0)
545657248  27242160 1972643320  0.067  0.067   71.400   71.139    0    0  (Gen:  0)
549694648  27242232 1985604136  0.058  0.058   71.984   71.715    0    0  (Gen:  0)
544903424  27242280 1997229152  0.066  0.066   72.550   72.257    0    0  (Gen:  0)
547960496  28562088 2015400360  0.064  0.064   73.188   72.870    0    0  (Gen:  0)
543914656  28562176 2021287104  0.061  0.061   73.767   73.459    0    0  (Gen:  0)
544164280  28562208 2034047120  0.065  0.065   74.350   74.007    0    0  (Gen:  0)
550947840  28562304 2047136040  0.059  0.059   74.934   74.589    0    0  (Gen:  0)
544157960  28562296 2058846040  0.069  0.069   75.507   75.132    0    0  (Gen:  0)
551611592  28563384 2077273024  0.067  0.067   76.144   75.745    0    0  (Gen:  0)
542946320  28562864 2082880048  0.063  0.063   76.726   76.336    0    0  (Gen:  0)
551388456  28562504 2095616056  0.066  0.067   77.317   76.887    0    0  (Gen:  0)
545469008  28562480 2108050224  0.058  0.059   77.897   77.468    0    0  (Gen:  0)
544050968  28562552 2119969912  0.063  0.064   78.470   78.012    0    0  (Gen:  0)
551806864  28562592 2138302896  0.065  0.066   79.101   78.620    0    0  (Gen:  0)
545345192  25738192 2144454536  0.065  0.065   79.678   79.204    0    0  (Gen:  0)
545861568  25737840 2156673384  0.065  0.065   80.272   79.758    0    0  (Gen:  0)
542488888  25737800 2168450264  0.058  0.059   80.847   80.332    0    0  (Gen:  0)
549916960  25737840 2180981032  0.064  0.065   81.427   80.882    0    0  (Gen:  0)
552331440  25738152 2198088696  0.062  0.062   82.050   81.482    0    0  (Gen:  0)
546869552  26076776 2205934752  0.065  0.065   82.627   82.060    0    0  (Gen:  0)
548919128  26076280 2217914792  0.065  0.065   83.233   82.630    0    0  (Gen:  0)
545803096  25344312 2230299496  0.060  0.060   83.816   83.213    0    0  (Gen:  0)
547629144  25941528 2242353128  0.064  0.064   84.392   83.759    0    0  (Gen:  0)
547932616  26884824 2258853568  0.061  0.061   84.996   84.351    0    0  (Gen:  0)
542921400  26884480 2267303040  0.064  0.065   85.572   84.917    0    0  (Gen:  0)
545997344  26884464 2278911360  0.062  0.062   86.192   85.503    0    0  (Gen:  0)
540031600  26884456 2291808120  0.061  0.062   86.766   86.087    0    0  (Gen:  0)
546140000  26940368 2304416904  0.066  0.066   87.356   86.639    0    0  (Gen:  0)
548551568  26940408 2317243376  0.057  0.057   87.949   87.221    0    0  (Gen:  0)
544184784  26940496 2328935952  0.067  0.068   88.511   87.763    0    0  (Gen:  0)
547649296  26935720 2340064008  4.258  4.978   93.350   93.296    0    0  (Gen:  1)
548440640  25404664 2346300528  0.063  0.063   93.944   93.899    0    0  (Gen:  0)
546233008  27092336 2359122448  0.067  0.067   94.545   94.454    0    0  (Gen:  0)
545583824  27092376 2372145520  0.059  0.059   95.139   95.041    0    0  (Gen:  0)
544630520  27092408 2383660336  0.067  0.067   95.717   95.588    0    0  (Gen:  0)
551479120  28811184 2402112032  0.067  0.067   96.372   96.212    0    0  (Gen:  0)
548565968  28811376 2407740848  0.064  0.064   96.967   96.815    0    0  (Gen:  0)
547733952  28811288 2420604344  0.066  0.066   97.568   97.370    0    0  (Gen:  0)
377773968  28810872 2427160464  3.828  3.885  101.759  102.343    0    0  (Gen:  1)
   104136  11617016  18605352  0.037  0.264  101.796  102.610    0    0  (Gen:  1)
     1368                      0.000  0.000

  81,546,117,816 bytes allocated in the heap
  10,861,016,976 bytes copied during GC
   2,427,160,464 bytes maximum residency (8 sample(s))
       9,709,680 bytes maximum slop
            2314 MB total memory in use (0 MB lost due to fragmentation)

                                     Tot time (elapsed)  Avg pause  Max pause
  Gen  0       143 colls,     0 par   10.973s  11.102s     0.0776s    0.2829s
  Gen  1         8 colls,     0 par   12.157s  13.739s     1.7174s    4.9783s

  TASKS: 21 (1 bound, 20 peak workers (20 total), using -N4)

  SPARKS: 0 (0 converted, 0 overflowed, 0 dud, 0 GC'd, 0 fizzled)

  INIT    time    0.001s  (  0.006s elapsed)
  MUT     time   78.665s  ( 77.764s elapsed)
  GC      time   23.129s  ( 24.840s elapsed)
  EXIT    time    0.000s  (  0.004s elapsed)
  Total   time  101.796s  (102.614s elapsed)

  Alloc rate    1,036,623,165 bytes per MUT second

  Productivity  77.3% of total user, 75.8% of total elapsed

