bench-hist/multi/ghcide --lsp --cwd bench/example/Cabal-3.0.0.0 +RTS -I0 -qg -A128M -Scode_actions.benchmark-gcStats -I0.5 
    Alloc    Copied     Live     GC     GC      TOT      TOT  Page Flts
    bytes     bytes     bytes   user   elap     user     elap
529917232  18341856  19572008  0.063  0.072    0.546    6.143    0    0  (Gen:  0)
527586928  20669840  22249712  0.060  0.072    0.820    6.456    0    0  (Gen:  1)
556420792  18040704  30374304  0.030  0.035    1.242    7.128    0    0  (Gen:  0)
549053424  18043104  35709200  0.052  0.056    1.631    7.997    0    0  (Gen:  1)
542567736   9245976  42462488  0.022  0.022    1.978    8.499    0    0  (Gen:  0)
521724072   9244440  50326632  0.027  0.027    2.885    9.012    0    0  (Gen:  0)
550704880  71355976 134621752  0.168  0.189    3.765    9.549    0    0  (Gen:  0)
524632952  71367136 168024864  0.192  0.217    4.317    9.887    0    0  (Gen:  0)
527087096  71354776 183779120  0.275  0.306    4.997   10.326    0    0  (Gen:  1)
550257992  71366000 226368120  0.118  0.119    5.788   10.652    0    0  (Gen:  0)
544828320  36515808 228155392  0.069  0.069    6.468   10.882    0    0  (Gen:  0)
538532800  32530376 248481128  0.079  0.079    7.056   11.146    0    0  (Gen:  0)
544270480  32528176 251593888  0.077  0.077    7.670   11.381    0    0  (Gen:  0)
547530504  27260008 250463984  0.058  0.059    8.290   11.614    0    0  (Gen:  0)
524039808  27260056 270815832  0.084  0.084    8.771   12.065    0    0  (Gen:  0)
543747840  26424984 275002536  0.059  0.060    9.361   12.423    0    0  (Gen:  0)
532795752  26374528 287092656  0.077  0.077   10.014   12.649    0    0  (Gen:  0)
538207944  26371552 303197848  0.097  0.103   10.686   12.901    0    0  (Gen:  0)
530040000  26372320 315294184  0.094  0.099   11.258   13.123    0    0  (Gen:  0)
539852480  26370792 311939736  0.051  0.054   11.852   13.345    0    0  (Gen:  0)
537583928  26371832 308096888  0.040  0.040   12.350   13.739    0    0  (Gen:  0)
535359568  22926832 316928024  0.047  0.048   12.804   14.101    0    0  (Gen:  0)
573408040  22925800 341439240  0.085  0.095   13.442   14.647    0    0  (Gen:  0)
583904248  22928160 361811728  0.079  0.088   14.145   15.310    0    0  (Gen:  0)
539826688  22928312 258185640  0.387  0.442   14.951   16.078    0    0  (Gen:  1)
543435904  22925600 270042304  0.027  0.027   15.397   16.465    0    0  (Gen:  0)
544008872  24147992 282249528  0.018  0.018   15.810   16.832    0    0  (Gen:  0)
545471304  24147976 294023992  0.018  0.018   16.220   17.195    0    0  (Gen:  0)
589629968 208043648 249588744  0.317  0.318   17.042   18.699    0    0  (Gen:  1)
    99896  12480656  20317856  0.017  0.040   17.059   18.740    0    0  (Gen:  1)
     2016                      0.000  0.000

  15,756,529,464 bytes allocated in the heap
   1,076,865,216 bytes copied during GC
     258,185,640 bytes maximum residency (6 sample(s))
       4,363,864 bytes maximum slop
             246 MB total memory in use (0 MB lost due to fragmentation)

                                     Tot time (elapsed)  Avg pause  Max pause
  Gen  0        24 colls,     0 par    1.678s   1.775s     0.0740s    0.2172s
  Gen  1         6 colls,     0 par    1.108s   1.234s     0.2056s    0.4416s

  TASKS: 20 (1 bound, 19 peak workers (19 total), using -N4)

  SPARKS: 0 (0 converted, 0 overflowed, 0 dud, 0 GC'd, 0 fizzled)

  INIT    time    0.001s  (  0.006s elapsed)
  MUT     time   14.271s  ( 15.725s elapsed)
  GC      time    2.787s  (  3.009s elapsed)
  EXIT    time    0.000s  (  0.007s elapsed)
  Total   time   17.060s  ( 18.747s elapsed)

  Alloc rate    1,104,073,158 bytes per MUT second

  Productivity  83.7% of total user, 83.9% of total elapsed

