bench-hist/multi/ghcide --lsp --cwd bench/example/Cabal-3.0.0.0 +RTS -I0 -qg -A128M -SdocumentSymbols_after_edit.benchmark-gcStats -I0.5 
    Alloc    Copied     Live     GC     GC      TOT      TOT  Page Flts
    bytes     bytes     bytes   user   elap     user     elap
529740256      2152  19570368  0.052  0.058    0.440    5.858    0    0  (Gen:  0)
529406968      3752  22223248  0.056  0.068    0.685    6.142    0    0  (Gen:  1)
553012352      4304  30212104  0.029  0.035    1.097    6.819    0    0  (Gen:  0)
547732808  29939912  35631096  0.052  0.057    1.483    7.727    0    0  (Gen:  1)
544091288   9243232  42380264  0.022  0.022    1.833    8.234    0    0  (Gen:  0)
526192120   9241728  50408000  0.027  0.027    2.745    8.750    0    0  (Gen:  0)
543921408  68626296 131053848  0.158  0.179    3.647    9.268    0    0  (Gen:  0)
525675480  68634136 166745992  0.192  0.217    4.202    9.609    0    0  (Gen:  0)
521500352  68625104 186516056  0.283  0.314    4.891   10.060    0    0  (Gen:  1)
539634920  68642184 221477424  0.114  0.115    5.617   10.351    0    0  (Gen:  0)
551514480  68630400 230804360  0.074  0.075    6.292   10.605    0    0  (Gen:  0)
537212952  68626496 254538440  0.078  0.078    6.882   10.866    0    0  (Gen:  0)
544737664  68623960 254670640  0.061  0.061    7.465   11.078    0    0  (Gen:  0)
544187816  68624728 258567360  0.062  0.063    8.106   11.309    0    0  (Gen:  0)
525061504  68624984 275977736  0.082  0.083    8.588   11.742    0    0  (Gen:  0)
540787096  68622832 269897120  0.040  0.040    9.152   12.090    0    0  (Gen:  0)
538208392  68626152 286181640  0.072  0.073    9.804   12.320    0    0  (Gen:  0)
538764304  68680552 293628760  0.077  0.084   10.459   12.555    0    0  (Gen:  0)
528700816  38528488 315283576  0.094  0.094   11.096   12.789    0    0  (Gen:  0)
539620888  38524264 314171224  0.051  0.055   11.642   13.038    0    0  (Gen:  0)
538342592  17120952 310068928  0.039  0.040   12.162   13.377    0    0  (Gen:  0)
532025560  17121024 317855000  0.045  0.045   12.619   13.739    0    0  (Gen:  0)
570671632  17119936 342383976  0.085  0.097   13.261   14.290    0    0  (Gen:  0)
540327704  17119784 237026872  0.349  0.399   13.857   14.865    0    0  (Gen:  1)
537175968  17119768 237879920  0.007  0.007   14.103   15.037    0    0  (Gen:  0)
541006800  17119816 241686352  0.013  0.013   14.361   15.227    0    0  (Gen:  0)
543015840  17119848 242404072  0.010  0.010   14.616   15.414    0    0  (Gen:  0)
542695632  17119848 243817056  0.009  0.009   14.868   15.597    0    0  (Gen:  0)
536596336  17119848 248358592  0.015  0.015   15.134   15.790    0    0  (Gen:  0)
541998904  17119848 249419384  0.013  0.013   15.391   15.976    0    0  (Gen:  0)
537651368  17119848 249682888  0.009  0.009   15.646   16.163    0    0  (Gen:  0)
540637632  17119840 251015048  0.008  0.008   15.895   16.340    0    0  (Gen:  0)
539146824  17119840 255989440  0.015  0.015   16.156   16.528    0    0  (Gen:  0)
539075696   6887504 256187144  0.011  0.011   16.413   16.719    0    0  (Gen:  0)
540453784   6887504 257054800  0.009  0.009   16.665   16.901    0    0  (Gen:  0)
538623136   6363768 259480640  0.009  0.009   16.925   17.088    0    0  (Gen:  0)
541289968   6363800 262944576  0.014  0.014   17.187   17.280    0    0  (Gen:  0)
546793760   6363832 263344304  0.010  0.010   17.451   17.476    0    0  (Gen:  0)
541289992   6363832 264804144  0.011  0.012   17.714   17.667    0    0  (Gen:  0)
539327064   6363832 269434784  0.016  0.016   17.993   17.861    0    0  (Gen:  0)
541691136   6363832 270128312  0.013  0.013   18.252   18.051    0    0  (Gen:  0)
542250672   6363832 270849536  0.010  0.010   18.507   18.236    0    0  (Gen:  0)
544972776   6363832 272781752  0.009  0.009   18.765   18.423    0    0  (Gen:  0)
541263584   6363912 276988440  0.016  0.016   19.019   18.605    0    0  (Gen:  0)
545329448   6363960 277741736  0.013  0.013   19.279   18.795    0    0  (Gen:  0)
548059024   6363960 278613016  0.011  0.011   19.538   18.986    0    0  (Gen:  0)
543842656   6363960 280550168  0.009  0.009   19.793   19.172    0    0  (Gen:  0)
540525752   6363960 284367840  0.016  0.016   20.052   19.357    0    0  (Gen:  0)
544396720   6363960 284991760  0.013  0.013   20.318   19.552    0    0  (Gen:  0)
540502768   6363960 285529648  0.009  0.009   20.574   19.739    0    0  (Gen:  0)
541115104   6363952 286970672  0.009  0.009   20.829   19.918    0    0  (Gen:  0)
537462880   6363944 289369584  0.008  0.008   21.075   20.089    0    0  (Gen:  0)
634114008   6364000 309897304  0.078  0.078   21.530   20.542    0    0  (Gen:  0)
232058808  11337384  18402696  0.018  0.039   21.828   21.353    0    0  (Gen:  1)
     1584                      0.000  0.000

  28,955,436,976 bytes allocated in the heap
   1,311,298,376 bytes copied during GC
     237,026,872 bytes maximum residency (5 sample(s))
       3,551,688 bytes maximum slop
             226 MB total memory in use (0 MB lost due to fragmentation)

                                     Tot time (elapsed)  Avg pause  Max pause
  Gen  0        49 colls,     0 par    1.850s   1.937s     0.0395s    0.2172s
  Gen  1         5 colls,     0 par    0.759s   0.877s     0.1754s    0.3988s

  TASKS: 20 (1 bound, 19 peak workers (19 total), using -N4)

  SPARKS: 0 (0 converted, 0 overflowed, 0 dud, 0 GC'd, 0 fizzled)

  INIT    time    0.001s  (  0.005s elapsed)
  MUT     time   19.217s  ( 18.533s elapsed)
  GC      time    2.610s  (  2.814s elapsed)
  EXIT    time    0.001s  (  0.004s elapsed)
  Total   time   21.828s  ( 21.356s elapsed)

  Alloc rate    1,506,800,220 bytes per MUT second

  Productivity  88.0% of total user, 86.8% of total elapsed

