bench-hist/multi/ghcide --lsp --cwd bench/example/Cabal-3.0.0.0 +RTS -I0 -qg -A128M -Sedit.benchmark-gcStats -I0.5 
    Alloc    Copied     Live     GC     GC      TOT      TOT  Page Flts
    bytes     bytes     bytes   user   elap     user     elap
529256432  18323464  19607456  0.050  0.056    0.437    5.741    0    0  (Gen:  0)
534972752  18325120  22429272  0.056  0.067    0.687    6.030    0    0  (Gen:  1)
548612640  18024816  30306336  0.030  0.035    1.112    6.873    0    0  (Gen:  0)
545728544  18027208  35607616  0.052  0.057    1.497    7.743    0    0  (Gen:  1)
538817496  18025576  42284888  0.021  0.022    1.847    8.247    0    0  (Gen:  0)
524897136  18024032  50369936  0.027  0.028    2.756    8.765    0    0  (Gen:  0)
548532712  18027920 131571536  0.161  0.183    3.657    9.306    0    0  (Gen:  0)
529370216  18041920 167186152  0.192  0.218    4.226    9.651    0    0  (Gen:  0)
529586112  18026864 185781056  0.278  0.308    4.917   10.092    0    0  (Gen:  1)
543018512  56265952 221176560  0.113  0.114    5.667   10.395    0    0  (Gen:  0)
548010856  56238512 232502320  0.075  0.075    6.336   10.637    0    0  (Gen:  0)
538331376  56243328 248195632  0.076  0.076    6.948   10.880    0    0  (Gen:  0)
543088568  23040104 248025272  0.055  0.055    7.545   11.094    0    0  (Gen:  0)
547382832  23043872 251183544  0.046  0.046    8.139   11.301    0    0  (Gen:  0)
522467000  36617168 274002904  0.086  0.086    8.637   11.791    0    0  (Gen:  0)
542113416  36667856 272873352  0.055  0.058    9.208   12.145    0    0  (Gen:  0)
537679480  36630208 285732912  0.071  0.072    9.865   12.370    0    0  (Gen:  0)
537174976  44901936 308158808  0.106  0.109   10.540   12.630    0    0  (Gen:  0)
530447296  33596304 309141784  0.077  0.081   11.114   12.846    0    0  (Gen:  0)
540914288  33595264 301091720  0.025  0.025   11.637   13.056    0    0  (Gen:  0)
533902664  33596128 309219456  0.041  0.041   12.157   13.409    0    0  (Gen:  0)
536002488  33595864 318124072  0.048  0.048   12.611   13.772    0    0  (Gen:  0)
566550352  33598368 342423864  0.086  0.097   13.251   14.315    0    0  (Gen:  0)
551197416  33597240 227636424  0.349  0.399   14.161   15.292    0    0  (Gen:  1)
538439616  33594696 227454832  0.035  0.035   14.769   15.838    0    0  (Gen:  0)
550334880  33597728 228431472  0.035  0.035   15.357   16.445    0    0  (Gen:  0)
536062984  33594760 228013192  0.034  0.034   15.968   16.996    0    0  (Gen:  0)
549225376  13696856 229191464  0.035  0.035   16.557   17.604    0    0  (Gen:  0)
538293040  13693672 228574008  0.033  0.033   17.166   18.151    0    0  (Gen:  0)
553860208  13697296 229823856  0.036  0.036   17.756   18.759    0    0  (Gen:  0)
541148712  13693712 229461400  0.035  0.035   18.367   19.304    0    0  (Gen:  0)
546764344  13696992 230422512  0.035  0.035   18.954   19.910    0    0  (Gen:  0)
536838136  13076984 229923320  0.034  0.034   19.566   20.459    0    0  (Gen:  0)
548211232  13079904 231199568  0.036  0.036   20.154   21.064    0    0  (Gen:  0)
541486832  13059960 230528992  0.034  0.034   20.769   21.618    0    0  (Gen:  0)
550376872  13062856 231727448  0.036  0.036   21.358   22.225    0    0  (Gen:  0)
535581680  13060008 230845552  0.033  0.033   21.964   22.769    0    0  (Gen:  0)
553383632  13063232 232361960  0.036  0.036   22.554   23.375    0    0  (Gen:  0)
535709264  13060072 231302864  0.034  0.034   23.166   23.925    0    0  (Gen:  0)
551137320  13063032 232816520  0.036  0.036   23.757   24.531    0    0  (Gen:  0)
538543592  13060184 231676720  0.033  0.033   24.369   25.081    0    0  (Gen:  0)
551555992  13063240 233327560  0.036  0.036   24.958   25.685    0    0  (Gen:  0)
537319104  13060208 232147384  0.033  0.033   25.567   26.232    0    0  (Gen:  0)
548238600  13063632 233732256  0.037  0.037   26.158   26.838    0    0  (Gen:  0)
538057192  12484136 232447736  0.033  0.033   26.770   27.390    0    0  (Gen:  0)
552404744  12487680 234253648  0.036  0.036   27.361   27.996    0    0  (Gen:  0)
542783024  12842208 233206224  0.033  0.033   27.981   28.553    0    0  (Gen:  0)
553052976  13703112 234746248  0.036  0.036   28.574   29.162    0    0  (Gen:  0)
540998272  13699584 234107608  0.034  0.034   29.190   29.713    0    0  (Gen:  0)
552286368  13703240 235278576  0.037  0.037   29.783   30.323    0    0  (Gen:  0)
535568008  13095952 234642600  0.034  0.034   30.401   30.878    0    0  (Gen:  0)
552402488  13099064 235882296  0.037  0.037   30.994   31.489    0    0  (Gen:  0)
535049440  13095952 235105736  0.035  0.035   31.606   32.038    0    0  (Gen:  0)
550855160  13099016 236484024  0.036  0.036   32.201   32.650    0    0  (Gen:  0)
536622208  13096000 235415488  0.033  0.034   32.814   33.202    0    0  (Gen:  0)
549599704  13099584 236941344  0.037  0.037   33.406   33.809    0    0  (Gen:  0)
540721128  13096040 236161832  0.034  0.034   34.022   34.363    0    0  (Gen:  0)
551022240  13099640 237517912  0.037  0.037   34.615   34.971    0    0  (Gen:  0)
539032960  13096096 236587672  0.034  0.034   35.230   35.523    0    0  (Gen:  0)
549567320  13099736 238068928  0.038  0.038   35.826   36.134    0    0  (Gen:  0)
537764976  13096144 236977840  0.034  0.034   36.440   36.686    0    0  (Gen:  0)
554641304  13099608 238625672  0.037  0.037   37.034   37.294    0    0  (Gen:  0)
535018400  13096184 237376544  0.033  0.033   37.647   37.845    0    0  (Gen:  0)
548440992  13099704 238979184  0.037  0.037   38.240   38.452    0    0  (Gen:  0)
534690808  12340872 237465848  0.032  0.032   38.854   39.005    0    0  (Gen:  0)
555022712  12344224 239424792  0.037  0.038   39.450   39.613    0    0  (Gen:  0)
536256208  12340912 237807888  0.033  0.033   40.066   40.169    0    0  (Gen:  0)
552599104  13672264 239665240  0.037  0.037   40.661   40.778    0    0  (Gen:  0)
538681888  12504312 238209520  0.033  0.033   41.280   41.336    0    0  (Gen:  0)
552431208  12507200 239986496  0.037  0.037   41.878   41.950    0    0  (Gen:  0)
538007744  12504328 238589528  0.034  0.034   42.495   42.507    0    0  (Gen:  0)
554007888  12507792 240398344  0.037  0.037   43.092   43.119    0    0  (Gen:  0)
535749168  12504376 238995328  0.033  0.033   43.708   43.674    0    0  (Gen:  0)
551632896  13672688 240762544  0.037  0.037   44.303   44.283    0    0  (Gen:  0)
540961336  12743296 239570496  0.034  0.034   44.923   44.840    0    0  (Gen:  0)
548657032  12746360 241165928  0.037  0.037   45.519   45.452    0    0  (Gen:  0)
534491472  12743432 239695776  0.033  0.033   46.137   46.008    0    0  (Gen:  0)
552299624  13667352 241610944  0.037  0.038   46.732   46.616    0    0  (Gen:  0)
538592376  13664528 240022016  0.033  0.033   47.352   47.175    0    0  (Gen:  0)
550477552  13663344 241909616  0.037  0.037   47.946   47.784    0    0  (Gen:  0)
535966472  12245104 240134064  0.033  0.033   48.562   48.338    0    0  (Gen:  0)
553262008  12248240 242174600  0.038  0.038   49.160   48.948    0    0  (Gen:  0)
540280808  12494728 240614320  0.034  0.034   49.781   49.508    0    0  (Gen:  0)
548462384  12496696 242385792  0.037  0.037   50.378   50.118    0    0  (Gen:  0)
537971896  12494808 240977760  0.032  0.033   50.995   50.673    0    0  (Gen:  0)
549389208  13655648 242824720  0.037  0.037   51.592   51.285    0    0  (Gen:  0)
539329584  12267352 241119464  0.032  0.032   52.215   51.847    0    0  (Gen:  0)
549079896  12270024 243181704  0.038  0.038   52.811   52.456    0    0  (Gen:  0)
539273552  12267416 241351120  0.032  0.032   53.427   53.010    0    0  (Gen:  0)
551814128  12270504 243379312  0.037  0.038   54.022   53.618    0    0  (Gen:  0)
537922368  12267424 241512160  0.032  0.032   54.640   54.175    0    0  (Gen:  0)
550005536  12270520 243517832  0.038  0.038   55.231   54.781    0    0  (Gen:  0)
538364656  12267424 241742840  0.033  0.033   55.852   55.341    0    0  (Gen:  0)
552486472  12267856 243824864  0.037  0.038   56.447   55.948    0    0  (Gen:  0)
539446952  12267488 242090944  0.034  0.034   57.068   56.507    0    0  (Gen:  0)
550502888  12268656 244040928  0.037  0.037   57.666   57.118    0    0  (Gen:  0)
538456624  12172176 242153216  0.032  0.032   58.285   57.679    0    0  (Gen:  0)
552952056  12174496 244290880  0.037  0.038   58.886   58.294    0    0  (Gen:  0)
536909184  12172256 242487904  0.033  0.033   59.510   58.858    0    0  (Gen:  0)
550819720  12174600 244552576  0.038  0.038   60.106   59.467    0    0  (Gen:  0)
539460824  12189680 242702200  0.032  0.033   60.725   60.028    0    0  (Gen:  0)
555021400  12192624 244950720  0.038  0.038   61.323   60.638    0    0  (Gen:  0)
541013224  12189768 243348152  0.033  0.034   61.943   61.194    0    0  (Gen:  0)
551975800  12192736 245164840  0.038  0.038   62.541   61.808    0    0  (Gen:  0)
537126312  12573992 243782584  0.034  0.034   63.163   62.367    0    0  (Gen:  0)
549414472  12576928 245468256  0.037  0.037   63.757   62.977    0    0  (Gen:  0)
539409104  12574040 244090520  0.034  0.034   64.377   63.534    0    0  (Gen:  0)
547383088  13659760 245869832  0.037  0.037   64.973   64.144    0    0  (Gen:  0)
538311880  12277456 244261528  0.033  0.033   65.594   64.703    0    0  (Gen:  0)
548303696  13661688 246307096  0.037  0.037   66.188   65.311    0    0  (Gen:  0)
539407152  12077720 244275896  0.032  0.032   66.809   65.871    0    0  (Gen:  0)
553494104  12078400 246519128  0.038  0.038   67.409   66.485    0    0  (Gen:  0)
538879368  12077744 244612760  0.033  0.033   68.029   67.044    0    0  (Gen:  0)
546590064  12080808 246912752  0.038  0.038   68.622   67.650    0    0  (Gen:  0)
541585968  12120224 244713376  0.033  0.033   69.247   68.213    0    0  (Gen:  0)
551140360  12123248 246855808  0.038  0.038   69.843   68.821    0    0  (Gen:  0)
539740520  12120224 245052216  0.033  0.033   70.463   69.380    0    0  (Gen:  0)
549640048  12123464 247155472  0.037  0.037   71.060   69.989    0    0  (Gen:  0)
541047216  12120320 245338472  0.033  0.033   71.682   70.550    0    0  (Gen:  0)
550236872  12123040 247445152  0.037  0.037   72.279   71.160    0    0  (Gen:  0)
541135568  12295888 245593552  0.033  0.033   72.900   71.721    0    0  (Gen:  0)
552283080  13672592 247634936  0.038  0.038   73.500   72.337    0    0  (Gen:  0)
538852448  12366024 246002848  0.033  0.033   74.123   72.898    0    0  (Gen:  0)
554226688  12369424 247898488  0.037  0.037   74.721   73.508    0    0  (Gen:  0)
538798312  12366096 246520760  0.033  0.034   75.340   74.065    0    0  (Gen:  0)
546506400  13664648 248252048  0.037  0.037   75.938   74.677    0    0  (Gen:  0)
537888912  13662832 246549376  0.033  0.033   76.558   75.237    0    0  (Gen:  0)
546699824  13916368 248879312  0.039  0.039   77.154   75.848    0    0  (Gen:  0)
543799392  12190776 246796880  0.033  0.033   77.780   76.412    0    0  (Gen:  0)
550274224  13672288 248854368  0.037  0.038   78.375   77.019    0    0  (Gen:  0)
540805968  13669208 247010272  0.033  0.033   78.995   77.579    0    0  (Gen:  0)
550930800  13672320 249149472  0.038  0.038   79.594   78.190    0    0  (Gen:  0)
546853928  13669304 247807040  0.034  0.034   80.219   78.753    0    0  (Gen:  0)
549223864  13672288 249353456  0.037  0.037   80.817   79.365    0    0  (Gen:  0)
537989352  12505640 248057720  0.034  0.034   81.438   79.923    0    0  (Gen:  0)
551485216  12509192 249943904  0.037  0.038   82.040   80.539    0    0  (Gen:  0)
534849312  12312560 248235352  0.033  0.033   82.659   81.095    0    0  (Gen:  0)
551173592  12315848 250217160  0.038  0.038   83.262   81.712    0    0  (Gen:  0)
540295768  12312608 248598288  0.034  0.034   83.883   82.269    0    0  (Gen:  0)
551378392  12316056 250500088  0.038  0.038   84.481   82.881    0    0  (Gen:  0)
537530240  12312704 248878712  0.033  0.033   85.103   83.441    0    0  (Gen:  0)
548850456  12315496 250867200  0.038  0.038   85.704   84.056    0    0  (Gen:  0)
540699224  12312784 249133040  0.033  0.033   86.327   84.618    0    0  (Gen:  0)
547699344  13659408 251168240  0.037  0.037   86.922   85.225    0    0  (Gen:  0)
541773680  13656440 249297528  0.032  0.032   87.547   85.790    0    0  (Gen:  0)
554793288  13688616 251417216  0.038  0.038   88.147   86.403    0    0  (Gen:  0)
537962648  13685592 249708552  0.033  0.033   88.769   86.964    0    0  (Gen:  0)
552756632  13688960 251654512  0.038  0.038   89.364   87.571    0    0  (Gen:  0)
540295720  12536264 250154216  0.034  0.034   89.989   88.135    0    0  (Gen:  0)
551012952  12538320 251914192  0.038  0.038   90.593   88.755    0    0  (Gen:  0)
538154824  12536288 250432712  0.034  0.034   91.213   89.315    0    0  (Gen:  0)
550942632  12539736 252325032  0.038  0.038   91.813   89.929    0    0  (Gen:  0)
541091432  12536424 250945352  0.034  0.034   92.439   90.492    0    0  (Gen:  0)
550200144  12539848 252679664  0.038  0.038   93.037   91.106    0    0  (Gen:  0)
536184264  12348568 251067808  0.033  0.033   93.659   91.667    0    0  (Gen:  0)
554035864  12352000 253086928  0.038  0.038   94.260   92.279    0    0  (Gen:  0)
155496880 190145448 225061712  0.284  0.285   94.738   93.446    0    0  (Gen:  1)
   100768  11333952  18359024  0.017  0.039   94.755   93.571    0    0  (Gen:  1)
     1368                      0.000  0.000

  85,017,926,160 bytes allocated in the heap
   2,688,536,096 bytes copied during GC
     227,636,424 bytes maximum residency (6 sample(s))
       3,504,952 bytes maximum slop
             217 MB total memory in use (0 MB lost due to fragmentation)

                                     Tot time (elapsed)  Avg pause  Max pause
  Gen  0       152 colls,     0 par    6.088s   6.184s     0.0407s    0.2180s
  Gen  1         6 colls,     0 par    1.035s   1.155s     0.1925s    0.3989s

  TASKS: 21 (1 bound, 20 peak workers (20 total), using -N4)

  SPARKS: 0 (0 converted, 0 overflowed, 0 dud, 0 GC'd, 0 fizzled)

  INIT    time    0.001s  (  0.006s elapsed)
  MUT     time   87.630s  ( 86.226s elapsed)
  GC      time    7.123s  (  7.339s elapsed)
  EXIT    time    0.000s  (  0.006s elapsed)
  Total   time   94.755s  ( 93.577s elapsed)

  Alloc rate    970,189,511 bytes per MUT second

  Productivity  92.5% of total user, 92.1% of total elapsed

