bench-hist/multi/ghcide --lsp --cwd bench/example/Cabal-3.0.0.0 +RTS -I0 -qg -A128M -SgetDefinition.benchmark-gcStats -I0.5 
    Alloc    Copied     Live     GC     GC      TOT      TOT  Page Flts
    bytes     bytes     bytes   user   elap     user     elap
528828280      2152  19532648  0.050  0.056    0.438    5.840    0    0  (Gen:  0)
528705568      3768  22268464  0.055  0.066    0.682    6.122    0    0  (Gen:  1)
553851776      4296  30281552  0.029  0.035    1.097    6.771    0    0  (Gen:  0)
549647896      6728  35711656  0.052  0.057    1.488    7.714    0    0  (Gen:  1)
539645368      5096  42387968  0.022  0.023    1.833    8.214    0    0  (Gen:  0)
526660288      3584  50424552  0.027  0.027    2.741    8.723    0    0  (Gen:  0)
548925992  69829496 132856472  0.161  0.184    3.649    9.271    0    0  (Gen:  0)
521472424  69839480 167213064  0.191  0.218    4.198    9.617    0    0  (Gen:  0)
523326640  69828176 188779976  0.287  0.318    4.845   10.044    0    0  (Gen:  1)
551776960  69838320 221604456  0.108  0.108    5.662   10.382    0    0  (Gen:  0)
543941808  69841096 230294192  0.066  0.066    6.328   10.605    0    0  (Gen:  0)
542077056  69829944 247982544  0.081  0.081    6.944   10.868    0    0  (Gen:  0)
540694248  69827504 248155048  0.067  0.067    7.532   11.084    0    0  (Gen:  0)
540870512  69827792 254190200  0.070  0.070    8.179   11.328    0    0  (Gen:  0)
529630064  69828352 268807312  0.086  0.086    8.675   11.765    0    0  (Gen:  0)
540807328  21826168 267822744  0.045  0.046    9.227   12.110    0    0  (Gen:  0)
544672832  21781376 285207920  0.072  0.072    9.885   12.341    0    0  (Gen:  0)
540379880  21773464 286529608  0.066  0.069   10.507   12.574    0    0  (Gen:  0)
530329888  21773128 308014392  0.108  0.111   11.177   12.833    0    0  (Gen:  0)
534056496  21772832 302176648  0.054  0.055   11.702   13.077    0    0  (Gen:  0)
532487568  21773024 297596232  0.038  0.039   12.208   13.411    0    0  (Gen:  0)
531371120  21773200 305453408  0.045  0.045   12.662   13.770    0    0  (Gen:  0)
579780120  21772168 329261648  0.083  0.094   13.329   14.358    0    0  (Gen:  0)
539464464  21772528 333838448  0.037  0.038   13.697   14.707    0    0  (Gen:  0)
520463944  21771864 230901624  0.333  0.376   14.197   15.250    0    0  (Gen:  1)
538315864  21772576 234274968  0.010  0.010   14.447   15.535    0    0  (Gen:  0)
575794664   2830240 236143968  0.009  0.010   15.183   16.246    0    0  (Gen:  0)
575667304   2830384 236537504  0.009  0.009   15.918   16.957    0    0  (Gen:  0)
577430904   2830440 236602216  0.009  0.009   16.648   17.658    0    0  (Gen:  0)
574244000   2373680 236162552  0.009  0.009   17.375   18.353    0    0  (Gen:  0)
575892952   2373680 236392984  0.009  0.009   18.103   19.048    0    0  (Gen:  0)
574753896   2373824 236152784  0.008  0.009   18.827   19.741    0    0  (Gen:  0)
576047184   2456520 235989960  0.008  0.008   19.559   20.440    0    0  (Gen:  0)
579460920   2456592 235898608  0.008  0.008   20.291   21.144    0    0  (Gen:  0)
578995688   2704568 236670000  0.010  0.010   21.018   21.837    0    0  (Gen:  0)
577281096   2704688 237160296  0.010  0.010   21.726   22.536    0    0  (Gen:  0)
579615936   2704784 237801344  0.011  0.011   22.444   23.241    0    0  (Gen:  0)
576393048   2704872 237022840  0.010  0.010   23.166   23.944    0    0  (Gen:  0)
573572624   2704904 236924760  0.009  0.009   23.906   24.656    0    0  (Gen:  0)
577207968   2705056 237377760  0.009  0.009   24.648   25.370    0    0  (Gen:  0)
576991696   2447184 237102856  0.009  0.009   25.383   26.075    0    0  (Gen:  0)
580662472   2447296 236805320  0.009  0.009   26.121   26.781    0    0  (Gen:  0)
577503816   2306152 236826368  0.009  0.009   26.858   27.484    0    0  (Gen:  0)
574780704   2491536 237037232  0.009  0.009   27.585   28.176    0    0  (Gen:  0)
577391136   2491776 237426328  0.009  0.009   28.321   28.879    0    0  (Gen:  0)
581032944   2491800 237607960  0.009  0.009   29.059   29.585    0    0  (Gen:  0)
571375560   2491864 236725160  0.008  0.009   29.784   30.276    0    0  (Gen:  0)
576736704   2491928 238186640  0.010  0.010   30.496   30.975    0    0  (Gen:  0)
575728656   2491984 238433248  0.011  0.011   31.206   31.680    0    0  (Gen:  0)
579573728   2591992 237829040  0.010  0.010   31.937   32.390    0    0  (Gen:  0)
575473808   2454160 237745288  0.009  0.009   32.681   33.105    0    0  (Gen:  0)
578297648   2454240 237717688  0.009  0.009   33.426   33.822    0    0  (Gen:  0)
577264224   2454272 237705648  0.009  0.009   34.166   34.532    0    0  (Gen:  0)
577436568   2580288 238261712  0.009  0.009   34.906   35.239    0    0  (Gen:  0)
573151624   2580352 237744304  0.009  0.009   35.640   35.938    0    0  (Gen:  0)
577046920   2580472 238114168  0.009  0.010   36.379   36.646    0    0  (Gen:  0)
570832496   2580496 237429208  0.009  0.009   37.111   37.342    0    0  (Gen:  0)
576046800   2388624 237257000  0.009  0.009   37.849   38.045    0    0  (Gen:  0)
579072816   2367400 237538096  0.008  0.008   38.582   38.742    0    0  (Gen:  0)
578562304   2367520 238942856  0.011  0.011   39.303   39.452    0    0  (Gen:  0)
579765288   2367576 239537992  0.012  0.012   40.028   40.164    0    0  (Gen:  0)
582685888   2367752 238500392  0.010  0.010   40.760   40.876    0    0  (Gen:  0)
580858056   2510208 238292072  0.010  0.010   41.512   41.600    0    0  (Gen:  0)
579464752   2443872 238261208  0.009  0.009   42.264   42.326    0    0  (Gen:  0)
577543264   2390184 238281048  0.009  0.009   43.015   43.055    0    0  (Gen:  0)
576336952   2390320 238531424  0.009  0.009   43.756   43.764    0    0  (Gen:  0)
573828760   2390328 238467768  0.009  0.009   44.492   44.464    0    0  (Gen:  0)
574958896   2390456 238710392  0.010  0.010   45.233   45.171    0    0  (Gen:  0)
569584712   2390496 238700288  0.009  0.009   45.959   45.861    0    0  (Gen:  0)
577003584   2390520 237887944  0.009  0.009   46.701   46.571    0    0  (Gen:  0)
576515544   2390552 237764504  0.009  0.009   47.438   47.272    0    0  (Gen:  0)
574404120   2390608 239210712  0.011  0.011   48.152   47.969    0    0  (Gen:  0)
582201920   2390672 240075432  0.012  0.012   48.880   48.685    0    0  (Gen:  0)
579823576   2390736 238921624  0.010  0.011   49.613   49.403    0    0  (Gen:  0)
577598200   2390800 238699760  0.010  0.010   50.361   50.124    0    0  (Gen:  0)
575469536   2390800 238965072  0.010  0.010   51.108   50.842    0    0  (Gen:  0)
576729072   2390888 239140320  0.010  0.010   51.854   51.557    0    0  (Gen:  0)
573156280   2486328 239039800  0.010  0.010   52.588   52.255    0    0  (Gen:  0)
577021608   2319288 238472160  0.009  0.009   53.331   52.964    0    0  (Gen:  0)
576178296   2408008 238568848  0.009  0.009   54.069   53.670    0    0  (Gen:  0)
575461280   2483376 238500168  0.009  0.009   54.806   54.376    0    0  (Gen:  0)
573528984   2483456 238572016  0.009  0.009   55.547   55.082    0    0  (Gen:  0)
576389216   2483480 238991760  0.010  0.010   56.284   55.786    0    0  (Gen:  0)
581458360   2483576 239522824  0.011  0.011   57.011   56.497    0    0  (Gen:  0)
576250616   2483672 239595000  0.011  0.011   57.729   57.208    0    0  (Gen:  0)
574847040   2674224 239557720  0.010  0.010   58.459   57.915    0    0  (Gen:  0)
579936168   2674216 239077024  0.010  0.010   59.222   58.652    0    0  (Gen:  0)
576410552   2674304 239304024  0.010  0.010   59.973   59.371    0    0  (Gen:  0)
576110120   2674416 238906656  0.010  0.010   60.717   60.087    0    0  (Gen:  0)
577651640   2674432 239008504  0.009  0.009   61.460   60.797    0    0  (Gen:  0)
575221456   2314104 238705936  0.009  0.009   62.199   61.501    0    0  (Gen:  0)
572826808   2314152 238776696  0.009  0.009   62.933   62.200    0    0  (Gen:  0)
576169464   2314160 238689488  0.009  0.009   63.673   62.904    0    0  (Gen:  0)
559577752 194561560 229882000  0.286  0.286   64.671   64.594    0    0  (Gen:  1)
   104096  11340880  18411952  0.016  0.036   64.687   64.713    0    0  (Gen:  1)
     1368                      0.000  0.000

  53,202,578,416 bytes allocated in the heap
   1,240,998,080 bytes copied during GC
     230,901,624 bytes maximum residency (6 sample(s))
       3,520,368 bytes maximum slop
             220 MB total memory in use (0 MB lost due to fragmentation)

                                     Tot time (elapsed)  Avg pause  Max pause
  Gen  0        89 colls,     0 par    2.150s   2.236s     0.0251s    0.2178s
  Gen  1         6 colls,     0 par    1.029s   1.141s     0.1901s    0.3764s

  TASKS: 22 (1 bound, 21 peak workers (21 total), using -N4)

  SPARKS: 0 (0 converted, 0 overflowed, 0 dud, 0 GC'd, 0 fizzled)

  INIT    time    0.001s  (  0.006s elapsed)
  MUT     time   61.507s  ( 61.331s elapsed)
  GC      time    3.179s  (  3.376s elapsed)
  EXIT    time    0.000s  (  0.010s elapsed)
  Total   time   64.688s  ( 64.723s elapsed)

  Alloc rate    864,988,777 bytes per MUT second

  Productivity  95.1% of total user, 94.8% of total elapsed

