bench-hist/multi/ghcide --lsp --cwd bench/example/Cabal-3.0.0.0 +RTS -I0 -qg -A128M -Shover.benchmark-gcStats -I0.5 
    Alloc    Copied     Live     GC     GC      TOT      TOT  Page Flts
    bytes     bytes     bytes   user   elap     user     elap
529053192  18312560  19594736  0.051  0.057    0.440    5.832    0    0  (Gen:  0)
534255952  20764944  22354712  0.057  0.069    0.690    6.122    0    0  (Gen:  1)
554192400  20765536  30356384  0.030  0.036    1.105    6.775    0    0  (Gen:  0)
551329344  29992624  35728024  0.052  0.058    1.493    7.643    0    0  (Gen:  1)
543137304   9264072  42483040  0.022  0.022    1.840    8.146    0    0  (Gen:  0)
522118008  13755464  50501816  0.027  0.028    2.754    8.661    0    0  (Gen:  0)
548743968  13759376 131492928  0.162  0.183    3.594    9.176    0    0  (Gen:  0)
526712872  13783816 168447024  0.194  0.220    4.162    9.529    0    0  (Gen:  0)
522432128 158882080 188413488  0.287  0.319    4.855    9.982    0    0  (Gen:  1)
544239384 158893080 228745584  0.122  0.123    5.610   10.288    0    0  (Gen:  0)
549151504 158892680 230260520  0.067  0.067    6.268   10.516    0    0  (Gen:  0)
538311776  32273664 250770016  0.081  0.081    6.889   10.780    0    0  (Gen:  0)
542307344  32270832 242577312  0.047  0.047    7.451   10.973    0    0  (Gen:  0)
535173208  32272144 261217224  0.081  0.081    8.102   11.227    0    0  (Gen:  0)
525401520  32272056 271669656  0.083  0.083    8.590   11.662    0    0  (Gen:  0)
540840832  32269992 267145032  0.041  0.041    9.158   12.004    0    0  (Gen:  0)
539835056  32330520 287744176  0.085  0.086    9.839   12.254    0    0  (Gen:  0)
530429488  32274920 309019792  0.105  0.107   10.463   12.495    0    0  (Gen:  0)
540156512  32270160 302382560  0.055  0.058   11.086   12.741    0    0  (Gen:  0)
538111136  32269776 307414232  0.048  0.048   11.566   12.961    0    0  (Gen:  0)
529319416  32270776 307741136  0.038  0.038   12.064   13.304    0    0  (Gen:  0)
534369472  32270544 316514968  0.047  0.047   12.521   13.666    0    0  (Gen:  0)
581031408  32269496 340001672  0.083  0.094   13.190   14.262    0    0  (Gen:  0)
537916016  32269984 344562064  0.038  0.039   13.550   14.602    0    0  (Gen:  0)
520422240  32269304 234806112  0.347  0.391   14.064   15.161    0    0  (Gen:  1)
541633848  32269920 238287512  0.010  0.010   14.314   15.444    0    0  (Gen:  0)
577601792   2847304 240138848  0.009  0.009   15.056   16.162    0    0  (Gen:  0)
578808448   2847440 240086432  0.009  0.009   15.797   16.878    0    0  (Gen:  0)
576299184   2847448 240041496  0.009  0.009   16.531   17.584    0    0  (Gen:  0)
576126104   2346488 239902328  0.009  0.009   17.259   18.279    0    0  (Gen:  0)
578149240   2297032 239795936  0.008  0.008   17.990   18.978    0    0  (Gen:  0)
572810032   2297096 239885064  0.008  0.008   18.713   19.670    0    0  (Gen:  0)
576418520   2297112 239649544  0.008  0.008   19.446   20.374    0    0  (Gen:  0)
569136944   2297112 239488368  0.008  0.008   20.163   21.054    0    0  (Gen:  0)
576780832   2812096 240689312  0.010  0.010   20.869   21.752    0    0  (Gen:  0)
579128056   2812128 240418224  0.009  0.009   21.586   22.456    0    0  (Gen:  0)
575121888   2812304 240348224  0.009  0.009   22.313   23.164    0    0  (Gen:  0)
578429152   2812344 240382632  0.009  0.009   23.058   23.884    0    0  (Gen:  0)
578523120   2812384 240332504  0.009  0.009   23.801   24.599    0    0  (Gen:  0)
579363760   2370264 240274080  0.009  0.009   24.535   25.301    0    0  (Gen:  0)
578252512   2370296 240193624  0.009  0.009   25.270   26.002    0    0  (Gen:  0)
575018248   2351000 240099832  0.009  0.009   26.002   26.700    0    0  (Gen:  0)
573777736   2351096 240173184  0.009  0.009   26.732   27.396    0    0  (Gen:  0)
579986528   2351192 240047440  0.009  0.009   27.470   28.105    0    0  (Gen:  0)
572041944   2351240 239851328  0.008  0.008   28.199   28.798    0    0  (Gen:  0)
579219168   2351240 240953256  0.010  0.010   28.916   29.502    0    0  (Gen:  0)
578501648   2351272 241097264  0.010  0.010   29.629   30.206    0    0  (Gen:  0)
573718248   2351280 240692600  0.010  0.010   30.354   30.910    0    0  (Gen:  0)
578057384   2351320 240662616  0.009  0.009   31.102   31.632    0    0  (Gen:  0)
577061096   2390312 240549976  0.009  0.009   31.847   32.351    0    0  (Gen:  0)
573588208   2390320 240434688  0.009  0.009   32.577   33.045    0    0  (Gen:  0)
575039496   2305344 240224352  0.009  0.009   33.311   33.747    0    0  (Gen:  0)
571736832   2305376 240313936  0.009  0.009   34.035   34.442    0    0  (Gen:  0)
578216864   2305400 240195080  0.009  0.009   34.772   35.147    0    0  (Gen:  0)
577688712   2305424 239985136  0.008  0.008   35.514   35.855    0    0  (Gen:  0)
572035440   2305496 240858672  0.010  0.010   36.229   36.547    0    0  (Gen:  0)
577596016   2305520 241675552  0.011  0.011   36.940   37.254    0    0  (Gen:  0)
577698936   2305592 240866984  0.010  0.010   37.670   37.966    0    0  (Gen:  0)
577077832   2305592 240800256  0.009  0.009   38.419   38.687    0    0  (Gen:  0)
579592832   2389224 240761456  0.009  0.009   39.170   39.412    0    0  (Gen:  0)
575770264   2389248 240691344  0.009  0.009   39.910   40.121    0    0  (Gen:  0)
577882888   2389312 240554152  0.009  0.009   40.652   40.830    0    0  (Gen:  0)
577906560   2318424 240475632  0.009  0.009   41.404   41.737    0    0  (Gen:  0)
572694128   2505864 240506640  0.009  0.009   42.137   42.436    0    0  (Gen:  0)
572087320   2404384 240278680  0.009  0.009   42.874   43.140    0    0  (Gen:  0)
576534408   2257928 240046768  0.008  0.008   43.608   43.840    0    0  (Gen:  0)
576983296   2257960 241406696  0.011  0.011   44.325   44.550    0    0  (Gen:  0)
578573392   2258016 240994968  0.009  0.009   45.052   45.260    0    0  (Gen:  0)
574534264   2488424 241065928  0.009  0.009   45.784   45.972    0    0  (Gen:  0)
580360344   2488496 240988264  0.009  0.009   46.536   46.696    0    0  (Gen:  0)
577652912   2488496 241061400  0.009  0.009   47.283   47.415    0    0  (Gen:  0)
573180344   2488592 240945632  0.009  0.009   48.020   48.117    0    0  (Gen:  0)
578089968   2488648 240824128  0.009  0.009   48.764   48.828    0    0  (Gen:  0)
577089568   2429184 240808064  0.009  0.009   49.502   49.530    0    0  (Gen:  0)
574280032   2470376 240727872  0.009  0.009   50.241   50.234    0    0  (Gen:  0)
575822064   2470488 240553984  0.009  0.009   50.982   50.940    0    0  (Gen:  0)
572197216   2470488 241579768  0.011  0.011   51.703   51.638    0    0  (Gen:  0)
576851880   3205488 242176472  0.012  0.012   52.419   52.347    0    0  (Gen:  0)
579863600   3205528 241457000  0.010  0.010   53.158   53.066    0    0  (Gen:  0)
578271896   2465728 241326944  0.010  0.010   53.910   53.790    0    0  (Gen:  0)
579482656   2418464 241309888  0.009  0.009   54.664   54.513    0    0  (Gen:  0)
574703608   2418504 241215312  0.009  0.009   55.410   55.228    0    0  (Gen:  0)
573608624   2418536 241139032  0.009  0.009   56.147   55.931    0    0  (Gen:  0)
572228880   2418592 240956224  0.009  0.009   56.884   56.631    0    0  (Gen:  0)
570535184   2418576 241019456  0.009  0.009   57.617   57.328    0    0  (Gen:  0)
572652976   2418624 240749312  0.009  0.009   58.356   58.029    0    0  (Gen:  0)
576107056   2418680 241722496  0.010  0.010   59.093   58.739    0    0  (Gen:  0)
575552408   2418680 241971704  0.011  0.011   59.812   59.460    0    0  (Gen:  0)
576659728   2418736 241749192  0.010  0.010   60.535   60.168    0    0  (Gen:  0)
576862760   2418776 241561184  0.009  0.010   61.287   60.894    0    0  (Gen:  0)
578365208   2406848 241528896  0.010  0.010   62.037   61.619    0    0  (Gen:  0)
580254392   2406888 241460472  0.009  0.009   62.785   62.336    0    0  (Gen:  0)
577931784   2406976 241420992  0.009  0.009   63.528   63.045    0    0  (Gen:  0)
577327216   2406992 241294336  0.009  0.009   64.270   63.754    0    0  (Gen:  0)
127710856 198569400 233783080  0.285  0.285   64.723   64.912    0    0  (Gen:  1)
   104280  11340728  18367512  0.016  0.035   64.740   65.028    0    0  (Gen:  1)
     1368                      0.000  0.000

  53,315,943,408 bytes allocated in the heap
   1,478,157,480 bytes copied during GC
     234,806,112 bytes maximum residency (6 sample(s))
       3,557,840 bytes maximum slop
             223 MB total memory in use (0 MB lost due to fragmentation)

                                     Tot time (elapsed)  Avg pause  Max pause
  Gen  0        90 colls,     0 par    2.144s   2.226s     0.0247s    0.2203s
  Gen  1         6 colls,     0 par    1.045s   1.157s     0.1929s    0.3913s

  TASKS: 21 (1 bound, 20 peak workers (20 total), using -N4)

  SPARKS: 0 (0 converted, 0 overflowed, 0 dud, 0 GC'd, 0 fizzled)

  INIT    time    0.001s  (  0.006s elapsed)
  MUT     time   61.550s  ( 61.638s elapsed)
  GC      time    3.189s  (  3.384s elapsed)
  EXIT    time    0.000s  (  0.001s elapsed)
  Total   time   64.740s  ( 65.028s elapsed)

  Alloc rate    866,225,519 bytes per MUT second

  Productivity  95.1% of total user, 94.8% of total elapsed

