bench-hist/multi/ghcide --lsp --cwd bench/example/Cabal-3.0.0.0 +RTS -I0 -qg -A128M -Shover_after_edit.benchmark-gcStats -I0.5 
    Alloc    Copied     Live     GC     GC      TOT      TOT  Page Flts
    bytes     bytes     bytes   user   elap     user     elap
535047624      2152  19737976  0.051  0.057    0.449    5.876    0    0  (Gen:  0)
529199504  20762472  22417544  0.056  0.067    0.693    6.157    0    0  (Gen:  1)
551408824  20763016  30689736  0.030  0.036    1.103    6.807    0    0  (Gen:  0)
547167320  20765360  35687720  0.052  0.057    1.490    7.725    0    0  (Gen:  1)
542096872   9199552  42399448  0.022  0.022    1.838    8.230    0    0  (Gen:  0)
523087368   9198024  50851712  0.029  0.029    2.760    8.754    0    0  (Gen:  0)
545900120  70260016 133326952  0.163  0.183    3.662    9.273    0    0  (Gen:  0)
522674864  70274504 167623576  0.192  0.218    4.225    9.619    0    0  (Gen:  0)
526627408  70259240 177764376  0.263  0.291    4.908   10.045    0    0  (Gen:  1)
543206368  70278136 218100000  0.114  0.114    5.571   10.313    0    0  (Gen:  0)
546955048  70262344 229906912  0.082  0.082    6.266   10.557    0    0  (Gen:  0)
539238024  70260592 242335064  0.073  0.073    6.869   10.810    0    0  (Gen:  0)
544721576  70258208 245525184  0.068  0.068    7.480   11.035    0    0  (Gen:  0)
541818872  70257912 246500824  0.058  0.058    8.087   11.261    0    0  (Gen:  0)
529705240  70258936 265636664  0.081  0.082    8.570   11.686    0    0  (Gen:  0)
537319248  70257192 263274976  0.046  0.046    9.150   12.035    0    0  (Gen:  0)
543994776  70310304 270747872  0.060  0.061    9.773   12.244    0    0  (Gen:  0)
542947848  70263792 282454944  0.075  0.079   10.455   12.486    0    0  (Gen:  0)
530599696  70261112 298376360  0.092  0.093   11.079   12.715    0    0  (Gen:  0)
534983936  70257296 301071144  0.052  0.055   11.616   12.961    0    0  (Gen:  0)
531090392  70256992 296204184  0.039  0.039   12.121   13.293    0    0  (Gen:  0)
532755160  70257320 303888584  0.045  0.045   12.578   13.656    0    0  (Gen:  0)
570317624  36283176 328584080  0.084  0.096   13.215   14.205    0    0  (Gen:  0)
540914272  21575288 331806800  0.046  0.046   13.702   14.680    0    0  (Gen:  0)
520582376 193766480 229888472  0.331  0.374   14.197   15.220    0    0  (Gen:  1)
520353040   5014840 233006720  0.009  0.009   14.349   15.372    0    0  (Gen:  0)
542875504  16618752 248257112  0.040  0.040   14.830   15.838    0    0  (Gen:  0)
520588656  17405400 249970264  0.026  0.027   15.014   16.023    0    0  (Gen:  0)
520294208   4966280 253131576  0.009  0.009   15.167   16.177    0    0  (Gen:  0)
543651048   4967088 268386424  0.040  0.040   15.648   16.644    0    0  (Gen:  0)
522085112   4966584 270012448  0.027  0.027   15.832   16.828    0    0  (Gen:  0)
520353080   4966344 272952736  0.009  0.009   15.992   16.989    0    0  (Gen:  0)
545611024   4967152 285644960  0.036  0.036   16.446   17.430    0    0  (Gen:  0)
526046232   4966872 289674624  0.029  0.029   16.646   17.630    0    0  (Gen:  0)
520315248   4966392 291726704  0.014  0.014   16.811   17.795    0    0  (Gen:  0)
548871272   4967184 298354464  0.017  0.017   17.198   18.170    0    0  (Gen:  0)
520532768   4971664 308885360  0.033  0.033   17.447   18.417    0    0  (Gen:  0)
520274176   4966448 311572816  0.022  0.022   17.624   18.596    0    0  (Gen:  0)
542560064   4967240 315596712  0.013  0.013   17.910   18.910    0    0  (Gen:  0)
521296408  16431832 328718656  0.035  0.035   18.256   19.217    0    0  (Gen:  0)
520281728  15356280 330705592  0.025  0.025   18.439   19.401    0    0  (Gen:  0)
538463696   5319768 334750160  0.013  0.013   18.670   19.646    0    0  (Gen:  0)
529980496   5319152 348387936  0.035  0.035   19.063   20.012    0    0  (Gen:  0)
520424464   5319016 350451616  0.024  0.024   19.247   20.196    0    0  (Gen:  0)
527312728   5319800 353018336  0.009  0.009   19.414   20.354    0    0  (Gen:  0)
539060992   5319224 368500552  0.038  0.038   19.878   20.813    0    0  (Gen:  0)
520411680   5319312 370332272  0.025  0.025   20.063   20.998    0    0  (Gen:  0)
526288384   5319880 371579672  0.005  0.005   20.216   21.152    0    0  (Gen:  0)
540001128  16356040 388495472  0.039  0.039   20.691   21.614    0    0  (Gen:  0)
520578672  17309512 390338592  0.026  0.027   20.877   21.801    0    0  (Gen:  0)
520276120   4853264 393238536  0.008  0.008   21.031   21.955    0    0  (Gen:  0)
544122040   4854080 408610992  0.040  0.040   21.512   22.421    0    0  (Gen:  0)
520602880   4853576 410345392  0.026  0.026   21.697   22.606    0    0  (Gen:  0)
520292472   4853384 413610856  0.009  0.009   21.852   22.761    0    0  (Gen:  0)
544338552   4854192 428744296  0.040  0.040   22.330   23.223    0    0  (Gen:  0)
520671624  17191216 430252296  0.026  0.026   22.513   23.406    0    0  (Gen:  0)
520331216   4468232 433060560  0.008  0.008   22.673   23.566    0    0  (Gen:  0)
544602800   4469032 445246904  0.032  0.032   23.108   23.990    0    0  (Gen:  0)
523761912   4468848 449835016  0.029  0.029   23.325   24.205    0    0  (Gen:  0)
520330848   4468312 452192520  0.015  0.015   23.494   24.374    0    0  (Gen:  0)
546719992   4469120 457091008  0.016  0.016   23.842   24.729    0    0  (Gen:  0)
521081136   4468496 469543208  0.035  0.035   24.132   24.997    0    0  (Gen:  0)
520324616   4467576 244041184  0.363  0.411   24.655   25.568    0    0  (Gen:  1)
547296872   5397200 247967592  0.014  0.014   24.960   25.901    0    0  (Gen:  0)
521535320   5396584 261034120  0.036  0.036   25.308   26.207    0    0  (Gen:  0)
520376792   5396480 263015552  0.026  0.026   25.498   26.397    0    0  (Gen:  0)
532294560   5397256 266716968  0.012  0.012   25.714   26.621    0    0  (Gen:  0)
531036088   5396672 280746864  0.036  0.037   26.128   27.012    0    0  (Gen:  0)
520403624   5396720 282630200  0.026  0.026   26.317   27.201    0    0  (Gen:  0)
527870360   5397320 286912584  0.013  0.013   26.484   27.359    0    0  (Gen:  0)
543593344   5399816 300919952  0.038  0.038   26.956   27.827    0    0  (Gen:  0)
520356368   5396760 302706736  0.026  0.026   27.145   28.017    0    0  (Gen:  0)
520307104   5396552 305559000  0.008  0.008   27.295   28.167    0    0  (Gen:  0)
540598864   5397384 320855368  0.041  0.041   27.777   28.633    0    0  (Gen:  0)
520588384   5396864 322616048  0.027  0.027   27.965   28.822    0    0  (Gen:  0)
520276456   5396656 325629744  0.009  0.009   28.119   28.975    0    0  (Gen:  0)
540835344   5397464 340900408  0.041  0.041   28.602   29.444    0    0  (Gen:  0)
520631936   5396904 342411624  0.026  0.026   28.788   29.630    0    0  (Gen:  0)
520353136   5396696 345854944  0.009  0.009   28.944   29.787    0    0  (Gen:  0)
540519824   5397504 361106808  0.040  0.040   29.417   30.246    0    0  (Gen:  0)
520513688   5402968 362239176  0.027  0.027   29.608   30.436    0    0  (Gen:  0)
520301168   5396760 364913184  0.009  0.009   29.768   30.597    0    0  (Gen:  0)
547773752   5397544 375674184  0.027  0.027   30.177   30.991    0    0  (Gen:  0)
523473552  16504400 381831400  0.031  0.031   30.418   31.231    0    0  (Gen:  0)
520296160   9055640 384269504  0.016  0.016   30.591   31.405    0    0  (Gen:  0)
544498184   9056432 388582168  0.014  0.014   30.889   31.731    0    0  (Gen:  0)
527965992   9055760 401560472  0.035  0.035   31.231   32.032    0    0  (Gen:  0)
520390784   9055672 404356288  0.026  0.027   31.418   32.219    0    0  (Gen:  0)
541383688   9056472 408330592  0.014  0.014   31.687   32.514    0    0  (Gen:  0)
522970816  16219384 421256096  0.035  0.035   32.050   32.838    0    0  (Gen:  0)
520480688  15207056 423220920  0.024  0.024   32.236   33.024    0    0  (Gen:  0)
536134688   4835512 426613160  0.011  0.011   32.436   33.227    0    0  (Gen:  0)
535763304  16178480 441278544  0.037  0.037   32.867   33.640    0    0  (Gen:  0)
520406200  15549120 443178504  0.025  0.025   33.051   33.825    0    0  (Gen:  0)
525010360  15549712 446423544  0.010  0.010   33.215   33.982    0    0  (Gen:  0)
544039528  16298544 461201232  0.039  0.039   33.689   34.447    0    0  (Gen:  0)
520547496  16553512 463231792  0.026  0.026   33.875   34.635    0    0  (Gen:  0)
520304248   4912632 466079976  0.009  0.009   34.027   34.786    0    0  (Gen:  0)
540685640   4913456 481167576  0.040  0.040   34.511   35.255    0    0  (Gen:  0)
520535040   4912880 483110200  0.028  0.028   34.699   35.444    0    0  (Gen:  0)
520322376   4912672 486111520  0.009  0.009   34.853   35.599    0    0  (Gen:  0)
540830544   4912304 240703960  0.339  0.351   35.639   36.382    0    0  (Gen:  1)
520594168   4912024 242301704  0.028  0.028   35.827   36.574    0    0  (Gen:  0)
520352248   4911816 245698728  0.010  0.010   35.989   36.736    0    0  (Gen:  0)
546793112  15583688 259643848  0.039  0.039   36.468   37.201    0    0  (Gen:  0)
520512848  17015824 262124912  0.029  0.029   36.668   37.400    0    0  (Gen:  0)
520321768   5388704 264643920  0.011  0.011   36.834   37.567    0    0  (Gen:  0)
543293192   9183512 273209640  0.022  0.022   37.238   37.957    0    0  (Gen:  0)
525728952  16471368 281763904  0.033  0.033   37.490   38.208    0    0  (Gen:  0)
520289056  10486200 284311944  0.019  0.019   37.668   38.386    0    0  (Gen:  0)
546001272  10487008 288444400  0.014  0.014   37.968   38.716    0    0  (Gen:  0)
521668280  10486328 301697616  0.037  0.037   38.314   39.019    0    0  (Gen:  0)
520302368  10486248 304040952  0.025  0.025   38.503   39.208    0    0  (Gen:  0)
544201784  10487040 308131264  0.014  0.014   38.763   39.490    0    0  (Gen:  0)
525614368  10486464 321344744  0.036  0.036   39.144   39.834    0    0  (Gen:  0)
520525552  10486312 323298528  0.024  0.024   39.332   40.023    0    0  (Gen:  0)
534096776  10487104 326353856  0.010  0.010   39.525   40.213    0    0  (Gen:  0)
535391232  10486568 341129512  0.037  0.037   39.974   40.650    0    0  (Gen:  0)
520409496  10486616 343198072  0.025  0.026   40.162   40.838    0    0  (Gen:  0)
524328392  10487192 345437360  0.008  0.008   40.323   40.995    0    0  (Gen:  0)
544625856  10489632 361324680  0.039  0.039   40.806   41.468    0    0  (Gen:  0)
520563376  10486640 363105040  0.026  0.026   40.994   41.657    0    0  (Gen:  0)
520289408  10486432 366009952  0.009  0.009   41.147   41.810    0    0  (Gen:  0)
540768984  16471080 381294400  0.040  0.040   41.640   42.287    0    0  (Gen:  0)
520609488  17387368 383007144  0.027  0.027   41.832   42.480    0    0  (Gen:  0)
520263736   4995736 386194312  0.009  0.009   41.989   42.637    0    0  (Gen:  0)
540576904  16535360 401304520  0.041  0.041   42.479   43.112    0    0  (Gen:  0)
520580440  17283680 402954544  0.026  0.026   42.665   43.298    0    0  (Gen:  0)
520345744   4887392 406122872  0.009  0.009   42.826   43.459    0    0  (Gen:  0)
546249032   4888192 418897776  0.037  0.037   43.288   43.908    0    0  (Gen:  0)
522564576   4889040 422497904  0.028  0.028   43.493   44.112    0    0  (Gen:  0)
520322720   4887464 424758056  0.013  0.014   43.661   44.281    0    0  (Gen:  0)
548222616   4888240 430659488  0.017  0.017   44.057   44.664    0    0  (Gen:  0)
520449280  16466960 442029320  0.033  0.034   44.312   44.918    0    0  (Gen:  0)
520332504  13846592 444670520  0.023  0.023   44.499   45.105    0    0  (Gen:  0)
548433600  13847408 448675736  0.014  0.014   44.797   45.432    0    0  (Gen:  0)
522248744  16336496 461685288  0.035  0.036   45.146   45.739    0    0  (Gen:  0)
520282648 207496880 243474616  0.311  0.312   45.620   46.214    0    0  (Gen:  1)
536008592 207497704 247466672  0.014  0.014   45.858   46.468    0    0  (Gen:  0)
528228264  16141664 261055384  0.037  0.037   46.258   46.837    0    0  (Gen:  0)
520435992  15343480 263118800  0.026  0.026   46.449   47.029    0    0  (Gen:  0)
527983088  15344256 265705456  0.009  0.009   46.623   47.193    0    0  (Gen:  0)
539570824  15343688 280991648  0.039  0.039   47.093   47.656    0    0  (Gen:  0)
520417600  15343744 283014888  0.026  0.026   47.286   47.849    0    0  (Gen:  0)
521222520   3934304 285229576  0.007  0.007   47.442   48.006    0    0  (Gen:  0)
540616640   3933736 300992984  0.040  0.040   47.927   48.475    0    0  (Gen:  0)
520583064   3933872 302989576  0.028  0.028   48.120   48.669    0    0  (Gen:  0)
520285616   3933640 305885056  0.009  0.009   48.276   48.825    0    0  (Gen:  0)
544872760   3934472 321140352  0.041  0.041   48.772   49.306    0    0  (Gen:  0)
520587704   3933888 322718264  0.027  0.027   48.964   49.499    0    0  (Gen:  0)
520328496   3933680 325955840  0.010  0.010   49.124   49.660    0    0  (Gen:  0)
543941920   3934504 341114064  0.041  0.042   49.616   50.136    0    0  (Gen:  0)
520583592   3934008 342619056  0.027  0.027   49.804   50.325    0    0  (Gen:  0)
520322384   3933760 345579872  0.009  0.009   49.967   50.489    0    0  (Gen:  0)
541743248  12608408 357111288  0.032  0.033   50.407   50.915    0    0  (Gen:  0)
528252816  12608176 362339880  0.030  0.030   50.639   51.146    0    0  (Gen:  0)
520364216  12607656 364713544  0.016  0.016   50.812   51.319    0    0  (Gen:  0)
546798376  12608472 369553200  0.016  0.016   51.165   51.680    0    0  (Gen:  0)
521267192  12607856 381883448  0.035  0.035   51.466   51.958    0    0  (Gen:  0)
520325056  12607768 384643136  0.025  0.025   51.654   52.146    0    0  (Gen:  0)
544040496  12608568 388587704  0.013  0.014   51.943   52.466    0    0  (Gen:  0)
521531288  12607936 401573640  0.035  0.035   52.299   52.778    0    0  (Gen:  0)
520444624  12607848 403633536  0.024  0.024   52.488   52.968    0    0  (Gen:  0)
535169288  12608592 407345336  0.012  0.012   52.706   53.194    0    0  (Gen:  0)
535863008  16244928 421592760  0.037  0.037   53.129   53.594    0    0  (Gen:  0)
520422448  15437704 423430272  0.024  0.024   53.318   53.784    0    0  (Gen:  0)
524861040  15438504 427655720  0.012  0.012   53.488   53.945    0    0  (Gen:  0)
540335440  15440960 441482528  0.037  0.038   53.965   54.417    0    0  (Gen:  0)
520371688  15437896 443463632  0.025  0.025   54.157   54.609    0    0  (Gen:  0)
520362712  15437688 446374600  0.009  0.009   54.309   54.762    0    0  (Gen:  0)
542326296  15438512 461499880  0.040  0.040   54.801   55.239    0    0  (Gen:  0)
524641376  17553824 463371864  0.028  0.028   54.995   55.433    0    0  (Gen:  0)
520333816   4916440 466399984  0.009  0.009   55.152   55.590    0    0  (Gen:  0)
540631056   4917256 481560584  0.041  0.041   55.643   56.066    0    0  (Gen:  0)
520518800   4916688 483379200  0.026  0.026   55.831   56.255    0    0  (Gen:  0)
520350856   4915656 245781720  0.300  0.300   56.283   56.707    0    0  (Gen:  1)
543521600   4916480 260860248  0.042  0.042   56.771   57.180    0    0  (Gen:  0)
520630824   4916504 262245488  0.029  0.029   56.964   57.373    0    0  (Gen:  0)
520303792   4915744 264952096  0.009  0.009   57.132   57.541    0    0  (Gen:  0)
546442400   4916552 275781560  0.028  0.028   57.555   57.952    0    0  (Gen:  0)
523109672   4916888 281837880  0.032  0.032   57.797   58.192    0    0  (Gen:  0)
520352840   4915848 284333608  0.017  0.017   57.977   58.372    0    0  (Gen:  0)
543518960   4916640 288595608  0.014  0.014   58.288   58.710    0    0  (Gen:  0)
522033784   4915984 301650696  0.037  0.037   58.630   59.011    0    0  (Gen:  0)
520309904   4915896 304406376  0.027  0.028   58.823   59.205    0    0  (Gen:  0)
545743992   5611816 308408608  0.015  0.015   59.099   59.507    0    0  (Gen:  0)
524555192   5611240 321308024  0.036  0.036   59.469   59.835    0    0  (Gen:  0)
520485736   5611104 323304272  0.025  0.025   59.661   60.028    0    0  (Gen:  0)
531768528   5611880 326593824  0.011  0.011   59.863   60.232    0    0  (Gen:  0)
538025264   5611336 341194928  0.038  0.038   60.305   60.656    0    0  (Gen:  0)
520423480   5611384 343100448  0.025  0.025   60.495   60.847    0    0  (Gen:  0)
526121056   5611960 346348232  0.011  0.011   60.663   61.010    0    0  (Gen:  0)
547284112   5614464 361086480  0.039  0.040   61.145   61.483    0    0  (Gen:  0)
522966024   5611424 363143952  0.026  0.026   61.339   61.677    0    0  (Gen:  0)
520363032   5611216 365934912  0.008  0.008   61.493   61.832    0    0  (Gen:  0)
540376872   5612032 381021720  0.041  0.041   61.986   62.310    0    0  (Gen:  0)
520578224   5611536 382890680  0.027  0.027   62.178   62.502    0    0  (Gen:  0)
520282472   5611328 385974256  0.009  0.009   62.337   62.662    0    0  (Gen:  0)
540349376  16618256 401317096  0.042  0.042   62.829   63.138    0    0  (Gen:  0)
520583808  17307064 402844080  0.026  0.026   63.018   63.328    0    0  (Gen:  0)
520349992   5181680 406320736  0.009  0.009   63.181   63.490    0    0  (Gen:  0)
543147800  16679840 421305720  0.041  0.041   63.658   63.954    0    0  (Gen:  0)
520486304  17030968 422669376  0.028  0.028   63.856   64.152    0    0  (Gen:  0)
520311576   4550936 425226880  0.009  0.009   64.021   64.317    0    0  (Gen:  0)
545546800  10104704 434663712  0.025  0.025   64.430   64.710    0    0  (Gen:  0)
524446264  10108456 442272544  0.032  0.032   64.683   64.962    0    0  (Gen:  0)
520351456  10103928 444832128  0.018  0.018   64.862   65.142    0    0  (Gen:  0)
545850552  10104752 449024112  0.014  0.014   65.161   65.469    0    0  (Gen:  0)
524271104  16632344 462268440  0.037  0.037   65.513   65.777    0    0  (Gen:  0)
520309056  16082800 464800648  0.026  0.026   65.703   65.968    0    0  (Gen:  0)
543620864   5539592 468729576  0.014  0.014   65.970   66.258    0    0  (Gen:  0)
528019280   5538992 482009736  0.036  0.036   66.354   66.604    0    0  (Gen:  0)
520438496   5538864 483908080  0.025  0.025   66.544   66.795    0    0  (Gen:  0)
532995088   4707136 486955216  0.011  0.011   66.743   66.993    0    0  (Gen:  0)
542344464   4705528 241028896  0.321  0.322   67.472   67.709    0    0  (Gen:  1)
520411272   4705584 243114992  0.025  0.025   67.663   67.900    0    0  (Gen:  0)
526979384   4706168 246296120  0.011  0.011   67.836   68.066    0    0  (Gen:  0)
543806896  16261952 261036824  0.041  0.041   68.322   68.546    0    0  (Gen:  0)
520552768  16529376 263079776  0.028  0.028   68.520   68.744    0    0  (Gen:  0)
520357176   4863624 265917224  0.009  0.009   68.679   68.904    0    0  (Gen:  0)
540227888  16407888 281015128  0.042  0.042   69.177   69.387    0    0  (Gen:  0)
520587872  17591824 282955040  0.029  0.029   69.374   69.583    0    0  (Gen:  0)
520329008   4958280 285953328  0.009  0.009   69.534   69.744    0    0  (Gen:  0)
540554336   4959096 301023592  0.042  0.042   70.030   70.225    0    0  (Gen:  0)
520534736   4958504 302629896  0.028  0.028   70.223   70.418    0    0  (Gen:  0)
520338424   4958296 306020696  0.010  0.010   70.390   70.586    0    0  (Gen:  0)
545763680   4959104 319262544  0.038  0.038   70.875   71.056    0    0  (Gen:  0)
520827952   4960824 322648912  0.029  0.029   71.078   71.259    0    0  (Gen:  0)
520316288   4958408 324985416  0.012  0.012   71.249   71.430    0    0  (Gen:  0)
547893328  10002744 334367152  0.024  0.025   71.664   71.832    0    0  (Gen:  0)
528085960  10006888 342010944  0.033  0.033   71.920   72.086    0    0  (Gen:  0)
520348552  10001992 344601160  0.018  0.018   72.103   72.269    0    0  (Gen:  0)
546707176   5518728 348841336  0.014  0.014   72.407   72.601    0    0  (Gen:  0)
527761648   5518048 361868928  0.037  0.037   72.761   72.913    0    0  (Gen:  0)
520299480   5517968 364622320  0.027  0.027   72.952   73.104    0    0  (Gen:  0)
545069440   5518784 368675568  0.015  0.015   73.231   73.410    0    0  (Gen:  0)
523527472   5518216 381765968  0.037  0.037   73.607   73.745    0    0  (Gen:  0)
520476616   5518080 383728296  0.025  0.025   73.799   73.938    0    0  (Gen:  0)
534377048   4779584 386911064  0.011  0.011   74.003   74.143    0    0  (Gen:  0)
534180928   4779000 401599256  0.037  0.037   74.450   74.574    0    0  (Gen:  0)
520416640   4779048 403504056  0.025  0.025   74.642   74.766    0    0  (Gen:  0)
525522120   4779624 406374832  0.010  0.010   74.810   74.928    0    0  (Gen:  0)
543263600  16331152 421466240  0.040  0.040   75.296   75.404    0    0  (Gen:  0)
520548864  16680600 423455048  0.027  0.027   75.489   75.599    0    0  (Gen:  0)
520347792   4914040 426336288  0.008  0.008   75.647   75.757    0    0  (Gen:  0)
540379672   4914864 441521552  0.042  0.042   76.146   76.241    0    0  (Gen:  0)
520591920   4914312 443294688  0.027  0.027   76.338   76.433    0    0  (Gen:  0)
520264336   4914104 446427136  0.009  0.009   76.497   76.593    0    0  (Gen:  0)
540269888   4914936 461623920  0.041  0.041   76.990   77.069    0    0  (Gen:  0)
520583440   4914392 463261128  0.026  0.026   77.180   77.260    0    0  (Gen:  0)
520346688   4913512 245638712  0.315  0.315   77.649   77.729    0    0  (Gen:  1)
547745944  13558648 257775224  0.036  0.036   78.121   78.185    0    0  (Gen:  0)
521174160  13559944 262347088  0.029  0.029   78.326   78.389    0    0  (Gen:  0)
520301360  13557920 264831256  0.014  0.014   78.502   78.566    0    0  (Gen:  0)
546158200  13558688 273353688  0.024  0.024   78.916   78.967    0    0  (Gen:  0)
526372856  13566544 281789288  0.035  0.035   79.179   79.228    0    0  (Gen:  0)
520347448  13557960 284339576  0.020  0.020   79.364   79.414    0    0  (Gen:  0)
546890504  13558776 288568656  0.015  0.015   79.670   79.748    0    0  (Gen:  0)
524480648  16528432 301667504  0.038  0.038   80.024   80.059    0    0  (Gen:  0)
520304208  16114208 304329720  0.028  0.028   80.220   80.255    0    0  (Gen:  0)
541594072   5477616 308121928  0.014  0.015   80.487   80.545    0    0  (Gen:  0)
528802472  16170432 321276992  0.037  0.037   80.876   80.896    0    0  (Gen:  0)
520446344  15325816 323288064  0.026  0.026   81.069   81.089    0    0  (Gen:  0)
529571592   4625832 326312728  0.011  0.011   81.265   81.283    0    0  (Gen:  0)
535921584  16160352 341191480  0.039  0.039   81.722   81.727    0    0  (Gen:  0)
520411680  15596456 343068176  0.026  0.026   81.917   81.923    0    0  (Gen:  0)
523237144  15597040 345275728  0.008  0.008   82.082   82.084    0    0  (Gen:  0)
540856808  15599472 361221392  0.041  0.041   82.570   82.560    0    0  (Gen:  0)
520624648  15596480 363002672  0.027  0.027   82.764   82.754    0    0  (Gen:  0)
520345840  15596272 366065192  0.009  0.009   82.923   82.913    0    0  (Gen:  0)
544005408  15597088 381036272  0.042  0.042   83.421   83.396    0    0  (Gen:  0)
521785176  15596536 382824120  0.027  0.027   83.616   83.591    0    0  (Gen:  0)
520258992  15596328 385996992  0.009  0.009   83.778   83.753    0    0  (Gen:  0)
540386368  15597144 401072408  0.041  0.041   84.271   84.229    0    0  (Gen:  0)
520586472  15596616 402724752  0.027  0.027   84.464   84.423    0    0  (Gen:  0)
520335104  15596376 405891128  0.009  0.009   84.630   84.588    0    0  (Gen:  0)
543169440  15597184 418434304  0.037  0.037   85.092   85.036    0    0  (Gen:  0)
524185376  15596976 422293664  0.030  0.031   85.306   85.250    0    0  (Gen:  0)
520302264  15596528 424489032  0.014  0.014   85.480   85.423    0    0  (Gen:  0)
549823528  15597320 430682232  0.018  0.018   85.884   85.814    0    0  (Gen:  0)
522013936  15601072 441736672  0.034  0.034   86.144   86.074    0    0  (Gen:  0)
520283008  15596592 444235216  0.023  0.023   86.331   86.260    0    0  (Gen:  0)
547339888   5414688 448335896  0.014  0.014   86.631   86.589    0    0  (Gen:  0)
523392264   5414016 461378016  0.036  0.036   86.985   86.900    0    0  (Gen:  0)
520230776   5413952 463606688  0.025  0.025   87.177   87.092    0    0  (Gen:  0)
537387000   5388152 467674024  0.013  0.014   87.423   87.354    0    0  (Gen:  0)
530774312   5387584 481366208  0.037  0.037   87.826   87.726    0    0  (Gen:  0)
520429376   5387440 483287032  0.025  0.025   88.018   87.918    0    0  (Gen:  0)
528514736   5388232 485832232  0.009  0.009   88.196   88.087    0    0  (Gen:  0)
541579200   5387632 501094968  0.038  0.038   88.674   88.559    0    0  (Gen:  0)
520475688 206763608 243142128  0.304  0.305   89.147   89.034    0    0  (Gen:  1)
525418576 206764200 244738016  0.006  0.006   89.310   89.194    0    0  (Gen:  0)
545614192  16380728 261216888  0.042  0.042   89.799   89.670    0    0  (Gen:  0)
520561424  17094408 262988296  0.029  0.029   89.998   89.870    0    0  (Gen:  0)
520347296   4912144 266041704  0.009  0.009   90.158   90.031    0    0  (Gen:  0)
542189008   4912960 281221472  0.043  0.043   90.658   90.514    0    0  (Gen:  0)
520608760   4912424 282935760  0.029  0.029   90.856   90.713    0    0  (Gen:  0)
520253848   4912240 286098696  0.010  0.010   91.021   90.878    0    0  (Gen:  0)
540792904   4913048 301302104  0.042  0.042   91.517   91.357    0    0  (Gen:  0)
520591448   4912520 302819528  0.028  0.028   91.713   91.554    0    0  (Gen:  0)
520336184   4912280 305734816  0.009  0.009   91.879   91.720    0    0  (Gen:  0)
544847712  13799608 318460448  0.037  0.037   92.335   92.168    0    0  (Gen:  0)
523627240  13799352 322462784  0.031  0.031   92.552   92.386    0    0  (Gen:  0)
520306856  13798864 324757824  0.016  0.016   92.731   92.565    0    0  (Gen:  0)
546662928  13799672 329952664  0.017  0.017   93.109   92.940    0    0  (Gen:  0)
522195792  13799008 342016728  0.036  0.036   93.392   93.211    0    0  (Gen:  0)
520328016  13798944 344685704  0.026  0.026   93.586   93.406    0    0  (Gen:  0)
549126024  13799736 348615560  0.014  0.014   93.883   93.732    0    0  (Gen:  0)
527559592  13799048 361664984  0.036  0.036   94.241   94.046    0    0  (Gen:  0)
520282448  13798960 363867480  0.025  0.025   94.435   94.240    0    0  (Gen:  0)
536831536  13799760 367896560  0.013  0.014   94.680   94.501    0    0  (Gen:  0)
530921688  13799184 381569088  0.037  0.037   95.086   94.877    0    0  (Gen:  0)
520425520  13799048 383450872  0.025  0.025   95.277   95.069    0    0  (Gen:  0)
527593952   4414080 386109552  0.009  0.009   95.454   95.236    0    0  (Gen:  0)
538234904   4413456 401552144  0.039  0.039   95.926   95.702    0    0  (Gen:  0)
520429856   4413512 403389576  0.025  0.025   96.119   95.896    0    0  (Gen:  0)
525939072   4414104 404718416  0.006  0.006   96.281   96.057    0    0  (Gen:  0)
541592800   4413560 421559512  0.041  0.041   96.769   96.530    0    0  (Gen:  0)
520572384   4413616 423298184  0.027  0.027   96.963   96.725    0    0  (Gen:  0)
520350416   4413376 426409520  0.009  0.009   97.125   96.887    0    0  (Gen:  0)
540707784   4414200 441551640  0.042  0.042   97.621   97.368    0    0  (Gen:  0)
523217760   4413664 443218408  0.026  0.027   97.817   97.564    0    0  (Gen:  0)
520247544   4413456 446367496  0.009  0.009   97.980   97.728    0    0  (Gen:  0)
540473776   4414280 461506040  0.042  0.042   98.472   98.203    0    0  (Gen:  0)
520587696   4413824 463198960  0.026  0.026   98.662   98.394    0    0  (Gen:  0)
520322240   4413560 465986064  0.009  0.009   98.829   98.561    0    0  (Gen:  0)
542675392   4414344 477674840  0.033  0.033   99.271   98.989    0    0  (Gen:  0)
525794624   4414048 482718696  0.030  0.030   99.504   99.221    0    0  (Gen:  0)
520360888   4413576 485093656  0.016  0.016   99.681   99.399    0    0  (Gen:  0)
546958856   4413680 233042008  0.295  0.296  100.314  100.043    0    0  (Gen:  1)
521278416  16586736 245427784  0.037  0.037  100.620  100.325    0    0  (Gen:  0)
520319456  15785744 248175544  0.027  0.027  100.816  100.521    0    0  (Gen:  0)
544639864  15786552 252098760  0.015  0.015  101.111  100.846    0    0  (Gen:  0)
525463680  15785872 265233848  0.037  0.037  101.473  101.165    0    0  (Gen:  0)
520372168  15785784 267027672  0.026  0.026  101.670  101.363    0    0  (Gen:  0)
531352568  15786568 270856672  0.013  0.013  101.893  101.593    0    0  (Gen:  0)
537748720  15786000 285096320  0.039  0.039  102.323  102.002    0    0  (Gen:  0)
520409032  15785872 286989160  0.026  0.026  102.522  102.202    0    0  (Gen:  0)
522891336  15786656 291089320  0.013  0.013  102.698  102.368    0    0  (Gen:  0)
540441880  15789184 304917152  0.040  0.040  103.183  102.848    0    0  (Gen:  0)
520359344  15786120 306895376  0.028  0.028  103.383  103.048    0    0  (Gen:  0)
520360912  15785912 309796496  0.009  0.009  103.541  103.207    0    0  (Gen:  0)
540203624  15786744 324884952  0.043  0.043  104.043  103.692    0    0  (Gen:  0)
520574224  15786200 326836544  0.029  0.029  104.242  103.892    0    0  (Gen:  0)
520334208  15785992 329829400  0.009  0.009  104.404  104.053    0    0  (Gen:  0)
545181040  15786816 344943088  0.043  0.043  104.904  104.538    0    0  (Gen:  0)
520557312  15786256 346622640  0.028  0.028  105.099  104.734    0    0  (Gen:  0)
520294512  15786048 349876936  0.009  0.009  105.266  104.901    0    0  (Gen:  0)
542761432  15786872 365116000  0.042  0.042  105.757  105.376    0    0  (Gen:  0)
520533264  15786832 366487552  0.027  0.027  105.956  105.575    0    0  (Gen:  0)
520313232  15786104 368988000  0.008  0.008  106.124  105.744    0    0  (Gen:  0)
545824824  15786904 379789328  0.028  0.028  106.550  106.156    0    0  (Gen:  0)
528472024  15788880 386049904  0.031  0.031  106.802  106.407    0    0  (Gen:  0)
520350016  15786208 388565072  0.017  0.017  106.983  106.589    0    0  (Gen:  0)
547608688   5201328 392481480  0.014  0.014  107.311  106.938    0    0  (Gen:  0)
525466112   5200656 405711032  0.037  0.037  107.646  107.237    0    0  (Gen:  0)
520328360   5200568 408404704  0.026  0.026  107.839  107.431    0    0  (Gen:  0)
545299816   5698296 412632584  0.016  0.016  108.131  107.751    0    0  (Gen:  0)
525253464   5697712 425639768  0.037  0.037  108.499  108.076    0    0  (Gen:  0)
520449728   5697632 427619352  0.025  0.025  108.693  108.272    0    0  (Gen:  0)
534970960   4959072 431054944  0.011  0.012  108.911  108.495    0    0  (Gen:  0)
533241192  16038160 445260616  0.038  0.038  109.344  108.907    0    0  (Gen:  0)
520399928  15527416 447351456  0.025  0.025  109.544  109.107    0    0  (Gen:  0)
524404664   5193344 450893480  0.011  0.011  109.717  109.272    0    0  (Gen:  0)
540131992   5198184 465375472  0.040  0.040  110.202  109.751    0    0  (Gen:  0)
520554560   5192808 467171096  0.026  0.026  110.398  109.947    0    0  (Gen:  0)
520356448   5191840 245862096  0.314  0.315  110.861  110.411    0    0  (Gen:  1)
540621800   5192672 261234136  0.043  0.043  111.357  110.890    0    0  (Gen:  0)
524362984  17512144 262974200  0.029  0.029  111.557  111.090    0    0  (Gen:  0)
520279752   4957080 266053112  0.009  0.009  111.721  111.254    0    0  (Gen:  0)
540604352   4957904 281247792  0.043  0.043  112.219  111.736    0    0  (Gen:  0)
520569256   4957344 282770688  0.030  0.030  112.417  111.935    0    0  (Gen:  0)
520351960   4957136 286248648  0.010  0.010  112.586  112.104    0    0  (Gen:  0)
545041000   4957936 301532464  0.042  0.042  113.075  112.579    0    0  (Gen:  0)
520798512   4960576 302799136  0.029  0.029  113.279  112.783    0    0  (Gen:  0)
520312824   4957248 305214600  0.009  0.009  113.448  112.952    0    0  (Gen:  0)
543447904   9973744 314511920  0.025  0.025  113.861  113.352    0    0  (Gen:  0)
528040800   9977520 322327040  0.034  0.034  114.125  113.614    0    0  (Gen:  0)
520345304   9972960 324908320  0.018  0.019  114.311  113.801    0    0  (Gen:  0)
544497232   9973760 329010752  0.015  0.015  114.618  114.136    0    0  (Gen:  0)
521727856   9973112 342090048  0.038  0.038  114.974  114.449    0    0  (Gen:  0)
520301936   9973064 344750928  0.027  0.027  115.172  114.647    0    0  (Gen:  0)
540377528   5489912 348534616  0.015  0.015  115.438  114.934    0    0  (Gen:  0)
525537896   5489304 361937840  0.037  0.038  115.829  115.288    0    0  (Gen:  0)
520446120   5489200 363747952  0.025  0.025  116.025  115.484    0    0  (Gen:  0)
529641512   5489992 366741624  0.010  0.010  116.220  115.676    0    0  (Gen:  0)
536407280   5489440 381673688  0.038  0.038  116.682  116.126    0    0  (Gen:  0)
520419984  15695632 383723240  0.026  0.026  116.879  116.323    0    0  (Gen:  0)
524059936   3622248 385704568  0.007  0.007  117.047  116.488    0    0  (Gen:  0)
541277384  16291584 401717920  0.042  0.042  117.540  116.968    0    0  (Gen:  0)
520572184  17029664 403673072  0.028  0.028  117.735  117.164    0    0  (Gen:  0)
520344744   4861976 406546048  0.009  0.009  117.897  117.326    0    0  (Gen:  0)
543255336   4862808 421712256  0.042  0.042  118.396  117.810    0    0  (Gen:  0)
520603776   4862264 423496512  0.027  0.027  118.591  118.005    0    0  (Gen:  0)
520256584   4862080 426595896  0.009  0.009  118.754  118.168    0    0  (Gen:  0)
544044408   4862888 441855152  0.042  0.042  119.252  118.649    0    0  (Gen:  0)
520578800   4862448 443309272  0.027  0.027  119.447  118.843    0    0  (Gen:  0)
520342792   4862200 446476968  0.009  0.009  119.615  119.011    0    0  (Gen:  0)
544028928   4863008 459092888  0.038  0.038  120.082  119.465    0    0  (Gen:  0)
523960872   4862960 463067072  0.030  0.031  120.297  119.680    0    0  (Gen:  0)
520304736   4862344 465204672  0.014  0.015  120.472  119.855    0    0  (Gen:  0)
547470200   4863080 470675256  0.017  0.017  120.869  120.237    0    0  (Gen:  0)
520608152   4862968 482373784  0.034  0.034  121.138  120.504    0    0  (Gen:  0)
520339536   4862384 485007408  0.024  0.024  121.330  120.697    0    0  (Gen:  0)
544147208   5412152 489080256  0.014  0.014  121.630  121.025    0    0  (Gen:  0)
521679472   5411488 502072088  0.036  0.036  121.987  121.338    0    0  (Gen:  0)
520269808   5410368 243572672  0.299  0.300  122.459  121.811    0    0  (Gen:  1)
541689024   5411184 247837912  0.013  0.013  122.700  122.066    0    0  (Gen:  0)
528292736   5410600 261436000  0.038  0.038  123.111  122.447    0    0  (Gen:  0)
520426576   5410464 263494024  0.026  0.026  123.310  122.646    0    0  (Gen:  0)
529520040   5411256 266065840  0.009  0.009  123.489  122.815    0    0  (Gen:  0)
538642120   5410688 281489440  0.040  0.040  123.968  123.288    0    0  (Gen:  0)
520418368   5410736 283323064  0.028  0.028  124.171  123.492    0    0  (Gen:  0)
523703096   4366568 286035520  0.007  0.007  124.336  123.658    0    0  (Gen:  0)
540481392   4366040 301333944  0.042  0.042  124.830  124.135    0    0  (Gen:  0)
520579352   4366072 303362736  0.029  0.029  125.030  124.335    0    0  (Gen:  0)
520336208   4365864 306256656  0.009  0.010  125.195  124.501    0    0  (Gen:  0)
546905312   4366688 321396936  0.043  0.043  125.696  124.984    0    0  (Gen:  0)
520594936   4366152 323068160  0.028  0.029  125.896  125.185    0    0  (Gen:  0)
520234648   4365944 326391056  0.010  0.010  126.063  125.352    0    0  (Gen:  0)
540448128   4366768 341453224  0.043  0.043  126.560  125.833    0    0  (Gen:  0)
520580456   4366248 342985128  0.027  0.028  126.754  126.028    0    0  (Gen:  0)
520321960   4365992 345734432  0.009  0.009  126.924  126.198    0    0  (Gen:  0)
544593800   4366808 357576592  0.034  0.034  127.374  126.634    0    0  (Gen:  0)
527590192   4366592 362483168  0.031  0.031  127.609  126.869    0    0  (Gen:  0)
520345072   4366064 364819416  0.019  0.020  127.806  127.258    0    0  (Gen:  0)
546369840   5822168 369844400  0.017  0.017  128.171  127.639    0    0  (Gen:  0)
522266616   5821576 382374920  0.037  0.037  128.476  127.922    0    0  (Gen:  0)
520322464   5821488 384954136  0.025  0.026  128.672  128.118    0    0  (Gen:  0)
548168576   5822296 388997680  0.014  0.014  128.971  128.446    0    0  (Gen:  0)
521106256   5821656 401956616  0.036  0.036  129.335  128.765    0    0  (Gen:  0)
520376992   5821568 403940936  0.025  0.025  129.531  128.962    0    0  (Gen:  0)
537993224   5822368 407872624  0.013  0.013  129.767  129.207    0    0  (Gen:  0)
534099072   5821744 421909320  0.038  0.038  130.191  129.607    0    0  (Gen:  0)
520424768   5821608 423705216  0.024  0.024  130.385  129.800    0    0  (Gen:  0)
525096760   5822408 426434536  0.009  0.009  130.560  129.965    0    0  (Gen:  0)
543514872   5821800 441741864  0.040  0.040  131.046  130.446    0    0  (Gen:  0)
520432736   5821848 443765168  0.025  0.025  131.242  130.643    0    0  (Gen:  0)
520300920   5822056 445238088  0.006  0.006  131.402  130.803    0    0  (Gen:  0)
543598016   5822056 461819192  0.041  0.041  131.897  131.282    0    0  (Gen:  0)
520576744   5821904 463747928  0.027  0.027  132.094  131.479    0    0  (Gen:  0)
520337312   5821696 466609048  0.009  0.009  132.256  131.642    0    0  (Gen:  0)
540264560  16544496 481914736  0.043  0.044  132.753  132.121    0    0  (Gen:  0)
520550536  17355264 483529768  0.027  0.027  132.949  132.317    0    0  (Gen:  0)
520355480   5089096 486894912  0.010  0.010  133.115  132.483    0    0  (Gen:  0)
540283128   5088944 241189336  0.322  0.323  133.888  133.241    0    0  (Gen:  1)
523771816   5088840 242574016  0.027  0.027  134.081  133.434    0    0  (Gen:  0)
520319520   5088256 245407888  0.009  0.009  134.253  133.607    0    0  (Gen:  0)
543545040   5089064 256179664  0.030  0.030  134.690  134.029    0    0  (Gen:  0)
522865616   5088976 262081880  0.032  0.032  134.938  134.276    0    0  (Gen:  0)
520351552   5088384 264693384  0.017  0.017  135.121  134.459    0    0  (Gen:  0)
542167336   5089152 268816424  0.015  0.015  135.451  134.812    0    0  (Gen:  0)
521288536  16541672 281881216  0.038  0.038  135.793  135.117    0    0  (Gen:  0)
520300168  16105624 284650488  0.028  0.028  135.992  135.317    0    0  (Gen:  0)
544883888  16106416 288644256  0.016  0.016  136.282  135.632    0    0  (Gen:  0)
522777904  16105800 301710352  0.038  0.038  136.661  135.971    0    0  (Gen:  0)
520484128  16105704 303511384  0.025  0.025  136.859  136.170    0    0  (Gen:  0)
535730896  16106496 306958464  0.012  0.012  137.074  136.386    0    0  (Gen:  0)
535826352  16105944 321546560  0.039  0.039  137.523  136.817    0    0  (Gen:  0)
520471032  16105984 323464368  0.025  0.026  137.719  137.013    0    0  (Gen:  0)
523816832  16106576 326622248  0.010  0.010  137.893  137.181    0    0  (Gen:  0)
539958576  16110920 341500576  0.041  0.041  138.384  137.666    0    0  (Gen:  0)
520601088  16106032 343495872  0.027  0.027  138.581  137.864    0    0  (Gen:  0)
520351800  16105824 346383448  0.009  0.009  138.744  138.026    0    0  (Gen:  0)
544167056  16106656 361477072  0.043  0.043  139.249  138.515    0    0  (Gen:  0)
523870928  16106144 363357240  0.028  0.028  139.449  138.717    0    0  (Gen:  0)
520327280  16105936 366373840  0.009  0.009  139.615  138.883    0    0  (Gen:  0)
543642416  16544768 381582336  0.042  0.042  140.123  139.376    0    0  (Gen:  0)
520569816  17236696 383121384  0.027  0.027  140.321  139.574    0    0  (Gen:  0)
520286080   5103152 386582664  0.010  0.010  140.489  139.743    0    0  (Gen:  0)
545131008  16918216 401925464  0.042  0.042  140.981  140.220    0    0  (Gen:  0)
521324880  16921328 403129416  0.028  0.028  141.187  140.426    0    0  (Gen:  0)
520320712  16917520 405542336  0.009  0.009  141.358  140.597    0    0  (Gen:  0)
548210920  16918288 415884624  0.027  0.027  141.782  141.007    0    0  (Gen:  0)
524033616  16920168 422577360  0.033  0.033  142.036  141.260    0    0  (Gen:  0)
520352984  16917528 425168808  0.018  0.018  142.220  141.444    0    0  (Gen:  0)
543022176  16918352 429428984  0.015  0.015  142.529  141.782    0    0  (Gen:  0)
521874176  16917744 442408872  0.037  0.037  142.886  142.095    0    0  (Gen:  0)
520303200  16917632 445068880  0.026  0.026  143.082  142.291    0    0  (Gen:  0)
541827816  16918416 448954880  0.015  0.015  143.351  142.581    0    0  (Gen:  0)
529092472  16917792 462077560  0.036  0.037  143.743  142.935    0    0  (Gen:  0)
520454344  16916840 243535360  0.314  0.315  144.227  143.421    0    0  (Gen:  1)
531251408  16917592 246565800  0.011  0.011  144.428  143.620    0    0  (Gen:  0)
537733976  16917008 261572584  0.039  0.039  144.887  144.065    0    0  (Gen:  0)
520442072  16917064 263479088  0.027  0.027  145.088  144.267    0    0  (Gen:  0)
526668712  16917640 266088232  0.009  0.009  145.265  144.439    0    0  (Gen:  0)
543816296  16921472 281425136  0.042  0.042  145.756  144.919    0    0  (Gen:  0)
520555680  16917112 283360648  0.029  0.029  145.957  145.120    0    0  (Gen:  0)
520348816  16916904 286297712  0.009  0.009  146.120  145.283    0    0  (Gen:  0)
542284936  16917736 301472296  0.043  0.043  146.620  145.766    0    0  (Gen:  0)
520592624  16917216 303432096  0.030  0.030  146.822  145.968    0    0  (Gen:  0)
520269960  16917008 306346072  0.010  0.010  146.987  146.134    0    0  (Gen:  0)
540967192  16917840 321458632  0.043  0.043  147.485  146.616    0    0  (Gen:  0)
520588376  16917264 323193448  0.028  0.028  147.684  146.815    0    0  (Gen:  0)
520340376  16917056 326448248  0.010  0.010  147.853  146.985    0    0  (Gen:  0)
544486920  13790056 338770080  0.037  0.037  148.325  147.440    0    0  (Gen:  0)
528262576  13789616 342823024  0.031  0.031  148.540  147.655    0    0  (Gen:  0)
520313376  13789304 345303600  0.013  0.014  148.716  147.832    0    0  (Gen:  0)
543412024  13790088 354119896  0.024  0.024  149.126  148.228    0    0  (Gen:  0)
523698760  13795560 362203528  0.034  0.035  149.390  148.490    0    0  (Gen:  0)
520343088  13789368 364964064  0.019  0.020  149.580  148.681    0    0  (Gen:  0)
546231768   5425608 368988888  0.015  0.015  149.885  149.014    0    0  (Gen:  0)
521104640   5424944 382062824  0.037  0.037  150.243  149.329    0    0  (Gen:  0)
520285248   5424880 384477592  0.027  0.027  150.441  149.527    0    0  (Gen:  0)
540834752   5425648 388366024  0.015  0.015  150.698  149.802    0    0  (Gen:  0)
526478344   5424984 401980680  0.038  0.038  151.098  150.167    0    0  (Gen:  0)
520463912   5424992 403882168  0.025  0.025  151.294  150.363    0    0  (Gen:  0)
531315320   5425696 406616592  0.010  0.010  151.483  150.546    0    0  (Gen:  0)
540753792   5425144 421685920  0.039  0.039  151.951  151.004    0    0  (Gen:  0)
520417032   5425192 423730688  0.026  0.026  152.148  151.201    0    0  (Gen:  0)
528975240   5425768 425952128  0.008  0.008  152.318  151.367    0    0  (Gen:  0)
543708968  16421280 441897160  0.042  0.042  152.809  151.848    0    0  (Gen:  0)
520639864  16418248 443681048  0.027  0.027  153.006  152.045    0    0  (Gen:  0)
520344256  16418040 446563864  0.008  0.008  153.170  152.209    0    0  (Gen:  0)
543691480  16430000 461861552  0.042  0.042  153.671  152.692    0    0  (Gen:  0)
520579144  17527440 463757240  0.027  0.027  153.868  152.890    0    0  (Gen:  0)
520304264   5101616 466937576  0.009  0.009  154.034  153.057    0    0  (Gen:  0)
543628848  16651520 482048704  0.042  0.042  154.533  153.538    0    0  (Gen:  0)
520585904  17287704 483586784  0.026  0.026  154.727  153.732    0    0  (Gen:  0)
520336144 209560728 245994152  0.300  0.301  155.186  154.192    0    0  (Gen:  1)
546283992  13794680 258332928  0.037  0.037  155.654  154.645    0    0  (Gen:  0)
521164808  17113576 262742240  0.030  0.030  155.868  154.858    0    0  (Gen:  0)
520309824   7271712 264916960  0.013  0.013  156.046  155.036    0    0  (Gen:  0)
549404328   7272512 273579688  0.024  0.024  156.458  155.433    0    0  (Gen:  0)
524042424   7276360 282194064  0.037  0.037  156.725  155.699    0    0  (Gen:  0)
520331536   7271816 284757008  0.020  0.020  156.914  155.889    0    0  (Gen:  0)
544447216   5410888 288863304  0.015  0.015  157.219  156.223    0    0  (Gen:  0)
523703280   5410248 301974752  0.038  0.038  157.581  156.541    0    0  (Gen:  0)
520291376   5410208 304391328  0.027  0.027  157.783  156.743    0    0  (Gen:  0)
541732864   5437000 308345384  0.014  0.014  158.044  157.023    0    0  (Gen:  0)
526927096   5436352 321834120  0.038  0.039  158.445  157.389    0    0  (Gen:  0)
520440584   5436208 323668096  0.026  0.026  158.643  157.588    0    0  (Gen:  0)
529714152   4501296 326510168  0.010  0.010  158.836  157.774    0    0  (Gen:  0)
542621240  16121864 341628520  0.040  0.040  159.307  158.236    0    0  (Gen:  0)
520498904  16121912 343679200  0.027  0.027  159.506  158.436    0    0  (Gen:  0)
528279096  16122496 345827032  0.008  0.008  159.678  158.604    0    0  (Gen:  0)
540197368  16125496 361817080  0.043  0.043  160.171  159.084    0    0  (Gen:  0)
520557904  16121968 363584520  0.028  0.028  160.370  159.284    0    0  (Gen:  0)
520337320  16121760 366632016  0.009  0.009  160.534  159.448    0    0  (Gen:  0)
540277848  16122584 381778144  0.043  0.043  161.032  159.929    0    0  (Gen:  0)
520609336  16122048 383579320  0.028  0.028  161.230  160.128    0    0  (Gen:  0)
520255688  16121840 386661504  0.009  0.009  161.397  160.295    0    0  (Gen:  0)
543926128  16122664 401869512  0.043  0.043  161.893  160.775    0    0  (Gen:  0)
520568352  16122128 403348288  0.027  0.027  162.089  160.971    0    0  (Gen:  0)
520336872  16121952 406482792  0.009  0.009  162.257  161.140    0    0  (Gen:  0)
548195512  14184152 419352720  0.039  0.039  162.730  161.600    0    0  (Gen:  0)
525436544  14184112 423133736  0.030  0.030  162.946  161.816    0    0  (Gen:  0)
520306744  14183408 425378808  0.015  0.015  163.125  161.995    0    0  (Gen:  0)
546785880  14184216 431453688  0.018  0.019  163.529  162.386    0    0  (Gen:  0)
526017184  14188048 442543280  0.036  0.036  163.798  162.654    0    0  (Gen:  0)
520341848  14183536 445092472  0.023  0.023  163.989  162.844    0    0  (Gen:  0)
543407792  14184344 449059232  0.014  0.014  164.292  163.176    0    0  (Gen:  0)
521506544  14183712 462103320  0.037  0.037  164.652  163.492    0    0  (Gen:  0)
520288656  14183608 464294040  0.025  0.025  164.850  163.691    0    0  (Gen:  0)
541686304  14184384 468421864  0.014  0.014  165.103  163.961    0    0  (Gen:  0)
530370712  14183768 482113408  0.037  0.038  165.509  164.335    0    0  (Gen:  0)
520436176  14183696 483980016  0.024  0.024  165.705  164.531    0    0  (Gen:  0)
528500512   4454256 486710832  0.010  0.010  165.889  164.708    0    0  (Gen:  0)
540322328   4453680 501997488  0.039  0.039  166.364  165.176    0    0  (Gen:  0)
520423480 206800864 243454384  0.307  0.308  166.843  165.655    0    0  (Gen:  1)
525554936 206801456 245178040  0.007  0.007  167.012  165.823    0    0  (Gen:  0)
540000384 206804256 261478920  0.042  0.042  167.504  166.301    0    0  (Gen:  0)
520564632 206800944 263328752  0.029  0.029  167.703  166.501    0    0  (Gen:  0)
520344984 206800736 266275832  0.009  0.009  167.869  166.667    0    0  (Gen:  0)
542833312 206801560 281473968  0.043  0.043  168.369  167.150    0    0  (Gen:  0)
520607024 206801016 283336608  0.029  0.029  168.569  167.351    0    0  (Gen:  0)
520305088 206800808 286524080  0.010  0.010  168.738  167.521    0    0  (Gen:  0)
540759120 206801632 301513496  0.043  0.043  169.236  168.002    0    0  (Gen:  0)
521284080  17244384 303173688  0.028  0.028  169.435  168.201    0    0  (Gen:  0)
520327552   4706640 306178608  0.010  0.010  169.607  168.373    0    0  (Gen:  0)
546899224   4707448 318684392  0.038  0.038  170.071  168.824    0    0  (Gen:  0)
523441984   4707272 322808680  0.033  0.033  170.302  169.054    0    0  (Gen:  0)
520302680   4706784 325088944  0.017  0.017  170.482  169.234    0    0  (Gen:  0)
543137304   4707552 330136296  0.017  0.017  170.849  169.605    0    0  (Gen:  0)
521289848   4706976 342416744  0.037  0.037  171.153  169.890    0    0  (Gen:  0)
520329016   4706848 345190088  0.027  0.027  171.349  170.086    0    0  (Gen:  0)
547255896   5425632 349142496  0.015  0.015  171.649  170.415    0    0  (Gen:  0)
522601656  16318032 362189880  0.038  0.038  172.014  170.737    0    0  (Gen:  0)
520378184  15188008 364174504  0.025  0.025  172.214  170.936    0    0  (Gen:  0)
540879376  15188800 368136048  0.013  0.013  172.453  171.187    0    0  (Gen:  0)
533291592  15188152 381964576  0.038  0.038  172.874  171.582    0    0  (Gen:  0)
520422720  15188016 383956440  0.026  0.026  173.072  171.780    0    0  (Gen:  0)
525182128  15188792 386517424  0.009  0.009  173.249  171.946    0    0  (Gen:  0)
543820424  15188240 401997064  0.040  0.040  173.733  172.425    0    0  (Gen:  0)
520416416  15188360 404015728  0.026  0.026  173.933  172.626    0    0  (Gen:  0)
527417616   4338720 406592800  0.007  0.007  174.100  172.794    0    0  (Gen:  0)
541983640   4338168 422090560  0.042  0.042  174.594  173.270    0    0  (Gen:  0)
520644192   4338208 423947912  0.028  0.028  174.795  173.472    0    0  (Gen:  0)
520343416   4338000 426841024  0.009  0.009  174.957  173.635    0    0  (Gen:  0)
542885368  16550872 442057608  0.043  0.043  175.459  174.120    0    0  (Gen:  0)
525865872  16550320 443720472  0.028  0.028  175.659  174.320    0    0  (Gen:  0)
520250088  16550112 447062616  0.010  0.010  175.825  174.487    0    0  (Gen:  0)
541086352  16550944 462214008  0.043  0.043  176.325  174.972    0    0  (Gen:  0)
520582456  17183288 463713840  0.027  0.027  176.520  175.167    0    0  (Gen:  0)
520330568   4442624 466513944  0.009  0.009  176.689  175.337    0    0  (Gen:  0)
550199528   4443432 479302032  0.037  0.037  177.150  175.783    0    0  (Gen:  0)
521783472   4443248 483365192  0.030  0.030  177.374  176.006    0    0  (Gen:  0)
520300072   4442744 485726928  0.015  0.015  177.553  176.186    0    0  (Gen:  0)
545356160   4442520 233481080  0.340  0.341  178.251  176.889    0    0  (Gen:  1)
521517480   4441824 245702904  0.042  0.042  178.591  177.210    0    0  (Gen:  0)
520373176   4441720 248289176  0.032  0.032  178.830  177.450    0    0  (Gen:  0)
546712192   4442528 252353248  0.015  0.015  179.226  177.869    0    0  (Gen:  0)
525276048  16299872 265387408  0.038  0.038  179.592  178.192    0    0  (Gen:  0)
523693296  16299744 267385808  0.027  0.027  179.795  178.396    0    0  (Gen:  0)
535879328   5254384 271370968  0.014  0.014  180.038  178.650    0    0  (Gen:  0)
532258304   5253760 285248960  0.039  0.039  180.464  179.049    0    0  (Gen:  0)
520433536   5253624 287243312  0.026  0.026  180.663  179.249    0    0  (Gen:  0)
523953248   4373760 289860504  0.010  0.010  180.841  179.416    0    0  (Gen:  0)
540646408   4373216 305154104  0.040  0.040  181.328  179.899    0    0  (Gen:  0)
520436120   4373264 307151680  0.028  0.028  181.529  180.100    0    0  (Gen:  0)
520302072   4373440 308582304  0.006  0.006  181.692  180.264    0    0  (Gen:  0)
545670992   4373520 325195024  0.043  0.043  182.195  180.751    0    0  (Gen:  0)
520582296   4373312 327120136  0.028  0.029  182.395  180.952    0    0  (Gen:  0)
520338072   4373104 330153432  0.010  0.010  182.561  181.119    0    0  (Gen:  0)
544066776   4373936 345253128  0.043  0.044  183.065  181.606    0    0  (Gen:  0)
520561544   4373400 346848768  0.028  0.028  183.264  181.804    0    0  (Gen:  0)
520307496   4373192 350233368  0.010  0.010  183.435  181.976    0    0  (Gen:  0)
540711896   4374024 365350032  0.044  0.044  183.936  182.461    0    0  (Gen:  0)
522091960   4373696 366770664  0.027  0.027  184.134  182.659    0    0  (Gen:  0)
520319096   4373280 369424328  0.009  0.009  184.305  182.830    0    0  (Gen:  0)
542838832   4374080 380446504  0.030  0.031  184.741  183.253    0    0  (Gen:  0)
524791504   4373960 386316456  0.032  0.032  184.991  183.501    0    0  (Gen:  0)
520343104   4373312 388749240  0.016  0.016  185.172  183.683    0    0  (Gen:  0)
546055792   4374136 393473664  0.016  0.016  185.509  184.042    0    0  (Gen:  0)
528512880  16580680 406158528  0.037  0.037  185.848  184.344    0    0  (Gen:  0)
520320376  15979560 408847400  0.026  0.026  186.045  184.542    0    0  (Gen:  0)
546426376  15980352 412936792  0.015  0.015  186.343  184.868    0    0  (Gen:  0)
521430112  15979728 425849184  0.037  0.037  186.710  185.191    0    0  (Gen:  0)
520441512  15979600 427859960  0.025  0.025  186.908  185.390    0    0  (Gen:  0)
532588632  15980376 431379568  0.012  0.012  187.130  185.618    0    0  (Gen:  0)
533047168  15979848 445730080  0.038  0.038  187.572  186.039    0    0  (Gen:  0)
520410656  15979944 447634568  0.025  0.025  187.769  186.237    0    0  (Gen:  0)
524840696  15980536 451215384  0.012  0.012  187.946  186.405    0    0  (Gen:  0)
544145472  15984392 465679344  0.041  0.041  188.437  186.889    0    0  (Gen:  0)
520549728  15980008 467601592  0.027  0.027  188.635  187.088    0    0  (Gen:  0)
520357296  15978928 246305568  0.319  0.320  189.108  187.561    0    0  (Gen:  1)
543763472  16448104 261590464  0.043  0.043  189.608  188.046    0    0  (Gen:  0)
520577888  17534304 263410320  0.029  0.029  189.812  188.250    0    0  (Gen:  0)
520326688   5010984 266528872  0.009  0.009  189.979  188.416    0    0  (Gen:  0)
547650904   5011800 281521496  0.044  0.044  190.483  188.904    0    0  (Gen:  0)
523569264  17353200 283242432  0.030  0.030  190.684  189.106    0    0  (Gen:  0)
520295408   5052056 286557248  0.010  0.010  190.856  189.278    0    0  (Gen:  0)
540580792   5052880 301592088  0.043  0.044  191.351  189.757    0    0  (Gen:  0)
523126440   5052944 303235296  0.028  0.028  191.554  189.960    0    0  (Gen:  0)
520300696   5052096 305936264  0.009  0.009  191.725  190.132    0    0  (Gen:  0)
545340032   5052896 316681216  0.030  0.030  192.153  190.544    0    0  (Gen:  0)
529227112   5053256 322781760  0.032  0.032  192.409  190.799    0    0  (Gen:  0)
520338592   5052208 325298040  0.019  0.019  192.598  190.988    0    0  (Gen:  0)
281041800   5052416 230122248  0.287  0.287  192.971  192.089    0    0  (Gen:  1)
    99664  11371368  19164056  0.018  0.035  192.990  192.213    0    0  (Gen:  1)
     1584                      0.000  0.000

 343,214,454,352 bytes allocated in the heap
  10,242,835,808 bytes copied during GC
     246,305,568 bytes maximum residency (22 sample(s))
       3,624,488 bytes maximum slop
             234 MB total memory in use (0 MB lost due to fragmentation)

                                     Tot time (elapsed)  Avg pause  Max pause
  Gen  0       628 colls,     0 par   16.797s  16.919s     0.0269s    0.2177s
  Gen  1        22 colls,     0 par    6.071s   6.244s     0.2838s    0.4108s

  TASKS: 21 (1 bound, 20 peak workers (20 total), using -N4)

  SPARKS: 0 (0 converted, 0 overflowed, 0 dud, 0 GC'd, 0 fizzled)

  INIT    time    0.001s  (  0.006s elapsed)
  MUT     time  170.121s  (169.044s elapsed)
  GC      time   22.867s  ( 23.163s elapsed)
  EXIT    time    0.000s  (  0.012s elapsed)
  Total   time  192.990s  (192.225s elapsed)

  Alloc rate    2,017,474,878 bytes per MUT second

  Productivity  88.2% of total user, 87.9% of total elapsed

