bench-hist/guessAllImports/ghcide --lsp --cwd bench/example/Cabal-3.0.0.0 +RTS -I0 -qg -A128M -Scode_actions.benchmark-gcStats -I0.5 
    Alloc    Copied     Live     GC     GC      TOT      TOT  Page Flts
    bytes     bytes     bytes   user   elap     user     elap
542853664  24098560  27071224  0.065  0.073    0.664    6.073    0    0  (Gen:  0)
539356544  24102496  43425400  0.097  0.112    1.038    6.696    0    0  (Gen:  1)
537847256  30253480  60334904  0.060  0.062    1.379    7.130    0    0  (Gen:  0)
532877064  36121432  82215576  0.080  0.085    1.683    7.552    0    0  (Gen:  0)
537915176  36122520  96277168  0.174  0.197    2.129    8.228    0    0  (Gen:  1)
536472704  36121888 113423048  0.060  0.060    2.455    8.694    0    0  (Gen:  0)
530364752  36120680 128421192  0.055  0.056    3.347    9.198    0    0  (Gen:  0)
545967968  36124264 208598416  0.176  0.188    4.409    9.803    0    0  (Gen:  0)
530585208  36128664 259287088  0.233  0.262    5.302   10.248    0    0  (Gen:  0)
522970080 262165864 291995808  0.513  0.569    6.415   11.022    0    0  (Gen:  1)
522246808 262162448 345171960  0.200  0.200    7.161   11.362    0    0  (Gen:  0)
523723000 262165352 397368152  0.214  0.215    7.902   11.712    0    0  (Gen:  0)
523519320 262159272 448573576  0.200  0.200    8.601   12.045    0    0  (Gen:  0)
525035896 262160144 509039080  0.228  0.239    9.382   12.426    0    0  (Gen:  0)
525513136 262162256 562321312  0.234  0.252   10.177   12.825    0    0  (Gen:  0)
521098824 262160272 606295496  1.049  1.194   11.781   14.161    0    0  (Gen:  1)
524897064 262174616 661120504  0.199  0.199   12.392   14.584    0    0  (Gen:  0)
517399464 262156312 720934840  0.176  0.176   12.846   15.039    0    0  (Gen:  0)
523785192 101228576 763347984  0.168  0.168   13.465   15.493    0    0  (Gen:  0)
526042496  63645888 797923112  0.140  0.141   14.209   15.828    0    0  (Gen:  0)
522956976  63645360 836472176  0.163  0.164   14.892   16.379    0    0  (Gen:  0)
524696192  76322040 874360576  0.165  0.165   15.569   16.823    0    0  (Gen:  0)
525022520  75667712 909601440  0.161  0.161   16.389   17.168    0    0  (Gen:  0)
572534160  66088216 940049072  0.145  0.145   17.085   17.744    0    0  (Gen:  0)
550879848  52603832 970124056  0.104  0.104   17.761   18.335    0    0  (Gen:  0)
539300776  52603968 978549952  0.049  0.050   18.223   18.702    0    0  (Gen:  0)
540833136  24363920 988122080  0.021  0.021   18.672   19.088    0    0  (Gen:  0)
536622784  24363928 997780728  0.015  0.015   19.111   19.465    0    0  (Gen:  0)
539750872  24363920 1007679704  0.016  0.016   19.554   19.847    0    0  (Gen:  0)
515375008 898498328 935687760  1.569  1.809   21.534   22.643    0    0  (Gen:  1)
   104480  12658648  19621752  0.026  0.109   21.560   22.752    0    0  (Gen:  1)
     1584                      0.000  0.000

  15,958,549,952 bytes allocated in the heap
   4,190,714,856 bytes copied during GC
     935,687,760 bytes maximum residency (6 sample(s))
       5,347,760 bytes maximum slop
             892 MB total memory in use (0 MB lost due to fragmentation)

                                     Tot time (elapsed)  Avg pause  Max pause
  Gen  0        25 colls,     0 par    3.326s   3.419s     0.1367s    0.2618s
  Gen  1         6 colls,     0 par    3.428s   3.990s     0.6650s    1.8093s

  TASKS: 21 (1 bound, 20 peak workers (20 total), using -N4)

  SPARKS: 0 (0 converted, 0 overflowed, 0 dud, 0 GC'd, 0 fizzled)

  INIT    time    0.001s  (  0.006s elapsed)
  MUT     time   14.805s  ( 15.338s elapsed)
  GC      time    6.754s  (  7.409s elapsed)
  EXIT    time    0.000s  (  0.009s elapsed)
  Total   time   21.561s  ( 22.761s elapsed)

  Alloc rate    1,077,934,079 bytes per MUT second

  Productivity  68.7% of total user, 67.4% of total elapsed

