bench-hist/guessAllImports/ghcide --lsp --cwd bench/example/Cabal-3.0.0.0 +RTS -I0 -qg -A128M -SdocumentSymbols_after_edit.benchmark-gcStats -I0.5 
    Alloc    Copied     Live     GC     GC      TOT      TOT  Page Flts
    bytes     bytes     bytes   user   elap     user     elap
549240144  24466928  27421168  0.068  0.075    0.670    6.003    0    0  (Gen:  0)
536809520  38705296  43417440  0.098  0.113    1.043    6.623    0    0  (Gen:  1)
534744760  38705208  60340464  0.061  0.063    1.385    7.058    0    0  (Gen:  0)
533089664  38705088  82229760  0.081  0.087    1.694    7.485    0    0  (Gen:  0)
537423672  38705912  96277160  0.176  0.200    2.144    8.169    0    0  (Gen:  1)
534601808  38704712 113378816  0.061  0.061    2.471    8.633    0    0  (Gen:  0)
531618880  38704104 127699624  0.056  0.056    3.374    9.132    0    0  (Gen:  0)
544997504  38707464 209086104  0.179  0.192    4.416    9.730    0    0  (Gen:  0)
535337864  38711936 258203400  0.236  0.264    5.367   10.188    0    0  (Gen:  0)
524458432  38714424 291132728  0.515  0.572    6.512   10.949    0    0  (Gen:  1)
525154992  78734896 330991968  0.176  0.177    7.330   11.291    0    0  (Gen:  0)
523415008  78718968 381935352  0.195  0.196    8.111   11.639    0    0  (Gen:  0)
524534464  78727856 420887944  0.184  0.184    8.860   11.969    0    0  (Gen:  0)
522630632  78718336 485994864  0.214  0.216    9.449   12.349    0    0  (Gen:  0)
527090736  78718056 539780320  0.246  0.269   10.171   12.776    0    0  (Gen:  0)
523898640  78716584 599762264  0.234  0.248   10.866   13.204    0    0  (Gen:  0)
519431616  78729280 652057552  1.129  1.291   12.264   14.764    0    0  (Gen:  1)
517372584  78714760 711708144  0.186  0.186   12.722   15.223    0    0  (Gen:  0)
527635080 101557856 754541544  0.169  0.169   13.330   15.676    0    0  (Gen:  0)
526447464 101559720 790305952  0.142  0.142   14.084   16.006    0    0  (Gen:  0)
524847680  73081600 828552832  0.170  0.170   14.776   16.525    0    0  (Gen:  0)
528531208  76823040 864964664  0.165  0.165   15.447   16.970    0    0  (Gen:  0)
526895016  76821264 900354128  0.160  0.160   16.277   17.310    0    0  (Gen:  0)
568831160  67122240 932201792  0.146  0.147   16.965   17.899    0    0  (Gen:  0)
554951616  67120136 952703288  0.097  0.098   17.397   18.316    0    0  (Gen:  0)
559097104  67120136 974749648  0.073  0.073   17.741   18.676    0    0  (Gen:  0)
558760856  67120120 997286704  0.075  0.076   18.082   19.032    0    0  (Gen:  0)
561119928  67120128 1019649496  0.076  0.076   18.430   19.395    0    0  (Gen:  0)
564181312  67120128 1041876896  0.075  0.075   18.779   19.761    0    0  (Gen:  0)
558033968  42542592 1064473960  0.077  0.078   19.122   20.118    0    0  (Gen:  0)
564438648  42542936 1086717888  0.076  0.076   19.472   20.485    0    0  (Gen:  0)
568720880  41842552 1108579824  0.075  0.075   19.826   20.857    0    0  (Gen:  0)
562447840  41842544 1131098576  0.077  0.078   20.170   21.215    0    0  (Gen:  0)
560152456  41842544 1153819704  0.082  0.082   20.519   21.578    0    0  (Gen:  0)
558327688  41842544 1176578032  0.083  0.088   20.872   21.951    0    0  (Gen:  0)
563621376  41842552 1199563504  0.087  0.095   21.239   22.346    0    0  (Gen:  0)
568477200  41842032 1193534240  1.982  2.295   23.503   24.938    0    0  (Gen:  1)
550950048  41842040 1215853608  0.075  0.075   23.843   25.292    0    0  (Gen:  0)
571247096  41842016 1238264912  0.077  0.077   24.200   25.664    0    0  (Gen:  0)
560935800  41842008 1260132192  0.076  0.076   24.548   26.026    0    0  (Gen:  0)
568567536  41842016 1282627984  0.077  0.077   24.903   26.396    0    0  (Gen:  0)
552020008  41842024 1254957896  1.769  1.825   27.084   29.339    0    0  (Gen:  1)
   104024  11577504  17709920  0.026  0.138   27.110   29.478    0    0  (Gen:  1)
     6528                      0.000  0.000

  22,855,200,440 bytes allocated in the heap
   2,392,104,080 bytes copied during GC
   1,254,957,896 bytes maximum residency (7 sample(s))
       8,514,784 bytes maximum slop
            1196 MB total memory in use (0 MB lost due to fragmentation)

                                     Tot time (elapsed)  Avg pause  Max pause
  Gen  0        36 colls,     0 par    4.385s   4.502s     0.1251s    0.2691s
  Gen  1         7 colls,     0 par    5.697s   6.434s     0.9192s    2.2949s

  TASKS: 18 (1 bound, 17 peak workers (17 total), using -N4)

  SPARKS: 0 (0 converted, 0 overflowed, 0 dud, 0 GC'd, 0 fizzled)

  INIT    time    0.001s  (  0.006s elapsed)
  MUT     time   17.028s  ( 18.536s elapsed)
  GC      time   10.081s  ( 10.936s elapsed)
  EXIT    time    0.000s  (  0.008s elapsed)
  Total   time   27.110s  ( 29.486s elapsed)

  Alloc rate    1,342,252,107 bytes per MUT second

  Productivity  62.8% of total user, 62.9% of total elapsed

