bench-hist/guessAllImports/ghcide --lsp --cwd bench/example/Cabal-3.0.0.0 +RTS -I0 -qg -A128M -Sedit.benchmark-gcStats -I0.5 
    Alloc    Copied     Live     GC     GC      TOT      TOT  Page Flts
    bytes     bytes     bytes   user   elap     user     elap
546961576      2160  27277120  0.068  0.075    0.666    5.964    0    0  (Gen:  0)
538554776      6096  43454848  0.101  0.118    1.054    6.611    0    0  (Gen:  1)
535146016      5408  60395736  0.068  0.075    1.411    7.068    0    0  (Gen:  0)
529178192      5496  81521856  0.083  0.089    1.727    7.509    0    0  (Gen:  0)
537137392  88812232  96086536  0.173  0.195    2.179    8.195    0    0  (Gen:  1)
538320784  88812192 113338944  0.061  0.062    2.510    8.665    0    0  (Gen:  0)
530962624  88811160 128168296  0.055  0.056    3.404    9.171    0    0  (Gen:  0)
548477088  76326624 206957936  0.175  0.188    4.470    9.803    0    0  (Gen:  0)
530214200 108519152 260978816  0.244  0.272    5.388   10.253    0    0  (Gen:  0)
520958912 108519304 295462920  0.523  0.581    6.465   11.005    0    0  (Gen:  1)
523920120 108514568 344266864  0.195  0.195    7.213   11.342    0    0  (Gen:  0)
527101872 108512216 390869512  0.197  0.198    7.922   11.670    0    0  (Gen:  0)
522026504 108512816 450631744  0.213  0.214    8.668   12.021    0    0  (Gen:  0)
528868272 108517608 506223408  0.238  0.250    9.495   12.425    0    0  (Gen:  0)
523936952 107829856 558724752  0.229  0.245   10.235   12.813    0    0  (Gen:  0)
529107936 107825360 612177808  0.225  0.240   11.045   13.203    0    0  (Gen:  0)
527120104 107835720 653401248  1.122  1.281   12.554   14.711    0    0  (Gen:  1)
517408632 107818952 713200888  0.178  0.178   13.009   15.167    0    0  (Gen:  0)
527830104 107821488 755955032  0.172  0.173   13.635   15.627    0    0  (Gen:  0)
524763376 107822272 789797240  0.138  0.139   14.376   15.962    0    0  (Gen:  0)
523140872 107821104 828970920  0.163  0.163   15.054   16.517    0    0  (Gen:  0)
524685920 107823624 865482888  0.160  0.160   15.722   16.957    0    0  (Gen:  0)
522637072  74315584 901001000  0.159  0.159   16.550   17.298    0    0  (Gen:  0)
570716848  74315664 932531728  0.146  0.146   17.238   17.892    0    0  (Gen:  0)
537950576  74313528 944967888  0.083  0.083   17.864   18.492    0    0  (Gen:  0)
539416904  24095504 956537048  0.052  0.052   18.453   19.059    0    0  (Gen:  0)
537411536  24095488 970085280  0.058  0.058   19.066   19.646    0    0  (Gen:  0)
533735440  26344576 980349672  0.057  0.057   19.680   20.235    0    0  (Gen:  0)
538499312  26344408 993002512  0.056  0.056   20.268   20.806    0    0  (Gen:  0)
537904256  26344432 1004589312  0.052  0.052   20.900   21.432    0    0  (Gen:  0)
539379088  26344464 1016079792  0.051  0.051   21.503   22.024    0    0  (Gen:  0)
537191632  26344464 1027354552  0.052  0.052   22.106   22.597    0    0  (Gen:  0)
538563408  26344456 1039874976  0.055  0.055   22.719   23.186    0    0  (Gen:  0)
531940344  27632992 1052688816  0.061  0.061   23.343   23.784    0    0  (Gen:  0)
539651304  27632816 1063697848  0.057  0.057   23.937   24.361    0    0  (Gen:  0)
538102504  27632592 1075188472  0.053  0.053   24.556   24.971    0    0  (Gen:  0)
540530800  23904400 1086790104  0.052  0.052   25.180   25.588    0    0  (Gen:  0)
539281488  23786368 1097791264  0.052  0.052   25.785   26.166    0    0  (Gen:  0)
536364456  23786384 1109882056  0.054  0.054   26.399   26.752    0    0  (Gen:  0)
537297440  27224304 1123133120  0.060  0.060   27.025   27.351    0    0  (Gen:  0)
538134712  25974728 1134122824  0.057  0.058   27.625   27.933    0    0  (Gen:  0)
539854400  25974280 1145944568  0.056  0.056   28.247   28.549    0    0  (Gen:  0)
535675960  25974352 1157570712  0.051  0.051   28.887   29.187    0    0  (Gen:  0)
533776992  23713560 1168651152  0.052  0.052   29.489   29.761    0    0  (Gen:  0)
537888424  23788544 1179806208  0.052  0.052   30.088   30.335    0    0  (Gen:  0)
541756320  23788536 1193677360  0.061  0.061   30.721   30.937    0    0  (Gen:  0)
533892920  23788856 1204357136  0.058  0.058   31.324   31.523    0    0  (Gen:  0)
536643464  25995448 1216568680  0.059  0.062   31.924   32.109    0    0  (Gen:  0)
539231008 1169904648 1207085760  2.093  2.415   34.609   35.113    0    0  (Gen:  1)
537354176 1169904648 1218042304  0.051  0.051   35.205   35.692    0    0  (Gen:  0)
535932016 1169904680 1229752152  0.053  0.053   35.787   36.258    0    0  (Gen:  0)
535031216 1169904672 1241940072  0.057  0.057   36.393   36.845    0    0  (Gen:  0)
536122632  27022200 1254387104  0.059  0.059   37.007   37.439    0    0  (Gen:  0)
540200096  27022048 1266152408  0.056  0.056   37.597   38.016    0    0  (Gen:  0)
539687016  24995792 1277753552  0.053  0.053   38.222   38.641    0    0  (Gen:  0)
541101072  24995792 1289296992  0.052  0.052   38.826   39.239    0    0  (Gen:  0)
537090032  24995808 1300917976  0.053  0.054   39.422   39.813    0    0  (Gen:  0)
540907832  24995864 1312870168  0.056  0.056   40.033   40.404    0    0  (Gen:  0)
536584840  24995960 1325368232  0.060  0.060   40.650   41.001    0    0  (Gen:  0)
539878792  24995952 1337180440  0.057  0.057   41.239   41.578    0    0  (Gen:  0)
542128528  24995992 1348804296  0.053  0.053   41.868   42.209    0    0  (Gen:  0)
538394272  24996008 1360319432  0.052  0.053   42.468   42.802    0    0  (Gen:  0)
533699992  24996000 1371454192  0.054  0.054   43.062   43.375    0    0  (Gen:  0)
539496184  24996032 1383618600  0.055  0.055   43.670   43.965    0    0  (Gen:  0)
536436640  24996232 1397006472  0.062  0.062   44.292   44.565    0    0  (Gen:  0)
538333544  24996208 1407974872  0.057  0.057   44.884   45.144    0    0  (Gen:  0)
542611576  24996064 1419600456  0.054  0.054   45.507   45.765    0    0  (Gen:  0)
536566464  24996144 1431159600  0.053  0.053   46.118   46.371    0    0  (Gen:  0)
532617816  24996192 1442251096  0.052  0.052   46.711   46.944    0    0  (Gen:  0)
538805928  24996216 1453944016  0.054  0.055   47.312   47.524    0    0  (Gen:  0)
536433040  24996264 1467478192  0.062  0.062   47.931   48.123    0    0  (Gen:  0)
534802184  24996432 1478251704  0.058  0.058   48.526   48.704    0    0  (Gen:  0)
542122192  26160744 1490344440  0.056  0.056   49.134   49.307    0    0  (Gen:  0)
538258216  26160760 1502047120  0.054  0.054   49.763   49.936    0    0  (Gen:  0)
536204784  26160776 1513169112  0.053  0.053   50.358   50.512    0    0  (Gen:  0)
534588672  23947976 1524418192  0.054  0.054   50.950   51.084    0    0  (Gen:  0)
540076664  23947984 1538055360  0.061  0.061   51.575   51.685    0    0  (Gen:  0)
538254928  26965536 1549060848  0.059  0.060   52.182   52.280    0    0  (Gen:  0)
540726680  26177960 1561216968  0.057  0.057   52.785   52.878    0    0  (Gen:  0)
538648616  26175096 1573218768  0.054  0.055   53.418   53.513    0    0  (Gen:  0)
534975120  23691816 1584026576  0.053  0.053   54.014   54.088    0    0  (Gen:  0)
537748912  23691832 1595509064  0.054  0.054   54.605   54.662    0    0  (Gen:  0)
537905664  23691840 1608286392  0.059  0.059   55.224   55.256    0    0  (Gen:  0)
532789264  26819456 1619907656  0.059  0.059   55.832   55.853    0    0  (Gen:  0)
543485984  26819264 1632128272  0.062  0.063   56.428   56.436    0    0  (Gen:  0)
536896448  26819264 1643826776  0.055  0.055   57.064   57.074    0    0  (Gen:  0)
537835016  26819272 1655310864  0.052  0.053   57.659   57.659    0    0  (Gen:  0)
537359848  26819272 1667236240  0.055  0.055   58.261   58.239    0    0  (Gen:  0)
534386560  26819264 1678613064  0.056  0.056   58.866   58.823    0    0  (Gen:  0)
536665544  26819384 1691452064  0.060  0.060   59.486   59.422    0    0  (Gen:  0)
532593192  26819360 1702829408  0.057  0.057   60.075   59.999    0    0  (Gen:  0)
543550552  26823928 1714570744  0.055  0.056   60.703   60.624    0    0  (Gen:  0)
539831232  26819360 1726198512  0.053  0.053   61.320   61.238    0    0  (Gen:  0)
534056648  26819360 1737232064  0.053  0.053   61.916   61.812    0    0  (Gen:  0)
541375096  25044336 1749457536  0.055  0.055   62.521   62.396    0    0  (Gen:  0)
536269648  25044392 1762625968  0.062  0.063   63.147   63.003    0    0  (Gen:  0)
533213808  25788864 1773497272  0.058  0.058   63.742   63.584    0    0  (Gen:  0)
540436712  25788672 1785440152  0.058  0.058   64.353   64.188    0    0  (Gen:  0)
540286960  24438160 1797237648  0.054  0.054   64.982   64.815    0    0  (Gen:  0)
535357280  24438200 1808287832  0.053  0.053   65.579   65.392    0    0  (Gen:  0)
538070312  24438192 1819163472  0.052  0.052   66.182   65.973    0    0  (Gen:  0)
537856136  24438240 1833501176  0.062  0.062   66.809   66.581    0    0  (Gen:  0)
533982224  24438416 1844251920  0.059  0.059   67.407   67.167    0    0  (Gen:  0)
542938304  26187496 1856435768  0.057  0.057   68.015   67.767    0    0  (Gen:  0)
543453712  26185160 1868247376  0.054  0.054   68.652   68.404    0    0  (Gen:  0)
538317168  26185200 1879346136  0.053  0.053   69.252   68.983    0    0  (Gen:  0)
538364240  26185192 1890029256  0.052  0.052   69.853   69.562    0    0  (Gen:  0)
536660880  26185224 1904539240  0.062  0.062   70.479   70.167    0    0  (Gen:  0)
538667568  27134360 1915566288  0.061  0.061   71.087   70.762    0    0  (Gen:  0)
543461168  27137152 1927735632  0.057  0.057   71.699   71.371    0    0  (Gen:  0)
540175472  27134192 1939579440  0.054  0.054   72.333   72.004    0    0  (Gen:  0)
539457584  27134256 1950688008  0.053  0.053   72.934   72.583    0    0  (Gen:  0)
541572760  27134256 1962413096  0.054  0.055   73.541   73.167    0    0  (Gen:  0)
535230384  27134312 1975946936  0.062  0.062   74.163   73.767    0    0  (Gen:  0)
538006328  27134616 1986923992  0.059  0.059   74.762   74.355    0    0  (Gen:  0)
539657744  27137296 1998879704  0.057  0.057   75.369   74.954    0    0  (Gen:  0)
437125848 1953724776 2006617336  3.349  3.816   79.192   79.958    0    0  (Gen:  1)
   104856  11574480  17725488  0.040  0.224   79.232   80.183    0    0  (Gen:  1)
     1368                      0.000  0.000

  62,678,471,016 bytes allocated in the heap
  10,958,822,928 bytes copied during GC
   2,006,617,336 bytes maximum residency (7 sample(s))
       8,393,480 bytes maximum slop
            1913 MB total memory in use (0 MB lost due to fragmentation)

                                     Tot time (elapsed)  Avg pause  Max pause
  Gen  0       111 colls,     0 par    8.267s   8.394s     0.0756s    0.2718s
  Gen  1         7 colls,     0 par    7.401s   8.629s     1.2328s    3.8157s

  TASKS: 21 (1 bound, 20 peak workers (20 total), using -N4)

  SPARKS: 0 (0 converted, 0 overflowed, 0 dud, 0 GC'd, 0 fizzled)

  INIT    time    0.002s  (  0.006s elapsed)
  MUT     time   63.562s  ( 63.153s elapsed)
  GC      time   15.669s  ( 17.024s elapsed)
  EXIT    time    0.000s  (  0.011s elapsed)
  Total   time   79.233s  ( 80.194s elapsed)

  Alloc rate    986,093,803 bytes per MUT second

  Productivity  80.2% of total user, 78.8% of total elapsed

