bench-hist/guessAllImports/ghcide --lsp --cwd bench/example/Cabal-3.0.0.0 +RTS -I0 -qg -A128M -SgetDefinition.benchmark-gcStats -I0.5 
    Alloc    Copied     Live     GC     GC      TOT      TOT  Page Flts
    bytes     bytes     bytes   user   elap     user     elap
544198296  24183664  27163432  0.066  0.073    0.662    6.198    0    0  (Gen:  0)
540573168  38733768  43503384  0.097  0.112    1.038    6.826    0    0  (Gen:  1)
537193680  38733680  60526496  0.060  0.062    1.382    7.264    0    0  (Gen:  0)
531179880  38733192  82283408  0.080  0.085    1.689    7.687    0    0  (Gen:  0)
537112728  38734352  96250976  0.173  0.197    2.133    8.365    0    0  (Gen:  1)
536065720  38733744 113378856  0.061  0.062    2.461    8.832    0    0  (Gen:  0)
526363104  38732728 128098416  0.056  0.056    3.351    9.338    0    0  (Gen:  0)
541113912  38735904 205339656  0.174  0.187    4.426    9.934    0    0  (Gen:  0)
532608328  38742744 259567896  0.238  0.268    5.372   10.392    0    0  (Gen:  0)
522760672  38738552 295414760  0.520  0.579    6.468   11.150    0    0  (Gen:  1)
522584376  38742720 341697128  0.188  0.189    7.193   11.476    0    0  (Gen:  0)
526160208  38734072 388336032  0.186  0.187    7.890   11.794    0    0  (Gen:  0)
524449688  38740872 449390240  0.211  0.212    8.652   12.147    0    0  (Gen:  0)
524572080  38739768 503632000  0.235  0.247    9.465   12.549    0    0  (Gen:  0)
526622808  38734680 556030400  0.226  0.240   10.262   12.936    0    0  (Gen:  0)
525227864  38734424 611908768  0.229  0.246   10.971   13.341    0    0  (Gen:  0)
526745712  38757600 651833136  1.117  1.281   12.502   14.840    0    0  (Gen:  1)
517406760  38730976 711599584  0.178  0.178   12.951   15.289    0    0  (Gen:  0)
525088720  38733336 755048096  0.167  0.168   13.555   15.746    0    0  (Gen:  0)
526731296  63770520 791457840  0.141  0.142   14.307   16.080    0    0  (Gen:  0)
526453560  63782264 829361680  0.166  0.166   15.024   16.590    0    0  (Gen:  0)
529837488  63800072 866890536  0.166  0.167   15.702   17.047    0    0  (Gen:  0)
525481072  63771992 901045704  0.160  0.161   16.512   17.394    0    0  (Gen:  0)
572958496  63769624 933291336  0.148  0.148   17.207   17.978    0    0  (Gen:  0)
541535704  38891424 941458024  0.075  0.075   17.839   18.571    0    0  (Gen:  0)
534806768  38890688 942131088  0.018  0.018   18.497   19.216    0    0  (Gen:  0)
532692520   3226304 943204544  0.009  0.009   19.125   19.834    0    0  (Gen:  0)
528838960   3226336 944033728  0.009  0.009   19.742   20.435    0    0  (Gen:  0)
533676320   3226352 944684424  0.009  0.009   20.374   21.042    0    0  (Gen:  0)
535099584   3226432 945902440  0.010  0.010   20.997   21.645    0    0  (Gen:  0)
534543448   3226464 945335416  0.008  0.008   21.638   22.266    0    0  (Gen:  0)
535860216   3226544 946381904  0.008  0.008   22.281   22.900    0    0  (Gen:  0)
532636576   3226576 947455512  0.009  0.009   22.914   23.524    0    0  (Gen:  0)
530484736   3226584 948368656  0.009  0.009   23.536   24.127    0    0  (Gen:  0)
532681160   3226592 948950576  0.009  0.009   24.171   24.737    0    0  (Gen:  0)
533205680   3226640 950173408  0.010  0.010   24.797   25.344    0    0  (Gen:  0)
530658456   3226672 949552128  0.008  0.008   25.437   25.964    0    0  (Gen:  0)
533405744   3226712 950503432  0.009  0.009   26.089   26.607    0    0  (Gen:  0)
537476408   3226760 951660304  0.009  0.009   26.729   27.235    0    0  (Gen:  0)
533312248   3226800 952373016  0.009  0.009   27.364   27.846    0    0  (Gen:  0)
535767912   3226832 953384880  0.010  0.010   27.990   28.455    0    0  (Gen:  0)
535943120   3228720 953715440  0.009  0.009   28.627   29.067    0    0  (Gen:  0)
535151360   3228752 953869728  0.008  0.008   29.278   29.708    0    0  (Gen:  0)
536300120   3250504 955056000  0.009  0.009   29.930   30.356    0    0  (Gen:  0)
532430800   3250536 955994960  0.010  0.010   30.551   30.959    0    0  (Gen:  0)
529260672   3250576 956651256  0.009  0.009   31.184   31.566    0    0  (Gen:  0)
535723096   3250632 957869712  0.010  0.010   31.812   32.174    0    0  (Gen:  0)
532057904   2950248 957385376  0.008  0.008   32.446   32.784    0    0  (Gen:  0)
532561480   2950280 958103496  0.008  0.009   33.096   33.424    0    0  (Gen:  0)
531953832   2950320 959177912  0.009  0.009   33.738   34.056    0    0  (Gen:  0)
529508912   2950328 960115744  0.010  0.010   34.362   34.667    0    0  (Gen:  0)
529150272   2950328 960777072  0.009  0.009   34.998   35.278    0    0  (Gen:  0)
535335144   2950336 961963216  0.011  0.011   35.622   35.886    0    0  (Gen:  0)
534325064   2950408 962530792  0.010  0.010   36.257   36.497    0    0  (Gen:  0)
534238816   2950408 962240792  0.009  0.009   36.909   37.135    0    0  (Gen:  0)
532658304   3122656 963286776  0.009  0.009   37.552   37.769    0    0  (Gen:  0)
533044136   3122672 964294336  0.009  0.009   38.186   38.389    0    0  (Gen:  0)
532006560   3350328 965006256  0.009  0.009   38.823   39.000    0    0  (Gen:  0)
535535952   3855464 966335192  0.011  0.011   39.451   39.608    0    0  (Gen:  0)
530064096   3476440 966656352  0.010  0.010   40.086   40.221    0    0  (Gen:  0)
535784728   3476504 966478640  0.008  0.008   40.742   40.863    0    0  (Gen:  0)
532155824   3476528 967540848  0.009  0.009   41.386   41.496    0    0  (Gen:  0)
534652736   3476576 968564152  0.010  0.010   42.018   42.113    0    0  (Gen:  0)
533982200   3476616 969243288  0.010  0.010   42.655   42.725    0    0  (Gen:  0)
533347120   4147776 970817648  0.012  0.012   43.287   43.339    0    0  (Gen:  0)
534446888   4147808 969864896  0.008  0.008   43.942   43.972    0    0  (Gen:  0)
534807384   2986288 970794712  0.009  0.009   44.594   44.614    0    0  (Gen:  0)
533330096   3270608 971874016  0.009  0.009   45.237   45.245    0    0  (Gen:  0)
531174960   3470264 972808424  0.010  0.010   45.861   45.858    0    0  (Gen:  0)
533154800   3470304 973439024  0.010  0.010   46.500   46.470    0    0  (Gen:  0)
534457408   3764736 974623664  0.011  0.011   47.129   47.077    0    0  (Gen:  0)
534725824   3764720 974054960  0.008  0.008   47.777   47.704    0    0  (Gen:  0)
248191600 915781064 947075288  1.527  1.724   49.595   50.369    0    0  (Gen:  1)
   104376  11581712  17829728  0.024  0.103   49.619   50.473    0    0  (Gen:  1)
     1584                      0.000  0.000

  38,607,739,224 bytes allocated in the heap
   2,196,807,400 bytes copied during GC
     947,075,288 bytes maximum residency (6 sample(s))
       5,556,008 bytes maximum slop
             903 MB total memory in use (0 MB lost due to fragmentation)

                                     Tot time (elapsed)  Avg pause  Max pause
  Gen  0        68 colls,     0 par    3.655s   3.764s     0.0553s    0.2684s
  Gen  1         6 colls,     0 par    3.457s   3.996s     0.6659s    1.7236s

  TASKS: 21 (1 bound, 20 peak workers (20 total), using -N4)

  SPARKS: 0 (0 converted, 0 overflowed, 0 dud, 0 GC'd, 0 fizzled)

  INIT    time    0.001s  (  0.005s elapsed)
  MUT     time   42.506s  ( 42.708s elapsed)
  GC      time    7.112s  (  7.759s elapsed)
  EXIT    time    0.000s  (  0.007s elapsed)
  Total   time   49.619s  ( 50.480s elapsed)

  Alloc rate    908,299,293 bytes per MUT second

  Productivity  85.7% of total user, 84.6% of total elapsed

