bench-hist/guessAllImports/ghcide --lsp --cwd bench/example/Cabal-3.0.0.0 +RTS -I0 -qg -A128M -Shover_after_edit.benchmark-gcStats -I0.5 
    Alloc    Copied     Live     GC     GC      TOT      TOT  Page Flts
    bytes     bytes     bytes   user   elap     user     elap
548914288      2160  27399040  0.068  0.076    0.673    6.097    0    0  (Gen:  0)
537882000      6104  43503528  0.096  0.113    1.049    6.723    0    0  (Gen:  1)
536801760      5400  60620520  0.061  0.063    1.399    7.171    0    0  (Gen:  0)
526635968  36002528  81605584  0.080  0.087    1.709    7.601    0    0  (Gen:  0)
538585304  88883984  96167536  0.192  0.218    2.183    8.352    0    0  (Gen:  1)
535435440  88883360 113319280  0.061  0.061    2.511    8.821    0    0  (Gen:  0)
527144544  88882152 128073368  0.054  0.055    3.394    9.311    0    0  (Gen:  0)
543015312  88885528 208007192  0.175  0.189    4.439    9.948    0    0  (Gen:  0)
526146736 106134032 258298864  0.232  0.259    5.338   10.388    0    0  (Gen:  0)
523601328 106138632 289466032  0.503  0.559    6.441   11.127    0    0  (Gen:  1)
522252960 106132104 336191384  0.185  0.185    7.206   11.462    0    0  (Gen:  0)
524870504 106130256 397966992  0.225  0.225    7.961   11.823    0    0  (Gen:  0)
527254768 106137280 447702544  0.218  0.219    8.733   12.185    0    0  (Gen:  0)
526475312 106128912 510645760  0.225  0.238    9.361   12.546    0    0  (Gen:  0)
525271248 118765384 566516704  0.240  0.260   10.141   12.963    0    0  (Gen:  0)
523337408 577187048 607897016  1.044  1.188   11.720   14.287    0    0  (Gen:  1)
525832600 577194104 659377984  0.191  0.191   12.383   14.674    0    0  (Gen:  0)
517464160 577179384 719171776  0.175  0.175   12.838   15.130    0    0  (Gen:  0)
524116216 577181688 761639056  0.165  0.165   13.450   15.587    0    0  (Gen:  0)
526231096 577183120 798542584  0.139  0.140   14.189   15.920    0    0  (Gen:  0)
521489144 577182584 835811936  0.164  0.164   14.884   16.440    0    0  (Gen:  0)
528395248 577183592 873824880  0.165  0.165   15.556   16.896    0    0  (Gen:  0)
522096528 577184080 907147400  0.156  0.156   16.351   17.257    0    0  (Gen:  0)
573487552 577182112 939377024  0.146  0.147   17.045   17.847    0    0  (Gen:  0)
537786968 577179944 958831432  0.107  0.107   17.653   18.419    0    0  (Gen:  0)
534679712 577180600 970954056  0.055  0.055   18.239   18.994    0    0  (Gen:  0)
535211032 577180096 983699912  0.062  0.062   18.793   19.541    0    0  (Gen:  0)
537800712 577179800 995472552  0.060  0.061   19.400   20.121    0    0  (Gen:  0)
532627848 577179824 1007866864  0.059  0.059   19.955   20.687    0    0  (Gen:  0)
531746728 577179872 1021064328  0.063  0.064   20.532   21.226    0    0  (Gen:  0)
540096784 577179960 1031368920  0.055  0.056   21.111   21.797    0    0  (Gen:  0)
532752320  26175144 1045467616  0.067  0.067   21.654   22.324    0    0  (Gen:  0)
533076496  26175136 1057724080  0.062  0.062   22.275   22.926    0    0  (Gen:  0)
535169808  26175240 1069642248  0.060  0.060   22.840   23.502    0    0  (Gen:  0)
528498200  26462216 1082248424  0.061  0.062   23.405   24.029    0    0  (Gen:  0)
533078424  25458032 1093308904  0.059  0.059   23.970   24.596    0    0  (Gen:  0)
536030984  25458056 1106371832  0.061  0.061   24.533   25.132    0    0  (Gen:  0)
531962680  25458072 1118546712  0.060  0.061   25.123   25.708    0    0  (Gen:  0)
537081968  25458616 1131131216  0.066  0.069   25.686   26.270    0    0  (Gen:  0)
534706904  25457400 1090223000  1.890  2.182   28.117   28.962    0    0  (Gen:  1)
538455040  25413136 1102422120  0.059  0.059   28.682   29.531    0    0  (Gen:  0)
527332592  25413248 1115818400  0.064  0.064   29.237   30.062    0    0  (Gen:  0)
533647064  25413288 1126202488  0.058  0.058   29.801   30.625    0    0  (Gen:  0)
532561160  26175632 1140213072  0.065  0.065   30.344   31.152    0    0  (Gen:  0)
531569056  28957464 1152632336  0.064  0.064   30.954   31.747    0    0  (Gen:  0)
535963328  28958056 1164246536  0.062  0.062   31.519   32.325    0    0  (Gen:  0)
532966640  28957672 1176698368  0.064  0.064   32.088   32.865    0    0  (Gen:  0)
533201128  28957656 1187962176  0.058  0.058   32.651   33.432    0    0  (Gen:  0)
533571568  28957720 1200615000  0.061  0.062   33.209   33.968    0    0  (Gen:  0)
533071928  28957784 1212689016  0.058  0.058   33.780   34.537    0    0  (Gen:  0)
533421120  28958280 1225621464  0.062  0.062   34.333   35.084    0    0  (Gen:  0)
534116720  28957928 1237210984  0.062  0.062   34.938   35.668    0    0  (Gen:  0)
535583384  25536352 1249830832  0.061  0.061   35.496   36.240    0    0  (Gen:  0)
533162480  25536432 1262925656  0.064  0.064   36.064   36.778    0    0  (Gen:  0)
535357568  25960400 1273884272  0.058  0.058   36.630   37.343    0    0  (Gen:  0)
533416464  26112320 1287475992  0.065  0.065   37.178   37.875    0    0  (Gen:  0)
535681320  26112336 1299935704  0.064  0.064   37.794   38.478    0    0  (Gen:  0)
537400040  26113040 1311613664  0.063  0.063   38.361   39.058    0    0  (Gen:  0)
530783392  27441384 1323824344  0.064  0.064   38.931   39.598    0    0  (Gen:  0)
534696760  27441408 1335311536  0.058  0.058   39.495   40.166    0    0  (Gen:  0)
531744512  26276112 1348625880  0.064  0.064   40.057   40.704    0    0  (Gen:  0)
540678984  27253312 1360306432  0.060  0.060   40.643   41.284    0    0  (Gen:  0)
539604488  27253800 1373227208  0.065  0.065   41.204   41.842    0    0  (Gen:  0)
530121528  27253432 1384801472  0.062  0.062   41.796   42.409    0    0  (Gen:  0)
532220736  27253432 1397317248  0.060  0.060   42.351   42.977    0    0  (Gen:  0)
531703992  27253448 1410447936  0.065  0.065   42.922   43.515    0    0  (Gen:  0)
537066704  25923200 1421278472  0.058  0.058   43.490   44.082    0    0  (Gen:  0)
536611832  25923280 1435029880  0.064  0.064   44.041   44.618    0    0  (Gen:  0)
529581264  25923304 1447478760  0.065  0.066   44.653   45.215    0    0  (Gen:  0)
534582672  25923856 1459069896  0.063  0.063   45.216   45.790    0    0  (Gen:  0)
530888864  25923384 1471358872  0.065  0.065   45.790   46.337    0    0  (Gen:  0)
534299832  25923432 1482780968  0.059  0.059   46.360   46.912    0    0  (Gen:  0)
529650752  25923472 1495757840  0.064  0.064   46.921   47.448    0    0  (Gen:  0)
536447328  25923488 1507471192  0.060  0.060   47.502   48.027    0    0  (Gen:  0)
533876728  26095136 1520416744  0.064  0.065   48.053   48.572    0    0  (Gen:  0)
530915848  26534296 1532012184  0.061  0.061   48.661   49.158    0    0  (Gen:  0)
538524984  26534376 1544614464  0.061  0.061   49.224   49.735    0    0  (Gen:  0)
530165480  26534400 1557651576  0.067  0.067   49.796   50.278    0    0  (Gen:  0)
535991112  26534408 1568556456  0.062  0.062   50.367   50.850    0    0  (Gen:  0)
530889960  25958168 1582067072  0.066  0.066   50.922   51.385    0    0  (Gen:  0)
534022656  25959208 1594398304  0.064  0.064   51.532   51.980    0    0  (Gen:  0)
537356880  25959016 1606335136  0.063  0.063   52.099   52.557    0    0  (Gen:  0)
529182776  25958424 1618248800  0.063  0.063   52.676   53.104    0    0  (Gen:  0)
532146376  25958528 1630042528  0.060  0.060   53.247   53.681    0    0  (Gen:  0)
530646744  26733056 1643638624  0.065  0.066   53.808   54.218    0    0  (Gen:  0)
536823416  26733056 1654408152  0.060  0.060   54.390   54.794    0    0  (Gen:  0)
535647192  26733200 1667969216  0.064  0.065   54.939   55.333    0    0  (Gen:  0)
532675296  26733216 1680306656  0.063  0.063   55.552   55.928    0    0  (Gen:  0)
537981640  26733208 1692188568  0.062  0.062   56.123   56.513    0    0  (Gen:  0)
531014952  26733240 1704999192  0.064  0.064   56.693   57.052    0    0  (Gen:  0)
536714504  25996528 1716397016  0.059  0.060   57.263   57.623    0    0  (Gen:  0)
532032608  25830264 1729381952  0.065  0.065   57.819   58.159    0    0  (Gen:  0)
535638696  25832232 1742290504  0.063  0.063   58.424   58.752    0    0  (Gen:  0)
536556304  25830592 1753914608  0.065  0.065   58.991   59.324    0    0  (Gen:  0)
532219456  25830464 1765683448  0.064  0.064   59.580   59.886    0    0  (Gen:  0)
534496032  25830456 1777656960  0.060  0.060   60.151   60.461    0    0  (Gen:  0)
531377928  25830480 1791328688  0.065  0.065   60.715   61.000    0    0  (Gen:  0)
539667664  25830488 1802376640  0.060  0.060   61.301   61.579    0    0  (Gen:  0)
536656176  25830688 1815668672  0.067  0.068   61.860   62.130    0    0  (Gen:  0)
531830136  25830696 1827321184  0.062  0.062   62.476   62.728    0    0  (Gen:  0)
535777704  25830728 1839873320  0.062  0.062   63.042   63.307    0    0  (Gen:  0)
529153416  25830752 1852698120  0.064  0.065   63.613   63.847    0    0  (Gen:  0)
537167288  25830800 1864324200  0.060  0.060   64.183   64.418    0    0  (Gen:  0)
530657504  25830880 1877172384  0.065  0.065   64.741   64.955    0    0  (Gen:  0)
538818896  25831888 1889779600  0.066  0.066   65.360   65.561    0    0  (Gen:  0)
532625712  25831216 1901534264  0.064  0.064   65.919   66.128    0    0  (Gen:  0)
533165848  27109976 1913495536  0.064  0.064   66.506   66.687    0    0  (Gen:  0)
534369112  25461328 1925382368  0.059  0.060   67.078   67.265    0    0  (Gen:  0)
528093592  26787056 1939007344  0.065  0.065   67.641   67.803    0    0  (Gen:  0)
539113872  26787120 1950011760  0.060  0.060   68.225   68.381    0    0  (Gen:  0)
536678968  26787224 1963348312  0.065  0.065   68.777   68.926    0    0  (Gen:  0)
534231232  26787288 1975069968  0.062  0.062   69.395   69.527    0    0  (Gen:  0)
533731472  26787304 1987580176  0.063  0.063   69.966   70.111    0    0  (Gen:  0)
528775624  26787376 2000326824  0.065  0.065   70.538   70.653    0    0  (Gen:  0)
532024088  25618872 2011400128  0.059  0.059   71.103   71.223    0    0  (Gen:  0)
532024512  25501008 2024386144  0.064  0.065   71.669   71.765    0    0  (Gen:  0)
536979816  25501584 2036430080  0.062  0.062   72.276   72.360    0    0  (Gen:  0)
537254120  25998600 2049216440  0.065  0.065   72.838   72.928    0    0  (Gen:  0)
529986016  25998232 2060832392  0.064  0.064   73.433   73.496    0    0  (Gen:  0)
529871112  25998216 2073294576  0.061  0.061   73.995   74.072    0    0  (Gen:  0)
532625152  26857144 2086374984  0.066  0.066   74.574   74.619    0    0  (Gen:  0)
533265304  26857168 2097440200  0.061  0.062   75.149   75.193    0    0  (Gen:  0)
532525232  26857184 2110923360  0.067  0.067   75.710   75.735    0    0  (Gen:  0)
536793032  26857240 2123421808  0.066  0.066   76.336   76.343    0    0  (Gen:  0)
535219296  26857784 2135078984  0.064  0.064   76.907   76.926    0    0  (Gen:  0)
531506096  26857400 2147276840  0.066  0.066   77.488   77.475    0    0  (Gen:  0)
536189776  26857400 2158863432  0.060  0.060   78.061   78.053    0    0  (Gen:  0)
534643760  26857432 2171554392  0.064  0.064   78.630   78.597    0    0  (Gen:  0)
535545088  26853000 2176914552  3.905  4.567   83.062   83.689    0    0  (Gen:  1)
537331864  26197000 2189404704  0.066  0.066   83.635   84.256    0    0  (Gen:  0)
533429256  26196880 2200985848  0.063  0.063   84.255   84.848    0    0  (Gen:  0)
534846024  25624984 2213553800  0.063  0.064   84.833   85.438    0    0  (Gen:  0)
532273816  27012192 2226650736  0.067  0.067   85.422   85.991    0    0  (Gen:  0)
538174160  27012288 2237606480  0.060  0.060   86.006   86.572    0    0  (Gen:  0)
537200896  27012336 2251343088  0.067  0.067   86.574   87.120    0    0  (Gen:  0)
530907432  27012408 2263769224  0.067  0.067   87.205   87.732    0    0  (Gen:  0)
534414200  27012840 2275383520  0.064  0.064   87.781   88.317    0    0  (Gen:  0)
533504856  27012600 2287631728  0.065  0.066   88.374   88.873    0    0  (Gen:  0)
536956528  25556368 2299161096  0.060  0.060   88.958   89.459    0    0  (Gen:  0)
535759560  25556416 2311954536  0.065  0.065   89.534   90.007    0    0  (Gen:  0)
538311960  25557408 2324000584  0.061  0.061   90.141   90.597    0    0  (Gen:  0)
531962424  25556928 2337008584  0.066  0.066   90.704   91.158    0    0  (Gen:  0)
533544400  26643320 2348669168  0.063  0.063   91.323   91.754    0    0  (Gen:  0)
535222536  25614328 2361226552  0.062  0.062   91.909   92.352    0    0  (Gen:  0)
531021480  25614416 2374322016  0.067  0.067   92.496   92.903    0    0  (Gen:  0)
536846624  25614456 2385328928  0.060  0.060   93.084   93.489    0    0  (Gen:  0)
539210784  25614496 2398946832  0.067  0.068   93.657   94.040    0    0  (Gen:  0)
537725088  29175928 2411604592  0.067  0.067   94.296   94.658    0    0  (Gen:  0)
537012424  29176104 2423396544  0.064  0.064   94.880   95.253    0    0  (Gen:  0)
528722816  29176000 2435547608  0.065  0.065   95.460   95.796    0    0  (Gen:  0)
383944608 2387834776 2441831328  3.987  4.145   99.811  101.038    0    0  (Gen:  1)
   104304  11613096  18605328  0.037  0.269   99.848  101.311    0    0  (Gen:  1)
     1368                      0.000  0.000

  80,418,500,824 bytes allocated in the heap
  15,932,480,616 bytes copied during GC
   2,441,831,328 bytes maximum residency (8 sample(s))
       9,935,968 bytes maximum slop
            2328 MB total memory in use (0 MB lost due to fragmentation)

                                     Tot time (elapsed)  Avg pause  Max pause
  Gen  0       144 colls,     0 par   10.949s  11.070s     0.0769s    0.2598s
  Gen  1         8 colls,     0 par   11.653s  13.240s     1.6550s    4.5673s

  TASKS: 21 (1 bound, 20 peak workers (20 total), using -N4)

  SPARKS: 0 (0 converted, 0 overflowed, 0 dud, 0 GC'd, 0 fizzled)

  INIT    time    0.001s  (  0.006s elapsed)
  MUT     time   77.244s  ( 76.995s elapsed)
  GC      time   22.602s  ( 24.310s elapsed)
  EXIT    time    0.000s  (  0.011s elapsed)
  Total   time   99.849s  (101.322s elapsed)

  Alloc rate    1,041,090,813 bytes per MUT second

  Productivity  77.4% of total user, 76.0% of total elapsed

