bench-hist/guessAllImports/ghcide --lsp --cwd bench/example/Cabal-3.0.0.0 +RTS -I0 -qg -A128M -Shover.benchmark-gcStats -I0.5 
    Alloc    Copied     Live     GC     GC      TOT      TOT  Page Flts
    bytes     bytes     bytes   user   elap     user     elap
545286864      2160  27197264  0.067  0.074    0.661    6.048    0    0  (Gen:  0)
542922064      6104  43521448  0.097  0.113    1.038    6.676    0    0  (Gen:  1)
536177664  30511048  60743016  0.060  0.062    1.378    7.108    0    0  (Gen:  0)
529017088  30510600  82418128  0.079  0.085    1.685    7.533    0    0  (Gen:  0)
536726592  88964376  96191920  0.171  0.194    2.125    8.203    0    0  (Gen:  1)
533764224  30220096 113243544  0.060  0.061    2.452    8.668    0    0  (Gen:  0)
533324632  30219472 127450760  0.056  0.056    3.344    9.163    0    0  (Gen:  0)
544157496  30222752 206614720  0.175  0.187    4.444    9.797    0    0  (Gen:  0)
531137664  30231040 258508304  0.234  0.263    5.356   10.240    0    0  (Gen:  0)
522520864  30232088 288643936  0.509  0.569    6.477   11.002    0    0  (Gen:  1)
525502784  30230304 338725704  0.192  0.192    7.242   11.342    0    0  (Gen:  0)
521121416  30226160 398278880  0.226  0.226    7.976   11.698    0    0  (Gen:  0)
526017552  30231120 446295288  0.210  0.210    8.733   12.049    0    0  (Gen:  0)
527683120  30222400 508861968  0.224  0.237    9.453   12.413    0    0  (Gen:  0)
527123112  30223104 563115768  0.237  0.259   10.268   12.824    0    0  (Gen:  0)
528910224  30225464 607422928  1.061  1.211   11.836   14.187    0    0  (Gen:  1)
524789104 107082512 660697584  0.194  0.195   12.466   14.586    0    0  (Gen:  0)
517413104 110901368 720508672  0.176  0.176   12.920   15.041    0    0  (Gen:  0)
524403880 110903888 762835344  0.167  0.168   13.540   15.496    0    0  (Gen:  0)
527423232  65250248 799021088  0.142  0.142   14.294   15.830    0    0  (Gen:  0)
524160312  72508848 835990248  0.163  0.163   14.983   16.366    0    0  (Gen:  0)
523484416  74149584 872138648  0.161  0.161   15.656   16.803    0    0  (Gen:  0)
523875208  74120768 906847984  0.159  0.160   16.466   17.161    0    0  (Gen:  0)
568863720  74120632 939320720  0.146  0.147   17.155   17.748    0    0  (Gen:  0)
545598296  74119296 952939648  0.091  0.091   17.802   18.353    0    0  (Gen:  0)
537112816  74118600 953562672  0.018  0.018   18.460   18.993    0    0  (Gen:  0)
532739200  74118608 954657616  0.009  0.009   19.093   19.618    0    0  (Gen:  0)
533033896  74118608 955678264  0.009  0.009   19.705   20.214    0    0  (Gen:  0)
532259312   3381176 956180864  0.009  0.009   20.337   20.821    0    0  (Gen:  0)
532254160   3381184 957350128  0.010  0.010   20.958   21.421    0    0  (Gen:  0)
533648768   2837640 956788376  0.008  0.008   21.595   22.038    0    0  (Gen:  0)
534982176   2837648 957738704  0.008  0.008   22.236   22.671    0    0  (Gen:  0)
534467328   3303688 958835256  0.009  0.009   22.874   23.297    0    0  (Gen:  0)
533710272   3303688 959724432  0.009  0.009   23.496   23.897    0    0  (Gen:  0)
534979720   3303744 960378528  0.009  0.009   24.124   24.503    0    0  (Gen:  0)
534235912   3303744 961855528  0.011  0.011   24.756   25.114    0    0  (Gen:  0)
536046696   3303736 960982152  0.008  0.008   25.405   25.746    0    0  (Gen:  0)
529652384   3303736 961980704  0.009  0.009   26.039   26.369    0    0  (Gen:  0)
532908296   3303768 963038704  0.009  0.009   26.670   26.989    0    0  (Gen:  0)
533342528   3303768 963798528  0.009  0.009   27.299   27.592    0    0  (Gen:  0)
533739376   3303840 964541752  0.010  0.010   27.920   28.195    0    0  (Gen:  0)
531184136   3303848 966287904  0.012  0.012   28.548   28.802    0    0  (Gen:  0)
537441208   3303856 965165032  0.008  0.008   29.201   29.437    0    0  (Gen:  0)
534750056   3303880 966255688  0.009  0.009   29.844   30.070    0    0  (Gen:  0)
537806592   3303912 967352200  0.010  0.010   30.476   30.689    0    0  (Gen:  0)
537879104   3303952 968029456  0.009  0.009   31.117   31.305    0    0  (Gen:  0)
533784960   3682568 969130576  0.010  0.010   31.746   31.912    0    0  (Gen:  0)
537521136   3682576 968670976  0.008  0.008   32.395   32.542    0    0  (Gen:  0)
537605504   3682616 969753328  0.009  0.009   33.046   33.184    0    0  (Gen:  0)
533005576   3682696 970793568  0.009  0.010   33.678   33.806    0    0  (Gen:  0)
533143512   3342048 971482920  0.009  0.009   34.318   34.422    0    0  (Gen:  0)
531379584   3342088 972477784  0.010  0.010   34.939   35.026    0    0  (Gen:  0)
532626240   3342104 973717608  0.012  0.012   35.567   35.632    0    0  (Gen:  0)
537143256   2894592 972955184  0.008  0.008   36.224   36.275    0    0  (Gen:  0)
530820104   2894616 973960608  0.009  0.009   36.861   36.901    0    0  (Gen:  0)
531481000   2894616 974981224  0.009  0.009   37.489   37.515    0    0  (Gen:  0)
532031472   2894656 975665384  0.009  0.009   38.125   38.127    0    0  (Gen:  0)
535969816   2894704 976842520  0.010  0.010   38.749   38.731    0    0  (Gen:  0)
538239064   2872288 976374960  0.008  0.008   39.393   39.349    0    0  (Gen:  0)
531245488   2872296 977161888  0.008  0.008   40.038   39.983    0    0  (Gen:  0)
532455880   2872312 978242464  0.009  0.009   40.679   40.614    0    0  (Gen:  0)
534044344   2872360 979254464  0.009  0.010   41.307   41.227    0    0  (Gen:  0)
533662632   2872360 979933048  0.009  0.009   41.944   41.838    0    0  (Gen:  0)
531543232   2872400 981401144  0.011  0.011   42.568   42.443    0    0  (Gen:  0)
530582944   3233392 981197920  0.009  0.009   43.199   43.048    0    0  (Gen:  0)
535500408   3233440 981352704  0.008  0.008   43.850   43.688    0    0  (Gen:  0)
533200080   3233448 982433456  0.009  0.009   44.493   44.320    0    0  (Gen:  0)
532575960   3415912 983409720  0.009  0.009   45.121   44.934    0    0  (Gen:  0)
534563928   3377440 984112480  0.010  0.010   45.759   45.545    0    0  (Gen:  0)
532355584   3377440 985166608  0.010  0.010   46.389   46.157    0    0  (Gen:  0)
538713072   2870296 984771664  0.008  0.008   47.035   46.779    0    0  (Gen:  0)
531347432   2870304 985598312  0.008  0.008   47.680   47.412    0    0  (Gen:  0)
232074464 897390632 928574624  1.515  1.733   49.456   50.081    0    0  (Gen:  1)
   104152  11581504  17810744  0.023  0.102   49.479   50.184    0    0  (Gen:  1)
     1368                      0.000  0.000

  38,618,300,760 bytes allocated in the heap
   2,517,729,760 bytes copied during GC
     928,574,624 bytes maximum residency (6 sample(s))
       5,432,160 bytes maximum slop
             885 MB total memory in use (0 MB lost due to fragmentation)

                                     Tot time (elapsed)  Avg pause  Max pause
  Gen  0        68 colls,     0 par    3.658s   3.759s     0.0553s    0.2627s
  Gen  1         6 colls,     0 par    3.377s   3.922s     0.6537s    1.7331s

  TASKS: 21 (1 bound, 20 peak workers (20 total), using -N4)

  SPARKS: 0 (0 converted, 0 overflowed, 0 dud, 0 GC'd, 0 fizzled)

  INIT    time    0.001s  (  0.006s elapsed)
  MUT     time   42.443s  ( 42.498s elapsed)
  GC      time    7.034s  (  7.681s elapsed)
  EXIT    time    0.000s  (  0.004s elapsed)
  Total   time   49.480s  ( 50.188s elapsed)

  Alloc rate    909,875,670 bytes per MUT second

  Productivity  85.8% of total user, 84.7% of total elapsed

