bench-hist/getFileExists_regression/ghcide --lsp --cwd bench/example/Cabal-3.0.0.0 +RTS -I0 -qg -A128M -Scode_actions.benchmark-gcStats -I0.5 
    Alloc    Copied     Live     GC     GC      TOT      TOT  Page Flts
    bytes     bytes     bytes   user   elap     user     elap
545122984      2160  27165496  0.066  0.073    0.662    6.078    0    0  (Gen:  0)
537957656  38715448  43453752  0.096  0.112    1.034    6.700    0    0  (Gen:  1)
535478744  38714736  60269368  0.061  0.063    1.374    7.134    0    0  (Gen:  0)
527928288  38715224  81457296  0.080  0.086    1.677    7.556    0    0  (Gen:  0)
536090624  38715416  95940056  0.171  0.194    2.118    8.225    0    0  (Gen:  1)
535683432  38714800 113068520  0.060  0.060    2.445    8.689    0    0  (Gen:  0)
528729288  38714168 127143112  0.055  0.055    3.326    9.181    0    0  (Gen:  0)
545708080  74991160 204817688  0.169  0.182    4.397    9.815    0    0  (Gen:  0)
531237800  74997184 258095312  0.235  0.266    5.351   10.287    0    0  (Gen:  0)
525311264  74994904 296326200  0.515  0.576    6.460   11.033    0    0  (Gen:  1)
524226824  85420736 338651328  0.182  0.183    7.202   11.360    0    0  (Gen:  0)
524574720  85414248 384030256  0.180  0.181    7.913   11.677    0    0  (Gen:  0)
524513672 106014584 443981600  0.215  0.216    8.687   12.036    0    0  (Gen:  0)
524951960 106011664 497426688  0.230  0.240    9.469   12.422    0    0  (Gen:  0)
528789544 106012608 549203544  0.224  0.240   10.234   12.804    0    0  (Gen:  0)
525295888 106007616 602611664  0.229  0.247   11.034   13.201    0    0  (Gen:  0)
523435976 106019808 651712136  1.117  1.279   12.452   14.745    0    0  (Gen:  1)
517404664 106003992 711460296  0.190  0.190   12.917   15.211    0    0  (Gen:  0)
527238672 106006360 754703824  0.173  0.174   13.531   15.675    0    0  (Gen:  0)
524589920 106007520 790865064  0.142  0.143   14.291   16.009    0    0  (Gen:  0)
524159640  73221792 828957176  0.170  0.170   14.991   16.531    0    0  (Gen:  0)
530485688  73197232 865946112  0.167  0.167   15.663   16.988    0    0  (Gen:  0)
527006840  73195808 900819640  0.160  0.160   16.484   17.331    0    0  (Gen:  0)
575448024  67149224 932868832  0.147  0.147   17.182   17.927    0    0  (Gen:  0)
545145992  67149176 947178560  0.084  0.084   17.810   18.514    0    0  (Gen:  0)
544379992  67149896 972930728  0.055  0.056   18.290   18.969    0    0  (Gen:  0)
539049656  67147920 980738840  0.034  0.034   18.751   19.365    0    0  (Gen:  0)
539007520  67147920 990695400  0.016  0.017   19.195   19.746    0    0  (Gen:  0)
538689400  19675416 1000356160  0.014  0.014   19.635   20.121    0    0  (Gen:  0)
521013760 898693440 936037600  1.551  1.771   21.602   22.894    0    0  (Gen:  1)
   104344  12657296  19773976  0.026  0.108   21.628   23.003    0    0  (Gen:  1)
     1368                      0.000  0.000

  15,978,762,224 bytes allocated in the heap
   2,962,579,456 bytes copied during GC
     936,037,600 bytes maximum residency (6 sample(s))
       5,358,368 bytes maximum slop
             892 MB total memory in use (0 MB lost due to fragmentation)

                                     Tot time (elapsed)  Avg pause  Max pause
  Gen  0        25 colls,     0 par    3.340s   3.446s     0.1378s    0.2661s
  Gen  1         6 colls,     0 par    3.477s   4.039s     0.6732s    1.7709s

  TASKS: 20 (1 bound, 19 peak workers (19 total), using -N4)

  SPARKS: 0 (0 converted, 0 overflowed, 0 dud, 0 GC'd, 0 fizzled)

  INIT    time    0.001s  (  0.006s elapsed)
  MUT     time   14.810s  ( 15.512s elapsed)
  GC      time    6.816s  (  7.485s elapsed)
  EXIT    time    0.000s  (  0.008s elapsed)
  Total   time   21.628s  ( 23.010s elapsed)

  Alloc rate    1,078,902,164 bytes per MUT second

  Productivity  68.5% of total user, 67.4% of total elapsed

