bench-hist/getFileExists_regression/ghcide --lsp --cwd bench/example/Cabal-3.0.0.0 +RTS -I0 -qg -A128M -SdocumentSymbols_after_edit.benchmark-gcStats -I0.5 
    Alloc    Copied     Live     GC     GC      TOT      TOT  Page Flts
    bytes     bytes     bytes   user   elap     user     elap
545677104      2160  27271296  0.068  0.075    0.666    6.019    0    0  (Gen:  0)
541665896  38765696  43613136  0.098  0.114    1.043    6.643    0    0  (Gen:  1)
537724072  38765600  60709144  0.061  0.063    1.387    7.079    0    0  (Gen:  0)
530417376  38765112  82539136  0.081  0.087    1.695    7.527    0    0  (Gen:  0)
535529488  89016504  96360440  0.176  0.200    2.142    8.206    0    0  (Gen:  1)
531102720  89015312 113287640  0.060  0.060    2.466    8.668    0    0  (Gen:  0)
527879720  89014696 127332776  0.055  0.055    3.347    9.163    0    0  (Gen:  0)
540714744  77426160 207859648  0.178  0.191    4.404    9.787    0    0  (Gen:  0)
530021968  77429632 260806936  0.246  0.274    5.320   10.240    0    0  (Gen:  0)
523094960  77427352 290279768  0.511  0.573    6.416   11.003    0    0  (Gen:  1)
524968104  77432808 334440008  0.176  0.177    7.183   11.331    0    0  (Gen:  0)
528197384  77425760 390924624  0.212  0.213    7.973   11.694    0    0  (Gen:  0)
527334656  77425496 450750552  0.233  0.234    8.746   12.066    0    0  (Gen:  0)
524508696  77430248 498026200  0.220  0.231    9.494   12.434    0    0  (Gen:  0)
527055352  77429432 565084952  0.242  0.258   10.163   12.841    0    0  (Gen:  0)
522477544  77429040 619525640  0.248  0.269   10.883   13.270    0    0  (Gen:  0)
526959648  77435360 653021440  1.135  1.295   12.495   14.743    0    0  (Gen:  1)
517422408  77421384 712833448  0.175  0.177   12.951   15.200    0    0  (Gen:  0)
524219216 101345944 755365136  0.170  0.171   13.571   15.661    0    0  (Gen:  0)
526602984 101347432 791328200  0.145  0.146   14.327   15.999    0    0  (Gen:  0)
522729712  72436424 828847080  0.165  0.165   15.027   16.521    0    0  (Gen:  0)
528012072  72464608 865320176  0.163  0.163   15.707   16.969    0    0  (Gen:  0)
524088848  72435408 900145120  0.160  0.161   16.515   17.324    0    0  (Gen:  0)
572706400  72434592 932510440  0.145  0.146   17.213   17.920    0    0  (Gen:  0)
554497176  72432544 952195616  0.093  0.093   17.651   18.344    0    0  (Gen:  0)
561585336  72432600 974151080  0.074  0.074   17.997   18.705    0    0  (Gen:  0)
556298032  72432592 996371776  0.074  0.075   18.342   19.066    0    0  (Gen:  0)
570182408  41716328 1018149584  0.074  0.075   18.694   19.434    0    0  (Gen:  0)
568747360  41716304 1039846856  0.075  0.075   19.050   19.808    0    0  (Gen:  0)
563185568  41716296 1061941536  0.076  0.076   19.401   20.174    0    0  (Gen:  0)
559970680  41716304 1084111384  0.075  0.075   19.753   20.542    0    0  (Gen:  0)
571599592  41716312 1105559784  0.073  0.073   20.108   20.914    0    0  (Gen:  0)
568344440  41716400 1127453176  0.075  0.075   20.456   21.276    0    0  (Gen:  0)
557592160  41716912 1149857880  0.077  0.077   20.799   21.633    0    0  (Gen:  0)
562479336  41716904 1172302616  0.077  0.077   21.145   21.993    0    0  (Gen:  0)
558044408  41716904 1194814456  0.079  0.083   21.495   22.360    0    0  (Gen:  0)
563645296  41716992 1217251792  0.084  0.091   21.852   22.740    0    0  (Gen:  0)
567814448  41717016 1239198952  0.088  0.097   22.223   23.137    0    0  (Gen:  0)
566612240  41716152 1237896808  2.098  2.431   24.596   25.857    0    0  (Gen:  1)
558840832  41716168 1259538840  0.078  0.078   24.949   26.224    0    0  (Gen:  0)
564306224  41880752 1281492520  0.077  0.078   25.304   26.596    0    0  (Gen:  0)
557905000 1202135760 1255100232  1.803  1.840   27.522   29.540    0    0  (Gen:  1)
   104576  11576712  17826872  0.026  0.139   27.549   29.680    0    0  (Gen:  1)
     1584                      0.000  0.000

  22,872,867,768 bytes allocated in the heap
   3,742,728,112 bytes copied during GC
   1,255,100,232 bytes maximum residency (7 sample(s))
       8,216,984 bytes maximum slop
            1196 MB total memory in use (0 MB lost due to fragmentation)

                                     Tot time (elapsed)  Avg pause  Max pause
  Gen  0        36 colls,     0 par    4.454s   4.587s     0.1274s    0.2744s
  Gen  1         7 colls,     0 par    5.847s   6.590s     0.9414s    2.4308s

  TASKS: 20 (1 bound, 19 peak workers (19 total), using -N4)

  SPARKS: 0 (0 converted, 0 overflowed, 0 dud, 0 GC'd, 0 fizzled)

  INIT    time    0.001s  (  0.006s elapsed)
  MUT     time   17.246s  ( 18.497s elapsed)
  GC      time   10.302s  ( 11.177s elapsed)
  EXIT    time    0.000s  (  0.006s elapsed)
  Total   time   27.549s  ( 29.686s elapsed)

  Alloc rate    1,326,300,344 bytes per MUT second

  Productivity  62.6% of total user, 62.3% of total elapsed

