bench-hist/getFileExists_regression/ghcide --lsp --cwd bench/example/Cabal-3.0.0.0 +RTS -I0 -qg -A128M -Sedit.benchmark-gcStats -I0.5 
    Alloc    Copied     Live     GC     GC      TOT      TOT  Page Flts
    bytes     bytes     bytes   user   elap     user     elap
544637392      2160  27157880  0.070  0.078    0.699    6.375    0    0  (Gen:  0)
538985736      6072  43457344  0.100  0.116    1.080    7.008    0    0  (Gen:  1)
535628680      5952  60309304  0.061  0.063    1.430    7.454    0    0  (Gen:  0)
529502848  36010528  82144456  0.080  0.085    1.736    7.890    0    0  (Gen:  0)
535257888  36010752  96002520  0.182  0.205    2.191    8.579    0    0  (Gen:  1)
534898464  36010720 113146008  0.062  0.063    2.521    9.049    0    0  (Gen:  0)
530296400  29860976 127885800  0.060  0.060    3.445    9.572    0    0  (Gen:  0)
546149032  29864304 211503392  0.191  0.206    4.585   10.227    0    0  (Gen:  0)
530677360 107716520 259933464  0.256  0.285    5.519   10.694    0    0  (Gen:  0)
522440912 107713896 291228216  0.547  0.606    6.704   11.479    0    0  (Gen:  1)
525344096 107709624 345776136  0.218  0.219    7.439   11.830    0    0  (Gen:  0)
522407080  99648496 389981416  0.214  0.215    8.171   12.177    0    0  (Gen:  0)
523624168  99631952 453132472  0.229  0.230    8.901   12.536    0    0  (Gen:  0)
523106136 115783792 506012864  0.251  0.265    9.732   12.952    0    0  (Gen:  0)
520634864 104911344 558451688  0.239  0.251   10.549   13.358    0    0  (Gen:  0)
520084688 576743552 607434048  1.088  1.235   12.116   14.768    0    0  (Gen:  1)
527415760 576754448 657850320  0.201  0.202   12.788   15.147    0    0  (Gen:  0)
517702112 576740064 717658960  0.182  0.182   13.250   15.611    0    0  (Gen:  0)
524954832 576742280 761397184  0.174  0.174   13.857   16.076    0    0  (Gen:  0)
527862848 576742792 798288208  0.143  0.144   14.615   16.412    0    0  (Gen:  0)
528203992 576762544 836032928  0.170  0.170   15.332   16.943    0    0  (Gen:  0)
526779968 576772824 873177480  0.167  0.168   16.002   17.400    0    0  (Gen:  0)
520168408  73618136 907160696  0.159  0.159   16.806   17.744    0    0  (Gen:  0)
572736176  73613752 939608928  0.150  0.151   17.513   18.346    0    0  (Gen:  0)
544102344  45308960 952761632  0.088  0.088   18.132   18.948    0    0  (Gen:  0)
535311504  45309016 963730888  0.051  0.051   18.721   19.511    0    0  (Gen:  0)
539681080  45309008 976026128  0.054  0.054   19.321   20.083    0    0  (Gen:  0)
537581440  45309072 989371440  0.060  0.060   19.949   20.682    0    0  (Gen:  0)
535382560  25914376 1000254944  0.058  0.058   20.537   21.254    0    0  (Gen:  0)
543765328  25914232 1012038368  0.053  0.054   21.153   21.859    0    0  (Gen:  0)
539779760  25914256 1023621912  0.052  0.052   21.768   22.464    0    0  (Gen:  0)
535900856  23774120 1034621312  0.051  0.052   22.360   23.029    0    0  (Gen:  0)
542658000  23774112 1047004512  0.054  0.054   22.967   23.605    0    0  (Gen:  0)
538916968  23774224 1060402976  0.061  0.061   23.590   24.199    0    0  (Gen:  0)
541232560  23774312 1071408512  0.058  0.058   24.183   24.775    0    0  (Gen:  0)
543716896  23774232 1083088128  0.053  0.054   24.807   25.392    0    0  (Gen:  0)
538703496  23774272 1094606560  0.051  0.051   25.412   25.983    0    0  (Gen:  0)
537501696  23774264 1105716656  0.052  0.052   26.009   26.551    0    0  (Gen:  0)
538186576  23774288 1117985752  0.058  0.061   26.618   27.136    0    0  (Gen:  0)
534928720 1066551232 1101638536  1.945  2.243   29.122   29.910    0    0  (Gen:  1)
534206640 1066550856 1113170504  0.056  0.056   29.711   30.482    0    0  (Gen:  0)
542387672 1066550840 1124774672  0.053  0.053   30.337   31.100    0    0  (Gen:  0)
538513568 1066550864 1136371440  0.052  0.052   30.955   31.709    0    0  (Gen:  0)
538234096 1066550904 1147373560  0.052  0.052   31.551   32.280    0    0  (Gen:  0)
535478048  24982632 1159552064  0.054  0.054   32.158   32.858    0    0  (Gen:  0)
541112064  24982688 1173013128  0.063  0.064   32.795   33.468    0    0  (Gen:  0)
534518984  26025776 1183866072  0.057  0.057   33.390   34.047    0    0  (Gen:  0)
539558392  26025632 1195560544  0.054  0.055   34.008   34.656    0    0  (Gen:  0)
541212944  24160952 1207273296  0.052  0.052   34.639   35.283    0    0  (Gen:  0)
538834688  24160976 1218247080  0.052  0.053   35.244   35.862    0    0  (Gen:  0)
540433440  24161016 1230337088  0.054  0.054   35.853   36.445    0    0  (Gen:  0)
533770408  27132712 1243519472  0.061  0.061   36.477   37.041    0    0  (Gen:  0)
537175480  25861872 1254462792  0.057  0.057   37.078   37.623    0    0  (Gen:  0)
543143304  26180744 1266459064  0.063  0.064   37.704   38.240    0    0  (Gen:  0)
541358456  26180776 1278156056  0.054  0.055   38.352   38.882    0    0  (Gen:  0)
535887104  26180832 1289212816  0.051  0.052   38.954   39.460    0    0  (Gen:  0)
536363032  26180824 1300014784  0.051  0.051   39.559   40.035    0    0  (Gen:  0)
537327976  26180872 1314338032  0.061  0.061   40.183   40.633    0    0  (Gen:  0)
533662280  26181400 1324980960  0.058  0.059   40.790   41.222    0    0  (Gen:  0)
540285352  26184464 1337220400  0.056  0.056   41.393   41.815    0    0  (Gen:  0)
538616376  26180888 1349221096  0.054  0.054   42.040   42.459    0    0  (Gen:  0)
537204840  26180896 1360063024  0.051  0.051   42.642   43.034    0    0  (Gen:  0)
537000864  26180896 1371609448  0.055  0.055   43.238   43.607    0    0  (Gen:  0)
535157064  25649408 1383975920  0.057  0.057   43.863   44.200    0    0  (Gen:  0)
538891232  25649616 1395484552  0.058  0.058   44.487   44.805    0    0  (Gen:  0)
542218360  26176400 1408028624  0.057  0.057   45.085   45.388    0    0  (Gen:  0)
536107760  26176048 1419779472  0.054  0.055   45.726   46.024    0    0  (Gen:  0)
539241640  23573016 1430853600  0.051  0.051   46.336   46.614    0    0  (Gen:  0)
534350160  24611056 1442948952  0.055  0.055   46.927   47.186    0    0  (Gen:  0)
534419696  24611072 1454641312  0.056  0.056   47.540   47.774    0    0  (Gen:  0)
536620552  27089800 1467271936  0.060  0.060   48.166   48.373    0    0  (Gen:  0)
532696864  25916016 1478730832  0.056  0.056   48.759   48.948    0    0  (Gen:  0)
545921248  25918824 1490536832  0.055  0.055   49.392   49.575    0    0  (Gen:  0)
535127280  25916080 1502078896  0.053  0.054   50.017   50.190    0    0  (Gen:  0)
539354296  25916104 1513114128  0.053  0.053   50.628   50.775    0    0  (Gen:  0)
533700616  25916096 1524994768  0.055  0.055   51.235   51.354    0    0  (Gen:  0)
534215424  27067352 1538293728  0.062  0.062   51.864   51.956    0    0  (Gen:  0)
541576192  27067592 1549473952  0.058  0.058   52.470   52.545    0    0  (Gen:  0)
538418712  27070344 1561271472  0.056  0.057   53.082   53.150    0    0  (Gen:  0)
537084672  27067328 1572940752  0.053  0.053   53.717   53.776    0    0  (Gen:  0)
538940536  27067352 1584116640  0.053  0.053   54.323   54.354    0    0  (Gen:  0)
541357608  27067368 1595445848  0.053  0.053   54.936   54.941    0    0  (Gen:  0)
537121656  27067440 1609327376  0.061  0.061   55.569   55.546    0    0  (Gen:  0)
537707272  26315112 1620197232  0.058  0.059   56.174   56.131    0    0  (Gen:  0)
541996160  26196096 1632278912  0.056  0.057   56.793   56.738    0    0  (Gen:  0)
538153336  26196104 1644016512  0.053  0.053   57.428   57.372    0    0  (Gen:  0)
535968856  26196112 1655065664  0.052  0.053   58.041   57.962    0    0  (Gen:  0)
535001248  26196128 1666509064  0.054  0.054   58.644   58.541    0    0  (Gen:  0)
537231472  26318904 1679564096  0.060  0.060   59.276   59.142    0    0  (Gen:  0)
538002608  26699128 1690743536  0.058  0.059   59.891   59.739    0    0  (Gen:  0)
541387288  26701728 1703148968  0.058  0.058   60.499   60.332    0    0  (Gen:  0)
540040912  26698768 1714988600  0.054  0.054   61.148   60.980    0    0  (Gen:  0)
537232496  26698824 1726076104  0.052  0.052   61.760   61.566    0    0  (Gen:  0)
537064616  24161144 1737621760  0.054  0.054   62.359   62.143    0    0  (Gen:  0)
536743208  25632400 1750106312  0.058  0.059   62.986   62.737    0    0  (Gen:  0)
541690064  26483032 1761656144  0.058  0.058   63.610   63.342    0    0  (Gen:  0)
541687632  26483600 1774200304  0.057  0.057   64.212   63.928    0    0  (Gen:  0)
536457616  26482584 1785927768  0.054  0.054   64.857   64.567    0    0  (Gen:  0)
540935592  26482584 1797052368  0.052  0.052   65.476   65.163    0    0  (Gen:  0)
539345168  26482616 1808616592  0.054  0.054   66.077   65.740    0    0  (Gen:  0)
539309312  26482648 1821378056  0.058  0.058   66.709   66.338    0    0  (Gen:  0)
533987544  26482888 1833154240  0.059  0.059   67.324   66.934    0    0  (Gen:  0)
540491904  26482696 1845297904  0.058  0.058   67.924   67.518    0    0  (Gen:  0)
540257376  25085688 1857057048  0.055  0.055   68.575   68.166    0    0  (Gen:  0)
533574368  25085696 1868446480  0.053  0.053   69.177   68.756    0    0  (Gen:  0)
540204752  25085720 1879954320  0.054  0.054   69.790   69.338    0    0  (Gen:  0)
537906736  25541840 1892805632  0.057  0.058   70.409   69.929    0    0  (Gen:  0)
532533744  25542064 1904760640  0.060  0.060   71.034   70.531    0    0  (Gen:  0)
533323008  25541968 1916302824  0.057  0.057   71.634   71.112    0    0  (Gen:  0)
541538408  25544968 1927908264  0.054  0.055   72.268   71.737    0    0  (Gen:  0)
538351944  25541952 1939525072  0.053  0.053   72.898   72.361    0    0  (Gen:  0)
538095176  25541968 1950597656  0.053  0.053   73.507   72.948    0    0  (Gen:  0)
538392544  25013968 1962768496  0.057  0.057   74.128   73.542    0    0  (Gen:  0)
535687128  25014016 1975994776  0.061  0.061   74.759   74.147    0    0  (Gen:  0)
535441816  25014248 1986962216  0.059  0.059   75.362   74.734    0    0  (Gen:  0)
541433520  25017048 1998881072  0.057  0.057   75.983   75.343    0    0  (Gen:  0)
432519408 1953577064 2006506160  3.499  4.026   79.954   80.562    0    0  (Gen:  1)
   104912  11573576  17784120  0.044  0.228   79.998   80.792    0    0  (Gen:  1)
     1368                      0.000  0.000

  62,675,457,712 bytes allocated in the heap
  14,708,800,960 bytes copied during GC
   2,006,506,160 bytes maximum residency (7 sample(s))
       8,295,760 bytes maximum slop
            1913 MB total memory in use (0 MB lost due to fragmentation)

                                     Tot time (elapsed)  Avg pause  Max pause
  Gen  0       111 colls,     0 par    8.369s   8.479s     0.0764s    0.2854s
  Gen  1         7 colls,     0 par    7.405s   8.660s     1.2372s    4.0257s

  TASKS: 21 (1 bound, 20 peak workers (20 total), using -N4)

  SPARKS: 0 (0 converted, 0 overflowed, 0 dud, 0 GC'd, 0 fizzled)

  INIT    time    0.001s  (  0.006s elapsed)
  MUT     time   64.223s  ( 63.647s elapsed)
  GC      time   15.773s  ( 17.139s elapsed)
  EXIT    time    0.000s  (  0.009s elapsed)
  Total   time   79.999s  ( 80.801s elapsed)

  Alloc rate    975,896,409 bytes per MUT second

  Productivity  80.3% of total user, 78.8% of total elapsed

