bench-hist/getFileExists_regression/ghcide --lsp --cwd bench/example/Cabal-3.0.0.0 +RTS -I0 -qg -A128M -SgetDefinition.benchmark-gcStats -I0.5 
    Alloc    Copied     Live     GC     GC      TOT      TOT  Page Flts
    bytes     bytes     bytes   user   elap     user     elap
544901064      2160  27143344  0.069  0.077    0.665    6.067    0    0  (Gen:  0)
537600648      6104  43448528  0.098  0.113    1.040    6.689    0    0  (Gen:  1)
536940320      5976  60319912  0.061  0.063    1.383    7.126    0    0  (Gen:  0)
532357264      5856  82186232  0.081  0.087    1.691    7.551    0    0  (Gen:  0)
537697496      6672  96146296  0.177  0.201    2.139    8.232    0    0  (Gen:  1)
534310728  30280240 113218744  0.061  0.062    2.467    8.700    0    0  (Gen:  0)
529730656  30016784 128100760  0.057  0.057    3.353    9.196    0    0  (Gen:  0)
544139008  30020152 209695248  0.176  0.190    4.442    9.848    0    0  (Gen:  0)
528738464  30025592 258928504  0.233  0.261    5.347   10.286    0    0  (Gen:  0)
523029320  30023088 295075296  0.523  0.582    6.461   11.039    0    0  (Gen:  1)
524650080  90413160 343516568  0.198  0.199    7.181   11.371    0    0  (Gen:  0)
525239736  90401280 391303400  0.200  0.200    7.907   11.706    0    0  (Gen:  0)
523211232  90401520 451014344  0.217  0.217    8.664   12.062    0    0  (Gen:  0)
527583224  90405528 506962776  0.238  0.250    9.479   12.466    0    0  (Gen:  0)
521668624  90404296 557423688  0.229  0.243   10.260   12.849    0    0  (Gen:  0)
525266632  90405880 601255616  1.070  1.221   11.888   14.221    0    0  (Gen:  1)
525894984  90412016 659598464  0.213  0.214   12.496   14.661    0    0  (Gen:  0)
517351616  90398456 719388952  0.181  0.181   12.951   15.117    0    0  (Gen:  0)
523895880  90400856 762285872  0.171  0.172   13.560   15.576    0    0  (Gen:  0)
524620728  90402576 798121152  0.143  0.143   14.324   15.914    0    0  (Gen:  0)
522887976  90404040 836275560  0.168  0.168   15.021   16.424    0    0  (Gen:  0)
525337504  90431008 872849152  0.166  0.166   15.694   16.881    0    0  (Gen:  0)
522212992  90404232 907538536  0.161  0.161   16.525   17.216    0    0  (Gen:  0)
577083896  90402192 940195320  0.153  0.153   17.234   17.824    0    0  (Gen:  0)
541710784  90399504 948384904  0.078  0.078   17.870   18.421    0    0  (Gen:  0)
534270544   8767592 949025536  0.018  0.018   18.528   19.066    0    0  (Gen:  0)
532886608   8767616 950073984  0.009  0.009   19.165   19.694    0    0  (Gen:  0)
534232168   8767600 950792704  0.009  0.009   19.799   20.308    0    0  (Gen:  0)
534601912   8767688 951726800  0.009  0.009   20.423   20.918    0    0  (Gen:  0)
530278120   8767696 952665192  0.010  0.010   21.055   21.530    0    0  (Gen:  0)
531873224   8767704 952247536  0.008  0.008   21.700   22.159    0    0  (Gen:  0)
535156248   8767752 953306800  0.008  0.008   22.348   22.800    0    0  (Gen:  0)
529331728   3316768 954301264  0.009  0.009   22.983   23.426    0    0  (Gen:  0)
532132144   3314608 955152776  0.009  0.009   23.613   24.042    0    0  (Gen:  0)
533253576   3314632 955812848  0.009  0.009   24.243   24.653    0    0  (Gen:  0)
533998552   3314648 957008400  0.010  0.010   24.878   25.268    0    0  (Gen:  0)
535622272   3314672 956447832  0.008  0.008   25.531   25.908    0    0  (Gen:  0)
534413880   3314712 957486256  0.009  0.009   26.178   26.546    0    0  (Gen:  0)
532758128   3314768 958521232  0.009  0.009   26.814   27.172    0    0  (Gen:  0)
532650704   3264864 959170320  0.009  0.009   27.452   27.786    0    0  (Gen:  0)
530260152   3405816 960007024  0.009  0.009   28.078   28.397    0    0  (Gen:  0)
533576456   3405864 961372512  0.011  0.011   28.711   29.011    0    0  (Gen:  0)
533818584   3405872 960631352  0.008  0.008   29.365   29.649    0    0  (Gen:  0)
533108152   3075200 961656608  0.009  0.009   30.016   30.293    0    0  (Gen:  0)
532512800   3075288 962714352  0.009  0.009   30.655   30.921    0    0  (Gen:  0)
533219232   3075320 963491424  0.009  0.009   31.293   31.536    0    0  (Gen:  0)
532007168   3075360 964203992  0.009  0.009   31.919   32.147    0    0  (Gen:  0)
533950872   3075400 965445936  0.011  0.011   32.555   32.764    0    0  (Gen:  0)
534878816   3075416 964810160  0.008  0.008   33.208   33.400    0    0  (Gen:  0)
532319776   3075472 965790280  0.008  0.008   33.857   34.045    0    0  (Gen:  0)
529141592   3278552 966829312  0.009  0.009   34.500   34.677    0    0  (Gen:  0)
536245208   3321776 967729680  0.009  0.010   35.135   35.291    0    0  (Gen:  0)
534839552   3419032 968413472  0.010  0.010   35.768   35.909    0    0  (Gen:  0)
532683096   3419080 969897112  0.012  0.012   36.408   36.530    0    0  (Gen:  0)
531583064   2846752 968993416  0.008  0.008   37.058   37.163    0    0  (Gen:  0)
531670976   2846792 969956512  0.009  0.009   37.705   37.802    0    0  (Gen:  0)
534805856   2846832 971067680  0.009  0.009   38.351   38.440    0    0  (Gen:  0)
530432456   2846832 971993328  0.009  0.009   38.979   39.054    0    0  (Gen:  0)
533707392   2846872 972583144  0.009  0.009   39.621   39.675    0    0  (Gen:  0)
534343328   3938848 973928912  0.011  0.011   40.261   40.295    0    0  (Gen:  0)
532680632   3938872 973194320  0.008  0.008   40.912   40.929    0    0  (Gen:  0)
536183224   3938912 974215208  0.009  0.009   41.566   41.578    0    0  (Gen:  0)
536542912   3938920 975322960  0.010  0.010   42.212   42.214    0    0  (Gen:  0)
531335256   3938936 975982200  0.009  0.009   42.851   42.829    0    0  (Gen:  0)
534021056   3938944 977323456  0.010  0.011   43.487   43.447    0    0  (Gen:  0)
534102360   3939008 977719720  0.010  0.010   44.125   44.062    0    0  (Gen:  0)
535635912   2889160 977479608  0.008  0.008   44.785   44.716    0    0  (Gen:  0)
531965944   2889184 978596520  0.009  0.009   45.436   45.358    0    0  (Gen:  0)
533048752   2889208 979583464  0.010  0.010   46.069   45.977    0    0  (Gen:  0)
533484856   2889208 980249792  0.010  0.010   46.712   46.594    0    0  (Gen:  0)
534634408   2889208 981712752  0.011  0.011   47.347   47.211    0    0  (Gen:  0)
532964432   2889216 980873008  0.008  0.008   47.992   47.835    0    0  (Gen:  0)
253691872 915532016 946785984  1.574  1.793   49.869   50.602    0    0  (Gen:  1)
   104392  11581456  17842608  0.024  0.102   49.893   50.704    0    0  (Gen:  1)
     1368                      0.000  0.000

  38,595,022,568 bytes allocated in the heap
   2,625,761,112 bytes copied during GC
     946,785,984 bytes maximum residency (6 sample(s))
       5,558,592 bytes maximum slop
             902 MB total memory in use (0 MB lost due to fragmentation)

                                     Tot time (elapsed)  Avg pause  Max pause
  Gen  0        68 colls,     0 par    3.692s   3.783s     0.0556s    0.2606s
  Gen  1         6 colls,     0 par    3.466s   4.011s     0.6685s    1.7927s

  TASKS: 21 (1 bound, 20 peak workers (20 total), using -N4)

  SPARKS: 0 (0 converted, 0 overflowed, 0 dud, 0 GC'd, 0 fizzled)

  INIT    time    0.001s  (  0.006s elapsed)
  MUT     time   42.733s  ( 42.905s elapsed)
  GC      time    7.158s  (  7.794s elapsed)
  EXIT    time    0.000s  (  0.001s elapsed)
  Total   time   49.893s  ( 50.705s elapsed)

  Alloc rate    903,157,843 bytes per MUT second

  Productivity  85.6% of total user, 84.6% of total elapsed

