bench-hist/getFileExists_regression/ghcide --lsp --cwd bench/example/Cabal-3.0.0.0 +RTS -I0 -qg -A128M -Shover.benchmark-gcStats -I0.5 
    Alloc    Copied     Live     GC     GC      TOT      TOT  Page Flts
    bytes     bytes     bytes   user   elap     user     elap
541970912  24044984  26992872  0.067  0.074    0.662    6.062    0    0  (Gen:  0)
541135608  38682032  43444224  0.096  0.112    1.038    6.686    0    0  (Gen:  1)
535852528  38681912  60296408  0.061  0.063    1.382    7.126    0    0  (Gen:  0)
529164144  38681832  82136344  0.081  0.087    1.688    7.549    0    0  (Gen:  0)
536315624  38682032  96008920  0.174  0.199    2.133    8.226    0    0  (Gen:  1)
532556784  38682000 113107128  0.060  0.061    2.459    8.694    0    0  (Gen:  0)
526273680  29603992 127619768  0.055  0.055    3.323    9.187    0    0  (Gen:  0)
543693472  29607048 206163176  0.170  0.184    4.376    9.796    0    0  (Gen:  0)
533411344 107392712 259669640  0.238  0.267    5.331   10.256    0    0  (Gen:  0)
523749656 107389208 290252432  0.507  0.564    6.436   10.988    0    0  (Gen:  1)
524702656 107396496 336767656  0.187  0.188    7.211   11.326    0    0  (Gen:  0)
530717408 107800304 396931840  0.230  0.231    7.974   11.695    0    0  (Gen:  0)
524076256 107805144 449158336  0.226  0.227    8.751   12.064    0    0  (Gen:  0)
524976720 107798488 501006928  0.212  0.221    9.464   12.413    0    0  (Gen:  0)
525599320 107800320 560942808  0.239  0.257   10.257   12.812    0    0  (Gen:  0)
523701616 107797656 616511344  0.241  0.259   10.969   13.230    0    0  (Gen:  0)
526535832 107812528 653312320  1.125  1.286   12.552   14.706    0    0  (Gen:  1)
517438000 107795592 713102288  0.175  0.176   13.001   15.156    0    0  (Gen:  0)
529208616 107797904 756013600  0.167  0.168   13.613   15.611    0    0  (Gen:  0)
525541160 107799288 792632144  0.142  0.142   14.364   15.944    0    0  (Gen:  0)
527584920 107800096 830325600  0.167  0.168   15.068   16.470    0    0  (Gen:  0)
524908552 107820624 867130696  0.164  0.165   15.737   16.917    0    0  (Gen:  0)
524852616 107804552 902304256  0.158  0.159   16.547   17.268    0    0  (Gen:  0)
574821360 107798336 933932304  0.149  0.149   17.239   17.864    0    0  (Gen:  0)
544891120 107796520 947572184  0.094  0.095   17.888   18.472    0    0  (Gen:  0)
536211336   8549720 948166576  0.017  0.017   18.547   19.115    0    0  (Gen:  0)
534837536   3169408 949292824  0.008  0.008   19.187   19.748    0    0  (Gen:  0)
529729960   3468592 950195080  0.009  0.009   19.801   20.350    0    0  (Gen:  0)
532673720   3468592 950834464  0.009  0.009   20.434   20.959    0    0  (Gen:  0)
534740048   3468592 952052064  0.010  0.010   21.056   21.564    0    0  (Gen:  0)
533013992   2870624 951467248  0.008  0.008   21.691   22.177    0    0  (Gen:  0)
536601960   2870672 952362480  0.008  0.008   22.340   22.820    0    0  (Gen:  0)
533138240   2870704 953475680  0.009  0.009   22.980   23.451    0    0  (Gen:  0)
534814664   2870720 954396168  0.009  0.009   23.599   24.054    0    0  (Gen:  0)
534067656   2870824 955053840  0.010  0.010   24.236   24.668    0    0  (Gen:  0)
533927928   2870832 956904984  0.012  0.012   24.860   25.272    0    0  (Gen:  0)
534920616   2870816 955672064  0.008  0.008   25.508   25.903    0    0  (Gen:  0)
533257736   2870824 956672432  0.008  0.008   26.149   26.537    0    0  (Gen:  0)
530947416   3292648 957698456  0.009  0.009   26.783   27.162    0    0  (Gen:  0)
533986680   3292672 958604824  0.011  0.011   27.413   27.772    0    0  (Gen:  0)
533332112   3404080 959253040  0.009  0.009   28.041   28.381    0    0  (Gen:  0)
535792352   3404088 960618776  0.011  0.011   28.675   28.996    0    0  (Gen:  0)
530442040   3404120 959856864  0.008  0.008   29.320   29.630    0    0  (Gen:  0)
532165520   3027816 960831536  0.008  0.008   29.964   30.266    0    0  (Gen:  0)
533174768   3027880 961925112  0.009  0.009   30.603   30.895    0    0  (Gen:  0)
530946632   3027920 962843528  0.009  0.009   31.227   31.508    0    0  (Gen:  0)
532892608   3403960 963442592  0.009  0.009   31.862   32.121    0    0  (Gen:  0)
535975216   3403960 964906856  0.011  0.011   32.494   32.735    0    0  (Gen:  0)
537429152   3403952 964076232  0.008  0.008   33.150   33.376    0    0  (Gen:  0)
537054336   3403976 965211784  0.009  0.009   33.798   34.016    0    0  (Gen:  0)
533830016   3404000 966227888  0.009  0.009   34.430   34.636    0    0  (Gen:  0)
531820488   3378040 966931464  0.009  0.009   35.067   35.250    0    0  (Gen:  0)
536807112   3378056 968668920  0.012  0.012   35.701   35.867    0    0  (Gen:  0)
532634616   3378080 967577936  0.008  0.008   36.344   36.490    0    0  (Gen:  0)
532050552   3378176 968446368  0.008  0.008   36.992   37.131    0    0  (Gen:  0)
530440968   3378176 969518576  0.009  0.009   37.637   37.767    0    0  (Gen:  0)
529869960   3378200 970424792  0.010  0.010   38.261   38.377    0    0  (Gen:  0)
534989328   3369264 971119496  0.010  0.010   38.899   38.990    0    0  (Gen:  0)
530289160   3369296 972509464  0.011  0.011   39.522   39.602    0    0  (Gen:  0)
533487544   3369288 972539232  0.009  0.009   40.159   40.215    0    0  (Gen:  0)
530818400   3369288 972486600  0.008  0.008   40.805   40.853    0    0  (Gen:  0)
530511608   3102560 973539184  0.009  0.009   41.448   41.487    0    0  (Gen:  0)
536304808   3102576 974595624  0.010  0.010   42.085   42.113    0    0  (Gen:  0)
533000176   3102576 975287824  0.009  0.009   42.723   42.728    0    0  (Gen:  0)
529952112   3612576 976351072  0.010  0.010   43.350   43.338    0    0  (Gen:  0)
531624040   3612592 977148344  0.010  0.010   43.983   43.951    0    0  (Gen:  0)
532988000   3612616 976639024  0.008  0.008   44.636   44.594    0    0  (Gen:  0)
530830960   3058128 977643272  0.009  0.009   45.276   45.225    0    0  (Gen:  0)
531963464   3058176 978693976  0.009  0.009   45.911   45.851    0    0  (Gen:  0)
534892048   3058216 979516936  0.009  0.009   46.547   46.466    0    0  (Gen:  0)
531114952   3058216 980215320  0.010  0.010   47.176   47.077    0    0  (Gen:  0)
533454192   3058240 981513360  0.011  0.011   47.811   47.695    0    0  (Gen:  0)
268870608 899236392 930575840  1.481  1.659   49.614   50.323    0    0  (Gen:  1)
   100336  11581432  17959184  0.024  0.101   49.638   50.425    0    0  (Gen:  1)
     1368                      0.000  0.000

  38,622,400,944 bytes allocated in the heap
   3,176,063,752 bytes copied during GC
     930,575,840 bytes maximum residency (6 sample(s))
       5,478,944 bytes maximum slop
             887 MB total memory in use (0 MB lost due to fragmentation)

                                     Tot time (elapsed)  Avg pause  Max pause
  Gen  0        68 colls,     0 par    3.732s   3.841s     0.0565s    0.2667s
  Gen  1         6 colls,     0 par    3.407s   3.921s     0.6534s    1.6594s

  TASKS: 21 (1 bound, 20 peak workers (20 total), using -N4)

  SPARKS: 0 (0 converted, 0 overflowed, 0 dud, 0 GC'd, 0 fizzled)

  INIT    time    0.001s  (  0.006s elapsed)
  MUT     time   42.497s  ( 42.658s elapsed)
  GC      time    7.139s  (  7.762s elapsed)
  EXIT    time    0.000s  (  0.011s elapsed)
  Total   time   49.638s  ( 50.436s elapsed)

  Alloc rate    908,820,796 bytes per MUT second

  Productivity  85.6% of total user, 84.6% of total elapsed

