bench-hist/getFileExists_regression/ghcide --lsp --cwd bench/example/Cabal-3.0.0.0 +RTS -I0 -qg -A128M -Shover_after_edit.benchmark-gcStats -I0.5 
    Alloc    Copied     Live     GC     GC      TOT      TOT  Page Flts
    bytes     bytes     bytes   user   elap     user     elap
540589576      2160  26900520  0.066  0.073    0.659    6.022    0    0  (Gen:  0)
542673176      6072  43446440  0.095  0.110    1.033    6.644    0    0  (Gen:  1)
538503080  30493152  60415952  0.062  0.064    1.377    7.084    0    0  (Gen:  0)
529262968  35988816  81495608  0.080  0.086    1.681    7.504    0    0  (Gen:  0)
536499256  35989368  96038504  0.169  0.192    2.123    8.177    0    0  (Gen:  1)
535835984  35989312 113228872  0.060  0.061    2.448    8.640    0    0  (Gen:  0)
528611560  35988104 128139768  0.055  0.055    3.332    9.134    0    0  (Gen:  0)
541601240  35991496 207899192  0.177  0.191    4.441    9.750    0    0  (Gen:  0)
534005480  35993848 259979384  0.235  0.266    5.394   10.207    0    0  (Gen:  0)
526546072 258304440 288415296  0.508  0.563    6.551   10.953    0    0  (Gen:  1)
525195064  81271648 333749896  0.182  0.182    7.315   11.287    0    0  (Gen:  0)
525842432  81267936 396630288  0.228  0.228    7.971   11.651    0    0  (Gen:  0)
526386248  81281152 444614096  0.212  0.213    8.734   12.008    0    0  (Gen:  0)
521393456 107888208 505404760  0.219  0.229    9.441   12.363    0    0  (Gen:  0)
530753480 107889152 559260880  0.235  0.254   10.243   12.770    0    0  (Gen:  0)
526892600 107888160 605898920  1.045  1.190   11.774   14.111    0    0  (Gen:  1)
525529800 107898912 659920944  0.202  0.203   12.414   14.518    0    0  (Gen:  0)
517409416 107885008 719689168  0.177  0.178   12.869   14.974    0    0  (Gen:  0)
528191656 101599032 762524864  0.169  0.169   13.486   15.435    0    0  (Gen:  0)
530537584  63723936 798425584  0.142  0.142   14.243   15.772    0    0  (Gen:  0)
523592544  63722704 836877896  0.164  0.164   14.929   16.323    0    0  (Gen:  0)
525833232  63747568 875207520  0.169  0.169   15.609   16.774    0    0  (Gen:  0)
525502488  74440192 908816584  0.165  0.165   16.442   17.115    0    0  (Gen:  0)
569386216  66630328 940395112  0.146  0.147   17.135   17.710    0    0  (Gen:  0)
537414144  66628592 959948360  0.105  0.105   17.741   18.281    0    0  (Gen:  0)
533375832  25116584 972763992  0.056  0.056   18.323   18.852    0    0  (Gen:  0)
536912368  25115120 984665424  0.062  0.062   18.879   19.406    0    0  (Gen:  0)
533433704  25115120 996330376  0.060  0.061   19.470   19.976    0    0  (Gen:  0)
530124808  25115104 1008731056  0.059  0.060   20.025   20.544    0    0  (Gen:  0)
534960144  25115120 1021865456  0.063  0.063   20.602   21.089    0    0  (Gen:  0)
534200000  25787912 1032542168  0.057  0.057   21.166   21.650    0    0  (Gen:  0)
536561688  25788008 1046432216  0.064  0.065   21.717   22.180    0    0  (Gen:  0)
530213472  28961312 1058862800  0.064  0.064   22.331   22.777    0    0  (Gen:  0)
539735936  28961552 1070784568  0.064  0.064   22.902   23.360    0    0  (Gen:  0)
533622136  27819552 1083136712  0.065  0.065   23.472   23.895    0    0  (Gen:  0)
536705000  27819552 1094344288  0.057  0.057   24.037   24.463    0    0  (Gen:  0)
531520480  25663664 1107382880  0.063  0.063   24.599   24.999    0    0  (Gen:  0)
537708424  25665272 1119366432  0.063  0.067   25.205   25.591    0    0  (Gen:  0)
537707848 1045221080 1079680688  1.914  2.210   27.615   28.302    0    0  (Gen:  1)
530423232  26814424 1091322208  0.062  0.062   28.196   28.859    0    0  (Gen:  0)
532140736  26814480 1103732528  0.059  0.059   28.750   29.427    0    0  (Gen:  0)
529547480  26814536 1116773184  0.064  0.064   29.316   29.964    0    0  (Gen:  0)
532516528  26814592 1128137120  0.059  0.059   29.879   30.528    0    0  (Gen:  0)
532309776  26814656 1141311176  0.064  0.064   30.424   31.062    0    0  (Gen:  0)
535545200  26814704 1153775024  0.065  0.065   31.038   31.665    0    0  (Gen:  0)
535211600  26815400 1165440160  0.062  0.062   31.602   32.242    0    0  (Gen:  0)
534964792  26814872 1177896568  0.064  0.064   32.175   32.786    0    0  (Gen:  0)
536478576  25526536 1189172608  0.059  0.060   32.742   33.359    0    0  (Gen:  0)
534010432  25526568 1202177576  0.063  0.063   33.297   33.898    0    0  (Gen:  0)
537486328  25527568 1214272008  0.060  0.060   33.900   34.490    0    0  (Gen:  0)
537139232  25527232 1227092624  0.064  0.064   34.457   35.054    0    0  (Gen:  0)
532318520  25526792 1238834800  0.062  0.062   35.044   35.616    0    0  (Gen:  0)
532348504  25526824 1251188336  0.060  0.060   35.601   36.187    0    0  (Gen:  0)
530830904  25526848 1264314216  0.065  0.065   36.171   36.729    0    0  (Gen:  0)
541143880  25526896 1274477048  0.056  0.056   36.747   37.302    0    0  (Gen:  0)
538094664  26213944 1288810816  0.065  0.065   37.292   37.836    0    0  (Gen:  0)
531003816  26213944 1300956704  0.064  0.064   37.903   38.436    0    0  (Gen:  0)
538472024  26213976 1313024264  0.060  0.060   38.466   39.013    0    0  (Gen:  0)
531993864  26214024 1325848672  0.063  0.063   39.030   39.545    0    0  (Gen:  0)
531157072  26214064 1336816960  0.057  0.057   39.593   40.112    0    0  (Gen:  0)
536616976  26214144 1350245168  0.063  0.064   40.154   40.651    0    0  (Gen:  0)
540307240  26214224 1362906040  0.064  0.064   40.771   41.255    0    0  (Gen:  0)
536548688  26214800 1374777864  0.064  0.064   41.337   41.832    0    0  (Gen:  0)
531723984  26214368 1386859144  0.064  0.064   41.916   42.383    0    0  (Gen:  0)
534171568  26214384 1398566952  0.060  0.060   42.486   42.958    0    0  (Gen:  0)
527917552  26214432 1411936256  0.065  0.065   43.043   43.493    0    0  (Gen:  0)
533751504  26461368 1423040040  0.059  0.059   43.622   44.066    0    0  (Gen:  0)
537669464  26461472 1436405928  0.065  0.065   44.173   44.609    0    0  (Gen:  0)
536478704  26461496 1448062120  0.062  0.062   44.788   45.206    0    0  (Gen:  0)
537817584  26461496 1460649160  0.061  0.062   45.352   45.786    0    0  (Gen:  0)
530404584  27082656 1473743256  0.066  0.066   45.926   46.331    0    0  (Gen:  0)
538638064  27082672 1485001800  0.059  0.059   46.498   46.904    0    0  (Gen:  0)
530604584  27082744 1498278856  0.064  0.064   47.053   47.441    0    0  (Gen:  0)
540340168  27085376 1510875680  0.066  0.066   47.678   48.053    0    0  (Gen:  0)
536960680  27083312 1522497544  0.063  0.063   48.247   48.636    0    0  (Gen:  0)
534538800  27082896 1534995952  0.065  0.066   48.820   49.178    0    0  (Gen:  0)
537844648  27082896 1546236224  0.059  0.059   49.392   49.757    0    0  (Gen:  0)
534895360  27082968 1559438424  0.064  0.064   49.955   50.298    0    0  (Gen:  0)
534988248  27084608 1571363848  0.061  0.061   50.554   50.884    0    0  (Gen:  0)
537219296  25942872 1584167528  0.065  0.065   51.120   51.458    0    0  (Gen:  0)
532320808  25942400 1595933696  0.063  0.063   51.713   52.025    0    0  (Gen:  0)
537823016  25942416 1607984272  0.059  0.059   52.287   52.607    0    0  (Gen:  0)
529035112  25942448 1621759216  0.066  0.066   52.851   53.146    0    0  (Gen:  0)
539131440  25942480 1632197376  0.057  0.058   53.431   53.721    0    0  (Gen:  0)
531502984  25942592 1645934456  0.066  0.066   53.976   54.255    0    0  (Gen:  0)
532037384  25942592 1657668664  0.062  0.062   54.597   54.862    0    0  (Gen:  0)
533716056  25942672 1670245600  0.062  0.062   55.165   55.445    0    0  (Gen:  0)
535900544  25942720 1682817304  0.064  0.064   55.738   55.986    0    0  (Gen:  0)
535303336  25942768 1694032384  0.063  0.064   56.315   56.569    0    0  (Gen:  0)
533863896  25806192 1707116576  0.064  0.065   56.879   57.111    0    0  (Gen:  0)
535250160  25808032 1719040400  0.062  0.062   57.486   57.705    0    0  (Gen:  0)
533729832  25806816 1731657568  0.063  0.064   58.043   58.269    0    0  (Gen:  0)
533142672  26794840 1743298048  0.063  0.063   58.639   58.840    0    0  (Gen:  0)
534770736  26794912 1755649992  0.060  0.060   59.210   59.422    0    0  (Gen:  0)
532043408  26794952 1769102456  0.066  0.066   59.781   59.967    0    0  (Gen:  0)
539828752  25794232 1779402128  0.060  0.060   60.366   60.548    0    0  (Gen:  0)
535609568  25794320 1793396120  0.066  0.067   60.915   61.087    0    0  (Gen:  0)
534020888  25794336 1805697336  0.063  0.063   61.537   61.693    0    0  (Gen:  0)
537014688  25794408 1817624040  0.062  0.062   62.109   62.279    0    0  (Gen:  0)
535951064  25794408 1830637328  0.069  0.069   62.687   62.826    0    0  (Gen:  0)
534851600  26109408 1841978360  0.059  0.059   63.260   63.403    0    0  (Gen:  0)
529507168  26109504 1854801624  0.064  0.064   63.819   63.942    0    0  (Gen:  0)
534874744  27823824 1866882008  0.062  0.062   64.428   64.539    0    0  (Gen:  0)
534020256  27823016 1879367520  0.064  0.064   64.991   65.111    0    0  (Gen:  0)
532899568  27823000 1891157568  0.063  0.064   65.585   65.679    0    0  (Gen:  0)
539349112  25430784 1903284056  0.061  0.061   66.164   66.264    0    0  (Gen:  0)
530499872  25430808 1916938216  0.066  0.066   66.729   66.806    0    0  (Gen:  0)
537094392  25430856 1927642008  0.059  0.059   67.317   67.390    0    0  (Gen:  0)
534989912  25430984 1941243792  0.066  0.066   67.869   67.932    0    0  (Gen:  0)
536521288  25431008 1953038232  0.062  0.063   68.494   68.541    0    0  (Gen:  0)
537109296  25564264 1965615824  0.062  0.062   69.069   69.131    0    0  (Gen:  0)
531221424  26786312 1978556936  0.065  0.065   69.644   69.674    0    0  (Gen:  0)
534400528  26786328 1989515976  0.060  0.060   70.218   70.251    0    0  (Gen:  0)
528971272  26786376 2002625624  0.064  0.064   70.778   70.791    0    0  (Gen:  0)
536932672  26788320 2014938272  0.064  0.064   71.397   71.398    0    0  (Gen:  0)
533309632  26787000 2027149264  0.065  0.065   71.959   71.968    0    0  (Gen:  0)
537713112  26786568 2039180800  0.065  0.065   72.560   72.543    0    0  (Gen:  0)
536915512  26786568 2050989624  0.060  0.060   73.139   73.127    0    0  (Gen:  0)
531283600  26786608 2064449112  0.066  0.067   73.704   73.669    0    0  (Gen:  0)
537605760  26786664 2075892248  0.060  0.060   74.296   74.255    0    0  (Gen:  0)
537010408  26786760 2089039112  0.065  0.065   74.854   74.804    0    0  (Gen:  0)
531387800  26786816 2100700720  0.062  0.062   75.468   75.398    0    0  (Gen:  0)
541836776  26786840 2113379096  0.062  0.062   76.039   75.984    0    0  (Gen:  0)
529528776  27127472 2126423336  0.066  0.066   76.613   76.526    0    0  (Gen:  0)
535807648  27127488 2137639832  0.060  0.060   77.188   77.105    0    0  (Gen:  0)
534568728  27123104 2143685936  3.914  4.531   81.599   82.118    0    0  (Gen:  1)
534345608  27123120 2156021336  0.067  0.067   82.222   82.728    0    0  (Gen:  0)
532576720  27123784 2167683120  0.065  0.065   82.787   83.304    0    0  (Gen:  0)
533597048  27123296 2179728896  0.066  0.066   83.372   83.861    0    0  (Gen:  0)
534897520  27123248 2191479776  0.060  0.061   83.946   84.441    0    0  (Gen:  0)
531574720  26391856 2204837448  0.066  0.066   84.512   84.984    0    0  (Gen:  0)
533689784  26391880 2216185744  0.060  0.060   85.098   85.565    0    0  (Gen:  0)
534113928  26045984 2229386648  0.067  0.067   85.651   86.110    0    0  (Gen:  0)
530890472  26045904 2241584456  0.064  0.064   86.275   86.719    0    0  (Gen:  0)
535760048  25467120 2253562840  0.062  0.062   86.849   87.308    0    0  (Gen:  0)
532045208  25467152 2266437528  0.064  0.064   87.423   87.853    0    0  (Gen:  0)
530895224  25657256 2277465368  0.060  0.060   87.993   88.428    0    0  (Gen:  0)
534567496  25657280 2290611240  0.064  0.065   88.559   88.973    0    0  (Gen:  0)
537068640  25657360 2302929984  0.062  0.063   89.171   89.570    0    0  (Gen:  0)
535280104  25923472 2315341200  0.065  0.066   89.736   90.143    0    0  (Gen:  0)
535926896  25922976 2327302112  0.065  0.065   90.336   90.716    0    0  (Gen:  0)
537177120  25922968 2339299224  0.061  0.061   90.914   91.299    0    0  (Gen:  0)
529810968  25923056 2352879744  0.067  0.067   91.484   91.846    0    0  (Gen:  0)
539714168  25923072 2364093240  0.061  0.061   92.077   92.435    0    0  (Gen:  0)
534977072  25923392 2377286984  0.066  0.066   92.632   92.981    0    0  (Gen:  0)
535542888  25923264 2388977840  0.063  0.063   93.254   93.585    0    0  (Gen:  0)
534963856  25923280 2401495784  0.062  0.062   93.825   94.169    0    0  (Gen:  0)
530499904  25923328 2414338024  0.065  0.065   94.401   94.714    0    0  (Gen:  0)
537396680  25923384 2425381080  0.058  0.058   94.974   95.288    0    0  (Gen:  0)
531355136  25948312 2438764592  0.066  0.066   95.537   95.833    0    0  (Gen:  0)
312651048 2388677840 2442913488  4.000  4.214   99.857  101.092    0    0  (Gen:  1)
   104016  11614072  18932520  0.037  0.267   99.894  101.362    0    0  (Gen:  1)
     1368                      0.000  0.000

  80,428,976,288 bytes allocated in the heap
   8,496,637,184 bytes copied during GC
   2,442,913,488 bytes maximum residency (8 sample(s))
       9,791,792 bytes maximum slop
            2329 MB total memory in use (0 MB lost due to fragmentation)

                                     Tot time (elapsed)  Avg pause  Max pause
  Gen  0       144 colls,     0 par   10.959s  11.079s     0.0769s    0.2657s
  Gen  1         8 colls,     0 par   11.681s  13.277s     1.6596s    4.5309s

  TASKS: 20 (1 bound, 19 peak workers (19 total), using -N4)

  SPARKS: 0 (0 converted, 0 overflowed, 0 dud, 0 GC'd, 0 fizzled)

  INIT    time    0.001s  (  0.006s elapsed)
  MUT     time   77.253s  ( 77.000s elapsed)
  GC      time   22.640s  ( 24.356s elapsed)
  EXIT    time    0.000s  (  0.009s elapsed)
  Total   time   99.894s  (101.370s elapsed)

  Alloc rate    1,041,112,362 bytes per MUT second

  Productivity  77.3% of total user, 76.0% of total elapsed

