bench-hist/haskell-lsp-0_22/ghcide --lsp --cwd bench/example/Cabal-3.0.0.0 +RTS -I0 -qg -A128M -Scode_actions.benchmark-gcStats -I0.5 
    Alloc    Copied     Live     GC     GC      TOT      TOT  Page Flts
    bytes     bytes     bytes   user   elap     user     elap
559957416      2160  15268344  0.036  0.039    0.724    6.345    0    0  (Gen:  0)
551937576      6768  22035880  0.048  0.056    1.115    7.147    0    0  (Gen:  1)
542295832      4840  28557104  0.020  0.021    1.470    7.708    0    0  (Gen:  0)
533045648      5528  46658744  0.044  0.045    2.331    8.221    0    0  (Gen:  0)
549456112      8104 123746624  0.171  0.193    3.169    8.702    0    0  (Gen:  0)
525869640     17368 150805504  0.254  0.285    3.793    9.117    0    0  (Gen:  1)
525309680      9328 170032216  0.098  0.099    4.294    9.348    0    0  (Gen:  0)
545199272  56426552 211602280  0.118  0.121    5.074    9.660    0    0  (Gen:  0)
551081976  56410608 210713640  0.057  0.061    5.705    9.892    0    0  (Gen:  0)
534748768  33621608 235645496  0.082  0.088    6.321   10.151    0    0  (Gen:  0)
543751432  33616624 230702152  0.045  0.046    6.902   10.345    0    0  (Gen:  0)
541014312  33623336 236098560  0.043  0.044    7.523   10.573    0    0  (Gen:  0)
520415280  33617976 261672536  0.082  0.083    7.996   11.047    0    0  (Gen:  0)
544385056  33617296 232587528  0.385  0.440    8.944   11.773    0    0  (Gen:  1)
538818736  33615624 241898904  0.066  0.066    9.559   11.993    0    0  (Gen:  0)
538007952  33616768 256302568  0.097  0.097   10.270   12.251    0    0  (Gen:  0)
525884088  55533944 278563648  0.120  0.121   10.815   12.481    0    0  (Gen:  0)
539646808  55533464 264396008  0.045  0.045   11.403   12.691    0    0  (Gen:  0)
533841976  55532592 265575184  0.044  0.044   11.878   13.024    0    0  (Gen:  0)
531538264  55533336 273143896  0.051  0.052   12.322   13.382    0    0  (Gen:  0)
569543640  37209016 295147432  0.075  0.075   13.003   13.949    0    0  (Gen:  0)
564108512  37211656 325860000  0.089  0.089   13.711   14.480    0    0  (Gen:  0)
535785312  45825160 336229480  0.050  0.050   14.180   14.891    0    0  (Gen:  0)
535389776  25092520 348506824  0.019  0.019   14.615   15.269    0    0  (Gen:  0)
538469920  25092536 361002096  0.019  0.019   15.054   15.649    0    0  (Gen:  0)
601247920  22754912 371334416  0.056  0.059   15.543   16.116    0    0  (Gen:  0)
131762136 224418560 266450552  0.379  0.410   16.104   17.340    0    0  (Gen:  1)
   104120  12294448  20230176  0.027  0.045   16.131   17.387    0    0  (Gen:  1)
     1584                      0.000  0.000

  14,252,618,744 bytes allocated in the heap
   1,000,252,632 bytes copied during GC
     266,450,552 bytes maximum residency (5 sample(s))
       5,357,304 bytes maximum slop
             254 MB total memory in use (0 MB lost due to fragmentation)

                                     Tot time (elapsed)  Avg pause  Max pause
  Gen  0        23 colls,     0 par    1.526s   1.575s     0.0685s    0.1932s
  Gen  1         5 colls,     0 par    1.091s   1.237s     0.2474s    0.4397s

  TASKS: 21 (1 bound, 20 peak workers (20 total), using -N4)

  SPARKS: 0 (0 converted, 0 overflowed, 0 dud, 0 GC'd, 0 fizzled)

  INIT    time    0.001s  (  0.006s elapsed)
  MUT     time   13.512s  ( 14.569s elapsed)
  GC      time    2.618s  (  2.812s elapsed)
  EXIT    time    0.000s  (  0.006s elapsed)
  Total   time   16.131s  ( 17.393s elapsed)

  Alloc rate    1,054,821,996 bytes per MUT second

  Productivity  83.8% of total user, 83.8% of total elapsed

