bench-hist/haskell-lsp-0_22/ghcide --lsp --cwd bench/example/Cabal-3.0.0.0 +RTS -I0 -qg -A128M -SdocumentSymbols_after_edit.benchmark-gcStats -I0.5 
    Alloc    Copied     Live     GC     GC      TOT      TOT  Page Flts
    bytes     bytes     bytes   user   elap     user     elap
556783816  11688608  15146880  0.036  0.039    0.720    6.340    0    0  (Gen:  0)
548159960  16098840  21906544  0.048  0.057    1.111    7.200    0    0  (Gen:  1)
541085488  16096928  28420376  0.021  0.022    1.462    7.761    0    0  (Gen:  0)
532909792  19283608  43560832  0.039  0.040    2.308    8.279    0    0  (Gen:  0)
546786912  19285872 123076944  0.168  0.189    3.161    8.806    0    0  (Gen:  0)
528968280 123063704 150644528  0.254  0.286    3.776    9.220    0    0  (Gen:  1)
524339384 123060624 169607432  0.095  0.097    4.283    9.448    0    0  (Gen:  0)
540559624 123067520 210348552  0.114  0.114    5.041    9.761    0    0  (Gen:  0)
553604648 123069488 222125168  0.091  0.099    5.708   10.029    0    0  (Gen:  0)
540056624 123058040 225202312  0.048  0.049    6.236   10.261    0    0  (Gen:  0)
539646440 123056744 239721632  0.071  0.071    6.850   10.492    0    0  (Gen:  0)
545150744  47623632 262486256  0.120  0.132    7.556   10.777    0    0  (Gen:  0)
532285104  47632904 261752008  0.083  0.084    8.047   11.186    0    0  (Gen:  0)
542307696  47621936 230650688  0.375  0.425    8.966   11.867    0    0  (Gen:  1)
538785120  47621856 245393712  0.075  0.075    9.592   12.087    0    0  (Gen:  0)
538099008  47621968 257663064  0.071  0.071   10.189   12.305    0    0  (Gen:  0)
530505248  47620544 266115168  0.080  0.080   10.862   12.544    0    0  (Gen:  0)
539774000  47621040 265184168  0.057  0.057   11.358   12.782    0    0  (Gen:  0)
530474256  47620496 263486232  0.044  0.044   11.819   13.109    0    0  (Gen:  0)
548969304  47620800 269158128  0.050  0.050   12.281   13.494    0    0  (Gen:  0)
558196248  47619816 294677416  0.077  0.077   12.885   13.945    0    0  (Gen:  0)
545573656  47619744 306161456  0.054  0.054   13.188   14.179    0    0  (Gen:  0)
539281040  47619736 318804208  0.044  0.044   13.470   14.390    0    0  (Gen:  0)
536193496  47619744 333074504  0.045  0.045   13.757   14.607    0    0  (Gen:  0)
541059584  47619744 345585240  0.044  0.044   14.046   14.825    0    0  (Gen:  0)
541128336  47619744 357744912  0.043  0.044   14.335   15.046    0    0  (Gen:  0)
536626264  47619816 371650472  0.045  0.045   14.618   15.254    0    0  (Gen:  0)
542777136  47620104 385108928  0.046  0.046   14.911   15.479    0    0  (Gen:  0)
538722760  25258856 397562136  0.045  0.045   15.200   15.698    0    0  (Gen:  0)
544678360  25258848 410165448  0.044  0.044   15.490   15.918    0    0  (Gen:  0)
537578376  26669592 425078024  0.049  0.049   15.781   16.137    0    0  (Gen:  0)
541296104  26669600 438183632  0.049  0.049   16.071   16.356    0    0  (Gen:  0)
544560568  26669112 413790240  0.647  0.745   16.970   17.280    0    0  (Gen:  1)
545762384  26669128 426356144  0.044  0.044   17.270   17.506    0    0  (Gen:  0)
539402368  26669144 439273928  0.046  0.047   17.556   17.719    0    0  (Gen:  0)
541686288  26669112 454282688  0.048  0.048   17.851   17.940    0    0  (Gen:  0)
544949688  26152000 466766896  0.048  0.048   18.148   18.166    0    0  (Gen:  0)
542245664  26152000 479180064  0.044  0.044   18.443   18.390    0    0  (Gen:  0)
541173984  24624104 491424256  0.045  0.045   18.737   18.613    0    0  (Gen:  0)
536867144  24624112 505899544  0.046  0.046   19.022   18.823    0    0  (Gen:  0)
546746168  24624152 519193184  0.048  0.048   19.328   19.060    0    0  (Gen:  0)
542282992  24624184 531777920  0.045  0.045   19.618   19.282    0    0  (Gen:  0)
540511064  24624200 544592064  0.045  0.045   19.911   19.501    0    0  (Gen:  0)
540785088  24624208 558455256  0.049  0.049   20.199   19.715    0    0  (Gen:  0)
537530376  24624264 572684856  0.047  0.047   20.487   19.926    0    0  (Gen:  0)
546442592  24624336 586925360  0.049  0.049   20.792   20.159    0    0  (Gen:  0)
545391784  24624416 599658216  0.047  0.048   21.087   20.386    0    0  (Gen:  0)
544389896  24624424 612514736  0.046  0.046   21.381   20.611    0    0  (Gen:  0)
543325896  26260000 626497760  0.049  0.050   21.672   20.830    0    0  (Gen:  0)
545621872  26778288 640395808  0.050  0.050   21.972   21.061    0    0  (Gen:  0)
546860176 540473488 597668208  0.926  1.055   23.377   23.236    0    0  (Gen:  1)
   104272  11151544  18096560  0.019  0.071   23.397   23.308    0    0  (Gen:  1)
     1584                      0.000  0.000

  27,619,004,656 bytes allocated in the heap
   2,744,136,712 bytes copied during GC
     597,668,208 bytes maximum residency (6 sample(s))
       6,762,464 bytes maximum slop
             569 MB total memory in use (0 MB lost due to fragmentation)

                                     Tot time (elapsed)  Avg pause  Max pause
  Gen  0        46 colls,     0 par    2.643s   2.700s     0.0587s    0.1887s
  Gen  1         6 colls,     0 par    2.270s   2.640s     0.4400s    1.0555s

  TASKS: 21 (1 bound, 20 peak workers (20 total), using -N4)

  SPARKS: 0 (0 converted, 0 overflowed, 0 dud, 0 GC'd, 0 fizzled)

  INIT    time    0.001s  (  0.006s elapsed)
  MUT     time   18.483s  ( 17.962s elapsed)
  GC      time    4.913s  (  5.340s elapsed)
  EXIT    time    0.000s  (  0.013s elapsed)
  Total   time   23.397s  ( 23.321s elapsed)

  Alloc rate    1,494,296,831 bytes per MUT second

  Productivity  79.0% of total user, 77.0% of total elapsed

