bench-hist/haskell-lsp-0_22/ghcide --lsp --cwd bench/example/Cabal-3.0.0.0 +RTS -I0 -qg -A128M -Sedit.benchmark-gcStats -I0.5 
    Alloc    Copied     Live     GC     GC      TOT      TOT  Page Flts
    bytes     bytes     bytes   user   elap     user     elap
553707000      2160  15105936  0.036  0.040    0.748    6.646    0    0  (Gen:  0)
548913016      6760  21887832  0.049  0.058    1.142    7.452    0    0  (Gen:  1)
544082432   9229936  28419976  0.021  0.022    1.498    8.016    0    0  (Gen:  0)
532270920   9230592  44494872  0.042  0.043    2.368    8.556    0    0  (Gen:  0)
544449952   9232960 123109904  0.177  0.199    3.200    9.087    0    0  (Gen:  0)
522196784   9247976 150402776  0.269  0.304    3.825    9.508    0    0  (Gen:  1)
527403544   9234080 176597152  0.118  0.119    4.317    9.751    0    0  (Gen:  0)
543921072   9251416 212828856  0.124  0.130    5.105   10.097    0    0  (Gen:  0)
550018880   9233424 217536320  0.066  0.072    5.739   10.347    0    0  (Gen:  0)
533737080   9239392 241523304  0.084  0.084    6.325   10.607    0    0  (Gen:  0)
540174128   9230680 239149232  0.064  0.065    6.953   10.829    0    0  (Gen:  0)
550022280   9230656 244673232  0.065  0.071    7.573   11.075    0    0  (Gen:  0)
523953056   9231192 261630984  0.090  0.091    8.080   11.575    0    0  (Gen:  0)
543145024   9231056 231637688  0.405  0.461    9.033   12.310    0    0  (Gen:  1)
540861656   9229560 239636384  0.064  0.064    9.649   12.528    0    0  (Gen:  0)
534291040   9233008 259176896  0.100  0.100   10.322   12.781    0    0  (Gen:  0)
529345624   9230624 278170432  0.121  0.121   10.917   13.024    0    0  (Gen:  0)
537147184   9229952 268489232  0.055  0.055   11.532   13.288    0    0  (Gen:  0)
534290536   9228992 268086616  0.047  0.047   12.007   13.606    0    0  (Gen:  0)
535766080   9229680 273585176  0.049  0.049   12.463   13.975    0    0  (Gen:  0)
575086432   9228640 297549000  0.079  0.079   13.214   14.593    0    0  (Gen:  0)
547678072   9228624 315466992  0.080  0.080   13.940   15.242    0    0  (Gen:  0)
546624528   9228656 334534032  0.084  0.084   14.693   15.903    0    0  (Gen:  0)
541812872   9228656 353686872  0.079  0.080   15.407   16.509    0    0  (Gen:  0)
544247576   9228648 372425720  0.078  0.078   16.099   17.089    0    0  (Gen:  0)
543723856   9228648 391342416  0.078  0.078   16.799   17.682    0    0  (Gen:  0)
539888376   9228672 411666880  0.080  0.081   17.520   18.300    0    0  (Gen:  0)
541077752  39941752 429536224  0.079  0.079   18.242   18.924    0    0  (Gen:  0)
537484488  40241880 448905080  0.083  0.083   18.964   19.547    0    0  (Gen:  0)
540587568  40239080 427034752  0.725  0.830   20.315   20.900    0    0  (Gen:  1)
546286584  40239248 444891608  0.077  0.077   21.003   21.491    0    0  (Gen:  0)
544966304  40240984 462098408  0.075  0.076   21.699   22.100    0    0  (Gen:  0)
544243640  40251152 478153464  0.074  0.074   22.374   22.693    0    0  (Gen:  0)
542137784  40239200 496969888  0.075  0.075   23.040   23.288    0    0  (Gen:  0)
540085536  40239312 516095304  0.081  0.081   23.742   23.901    0    0  (Gen:  0)
542635112  40239304 535260384  0.081  0.081   24.437   24.493    0    0  (Gen:  0)
537541736  40438592 553808168  0.080  0.080   25.117   25.067    0    0  (Gen:  0)
538237744  40438592 574797992  0.083  0.083   25.826   25.677    0    0  (Gen:  0)
542022216  40572744 592582280  0.080  0.080   26.545   26.305    0    0  (Gen:  0)
543928016  40575808 610496768  0.077  0.077   27.265   26.932    0    0  (Gen:  0)
538928920  40572792 630927080  0.083  0.083   27.979   27.549    0    0  (Gen:  0)
542759368  40572952 648549200  0.079  0.079   28.676   28.148    0    0  (Gen:  0)
542537000  39387624 666908704  0.078  0.078   29.367   28.747    0    0  (Gen:  0)
542536864  39389472 681015128  0.072  0.072   30.056   29.346    0    0  (Gen:  0)
540608608  39387304 700097600  0.076  0.076   30.711   29.944    0    0  (Gen:  0)
546711520  39387328 719027160  0.081  0.081   31.417   30.561    0    0  (Gen:  0)
540046704  39387336 738292312  0.082  0.082   32.122   31.165    0    0  (Gen:  0)
541998528  39387392 756972440  0.080  0.080   32.809   31.748    0    0  (Gen:  0)
541665184  39387392 775782240  0.080  0.080   33.500   32.332    0    0  (Gen:  0)
537324032  41389296 796140792  0.082  0.082   34.219   32.952    0    0  (Gen:  0)
541221264  41389296 813936320  0.080  0.080   34.941   33.580    0    0  (Gen:  0)
542468264  41392512 832668016  0.083  0.087   35.667   34.214    0    0  (Gen:  0)
538458528  41388768 852187952  1.517  1.744   37.805   36.480    0    0  (Gen:  1)
542295896  39124480 869533800  0.078  0.078   38.512   37.083    0    0  (Gen:  0)
543639736  39124984 887778848  0.077  0.077   39.219   37.699    0    0  (Gen:  0)
543407904  39128872 902648976  0.075  0.075   39.901   38.300    0    0  (Gen:  0)
545800960  39124224 921568568  0.075  0.075   40.589   38.905    0    0  (Gen:  0)
542458896  39124312 940860720  0.082  0.082   41.300   39.524    0    0  (Gen:  0)
541512488  39124328 959995664  0.082  0.082   42.009   40.125    0    0  (Gen:  0)
545350632  40680192 978812064  0.081  0.081   42.716   40.724    0    0  (Gen:  0)
542789440  40680216 997660296  0.079  0.080   43.427   41.331    0    0  (Gen:  0)
537529048  40680264 1017895504  0.083  0.083   44.170   41.976    0    0  (Gen:  0)
538423864  39614744 1035521776  0.079  0.079   44.917   42.629    0    0  (Gen:  0)
540391600  39613408 1055446520  0.081  0.081   45.647   43.259    0    0  (Gen:  0)
537557720  39610536 1073499912  0.078  0.078   46.354   43.862    0    0  (Gen:  0)
540536944  38227392 1090723176  0.075  0.076   47.063   44.470    0    0  (Gen:  0)
546296048  38230272 1106376064  0.075  0.075   47.775   45.091    0    0  (Gen:  0)
542704624  38231312 1125147088  0.078  0.078   48.447   45.689    0    0  (Gen:  0)
543261960  38227272 1143953056  0.082  0.082   49.148   46.312    0    0  (Gen:  0)
542498584  38227288 1163131728  0.083  0.083   49.877   46.941    0    0  (Gen:  0)
541862664  38227336 1182002568  0.082  0.082   50.579   47.533    0    0  (Gen:  0)
541660288  38227384 1200712016  0.079  0.080   51.276   48.118    0    0  (Gen:  0)
534025400  38227408 1221273520  0.083  0.083   51.999   48.735    0    0  (Gen:  0)
542066608  40155672 1239229384  0.080  0.081   52.734   49.374    0    0  (Gen:  0)
547839296  40150968 1257360840  0.079  0.079   53.476   50.021    0    0  (Gen:  0)
539980072  41026224 1277809160  0.082  0.082   54.199   50.643    0    0  (Gen:  0)
539979000  41026384 1295014544  0.078  0.079   54.905   51.246    0    0  (Gen:  0)
540585336  38552088 1312612648  0.077  0.077   55.614   51.858    0    0  (Gen:  0)
540126352  35563080 1328107728  0.074  0.074   56.300   52.461    0    0  (Gen:  0)
543847408  36585088 1346696488  0.076  0.076   56.984   53.065    0    0  (Gen:  0)
545158056  36585144 1366132288  0.082  0.083   57.703   53.695    0    0  (Gen:  0)
542493424  36585152 1385376040  0.082  0.082   58.415   54.302    0    0  (Gen:  0)
542154672  36585160 1404150888  0.081  0.081   59.117   54.892    0    0  (Gen:  0)
535698808  36585248 1422985464  0.081  0.081   59.823   55.486    0    0  (Gen:  0)
538592704  36585256 1442950544  0.082  0.082   60.558   56.121    0    0  (Gen:  0)
539087792  36589336 1460603032  0.078  0.078   61.293   56.759    0    0  (Gen:  0)
544461168  36588488 1480825656  0.082  0.082   62.022   57.388    0    0  (Gen:  0)
537183784  36585392 1498632048  0.079  0.079   62.730   57.994    0    0  (Gen:  0)
538844680  36585712 1516228456  0.077  0.077   63.431   58.597    0    0  (Gen:  0)
539534736  35473888 1531107184  0.073  0.073   64.120   59.203    0    0  (Gen:  0)
544562152  35469696 1549860144  0.076  0.076   64.800   59.813    0    0  (Gen:  0)
542838240  35469696 1569147544  0.083  0.083   65.517   60.436    0    0  (Gen:  0)
544435792  35469680 1588393888  0.083  0.083   66.237   61.050    0    0  (Gen:  0)
541877960  35469688 1607123600  0.082  0.082   66.938   61.640    0    0  (Gen:  0)
543445944  35469768 1625973192  0.081  0.082   67.645   62.243    0    0  (Gen:  0)
537797152  35469776 1646373408  0.089  0.095   68.387   62.889    0    0  (Gen:  0)
539716112  35469784 1664133808  0.086  0.093   69.128   63.537    0    0  (Gen:  0)
539239904  35473040 1683774984  0.086  0.091   69.864   64.178    0    0  (Gen:  0)
540771976 1649655976 1701738424  3.077  3.543   73.578   68.253    0    0  (Gen:  1)
540416048  38762672 1719043824  0.077  0.077   74.285   68.856    0    0  (Gen:  0)
543064728  36561360 1734465184  0.074  0.075   74.990   69.470    0    0  (Gen:  0)
542242184  36567872 1752912384  0.079  0.079   75.663   70.071    0    0  (Gen:  0)
541567752  36560064 1771609624  0.083  0.083   76.367   70.696    0    0  (Gen:  0)
544276216  36560088 1790976360  0.083  0.083   77.099   71.328    0    0  (Gen:  0)
544702624  36560088 1809838712  0.082  0.082   77.801   71.920    0    0  (Gen:  0)
538598504  36560128 1828466224  0.081  0.081   78.496   72.507    0    0  (Gen:  0)
537931960  36560128 1849191696  0.084  0.084   79.224   73.130    0    0  (Gen:  0)
541170728  36564992 1866945096  0.081  0.081   79.960   73.769    0    0  (Gen:  0)
547578408  36563816 1885117128  0.078  0.079   80.696   74.405    0    0  (Gen:  0)
540645512  41044912 1905753504  0.084  0.084   81.428   75.035    0    0  (Gen:  0)
545779952  41045120 1923476944  0.082  0.082   82.147   75.652    0    0  (Gen:  0)
542004480  41045168 1941057800  0.080  0.080   82.857   76.259    0    0  (Gen:  0)
544250648  41047856 1955830368  0.073  0.073   83.564   76.875    0    0  (Gen:  0)
542579336  41045088 1975455624  0.079  0.080   84.235   77.479    0    0  (Gen:  0)
543189736  41045136 1994124624  0.085  0.085   84.943   78.103    0    0  (Gen:  0)
544461120  41045136 2013484776  0.083  0.083   85.674   78.732    0    0  (Gen:  0)
541740136  40896328 2032276048  0.083  0.083   86.377   79.322    0    0  (Gen:  0)
544382344  40896424 2051119200  0.081  0.081   87.090   79.927    0    0  (Gen:  0)
537289848  40896456 2071825784  0.084  0.084   87.815   80.547    0    0  (Gen:  0)
538705672  40900928 2089600608  0.080  0.081   88.551   81.187    0    0  (Gen:  0)
544711440  40899896 2107731624  0.079  0.080   89.285   81.825    0    0  (Gen:  0)
536915592  40896648 2128127408  0.083  0.084   90.008   82.446    0    0  (Gen:  0)
537278176  39093808 2145292416  0.078  0.078   90.712   83.045    0    0  (Gen:  0)
541103344  38113272 2162019624  0.076  0.076   91.416   83.660    0    0  (Gen:  0)
541853624  38117512 2178604784  0.076  0.076   92.092   84.260    0    0  (Gen:  0)
100158424 2127040752 2184119224  3.596  3.873   95.831   88.995    0    0  (Gen:  1)
   104576  11148200  18045352  0.040  0.231   95.871   89.227    0    0  (Gen:  1)
     1368                      0.000  0.000

  67,782,286,568 bytes allocated in the heap
   7,783,853,208 bytes copied during GC
   2,184,119,224 bytes maximum residency (8 sample(s))
      11,246,664 bytes maximum slop
            2082 MB total memory in use (0 MB lost due to fragmentation)

                                     Tot time (elapsed)  Avg pause  Max pause
  Gen  0       119 colls,     0 par    9.460s   9.555s     0.0803s    0.1988s
  Gen  1         8 colls,     0 par    9.676s  11.043s     1.3804s    3.8729s

  TASKS: 21 (1 bound, 20 peak workers (20 total), using -N4)

  SPARKS: 0 (0 converted, 0 overflowed, 0 dud, 0 GC'd, 0 fizzled)

  INIT    time    0.001s  (  0.006s elapsed)
  MUT     time   76.734s  ( 68.622s elapsed)
  GC      time   19.135s  ( 20.599s elapsed)
  EXIT    time    0.000s  (  0.007s elapsed)
  Total   time   95.871s  ( 89.234s elapsed)

  Alloc rate    883,340,378 bytes per MUT second

  Productivity  80.0% of total user, 76.9% of total elapsed

