bench-hist/haskell-lsp-0_22/ghcide --lsp --cwd bench/example/Cabal-3.0.0.0 +RTS -I0 -qg -A128M -SgetDefinition.benchmark-gcStats -I0.5 
    Alloc    Copied     Live     GC     GC      TOT      TOT  Page Flts
    bytes     bytes     bytes   user   elap     user     elap
560798496      2160  15231304  0.036  0.040    0.726    7.233    0    0  (Gen:  0)
549874656      6752  21945648  0.048  0.057    1.116    8.024    0    0  (Gen:  1)
543277560      4848  28504352  0.020  0.021    1.469    8.583    0    0  (Gen:  0)
530480136      5560  45223952  0.041  0.043    2.310    9.091    0    0  (Gen:  0)
546942248      8088 123357272  0.170  0.192    3.145    9.613    0    0  (Gen:  0)
528194400     21416 151678152  0.259  0.292    3.753   10.034    0    0  (Gen:  1)
529865496      9008 180900600  0.120  0.121    4.213   10.255    0    0  (Gen:  0)
542171488     42320 212552848  0.114  0.117    5.081   10.614    0    0  (Gen:  0)
551982456     17648 223975416  0.077  0.083    5.737   10.852    0    0  (Gen:  0)
542569824      7848 237660184  0.074  0.076    6.367   11.092    0    0  (Gen:  0)
540202640  19296480 230675376  0.043  0.044    6.946   11.277    0    0  (Gen:  0)
538329288  19302368 238135792  0.051  0.052    7.554   11.529    0    0  (Gen:  0)
520631336  19296704 257126328  0.077  0.078    8.022   11.998    0    0  (Gen:  0)
541172200 205110616 240862216  0.404  0.458    8.975   12.710    0    0  (Gen:  1)
542680576 205109360 232573624  0.043  0.044    9.579   12.913    0    0  (Gen:  0)
537368600 205116504 255895832  0.087  0.087   10.262   13.156    0    0  (Gen:  0)
536019024 205109736 270028760  0.096  0.096   10.824   13.373    0    0  (Gen:  0)
531328128 205109672 264591864  0.052  0.052   11.374   13.633    0    0  (Gen:  0)
532904856 205109408 264609208  0.046  0.046   11.837   13.964    0    0  (Gen:  0)
545110384 205109480 269136424  0.048  0.048   12.295   14.345    0    0  (Gen:  0)
562372160 205112128 294293616  0.076  0.076   13.033   14.927    0    0  (Gen:  0)
524561856 205110624 295175848  0.032  0.032   13.237   15.118    0    0  (Gen:  0)
520511872 205108328 298643296  0.009  0.009   13.396   15.278    0    0  (Gen:  0)
538073456 205108992 301107336  0.014  0.014   14.089   15.895    0    0  (Gen:  0)
534142984 205108456 302422272  0.014  0.014   15.020   16.675    0    0  (Gen:  0)
539794080 205108544 304493168  0.014  0.014   15.959   17.457    0    0  (Gen:  0)
541555552 205108576 305489008  0.014  0.014   16.898   18.239    0    0  (Gen:  0)
536926112   5299096 306638688  0.014  0.014   17.831   19.015    0    0  (Gen:  0)
538790984   5299168 308164088  0.014  0.014   18.765   19.797    0    0  (Gen:  0)
539639392   5202360 309446960  0.014  0.015   19.705   20.584    0    0  (Gen:  0)
533994424   5202392 310522152  0.014  0.014   20.641   21.361    0    0  (Gen:  0)
536225488   5202488 311975168  0.014  0.014   21.575   22.136    0    0  (Gen:  0)
541908392   5202600 313696352  0.014  0.014   22.519   22.923    0    0  (Gen:  0)
539560272   5202616 314666448  0.014  0.014   23.461   23.709    0    0  (Gen:  0)
538213816   5170864 316246808  0.014  0.014   24.400   24.489    0    0  (Gen:  0)
539080248   5170896 317774144  0.014  0.014   25.341   25.273    0    0  (Gen:  0)
538607280   5170936 318879144  0.014  0.014   26.279   26.063    0    0  (Gen:  0)
537544672   5170984 320940768  0.015  0.015   27.217   26.842    0    0  (Gen:  0)
537107224   5171120 322564584  0.015  0.015   28.155   27.629    0    0  (Gen:  0)
538661384   5171112 324097776  0.016  0.016   29.095   28.420    0    0  (Gen:  0)
538256752   5171280 325244128  0.016  0.016   30.032   29.208    0    0  (Gen:  0)
539657040   5171360 326582040  0.016  0.016   30.974   29.995    0    0  (Gen:  0)
538139408   5619816 328078736  0.016  0.016   31.911   30.786    0    0  (Gen:  0)
539908408   5644912 329299016  0.016  0.016   32.857   31.579    0    0  (Gen:  0)
534431032   5644992 331168384  0.017  0.017   33.794   32.370    0    0  (Gen:  0)
539515152   5645064 332298336  0.017  0.017   34.742   33.156    0    0  (Gen:  0)
537186688   5645096 333367808  0.015  0.015   35.686   33.940    0    0  (Gen:  0)
531942800   5645184 334952416  0.016  0.016   36.619   34.726    0    0  (Gen:  0)
533497864   5645192 335827528  0.015  0.015   37.569   35.521    0    0  (Gen:  0)
536242088   5284904 337097744  0.015  0.015   38.514   36.321    0    0  (Gen:  0)
539287712   5284976 339092680  0.015  0.016   39.463   37.113    0    0  (Gen:  0)
534660632   5285048 339846280  0.015  0.015   40.407   37.902    0    0  (Gen:  0)
539667344   5188136 341262360  0.015  0.015   41.355   38.698    0    0  (Gen:  0)
537687984   5188200 342868048  0.015  0.015   42.301   39.485    0    0  (Gen:  0)
539957088   5188272 344021992  0.015  0.015   43.253   40.279    0    0  (Gen:  0)
539184552   5188376 345419216  0.015  0.015   44.199   41.069    0    0  (Gen:  0)
542455432   5278392 346941760  0.015  0.015   45.152   41.864    0    0  (Gen:  0)
538542344   5278440 348175712  0.015  0.015   46.099   42.658    0    0  (Gen:  0)
533399112   5278528 349460384  0.014  0.014   47.038   43.442    0    0  (Gen:  0)
539522360   5278584 351491680  0.015  0.015   47.982   44.225    0    0  (Gen:  0)
538728504   5259088 352394704  0.015  0.015   48.931   45.013    0    0  (Gen:  0)
537575096   5259176 353965200  0.015  0.015   49.872   45.794    0    0  (Gen:  0)
541895032   5259216 355389656  0.015  0.015   50.831   46.593    0    0  (Gen:  0)
199561592 263190600 298987960  0.422  0.464   51.599   48.048    0    0  (Gen:  1)
   104280  11155312  18486696  0.016  0.036   51.615   48.086    0    0  (Gen:  1)
     1584                      0.000  0.000

  34,120,183,320 bytes allocated in the heap
   3,394,876,400 bytes copied during GC
     298,987,960 bytes maximum residency (5 sample(s))
       5,405,688 bytes maximum slop
             285 MB total memory in use (0 MB lost due to fragmentation)

                                     Tot time (elapsed)  Avg pause  Max pause
  Gen  0        60 colls,     0 par    1.903s   1.948s     0.0325s    0.1917s
  Gen  1         5 colls,     0 par    1.149s   1.307s     0.2615s    0.4641s

  TASKS: 22 (1 bound, 21 peak workers (21 total), using -N4)

  SPARKS: 0 (0 converted, 0 overflowed, 0 dud, 0 GC'd, 0 fizzled)

  INIT    time    0.001s  (  0.005s elapsed)
  MUT     time   48.562s  ( 44.825s elapsed)
  GC      time    3.052s  (  3.255s elapsed)
  EXIT    time    0.000s  (  0.007s elapsed)
  Total   time   51.615s  ( 48.092s elapsed)

  Alloc rate    702,614,469 bytes per MUT second

  Productivity  94.1% of total user, 93.2% of total elapsed

