bench-hist/haskell-lsp-0_22/ghcide --lsp --cwd bench/example/Cabal-3.0.0.0 +RTS -I0 -qg -A128M -Shover.benchmark-gcStats -I0.5 
    Alloc    Copied     Live     GC     GC      TOT      TOT  Page Flts
    bytes     bytes     bytes   user   elap     user     elap
558437368  11743536  15257544  0.036  0.039    0.727    6.294    0    0  (Gen:  0)
543872624  11748128  21968264  0.049  0.057    1.114    7.082    0    0  (Gen:  1)
541485984   9153072  28442024  0.021  0.022    1.470    7.643    0    0  (Gen:  0)
532203304   9153704  44009200  0.042  0.043    2.300    8.154    0    0  (Gen:  0)
547729032   9156200 123057456  0.168  0.189    3.161    8.655    0    0  (Gen:  0)
523864016   9168368 150551544  0.261  0.293    3.775    9.070    0    0  (Gen:  1)
524677896   9157728 169482960  0.096  0.097    4.284    9.303    0    0  (Gen:  0)
545652096   9174784 216611088  0.127  0.130    5.038    9.617    0    0  (Gen:  0)
546143832   9156016 217872344  0.068  0.072    5.709    9.861    0    0  (Gen:  0)
545347936  29690528 234588080  0.072  0.073    6.326   10.108    0    0  (Gen:  0)
543011064  22225008 230347736  0.055  0.058    6.922   10.310    0    0  (Gen:  0)
547110496  23663968 234902800  0.049  0.050    7.526   10.545    0    0  (Gen:  0)
522424280  23652072 257345192  0.083  0.085    7.999   11.022    0    0  (Gen:  0)
543128408  23652944 231148984  0.381  0.436    8.928   11.721    0    0  (Gen:  1)
536598240  23649744 236709456  0.064  0.064    9.550   11.931    0    0  (Gen:  0)
541722088  23650728 249425608  0.077  0.077   10.177   12.151    0    0  (Gen:  0)
533553224  23652968 267526840  0.105  0.106   10.834   12.401    0    0  (Gen:  0)
535441344  23650392 260307168  0.047  0.047   11.364   12.615    0    0  (Gen:  0)
531239912  23650280 260215304  0.042  0.043   11.822   12.939    0    0  (Gen:  0)
532974544  23650240 266492696  0.049  0.049   12.268   13.301    0    0  (Gen:  0)
575268512  23652752 292182048  0.077  0.077   13.025   13.898    0    0  (Gen:  0)
523778176  23651328 293122440  0.032  0.033   13.229   14.089    0    0  (Gen:  0)
520604648  23648928 296655520  0.010  0.010   13.392   14.253    0    0  (Gen:  0)
532798248  23649632 299074456  0.014  0.014   14.064   14.845    0    0  (Gen:  0)
542640336  23649240 300399336  0.014  0.014   15.004   15.635    0    0  (Gen:  0)
538530288   5236248 301839120  0.014  0.014   15.938   16.414    0    0  (Gen:  0)
540576800   5236288 303016040  0.014  0.014   16.878   17.202    0    0  (Gen:  0)
540035688   5236376 304348736  0.014  0.014   17.811   17.977    0    0  (Gen:  0)
539776512   5236440 305774768  0.013  0.013   18.748   18.762    0    0  (Gen:  0)
540951840   5236432 306992504  0.013  0.013   19.685   19.542    0    0  (Gen:  0)
538806160   5236560 308322024  0.013  0.013   20.619   20.322    0    0  (Gen:  0)
537272920   5508560 310639032  0.015  0.015   21.549   21.102    0    0  (Gen:  0)
539580448   5508576 312123584  0.015  0.016   22.483   21.890    0    0  (Gen:  0)
536619344   5508648 313333040  0.016  0.016   23.411   22.672    0    0  (Gen:  0)
537931128   5508712 314935856  0.017  0.017   24.344   23.465    0    0  (Gen:  0)
533505864   5301192 315808064  0.015  0.015   25.273   24.254    0    0  (Gen:  0)
532405024   5301248 316922832  0.015  0.015   26.214   25.042    0    0  (Gen:  0)
538688176   5301280 318168400  0.015  0.015   27.161   25.835    0    0  (Gen:  0)
539139352   5301416 319688560  0.015  0.015   28.108   26.625    0    0  (Gen:  0)
542901208   5301560 320892368  0.015  0.015   29.058   27.420    0    0  (Gen:  0)
536923592   5232416 322203784  0.014  0.015   30.000   28.204    0    0  (Gen:  0)
536483456   5232424 323545696  0.015  0.015   30.938   28.986    0    0  (Gen:  0)
540126072   5232464 324981840  0.014  0.014   31.880   29.768    0    0  (Gen:  0)
540434272   5232488 326094952  0.014  0.014   32.823   30.554    0    0  (Gen:  0)
541686408   5232584 327467960  0.014  0.014   33.769   31.345    0    0  (Gen:  0)
538616632   5091264 328785496  0.014  0.014   34.711   32.128    0    0  (Gen:  0)
540136504   5086256 330047664  0.014  0.014   35.657   32.916    0    0  (Gen:  0)
536917072   5140024 331416344  0.014  0.014   36.591   33.694    0    0  (Gen:  0)
538638280   5140064 333758912  0.015  0.015   37.527   34.479    0    0  (Gen:  0)
536793520   5524616 335112056  0.016  0.016   38.464   35.273    0    0  (Gen:  0)
539562880   5524688 336325016  0.016  0.016   39.405   36.064    0    0  (Gen:  0)
538036352   5524688 338114600  0.017  0.017   40.343   36.854    0    0  (Gen:  0)
532374944   5524688 338845504  0.016  0.016   41.273   37.640    0    0  (Gen:  0)
534165896   5325088 339939424  0.016  0.016   42.222   38.440    0    0  (Gen:  0)
540961136   5325096 341450080  0.015  0.016   43.177   39.236    0    0  (Gen:  0)
538685344   5265336 342850320  0.015  0.015   44.131   40.033    0    0  (Gen:  0)
536094680   5223344 344089136  0.015  0.015   45.080   40.823    0    0  (Gen:  0)
541040336   5205592 345397992  0.015  0.015   46.031   41.618    0    0  (Gen:  0)
539602568   5273704 346953376  0.015  0.015   46.975   42.401    0    0  (Gen:  0)
537502664   5273736 348234416  0.015  0.015   47.920   43.187    0    0  (Gen:  0)
540540216   5182256 349441856  0.014  0.014   48.870   43.979    0    0  (Gen:  0)
541137544   5182296 350737968  0.014  0.014   49.820   44.776    0    0  (Gen:  0)
541785192   5182328 352044728  0.014  0.014   50.773   45.573    0    0  (Gen:  0)
309472048 261667632 297298136  0.426  0.467   51.735   47.217    0    0  (Gen:  1)
   100080  11155048  18275640  0.016  0.037   51.751   47.255    0    0  (Gen:  1)
     1368                      0.000  0.000

  34,246,247,416 bytes allocated in the heap
     944,591,944 bytes copied during GC
     297,298,136 bytes maximum residency (5 sample(s))
       4,966,184 bytes maximum slop
             283 MB total memory in use (0 MB lost due to fragmentation)

                                     Tot time (elapsed)  Avg pause  Max pause
  Gen  0        60 colls,     0 par    1.907s   1.951s     0.0325s    0.1892s
  Gen  1         5 colls,     0 par    1.133s   1.290s     0.2581s    0.4666s

  TASKS: 22 (1 bound, 21 peak workers (21 total), using -N4)

  SPARKS: 0 (0 converted, 0 overflowed, 0 dud, 0 GC'd, 0 fizzled)

  INIT    time    0.001s  (  0.006s elapsed)
  MUT     time   48.711s  ( 44.008s elapsed)
  GC      time    3.039s  (  3.241s elapsed)
  EXIT    time    0.000s  (  0.007s elapsed)
  Total   time   51.752s  ( 47.262s elapsed)

  Alloc rate    703,056,364 bytes per MUT second

  Productivity  94.1% of total user, 93.1% of total elapsed

