bench-hist/haskell-lsp-0_22/ghcide --lsp --cwd bench/example/Cabal-3.0.0.0 +RTS -I0 -qg -A128M -Shover_after_edit.benchmark-gcStats -I0.5 
    Alloc    Copied     Live     GC     GC      TOT      TOT  Page Flts
    bytes     bytes     bytes   user   elap     user     elap
559659184      2160  15262056  0.036  0.040    0.727    6.297    0    0  (Gen:  0)
551515288      6784  22014672  0.048  0.057    1.116    7.094    0    0  (Gen:  1)
544941720      4856  28550592  0.020  0.020    1.470    7.655    0    0  (Gen:  0)
533854800      5608  47443024  0.045  0.047    2.328    8.177    0    0  (Gen:  0)
551265424      8160 125294968  0.169  0.191    3.200    8.713    0    0  (Gen:  0)
526263736 123843784 151589736  0.253  0.284    3.798    9.118    0    0  (Gen:  1)
521244432 123831368 170398592  0.096  0.097    4.319    9.353    0    0  (Gen:  0)
543570104  58089664 213620712  0.120  0.122    5.158    9.686    0    0  (Gen:  0)
549104856  41923176 225634904  0.086  0.093    5.832    9.937    0    0  (Gen:  0)
545010688  22672192 228666184  0.052  0.053    6.385   10.171    0    0  (Gen:  0)
539865544  24246768 236278880  0.058  0.060    6.981   10.389    0    0  (Gen:  0)
544854376  24251032 236593336  0.045  0.048    7.571   10.612    0    0  (Gen:  0)
520530288  24247480 262114896  0.084  0.085    8.042   11.085    0    0  (Gen:  0)
547995680  24247184 232590840  0.382  0.435    8.986   11.797    0    0  (Gen:  1)
535916232  24253464 249373208  0.082  0.082    9.624   12.023    0    0  (Gen:  0)
532830288  24245880 265236616  0.087  0.087   10.267   12.256    0    0  (Gen:  0)
534789632  46327736 283839384  0.096  0.096   10.834   12.475    0    0  (Gen:  0)
540069176  46326504 270498832  0.042  0.042   11.409   12.685    0    0  (Gen:  0)
530832368  46327320 273305272  0.044  0.044   11.877   13.063    0    0  (Gen:  0)
536997792  46327024 278837856  0.047  0.047   12.320   13.422    0    0  (Gen:  0)
584028912  46325968 302859424  0.076  0.076   13.058   14.018    0    0  (Gen:  0)
528860408  30250168 313936176  0.053  0.053   13.387   14.315    0    0  (Gen:  0)
520507216  16060760 316865048  0.025  0.025   13.575   14.504    0    0  (Gen:  0)
542138624  16061520 322065048  0.017  0.017   13.915   14.808    0    0  (Gen:  0)
524195600  16061856 333186704  0.032  0.032   14.179   15.058    0    0  (Gen:  0)
520479816  16060792 335900784  0.023  0.023   14.360   15.239    0    0  (Gen:  0)
539128032  16061592 345037448  0.024  0.024   14.710   15.553    0    0  (Gen:  0)
531147000  16448064 352137928  0.031  0.031   14.965   15.796    0    0  (Gen:  0)
520548304   9932616 354803632  0.018  0.018   15.138   15.969    0    0  (Gen:  0)
543995928   9933408 365535872  0.029  0.029   15.524   16.307    0    0  (Gen:  0)
526731936   9933208 371150968  0.029  0.029   15.755   16.536    0    0  (Gen:  0)
520577248   9932656 373704736  0.016  0.016   15.926   16.707    0    0  (Gen:  0)
542355560  14266336 386442600  0.034  0.034   16.344   17.076    0    0  (Gen:  0)
523582552  14266232 390210680  0.029  0.029   16.550   17.282    0    0  (Gen:  0)
520523424  14265672 392432968  0.015  0.015   16.717   17.449    0    0  (Gen:  0)
539677032  14114240 405143896  0.034  0.034   17.137   17.819    0    0  (Gen:  0)
521323144  17037584 409322648  0.028  0.028   17.333   18.015    0    0  (Gen:  0)
520544600   7258944 411635664  0.012  0.012   17.497   18.178    0    0  (Gen:  0)
541297832  17189592 427496656  0.039  0.039   17.933   18.563    0    0  (Gen:  0)
523650544  17190888 428797944  0.027  0.027   18.123   18.754    0    0  (Gen:  0)
520551976  17188232 365821480  0.593  0.668   18.868   19.574    0    0  (Gen:  1)
538221952  17189040 381114536  0.040  0.040   19.313   19.968    0    0  (Gen:  0)
520634936  17126576 382512992  0.026  0.026   19.497   20.154    0    0  (Gen:  0)
520552968   4393256 385336368  0.009  0.009   19.658   20.315    0    0  (Gen:  0)
537397224   4394064 400414384  0.039  0.039   20.102   20.707    0    0  (Gen:  0)
520694392   4393672 401995640  0.027  0.027   20.286   20.891    0    0  (Gen:  0)
520570464   4393352 404773640  0.008  0.008   20.446   21.051    0    0  (Gen:  0)
536846448   4394176 419608944  0.039  0.039   20.892   21.446    0    0  (Gen:  0)
520739784  17149464 421145552  0.025  0.025   21.075   21.629    0    0  (Gen:  0)
520577736   4653224 424226320  0.009  0.009   21.235   21.789    0    0  (Gen:  0)
536597264   4654032 438894696  0.039  0.039   21.677   22.182    0    0  (Gen:  0)
520693816   4653520 440603992  0.026  0.026   21.861   22.366    0    0  (Gen:  0)
520578552   4653272 443426360  0.009  0.009   22.021   22.526    0    0  (Gen:  0)
536379696   4654104 458148352  0.039  0.039   22.467   22.921    0    0  (Gen:  0)
520719080   4653632 459837352  0.027  0.027   22.650   23.105    0    0  (Gen:  0)
520593624   4653384 463099416  0.009  0.009   22.809   23.265    0    0  (Gen:  0)
536800720   4654200 477529200  0.039  0.039   23.257   23.661    0    0  (Gen:  0)
520695424   4653720 479072784  0.026  0.026   23.439   23.844    0    0  (Gen:  0)
520596848   4653552 482303576  0.009  0.009   23.598   24.003    0    0  (Gen:  0)
536128632   4654328 496833416  0.040  0.040   24.046   24.400    0    0  (Gen:  0)
520700184   4653848 498444040  0.026  0.026   24.233   24.587    0    0  (Gen:  0)
520612480   4653704 501799632  0.009  0.009   24.397   24.751    0    0  (Gen:  0)
539037032   4654448 515986608  0.039  0.040   24.847   25.150    0    0  (Gen:  0)
521434560   4653920 517703304  0.026  0.026   25.030   25.334    0    0  (Gen:  0)
520614672   4653712 520998352  0.009  0.009   25.188   25.492    0    0  (Gen:  0)
539348672   4654536 535217816  0.039  0.039   25.640   25.893    0    0  (Gen:  0)
520629400   4654032 536875600  0.026  0.026   25.825   26.078    0    0  (Gen:  0)
520625824   4653824 540337336  0.009  0.009   25.981   26.235    0    0  (Gen:  0)
536372640  16690992 554549408  0.039  0.039   26.428   26.631    0    0  (Gen:  0)
524238120  16690520 556153520  0.026  0.027   26.614   26.817    0    0  (Gen:  0)
520582232  16690312 559539376  0.009  0.009   26.771   26.975    0    0  (Gen:  0)
542332672  16691128 573767080  0.039  0.039   27.222   27.374    0    0  (Gen:  0)
520716936  16690632 575538392  0.026  0.026   27.408   27.559    0    0  (Gen:  0)
520531776  16690424 578794520  0.009  0.009   27.563   27.715    0    0  (Gen:  0)
539749368  16691240 593030456  0.040  0.040   28.014   28.115    0    0  (Gen:  0)
520698656  16690704 594762592  0.027  0.027   28.199   28.301    0    0  (Gen:  0)
520543704  16690496 597900736  0.009  0.009   28.355   28.457    0    0  (Gen:  0)
536217192  16691304 612121960  0.039  0.039   28.803   28.853    0    0  (Gen:  0)
522509240  17667048 614117120  0.027  0.027   28.990   29.040    0    0  (Gen:  0)
520545544   5074072 617193936  0.009  0.009   29.145   29.196    0    0  (Gen:  0)
544123352  16710240 631571096  0.040  0.040   29.595   29.593    0    0  (Gen:  0)
520692728  17690776 633369360  0.026  0.026   29.780   29.780    0    0  (Gen:  0)
520566848   4896536 636302312  0.008  0.008   29.936   29.936    0    0  (Gen:  0)
536856824  16538800 650600936  0.040  0.040   30.387   30.335    0    0  (Gen:  0)
520707064  17724328 652569064  0.026  0.026   30.572   30.521    0    0  (Gen:  0)
520579848   4998520 655548864  0.009  0.009   30.728   30.677    0    0  (Gen:  0)
542246240   4999336 669824728  0.039  0.039   31.182   31.081    0    0  (Gen:  0)
520698528   4998848 671681816  0.027  0.027   31.371   31.270    0    0  (Gen:  0)
520570440   4998640 674721040  0.008  0.008   31.526   31.425    0    0  (Gen:  0)
536777080   4999448 689118000  0.039  0.039   31.979   31.826    0    0  (Gen:  0)
520698224   4998960 690984760  0.028  0.028   32.166   32.014    0    0  (Gen:  0)
520570408   4998728 693873664  0.008  0.008   32.321   32.169    0    0  (Gen:  0)
538693016   4999544 708166328  0.039  0.039   32.777   32.575    0    0  (Gen:  0)
520692952   4999088 710161080  0.027  0.027   32.963   32.762    0    0  (Gen:  0)
520577952   4998880 712982312  0.008  0.008   33.117   32.915    0    0  (Gen:  0)
536566240   4999712 727364936  0.039  0.039   33.570   33.316    0    0  (Gen:  0)
520690560   4999192 729358904  0.027  0.027   33.760   33.505    0    0  (Gen:  0)
520584904   4997168 661316592  1.158  1.329   35.064   34.982    0    0  (Gen:  1)
536546784   4997992 675742720  0.040  0.040   35.516   35.383    0    0  (Gen:  0)
520689512   4997520 677725584  0.029  0.029   35.711   35.579    0    0  (Gen:  0)
520647104   4997312 680593232  0.008  0.008   35.866   35.734    0    0  (Gen:  0)
536401624   4998120 694934864  0.040  0.040   36.316   36.134    0    0  (Gen:  0)
520681832   4997584 696703664  0.029  0.029   36.510   36.329    0    0  (Gen:  0)
520654992   4997376 699614648  0.008  0.008   36.663   36.481    0    0  (Gen:  0)
540532368   4998200 714046032  0.040  0.040   37.114   36.882    0    0  (Gen:  0)
520503464   4997656 716041176  0.028  0.028   37.306   37.074    0    0  (Gen:  0)
520660024   4997704 718825824  0.008  0.008   37.459   37.228    0    0  (Gen:  0)
536747264   4998016 733166784  0.039  0.039   37.910   37.628    0    0  (Gen:  0)
520652736   4997704 735224928  0.027  0.027   38.099   37.818    0    0  (Gen:  0)
525745768   4211288 737586240  0.007  0.007   38.257   37.976    0    0  (Gen:  0)
535874216  16298272 752257648  0.039  0.039   38.702   38.374    0    0  (Gen:  0)
523601456  16298312 754208344  0.027  0.027   38.892   38.565    0    0  (Gen:  0)
526000808  16298888 756144872  0.007  0.007   39.052   38.721    0    0  (Gen:  0)
536414120  16301832 771477864  0.038  0.038   39.494   39.116    0    0  (Gen:  0)
520607320  16298344 773409464  0.026  0.026   39.682   39.305    0    0  (Gen:  0)
525543608  16298920 776119024  0.009  0.009   39.844   39.462    0    0  (Gen:  0)
540067808  16301400 790771816  0.038  0.038   40.288   39.862    0    0  (Gen:  0)
520603264  16298480 792719216  0.026  0.026   40.475   40.049    0    0  (Gen:  0)
525909680  16299064 796313976  0.011  0.011   40.641   40.207    0    0  (Gen:  0)
537043760  16303816 809915480  0.038  0.038   41.080   40.603    0    0  (Gen:  0)
520592040  16298352 811786480  0.026  0.026   41.268   40.792    0    0  (Gen:  0)
526794384  16299152 814457816  0.009  0.009   41.434   40.948    0    0  (Gen:  0)
539756776  16381584 829057912  0.037  0.037   41.873   41.348    0    0  (Gen:  0)
520618528  16362384 831044360  0.025  0.025   42.061   41.535    0    0  (Gen:  0)
527223272   4460776 833689432  0.009  0.009   42.235   41.701    0    0  (Gen:  0)
535347184   4460216 848398304  0.037  0.037   42.665   42.089    0    0  (Gen:  0)
520622120   4460064 850370736  0.025  0.025   42.851   42.276    0    0  (Gen:  0)
533575848   4460840 853614816  0.011  0.011   43.050   42.473    0    0  (Gen:  0)
534861560   4460280 867509344  0.036  0.036   43.458   42.833    0    0  (Gen:  0)
520609512   4460208 869524064  0.025  0.025   43.647   43.023    0    0  (Gen:  0)
536080096   4460968 873458200  0.013  0.013   43.870   43.250    0    0  (Gen:  0)
526839728   4460408 886690040  0.035  0.035   44.251   43.577    0    0  (Gen:  0)
520557512   4460328 888711560  0.025  0.025   44.440   43.766    0    0  (Gen:  0)
540451488   4461128 893139992  0.014  0.014   44.681   44.016    0    0  (Gen:  0)
522609328   4460528 905909320  0.035  0.035   45.042   44.318    0    0  (Gen:  0)
520448784   4460408 907899728  0.024  0.024   45.233   44.509    0    0  (Gen:  0)
540265256   4461200 912263432  0.015  0.015   45.482   44.769    0    0  (Gen:  0)
523499016   4460536 925232664  0.036  0.036   45.839   45.068    0    0  (Gen:  0)
520410648   4460480 927742944  0.025  0.025   46.026   45.256    0    0  (Gen:  0)
543295768   4461280 931613944  0.014  0.014   46.288   45.521    0    0  (Gen:  0)
525507328   4460688 944470120  0.036  0.036   46.637   45.818    0    0  (Gen:  0)
520493520   4460632 947306624  0.025  0.025   46.824   46.006    0    0  (Gen:  0)
540355816   4461424 951536960  0.016  0.017   47.115   46.286    0    0  (Gen:  0)
526602408  16660496 963775552  0.035  0.035   47.432   46.564    0    0  (Gen:  0)
520513792  15810408 966404120  0.025  0.025   47.624   46.756    0    0  (Gen:  0)
544176512   7762768 972332296  0.019  0.019   47.973   47.071    0    0  (Gen:  0)
523574152   7766848 982711816  0.032  0.032   48.238   47.323    0    0  (Gen:  0)
520481896   7762056 985430704  0.022  0.022   48.421   47.506    0    0  (Gen:  0)
539989120   7762864 994793872  0.025  0.025   48.779   47.829    0    0  (Gen:  0)
528713288   7765968 1001729056  0.031  0.031   49.041   48.077    0    0  (Gen:  0)
520529880   7762104 1004371544  0.018  0.018   49.217   48.254    0    0  (Gen:  0)
543579144  12409456 1014979216  0.028  0.028   49.604   48.593    0    0  (Gen:  0)
523844344  12409368 1020839216  0.030  0.030   49.839   48.827    0    0  (Gen:  0)
520557216  12408744 1023172968  0.016  0.016   50.011   48.999    0    0  (Gen:  0)
538435288  13575592 1035181344  0.032  0.032   50.415   49.353    0    0  (Gen:  0)
524621272  16660288 1039653816  0.030  0.030   50.636   49.573    0    0  (Gen:  0)
520524432   8702216 1042000768  0.015  0.015   50.807   49.745    0    0  (Gen:  0)
539916896   8702992 1054923296  0.035  0.035   51.227   50.115    0    0  (Gen:  0)
523516040   8703144 1058698200  0.029  0.029   51.434   50.321    0    0  (Gen:  0)
520521120   8702256 1060828792  0.014  0.014   51.604   50.491    0    0  (Gen:  0)
540727528   8703056 1073438544  0.034  0.034   52.031   50.869    0    0  (Gen:  0)
521191744  17123784 1077990616  0.028  0.028   52.230   51.068    0    0  (Gen:  0)
520533592   7137384 1080402808  0.012  0.012   52.398   51.236    0    0  (Gen:  0)
538952408   7138184 1096062368  0.040  0.040   52.841   51.627    0    0  (Gen:  0)
520649448   7139440 1097333712  0.027  0.027   53.034   51.820    0    0  (Gen:  0)
520536784   7137480 1099877272  0.008  0.008   53.196   51.982    0    0  (Gen:  0)
536508816  17022144 1115171744  0.041  0.041   53.645   52.381    0    0  (Gen:  0)
520691520  17022008 1116577816  0.025  0.025   53.832   52.568    0    0  (Gen:  0)
520565176  17021424 1119398840  0.009  0.009   53.996   52.733    0    0  (Gen:  0)
540600112  16974456 1134408944  0.040  0.040   54.447   53.137    0    0  (Gen:  0)
520775344  16973976 1135815088  0.026  0.026   54.631   53.321    0    0  (Gen:  0)
520574768  16973720 1138801000  0.009  0.009   54.794   53.485    0    0  (Gen:  0)
540186768  16974536 1153725272  0.040  0.040   55.247   53.886    0    0  (Gen:  0)
520680352  16974096 1155252280  0.025  0.025   55.433   54.073    0    0  (Gen:  0)
520572312  16973848 1158183064  0.009  0.009   55.597   54.237    0    0  (Gen:  0)
536833768  16766688 1172860016  0.040  0.041   56.047   54.636    0    0  (Gen:  0)
523073384  16766200 1174497808  0.026  0.026   56.233   54.822    0    0  (Gen:  0)
520593320  16765952 1177758456  0.009  0.009   56.394   54.984    0    0  (Gen:  0)
536534880  16766776 1192261432  0.040  0.041   56.845   55.384    0    0  (Gen:  0)
520734328  16766288 1193841312  0.026  0.026   57.029   55.569    0    0  (Gen:  0)
520603648  16766072 1197041848  0.009  0.009   57.193   55.734    0    0  (Gen:  0)
536612224  16766888 1211334000  0.041  0.041   57.645   56.134    0    0  (Gen:  0)
520688536  16766392 1212938272  0.025  0.025   57.831   56.321    0    0  (Gen:  0)
520612568  16766248 1216476272  0.009  0.009   57.993   56.484    0    0  (Gen:  0)
537057536  16767008 1230754920  0.040  0.040   58.445   56.885    0    0  (Gen:  0)
520690808  16766488 1232289704  0.026  0.026   58.632   57.074    0    0  (Gen:  0)
520561032  16766280 1235724840  0.009  0.009   58.793   57.235    0    0  (Gen:  0)
536317672  16767104 1249893656  0.040  0.040   59.244   57.635    0    0  (Gen:  0)
520624896  16766568 1251598384  0.026  0.026   59.431   57.823    0    0  (Gen:  0)
520620984  16766360 1254988328  0.009  0.009   59.591   57.983    0    0  (Gen:  0)
536563536  16767168 1269135664  0.040  0.040   60.045   58.386    0    0  (Gen:  0)
520672200  16766656 1270784280  0.025  0.025   60.233   58.573    0    0  (Gen:  0)
520578832  16766448 1274262288  0.010  0.010   60.400   58.742    0    0  (Gen:  0)
538631472  16767256 1288387392  0.042  0.042   60.855   59.146    0    0  (Gen:  0)
520672072  16766656 1289978896  0.025  0.026   61.057   59.350    0    0  (Gen:  0)
520585280  16766448 1293359456  0.009  0.009   61.222   59.517    0    0  (Gen:  0)
536965480  16767264 1307702176  0.041  0.041   61.678   59.923    0    0  (Gen:  0)
521136416  17403776 1309308152  0.026  0.026   61.866   60.111    0    0  (Gen:  0)
520528688   5049608 1312597240  0.009  0.009   62.026   60.272    0    0  (Gen:  0)
538181856   5050416 1327000816  0.041  0.041   62.482   60.679    0    0  (Gen:  0)
520702880   5049928 1328805608  0.026  0.026   62.672   60.869    0    0  (Gen:  0)
520529728   5046632 1203821616  2.197  2.518   65.017   63.536    0    0  (Gen:  1)
539383784  16609160 1218068736  0.041  0.041   65.474   63.941    0    0  (Gen:  0)
524180432  16608656 1219864616  0.030  0.030   65.672   64.139    0    0  (Gen:  0)
520552720  16608448 1222928720  0.009  0.009   65.837   64.305    0    0  (Gen:  0)
540564752  16609264 1237343816  0.041  0.041   66.294   64.712    0    0  (Gen:  0)
520698488  16608712 1239057464  0.028  0.028   66.491   64.909    0    0  (Gen:  0)
520563128  16608504 1242262384  0.010  0.010   66.653   65.071    0    0  (Gen:  0)
540333032  16609320 1256550064  0.041  0.041   67.110   65.476    0    0  (Gen:  0)
522351096  16608840 1258501184  0.029  0.029   67.306   65.672    0    0  (Gen:  0)
520565728  16608632 1261466384  0.009  0.009   67.464   65.831    0    0  (Gen:  0)
539731576  16609456 1275823944  0.041  0.041   67.921   66.236    0    0  (Gen:  0)
520712248  16608952 1277594352  0.027  0.028   68.113   66.428    0    0  (Gen:  0)
520574656  16608744 1280613464  0.009  0.009   68.271   66.586    0    0  (Gen:  0)
541508120  16609552 1295012056  0.041  0.041   68.731   66.995    0    0  (Gen:  0)
520686544  16609008 1296870248  0.029  0.029   68.925   67.190    0    0  (Gen:  0)
520622016  16608864 1299789608  0.009  0.009   69.083   67.348    0    0  (Gen:  0)
537983096  16609608 1314110760  0.041  0.041   69.543   67.755    0    0  (Gen:  0)
520700080  16609048 1315925456  0.028  0.028   69.736   67.949    0    0  (Gen:  0)
520642216  16608840 1318751352  0.008  0.008   69.893   68.106    0    0  (Gen:  0)
539966952  16609656 1333214256  0.040  0.040   70.355   68.518    0    0  (Gen:  0)
520676720  16609136 1335100464  0.028  0.028   70.547   68.711    0    0  (Gen:  0)
520648584  16608928 1337881072  0.009  0.009   70.704   68.868    0    0  (Gen:  0)
546495584  16609744 1352305672  0.040  0.041   71.167   69.279    0    0  (Gen:  0)
520561816  16609208 1354134608  0.027  0.027   71.361   69.473    0    0  (Gen:  0)
520651592  16609000 1357122736  0.009  0.009   71.517   69.630    0    0  (Gen:  0)
538726248  16609808 1371409376  0.040  0.040   71.978   70.038    0    0  (Gen:  0)
520590944  16609272 1373426032  0.028  0.028   72.173   70.234    0    0  (Gen:  0)
520597832  16609496 1373792272  0.005  0.005   72.325   70.386    0    0  (Gen:  0)
536628176  16609456 1390562200  0.040  0.040   72.778   70.787    0    0  (Gen:  0)
520553520  16609376 1392600032  0.028  0.028   72.973   70.982    0    0  (Gen:  0)
523992192  16609952 1393714152  0.005  0.005   73.132   71.142    0    0  (Gen:  0)
540005952  16427824 1409969720  0.039  0.039   73.583   71.541    0    0  (Gen:  0)
520584984  17457208 1411838696  0.027  0.027   73.775   71.734    0    0  (Gen:  0)
526743640  17457784 1413974768  0.008  0.008   73.940   71.895    0    0  (Gen:  0)
536235016  16297984 1428973240  0.039  0.039   74.387   72.294    0    0  (Gen:  0)
520648944  16294464 1430912304  0.027  0.027   74.579   72.487    0    0  (Gen:  0)
524583528  16295040 1433782504  0.009  0.010   74.744   72.646    0    0  (Gen:  0)
540430384  16299104 1448268488  0.038  0.039   75.189   73.045    0    0  (Gen:  0)
520596744  16294528 1450208272  0.026  0.027   75.381   73.238    0    0  (Gen:  0)
527855056   5624344 1454089696  0.013  0.013   75.554   73.402    0    0  (Gen:  0)
536600544   5628320 1467430080  0.038  0.038   75.998   73.803    0    0  (Gen:  0)
520611904   5623672 1469369392  0.026  0.026   76.188   73.994    0    0  (Gen:  0)
532027016   5624440 1472044928  0.009  0.009   76.362   74.158    0    0  (Gen:  0)
535026320   5623840 1486721648  0.038  0.038   76.803   74.557    0    0  (Gen:  0)
520604120   5623760 1488817864  0.026  0.026   76.994   74.749    0    0  (Gen:  0)
533153144   5624544 1491754416  0.010  0.011   77.185   74.935    0    0  (Gen:  0)
536794264   5623984 1506041632  0.038  0.038   77.611   75.315    0    0  (Gen:  0)
520634552   5623848 1508044104  0.024  0.024   77.801   75.507    0    0  (Gen:  0)
534000648   5382064 1511652984  0.012  0.012   78.017   75.724    0    0  (Gen:  0)
529777848   5381464 1525210448  0.036  0.036   78.415   76.070    0    0  (Gen:  0)
520628320   5381392 1527263880  0.025  0.025   78.606   76.262    0    0  (Gen:  0)
540704888   5382176 1531554688  0.014  0.014   78.847   76.510    0    0  (Gen:  0)
528154936  16359096 1544371856  0.035  0.035   79.224   76.829    0    0  (Gen:  0)
520400920  15433096 1546369016  0.024  0.024   79.414   77.020    0    0  (Gen:  0)
538160704  15433888 1550744384  0.014  0.014   79.666   77.280    0    0  (Gen:  0)
525153560  15433248 1563838008  0.035  0.035   80.028   77.584    0    0  (Gen:  0)
520470232  15433224 1566129712  0.025  0.025   80.219   77.775    0    0  (Gen:  0)
535492128  15433984 1570121088  0.014  0.014   80.472   78.036    0    0  (Gen:  0)
526874432  16595576 1582951376  0.036  0.036   80.832   78.338    0    0  (Gen:  0)
520493848  16357240 1585800480  0.025  0.025   81.023   78.530    0    0  (Gen:  0)
539639304  16358040 1589779296  0.016  0.016   81.302   78.808    0    0  (Gen:  0)
526061816  16357400 1602282312  0.036  0.036   81.642   79.100    0    0  (Gen:  0)
520498216  16357344 1604894384  0.025  0.025   81.832   79.289    0    0  (Gen:  0)
539210520  16358112 1609459632  0.017  0.017   82.146   79.583    0    0  (Gen:  0)
522821768  16357504 1621261488  0.034  0.034   82.449   79.858    0    0  (Gen:  0)
520512112  16357376 1623918712  0.024  0.024   82.637   80.047    0    0  (Gen:  0)
540211600   7503344 1629607384  0.018  0.018   82.984   80.357    0    0  (Gen:  0)
526553240   7506952 1640358912  0.033  0.033   83.256   80.616    0    0  (Gen:  0)
520537600   7502656 1642943784  0.022  0.022   83.442   80.802    0    0  (Gen:  0)
543368448   7503464 1653330800  0.027  0.027   83.815   81.132    0    0  (Gen:  0)
524726888   7504200 1659348808  0.031  0.031   84.072   81.381    0    0  (Gen:  0)
520535296   7502800 1661815944  0.017  0.017   84.253   81.563    0    0  (Gen:  0)
540550984   7503600 1672471728  0.028  0.029   84.643   81.904    0    0  (Gen:  0)
523632400   7503584 1678261040  0.030  0.030   84.883   82.143    0    0  (Gen:  0)
520572008   7502896 1680779896  0.016  0.016   85.059   82.320    0    0  (Gen:  0)
543677904   7503696 1693244992  0.035  0.035   85.475   82.685    0    0  (Gen:  0)
527795968   7503552 1697493696  0.030  0.030   85.697   82.905    0    0  (Gen:  0)
520506712   7502984 1699723904  0.015  0.015   85.871   83.080    0    0  (Gen:  0)
540289728  14018760 1712286680  0.035  0.035   86.301   83.460    0    0  (Gen:  0)
525133056  16985424 1716510896  0.027  0.027   86.506   83.664    0    0  (Gen:  0)
520543992   7393256 1718898456  0.013  0.013   86.676   83.835    0    0  (Gen:  0)
540328584   7394048 1734597456  0.040  0.041   87.124   84.231    0    0  (Gen:  0)
521276024   7395208 1735892296  0.027  0.027   87.320   84.427    0    0  (Gen:  0)
520550328   7393328 1738443248  0.008  0.009   87.486   84.595    0    0  (Gen:  0)
537955784   7394136 1753627120  0.041  0.041   87.938   84.994    0    0  (Gen:  0)
524992864   7393880 1755108688  0.025  0.025   88.129   85.185    0    0  (Gen:  0)
520560880   7393336 1757864976  0.008  0.009   88.295   85.352    0    0  (Gen:  0)
536961352  16930336 1772901952  0.041  0.041   88.750   85.755    0    0  (Gen:  0)
524762944  16929888 1774314768  0.026  0.026   88.940   85.946    0    0  (Gen:  0)
520581248  16929632 1777396448  0.009  0.009   89.105   86.112    0    0  (Gen:  0)
537103088  16930448 1792040816  0.040  0.041   89.559   86.514    0    0  (Gen:  0)
520671568  16929960 1793776160  0.026  0.026   89.748   86.705    0    0  (Gen:  0)
520570976  16929752 1796567080  0.009  0.009   89.916   86.873    0    0  (Gen:  0)
537300280  16786256 1811424272  0.040  0.040   90.370   87.276    0    0  (Gen:  0)
520683064  17366760 1813098376  0.026  0.026   90.561   87.467    0    0  (Gen:  0)
520588264   5027952 1816356208  0.010  0.010   90.726   87.633    0    0  (Gen:  0)
538687464   5028776 1830633512  0.041  0.041   91.179   88.034    0    0  (Gen:  0)
520652456   5028296 1832288880  0.025  0.025   91.368   88.223    0    0  (Gen:  0)
520612560   5028088 1835591856  0.009  0.009   91.532   88.389    0    0  (Gen:  0)
536698776   5028856 1849839640  0.040  0.040   91.987   88.792    0    0  (Gen:  0)
521986296   5028320 1851512480  0.025  0.025   92.176   88.982    0    0  (Gen:  0)
520612296   5028112 1854911624  0.009  0.009   92.340   89.146    0    0  (Gen:  0)
536952552   5028944 1869109032  0.040  0.040   92.797   89.550    0    0  (Gen:  0)
520687456   5028464 1870835648  0.026  0.026   92.987   89.741    0    0  (Gen:  0)
520560920   5028248 1874127352  0.009  0.009   93.151   89.906    0    0  (Gen:  0)
542635360   5029056 1888431168  0.041  0.041   93.610   90.313    0    0  (Gen:  0)
520682528  17500264 1890073152  0.026  0.026   93.801   90.504    0    0  (Gen:  0)
520579800   5102008 1893378328  0.009  0.009   93.964   90.669    0    0  (Gen:  0)
536138232  16790016 1907691280  0.041  0.041   94.419   91.070    0    0  (Gen:  0)
520669592  17422728 1909277152  0.025  0.026   94.609   91.261    0    0  (Gen:  0)
520591112   5123192 1912653568  0.010  0.010   94.771   91.424    0    0  (Gen:  0)
540802392   5124008 1926935824  0.041  0.041   95.231   91.831    0    0  (Gen:  0)
520728296   5123464 1928642752  0.026  0.026   95.422   92.023    0    0  (Gen:  0)
520532816   5123256 1931764800  0.010  0.010   95.585   92.186    0    0  (Gen:  0)
542180224   5124072 1946045080  0.041  0.041   96.046   92.595    0    0  (Gen:  0)
520707304   5123576 1947780344  0.026  0.026   96.239   92.788    0    0  (Gen:  0)
520603336   5123368 1950913136  0.009  0.009   96.400   92.950    0    0  (Gen:  0)
536421952  16636496 1965399568  0.041  0.041   96.857   93.355    0    0  (Gen:  0)
520698704  17569152 1967188880  0.027  0.027   97.048   93.547    0    0  (Gen:  0)
520553880   4963712 1970258288  0.009  0.009   97.209   93.708    0    0  (Gen:  0)
536669352   4964544 1984702344  0.040  0.041   97.666   94.113    0    0  (Gen:  0)
520720040   4964056 1986444480  0.026  0.026   97.858   94.306    0    0  (Gen:  0)
520564208   4963848 1989425840  0.009  0.009   98.019   94.467    0    0  (Gen:  0)
536719544   4964664 2003873040  0.041  0.041   98.476   94.873    0    0  (Gen:  0)
520694872   4964192 2005867584  0.027  0.027   98.670   95.066    0    0  (Gen:  0)
520624304   4963984 2008788488  0.009  0.009   98.831   95.227    0    0  (Gen:  0)
541763368   4964800 2023185736  0.040  0.041   99.288   95.633    0    0  (Gen:  0)
520749504  17640432 2024963720  0.026  0.026   99.480   95.826    0    0  (Gen:  0)
520576440   4943296 2027953752  0.009  0.009   99.641   95.986    0    0  (Gen:  0)
538449912  16484896 2042147672  0.040  0.041  100.102   96.396    0    0  (Gen:  0)
520679304  17580072 2044003632  0.026  0.026  100.293   96.587    0    0  (Gen:  0)
520573000   4903544 2047037624  0.009  0.009  100.451   96.746    0    0  (Gen:  0)
536478624   4904352 2061408616  0.041  0.041  100.911   97.155    0    0  (Gen:  0)
520700784   4903816 2063249760  0.027  0.027  101.103   97.347    0    0  (Gen:  0)
520637600   4903592 2066127720  0.008  0.008  101.263   97.508    0    0  (Gen:  0)
539278296   4904408 2080525352  0.042  0.042  101.725   97.919    0    0  (Gen:  0)
520712200   4903864 2082334928  0.028  0.028  101.918   98.112    0    0  (Gen:  0)
520643200   4903656 2085339144  0.009  0.009  102.080   98.274    0    0  (Gen:  0)
536361392   4904480 2099682672  0.041  0.041  102.552   98.696    0    0  (Gen:  0)
522042648   4904000 2101582472  0.029  0.029  102.746   98.891    0    0  (Gen:  0)
520640392   4903792 2104448856  0.008  0.008  102.903   99.048    0    0  (Gen:  0)
536493496  16509656 2118858336  0.041  0.041  103.364   99.456    0    0  (Gen:  0)
520690904  17752056 2120822520  0.027  0.027  103.557   99.649    0    0  (Gen:  0)
520650680   4881528 2123712576  0.008  0.008  103.718   99.811    0    0  (Gen:  0)
536143592   4882336 2137982464  0.041  0.041  104.182  100.222    0    0  (Gen:  0)
520692584   4881856 2139932800  0.027  0.027  104.374  100.415    0    0  (Gen:  0)
520657992   4881648 2142840416  0.008  0.008  104.531  100.573    0    0  (Gen:  0)
543519600   4882472 2157251944  0.040  0.040  104.995  100.985    0    0  (Gen:  0)
520567848   4881960 2159077208  0.027  0.027  105.190  101.180    0    0  (Gen:  0)
520594264   4882184 2159560856  0.005  0.005  105.344  101.334    0    0  (Gen:  0)
540675784   4882152 2176456312  0.040  0.041  105.804  101.746    0    0  (Gen:  0)
520575488   4882088 2178320800  0.027  0.027  105.999  101.941    0    0  (Gen:  0)
527856152   3173984 2179812800  0.006  0.006  106.162  102.104    0    0  (Gen:  0)
536085808   3176552 2195616208  0.039  0.039  106.616  102.508    0    0  (Gen:  0)
520686200   3173496 2197520112  0.026  0.026  106.809  102.702    0    0  (Gen:  0)
523161304   3174072 2199656216  0.007  0.007  106.974  102.864    0    0  (Gen:  0)
536007760   3177240 2214802424  0.039  0.040  107.426  103.268    0    0  (Gen:  0)
520678784   3173544 2216751416  0.026  0.026  107.620  103.463    0    0  (Gen:  0)
526007208   4577136 2219570008  0.010  0.010  107.789  103.625    0    0  (Gen:  0)
538479584   4579624 2233939160  0.039  0.039  108.235  104.025    0    0  (Gen:  0)
520608304  16731480 2235878160  0.026  0.026  108.428  104.219    0    0  (Gen:  0)
523725376  16732072 2239585992  0.012  0.012  108.601  104.383    0    0  (Gen:  0)
536135528  16736000 2253295336  0.039  0.039  109.048  104.786    0    0  (Gen:  0)
520589568  16731344 2255150912  0.025  0.025  109.243  104.981    0    0  (Gen:  0)
526341456   4372792 2257759024  0.009  0.009  109.414  105.142    0    0  (Gen:  0)
540426456   4372200 2272513144  0.038  0.038  109.860  105.547    0    0  (Gen:  0)
520599584   4372104 2274434928  0.025  0.025  110.053  105.739    0    0  (Gen:  0)
529499544   4372880 2277216072  0.010  0.010  110.233  105.912    0    0  (Gen:  0)
535084376   4372320 2291804336  0.038  0.038  110.675  106.311    0    0  (Gen:  0)
520634096   4372240 2293689744  0.024  0.024  110.866  106.503    0    0  (Gen:  0)
532851744   4373016 2297069008  0.012  0.012  111.071  106.705    0    0  (Gen:  0)
533012152   4372464 2310924968  0.037  0.037  111.490  107.076    0    0  (Gen:  0)
520640728   4372392 2312915528  0.024  0.024  111.682  107.268    0    0  (Gen:  0)
541698808   4373176 2317106512  0.014  0.014  111.919  107.512    0    0  (Gen:  0)
527097256   4372536 2330157512  0.036  0.037  112.303  107.839    0    0  (Gen:  0)
520478952   4372416 2332220112  0.024  0.024  112.496  108.033    0    0  (Gen:  0)
542713568   4373208 2336540976  0.014  0.014  112.748  108.294    0    0  (Gen:  0)
526582312   4372568 2349632664  0.036  0.036  113.114  108.601    0    0  (Gen:  0)
520416744   4372464 2351971328  0.024  0.025  113.307  108.795    0    0  (Gen:  0)
544069152   6136840 2356017632  0.015  0.015  113.567  109.063    0    0  (Gen:  0)
523424224  16592040 2368770128  0.036  0.036  113.926  109.368    0    0  (Gen:  0)
520487736  16336152 2371612320  0.027  0.027  114.120  109.562    0    0  (Gen:  0)
541757104  16336952 2375993944  0.017  0.017  114.406  109.845    0    0  (Gen:  0)
525741160  16336328 2388004024  0.036  0.036  114.745  110.136    0    0  (Gen:  0)
520508768  16336296 2390680040  0.025  0.025  114.937  110.329    0    0  (Gen:  0)
539927408  16337056 2395380592  0.017  0.017  115.264  110.629    0    0  (Gen:  0)
527437632  16336448 2407218552  0.035  0.035  115.562  110.905    0    0  (Gen:  0)
520504800  16330680 2179196152  4.078  4.723  119.806  115.795    0    0  (Gen:  1)
541372856  16331472 2188213128  0.024  0.025  120.168  116.119    0    0  (Gen:  0)
525815176  16338936 2195478384  0.034  0.034  120.440  116.378    0    0  (Gen:  0)
520535880  16330752 2198040368  0.019  0.019  120.628  116.566    0    0  (Gen:  0)
542320048  12048752 2208325312  0.029  0.029  121.015  116.903    0    0  (Gen:  0)
528786776  12049856 2214477928  0.032  0.032  121.269  117.155    0    0  (Gen:  0)
520573160  12048096 2216981120  0.017  0.017  121.452  117.339    0    0  (Gen:  0)
537300168  12048896 2228325608  0.032  0.032  121.859  117.695    0    0  (Gen:  0)
524440392  12048720 2233459216  0.031  0.031  122.094  117.929    0    0  (Gen:  0)
520554920  12048232 2235878784  0.016  0.016  122.276  118.111    0    0  (Gen:  0)
543470664  14424800 2248805992  0.037  0.038  122.707  118.491    0    0  (Gen:  0)
526855976  14424920 2252519856  0.031  0.031  122.926  118.710    0    0  (Gen:  0)
520536080  14424064 2254652600  0.015  0.015  123.104  118.888    0    0  (Gen:  0)
541945352  15241136 2268613792  0.039  0.039  123.553  119.286    0    0  (Gen:  0)
524741320  15242576 2271668600  0.029  0.029  123.757  119.490    0    0  (Gen:  0)
520540728  15240408 2274200448  0.011  0.011  123.930  119.663    0    0  (Gen:  0)
539780752  15241224 2289556848  0.042  0.042  124.383  120.065    0    0  (Gen:  0)
520642160  15240968 2290974232  0.027  0.027  124.576  120.258    0    0  (Gen:  0)
520560064  15240472 2293784496  0.009  0.009  124.745  120.427    0    0  (Gen:  0)
536472784  16871536 2308764648  0.042  0.042  125.201  120.830    0    0  (Gen:  0)
520700424  16871152 2310274440  0.027  0.027  125.392  121.022    0    0  (Gen:  0)
520573936  16870840 2313031776  0.009  0.009  125.562  121.192    0    0  (Gen:  0)
536910248  16871656 2328025544  0.041  0.041  126.020  121.597    0    0  (Gen:  0)
520693288  17205872 2329594760  0.026  0.026  126.213  121.790    0    0  (Gen:  0)
520575120   4462176 2332448888  0.009  0.009  126.383  121.960    0    0  (Gen:  0)
537577768   4463008 2347289248  0.041  0.041  126.843  122.368    0    0  (Gen:  0)
520685600   4462568 2349017952  0.027  0.027  127.037  122.562    0    0  (Gen:  0)
520575760   4462320 2351951112  0.010  0.010  127.208  122.734    0    0  (Gen:  0)
536077000  16884432 2366672584  0.041  0.042  127.668  123.140    0    0  (Gen:  0)
520700568  17297248 2368185248  0.026  0.026  127.860  123.332    0    0  (Gen:  0)
520593184   4726752 2371246080  0.009  0.009  128.027  123.500    0    0  (Gen:  0)
536226368   4727512 2385968208  0.041  0.042  128.488  123.908    0    0  (Gen:  0)
520678808   4726984 2387544056  0.026  0.026  128.681  124.101    0    0  (Gen:  0)
520590024   4726768 2390721624  0.009  0.009  128.850  124.270    0    0  (Gen:  0)
538338992   4727592 2405336792  0.042  0.042  129.311  124.680    0    0  (Gen:  0)
520679056   4727104 2406970504  0.027  0.027  129.503  124.872    0    0  (Gen:  0)
520547496   4726896 2410285480  0.010  0.010  129.671  125.039    0    0  (Gen:  0)
540480904   4727704 2424418528  0.042  0.042  130.131  125.447    0    0  (Gen:  0)
524683288  17479448 2426198648  0.026  0.027  130.325  125.641    0    0  (Gen:  0)
520610336   5171848 2429558624  0.010  0.010  130.490  125.807    0    0  (Gen:  0)
536631616   5172656 2443669784  0.042  0.042  130.952  126.215    0    0  (Gen:  0)
524504040   5172096 2445374232  0.027  0.027  131.144  126.408    0    0  (Gen:  0)
520582368   5171888 2448694960  0.010  0.010  131.309  126.573    0    0  (Gen:  0)
542582968  16655920 2462858512  0.041  0.041  131.769  126.980    0    0  (Gen:  0)
520723928  17382696 2464564128  0.026  0.026  131.963  127.175    0    0  (Gen:  0)
520521912   5000768 2467833656  0.009  0.009  132.126  127.338    0    0  (Gen:  0)
536223152   5001600 2482247720  0.041  0.041  132.586  127.745    0    0  (Gen:  0)
523319856   5001112 2483888656  0.027  0.027  132.781  127.940    0    0  (Gen:  0)
520544536   5000984 2487085872  0.009  0.009  132.944  128.104    0    0  (Gen:  0)
537855232  16527896 2501337192  0.045  0.045  133.421  128.528    0    0  (Gen:  0)
520709120  16527376 2503248992  0.026  0.026  133.627  128.735    0    0  (Gen:  0)
520605048  16527168 2506390048  0.009  0.009  133.790  128.898    0    0  (Gen:  0)
537859624  16527992 2520707920  0.041  0.042  134.252  129.306    0    0  (Gen:  0)
524524848  16527512 2522540416  0.027  0.027  134.450  129.505    0    0  (Gen:  0)
520621920  16527304 2525498880  0.009  0.009  134.613  129.668    0    0  (Gen:  0)
539423224  16528112 2539789192  0.041  0.041  135.077  130.078    0    0  (Gen:  0)
520703312  16527592 2541589384  0.028  0.028  135.274  130.275    0    0  (Gen:  0)
520625056  16527384 2544705264  0.009  0.009  135.435  130.437    0    0  (Gen:  0)
541199768  16528192 2559033032  0.042  0.042  135.899  130.850    0    0  (Gen:  0)
520699656  16527632 2560804432  0.027  0.027  136.093  131.045    0    0  (Gen:  0)
520623904  16527424 2563789072  0.009  0.009  136.255  131.207    0    0  (Gen:  0)
536586488  16528248 2578241096  0.041  0.041  136.716  131.616    0    0  (Gen:  0)
520784560  17594488 2580064888  0.027  0.027  136.911  131.811    0    0  (Gen:  0)
520631424   4905304 2583081832  0.009  0.009  137.072  131.972    0    0  (Gen:  0)
536372304   4906120 2597479856  0.041  0.041  137.535  132.381    0    0  (Gen:  0)
520710176   4905664 2599491504  0.027  0.027  137.730  132.576    0    0  (Gen:  0)
520630600   4905456 2602362440  0.008  0.008  137.891  132.737    0    0  (Gen:  0)
538657616  16627776 2616759856  0.041  0.042  138.356  133.149    0    0  (Gen:  0)
520692112  17668904 2618560560  0.027  0.027  138.550  133.343    0    0  (Gen:  0)
520626456   4908776 2621556296  0.009  0.009  138.710  133.504    0    0  (Gen:  0)
536489584  16592192 2635955216  0.041  0.041  139.175  133.917    0    0  (Gen:  0)
520687720  17650480 2637739408  0.027  0.027  139.369  134.112    0    0  (Gen:  0)
520641024   4923256 2640768104  0.008  0.008  139.529  134.273    0    0  (Gen:  0)
536630456   4924080 2655105256  0.041  0.041  139.995  134.684    0    0  (Gen:  0)
520676200   4923568 2656996320  0.027  0.027  140.190  134.880    0    0  (Gen:  0)
520641984   4923360 2659773080  0.009  0.009  140.350  135.040    0    0  (Gen:  0)
538686864   4924176 2674149112  0.041  0.041  140.816  135.453    0    0  (Gen:  0)
520694280   4923696 2676112776  0.027  0.027  141.011  135.649    0    0  (Gen:  0)
520652400   4923488 2679010640  0.008  0.008  141.171  135.809    0    0  (Gen:  0)
536866568   4924320 2693444336  0.041  0.041  141.635  136.220    0    0  (Gen:  0)
520580896  17797312 2695280504  0.027  0.027  141.832  136.417    0    0  (Gen:  0)
520658712   4793112 2698051808  0.008  0.008  141.990  136.575    0    0  (Gen:  0)
536482896   4793928 2712737208  0.042  0.043  142.461  136.995    0    0  (Gen:  0)
520579296   4793464 2714577504  0.028  0.028  142.659  137.194    0    0  (Gen:  0)
520594488   4793672 2716066328  0.006  0.006  142.816  137.350    0    0  (Gen:  0)
536486432   4793664 2731911664  0.041  0.041  143.273  137.755    0    0  (Gen:  0)
520573376   4793584 2733766616  0.028  0.028  143.470  137.951    0    0  (Gen:  0)
526743232   4794168 2734990856  0.005  0.005  143.632  138.114    0    0  (Gen:  0)
539611320   4793560 2750917200  0.040  0.041  144.087  138.517    0    0  (Gen:  0)
520577192   4793680 2752977296  0.028  0.028  144.286  138.716    0    0  (Gen:  0)
526534360   4794248 2755105576  0.008  0.008  144.453  138.880    0    0  (Gen:  0)
536581008  16281904 2770088072  0.040  0.040  144.908  139.287    0    0  (Gen:  0)
520607664  16949432 2772020224  0.027  0.027  145.102  139.481    0    0  (Gen:  0)
521998736   4377008 2774785024  0.009  0.009  145.271  139.645    0    0  (Gen:  0)
539849880   4379512 2789278976  0.039  0.039  145.724  140.050    0    0  (Gen:  0)
520631368  16762128 2791231936  0.026  0.026  145.920  140.246    0    0  (Gen:  0)
525192008  16762696 2794931288  0.011  0.011  146.093  140.411    0    0  (Gen:  0)
540041328  16766520 2808669136  0.039  0.039  146.546  140.822    0    0  (Gen:  0)
520594376  16762000 2810532400  0.025  0.025  146.739  141.016    0    0  (Gen:  0)
523340728  16762784 2813947504  0.010  0.010  146.913  141.179    0    0  (Gen:  0)
537212272  16762152 2827769392  0.039  0.039  147.362  141.588    0    0  (Gen:  0)
520625864  16762024 2829695472  0.025  0.025  147.555  141.781    0    0  (Gen:  0)
528284040  16762792 2832385168  0.009  0.009  147.734  141.950    0    0  (Gen:  0)
535914280  16425400 2846976928  0.038  0.039  148.181  142.354    0    0  (Gen:  0)
520627496  16264080 2848945016  0.025  0.025  148.374  142.548    0    0  (Gen:  0)
534454616  16264872 2852218632  0.012  0.012  148.577  142.748    0    0  (Gen:  0)
531523088  16264272 2866270368  0.037  0.037  148.997  143.119    0    0  (Gen:  0)
520665680  16264200 2868297360  0.024  0.024  149.193  143.316    0    0  (Gen:  0)
539238528  16264968 2872202472  0.013  0.013  149.420  143.546    0    0  (Gen:  0)
526973864  16264384 2885487656  0.036  0.037  149.816  143.888    0    0  (Gen:  0)
520612640  16264304 2887359184  0.024  0.024  150.011  144.083    0    0  (Gen:  0)
541251280  16265088 2891985848  0.015  0.015  150.263  144.343    0    0  (Gen:  0)
523147496  16264480 2904764344  0.036  0.036  150.634  144.660    0    0  (Gen:  0)
520443120  16264416 2906563384  0.024  0.024  150.831  144.856    0    0  (Gen:  0)
539142688  16265216 2911022688  0.015  0.015  151.086  145.119    0    0  (Gen:  0)
525752896  16595200 2924007008  0.036  0.036  151.451  145.433    0    0  (Gen:  0)
520473480  15793272 2926297464  0.025  0.026  151.647  145.629    0    0  (Gen:  0)
537468472  15794032 2930307120  0.016  0.016  151.905  145.897    0    0  (Gen:  0)
526969168  15793384 2943264720  0.037  0.037  152.272  146.204    0    0  (Gen:  0)
520469296  15793328 2945844504  0.025  0.025  152.467  146.398    0    0  (Gen:  0)
540559168   6678144 2950335552  0.018  0.018  152.752  146.682    0    0  (Gen:  0)
523875800   6677496 2962467768  0.036  0.036  153.094  146.976    0    0  (Gen:  0)
520508208   6677440 2965086416  0.025  0.025  153.287  147.169    0    0  (Gen:  0)
537007048   6678224 2969553192  0.017  0.017  153.602  147.465    0    0  (Gen:  0)
523155424   6677600 2981702536  0.035  0.035  153.913  147.745    0    0  (Gen:  0)
520518224   6677528 2984339192  0.024  0.025  154.105  147.938    0    0  (Gen:  0)
544144600   8855040 2991216688  0.021  0.021  154.463  148.259    0    0  (Gen:  0)
526883256  16520656 3000591736  0.034  0.034  154.739  148.521    0    0  (Gen:  0)
520521200  12273416 3003195568  0.021  0.021  154.926  148.709    0    0  (Gen:  0)
539859856  12274224 3013658152  0.027  0.027  155.300  149.039    0    0  (Gen:  0)
523026928  12278808 3019541344  0.032  0.032  155.562  149.293    0    0  (Gen:  0)
520553912  12273528 3022181528  0.017  0.017  155.746  149.477    0    0  (Gen:  0)
539952544  12274320 3032555200  0.029  0.029  156.137  149.820    0    0  (Gen:  0)
527052096  16772664 3038664568  0.030  0.030  156.384  150.065    0    0  (Gen:  0)
520562736   8980688 3041085080  0.016  0.016  156.565  150.247    0    0  (Gen:  0)
536585168  13266240 3052643968  0.033  0.033  156.970  150.601    0    0  (Gen:  0)
525608672  13266016 3057484032  0.029  0.029  157.201  150.831    0    0  (Gen:  0)
520555192  13265472 3059904896  0.015  0.015  157.381  151.012    0    0  (Gen:  0)
542180416  13266280 3072809840  0.037  0.037  157.812  151.390    0    0  (Gen:  0)
523172872  13266136 3076606296  0.029  0.029  158.026  151.604    0    0  (Gen:  0)
520538088  13265592 3078877480  0.015  0.015  158.204  151.782    0    0  (Gen:  0)
538741600  13266368 3091434368  0.036  0.036  158.638  152.165    0    0  (Gen:  0)
522683592  13266440 3095616896  0.027  0.027  158.847  152.374    0    0  (Gen:  0)
520549680  13265696 3098207464  0.012  0.012  159.022  152.550    0    0  (Gen:  0)
542962032  13266496 3113757360  0.041  0.042  159.479  152.955    0    0  (Gen:  0)
524319752  17278776 3115098656  0.027  0.027  159.678  153.154    0    0  (Gen:  0)
520550400   4463512 3117719120  0.009  0.009  159.848  153.325    0    0  (Gen:  0)
541299680   4464336 3132852144  0.042  0.042  160.311  153.734    0    0  (Gen:  0)
520702216   4463912 3134435368  0.026  0.026  160.507  153.930    0    0  (Gen:  0)
520587488   4463664 3137213984  0.009  0.009  160.676  154.099    0    0  (Gen:  0)
537703392   4464488 3152141184  0.041  0.041  161.137  154.507    0    0  (Gen:  0)
524414448  17350488 3153701832  0.026  0.026  161.329  154.699    0    0  (Gen:  0)
520528264   4673248 3156631832  0.009  0.009  161.497  154.867    0    0  (Gen:  0)
538517888   4674056 3171346976  0.041  0.042  161.958  155.275    0    0  (Gen:  0)
520774304   4673568 3173036624  0.026  0.026  162.150  155.468    0    0  (Gen:  0)
520588136   4673320 3176120128  0.009  0.009  162.318  155.636    0    0  (Gen:  0)
536937552   4674128 3190705992  0.041  0.041  162.779  156.045    0    0  (Gen:  0)
520799568   4673624 3192304352  0.026  0.026  162.977  156.243    0    0  (Gen:  0)
520600168   4673408 3195499920  0.011  0.011  163.157  156.423    0    0  (Gen:  0)
536242192   4674224 3209940520  0.042  0.042  163.625  156.840    0    0  (Gen:  0)
521218664   4673672 3211473800  0.026  0.026  163.817  157.032    0    0  (Gen:  0)
520546224   4673536 3214815424  0.009  0.009  163.987  157.202    0    0  (Gen:  0)
538428792   4674288 3229254080  0.042  0.042  164.449  157.611    0    0  (Gen:  0)
520691488   4673800 3230791584  0.026  0.026  164.643  157.805    0    0  (Gen:  0)
520577592   4673592 3234222936  0.010  0.010  164.809  157.971    0    0  (Gen:  0)
540118424   4674416 3248571264  0.042  0.042  165.275  158.385    0    0  (Gen:  0)
520658680   4673896 3250222632  0.027  0.027  165.468  158.578    0    0  (Gen:  0)
520569912   4673688 3253485064  0.009  0.009  165.633  158.743    0    0  (Gen:  0)
536426312   4674504 3267707224  0.041  0.042  166.097  159.154    0    0  (Gen:  0)
521851800  17503032 3269401864  0.026  0.027  166.293  159.350    0    0  (Gen:  0)
520582320   5148608 3272727192  0.009  0.009  166.458  159.517    0    0  (Gen:  0)
536159984   5149432 3287074184  0.041  0.042  166.920  159.926    0    0  (Gen:  0)
523006920   5148992 3288717856  0.026  0.026  167.115  160.121    0    0  (Gen:  0)
520520448   5148784 3291973728  0.009  0.009  167.281  160.287    0    0  (Gen:  0)
536598352   5149608 3306225736  0.041  0.041  167.743  160.695    0    0  (Gen:  0)
520716752   5149064 3308030408  0.027  0.027  167.938  160.891    0    0  (Gen:  0)
520528864   5148872 3311238928  0.010  0.010  168.104  161.057    0    0  (Gen:  0)
539635160   5149672 3325497704  0.042  0.042  168.565  161.465    0    0  (Gen:  0)
520711776   5149152 3327242736  0.026  0.026  168.759  161.660    0    0  (Gen:  0)
520543528   5148944 3330360464  0.009  0.009  168.924  161.825    0    0  (Gen:  0)
539591032   5149752 3344769440  0.042  0.043  169.390  162.239    0    0  (Gen:  0)
523961400   5149272 3346671616  0.027  0.027  169.586  162.435    0    0  (Gen:  0)
520607472   5149064 3349599472  0.009  0.009  169.749  162.599    0    0  (Gen:  0)
543207776   5149880 3363921816  0.041  0.042  170.214  163.011    0    0  (Gen:  0)
520693328   5149376 3365904656  0.027  0.027  170.410  163.208    0    0  (Gen:  0)
520615024   5149168 3368840144  0.009  0.009  170.574  163.372    0    0  (Gen:  0)
537068656   5149984 3383166304  0.041  0.041  171.035  163.781    0    0  (Gen:  0)
520708120   5149488 3384938576  0.027  0.027  171.232  163.979    0    0  (Gen:  0)
520572344   5149280 3387913520  0.009  0.009  171.395  164.142    0    0  (Gen:  0)
536997368   5150104 3402315144  0.042  0.042  171.863  164.555    0    0  (Gen:  0)
520762496  17635288 3404096608  0.027  0.027  172.058  164.751    0    0  (Gen:  0)
520624136   4910856 3407108552  0.009  0.009  172.221  164.914    0    0  (Gen:  0)
539998496   4911680 3421451616  0.042  0.042  172.689  165.329    0    0  (Gen:  0)
520776936  17697032 3423340856  0.028  0.028  172.886  165.527    0    0  (Gen:  0)
520635048   4818920 3426223040  0.008  0.008  173.046  165.688    0    0  (Gen:  0)
545272248   4819728 3440726408  0.042  0.042  173.514  166.103    0    0  (Gen:  0)
520690608   4819168 3442544104  0.027  0.027  173.710  166.299    0    0  (Gen:  0)
520627216   4818960 3445382872  0.008  0.008  173.873  166.463    0    0  (Gen:  0)
536500416  16641088 3459816816  0.043  0.043  174.344  166.883    0    0  (Gen:  0)
520690336  17761432 3461665744  0.027  0.027  174.541  167.080    0    0  (Gen:  0)
520641440   4831200 3464483280  0.008  0.008  174.702  167.241    0    0  (Gen:  0)
537216984  16620416 3478986568  0.043  0.043  175.169  167.656    0    0  (Gen:  0)
520685088  17715160 3480776496  0.027  0.027  175.364  167.851    0    0  (Gen:  0)
520650544   4789000 3483647712  0.009  0.009  175.525  168.012    0    0  (Gen:  0)
536464376   4789808 3498071984  0.042  0.043  175.993  168.428    0    0  (Gen:  0)
520644488   4789304 3499940104  0.028  0.028  176.191  168.626    0    0  (Gen:  0)
520659384   4789096 3502735056  0.008  0.008  176.349  168.784    0    0  (Gen:  0)
540716864   4789912 3517200072  0.042  0.042  176.820  169.202    0    0  (Gen:  0)
520573136   4789384 3519216872  0.027  0.027  177.017  169.399    0    0  (Gen:  0)
520589392   4789624 3519633984  0.005  0.005  177.173  169.556    0    0  (Gen:  0)
538832448  16436280 3536362128  0.041  0.041  177.636  169.964    0    0  (Gen:  0)
520830960  16436176 3538275048  0.027  0.027  177.833  170.162    0    0  (Gen:  0)
524948472  16436744 3539630824  0.006  0.006  177.997  170.325    0    0  (Gen:  0)
536310056  16438096 3555686936  0.041  0.041  178.454  170.730    0    0  (Gen:  0)
520618960  16436304 3557572848  0.027  0.027  178.650  170.927    0    0  (Gen:  0)
523648320   3642728 3559488912  0.007  0.007  178.817  171.090    0    0  (Gen:  0)
535858632   3645192 3574845600  0.041  0.041  179.274  171.497    0    0  (Gen:  0)
520598416   3642264 3576770472  0.027  0.027  179.471  171.694    0    0  (Gen:  0)
525030064   3642840 3579440960  0.009  0.009  179.641  171.859    0    0  (Gen:  0)
539305112   3646696 3594022232  0.040  0.040  180.097  172.267    0    0  (Gen:  0)
520706488   3642384 3595996656  0.026  0.026  180.294  172.464    0    0  (Gen:  0)
526068736   3642968 3599611544  0.011  0.011  180.469  172.630    0    0  (Gen:  0)
538161032  16536176 3613371200  0.041  0.041  180.921  173.039    0    0  (Gen:  0)
520583912  16481440 3615215536  0.026  0.026  181.117  173.235    0    0  (Gen:  0)
521389264  16482192 3619392344  0.013  0.013  181.293  173.402    0    0  (Gen:  0)
540478896  16484696 3632530600  0.040  0.040  181.746  173.813    0    0  (Gen:  0)
520607664  16481472 3634442416  0.025  0.026  181.941  174.008    0    0  (Gen:  0)
448929472 3304541208 3355996768  7.002  9.375  189.077  184.260    0    0  (Gen:  1)
   104536  11185288  19286376  0.067  0.630  189.145  184.893    0    0  (Gen:  1)
     1368                      0.000  0.000

 325,171,809,200 bytes allocated in the heap
  10,268,598,440 bytes copied during GC
   3,355,996,768 bytes maximum residency (9 sample(s))
      14,941,600 bytes maximum slop
            3200 MB total memory in use (0 MB lost due to fragmentation)

                                     Tot time (elapsed)  Avg pause  Max pause
  Gen  0       608 colls,     0 par   16.327s  16.417s     0.0270s    0.1906s
  Gen  1         9 colls,     0 par   15.777s  20.018s     2.2243s    9.3747s

  TASKS: 21 (1 bound, 20 peak workers (20 total), using -N4)

  SPARKS: 0 (0 converted, 0 overflowed, 0 dud, 0 GC'd, 0 fizzled)

  INIT    time    0.001s  (  0.006s elapsed)
  MUT     time  157.040s  (148.451s elapsed)
  GC      time   32.104s  ( 36.435s elapsed)
  EXIT    time    0.000s  (  0.012s elapsed)
  Total   time  189.145s  (184.904s elapsed)

  Alloc rate    2,070,636,140 bytes per MUT second

  Productivity  83.0% of total user, 80.3% of total elapsed

