bench-hist/getFileExists/ghcide --lsp --cwd bench/example/Cabal-3.0.0.0 +RTS -I0 -qg -A128M -Scode_actions.benchmark-gcStats -I0.5 
    Alloc    Copied     Live     GC     GC      TOT      TOT  Page Flts
    bytes     bytes     bytes   user   elap     user     elap
564367576  18227456  20251736  0.050  0.056    0.733    5.906    0    0  (Gen:  0)
553110208  33230144  36759296  0.092  0.107    1.148    6.533    0    0  (Gen:  1)
550622400  33229928  51777576  0.061  0.066    1.597    7.150    0    0  (Gen:  0)
536999880  32444048  71294456  0.071  0.075    1.948    7.677    0    0  (Gen:  0)
542770384  81746448  87481008  0.192  0.216    2.460    8.415    0    0  (Gen:  1)
546335256  81745832 102844816  0.058  0.058    2.851    9.142    0    0  (Gen:  0)
539196264  81745824 115927368  0.061  0.061    3.674    9.585    0    0  (Gen:  0)
546665608  81745896 152152848  0.093  0.095    4.879   10.143    0    0  (Gen:  0)
539346688  88807344 227881552  0.226  0.250    5.847   10.700    0    0  (Gen:  0)
521654456  88806136 260453656  0.463  0.521    6.949   11.433    0    0  (Gen:  1)
523138072  88801496 303152064  0.175  0.176    7.722   11.765    0    0  (Gen:  0)
529468248  88802648 360199608  0.215  0.215    8.459   12.114    0    0  (Gen:  0)
524361784 101614024 405141952  0.205  0.206    9.198   12.456    0    0  (Gen:  0)
525699312 101608536 464867184  0.218  0.231    9.945   12.824    0    0  (Gen:  0)
525411168 113572880 519931576  0.242  0.262   10.768   13.235    0    0  (Gen:  0)
523962984 113565696 560186320  0.974  1.111   12.304   14.489    0    0  (Gen:  1)
521998720 102773544 613316728  0.212  0.216   13.072   14.862    0    0  (Gen:  0)
521896664 114088464 672915000  0.204  0.205   13.585   15.356    0    0  (Gen:  0)
520952616 114927592 730596760  0.183  0.183   14.097   15.867    0    0  (Gen:  0)
527507024 114919920 766988328  0.166  0.167   14.801   16.298    0    0  (Gen:  0)
530304576 114921456 803594392  0.157  0.157   15.580   16.634    0    0  (Gen:  0)
528053576 114923544 838650392  0.160  0.161   16.193   17.211    0    0  (Gen:  0)
527621632 114920296 876918048  0.155  0.156   16.949   17.597    0    0  (Gen:  0)
525165184 114919696 912206128  0.158  0.159   17.749   18.004    0    0  (Gen:  0)
579393160  56413696 935828592  0.123  0.123   18.372   18.576    0    0  (Gen:  0)
560444800  32804696 944601904  0.062  0.062   18.943   19.119    0    0  (Gen:  0)
543053328  32804656 951464640  0.022  0.022   19.380   19.474    0    0  (Gen:  0)
540874912  32804712 958347512  0.011  0.011   19.806   19.820    0    0  (Gen:  0)
605806808   8435464 960507088  0.035  0.036   20.279   20.247    0    0  (Gen:  0)
 71087232 873422784 908285464  1.498  1.721   21.844   22.672    0    0  (Gen:  1)
   104560   9777648  15731872  0.030  0.104   21.874   22.777    0    0  (Gen:  1)
     1584                      0.000  0.000

  15,697,376,664 bytes allocated in the heap
   3,182,552,504 bytes copied during GC
     908,285,464 bytes maximum residency (6 sample(s))
       4,602,344 bytes maximum slop
             866 MB total memory in use (0 MB lost due to fragmentation)

                                     Tot time (elapsed)  Avg pause  Max pause
  Gen  0        25 colls,     0 par    3.321s   3.409s     0.1363s    0.2622s
  Gen  1         6 colls,     0 par    3.249s   3.781s     0.6301s    1.7211s

  TASKS: 18 (1 bound, 17 peak workers (17 total), using -N4)

  SPARKS: 0 (0 converted, 0 overflowed, 0 dud, 0 GC'd, 0 fizzled)

  INIT    time    0.001s  (  0.006s elapsed)
  MUT     time   15.303s  ( 15.582s elapsed)
  GC      time    6.570s  (  7.189s elapsed)
  EXIT    time    0.000s  (  0.014s elapsed)
  Total   time   21.875s  ( 22.790s elapsed)

  Alloc rate    1,025,766,239 bytes per MUT second

  Productivity  70.0% of total user, 68.4% of total elapsed

