bench-hist/getFileExists/ghcide --lsp --cwd bench/example/Cabal-3.0.0.0 +RTS -I0 -qg -A128M -SdocumentSymbols_after_edit.benchmark-gcStats -I0.5 
    Alloc    Copied     Live     GC     GC      TOT      TOT  Page Flts
    bytes     bytes     bytes   user   elap     user     elap
561172768  18164952  20212216  0.050  0.055    0.732    5.934    0    0  (Gen:  0)
553859320  18168272  36720056  0.088  0.102    1.144    6.556    0    0  (Gen:  1)
547649456  18168016  51884912  0.058  0.062    1.555    7.107    0    0  (Gen:  0)
538181296  18168800  71555984  0.071  0.075    1.902    7.670    0    0  (Gen:  0)
541446008  18168776  87453248  0.163  0.183    2.369    8.351    0    0  (Gen:  1)
548500904  18168160 102719496  0.057  0.057    2.764    9.005    0    0  (Gen:  0)
543148504  18168376 115804856  0.051  0.051    3.573    9.450    0    0  (Gen:  0)
548128464  18168368 155142864  0.085  0.087    4.693    9.936    0    0  (Gen:  0)
536712784  18179120 228378736  0.213  0.237    5.625   10.442    0    0  (Gen:  0)
528686160  18172416 262032216  0.470  0.531    6.729   11.145    0    0  (Gen:  1)
523581672  18190256 303878664  0.179  0.180    7.488   11.476    0    0  (Gen:  0)
527436000  18173816 353326072  0.198  0.198    8.238   11.816    0    0  (Gen:  0)
523418232  18172360 401835792  0.198  0.198    8.973   12.152    0    0  (Gen:  0)
530884720  18170152 461947376  0.227  0.242    9.754   12.537    0    0  (Gen:  0)
524161016  18173864 511777120  0.230  0.250   10.580   12.944    0    0  (Gen:  0)
525648600  18170488 555515768  0.989  1.128   12.076   14.238    0    0  (Gen:  1)
524555840  18171664 612829856  0.220  0.222   12.776   14.631    0    0  (Gen:  0)
520231504  18178720 674038768  0.211  0.213   13.281   15.137    0    0  (Gen:  0)
527584152 115914176 731621472  0.183  0.184   13.808   15.665    0    0  (Gen:  0)
526063408 115915384 767811032  0.163  0.163   14.530   16.085    0    0  (Gen:  0)
524516976 115920520 802080176  0.150  0.151   15.252   16.427    0    0  (Gen:  0)
528631288  70295576 838014952  0.158  0.158   15.892   16.983    0    0  (Gen:  0)
523334680  70296360 878986360  0.164  0.165   16.659   17.365    0    0  (Gen:  0)
524817272  70299184 910951288  0.159  0.159   17.445   17.800    0    0  (Gen:  0)
577609592  70295328 935284384  0.123  0.123   18.079   18.383    0    0  (Gen:  0)
570237440  42693400 956331776  0.083  0.083   18.487   18.804    0    0  (Gen:  0)
572283576  42693440 978622216  0.084  0.088   18.861   19.199    0    0  (Gen:  0)
574620880  42693448 999528088  0.092  0.098   19.243   19.602    0    0  (Gen:  0)
577302160  41320272 1019571520  0.088  0.095   19.626   20.008    0    0  (Gen:  0)
573603408  41320288 1039332256  0.085  0.089   20.000   20.400    0    0  (Gen:  0)
566800688  41320176 1026528512  1.781  2.061   22.070   22.764    0    0  (Gen:  1)
575055808  41320176 1046141152  0.077  0.078   22.436   23.145    0    0  (Gen:  0)
574778952  41320200 1065924920  0.078  0.079   22.804   23.529    0    0  (Gen:  0)
576186176  41320224 1087942144  0.079  0.079   23.174   23.917    0    0  (Gen:  0)
571909832  41320296 1111172272  0.079  0.079   23.537   24.297    0    0  (Gen:  0)
575019472  41320328 1133759384  0.080  0.080   23.908   24.684    0    0  (Gen:  0)
571076136  41320368 1157222288  0.081  0.081   24.272   25.064    0    0  (Gen:  0)
582225248  41320392 1179649224  0.080  0.080   24.653   25.464    0    0  (Gen:  0)
564680696  41320472 1202943168  0.081  0.082   25.010   25.834    0    0  (Gen:  0)
577128152  45163336 1225478224  0.082  0.082   25.384   26.226    0    0  (Gen:  0)
574502672  45163336 1249124568  0.084  0.084   25.757   26.615    0    0  (Gen:  0)
515778040  45163008 1231521808  1.861  2.003   28.028   29.740    0    0  (Gen:  1)
   104280   9777856  15821832  0.023  0.137   28.052   29.878    0    0  (Gen:  1)
     1584                      0.000  0.000

  23,073,255,816 bytes allocated in the heap
   1,683,904,120 bytes copied during GC
   1,231,521,808 bytes maximum residency (7 sample(s))
       5,797,872 bytes maximum slop
            1174 MB total memory in use (0 MB lost due to fragmentation)

                                     Tot time (elapsed)  Avg pause  Max pause
  Gen  0        36 colls,     0 par    4.380s   4.487s     0.1246s    0.2501s
  Gen  1         7 colls,     0 par    5.375s   6.144s     0.8777s    2.0608s

  TASKS: 19 (1 bound, 18 peak workers (18 total), using -N4)

  SPARKS: 0 (0 converted, 0 overflowed, 0 dud, 0 GC'd, 0 fizzled)

  INIT    time    0.001s  (  0.006s elapsed)
  MUT     time   18.295s  ( 19.241s elapsed)
  GC      time    9.755s  ( 10.631s elapsed)
  EXIT    time    0.000s  (  0.007s elapsed)
  Total   time   28.052s  ( 29.885s elapsed)

  Alloc rate    1,261,144,733 bytes per MUT second

  Productivity  65.2% of total user, 64.4% of total elapsed

