bench-hist/getFileExists/ghcide --lsp --cwd bench/example/Cabal-3.0.0.0 +RTS -I0 -qg -A128M -Sedit.benchmark-gcStats -I0.5 
    Alloc    Copied     Live     GC     GC      TOT      TOT  Page Flts
    bytes     bytes     bytes   user   elap     user     elap
567867088      2160  20353240  0.051  0.057    0.737    5.957    0    0  (Gen:  0)
554597792      5480  36995496  0.089  0.103    1.152    6.574    0    0  (Gen:  1)
552091320      5224  51850336  0.058  0.061    1.567    7.129    0    0  (Gen:  0)
539926200      5456  71678000  0.071  0.075    1.911    7.642    0    0  (Gen:  0)
539440544  81906936  87610200  0.161  0.183    2.382    8.328    0    0  (Gen:  1)
550317064  30402520 103183672  0.058  0.058    2.773    8.979    0    0  (Gen:  0)
537068544  30402464 116025144  0.052  0.052    3.591    9.410    0    0  (Gen:  0)
542569048  30402680 145119352  0.071  0.071    4.702    9.890    0    0  (Gen:  0)
543010240  88100176 227060288  0.211  0.235    5.644   10.442    0    0  (Gen:  0)
526943752 232644096 261297312  0.467  0.530    6.724   11.144    0    0  (Gen:  1)
525211208 232645784 300042792  0.169  0.169    7.497   11.468    0    0  (Gen:  0)
524976320 232645256 354802344  0.213  0.214    8.277   11.831    0    0  (Gen:  0)
524136520 232654000 410934584  0.230  0.231    9.056   12.203    0    0  (Gen:  0)
526000456 232645032 460960472  0.225  0.241    9.816   12.581    0    0  (Gen:  0)
524526688 232644432 520196360  0.227  0.243   10.577   12.963    0    0  (Gen:  0)
525132808 232644936 561886104  0.988  1.133   12.153   14.247    0    0  (Gen:  1)
527977088 105031280 616363816  0.214  0.214   12.849   14.625    0    0  (Gen:  0)
522124208 105041208 673705040  0.198  0.199   13.368   15.093    0    0  (Gen:  0)
520857576 105026344 730756912  0.180  0.181   13.881   15.607    0    0  (Gen:  0)
525405320  92477624 766886064  0.165  0.165   14.577   16.022    0    0  (Gen:  0)
525989592  92481672 802349240  0.153  0.153   15.329   16.353    0    0  (Gen:  0)
523122776  92475792 837115256  0.155  0.155   15.947   16.908    0    0  (Gen:  0)
524024128  92476152 875955408  0.156  0.156   16.713   17.292    0    0  (Gen:  0)
524441336  92479320 911195920  0.157  0.158   17.487   17.709    0    0  (Gen:  0)
578549072  58936576 935049416  0.127  0.127   18.123   18.296    0    0  (Gen:  0)
556063712  58919384 943633040  0.065  0.065   18.727   18.904    0    0  (Gen:  0)
559195312  58919400 953902184  0.047  0.047   19.296   19.455    0    0  (Gen:  0)
561679864  18373792 961485888  0.038  0.038   19.890   20.052    0    0  (Gen:  0)
564989576  17800696 970259928  0.042  0.042   20.488   20.659    0    0  (Gen:  0)
559364728  17800696 980530296  0.048  0.048   21.058   21.212    0    0  (Gen:  0)
564303592  17800696 988944896  0.037  0.037   21.656   21.804    0    0  (Gen:  0)
558975680  17800736 996792416  0.040  0.040   22.243   22.405    0    0  (Gen:  0)
556877600  17800696 1007099072  0.047  0.047   22.808   22.955    0    0  (Gen:  0)
562633696  17800696 1016334736  0.043  0.046   23.407   23.548    0    0  (Gen:  0)
561242312  17800872 1023154192  0.043  0.046   24.018   24.180    0    0  (Gen:  0)
560127120  17800736 1033752912  0.047  0.049   24.597   24.749    0    0  (Gen:  0)
558569920  17800576 1015849288  1.740  2.026   26.889   27.315    0    0  (Gen:  1)
558458064  17800704 1021551208  0.040  0.040   27.465   27.909    0    0  (Gen:  0)
555565840  17800616 1031803304  0.046  0.046   28.030   28.463    0    0  (Gen:  0)
560794992  17800624 1043384568  0.047  0.047   28.627   29.051    0    0  (Gen:  0)
563324192  17800768 1048194160  0.039  0.040   29.206   29.648    0    0  (Gen:  0)
560348648  17800616 1058397976  0.046  0.047   29.783   30.217    0    0  (Gen:  0)
560016352  21604832 1070910608  0.047  0.047   30.377   30.799    0    0  (Gen:  0)
564017592  21604984 1074196144  0.039  0.039   30.959   31.390    0    0  (Gen:  0)
557438096  21604824 1084435528  0.044  0.044   31.526   31.958    0    0  (Gen:  0)
562050928  20860120 1093248304  0.044  0.044   32.114   32.536    0    0  (Gen:  0)
564393928  20860136 1101173824  0.037  0.037   32.695   33.125    0    0  (Gen:  0)
559151056  20860120 1111061760  0.043  0.043   33.272   33.705    0    0  (Gen:  0)
556639360  20860128 1120221920  0.045  0.045   33.850   34.272    0    0  (Gen:  0)
562574488  20862584 1128021304  0.037  0.037   34.434   34.864    0    0  (Gen:  0)
560708824  18809200 1137718592  0.044  0.044   35.019   35.454    0    0  (Gen:  0)
555654080  18809208 1147329256  0.046  0.047   35.588   36.011    0    0  (Gen:  0)
562868392  18812112 1154969648  0.038  0.038   36.179   36.607    0    0  (Gen:  0)
562452416  18809248 1164271672  0.043  0.043   36.767   37.203    0    0  (Gen:  0)
561590272  18809256 1174588648  0.047  0.047   37.334   37.756    0    0  (Gen:  0)
562483080  18809264 1181747480  0.037  0.037   37.928   38.348    0    0  (Gen:  0)
563247360  18809248 1190883424  0.042  0.042   38.519   38.956    0    0  (Gen:  0)
557327432  18809256 1201164752  0.049  0.049   39.086   39.510    0    0  (Gen:  0)
565579816  18809256 1210451952  0.039  0.039   39.678   40.099    0    0  (Gen:  0)
565733056  18809680 1217576944  0.040  0.040   40.269   40.706    0    0  (Gen:  0)
555614080  18809248 1227824296  0.047  0.047   40.833   41.260    0    0  (Gen:  0)
566263224  20644824 1239176400  0.044  0.044   41.438   41.858    0    0  (Gen:  0)
563137648  20645056 1244553976  0.041  0.041   42.021   42.457    0    0  (Gen:  0)
556678384  20915472 1254435960  0.047  0.047   42.593   43.021    0    0  (Gen:  0)
559425296  20915472 1266691816  0.045  0.046   43.191   43.609    0    0  (Gen:  0)
561332480  20915656 1270928480  0.040  0.040   43.768   44.203    0    0  (Gen:  0)
556186248  20915472 1280995000  0.046  0.046   44.346   44.774    0    0  (Gen:  0)
556297288  20915472 1293227176  0.046  0.046   44.938   45.354    0    0  (Gen:  0)
564682472  17591696 1296979256  0.038  0.038   45.523   45.949    0    0  (Gen:  0)
556299104  17591544 1307566216  0.046  0.047   46.093   46.520    0    0  (Gen:  0)
558432064  17591544 1319483112  0.045  0.045   46.689   47.103    0    0  (Gen:  0)
561999152  17789288 1323591416  0.038  0.038   47.274   47.696    0    0  (Gen:  0)
559869488  17789240 1333684448  0.044  0.045   47.846   48.270    0    0  (Gen:  0)
562305160  21296336 1342908328  0.045  0.045   48.434   48.845    0    0  (Gen:  0)
566446168  18162928 1351085712  0.038  0.038   49.024   49.443    0    0  (Gen:  0)
560589168  18857776 1360340256  0.044  0.044   49.612   50.037    0    0  (Gen:  0)
557561112  22259200 1370381216  0.047  0.047   50.184   50.594    0    0  (Gen:  0)
564341624  18372648 1378085400  0.038  0.038   50.779   51.194    0    0  (Gen:  0)
563393112  18369736 1386975488  0.043  0.043   51.370   51.795    0    0  (Gen:  0)
556128112  18369744 1397287800  0.049  0.049   51.936   52.348    0    0  (Gen:  0)
562845344  18124512 1404907912  0.036  0.036   52.532   52.942    0    0  (Gen:  0)
559375640  18124552 1413563240  0.042  0.042   53.119   53.545    0    0  (Gen:  0)
557503016  18124528 1423894696  0.048  0.048   53.685   54.099    0    0  (Gen:  0)
563175952  18124560 1432925504  0.039  0.039   54.279   54.688    0    0  (Gen:  0)
560005696  17774000 1440257552  0.041  0.041   54.872   55.298    0    0  (Gen:  0)
561986992  17773600 1450564816  0.047  0.048   55.446   55.861    0    0  (Gen:  0)
562162240  17773592 1461223936  0.042  0.043   56.042   56.450    0    0  (Gen:  0)
563723040  17773736 1466757064  0.040  0.040   56.630   57.055    0    0  (Gen:  0)
559135232  17773584 1477216160  0.047  0.047   57.205   57.621    0    0  (Gen:  0)
557160576  17773592 1489219520  0.047  0.047   57.804   58.211    0    0  (Gen:  0)
563064136  17773816 1493837200  0.040  0.040   58.387   58.810    0    0  (Gen:  0)
555206200  17773592 1503779096  0.047  0.047   58.964   59.379    0    0  (Gen:  0)
557062536  17773592 1516110768  0.047  0.047   59.561   59.964    0    0  (Gen:  0)
556455536  17773888 1520184728  0.040  0.040   60.134   60.554    0    0  (Gen:  0)
559361880  17773584 1530329560  0.047  0.047   60.716   61.130    0    0  (Gen:  0)
554547808  17773608 1542539088  0.047  0.047   61.308   61.711    0    0  (Gen:  0)
561976504  17950288 1547024736  0.041  0.041   61.886   62.306    0    0  (Gen:  0)
556881664  17949976 1556903312  0.047  0.047   62.470   62.885    0    0  (Gen:  0)
561661728  17949976 1568991736  0.046  0.046   63.072   63.474    0    0  (Gen:  0)
561778552  17767976 1572870728  0.038  0.038   63.659   64.068    0    0  (Gen:  0)
558455264  17767984 1583034312  0.045  0.045   64.232   64.643    0    0  (Gen:  0)
561845920  21006048 1592006808  0.045  0.045   64.828   65.226    0    0  (Gen:  0)
563319472  21006056 1599922192  0.038  0.038   65.414   65.820    0    0  (Gen:  0)
560632840  21006040 1609744984  0.044  0.045   65.999   66.410    0    0  (Gen:  0)
560570040  21846360 1619380464  0.047  0.047   66.578   66.975    0    0  (Gen:  0)
560408744  21846424 1626806520  0.038  0.038   67.163   67.567    0    0  (Gen:  0)
561052864  21846400 1636358064  0.044  0.044   67.751   68.160    0    0  (Gen:  0)
554101064  21846408 1646360728  0.048  0.048   68.324   68.719    0    0  (Gen:  0)
561684336  21849296 1654287096  0.039  0.039   68.916   69.318    0    0  (Gen:  0)
563207104  21846408 1662952888  0.043  0.043   69.515   69.926    0    0  (Gen:  0)
561445624  21846408 1673291176  0.049  0.049   70.088   70.486    0    0  (Gen:  0)
565155144  21846408 1681251248  0.037  0.037   70.691   71.086    0    0  (Gen:  0)
558557680  21846456 1689708024  0.044  0.044   71.285   71.697    0    0  (Gen:  0)
558859400  21866800 1700035368  0.049  0.049   71.856   72.256    0    0  (Gen:  0)
562168096  21866832 1709142576  0.040  0.040   72.447   72.842    0    0  (Gen:  0)
559685840  17808616 1716302832  0.041  0.041   73.043   73.455    0    0  (Gen:  0)
556123560  17808552 1726664408  0.047  0.047   73.610   74.011    0    0  (Gen:  0)
559323664  19502224 1735998240  0.040  0.040   74.199   74.593    0    0  (Gen:  0)
559422632  19502648 1743054528  0.042  0.042   74.791   75.202    0    0  (Gen:  0)
555420520  19502232 1753271112  0.048  0.048   75.360   75.759    0    0  (Gen:  0)
558063944  19852720 1763391808  0.042  0.042   75.951   76.343    0    0  (Gen:  0)
565531232  19852816 1769658672  0.041  0.041   76.543   76.952    0    0  (Gen:  0)
559583736  21041504 1779988568  0.047  0.047   77.119   77.518    0    0  (Gen:  0)
559629144  21041544 1792113024  0.046  0.046   77.718   78.107    0    0  (Gen:  0)
562811456  21041864 1796552592  0.041  0.041   78.303   78.711    0    0  (Gen:  0)
557020664  21041536 1806625088  0.047  0.048   78.886   79.286    0    0  (Gen:  0)
561231336  21041544 1819279384  0.049  0.049   79.490   79.879    0    0  (Gen:  0)
565141448  21041728 1822547984  0.040  0.040   80.082   80.478    0    0  (Gen:  0)
557529520  21041544 1832745296  0.045  0.046   80.657   81.055    0    0  (Gen:  0)
561410360  21037200 1841784240  0.045  0.045   81.249   81.635    0    0  (Gen:  0)
558153976  21037208 1849412208  0.039  0.039   81.834   82.227    0    0  (Gen:  0)
556832272  21037192 1859417616  0.044  0.044   82.411   82.806    0    0  (Gen:  0)
557352224  21098496 1868403512  0.045  0.046   83.000   83.382    0    0  (Gen:  0)
564337248  21100664 1876382560  0.038  0.039   83.589   83.979    0    0  (Gen:  0)
560266224  21098488 1886121168  0.045  0.045   84.178   84.571    0    0  (Gen:  0)
553450888  21098496 1895578640  0.046  0.047   84.752   85.130    0    0  (Gen:  0)
564670832  21099824 1903878920  0.039  0.039   85.343   85.729    0    0  (Gen:  0)
563160304  21098536 1912825088  0.043  0.043   85.939   86.332    0    0  (Gen:  0)
558104048  21098568 1923070480  0.049  0.049   86.511   86.890    0    0  (Gen:  0)
564810720  21098576 1930577096  0.037  0.037   87.111   87.493    0    0  (Gen:  0)
561580792  17838712 1939445072  0.043  0.043   87.705   88.098    0    0  (Gen:  0)
559259256  17838712 1949806056  0.050  0.050   88.277   88.658    0    0  (Gen:  0)
562351584  17838728 1958250888  0.039  0.039   88.875   89.251    0    0  (Gen:  0)
562752912  17838832 1966181680  0.042  0.042   89.473   89.865    0    0  (Gen:  0)
161070944  17838016 1968546696  3.356  3.921   92.977   94.660    0    0  (Gen:  1)
   103880   9777648  15865024  0.043  0.223   93.020   94.884    0    0  (Gen:  1)
     2016                      0.000  0.000

  80,222,452,488 bytes allocated in the heap
   5,148,072,560 bytes copied during GC
   1,968,546,696 bytes maximum residency (7 sample(s))
       7,818,360 bytes maximum slop
            1877 MB total memory in use (0 MB lost due to fragmentation)

                                     Tot time (elapsed)  Avg pause  Max pause
  Gen  0       139 colls,     0 par    8.266s   8.363s     0.0602s    0.2426s
  Gen  1         7 colls,     0 par    6.843s   8.118s     1.1598s    3.9205s

  TASKS: 21 (1 bound, 20 peak workers (20 total), using -N4)

  SPARKS: 0 (0 converted, 0 overflowed, 0 dud, 0 GC'd, 0 fizzled)

  INIT    time    0.001s  (  0.006s elapsed)
  MUT     time   77.910s  ( 78.396s elapsed)
  GC      time   15.109s  ( 16.482s elapsed)
  EXIT    time    0.000s  (  0.009s elapsed)
  Total   time   93.021s  ( 94.894s elapsed)

  Alloc rate    1,029,684,814 bytes per MUT second

  Productivity  83.8% of total user, 82.6% of total elapsed

