bench-hist/getFileExists/ghcide --lsp --cwd bench/example/Cabal-3.0.0.0 +RTS -I0 -qg -A128M -SgetDefinition.benchmark-gcStats -I0.5 
    Alloc    Copied     Live     GC     GC      TOT      TOT  Page Flts
    bytes     bytes     bytes   user   elap     user     elap
568050152  18281848  20277784  0.052  0.057    0.737    6.125    0    0  (Gen:  0)
549944576  33288624  36780744  0.088  0.102    1.148    6.741    0    0  (Gen:  1)
552186688  33288344  51750136  0.058  0.062    1.564    7.296    0    0  (Gen:  0)
536123016  33288616  71143416  0.070  0.075    1.905    7.809    0    0  (Gen:  0)
542442344  33289144  87519256  0.161  0.182    2.369    8.490    0    0  (Gen:  1)
547172384  33288528 102857008  0.058  0.058    2.756    9.133    0    0  (Gen:  0)
536341624  26994152 116037128  0.052  0.053    3.534    9.561    0    0  (Gen:  0)
550070008  26994552 158778952  0.085  0.088    4.709   10.069    0    0  (Gen:  0)
541280496  27008808 233285104  0.214  0.239    5.661   10.577    0    0  (Gen:  0)
523722128  27002568 261222088  0.460  0.521    6.750   11.282    0    0  (Gen:  1)
526001080  27000880 306531496  0.182  0.182    7.526   11.617    0    0  (Gen:  0)
522618408  27000176 349759248  0.183  0.183    8.245   11.938    0    0  (Gen:  0)
522048912  26997896 401085888  0.193  0.193    8.968   12.267    0    0  (Gen:  0)
527525576  27009448 458296704  0.228  0.241    9.771   12.656    0    0  (Gen:  0)
524456384  27001040 508709736  0.229  0.248   10.578   13.055    0    0  (Gen:  0)
522756248  26996304 553221968  0.959  1.094   12.047   14.308    0    0  (Gen:  1)
525072904  26997120 610585744  0.219  0.219   12.750   14.699    0    0  (Gen:  0)
520404920  27004832 672535184  0.210  0.211   13.252   15.201    0    0  (Gen:  0)
521387112  26993560 730265600  0.182  0.182   13.760   15.710    0    0  (Gen:  0)
526606192  26994376 766415504  0.163  0.164   14.459   16.134    0    0  (Gen:  0)
525556032  26995944 802568360  0.155  0.156   15.225   16.462    0    0  (Gen:  0)
525162744  27007400 836304104  0.156  0.156   15.842   17.025    0    0  (Gen:  0)
525868336  26994496 876583064  0.164  0.165   16.612   17.422    0    0  (Gen:  0)
522281896  26995816 911214832  0.161  0.162   17.393   17.824    0    0  (Gen:  0)
579405576  60029000 934740880  0.128  0.128   18.038   18.421    0    0  (Gen:  0)
560843080  60013056 941150400  0.059  0.059   18.623   19.007    0    0  (Gen:  0)
569702480  60012312 940364528  0.015  0.015   19.196   19.561    0    0  (Gen:  0)
564444552   2269256 942774800  0.007  0.007   19.741   20.097    0    0  (Gen:  0)
565604488   2269272 939967240  0.005  0.005   20.306   20.652    0    0  (Gen:  0)
567124336   2269304 940299472  0.005  0.005   20.861   21.184    0    0  (Gen:  0)
567529568   2269320 940332912  0.005  0.005   21.418   21.744    0    0  (Gen:  0)
569365528   2269320 940255904  0.005  0.005   21.978   22.281    0    0  (Gen:  0)
565387248   1832424 941525536  0.005  0.005   22.531   22.824    0    0  (Gen:  0)
563426584   1832440 940400840  0.005  0.005   23.086   23.368    0    0  (Gen:  0)
560958224   1832456 942744416  0.007  0.007   23.628   23.898    0    0  (Gen:  0)
565997968   1832472 939985568  0.005  0.005   24.194   24.454    0    0  (Gen:  0)
565101256   1832480 940096808  0.005  0.005   24.744   24.978    0    0  (Gen:  0)
568115104   1658064 940298016  0.005  0.005   25.306   25.541    0    0  (Gen:  0)
564047824   1658072 940174552  0.005  0.005   25.864   26.076    0    0  (Gen:  0)
565613408   1658104 941238544  0.006  0.006   26.408   26.619    0    0  (Gen:  0)
563224416   1783952 940413808  0.005  0.005   26.972   27.160    0    0  (Gen:  0)
561263440   1783976 942099272  0.006  0.006   27.517   27.692    0    0  (Gen:  0)
567613256   1783968 940599128  0.006  0.006   28.085   28.250    0    0  (Gen:  0)
563311088   1784024 943789088  0.007  0.007   28.630   28.772    0    0  (Gen:  0)
566931408   1784032 940272768  0.005  0.005   29.201   29.341    0    0  (Gen:  0)
567832816   1784072 940409928  0.005  0.005   29.764   29.879    0    0  (Gen:  0)
560976680   1784080 940991928  0.006  0.006   30.310   30.423    0    0  (Gen:  0)
565499816   1784072 940425080  0.005  0.005   30.877   30.969    0    0  (Gen:  0)
562310816   1784080 942040592  0.006  0.006   31.429   31.509    0    0  (Gen:  0)
564733840   1784088 940588168  0.006  0.006   31.991   32.059    0    0  (Gen:  0)
567398384   1784104 943441944  0.007  0.007   32.544   32.592    0    0  (Gen:  0)
567064176   1614264 940314256  0.005  0.005   33.114   33.160    0    0  (Gen:  0)
566707864   1636928 940386304  0.005  0.005   33.675   33.697    0    0  (Gen:  0)
564532344   1874000 941032976  0.006  0.006   34.228   34.251    0    0  (Gen:  0)
564307184   1874000 940447488  0.005  0.005   34.796   34.797    0    0  (Gen:  0)
564333096   1962640 942118504  0.006  0.006   35.346   35.337    0    0  (Gen:  0)
565019264   1962640 940679664  0.006  0.006   35.908   35.888    0    0  (Gen:  0)
565901768   1962712 943729680  0.007  0.007   36.456   36.416    0    0  (Gen:  0)
569018648   1962728 940352792  0.005  0.005   37.029   36.987    0    0  (Gen:  0)
566822504   1962752 940435768  0.005  0.005   37.591   37.522    0    0  (Gen:  0)
565102800   1878720 941082008  0.006  0.006   38.146   38.076    0    0  (Gen:  0)
568766192   1878704 940566936  0.005  0.005   38.715   38.623    0    0  (Gen:  0)
562835024   1878744 942268184  0.006  0.006   39.268   39.162    0    0  (Gen:  0)
566718568   1878744 940761128  0.006  0.006   39.834   39.716    0    0  (Gen:  0)
560650984   1878808 943834832  0.007  0.007   40.380   40.242    0    0  (Gen:  0)
567976456   1878816 940398392  0.005  0.005   40.954   40.818    0    0  (Gen:  0)
571172104   1878824 940429864  0.005  0.005   41.518   41.360    0    0  (Gen:  0)
563718896   1878856 940945672  0.006  0.006   42.071   41.911    0    0  (Gen:  0)
563046592   1739872 940541904  0.005  0.005   42.637   42.454    0    0  (Gen:  0)
563174416   1739880 941993864  0.006  0.006   43.193   42.999    0    0  (Gen:  0)
563104008   1869792 940772728  0.006  0.006   43.756   43.552    0    0  (Gen:  0)
564716632   1869816 943756088  0.008  0.008   44.307   44.083    0    0  (Gen:  0)
566799336   1869800 940444976  0.005  0.005   44.882   44.654    0    0  (Gen:  0)
570964728   1869832 940433232  0.005  0.005   45.451   45.198    0    0  (Gen:  0)
567246584   1869856 941151336  0.006  0.006   46.009   45.756    0    0  (Gen:  0)
564729272   1869904 940638584  0.005  0.005   46.575   46.299    0    0  (Gen:  0)
567415736   1869912 942335912  0.006  0.006   47.131   46.842    0    0  (Gen:  0)
568101312   1869912 940869216  0.006  0.006   47.703   47.407    0    0  (Gen:  0)
567947296   1869944 943772496  0.006  0.006   48.260   47.939    0    0  (Gen:  0)
570412480   1869968 940621024  0.005  0.005   48.835   48.514    0    0  (Gen:  0)
564523792   1869968 940526280  0.005  0.005   49.398   49.054    0    0  (Gen:  0)
564988352   1870008 941401080  0.006  0.006   49.952   49.607    0    0  (Gen:  0)
568934520   1802176 940767016  0.005  0.005   50.528   50.162    0    0  (Gen:  0)
564437496   1802232 943018320  0.006  0.006   51.080   50.701    0    0  (Gen:  0)
565181272   1509936 940378264  0.005  0.005   51.651   51.261    0    0  (Gen:  0)
567465096   1628520 940501536  0.005  0.005   52.211   51.795    0    0  (Gen:  0)
565353072   1628544 940602040  0.005  0.005   52.780   52.366    0    0  (Gen:  0)
563879968   1628568 940625832  0.005  0.005   53.343   52.904    0    0  (Gen:  0)
561737408   1941392 941439336  0.006  0.006   53.891   53.449    0    0  (Gen:  0)
567145312   1941416 940754792  0.005  0.005   54.462   53.997    0    0  (Gen:  0)
561415752   1941456 942569024  0.006  0.006   55.013   54.535    0    0  (Gen:  0)
570319208   1492912 940410920  0.005  0.005   55.586   55.099    0    0  (Gen:  0)
564035040   1492952 943783800  0.006  0.006   56.139   55.627    0    0  (Gen:  0)
566981944   1492960 940648136  0.005  0.005   56.710   56.199    0    0  (Gen:  0)
563761064   1492960 940758024  0.005  0.005   57.272   56.735    0    0  (Gen:  0)
566443976   1493000 941526736  0.006  0.006   57.826   57.287    0    0  (Gen:  0)
566633592   1492984 940831064  0.005  0.005   58.399   57.840    0    0  (Gen:  0)
567252152   2020080 942942568  0.006  0.006   58.953   58.380    0    0  (Gen:  0)
568416320   2020080 940522608  0.005  0.005   59.525   58.942    0    0  (Gen:  0)
563127392   2020120 943757976  0.005  0.005   60.078   59.468    0    0  (Gen:  0)
565705784   2020144 940735936  0.005  0.005   60.647   60.040    0    0  (Gen:  0)
563360472   2020184 940771600  0.005  0.005   61.210   60.577    0    0  (Gen:  0)
561366080   2020208 941491424  0.006  0.006   61.759   61.126    0    0  (Gen:  0)
 71073976 876238344 912026408  1.503  1.732   63.331   63.576    0    0  (Gen:  1)
   104808   9783032  15850384  0.022  0.094   63.353   63.671    0    0  (Gen:  1)
     1368                      0.000  0.000

  57,550,794,824 bytes allocated in the heap
   1,876,561,816 bytes copied during GC
     912,026,408 bytes maximum residency (6 sample(s))
       4,625,624 bytes maximum slop
             869 MB total memory in use (0 MB lost due to fragmentation)

                                     Tot time (elapsed)  Avg pause  Max pause
  Gen  0        99 colls,     0 par    3.640s   3.721s     0.0376s    0.2477s
  Gen  1         6 colls,     0 par    3.192s   3.725s     0.6208s    1.7320s

  TASKS: 21 (1 bound, 20 peak workers (20 total), using -N4)

  SPARKS: 0 (0 converted, 0 overflowed, 0 dud, 0 GC'd, 0 fizzled)

  INIT    time    0.001s  (  0.005s elapsed)
  MUT     time   56.519s  ( 56.220s elapsed)
  GC      time    6.833s  (  7.446s elapsed)
  EXIT    time    0.000s  (  0.013s elapsed)
  Total   time   63.353s  ( 63.684s elapsed)

  Alloc rate    1,018,255,139 bytes per MUT second

  Productivity  89.2% of total user, 88.3% of total elapsed

