bench-hist/getFileExists/ghcide --lsp --cwd bench/example/Cabal-3.0.0.0 +RTS -I0 -qg -A128M -Shover_after_edit.benchmark-gcStats -I0.5 
    Alloc    Copied     Live     GC     GC      TOT      TOT  Page Flts
    bytes     bytes     bytes   user   elap     user     elap
567064576  18260544  20278504  0.051  0.056    0.734    5.976    0    0  (Gen:  0)
552035280  18263840  36839240  0.087  0.101    1.145    6.592    0    0  (Gen:  1)
550231952  18264128  51746088  0.058  0.062    1.560    7.145    0    0  (Gen:  0)
539438944  18263824  71887752  0.070  0.075    1.901    7.659    0    0  (Gen:  0)
542375192  81900488  87598424  0.160  0.181    2.368    8.342    0    0  (Gen:  1)
550237088  81900592 103024632  0.057  0.057    2.754    8.987    0    0  (Gen:  0)
537878960  81900048 116923144  0.051  0.052    3.562    9.411    0    0  (Gen:  0)
549405720  81900072 155077376  0.083  0.086    4.742    9.919    0    0  (Gen:  0)
533263824  81907704 221892640  0.201  0.223    5.623   10.395    0    0  (Gen:  0)
533678736  81904888 260148920  0.466  0.529    6.790   11.146    0    0  (Gen:  1)
526029352  81906232 304214824  0.183  0.184    7.523   11.471    0    0  (Gen:  0)
526922544  81904624 358010200  0.207  0.207    8.284   11.820    0    0  (Gen:  0)
524825264  81904840 406568176  0.200  0.200    9.002   12.154    0    0  (Gen:  0)
527117928 108761432 465557016  0.227  0.243    9.805   12.545    0    0  (Gen:  0)
526782392 108761968 520265312  0.237  0.258   10.619   12.951    0    0  (Gen:  0)
523415616 108761824 563298616  0.975  1.112   12.176   14.216    0    0  (Gen:  1)
527437560 104414656 616527336  0.206  0.207   12.862   14.593    0    0  (Gen:  0)
524588048 104414720 673621296  0.192  0.192   13.388   15.024    0    0  (Gen:  0)
524708832 104401216 731139448  0.184  0.184   13.907   15.544    0    0  (Gen:  0)
525821120 104403928 767310936  0.169  0.169   14.608   15.964    0    0  (Gen:  0)
526315392 104403888 803242888  0.154  0.154   15.375   16.292    0    0  (Gen:  0)
528452232 104402304 837999040  0.156  0.157   15.988   16.860    0    0  (Gen:  0)
527000736  76255440 878258720  0.162  0.162   16.767   17.249    0    0  (Gen:  0)
524921544  71606024 912212040  0.160  0.161   17.524   17.719    0    0  (Gen:  0)
582052056  71602016 935883656  0.122  0.122   18.156   18.298    0    0  (Gen:  0)
562565752  71601104 952785552  0.087  0.088   18.774   18.918    0    0  (Gen:  0)
557694592  22214024 961077352  0.048  0.048   19.371   19.526    0    0  (Gen:  0)
548587568  22214016 971061656  0.049  0.049   19.949   20.084    0    0  (Gen:  0)
552833096  24394336 982703296  0.055  0.055   20.519   20.657    0    0  (Gen:  0)
556845648  20849872 990566856  0.047  0.047   21.119   21.268    0    0  (Gen:  0)
549203880  20849864 1004631176  0.049  0.049   21.694   21.822    0    0  (Gen:  0)
552133016  20849896 1012565920  0.056  0.057   22.265   22.395    0    0  (Gen:  0)
557699920  20968720 1020500136  0.049  0.052   22.870   23.016    0    0  (Gen:  0)
552129104  20968720 1034517920  0.049  0.049   23.446   23.572    0    0  (Gen:  0)
553784032  20968744 1042506848  0.062  0.067   24.024   24.158    0    0  (Gen:  0)
557538112 967608896 998932152  1.736  2.019   26.323   26.752    0    0  (Gen:  1)
550198160 967608880 1012903544  0.049  0.049   26.894   27.304    0    0  (Gen:  0)
551997776 967608952 1020830048  0.056  0.056   27.458   27.872    0    0  (Gen:  0)
558756240  21060128 1028787672  0.046  0.046   28.066   28.493    0    0  (Gen:  0)
551470640  21060184 1043600800  0.052  0.052   28.641   29.050    0    0  (Gen:  0)
554676160  21060304 1050825200  0.057  0.057   29.213   29.626    0    0  (Gen:  0)
555750944  21095392 1058589008  0.046  0.046   29.819   30.247    0    0  (Gen:  0)
551102576  21095424 1073360296  0.052  0.052   30.394   30.803    0    0  (Gen:  0)
545425648  21099944 1080642576  0.058  0.059   30.954   31.364    0    0  (Gen:  0)
559958368  21095512 1088626760  0.048  0.048   31.564   31.991    0    0  (Gen:  0)
553085728  21095520 1103145648  0.051  0.051   32.138   32.548    0    0  (Gen:  0)
547225952  21095952 1110607728  0.058  0.058   32.702   33.112    0    0  (Gen:  0)
556608896  21096552 1118556832  0.049  0.049   33.308   33.733    0    0  (Gen:  0)
549228720  20405136 1132382512  0.049  0.049   33.880   34.288    0    0  (Gen:  0)
547499016  20405720 1140049880  0.057  0.057   34.449   34.857    0    0  (Gen:  0)
563210952  22568320 1148488504  0.050  0.050   35.056   35.480    0    0  (Gen:  0)
549527296  20344792 1161562272  0.049  0.049   35.627   36.033    0    0  (Gen:  0)
550339512  20345064 1169837544  0.057  0.057   36.201   36.607    0    0  (Gen:  0)
558838280  20345760 1178480104  0.050  0.050   36.805   37.226    0    0  (Gen:  0)
551921856  20344816 1191030376  0.048  0.048   37.376   37.781    0    0  (Gen:  0)
548642224  20345280 1199481448  0.055  0.055   37.951   38.356    0    0  (Gen:  0)
563155472  20345400 1208340024  0.050  0.051   38.556   38.976    0    0  (Gen:  0)
555297696  20700288 1221149656  0.049  0.049   39.133   39.536    0    0  (Gen:  0)
550947848  23562584 1229801640  0.057  0.057   39.714   40.119    0    0  (Gen:  0)
555934184  22568728 1238421064  0.050  0.050   40.314   40.733    0    0  (Gen:  0)
555650880  22567784 1250964656  0.047  0.047   40.893   41.294    0    0  (Gen:  0)
545140016  23035640 1259235768  0.054  0.054   41.468   41.868    0    0  (Gen:  0)
558914048  22571576 1268285816  0.050  0.050   42.066   42.482    0    0  (Gen:  0)
551321512  22570632 1279722648  0.046  0.046   42.636   43.037    0    0  (Gen:  0)
551791312  22570880 1288906104  0.059  0.059   43.249   43.648    0    0  (Gen:  0)
558383408  22571024 1298226408  0.054  0.054   43.912   44.329    0    0  (Gen:  0)
554336128  22570704 1309348104  0.046  0.046   44.511   44.912    0    0  (Gen:  0)
551091912  22571136 1318796704  0.056  0.056   45.101   45.502    0    0  (Gen:  0)
556581936  22570720 1328088632  0.051  0.051   45.693   46.106    0    0  (Gen:  0)
555092192  22570744 1339017944  0.045  0.045   46.269   46.668    0    0  (Gen:  0)
547655872  22570832 1348863368  0.056  0.056   46.856   47.254    0    0  (Gen:  0)
557264208  22570776 1358045520  0.050  0.051   47.451   47.861    0    0  (Gen:  0)
553055208  22570784 1367998696  0.043  0.044   48.024   48.423    0    0  (Gen:  0)
550377016  22570856 1378813984  0.058  0.058   48.615   49.012    0    0  (Gen:  0)
561622752  22570832 1387943328  0.052  0.052   49.210   49.620    0    0  (Gen:  0)
556738608  22570856 1398581824  0.046  0.046   49.787   50.184    0    0  (Gen:  0)
547669592  22866072 1408758544  0.057  0.057   50.373   50.767    0    0  (Gen:  0)
554824384  22865960 1417920728  0.052  0.052   50.960   51.367    0    0  (Gen:  0)
558262232  22866008 1427815264  0.044  0.044   51.540   51.934    0    0  (Gen:  0)
546009008  22845648 1438714768  0.057  0.057   52.132   52.524    0    0  (Gen:  0)
557399160  22845600 1447822656  0.054  0.054   52.723   53.127    0    0  (Gen:  0)
556758736  22845624 1457064792  0.042  0.042   53.299   53.691    0    0  (Gen:  0)
550608064  22845664 1468693008  0.058  0.058   53.893   54.284    0    0  (Gen:  0)
554315960  22845688 1477809872  0.055  0.055   54.480   54.884    0    0  (Gen:  0)
558087912  22845760 1487200424  0.043  0.043   55.057   55.451    0    0  (Gen:  0)
549807168  22726136 1498548416  0.059  0.059   55.659   56.048    0    0  (Gen:  0)
560956368  24350784 1507754056  0.054  0.054   56.249   56.652    0    0  (Gen:  0)
554828200  24350792 1517185976  0.043  0.043   56.825   57.218    0    0  (Gen:  0)
548014416  24350792 1528484424  0.058  0.058   57.421   57.809    0    0  (Gen:  0)
558138528  24350808 1537705408  0.054  0.054   58.009   58.409    0    0  (Gen:  0)
554919888  24350832 1547178800  0.045  0.045   58.585   58.976    0    0  (Gen:  0)
550504888  24350888 1558359896  0.059  0.059   59.188   59.573    0    0  (Gen:  0)
554005360  24285312 1567608760  0.055  0.055   59.775   60.171    0    0  (Gen:  0)
558900952  24285352 1576952888  0.045  0.045   60.358   60.746    0    0  (Gen:  0)
548881992  22622464 1588312304  0.058  0.058   60.958   61.340    0    0  (Gen:  0)
554551128  22622480 1597555912  0.054  0.054   61.541   61.935    0    0  (Gen:  0)
554046376  19802608 1607168440  0.046  0.046   62.124   62.512    0    0  (Gen:  0)
553190840  22494016 1618164024  0.058  0.058   62.729   63.108    0    0  (Gen:  0)
554813248  22494024 1627453288  0.055  0.055   63.309   63.699    0    0  (Gen:  0)
559742624  22494056 1636787968  0.044  0.044   63.892   64.276    0    0  (Gen:  0)
549070392  22494096 1648006600  0.057  0.057   64.489   64.866    0    0  (Gen:  0)
556174944  22494088 1657445360  0.053  0.054   65.072   65.459    0    0  (Gen:  0)
555943192  22494144 1666363288  0.044  0.044   65.652   66.037    0    0  (Gen:  0)
547405400  22494152 1677716640  0.055  0.055   66.247   66.621    0    0  (Gen:  0)
554467592  22494152 1687993592  0.056  0.056   66.830   67.215    0    0  (Gen:  0)
561678464  19814104 1696764128  0.045  0.046   67.421   67.803    0    0  (Gen:  0)
550091496  19814128 1707795032  0.057  0.057   68.020   68.392    0    0  (Gen:  0)
557310968  19814136 1717965944  0.056  0.056   68.604   68.988    0    0  (Gen:  0)
558195968  19782240 1726643240  0.045  0.046   69.193   69.574    0    0  (Gen:  0)
550760688  19782280 1737825248  0.057  0.057   69.795   70.167    0    0  (Gen:  0)
551595824  19782288 1747952264  0.055  0.055   70.377   70.760    0    0  (Gen:  0)
553355368  19782344 1755844480  0.045  0.045   70.962   71.343    0    0  (Gen:  0)
547839656  19782368 1767153760  0.054  0.054   71.559   71.928    0    0  (Gen:  0)
555636384  19782384 1777851232  0.057  0.057   72.143   72.522    0    0  (Gen:  0)
551992496  19782416 1785656304  0.045  0.046   72.732   73.109    0    0  (Gen:  0)
549953520  21167096 1796711152  0.054  0.054   73.322   73.689    0    0  (Gen:  0)
554520216  24582232 1807790568  0.057  0.057   73.907   74.283    0    0  (Gen:  0)
558459568  24582280 1815477320  0.046  0.046   74.509   74.885    0    0  (Gen:  0)
546940864  24582312 1826355400  0.053  0.053   75.089   75.454    0    0  (Gen:  0)
552280880  24582336 1837763264  0.056  0.056   75.677   76.048    0    0  (Gen:  0)
553910200  24582360 1846052184  0.047  0.047   76.266   76.646    0    0  (Gen:  0)
553173656  24582400 1856161456  0.052  0.052   76.863   77.224    0    0  (Gen:  0)
554212624  24582392 1867711504  0.058  0.058   77.456   77.823    0    0  (Gen:  0)
560577736  20827464 1876001464  0.047  0.047   78.057   78.431    0    0  (Gen:  0)
550734080  20603736 1886174928  0.052  0.052   78.647   79.003    0    0  (Gen:  0)
554140144  24527776 1897700944  0.058  0.058   79.237   79.601    0    0  (Gen:  0)
553993872  20861168 1905951736  0.047  0.048   79.834   80.206    0    0  (Gen:  0)
551686848  20861232 1916027136  0.051  0.051   80.424   80.778    0    0  (Gen:  0)
553276176  20861256 1927768544  0.058  0.058   81.009   81.367    0    0  (Gen:  0)
561061056  21072600 1935981576  0.047  0.047   81.611   81.979    0    0  (Gen:  0)
549243608  21072600 1946068272  0.054  0.055   82.204   82.552    0    0  (Gen:  0)
552582504  21072632 1957739400  0.058  0.058   82.790   83.143    0    0  (Gen:  0)
558760288  20974696 1965789888  0.047  0.047   83.396   83.761    0    0  (Gen:  0)
553565800  20974696 1976084136  0.051  0.051   83.986   84.331    0    0  (Gen:  0)
551814472  20974712 1987720544  0.060  0.060   84.570   84.920    0    0  (Gen:  0)
561439120  20972288 1994351616  3.624  4.225   88.754   89.715    0    0  (Gen:  1)
553573512  20431200 2004380944  0.052  0.052   89.343   90.285    0    0  (Gen:  0)
551085304  20431216 2016061024  0.058  0.058   89.926   90.874    0    0  (Gen:  0)
558267328  20932136 2024131064  0.047  0.047   90.532   91.492    0    0  (Gen:  0)
548764024  20932160 2037774376  0.052  0.052   91.117   92.057    0    0  (Gen:  0)
553619808  24455016 2046071560  0.058  0.058   91.698   92.642    0    0  (Gen:  0)
557698736  24455040 2053896040  0.047  0.047   92.309   93.264    0    0  (Gen:  0)
550152944  24455072 2068140856  0.051  0.051   92.894   93.829    0    0  (Gen:  0)
554940224  24431192 2076124312  0.058  0.058   93.478   94.417    0    0  (Gen:  0)
555067240  24431224 2083891344  0.047  0.047   94.086   95.036    0    0  (Gen:  0)
549077712  21344032 2098730520  0.054  0.054   94.675   95.606    0    0  (Gen:  0)
546662688  21357744 2106105304  0.059  0.060   95.245   96.177    0    0  (Gen:  0)
561600584  21577640 2114152256  0.049  0.050   95.865   96.812    0    0  (Gen:  0)
547832496  21577648 2128324040  0.052  0.052   96.446   97.374    0    0  (Gen:  0)
547233936  21578232 2135793720  0.059  0.059   97.020   97.948    0    0  (Gen:  0)
562530272  21578720 2143976200  0.050  0.050   97.638   98.581    0    0  (Gen:  0)
554884976  21085456 2158351320  0.053  0.053   98.227   99.153    0    0  (Gen:  0)
553145648  21086088 2166016240  0.060  0.060   98.805   99.731    0    0  (Gen:  0)
563064872  22551120 2173959704  0.050  0.050   99.433  100.376    0    0  (Gen:  0)
549698800  22551136 2188379336  0.053  0.054  100.016  100.940    0    0  (Gen:  0)
550987952  22551768 2196006376  0.060  0.060  100.595  101.520    0    0  (Gen:  0)
558392488  22551128 2203950024  0.049  0.050  101.216  102.157    0    0  (Gen:  0)
551438472  22551176 2218144224  0.051  0.051  101.801  102.723    0    0  (Gen:  0)
544026480  23852824 2225584144  0.059  0.060  102.378  103.300    0    0  (Gen:  0)
561383736  22535976 2233969144  0.051  0.051  102.994  103.930    0    0  (Gen:  0)
551077440  22534696 2247139264  0.050  0.050  103.575  104.494    0    0  (Gen:  0)
547899496  22535040 2255185400  0.058  0.058  104.159  105.076    0    0  (Gen:  0)
557394040  22536480 2263959528  0.051  0.051  104.769  105.700    0    0  (Gen:  0)
554699384  20059592 2276307856  0.047  0.048  105.357  106.272    0    0  (Gen:  0)
548029168  23039296 2284856592  0.057  0.058  105.944  106.860    0    0  (Gen:  0)
562450496  23039984 2294019256  0.051  0.051  106.550  107.480    0    0  (Gen:  0)
556532792  20400504 2306098808  0.049  0.049  107.140  108.054    0    0  (Gen:  0)
548515312  20401064 2314932248  0.057  0.057  107.728  108.641    0    0  (Gen:  0)
561369120  20400512 2324029072  0.051  0.051  108.335  109.262    0    0  (Gen:  0)
552699928  19923168 2335617384  0.047  0.047  108.915  109.826    0    0  (Gen:  0)
548897984  22835488 2344677264  0.058  0.058  109.509  110.419    0    0  (Gen:  0)
557448968  22835064 2354017304  0.052  0.052  110.114  111.041    0    0  (Gen:  0)
554042208  22835128 2365083664  0.047  0.047  110.695  111.606    0    0  (Gen:  0)
547676896  22679872 2374490768  0.057  0.058  111.291  112.201    0    0  (Gen:  0)
562673480  22679784 2384075128  0.052  0.052  111.894  112.818    0    0  (Gen:  0)
269363208 2349904472 2388424560  4.016  4.249  116.172  118.054    0    0  (Gen:  1)
   104344   9813656  16776944  0.034  0.261  116.207  118.316    0    0  (Gen:  1)
     1368                      0.000  0.000

  96,751,921,712 bytes allocated in the heap
  10,534,441,536 bytes copied during GC
   2,388,424,560 bytes maximum residency (8 sample(s))
       9,152,656 bytes maximum slop
            2277 MB total memory in use (0 MB lost due to fragmentation)

                                     Tot time (elapsed)  Avg pause  Max pause
  Gen  0       169 colls,     0 par   10.881s  10.993s     0.0650s    0.2580s
  Gen  1         8 colls,     0 par   11.099s  12.676s     1.5845s    4.2485s

  TASKS: 21 (1 bound, 20 peak workers (20 total), using -N4)

  SPARKS: 0 (0 converted, 0 overflowed, 0 dud, 0 GC'd, 0 fizzled)

  INIT    time    0.001s  (  0.005s elapsed)
  MUT     time   94.226s  ( 94.642s elapsed)
  GC      time   21.980s  ( 23.669s elapsed)
  EXIT    time    0.000s  (  0.005s elapsed)
  Total   time  116.207s  (118.321s elapsed)

  Alloc rate    1,026,810,598 bytes per MUT second

  Productivity  81.1% of total user, 80.0% of total elapsed

