bench-hist/getFileExists/ghcide --lsp --cwd bench/example/Cabal-3.0.0.0 +RTS -I0 -qg -A128M -Shover.benchmark-gcStats -I0.5 
    Alloc    Copied     Live     GC     GC      TOT      TOT  Page Flts
    bytes     bytes     bytes   user   elap     user     elap
565833080      2160  20313032  0.050  0.056    0.732    5.969    0    0  (Gen:  0)
551682808  33300296  36789720  0.086  0.100    1.139    6.583    0    0  (Gen:  1)
552646240  28961264  51769136  0.057  0.061    1.554    7.138    0    0  (Gen:  0)
542602368  32850856  71641768  0.071  0.075    1.898    7.655    0    0  (Gen:  0)
544794456  32851480  87789272  0.160  0.181    2.365    8.414    0    0  (Gen:  1)
546316160  32850808 103243368  0.057  0.058    2.751    9.027    0    0  (Gen:  0)
536120216  26900440 116084272  0.051  0.051    3.557    9.453    0    0  (Gen:  0)
543206344  36876968 144645200  0.071  0.071    4.703    9.948    0    0  (Gen:  0)
542240904  82990696 217634960  0.199  0.221    5.585   10.470    0    0  (Gen:  0)
536529128 232067480 260978920  0.461  0.527    6.781   11.245    0    0  (Gen:  1)
524901440  83926200 302377384  0.177  0.178    7.584   11.585    0    0  (Gen:  0)
526625704  83925096 354539848  0.198  0.198    8.329   11.926    0    0  (Gen:  0)
524649040  83930576 401008904  0.204  0.204    9.095   12.274    0    0  (Gen:  0)
525156168 108171008 462270680  0.226  0.240    9.846   12.653    0    0  (Gen:  0)
521201904 110366168 512466128  0.232  0.252   10.610   13.053    0    0  (Gen:  0)
524060904 110359520 552454928  0.951  1.084   12.121   14.283    0    0  (Gen:  1)
527292520 110364104 610503928  0.218  0.220   12.839   14.684    0    0  (Gen:  0)
520228496 110367816 672380624  0.211  0.211   13.338   15.182    0    0  (Gen:  0)
523024936 110365824 730328712  0.182  0.183   13.844   15.689    0    0  (Gen:  0)
529045584 110357512 766799704  0.164  0.165   14.542   16.114    0    0  (Gen:  0)
526795912 110358816 803010832  0.156  0.157   15.320   16.439    0    0  (Gen:  0)
523147640  69331496 836377008  0.154  0.155   15.935   17.009    0    0  (Gen:  0)
530640376  69324168 876650912  0.160  0.160   16.705   17.401    0    0  (Gen:  0)
528366160  69325472 912026312  0.165  0.165   17.497   17.840    0    0  (Gen:  0)
580870600  69324768 935771328  0.127  0.127   18.131   18.426    0    0  (Gen:  0)
570853584  34855544 947190792  0.074  0.074   18.740   19.040    0    0  (Gen:  0)
568770728   7995520 946373600  0.014  0.014   19.312   19.597    0    0  (Gen:  0)
563808960   7995544 948162408  0.006  0.006   19.857   20.131    0    0  (Gen:  0)
565146600   7995552 945923800  0.004  0.004   20.419   20.684    0    0  (Gen:  0)
563279688   7995560 949489584  0.007  0.007   20.959   21.209    0    0  (Gen:  0)
570065192   1627288 946230896  0.005  0.005   21.530   21.780    0    0  (Gen:  0)
566127904   1639832 946161376  0.005  0.005   22.088   22.316    0    0  (Gen:  0)
566894224   1639864 946817944  0.006  0.006   22.641   22.871    0    0  (Gen:  0)
566973104   1753912 946347032  0.005  0.005   23.207   23.417    0    0  (Gen:  0)
563321320   1753960 947897280  0.006  0.006   23.758   23.959    0    0  (Gen:  0)
565974328   1753976 946497360  0.005  0.005   24.318   24.511    0    0  (Gen:  0)
567400976   2562152 949551072  0.007  0.007   24.868   25.043    0    0  (Gen:  0)
565071424   2562144 946126248  0.005  0.005   25.438   25.610    0    0  (Gen:  0)
560216184   2562184 946240352  0.005  0.005   25.987   26.136    0    0  (Gen:  0)
566604800   2562192 946290464  0.005  0.005   26.547   26.700    0    0  (Gen:  0)
564883856   2562232 946243080  0.005  0.005   27.104   27.236    0    0  (Gen:  0)
563688880   2562256 947156016  0.006  0.006   27.652   27.783    0    0  (Gen:  0)
568962168   2562280 946404344  0.005  0.005   28.221   28.334    0    0  (Gen:  0)
564752024   2562304 948172568  0.006  0.006   28.768   28.867    0    0  (Gen:  0)
567765344   2562336 946325768  0.005  0.005   29.333   29.424    0    0  (Gen:  0)
561147808   2327600 949433752  0.007  0.007   29.876   29.949    0    0  (Gen:  0)
571281088   1637592 946231592  0.005  0.005   30.456   30.529    0    0  (Gen:  0)
562220024   1630504 946233688  0.005  0.005   31.008   31.057    0    0  (Gen:  0)
563473880   1630512 946496520  0.005  0.005   31.563   31.613    0    0  (Gen:  0)
562935728   1630520 946317192  0.005  0.005   32.120   32.149    0    0  (Gen:  0)
561771816   1630544 947389512  0.006  0.006   32.672   32.695    0    0  (Gen:  0)
561470232   1630552 946454152  0.005  0.005   33.233   33.241    0    0  (Gen:  0)
562407280   1630632 948030728  0.006  0.006   33.779   33.777    0    0  (Gen:  0)
566303784   1630616 946599456  0.006  0.006   34.347   34.337    0    0  (Gen:  0)
564019560   1630648 949297648  0.007  0.007   34.899   34.870    0    0  (Gen:  0)
567371488   1607968 946195536  0.005  0.005   35.471   35.439    0    0  (Gen:  0)
564021296   1607984 946185320  0.005  0.005   36.029   35.973    0    0  (Gen:  0)
564294592   1608048 946379344  0.006  0.006   36.586   36.533    0    0  (Gen:  0)
565610416   1608048 946313808  0.005  0.005   37.147   37.073    0    0  (Gen:  0)
559934464   1608104 947459552  0.006  0.006   37.694   37.617    0    0  (Gen:  0)
561580432   1608120 946441344  0.005  0.005   38.261   38.166    0    0  (Gen:  0)
563317056   1608128 948187584  0.006  0.006   38.812   38.704    0    0  (Gen:  0)
561540096   1608120 946615736  0.006  0.006   39.378   39.262    0    0  (Gen:  0)
566790488   1608176 949899048  0.008  0.008   39.928   39.796    0    0  (Gen:  0)
569606016   1608176 946230032  0.005  0.005   40.506   40.374    0    0  (Gen:  0)
560785480   1625960 946298648  0.005  0.005   41.062   40.905    0    0  (Gen:  0)
565883888   1625968 946586296  0.006  0.006   41.618   41.462    0    0  (Gen:  0)
563275816   1625968 946376560  0.005  0.005   42.179   42.001    0    0  (Gen:  0)
563742816   1626024 947574120  0.005  0.005   42.734   42.546    0    0  (Gen:  0)
566236200   1826648 946504184  0.005  0.005   43.294   43.095    0    0  (Gen:  0)
561337440   2265728 948826680  0.007  0.007   43.841   43.630    0    0  (Gen:  0)
563604632   1487648 946095672  0.005  0.005   44.410   44.189    0    0  (Gen:  0)
570671720   1546544 949262256  0.005  0.005   44.967   44.721    0    0  (Gen:  0)
568607056   1546584 946331968  0.005  0.005   45.536   45.293    0    0  (Gen:  0)
567641008   1546600 946312856  0.005  0.005   46.100   45.834    0    0  (Gen:  0)
563149480   1546656 947012832  0.006  0.006   46.650   46.388    0    0  (Gen:  0)
567075912   1546656 946478704  0.006  0.006   47.224   46.943    0    0  (Gen:  0)
560809520   1962784 947956808  0.006  0.006   47.779   47.487    0    0  (Gen:  0)
567805704   1962784 946599368  0.006  0.006   48.350   48.048    0    0  (Gen:  0)
566352472   1962840 949973256  0.009  0.009   48.904   48.584    0    0  (Gen:  0)
568835952   1962840 946310168  0.005  0.005   49.484   49.160    0    0  (Gen:  0)
564315992   1962848 946296016  0.005  0.005   50.044   49.696    0    0  (Gen:  0)
565331472   1962864 946557600  0.005  0.005   50.605   50.261    0    0  (Gen:  0)
565756448   1962856 946403680  0.005  0.005   51.168   50.803    0    0  (Gen:  0)
557727856   1962888 947299832  0.006  0.006   51.709   51.345    0    0  (Gen:  0)
567971848   1962936 946570048  0.006  0.006   52.289   51.905    0    0  (Gen:  0)
558442408   1962952 948257056  0.006  0.006   52.836   52.440    0    0  (Gen:  0)
564772120   1962960 946726952  0.006  0.006   53.403   52.998    0    0  (Gen:  0)
562719256   1962976 949709792  0.008  0.008   53.951   53.527    0    0  (Gen:  0)
566689112   1962968 946302712  0.005  0.005   54.528   54.101    0    0  (Gen:  0)
563435128   1962960 946429392  0.005  0.005   55.086   54.633    0    0  (Gen:  0)
562428592   1693664 946484192  0.005  0.005   55.645   55.194    0    0  (Gen:  0)
567958264   1693704 946466048  0.005  0.005   56.212   55.738    0    0  (Gen:  0)
564873256   1693728 947329976  0.006  0.006   56.760   56.284    0    0  (Gen:  0)
566027336   1693752 946647096  0.006  0.006   57.335   56.840    0    0  (Gen:  0)
564407088   2034992 948544248  0.006  0.006   57.889   57.382    0    0  (Gen:  0)
564884624   2035040 946973584  0.006  0.006   58.463   57.948    0    0  (Gen:  0)
565193840   2035072 949969968  0.007  0.007   59.016   58.478    0    0  (Gen:  0)
571986872   2035064 946452728  0.005  0.005   59.596   59.059    0    0  (Gen:  0)
568974408   2035072 946438792  0.005  0.005   60.173   59.613    0    0  (Gen:  0)
560776520   2035096 947086008  0.006  0.006   60.736   60.177    0    0  (Gen:  0)
562099784   2035088 946600312  0.005  0.005   61.302   60.720    0    0  (Gen:  0)
564331040   2035096 947937440  0.006  0.006   61.860   61.268    0    0  (Gen:  0)
272227424 858851464 894635072  1.479  1.712   63.604   63.897    0    0  (Gen:  1)
   100744   9783568  16112280  0.021  0.094   63.625   63.993    0    0  (Gen:  1)
     1368                      0.000  0.000

  57,738,885,816 bytes allocated in the heap
   3,021,596,056 bytes copied during GC
     894,635,072 bytes maximum residency (6 sample(s))
       4,625,344 bytes maximum slop
             853 MB total memory in use (0 MB lost due to fragmentation)

                                     Tot time (elapsed)  Avg pause  Max pause
  Gen  0        99 colls,     0 par    3.648s   3.725s     0.0376s    0.2522s
  Gen  1         6 colls,     0 par    3.159s   3.697s     0.6162s    1.7118s

  TASKS: 20 (1 bound, 19 peak workers (19 total), using -N4)

  SPARKS: 0 (0 converted, 0 overflowed, 0 dud, 0 GC'd, 0 fizzled)

  INIT    time    0.001s  (  0.006s elapsed)
  MUT     time   56.817s  ( 56.564s elapsed)
  GC      time    6.807s  (  7.422s elapsed)
  EXIT    time    0.000s  (  0.013s elapsed)
  Total   time   63.626s  ( 64.006s elapsed)

  Alloc rate    1,016,226,028 bytes per MUT second

  Productivity  89.3% of total user, 88.4% of total elapsed

