bench-hist/hashmap/ghcide --lsp --cwd bench/example/Cabal-3.0.0.0 +RTS -I0 -qg -A128M -Scode_actions.benchmark-gcStats -I0.5 
    Alloc    Copied     Live     GC     GC      TOT      TOT  Page Flts
    bytes     bytes     bytes   user   elap     user     elap
544994864  24479392  27065584  0.068  0.076    0.662    6.011    0    0  (Gen:  0)
538635568  24483344  42672208  0.095  0.110    1.031    6.712    0    0  (Gen:  1)
537240632  30333992  60064848  0.060  0.062    1.363    7.140    0    0  (Gen:  0)
529709832  30334032  80579920  0.078  0.084    1.666    7.562    0    0  (Gen:  0)
536988584  88242120  94641600  0.171  0.194    2.103    8.261    0    0  (Gen:  1)
533437552  88240920 111704712  0.060  0.061    2.418    8.716    0    0  (Gen:  0)
530483400  88239920 126036064  0.057  0.057    3.396    9.241    0    0  (Gen:  0)
545633712  88244008 207521640  0.181  0.195    4.447    9.853    0    0  (Gen:  0)
535883952  88249160 257634472  0.235  0.266    5.403   10.310    0    0  (Gen:  0)
526418248  88246360 293116832  0.509  0.568    6.499   11.080    0    0  (Gen:  1)
524278664  88244896 347220448  0.205  0.206    7.234   11.421    0    0  (Gen:  0)
526771720  88243312 392809888  0.199  0.200    7.955   11.755    0    0  (Gen:  0)
523131168 105604264 453551024  0.212  0.213    8.699   12.105    0    0  (Gen:  0)
525933152 115892696 510083744  0.239  0.254    9.511   12.507    0    0  (Gen:  0)
519966976 115888800 560545768  0.222  0.237   10.283   12.884    0    0  (Gen:  0)
524360392 115889296 604390000  1.060  1.212   11.905   14.247    0    0  (Gen:  1)
525974824 115898392 661340744  0.202  0.202   12.474   14.689    0    0  (Gen:  0)
517374768 115884840 721195104  0.179  0.179   12.934   15.150    0    0  (Gen:  0)
525931080 115887352 760687712  0.172  0.173   13.593   15.608    0    0  (Gen:  0)
524625072  69757088 797778416  0.154  0.155   14.376   15.946    0    0  (Gen:  0)
529535824  69758096 831877336  0.160  0.160   15.038   16.468    0    0  (Gen:  0)
525802960  69753800 872450504  0.165  0.166   15.742   16.883    0    0  (Gen:  0)
522857056  69753192 908068504  0.165  0.166   16.561   17.232    0    0  (Gen:  0)
562237000  69751888 935327176  0.138  0.139   17.231   17.827    0    0  (Gen:  0)
543181512  37431880 945928200  0.070  0.070   17.809   18.351    0    0  (Gen:  0)
535166144  37431832 953147784  0.023  0.023   18.235   18.704    0    0  (Gen:  0)
538769808  37431832 960496176  0.012  0.012   18.656   19.053    0    0  (Gen:  0)
458863592 874570792 904892504  1.526  1.750   20.531   21.777    0    0  (Gen:  1)
   104504  11579104  17665944  0.023  0.104   20.554   21.882    0    0  (Gen:  1)
     1584                      0.000  0.000

  14,814,294,144 bytes allocated in the heap
   2,963,746,600 bytes copied during GC
     904,892,504 bytes maximum residency (6 sample(s))
       4,698,024 bytes maximum slop
             862 MB total memory in use (0 MB lost due to fragmentation)

                                     Tot time (elapsed)  Avg pause  Max pause
  Gen  0        23 colls,     0 par    3.256s   3.353s     0.1458s    0.2656s
  Gen  1         6 colls,     0 par    3.384s   3.937s     0.6562s    1.7497s

  TASKS: 20 (1 bound, 19 peak workers (19 total), using -N4)

  SPARKS: 0 (0 converted, 0 overflowed, 0 dud, 0 GC'd, 0 fizzled)

  INIT    time    0.001s  (  0.006s elapsed)
  MUT     time   13.912s  ( 14.585s elapsed)
  GC      time    6.640s  (  7.290s elapsed)
  EXIT    time    0.000s  (  0.011s elapsed)
  Total   time   20.554s  ( 21.893s elapsed)

  Alloc rate    1,064,834,446 bytes per MUT second

  Productivity  67.7% of total user, 66.6% of total elapsed

