bench-hist/hashmap/ghcide --lsp --cwd bench/example/Cabal-3.0.0.0 +RTS -I0 -qg -A128M -SdocumentSymbols_after_edit.benchmark-gcStats -I0.5 
    Alloc    Copied     Live     GC     GC      TOT      TOT  Page Flts
    bytes     bytes     bytes   user   elap     user     elap
543902088      2160  26938176  0.067  0.074    0.660    5.930    0    0  (Gen:  0)
543180512  38507648  42694712  0.096  0.111    1.035    6.625    0    0  (Gen:  1)
535775344  38507000  60065440  0.061  0.063    1.368    7.052    0    0  (Gen:  0)
529462008  36067648  80605872  0.079  0.085    1.672    7.473    0    0  (Gen:  0)
539026416  36068856  94576152  0.172  0.194    2.112    8.173    0    0  (Gen:  1)
530318016  29880992 111560928  0.060  0.060    2.426    8.626    0    0  (Gen:  0)
531209472  30226296 125813392  0.057  0.057    3.407    9.154    0    0  (Gen:  0)
545326280  30230192 208084096  0.185  0.198    4.478    9.777    0    0  (Gen:  0)
535510192  30232648 258589296  0.247  0.278    5.423   10.262    0    0  (Gen:  0)
523573648  30230904 297446336  0.544  0.603    6.557   11.031    0    0  (Gen:  1)
525687144  30232696 340334848  0.188  0.189    7.314   11.367    0    0  (Gen:  0)
522716872  85308184 383984992  0.174  0.174    8.021   11.678    0    0  (Gen:  0)
523168672  85308664 441746784  0.207  0.208    8.786   12.029    0    0  (Gen:  0)
526090864  85312088 493008560  0.221  0.228    9.615   12.413    0    0  (Gen:  0)
529705624  85308248 547813288  0.232  0.247   10.340   12.816    0    0  (Gen:  0)
525533512  85306272 607507768  0.241  0.259   11.048   13.251    0    0  (Gen:  0)
518986328  85318712 655306424  1.138  1.300   12.459   14.824    0    0  (Gen:  1)
517355768  85304296 714955880  0.187  0.187   12.927   15.292    0    0  (Gen:  0)
524137048  85306816 754019680  0.169  0.169   13.583   15.746    0    0  (Gen:  0)
527583616  85310896 789450688  0.147  0.147   14.346   16.074    0    0  (Gen:  0)
526482144  71059152 825337744  0.157  0.158   15.000   16.618    0    0  (Gen:  0)
528992976  75458376 864868016  0.164  0.165   15.717   17.034    0    0  (Gen:  0)
523540056  79176528 902078952  0.165  0.165   16.510   17.428    0    0  (Gen:  0)
564380800  79176168 929113344  0.138  0.138   17.168   18.022    0    0  (Gen:  0)
559429784  79174200 950428512  0.091  0.091   17.568   18.427    0    0  (Gen:  0)
558608696  43328464 973222872  0.077  0.077   17.908   18.783    0    0  (Gen:  0)
559604744  43328488 995459840  0.076  0.077   18.247   19.139    0    0  (Gen:  0)
559971784  43328456 1017679888  0.075  0.075   18.589   19.497    0    0  (Gen:  0)
559315360  42083432 1039760144  0.075  0.076   18.927   19.849    0    0  (Gen:  0)
556824048  42083440 1062661736  0.077  0.077   19.263   20.200    0    0  (Gen:  0)
562950864  42083440 1085298152  0.077  0.077   19.604   20.555    0    0  (Gen:  0)
559041088  43231240 1108128568  0.077  0.077   19.941   20.907    0    0  (Gen:  0)
568306784  42630656 1130418912  0.077  0.077   20.287   21.269    0    0  (Gen:  0)
565994496  41980112 1152501032  0.074  0.074   20.634   21.633    0    0  (Gen:  0)
562162864  42445736 1175318680  0.081  0.083   20.984   22.002    0    0  (Gen:  0)
561643432  42445752 1198040688  0.086  0.094   21.342   22.382    0    0  (Gen:  0)
567817152  43103784 1220472912  0.087  0.095   21.695   22.757    0    0  (Gen:  0)
562000304 1167492360 1215724032  2.035  2.355   23.996   25.392    0    0  (Gen:  1)
557989496 1167492360 1238079688  0.077  0.077   24.336   25.746    0    0  (Gen:  0)
561226632 1167492344 1260571584  0.079  0.079   24.680   26.105    0    0  (Gen:  0)
563000288 1167492344 1282902976  0.077  0.077   25.020   26.459    0    0  (Gen:  0)
402816912 1198184016 1250311424  1.743  1.786   27.096   29.276    0    0  (Gen:  1)
   103632  11581648  17660424  0.025  0.138   27.121   29.415    0    0  (Gen:  1)
     2440                      0.000  0.000

  22,690,456,200 bytes allocated in the heap
   7,873,823,712 bytes copied during GC
   1,250,311,424 bytes maximum residency (7 sample(s))
      12,154,368 bytes maximum slop
            1192 MB total memory in use (0 MB lost due to fragmentation)

                                     Tot time (elapsed)  Avg pause  Max pause
  Gen  0        36 colls,     0 par    4.409s   4.535s     0.1260s    0.2776s
  Gen  1         7 colls,     0 par    5.752s   6.487s     0.9267s    2.3553s

  TASKS: 20 (1 bound, 19 peak workers (19 total), using -N4)

  SPARKS: 0 (0 converted, 0 overflowed, 0 dud, 0 GC'd, 0 fizzled)

  INIT    time    0.001s  (  0.006s elapsed)
  MUT     time   16.959s  ( 18.388s elapsed)
  GC      time   10.161s  ( 11.022s elapsed)
  EXIT    time    0.000s  (  0.014s elapsed)
  Total   time   27.122s  ( 29.429s elapsed)

  Alloc rate    1,337,943,546 bytes per MUT second

  Productivity  62.5% of total user, 62.5% of total elapsed

