bench-hist/hashmap/ghcide --lsp --cwd bench/example/Cabal-3.0.0.0 +RTS -I0 -qg -A128M -Sedit.benchmark-gcStats -I0.5 
    Alloc    Copied     Live     GC     GC      TOT      TOT  Page Flts
    bytes     bytes     bytes   user   elap     user     elap
542650896      2160  26956056  0.068  0.075    0.660    5.998    0    0  (Gen:  0)
538823512  38431024  42587888  0.095  0.111    1.038    6.626    0    0  (Gen:  1)
537317464  38430312  59897880  0.061  0.063    1.372    7.054    0    0  (Gen:  0)
528506192  38430352  80441464  0.079  0.085    1.677    7.476    0    0  (Gen:  0)
534328568  38431576  94471072  0.172  0.195    2.115    8.173    0    0  (Gen:  1)
533627536  38430368 111497512  0.061  0.062    2.434    8.635    0    0  (Gen:  0)
529224792  38429432 125632616  0.057  0.057    3.404    9.162    0    0  (Gen:  0)
549211056  38433400 219849904  0.205  0.222    4.456    9.748    0    0  (Gen:  0)
524612856 110347784 259645648  0.239  0.267    5.298   10.190    0    0  (Gen:  0)
523353552 110349840 296556808  0.523  0.578    6.404   10.921    0    0  (Gen:  1)
524018760 110344240 340567296  0.189  0.190    7.188   11.265    0    0  (Gen:  0)
528259416 110343352 381765016  0.201  0.205    7.918   11.611    0    0  (Gen:  0)
526463904 110343056 444849864  0.263  0.301    8.760   12.126    0    0  (Gen:  0)
527367032 110344928 487211200  0.255  0.298    9.638   12.691    0    0  (Gen:  0)
523983272  95582240 538982728  0.250  0.267   10.479   13.140    0    0  (Gen:  0)
524271608  95580072 607845464  0.301  0.328   11.180   13.732    0    0  (Gen:  0)
518926520  95591976 655186456  1.268  1.458   12.756   15.501    0    0  (Gen:  1)
517345400  95577648 714822112  0.204  0.205   13.269   16.016    0    0  (Gen:  0)
522822800  95580128 753835536  0.168  0.168   13.980   16.502    0    0  (Gen:  0)
522143176  95583912 789865880  0.151  0.152   14.735   16.844    0    0  (Gen:  0)
527518960  95583600 824507720  0.160  0.161   15.387   17.384    0    0  (Gen:  0)
525834120  95583136 864849192  0.166  0.166   16.111   17.803    0    0  (Gen:  0)
528477072  79913008 901878648  0.169  0.169   16.928   18.150    0    0  (Gen:  0)
569453296  79911224 928441488  0.141  0.142   17.597   18.751    0    0  (Gen:  0)
536132752  79909728 941287224  0.078  0.078   18.236   19.358    0    0  (Gen:  0)
535206848  26308440 952456392  0.056  0.056   18.837   19.942    0    0  (Gen:  0)
540781576  26311496 964823616  0.054  0.054   19.428   20.518    0    0  (Gen:  0)
537364816  26308328 976765928  0.053  0.053   20.086   21.177    0    0  (Gen:  0)
539194832  26308432 987554096  0.052  0.053   20.695   21.762    0    0  (Gen:  0)
538371872  23653680 998546152  0.051  0.052   21.293   22.331    0    0  (Gen:  0)
535993792  23653752 1012603464  0.060  0.060   21.914   22.925    0    0  (Gen:  0)
539538680  26900200 1023744720  0.058  0.058   22.514   23.507    0    0  (Gen:  0)
543133720  26904328 1035582064  0.056  0.056   23.136   24.122    0    0  (Gen:  0)
536477792  26899944 1047060504  0.051  0.051   23.747   24.728    0    0  (Gen:  0)
538173904  24016152 1058535840  0.052  0.052   24.343   25.295    0    0  (Gen:  0)
537147400  25003712 1070298664  0.055  0.055   24.949   25.873    0    0  (Gen:  0)
533746984  25004136 1082761112  0.057  0.057   25.567   26.462    0    0  (Gen:  0)
539826440  25003800 1094524208  0.056  0.056   26.161   27.038    0    0  (Gen:  0)
542429120  24981912 1106200184  0.053  0.053   26.795   27.669    0    0  (Gen:  0)
539132800  24981976 1117367600  0.051  0.051   27.407   28.257    0    0  (Gen:  0)
537703248  24981976 1128918408  0.052  0.052   27.998   28.826    0    0  (Gen:  0)
539721488  24981976 1141622144  0.057  0.057   28.626   29.419    0    0  (Gen:  0)
537921192  24982496 1152862144  0.057  0.057   29.232   30.006    0    0  (Gen:  0)
544659312  26085320 1165187120  0.055  0.055   29.840   30.601    0    0  (Gen:  0)
537701424  26082856 1176818088  0.053  0.053   30.473   31.229    0    0  (Gen:  0)
538148680  23540472 1187759816  0.052  0.052   31.093   31.825    0    0  (Gen:  0)
540353984  23540464 1199960888  0.054  0.054   31.702   32.404    0    0  (Gen:  0)
532466824 1156489232 1192704928  2.049  2.378   34.313   35.316    0    0  (Gen:  1)
541057280  26094368 1204078688  0.059  0.059   34.904   35.893    0    0  (Gen:  0)
540846608  26094304 1215602680  0.055  0.055   35.527   36.516    0    0  (Gen:  0)
537724496  26094328 1227046480  0.052  0.052   36.127   37.107    0    0  (Gen:  0)
538451264  26094328 1238470672  0.053  0.053   36.724   37.680    0    0  (Gen:  0)
540601992  26094320 1251011504  0.058  0.058   37.339   38.273    0    0  (Gen:  0)
536849216  26094488 1261997472  0.056  0.057   37.951   38.867    0    0  (Gen:  0)
541124520  26094384 1274490056  0.055  0.055   38.540   39.442    0    0  (Gen:  0)
540298136  26094424 1286437960  0.053  0.053   39.188   40.095    0    0  (Gen:  0)
536831016  26094464 1297292560  0.052  0.052   39.793   40.677    0    0  (Gen:  0)
540481480  26094512 1307933936  0.052  0.053   40.402   41.265    0    0  (Gen:  0)
538219848  26094560 1322441672  0.061  0.061   41.025   41.867    0    0  (Gen:  0)
534451680  26094768 1333273160  0.059  0.059   41.615   42.444    0    0  (Gen:  0)
538567792  26098384 1345111384  0.056  0.056   42.222   43.044    0    0  (Gen:  0)
541207368  26094648 1356833640  0.053  0.053   42.850   43.672    0    0  (Gen:  0)
539202776  23607040 1367764944  0.052  0.052   43.444   44.243    0    0  (Gen:  0)
537397344  23607056 1379972016  0.054  0.055   44.046   44.821    0    0  (Gen:  0)
536024304  23607144 1393316840  0.061  0.062   44.663   45.414    0    0  (Gen:  0)
534417240  23607256 1404169024  0.058  0.058   45.252   45.990    0    0  (Gen:  0)
543991424  23607168 1415832976  0.055  0.055   45.877   46.614    0    0  (Gen:  0)
538561464  23607128 1427325064  0.052  0.053   46.485   47.215    0    0  (Gen:  0)
537250976  23607152 1438455008  0.053  0.053   47.085   47.790    0    0  (Gen:  0)
538348888  23607152 1450846352  0.056  0.056   47.694   48.377    0    0  (Gen:  0)
538514320  26212744 1462290480  0.058  0.058   48.307   48.969    0    0  (Gen:  0)
540097680  26212272 1474763328  0.056  0.056   48.894   49.544    0    0  (Gen:  0)
541104760  24973896 1486616680  0.054  0.054   49.540   50.192    0    0  (Gen:  0)
537117616  24973944 1497590000  0.052  0.052   50.135   50.763    0    0  (Gen:  0)
540008288  24973936 1508210848  0.052  0.052   50.736   51.341    0    0  (Gen:  0)
538779368  26925384 1522726232  0.061  0.061   51.359   51.942    0    0  (Gen:  0)
537296888  27246768 1533739256  0.060  0.060   51.956   52.526    0    0  (Gen:  0)
542983544  27246488 1545617400  0.056  0.056   52.574   53.140    0    0  (Gen:  0)
539868032  27246544 1557193776  0.053  0.053   53.194   53.754    0    0  (Gen:  0)
537599400  27246576 1568712424  0.053  0.054   53.792   54.329    0    0  (Gen:  0)
541327232  27246640 1580831528  0.057  0.057   54.404   54.919    0    0  (Gen:  0)
538741568  27246856 1592571456  0.058  0.058   55.023   55.517    0    0  (Gen:  0)
540928288  27246680 1604796728  0.057  0.057   55.615   56.097    0    0  (Gen:  0)
537941824  27246680 1616452616  0.055  0.055   56.254   56.736    0    0  (Gen:  0)
539854728  27246728 1627547352  0.052  0.052   56.861   57.323    0    0  (Gen:  0)
538312352  27246736 1638754904  0.053  0.053   57.454   57.896    0    0  (Gen:  0)
538425184  26709472 1652485184  0.061  0.061   58.081   58.503    0    0  (Gen:  0)
539151352  27169832 1663670032  0.060  0.060   58.682   59.091    0    0  (Gen:  0)
543556584  27172424 1675576568  0.057  0.057   59.300   59.704    0    0  (Gen:  0)
537935280  27169528 1687180736  0.054  0.054   59.921   60.327    0    0  (Gen:  0)
536831824  27169608 1698263376  0.052  0.052   60.517   60.899    0    0  (Gen:  0)
537803232  27169624 1710492000  0.056  0.056   61.126   61.485    0    0  (Gen:  0)
539767536  27169848 1723163256  0.059  0.059   61.749   62.087    0    0  (Gen:  0)
541844800  27169680 1734875992  0.057  0.057   62.344   62.669    0    0  (Gen:  0)
542962776  24990144 1746621816  0.054  0.054   62.987   63.313    0    0  (Gen:  0)
539457928  24990176 1757694912  0.053  0.053   63.594   63.900    0    0  (Gen:  0)
539665368  24990200 1768944168  0.053  0.053   64.186   64.471    0    0  (Gen:  0)
540749744  24990216 1782823808  0.061  0.061   64.816   65.081    0    0  (Gen:  0)
535628640  27032512 1793700088  0.060  0.060   65.417   65.668    0    0  (Gen:  0)
543815624  27036176 1805764256  0.057  0.057   66.035   66.280    0    0  (Gen:  0)
539182440  27032304 1817355336  0.054  0.054   66.659   66.900    0    0  (Gen:  0)
532758728  27032320 1828268976  0.053  0.053   67.254   67.471    0    0  (Gen:  0)
538499688  27032312 1840345792  0.055  0.055   67.859   68.053    0    0  (Gen:  0)
534927672  27177184 1853573176  0.062  0.062   68.484   68.655    0    0  (Gen:  0)
540332072  27177160 1864901264  0.059  0.059   69.081   69.238    0    0  (Gen:  0)
543367088  27177048 1876456112  0.055  0.056   69.715   69.872    0    0  (Gen:  0)
535590432  27177080 1887925400  0.052  0.053   70.322   70.472    0    0  (Gen:  0)
538407696  27177096 1899163216  0.054  0.054   70.923   71.048    0    0  (Gen:  0)
533440728  27177080 1911079408  0.055  0.056   71.527   71.631    0    0  (Gen:  0)
538680272  27177128 1923706984  0.060  0.060   72.144   72.226    0    0  (Gen:  0)
541054672  27177104 1935471224  0.057  0.057   72.735   72.803    0    0  (Gen:  0)
536304400  24879848 1947077976  0.054  0.054   73.368   73.436    0    0  (Gen:  0)
541218632  24879856 1958174040  0.052  0.052   73.979   74.028    0    0  (Gen:  0)
536590752  24879888 1969631160  0.054  0.054   74.572   74.600    0    0  (Gen:  0)
539325880  24879888 1982844168  0.061  0.061   75.198   75.199    0    0  (Gen:  0)
523394128 1940056456 1992178360  3.342  3.808   79.087   80.263    0    0  (Gen:  1)
   104616  11577584  17623328  0.041  0.228   79.128   80.492    0    0  (Gen:  1)
     1576                      0.000  0.000

  62,283,031,584 bytes allocated in the heap
   7,349,932,600 bytes copied during GC
   1,992,178,360 bytes maximum residency (7 sample(s))
       8,262,984 bytes maximum slop
            1899 MB total memory in use (0 MB lost due to fragmentation)

                                     Tot time (elapsed)  Avg pause  Max pause
  Gen  0       110 colls,     0 par    8.392s   8.601s     0.0782s    0.3281s
  Gen  1         7 colls,     0 par    7.490s   8.757s     1.2511s    3.8079s

  TASKS: 21 (1 bound, 20 peak workers (20 total), using -N4)

  SPARKS: 0 (0 converted, 0 overflowed, 0 dud, 0 GC'd, 0 fizzled)

  INIT    time    0.001s  (  0.006s elapsed)
  MUT     time   63.244s  ( 63.128s elapsed)
  GC      time   15.882s  ( 17.359s elapsed)
  EXIT    time    0.000s  (  0.011s elapsed)
  Total   time   79.128s  ( 80.503s elapsed)

  Alloc rate    984,805,522 bytes per MUT second

  Productivity  79.9% of total user, 78.4% of total elapsed

