bench-hist/hashmap/ghcide --lsp --cwd bench/example/Cabal-3.0.0.0 +RTS -I0 -qg -A128M -SgetDefinition.benchmark-gcStats -I0.5 
    Alloc    Copied     Live     GC     GC      TOT      TOT  Page Flts
    bytes     bytes     bytes   user   elap     user     elap
544382096      2160  27009152  0.068  0.076    0.661    6.092    0    0  (Gen:  0)
538757328  38469984  42618984  0.096  0.111    1.034    6.712    0    0  (Gen:  1)
536330920  38469312  59903064  0.061  0.063    1.370    7.141    0    0  (Gen:  0)
526011544  38469744  80392936  0.079  0.085    1.670    7.560    0    0  (Gen:  0)
538366312  38470600  94444688  0.170  0.194    2.107    8.251    0    0  (Gen:  1)
532486752  30025088 111552112  0.060  0.061    2.425    8.756    0    0  (Gen:  0)
527922416  30096760 126189712  0.056  0.056    3.397    9.282    0    0  (Gen:  0)
547950656  81173192 214931576  0.189  0.204    4.451    9.862    0    0  (Gen:  0)
523315280  81175376 258624456  0.235  0.262    5.326   10.293    0    0  (Gen:  0)
529544048  81181488 291184136  0.509  0.564    6.449   11.040    0    0  (Gen:  1)
527649920  81173920 339341136  0.191  0.191    7.242   11.385    0    0  (Gen:  0)
526278472  81177296 394057952  0.213  0.214    8.031   11.748    0    0  (Gen:  0)
525210504  81171752 454532408  0.229  0.230    8.787   12.113    0    0  (Gen:  0)
526465536  81176712 501501016  0.217  0.229    9.524   12.479    0    0  (Gen:  0)
527530064 115228488 569462184  0.243  0.259   10.142   12.900    0    0  (Gen:  0)
525368392 115228968 618622896  0.235  0.256   10.860   13.319    0    0  (Gen:  0)
521428760 115226408 655873784  1.112  1.268   12.412   14.764    0    0  (Gen:  1)
517368568 115216472 715766176  0.178  0.178   12.875   15.228    0    0  (Gen:  0)
525193448 115218832 754682336  0.170  0.171   13.538   15.685    0    0  (Gen:  0)
526861336 115229752 790649080  0.149  0.149   14.293   16.013    0    0  (Gen:  0)
523800824  70720272 825338936  0.155  0.155   14.935   16.582    0    0  (Gen:  0)
526519376  70721928 865477832  0.164  0.165   15.649   16.995    0    0  (Gen:  0)
520578152  70720624 902069040  0.163  0.164   16.442   17.352    0    0  (Gen:  0)
564400480  70720232 929115384  0.138  0.138   17.107   17.954    0    0  (Gen:  0)
542138816  70719336 936556848  0.066  0.066   17.757   18.580    0    0  (Gen:  0)
537884440  70718592 936303632  0.019  0.019   18.410   19.204    0    0  (Gen:  0)
533327400  70718656 936143608  0.009  0.009   19.079   19.872    0    0  (Gen:  0)
534532880  70718712 937335664  0.009  0.009   19.750   20.541    0    0  (Gen:  0)
530073016  70718728 938278872  0.009  0.009   20.371   21.152    0    0  (Gen:  0)
529821032  70718768 938946208  0.009  0.009   21.005   21.761    0    0  (Gen:  0)
537487000  70718784 940186600  0.010  0.010   21.634   22.371    0    0  (Gen:  0)
532220600  70718824 939592544  0.008  0.008   22.272   22.988    0    0  (Gen:  0)
533777840  70718864 940545952  0.008  0.008   22.921   23.631    0    0  (Gen:  0)
533725064  70718896 941643600  0.009  0.009   23.560   24.260    0    0  (Gen:  0)
533606680  70718944 942342568  0.008  0.008   24.198   24.872    0    0  (Gen:  0)
534641040  70718968 943498488  0.010  0.010   24.822   25.479    0    0  (Gen:  0)
531060184  70718976 944219288  0.010  0.010   25.453   26.087    0    0  (Gen:  0)
533894312  70719000 943828536  0.008  0.008   26.105   26.723    0    0  (Gen:  0)
535551176   3178840 944979368  0.009  0.009   26.753   27.364    0    0  (Gen:  0)
532133936   3178880 945954088  0.009  0.009   27.380   27.979    0    0  (Gen:  0)
536396496   3386584 946700336  0.009  0.009   28.020   28.594    0    0  (Gen:  0)
535142504   3386656 948170640  0.011  0.011   28.650   29.202    0    0  (Gen:  0)
534440064   3386728 947300992  0.008  0.008   29.301   29.835    0    0  (Gen:  0)
532811392   3386824 948317720  0.009  0.009   29.951   30.477    0    0  (Gen:  0)
531450808   3386864 949424160  0.009  0.009   30.584   31.098    0    0  (Gen:  0)
533231400   3303264 950090400  0.009  0.009   31.222   31.710    0    0  (Gen:  0)
532485832   3303328 950890944  0.009  0.009   31.848   32.320    0    0  (Gen:  0)
530367080   3303384 952352664  0.011  0.011   32.479   32.930    0    0  (Gen:  0)
536251248   3303432 951514264  0.008  0.008   33.132   33.565    0    0  (Gen:  0)
530703144   3062600 952527488  0.009  0.009   33.776   34.199    0    0  (Gen:  0)
537960640   3406848 953642032  0.009  0.009   34.417   34.828    0    0  (Gen:  0)
534338904   3406888 954351952  0.009  0.009   35.052   35.438    0    0  (Gen:  0)
530242328   4028216 955825544  0.011  0.011   35.676   36.043    0    0  (Gen:  0)
536306656   4028240 954960840  0.007  0.008   36.318   36.658    0    0  (Gen:  0)
535320408   4028336 955905600  0.008  0.008   36.977   37.310    0    0  (Gen:  0)
533155808   3287272 957027456  0.009  0.009   37.623   37.946    0    0  (Gen:  0)
534696696   3287304 957884552  0.009  0.009   38.264   38.563    0    0  (Gen:  0)
534137576   3541376 958866984  0.010  0.010   38.898   39.178    0    0  (Gen:  0)
534167392   3541416 959525552  0.010  0.010   39.534   39.795    0    0  (Gen:  0)
535310288   3541416 959305776  0.008  0.008   40.192   40.438    0    0  (Gen:  0)
532570336   3541448 960430624  0.009  0.009   40.838   41.076    0    0  (Gen:  0)
531298160   3541496 961401664  0.010  0.010   41.465   41.687    0    0  (Gen:  0)
536648680   3541568 962091896  0.010  0.010   42.108   42.305    0    0  (Gen:  0)
533241224   3541608 963667784  0.011  0.012   42.737   42.913    0    0  (Gen:  0)
535331584   3541656 962759880  0.008  0.008   43.394   43.551    0    0  (Gen:  0)
535775888   3541720 963869928  0.009  0.009   44.049   44.197    0    0  (Gen:  0)
535900760   3419096 964924032  0.009  0.009   44.684   44.817    0    0  (Gen:  0)
532149592   3419120 965647480  0.009  0.009   45.326   45.436    0    0  (Gen:  0)
533192152   3419120 966951816  0.011  0.011   45.958   46.047    0    0  (Gen:  0)
533760720   3419120 966239760  0.008  0.008   46.603   46.671    0    0  (Gen:  0)
534642224   2991352 967188136  0.009  0.009   47.259   47.326    0    0  (Gen:  0)
531115928   2991368 968289384  0.009  0.009   47.905   47.962    0    0  (Gen:  0)
 79601104 911643872 942088960  1.496  1.683   49.476   50.379    0    0  (Gen:  1)
   100416  11585872  17701008  0.023  0.101   49.499   50.480    0    0  (Gen:  1)
     1584                      0.000  0.000

  38,439,843,616 bytes allocated in the heap
   3,786,332,520 bytes copied during GC
     942,088,960 bytes maximum residency (6 sample(s))
       5,430,528 bytes maximum slop
             898 MB total memory in use (0 MB lost due to fragmentation)

                                     Tot time (elapsed)  Avg pause  Max pause
  Gen  0        68 colls,     0 par    3.699s   3.811s     0.0561s    0.2619s
  Gen  1         6 colls,     0 par    3.406s   3.921s     0.6536s    1.6832s

  TASKS: 22 (1 bound, 21 peak workers (21 total), using -N4)

  SPARKS: 0 (0 converted, 0 overflowed, 0 dud, 0 GC'd, 0 fizzled)

  INIT    time    0.001s  (  0.006s elapsed)
  MUT     time   42.393s  ( 42.742s elapsed)
  GC      time    7.105s  (  7.733s elapsed)
  EXIT    time    0.000s  (  0.004s elapsed)
  Total   time   49.500s  ( 50.485s elapsed)

  Alloc rate    906,752,351 bytes per MUT second

  Productivity  85.6% of total user, 84.7% of total elapsed

