bench-hist/hashmap/ghcide --lsp --cwd bench/example/Cabal-3.0.0.0 +RTS -I0 -qg -A128M -Shover.benchmark-gcStats -I0.5 
    Alloc    Copied     Live     GC     GC      TOT      TOT  Page Flts
    bytes     bytes     bytes   user   elap     user     elap
545297832      2160  27117328  0.067  0.075    0.662    6.076    0    0  (Gen:  0)
540183656      6096  42675704  0.094  0.109    1.033    6.694    0    0  (Gen:  1)
532819552      6032  59880712  0.059  0.060    1.364    7.120    0    0  (Gen:  0)
530279976  35965800  81115576  0.077  0.083    1.665    7.539    0    0  (Gen:  0)
540118832  35966984  94580512  0.168  0.192    2.100    8.234    0    0  (Gen:  1)
532484112  35965752 111596208  0.061  0.062    2.418    8.691    0    0  (Gen:  0)
527570040  35964872 125716576  0.056  0.056    3.397    9.217    0    0  (Gen:  0)
546718464  35968792 214013400  0.188  0.203    4.501    9.799    0    0  (Gen:  0)
524168480  35971856 258057432  0.236  0.263    5.360   10.242    0    0  (Gen:  0)
521672648 262035672 290569536  0.504  0.558    6.481   10.973    0    0  (Gen:  1)
523278072 262034840 334547912  0.177  0.178    7.233   11.299    0    0  (Gen:  0)
524095616  96419584 388013488  0.207  0.207    7.974   11.644    0    0  (Gen:  0)
526302248  96418672 441420712  0.210  0.211    8.710   11.990    0    0  (Gen:  0)
523096920 108911648 497908552  0.223  0.233    9.492   12.370    0    0  (Gen:  0)
522809304 108906304 548740112  0.228  0.245   10.259   12.759    0    0  (Gen:  0)
526791408 108906184 606947272  0.233  0.250   10.940   13.178    0    0  (Gen:  0)
525121384 108919144 654134208  1.127  1.286   12.370   14.731    0    0  (Gen:  1)
517366632 108903512 713830296  0.187  0.188   12.834   15.197    0    0  (Gen:  0)
527932864  98708768 753537464  0.167  0.168   13.482   15.646    0    0  (Gen:  0)
526925832  98713232 789673648  0.149  0.150   14.247   15.973    0    0  (Gen:  0)
523479000  98708840 824652744  0.160  0.160   14.896   16.529    0    0  (Gen:  0)
528385056  98738768 865265968  0.168  0.168   15.614   16.951    0    0  (Gen:  0)
524052520  98710368 901187096  0.172  0.172   16.415   17.314    0    0  (Gen:  0)
567148192  98708536 928333456  0.140  0.141   17.084   17.914    0    0  (Gen:  0)
546896472  98707280 940978632  0.081  0.081   17.751   18.566    0    0  (Gen:  0)
534781720  98706584 941660976  0.019  0.019   18.393   19.174    0    0  (Gen:  0)
533792152  98706592 942003544  0.009  0.009   19.024   19.778    0    0  (Gen:  0)
534931256   2911632 942145424  0.008  0.008   19.676   20.420    0    0  (Gen:  0)
536526544   2911664 943349416  0.009  0.009   20.321   21.055    0    0  (Gen:  0)
534951456   2911720 944306416  0.009  0.009   20.942   21.656    0    0  (Gen:  0)
534309768   2911760 944955960  0.009  0.009   21.570   22.261    0    0  (Gen:  0)
533432864   4095440 946423616  0.011  0.011   22.200   22.868    0    0  (Gen:  0)
530816800   4095448 945525344  0.008  0.008   22.867   23.521    0    0  (Gen:  0)
531227584   4095448 946634776  0.008  0.009   23.523   24.171    0    0  (Gen:  0)
536016216   4095456 947712888  0.009  0.009   24.151   24.784    0    0  (Gen:  0)
532614224   4095480 948423408  0.009  0.010   24.786   25.392    0    0  (Gen:  0)
534385568   4095488 949943672  0.011  0.011   25.413   26.000    0    0  (Gen:  0)
532546840   2854392 949023008  0.008  0.008   26.052   26.617    0    0  (Gen:  0)
531939824   2959288 949914696  0.008  0.008   26.699   27.253    0    0  (Gen:  0)
533860136   2959336 951065080  0.009  0.009   27.341   27.884    0    0  (Gen:  0)
533953328   2959400 952010536  0.009  0.009   27.967   28.491    0    0  (Gen:  0)
534567736   2959432 952634520  0.009  0.009   28.598   29.098    0    0  (Gen:  0)
532189568   2959504 953953896  0.010  0.010   29.225   29.703    0    0  (Gen:  0)
538212400   2959528 953305488  0.008  0.008   29.879   30.341    0    0  (Gen:  0)
533487408   2959544 954395744  0.008  0.008   30.527   30.980    0    0  (Gen:  0)
535509656   3484224 955471112  0.010  0.010   31.156   31.592    0    0  (Gen:  0)
533932184   3484232 956113328  0.009  0.009   31.792   32.202    0    0  (Gen:  0)
533182408   3484296 957500528  0.011  0.011   32.422   32.810    0    0  (Gen:  0)
535380272   2844696 956751736  0.008  0.008   33.072   33.441    0    0  (Gen:  0)
533998288   2844712 957824056  0.009  0.009   33.722   34.083    0    0  (Gen:  0)
530005920   2844744 958840608  0.009  0.009   34.356   34.702    0    0  (Gen:  0)
539015304   3375384 959636424  0.009  0.009   34.992   35.313    0    0  (Gen:  0)
533259680   3375392 960821192  0.010  0.010   35.619   35.922    0    0  (Gen:  0)
532566112   3375400 960250104  0.008  0.008   36.260   36.538    0    0  (Gen:  0)
534832360   3375440 961100200  0.009  0.009   36.912   37.181    0    0  (Gen:  0)
536451768   3375504 962271584  0.009  0.009   37.559   37.819    0    0  (Gen:  0)
537362488   3375512 963171232  0.009  0.009   38.197   38.432    0    0  (Gen:  0)
534790544   3375568 964291264  0.011  0.011   38.826   39.041    0    0  (Gen:  0)
533807664   3274008 964456648  0.009  0.009   39.465   39.653    0    0  (Gen:  0)
535078920   3274024 964592368  0.008  0.008   40.119   40.297    0    0  (Gen:  0)
533357216   3274056 965752232  0.009  0.009   40.768   40.934    0    0  (Gen:  0)
534036336   3274120 966721448  0.010  0.010   41.394   41.544    0    0  (Gen:  0)
531213600   3274192 967365064  0.010  0.010   42.035   42.158    0    0  (Gen:  0)
535638888   3274224 968762944  0.011  0.011   42.667   42.767    0    0  (Gen:  0)
532881024   3274224 968002680  0.008  0.008   43.315   43.395    0    0  (Gen:  0)
538485720   3137008 969120112  0.009  0.009   43.973   44.044    0    0  (Gen:  0)
534605056   3427376 970155344  0.009  0.010   44.606   44.663    0    0  (Gen:  0)
533527136   3427432 970850392  0.009  0.009   45.244   45.275    0    0  (Gen:  0)
533326592   3427472 972652432  0.013  0.013   45.875   45.888    0    0  (Gen:  0)
532434256   3427504 971506680  0.008  0.008   46.520   46.508    0    0  (Gen:  0)
537107968   3427528 972495784  0.009  0.009   47.178   47.166    0    0  (Gen:  0)
535910584   3427568 973600936  0.010  0.010   47.819   47.795    0    0  (Gen:  0)
 72318624 894128944 924633096  1.466  1.650   49.358   50.166    0    0  (Gen:  1)
   100256  11585400  17690584  0.023  0.100   49.382   50.267    0    0  (Gen:  1)
     1368                      0.000  0.000

  38,457,656,696 bytes allocated in the heap
   3,420,423,016 bytes copied during GC
     924,633,096 bytes maximum residency (6 sample(s))
       5,425,144 bytes maximum slop
             881 MB total memory in use (0 MB lost due to fragmentation)

                                     Tot time (elapsed)  Avg pause  Max pause
  Gen  0        68 colls,     0 par    3.691s   3.798s     0.0559s    0.2629s
  Gen  1         6 colls,     0 par    3.383s   3.895s     0.6491s    1.6499s

  TASKS: 20 (1 bound, 19 peak workers (19 total), using -N4)

  SPARKS: 0 (0 converted, 0 overflowed, 0 dud, 0 GC'd, 0 fizzled)

  INIT    time    0.001s  (  0.006s elapsed)
  MUT     time   42.306s  ( 42.568s elapsed)
  GC      time    7.074s  (  7.693s elapsed)
  EXIT    time    0.000s  (  0.011s elapsed)
  Total   time   49.382s  ( 50.278s elapsed)

  Alloc rate    909,035,304 bytes per MUT second

  Productivity  85.7% of total user, 84.7% of total elapsed

