bench-hist/hashmap/ghcide --lsp --cwd bench/example/Cabal-3.0.0.0 +RTS -I0 -qg -A128M -Shover_after_edit.benchmark-gcStats -I0.5 
    Alloc    Copied     Live     GC     GC      TOT      TOT  Page Flts
    bytes     bytes     bytes   user   elap     user     elap
544848464  24464328  27051768  0.067  0.075    0.661    5.910    0    0  (Gen:  0)
541419480  38467424  42695864  0.095  0.109    1.033    6.531    0    0  (Gen:  1)
531652000  30098072  59844712  0.059  0.061    1.361    6.951    0    0  (Gen:  0)
527919160  30097944  81024312  0.078  0.084    1.663    7.371    0    0  (Gen:  0)
538037104  88117656  94477064  0.170  0.193    2.098    8.063    0    0  (Gen:  1)
531826528  88116416 111530848  0.061  0.061    2.415    8.519    0    0  (Gen:  0)
526568072  88115472 125461440  0.056  0.056    3.379    9.042    0    0  (Gen:  0)
543879312  88119416 216614488  0.194  0.212    4.450    9.628    0    0  (Gen:  0)
526185856  88126440 258870056  0.240  0.269    5.325   10.068    0    0  (Gen:  0)
521329288  88124088 289797464  0.502  0.559    6.448   10.787    0    0  (Gen:  1)
525845416  88122520 339572448  0.192  0.192    7.206   11.125    0    0  (Gen:  0)
522421792  88120152 398841056  0.228  0.228    7.974   11.491    0    0  (Gen:  0)
527339312  88120352 447987568  0.209  0.209    8.717   11.838    0    0  (Gen:  0)
527941248  88117712 512993128  0.232  0.244    9.404   12.216    0    0  (Gen:  0)
524817616  88125376 563492728  0.241  0.261   10.182   12.625    0    0  (Gen:  0)
525053976  88117072 606855432  1.060  1.211   11.804   13.982    0    0  (Gen:  1)
527208728  88129784 663539736  0.206  0.207   12.391   14.427    0    0  (Gen:  0)
517369952  88114208 723407232  0.179  0.179   12.854   14.891    0    0  (Gen:  0)
526241800  98363888 762722712  0.165  0.166   13.509   15.341    0    0  (Gen:  0)
525580456  98368352 799076152  0.150  0.150   14.274   15.667    0    0  (Gen:  0)
527072680  70678024 833446864  0.154  0.155   14.931   16.219    0    0  (Gen:  0)
521255168  70681256 875576640  0.164  0.165   15.629   16.627    0    0  (Gen:  0)
526043920  70682072 909069424  0.163  0.163   16.427   16.984    0    0  (Gen:  0)
567372288  70677488 937422416  0.136  0.136   17.089   17.579    0    0  (Gen:  0)
545313992  70676528 956803344  0.097  0.098   17.731   18.216    0    0  (Gen:  0)
533452096  28089464 969861584  0.064  0.065   18.300   18.748    0    0  (Gen:  0)
537171808  28089488 980837848  0.057  0.057   18.865   19.309    0    0  (Gen:  0)
535048672  28089528 994334704  0.063  0.063   19.417   19.838    0    0  (Gen:  0)
535678552  28089576 1007095008  0.065  0.065   20.035   20.438    0    0  (Gen:  0)
537412408  28097872 1018346408  0.061  0.061   20.600   21.013    0    0  (Gen:  0)
533454168  28089672 1031172672  0.063  0.063   21.169   21.548    0    0  (Gen:  0)
537721440  28089704 1042429680  0.057  0.057   21.735   22.112    0    0  (Gen:  0)
534313768  28089744 1055868672  0.063  0.063   22.288   22.640    0    0  (Gen:  0)
537123704  28092432 1068383024  0.063  0.063   22.910   23.242    0    0  (Gen:  0)
536021904  28090328 1079961720  0.061  0.061   23.477   23.819    0    0  (Gen:  0)
532584936  28089896 1092467056  0.063  0.064   24.049   24.354    0    0  (Gen:  0)
536282936  28089960 1103734760  0.058  0.058   24.614   24.919    0    0  (Gen:  0)
532516752  28090056 1116691904  0.061  0.062   25.172   25.448    0    0  (Gen:  0)
534838136  28091744 1128930784  0.066  0.071   25.783   26.049    0    0  (Gen:  0)
533529312  28089880 1088876120  1.931  2.228   28.207   28.772    0    0  (Gen:  1)
536364512  28089408 1100872496  0.062  0.062   28.788   29.327    0    0  (Gen:  0)
534810360  28089416 1112601608  0.059  0.059   29.351   29.897    0    0  (Gen:  0)
528388880  26391168 1125971384  0.064  0.064   29.898   30.421    0    0  (Gen:  0)
535995392  26391208 1137426816  0.058  0.059   30.472   30.989    0    0  (Gen:  0)
535404528  26391328 1150349968  0.063  0.063   31.014   31.525    0    0  (Gen:  0)
536524216  26391304 1162000016  0.061  0.062   31.618   32.111    0    0  (Gen:  0)
535940304  25445152 1174429920  0.060  0.060   32.170   32.679    0    0  (Gen:  0)
531467816  25445176 1187515400  0.066  0.066   32.738   33.219    0    0  (Gen:  0)
537991528  25445176 1197594128  0.056  0.056   33.309   33.786    0    0  (Gen:  0)
532888072  26026664 1211928304  0.064  0.064   33.842   34.309    0    0  (Gen:  0)
528207416  26026680 1223930488  0.062  0.062   34.450   34.902    0    0  (Gen:  0)
538098680  25288936 1235979400  0.060  0.060   35.010   35.476    0    0  (Gen:  0)
535294480  25288968 1248911808  0.063  0.063   35.577   36.012    0    0  (Gen:  0)
535385464  25289000 1259827120  0.058  0.058   36.139   36.575    0    0  (Gen:  0)
531176064  25998456 1273463408  0.063  0.063   36.683   37.102    0    0  (Gen:  0)
536211056  26001080 1285997088  0.064  0.065   37.294   37.699    0    0  (Gen:  0)
537155496  25458000 1297651064  0.063  0.063   37.857   38.276    0    0  (Gen:  0)
533645488  25457760 1310170392  0.065  0.065   38.424   38.813    0    0  (Gen:  0)
533149720  25366816 1321178520  0.057  0.057   38.980   39.372    0    0  (Gen:  0)
532937816  25366888 1334356680  0.062  0.062   39.533   39.903    0    0  (Gen:  0)
539976984  25366984 1346996368  0.063  0.063   40.137   40.498    0    0  (Gen:  0)
539079768  25367144 1359155216  0.064  0.064   40.701   41.073    0    0  (Gen:  0)
534208744  25367080 1371459904  0.065  0.065   41.278   41.620    0    0  (Gen:  0)
535351472  25367184 1382817264  0.059  0.060   41.838   42.184    0    0  (Gen:  0)
534397312  25367200 1395653672  0.063  0.063   42.394   42.720    0    0  (Gen:  0)
533891200  25368560 1407859944  0.061  0.061   42.983   43.307    0    0  (Gen:  0)
537954912  25942440 1420480840  0.064  0.064   43.542   43.865    0    0  (Gen:  0)
536339064  26861848 1432344936  0.062  0.062   44.139   44.436    0    0  (Gen:  0)
531526368  26861848 1444156880  0.058  0.059   44.702   45.003    0    0  (Gen:  0)
529246352  26861912 1457803408  0.064  0.065   45.258   45.536    0    0  (Gen:  0)
537076304  26861936 1468838472  0.060  0.061   45.838   46.110    0    0  (Gen:  0)
539206784  25907800 1482042032  0.065  0.065   46.393   46.659    0    0  (Gen:  0)
530328352  25907832 1493584600  0.061  0.061   46.995   47.240    0    0  (Gen:  0)
539854640  25907888 1506177696  0.061  0.061   47.557   47.816    0    0  (Gen:  0)
532280704  25907936 1519185088  0.066  0.066   48.129   48.359    0    0  (Gen:  0)
538275656  25907976 1529182544  0.056  0.056   48.703   48.928    0    0  (Gen:  0)
536064920  25908008 1543569272  0.065  0.065   49.245   49.459    0    0  (Gen:  0)
528971600  25908032 1555655480  0.063  0.063   49.862   50.063    0    0  (Gen:  0)
537972184  25908168 1567651272  0.062  0.062   50.429   50.644    0    0  (Gen:  0)
535473184  25908112 1580583664  0.065  0.065   50.999   51.187    0    0  (Gen:  0)
537128032  25868064 1591717792  0.059  0.059   51.566   51.755    0    0  (Gen:  0)
530504784  25868128 1605124256  0.065  0.065   52.115   52.286    0    0  (Gen:  0)
531569384  25868216 1617416728  0.064  0.064   52.727   52.885    0    0  (Gen:  0)
534816240  25868808 1629170992  0.062  0.062   53.286   53.455    0    0  (Gen:  0)
536949984  25868376 1641655472  0.065  0.065   53.868   54.009    0    0  (Gen:  0)
538672872  25480056 1653024800  0.059  0.059   54.437   54.584    0    0  (Gen:  0)
529686432  25480128 1665949032  0.063  0.063   54.992   55.116    0    0  (Gen:  0)
536838536  25481728 1678103840  0.062  0.063   55.593   55.708    0    0  (Gen:  0)
538005352  25480736 1690742840  0.064  0.064   56.155   56.278    0    0  (Gen:  0)
534081200  27106320 1702670248  0.063  0.063   56.736   56.834    0    0  (Gen:  0)
535350584  27106352 1714484544  0.059  0.059   57.304   57.406    0    0  (Gen:  0)
527386336  26334672 1727689608  0.066  0.066   57.861   57.940    0    0  (Gen:  0)
537864336  26836664 1739302624  0.059  0.060   58.450   58.523    0    0  (Gen:  0)
536713640  26002216 1752294512  0.064  0.064   59.005   59.072    0    0  (Gen:  0)
532942832  26002160 1763852344  0.062  0.062   59.607   59.653    0    0  (Gen:  0)
538700960  25445496 1776435272  0.060  0.060   60.173   60.234    0    0  (Gen:  0)
530045568  27044768 1789512528  0.065  0.066   60.746   60.777    0    0  (Gen:  0)
536775024  27044792 1799586896  0.056  0.056   61.321   61.348    0    0  (Gen:  0)
536116016  27044864 1813821528  0.065  0.065   61.867   61.883    0    0  (Gen:  0)
529126208  27044856 1825900520  0.063  0.064   62.481   62.481    0    0  (Gen:  0)
537949480  25355936 1837936976  0.060  0.060   63.047   63.061    0    0  (Gen:  0)
528699480  25355936 1850673152  0.063  0.064   63.614   63.596    0    0  (Gen:  0)
532819328  25356008 1861692712  0.059  0.059   64.178   64.163    0    0  (Gen:  0)
532621824  25814960 1874992408  0.064  0.064   64.734   64.699    0    0  (Gen:  0)
539195088  25814984 1887727128  0.065  0.065   65.349   65.298    0    0  (Gen:  0)
533210912  25815320 1899350624  0.063  0.063   65.908   65.868    0    0  (Gen:  0)
532676416  27303976 1911540952  0.064  0.064   66.490   66.420    0    0  (Gen:  0)
532686112  27304024 1923002224  0.060  0.060   67.058   66.995    0    0  (Gen:  0)
535348920  27304088 1935705984  0.063  0.064   67.618   67.533    0    0  (Gen:  0)
534737280  26912400 1948134568  0.059  0.060   68.210   68.116    0    0  (Gen:  0)
537022536  26912160 1960779264  0.064  0.065   68.773   68.680    0    0  (Gen:  0)
532085776  26641928 1972380336  0.063  0.063   69.370   69.252    0    0  (Gen:  0)
537293416  26641968 1984570448  0.060  0.060   69.940   69.828    0    0  (Gen:  0)
531009216  26642024 1998165240  0.067  0.067   70.504   70.367    0    0  (Gen:  0)
538529200  26642048 2009180240  0.061  0.061   71.090   70.948    0    0  (Gen:  0)
534134184  25874840 2022351024  0.064  0.064   71.639   71.488    0    0  (Gen:  0)
539978008  25874840 2034025768  0.061  0.061   72.258   72.088    0    0  (Gen:  0)
539117816  25874856 2046559840  0.061  0.062   72.821   72.665    0    0  (Gen:  0)
534966448  25874928 2060027224  0.070  0.070   73.405   73.217    0    0  (Gen:  0)
537365320  25874944 2070461408  0.059  0.059   73.988   73.794    0    0  (Gen:  0)
537297792  25875048 2084084448  0.068  0.068   74.544   74.341    0    0  (Gen:  0)
533056296  27313232 2095717656  0.062  0.062   75.158   74.942    0    0  (Gen:  0)
535650984  27313256 2108220760  0.061  0.061   75.723   75.520    0    0  (Gen:  0)
535140584  27313312 2121295288  0.066  0.066   76.299   76.065    0    0  (Gen:  0)
534968392  27313360 2132009816  0.058  0.058   76.869   76.633    0    0  (Gen:  0)
530408000  26030888 2145763472  0.065  0.066   77.418   77.165    0    0  (Gen:  0)
530774856  26030920 2158077216  0.066  0.066   78.034   77.770    0    0  (Gen:  0)
536576408  26027192 2162782656  3.946  4.590   82.489   82.882    0    0  (Gen:  1)
530588096  26026664 2175194072  0.067  0.067   83.060   83.423    0    0  (Gen:  0)
533299424  25405416 2186390200  0.060  0.061   83.625   83.994    0    0  (Gen:  0)
534028568  25662912 2199360480  0.064  0.064   84.186   84.534    0    0  (Gen:  0)
538738264  25662912 2212019288  0.063  0.063   84.786   85.126    0    0  (Gen:  0)
533195904  25663472 2224163024  0.065  0.065   85.343   85.688    0    0  (Gen:  0)
534661376  25663056 2235916832  0.062  0.063   85.935   86.258    0    0  (Gen:  0)
536326744  25313096 2247902512  0.059  0.059   86.506   86.835    0    0  (Gen:  0)
531379928  25313128 2261296248  0.066  0.066   87.071   87.378    0    0  (Gen:  0)
533630912  25313128 2272619392  0.060  0.060   87.652   87.957    0    0  (Gen:  0)
538905992  25313432 2285752728  0.066  0.067   88.212   88.512    0    0  (Gen:  0)
534101888  25313280 2297397168  0.062  0.062   88.822   89.105    0    0  (Gen:  0)
531311072  25313320 2309889304  0.062  0.062   89.381   89.678    0    0  (Gen:  0)
535451840  25313368 2322979720  0.066  0.066   89.956   90.224    0    0  (Gen:  0)
539990936  25313384 2333071728  0.059  0.059   90.536   90.801    0    0  (Gen:  0)
536565096  26123296 2347494360  0.066  0.066   91.081   91.338    0    0  (Gen:  0)
532016184  26123360 2359778072  0.064  0.064   91.699   91.941    0    0  (Gen:  0)
535132224  25361344 2371615008  0.062  0.062   92.270   92.529    0    0  (Gen:  0)
529760432  25361440 2384375032  0.066  0.066   92.838   93.068    0    0  (Gen:  0)
536444064  25361472 2395502024  0.060  0.060   93.407   93.643    0    0  (Gen:  0)
534289344  25361560 2408901728  0.065  0.065   93.964   94.183    0    0  (Gen:  0)
534626384  28638136 2421420040  0.064  0.064   94.580   94.789    0    0  (Gen:  0)
446856944  28635160 2428534496  4.015  4.174   99.004  100.108    0    0  (Gen:  1)
   103232  11618024  18598776  0.035  0.262   99.040  100.374    0    0  (Gen:  1)
     2016                      0.000  0.000

  80,028,209,248 bytes allocated in the heap
   5,208,576,992 bytes copied during GC
   2,428,534,496 bytes maximum residency (8 sample(s))
       9,679,136 bytes maximum slop
            2316 MB total memory in use (0 MB lost due to fragmentation)

                                     Tot time (elapsed)  Avg pause  Max pause
  Gen  0       143 colls,     0 par   10.883s  11.009s     0.0770s    0.2691s
  Gen  1         8 colls,     0 par   11.755s  13.328s     1.6660s    4.5901s

  TASKS: 21 (1 bound, 20 peak workers (20 total), using -N4)

  SPARKS: 0 (0 converted, 0 overflowed, 0 dud, 0 GC'd, 0 fizzled)

  INIT    time    0.001s  (  0.006s elapsed)
  MUT     time   76.401s  ( 76.032s elapsed)
  GC      time   22.637s  ( 24.336s elapsed)
  EXIT    time    0.000s  (  0.008s elapsed)
  Total   time   99.040s  (100.382s elapsed)

  Alloc rate    1,047,477,036 bytes per MUT second

  Productivity  77.1% of total user, 75.7% of total elapsed

